[2025-12-28T23:02:36.423+0000][0.011s][info][gc] Using G1
[2025-12-28T23:02:36.438+0000][0.026s][info][gc,init] Version: 17.0.14+7 (release)
[2025-12-28T23:02:36.439+0000][0.027s][info][gc,init] CPUs: 8 total, 8 available
[2025-12-28T23:02:36.439+0000][0.027s][info][gc,init] Memory: 4608M
[2025-12-28T23:02:36.439+0000][0.027s][info][gc,init] Large Page Support: Disabled
[2025-12-28T23:02:36.439+0000][0.027s][info][gc,init] NUMA Support: Disabled
[2025-12-28T23:02:36.439+0000][0.027s][info][gc,init] Compressed Oops: Enabled (32-bit)
[2025-12-28T23:02:36.439+0000][0.028s][info][gc,init] Heap Region Size: 1M
[2025-12-28T23:02:36.440+0000][0.028s][info][gc,init] Heap Min Capacity: 1588M
[2025-12-28T23:02:36.440+0000][0.028s][info][gc,init] Heap Initial Capacity: 1588M
[2025-12-28T23:02:36.440+0000][0.028s][info][gc,init] Heap Max Capacity: 1588M
[2025-12-28T23:02:36.440+0000][0.028s][info][gc,init] Pre-touch: Disabled
[2025-12-28T23:02:36.440+0000][0.029s][info][gc,init] Parallel Workers: 8
[2025-12-28T23:02:36.440+0000][0.029s][info][gc,init] Concurrent Workers: 2
[2025-12-28T23:02:36.441+0000][0.029s][info][gc,init] Concurrent Refinement Workers: 8
[2025-12-28T23:02:36.441+0000][0.029s][info][gc,init] Periodic GC: Disabled
[2025-12-28T23:02:36.451+0000][0.039s][info][gc,metaspace] CDS archive(s) mapped at: [0x0000005000000000-0x0000005000a70000-0x0000005000a70000), size 10944512, SharedBaseAddress: 0x0000005000000000, ArchiveRelocationMode: 1.
[2025-12-28T23:02:36.453+0000][0.041s][info][gc,metaspace] Compressed class space mapped at: 0x0000005001000000-0x000000500e000000, reserved size: 218103808
[2025-12-28T23:02:36.453+0000][0.042s][info][gc,metaspace] Narrow klass base: 0x0000005000000000, Narrow klass shift: 0, Narrow klass range: 0x100000000
[2025-12-28T23:02:39.027+0000][2.615s][info][gc,start    ] GC(0) Pause Young (Concurrent Start) (Metadata GC Threshold)
[2025-12-28T23:02:39.028+0000][2.616s][info][gc,task     ] GC(0) Using 8 workers of 8 for evacuation
[2025-12-28T23:02:39.031+0000][2.619s][info][gc,phases   ] GC(0)   Pre Evacuate Collection Set: 0.2ms
[2025-12-28T23:02:39.031+0000][2.620s][info][gc,phases   ] GC(0)   Merge Heap Roots: 0.1ms
[2025-12-28T23:02:39.031+0000][2.620s][info][gc,phases   ] GC(0)   Evacuate Collection Set: 2.1ms
[2025-12-28T23:02:39.032+0000][2.620s][info][gc,phases   ] GC(0)   Post Evacuate Collection Set: 0.4ms
[2025-12-28T23:02:39.032+0000][2.620s][info][gc,phases   ] GC(0)   Other: 1.2ms
[2025-12-28T23:02:39.032+0000][2.620s][info][gc,heap     ] GC(0) Eden regions: 63->0(71)
[2025-12-28T23:02:39.032+0000][2.620s][info][gc,heap     ] GC(0) Survivor regions: 0->8(10)
[2025-12-28T23:02:39.032+0000][2.620s][info][gc,heap     ] GC(0) Old regions: 0->0
[2025-12-28T23:02:39.032+0000][2.620s][info][gc,heap     ] GC(0) Archive regions: 2->2
[2025-12-28T23:02:39.032+0000][2.620s][info][gc,heap     ] GC(0) Humongous regions: 11->11
[2025-12-28T23:02:39.032+0000][2.620s][info][gc,metaspace] GC(0) Metaspace: 21307K(21504K)->21307K(21504K) NonClass: 18393K(18496K)->18393K(18496K) Class: 2913K(3008K)->2913K(3008K)
[2025-12-28T23:02:39.032+0000][2.620s][info][gc          ] GC(0) Pause Young (Concurrent Start) (Metadata GC Threshold) 74M->19M(1588M) 4.893ms
[2025-12-28T23:02:39.032+0000][2.620s][info][gc,cpu      ] GC(0) User=0.01s Sys=0.01s Real=0.01s
[2025-12-28T23:02:39.032+0000][2.621s][info][gc          ] GC(1) Concurrent Mark Cycle
[2025-12-28T23:02:39.032+0000][2.621s][info][gc,marking  ] GC(1) Concurrent Clear Claimed Marks
[2025-12-28T23:02:39.033+0000][2.621s][info][gc,marking  ] GC(1) Concurrent Clear Claimed Marks 0.102ms
[2025-12-28T23:02:39.033+0000][2.621s][info][gc,marking  ] GC(1) Concurrent Scan Root Regions
[2025-12-28T23:02:39.034+0000][2.622s][info][gc,marking  ] GC(1) Concurrent Scan Root Regions 1.180ms
[2025-12-28T23:02:39.034+0000][2.622s][info][gc,marking  ] GC(1) Concurrent Mark
[2025-12-28T23:02:39.034+0000][2.622s][info][gc,marking  ] GC(1) Concurrent Mark From Roots
[2025-12-28T23:02:39.034+0000][2.622s][info][gc,task     ] GC(1) Using 2 workers of 2 for marking
[2025-12-28T23:02:39.035+0000][2.623s][info][gc,marking  ] GC(1) Concurrent Mark From Roots 0.725ms
[2025-12-28T23:02:39.035+0000][2.623s][info][gc,marking  ] GC(1) Concurrent Preclean
[2025-12-28T23:02:39.035+0000][2.623s][info][gc,marking  ] GC(1) Concurrent Preclean 0.089ms
[2025-12-28T23:02:39.035+0000][2.623s][info][gc,start    ] GC(1) Pause Remark
[2025-12-28T23:02:39.036+0000][2.624s][info][gc          ] GC(1) Pause Remark 19M->19M(1588M) 1.060ms
[2025-12-28T23:02:39.036+0000][2.624s][info][gc,cpu      ] GC(1) User=0.00s Sys=0.00s Real=0.00s
[2025-12-28T23:02:39.036+0000][2.625s][info][gc,marking  ] GC(1) Concurrent Mark 2.417ms
[2025-12-28T23:02:39.036+0000][2.625s][info][gc,marking  ] GC(1) Concurrent Rebuild Remembered Sets
[2025-12-28T23:02:39.037+0000][2.625s][info][gc,marking  ] GC(1) Concurrent Rebuild Remembered Sets 0.077ms
[2025-12-28T23:02:39.037+0000][2.625s][info][gc,start    ] GC(1) Pause Cleanup
[2025-12-28T23:02:39.037+0000][2.625s][info][gc          ] GC(1) Pause Cleanup 20M->20M(1588M) 0.064ms
[2025-12-28T23:02:39.037+0000][2.625s][info][gc,cpu      ] GC(1) User=0.00s Sys=0.00s Real=0.00s
[2025-12-28T23:02:39.037+0000][2.625s][info][gc,marking  ] GC(1) Concurrent Cleanup for Next Mark
[2025-12-28T23:02:39.042+0000][2.630s][info][gc,marking  ] GC(1) Concurrent Cleanup for Next Mark 5.120ms
[2025-12-28T23:02:39.042+0000][2.630s][info][gc          ] GC(1) Concurrent Mark Cycle 9.915ms
[2025-12-28T23:02:39.481+0000][3.070s][info][gc,start    ] GC(2) Pause Young (Normal) (G1 Evacuation Pause)
[2025-12-28T23:02:39.482+0000][3.070s][info][gc,task     ] GC(2) Using 8 workers of 8 for evacuation
[2025-12-28T23:02:39.486+0000][3.074s][info][gc,phases   ] GC(2)   Pre Evacuate Collection Set: 0.2ms
[2025-12-28T23:02:39.486+0000][3.075s][info][gc,phases   ] GC(2)   Merge Heap Roots: 0.1ms
[2025-12-28T23:02:39.487+0000][3.075s][info][gc,phases   ] GC(2)   Evacuate Collection Set: 3.6ms
[2025-12-28T23:02:39.487+0000][3.075s][info][gc,phases   ] GC(2)   Post Evacuate Collection Set: 0.6ms
[2025-12-28T23:02:39.487+0000][3.075s][info][gc,phases   ] GC(2)   Other: 0.4ms
[2025-12-28T23:02:39.487+0000][3.075s][info][gc,heap     ] GC(2) Eden regions: 71->0(71)
[2025-12-28T23:02:39.487+0000][3.075s][info][gc,heap     ] GC(2) Survivor regions: 8->8(10)
[2025-12-28T23:02:39.487+0000][3.075s][info][gc,heap     ] GC(2) Old regions: 0->7
[2025-12-28T23:02:39.487+0000][3.075s][info][gc,heap     ] GC(2) Archive regions: 2->2
[2025-12-28T23:02:39.487+0000][3.075s][info][gc,heap     ] GC(2) Humongous regions: 11->11
[2025-12-28T23:02:39.487+0000][3.076s][info][gc,metaspace] GC(2) Metaspace: 34727K(35072K)->34727K(35072K) NonClass: 29863K(30080K)->29863K(30080K) Class: 4864K(4992K)->4864K(4992K)
[2025-12-28T23:02:39.487+0000][3.076s][info][gc          ] GC(2) Pause Young (Normal) (G1 Evacuation Pause) 90M->25M(1588M) 6.033ms
[2025-12-28T23:02:39.487+0000][3.076s][info][gc,cpu      ] GC(2) User=0.02s Sys=0.01s Real=0.00s
[2025-12-28T23:02:39.547+0000][3.135s][info][gc,start    ] GC(3) Pause Young (Concurrent Start) (Metadata GC Threshold)
[2025-12-28T23:02:39.547+0000][3.135s][info][gc,task     ] GC(3) Using 8 workers of 8 for evacuation
[2025-12-28T23:02:39.549+0000][3.137s][info][gc,phases   ] GC(3)   Pre Evacuate Collection Set: 0.1ms
[2025-12-28T23:02:39.549+0000][3.138s][info][gc,phases   ] GC(3)   Merge Heap Roots: 0.1ms
[2025-12-28T23:02:39.549+0000][3.138s][info][gc,phases   ] GC(3)   Evacuate Collection Set: 1.7ms
[2025-12-28T23:02:39.549+0000][3.138s][info][gc,phases   ] GC(3)   Post Evacuate Collection Set: 0.3ms
[2025-12-28T23:02:39.550+0000][3.138s][info][gc,phases   ] GC(3)   Other: 0.3ms
[2025-12-28T23:02:39.550+0000][3.138s][info][gc,heap     ] GC(3) Eden regions: 5->0(77)
[2025-12-28T23:02:39.550+0000][3.138s][info][gc,heap     ] GC(3) Survivor regions: 8->2(10)
[2025-12-28T23:02:39.550+0000][3.138s][info][gc,heap     ] GC(3) Old regions: 7->14
[2025-12-28T23:02:39.550+0000][3.138s][info][gc,heap     ] GC(3) Archive regions: 2->2
[2025-12-28T23:02:39.550+0000][3.138s][info][gc,heap     ] GC(3) Humongous regions: 11->11
[2025-12-28T23:02:39.550+0000][3.138s][info][gc,metaspace] GC(3) Metaspace: 35966K(36288K)->35966K(36288K) NonClass: 30947K(31168K)->30947K(31168K) Class: 5019K(5120K)->5019K(5120K)
[2025-12-28T23:02:39.550+0000][3.138s][info][gc          ] GC(3) Pause Young (Concurrent Start) (Metadata GC Threshold) 30M->26M(1588M) 3.098ms
[2025-12-28T23:02:39.550+0000][3.138s][info][gc,cpu      ] GC(3) User=0.01s Sys=0.01s Real=0.00s
[2025-12-28T23:02:39.550+0000][3.138s][info][gc          ] GC(4) Concurrent Mark Cycle
[2025-12-28T23:02:39.550+0000][3.138s][info][gc,marking  ] GC(4) Concurrent Clear Claimed Marks
[2025-12-28T23:02:39.550+0000][3.138s][info][gc,marking  ] GC(4) Concurrent Clear Claimed Marks 0.116ms
[2025-12-28T23:02:39.550+0000][3.139s][info][gc,marking  ] GC(4) Concurrent Scan Root Regions
[2025-12-28T23:02:39.551+0000][3.140s][info][gc,marking  ] GC(4) Concurrent Scan Root Regions 1.001ms
[2025-12-28T23:02:39.551+0000][3.140s][info][gc,marking  ] GC(4) Concurrent Mark
[2025-12-28T23:02:39.552+0000][3.140s][info][gc,marking  ] GC(4) Concurrent Mark From Roots
[2025-12-28T23:02:39.552+0000][3.140s][info][gc,task     ] GC(4) Using 2 workers of 2 for marking
[2025-12-28T23:02:39.554+0000][3.142s][info][gc,marking  ] GC(4) Concurrent Mark From Roots 2.592ms
[2025-12-28T23:02:39.554+0000][3.142s][info][gc,marking  ] GC(4) Concurrent Preclean
[2025-12-28T23:02:39.554+0000][3.143s][info][gc,marking  ] GC(4) Concurrent Preclean 0.114ms
[2025-12-28T23:02:39.554+0000][3.143s][info][gc,start    ] GC(4) Pause Remark
[2025-12-28T23:02:39.556+0000][3.144s][info][gc          ] GC(4) Pause Remark 27M->27M(1588M) 1.441ms
[2025-12-28T23:02:39.556+0000][3.144s][info][gc,cpu      ] GC(4) User=0.00s Sys=0.00s Real=0.00s
[2025-12-28T23:02:39.556+0000][3.145s][info][gc,marking  ] GC(4) Concurrent Mark 4.896ms
[2025-12-28T23:02:39.556+0000][3.145s][info][gc,marking  ] GC(4) Concurrent Rebuild Remembered Sets
[2025-12-28T23:02:39.559+0000][3.147s][info][gc,marking  ] GC(4) Concurrent Rebuild Remembered Sets 2.335ms
[2025-12-28T23:02:39.559+0000][3.147s][info][gc,start    ] GC(4) Pause Cleanup
[2025-12-28T23:02:39.559+0000][3.147s][info][gc          ] GC(4) Pause Cleanup 27M->27M(1588M) 0.244ms
[2025-12-28T23:02:39.559+0000][3.148s][info][gc,cpu      ] GC(4) User=0.00s Sys=0.00s Real=0.00s
[2025-12-28T23:02:39.559+0000][3.148s][info][gc,marking  ] GC(4) Concurrent Cleanup for Next Mark
[2025-12-28T23:02:39.562+0000][3.150s][info][gc,marking  ] GC(4) Concurrent Cleanup for Next Mark 2.642ms
[2025-12-28T23:02:39.562+0000][3.150s][info][gc          ] GC(4) Concurrent Mark Cycle 12.251ms
[2025-12-28T23:02:44.791+0000][8.379s][info][gc,start    ] GC(5) Pause Young (Prepare Mixed) (G1 Evacuation Pause)
[2025-12-28T23:02:44.792+0000][8.380s][info][gc,task     ] GC(5) Using 8 workers of 8 for evacuation
[2025-12-28T23:02:44.795+0000][8.383s][info][gc,phases   ] GC(5)   Pre Evacuate Collection Set: 0.4ms
[2025-12-28T23:02:44.795+0000][8.383s][info][gc,phases   ] GC(5)   Merge Heap Roots: 0.1ms
[2025-12-28T23:02:44.795+0000][8.383s][info][gc,phases   ] GC(5)   Evacuate Collection Set: 2.4ms
[2025-12-28T23:02:44.795+0000][8.383s][info][gc,phases   ] GC(5)   Post Evacuate Collection Set: 0.3ms
[2025-12-28T23:02:44.795+0000][8.383s][info][gc,phases   ] GC(5)   Other: 0.6ms
[2025-12-28T23:02:44.795+0000][8.383s][info][gc,heap     ] GC(5) Eden regions: 77->0(72)
[2025-12-28T23:02:44.795+0000][8.383s][info][gc,heap     ] GC(5) Survivor regions: 2->7(10)
[2025-12-28T23:02:44.795+0000][8.384s][info][gc,heap     ] GC(5) Old regions: 14->14
[2025-12-28T23:02:44.795+0000][8.384s][info][gc,heap     ] GC(5) Archive regions: 2->2
[2025-12-28T23:02:44.795+0000][8.384s][info][gc,heap     ] GC(5) Humongous regions: 15->15
[2025-12-28T23:02:44.795+0000][8.384s][info][gc,metaspace] GC(5) Metaspace: 44802K(45568K)->44802K(45568K) NonClass: 38550K(38912K)->38550K(38912K) Class: 6252K(6656K)->6252K(6656K)
[2025-12-28T23:02:44.795+0000][8.384s][info][gc          ] GC(5) Pause Young (Prepare Mixed) (G1 Evacuation Pause) 107M->36M(1588M) 4.328ms
[2025-12-28T23:02:44.796+0000][8.384s][info][gc,cpu      ] GC(5) User=0.02s Sys=0.00s Real=0.00s
[2025-12-28T23:02:44.988+0000][8.576s][info][gc,start    ] GC(6) Pause Young (Mixed) (G1 Evacuation Pause)
[2025-12-28T23:02:44.988+0000][8.577s][info][gc,task     ] GC(6) Using 8 workers of 8 for evacuation
[2025-12-28T23:02:44.994+0000][8.582s][info][gc,phases   ] GC(6)   Pre Evacuate Collection Set: 0.1ms
[2025-12-28T23:02:44.994+0000][8.582s][info][gc,phases   ] GC(6)   Merge Heap Roots: 0.0ms
[2025-12-28T23:02:44.994+0000][8.582s][info][gc,phases   ] GC(6)   Evacuate Collection Set: 4.5ms
[2025-12-28T23:02:44.994+0000][8.582s][info][gc,phases   ] GC(6)   Post Evacuate Collection Set: 0.5ms
[2025-12-28T23:02:44.994+0000][8.582s][info][gc,phases   ] GC(6)   Other: 0.3ms
[2025-12-28T23:02:44.994+0000][8.582s][info][gc,heap     ] GC(6) Eden regions: 72->0(73)
[2025-12-28T23:02:44.994+0000][8.582s][info][gc,heap     ] GC(6) Survivor regions: 7->6(10)
[2025-12-28T23:02:44.994+0000][8.582s][info][gc,heap     ] GC(6) Old regions: 14->21
[2025-12-28T23:02:44.994+0000][8.582s][info][gc,heap     ] GC(6) Archive regions: 2->2
[2025-12-28T23:02:44.994+0000][8.582s][info][gc,heap     ] GC(6) Humongous regions: 15->15
[2025-12-28T23:02:44.994+0000][8.583s][info][gc,metaspace] GC(6) Metaspace: 53515K(54272K)->53515K(54272K) NonClass: 46193K(46592K)->46193K(46592K) Class: 7321K(7680K)->7321K(7680K)
[2025-12-28T23:02:44.994+0000][8.583s][info][gc          ] GC(6) Pause Young (Mixed) (G1 Evacuation Pause) 108M->42M(1588M) 6.175ms
[2025-12-28T23:02:44.994+0000][8.583s][info][gc,cpu      ] GC(6) User=0.02s Sys=0.00s Real=0.01s
[2025-12-28T23:02:45.108+0000][8.696s][info][gc,start    ] GC(7) Pause Young (Concurrent Start) (Metadata GC Threshold)
[2025-12-28T23:02:45.108+0000][8.696s][info][gc,task     ] GC(7) Using 8 workers of 8 for evacuation
[2025-12-28T23:02:45.112+0000][8.701s][info][gc,phases   ] GC(7)   Pre Evacuate Collection Set: 0.2ms
[2025-12-28T23:02:45.112+0000][8.701s][info][gc,phases   ] GC(7)   Merge Heap Roots: 0.1ms
[2025-12-28T23:02:45.113+0000][8.701s][info][gc,phases   ] GC(7)   Evacuate Collection Set: 3.5ms
[2025-12-28T23:02:45.113+0000][8.701s][info][gc,phases   ] GC(7)   Post Evacuate Collection Set: 0.3ms
[2025-12-28T23:02:45.113+0000][8.701s][info][gc,phases   ] GC(7)   Other: 0.3ms
[2025-12-28T23:02:45.113+0000][8.701s][info][gc,heap     ] GC(7) Eden regions: 29->0(75)
[2025-12-28T23:02:45.113+0000][8.701s][info][gc,heap     ] GC(7) Survivor regions: 6->4(10)
[2025-12-28T23:02:45.113+0000][8.701s][info][gc,heap     ] GC(7) Old regions: 21->27
[2025-12-28T23:02:45.113+0000][8.701s][info][gc,heap     ] GC(7) Archive regions: 2->2
[2025-12-28T23:02:45.113+0000][8.701s][info][gc,heap     ] GC(7) Humongous regions: 15->15
[2025-12-28T23:02:45.113+0000][8.701s][info][gc,metaspace] GC(7) Metaspace: 60002K(60736K)->60002K(60736K) NonClass: 51913K(52288K)->51913K(52288K) Class: 8088K(8448K)->8088K(8448K)
[2025-12-28T23:02:45.113+0000][8.702s][info][gc          ] GC(7) Pause Young (Concurrent Start) (Metadata GC Threshold) 71M->45M(1588M) 5.384ms
[2025-12-28T23:02:45.114+0000][8.702s][info][gc,cpu      ] GC(7) User=0.03s Sys=0.01s Real=0.01s
[2025-12-28T23:02:45.114+0000][8.702s][info][gc          ] GC(8) Concurrent Mark Cycle
[2025-12-28T23:02:45.114+0000][8.702s][info][gc,marking  ] GC(8) Concurrent Clear Claimed Marks
[2025-12-28T23:02:45.115+0000][8.703s][info][gc,marking  ] GC(8) Concurrent Clear Claimed Marks 0.858ms
[2025-12-28T23:02:45.115+0000][8.704s][info][gc,marking  ] GC(8) Concurrent Scan Root Regions
[2025-12-28T23:02:45.123+0000][8.711s][info][gc,marking  ] GC(8) Concurrent Scan Root Regions 7.203ms
[2025-12-28T23:02:45.124+0000][8.712s][info][gc,marking  ] GC(8) Concurrent Mark
[2025-12-28T23:02:45.124+0000][8.712s][info][gc,marking  ] GC(8) Concurrent Mark From Roots
[2025-12-28T23:02:45.128+0000][8.716s][info][gc,task     ] GC(8) Using 2 workers of 2 for marking
[2025-12-28T23:02:45.150+0000][8.738s][info][gc,marking  ] GC(8) Concurrent Mark From Roots 26.272ms
[2025-12-28T23:02:45.151+0000][8.739s][info][gc,marking  ] GC(8) Concurrent Preclean
[2025-12-28T23:02:45.154+0000][8.743s][info][gc,marking  ] GC(8) Concurrent Preclean 3.179ms
[2025-12-28T23:02:45.158+0000][8.746s][info][gc,start    ] GC(8) Pause Remark
[2025-12-28T23:02:45.169+0000][8.757s][info][gc          ] GC(8) Pause Remark 50M->50M(1588M) 10.498ms
[2025-12-28T23:02:45.169+0000][8.757s][info][gc,cpu      ] GC(8) User=0.05s Sys=0.00s Real=0.01s
[2025-12-28T23:02:45.169+0000][8.757s][info][gc,marking  ] GC(8) Concurrent Mark 45.431ms
[2025-12-28T23:02:45.172+0000][8.760s][info][gc,marking  ] GC(8) Concurrent Rebuild Remembered Sets
[2025-12-28T23:02:45.177+0000][8.765s][info][gc,marking  ] GC(8) Concurrent Rebuild Remembered Sets 4.846ms
[2025-12-28T23:02:45.177+0000][8.766s][info][gc,start    ] GC(8) Pause Cleanup
[2025-12-28T23:02:45.178+0000][8.766s][info][gc          ] GC(8) Pause Cleanup 50M->50M(1588M) 0.252ms
[2025-12-28T23:02:45.178+0000][8.766s][info][gc,cpu      ] GC(8) User=0.00s Sys=0.00s Real=0.00s
[2025-12-28T23:02:45.179+0000][8.767s][info][gc,marking  ] GC(8) Concurrent Cleanup for Next Mark
[2025-12-28T23:02:45.184+0000][8.772s][info][gc,marking  ] GC(8) Concurrent Cleanup for Next Mark 5.295ms
[2025-12-28T23:02:45.184+0000][8.772s][info][gc          ] GC(8) Concurrent Mark Cycle 70.625ms
[2025-12-28T23:02:45.809+0000][9.397s][info][gc,start    ] GC(9) Pause Young (Concurrent Start) (G1 Evacuation Pause)
[2025-12-28T23:02:45.809+0000][9.398s][info][gc,task     ] GC(9) Using 8 workers of 8 for evacuation
[2025-12-28T23:02:45.813+0000][9.402s][info][gc,phases   ] GC(9)   Pre Evacuate Collection Set: 0.2ms
[2025-12-28T23:02:45.814+0000][9.402s][info][gc,phases   ] GC(9)   Merge Heap Roots: 0.1ms
[2025-12-28T23:02:45.814+0000][9.402s][info][gc,phases   ] GC(9)   Evacuate Collection Set: 2.6ms
[2025-12-28T23:02:45.814+0000][9.402s][info][gc,phases   ] GC(9)   Post Evacuate Collection Set: 0.9ms
[2025-12-28T23:02:45.814+0000][9.402s][info][gc,phases   ] GC(9)   Other: 0.4ms
[2025-12-28T23:02:45.814+0000][9.402s][info][gc,heap     ] GC(9) Eden regions: 75->0(72)
[2025-12-28T23:02:45.814+0000][9.402s][info][gc,heap     ] GC(9) Survivor regions: 4->7(10)
[2025-12-28T23:02:45.814+0000][9.402s][info][gc,heap     ] GC(9) Old regions: 27->27
[2025-12-28T23:02:45.814+0000][9.402s][info][gc,heap     ] GC(9) Archive regions: 2->2
[2025-12-28T23:02:45.814+0000][9.403s][info][gc,heap     ] GC(9) Humongous regions: 15->15
[2025-12-28T23:02:45.814+0000][9.403s][info][gc,metaspace] GC(9) Metaspace: 70475K(71232K)->70475K(71232K) NonClass: 60590K(60992K)->60590K(60992K) Class: 9884K(10240K)->9884K(10240K)
[2025-12-28T23:02:45.815+0000][9.403s][info][gc          ] GC(9) Pause Young (Concurrent Start) (G1 Evacuation Pause) 120M->48M(1588M) 5.236ms
[2025-12-28T23:02:45.815+0000][9.403s][info][gc,cpu      ] GC(9) User=0.02s Sys=0.00s Real=0.01s
[2025-12-28T23:02:45.815+0000][9.403s][info][gc          ] GC(10) Concurrent Mark Cycle
[2025-12-28T23:02:45.815+0000][9.403s][info][gc,marking  ] GC(10) Concurrent Clear Claimed Marks
[2025-12-28T23:02:45.815+0000][9.404s][info][gc,marking  ] GC(10) Concurrent Clear Claimed Marks 0.285ms
[2025-12-28T23:02:45.816+0000][9.404s][info][gc,marking  ] GC(10) Concurrent Scan Root Regions
[2025-12-28T23:02:45.818+0000][9.406s][info][gc,marking  ] GC(10) Concurrent Scan Root Regions 1.987ms
[2025-12-28T23:02:45.819+0000][9.407s][info][gc,marking  ] GC(10) Concurrent Mark
[2025-12-28T23:02:45.819+0000][9.407s][info][gc,marking  ] GC(10) Concurrent Mark From Roots
[2025-12-28T23:02:45.819+0000][9.407s][info][gc,task     ] GC(10) Using 2 workers of 2 for marking
[2025-12-28T23:02:45.827+0000][9.415s][info][gc,marking  ] GC(10) Concurrent Mark From Roots 7.830ms
[2025-12-28T23:02:45.827+0000][9.415s][info][gc,marking  ] GC(10) Concurrent Preclean
[2025-12-28T23:02:45.827+0000][9.415s][info][gc,marking  ] GC(10) Concurrent Preclean 0.248ms
[2025-12-28T23:02:45.827+0000][9.415s][info][gc,start    ] GC(10) Pause Remark
[2025-12-28T23:02:45.832+0000][9.420s][info][gc          ] GC(10) Pause Remark 49M->49M(1588M) 4.665ms
[2025-12-28T23:02:45.832+0000][9.420s][info][gc,cpu      ] GC(10) User=0.02s Sys=0.00s Real=0.01s
[2025-12-28T23:02:45.834+0000][9.422s][info][gc,marking  ] GC(10) Concurrent Mark 15.149ms
[2025-12-28T23:02:45.834+0000][9.422s][info][gc,marking  ] GC(10) Concurrent Rebuild Remembered Sets
[2025-12-28T23:02:45.838+0000][9.426s][info][gc,marking  ] GC(10) Concurrent Rebuild Remembered Sets 4.301ms
[2025-12-28T23:02:45.839+0000][9.427s][info][gc,start    ] GC(10) Pause Cleanup
[2025-12-28T23:02:45.839+0000][9.427s][info][gc          ] GC(10) Pause Cleanup 50M->50M(1588M) 0.236ms
[2025-12-28T23:02:45.839+0000][9.427s][info][gc,cpu      ] GC(10) User=0.00s Sys=0.00s Real=0.00s
[2025-12-28T23:02:45.839+0000][9.428s][info][gc,marking  ] GC(10) Concurrent Cleanup for Next Mark
[2025-12-28T23:02:45.840+0000][9.428s][info][gc,marking  ] GC(10) Concurrent Cleanup for Next Mark 0.955ms
[2025-12-28T23:02:45.840+0000][9.429s][info][gc          ] GC(10) Concurrent Mark Cycle 25.636ms
[2025-12-28T23:02:46.756+0000][10.344s][info][gc,start    ] GC(11) Pause Young (Normal) (G1 Evacuation Pause)
[2025-12-28T23:02:46.756+0000][10.344s][info][gc,task     ] GC(11) Using 8 workers of 8 for evacuation
[2025-12-28T23:02:46.759+0000][10.348s][info][gc,phases   ] GC(11)   Pre Evacuate Collection Set: 0.2ms
[2025-12-28T23:02:46.759+0000][10.348s][info][gc,phases   ] GC(11)   Merge Heap Roots: 0.1ms
[2025-12-28T23:02:46.760+0000][10.348s][info][gc,phases   ] GC(11)   Evacuate Collection Set: 2.3ms
[2025-12-28T23:02:46.760+0000][10.348s][info][gc,phases   ] GC(11)   Post Evacuate Collection Set: 0.4ms
[2025-12-28T23:02:46.760+0000][10.348s][info][gc,phases   ] GC(11)   Other: 0.4ms
[2025-12-28T23:02:46.760+0000][10.348s][info][gc,heap     ] GC(11) Eden regions: 72->0(75)
[2025-12-28T23:02:46.760+0000][10.348s][info][gc,heap     ] GC(11) Survivor regions: 7->4(10)
[2025-12-28T23:02:46.760+0000][10.348s][info][gc,heap     ] GC(11) Old regions: 27->30
[2025-12-28T23:02:46.760+0000][10.348s][info][gc,heap     ] GC(11) Archive regions: 2->2
[2025-12-28T23:02:46.760+0000][10.348s][info][gc,heap     ] GC(11) Humongous regions: 15->15
[2025-12-28T23:02:46.760+0000][10.348s][info][gc,metaspace] GC(11) Metaspace: 70459K(71232K)->70459K(71232K) NonClass: 60586K(60992K)->60586K(60992K) Class: 9872K(10240K)->9872K(10240K)
[2025-12-28T23:02:46.760+0000][10.348s][info][gc          ] GC(11) Pause Young (Normal) (G1 Evacuation Pause) 120M->48M(1588M) 4.151ms
[2025-12-28T23:02:46.760+0000][10.349s][info][gc,cpu      ] GC(11) User=0.01s Sys=0.00s Real=0.01s
[2025-12-28T23:02:47.790+0000][11.378s][info][gc,start    ] GC(12) Pause Young (Normal) (G1 Evacuation Pause)
[2025-12-28T23:02:47.790+0000][11.378s][info][gc,task     ] GC(12) Using 8 workers of 8 for evacuation
[2025-12-28T23:02:47.793+0000][11.381s][info][gc,phases   ] GC(12)   Pre Evacuate Collection Set: 0.2ms
[2025-12-28T23:02:47.793+0000][11.381s][info][gc,phases   ] GC(12)   Merge Heap Roots: 0.2ms
[2025-12-28T23:02:47.793+0000][11.381s][info][gc,phases   ] GC(12)   Evacuate Collection Set: 1.7ms
[2025-12-28T23:02:47.793+0000][11.381s][info][gc,phases   ] GC(12)   Post Evacuate Collection Set: 0.5ms
[2025-12-28T23:02:47.793+0000][11.381s][info][gc,phases   ] GC(12)   Other: 0.4ms
[2025-12-28T23:02:47.793+0000][11.381s][info][gc,heap     ] GC(12) Eden regions: 75->0(108)
[2025-12-28T23:02:47.793+0000][11.381s][info][gc,heap     ] GC(12) Survivor regions: 4->4(10)
[2025-12-28T23:02:47.793+0000][11.381s][info][gc,heap     ] GC(12) Old regions: 30->30
[2025-12-28T23:02:47.793+0000][11.381s][info][gc,heap     ] GC(12) Archive regions: 2->2
[2025-12-28T23:02:47.793+0000][11.381s][info][gc,heap     ] GC(12) Humongous regions: 15->15
[2025-12-28T23:02:47.793+0000][11.381s][info][gc,metaspace] GC(12) Metaspace: 70467K(71232K)->70467K(71232K) NonClass: 60593K(60992K)->60593K(60992K) Class: 9873K(10240K)->9873K(10240K)
[2025-12-28T23:02:47.793+0000][11.381s][info][gc          ] GC(12) Pause Young (Normal) (G1 Evacuation Pause) 123M->48M(1588M) 3.626ms
[2025-12-28T23:02:47.793+0000][11.382s][info][gc,cpu      ] GC(12) User=0.01s Sys=0.00s Real=0.01s
[2025-12-28T23:02:49.305+0000][12.893s][info][gc,start    ] GC(13) Pause Young (Normal) (G1 Evacuation Pause)
[2025-12-28T23:02:49.305+0000][12.893s][info][gc,task     ] GC(13) Using 8 workers of 8 for evacuation
[2025-12-28T23:02:49.308+0000][12.897s][info][gc,phases   ] GC(13)   Pre Evacuate Collection Set: 0.3ms
[2025-12-28T23:02:49.309+0000][12.897s][info][gc,phases   ] GC(13)   Merge Heap Roots: 0.1ms
[2025-12-28T23:02:49.309+0000][12.897s][info][gc,phases   ] GC(13)   Evacuate Collection Set: 2.3ms
[2025-12-28T23:02:49.309+0000][12.897s][info][gc,phases   ] GC(13)   Post Evacuate Collection Set: 0.5ms
[2025-12-28T23:02:49.309+0000][12.897s][info][gc,phases   ] GC(13)   Other: 0.5ms
[2025-12-28T23:02:49.309+0000][12.897s][info][gc,heap     ] GC(13) Eden regions: 108->0(872)
[2025-12-28T23:02:49.309+0000][12.897s][info][gc,heap     ] GC(13) Survivor regions: 4->4(14)
[2025-12-28T23:02:49.309+0000][12.897s][info][gc,heap     ] GC(13) Old regions: 30->30
[2025-12-28T23:02:49.309+0000][12.897s][info][gc,heap     ] GC(13) Archive regions: 2->2
[2025-12-28T23:02:49.309+0000][12.897s][info][gc,heap     ] GC(13) Humongous regions: 15->15
[2025-12-28T23:02:49.309+0000][12.898s][info][gc,metaspace] GC(13) Metaspace: 70519K(71296K)->70519K(71296K) NonClass: 60638K(61056K)->60638K(61056K) Class: 9881K(10240K)->9881K(10240K)
[2025-12-28T23:02:49.309+0000][12.898s][info][gc          ] GC(13) Pause Young (Normal) (G1 Evacuation Pause) 156M->48M(1588M) 4.656ms
[2025-12-28T23:02:49.310+0000][12.898s][info][gc,cpu      ] GC(13) User=0.02s Sys=0.01s Real=0.00s
[2025-12-28T23:02:59.780+0000][23.368s][info][gc,start    ] GC(14) Pause Young (Normal) (G1 Evacuation Pause)
[2025-12-28T23:02:59.781+0000][23.369s][info][gc,task     ] GC(14) Using 8 workers of 8 for evacuation
[2025-12-28T23:02:59.785+0000][23.373s][info][gc,phases   ] GC(14)   Pre Evacuate Collection Set: 0.2ms
[2025-12-28T23:02:59.785+0000][23.373s][info][gc,phases   ] GC(14)   Merge Heap Roots: 0.1ms
[2025-12-28T23:02:59.785+0000][23.373s][info][gc,phases   ] GC(14)   Evacuate Collection Set: 2.8ms
[2025-12-28T23:02:59.785+0000][23.374s][info][gc,phases   ] GC(14)   Post Evacuate Collection Set: 0.6ms
[2025-12-28T23:02:59.785+0000][23.374s][info][gc,phases   ] GC(14)   Other: 1.3ms
[2025-12-28T23:02:59.786+0000][23.374s][info][gc,heap     ] GC(14) Eden regions: 872->0(948)
[2025-12-28T23:02:59.786+0000][23.374s][info][gc,heap     ] GC(14) Survivor regions: 4->4(110)
[2025-12-28T23:02:59.786+0000][23.374s][info][gc,heap     ] GC(14) Old regions: 30->30
[2025-12-28T23:02:59.786+0000][23.374s][info][gc,heap     ] GC(14) Archive regions: 2->2
[2025-12-28T23:02:59.786+0000][23.374s][info][gc,heap     ] GC(14) Humongous regions: 25->20
[2025-12-28T23:02:59.786+0000][23.374s][info][gc,metaspace] GC(14) Metaspace: 70726K(71360K)->70726K(71360K) NonClass: 60818K(61120K)->60818K(61120K) Class: 9907K(10240K)->9907K(10240K)
[2025-12-28T23:02:59.786+0000][23.374s][info][gc          ] GC(14) Pause Young (Normal) (G1 Evacuation Pause) 930M->53M(1588M) 6.061ms
[2025-12-28T23:02:59.786+0000][23.374s][info][gc,cpu      ] GC(14) User=0.02s Sys=0.01s Real=0.01s
[2025-12-28T23:03:11.447+0000][35.035s][info][gc,start    ] GC(15) Pause Young (Normal) (G1 Evacuation Pause)
[2025-12-28T23:03:11.447+0000][35.036s][info][gc,task     ] GC(15) Using 8 workers of 8 for evacuation
[2025-12-28T23:03:11.451+0000][35.039s][info][gc,phases   ] GC(15)   Pre Evacuate Collection Set: 0.3ms
[2025-12-28T23:03:11.451+0000][35.039s][info][gc,phases   ] GC(15)   Merge Heap Roots: 0.2ms
[2025-12-28T23:03:11.451+0000][35.039s][info][gc,phases   ] GC(15)   Evacuate Collection Set: 2.2ms
[2025-12-28T23:03:11.451+0000][35.039s][info][gc,phases   ] GC(15)   Post Evacuate Collection Set: 0.6ms
[2025-12-28T23:03:11.451+0000][35.039s][info][gc,phases   ] GC(15)   Other: 0.8ms
[2025-12-28T23:03:11.451+0000][35.039s][info][gc,heap     ] GC(15) Eden regions: 948->0(948)
[2025-12-28T23:03:11.451+0000][35.039s][info][gc,heap     ] GC(15) Survivor regions: 4->4(119)
[2025-12-28T23:03:11.451+0000][35.040s][info][gc,heap     ] GC(15) Old regions: 30->30
[2025-12-28T23:03:11.451+0000][35.040s][info][gc,heap     ] GC(15) Archive regions: 2->2
[2025-12-28T23:03:11.452+0000][35.040s][info][gc,heap     ] GC(15) Humongous regions: 30->25
[2025-12-28T23:03:11.452+0000][35.040s][info][gc,metaspace] GC(15) Metaspace: 70788K(71488K)->70788K(71488K) NonClass: 60880K(61248K)->60880K(61248K) Class: 9908K(10240K)->9908K(10240K)
[2025-12-28T23:03:11.452+0000][35.040s][info][gc          ] GC(15) Pause Young (Normal) (G1 Evacuation Pause) 1011M->58M(1588M) 4.794ms
[2025-12-28T23:03:11.452+0000][35.040s][info][gc,cpu      ] GC(15) User=0.02s Sys=0.01s Real=0.01s
[2025-12-28T23:03:24.256+0000][47.844s][info][gc,start    ] GC(16) Pause Young (Normal) (G1 Evacuation Pause)
[2025-12-28T23:03:24.257+0000][47.846s][info][gc,task     ] GC(16) Using 8 workers of 8 for evacuation
[2025-12-28T23:03:24.261+0000][47.849s][info][gc,phases   ] GC(16)   Pre Evacuate Collection Set: 0.3ms
[2025-12-28T23:03:24.261+0000][47.849s][info][gc,phases   ] GC(16)   Merge Heap Roots: 0.2ms
[2025-12-28T23:03:24.261+0000][47.849s][info][gc,phases   ] GC(16)   Evacuate Collection Set: 2.1ms
[2025-12-28T23:03:24.261+0000][47.849s][info][gc,phases   ] GC(16)   Post Evacuate Collection Set: 0.7ms
[2025-12-28T23:03:24.261+0000][47.849s][info][gc,phases   ] GC(16)   Other: 1.5ms
[2025-12-28T23:03:24.261+0000][47.850s][info][gc,heap     ] GC(16) Eden regions: 948->0(948)
[2025-12-28T23:03:24.261+0000][47.850s][info][gc,heap     ] GC(16) Survivor regions: 4->4(119)
[2025-12-28T23:03:24.262+0000][47.850s][info][gc,heap     ] GC(16) Old regions: 30->30
[2025-12-28T23:03:24.262+0000][47.850s][info][gc,heap     ] GC(16) Archive regions: 2->2
[2025-12-28T23:03:24.262+0000][47.850s][info][gc,heap     ] GC(16) Humongous regions: 25->25
[2025-12-28T23:03:24.262+0000][47.850s][info][gc,metaspace] GC(16) Metaspace: 71940K(72640K)->71940K(72640K) NonClass: 61782K(62144K)->61782K(62144K) Class: 10157K(10496K)->10157K(10496K)
[2025-12-28T23:03:24.262+0000][47.850s][info][gc          ] GC(16) Pause Young (Normal) (G1 Evacuation Pause) 1006M->59M(1588M) 5.750ms
[2025-12-28T23:03:24.262+0000][47.850s][info][gc,cpu      ] GC(16) User=0.02s Sys=0.01s Real=0.01s
[2025-12-28T23:03:35.987+0000][59.576s][info][gc,start    ] GC(17) Pause Young (Normal) (G1 Evacuation Pause)
[2025-12-28T23:03:35.990+0000][59.578s][info][gc,task     ] GC(17) Using 8 workers of 8 for evacuation
[2025-12-28T23:03:35.994+0000][59.582s][info][gc,phases   ] GC(17)   Pre Evacuate Collection Set: 0.3ms
[2025-12-28T23:03:35.994+0000][59.582s][info][gc,phases   ] GC(17)   Merge Heap Roots: 0.3ms
[2025-12-28T23:03:35.994+0000][59.583s][info][gc,phases   ] GC(17)   Evacuate Collection Set: 2.7ms
[2025-12-28T23:03:35.994+0000][59.583s][info][gc,phases   ] GC(17)   Post Evacuate Collection Set: 0.7ms
[2025-12-28T23:03:35.995+0000][59.583s][info][gc,phases   ] GC(17)   Other: 2.9ms
[2025-12-28T23:03:35.995+0000][59.583s][info][gc,heap     ] GC(17) Eden regions: 948->0(948)
[2025-12-28T23:03:35.995+0000][59.583s][info][gc,heap     ] GC(17) Survivor regions: 4->4(119)
[2025-12-28T23:03:35.995+0000][59.583s][info][gc,heap     ] GC(17) Old regions: 30->30
[2025-12-28T23:03:35.995+0000][59.583s][info][gc,heap     ] GC(17) Archive regions: 2->2
[2025-12-28T23:03:35.995+0000][59.583s][info][gc,heap     ] GC(17) Humongous regions: 35->30
[2025-12-28T23:03:35.995+0000][59.583s][info][gc,metaspace] GC(17) Metaspace: 72073K(72832K)->72073K(72832K) NonClass: 61911K(62336K)->61911K(62336K) Class: 10161K(10496K)->10161K(10496K)
[2025-12-28T23:03:35.995+0000][59.583s][info][gc          ] GC(17) Pause Young (Normal) (G1 Evacuation Pause) 1017M->64M(1588M) 7.910ms
[2025-12-28T23:03:35.995+0000][59.584s][info][gc,cpu      ] GC(17) User=0.02s Sys=0.00s Real=0.01s
[2025-12-28T23:03:48.070+0000][71.658s][info][gc,start    ] GC(18) Pause Young (Normal) (G1 Evacuation Pause)
[2025-12-28T23:03:48.071+0000][71.660s][info][gc,task     ] GC(18) Using 8 workers of 8 for evacuation
[2025-12-28T23:03:48.076+0000][71.664s][info][gc,phases   ] GC(18)   Pre Evacuate Collection Set: 0.3ms
[2025-12-28T23:03:48.076+0000][71.664s][info][gc,phases   ] GC(18)   Merge Heap Roots: 0.2ms
[2025-12-28T23:03:48.076+0000][71.664s][info][gc,phases   ] GC(18)   Evacuate Collection Set: 3.0ms
[2025-12-28T23:03:48.076+0000][71.665s][info][gc,phases   ] GC(18)   Post Evacuate Collection Set: 0.6ms
[2025-12-28T23:03:48.076+0000][71.665s][info][gc,phases   ] GC(18)   Other: 1.4ms
[2025-12-28T23:03:48.077+0000][71.665s][info][gc,heap     ] GC(18) Eden regions: 948->0(947)
[2025-12-28T23:03:48.077+0000][71.665s][info][gc,heap     ] GC(18) Survivor regions: 4->5(119)
[2025-12-28T23:03:48.077+0000][71.665s][info][gc,heap     ] GC(18) Old regions: 30->30
[2025-12-28T23:03:48.077+0000][71.665s][info][gc,heap     ] GC(18) Archive regions: 2->2
[2025-12-28T23:03:48.077+0000][71.665s][info][gc,heap     ] GC(18) Humongous regions: 40->35
[2025-12-28T23:03:48.077+0000][71.665s][info][gc,metaspace] GC(18) Metaspace: 72133K(72832K)->72133K(72832K) NonClass: 61970K(62336K)->61970K(62336K) Class: 10163K(10496K)->10163K(10496K)
[2025-12-28T23:03:48.077+0000][71.665s][info][gc          ] GC(18) Pause Young (Normal) (G1 Evacuation Pause) 1022M->69M(1588M) 6.883ms
[2025-12-28T23:03:48.077+0000][71.666s][info][gc,cpu      ] GC(18) User=0.03s Sys=0.00s Real=0.00s
[2025-12-28T23:04:00.240+0000][83.828s][info][gc,start    ] GC(19) Pause Young (Normal) (G1 Evacuation Pause)
[2025-12-28T23:04:00.241+0000][83.829s][info][gc,task     ] GC(19) Using 8 workers of 8 for evacuation
[2025-12-28T23:04:00.245+0000][83.833s][info][gc,phases   ] GC(19)   Pre Evacuate Collection Set: 0.3ms
[2025-12-28T23:04:00.245+0000][83.833s][info][gc,phases   ] GC(19)   Merge Heap Roots: 0.2ms
[2025-12-28T23:04:00.245+0000][83.834s][info][gc,phases   ] GC(19)   Evacuate Collection Set: 2.8ms
[2025-12-28T23:04:00.245+0000][83.834s][info][gc,phases   ] GC(19)   Post Evacuate Collection Set: 0.8ms
[2025-12-28T23:04:00.246+0000][83.834s][info][gc,phases   ] GC(19)   Other: 1.6ms
[2025-12-28T23:04:00.246+0000][83.834s][info][gc,heap     ] GC(19) Eden regions: 947->0(948)
[2025-12-28T23:04:00.246+0000][83.834s][info][gc,heap     ] GC(19) Survivor regions: 5->4(119)
[2025-12-28T23:04:00.246+0000][83.834s][info][gc,heap     ] GC(19) Old regions: 30->30
[2025-12-28T23:04:00.246+0000][83.834s][info][gc,heap     ] GC(19) Archive regions: 2->2
[2025-12-28T23:04:00.246+0000][83.834s][info][gc,heap     ] GC(19) Humongous regions: 43->38
[2025-12-28T23:04:00.246+0000][83.834s][info][gc,metaspace] GC(19) Metaspace: 72149K(72832K)->72149K(72832K) NonClass: 61986K(62336K)->61986K(62336K) Class: 10163K(10496K)->10163K(10496K)
[2025-12-28T23:04:00.246+0000][83.834s][info][gc          ] GC(19) Pause Young (Normal) (G1 Evacuation Pause) 1024M->72M(1588M) 6.695ms
[2025-12-28T23:04:00.246+0000][83.835s][info][gc,cpu      ] GC(19) User=0.02s Sys=0.00s Real=0.01s
[2025-12-28T23:04:12.589+0000][96.177s][info][gc,start    ] GC(20) Pause Young (Normal) (G1 Evacuation Pause)
[2025-12-28T23:04:12.589+0000][96.178s][info][gc,task     ] GC(20) Using 8 workers of 8 for evacuation
[2025-12-28T23:04:12.594+0000][96.182s][info][gc,phases   ] GC(20)   Pre Evacuate Collection Set: 0.2ms
[2025-12-28T23:04:12.594+0000][96.182s][info][gc,phases   ] GC(20)   Merge Heap Roots: 0.1ms
[2025-12-28T23:04:12.594+0000][96.182s][info][gc,phases   ] GC(20)   Evacuate Collection Set: 2.8ms
[2025-12-28T23:04:12.594+0000][96.182s][info][gc,phases   ] GC(20)   Post Evacuate Collection Set: 0.7ms
[2025-12-28T23:04:12.594+0000][96.182s][info][gc,phases   ] GC(20)   Other: 1.1ms
[2025-12-28T23:04:12.594+0000][96.182s][info][gc,heap     ] GC(20) Eden regions: 948->0(947)
[2025-12-28T23:04:12.594+0000][96.182s][info][gc,heap     ] GC(20) Survivor regions: 4->5(119)
[2025-12-28T23:04:12.594+0000][96.183s][info][gc,heap     ] GC(20) Old regions: 30->30
[2025-12-28T23:04:12.594+0000][96.183s][info][gc,heap     ] GC(20) Archive regions: 2->2
[2025-12-28T23:04:12.595+0000][96.183s][info][gc,heap     ] GC(20) Humongous regions: 38->38
[2025-12-28T23:04:12.595+0000][96.183s][info][gc,metaspace] GC(20) Metaspace: 72170K(72896K)->72170K(72896K) NonClass: 62006K(62400K)->62006K(62400K) Class: 10163K(10496K)->10163K(10496K)
[2025-12-28T23:04:12.595+0000][96.183s][info][gc          ] GC(20) Pause Young (Normal) (G1 Evacuation Pause) 1020M->72M(1588M) 6.164ms
[2025-12-28T23:04:12.595+0000][96.183s][info][gc,cpu      ] GC(20) User=0.02s Sys=0.00s Real=0.01s
[2025-12-28T23:04:25.947+0000][109.535s][info][gc,start    ] GC(21) Pause Young (Normal) (G1 Evacuation Pause)
[2025-12-28T23:04:25.948+0000][109.536s][info][gc,task     ] GC(21) Using 8 workers of 8 for evacuation
[2025-12-28T23:04:25.954+0000][109.542s][info][gc,phases   ] GC(21)   Pre Evacuate Collection Set: 0.4ms
[2025-12-28T23:04:25.954+0000][109.542s][info][gc,phases   ] GC(21)   Merge Heap Roots: 0.2ms
[2025-12-28T23:04:25.954+0000][109.542s][info][gc,phases   ] GC(21)   Evacuate Collection Set: 3.6ms
[2025-12-28T23:04:25.954+0000][109.542s][info][gc,phases   ] GC(21)   Post Evacuate Collection Set: 1.3ms
[2025-12-28T23:04:25.954+0000][109.542s][info][gc,phases   ] GC(21)   Other: 1.3ms
[2025-12-28T23:04:25.954+0000][109.542s][info][gc,heap     ] GC(21) Eden regions: 947->0(947)
[2025-12-28T23:04:25.954+0000][109.542s][info][gc,heap     ] GC(21) Survivor regions: 5->5(119)
[2025-12-28T23:04:25.954+0000][109.542s][info][gc,heap     ] GC(21) Old regions: 30->30
[2025-12-28T23:04:25.954+0000][109.543s][info][gc,heap     ] GC(21) Archive regions: 2->2
[2025-12-28T23:04:25.954+0000][109.543s][info][gc,heap     ] GC(21) Humongous regions: 38->38
[2025-12-28T23:04:25.955+0000][109.543s][info][gc,metaspace] GC(21) Metaspace: 72313K(73088K)->72313K(73088K) NonClass: 62143K(62528K)->62143K(62528K) Class: 10169K(10560K)->10169K(10560K)
[2025-12-28T23:04:25.955+0000][109.543s][info][gc          ] GC(21) Pause Young (Normal) (G1 Evacuation Pause) 1019M->72M(1588M) 7.570ms
[2025-12-28T23:04:25.955+0000][109.543s][info][gc,cpu      ] GC(21) User=0.03s Sys=0.00s Real=0.01s
[2025-12-28T23:04:38.744+0000][122.333s][info][gc,start    ] GC(22) Pause Young (Normal) (G1 Evacuation Pause)
[2025-12-28T23:04:38.745+0000][122.333s][info][gc,task     ] GC(22) Using 8 workers of 8 for evacuation
[2025-12-28T23:04:38.748+0000][122.336s][info][gc,phases   ] GC(22)   Pre Evacuate Collection Set: 0.3ms
[2025-12-28T23:04:38.748+0000][122.336s][info][gc,phases   ] GC(22)   Merge Heap Roots: 0.1ms
[2025-12-28T23:04:38.748+0000][122.337s][info][gc,phases   ] GC(22)   Evacuate Collection Set: 2.2ms
[2025-12-28T23:04:38.748+0000][122.337s][info][gc,phases   ] GC(22)   Post Evacuate Collection Set: 0.6ms
[2025-12-28T23:04:38.748+0000][122.337s][info][gc,phases   ] GC(22)   Other: 0.6ms
[2025-12-28T23:04:38.749+0000][122.337s][info][gc,heap     ] GC(22) Eden regions: 947->0(947)
[2025-12-28T23:04:38.749+0000][122.337s][info][gc,heap     ] GC(22) Survivor regions: 5->5(119)
[2025-12-28T23:04:38.749+0000][122.337s][info][gc,heap     ] GC(22) Old regions: 30->30
[2025-12-28T23:04:38.749+0000][122.337s][info][gc,heap     ] GC(22) Archive regions: 2->2
[2025-12-28T23:04:38.749+0000][122.337s][info][gc,heap     ] GC(22) Humongous regions: 38->38
[2025-12-28T23:04:38.749+0000][122.337s][info][gc,metaspace] GC(22) Metaspace: 72332K(73088K)->72332K(73088K) NonClass: 62161K(62528K)->62161K(62528K) Class: 10171K(10560K)->10171K(10560K)
[2025-12-28T23:04:38.749+0000][122.337s][info][gc          ] GC(22) Pause Young (Normal) (G1 Evacuation Pause) 1019M->72M(1588M) 4.464ms
[2025-12-28T23:04:38.749+0000][122.337s][info][gc,cpu      ] GC(22) User=0.02s Sys=0.00s Real=0.00s
[2025-12-28T23:04:51.105+0000][134.694s][info][gc,start    ] GC(23) Pause Young (Normal) (G1 Evacuation Pause)
[2025-12-28T23:04:51.106+0000][134.695s][info][gc,task     ] GC(23) Using 8 workers of 8 for evacuation
[2025-12-28T23:04:51.111+0000][134.699s][info][gc,phases   ] GC(23)   Pre Evacuate Collection Set: 0.3ms
[2025-12-28T23:04:51.111+0000][134.700s][info][gc,phases   ] GC(23)   Merge Heap Roots: 0.2ms
[2025-12-28T23:04:51.111+0000][134.700s][info][gc,phases   ] GC(23)   Evacuate Collection Set: 3.4ms
[2025-12-28T23:04:51.112+0000][134.700s][info][gc,phases   ] GC(23)   Post Evacuate Collection Set: 0.8ms
[2025-12-28T23:04:51.112+0000][134.700s][info][gc,phases   ] GC(23)   Other: 1.3ms
[2025-12-28T23:04:51.112+0000][134.700s][info][gc,heap     ] GC(23) Eden regions: 947->0(947)
[2025-12-28T23:04:51.112+0000][134.700s][info][gc,heap     ] GC(23) Survivor regions: 5->5(119)
[2025-12-28T23:04:51.112+0000][134.700s][info][gc,heap     ] GC(23) Old regions: 30->30
[2025-12-28T23:04:51.112+0000][134.700s][info][gc,heap     ] GC(23) Archive regions: 2->2
[2025-12-28T23:04:51.112+0000][134.700s][info][gc,heap     ] GC(23) Humongous regions: 38->38
[2025-12-28T23:04:51.112+0000][134.700s][info][gc,metaspace] GC(23) Metaspace: 72355K(73088K)->72355K(73088K) NonClass: 62183K(62528K)->62183K(62528K) Class: 10171K(10560K)->10171K(10560K)
[2025-12-28T23:04:51.112+0000][134.700s][info][gc          ] GC(23) Pause Young (Normal) (G1 Evacuation Pause) 1019M->72M(1588M) 6.872ms
[2025-12-28T23:04:51.112+0000][134.701s][info][gc,cpu      ] GC(23) User=0.02s Sys=0.00s Real=0.01s
[2025-12-28T23:05:03.604+0000][147.192s][info][gc,start    ] GC(24) Pause Young (Normal) (G1 Evacuation Pause)
[2025-12-28T23:05:03.604+0000][147.193s][info][gc,task     ] GC(24) Using 8 workers of 8 for evacuation
[2025-12-28T23:05:03.610+0000][147.198s][info][gc,phases   ] GC(24)   Pre Evacuate Collection Set: 0.3ms
[2025-12-28T23:05:03.610+0000][147.198s][info][gc,phases   ] GC(24)   Merge Heap Roots: 0.2ms
[2025-12-28T23:05:03.610+0000][147.198s][info][gc,phases   ] GC(24)   Evacuate Collection Set: 3.9ms
[2025-12-28T23:05:03.610+0000][147.198s][info][gc,phases   ] GC(24)   Post Evacuate Collection Set: 0.8ms
[2025-12-28T23:05:03.610+0000][147.198s][info][gc,phases   ] GC(24)   Other: 0.8ms
[2025-12-28T23:05:03.610+0000][147.198s][info][gc,heap     ] GC(24) Eden regions: 947->0(947)
[2025-12-28T23:05:03.610+0000][147.198s][info][gc,heap     ] GC(24) Survivor regions: 5->5(119)
[2025-12-28T23:05:03.610+0000][147.198s][info][gc,heap     ] GC(24) Old regions: 30->30
[2025-12-28T23:05:03.610+0000][147.198s][info][gc,heap     ] GC(24) Archive regions: 2->2
[2025-12-28T23:05:03.610+0000][147.199s][info][gc,heap     ] GC(24) Humongous regions: 38->38
[2025-12-28T23:05:03.610+0000][147.199s][info][gc,metaspace] GC(24) Metaspace: 72361K(73088K)->72361K(73088K) NonClass: 62190K(62528K)->62190K(62528K) Class: 10171K(10560K)->10171K(10560K)
[2025-12-28T23:05:03.610+0000][147.199s][info][gc          ] GC(24) Pause Young (Normal) (G1 Evacuation Pause) 1019M->72M(1588M) 6.590ms
[2025-12-28T23:05:03.611+0000][147.199s][info][gc,cpu      ] GC(24) User=0.03s Sys=0.00s Real=0.01s
[2025-12-28T23:05:15.831+0000][159.419s][info][gc,start    ] GC(25) Pause Young (Normal) (G1 Evacuation Pause)
[2025-12-28T23:05:15.832+0000][159.420s][info][gc,task     ] GC(25) Using 8 workers of 8 for evacuation
[2025-12-28T23:05:15.836+0000][159.424s][info][gc,phases   ] GC(25)   Pre Evacuate Collection Set: 0.3ms
[2025-12-28T23:05:15.836+0000][159.425s][info][gc,phases   ] GC(25)   Merge Heap Roots: 0.2ms
[2025-12-28T23:05:15.836+0000][159.425s][info][gc,phases   ] GC(25)   Evacuate Collection Set: 3.3ms
[2025-12-28T23:05:15.836+0000][159.425s][info][gc,phases   ] GC(25)   Post Evacuate Collection Set: 0.7ms
[2025-12-28T23:05:15.837+0000][159.425s][info][gc,phases   ] GC(25)   Other: 0.6ms
[2025-12-28T23:05:15.837+0000][159.425s][info][gc,heap     ] GC(25) Eden regions: 947->0(950)
[2025-12-28T23:05:15.837+0000][159.425s][info][gc,heap     ] GC(25) Survivor regions: 5->2(119)
[2025-12-28T23:05:15.837+0000][159.425s][info][gc,heap     ] GC(25) Old regions: 30->33
[2025-12-28T23:05:15.837+0000][159.425s][info][gc,heap     ] GC(25) Archive regions: 2->2
[2025-12-28T23:05:15.837+0000][159.425s][info][gc,heap     ] GC(25) Humongous regions: 38->38
[2025-12-28T23:05:15.837+0000][159.425s][info][gc,metaspace] GC(25) Metaspace: 72430K(73216K)->72430K(73216K) NonClass: 62257K(62656K)->62257K(62656K) Class: 10172K(10560K)->10172K(10560K)
[2025-12-28T23:05:15.837+0000][159.425s][info][gc          ] GC(25) Pause Young (Normal) (G1 Evacuation Pause) 1019M->73M(1588M) 5.848ms
[2025-12-28T23:05:15.837+0000][159.425s][info][gc,cpu      ] GC(25) User=0.02s Sys=0.00s Real=0.00s
[2025-12-28T23:05:27.816+0000][171.404s][info][gc,start    ] GC(26) Pause Young (Normal) (G1 Evacuation Pause)
[2025-12-28T23:05:27.816+0000][171.405s][info][gc,task     ] GC(26) Using 8 workers of 8 for evacuation
[2025-12-28T23:05:27.820+0000][171.408s][info][gc,phases   ] GC(26)   Pre Evacuate Collection Set: 0.3ms
[2025-12-28T23:05:27.820+0000][171.408s][info][gc,phases   ] GC(26)   Merge Heap Roots: 0.2ms
[2025-12-28T23:05:27.820+0000][171.408s][info][gc,phases   ] GC(26)   Evacuate Collection Set: 1.8ms
[2025-12-28T23:05:27.820+0000][171.409s][info][gc,phases   ] GC(26)   Post Evacuate Collection Set: 0.8ms
[2025-12-28T23:05:27.820+0000][171.409s][info][gc,phases   ] GC(26)   Other: 0.9ms
[2025-12-28T23:05:27.821+0000][171.409s][info][gc,heap     ] GC(26) Eden regions: 950->0(950)
[2025-12-28T23:05:27.821+0000][171.409s][info][gc,heap     ] GC(26) Survivor regions: 2->2(119)
[2025-12-28T23:05:27.821+0000][171.409s][info][gc,heap     ] GC(26) Old regions: 33->33
[2025-12-28T23:05:27.821+0000][171.409s][info][gc,heap     ] GC(26) Archive regions: 2->2
[2025-12-28T23:05:27.821+0000][171.409s][info][gc,heap     ] GC(26) Humongous regions: 38->38
[2025-12-28T23:05:27.821+0000][171.409s][info][gc,metaspace] GC(26) Metaspace: 72570K(73344K)->72570K(73344K) NonClass: 62397K(62784K)->62397K(62784K) Class: 10173K(10560K)->10173K(10560K)
[2025-12-28T23:05:27.821+0000][171.409s][info][gc          ] GC(26) Pause Young (Normal) (G1 Evacuation Pause) 1023M->73M(1588M) 5.339ms
[2025-12-28T23:05:27.821+0000][171.410s][info][gc,cpu      ] GC(26) User=0.01s Sys=0.00s Real=0.01s
[2025-12-28T23:05:40.951+0000][184.539s][info][gc,start    ] GC(27) Pause Young (Normal) (G1 Evacuation Pause)
[2025-12-28T23:05:40.952+0000][184.540s][info][gc,task     ] GC(27) Using 8 workers of 8 for evacuation
[2025-12-28T23:05:40.955+0000][184.543s][info][gc,phases   ] GC(27)   Pre Evacuate Collection Set: 0.2ms
[2025-12-28T23:05:40.955+0000][184.543s][info][gc,phases   ] GC(27)   Merge Heap Roots: 0.2ms
[2025-12-28T23:05:40.955+0000][184.543s][info][gc,phases   ] GC(27)   Evacuate Collection Set: 1.7ms
[2025-12-28T23:05:40.955+0000][184.543s][info][gc,phases   ] GC(27)   Post Evacuate Collection Set: 0.5ms
[2025-12-28T23:05:40.955+0000][184.543s][info][gc,phases   ] GC(27)   Other: 1.1ms
[2025-12-28T23:05:40.955+0000][184.543s][info][gc,heap     ] GC(27) Eden regions: 950->0(950)
[2025-12-28T23:05:40.955+0000][184.543s][info][gc,heap     ] GC(27) Survivor regions: 2->2(119)
[2025-12-28T23:05:40.955+0000][184.543s][info][gc,heap     ] GC(27) Old regions: 33->33
[2025-12-28T23:05:40.955+0000][184.543s][info][gc,heap     ] GC(27) Archive regions: 2->2
[2025-12-28T23:05:40.955+0000][184.543s][info][gc,heap     ] GC(27) Humongous regions: 38->38
[2025-12-28T23:05:40.955+0000][184.544s][info][gc,metaspace] GC(27) Metaspace: 72611K(73344K)->72611K(73344K) NonClass: 62437K(62784K)->62437K(62784K) Class: 10173K(10560K)->10173K(10560K)
[2025-12-28T23:05:40.955+0000][184.544s][info][gc          ] GC(27) Pause Young (Normal) (G1 Evacuation Pause) 1023M->73M(1588M) 4.626ms
[2025-12-28T23:05:40.956+0000][184.544s][info][gc,cpu      ] GC(27) User=0.01s Sys=0.00s Real=0.00s
[2025-12-28T23:05:53.759+0000][197.347s][info][gc,start    ] GC(28) Pause Young (Normal) (G1 Evacuation Pause)
[2025-12-28T23:05:53.761+0000][197.350s][info][gc,task     ] GC(28) Using 8 workers of 8 for evacuation
[2025-12-28T23:05:53.766+0000][197.354s][info][gc,phases   ] GC(28)   Pre Evacuate Collection Set: 0.3ms
[2025-12-28T23:05:53.766+0000][197.354s][info][gc,phases   ] GC(28)   Merge Heap Roots: 0.2ms
[2025-12-28T23:05:53.766+0000][197.354s][info][gc,phases   ] GC(28)   Evacuate Collection Set: 2.6ms
[2025-12-28T23:05:53.766+0000][197.354s][info][gc,phases   ] GC(28)   Post Evacuate Collection Set: 0.9ms
[2025-12-28T23:05:53.766+0000][197.355s][info][gc,phases   ] GC(28)   Other: 2.6ms
[2025-12-28T23:05:53.767+0000][197.355s][info][gc,heap     ] GC(28) Eden regions: 950->0(950)
[2025-12-28T23:05:53.767+0000][197.355s][info][gc,heap     ] GC(28) Survivor regions: 2->2(119)
[2025-12-28T23:05:53.767+0000][197.355s][info][gc,heap     ] GC(28) Old regions: 33->33
[2025-12-28T23:05:53.767+0000][197.355s][info][gc,heap     ] GC(28) Archive regions: 2->2
[2025-12-28T23:05:53.767+0000][197.356s][info][gc,heap     ] GC(28) Humongous regions: 38->38
[2025-12-28T23:05:53.768+0000][197.356s][info][gc,metaspace] GC(28) Metaspace: 72629K(73408K)->72629K(73408K) NonClass: 62456K(62848K)->62456K(62848K) Class: 10173K(10560K)->10173K(10560K)
[2025-12-28T23:05:53.768+0000][197.356s][info][gc          ] GC(28) Pause Young (Normal) (G1 Evacuation Pause) 1023M->73M(1588M) 8.467ms
[2025-12-28T23:05:53.768+0000][197.356s][info][gc,cpu      ] GC(28) User=0.02s Sys=0.00s Real=0.01s
[2025-12-28T23:06:05.562+0000][209.150s][info][gc,start    ] GC(29) Pause Young (Normal) (G1 Evacuation Pause)
[2025-12-28T23:06:05.562+0000][209.150s][info][gc,task     ] GC(29) Using 8 workers of 8 for evacuation
[2025-12-28T23:06:05.566+0000][209.154s][info][gc,phases   ] GC(29)   Pre Evacuate Collection Set: 0.2ms
[2025-12-28T23:06:05.566+0000][209.154s][info][gc,phases   ] GC(29)   Merge Heap Roots: 0.1ms
[2025-12-28T23:06:05.567+0000][209.155s][info][gc,phases   ] GC(29)   Evacuate Collection Set: 2.2ms
[2025-12-28T23:06:05.567+0000][209.155s][info][gc,phases   ] GC(29)   Post Evacuate Collection Set: 0.8ms
[2025-12-28T23:06:05.567+0000][209.155s][info][gc,phases   ] GC(29)   Other: 1.0ms
[2025-12-28T23:06:05.567+0000][209.155s][info][gc,heap     ] GC(29) Eden regions: 950->0(950)
[2025-12-28T23:06:05.567+0000][209.156s][info][gc,heap     ] GC(29) Survivor regions: 2->2(119)
[2025-12-28T23:06:05.568+0000][209.156s][info][gc,heap     ] GC(29) Old regions: 33->33
[2025-12-28T23:06:05.568+0000][209.156s][info][gc,heap     ] GC(29) Archive regions: 2->2
[2025-12-28T23:06:05.568+0000][209.156s][info][gc,heap     ] GC(29) Humongous regions: 38->38
[2025-12-28T23:06:05.568+0000][209.157s][info][gc,metaspace] GC(29) Metaspace: 72650K(73408K)->72650K(73408K) NonClass: 62476K(62848K)->62476K(62848K) Class: 10173K(10560K)->10173K(10560K)
[2025-12-28T23:06:05.569+0000][209.157s][info][gc          ] GC(29) Pause Young (Normal) (G1 Evacuation Pause) 1023M->73M(1588M) 6.979ms
[2025-12-28T23:06:05.569+0000][209.157s][info][gc,cpu      ] GC(29) User=0.01s Sys=0.00s Real=0.00s
[2025-12-28T23:06:17.468+0000][221.056s][info][gc,start    ] GC(30) Pause Young (Normal) (G1 Evacuation Pause)
[2025-12-28T23:06:17.469+0000][221.057s][info][gc,task     ] GC(30) Using 8 workers of 8 for evacuation
[2025-12-28T23:06:17.472+0000][221.060s][info][gc,phases   ] GC(30)   Pre Evacuate Collection Set: 0.3ms
[2025-12-28T23:06:17.472+0000][221.060s][info][gc,phases   ] GC(30)   Merge Heap Roots: 0.1ms
[2025-12-28T23:06:17.472+0000][221.060s][info][gc,phases   ] GC(30)   Evacuate Collection Set: 1.8ms
[2025-12-28T23:06:17.472+0000][221.060s][info][gc,phases   ] GC(30)   Post Evacuate Collection Set: 0.6ms
[2025-12-28T23:06:17.472+0000][221.060s][info][gc,phases   ] GC(30)   Other: 1.1ms
[2025-12-28T23:06:17.472+0000][221.060s][info][gc,heap     ] GC(30) Eden regions: 950->0(950)
[2025-12-28T23:06:17.472+0000][221.061s][info][gc,heap     ] GC(30) Survivor regions: 2->2(119)
[2025-12-28T23:06:17.472+0000][221.061s][info][gc,heap     ] GC(30) Old regions: 33->33
[2025-12-28T23:06:17.472+0000][221.061s][info][gc,heap     ] GC(30) Archive regions: 2->2
[2025-12-28T23:06:17.473+0000][221.061s][info][gc,heap     ] GC(30) Humongous regions: 38->38
[2025-12-28T23:06:17.473+0000][221.061s][info][gc,metaspace] GC(30) Metaspace: 72652K(73408K)->72652K(73408K) NonClass: 62479K(62848K)->62479K(62848K) Class: 10173K(10560K)->10173K(10560K)
[2025-12-28T23:06:17.473+0000][221.061s][info][gc          ] GC(30) Pause Young (Normal) (G1 Evacuation Pause) 1023M->73M(1588M) 4.715ms
[2025-12-28T23:06:17.473+0000][221.061s][info][gc,cpu      ] GC(30) User=0.01s Sys=0.00s Real=0.01s
[2025-12-28T23:06:29.160+0000][232.748s][info][gc,start    ] GC(31) Pause Young (Normal) (G1 Evacuation Pause)
[2025-12-28T23:06:29.161+0000][232.749s][info][gc,task     ] GC(31) Using 8 workers of 8 for evacuation
[2025-12-28T23:06:29.164+0000][232.752s][info][gc,phases   ] GC(31)   Pre Evacuate Collection Set: 0.4ms
[2025-12-28T23:06:29.164+0000][232.752s][info][gc,phases   ] GC(31)   Merge Heap Roots: 0.1ms
[2025-12-28T23:06:29.164+0000][232.752s][info][gc,phases   ] GC(31)   Evacuate Collection Set: 1.6ms
[2025-12-28T23:06:29.164+0000][232.752s][info][gc,phases   ] GC(31)   Post Evacuate Collection Set: 0.6ms
[2025-12-28T23:06:29.164+0000][232.752s][info][gc,phases   ] GC(31)   Other: 1.1ms
[2025-12-28T23:06:29.164+0000][232.752s][info][gc,heap     ] GC(31) Eden regions: 950->0(951)
[2025-12-28T23:06:29.164+0000][232.752s][info][gc,heap     ] GC(31) Survivor regions: 2->1(119)
[2025-12-28T23:06:29.164+0000][232.753s][info][gc,heap     ] GC(31) Old regions: 33->34
[2025-12-28T23:06:29.164+0000][232.753s][info][gc,heap     ] GC(31) Archive regions: 2->2
[2025-12-28T23:06:29.164+0000][232.753s][info][gc,heap     ] GC(31) Humongous regions: 38->38
[2025-12-28T23:06:29.165+0000][232.753s][info][gc,metaspace] GC(31) Metaspace: 72707K(73472K)->72707K(73472K) NonClass: 62534K(62912K)->62534K(62912K) Class: 10173K(10560K)->10173K(10560K)
[2025-12-28T23:06:29.165+0000][232.753s][info][gc          ] GC(31) Pause Young (Normal) (G1 Evacuation Pause) 1023M->73M(1588M) 4.681ms
[2025-12-28T23:06:29.165+0000][232.753s][info][gc,cpu      ] GC(31) User=0.01s Sys=0.01s Real=0.01s
[2025-12-28T23:06:40.970+0000][244.558s][info][gc,start    ] GC(32) Pause Young (Normal) (G1 Evacuation Pause)
[2025-12-28T23:06:40.970+0000][244.558s][info][gc,task     ] GC(32) Using 8 workers of 8 for evacuation
[2025-12-28T23:06:40.973+0000][244.561s][info][gc,phases   ] GC(32)   Pre Evacuate Collection Set: 0.3ms
[2025-12-28T23:06:40.973+0000][244.561s][info][gc,phases   ] GC(32)   Merge Heap Roots: 0.2ms
[2025-12-28T23:06:40.973+0000][244.561s][info][gc,phases   ] GC(32)   Evacuate Collection Set: 1.3ms
[2025-12-28T23:06:40.973+0000][244.561s][info][gc,phases   ] GC(32)   Post Evacuate Collection Set: 0.5ms
[2025-12-28T23:06:40.973+0000][244.561s][info][gc,phases   ] GC(32)   Other: 0.8ms
[2025-12-28T23:06:40.973+0000][244.561s][info][gc,heap     ] GC(32) Eden regions: 951->0(951)
[2025-12-28T23:06:40.973+0000][244.561s][info][gc,heap     ] GC(32) Survivor regions: 1->1(119)
[2025-12-28T23:06:40.973+0000][244.561s][info][gc,heap     ] GC(32) Old regions: 34->34
[2025-12-28T23:06:40.973+0000][244.561s][info][gc,heap     ] GC(32) Archive regions: 2->2
[2025-12-28T23:06:40.973+0000][244.562s][info][gc,heap     ] GC(32) Humongous regions: 38->38
[2025-12-28T23:06:40.973+0000][244.562s][info][gc,metaspace] GC(32) Metaspace: 72734K(73536K)->72734K(73536K) NonClass: 62560K(62976K)->62560K(62976K) Class: 10173K(10560K)->10173K(10560K)
[2025-12-28T23:06:40.973+0000][244.562s][info][gc          ] GC(32) Pause Young (Normal) (G1 Evacuation Pause) 1024M->73M(1588M) 3.775ms
[2025-12-28T23:06:40.974+0000][244.562s][info][gc,cpu      ] GC(32) User=0.01s Sys=0.00s Real=0.01s
[2025-12-28T23:06:54.538+0000][258.126s][info][gc,start    ] GC(33) Pause Young (Normal) (G1 Evacuation Pause)
[2025-12-28T23:06:54.538+0000][258.127s][info][gc,task     ] GC(33) Using 8 workers of 8 for evacuation
[2025-12-28T23:06:54.541+0000][258.129s][info][gc,phases   ] GC(33)   Pre Evacuate Collection Set: 0.2ms
[2025-12-28T23:06:54.541+0000][258.129s][info][gc,phases   ] GC(33)   Merge Heap Roots: 0.2ms
[2025-12-28T23:06:54.541+0000][258.129s][info][gc,phases   ] GC(33)   Evacuate Collection Set: 1.3ms
[2025-12-28T23:06:54.541+0000][258.129s][info][gc,phases   ] GC(33)   Post Evacuate Collection Set: 0.6ms
[2025-12-28T23:06:54.541+0000][258.129s][info][gc,phases   ] GC(33)   Other: 1.1ms
[2025-12-28T23:06:54.541+0000][258.130s][info][gc,heap     ] GC(33) Eden regions: 951->0(951)
[2025-12-28T23:06:54.541+0000][258.130s][info][gc,heap     ] GC(33) Survivor regions: 1->1(119)
[2025-12-28T23:06:54.542+0000][258.130s][info][gc,heap     ] GC(33) Old regions: 34->34
[2025-12-28T23:06:54.542+0000][258.130s][info][gc,heap     ] GC(33) Archive regions: 2->2
[2025-12-28T23:06:54.542+0000][258.130s][info][gc,heap     ] GC(33) Humongous regions: 38->38
[2025-12-28T23:06:54.542+0000][258.130s][info][gc,metaspace] GC(33) Metaspace: 72785K(73600K)->72785K(73600K) NonClass: 62612K(63040K)->62612K(63040K) Class: 10173K(10560K)->10173K(10560K)
[2025-12-28T23:06:54.542+0000][258.130s][info][gc          ] GC(33) Pause Young (Normal) (G1 Evacuation Pause) 1024M->73M(1588M) 4.362ms
[2025-12-28T23:06:54.542+0000][258.130s][info][gc,cpu      ] GC(33) User=0.02s Sys=0.00s Real=0.01s
[2025-12-28T23:07:06.749+0000][270.337s][info][gc,start    ] GC(34) Pause Young (Normal) (G1 Evacuation Pause)
[2025-12-28T23:07:06.750+0000][270.338s][info][gc,task     ] GC(34) Using 8 workers of 8 for evacuation
[2025-12-28T23:07:06.754+0000][270.343s][info][gc,phases   ] GC(34)   Pre Evacuate Collection Set: 0.5ms
[2025-12-28T23:07:06.755+0000][270.343s][info][gc,phases   ] GC(34)   Merge Heap Roots: 0.2ms
[2025-12-28T23:07:06.755+0000][270.343s][info][gc,phases   ] GC(34)   Evacuate Collection Set: 2.4ms
[2025-12-28T23:07:06.755+0000][270.343s][info][gc,phases   ] GC(34)   Post Evacuate Collection Set: 1.1ms
[2025-12-28T23:07:06.755+0000][270.343s][info][gc,phases   ] GC(34)   Other: 1.2ms
[2025-12-28T23:07:06.755+0000][270.343s][info][gc,heap     ] GC(34) Eden regions: 951->0(951)
[2025-12-28T23:07:06.755+0000][270.343s][info][gc,heap     ] GC(34) Survivor regions: 1->1(119)
[2025-12-28T23:07:06.755+0000][270.343s][info][gc,heap     ] GC(34) Old regions: 34->34
[2025-12-28T23:07:06.755+0000][270.344s][info][gc,heap     ] GC(34) Archive regions: 2->2
[2025-12-28T23:07:06.755+0000][270.344s][info][gc,heap     ] GC(34) Humongous regions: 38->38
[2025-12-28T23:07:06.755+0000][270.344s][info][gc,metaspace] GC(34) Metaspace: 72816K(73600K)->72816K(73600K) NonClass: 62643K(63040K)->62643K(63040K) Class: 10173K(10560K)->10173K(10560K)
[2025-12-28T23:07:06.756+0000][270.344s][info][gc          ] GC(34) Pause Young (Normal) (G1 Evacuation Pause) 1024M->73M(1588M) 6.346ms
[2025-12-28T23:07:06.756+0000][270.344s][info][gc,cpu      ] GC(34) User=0.02s Sys=0.00s Real=0.01s
[2025-12-28T23:07:18.914+0000][282.502s][info][gc,start    ] GC(35) Pause Young (Normal) (G1 Evacuation Pause)
[2025-12-28T23:07:18.918+0000][282.506s][info][gc,task     ] GC(35) Using 8 workers of 8 for evacuation
[2025-12-28T23:07:18.920+0000][282.508s][info][gc,phases   ] GC(35)   Pre Evacuate Collection Set: 0.3ms
[2025-12-28T23:07:18.920+0000][282.508s][info][gc,phases   ] GC(35)   Merge Heap Roots: 0.1ms
[2025-12-28T23:07:18.920+0000][282.508s][info][gc,phases   ] GC(35)   Evacuate Collection Set: 1.3ms
[2025-12-28T23:07:18.920+0000][282.508s][info][gc,phases   ] GC(35)   Post Evacuate Collection Set: 0.5ms
[2025-12-28T23:07:18.920+0000][282.508s][info][gc,phases   ] GC(35)   Other: 3.9ms
[2025-12-28T23:07:18.920+0000][282.508s][info][gc,heap     ] GC(35) Eden regions: 951->0(951)
[2025-12-28T23:07:18.920+0000][282.509s][info][gc,heap     ] GC(35) Survivor regions: 1->1(119)
[2025-12-28T23:07:18.920+0000][282.509s][info][gc,heap     ] GC(35) Old regions: 34->34
[2025-12-28T23:07:18.920+0000][282.509s][info][gc,heap     ] GC(35) Archive regions: 2->2
[2025-12-28T23:07:18.920+0000][282.509s][info][gc,heap     ] GC(35) Humongous regions: 38->38
[2025-12-28T23:07:18.921+0000][282.509s][info][gc,metaspace] GC(35) Metaspace: 72847K(73664K)->72847K(73664K) NonClass: 62673K(63104K)->62673K(63104K) Class: 10173K(10560K)->10173K(10560K)
[2025-12-28T23:07:18.921+0000][282.509s][info][gc          ] GC(35) Pause Young (Normal) (G1 Evacuation Pause) 1024M->73M(1588M) 6.693ms
[2025-12-28T23:07:18.921+0000][282.509s][info][gc,cpu      ] GC(35) User=0.00s Sys=0.00s Real=0.01s
[2025-12-28T23:07:31.100+0000][294.688s][info][gc,start    ] GC(36) Pause Young (Normal) (G1 Evacuation Pause)
[2025-12-28T23:07:31.100+0000][294.688s][info][gc,task     ] GC(36) Using 8 workers of 8 for evacuation
[2025-12-28T23:07:31.103+0000][294.692s][info][gc,phases   ] GC(36)   Pre Evacuate Collection Set: 0.4ms
[2025-12-28T23:07:31.104+0000][294.692s][info][gc,phases   ] GC(36)   Merge Heap Roots: 0.2ms
[2025-12-28T23:07:31.104+0000][294.692s][info][gc,phases   ] GC(36)   Evacuate Collection Set: 1.6ms
[2025-12-28T23:07:31.104+0000][294.692s][info][gc,phases   ] GC(36)   Post Evacuate Collection Set: 0.8ms
[2025-12-28T23:07:31.104+0000][294.692s][info][gc,phases   ] GC(36)   Other: 0.7ms
[2025-12-28T23:07:31.104+0000][294.692s][info][gc,heap     ] GC(36) Eden regions: 951->0(951)
[2025-12-28T23:07:31.104+0000][294.692s][info][gc,heap     ] GC(36) Survivor regions: 1->1(119)
[2025-12-28T23:07:31.104+0000][294.692s][info][gc,heap     ] GC(36) Old regions: 34->34
[2025-12-28T23:07:31.104+0000][294.692s][info][gc,heap     ] GC(36) Archive regions: 2->2
[2025-12-28T23:07:31.104+0000][294.692s][info][gc,heap     ] GC(36) Humongous regions: 38->38
[2025-12-28T23:07:31.104+0000][294.693s][info][gc,metaspace] GC(36) Metaspace: 72929K(73728K)->72929K(73728K) NonClass: 62755K(63168K)->62755K(63168K) Class: 10173K(10560K)->10173K(10560K)
[2025-12-28T23:07:31.104+0000][294.693s][info][gc          ] GC(36) Pause Young (Normal) (G1 Evacuation Pause) 1024M->73M(1588M) 4.587ms
[2025-12-28T23:07:31.104+0000][294.693s][info][gc,cpu      ] GC(36) User=0.01s Sys=0.00s Real=0.01s
[2025-12-28T23:07:43.250+0000][306.838s][info][gc,start    ] GC(37) Pause Young (Normal) (G1 Evacuation Pause)
[2025-12-28T23:07:43.250+0000][306.838s][info][gc,task     ] GC(37) Using 8 workers of 8 for evacuation
[2025-12-28T23:07:43.253+0000][306.841s][info][gc,phases   ] GC(37)   Pre Evacuate Collection Set: 0.3ms
[2025-12-28T23:07:43.253+0000][306.841s][info][gc,phases   ] GC(37)   Merge Heap Roots: 0.1ms
[2025-12-28T23:07:43.253+0000][306.841s][info][gc,phases   ] GC(37)   Evacuate Collection Set: 1.5ms
[2025-12-28T23:07:43.253+0000][306.841s][info][gc,phases   ] GC(37)   Post Evacuate Collection Set: 0.7ms
[2025-12-28T23:07:43.253+0000][306.841s][info][gc,phases   ] GC(37)   Other: 0.6ms
[2025-12-28T23:07:43.253+0000][306.841s][info][gc,heap     ] GC(37) Eden regions: 951->0(951)
[2025-12-28T23:07:43.253+0000][306.841s][info][gc,heap     ] GC(37) Survivor regions: 1->1(119)
[2025-12-28T23:07:43.253+0000][306.841s][info][gc,heap     ] GC(37) Old regions: 34->34
[2025-12-28T23:07:43.253+0000][306.841s][info][gc,heap     ] GC(37) Archive regions: 2->2
[2025-12-28T23:07:43.253+0000][306.841s][info][gc,heap     ] GC(37) Humongous regions: 38->38
[2025-12-28T23:07:43.253+0000][306.842s][info][gc,metaspace] GC(37) Metaspace: 72933K(73728K)->72933K(73728K) NonClass: 62759K(63168K)->62759K(63168K) Class: 10173K(10560K)->10173K(10560K)
[2025-12-28T23:07:43.253+0000][306.842s][info][gc          ] GC(37) Pause Young (Normal) (G1 Evacuation Pause) 1024M->73M(1588M) 3.890ms
[2025-12-28T23:07:43.254+0000][306.842s][info][gc,cpu      ] GC(37) User=0.01s Sys=0.00s Real=0.01s
[2025-12-28T23:07:55.948+0000][319.536s][info][gc,start    ] GC(38) Pause Young (Normal) (G1 Evacuation Pause)
[2025-12-28T23:07:55.949+0000][319.537s][info][gc,task     ] GC(38) Using 8 workers of 8 for evacuation
[2025-12-28T23:07:55.951+0000][319.539s][info][gc,phases   ] GC(38)   Pre Evacuate Collection Set: 0.2ms
[2025-12-28T23:07:55.951+0000][319.539s][info][gc,phases   ] GC(38)   Merge Heap Roots: 0.2ms
[2025-12-28T23:07:55.951+0000][319.539s][info][gc,phases   ] GC(38)   Evacuate Collection Set: 1.2ms
[2025-12-28T23:07:55.951+0000][319.539s][info][gc,phases   ] GC(38)   Post Evacuate Collection Set: 0.5ms
[2025-12-28T23:07:55.951+0000][319.539s][info][gc,phases   ] GC(38)   Other: 1.1ms
[2025-12-28T23:07:55.951+0000][319.540s][info][gc,heap     ] GC(38) Eden regions: 951->0(950)
[2025-12-28T23:07:55.951+0000][319.540s][info][gc,heap     ] GC(38) Survivor regions: 1->2(119)
[2025-12-28T23:07:55.951+0000][319.540s][info][gc,heap     ] GC(38) Old regions: 34->34
[2025-12-28T23:07:55.952+0000][319.540s][info][gc,heap     ] GC(38) Archive regions: 2->2
[2025-12-28T23:07:55.952+0000][319.540s][info][gc,heap     ] GC(38) Humongous regions: 38->38
[2025-12-28T23:07:55.952+0000][319.540s][info][gc,metaspace] GC(38) Metaspace: 72967K(73728K)->72967K(73728K) NonClass: 62794K(63168K)->62794K(63168K) Class: 10173K(10560K)->10173K(10560K)
[2025-12-28T23:07:55.952+0000][319.540s][info][gc          ] GC(38) Pause Young (Normal) (G1 Evacuation Pause) 1024M->73M(1588M) 3.852ms
[2025-12-28T23:07:55.952+0000][319.540s][info][gc,cpu      ] GC(38) User=0.01s Sys=0.00s Real=0.01s
[2025-12-28T23:08:09.226+0000][332.814s][info][gc,start    ] GC(39) Pause Young (Normal) (G1 Evacuation Pause)
[2025-12-28T23:08:09.227+0000][332.815s][info][gc,task     ] GC(39) Using 8 workers of 8 for evacuation
[2025-12-28T23:08:09.230+0000][332.818s][info][gc,phases   ] GC(39)   Pre Evacuate Collection Set: 0.3ms
[2025-12-28T23:08:09.230+0000][332.818s][info][gc,phases   ] GC(39)   Merge Heap Roots: 0.2ms
[2025-12-28T23:08:09.230+0000][332.819s][info][gc,phases   ] GC(39)   Evacuate Collection Set: 1.7ms
[2025-12-28T23:08:09.230+0000][332.819s][info][gc,phases   ] GC(39)   Post Evacuate Collection Set: 0.7ms
[2025-12-28T23:08:09.231+0000][332.819s][info][gc,phases   ] GC(39)   Other: 1.4ms
[2025-12-28T23:08:09.231+0000][332.819s][info][gc,heap     ] GC(39) Eden regions: 950->0(950)
[2025-12-28T23:08:09.231+0000][332.819s][info][gc,heap     ] GC(39) Survivor regions: 2->2(119)
[2025-12-28T23:08:09.231+0000][332.819s][info][gc,heap     ] GC(39) Old regions: 34->34
[2025-12-28T23:08:09.231+0000][332.819s][info][gc,heap     ] GC(39) Archive regions: 2->2
[2025-12-28T23:08:09.231+0000][332.819s][info][gc,heap     ] GC(39) Humongous regions: 41->39
[2025-12-28T23:08:09.231+0000][332.819s][info][gc,metaspace] GC(39) Metaspace: 73088K(73856K)->73088K(73856K) NonClass: 62901K(63296K)->62901K(63296K) Class: 10186K(10560K)->10186K(10560K)
[2025-12-28T23:08:09.231+0000][332.820s][info][gc          ] GC(39) Pause Young (Normal) (G1 Evacuation Pause) 1026M->74M(1588M) 5.454ms
[2025-12-28T23:08:09.232+0000][332.820s][info][gc,cpu      ] GC(39) User=0.02s Sys=0.00s Real=0.01s
[2025-12-28T23:08:21.498+0000][345.086s][info][gc,start    ] GC(40) Pause Young (Normal) (G1 Evacuation Pause)
[2025-12-28T23:08:21.499+0000][345.087s][info][gc,task     ] GC(40) Using 8 workers of 8 for evacuation
[2025-12-28T23:08:21.501+0000][345.089s][info][gc,phases   ] GC(40)   Pre Evacuate Collection Set: 0.2ms
[2025-12-28T23:08:21.501+0000][345.089s][info][gc,phases   ] GC(40)   Merge Heap Roots: 0.2ms
[2025-12-28T23:08:21.501+0000][345.089s][info][gc,phases   ] GC(40)   Evacuate Collection Set: 1.3ms
[2025-12-28T23:08:21.501+0000][345.090s][info][gc,phases   ] GC(40)   Post Evacuate Collection Set: 0.5ms
[2025-12-28T23:08:21.501+0000][345.090s][info][gc,phases   ] GC(40)   Other: 0.9ms
[2025-12-28T23:08:21.501+0000][345.090s][info][gc,heap     ] GC(40) Eden regions: 950->0(951)
[2025-12-28T23:08:21.502+0000][345.090s][info][gc,heap     ] GC(40) Survivor regions: 2->1(119)
[2025-12-28T23:08:21.502+0000][345.090s][info][gc,heap     ] GC(40) Old regions: 34->35
[2025-12-28T23:08:21.502+0000][345.090s][info][gc,heap     ] GC(40) Archive regions: 2->2
[2025-12-28T23:08:21.502+0000][345.090s][info][gc,heap     ] GC(40) Humongous regions: 39->39
[2025-12-28T23:08:21.502+0000][345.090s][info][gc,metaspace] GC(40) Metaspace: 73119K(73856K)->73119K(73856K) NonClass: 62933K(63296K)->62933K(63296K) Class: 10186K(10560K)->10186K(10560K)
[2025-12-28T23:08:21.502+0000][345.090s][info][gc          ] GC(40) Pause Young (Normal) (G1 Evacuation Pause) 1024M->74M(1588M) 3.678ms
[2025-12-28T23:08:21.502+0000][345.090s][info][gc,cpu      ] GC(40) User=0.01s Sys=0.00s Real=0.01s
[2025-12-28T23:08:33.370+0000][356.958s][info][gc,start    ] GC(41) Pause Young (Normal) (G1 Evacuation Pause)
[2025-12-28T23:08:33.371+0000][356.959s][info][gc,task     ] GC(41) Using 8 workers of 8 for evacuation
[2025-12-28T23:08:33.374+0000][356.962s][info][gc,phases   ] GC(41)   Pre Evacuate Collection Set: 0.4ms
[2025-12-28T23:08:33.374+0000][356.962s][info][gc,phases   ] GC(41)   Merge Heap Roots: 0.2ms
[2025-12-28T23:08:33.374+0000][356.962s][info][gc,phases   ] GC(41)   Evacuate Collection Set: 1.7ms
[2025-12-28T23:08:33.374+0000][356.963s][info][gc,phases   ] GC(41)   Post Evacuate Collection Set: 0.8ms
[2025-12-28T23:08:33.374+0000][356.963s][info][gc,phases   ] GC(41)   Other: 1.1ms
[2025-12-28T23:08:33.375+0000][356.963s][info][gc,heap     ] GC(41) Eden regions: 951->0(951)
[2025-12-28T23:08:33.375+0000][356.963s][info][gc,heap     ] GC(41) Survivor regions: 1->1(119)
[2025-12-28T23:08:33.375+0000][356.963s][info][gc,heap     ] GC(41) Old regions: 35->35
[2025-12-28T23:08:33.375+0000][356.963s][info][gc,heap     ] GC(41) Archive regions: 2->2
[2025-12-28T23:08:33.375+0000][356.963s][info][gc,heap     ] GC(41) Humongous regions: 39->39
[2025-12-28T23:08:33.375+0000][356.963s][info][gc,metaspace] GC(41) Metaspace: 73259K(73984K)->73259K(73984K) NonClass: 63071K(63424K)->63071K(63424K) Class: 10187K(10560K)->10187K(10560K)
[2025-12-28T23:08:33.375+0000][356.963s][info][gc          ] GC(41) Pause Young (Normal) (G1 Evacuation Pause) 1025M->75M(1588M) 4.990ms
[2025-12-28T23:08:33.375+0000][356.963s][info][gc,cpu      ] GC(41) User=0.02s Sys=0.00s Real=0.01s
[2025-12-28T23:08:45.727+0000][369.315s][info][gc,start    ] GC(42) Pause Young (Normal) (G1 Evacuation Pause)
[2025-12-28T23:08:45.728+0000][369.316s][info][gc,task     ] GC(42) Using 8 workers of 8 for evacuation
[2025-12-28T23:08:45.730+0000][369.319s][info][gc,phases   ] GC(42)   Pre Evacuate Collection Set: 0.2ms
[2025-12-28T23:08:45.730+0000][369.319s][info][gc,phases   ] GC(42)   Merge Heap Roots: 0.1ms
[2025-12-28T23:08:45.731+0000][369.319s][info][gc,phases   ] GC(42)   Evacuate Collection Set: 1.3ms
[2025-12-28T23:08:45.731+0000][369.319s][info][gc,phases   ] GC(42)   Post Evacuate Collection Set: 0.6ms
[2025-12-28T23:08:45.731+0000][369.319s][info][gc,phases   ] GC(42)   Other: 1.2ms
[2025-12-28T23:08:45.731+0000][369.319s][info][gc,heap     ] GC(42) Eden regions: 951->0(951)
[2025-12-28T23:08:45.731+0000][369.319s][info][gc,heap     ] GC(42) Survivor regions: 1->1(119)
[2025-12-28T23:08:45.731+0000][369.319s][info][gc,heap     ] GC(42) Old regions: 35->35
[2025-12-28T23:08:45.731+0000][369.319s][info][gc,heap     ] GC(42) Archive regions: 2->2
[2025-12-28T23:08:45.731+0000][369.319s][info][gc,heap     ] GC(42) Humongous regions: 39->39
[2025-12-28T23:08:45.731+0000][369.319s][info][gc,metaspace] GC(42) Metaspace: 73284K(74048K)->73284K(74048K) NonClass: 63096K(63488K)->63096K(63488K) Class: 10187K(10560K)->10187K(10560K)
[2025-12-28T23:08:45.731+0000][369.319s][info][gc          ] GC(42) Pause Young (Normal) (G1 Evacuation Pause) 1026M->75M(1588M) 4.077ms
[2025-12-28T23:08:45.731+0000][369.319s][info][gc,cpu      ] GC(42) User=0.02s Sys=0.00s Real=0.01s
[2025-12-28T23:08:58.027+0000][381.615s][info][gc,start    ] GC(43) Pause Young (Normal) (G1 Evacuation Pause)
[2025-12-28T23:08:58.027+0000][381.616s][info][gc,task     ] GC(43) Using 8 workers of 8 for evacuation
[2025-12-28T23:08:58.030+0000][381.618s][info][gc,phases   ] GC(43)   Pre Evacuate Collection Set: 0.2ms
[2025-12-28T23:08:58.030+0000][381.618s][info][gc,phases   ] GC(43)   Merge Heap Roots: 0.1ms
[2025-12-28T23:08:58.030+0000][381.618s][info][gc,phases   ] GC(43)   Evacuate Collection Set: 1.2ms
[2025-12-28T23:08:58.030+0000][381.618s][info][gc,phases   ] GC(43)   Post Evacuate Collection Set: 0.5ms
[2025-12-28T23:08:58.030+0000][381.618s][info][gc,phases   ] GC(43)   Other: 1.1ms
[2025-12-28T23:08:58.030+0000][381.618s][info][gc,heap     ] GC(43) Eden regions: 951->0(951)
[2025-12-28T23:08:58.030+0000][381.618s][info][gc,heap     ] GC(43) Survivor regions: 1->1(119)
[2025-12-28T23:08:58.030+0000][381.618s][info][gc,heap     ] GC(43) Old regions: 35->35
[2025-12-28T23:08:58.030+0000][381.619s][info][gc,heap     ] GC(43) Archive regions: 2->2
[2025-12-28T23:08:58.030+0000][381.619s][info][gc,heap     ] GC(43) Humongous regions: 39->39
[2025-12-28T23:08:58.030+0000][381.619s][info][gc,metaspace] GC(43) Metaspace: 73289K(74048K)->73289K(74048K) NonClass: 63101K(63488K)->63101K(63488K) Class: 10187K(10560K)->10187K(10560K)
[2025-12-28T23:08:58.031+0000][381.619s][info][gc          ] GC(43) Pause Young (Normal) (G1 Evacuation Pause) 1026M->75M(1588M) 3.982ms
[2025-12-28T23:08:58.031+0000][381.619s][info][gc,cpu      ] GC(43) User=0.01s Sys=0.00s Real=0.01s
[2025-12-28T23:09:10.960+0000][394.548s][info][gc,start    ] GC(44) Pause Young (Normal) (G1 Evacuation Pause)
[2025-12-28T23:09:10.963+0000][394.551s][info][gc,task     ] GC(44) Using 8 workers of 8 for evacuation
[2025-12-28T23:09:10.966+0000][394.554s][info][gc,phases   ] GC(44)   Pre Evacuate Collection Set: 0.2ms
[2025-12-28T23:09:10.966+0000][394.554s][info][gc,phases   ] GC(44)   Merge Heap Roots: 0.2ms
[2025-12-28T23:09:10.966+0000][394.554s][info][gc,phases   ] GC(44)   Evacuate Collection Set: 1.6ms
[2025-12-28T23:09:10.966+0000][394.554s][info][gc,phases   ] GC(44)   Post Evacuate Collection Set: 0.7ms
[2025-12-28T23:09:10.966+0000][394.555s][info][gc,phases   ] GC(44)   Other: 3.3ms
[2025-12-28T23:09:10.966+0000][394.555s][info][gc,heap     ] GC(44) Eden regions: 951->0(951)
[2025-12-28T23:09:10.966+0000][394.555s][info][gc,heap     ] GC(44) Survivor regions: 1->1(119)
[2025-12-28T23:09:10.966+0000][394.555s][info][gc,heap     ] GC(44) Old regions: 35->35
[2025-12-28T23:09:10.967+0000][394.555s][info][gc,heap     ] GC(44) Archive regions: 2->2
[2025-12-28T23:09:10.967+0000][394.555s][info][gc,heap     ] GC(44) Humongous regions: 39->39
[2025-12-28T23:09:10.967+0000][394.555s][info][gc,metaspace] GC(44) Metaspace: 73296K(74048K)->73296K(74048K) NonClass: 63109K(63488K)->63109K(63488K) Class: 10187K(10560K)->10187K(10560K)
[2025-12-28T23:09:10.967+0000][394.555s][info][gc          ] GC(44) Pause Young (Normal) (G1 Evacuation Pause) 1026M->75M(1588M) 6.632ms
[2025-12-28T23:09:10.967+0000][394.555s][info][gc,cpu      ] GC(44) User=0.02s Sys=0.00s Real=0.00s
[2025-12-28T23:09:24.034+0000][407.622s][info][gc,start    ] GC(45) Pause Young (Normal) (G1 Evacuation Pause)
[2025-12-28T23:09:24.036+0000][407.624s][info][gc,task     ] GC(45) Using 8 workers of 8 for evacuation
[2025-12-28T23:09:24.040+0000][407.628s][info][gc,phases   ] GC(45)   Pre Evacuate Collection Set: 0.4ms
[2025-12-28T23:09:24.041+0000][407.629s][info][gc,phases   ] GC(45)   Merge Heap Roots: 0.2ms
[2025-12-28T23:09:24.041+0000][407.629s][info][gc,phases   ] GC(45)   Evacuate Collection Set: 2.1ms
[2025-12-28T23:09:24.041+0000][407.629s][info][gc,phases   ] GC(45)   Post Evacuate Collection Set: 1.0ms
[2025-12-28T23:09:24.041+0000][407.630s][info][gc,phases   ] GC(45)   Other: 2.5ms
[2025-12-28T23:09:24.041+0000][407.630s][info][gc,heap     ] GC(45) Eden regions: 951->0(951)
[2025-12-28T23:09:24.042+0000][407.630s][info][gc,heap     ] GC(45) Survivor regions: 1->1(119)
[2025-12-28T23:09:24.042+0000][407.630s][info][gc,heap     ] GC(45) Old regions: 35->35
[2025-12-28T23:09:24.042+0000][407.630s][info][gc,heap     ] GC(45) Archive regions: 2->2
[2025-12-28T23:09:24.042+0000][407.630s][info][gc,heap     ] GC(45) Humongous regions: 39->39
[2025-12-28T23:09:24.042+0000][407.630s][info][gc,metaspace] GC(45) Metaspace: 73364K(74112K)->73364K(74112K) NonClass: 63177K(63552K)->63177K(63552K) Class: 10187K(10560K)->10187K(10560K)
[2025-12-28T23:09:24.042+0000][407.630s][info][gc          ] GC(45) Pause Young (Normal) (G1 Evacuation Pause) 1026M->75M(1588M) 8.022ms
[2025-12-28T23:09:24.042+0000][407.630s][info][gc,cpu      ] GC(45) User=0.02s Sys=0.00s Real=0.01s
[2025-12-28T23:09:36.354+0000][419.942s][info][gc,start    ] GC(46) Pause Young (Normal) (G1 Evacuation Pause)
[2025-12-28T23:09:36.354+0000][419.942s][info][gc,task     ] GC(46) Using 8 workers of 8 for evacuation
[2025-12-28T23:09:36.356+0000][419.944s][info][gc,phases   ] GC(46)   Pre Evacuate Collection Set: 0.2ms
[2025-12-28T23:09:36.356+0000][419.945s][info][gc,phases   ] GC(46)   Merge Heap Roots: 0.2ms
[2025-12-28T23:09:36.357+0000][419.945s][info][gc,phases   ] GC(46)   Evacuate Collection Set: 1.2ms
[2025-12-28T23:09:36.357+0000][419.945s][info][gc,phases   ] GC(46)   Post Evacuate Collection Set: 0.5ms
[2025-12-28T23:09:36.357+0000][419.945s][info][gc,phases   ] GC(46)   Other: 0.5ms
[2025-12-28T23:09:36.357+0000][419.945s][info][gc,heap     ] GC(46) Eden regions: 951->0(951)
[2025-12-28T23:09:36.357+0000][419.945s][info][gc,heap     ] GC(46) Survivor regions: 1->1(119)
[2025-12-28T23:09:36.357+0000][419.945s][info][gc,heap     ] GC(46) Old regions: 35->35
[2025-12-28T23:09:36.357+0000][419.945s][info][gc,heap     ] GC(46) Archive regions: 2->2
[2025-12-28T23:09:36.357+0000][419.946s][info][gc,heap     ] GC(46) Humongous regions: 39->39
[2025-12-28T23:09:36.357+0000][419.946s][info][gc,metaspace] GC(46) Metaspace: 73370K(74112K)->73370K(74112K) NonClass: 63182K(63552K)->63182K(63552K) Class: 10187K(10560K)->10187K(10560K)
[2025-12-28T23:09:36.358+0000][419.946s][info][gc          ] GC(46) Pause Young (Normal) (G1 Evacuation Pause) 1026M->75M(1588M) 3.810ms
[2025-12-28T23:09:36.358+0000][419.946s][info][gc,cpu      ] GC(46) User=0.01s Sys=0.00s Real=0.00s
[2025-12-28T23:09:48.432+0000][432.020s][info][gc,start    ] GC(47) Pause Young (Normal) (G1 Evacuation Pause)
[2025-12-28T23:09:48.433+0000][432.021s][info][gc,task     ] GC(47) Using 8 workers of 8 for evacuation
[2025-12-28T23:09:48.434+0000][432.023s][info][gc,phases   ] GC(47)   Pre Evacuate Collection Set: 0.2ms
[2025-12-28T23:09:48.435+0000][432.023s][info][gc,phases   ] GC(47)   Merge Heap Roots: 0.2ms
[2025-12-28T23:09:48.435+0000][432.023s][info][gc,phases   ] GC(47)   Evacuate Collection Set: 0.8ms
[2025-12-28T23:09:48.435+0000][432.023s][info][gc,phases   ] GC(47)   Post Evacuate Collection Set: 0.4ms
[2025-12-28T23:09:48.435+0000][432.023s][info][gc,phases   ] GC(47)   Other: 1.1ms
[2025-12-28T23:09:48.435+0000][432.023s][info][gc,heap     ] GC(47) Eden regions: 951->0(951)
[2025-12-28T23:09:48.435+0000][432.023s][info][gc,heap     ] GC(47) Survivor regions: 1->1(119)
[2025-12-28T23:09:48.435+0000][432.023s][info][gc,heap     ] GC(47) Old regions: 35->35
[2025-12-28T23:09:48.435+0000][432.023s][info][gc,heap     ] GC(47) Archive regions: 2->2
[2025-12-28T23:09:48.435+0000][432.023s][info][gc,heap     ] GC(47) Humongous regions: 39->39
[2025-12-28T23:09:48.435+0000][432.023s][info][gc,metaspace] GC(47) Metaspace: 73376K(74112K)->73376K(74112K) NonClass: 63189K(63552K)->63189K(63552K) Class: 10187K(10560K)->10187K(10560K)
[2025-12-28T23:09:48.435+0000][432.024s][info][gc          ] GC(47) Pause Young (Normal) (G1 Evacuation Pause) 1026M->75M(1588M) 3.549ms
[2025-12-28T23:09:48.435+0000][432.024s][info][gc,cpu      ] GC(47) User=0.00s Sys=0.00s Real=0.00s
[2025-12-28T23:10:00.485+0000][444.073s][info][gc,start    ] GC(48) Pause Young (Normal) (G1 Evacuation Pause)
[2025-12-28T23:10:00.486+0000][444.074s][info][gc,task     ] GC(48) Using 8 workers of 8 for evacuation
[2025-12-28T23:10:00.488+0000][444.076s][info][gc,phases   ] GC(48)   Pre Evacuate Collection Set: 0.2ms
[2025-12-28T23:10:00.488+0000][444.076s][info][gc,phases   ] GC(48)   Merge Heap Roots: 0.2ms
[2025-12-28T23:10:00.488+0000][444.077s][info][gc,phases   ] GC(48)   Evacuate Collection Set: 1.0ms
[2025-12-28T23:10:00.488+0000][444.077s][info][gc,phases   ] GC(48)   Post Evacuate Collection Set: 0.5ms
[2025-12-28T23:10:00.488+0000][444.077s][info][gc,phases   ] GC(48)   Other: 1.1ms
[2025-12-28T23:10:00.489+0000][444.077s][info][gc,heap     ] GC(48) Eden regions: 951->0(951)
[2025-12-28T23:10:00.489+0000][444.077s][info][gc,heap     ] GC(48) Survivor regions: 1->1(119)
[2025-12-28T23:10:00.489+0000][444.077s][info][gc,heap     ] GC(48) Old regions: 35->35
[2025-12-28T23:10:00.489+0000][444.077s][info][gc,heap     ] GC(48) Archive regions: 2->2
[2025-12-28T23:10:00.489+0000][444.077s][info][gc,heap     ] GC(48) Humongous regions: 39->39
[2025-12-28T23:10:00.489+0000][444.077s][info][gc,metaspace] GC(48) Metaspace: 73381K(74112K)->73381K(74112K) NonClass: 63194K(63552K)->63194K(63552K) Class: 10187K(10560K)->10187K(10560K)
[2025-12-28T23:10:00.489+0000][444.077s][info][gc          ] GC(48) Pause Young (Normal) (G1 Evacuation Pause) 1026M->75M(1588M) 3.825ms
[2025-12-28T23:10:00.489+0000][444.077s][info][gc,cpu      ] GC(48) User=0.01s Sys=0.00s Real=0.00s
[2025-12-28T23:10:12.561+0000][456.150s][info][gc,start    ] GC(49) Pause Young (Normal) (G1 Evacuation Pause)
[2025-12-28T23:10:12.562+0000][456.150s][info][gc,task     ] GC(49) Using 8 workers of 8 for evacuation
[2025-12-28T23:10:12.565+0000][456.153s][info][gc,phases   ] GC(49)   Pre Evacuate Collection Set: 0.3ms
[2025-12-28T23:10:12.565+0000][456.153s][info][gc,phases   ] GC(49)   Merge Heap Roots: 0.2ms
[2025-12-28T23:10:12.565+0000][456.153s][info][gc,phases   ] GC(49)   Evacuate Collection Set: 1.4ms
[2025-12-28T23:10:12.565+0000][456.153s][info][gc,phases   ] GC(49)   Post Evacuate Collection Set: 0.6ms
[2025-12-28T23:10:12.565+0000][456.153s][info][gc,phases   ] GC(49)   Other: 0.7ms
[2025-12-28T23:10:12.565+0000][456.153s][info][gc,heap     ] GC(49) Eden regions: 951->0(951)
[2025-12-28T23:10:12.565+0000][456.153s][info][gc,heap     ] GC(49) Survivor regions: 1->1(119)
[2025-12-28T23:10:12.565+0000][456.154s][info][gc,heap     ] GC(49) Old regions: 35->35
[2025-12-28T23:10:12.565+0000][456.154s][info][gc,heap     ] GC(49) Archive regions: 2->2
[2025-12-28T23:10:12.566+0000][456.154s][info][gc,heap     ] GC(49) Humongous regions: 39->39
[2025-12-28T23:10:12.566+0000][456.154s][info][gc,metaspace] GC(49) Metaspace: 73386K(74112K)->73386K(74112K) NonClass: 63198K(63552K)->63198K(63552K) Class: 10187K(10560K)->10187K(10560K)
[2025-12-28T23:10:12.566+0000][456.154s][info][gc          ] GC(49) Pause Young (Normal) (G1 Evacuation Pause) 1026M->75M(1588M) 4.231ms
[2025-12-28T23:10:12.566+0000][456.154s][info][gc,cpu      ] GC(49) User=0.01s Sys=0.00s Real=0.00s
[2025-12-28T23:10:25.937+0000][469.525s][info][gc,start    ] GC(50) Pause Young (Normal) (G1 Evacuation Pause)
[2025-12-28T23:10:25.938+0000][469.526s][info][gc,task     ] GC(50) Using 8 workers of 8 for evacuation
[2025-12-28T23:10:25.941+0000][469.529s][info][gc,phases   ] GC(50)   Pre Evacuate Collection Set: 0.3ms
[2025-12-28T23:10:25.941+0000][469.529s][info][gc,phases   ] GC(50)   Merge Heap Roots: 0.2ms
[2025-12-28T23:10:25.941+0000][469.529s][info][gc,phases   ] GC(50)   Evacuate Collection Set: 1.4ms
[2025-12-28T23:10:25.941+0000][469.529s][info][gc,phases   ] GC(50)   Post Evacuate Collection Set: 0.8ms
[2025-12-28T23:10:25.941+0000][469.529s][info][gc,phases   ] GC(50)   Other: 1.2ms
[2025-12-28T23:10:25.941+0000][469.529s][info][gc,heap     ] GC(50) Eden regions: 951->0(951)
[2025-12-28T23:10:25.941+0000][469.529s][info][gc,heap     ] GC(50) Survivor regions: 1->1(119)
[2025-12-28T23:10:25.941+0000][469.530s][info][gc,heap     ] GC(50) Old regions: 35->35
[2025-12-28T23:10:25.941+0000][469.530s][info][gc,heap     ] GC(50) Archive regions: 2->2
[2025-12-28T23:10:25.942+0000][469.530s][info][gc,heap     ] GC(50) Humongous regions: 39->39
[2025-12-28T23:10:25.942+0000][469.530s][info][gc,metaspace] GC(50) Metaspace: 73494K(74240K)->73494K(74240K) NonClass: 63307K(63680K)->63307K(63680K) Class: 10187K(10560K)->10187K(10560K)
[2025-12-28T23:10:25.942+0000][469.530s][info][gc          ] GC(50) Pause Young (Normal) (G1 Evacuation Pause) 1026M->75M(1588M) 5.076ms
[2025-12-28T23:10:25.942+0000][469.530s][info][gc,cpu      ] GC(50) User=0.02s Sys=0.00s Real=0.01s
[2025-12-28T23:10:38.324+0000][481.912s][info][gc,start    ] GC(51) Pause Young (Normal) (G1 Evacuation Pause)
[2025-12-28T23:10:38.325+0000][481.913s][info][gc,task     ] GC(51) Using 8 workers of 8 for evacuation
[2025-12-28T23:10:38.328+0000][481.916s][info][gc,phases   ] GC(51)   Pre Evacuate Collection Set: 0.3ms
[2025-12-28T23:10:38.328+0000][481.916s][info][gc,phases   ] GC(51)   Merge Heap Roots: 0.2ms
[2025-12-28T23:10:38.328+0000][481.916s][info][gc,phases   ] GC(51)   Evacuate Collection Set: 1.5ms
[2025-12-28T23:10:38.328+0000][481.917s][info][gc,phases   ] GC(51)   Post Evacuate Collection Set: 0.7ms
[2025-12-28T23:10:38.328+0000][481.917s][info][gc,phases   ] GC(51)   Other: 1.3ms
[2025-12-28T23:10:38.329+0000][481.917s][info][gc,heap     ] GC(51) Eden regions: 951->0(951)
[2025-12-28T23:10:38.329+0000][481.917s][info][gc,heap     ] GC(51) Survivor regions: 1->1(119)
[2025-12-28T23:10:38.329+0000][481.917s][info][gc,heap     ] GC(51) Old regions: 35->35
[2025-12-28T23:10:38.329+0000][481.917s][info][gc,heap     ] GC(51) Archive regions: 2->2
[2025-12-28T23:10:38.329+0000][481.917s][info][gc,heap     ] GC(51) Humongous regions: 39->39
[2025-12-28T23:10:38.329+0000][481.917s][info][gc,metaspace] GC(51) Metaspace: 73518K(74240K)->73518K(74240K) NonClass: 63331K(63680K)->63331K(63680K) Class: 10187K(10560K)->10187K(10560K)
[2025-12-28T23:10:38.329+0000][481.917s][info][gc          ] GC(51) Pause Young (Normal) (G1 Evacuation Pause) 1026M->75M(1588M) 4.935ms
[2025-12-28T23:10:38.329+0000][481.917s][info][gc,cpu      ] GC(51) User=0.02s Sys=0.00s Real=0.00s
[2025-12-28T23:10:50.682+0000][494.270s][info][gc,start    ] GC(52) Pause Young (Normal) (G1 Evacuation Pause)
[2025-12-28T23:10:50.683+0000][494.271s][info][gc,task     ] GC(52) Using 8 workers of 8 for evacuation
[2025-12-28T23:10:50.686+0000][494.274s][info][gc,phases   ] GC(52)   Pre Evacuate Collection Set: 0.3ms
[2025-12-28T23:10:50.686+0000][494.274s][info][gc,phases   ] GC(52)   Merge Heap Roots: 0.2ms
[2025-12-28T23:10:50.686+0000][494.274s][info][gc,phases   ] GC(52)   Evacuate Collection Set: 1.5ms
[2025-12-28T23:10:50.686+0000][494.274s][info][gc,phases   ] GC(52)   Post Evacuate Collection Set: 0.6ms
[2025-12-28T23:10:50.686+0000][494.274s][info][gc,phases   ] GC(52)   Other: 1.3ms
[2025-12-28T23:10:50.686+0000][494.275s][info][gc,heap     ] GC(52) Eden regions: 951->0(951)
[2025-12-28T23:10:50.686+0000][494.275s][info][gc,heap     ] GC(52) Survivor regions: 1->1(119)
[2025-12-28T23:10:50.687+0000][494.275s][info][gc,heap     ] GC(52) Old regions: 35->35
[2025-12-28T23:10:50.687+0000][494.275s][info][gc,heap     ] GC(52) Archive regions: 2->2
[2025-12-28T23:10:50.687+0000][494.275s][info][gc,heap     ] GC(52) Humongous regions: 39->39
[2025-12-28T23:10:50.687+0000][494.275s][info][gc,metaspace] GC(52) Metaspace: 73526K(74240K)->73526K(74240K) NonClass: 63339K(63680K)->63339K(63680K) Class: 10187K(10560K)->10187K(10560K)
[2025-12-28T23:10:50.687+0000][494.275s][info][gc          ] GC(52) Pause Young (Normal) (G1 Evacuation Pause) 1026M->75M(1588M) 4.740ms
[2025-12-28T23:10:50.687+0000][494.275s][info][gc,cpu      ] GC(52) User=0.01s Sys=0.00s Real=0.00s
[2025-12-28T23:11:02.836+0000][506.424s][info][gc,start    ] GC(53) Pause Young (Normal) (G1 Evacuation Pause)
[2025-12-28T23:11:02.836+0000][506.424s][info][gc,task     ] GC(53) Using 8 workers of 8 for evacuation
[2025-12-28T23:11:02.839+0000][506.427s][info][gc,phases   ] GC(53)   Pre Evacuate Collection Set: 0.2ms
[2025-12-28T23:11:02.839+0000][506.427s][info][gc,phases   ] GC(53)   Merge Heap Roots: 0.2ms
[2025-12-28T23:11:02.839+0000][506.427s][info][gc,phases   ] GC(53)   Evacuate Collection Set: 1.2ms
[2025-12-28T23:11:02.839+0000][506.427s][info][gc,phases   ] GC(53)   Post Evacuate Collection Set: 0.6ms
[2025-12-28T23:11:02.839+0000][506.427s][info][gc,phases   ] GC(53)   Other: 0.7ms
[2025-12-28T23:11:02.839+0000][506.427s][info][gc,heap     ] GC(53) Eden regions: 951->0(951)
[2025-12-28T23:11:02.839+0000][506.427s][info][gc,heap     ] GC(53) Survivor regions: 1->1(119)
[2025-12-28T23:11:02.839+0000][506.427s][info][gc,heap     ] GC(53) Old regions: 35->35
[2025-12-28T23:11:02.839+0000][506.427s][info][gc,heap     ] GC(53) Archive regions: 2->2
[2025-12-28T23:11:02.839+0000][506.428s][info][gc,heap     ] GC(53) Humongous regions: 39->39
[2025-12-28T23:11:02.839+0000][506.428s][info][gc,metaspace] GC(53) Metaspace: 73527K(74240K)->73527K(74240K) NonClass: 63340K(63680K)->63340K(63680K) Class: 10187K(10560K)->10187K(10560K)
[2025-12-28T23:11:02.840+0000][506.428s][info][gc          ] GC(53) Pause Young (Normal) (G1 Evacuation Pause) 1026M->75M(1588M) 3.872ms
[2025-12-28T23:11:02.840+0000][506.428s][info][gc,cpu      ] GC(53) User=0.01s Sys=0.00s Real=0.00s
[2025-12-28T23:11:14.838+0000][518.426s][info][gc,start    ] GC(54) Pause Young (Normal) (G1 Evacuation Pause)
[2025-12-28T23:11:14.839+0000][518.427s][info][gc,task     ] GC(54) Using 8 workers of 8 for evacuation
[2025-12-28T23:11:14.841+0000][518.429s][info][gc,phases   ] GC(54)   Pre Evacuate Collection Set: 0.3ms
[2025-12-28T23:11:14.841+0000][518.429s][info][gc,phases   ] GC(54)   Merge Heap Roots: 0.2ms
[2025-12-28T23:11:14.841+0000][518.430s][info][gc,phases   ] GC(54)   Evacuate Collection Set: 1.1ms
[2025-12-28T23:11:14.841+0000][518.430s][info][gc,phases   ] GC(54)   Post Evacuate Collection Set: 0.6ms
[2025-12-28T23:11:14.842+0000][518.430s][info][gc,phases   ] GC(54)   Other: 1.2ms
[2025-12-28T23:11:14.842+0000][518.430s][info][gc,heap     ] GC(54) Eden regions: 951->0(951)
[2025-12-28T23:11:14.842+0000][518.430s][info][gc,heap     ] GC(54) Survivor regions: 1->1(119)
[2025-12-28T23:11:14.842+0000][518.430s][info][gc,heap     ] GC(54) Old regions: 35->36
[2025-12-28T23:11:14.842+0000][518.430s][info][gc,heap     ] GC(54) Archive regions: 2->2
[2025-12-28T23:11:14.842+0000][518.430s][info][gc,heap     ] GC(54) Humongous regions: 39->39
[2025-12-28T23:11:14.842+0000][518.430s][info][gc,metaspace] GC(54) Metaspace: 73528K(74240K)->73528K(74240K) NonClass: 63340K(63680K)->63340K(63680K) Class: 10187K(10560K)->10187K(10560K)
[2025-12-28T23:11:14.842+0000][518.430s][info][gc          ] GC(54) Pause Young (Normal) (G1 Evacuation Pause) 1026M->75M(1588M) 4.546ms
[2025-12-28T23:11:14.842+0000][518.431s][info][gc,cpu      ] GC(54) User=0.01s Sys=0.00s Real=0.01s
[2025-12-28T23:11:26.838+0000][530.426s][info][gc,start    ] GC(55) Pause Young (Normal) (G1 Evacuation Pause)
[2025-12-28T23:11:26.838+0000][530.426s][info][gc,task     ] GC(55) Using 8 workers of 8 for evacuation
[2025-12-28T23:11:26.841+0000][530.429s][info][gc,phases   ] GC(55)   Pre Evacuate Collection Set: 0.3ms
[2025-12-28T23:11:26.841+0000][530.429s][info][gc,phases   ] GC(55)   Merge Heap Roots: 0.2ms
[2025-12-28T23:11:26.841+0000][530.429s][info][gc,phases   ] GC(55)   Evacuate Collection Set: 1.5ms
[2025-12-28T23:11:26.841+0000][530.430s][info][gc,phases   ] GC(55)   Post Evacuate Collection Set: 0.8ms
[2025-12-28T23:11:26.841+0000][530.430s][info][gc,phases   ] GC(55)   Other: 0.6ms
[2025-12-28T23:11:26.841+0000][530.430s][info][gc,heap     ] GC(55) Eden regions: 951->0(951)
[2025-12-28T23:11:26.841+0000][530.430s][info][gc,heap     ] GC(55) Survivor regions: 1->1(119)
[2025-12-28T23:11:26.841+0000][530.430s][info][gc,heap     ] GC(55) Old regions: 36->36
[2025-12-28T23:11:26.842+0000][530.430s][info][gc,heap     ] GC(55) Archive regions: 2->2
[2025-12-28T23:11:26.842+0000][530.430s][info][gc,heap     ] GC(55) Humongous regions: 39->39
[2025-12-28T23:11:26.842+0000][530.430s][info][gc,metaspace] GC(55) Metaspace: 73689K(74432K)->73689K(74432K) NonClass: 63499K(63872K)->63499K(63872K) Class: 10189K(10560K)->10189K(10560K)
[2025-12-28T23:11:26.842+0000][530.430s][info][gc          ] GC(55) Pause Young (Normal) (G1 Evacuation Pause) 1026M->75M(1588M) 3.982ms
[2025-12-28T23:11:26.842+0000][530.430s][info][gc,cpu      ] GC(55) User=0.02s Sys=0.00s Real=0.01s
[2025-12-28T23:11:40.723+0000][544.311s][info][gc,start    ] GC(56) Pause Young (Normal) (G1 Evacuation Pause)
[2025-12-28T23:11:40.724+0000][544.312s][info][gc,task     ] GC(56) Using 8 workers of 8 for evacuation
[2025-12-28T23:11:40.727+0000][544.315s][info][gc,phases   ] GC(56)   Pre Evacuate Collection Set: 0.4ms
[2025-12-28T23:11:40.727+0000][544.315s][info][gc,phases   ] GC(56)   Merge Heap Roots: 0.2ms
[2025-12-28T23:11:40.727+0000][544.315s][info][gc,phases   ] GC(56)   Evacuate Collection Set: 1.8ms
[2025-12-28T23:11:40.727+0000][544.315s][info][gc,phases   ] GC(56)   Post Evacuate Collection Set: 0.7ms
[2025-12-28T23:11:40.727+0000][544.315s][info][gc,phases   ] GC(56)   Other: 1.0ms
[2025-12-28T23:11:40.727+0000][544.315s][info][gc,heap     ] GC(56) Eden regions: 951->0(951)
[2025-12-28T23:11:40.727+0000][544.316s][info][gc,heap     ] GC(56) Survivor regions: 1->1(119)
[2025-12-28T23:11:40.727+0000][544.316s][info][gc,heap     ] GC(56) Old regions: 36->36
[2025-12-28T23:11:40.728+0000][544.316s][info][gc,heap     ] GC(56) Archive regions: 2->2
[2025-12-28T23:11:40.728+0000][544.316s][info][gc,heap     ] GC(56) Humongous regions: 39->39
[2025-12-28T23:11:40.728+0000][544.316s][info][gc,metaspace] GC(56) Metaspace: 73694K(74432K)->73694K(74432K) NonClass: 63504K(63872K)->63504K(63872K) Class: 10189K(10560K)->10189K(10560K)
[2025-12-28T23:11:40.728+0000][544.316s][info][gc          ] GC(56) Pause Young (Normal) (G1 Evacuation Pause) 1026M->75M(1588M) 4.925ms
[2025-12-28T23:11:40.728+0000][544.316s][info][gc,cpu      ] GC(56) User=0.02s Sys=0.00s Real=0.00s
[2025-12-28T23:11:52.799+0000][556.387s][info][gc,start    ] GC(57) Pause Young (Normal) (G1 Evacuation Pause)
[2025-12-28T23:11:52.800+0000][556.389s][info][gc,task     ] GC(57) Using 8 workers of 8 for evacuation
[2025-12-28T23:11:52.804+0000][556.392s][info][gc,phases   ] GC(57)   Pre Evacuate Collection Set: 0.3ms
[2025-12-28T23:11:52.804+0000][556.392s][info][gc,phases   ] GC(57)   Merge Heap Roots: 0.3ms
[2025-12-28T23:11:52.804+0000][556.392s][info][gc,phases   ] GC(57)   Evacuate Collection Set: 1.6ms
[2025-12-28T23:11:52.804+0000][556.392s][info][gc,phases   ] GC(57)   Post Evacuate Collection Set: 1.0ms
[2025-12-28T23:11:52.804+0000][556.392s][info][gc,phases   ] GC(57)   Other: 1.5ms
[2025-12-28T23:11:52.804+0000][556.392s][info][gc,heap     ] GC(57) Eden regions: 951->0(951)
[2025-12-28T23:11:52.804+0000][556.392s][info][gc,heap     ] GC(57) Survivor regions: 1->1(119)
[2025-12-28T23:11:52.804+0000][556.393s][info][gc,heap     ] GC(57) Old regions: 36->36
[2025-12-28T23:11:52.804+0000][556.393s][info][gc,heap     ] GC(57) Archive regions: 2->2
[2025-12-28T23:11:52.804+0000][556.393s][info][gc,heap     ] GC(57) Humongous regions: 39->39
[2025-12-28T23:11:52.805+0000][556.393s][info][gc,metaspace] GC(57) Metaspace: 73740K(74496K)->73740K(74496K) NonClass: 63541K(63936K)->63541K(63936K) Class: 10199K(10560K)->10199K(10560K)
[2025-12-28T23:11:52.805+0000][556.393s][info][gc          ] GC(57) Pause Young (Normal) (G1 Evacuation Pause) 1026M->76M(1588M) 5.409ms
[2025-12-28T23:11:52.805+0000][556.393s][info][gc,cpu      ] GC(57) User=0.01s Sys=0.01s Real=0.01s
[2025-12-28T23:12:04.853+0000][568.442s][info][gc,start    ] GC(58) Pause Young (Normal) (G1 Evacuation Pause)
[2025-12-28T23:12:04.854+0000][568.442s][info][gc,task     ] GC(58) Using 8 workers of 8 for evacuation
[2025-12-28T23:12:04.857+0000][568.445s][info][gc,phases   ] GC(58)   Pre Evacuate Collection Set: 0.3ms
[2025-12-28T23:12:04.857+0000][568.445s][info][gc,phases   ] GC(58)   Merge Heap Roots: 0.2ms
[2025-12-28T23:12:04.857+0000][568.445s][info][gc,phases   ] GC(58)   Evacuate Collection Set: 1.2ms
[2025-12-28T23:12:04.857+0000][568.445s][info][gc,phases   ] GC(58)   Post Evacuate Collection Set: 0.6ms
[2025-12-28T23:12:04.857+0000][568.445s][info][gc,phases   ] GC(58)   Other: 1.2ms
[2025-12-28T23:12:04.857+0000][568.445s][info][gc,heap     ] GC(58) Eden regions: 951->0(951)
[2025-12-28T23:12:04.857+0000][568.446s][info][gc,heap     ] GC(58) Survivor regions: 1->1(119)
[2025-12-28T23:12:04.857+0000][568.446s][info][gc,heap     ] GC(58) Old regions: 36->36
[2025-12-28T23:12:04.857+0000][568.446s][info][gc,heap     ] GC(58) Archive regions: 2->2
[2025-12-28T23:12:04.858+0000][568.446s][info][gc,heap     ] GC(58) Humongous regions: 39->39
[2025-12-28T23:12:04.858+0000][568.446s][info][gc,metaspace] GC(58) Metaspace: 73740K(74496K)->73740K(74496K) NonClass: 63541K(63936K)->63541K(63936K) Class: 10199K(10560K)->10199K(10560K)
[2025-12-28T23:12:04.858+0000][568.446s][info][gc          ] GC(58) Pause Young (Normal) (G1 Evacuation Pause) 1027M->76M(1588M) 4.423ms
[2025-12-28T23:12:04.858+0000][568.446s][info][gc,cpu      ] GC(58) User=0.01s Sys=0.00s Real=0.00s
[2025-12-28T23:12:17.001+0000][580.590s][info][gc,start    ] GC(59) Pause Young (Normal) (G1 Evacuation Pause)
[2025-12-28T23:12:17.002+0000][580.590s][info][gc,task     ] GC(59) Using 8 workers of 8 for evacuation
[2025-12-28T23:12:17.005+0000][580.593s][info][gc,phases   ] GC(59)   Pre Evacuate Collection Set: 0.3ms
[2025-12-28T23:12:17.005+0000][580.593s][info][gc,phases   ] GC(59)   Merge Heap Roots: 0.2ms
[2025-12-28T23:12:17.005+0000][580.593s][info][gc,phases   ] GC(59)   Evacuate Collection Set: 1.5ms
[2025-12-28T23:12:17.005+0000][580.593s][info][gc,phases   ] GC(59)   Post Evacuate Collection Set: 0.7ms
[2025-12-28T23:12:17.005+0000][580.593s][info][gc,phases   ] GC(59)   Other: 0.8ms
[2025-12-28T23:12:17.005+0000][580.593s][info][gc,heap     ] GC(59) Eden regions: 951->0(951)
[2025-12-28T23:12:17.005+0000][580.593s][info][gc,heap     ] GC(59) Survivor regions: 1->1(119)
[2025-12-28T23:12:17.005+0000][580.593s][info][gc,heap     ] GC(59) Old regions: 36->36
[2025-12-28T23:12:17.005+0000][580.593s][info][gc,heap     ] GC(59) Archive regions: 2->2
[2025-12-28T23:12:17.005+0000][580.593s][info][gc,heap     ] GC(59) Humongous regions: 41->39
[2025-12-28T23:12:17.005+0000][580.593s][info][gc,metaspace] GC(59) Metaspace: 73756K(74496K)->73756K(74496K) NonClass: 63557K(63936K)->63557K(63936K) Class: 10199K(10560K)->10199K(10560K)
[2025-12-28T23:12:17.005+0000][580.594s][info][gc          ] GC(59) Pause Young (Normal) (G1 Evacuation Pause) 1029M->76M(1588M) 3.995ms
[2025-12-28T23:12:17.005+0000][580.594s][info][gc,cpu      ] GC(59) User=0.01s Sys=0.00s Real=0.00s
[2025-12-28T23:12:29.136+0000][592.724s][info][gc,start    ] GC(60) Pause Young (Normal) (G1 Evacuation Pause)
[2025-12-28T23:12:29.137+0000][592.725s][info][gc,task     ] GC(60) Using 8 workers of 8 for evacuation
[2025-12-28T23:12:29.141+0000][592.729s][info][gc,phases   ] GC(60)   Pre Evacuate Collection Set: 0.4ms
[2025-12-28T23:12:29.141+0000][592.729s][info][gc,phases   ] GC(60)   Merge Heap Roots: 0.3ms
[2025-12-28T23:12:29.141+0000][592.729s][info][gc,phases   ] GC(60)   Evacuate Collection Set: 1.7ms
[2025-12-28T23:12:29.141+0000][592.729s][info][gc,phases   ] GC(60)   Post Evacuate Collection Set: 1.0ms
[2025-12-28T23:12:29.141+0000][592.729s][info][gc,phases   ] GC(60)   Other: 1.3ms
[2025-12-28T23:12:29.141+0000][592.730s][info][gc,heap     ] GC(60) Eden regions: 951->0(951)
[2025-12-28T23:12:29.142+0000][592.730s][info][gc,heap     ] GC(60) Survivor regions: 1->1(119)
[2025-12-28T23:12:29.142+0000][592.730s][info][gc,heap     ] GC(60) Old regions: 36->36
[2025-12-28T23:12:29.142+0000][592.730s][info][gc,heap     ] GC(60) Archive regions: 2->2
[2025-12-28T23:12:29.142+0000][592.730s][info][gc,heap     ] GC(60) Humongous regions: 39->39
[2025-12-28T23:12:29.142+0000][592.730s][info][gc,metaspace] GC(60) Metaspace: 73824K(74560K)->73824K(74560K) NonClass: 63624K(64000K)->63624K(64000K) Class: 10199K(10560K)->10199K(10560K)
[2025-12-28T23:12:29.142+0000][592.730s][info][gc          ] GC(60) Pause Young (Normal) (G1 Evacuation Pause) 1027M->76M(1588M) 5.845ms
[2025-12-28T23:12:29.142+0000][592.730s][info][gc,cpu      ] GC(60) User=0.02s Sys=0.00s Real=0.01s
[2025-12-28T23:12:41.230+0000][604.818s][info][gc,start    ] GC(61) Pause Young (Normal) (G1 Evacuation Pause)
[2025-12-28T23:12:41.231+0000][604.819s][info][gc,task     ] GC(61) Using 8 workers of 8 for evacuation
[2025-12-28T23:12:41.233+0000][604.821s][info][gc,phases   ] GC(61)   Pre Evacuate Collection Set: 0.3ms
[2025-12-28T23:12:41.233+0000][604.821s][info][gc,phases   ] GC(61)   Merge Heap Roots: 0.1ms
[2025-12-28T23:12:41.233+0000][604.821s][info][gc,phases   ] GC(61)   Evacuate Collection Set: 1.0ms
[2025-12-28T23:12:41.233+0000][604.821s][info][gc,phases   ] GC(61)   Post Evacuate Collection Set: 0.4ms
[2025-12-28T23:12:41.233+0000][604.821s][info][gc,phases   ] GC(61)   Other: 1.0ms
[2025-12-28T23:12:41.233+0000][604.821s][info][gc,heap     ] GC(61) Eden regions: 951->0(951)
[2025-12-28T23:12:41.233+0000][604.821s][info][gc,heap     ] GC(61) Survivor regions: 1->1(119)
[2025-12-28T23:12:41.233+0000][604.821s][info][gc,heap     ] GC(61) Old regions: 36->36
[2025-12-28T23:12:41.233+0000][604.822s][info][gc,heap     ] GC(61) Archive regions: 2->2
[2025-12-28T23:12:41.233+0000][604.822s][info][gc,heap     ] GC(61) Humongous regions: 41->39
[2025-12-28T23:12:41.234+0000][604.822s][info][gc,metaspace] GC(61) Metaspace: 73843K(74560K)->73843K(74560K) NonClass: 63644K(64000K)->63644K(64000K) Class: 10199K(10560K)->10199K(10560K)
[2025-12-28T23:12:41.234+0000][604.822s][info][gc          ] GC(61) Pause Young (Normal) (G1 Evacuation Pause) 1029M->76M(1588M) 3.755ms
[2025-12-28T23:12:41.234+0000][604.822s][info][gc,cpu      ] GC(61) User=0.01s Sys=0.00s Real=0.01s
[2025-12-28T23:12:54.924+0000][618.512s][info][gc,start    ] GC(62) Pause Young (Normal) (G1 Evacuation Pause)
[2025-12-28T23:12:54.924+0000][618.513s][info][gc,task     ] GC(62) Using 8 workers of 8 for evacuation
[2025-12-28T23:12:54.928+0000][618.516s][info][gc,phases   ] GC(62)   Pre Evacuate Collection Set: 0.4ms
[2025-12-28T23:12:54.928+0000][618.516s][info][gc,phases   ] GC(62)   Merge Heap Roots: 0.2ms
[2025-12-28T23:12:54.928+0000][618.516s][info][gc,phases   ] GC(62)   Evacuate Collection Set: 1.7ms
[2025-12-28T23:12:54.928+0000][618.516s][info][gc,phases   ] GC(62)   Post Evacuate Collection Set: 0.7ms
[2025-12-28T23:12:54.928+0000][618.516s][info][gc,phases   ] GC(62)   Other: 0.7ms
[2025-12-28T23:12:54.928+0000][618.516s][info][gc,heap     ] GC(62) Eden regions: 951->0(951)
[2025-12-28T23:12:54.928+0000][618.516s][info][gc,heap     ] GC(62) Survivor regions: 1->1(119)
[2025-12-28T23:12:54.928+0000][618.516s][info][gc,heap     ] GC(62) Old regions: 36->36
[2025-12-28T23:12:54.928+0000][618.516s][info][gc,heap     ] GC(62) Archive regions: 2->2
[2025-12-28T23:12:54.928+0000][618.516s][info][gc,heap     ] GC(62) Humongous regions: 41->39
[2025-12-28T23:12:54.928+0000][618.516s][info][gc,metaspace] GC(62) Metaspace: 73855K(74624K)->73855K(74624K) NonClass: 63655K(64064K)->63655K(64064K) Class: 10199K(10560K)->10199K(10560K)
[2025-12-28T23:12:54.928+0000][618.516s][info][gc          ] GC(62) Pause Young (Normal) (G1 Evacuation Pause) 1029M->76M(1588M) 4.086ms
[2025-12-28T23:12:54.928+0000][618.516s][info][gc,cpu      ] GC(62) User=0.01s Sys=0.00s Real=0.00s
[2025-12-28T23:13:07.032+0000][630.620s][info][gc,start    ] GC(63) Pause Young (Normal) (G1 Evacuation Pause)
[2025-12-28T23:13:07.032+0000][630.620s][info][gc,task     ] GC(63) Using 8 workers of 8 for evacuation
[2025-12-28T23:13:07.034+0000][630.622s][info][gc,phases   ] GC(63)   Pre Evacuate Collection Set: 0.2ms
[2025-12-28T23:13:07.034+0000][630.623s][info][gc,phases   ] GC(63)   Merge Heap Roots: 0.2ms
[2025-12-28T23:13:07.034+0000][630.623s][info][gc,phases   ] GC(63)   Evacuate Collection Set: 1.1ms
[2025-12-28T23:13:07.035+0000][630.623s][info][gc,phases   ] GC(63)   Post Evacuate Collection Set: 0.5ms
[2025-12-28T23:13:07.035+0000][630.623s][info][gc,phases   ] GC(63)   Other: 0.6ms
[2025-12-28T23:13:07.035+0000][630.623s][info][gc,heap     ] GC(63) Eden regions: 951->0(951)
[2025-12-28T23:13:07.035+0000][630.623s][info][gc,heap     ] GC(63) Survivor regions: 1->1(119)
[2025-12-28T23:13:07.035+0000][630.623s][info][gc,heap     ] GC(63) Old regions: 36->36
[2025-12-28T23:13:07.035+0000][630.623s][info][gc,heap     ] GC(63) Archive regions: 2->2
[2025-12-28T23:13:07.035+0000][630.623s][info][gc,heap     ] GC(63) Humongous regions: 41->39
[2025-12-28T23:13:07.035+0000][630.623s][info][gc,metaspace] GC(63) Metaspace: 73862K(74624K)->73862K(74624K) NonClass: 63662K(64064K)->63662K(64064K) Class: 10199K(10560K)->10199K(10560K)
[2025-12-28T23:13:07.035+0000][630.624s][info][gc          ] GC(63) Pause Young (Normal) (G1 Evacuation Pause) 1029M->76M(1588M) 3.732ms
[2025-12-28T23:13:07.035+0000][630.624s][info][gc,cpu      ] GC(63) User=0.01s Sys=0.00s Real=0.00s
[2025-12-28T23:13:19.395+0000][642.983s][info][gc,start    ] GC(64) Pause Young (Normal) (G1 Evacuation Pause)
[2025-12-28T23:13:19.399+0000][642.987s][info][gc,task     ] GC(64) Using 8 workers of 8 for evacuation
[2025-12-28T23:13:19.404+0000][642.993s][info][gc,phases   ] GC(64)   Pre Evacuate Collection Set: 0.6ms
[2025-12-28T23:13:19.405+0000][642.993s][info][gc,phases   ] GC(64)   Merge Heap Roots: 0.4ms
[2025-12-28T23:13:19.405+0000][642.993s][info][gc,phases   ] GC(64)   Evacuate Collection Set: 2.7ms
[2025-12-28T23:13:19.405+0000][642.993s][info][gc,phases   ] GC(64)   Post Evacuate Collection Set: 1.0ms
[2025-12-28T23:13:19.405+0000][642.993s][info][gc,phases   ] GC(64)   Other: 6.0ms
[2025-12-28T23:13:19.405+0000][642.993s][info][gc,heap     ] GC(64) Eden regions: 951->0(951)
[2025-12-28T23:13:19.405+0000][642.993s][info][gc,heap     ] GC(64) Survivor regions: 1->1(119)
[2025-12-28T23:13:19.405+0000][642.993s][info][gc,heap     ] GC(64) Old regions: 36->36
[2025-12-28T23:13:19.405+0000][642.994s][info][gc,heap     ] GC(64) Archive regions: 2->2
[2025-12-28T23:13:19.405+0000][642.994s][info][gc,heap     ] GC(64) Humongous regions: 39->39
[2025-12-28T23:13:19.406+0000][642.994s][info][gc,metaspace] GC(64) Metaspace: 73874K(74624K)->73874K(74624K) NonClass: 63674K(64064K)->63674K(64064K) Class: 10199K(10560K)->10199K(10560K)
[2025-12-28T23:13:19.406+0000][642.994s][info][gc          ] GC(64) Pause Young (Normal) (G1 Evacuation Pause) 1027M->76M(1588M) 10.954ms
[2025-12-28T23:13:19.406+0000][642.994s][info][gc,cpu      ] GC(64) User=0.02s Sys=0.00s Real=0.01s
[2025-12-28T23:13:31.336+0000][654.925s][info][gc,start    ] GC(65) Pause Young (Normal) (G1 Evacuation Pause)
[2025-12-28T23:13:31.337+0000][654.925s][info][gc,task     ] GC(65) Using 8 workers of 8 for evacuation
[2025-12-28T23:13:31.340+0000][654.928s][info][gc,phases   ] GC(65)   Pre Evacuate Collection Set: 0.2ms
[2025-12-28T23:13:31.340+0000][654.929s][info][gc,phases   ] GC(65)   Merge Heap Roots: 0.1ms
[2025-12-28T23:13:31.341+0000][654.929s][info][gc,phases   ] GC(65)   Evacuate Collection Set: 1.4ms
[2025-12-28T23:13:31.341+0000][654.929s][info][gc,phases   ] GC(65)   Post Evacuate Collection Set: 1.3ms
[2025-12-28T23:13:31.341+0000][654.929s][info][gc,phases   ] GC(65)   Other: 0.8ms
[2025-12-28T23:13:31.341+0000][654.929s][info][gc,heap     ] GC(65) Eden regions: 951->0(951)
[2025-12-28T23:13:31.341+0000][654.929s][info][gc,heap     ] GC(65) Survivor regions: 1->1(119)
[2025-12-28T23:13:31.341+0000][654.930s][info][gc,heap     ] GC(65) Old regions: 36->36
[2025-12-28T23:13:31.342+0000][654.930s][info][gc,heap     ] GC(65) Archive regions: 2->2
[2025-12-28T23:13:31.342+0000][654.930s][info][gc,heap     ] GC(65) Humongous regions: 39->39
[2025-12-28T23:13:31.342+0000][654.930s][info][gc,metaspace] GC(65) Metaspace: 73929K(74688K)->73929K(74688K) NonClass: 63729K(64128K)->63729K(64128K) Class: 10199K(10560K)->10199K(10560K)
[2025-12-28T23:13:31.342+0000][654.930s][info][gc          ] GC(65) Pause Young (Normal) (G1 Evacuation Pause) 1027M->76M(1588M) 5.524ms
[2025-12-28T23:13:31.342+0000][654.930s][info][gc,cpu      ] GC(65) User=0.01s Sys=0.00s Real=0.01s
[2025-12-28T23:13:43.498+0000][667.086s][info][gc,start    ] GC(66) Pause Young (Normal) (G1 Evacuation Pause)
[2025-12-28T23:13:43.499+0000][667.087s][info][gc,task     ] GC(66) Using 8 workers of 8 for evacuation
[2025-12-28T23:13:43.501+0000][667.090s][info][gc,phases   ] GC(66)   Pre Evacuate Collection Set: 0.3ms
[2025-12-28T23:13:43.502+0000][667.090s][info][gc,phases   ] GC(66)   Merge Heap Roots: 0.1ms
[2025-12-28T23:13:43.502+0000][667.090s][info][gc,phases   ] GC(66)   Evacuate Collection Set: 1.3ms
[2025-12-28T23:13:43.502+0000][667.090s][info][gc,phases   ] GC(66)   Post Evacuate Collection Set: 0.6ms
[2025-12-28T23:13:43.502+0000][667.090s][info][gc,phases   ] GC(66)   Other: 1.1ms
[2025-12-28T23:13:43.502+0000][667.090s][info][gc,heap     ] GC(66) Eden regions: 951->0(951)
[2025-12-28T23:13:43.502+0000][667.090s][info][gc,heap     ] GC(66) Survivor regions: 1->1(119)
[2025-12-28T23:13:43.502+0000][667.090s][info][gc,heap     ] GC(66) Old regions: 36->36
[2025-12-28T23:13:43.502+0000][667.090s][info][gc,heap     ] GC(66) Archive regions: 2->2
[2025-12-28T23:13:43.502+0000][667.090s][info][gc,heap     ] GC(66) Humongous regions: 39->39
[2025-12-28T23:13:43.502+0000][667.091s][info][gc,metaspace] GC(66) Metaspace: 73932K(74688K)->73932K(74688K) NonClass: 63732K(64128K)->63732K(64128K) Class: 10199K(10560K)->10199K(10560K)
[2025-12-28T23:13:43.502+0000][667.091s][info][gc          ] GC(66) Pause Young (Normal) (G1 Evacuation Pause) 1027M->76M(1588M) 4.466ms
[2025-12-28T23:13:43.503+0000][667.091s][info][gc,cpu      ] GC(66) User=0.01s Sys=0.00s Real=0.01s
[2025-12-28T23:13:55.979+0000][679.567s][info][gc,start    ] GC(67) Pause Young (Normal) (G1 Evacuation Pause)
[2025-12-28T23:13:55.980+0000][679.568s][info][gc,task     ] GC(67) Using 8 workers of 8 for evacuation
[2025-12-28T23:13:55.988+0000][679.576s][info][gc,phases   ] GC(67)   Pre Evacuate Collection Set: 0.5ms
[2025-12-28T23:13:55.988+0000][679.577s][info][gc,phases   ] GC(67)   Merge Heap Roots: 0.2ms
[2025-12-28T23:13:55.989+0000][679.577s][info][gc,phases   ] GC(67)   Evacuate Collection Set: 5.3ms
[2025-12-28T23:13:55.989+0000][679.577s][info][gc,phases   ] GC(67)   Post Evacuate Collection Set: 1.5ms
[2025-12-28T23:13:55.989+0000][679.577s][info][gc,phases   ] GC(67)   Other: 1.4ms
[2025-12-28T23:13:55.989+0000][679.577s][info][gc,heap     ] GC(67) Eden regions: 951->0(950)
[2025-12-28T23:13:55.989+0000][679.577s][info][gc,heap     ] GC(67) Survivor regions: 1->2(119)
[2025-12-28T23:13:55.989+0000][679.577s][info][gc,heap     ] GC(67) Old regions: 36->36
[2025-12-28T23:13:55.989+0000][679.577s][info][gc,heap     ] GC(67) Archive regions: 2->2
[2025-12-28T23:13:55.989+0000][679.578s][info][gc,heap     ] GC(67) Humongous regions: 39->39
[2025-12-28T23:13:55.989+0000][679.578s][info][gc,metaspace] GC(67) Metaspace: 73998K(74752K)->73998K(74752K) NonClass: 63798K(64192K)->63798K(64192K) Class: 10199K(10560K)->10199K(10560K)
[2025-12-28T23:13:55.990+0000][679.578s][info][gc          ] GC(67) Pause Young (Normal) (G1 Evacuation Pause) 1027M->76M(1588M) 10.224ms
[2025-12-28T23:13:55.990+0000][679.578s][info][gc,cpu      ] GC(67) User=0.04s Sys=0.01s Real=0.01s
[2025-12-28T23:14:09.461+0000][693.050s][info][gc,start    ] GC(68) Pause Young (Normal) (G1 Evacuation Pause)
[2025-12-28T23:14:09.462+0000][693.050s][info][gc,task     ] GC(68) Using 8 workers of 8 for evacuation
[2025-12-28T23:14:09.465+0000][693.053s][info][gc,phases   ] GC(68)   Pre Evacuate Collection Set: 0.3ms
[2025-12-28T23:14:09.465+0000][693.053s][info][gc,phases   ] GC(68)   Merge Heap Roots: 0.2ms
[2025-12-28T23:14:09.465+0000][693.054s][info][gc,phases   ] GC(68)   Evacuate Collection Set: 1.6ms
[2025-12-28T23:14:09.465+0000][693.054s][info][gc,phases   ] GC(68)   Post Evacuate Collection Set: 0.6ms
[2025-12-28T23:14:09.465+0000][693.054s][info][gc,phases   ] GC(68)   Other: 1.1ms
[2025-12-28T23:14:09.466+0000][693.054s][info][gc,heap     ] GC(68) Eden regions: 950->0(950)
[2025-12-28T23:14:09.466+0000][693.054s][info][gc,heap     ] GC(68) Survivor regions: 2->2(119)
[2025-12-28T23:14:09.466+0000][693.054s][info][gc,heap     ] GC(68) Old regions: 36->36
[2025-12-28T23:14:09.466+0000][693.054s][info][gc,heap     ] GC(68) Archive regions: 2->2
[2025-12-28T23:14:09.466+0000][693.054s][info][gc,heap     ] GC(68) Humongous regions: 41->39
[2025-12-28T23:14:09.466+0000][693.054s][info][gc,metaspace] GC(68) Metaspace: 74005K(74752K)->74005K(74752K) NonClass: 63806K(64192K)->63806K(64192K) Class: 10199K(10560K)->10199K(10560K)
[2025-12-28T23:14:09.466+0000][693.054s][info][gc          ] GC(68) Pause Young (Normal) (G1 Evacuation Pause) 1028M->76M(1588M) 4.410ms
[2025-12-28T23:14:09.466+0000][693.054s][info][gc,cpu      ] GC(68) User=0.01s Sys=0.00s Real=0.00s
[2025-12-28T23:14:21.724+0000][705.312s][info][gc,start    ] GC(69) Pause Young (Normal) (G1 Evacuation Pause)
[2025-12-28T23:14:21.724+0000][705.312s][info][gc,task     ] GC(69) Using 8 workers of 8 for evacuation
[2025-12-28T23:14:21.728+0000][705.317s][info][gc,phases   ] GC(69)   Pre Evacuate Collection Set: 0.4ms
[2025-12-28T23:14:21.729+0000][705.317s][info][gc,phases   ] GC(69)   Merge Heap Roots: 0.3ms
[2025-12-28T23:14:21.729+0000][705.317s][info][gc,phases   ] GC(69)   Evacuate Collection Set: 2.5ms
[2025-12-28T23:14:21.729+0000][705.317s][info][gc,phases   ] GC(69)   Post Evacuate Collection Set: 0.8ms
[2025-12-28T23:14:21.729+0000][705.317s][info][gc,phases   ] GC(69)   Other: 0.8ms
[2025-12-28T23:14:21.729+0000][705.317s][info][gc,heap     ] GC(69) Eden regions: 950->0(950)
[2025-12-28T23:14:21.729+0000][705.317s][info][gc,heap     ] GC(69) Survivor regions: 2->2(119)
[2025-12-28T23:14:21.729+0000][705.317s][info][gc,heap     ] GC(69) Old regions: 36->36
[2025-12-28T23:14:21.729+0000][705.317s][info][gc,heap     ] GC(69) Archive regions: 2->2
[2025-12-28T23:14:21.729+0000][705.317s][info][gc,heap     ] GC(69) Humongous regions: 41->39
[2025-12-28T23:14:21.729+0000][705.318s][info][gc,metaspace] GC(69) Metaspace: 74006K(74752K)->74006K(74752K) NonClass: 63807K(64192K)->63807K(64192K) Class: 10199K(10560K)->10199K(10560K)
[2025-12-28T23:14:21.730+0000][705.318s][info][gc          ] GC(69) Pause Young (Normal) (G1 Evacuation Pause) 1028M->76M(1588M) 5.763ms
[2025-12-28T23:14:21.730+0000][705.318s][info][gc,cpu      ] GC(69) User=0.01s Sys=0.01s Real=0.00s
[2025-12-28T23:14:33.567+0000][717.155s][info][gc,start    ] GC(70) Pause Young (Normal) (G1 Evacuation Pause)
[2025-12-28T23:14:33.568+0000][717.156s][info][gc,task     ] GC(70) Using 8 workers of 8 for evacuation
[2025-12-28T23:14:33.571+0000][717.159s][info][gc,phases   ] GC(70)   Pre Evacuate Collection Set: 0.3ms
[2025-12-28T23:14:33.571+0000][717.159s][info][gc,phases   ] GC(70)   Merge Heap Roots: 0.2ms
[2025-12-28T23:14:33.571+0000][717.160s][info][gc,phases   ] GC(70)   Evacuate Collection Set: 1.6ms
[2025-12-28T23:14:33.572+0000][717.160s][info][gc,phases   ] GC(70)   Post Evacuate Collection Set: 0.9ms
[2025-12-28T23:14:33.572+0000][717.160s][info][gc,phases   ] GC(70)   Other: 1.2ms
[2025-12-28T23:14:33.572+0000][717.160s][info][gc,heap     ] GC(70) Eden regions: 950->0(950)
[2025-12-28T23:14:33.572+0000][717.160s][info][gc,heap     ] GC(70) Survivor regions: 2->2(119)
[2025-12-28T23:14:33.572+0000][717.160s][info][gc,heap     ] GC(70) Old regions: 36->36
[2025-12-28T23:14:33.572+0000][717.160s][info][gc,heap     ] GC(70) Archive regions: 2->2
[2025-12-28T23:14:33.572+0000][717.160s][info][gc,heap     ] GC(70) Humongous regions: 39->39
[2025-12-28T23:14:33.572+0000][717.160s][info][gc,metaspace] GC(70) Metaspace: 74037K(74752K)->74037K(74752K) NonClass: 63837K(64192K)->63837K(64192K) Class: 10199K(10560K)->10199K(10560K)
[2025-12-28T23:14:33.572+0000][717.160s][info][gc          ] GC(70) Pause Young (Normal) (G1 Evacuation Pause) 1026M->76M(1588M) 5.245ms
[2025-12-28T23:14:33.572+0000][717.161s][info][gc,cpu      ] GC(70) User=0.01s Sys=0.00s Real=0.01s
[2025-12-28T23:14:45.724+0000][729.312s][info][gc,start    ] GC(71) Pause Young (Normal) (G1 Evacuation Pause)
[2025-12-28T23:14:45.725+0000][729.313s][info][gc,task     ] GC(71) Using 8 workers of 8 for evacuation
[2025-12-28T23:14:45.728+0000][729.316s][info][gc,phases   ] GC(71)   Pre Evacuate Collection Set: 0.3ms
[2025-12-28T23:14:45.728+0000][729.316s][info][gc,phases   ] GC(71)   Merge Heap Roots: 0.2ms
[2025-12-28T23:14:45.728+0000][729.317s][info][gc,phases   ] GC(71)   Evacuate Collection Set: 1.7ms
[2025-12-28T23:14:45.728+0000][729.317s][info][gc,phases   ] GC(71)   Post Evacuate Collection Set: 0.7ms
[2025-12-28T23:14:45.729+0000][729.317s][info][gc,phases   ] GC(71)   Other: 1.4ms
[2025-12-28T23:14:45.729+0000][729.317s][info][gc,heap     ] GC(71) Eden regions: 950->0(951)
[2025-12-28T23:14:45.729+0000][729.317s][info][gc,heap     ] GC(71) Survivor regions: 2->1(119)
[2025-12-28T23:14:45.729+0000][729.317s][info][gc,heap     ] GC(71) Old regions: 36->36
[2025-12-28T23:14:45.729+0000][729.317s][info][gc,heap     ] GC(71) Archive regions: 2->2
[2025-12-28T23:14:45.729+0000][729.317s][info][gc,heap     ] GC(71) Humongous regions: 41->39
[2025-12-28T23:14:45.729+0000][729.317s][info][gc,metaspace] GC(71) Metaspace: 74039K(74752K)->74039K(74752K) NonClass: 63839K(64192K)->63839K(64192K) Class: 10199K(10560K)->10199K(10560K)
[2025-12-28T23:14:45.729+0000][729.317s][info][gc          ] GC(71) Pause Young (Normal) (G1 Evacuation Pause) 1028M->76M(1588M) 5.156ms
[2025-12-28T23:14:45.729+0000][729.318s][info][gc,cpu      ] GC(71) User=0.01s Sys=0.00s Real=0.00s
[2025-12-28T23:14:57.784+0000][741.372s][info][gc,start    ] GC(72) Pause Young (Normal) (G1 Evacuation Pause)
[2025-12-28T23:14:57.785+0000][741.373s][info][gc,task     ] GC(72) Using 8 workers of 8 for evacuation
[2025-12-28T23:14:57.789+0000][741.377s][info][gc,phases   ] GC(72)   Pre Evacuate Collection Set: 0.4ms
[2025-12-28T23:14:57.789+0000][741.377s][info][gc,phases   ] GC(72)   Merge Heap Roots: 0.3ms
[2025-12-28T23:14:57.789+0000][741.377s][info][gc,phases   ] GC(72)   Evacuate Collection Set: 1.9ms
[2025-12-28T23:14:57.789+0000][741.377s][info][gc,phases   ] GC(72)   Post Evacuate Collection Set: 1.0ms
[2025-12-28T23:14:57.789+0000][741.377s][info][gc,phases   ] GC(72)   Other: 1.4ms
[2025-12-28T23:14:57.789+0000][741.378s][info][gc,heap     ] GC(72) Eden regions: 951->0(951)
[2025-12-28T23:14:57.789+0000][741.378s][info][gc,heap     ] GC(72) Survivor regions: 1->1(119)
[2025-12-28T23:14:57.790+0000][741.378s][info][gc,heap     ] GC(72) Old regions: 36->37
[2025-12-28T23:14:57.790+0000][741.378s][info][gc,heap     ] GC(72) Archive regions: 2->2
[2025-12-28T23:14:57.790+0000][741.378s][info][gc,heap     ] GC(72) Humongous regions: 39->39
[2025-12-28T23:14:57.790+0000][741.378s][info][gc,metaspace] GC(72) Metaspace: 74039K(74752K)->74039K(74752K) NonClass: 63839K(64192K)->63839K(64192K) Class: 10199K(10560K)->10199K(10560K)
[2025-12-28T23:14:57.790+0000][741.378s][info][gc          ] GC(72) Pause Young (Normal) (G1 Evacuation Pause) 1027M->76M(1588M) 6.031ms
[2025-12-28T23:14:57.790+0000][741.378s][info][gc,cpu      ] GC(72) User=0.01s Sys=0.00s Real=0.00s
[2025-12-28T23:15:10.944+0000][754.532s][info][gc,start    ] GC(73) Pause Young (Normal) (G1 Evacuation Pause)
[2025-12-28T23:15:10.945+0000][754.533s][info][gc,task     ] GC(73) Using 8 workers of 8 for evacuation
[2025-12-28T23:15:10.947+0000][754.535s][info][gc,phases   ] GC(73)   Pre Evacuate Collection Set: 0.3ms
[2025-12-28T23:15:10.947+0000][754.535s][info][gc,phases   ] GC(73)   Merge Heap Roots: 0.2ms
[2025-12-28T23:15:10.947+0000][754.535s][info][gc,phases   ] GC(73)   Evacuate Collection Set: 1.1ms
[2025-12-28T23:15:10.947+0000][754.535s][info][gc,phases   ] GC(73)   Post Evacuate Collection Set: 0.5ms
[2025-12-28T23:15:10.947+0000][754.535s][info][gc,phases   ] GC(73)   Other: 1.2ms
[2025-12-28T23:15:10.947+0000][754.536s][info][gc,heap     ] GC(73) Eden regions: 951->0(951)
[2025-12-28T23:15:10.947+0000][754.536s][info][gc,heap     ] GC(73) Survivor regions: 1->1(119)
[2025-12-28T23:15:10.948+0000][754.536s][info][gc,heap     ] GC(73) Old regions: 37->37
[2025-12-28T23:15:10.948+0000][754.536s][info][gc,heap     ] GC(73) Archive regions: 2->2
[2025-12-28T23:15:10.948+0000][754.536s][info][gc,heap     ] GC(73) Humongous regions: 39->39
[2025-12-28T23:15:10.948+0000][754.536s][info][gc,metaspace] GC(73) Metaspace: 74043K(74752K)->74043K(74752K) NonClass: 63843K(64192K)->63843K(64192K) Class: 10199K(10560K)->10199K(10560K)
[2025-12-28T23:15:10.948+0000][754.536s][info][gc          ] GC(73) Pause Young (Normal) (G1 Evacuation Pause) 1027M->76M(1588M) 4.117ms
[2025-12-28T23:15:10.948+0000][754.536s][info][gc,cpu      ] GC(73) User=0.00s Sys=0.00s Real=0.00s
[2025-12-28T23:15:23.418+0000][767.007s][info][gc,start    ] GC(74) Pause Young (Normal) (G1 Evacuation Pause)
[2025-12-28T23:15:23.419+0000][767.007s][info][gc,task     ] GC(74) Using 8 workers of 8 for evacuation
[2025-12-28T23:15:23.421+0000][767.009s][info][gc,phases   ] GC(74)   Pre Evacuate Collection Set: 0.2ms
[2025-12-28T23:15:23.421+0000][767.009s][info][gc,phases   ] GC(74)   Merge Heap Roots: 0.1ms
[2025-12-28T23:15:23.421+0000][767.009s][info][gc,phases   ] GC(74)   Evacuate Collection Set: 1.1ms
[2025-12-28T23:15:23.421+0000][767.010s][info][gc,phases   ] GC(74)   Post Evacuate Collection Set: 0.6ms
[2025-12-28T23:15:23.421+0000][767.010s][info][gc,phases   ] GC(74)   Other: 0.6ms
[2025-12-28T23:15:23.421+0000][767.010s][info][gc,heap     ] GC(74) Eden regions: 951->0(951)
[2025-12-28T23:15:23.422+0000][767.010s][info][gc,heap     ] GC(74) Survivor regions: 1->1(119)
[2025-12-28T23:15:23.422+0000][767.010s][info][gc,heap     ] GC(74) Old regions: 37->37
[2025-12-28T23:15:23.422+0000][767.010s][info][gc,heap     ] GC(74) Archive regions: 2->2
[2025-12-28T23:15:23.422+0000][767.010s][info][gc,heap     ] GC(74) Humongous regions: 39->39
[2025-12-28T23:15:23.422+0000][767.010s][info][gc,metaspace] GC(74) Metaspace: 74058K(74816K)->74058K(74816K) NonClass: 63858K(64256K)->63858K(64256K) Class: 10199K(10560K)->10199K(10560K)
[2025-12-28T23:15:23.422+0000][767.010s][info][gc          ] GC(74) Pause Young (Normal) (G1 Evacuation Pause) 1027M->76M(1588M) 3.531ms
[2025-12-28T23:15:23.422+0000][767.010s][info][gc,cpu      ] GC(74) User=0.01s Sys=0.00s Real=0.01s
[2025-12-28T23:15:35.408+0000][778.996s][info][gc,start    ] GC(75) Pause Young (Normal) (G1 Evacuation Pause)
[2025-12-28T23:15:35.408+0000][778.996s][info][gc,task     ] GC(75) Using 8 workers of 8 for evacuation
[2025-12-28T23:15:35.411+0000][778.999s][info][gc,phases   ] GC(75)   Pre Evacuate Collection Set: 0.3ms
[2025-12-28T23:15:35.411+0000][778.999s][info][gc,phases   ] GC(75)   Merge Heap Roots: 0.2ms
[2025-12-28T23:15:35.411+0000][778.999s][info][gc,phases   ] GC(75)   Evacuate Collection Set: 1.1ms
[2025-12-28T23:15:35.411+0000][778.999s][info][gc,phases   ] GC(75)   Post Evacuate Collection Set: 0.6ms
[2025-12-28T23:15:35.411+0000][778.999s][info][gc,phases   ] GC(75)   Other: 0.9ms
[2025-12-28T23:15:35.411+0000][778.999s][info][gc,heap     ] GC(75) Eden regions: 951->0(951)
[2025-12-28T23:15:35.411+0000][778.999s][info][gc,heap     ] GC(75) Survivor regions: 1->1(119)
[2025-12-28T23:15:35.411+0000][778.999s][info][gc,heap     ] GC(75) Old regions: 37->37
[2025-12-28T23:15:35.411+0000][779.000s][info][gc,heap     ] GC(75) Archive regions: 2->2
[2025-12-28T23:15:35.411+0000][779.000s][info][gc,heap     ] GC(75) Humongous regions: 39->39
[2025-12-28T23:15:35.411+0000][779.000s][info][gc,metaspace] GC(75) Metaspace: 74071K(74816K)->74071K(74816K) NonClass: 63871K(64256K)->63871K(64256K) Class: 10199K(10560K)->10199K(10560K)
[2025-12-28T23:15:35.412+0000][779.000s][info][gc          ] GC(75) Pause Young (Normal) (G1 Evacuation Pause) 1027M->76M(1588M) 3.902ms
[2025-12-28T23:15:35.412+0000][779.000s][info][gc,cpu      ] GC(75) User=0.01s Sys=0.01s Real=0.01s
[2025-12-28T23:15:47.454+0000][791.042s][info][gc,start    ] GC(76) Pause Young (Normal) (G1 Evacuation Pause)
[2025-12-28T23:15:47.454+0000][791.042s][info][gc,task     ] GC(76) Using 8 workers of 8 for evacuation
[2025-12-28T23:15:47.457+0000][791.046s][info][gc,phases   ] GC(76)   Pre Evacuate Collection Set: 0.3ms
[2025-12-28T23:15:47.458+0000][791.046s][info][gc,phases   ] GC(76)   Merge Heap Roots: 0.2ms
[2025-12-28T23:15:47.458+0000][791.046s][info][gc,phases   ] GC(76)   Evacuate Collection Set: 1.6ms
[2025-12-28T23:15:47.458+0000][791.046s][info][gc,phases   ] GC(76)   Post Evacuate Collection Set: 0.9ms
[2025-12-28T23:15:47.458+0000][791.046s][info][gc,phases   ] GC(76)   Other: 0.9ms
[2025-12-28T23:15:47.458+0000][791.046s][info][gc,heap     ] GC(76) Eden regions: 951->0(951)
[2025-12-28T23:15:47.458+0000][791.046s][info][gc,heap     ] GC(76) Survivor regions: 1->1(119)
[2025-12-28T23:15:47.458+0000][791.046s][info][gc,heap     ] GC(76) Old regions: 37->37
[2025-12-28T23:15:47.458+0000][791.046s][info][gc,heap     ] GC(76) Archive regions: 2->2
[2025-12-28T23:15:47.458+0000][791.046s][info][gc,heap     ] GC(76) Humongous regions: 39->39
[2025-12-28T23:15:47.458+0000][791.047s][info][gc,metaspace] GC(76) Metaspace: 74073K(74816K)->74073K(74816K) NonClass: 63874K(64256K)->63874K(64256K) Class: 10199K(10560K)->10199K(10560K)
[2025-12-28T23:15:47.458+0000][791.047s][info][gc          ] GC(76) Pause Young (Normal) (G1 Evacuation Pause) 1027M->76M(1588M) 4.860ms
[2025-12-28T23:15:47.459+0000][791.047s][info][gc,cpu      ] GC(76) User=0.02s Sys=0.00s Real=0.00s
[2025-12-28T23:15:59.435+0000][803.023s][info][gc,start    ] GC(77) Pause Young (Normal) (G1 Evacuation Pause)
[2025-12-28T23:15:59.435+0000][803.023s][info][gc,task     ] GC(77) Using 8 workers of 8 for evacuation
[2025-12-28T23:15:59.437+0000][803.025s][info][gc,phases   ] GC(77)   Pre Evacuate Collection Set: 0.2ms
[2025-12-28T23:15:59.437+0000][803.025s][info][gc,phases   ] GC(77)   Merge Heap Roots: 0.1ms
[2025-12-28T23:15:59.437+0000][803.025s][info][gc,phases   ] GC(77)   Evacuate Collection Set: 0.9ms
[2025-12-28T23:15:59.437+0000][803.025s][info][gc,phases   ] GC(77)   Post Evacuate Collection Set: 0.4ms
[2025-12-28T23:15:59.437+0000][803.025s][info][gc,phases   ] GC(77)   Other: 0.5ms
[2025-12-28T23:15:59.437+0000][803.025s][info][gc,heap     ] GC(77) Eden regions: 951->0(951)
[2025-12-28T23:15:59.437+0000][803.025s][info][gc,heap     ] GC(77) Survivor regions: 1->1(119)
[2025-12-28T23:15:59.437+0000][803.026s][info][gc,heap     ] GC(77) Old regions: 37->37
[2025-12-28T23:15:59.437+0000][803.026s][info][gc,heap     ] GC(77) Archive regions: 2->2
[2025-12-28T23:15:59.437+0000][803.026s][info][gc,heap     ] GC(77) Humongous regions: 39->39
[2025-12-28T23:15:59.438+0000][803.026s][info][gc,metaspace] GC(77) Metaspace: 74076K(74816K)->74076K(74816K) NonClass: 63876K(64256K)->63876K(64256K) Class: 10199K(10560K)->10199K(10560K)
[2025-12-28T23:15:59.438+0000][803.026s][info][gc          ] GC(77) Pause Young (Normal) (G1 Evacuation Pause) 1027M->76M(1588M) 2.885ms
[2025-12-28T23:15:59.438+0000][803.026s][info][gc,cpu      ] GC(77) User=0.01s Sys=0.00s Real=0.00s
[2025-12-28T23:16:11.440+0000][815.028s][info][gc,start    ] GC(78) Pause Young (Normal) (G1 Evacuation Pause)
[2025-12-28T23:16:11.440+0000][815.028s][info][gc,task     ] GC(78) Using 8 workers of 8 for evacuation
[2025-12-28T23:16:11.448+0000][815.036s][info][gc,phases   ] GC(78)   Pre Evacuate Collection Set: 0.6ms
[2025-12-28T23:16:11.448+0000][815.037s][info][gc,phases   ] GC(78)   Merge Heap Roots: 1.0ms
[2025-12-28T23:16:11.448+0000][815.037s][info][gc,phases   ] GC(78)   Evacuate Collection Set: 5.1ms
[2025-12-28T23:16:11.449+0000][815.037s][info][gc,phases   ] GC(78)   Post Evacuate Collection Set: 1.0ms
[2025-12-28T23:16:11.449+0000][815.037s][info][gc,phases   ] GC(78)   Other: 1.0ms
[2025-12-28T23:16:11.449+0000][815.037s][info][gc,heap     ] GC(78) Eden regions: 951->0(951)
[2025-12-28T23:16:11.449+0000][815.037s][info][gc,heap     ] GC(78) Survivor regions: 1->1(119)
[2025-12-28T23:16:11.449+0000][815.037s][info][gc,heap     ] GC(78) Old regions: 37->37
[2025-12-28T23:16:11.449+0000][815.037s][info][gc,heap     ] GC(78) Archive regions: 2->2
[2025-12-28T23:16:11.449+0000][815.037s][info][gc,heap     ] GC(78) Humongous regions: 39->39
[2025-12-28T23:16:11.449+0000][815.037s][info][gc,metaspace] GC(78) Metaspace: 74076K(74816K)->74076K(74816K) NonClass: 63877K(64256K)->63877K(64256K) Class: 10199K(10560K)->10199K(10560K)
[2025-12-28T23:16:11.449+0000][815.037s][info][gc          ] GC(78) Pause Young (Normal) (G1 Evacuation Pause) 1027M->76M(1588M) 9.626ms
[2025-12-28T23:16:11.449+0000][815.038s][info][gc,cpu      ] GC(78) User=0.04s Sys=0.00s Real=0.01s
[2025-12-28T23:16:25.213+0000][828.801s][info][gc,start    ] GC(79) Pause Young (Normal) (G1 Evacuation Pause)
[2025-12-28T23:16:25.214+0000][828.802s][info][gc,task     ] GC(79) Using 8 workers of 8 for evacuation
[2025-12-28T23:16:25.219+0000][828.807s][info][gc,phases   ] GC(79)   Pre Evacuate Collection Set: 0.4ms
[2025-12-28T23:16:25.219+0000][828.807s][info][gc,phases   ] GC(79)   Merge Heap Roots: 0.2ms
[2025-12-28T23:16:25.219+0000][828.807s][info][gc,phases   ] GC(79)   Evacuate Collection Set: 2.6ms
[2025-12-28T23:16:25.219+0000][828.808s][info][gc,phases   ] GC(79)   Post Evacuate Collection Set: 1.5ms
[2025-12-28T23:16:25.220+0000][828.808s][info][gc,phases   ] GC(79)   Other: 1.5ms
[2025-12-28T23:16:25.220+0000][828.808s][info][gc,heap     ] GC(79) Eden regions: 951->0(951)
[2025-12-28T23:16:25.220+0000][828.808s][info][gc,heap     ] GC(79) Survivor regions: 1->1(119)
[2025-12-28T23:16:25.220+0000][828.808s][info][gc,heap     ] GC(79) Old regions: 37->37
[2025-12-28T23:16:25.220+0000][828.808s][info][gc,heap     ] GC(79) Archive regions: 2->2
[2025-12-28T23:16:25.220+0000][828.808s][info][gc,heap     ] GC(79) Humongous regions: 39->39
[2025-12-28T23:16:25.220+0000][828.808s][info][gc,metaspace] GC(79) Metaspace: 74090K(74816K)->74090K(74816K) NonClass: 63890K(64256K)->63890K(64256K) Class: 10199K(10560K)->10199K(10560K)
[2025-12-28T23:16:25.220+0000][828.809s][info][gc          ] GC(79) Pause Young (Normal) (G1 Evacuation Pause) 1027M->76M(1588M) 7.526ms
[2025-12-28T23:16:25.221+0000][828.809s][info][gc,cpu      ] GC(79) User=0.02s Sys=0.00s Real=0.01s
[2025-12-28T23:16:37.311+0000][840.899s][info][gc,start    ] GC(80) Pause Young (Normal) (G1 Evacuation Pause)
[2025-12-28T23:16:37.312+0000][840.900s][info][gc,task     ] GC(80) Using 8 workers of 8 for evacuation
[2025-12-28T23:16:37.315+0000][840.903s][info][gc,phases   ] GC(80)   Pre Evacuate Collection Set: 0.3ms
[2025-12-28T23:16:37.315+0000][840.903s][info][gc,phases   ] GC(80)   Merge Heap Roots: 0.2ms
[2025-12-28T23:16:37.315+0000][840.903s][info][gc,phases   ] GC(80)   Evacuate Collection Set: 1.6ms
[2025-12-28T23:16:37.315+0000][840.904s][info][gc,phases   ] GC(80)   Post Evacuate Collection Set: 1.0ms
[2025-12-28T23:16:37.315+0000][840.904s][info][gc,phases   ] GC(80)   Other: 1.3ms
[2025-12-28T23:16:37.316+0000][840.904s][info][gc,heap     ] GC(80) Eden regions: 951->0(951)
[2025-12-28T23:16:37.316+0000][840.904s][info][gc,heap     ] GC(80) Survivor regions: 1->1(119)
[2025-12-28T23:16:37.316+0000][840.904s][info][gc,heap     ] GC(80) Old regions: 37->37
[2025-12-28T23:16:37.316+0000][840.904s][info][gc,heap     ] GC(80) Archive regions: 2->2
[2025-12-28T23:16:37.316+0000][840.904s][info][gc,heap     ] GC(80) Humongous regions: 39->39
[2025-12-28T23:16:37.316+0000][840.904s][info][gc,metaspace] GC(80) Metaspace: 74096K(74880K)->74096K(74880K) NonClass: 63897K(64320K)->63897K(64320K) Class: 10199K(10560K)->10199K(10560K)
[2025-12-28T23:16:37.316+0000][840.904s][info][gc          ] GC(80) Pause Young (Normal) (G1 Evacuation Pause) 1027M->76M(1588M) 5.277ms
[2025-12-28T23:16:37.316+0000][840.904s][info][gc,cpu      ] GC(80) User=0.01s Sys=0.00s Real=0.00s
[2025-12-28T23:16:49.369+0000][852.957s][info][gc,start    ] GC(81) Pause Young (Normal) (G1 Evacuation Pause)
[2025-12-28T23:16:49.370+0000][852.958s][info][gc,task     ] GC(81) Using 8 workers of 8 for evacuation
[2025-12-28T23:16:49.373+0000][852.961s][info][gc,phases   ] GC(81)   Pre Evacuate Collection Set: 0.4ms
[2025-12-28T23:16:49.373+0000][852.961s][info][gc,phases   ] GC(81)   Merge Heap Roots: 0.3ms
[2025-12-28T23:16:49.373+0000][852.961s][info][gc,phases   ] GC(81)   Evacuate Collection Set: 1.5ms
[2025-12-28T23:16:49.373+0000][852.961s][info][gc,phases   ] GC(81)   Post Evacuate Collection Set: 0.6ms
[2025-12-28T23:16:49.373+0000][852.961s][info][gc,phases   ] GC(81)   Other: 0.8ms
[2025-12-28T23:16:49.373+0000][852.961s][info][gc,heap     ] GC(81) Eden regions: 951->0(951)
[2025-12-28T23:16:49.373+0000][852.961s][info][gc,heap     ] GC(81) Survivor regions: 1->1(119)
[2025-12-28T23:16:49.373+0000][852.961s][info][gc,heap     ] GC(81) Old regions: 37->37
[2025-12-28T23:16:49.373+0000][852.962s][info][gc,heap     ] GC(81) Archive regions: 2->2
[2025-12-28T23:16:49.374+0000][852.962s][info][gc,heap     ] GC(81) Humongous regions: 39->39
[2025-12-28T23:16:49.374+0000][852.962s][info][gc,metaspace] GC(81) Metaspace: 74110K(74880K)->74110K(74880K) NonClass: 63910K(64320K)->63910K(64320K) Class: 10199K(10560K)->10199K(10560K)
[2025-12-28T23:16:49.374+0000][852.962s][info][gc          ] GC(81) Pause Young (Normal) (G1 Evacuation Pause) 1027M->76M(1588M) 4.581ms
[2025-12-28T23:16:49.374+0000][852.962s][info][gc,cpu      ] GC(81) User=0.02s Sys=0.00s Real=0.01s
[2025-12-28T23:17:01.522+0000][865.110s][info][gc,start    ] GC(82) Pause Young (Normal) (G1 Evacuation Pause)
[2025-12-28T23:17:01.523+0000][865.111s][info][gc,task     ] GC(82) Using 8 workers of 8 for evacuation
[2025-12-28T23:17:01.527+0000][865.115s][info][gc,phases   ] GC(82)   Pre Evacuate Collection Set: 0.4ms
[2025-12-28T23:17:01.527+0000][865.115s][info][gc,phases   ] GC(82)   Merge Heap Roots: 0.2ms
[2025-12-28T23:17:01.527+0000][865.115s][info][gc,phases   ] GC(82)   Evacuate Collection Set: 2.2ms
[2025-12-28T23:17:01.527+0000][865.115s][info][gc,phases   ] GC(82)   Post Evacuate Collection Set: 0.9ms
[2025-12-28T23:17:01.527+0000][865.115s][info][gc,phases   ] GC(82)   Other: 1.3ms
[2025-12-28T23:17:01.527+0000][865.116s][info][gc,heap     ] GC(82) Eden regions: 951->0(951)
[2025-12-28T23:17:01.527+0000][865.116s][info][gc,heap     ] GC(82) Survivor regions: 1->1(119)
[2025-12-28T23:17:01.528+0000][865.116s][info][gc,heap     ] GC(82) Old regions: 37->37
[2025-12-28T23:17:01.528+0000][865.116s][info][gc,heap     ] GC(82) Archive regions: 2->2
[2025-12-28T23:17:01.528+0000][865.116s][info][gc,heap     ] GC(82) Humongous regions: 39->39
[2025-12-28T23:17:01.528+0000][865.116s][info][gc,metaspace] GC(82) Metaspace: 74111K(74880K)->74111K(74880K) NonClass: 63911K(64320K)->63911K(64320K) Class: 10199K(10560K)->10199K(10560K)
[2025-12-28T23:17:01.528+0000][865.116s][info][gc          ] GC(82) Pause Young (Normal) (G1 Evacuation Pause) 1027M->76M(1588M) 5.956ms
[2025-12-28T23:17:01.528+0000][865.116s][info][gc,cpu      ] GC(82) User=0.02s Sys=0.00s Real=0.00s
[2025-12-28T23:17:13.594+0000][877.182s][info][gc,start    ] GC(83) Pause Young (Normal) (G1 Evacuation Pause)
[2025-12-28T23:17:13.595+0000][877.183s][info][gc,task     ] GC(83) Using 8 workers of 8 for evacuation
[2025-12-28T23:17:13.597+0000][877.185s][info][gc,phases   ] GC(83)   Pre Evacuate Collection Set: 0.3ms
[2025-12-28T23:17:13.597+0000][877.186s][info][gc,phases   ] GC(83)   Merge Heap Roots: 0.1ms
[2025-12-28T23:17:13.597+0000][877.186s][info][gc,phases   ] GC(83)   Evacuate Collection Set: 1.2ms
[2025-12-28T23:17:13.598+0000][877.186s][info][gc,phases   ] GC(83)   Post Evacuate Collection Set: 0.5ms
[2025-12-28T23:17:13.598+0000][877.186s][info][gc,phases   ] GC(83)   Other: 1.2ms
[2025-12-28T23:17:13.598+0000][877.186s][info][gc,heap     ] GC(83) Eden regions: 951->0(951)
[2025-12-28T23:17:13.598+0000][877.186s][info][gc,heap     ] GC(83) Survivor regions: 1->1(119)
[2025-12-28T23:17:13.598+0000][877.186s][info][gc,heap     ] GC(83) Old regions: 37->37
[2025-12-28T23:17:13.598+0000][877.186s][info][gc,heap     ] GC(83) Archive regions: 2->2
[2025-12-28T23:17:13.598+0000][877.186s][info][gc,heap     ] GC(83) Humongous regions: 39->39
[2025-12-28T23:17:13.598+0000][877.186s][info][gc,metaspace] GC(83) Metaspace: 74171K(74944K)->74171K(74944K) NonClass: 63971K(64384K)->63971K(64384K) Class: 10199K(10560K)->10199K(10560K)
[2025-12-28T23:17:13.598+0000][877.186s][info][gc          ] GC(83) Pause Young (Normal) (G1 Evacuation Pause) 1027M->77M(1588M) 4.163ms
[2025-12-28T23:17:13.598+0000][877.187s][info][gc,cpu      ] GC(83) User=0.01s Sys=0.00s Real=0.00s
[2025-12-28T23:17:25.986+0000][889.575s][info][gc,start    ] GC(84) Pause Young (Normal) (G1 Evacuation Pause)
[2025-12-28T23:17:25.987+0000][889.576s][info][gc,task     ] GC(84) Using 8 workers of 8 for evacuation
[2025-12-28T23:17:25.993+0000][889.582s][info][gc,phases   ] GC(84)   Pre Evacuate Collection Set: 0.4ms
[2025-12-28T23:17:25.994+0000][889.582s][info][gc,phases   ] GC(84)   Merge Heap Roots: 0.2ms
[2025-12-28T23:17:25.994+0000][889.582s][info][gc,phases   ] GC(84)   Evacuate Collection Set: 3.2ms
[2025-12-28T23:17:25.994+0000][889.582s][info][gc,phases   ] GC(84)   Post Evacuate Collection Set: 1.9ms
[2025-12-28T23:17:25.994+0000][889.582s][info][gc,phases   ] GC(84)   Other: 1.3ms
[2025-12-28T23:17:25.994+0000][889.582s][info][gc,heap     ] GC(84) Eden regions: 951->0(951)
[2025-12-28T23:17:25.994+0000][889.582s][info][gc,heap     ] GC(84) Survivor regions: 1->1(119)
[2025-12-28T23:17:25.994+0000][889.582s][info][gc,heap     ] GC(84) Old regions: 37->37
[2025-12-28T23:17:25.994+0000][889.582s][info][gc,heap     ] GC(84) Archive regions: 2->2
[2025-12-28T23:17:25.994+0000][889.582s][info][gc,heap     ] GC(84) Humongous regions: 39->39
[2025-12-28T23:17:25.994+0000][889.582s][info][gc,metaspace] GC(84) Metaspace: 74181K(74944K)->74181K(74944K) NonClass: 63982K(64384K)->63982K(64384K) Class: 10199K(10560K)->10199K(10560K)
[2025-12-28T23:17:25.994+0000][889.582s][info][gc          ] GC(84) Pause Young (Normal) (G1 Evacuation Pause) 1028M->77M(1588M) 7.716ms
[2025-12-28T23:17:25.994+0000][889.582s][info][gc,cpu      ] GC(84) User=0.03s Sys=0.00s Real=0.01s
[2025-12-28T23:17:39.534+0000][903.122s][info][gc,start    ] GC(85) Pause Young (Normal) (G1 Evacuation Pause)
[2025-12-28T23:17:39.535+0000][903.123s][info][gc,task     ] GC(85) Using 8 workers of 8 for evacuation
[2025-12-28T23:17:39.538+0000][903.126s][info][gc,phases   ] GC(85)   Pre Evacuate Collection Set: 0.3ms
[2025-12-28T23:17:39.538+0000][903.126s][info][gc,phases   ] GC(85)   Merge Heap Roots: 0.2ms
[2025-12-28T23:17:39.538+0000][903.126s][info][gc,phases   ] GC(85)   Evacuate Collection Set: 1.7ms
[2025-12-28T23:17:39.538+0000][903.126s][info][gc,phases   ] GC(85)   Post Evacuate Collection Set: 0.7ms
[2025-12-28T23:17:39.538+0000][903.127s][info][gc,phases   ] GC(85)   Other: 1.4ms
[2025-12-28T23:17:39.538+0000][903.127s][info][gc,heap     ] GC(85) Eden regions: 951->0(951)
[2025-12-28T23:17:39.539+0000][903.127s][info][gc,heap     ] GC(85) Survivor regions: 1->1(119)
[2025-12-28T23:17:39.539+0000][903.127s][info][gc,heap     ] GC(85) Old regions: 37->37
[2025-12-28T23:17:39.539+0000][903.127s][info][gc,heap     ] GC(85) Archive regions: 2->2
[2025-12-28T23:17:39.539+0000][903.127s][info][gc,heap     ] GC(85) Humongous regions: 39->39
[2025-12-28T23:17:39.539+0000][903.127s][info][gc,metaspace] GC(85) Metaspace: 74186K(74944K)->74186K(74944K) NonClass: 63986K(64384K)->63986K(64384K) Class: 10199K(10560K)->10199K(10560K)
[2025-12-28T23:17:39.539+0000][903.127s][info][gc          ] GC(85) Pause Young (Normal) (G1 Evacuation Pause) 1028M->77M(1588M) 5.305ms
[2025-12-28T23:17:39.539+0000][903.127s][info][gc,cpu      ] GC(85) User=0.01s Sys=0.00s Real=0.00s
[2025-12-28T23:17:51.513+0000][915.102s][info][gc,start    ] GC(86) Pause Young (Normal) (G1 Evacuation Pause)
[2025-12-28T23:17:51.514+0000][915.103s][info][gc,task     ] GC(86) Using 8 workers of 8 for evacuation
[2025-12-28T23:17:51.519+0000][915.107s][info][gc,phases   ] GC(86)   Pre Evacuate Collection Set: 0.5ms
[2025-12-28T23:17:51.519+0000][915.107s][info][gc,phases   ] GC(86)   Merge Heap Roots: 0.3ms
[2025-12-28T23:17:51.519+0000][915.107s][info][gc,phases   ] GC(86)   Evacuate Collection Set: 2.2ms
[2025-12-28T23:17:51.519+0000][915.107s][info][gc,phases   ] GC(86)   Post Evacuate Collection Set: 1.0ms
[2025-12-28T23:17:51.519+0000][915.108s][info][gc,phases   ] GC(86)   Other: 1.5ms
[2025-12-28T23:17:51.519+0000][915.108s][info][gc,heap     ] GC(86) Eden regions: 951->0(951)
[2025-12-28T23:17:51.520+0000][915.108s][info][gc,heap     ] GC(86) Survivor regions: 1->1(119)
[2025-12-28T23:17:51.520+0000][915.108s][info][gc,heap     ] GC(86) Old regions: 37->37
[2025-12-28T23:17:51.520+0000][915.108s][info][gc,heap     ] GC(86) Archive regions: 2->2
[2025-12-28T23:17:51.520+0000][915.108s][info][gc,heap     ] GC(86) Humongous regions: 39->39
[2025-12-28T23:17:51.520+0000][915.108s][info][gc,metaspace] GC(86) Metaspace: 74189K(74944K)->74189K(74944K) NonClass: 63989K(64384K)->63989K(64384K) Class: 10199K(10560K)->10199K(10560K)
[2025-12-28T23:17:51.520+0000][915.108s][info][gc          ] GC(86) Pause Young (Normal) (G1 Evacuation Pause) 1028M->77M(1588M) 6.768ms
[2025-12-28T23:17:51.520+0000][915.109s][info][gc,cpu      ] GC(86) User=0.02s Sys=0.00s Real=0.01s
[2025-12-28T23:18:03.703+0000][927.291s][info][gc,start    ] GC(87) Pause Young (Normal) (G1 Evacuation Pause)
[2025-12-28T23:18:03.704+0000][927.292s][info][gc,task     ] GC(87) Using 8 workers of 8 for evacuation
[2025-12-28T23:18:03.706+0000][927.294s][info][gc,phases   ] GC(87)   Pre Evacuate Collection Set: 0.3ms
[2025-12-28T23:18:03.706+0000][927.294s][info][gc,phases   ] GC(87)   Merge Heap Roots: 0.1ms
[2025-12-28T23:18:03.706+0000][927.295s][info][gc,phases   ] GC(87)   Evacuate Collection Set: 1.1ms
[2025-12-28T23:18:03.706+0000][927.295s][info][gc,phases   ] GC(87)   Post Evacuate Collection Set: 0.5ms
[2025-12-28T23:18:03.707+0000][927.295s][info][gc,phases   ] GC(87)   Other: 1.2ms
[2025-12-28T23:18:03.707+0000][927.295s][info][gc,heap     ] GC(87) Eden regions: 951->0(951)
[2025-12-28T23:18:03.707+0000][927.295s][info][gc,heap     ] GC(87) Survivor regions: 1->1(119)
[2025-12-28T23:18:03.707+0000][927.295s][info][gc,heap     ] GC(87) Old regions: 37->37
[2025-12-28T23:18:03.708+0000][927.296s][info][gc,heap     ] GC(87) Archive regions: 2->2
[2025-12-28T23:18:03.708+0000][927.296s][info][gc,heap     ] GC(87) Humongous regions: 39->39
[2025-12-28T23:18:03.708+0000][927.296s][info][gc,metaspace] GC(87) Metaspace: 74196K(74944K)->74196K(74944K) NonClass: 63996K(64384K)->63996K(64384K) Class: 10199K(10560K)->10199K(10560K)
[2025-12-28T23:18:03.708+0000][927.297s][info][gc          ] GC(87) Pause Young (Normal) (G1 Evacuation Pause) 1028M->77M(1588M) 5.449ms
[2025-12-28T23:18:03.709+0000][927.297s][info][gc,cpu      ] GC(87) User=0.01s Sys=0.00s Real=0.00s
[2025-12-28T23:18:15.827+0000][939.416s][info][gc,start    ] GC(88) Pause Young (Normal) (G1 Evacuation Pause)
[2025-12-28T23:18:15.828+0000][939.416s][info][gc,task     ] GC(88) Using 8 workers of 8 for evacuation
[2025-12-28T23:18:15.831+0000][939.419s][info][gc,phases   ] GC(88)   Pre Evacuate Collection Set: 0.3ms
[2025-12-28T23:18:15.831+0000][939.420s][info][gc,phases   ] GC(88)   Merge Heap Roots: 0.2ms
[2025-12-28T23:18:15.831+0000][939.420s][info][gc,phases   ] GC(88)   Evacuate Collection Set: 1.8ms
[2025-12-28T23:18:15.831+0000][939.420s][info][gc,phases   ] GC(88)   Post Evacuate Collection Set: 0.8ms
[2025-12-28T23:18:15.831+0000][939.420s][info][gc,phases   ] GC(88)   Other: 0.7ms
[2025-12-28T23:18:15.831+0000][939.420s][info][gc,heap     ] GC(88) Eden regions: 951->0(951)
[2025-12-28T23:18:15.832+0000][939.420s][info][gc,heap     ] GC(88) Survivor regions: 1->1(119)
[2025-12-28T23:18:15.832+0000][939.420s][info][gc,heap     ] GC(88) Old regions: 37->37
[2025-12-28T23:18:15.832+0000][939.420s][info][gc,heap     ] GC(88) Archive regions: 2->2
[2025-12-28T23:18:15.832+0000][939.420s][info][gc,heap     ] GC(88) Humongous regions: 39->39
[2025-12-28T23:18:15.832+0000][939.420s][info][gc,metaspace] GC(88) Metaspace: 74197K(74944K)->74197K(74944K) NonClass: 63997K(64384K)->63997K(64384K) Class: 10199K(10560K)->10199K(10560K)
[2025-12-28T23:18:15.832+0000][939.420s][info][gc          ] GC(88) Pause Young (Normal) (G1 Evacuation Pause) 1028M->77M(1588M) 4.236ms
[2025-12-28T23:18:15.832+0000][939.420s][info][gc,cpu      ] GC(88) User=0.02s Sys=0.00s Real=0.01s
[2025-12-28T23:18:27.815+0000][951.403s][info][gc,start    ] GC(89) Pause Young (Normal) (G1 Evacuation Pause)
[2025-12-28T23:18:27.816+0000][951.404s][info][gc,task     ] GC(89) Using 8 workers of 8 for evacuation
[2025-12-28T23:18:27.818+0000][951.406s][info][gc,phases   ] GC(89)   Pre Evacuate Collection Set: 0.2ms
[2025-12-28T23:18:27.818+0000][951.406s][info][gc,phases   ] GC(89)   Merge Heap Roots: 0.2ms
[2025-12-28T23:18:27.818+0000][951.407s][info][gc,phases   ] GC(89)   Evacuate Collection Set: 1.2ms
[2025-12-28T23:18:27.818+0000][951.407s][info][gc,phases   ] GC(89)   Post Evacuate Collection Set: 0.7ms
[2025-12-28T23:18:27.819+0000][951.407s][info][gc,phases   ] GC(89)   Other: 1.2ms
[2025-12-28T23:18:27.819+0000][951.407s][info][gc,heap     ] GC(89) Eden regions: 951->0(951)
[2025-12-28T23:18:27.819+0000][951.407s][info][gc,heap     ] GC(89) Survivor regions: 1->1(119)
[2025-12-28T23:18:27.819+0000][951.407s][info][gc,heap     ] GC(89) Old regions: 37->37
[2025-12-28T23:18:27.819+0000][951.407s][info][gc,heap     ] GC(89) Archive regions: 2->2
[2025-12-28T23:18:27.819+0000][951.407s][info][gc,heap     ] GC(89) Humongous regions: 39->39
[2025-12-28T23:18:27.819+0000][951.407s][info][gc,metaspace] GC(89) Metaspace: 74228K(74944K)->74228K(74944K) NonClass: 64028K(64384K)->64028K(64384K) Class: 10199K(10560K)->10199K(10560K)
[2025-12-28T23:18:27.819+0000][951.407s][info][gc          ] GC(89) Pause Young (Normal) (G1 Evacuation Pause) 1028M->77M(1588M) 4.484ms
[2025-12-28T23:18:27.819+0000][951.407s][info][gc,cpu      ] GC(89) User=0.01s Sys=0.00s Real=0.00s
[2025-12-28T23:18:40.959+0000][964.547s][info][gc,start    ] GC(90) Pause Young (Normal) (G1 Evacuation Pause)
[2025-12-28T23:18:40.959+0000][964.548s][info][gc,task     ] GC(90) Using 8 workers of 8 for evacuation
[2025-12-28T23:18:40.964+0000][964.553s][info][gc,phases   ] GC(90)   Pre Evacuate Collection Set: 0.4ms
[2025-12-28T23:18:40.965+0000][964.553s][info][gc,phases   ] GC(90)   Merge Heap Roots: 0.2ms
[2025-12-28T23:18:40.965+0000][964.553s][info][gc,phases   ] GC(90)   Evacuate Collection Set: 2.4ms
[2025-12-28T23:18:40.965+0000][964.553s][info][gc,phases   ] GC(90)   Post Evacuate Collection Set: 1.3ms
[2025-12-28T23:18:40.965+0000][964.553s][info][gc,phases   ] GC(90)   Other: 1.2ms
[2025-12-28T23:18:40.965+0000][964.554s][info][gc,heap     ] GC(90) Eden regions: 951->0(951)
[2025-12-28T23:18:40.966+0000][964.554s][info][gc,heap     ] GC(90) Survivor regions: 1->1(119)
[2025-12-28T23:18:40.966+0000][964.554s][info][gc,heap     ] GC(90) Old regions: 37->37
[2025-12-28T23:18:40.966+0000][964.554s][info][gc,heap     ] GC(90) Archive regions: 2->2
[2025-12-28T23:18:40.966+0000][964.554s][info][gc,heap     ] GC(90) Humongous regions: 39->39
[2025-12-28T23:18:40.966+0000][964.554s][info][gc,metaspace] GC(90) Metaspace: 74234K(74944K)->74234K(74944K) NonClass: 64035K(64384K)->64035K(64384K) Class: 10199K(10560K)->10199K(10560K)
[2025-12-28T23:18:40.966+0000][964.554s][info][gc          ] GC(90) Pause Young (Normal) (G1 Evacuation Pause) 1028M->77M(1588M) 7.388ms
[2025-12-28T23:18:40.966+0000][964.555s][info][gc,cpu      ] GC(90) User=0.02s Sys=0.00s Real=0.01s
[2025-12-28T23:18:53.714+0000][977.302s][info][gc,start    ] GC(91) Pause Young (Normal) (G1 Evacuation Pause)
[2025-12-28T23:18:53.714+0000][977.302s][info][gc,task     ] GC(91) Using 8 workers of 8 for evacuation
[2025-12-28T23:18:53.716+0000][977.304s][info][gc,phases   ] GC(91)   Pre Evacuate Collection Set: 0.2ms
[2025-12-28T23:18:53.716+0000][977.304s][info][gc,phases   ] GC(91)   Merge Heap Roots: 0.1ms
[2025-12-28T23:18:53.716+0000][977.305s][info][gc,phases   ] GC(91)   Evacuate Collection Set: 1.1ms
[2025-12-28T23:18:53.716+0000][977.305s][info][gc,phases   ] GC(91)   Post Evacuate Collection Set: 0.5ms
[2025-12-28T23:18:53.717+0000][977.305s][info][gc,phases   ] GC(91)   Other: 0.7ms
[2025-12-28T23:18:53.717+0000][977.305s][info][gc,heap     ] GC(91) Eden regions: 951->0(951)
[2025-12-28T23:18:53.717+0000][977.305s][info][gc,heap     ] GC(91) Survivor regions: 1->1(119)
[2025-12-28T23:18:53.717+0000][977.305s][info][gc,heap     ] GC(91) Old regions: 37->37
[2025-12-28T23:18:53.717+0000][977.305s][info][gc,heap     ] GC(91) Archive regions: 2->2
[2025-12-28T23:18:53.717+0000][977.305s][info][gc,heap     ] GC(91) Humongous regions: 39->39
[2025-12-28T23:18:53.717+0000][977.305s][info][gc,metaspace] GC(91) Metaspace: 74237K(74944K)->74237K(74944K) NonClass: 64037K(64384K)->64037K(64384K) Class: 10199K(10560K)->10199K(10560K)
[2025-12-28T23:18:53.717+0000][977.305s][info][gc          ] GC(91) Pause Young (Normal) (G1 Evacuation Pause) 1028M->77M(1588M) 3.129ms
[2025-12-28T23:18:53.717+0000][977.305s][info][gc,cpu      ] GC(91) User=0.01s Sys=0.00s Real=0.00s
[2025-12-28T23:19:05.858+0000][989.446s][info][gc,start    ] GC(92) Pause Young (Normal) (G1 Evacuation Pause)
[2025-12-28T23:19:05.858+0000][989.447s][info][gc,task     ] GC(92) Using 8 workers of 8 for evacuation
[2025-12-28T23:19:05.861+0000][989.450s][info][gc,phases   ] GC(92)   Pre Evacuate Collection Set: 0.3ms
[2025-12-28T23:19:05.862+0000][989.450s][info][gc,phases   ] GC(92)   Merge Heap Roots: 0.2ms
[2025-12-28T23:19:05.862+0000][989.450s][info][gc,phases   ] GC(92)   Evacuate Collection Set: 1.5ms
[2025-12-28T23:19:05.862+0000][989.450s][info][gc,phases   ] GC(92)   Post Evacuate Collection Set: 0.7ms
[2025-12-28T23:19:05.862+0000][989.450s][info][gc,phases   ] GC(92)   Other: 1.2ms
[2025-12-28T23:19:05.862+0000][989.450s][info][gc,heap     ] GC(92) Eden regions: 951->0(951)
[2025-12-28T23:19:05.862+0000][989.450s][info][gc,heap     ] GC(92) Survivor regions: 1->1(119)
[2025-12-28T23:19:05.862+0000][989.450s][info][gc,heap     ] GC(92) Old regions: 37->37
[2025-12-28T23:19:05.862+0000][989.450s][info][gc,heap     ] GC(92) Archive regions: 2->2
[2025-12-28T23:19:05.862+0000][989.450s][info][gc,heap     ] GC(92) Humongous regions: 39->39
[2025-12-28T23:19:05.862+0000][989.450s][info][gc,metaspace] GC(92) Metaspace: 74242K(74944K)->74242K(74944K) NonClass: 64042K(64384K)->64042K(64384K) Class: 10199K(10560K)->10199K(10560K)
[2025-12-28T23:19:05.862+0000][989.450s][info][gc          ] GC(92) Pause Young (Normal) (G1 Evacuation Pause) 1028M->77M(1588M) 4.776ms
[2025-12-28T23:19:05.862+0000][989.451s][info][gc,cpu      ] GC(92) User=0.01s Sys=0.00s Real=0.01s
[2025-12-28T23:19:17.971+0000][1001.559s][info][gc,start    ] GC(93) Pause Young (Normal) (G1 Evacuation Pause)
[2025-12-28T23:19:17.972+0000][1001.560s][info][gc,task     ] GC(93) Using 8 workers of 8 for evacuation
[2025-12-28T23:19:17.975+0000][1001.563s][info][gc,phases   ] GC(93)   Pre Evacuate Collection Set: 0.3ms
[2025-12-28T23:19:17.975+0000][1001.563s][info][gc,phases   ] GC(93)   Merge Heap Roots: 0.2ms
[2025-12-28T23:19:17.975+0000][1001.563s][info][gc,phases   ] GC(93)   Evacuate Collection Set: 1.6ms
[2025-12-28T23:19:17.975+0000][1001.564s][info][gc,phases   ] GC(93)   Post Evacuate Collection Set: 0.7ms
[2025-12-28T23:19:17.975+0000][1001.564s][info][gc,phases   ] GC(93)   Other: 1.4ms
[2025-12-28T23:19:17.976+0000][1001.564s][info][gc,heap     ] GC(93) Eden regions: 951->0(951)
[2025-12-28T23:19:17.976+0000][1001.564s][info][gc,heap     ] GC(93) Survivor regions: 1->1(119)
[2025-12-28T23:19:17.976+0000][1001.564s][info][gc,heap     ] GC(93) Old regions: 37->37
[2025-12-28T23:19:17.976+0000][1001.564s][info][gc,heap     ] GC(93) Archive regions: 2->2
[2025-12-28T23:19:17.976+0000][1001.564s][info][gc,heap     ] GC(93) Humongous regions: 39->39
[2025-12-28T23:19:17.976+0000][1001.564s][info][gc,metaspace] GC(93) Metaspace: 74242K(74944K)->74242K(74944K) NonClass: 64042K(64384K)->64042K(64384K) Class: 10199K(10560K)->10199K(10560K)
[2025-12-28T23:19:17.976+0000][1001.564s][info][gc          ] GC(93) Pause Young (Normal) (G1 Evacuation Pause) 1028M->77M(1588M) 5.242ms
[2025-12-28T23:19:17.976+0000][1001.564s][info][gc,cpu      ] GC(93) User=0.01s Sys=0.00s Real=0.00s
[2025-12-28T23:19:29.708+0000][1013.296s][info][gc,start    ] GC(94) Pause Young (Normal) (G1 Evacuation Pause)
[2025-12-28T23:19:29.709+0000][1013.297s][info][gc,task     ] GC(94) Using 8 workers of 8 for evacuation
[2025-12-28T23:19:29.712+0000][1013.300s][info][gc,phases   ] GC(94)   Pre Evacuate Collection Set: 0.3ms
[2025-12-28T23:19:29.712+0000][1013.300s][info][gc,phases   ] GC(94)   Merge Heap Roots: 0.2ms
[2025-12-28T23:19:29.712+0000][1013.301s][info][gc,phases   ] GC(94)   Evacuate Collection Set: 1.5ms
[2025-12-28T23:19:29.713+0000][1013.301s][info][gc,phases   ] GC(94)   Post Evacuate Collection Set: 0.8ms
[2025-12-28T23:19:29.713+0000][1013.301s][info][gc,phases   ] GC(94)   Other: 1.2ms
[2025-12-28T23:19:29.713+0000][1013.301s][info][gc,heap     ] GC(94) Eden regions: 951->0(950)
[2025-12-28T23:19:29.713+0000][1013.301s][info][gc,heap     ] GC(94) Survivor regions: 1->2(119)
[2025-12-28T23:19:29.713+0000][1013.301s][info][gc,heap     ] GC(94) Old regions: 37->37
[2025-12-28T23:19:29.713+0000][1013.301s][info][gc,heap     ] GC(94) Archive regions: 2->2
[2025-12-28T23:19:29.713+0000][1013.301s][info][gc,heap     ] GC(94) Humongous regions: 39->39
[2025-12-28T23:19:29.713+0000][1013.301s][info][gc,metaspace] GC(94) Metaspace: 74324K(75072K)->74324K(75072K) NonClass: 64124K(64512K)->64124K(64512K) Class: 10199K(10560K)->10199K(10560K)
[2025-12-28T23:19:29.713+0000][1013.301s][info][gc          ] GC(94) Pause Young (Normal) (G1 Evacuation Pause) 1028M->78M(1588M) 5.087ms
[2025-12-28T23:19:29.713+0000][1013.302s][info][gc,cpu      ] GC(94) User=0.01s Sys=0.00s Real=0.01s
[2025-12-28T23:19:41.961+0000][1025.549s][info][gc,start    ] GC(95) Pause Young (Normal) (G1 Evacuation Pause)
[2025-12-28T23:19:41.962+0000][1025.550s][info][gc,task     ] GC(95) Using 8 workers of 8 for evacuation
[2025-12-28T23:19:41.967+0000][1025.556s][info][gc,phases   ] GC(95)   Pre Evacuate Collection Set: 0.4ms
[2025-12-28T23:19:41.968+0000][1025.556s][info][gc,phases   ] GC(95)   Merge Heap Roots: 0.3ms
[2025-12-28T23:19:41.969+0000][1025.557s][info][gc,phases   ] GC(95)   Evacuate Collection Set: 3.0ms
[2025-12-28T23:19:41.969+0000][1025.558s][info][gc,phases   ] GC(95)   Post Evacuate Collection Set: 1.1ms
[2025-12-28T23:19:41.970+0000][1025.558s][info][gc,phases   ] GC(95)   Other: 1.7ms
[2025-12-28T23:19:41.970+0000][1025.558s][info][gc,heap     ] GC(95) Eden regions: 950->0(950)
[2025-12-28T23:19:41.970+0000][1025.558s][info][gc,heap     ] GC(95) Survivor regions: 2->2(119)
[2025-12-28T23:19:41.970+0000][1025.558s][info][gc,heap     ] GC(95) Old regions: 37->37
[2025-12-28T23:19:41.970+0000][1025.558s][info][gc,heap     ] GC(95) Archive regions: 2->2
[2025-12-28T23:19:41.970+0000][1025.558s][info][gc,heap     ] GC(95) Humongous regions: 39->39
[2025-12-28T23:19:41.970+0000][1025.558s][info][gc,metaspace] GC(95) Metaspace: 74330K(75072K)->74330K(75072K) NonClass: 64130K(64512K)->64130K(64512K) Class: 10199K(10560K)->10199K(10560K)
[2025-12-28T23:19:41.970+0000][1025.558s][info][gc          ] GC(95) Pause Young (Normal) (G1 Evacuation Pause) 1028M->78M(1588M) 9.230ms
[2025-12-28T23:19:41.970+0000][1025.559s][info][gc,cpu      ] GC(95) User=0.02s Sys=0.00s Real=0.01s
[2025-12-28T23:19:55.934+0000][1039.522s][info][gc,start    ] GC(96) Pause Young (Normal) (G1 Evacuation Pause)
[2025-12-28T23:19:55.935+0000][1039.523s][info][gc,task     ] GC(96) Using 8 workers of 8 for evacuation
[2025-12-28T23:19:55.938+0000][1039.526s][info][gc,phases   ] GC(96)   Pre Evacuate Collection Set: 0.4ms
[2025-12-28T23:19:55.938+0000][1039.526s][info][gc,phases   ] GC(96)   Merge Heap Roots: 0.2ms
[2025-12-28T23:19:55.938+0000][1039.526s][info][gc,phases   ] GC(96)   Evacuate Collection Set: 1.4ms
[2025-12-28T23:19:55.938+0000][1039.526s][info][gc,phases   ] GC(96)   Post Evacuate Collection Set: 0.7ms
[2025-12-28T23:19:55.938+0000][1039.526s][info][gc,phases   ] GC(96)   Other: 1.4ms
[2025-12-28T23:19:55.938+0000][1039.526s][info][gc,heap     ] GC(96) Eden regions: 950->0(950)
[2025-12-28T23:19:55.938+0000][1039.526s][info][gc,heap     ] GC(96) Survivor regions: 2->2(119)
[2025-12-28T23:19:55.938+0000][1039.527s][info][gc,heap     ] GC(96) Old regions: 37->38
[2025-12-28T23:19:55.938+0000][1039.527s][info][gc,heap     ] GC(96) Archive regions: 2->2
[2025-12-28T23:19:55.939+0000][1039.527s][info][gc,heap     ] GC(96) Humongous regions: 39->39
[2025-12-28T23:19:55.939+0000][1039.527s][info][gc,metaspace] GC(96) Metaspace: 74336K(75072K)->74336K(75072K) NonClass: 64136K(64512K)->64136K(64512K) Class: 10199K(10560K)->10199K(10560K)
[2025-12-28T23:19:55.939+0000][1039.527s][info][gc          ] GC(96) Pause Young (Normal) (G1 Evacuation Pause) 1028M->78M(1588M) 5.075ms
[2025-12-28T23:19:55.939+0000][1039.527s][info][gc,cpu      ] GC(96) User=0.01s Sys=0.01s Real=0.00s
[2025-12-28T23:20:08.078+0000][1051.667s][info][gc,start    ] GC(97) Pause Young (Normal) (G1 Evacuation Pause)
[2025-12-28T23:20:08.079+0000][1051.667s][info][gc,task     ] GC(97) Using 8 workers of 8 for evacuation
[2025-12-28T23:20:08.087+0000][1051.675s][info][gc,phases   ] GC(97)   Pre Evacuate Collection Set: 0.6ms
[2025-12-28T23:20:08.087+0000][1051.675s][info][gc,phases   ] GC(97)   Merge Heap Roots: 0.9ms
[2025-12-28T23:20:08.087+0000][1051.675s][info][gc,phases   ] GC(97)   Evacuate Collection Set: 4.4ms
[2025-12-28T23:20:08.087+0000][1051.675s][info][gc,phases   ] GC(97)   Post Evacuate Collection Set: 1.4ms
[2025-12-28T23:20:08.087+0000][1051.675s][info][gc,phases   ] GC(97)   Other: 1.1ms
[2025-12-28T23:20:08.087+0000][1051.675s][info][gc,heap     ] GC(97) Eden regions: 950->0(950)
[2025-12-28T23:20:08.087+0000][1051.675s][info][gc,heap     ] GC(97) Survivor regions: 2->2(119)
[2025-12-28T23:20:08.087+0000][1051.676s][info][gc,heap     ] GC(97) Old regions: 38->38
[2025-12-28T23:20:08.087+0000][1051.676s][info][gc,heap     ] GC(97) Archive regions: 2->2
[2025-12-28T23:20:08.087+0000][1051.676s][info][gc,heap     ] GC(97) Humongous regions: 39->39
[2025-12-28T23:20:08.088+0000][1051.676s][info][gc,metaspace] GC(97) Metaspace: 74337K(75072K)->74337K(75072K) NonClass: 64137K(64512K)->64137K(64512K) Class: 10199K(10560K)->10199K(10560K)
[2025-12-28T23:20:08.088+0000][1051.676s][info][gc          ] GC(97) Pause Young (Normal) (G1 Evacuation Pause) 1028M->78M(1588M) 9.420ms
[2025-12-28T23:20:08.088+0000][1051.676s][info][gc,cpu      ] GC(97) User=0.04s Sys=0.00s Real=0.01s
[2025-12-28T23:20:20.363+0000][1063.952s][info][gc,start    ] GC(98) Pause Young (Normal) (G1 Evacuation Pause)
[2025-12-28T23:20:20.364+0000][1063.952s][info][gc,task     ] GC(98) Using 8 workers of 8 for evacuation
[2025-12-28T23:20:20.366+0000][1063.955s][info][gc,phases   ] GC(98)   Pre Evacuate Collection Set: 0.2ms
[2025-12-28T23:20:20.366+0000][1063.955s][info][gc,phases   ] GC(98)   Merge Heap Roots: 0.1ms
[2025-12-28T23:20:20.367+0000][1063.955s][info][gc,phases   ] GC(98)   Evacuate Collection Set: 1.1ms
[2025-12-28T23:20:20.367+0000][1063.955s][info][gc,phases   ] GC(98)   Post Evacuate Collection Set: 0.5ms
[2025-12-28T23:20:20.367+0000][1063.955s][info][gc,phases   ] GC(98)   Other: 1.2ms
[2025-12-28T23:20:20.367+0000][1063.955s][info][gc,heap     ] GC(98) Eden regions: 950->0(951)
[2025-12-28T23:20:20.367+0000][1063.955s][info][gc,heap     ] GC(98) Survivor regions: 2->1(119)
[2025-12-28T23:20:20.367+0000][1063.955s][info][gc,heap     ] GC(98) Old regions: 38->38
[2025-12-28T23:20:20.367+0000][1063.955s][info][gc,heap     ] GC(98) Archive regions: 2->2
[2025-12-28T23:20:20.367+0000][1063.955s][info][gc,heap     ] GC(98) Humongous regions: 39->39
[2025-12-28T23:20:20.367+0000][1063.955s][info][gc,metaspace] GC(98) Metaspace: 74343K(75072K)->74343K(75072K) NonClass: 64143K(64512K)->64143K(64512K) Class: 10199K(10560K)->10199K(10560K)
[2025-12-28T23:20:20.367+0000][1063.956s][info][gc          ] GC(98) Pause Young (Normal) (G1 Evacuation Pause) 1028M->78M(1588M) 3.993ms
[2025-12-28T23:20:20.367+0000][1063.956s][info][gc,cpu      ] GC(98) User=0.01s Sys=0.00s Real=0.00s
[2025-12-28T23:20:32.204+0000][1075.792s][info][gc,start    ] GC(99) Pause Young (Normal) (G1 Evacuation Pause)
[2025-12-28T23:20:32.205+0000][1075.793s][info][gc,task     ] GC(99) Using 8 workers of 8 for evacuation
[2025-12-28T23:20:32.208+0000][1075.796s][info][gc,phases   ] GC(99)   Pre Evacuate Collection Set: 0.3ms
[2025-12-28T23:20:32.208+0000][1075.797s][info][gc,phases   ] GC(99)   Merge Heap Roots: 0.3ms
[2025-12-28T23:20:32.208+0000][1075.797s][info][gc,phases   ] GC(99)   Evacuate Collection Set: 1.3ms
[2025-12-28T23:20:32.209+0000][1075.797s][info][gc,phases   ] GC(99)   Post Evacuate Collection Set: 0.7ms
[2025-12-28T23:20:32.209+0000][1075.797s][info][gc,phases   ] GC(99)   Other: 1.4ms
[2025-12-28T23:20:32.209+0000][1075.797s][info][gc,heap     ] GC(99) Eden regions: 951->0(951)
[2025-12-28T23:20:32.209+0000][1075.797s][info][gc,heap     ] GC(99) Survivor regions: 1->1(119)
[2025-12-28T23:20:32.209+0000][1075.797s][info][gc,heap     ] GC(99) Old regions: 38->38
[2025-12-28T23:20:32.209+0000][1075.797s][info][gc,heap     ] GC(99) Archive regions: 2->2
[2025-12-28T23:20:32.209+0000][1075.797s][info][gc,heap     ] GC(99) Humongous regions: 39->39
[2025-12-28T23:20:32.209+0000][1075.797s][info][gc,metaspace] GC(99) Metaspace: 74347K(75072K)->74347K(75072K) NonClass: 64147K(64512K)->64147K(64512K) Class: 10199K(10560K)->10199K(10560K)
[2025-12-28T23:20:32.209+0000][1075.798s][info][gc          ] GC(99) Pause Young (Normal) (G1 Evacuation Pause) 1029M->78M(1588M) 5.052ms
[2025-12-28T23:20:32.209+0000][1075.798s][info][gc,cpu      ] GC(99) User=0.01s Sys=0.00s Real=0.00s
[2025-12-28T23:20:44.304+0000][1087.892s][info][gc,start    ] GC(100) Pause Young (Normal) (G1 Evacuation Pause)
[2025-12-28T23:20:44.305+0000][1087.893s][info][gc,task     ] GC(100) Using 8 workers of 8 for evacuation
[2025-12-28T23:20:44.308+0000][1087.896s][info][gc,phases   ] GC(100)   Pre Evacuate Collection Set: 0.3ms
[2025-12-28T23:20:44.308+0000][1087.896s][info][gc,phases   ] GC(100)   Merge Heap Roots: 0.3ms
[2025-12-28T23:20:44.308+0000][1087.896s][info][gc,phases   ] GC(100)   Evacuate Collection Set: 1.7ms
[2025-12-28T23:20:44.308+0000][1087.897s][info][gc,phases   ] GC(100)   Post Evacuate Collection Set: 0.7ms
[2025-12-28T23:20:44.308+0000][1087.897s][info][gc,phases   ] GC(100)   Other: 1.3ms
[2025-12-28T23:20:44.309+0000][1087.897s][info][gc,heap     ] GC(100) Eden regions: 951->0(951)
[2025-12-28T23:20:44.309+0000][1087.897s][info][gc,heap     ] GC(100) Survivor regions: 1->1(119)
[2025-12-28T23:20:44.309+0000][1087.897s][info][gc,heap     ] GC(100) Old regions: 38->38
[2025-12-28T23:20:44.309+0000][1087.897s][info][gc,heap     ] GC(100) Archive regions: 2->2
[2025-12-28T23:20:44.309+0000][1087.897s][info][gc,heap     ] GC(100) Humongous regions: 39->39
[2025-12-28T23:20:44.309+0000][1087.897s][info][gc,metaspace] GC(100) Metaspace: 74348K(75072K)->74348K(75072K) NonClass: 64148K(64512K)->64148K(64512K) Class: 10199K(10560K)->10199K(10560K)
[2025-12-28T23:20:44.309+0000][1087.897s][info][gc          ] GC(100) Pause Young (Normal) (G1 Evacuation Pause) 1029M->78M(1588M) 5.428ms
[2025-12-28T23:20:44.309+0000][1087.897s][info][gc,cpu      ] GC(100) User=0.01s Sys=0.00s Real=0.00s
[2025-12-28T23:20:56.237+0000][1099.825s][info][gc,start    ] GC(101) Pause Young (Normal) (G1 Evacuation Pause)
[2025-12-28T23:20:56.238+0000][1099.826s][info][gc,task     ] GC(101) Using 8 workers of 8 for evacuation
[2025-12-28T23:20:56.240+0000][1099.828s][info][gc,phases   ] GC(101)   Pre Evacuate Collection Set: 0.3ms
[2025-12-28T23:20:56.240+0000][1099.828s][info][gc,phases   ] GC(101)   Merge Heap Roots: 0.2ms
[2025-12-28T23:20:56.240+0000][1099.828s][info][gc,phases   ] GC(101)   Evacuate Collection Set: 1.0ms
[2025-12-28T23:20:56.240+0000][1099.828s][info][gc,phases   ] GC(101)   Post Evacuate Collection Set: 0.5ms
[2025-12-28T23:20:56.240+0000][1099.828s][info][gc,phases   ] GC(101)   Other: 1.2ms
[2025-12-28T23:20:56.240+0000][1099.829s][info][gc,heap     ] GC(101) Eden regions: 951->0(951)
[2025-12-28T23:20:56.240+0000][1099.829s][info][gc,heap     ] GC(101) Survivor regions: 1->1(119)
[2025-12-28T23:20:56.241+0000][1099.829s][info][gc,heap     ] GC(101) Old regions: 38->38
[2025-12-28T23:20:56.241+0000][1099.829s][info][gc,heap     ] GC(101) Archive regions: 2->2
[2025-12-28T23:20:56.241+0000][1099.829s][info][gc,heap     ] GC(101) Humongous regions: 39->39
[2025-12-28T23:20:56.241+0000][1099.829s][info][gc,metaspace] GC(101) Metaspace: 74348K(75072K)->74348K(75072K) NonClass: 64149K(64512K)->64149K(64512K) Class: 10199K(10560K)->10199K(10560K)
[2025-12-28T23:20:56.241+0000][1099.829s][info][gc          ] GC(101) Pause Young (Normal) (G1 Evacuation Pause) 1029M->78M(1588M) 4.144ms
[2025-12-28T23:20:56.241+0000][1099.829s][info][gc,cpu      ] GC(101) User=0.01s Sys=0.00s Real=0.01s
[2025-12-28T23:21:09.966+0000][1113.554s][info][gc,start    ] GC(102) Pause Young (Normal) (G1 Evacuation Pause)
[2025-12-28T23:21:09.967+0000][1113.555s][info][gc,task     ] GC(102) Using 8 workers of 8 for evacuation
[2025-12-28T23:21:09.969+0000][1113.558s][info][gc,phases   ] GC(102)   Pre Evacuate Collection Set: 0.3ms
[2025-12-28T23:21:09.970+0000][1113.558s][info][gc,phases   ] GC(102)   Merge Heap Roots: 0.2ms
[2025-12-28T23:21:09.970+0000][1113.558s][info][gc,phases   ] GC(102)   Evacuate Collection Set: 1.2ms
[2025-12-28T23:21:09.970+0000][1113.558s][info][gc,phases   ] GC(102)   Post Evacuate Collection Set: 0.6ms
[2025-12-28T23:21:09.970+0000][1113.558s][info][gc,phases   ] GC(102)   Other: 1.2ms
[2025-12-28T23:21:09.970+0000][1113.558s][info][gc,heap     ] GC(102) Eden regions: 951->0(951)
[2025-12-28T23:21:09.970+0000][1113.558s][info][gc,heap     ] GC(102) Survivor regions: 1->1(119)
[2025-12-28T23:21:09.970+0000][1113.558s][info][gc,heap     ] GC(102) Old regions: 38->38
[2025-12-28T23:21:09.970+0000][1113.558s][info][gc,heap     ] GC(102) Archive regions: 2->2
[2025-12-28T23:21:09.970+0000][1113.558s][info][gc,heap     ] GC(102) Humongous regions: 39->39
[2025-12-28T23:21:09.970+0000][1113.559s][info][gc,metaspace] GC(102) Metaspace: 74349K(75072K)->74349K(75072K) NonClass: 64149K(64512K)->64149K(64512K) Class: 10199K(10560K)->10199K(10560K)
[2025-12-28T23:21:09.970+0000][1113.559s][info][gc          ] GC(102) Pause Young (Normal) (G1 Evacuation Pause) 1029M->78M(1588M) 4.341ms
[2025-12-28T23:21:09.971+0000][1113.559s][info][gc,cpu      ] GC(102) User=0.01s Sys=0.00s Real=0.01s
[2025-12-28T23:21:22.184+0000][1125.772s][info][gc,start    ] GC(103) Pause Young (Normal) (G1 Evacuation Pause)
[2025-12-28T23:21:22.185+0000][1125.773s][info][gc,task     ] GC(103) Using 8 workers of 8 for evacuation
[2025-12-28T23:21:22.187+0000][1125.776s][info][gc,phases   ] GC(103)   Pre Evacuate Collection Set: 0.3ms
[2025-12-28T23:21:22.187+0000][1125.776s][info][gc,phases   ] GC(103)   Merge Heap Roots: 0.2ms
[2025-12-28T23:21:22.188+0000][1125.776s][info][gc,phases   ] GC(103)   Evacuate Collection Set: 1.2ms
[2025-12-28T23:21:22.188+0000][1125.776s][info][gc,phases   ] GC(103)   Post Evacuate Collection Set: 0.6ms
[2025-12-28T23:21:22.188+0000][1125.776s][info][gc,phases   ] GC(103)   Other: 1.4ms
[2025-12-28T23:21:22.188+0000][1125.776s][info][gc,heap     ] GC(103) Eden regions: 951->0(951)
[2025-12-28T23:21:22.188+0000][1125.776s][info][gc,heap     ] GC(103) Survivor regions: 1->1(119)
[2025-12-28T23:21:22.188+0000][1125.776s][info][gc,heap     ] GC(103) Old regions: 38->38
[2025-12-28T23:21:22.188+0000][1125.776s][info][gc,heap     ] GC(103) Archive regions: 2->2
[2025-12-28T23:21:22.188+0000][1125.776s][info][gc,heap     ] GC(103) Humongous regions: 39->39
[2025-12-28T23:21:22.188+0000][1125.776s][info][gc,metaspace] GC(103) Metaspace: 74354K(75072K)->74354K(75072K) NonClass: 64154K(64512K)->64154K(64512K) Class: 10199K(10560K)->10199K(10560K)
[2025-12-28T23:21:22.188+0000][1125.776s][info][gc          ] GC(103) Pause Young (Normal) (G1 Evacuation Pause) 1029M->78M(1588M) 4.373ms
[2025-12-28T23:21:22.188+0000][1125.777s][info][gc,cpu      ] GC(103) User=0.01s Sys=0.00s Real=0.00s
[2025-12-28T23:21:34.089+0000][1137.677s][info][gc,start    ] GC(104) Pause Young (Normal) (G1 Evacuation Pause)
[2025-12-28T23:21:34.090+0000][1137.678s][info][gc,task     ] GC(104) Using 8 workers of 8 for evacuation
[2025-12-28T23:21:34.096+0000][1137.684s][info][gc,phases   ] GC(104)   Pre Evacuate Collection Set: 0.7ms
[2025-12-28T23:21:34.096+0000][1137.684s][info][gc,phases   ] GC(104)   Merge Heap Roots: 0.3ms
[2025-12-28T23:21:34.096+0000][1137.684s][info][gc,phases   ] GC(104)   Evacuate Collection Set: 2.8ms
[2025-12-28T23:21:34.096+0000][1137.684s][info][gc,phases   ] GC(104)   Post Evacuate Collection Set: 1.3ms
[2025-12-28T23:21:34.096+0000][1137.684s][info][gc,phases   ] GC(104)   Other: 1.7ms
[2025-12-28T23:21:34.096+0000][1137.685s][info][gc,heap     ] GC(104) Eden regions: 951->0(951)
[2025-12-28T23:21:34.097+0000][1137.685s][info][gc,heap     ] GC(104) Survivor regions: 1->1(119)
[2025-12-28T23:21:34.097+0000][1137.685s][info][gc,heap     ] GC(104) Old regions: 38->38
[2025-12-28T23:21:34.097+0000][1137.685s][info][gc,heap     ] GC(104) Archive regions: 2->2
[2025-12-28T23:21:34.097+0000][1137.685s][info][gc,heap     ] GC(104) Humongous regions: 39->39
[2025-12-28T23:21:34.097+0000][1137.685s][info][gc,metaspace] GC(104) Metaspace: 74364K(75072K)->74364K(75072K) NonClass: 64164K(64512K)->64164K(64512K) Class: 10199K(10560K)->10199K(10560K)
[2025-12-28T23:21:34.097+0000][1137.685s][info][gc          ] GC(104) Pause Young (Normal) (G1 Evacuation Pause) 1029M->78M(1588M) 8.106ms
[2025-12-28T23:21:34.097+0000][1137.686s][info][gc,cpu      ] GC(104) User=0.03s Sys=0.00s Real=0.01s
[2025-12-28T23:21:46.169+0000][1149.757s][info][gc,start    ] GC(105) Pause Young (Normal) (G1 Evacuation Pause)
[2025-12-28T23:21:46.172+0000][1149.760s][info][gc,task     ] GC(105) Using 8 workers of 8 for evacuation
[2025-12-28T23:21:46.175+0000][1149.763s][info][gc,phases   ] GC(105)   Pre Evacuate Collection Set: 0.4ms
[2025-12-28T23:21:46.175+0000][1149.763s][info][gc,phases   ] GC(105)   Merge Heap Roots: 0.1ms
[2025-12-28T23:21:46.175+0000][1149.764s][info][gc,phases   ] GC(105)   Evacuate Collection Set: 1.4ms
[2025-12-28T23:21:46.175+0000][1149.764s][info][gc,phases   ] GC(105)   Post Evacuate Collection Set: 0.6ms
[2025-12-28T23:21:46.176+0000][1149.764s][info][gc,phases   ] GC(105)   Other: 3.3ms
[2025-12-28T23:21:46.176+0000][1149.764s][info][gc,heap     ] GC(105) Eden regions: 951->0(951)
[2025-12-28T23:21:46.176+0000][1149.764s][info][gc,heap     ] GC(105) Survivor regions: 1->1(119)
[2025-12-28T23:21:46.176+0000][1149.764s][info][gc,heap     ] GC(105) Old regions: 38->38
[2025-12-28T23:21:46.176+0000][1149.764s][info][gc,heap     ] GC(105) Archive regions: 2->2
[2025-12-28T23:21:46.176+0000][1149.764s][info][gc,heap     ] GC(105) Humongous regions: 39->39
[2025-12-28T23:21:46.176+0000][1149.764s][info][gc,metaspace] GC(105) Metaspace: 74368K(75072K)->74368K(75072K) NonClass: 64168K(64512K)->64168K(64512K) Class: 10199K(10560K)->10199K(10560K)
[2025-12-28T23:21:46.176+0000][1149.765s][info][gc          ] GC(105) Pause Young (Normal) (G1 Evacuation Pause) 1029M->78M(1588M) 7.081ms
[2025-12-28T23:21:46.177+0000][1149.765s][info][gc,cpu      ] GC(105) User=0.01s Sys=0.00s Real=0.01s
[2025-12-28T23:21:58.226+0000][1161.815s][info][gc,start    ] GC(106) Pause Young (Normal) (G1 Evacuation Pause)
[2025-12-28T23:21:58.228+0000][1161.816s][info][gc,task     ] GC(106) Using 8 workers of 8 for evacuation
[2025-12-28T23:21:58.230+0000][1161.818s][info][gc,phases   ] GC(106)   Pre Evacuate Collection Set: 0.3ms
[2025-12-28T23:21:58.230+0000][1161.818s][info][gc,phases   ] GC(106)   Merge Heap Roots: 0.1ms
[2025-12-28T23:21:58.230+0000][1161.818s][info][gc,phases   ] GC(106)   Evacuate Collection Set: 1.2ms
[2025-12-28T23:21:58.230+0000][1161.818s][info][gc,phases   ] GC(106)   Post Evacuate Collection Set: 0.5ms
[2025-12-28T23:21:58.231+0000][1161.819s][info][gc,phases   ] GC(106)   Other: 1.4ms
[2025-12-28T23:21:58.231+0000][1161.819s][info][gc,heap     ] GC(106) Eden regions: 951->0(951)
[2025-12-28T23:21:58.231+0000][1161.819s][info][gc,heap     ] GC(106) Survivor regions: 1->1(119)
[2025-12-28T23:21:58.231+0000][1161.819s][info][gc,heap     ] GC(106) Old regions: 38->38
[2025-12-28T23:21:58.231+0000][1161.819s][info][gc,heap     ] GC(106) Archive regions: 2->2
[2025-12-28T23:21:58.231+0000][1161.819s][info][gc,heap     ] GC(106) Humongous regions: 39->39
[2025-12-28T23:21:58.231+0000][1161.819s][info][gc,metaspace] GC(106) Metaspace: 74496K(75264K)->74496K(75264K) NonClass: 64287K(64640K)->64287K(64640K) Class: 10209K(10624K)->10209K(10624K)
[2025-12-28T23:21:58.231+0000][1161.819s][info][gc          ] GC(106) Pause Young (Normal) (G1 Evacuation Pause) 1029M->78M(1588M) 4.890ms
[2025-12-28T23:21:58.231+0000][1161.820s][info][gc,cpu      ] GC(106) User=0.01s Sys=0.00s Real=0.01s
[2025-12-28T23:22:10.968+0000][1174.556s][info][gc,start    ] GC(107) Pause Young (Normal) (G1 Evacuation Pause)
[2025-12-28T23:22:10.969+0000][1174.557s][info][gc,task     ] GC(107) Using 8 workers of 8 for evacuation
[2025-12-28T23:22:10.975+0000][1174.563s][info][gc,phases   ] GC(107)   Pre Evacuate Collection Set: 0.7ms
[2025-12-28T23:22:10.975+0000][1174.563s][info][gc,phases   ] GC(107)   Merge Heap Roots: 0.6ms
[2025-12-28T23:22:10.975+0000][1174.563s][info][gc,phases   ] GC(107)   Evacuate Collection Set: 3.7ms
[2025-12-28T23:22:10.975+0000][1174.563s][info][gc,phases   ] GC(107)   Post Evacuate Collection Set: 1.1ms
[2025-12-28T23:22:10.975+0000][1174.563s][info][gc,phases   ] GC(107)   Other: 0.7ms
[2025-12-28T23:22:10.975+0000][1174.563s][info][gc,heap     ] GC(107) Eden regions: 951->0(951)
[2025-12-28T23:22:10.975+0000][1174.563s][info][gc,heap     ] GC(107) Survivor regions: 1->1(119)
[2025-12-28T23:22:10.975+0000][1174.563s][info][gc,heap     ] GC(107) Old regions: 38->38
[2025-12-28T23:22:10.975+0000][1174.564s][info][gc,heap     ] GC(107) Archive regions: 2->2
[2025-12-28T23:22:10.975+0000][1174.564s][info][gc,heap     ] GC(107) Humongous regions: 39->39
[2025-12-28T23:22:10.975+0000][1174.564s][info][gc,metaspace] GC(107) Metaspace: 74497K(75264K)->74497K(75264K) NonClass: 64288K(64640K)->64288K(64640K) Class: 10209K(10624K)->10209K(10624K)
[2025-12-28T23:22:10.975+0000][1174.564s][info][gc          ] GC(107) Pause Young (Normal) (G1 Evacuation Pause) 1029M->78M(1588M) 7.181ms
[2025-12-28T23:22:10.976+0000][1174.564s][info][gc,cpu      ] GC(107) User=0.04s Sys=0.00s Real=0.01s
[2025-12-28T23:22:24.253+0000][1187.842s][info][gc,start    ] GC(108) Pause Young (Normal) (G1 Evacuation Pause)
[2025-12-28T23:22:24.254+0000][1187.842s][info][gc,task     ] GC(108) Using 8 workers of 8 for evacuation
[2025-12-28T23:22:24.259+0000][1187.847s][info][gc,phases   ] GC(108)   Pre Evacuate Collection Set: 0.5ms
[2025-12-28T23:22:24.259+0000][1187.847s][info][gc,phases   ] GC(108)   Merge Heap Roots: 0.3ms
[2025-12-28T23:22:24.259+0000][1187.847s][info][gc,phases   ] GC(108)   Evacuate Collection Set: 2.8ms
[2025-12-28T23:22:24.259+0000][1187.847s][info][gc,phases   ] GC(108)   Post Evacuate Collection Set: 1.0ms
[2025-12-28T23:22:24.259+0000][1187.847s][info][gc,phases   ] GC(108)   Other: 1.0ms
[2025-12-28T23:22:24.259+0000][1187.847s][info][gc,heap     ] GC(108) Eden regions: 951->0(951)
[2025-12-28T23:22:24.259+0000][1187.847s][info][gc,heap     ] GC(108) Survivor regions: 1->1(119)
[2025-12-28T23:22:24.259+0000][1187.847s][info][gc,heap     ] GC(108) Old regions: 38->38
[2025-12-28T23:22:24.259+0000][1187.847s][info][gc,heap     ] GC(108) Archive regions: 2->2
[2025-12-28T23:22:24.259+0000][1187.848s][info][gc,heap     ] GC(108) Humongous regions: 39->39
[2025-12-28T23:22:24.259+0000][1187.848s][info][gc,metaspace] GC(108) Metaspace: 74499K(75264K)->74499K(75264K) NonClass: 64290K(64640K)->64290K(64640K) Class: 10209K(10624K)->10209K(10624K)
[2025-12-28T23:22:24.259+0000][1187.848s][info][gc          ] GC(108) Pause Young (Normal) (G1 Evacuation Pause) 1029M->78M(1588M) 6.066ms
[2025-12-28T23:22:24.260+0000][1187.848s][info][gc,cpu      ] GC(108) User=0.03s Sys=0.00s Real=0.00s
[2025-12-28T23:22:36.260+0000][1199.848s][info][gc,start    ] GC(109) Pause Young (Normal) (G1 Evacuation Pause)
[2025-12-28T23:22:36.260+0000][1199.848s][info][gc,task     ] GC(109) Using 8 workers of 8 for evacuation
[2025-12-28T23:22:36.263+0000][1199.851s][info][gc,phases   ] GC(109)   Pre Evacuate Collection Set: 0.3ms
[2025-12-28T23:22:36.263+0000][1199.851s][info][gc,phases   ] GC(109)   Merge Heap Roots: 0.1ms
[2025-12-28T23:22:36.263+0000][1199.851s][info][gc,phases   ] GC(109)   Evacuate Collection Set: 1.7ms
[2025-12-28T23:22:36.263+0000][1199.851s][info][gc,phases   ] GC(109)   Post Evacuate Collection Set: 0.7ms
[2025-12-28T23:22:36.263+0000][1199.851s][info][gc,phases   ] GC(109)   Other: 0.6ms
[2025-12-28T23:22:36.263+0000][1199.852s][info][gc,heap     ] GC(109) Eden regions: 951->0(951)
[2025-12-28T23:22:36.263+0000][1199.852s][info][gc,heap     ] GC(109) Survivor regions: 1->1(119)
[2025-12-28T23:22:36.263+0000][1199.852s][info][gc,heap     ] GC(109) Old regions: 38->39
[2025-12-28T23:22:36.264+0000][1199.852s][info][gc,heap     ] GC(109) Archive regions: 2->2
[2025-12-28T23:22:36.264+0000][1199.852s][info][gc,heap     ] GC(109) Humongous regions: 39->39
[2025-12-28T23:22:36.264+0000][1199.852s][info][gc,metaspace] GC(109) Metaspace: 74503K(75264K)->74503K(75264K) NonClass: 64293K(64640K)->64293K(64640K) Class: 10209K(10624K)->10209K(10624K)
[2025-12-28T23:22:36.264+0000][1199.852s][info][gc          ] GC(109) Pause Young (Normal) (G1 Evacuation Pause) 1029M->78M(1588M) 4.313ms
[2025-12-28T23:22:36.264+0000][1199.852s][info][gc,cpu      ] GC(109) User=0.01s Sys=0.00s Real=0.01s
[2025-12-28T23:22:48.467+0000][1212.055s][info][gc,start    ] GC(110) Pause Young (Normal) (G1 Evacuation Pause)
[2025-12-28T23:22:48.467+0000][1212.056s][info][gc,task     ] GC(110) Using 8 workers of 8 for evacuation
[2025-12-28T23:22:48.471+0000][1212.059s][info][gc,phases   ] GC(110)   Pre Evacuate Collection Set: 0.4ms
[2025-12-28T23:22:48.471+0000][1212.059s][info][gc,phases   ] GC(110)   Merge Heap Roots: 0.2ms
[2025-12-28T23:22:48.471+0000][1212.059s][info][gc,phases   ] GC(110)   Evacuate Collection Set: 1.9ms
[2025-12-28T23:22:48.471+0000][1212.059s][info][gc,phases   ] GC(110)   Post Evacuate Collection Set: 0.8ms
[2025-12-28T23:22:48.471+0000][1212.059s][info][gc,phases   ] GC(110)   Other: 0.9ms
[2025-12-28T23:22:48.471+0000][1212.059s][info][gc,heap     ] GC(110) Eden regions: 951->0(951)
[2025-12-28T23:22:48.471+0000][1212.059s][info][gc,heap     ] GC(110) Survivor regions: 1->1(119)
[2025-12-28T23:22:48.471+0000][1212.060s][info][gc,heap     ] GC(110) Old regions: 39->39
[2025-12-28T23:22:48.471+0000][1212.060s][info][gc,heap     ] GC(110) Archive regions: 2->2
[2025-12-28T23:22:48.471+0000][1212.060s][info][gc,heap     ] GC(110) Humongous regions: 39->39
[2025-12-28T23:22:48.471+0000][1212.060s][info][gc,metaspace] GC(110) Metaspace: 74506K(75264K)->74506K(75264K) NonClass: 64296K(64640K)->64296K(64640K) Class: 10209K(10624K)->10209K(10624K)
[2025-12-28T23:22:48.471+0000][1212.060s][info][gc          ] GC(110) Pause Young (Normal) (G1 Evacuation Pause) 1029M->78M(1588M) 4.673ms
[2025-12-28T23:22:48.472+0000][1212.060s][info][gc,cpu      ] GC(110) User=0.02s Sys=0.00s Real=0.01s
[2025-12-28T23:23:00.587+0000][1224.175s][info][gc,start    ] GC(111) Pause Young (Normal) (G1 Evacuation Pause)
[2025-12-28T23:23:00.588+0000][1224.176s][info][gc,task     ] GC(111) Using 8 workers of 8 for evacuation
[2025-12-28T23:23:00.591+0000][1224.180s][info][gc,phases   ] GC(111)   Pre Evacuate Collection Set: 0.3ms
[2025-12-28T23:23:00.592+0000][1224.180s][info][gc,phases   ] GC(111)   Merge Heap Roots: 0.2ms
[2025-12-28T23:23:00.592+0000][1224.180s][info][gc,phases   ] GC(111)   Evacuate Collection Set: 1.8ms
[2025-12-28T23:23:00.592+0000][1224.180s][info][gc,phases   ] GC(111)   Post Evacuate Collection Set: 0.8ms
[2025-12-28T23:23:00.592+0000][1224.180s][info][gc,phases   ] GC(111)   Other: 1.3ms
[2025-12-28T23:23:00.592+0000][1224.180s][info][gc,heap     ] GC(111) Eden regions: 951->0(951)
[2025-12-28T23:23:00.592+0000][1224.180s][info][gc,heap     ] GC(111) Survivor regions: 1->1(119)
[2025-12-28T23:23:00.592+0000][1224.180s][info][gc,heap     ] GC(111) Old regions: 39->39
[2025-12-28T23:23:00.592+0000][1224.180s][info][gc,heap     ] GC(111) Archive regions: 2->2
[2025-12-28T23:23:00.592+0000][1224.180s][info][gc,heap     ] GC(111) Humongous regions: 39->39
[2025-12-28T23:23:00.592+0000][1224.181s][info][gc,metaspace] GC(111) Metaspace: 74506K(75264K)->74506K(75264K) NonClass: 64296K(64640K)->64296K(64640K) Class: 10209K(10624K)->10209K(10624K)
[2025-12-28T23:23:00.593+0000][1224.181s][info][gc          ] GC(111) Pause Young (Normal) (G1 Evacuation Pause) 1029M->78M(1588M) 5.298ms
[2025-12-28T23:23:00.593+0000][1224.181s][info][gc,cpu      ] GC(111) User=0.02s Sys=0.00s Real=0.01s
[2025-12-28T23:23:12.789+0000][1236.377s][info][gc,start    ] GC(112) Pause Young (Normal) (G1 Evacuation Pause)
[2025-12-28T23:23:12.792+0000][1236.380s][info][gc,task     ] GC(112) Using 8 workers of 8 for evacuation
[2025-12-28T23:23:12.797+0000][1236.386s][info][gc,phases   ] GC(112)   Pre Evacuate Collection Set: 1.0ms
[2025-12-28T23:23:12.798+0000][1236.386s][info][gc,phases   ] GC(112)   Merge Heap Roots: 0.6ms
[2025-12-28T23:23:12.798+0000][1236.386s][info][gc,phases   ] GC(112)   Evacuate Collection Set: 2.2ms
[2025-12-28T23:23:12.798+0000][1236.386s][info][gc,phases   ] GC(112)   Post Evacuate Collection Set: 1.0ms
[2025-12-28T23:23:12.798+0000][1236.386s][info][gc,phases   ] GC(112)   Other: 3.8ms
[2025-12-28T23:23:12.798+0000][1236.386s][info][gc,heap     ] GC(112) Eden regions: 951->0(951)
[2025-12-28T23:23:12.798+0000][1236.386s][info][gc,heap     ] GC(112) Survivor regions: 1->1(119)
[2025-12-28T23:23:12.798+0000][1236.386s][info][gc,heap     ] GC(112) Old regions: 39->39
[2025-12-28T23:23:12.798+0000][1236.387s][info][gc,heap     ] GC(112) Archive regions: 2->2
[2025-12-28T23:23:12.798+0000][1236.387s][info][gc,heap     ] GC(112) Humongous regions: 39->39
[2025-12-28T23:23:12.799+0000][1236.387s][info][gc,metaspace] GC(112) Metaspace: 74506K(75264K)->74506K(75264K) NonClass: 64297K(64640K)->64297K(64640K) Class: 10209K(10624K)->10209K(10624K)
[2025-12-28T23:23:12.799+0000][1236.387s][info][gc          ] GC(112) Pause Young (Normal) (G1 Evacuation Pause) 1029M->78M(1588M) 9.651ms
[2025-12-28T23:23:12.799+0000][1236.387s][info][gc,cpu      ] GC(112) User=0.03s Sys=0.00s Real=0.01s
[2025-12-28T23:23:25.947+0000][1249.535s][info][gc,start    ] GC(113) Pause Young (Normal) (G1 Evacuation Pause)
[2025-12-28T23:23:25.948+0000][1249.536s][info][gc,task     ] GC(113) Using 8 workers of 8 for evacuation
[2025-12-28T23:23:25.952+0000][1249.540s][info][gc,phases   ] GC(113)   Pre Evacuate Collection Set: 0.3ms
[2025-12-28T23:23:25.952+0000][1249.540s][info][gc,phases   ] GC(113)   Merge Heap Roots: 0.2ms
[2025-12-28T23:23:25.952+0000][1249.540s][info][gc,phases   ] GC(113)   Evacuate Collection Set: 1.5ms
[2025-12-28T23:23:25.952+0000][1249.540s][info][gc,phases   ] GC(113)   Post Evacuate Collection Set: 1.3ms
[2025-12-28T23:23:25.952+0000][1249.540s][info][gc,phases   ] GC(113)   Other: 1.5ms
[2025-12-28T23:23:25.952+0000][1249.540s][info][gc,heap     ] GC(113) Eden regions: 951->0(951)
[2025-12-28T23:23:25.952+0000][1249.540s][info][gc,heap     ] GC(113) Survivor regions: 1->1(119)
[2025-12-28T23:23:25.952+0000][1249.540s][info][gc,heap     ] GC(113) Old regions: 39->39
[2025-12-28T23:23:25.952+0000][1249.541s][info][gc,heap     ] GC(113) Archive regions: 2->2
[2025-12-28T23:23:25.953+0000][1249.541s][info][gc,heap     ] GC(113) Humongous regions: 39->39
[2025-12-28T23:23:25.953+0000][1249.541s][info][gc,metaspace] GC(113) Metaspace: 74509K(75264K)->74509K(75264K) NonClass: 64299K(64640K)->64299K(64640K) Class: 10209K(10624K)->10209K(10624K)
[2025-12-28T23:23:25.954+0000][1249.542s][info][gc          ] GC(113) Pause Young (Normal) (G1 Evacuation Pause) 1029M->78M(1588M) 6.485ms
[2025-12-28T23:23:25.954+0000][1249.542s][info][gc,cpu      ] GC(113) User=0.02s Sys=0.00s Real=0.01s
[2025-12-28T23:23:38.422+0000][1262.010s][info][gc,start    ] GC(114) Pause Young (Normal) (G1 Evacuation Pause)
[2025-12-28T23:23:38.422+0000][1262.011s][info][gc,task     ] GC(114) Using 8 workers of 8 for evacuation
[2025-12-28T23:23:38.426+0000][1262.014s][info][gc,phases   ] GC(114)   Pre Evacuate Collection Set: 0.3ms
[2025-12-28T23:23:38.426+0000][1262.014s][info][gc,phases   ] GC(114)   Merge Heap Roots: 0.2ms
[2025-12-28T23:23:38.426+0000][1262.014s][info][gc,phases   ] GC(114)   Evacuate Collection Set: 1.7ms
[2025-12-28T23:23:38.426+0000][1262.014s][info][gc,phases   ] GC(114)   Post Evacuate Collection Set: 0.8ms
[2025-12-28T23:23:38.426+0000][1262.014s][info][gc,phases   ] GC(114)   Other: 0.7ms
[2025-12-28T23:23:38.426+0000][1262.014s][info][gc,heap     ] GC(114) Eden regions: 951->0(951)
[2025-12-28T23:23:38.426+0000][1262.014s][info][gc,heap     ] GC(114) Survivor regions: 1->1(119)
[2025-12-28T23:23:38.426+0000][1262.014s][info][gc,heap     ] GC(114) Old regions: 39->39
[2025-12-28T23:23:38.426+0000][1262.014s][info][gc,heap     ] GC(114) Archive regions: 2->2
[2025-12-28T23:23:38.426+0000][1262.014s][info][gc,heap     ] GC(114) Humongous regions: 39->39
[2025-12-28T23:23:38.426+0000][1262.014s][info][gc,metaspace] GC(114) Metaspace: 74509K(75264K)->74509K(75264K) NonClass: 64300K(64640K)->64300K(64640K) Class: 10209K(10624K)->10209K(10624K)
[2025-12-28T23:23:38.426+0000][1262.014s][info][gc          ] GC(114) Pause Young (Normal) (G1 Evacuation Pause) 1029M->78M(1588M) 4.200ms
[2025-12-28T23:23:38.426+0000][1262.014s][info][gc,cpu      ] GC(114) User=0.01s Sys=0.00s Real=0.00s
[2025-12-28T23:23:50.374+0000][1273.962s][info][gc,start    ] GC(115) Pause Young (Normal) (G1 Evacuation Pause)
[2025-12-28T23:23:50.375+0000][1273.963s][info][gc,task     ] GC(115) Using 8 workers of 8 for evacuation
[2025-12-28T23:23:50.378+0000][1273.966s][info][gc,phases   ] GC(115)   Pre Evacuate Collection Set: 0.3ms
[2025-12-28T23:23:50.378+0000][1273.966s][info][gc,phases   ] GC(115)   Merge Heap Roots: 0.2ms
[2025-12-28T23:23:50.378+0000][1273.966s][info][gc,phases   ] GC(115)   Evacuate Collection Set: 1.4ms
[2025-12-28T23:23:50.378+0000][1273.966s][info][gc,phases   ] GC(115)   Post Evacuate Collection Set: 0.7ms
[2025-12-28T23:23:50.378+0000][1273.966s][info][gc,phases   ] GC(115)   Other: 1.3ms
[2025-12-28T23:23:50.378+0000][1273.966s][info][gc,heap     ] GC(115) Eden regions: 951->0(951)
[2025-12-28T23:23:50.378+0000][1273.966s][info][gc,heap     ] GC(115) Survivor regions: 1->1(119)
[2025-12-28T23:23:50.378+0000][1273.966s][info][gc,heap     ] GC(115) Old regions: 39->39
[2025-12-28T23:23:50.378+0000][1273.967s][info][gc,heap     ] GC(115) Archive regions: 2->2
[2025-12-28T23:23:50.378+0000][1273.967s][info][gc,heap     ] GC(115) Humongous regions: 39->39
[2025-12-28T23:23:50.379+0000][1273.967s][info][gc,metaspace] GC(115) Metaspace: 74512K(75264K)->74512K(75264K) NonClass: 64303K(64640K)->64303K(64640K) Class: 10209K(10624K)->10209K(10624K)
[2025-12-28T23:23:50.379+0000][1273.967s][info][gc          ] GC(115) Pause Young (Normal) (G1 Evacuation Pause) 1029M->78M(1588M) 4.694ms
[2025-12-28T23:23:50.379+0000][1273.967s][info][gc,cpu      ] GC(115) User=0.01s Sys=0.00s Real=0.00s
[2025-12-28T23:24:02.725+0000][1286.313s][info][gc,start    ] GC(116) Pause Young (Normal) (G1 Evacuation Pause)
[2025-12-28T23:24:02.726+0000][1286.314s][info][gc,task     ] GC(116) Using 8 workers of 8 for evacuation
[2025-12-28T23:24:02.731+0000][1286.319s][info][gc,phases   ] GC(116)   Pre Evacuate Collection Set: 0.5ms
[2025-12-28T23:24:02.731+0000][1286.319s][info][gc,phases   ] GC(116)   Merge Heap Roots: 0.3ms
[2025-12-28T23:24:02.731+0000][1286.320s][info][gc,phases   ] GC(116)   Evacuate Collection Set: 2.4ms
[2025-12-28T23:24:02.731+0000][1286.320s][info][gc,phases   ] GC(116)   Post Evacuate Collection Set: 1.7ms
[2025-12-28T23:24:02.732+0000][1286.320s][info][gc,phases   ] GC(116)   Other: 1.5ms
[2025-12-28T23:24:02.732+0000][1286.320s][info][gc,heap     ] GC(116) Eden regions: 951->0(951)
[2025-12-28T23:24:02.732+0000][1286.320s][info][gc,heap     ] GC(116) Survivor regions: 1->1(119)
[2025-12-28T23:24:02.732+0000][1286.320s][info][gc,heap     ] GC(116) Old regions: 39->39
[2025-12-28T23:24:02.732+0000][1286.320s][info][gc,heap     ] GC(116) Archive regions: 2->2
[2025-12-28T23:24:02.732+0000][1286.320s][info][gc,heap     ] GC(116) Humongous regions: 39->39
[2025-12-28T23:24:02.732+0000][1286.320s][info][gc,metaspace] GC(116) Metaspace: 74530K(75392K)->74530K(75392K) NonClass: 64320K(64768K)->64320K(64768K) Class: 10209K(10624K)->10209K(10624K)
[2025-12-28T23:24:02.732+0000][1286.320s][info][gc          ] GC(116) Pause Young (Normal) (G1 Evacuation Pause) 1029M->78M(1588M) 7.322ms
[2025-12-28T23:24:02.732+0000][1286.321s][info][gc,cpu      ] GC(116) User=0.02s Sys=0.00s Real=0.01s
[2025-12-28T23:24:14.910+0000][1298.499s][info][gc,start    ] GC(117) Pause Young (Normal) (G1 Evacuation Pause)
[2025-12-28T23:24:14.913+0000][1298.501s][info][gc,task     ] GC(117) Using 8 workers of 8 for evacuation
[2025-12-28T23:24:14.916+0000][1298.504s][info][gc,phases   ] GC(117)   Pre Evacuate Collection Set: 0.2ms
[2025-12-28T23:24:14.917+0000][1298.505s][info][gc,phases   ] GC(117)   Merge Heap Roots: 0.3ms
[2025-12-28T23:24:14.917+0000][1298.505s][info][gc,phases   ] GC(117)   Evacuate Collection Set: 1.3ms
[2025-12-28T23:24:14.917+0000][1298.505s][info][gc,phases   ] GC(117)   Post Evacuate Collection Set: 0.9ms
[2025-12-28T23:24:14.917+0000][1298.506s][info][gc,phases   ] GC(117)   Other: 3.1ms
[2025-12-28T23:24:14.917+0000][1298.506s][info][gc,heap     ] GC(117) Eden regions: 951->0(951)
[2025-12-28T23:24:14.918+0000][1298.506s][info][gc,heap     ] GC(117) Survivor regions: 1->1(119)
[2025-12-28T23:24:14.918+0000][1298.506s][info][gc,heap     ] GC(117) Old regions: 39->39
[2025-12-28T23:24:14.918+0000][1298.506s][info][gc,heap     ] GC(117) Archive regions: 2->2
[2025-12-28T23:24:14.918+0000][1298.506s][info][gc,heap     ] GC(117) Humongous regions: 39->39
[2025-12-28T23:24:14.918+0000][1298.506s][info][gc,metaspace] GC(117) Metaspace: 74544K(75392K)->74544K(75392K) NonClass: 64335K(64768K)->64335K(64768K) Class: 10209K(10624K)->10209K(10624K)
[2025-12-28T23:24:14.918+0000][1298.506s][info][gc          ] GC(117) Pause Young (Normal) (G1 Evacuation Pause) 1029M->78M(1588M) 7.515ms
[2025-12-28T23:24:14.918+0000][1298.506s][info][gc,cpu      ] GC(117) User=0.01s Sys=0.00s Real=0.00s
[2025-12-28T23:24:26.778+0000][1310.366s][info][gc,start    ] GC(118) Pause Young (Normal) (G1 Evacuation Pause)
[2025-12-28T23:24:26.779+0000][1310.367s][info][gc,task     ] GC(118) Using 8 workers of 8 for evacuation
[2025-12-28T23:24:26.785+0000][1310.373s][info][gc,phases   ] GC(118)   Pre Evacuate Collection Set: 0.5ms
[2025-12-28T23:24:26.785+0000][1310.373s][info][gc,phases   ] GC(118)   Merge Heap Roots: 0.3ms
[2025-12-28T23:24:26.785+0000][1310.374s][info][gc,phases   ] GC(118)   Evacuate Collection Set: 2.9ms
[2025-12-28T23:24:26.785+0000][1310.374s][info][gc,phases   ] GC(118)   Post Evacuate Collection Set: 1.9ms
[2025-12-28T23:24:26.785+0000][1310.374s][info][gc,phases   ] GC(118)   Other: 1.4ms
[2025-12-28T23:24:26.786+0000][1310.374s][info][gc,heap     ] GC(118) Eden regions: 951->0(951)
[2025-12-28T23:24:26.786+0000][1310.374s][info][gc,heap     ] GC(118) Survivor regions: 1->1(119)
[2025-12-28T23:24:26.786+0000][1310.374s][info][gc,heap     ] GC(118) Old regions: 39->39
[2025-12-28T23:24:26.786+0000][1310.374s][info][gc,heap     ] GC(118) Archive regions: 2->2
[2025-12-28T23:24:26.786+0000][1310.374s][info][gc,heap     ] GC(118) Humongous regions: 39->39
[2025-12-28T23:24:26.786+0000][1310.374s][info][gc,metaspace] GC(118) Metaspace: 74558K(75392K)->74558K(75392K) NonClass: 64348K(64768K)->64348K(64768K) Class: 10209K(10624K)->10209K(10624K)
[2025-12-28T23:24:26.786+0000][1310.374s][info][gc          ] GC(118) Pause Young (Normal) (G1 Evacuation Pause) 1029M->78M(1588M) 7.987ms
[2025-12-28T23:24:26.786+0000][1310.374s][info][gc,cpu      ] GC(118) User=0.03s Sys=0.00s Real=0.01s
[2025-12-28T23:24:40.604+0000][1324.192s][info][gc,start    ] GC(119) Pause Young (Normal) (G1 Evacuation Pause)
[2025-12-28T23:24:40.605+0000][1324.193s][info][gc,task     ] GC(119) Using 8 workers of 8 for evacuation
[2025-12-28T23:24:40.607+0000][1324.195s][info][gc,phases   ] GC(119)   Pre Evacuate Collection Set: 0.3ms
[2025-12-28T23:24:40.608+0000][1324.196s][info][gc,phases   ] GC(119)   Merge Heap Roots: 0.2ms
[2025-12-28T23:24:40.608+0000][1324.196s][info][gc,phases   ] GC(119)   Evacuate Collection Set: 1.3ms
[2025-12-28T23:24:40.608+0000][1324.196s][info][gc,phases   ] GC(119)   Post Evacuate Collection Set: 0.8ms
[2025-12-28T23:24:40.608+0000][1324.196s][info][gc,phases   ] GC(119)   Other: 0.8ms
[2025-12-28T23:24:40.608+0000][1324.196s][info][gc,heap     ] GC(119) Eden regions: 951->0(951)
[2025-12-28T23:24:40.608+0000][1324.196s][info][gc,heap     ] GC(119) Survivor regions: 1->1(119)
[2025-12-28T23:24:40.608+0000][1324.196s][info][gc,heap     ] GC(119) Old regions: 39->39
[2025-12-28T23:24:40.608+0000][1324.197s][info][gc,heap     ] GC(119) Archive regions: 2->2
[2025-12-28T23:24:40.608+0000][1324.197s][info][gc,heap     ] GC(119) Humongous regions: 39->39
[2025-12-28T23:24:40.608+0000][1324.197s][info][gc,metaspace] GC(119) Metaspace: 74565K(75392K)->74565K(75392K) NonClass: 64355K(64768K)->64355K(64768K) Class: 10209K(10624K)->10209K(10624K)
[2025-12-28T23:24:40.609+0000][1324.197s][info][gc          ] GC(119) Pause Young (Normal) (G1 Evacuation Pause) 1029M->78M(1588M) 4.571ms
[2025-12-28T23:24:40.609+0000][1324.197s][info][gc,cpu      ] GC(119) User=0.01s Sys=0.00s Real=0.00s
[2025-12-28T23:24:52.846+0000][1336.435s][info][gc,start    ] GC(120) Pause Young (Normal) (G1 Evacuation Pause)
[2025-12-28T23:24:52.847+0000][1336.435s][info][gc,task     ] GC(120) Using 8 workers of 8 for evacuation
[2025-12-28T23:24:52.856+0000][1336.445s][info][gc,phases   ] GC(120)   Pre Evacuate Collection Set: 0.6ms
[2025-12-28T23:24:52.857+0000][1336.445s][info][gc,phases   ] GC(120)   Merge Heap Roots: 0.4ms
[2025-12-28T23:24:52.857+0000][1336.445s][info][gc,phases   ] GC(120)   Evacuate Collection Set: 3.0ms
[2025-12-28T23:24:52.857+0000][1336.445s][info][gc,phases   ] GC(120)   Post Evacuate Collection Set: 4.4ms
[2025-12-28T23:24:52.857+0000][1336.445s][info][gc,phases   ] GC(120)   Other: 1.6ms
[2025-12-28T23:24:52.857+0000][1336.445s][info][gc,heap     ] GC(120) Eden regions: 951->0(951)
[2025-12-28T23:24:52.857+0000][1336.445s][info][gc,heap     ] GC(120) Survivor regions: 1->1(119)
[2025-12-28T23:24:52.857+0000][1336.445s][info][gc,heap     ] GC(120) Old regions: 39->39
[2025-12-28T23:24:52.857+0000][1336.445s][info][gc,heap     ] GC(120) Archive regions: 2->2
[2025-12-28T23:24:52.857+0000][1336.445s][info][gc,heap     ] GC(120) Humongous regions: 39->39
[2025-12-28T23:24:52.857+0000][1336.445s][info][gc,metaspace] GC(120) Metaspace: 74566K(75392K)->74566K(75392K) NonClass: 64357K(64768K)->64357K(64768K) Class: 10209K(10624K)->10209K(10624K)
[2025-12-28T23:24:52.857+0000][1336.446s][info][gc          ] GC(120) Pause Young (Normal) (G1 Evacuation Pause) 1029M->78M(1588M) 10.922ms
[2025-12-28T23:24:52.858+0000][1336.446s][info][gc,cpu      ] GC(120) User=0.05s Sys=0.00s Real=0.01s
[2025-12-28T23:25:04.964+0000][1348.553s][info][gc,start    ] GC(121) Pause Young (Normal) (G1 Evacuation Pause)
[2025-12-28T23:25:04.965+0000][1348.554s][info][gc,task     ] GC(121) Using 8 workers of 8 for evacuation
[2025-12-28T23:25:04.968+0000][1348.556s][info][gc,phases   ] GC(121)   Pre Evacuate Collection Set: 0.2ms
[2025-12-28T23:25:04.968+0000][1348.556s][info][gc,phases   ] GC(121)   Merge Heap Roots: 0.3ms
[2025-12-28T23:25:04.968+0000][1348.556s][info][gc,phases   ] GC(121)   Evacuate Collection Set: 1.2ms
[2025-12-28T23:25:04.968+0000][1348.557s][info][gc,phases   ] GC(121)   Post Evacuate Collection Set: 0.6ms
[2025-12-28T23:25:04.968+0000][1348.557s][info][gc,phases   ] GC(121)   Other: 1.3ms
[2025-12-28T23:25:04.969+0000][1348.557s][info][gc,heap     ] GC(121) Eden regions: 951->0(951)
[2025-12-28T23:25:04.969+0000][1348.557s][info][gc,heap     ] GC(121) Survivor regions: 1->1(119)
[2025-12-28T23:25:04.969+0000][1348.557s][info][gc,heap     ] GC(121) Old regions: 39->39
[2025-12-28T23:25:04.969+0000][1348.557s][info][gc,heap     ] GC(121) Archive regions: 2->2
[2025-12-28T23:25:04.969+0000][1348.557s][info][gc,heap     ] GC(121) Humongous regions: 39->39
[2025-12-28T23:25:04.969+0000][1348.557s][info][gc,metaspace] GC(121) Metaspace: 74568K(75392K)->74568K(75392K) NonClass: 64358K(64768K)->64358K(64768K) Class: 10209K(10624K)->10209K(10624K)
[2025-12-28T23:25:04.969+0000][1348.557s][info][gc          ] GC(121) Pause Young (Normal) (G1 Evacuation Pause) 1029M->78M(1588M) 4.725ms
[2025-12-28T23:25:04.969+0000][1348.558s][info][gc,cpu      ] GC(121) User=0.01s Sys=0.00s Real=0.00s
[2025-12-28T23:25:17.499+0000][1361.087s][info][gc,start    ] GC(122) Pause Young (Normal) (G1 Evacuation Pause)
[2025-12-28T23:25:17.499+0000][1361.087s][info][gc,task     ] GC(122) Using 8 workers of 8 for evacuation
[2025-12-28T23:25:17.501+0000][1361.089s][info][gc,phases   ] GC(122)   Pre Evacuate Collection Set: 0.2ms
[2025-12-28T23:25:17.501+0000][1361.089s][info][gc,phases   ] GC(122)   Merge Heap Roots: 0.1ms
[2025-12-28T23:25:17.501+0000][1361.089s][info][gc,phases   ] GC(122)   Evacuate Collection Set: 1.0ms
[2025-12-28T23:25:17.501+0000][1361.089s][info][gc,phases   ] GC(122)   Post Evacuate Collection Set: 0.5ms
[2025-12-28T23:25:17.501+0000][1361.089s][info][gc,phases   ] GC(122)   Other: 0.6ms
[2025-12-28T23:25:17.501+0000][1361.089s][info][gc,heap     ] GC(122) Eden regions: 951->0(951)
[2025-12-28T23:25:17.501+0000][1361.089s][info][gc,heap     ] GC(122) Survivor regions: 1->1(119)
[2025-12-28T23:25:17.501+0000][1361.090s][info][gc,heap     ] GC(122) Old regions: 39->39
[2025-12-28T23:25:17.501+0000][1361.090s][info][gc,heap     ] GC(122) Archive regions: 2->2
[2025-12-28T23:25:17.501+0000][1361.090s][info][gc,heap     ] GC(122) Humongous regions: 39->39
[2025-12-28T23:25:17.501+0000][1361.090s][info][gc,metaspace] GC(122) Metaspace: 74570K(75392K)->74570K(75392K) NonClass: 64360K(64768K)->64360K(64768K) Class: 10209K(10624K)->10209K(10624K)
[2025-12-28T23:25:17.502+0000][1361.090s][info][gc          ] GC(122) Pause Young (Normal) (G1 Evacuation Pause) 1029M->78M(1588M) 2.948ms
[2025-12-28T23:25:17.502+0000][1361.090s][info][gc,cpu      ] GC(122) User=0.01s Sys=0.00s Real=0.01s
[2025-12-28T23:25:30.028+0000][1373.616s][info][gc,start    ] GC(123) Pause Young (Normal) (G1 Evacuation Pause)
[2025-12-28T23:25:30.029+0000][1373.617s][info][gc,task     ] GC(123) Using 8 workers of 8 for evacuation
[2025-12-28T23:25:30.032+0000][1373.620s][info][gc,phases   ] GC(123)   Pre Evacuate Collection Set: 0.3ms
[2025-12-28T23:25:30.032+0000][1373.620s][info][gc,phases   ] GC(123)   Merge Heap Roots: 0.2ms
[2025-12-28T23:25:30.032+0000][1373.620s][info][gc,phases   ] GC(123)   Evacuate Collection Set: 1.1ms
[2025-12-28T23:25:30.032+0000][1373.621s][info][gc,phases   ] GC(123)   Post Evacuate Collection Set: 0.8ms
[2025-12-28T23:25:30.032+0000][1373.621s][info][gc,phases   ] GC(123)   Other: 1.4ms
[2025-12-28T23:25:30.033+0000][1373.621s][info][gc,heap     ] GC(123) Eden regions: 951->0(951)
[2025-12-28T23:25:30.033+0000][1373.621s][info][gc,heap     ] GC(123) Survivor regions: 1->1(119)
[2025-12-28T23:25:30.033+0000][1373.621s][info][gc,heap     ] GC(123) Old regions: 39->39
[2025-12-28T23:25:30.033+0000][1373.621s][info][gc,heap     ] GC(123) Archive regions: 2->2
[2025-12-28T23:25:30.033+0000][1373.621s][info][gc,heap     ] GC(123) Humongous regions: 39->39
[2025-12-28T23:25:30.033+0000][1373.621s][info][gc,metaspace] GC(123) Metaspace: 74581K(75392K)->74581K(75392K) NonClass: 64372K(64768K)->64372K(64768K) Class: 10209K(10624K)->10209K(10624K)
[2025-12-28T23:25:30.033+0000][1373.621s][info][gc          ] GC(123) Pause Young (Normal) (G1 Evacuation Pause) 1029M->78M(1588M) 5.120ms
[2025-12-28T23:25:30.033+0000][1373.622s][info][gc,cpu      ] GC(123) User=0.01s Sys=0.00s Real=0.01s
[2025-12-28T23:25:42.940+0000][1386.529s][info][gc,start    ] GC(124) Pause Young (Normal) (G1 Evacuation Pause)
[2025-12-28T23:25:42.941+0000][1386.529s][info][gc,task     ] GC(124) Using 8 workers of 8 for evacuation
[2025-12-28T23:25:42.945+0000][1386.533s][info][gc,phases   ] GC(124)   Pre Evacuate Collection Set: 0.3ms
[2025-12-28T23:25:42.945+0000][1386.533s][info][gc,phases   ] GC(124)   Merge Heap Roots: 0.2ms
[2025-12-28T23:25:42.945+0000][1386.534s][info][gc,phases   ] GC(124)   Evacuate Collection Set: 1.5ms
[2025-12-28T23:25:42.946+0000][1386.534s][info][gc,phases   ] GC(124)   Post Evacuate Collection Set: 0.9ms
[2025-12-28T23:25:42.946+0000][1386.534s][info][gc,phases   ] GC(124)   Other: 1.5ms
[2025-12-28T23:25:42.946+0000][1386.534s][info][gc,heap     ] GC(124) Eden regions: 951->0(951)
[2025-12-28T23:25:42.946+0000][1386.534s][info][gc,heap     ] GC(124) Survivor regions: 1->1(119)
[2025-12-28T23:25:42.946+0000][1386.535s][info][gc,heap     ] GC(124) Old regions: 39->39
[2025-12-28T23:25:42.947+0000][1386.535s][info][gc,heap     ] GC(124) Archive regions: 2->2
[2025-12-28T23:25:42.947+0000][1386.535s][info][gc,heap     ] GC(124) Humongous regions: 39->39
[2025-12-28T23:25:42.947+0000][1386.535s][info][gc,metaspace] GC(124) Metaspace: 74586K(75392K)->74586K(75392K) NonClass: 64377K(64768K)->64377K(64768K) Class: 10209K(10624K)->10209K(10624K)
[2025-12-28T23:25:42.947+0000][1386.535s][info][gc          ] GC(124) Pause Young (Normal) (G1 Evacuation Pause) 1029M->78M(1588M) 6.605ms
[2025-12-28T23:25:42.947+0000][1386.536s][info][gc,cpu      ] GC(124) User=0.01s Sys=0.00s Real=0.00s
[2025-12-28T23:25:55.962+0000][1399.551s][info][gc,start    ] GC(125) Pause Young (Normal) (G1 Evacuation Pause)
[2025-12-28T23:25:55.963+0000][1399.551s][info][gc,task     ] GC(125) Using 8 workers of 8 for evacuation
[2025-12-28T23:25:55.965+0000][1399.553s][info][gc,phases   ] GC(125)   Pre Evacuate Collection Set: 0.2ms
[2025-12-28T23:25:55.965+0000][1399.554s][info][gc,phases   ] GC(125)   Merge Heap Roots: 0.2ms
[2025-12-28T23:25:55.965+0000][1399.554s][info][gc,phases   ] GC(125)   Evacuate Collection Set: 0.9ms
[2025-12-28T23:25:55.966+0000][1399.554s][info][gc,phases   ] GC(125)   Post Evacuate Collection Set: 0.5ms
[2025-12-28T23:25:55.966+0000][1399.554s][info][gc,phases   ] GC(125)   Other: 1.1ms
[2025-12-28T23:25:55.966+0000][1399.554s][info][gc,heap     ] GC(125) Eden regions: 951->0(951)
[2025-12-28T23:25:55.966+0000][1399.554s][info][gc,heap     ] GC(125) Survivor regions: 1->1(119)
[2025-12-28T23:25:55.966+0000][1399.554s][info][gc,heap     ] GC(125) Old regions: 39->39
[2025-12-28T23:25:55.966+0000][1399.554s][info][gc,heap     ] GC(125) Archive regions: 2->2
[2025-12-28T23:25:55.966+0000][1399.554s][info][gc,heap     ] GC(125) Humongous regions: 39->39
[2025-12-28T23:25:55.966+0000][1399.554s][info][gc,metaspace] GC(125) Metaspace: 74586K(75392K)->74586K(75392K) NonClass: 64377K(64768K)->64377K(64768K) Class: 10209K(10624K)->10209K(10624K)
[2025-12-28T23:25:55.966+0000][1399.555s][info][gc          ] GC(125) Pause Young (Normal) (G1 Evacuation Pause) 1029M->78M(1588M) 4.007ms
[2025-12-28T23:25:55.967+0000][1399.555s][info][gc,cpu      ] GC(125) User=0.01s Sys=0.00s Real=0.00s
[2025-12-28T23:26:10.352+0000][1413.940s][info][gc,start    ] GC(126) Pause Young (Normal) (G1 Evacuation Pause)
[2025-12-28T23:26:10.353+0000][1413.941s][info][gc,task     ] GC(126) Using 8 workers of 8 for evacuation
[2025-12-28T23:26:10.356+0000][1413.944s][info][gc,phases   ] GC(126)   Pre Evacuate Collection Set: 0.3ms
[2025-12-28T23:26:10.356+0000][1413.944s][info][gc,phases   ] GC(126)   Merge Heap Roots: 0.2ms
[2025-12-28T23:26:10.356+0000][1413.945s][info][gc,phases   ] GC(126)   Evacuate Collection Set: 1.3ms
[2025-12-28T23:26:10.357+0000][1413.945s][info][gc,phases   ] GC(126)   Post Evacuate Collection Set: 0.8ms
[2025-12-28T23:26:10.357+0000][1413.945s][info][gc,phases   ] GC(126)   Other: 1.3ms
[2025-12-28T23:26:10.357+0000][1413.945s][info][gc,heap     ] GC(126) Eden regions: 951->0(951)
[2025-12-28T23:26:10.357+0000][1413.945s][info][gc,heap     ] GC(126) Survivor regions: 1->1(119)
[2025-12-28T23:26:10.357+0000][1413.945s][info][gc,heap     ] GC(126) Old regions: 39->39
[2025-12-28T23:26:10.357+0000][1413.945s][info][gc,heap     ] GC(126) Archive regions: 2->2
[2025-12-28T23:26:10.357+0000][1413.945s][info][gc,heap     ] GC(126) Humongous regions: 39->39
[2025-12-28T23:26:10.357+0000][1413.946s][info][gc,metaspace] GC(126) Metaspace: 74590K(75392K)->74590K(75392K) NonClass: 64380K(64768K)->64380K(64768K) Class: 10209K(10624K)->10209K(10624K)
[2025-12-28T23:26:10.357+0000][1413.946s][info][gc          ] GC(126) Pause Young (Normal) (G1 Evacuation Pause) 1029M->78M(1588M) 5.206ms
[2025-12-28T23:26:10.358+0000][1413.946s][info][gc,cpu      ] GC(126) User=0.01s Sys=0.01s Real=0.00s
[2025-12-28T23:26:23.184+0000][1426.772s][info][gc,start    ] GC(127) Pause Young (Normal) (G1 Evacuation Pause)
[2025-12-28T23:26:23.186+0000][1426.774s][info][gc,task     ] GC(127) Using 8 workers of 8 for evacuation
[2025-12-28T23:26:23.191+0000][1426.780s][info][gc,phases   ] GC(127)   Pre Evacuate Collection Set: 0.5ms
[2025-12-28T23:26:23.192+0000][1426.780s][info][gc,phases   ] GC(127)   Merge Heap Roots: 0.3ms
[2025-12-28T23:26:23.192+0000][1426.780s][info][gc,phases   ] GC(127)   Evacuate Collection Set: 2.7ms
[2025-12-28T23:26:23.192+0000][1426.780s][info][gc,phases   ] GC(127)   Post Evacuate Collection Set: 1.8ms
[2025-12-28T23:26:23.192+0000][1426.781s][info][gc,phases   ] GC(127)   Other: 2.3ms
[2025-12-28T23:26:23.193+0000][1426.781s][info][gc,heap     ] GC(127) Eden regions: 951->0(951)
[2025-12-28T23:26:23.193+0000][1426.781s][info][gc,heap     ] GC(127) Survivor regions: 1->1(119)
[2025-12-28T23:26:23.193+0000][1426.781s][info][gc,heap     ] GC(127) Old regions: 39->39
[2025-12-28T23:26:23.193+0000][1426.781s][info][gc,heap     ] GC(127) Archive regions: 2->2
[2025-12-28T23:26:23.193+0000][1426.781s][info][gc,heap     ] GC(127) Humongous regions: 39->39
[2025-12-28T23:26:23.193+0000][1426.782s][info][gc,metaspace] GC(127) Metaspace: 74620K(75456K)->74620K(75456K) NonClass: 64411K(64832K)->64411K(64832K) Class: 10209K(10624K)->10209K(10624K)
[2025-12-28T23:26:23.194+0000][1426.782s][info][gc          ] GC(127) Pause Young (Normal) (G1 Evacuation Pause) 1029M->78M(1588M) 9.476ms
[2025-12-28T23:26:23.194+0000][1426.782s][info][gc,cpu      ] GC(127) User=0.02s Sys=0.00s Real=0.01s
[2025-12-28T23:26:36.243+0000][1439.831s][info][gc,start    ] GC(128) Pause Young (Normal) (G1 Evacuation Pause)
[2025-12-28T23:26:36.244+0000][1439.832s][info][gc,task     ] GC(128) Using 8 workers of 8 for evacuation
[2025-12-28T23:26:36.246+0000][1439.834s][info][gc,phases   ] GC(128)   Pre Evacuate Collection Set: 0.3ms
[2025-12-28T23:26:36.246+0000][1439.834s][info][gc,phases   ] GC(128)   Merge Heap Roots: 0.2ms
[2025-12-28T23:26:36.246+0000][1439.834s][info][gc,phases   ] GC(128)   Evacuate Collection Set: 1.2ms
[2025-12-28T23:26:36.246+0000][1439.835s][info][gc,phases   ] GC(128)   Post Evacuate Collection Set: 0.5ms
[2025-12-28T23:26:36.246+0000][1439.835s][info][gc,phases   ] GC(128)   Other: 1.1ms
[2025-12-28T23:26:36.247+0000][1439.835s][info][gc,heap     ] GC(128) Eden regions: 951->0(951)
[2025-12-28T23:26:36.247+0000][1439.835s][info][gc,heap     ] GC(128) Survivor regions: 1->1(119)
[2025-12-28T23:26:36.247+0000][1439.835s][info][gc,heap     ] GC(128) Old regions: 39->39
[2025-12-28T23:26:36.247+0000][1439.835s][info][gc,heap     ] GC(128) Archive regions: 2->2
[2025-12-28T23:26:36.247+0000][1439.835s][info][gc,heap     ] GC(128) Humongous regions: 39->39
[2025-12-28T23:26:36.247+0000][1439.835s][info][gc,metaspace] GC(128) Metaspace: 74620K(75456K)->74620K(75456K) NonClass: 64411K(64832K)->64411K(64832K) Class: 10209K(10624K)->10209K(10624K)
[2025-12-28T23:26:36.247+0000][1439.835s][info][gc          ] GC(128) Pause Young (Normal) (G1 Evacuation Pause) 1029M->78M(1588M) 4.199ms
[2025-12-28T23:26:36.247+0000][1439.835s][info][gc,cpu      ] GC(128) User=0.01s Sys=0.00s Real=0.00s
[2025-12-28T23:26:49.162+0000][1452.751s][info][gc,start    ] GC(129) Pause Young (Normal) (G1 Evacuation Pause)
[2025-12-28T23:26:49.164+0000][1452.752s][info][gc,task     ] GC(129) Using 8 workers of 8 for evacuation
[2025-12-28T23:26:49.169+0000][1452.757s][info][gc,phases   ] GC(129)   Pre Evacuate Collection Set: 0.4ms
[2025-12-28T23:26:49.169+0000][1452.757s][info][gc,phases   ] GC(129)   Merge Heap Roots: 0.2ms
[2025-12-28T23:26:49.169+0000][1452.757s][info][gc,phases   ] GC(129)   Evacuate Collection Set: 2.6ms
[2025-12-28T23:26:49.169+0000][1452.758s][info][gc,phases   ] GC(129)   Post Evacuate Collection Set: 1.1ms
[2025-12-28T23:26:49.170+0000][1452.758s][info][gc,phases   ] GC(129)   Other: 2.1ms
[2025-12-28T23:26:49.170+0000][1452.758s][info][gc,heap     ] GC(129) Eden regions: 951->0(951)
[2025-12-28T23:26:49.170+0000][1452.758s][info][gc,heap     ] GC(129) Survivor regions: 1->1(119)
[2025-12-28T23:26:49.170+0000][1452.758s][info][gc,heap     ] GC(129) Old regions: 39->39
[2025-12-28T23:26:49.170+0000][1452.759s][info][gc,heap     ] GC(129) Archive regions: 2->2
[2025-12-28T23:26:49.171+0000][1452.759s][info][gc,heap     ] GC(129) Humongous regions: 39->39
[2025-12-28T23:26:49.171+0000][1452.759s][info][gc,metaspace] GC(129) Metaspace: 74621K(75456K)->74621K(75456K) NonClass: 64411K(64832K)->64411K(64832K) Class: 10209K(10624K)->10209K(10624K)
[2025-12-28T23:26:49.171+0000][1452.759s][info][gc          ] GC(129) Pause Young (Normal) (G1 Evacuation Pause) 1029M->78M(1588M) 8.465ms
[2025-12-28T23:26:49.171+0000][1452.759s][info][gc,cpu      ] GC(129) User=0.02s Sys=0.00s Real=0.01s
[2025-12-28T23:27:02.028+0000][1465.616s][info][gc,start    ] GC(130) Pause Young (Normal) (G1 Evacuation Pause)
[2025-12-28T23:27:02.029+0000][1465.617s][info][gc,task     ] GC(130) Using 8 workers of 8 for evacuation
[2025-12-28T23:27:02.032+0000][1465.620s][info][gc,phases   ] GC(130)   Pre Evacuate Collection Set: 0.3ms
[2025-12-28T23:27:02.032+0000][1465.620s][info][gc,phases   ] GC(130)   Merge Heap Roots: 0.3ms
[2025-12-28T23:27:02.032+0000][1465.620s][info][gc,phases   ] GC(130)   Evacuate Collection Set: 1.3ms
[2025-12-28T23:27:02.032+0000][1465.620s][info][gc,phases   ] GC(130)   Post Evacuate Collection Set: 0.6ms
[2025-12-28T23:27:02.032+0000][1465.621s][info][gc,phases   ] GC(130)   Other: 1.3ms
[2025-12-28T23:27:02.032+0000][1465.621s][info][gc,heap     ] GC(130) Eden regions: 951->0(951)
[2025-12-28T23:27:02.033+0000][1465.621s][info][gc,heap     ] GC(130) Survivor regions: 1->1(119)
[2025-12-28T23:27:02.033+0000][1465.621s][info][gc,heap     ] GC(130) Old regions: 39->39
[2025-12-28T23:27:02.033+0000][1465.621s][info][gc,heap     ] GC(130) Archive regions: 2->2
[2025-12-28T23:27:02.033+0000][1465.621s][info][gc,heap     ] GC(130) Humongous regions: 39->39
[2025-12-28T23:27:02.033+0000][1465.621s][info][gc,metaspace] GC(130) Metaspace: 74621K(75456K)->74621K(75456K) NonClass: 64412K(64832K)->64412K(64832K) Class: 10209K(10624K)->10209K(10624K)
[2025-12-28T23:27:02.033+0000][1465.621s][info][gc          ] GC(130) Pause Young (Normal) (G1 Evacuation Pause) 1029M->78M(1588M) 4.858ms
[2025-12-28T23:27:02.033+0000][1465.621s][info][gc,cpu      ] GC(130) User=0.01s Sys=0.00s Real=0.01s
[2025-12-28T23:27:14.955+0000][1478.543s][info][gc,start    ] GC(131) Pause Young (Normal) (G1 Evacuation Pause)
[2025-12-28T23:27:14.956+0000][1478.544s][info][gc,task     ] GC(131) Using 8 workers of 8 for evacuation
[2025-12-28T23:27:14.958+0000][1478.546s][info][gc,phases   ] GC(131)   Pre Evacuate Collection Set: 0.2ms
[2025-12-28T23:27:14.958+0000][1478.546s][info][gc,phases   ] GC(131)   Merge Heap Roots: 0.2ms
[2025-12-28T23:27:14.958+0000][1478.547s][info][gc,phases   ] GC(131)   Evacuate Collection Set: 0.9ms
[2025-12-28T23:27:14.958+0000][1478.547s][info][gc,phases   ] GC(131)   Post Evacuate Collection Set: 0.5ms
[2025-12-28T23:27:14.959+0000][1478.547s][info][gc,phases   ] GC(131)   Other: 1.2ms
[2025-12-28T23:27:14.959+0000][1478.547s][info][gc,heap     ] GC(131) Eden regions: 951->0(951)
[2025-12-28T23:27:14.959+0000][1478.547s][info][gc,heap     ] GC(131) Survivor regions: 1->1(119)
[2025-12-28T23:27:14.959+0000][1478.547s][info][gc,heap     ] GC(131) Old regions: 39->39
[2025-12-28T23:27:14.959+0000][1478.547s][info][gc,heap     ] GC(131) Archive regions: 2->2
[2025-12-28T23:27:14.959+0000][1478.547s][info][gc,heap     ] GC(131) Humongous regions: 39->39
[2025-12-28T23:27:14.959+0000][1478.547s][info][gc,metaspace] GC(131) Metaspace: 74621K(75456K)->74621K(75456K) NonClass: 64412K(64832K)->64412K(64832K) Class: 10209K(10624K)->10209K(10624K)
[2025-12-28T23:27:14.959+0000][1478.547s][info][gc          ] GC(131) Pause Young (Normal) (G1 Evacuation Pause) 1029M->78M(1588M) 4.144ms
[2025-12-28T23:27:14.959+0000][1478.548s][info][gc,cpu      ] GC(131) User=0.01s Sys=0.00s Real=0.00s
[2025-12-28T23:27:27.669+0000][1491.257s][info][gc,start    ] GC(132) Pause Young (Normal) (G1 Evacuation Pause)
[2025-12-28T23:27:27.670+0000][1491.258s][info][gc,task     ] GC(132) Using 8 workers of 8 for evacuation
[2025-12-28T23:27:27.672+0000][1491.260s][info][gc,phases   ] GC(132)   Pre Evacuate Collection Set: 0.3ms
[2025-12-28T23:27:27.672+0000][1491.260s][info][gc,phases   ] GC(132)   Merge Heap Roots: 0.2ms
[2025-12-28T23:27:27.672+0000][1491.261s][info][gc,phases   ] GC(132)   Evacuate Collection Set: 0.9ms
[2025-12-28T23:27:27.672+0000][1491.261s][info][gc,phases   ] GC(132)   Post Evacuate Collection Set: 0.7ms
[2025-12-28T23:27:27.673+0000][1491.261s][info][gc,phases   ] GC(132)   Other: 1.3ms
[2025-12-28T23:27:27.673+0000][1491.261s][info][gc,heap     ] GC(132) Eden regions: 951->0(951)
[2025-12-28T23:27:27.673+0000][1491.261s][info][gc,heap     ] GC(132) Survivor regions: 1->1(119)
[2025-12-28T23:27:27.673+0000][1491.261s][info][gc,heap     ] GC(132) Old regions: 39->39
[2025-12-28T23:27:27.673+0000][1491.261s][info][gc,heap     ] GC(132) Archive regions: 2->2
[2025-12-28T23:27:27.673+0000][1491.261s][info][gc,heap     ] GC(132) Humongous regions: 39->39
[2025-12-28T23:27:27.673+0000][1491.261s][info][gc,metaspace] GC(132) Metaspace: 74656K(75456K)->74656K(75456K) NonClass: 64447K(64832K)->64447K(64832K) Class: 10209K(10624K)->10209K(10624K)
[2025-12-28T23:27:27.673+0000][1491.261s][info][gc          ] GC(132) Pause Young (Normal) (G1 Evacuation Pause) 1029M->78M(1588M) 4.320ms
[2025-12-28T23:27:27.673+0000][1491.262s][info][gc,cpu      ] GC(132) User=0.01s Sys=0.00s Real=0.01s
[2025-12-28T23:27:40.956+0000][1504.544s][info][gc,start    ] GC(133) Pause Young (Normal) (G1 Evacuation Pause)
[2025-12-28T23:27:40.956+0000][1504.544s][info][gc,task     ] GC(133) Using 8 workers of 8 for evacuation
[2025-12-28T23:27:40.958+0000][1504.546s][info][gc,phases   ] GC(133)   Pre Evacuate Collection Set: 0.2ms
[2025-12-28T23:27:40.958+0000][1504.546s][info][gc,phases   ] GC(133)   Merge Heap Roots: 0.2ms
[2025-12-28T23:27:40.958+0000][1504.547s][info][gc,phases   ] GC(133)   Evacuate Collection Set: 1.0ms
[2025-12-28T23:27:40.958+0000][1504.547s][info][gc,phases   ] GC(133)   Post Evacuate Collection Set: 0.5ms
[2025-12-28T23:27:40.959+0000][1504.547s][info][gc,phases   ] GC(133)   Other: 0.7ms
[2025-12-28T23:27:40.959+0000][1504.547s][info][gc,heap     ] GC(133) Eden regions: 951->0(951)
[2025-12-28T23:27:40.959+0000][1504.547s][info][gc,heap     ] GC(133) Survivor regions: 1->1(119)
[2025-12-28T23:27:40.959+0000][1504.547s][info][gc,heap     ] GC(133) Old regions: 39->39
[2025-12-28T23:27:40.959+0000][1504.547s][info][gc,heap     ] GC(133) Archive regions: 2->2
[2025-12-28T23:27:40.959+0000][1504.547s][info][gc,heap     ] GC(133) Humongous regions: 39->39
[2025-12-28T23:27:40.959+0000][1504.547s][info][gc,metaspace] GC(133) Metaspace: 74656K(75456K)->74656K(75456K) NonClass: 64447K(64832K)->64447K(64832K) Class: 10209K(10624K)->10209K(10624K)
[2025-12-28T23:27:40.959+0000][1504.547s][info][gc          ] GC(133) Pause Young (Normal) (G1 Evacuation Pause) 1029M->78M(1588M) 3.430ms
[2025-12-28T23:27:40.959+0000][1504.547s][info][gc,cpu      ] GC(133) User=0.01s Sys=0.00s Real=0.00s
[2025-12-28T23:27:55.296+0000][1518.884s][info][gc,start    ] GC(134) Pause Young (Normal) (G1 Evacuation Pause)
[2025-12-28T23:27:55.296+0000][1518.884s][info][gc,task     ] GC(134) Using 8 workers of 8 for evacuation
[2025-12-28T23:27:55.299+0000][1518.887s][info][gc,phases   ] GC(134)   Pre Evacuate Collection Set: 0.4ms
[2025-12-28T23:27:55.299+0000][1518.887s][info][gc,phases   ] GC(134)   Merge Heap Roots: 0.2ms
[2025-12-28T23:27:55.299+0000][1518.887s][info][gc,phases   ] GC(134)   Evacuate Collection Set: 1.6ms
[2025-12-28T23:27:55.299+0000][1518.888s][info][gc,phases   ] GC(134)   Post Evacuate Collection Set: 0.7ms
[2025-12-28T23:27:55.300+0000][1518.888s][info][gc,phases   ] GC(134)   Other: 0.7ms
[2025-12-28T23:27:55.300+0000][1518.888s][info][gc,heap     ] GC(134) Eden regions: 951->0(951)
[2025-12-28T23:27:55.300+0000][1518.888s][info][gc,heap     ] GC(134) Survivor regions: 1->1(119)
[2025-12-28T23:27:55.300+0000][1518.888s][info][gc,heap     ] GC(134) Old regions: 39->39
[2025-12-28T23:27:55.300+0000][1518.888s][info][gc,heap     ] GC(134) Archive regions: 2->2
[2025-12-28T23:27:55.300+0000][1518.888s][info][gc,heap     ] GC(134) Humongous regions: 39->39
[2025-12-28T23:27:55.300+0000][1518.888s][info][gc,metaspace] GC(134) Metaspace: 74656K(75456K)->74656K(75456K) NonClass: 64447K(64832K)->64447K(64832K) Class: 10209K(10624K)->10209K(10624K)
[2025-12-28T23:27:55.300+0000][1518.889s][info][gc          ] GC(134) Pause Young (Normal) (G1 Evacuation Pause) 1029M->78M(1588M) 4.797ms
[2025-12-28T23:27:55.301+0000][1518.889s][info][gc,cpu      ] GC(134) User=0.02s Sys=0.00s Real=0.01s
[2025-12-28T23:28:08.384+0000][1531.972s][info][gc,start    ] GC(135) Pause Young (Normal) (G1 Evacuation Pause)
[2025-12-28T23:28:08.384+0000][1531.972s][info][gc,task     ] GC(135) Using 8 workers of 8 for evacuation
[2025-12-28T23:28:08.386+0000][1531.974s][info][gc,phases   ] GC(135)   Pre Evacuate Collection Set: 0.3ms
[2025-12-28T23:28:08.386+0000][1531.974s][info][gc,phases   ] GC(135)   Merge Heap Roots: 0.2ms
[2025-12-28T23:28:08.386+0000][1531.974s][info][gc,phases   ] GC(135)   Evacuate Collection Set: 0.9ms
[2025-12-28T23:28:08.386+0000][1531.974s][info][gc,phases   ] GC(135)   Post Evacuate Collection Set: 0.5ms
[2025-12-28T23:28:08.386+0000][1531.975s][info][gc,phases   ] GC(135)   Other: 0.5ms
[2025-12-28T23:28:08.386+0000][1531.975s][info][gc,heap     ] GC(135) Eden regions: 951->0(951)
[2025-12-28T23:28:08.387+0000][1531.975s][info][gc,heap     ] GC(135) Survivor regions: 1->1(119)
[2025-12-28T23:28:08.387+0000][1531.975s][info][gc,heap     ] GC(135) Old regions: 39->39
[2025-12-28T23:28:08.387+0000][1531.975s][info][gc,heap     ] GC(135) Archive regions: 2->2
[2025-12-28T23:28:08.387+0000][1531.975s][info][gc,heap     ] GC(135) Humongous regions: 39->39
[2025-12-28T23:28:08.387+0000][1531.975s][info][gc,metaspace] GC(135) Metaspace: 74656K(75456K)->74656K(75456K) NonClass: 64447K(64832K)->64447K(64832K) Class: 10209K(10624K)->10209K(10624K)
[2025-12-28T23:28:08.387+0000][1531.975s][info][gc          ] GC(135) Pause Young (Normal) (G1 Evacuation Pause) 1029M->78M(1588M) 3.585ms
[2025-12-28T23:28:08.387+0000][1531.975s][info][gc,cpu      ] GC(135) User=0.01s Sys=0.00s Real=0.00s
[2025-12-28T23:28:21.245+0000][1544.833s][info][gc,start    ] GC(136) Pause Young (Normal) (G1 Evacuation Pause)
[2025-12-28T23:28:21.245+0000][1544.833s][info][gc,task     ] GC(136) Using 8 workers of 8 for evacuation
[2025-12-28T23:28:21.249+0000][1544.837s][info][gc,phases   ] GC(136)   Pre Evacuate Collection Set: 0.3ms
[2025-12-28T23:28:21.250+0000][1544.838s][info][gc,phases   ] GC(136)   Merge Heap Roots: 0.2ms
[2025-12-28T23:28:21.250+0000][1544.838s][info][gc,phases   ] GC(136)   Evacuate Collection Set: 1.9ms
[2025-12-28T23:28:21.250+0000][1544.838s][info][gc,phases   ] GC(136)   Post Evacuate Collection Set: 1.1ms
[2025-12-28T23:28:21.250+0000][1544.838s][info][gc,phases   ] GC(136)   Other: 1.1ms
[2025-12-28T23:28:21.250+0000][1544.839s][info][gc,heap     ] GC(136) Eden regions: 951->0(951)
[2025-12-28T23:28:21.251+0000][1544.839s][info][gc,heap     ] GC(136) Survivor regions: 1->1(119)
[2025-12-28T23:28:21.251+0000][1544.839s][info][gc,heap     ] GC(136) Old regions: 39->39
[2025-12-28T23:28:21.251+0000][1544.839s][info][gc,heap     ] GC(136) Archive regions: 2->2
[2025-12-28T23:28:21.251+0000][1544.839s][info][gc,heap     ] GC(136) Humongous regions: 39->39
[2025-12-28T23:28:21.251+0000][1544.839s][info][gc,metaspace] GC(136) Metaspace: 74658K(75456K)->74658K(75456K) NonClass: 64448K(64832K)->64448K(64832K) Class: 10209K(10624K)->10209K(10624K)
[2025-12-28T23:28:21.251+0000][1544.840s][info][gc          ] GC(136) Pause Young (Normal) (G1 Evacuation Pause) 1029M->78M(1588M) 6.549ms
[2025-12-28T23:28:21.252+0000][1544.840s][info][gc,cpu      ] GC(136) User=0.01s Sys=0.00s Real=0.01s
[2025-12-28T23:28:33.875+0000][1557.463s][info][gc,start    ] GC(137) Pause Young (Normal) (G1 Evacuation Pause)
[2025-12-28T23:28:33.876+0000][1557.464s][info][gc,task     ] GC(137) Using 8 workers of 8 for evacuation
[2025-12-28T23:28:33.879+0000][1557.467s][info][gc,phases   ] GC(137)   Pre Evacuate Collection Set: 0.4ms
[2025-12-28T23:28:33.879+0000][1557.468s][info][gc,phases   ] GC(137)   Merge Heap Roots: 0.3ms
[2025-12-28T23:28:33.880+0000][1557.468s][info][gc,phases   ] GC(137)   Evacuate Collection Set: 1.6ms
[2025-12-28T23:28:33.880+0000][1557.468s][info][gc,phases   ] GC(137)   Post Evacuate Collection Set: 1.0ms
[2025-12-28T23:28:33.880+0000][1557.468s][info][gc,phases   ] GC(137)   Other: 1.5ms
[2025-12-28T23:28:33.880+0000][1557.468s][info][gc,heap     ] GC(137) Eden regions: 951->0(951)
[2025-12-28T23:28:33.880+0000][1557.468s][info][gc,heap     ] GC(137) Survivor regions: 1->1(119)
[2025-12-28T23:28:33.880+0000][1557.468s][info][gc,heap     ] GC(137) Old regions: 39->39
[2025-12-28T23:28:33.880+0000][1557.469s][info][gc,heap     ] GC(137) Archive regions: 2->2
[2025-12-28T23:28:33.881+0000][1557.469s][info][gc,heap     ] GC(137) Humongous regions: 39->39
[2025-12-28T23:28:33.881+0000][1557.469s][info][gc,metaspace] GC(137) Metaspace: 74665K(75456K)->74665K(75456K) NonClass: 64455K(64832K)->64455K(64832K) Class: 10209K(10624K)->10209K(10624K)
[2025-12-28T23:28:33.881+0000][1557.469s][info][gc          ] GC(137) Pause Young (Normal) (G1 Evacuation Pause) 1029M->78M(1588M) 6.163ms
[2025-12-28T23:28:33.881+0000][1557.469s][info][gc,cpu      ] GC(137) User=0.01s Sys=0.00s Real=0.01s
[2025-12-28T23:28:46.725+0000][1570.314s][info][gc,start    ] GC(138) Pause Young (Normal) (G1 Evacuation Pause)
[2025-12-28T23:28:46.726+0000][1570.314s][info][gc,task     ] GC(138) Using 8 workers of 8 for evacuation
[2025-12-28T23:28:46.728+0000][1570.316s][info][gc,phases   ] GC(138)   Pre Evacuate Collection Set: 0.2ms
[2025-12-28T23:28:46.728+0000][1570.317s][info][gc,phases   ] GC(138)   Merge Heap Roots: 0.2ms
[2025-12-28T23:28:46.728+0000][1570.317s][info][gc,phases   ] GC(138)   Evacuate Collection Set: 0.9ms
[2025-12-28T23:28:46.729+0000][1570.317s][info][gc,phases   ] GC(138)   Post Evacuate Collection Set: 0.5ms
[2025-12-28T23:28:46.729+0000][1570.317s][info][gc,phases   ] GC(138)   Other: 1.2ms
[2025-12-28T23:28:46.729+0000][1570.317s][info][gc,heap     ] GC(138) Eden regions: 951->0(951)
[2025-12-28T23:28:46.729+0000][1570.317s][info][gc,heap     ] GC(138) Survivor regions: 1->1(119)
[2025-12-28T23:28:46.729+0000][1570.317s][info][gc,heap     ] GC(138) Old regions: 39->39
[2025-12-28T23:28:46.729+0000][1570.317s][info][gc,heap     ] GC(138) Archive regions: 2->2
[2025-12-28T23:28:46.729+0000][1570.317s][info][gc,heap     ] GC(138) Humongous regions: 39->39
[2025-12-28T23:28:46.729+0000][1570.317s][info][gc,metaspace] GC(138) Metaspace: 74665K(75456K)->74665K(75456K) NonClass: 64455K(64832K)->64455K(64832K) Class: 10209K(10624K)->10209K(10624K)
[2025-12-28T23:28:46.729+0000][1570.318s][info][gc          ] GC(138) Pause Young (Normal) (G1 Evacuation Pause) 1029M->78M(1588M) 3.996ms
[2025-12-28T23:28:46.729+0000][1570.318s][info][gc,cpu      ] GC(138) User=0.01s Sys=0.00s Real=0.00s
[2025-12-28T23:28:59.136+0000][1582.724s][info][gc,start    ] GC(139) Pause Young (Normal) (G1 Evacuation Pause)
[2025-12-28T23:28:59.137+0000][1582.725s][info][gc,task     ] GC(139) Using 8 workers of 8 for evacuation
[2025-12-28T23:28:59.140+0000][1582.728s][info][gc,phases   ] GC(139)   Pre Evacuate Collection Set: 0.3ms
[2025-12-28T23:28:59.140+0000][1582.728s][info][gc,phases   ] GC(139)   Merge Heap Roots: 0.2ms
[2025-12-28T23:28:59.140+0000][1582.728s][info][gc,phases   ] GC(139)   Evacuate Collection Set: 1.5ms
[2025-12-28T23:28:59.140+0000][1582.728s][info][gc,phases   ] GC(139)   Post Evacuate Collection Set: 1.0ms
[2025-12-28T23:28:59.140+0000][1582.728s][info][gc,phases   ] GC(139)   Other: 0.7ms
[2025-12-28T23:28:59.140+0000][1582.729s][info][gc,heap     ] GC(139) Eden regions: 951->0(951)
[2025-12-28T23:28:59.140+0000][1582.729s][info][gc,heap     ] GC(139) Survivor regions: 1->1(119)
[2025-12-28T23:28:59.140+0000][1582.729s][info][gc,heap     ] GC(139) Old regions: 39->39
[2025-12-28T23:28:59.140+0000][1582.729s][info][gc,heap     ] GC(139) Archive regions: 2->2
[2025-12-28T23:28:59.141+0000][1582.729s][info][gc,heap     ] GC(139) Humongous regions: 39->39
[2025-12-28T23:28:59.141+0000][1582.729s][info][gc,metaspace] GC(139) Metaspace: 74671K(75456K)->74671K(75456K) NonClass: 64461K(64832K)->64461K(64832K) Class: 10209K(10624K)->10209K(10624K)
[2025-12-28T23:28:59.141+0000][1582.729s][info][gc          ] GC(139) Pause Young (Normal) (G1 Evacuation Pause) 1029M->78M(1588M) 4.421ms
[2025-12-28T23:28:59.141+0000][1582.729s][info][gc,cpu      ] GC(139) User=0.02s Sys=0.00s Real=0.01s
[2025-12-28T23:29:11.246+0000][1594.834s][info][gc,start    ] GC(140) Pause Young (Normal) (G1 Evacuation Pause)
[2025-12-28T23:29:11.247+0000][1594.835s][info][gc,task     ] GC(140) Using 8 workers of 8 for evacuation
[2025-12-28T23:29:11.251+0000][1594.839s][info][gc,phases   ] GC(140)   Pre Evacuate Collection Set: 0.3ms
[2025-12-28T23:29:11.251+0000][1594.840s][info][gc,phases   ] GC(140)   Merge Heap Roots: 0.2ms
[2025-12-28T23:29:11.252+0000][1594.840s][info][gc,phases   ] GC(140)   Evacuate Collection Set: 2.9ms
[2025-12-28T23:29:11.252+0000][1594.840s][info][gc,phases   ] GC(140)   Post Evacuate Collection Set: 0.8ms
[2025-12-28T23:29:11.252+0000][1594.840s][info][gc,phases   ] GC(140)   Other: 1.1ms
[2025-12-28T23:29:11.253+0000][1594.841s][info][gc,heap     ] GC(140) Eden regions: 951->0(951)
[2025-12-28T23:29:11.253+0000][1594.841s][info][gc,heap     ] GC(140) Survivor regions: 1->1(119)
[2025-12-28T23:29:11.253+0000][1594.841s][info][gc,heap     ] GC(140) Old regions: 39->39
[2025-12-28T23:29:11.253+0000][1594.841s][info][gc,heap     ] GC(140) Archive regions: 2->2
[2025-12-28T23:29:11.253+0000][1594.842s][info][gc,heap     ] GC(140) Humongous regions: 39->39
[2025-12-28T23:29:11.254+0000][1594.842s][info][gc,metaspace] GC(140) Metaspace: 74717K(75520K)->74717K(75520K) NonClass: 64507K(64896K)->64507K(64896K) Class: 10209K(10624K)->10209K(10624K)
[2025-12-28T23:29:11.254+0000][1594.842s][info][gc          ] GC(140) Pause Young (Normal) (G1 Evacuation Pause) 1029M->79M(1588M) 7.876ms
[2025-12-28T23:29:11.254+0000][1594.842s][info][gc,cpu      ] GC(140) User=0.02s Sys=0.00s Real=0.01s
[2025-12-28T23:29:24.351+0000][1607.939s][info][gc,start    ] GC(141) Pause Young (Normal) (G1 Evacuation Pause)
[2025-12-28T23:29:24.352+0000][1607.940s][info][gc,task     ] GC(141) Using 8 workers of 8 for evacuation
[2025-12-28T23:29:24.355+0000][1607.943s][info][gc,phases   ] GC(141)   Pre Evacuate Collection Set: 0.3ms
[2025-12-28T23:29:24.355+0000][1607.943s][info][gc,phases   ] GC(141)   Merge Heap Roots: 0.2ms
[2025-12-28T23:29:24.355+0000][1607.943s][info][gc,phases   ] GC(141)   Evacuate Collection Set: 1.4ms
[2025-12-28T23:29:24.355+0000][1607.944s][info][gc,phases   ] GC(141)   Post Evacuate Collection Set: 0.7ms
[2025-12-28T23:29:24.355+0000][1607.944s][info][gc,phases   ] GC(141)   Other: 1.4ms
[2025-12-28T23:29:24.356+0000][1607.944s][info][gc,heap     ] GC(141) Eden regions: 951->0(950)
[2025-12-28T23:29:24.356+0000][1607.944s][info][gc,heap     ] GC(141) Survivor regions: 1->2(119)
[2025-12-28T23:29:24.356+0000][1607.944s][info][gc,heap     ] GC(141) Old regions: 39->39
[2025-12-28T23:29:24.356+0000][1607.944s][info][gc,heap     ] GC(141) Archive regions: 2->2
[2025-12-28T23:29:24.356+0000][1607.944s][info][gc,heap     ] GC(141) Humongous regions: 39->39
[2025-12-28T23:29:24.356+0000][1607.944s][info][gc,metaspace] GC(141) Metaspace: 74724K(75520K)->74724K(75520K) NonClass: 64515K(64896K)->64515K(64896K) Class: 10209K(10624K)->10209K(10624K)
[2025-12-28T23:29:24.356+0000][1607.944s][info][gc          ] GC(141) Pause Young (Normal) (G1 Evacuation Pause) 1030M->79M(1588M) 5.068ms
[2025-12-28T23:29:24.356+0000][1607.944s][info][gc,cpu      ] GC(141) User=0.01s Sys=0.00s Real=0.00s
[2025-12-28T23:29:35.983+0000][1619.572s][info][gc,start    ] GC(142) Pause Young (Normal) (G1 Evacuation Pause)
[2025-12-28T23:29:35.984+0000][1619.572s][info][gc,task     ] GC(142) Using 8 workers of 8 for evacuation
[2025-12-28T23:29:35.987+0000][1619.575s][info][gc,phases   ] GC(142)   Pre Evacuate Collection Set: 0.3ms
[2025-12-28T23:29:35.987+0000][1619.575s][info][gc,phases   ] GC(142)   Merge Heap Roots: 0.2ms
[2025-12-28T23:29:35.987+0000][1619.575s][info][gc,phases   ] GC(142)   Evacuate Collection Set: 1.4ms
[2025-12-28T23:29:35.987+0000][1619.575s][info][gc,phases   ] GC(142)   Post Evacuate Collection Set: 0.7ms
[2025-12-28T23:29:35.987+0000][1619.575s][info][gc,phases   ] GC(142)   Other: 0.8ms
[2025-12-28T23:29:35.987+0000][1619.575s][info][gc,heap     ] GC(142) Eden regions: 950->0(950)
[2025-12-28T23:29:35.987+0000][1619.575s][info][gc,heap     ] GC(142) Survivor regions: 2->2(119)
[2025-12-28T23:29:35.987+0000][1619.576s][info][gc,heap     ] GC(142) Old regions: 39->39
[2025-12-28T23:29:35.987+0000][1619.576s][info][gc,heap     ] GC(142) Archive regions: 2->2
[2025-12-28T23:29:35.987+0000][1619.576s][info][gc,heap     ] GC(142) Humongous regions: 39->39
[2025-12-28T23:29:35.988+0000][1619.576s][info][gc,metaspace] GC(142) Metaspace: 74725K(75520K)->74725K(75520K) NonClass: 64515K(64896K)->64515K(64896K) Class: 10209K(10624K)->10209K(10624K)
[2025-12-28T23:29:35.988+0000][1619.576s][info][gc          ] GC(142) Pause Young (Normal) (G1 Evacuation Pause) 1029M->79M(1588M) 4.267ms
[2025-12-28T23:29:35.988+0000][1619.576s][info][gc,cpu      ] GC(142) User=0.01s Sys=0.00s Real=0.00s
[2025-12-28T23:29:47.586+0000][1631.174s][info][gc,start    ] GC(143) Pause Young (Normal) (G1 Evacuation Pause)
[2025-12-28T23:29:47.586+0000][1631.174s][info][gc,task     ] GC(143) Using 8 workers of 8 for evacuation
[2025-12-28T23:29:47.588+0000][1631.176s][info][gc,phases   ] GC(143)   Pre Evacuate Collection Set: 0.2ms
[2025-12-28T23:29:47.588+0000][1631.176s][info][gc,phases   ] GC(143)   Merge Heap Roots: 0.2ms
[2025-12-28T23:29:47.588+0000][1631.176s][info][gc,phases   ] GC(143)   Evacuate Collection Set: 0.9ms
[2025-12-28T23:29:47.588+0000][1631.176s][info][gc,phases   ] GC(143)   Post Evacuate Collection Set: 0.4ms
[2025-12-28T23:29:47.588+0000][1631.177s][info][gc,phases   ] GC(143)   Other: 0.7ms
[2025-12-28T23:29:47.588+0000][1631.177s][info][gc,heap     ] GC(143) Eden regions: 950->0(950)
[2025-12-28T23:29:47.589+0000][1631.177s][info][gc,heap     ] GC(143) Survivor regions: 2->2(119)
[2025-12-28T23:29:47.589+0000][1631.177s][info][gc,heap     ] GC(143) Old regions: 39->39
[2025-12-28T23:29:47.589+0000][1631.177s][info][gc,heap     ] GC(143) Archive regions: 2->2
[2025-12-28T23:29:47.589+0000][1631.177s][info][gc,heap     ] GC(143) Humongous regions: 39->39
[2025-12-28T23:29:47.589+0000][1631.177s][info][gc,metaspace] GC(143) Metaspace: 74725K(75520K)->74725K(75520K) NonClass: 64515K(64896K)->64515K(64896K) Class: 10209K(10624K)->10209K(10624K)
[2025-12-28T23:29:47.589+0000][1631.177s][info][gc          ] GC(143) Pause Young (Normal) (G1 Evacuation Pause) 1029M->79M(1588M) 3.215ms
[2025-12-28T23:29:47.589+0000][1631.177s][info][gc,cpu      ] GC(143) User=0.01s Sys=0.00s Real=0.00s
[2025-12-28T23:29:59.157+0000][1642.745s][info][gc,start    ] GC(144) Pause Young (Normal) (G1 Evacuation Pause)
[2025-12-28T23:29:59.157+0000][1642.746s][info][gc,task     ] GC(144) Using 8 workers of 8 for evacuation
[2025-12-28T23:29:59.161+0000][1642.750s][info][gc,phases   ] GC(144)   Pre Evacuate Collection Set: 0.4ms
[2025-12-28T23:29:59.162+0000][1642.750s][info][gc,phases   ] GC(144)   Merge Heap Roots: 0.3ms
[2025-12-28T23:29:59.162+0000][1642.750s][info][gc,phases   ] GC(144)   Evacuate Collection Set: 2.1ms
[2025-12-28T23:29:59.162+0000][1642.750s][info][gc,phases   ] GC(144)   Post Evacuate Collection Set: 0.8ms
[2025-12-28T23:29:59.162+0000][1642.750s][info][gc,phases   ] GC(144)   Other: 1.4ms
[2025-12-28T23:29:59.162+0000][1642.750s][info][gc,heap     ] GC(144) Eden regions: 950->0(951)
[2025-12-28T23:29:59.162+0000][1642.750s][info][gc,heap     ] GC(144) Survivor regions: 2->1(119)
[2025-12-28T23:29:59.162+0000][1642.750s][info][gc,heap     ] GC(144) Old regions: 39->39
[2025-12-28T23:29:59.162+0000][1642.750s][info][gc,heap     ] GC(144) Archive regions: 2->2
[2025-12-28T23:29:59.162+0000][1642.750s][info][gc,heap     ] GC(144) Humongous regions: 39->39
[2025-12-28T23:29:59.162+0000][1642.751s][info][gc,metaspace] GC(144) Metaspace: 74732K(75520K)->74732K(75520K) NonClass: 64523K(64896K)->64523K(64896K) Class: 10209K(10624K)->10209K(10624K)
[2025-12-28T23:29:59.162+0000][1642.751s][info][gc          ] GC(144) Pause Young (Normal) (G1 Evacuation Pause) 1029M->79M(1588M) 5.865ms
[2025-12-28T23:29:59.163+0000][1642.751s][info][gc,cpu      ] GC(144) User=0.02s Sys=0.00s Real=0.01s
[2025-12-28T23:30:10.951+0000][1654.539s][info][gc,start    ] GC(145) Pause Young (Normal) (G1 Evacuation Pause)
[2025-12-28T23:30:10.952+0000][1654.540s][info][gc,task     ] GC(145) Using 8 workers of 8 for evacuation
[2025-12-28T23:30:10.954+0000][1654.542s][info][gc,phases   ] GC(145)   Pre Evacuate Collection Set: 0.2ms
[2025-12-28T23:30:10.954+0000][1654.542s][info][gc,phases   ] GC(145)   Merge Heap Roots: 0.2ms
[2025-12-28T23:30:10.954+0000][1654.542s][info][gc,phases   ] GC(145)   Evacuate Collection Set: 1.2ms
[2025-12-28T23:30:10.954+0000][1654.542s][info][gc,phases   ] GC(145)   Post Evacuate Collection Set: 0.5ms
[2025-12-28T23:30:10.954+0000][1654.542s][info][gc,phases   ] GC(145)   Other: 0.7ms
[2025-12-28T23:30:10.954+0000][1654.542s][info][gc,heap     ] GC(145) Eden regions: 951->0(951)
[2025-12-28T23:30:10.954+0000][1654.543s][info][gc,heap     ] GC(145) Survivor regions: 1->1(119)
[2025-12-28T23:30:10.954+0000][1654.543s][info][gc,heap     ] GC(145) Old regions: 39->39
[2025-12-28T23:30:10.954+0000][1654.543s][info][gc,heap     ] GC(145) Archive regions: 2->2
[2025-12-28T23:30:10.954+0000][1654.543s][info][gc,heap     ] GC(145) Humongous regions: 39->39
[2025-12-28T23:30:10.955+0000][1654.543s][info][gc,metaspace] GC(145) Metaspace: 74732K(75520K)->74732K(75520K) NonClass: 64523K(64896K)->64523K(64896K) Class: 10209K(10624K)->10209K(10624K)
[2025-12-28T23:30:10.955+0000][1654.543s][info][gc          ] GC(145) Pause Young (Normal) (G1 Evacuation Pause) 1030M->79M(1588M) 3.277ms
[2025-12-28T23:30:10.955+0000][1654.543s][info][gc,cpu      ] GC(145) User=0.01s Sys=0.00s Real=0.00s
[2025-12-28T23:30:23.749+0000][1667.337s][info][gc,start    ] GC(146) Pause Young (Normal) (G1 Evacuation Pause)
[2025-12-28T23:30:23.750+0000][1667.338s][info][gc,task     ] GC(146) Using 8 workers of 8 for evacuation
[2025-12-28T23:30:23.752+0000][1667.340s][info][gc,phases   ] GC(146)   Pre Evacuate Collection Set: 0.2ms
[2025-12-28T23:30:23.752+0000][1667.340s][info][gc,phases   ] GC(146)   Merge Heap Roots: 0.2ms
[2025-12-28T23:30:23.752+0000][1667.340s][info][gc,phases   ] GC(146)   Evacuate Collection Set: 0.9ms
[2025-12-28T23:30:23.752+0000][1667.340s][info][gc,phases   ] GC(146)   Post Evacuate Collection Set: 0.7ms
[2025-12-28T23:30:23.752+0000][1667.340s][info][gc,phases   ] GC(146)   Other: 1.1ms
[2025-12-28T23:30:23.752+0000][1667.341s][info][gc,heap     ] GC(146) Eden regions: 951->0(951)
[2025-12-28T23:30:23.752+0000][1667.341s][info][gc,heap     ] GC(146) Survivor regions: 1->1(119)
[2025-12-28T23:30:23.753+0000][1667.341s][info][gc,heap     ] GC(146) Old regions: 39->39
[2025-12-28T23:30:23.753+0000][1667.341s][info][gc,heap     ] GC(146) Archive regions: 2->2
[2025-12-28T23:30:23.753+0000][1667.341s][info][gc,heap     ] GC(146) Humongous regions: 39->39
[2025-12-28T23:30:23.753+0000][1667.341s][info][gc,metaspace] GC(146) Metaspace: 74737K(75520K)->74737K(75520K) NonClass: 64528K(64896K)->64528K(64896K) Class: 10209K(10624K)->10209K(10624K)
[2025-12-28T23:30:23.753+0000][1667.341s][info][gc          ] GC(146) Pause Young (Normal) (G1 Evacuation Pause) 1030M->79M(1588M) 4.067ms
[2025-12-28T23:30:23.753+0000][1667.341s][info][gc,cpu      ] GC(146) User=0.01s Sys=0.00s Real=0.01s
[2025-12-28T23:30:35.191+0000][1678.779s][info][gc,start    ] GC(147) Pause Young (Normal) (G1 Evacuation Pause)
[2025-12-28T23:30:35.193+0000][1678.781s][info][gc,task     ] GC(147) Using 8 workers of 8 for evacuation
[2025-12-28T23:30:35.195+0000][1678.783s][info][gc,phases   ] GC(147)   Pre Evacuate Collection Set: 0.1ms
[2025-12-28T23:30:35.195+0000][1678.783s][info][gc,phases   ] GC(147)   Merge Heap Roots: 0.2ms
[2025-12-28T23:30:35.195+0000][1678.783s][info][gc,phases   ] GC(147)   Evacuate Collection Set: 1.3ms
[2025-12-28T23:30:35.195+0000][1678.784s][info][gc,phases   ] GC(147)   Post Evacuate Collection Set: 0.4ms
[2025-12-28T23:30:35.195+0000][1678.784s][info][gc,phases   ] GC(147)   Other: 2.5ms
[2025-12-28T23:30:35.196+0000][1678.784s][info][gc,heap     ] GC(147) Eden regions: 951->0(951)
[2025-12-28T23:30:35.196+0000][1678.784s][info][gc,heap     ] GC(147) Survivor regions: 1->1(119)
[2025-12-28T23:30:35.196+0000][1678.784s][info][gc,heap     ] GC(147) Old regions: 39->39
[2025-12-28T23:30:35.196+0000][1678.784s][info][gc,heap     ] GC(147) Archive regions: 2->2
[2025-12-28T23:30:35.196+0000][1678.784s][info][gc,heap     ] GC(147) Humongous regions: 39->39
[2025-12-28T23:30:35.196+0000][1678.784s][info][gc,metaspace] GC(147) Metaspace: 74738K(75520K)->74738K(75520K) NonClass: 64528K(64896K)->64528K(64896K) Class: 10209K(10624K)->10209K(10624K)
[2025-12-28T23:30:35.196+0000][1678.784s][info][gc          ] GC(147) Pause Young (Normal) (G1 Evacuation Pause) 1030M->79M(1588M) 5.412ms
[2025-12-28T23:30:35.196+0000][1678.784s][info][gc,cpu      ] GC(147) User=0.00s Sys=0.00s Real=0.00s
[2025-12-28T23:30:46.608+0000][1690.196s][info][gc,start    ] GC(148) Pause Young (Normal) (G1 Evacuation Pause)
[2025-12-28T23:30:46.609+0000][1690.197s][info][gc,task     ] GC(148) Using 8 workers of 8 for evacuation
[2025-12-28T23:30:46.611+0000][1690.199s][info][gc,phases   ] GC(148)   Pre Evacuate Collection Set: 0.2ms
[2025-12-28T23:30:46.611+0000][1690.199s][info][gc,phases   ] GC(148)   Merge Heap Roots: 0.2ms
[2025-12-28T23:30:46.611+0000][1690.199s][info][gc,phases   ] GC(148)   Evacuate Collection Set: 0.9ms
[2025-12-28T23:30:46.611+0000][1690.199s][info][gc,phases   ] GC(148)   Post Evacuate Collection Set: 0.5ms
[2025-12-28T23:30:46.611+0000][1690.199s][info][gc,phases   ] GC(148)   Other: 1.1ms
[2025-12-28T23:30:46.611+0000][1690.200s][info][gc,heap     ] GC(148) Eden regions: 951->0(951)
[2025-12-28T23:30:46.611+0000][1690.200s][info][gc,heap     ] GC(148) Survivor regions: 1->1(119)
[2025-12-28T23:30:46.611+0000][1690.200s][info][gc,heap     ] GC(148) Old regions: 39->39
[2025-12-28T23:30:46.611+0000][1690.200s][info][gc,heap     ] GC(148) Archive regions: 2->2
[2025-12-28T23:30:46.612+0000][1690.200s][info][gc,heap     ] GC(148) Humongous regions: 39->39
[2025-12-28T23:30:46.612+0000][1690.200s][info][gc,metaspace] GC(148) Metaspace: 74738K(75520K)->74738K(75520K) NonClass: 64528K(64896K)->64528K(64896K) Class: 10209K(10624K)->10209K(10624K)
[2025-12-28T23:30:46.612+0000][1690.200s][info][gc          ] GC(148) Pause Young (Normal) (G1 Evacuation Pause) 1030M->79M(1588M) 3.702ms
[2025-12-28T23:30:46.612+0000][1690.200s][info][gc,cpu      ] GC(148) User=0.01s Sys=0.00s Real=0.01s
[2025-12-28T23:30:58.043+0000][1701.631s][info][gc,start    ] GC(149) Pause Young (Normal) (G1 Evacuation Pause)
[2025-12-28T23:30:58.044+0000][1701.632s][info][gc,task     ] GC(149) Using 8 workers of 8 for evacuation
[2025-12-28T23:30:58.046+0000][1701.634s][info][gc,phases   ] GC(149)   Pre Evacuate Collection Set: 0.3ms
[2025-12-28T23:30:58.046+0000][1701.634s][info][gc,phases   ] GC(149)   Merge Heap Roots: 0.1ms
[2025-12-28T23:30:58.046+0000][1701.634s][info][gc,phases   ] GC(149)   Evacuate Collection Set: 0.9ms
[2025-12-28T23:30:58.046+0000][1701.634s][info][gc,phases   ] GC(149)   Post Evacuate Collection Set: 0.5ms
[2025-12-28T23:30:58.046+0000][1701.634s][info][gc,phases   ] GC(149)   Other: 1.0ms
[2025-12-28T23:30:58.046+0000][1701.634s][info][gc,heap     ] GC(149) Eden regions: 951->0(951)
[2025-12-28T23:30:58.046+0000][1701.634s][info][gc,heap     ] GC(149) Survivor regions: 1->1(119)
[2025-12-28T23:30:58.046+0000][1701.634s][info][gc,heap     ] GC(149) Old regions: 39->39
[2025-12-28T23:30:58.046+0000][1701.634s][info][gc,heap     ] GC(149) Archive regions: 2->2
[2025-12-28T23:30:58.046+0000][1701.635s][info][gc,heap     ] GC(149) Humongous regions: 39->39
[2025-12-28T23:30:58.046+0000][1701.635s][info][gc,metaspace] GC(149) Metaspace: 74738K(75520K)->74738K(75520K) NonClass: 64528K(64896K)->64528K(64896K) Class: 10209K(10624K)->10209K(10624K)
[2025-12-28T23:30:58.047+0000][1701.635s][info][gc          ] GC(149) Pause Young (Normal) (G1 Evacuation Pause) 1030M->79M(1588M) 3.867ms
[2025-12-28T23:30:58.047+0000][1701.635s][info][gc,cpu      ] GC(149) User=0.00s Sys=0.00s Real=0.00s
[2025-12-28T23:31:10.945+0000][1714.533s][info][gc,start    ] GC(150) Pause Young (Normal) (G1 Evacuation Pause)
[2025-12-28T23:31:10.946+0000][1714.534s][info][gc,task     ] GC(150) Using 8 workers of 8 for evacuation
[2025-12-28T23:31:10.949+0000][1714.537s][info][gc,phases   ] GC(150)   Pre Evacuate Collection Set: 0.4ms
[2025-12-28T23:31:10.949+0000][1714.537s][info][gc,phases   ] GC(150)   Merge Heap Roots: 0.2ms
[2025-12-28T23:31:10.949+0000][1714.537s][info][gc,phases   ] GC(150)   Evacuate Collection Set: 1.9ms
[2025-12-28T23:31:10.949+0000][1714.538s][info][gc,phases   ] GC(150)   Post Evacuate Collection Set: 0.8ms
[2025-12-28T23:31:10.949+0000][1714.538s][info][gc,phases   ] GC(150)   Other: 1.2ms
[2025-12-28T23:31:10.949+0000][1714.538s][info][gc,heap     ] GC(150) Eden regions: 951->0(951)
[2025-12-28T23:31:10.949+0000][1714.538s][info][gc,heap     ] GC(150) Survivor regions: 1->1(119)
[2025-12-28T23:31:10.950+0000][1714.538s][info][gc,heap     ] GC(150) Old regions: 39->39
[2025-12-28T23:31:10.950+0000][1714.538s][info][gc,heap     ] GC(150) Archive regions: 2->2
[2025-12-28T23:31:10.950+0000][1714.538s][info][gc,heap     ] GC(150) Humongous regions: 39->39
[2025-12-28T23:31:10.950+0000][1714.538s][info][gc,metaspace] GC(150) Metaspace: 74738K(75520K)->74738K(75520K) NonClass: 64528K(64896K)->64528K(64896K) Class: 10209K(10624K)->10209K(10624K)
[2025-12-28T23:31:10.950+0000][1714.538s][info][gc          ] GC(150) Pause Young (Normal) (G1 Evacuation Pause) 1030M->79M(1588M) 4.860ms
[2025-12-28T23:31:10.950+0000][1714.538s][info][gc,cpu      ] GC(150) User=0.02s Sys=0.00s Real=0.00s
[2025-12-28T23:31:22.779+0000][1726.367s][info][gc,start    ] GC(151) Pause Young (Normal) (G1 Evacuation Pause)
[2025-12-28T23:31:22.780+0000][1726.368s][info][gc,task     ] GC(151) Using 8 workers of 8 for evacuation
[2025-12-28T23:31:22.782+0000][1726.370s][info][gc,phases   ] GC(151)   Pre Evacuate Collection Set: 0.4ms
[2025-12-28T23:31:22.782+0000][1726.371s][info][gc,phases   ] GC(151)   Merge Heap Roots: 0.2ms
[2025-12-28T23:31:22.782+0000][1726.371s][info][gc,phases   ] GC(151)   Evacuate Collection Set: 1.2ms
[2025-12-28T23:31:22.783+0000][1726.371s][info][gc,phases   ] GC(151)   Post Evacuate Collection Set: 0.7ms
[2025-12-28T23:31:22.783+0000][1726.371s][info][gc,phases   ] GC(151)   Other: 1.2ms
[2025-12-28T23:31:22.783+0000][1726.371s][info][gc,heap     ] GC(151) Eden regions: 951->0(951)
[2025-12-28T23:31:22.783+0000][1726.371s][info][gc,heap     ] GC(151) Survivor regions: 1->1(119)
[2025-12-28T23:31:22.783+0000][1726.371s][info][gc,heap     ] GC(151) Old regions: 39->39
[2025-12-28T23:31:22.783+0000][1726.371s][info][gc,heap     ] GC(151) Archive regions: 2->2
[2025-12-28T23:31:22.783+0000][1726.371s][info][gc,heap     ] GC(151) Humongous regions: 39->39
[2025-12-28T23:31:22.783+0000][1726.371s][info][gc,metaspace] GC(151) Metaspace: 74739K(75520K)->74739K(75520K) NonClass: 64530K(64896K)->64530K(64896K) Class: 10209K(10624K)->10209K(10624K)
[2025-12-28T23:31:22.783+0000][1726.371s][info][gc          ] GC(151) Pause Young (Normal) (G1 Evacuation Pause) 1030M->79M(1588M) 4.686ms
[2025-12-28T23:31:22.783+0000][1726.372s][info][gc,cpu      ] GC(151) User=0.01s Sys=0.00s Real=0.01s
[2025-12-28T23:31:34.376+0000][1737.964s][info][gc,start    ] GC(152) Pause Young (Normal) (G1 Evacuation Pause)
[2025-12-28T23:31:34.377+0000][1737.965s][info][gc,task     ] GC(152) Using 8 workers of 8 for evacuation
[2025-12-28T23:31:34.379+0000][1737.967s][info][gc,phases   ] GC(152)   Pre Evacuate Collection Set: 0.3ms
[2025-12-28T23:31:34.379+0000][1737.968s][info][gc,phases   ] GC(152)   Merge Heap Roots: 0.2ms
[2025-12-28T23:31:34.380+0000][1737.968s][info][gc,phases   ] GC(152)   Evacuate Collection Set: 1.3ms
[2025-12-28T23:31:34.380+0000][1737.968s][info][gc,phases   ] GC(152)   Post Evacuate Collection Set: 0.6ms
[2025-12-28T23:31:34.380+0000][1737.968s][info][gc,phases   ] GC(152)   Other: 1.2ms
[2025-12-28T23:31:34.380+0000][1737.968s][info][gc,heap     ] GC(152) Eden regions: 951->0(951)
[2025-12-28T23:31:34.380+0000][1737.968s][info][gc,heap     ] GC(152) Survivor regions: 1->1(119)
[2025-12-28T23:31:34.380+0000][1737.968s][info][gc,heap     ] GC(152) Old regions: 39->39
[2025-12-28T23:31:34.380+0000][1737.968s][info][gc,heap     ] GC(152) Archive regions: 2->2
[2025-12-28T23:31:34.380+0000][1737.968s][info][gc,heap     ] GC(152) Humongous regions: 39->39
[2025-12-28T23:31:34.380+0000][1737.969s][info][gc,metaspace] GC(152) Metaspace: 74743K(75520K)->74743K(75520K) NonClass: 64533K(64896K)->64533K(64896K) Class: 10209K(10624K)->10209K(10624K)
[2025-12-28T23:31:34.380+0000][1737.969s][info][gc          ] GC(152) Pause Young (Normal) (G1 Evacuation Pause) 1030M->79M(1588M) 4.620ms
[2025-12-28T23:31:34.381+0000][1737.969s][info][gc,cpu      ] GC(152) User=0.01s Sys=0.00s Real=0.01s
[2025-12-28T23:31:46.048+0000][1749.636s][info][gc,start    ] GC(153) Pause Young (Normal) (G1 Evacuation Pause)
[2025-12-28T23:31:46.049+0000][1749.637s][info][gc,task     ] GC(153) Using 8 workers of 8 for evacuation
[2025-12-28T23:31:46.052+0000][1749.641s][info][gc,phases   ] GC(153)   Pre Evacuate Collection Set: 0.3ms
[2025-12-28T23:31:46.053+0000][1749.641s][info][gc,phases   ] GC(153)   Merge Heap Roots: 0.2ms
[2025-12-28T23:31:46.053+0000][1749.641s][info][gc,phases   ] GC(153)   Evacuate Collection Set: 2.0ms
[2025-12-28T23:31:46.053+0000][1749.641s][info][gc,phases   ] GC(153)   Post Evacuate Collection Set: 0.8ms
[2025-12-28T23:31:46.053+0000][1749.641s][info][gc,phases   ] GC(153)   Other: 0.9ms
[2025-12-28T23:31:46.053+0000][1749.641s][info][gc,heap     ] GC(153) Eden regions: 951->0(951)
[2025-12-28T23:31:46.053+0000][1749.641s][info][gc,heap     ] GC(153) Survivor regions: 1->1(119)
[2025-12-28T23:31:46.053+0000][1749.641s][info][gc,heap     ] GC(153) Old regions: 39->39
[2025-12-28T23:31:46.053+0000][1749.642s][info][gc,heap     ] GC(153) Archive regions: 2->2
[2025-12-28T23:31:46.053+0000][1749.642s][info][gc,heap     ] GC(153) Humongous regions: 39->39
[2025-12-28T23:31:46.053+0000][1749.642s][info][gc,metaspace] GC(153) Metaspace: 74762K(75520K)->74762K(75520K) NonClass: 64553K(64896K)->64553K(64896K) Class: 10209K(10624K)->10209K(10624K)
[2025-12-28T23:31:46.054+0000][1749.642s][info][gc          ] GC(153) Pause Young (Normal) (G1 Evacuation Pause) 1030M->79M(1588M) 5.322ms
[2025-12-28T23:31:46.054+0000][1749.642s][info][gc,cpu      ] GC(153) User=0.02s Sys=0.00s Real=0.01s
[2025-12-28T23:31:57.556+0000][1761.144s][info][gc,start    ] GC(154) Pause Young (Normal) (G1 Evacuation Pause)
[2025-12-28T23:31:57.557+0000][1761.145s][info][gc,task     ] GC(154) Using 8 workers of 8 for evacuation
[2025-12-28T23:31:57.559+0000][1761.147s][info][gc,phases   ] GC(154)   Pre Evacuate Collection Set: 0.2ms
[2025-12-28T23:31:57.559+0000][1761.147s][info][gc,phases   ] GC(154)   Merge Heap Roots: 0.2ms
[2025-12-28T23:31:57.559+0000][1761.147s][info][gc,phases   ] GC(154)   Evacuate Collection Set: 1.0ms
[2025-12-28T23:31:57.559+0000][1761.147s][info][gc,phases   ] GC(154)   Post Evacuate Collection Set: 0.4ms
[2025-12-28T23:31:57.559+0000][1761.147s][info][gc,phases   ] GC(154)   Other: 1.1ms
[2025-12-28T23:31:57.559+0000][1761.147s][info][gc,heap     ] GC(154) Eden regions: 951->0(951)
[2025-12-28T23:31:57.559+0000][1761.148s][info][gc,heap     ] GC(154) Survivor regions: 1->1(119)
[2025-12-28T23:31:57.559+0000][1761.148s][info][gc,heap     ] GC(154) Old regions: 39->40
[2025-12-28T23:31:57.559+0000][1761.148s][info][gc,heap     ] GC(154) Archive regions: 2->2
[2025-12-28T23:31:57.560+0000][1761.148s][info][gc,heap     ] GC(154) Humongous regions: 39->39
[2025-12-28T23:31:57.560+0000][1761.148s][info][gc,metaspace] GC(154) Metaspace: 74763K(75520K)->74763K(75520K) NonClass: 64553K(64896K)->64553K(64896K) Class: 10209K(10624K)->10209K(10624K)
[2025-12-28T23:31:57.560+0000][1761.148s][info][gc          ] GC(154) Pause Young (Normal) (G1 Evacuation Pause) 1030M->79M(1588M) 3.842ms
[2025-12-28T23:31:57.560+0000][1761.148s][info][gc,cpu      ] GC(154) User=0.01s Sys=0.00s Real=0.00s
[2025-12-28T23:32:10.809+0000][1774.398s][info][gc,start    ] GC(155) Pause Young (Normal) (G1 Evacuation Pause)
[2025-12-28T23:32:10.810+0000][1774.398s][info][gc,task     ] GC(155) Using 8 workers of 8 for evacuation
[2025-12-28T23:32:10.812+0000][1774.400s][info][gc,phases   ] GC(155)   Pre Evacuate Collection Set: 0.3ms
[2025-12-28T23:32:10.812+0000][1774.400s][info][gc,phases   ] GC(155)   Merge Heap Roots: 0.2ms
[2025-12-28T23:32:10.812+0000][1774.401s][info][gc,phases   ] GC(155)   Evacuate Collection Set: 1.2ms
[2025-12-28T23:32:10.812+0000][1774.401s][info][gc,phases   ] GC(155)   Post Evacuate Collection Set: 0.4ms
[2025-12-28T23:32:10.812+0000][1774.401s][info][gc,phases   ] GC(155)   Other: 0.7ms
[2025-12-28T23:32:10.812+0000][1774.401s][info][gc,heap     ] GC(155) Eden regions: 951->0(951)
[2025-12-28T23:32:10.813+0000][1774.401s][info][gc,heap     ] GC(155) Survivor regions: 1->1(119)
[2025-12-28T23:32:10.813+0000][1774.401s][info][gc,heap     ] GC(155) Old regions: 40->40
[2025-12-28T23:32:10.813+0000][1774.401s][info][gc,heap     ] GC(155) Archive regions: 2->2
[2025-12-28T23:32:10.813+0000][1774.401s][info][gc,heap     ] GC(155) Humongous regions: 39->39
[2025-12-28T23:32:10.813+0000][1774.401s][info][gc,metaspace] GC(155) Metaspace: 74763K(75520K)->74763K(75520K) NonClass: 64554K(64896K)->64554K(64896K) Class: 10209K(10624K)->10209K(10624K)
[2025-12-28T23:32:10.813+0000][1774.401s][info][gc          ] GC(155) Pause Young (Normal) (G1 Evacuation Pause) 1030M->79M(1588M) 3.418ms
[2025-12-28T23:32:10.813+0000][1774.401s][info][gc,cpu      ] GC(155) User=0.01s Sys=0.00s Real=0.01s
[2025-12-28T23:32:22.436+0000][1786.024s][info][gc,start    ] GC(156) Pause Young (Normal) (G1 Evacuation Pause)
[2025-12-28T23:32:22.437+0000][1786.025s][info][gc,task     ] GC(156) Using 8 workers of 8 for evacuation
[2025-12-28T23:32:22.439+0000][1786.027s][info][gc,phases   ] GC(156)   Pre Evacuate Collection Set: 0.2ms
[2025-12-28T23:32:22.439+0000][1786.028s][info][gc,phases   ] GC(156)   Merge Heap Roots: 0.2ms
[2025-12-28T23:32:22.440+0000][1786.028s][info][gc,phases   ] GC(156)   Evacuate Collection Set: 1.5ms
[2025-12-28T23:32:22.440+0000][1786.028s][info][gc,phases   ] GC(156)   Post Evacuate Collection Set: 0.6ms
[2025-12-28T23:32:22.440+0000][1786.028s][info][gc,phases   ] GC(156)   Other: 0.6ms
[2025-12-28T23:32:22.440+0000][1786.028s][info][gc,heap     ] GC(156) Eden regions: 951->0(951)
[2025-12-28T23:32:22.440+0000][1786.028s][info][gc,heap     ] GC(156) Survivor regions: 1->1(119)
[2025-12-28T23:32:22.440+0000][1786.028s][info][gc,heap     ] GC(156) Old regions: 40->40
[2025-12-28T23:32:22.440+0000][1786.028s][info][gc,heap     ] GC(156) Archive regions: 2->2
[2025-12-28T23:32:22.440+0000][1786.028s][info][gc,heap     ] GC(156) Humongous regions: 39->39
[2025-12-28T23:32:22.440+0000][1786.028s][info][gc,metaspace] GC(156) Metaspace: 74764K(75520K)->74764K(75520K) NonClass: 64554K(64896K)->64554K(64896K) Class: 10209K(10624K)->10209K(10624K)
[2025-12-28T23:32:22.440+0000][1786.028s][info][gc          ] GC(156) Pause Young (Normal) (G1 Evacuation Pause) 1030M->79M(1588M) 3.973ms
[2025-12-28T23:32:22.440+0000][1786.029s][info][gc,cpu      ] GC(156) User=0.02s Sys=0.00s Real=0.01s
[2025-12-28T23:32:33.834+0000][1797.422s][info][gc,start    ] GC(157) Pause Young (Normal) (G1 Evacuation Pause)
[2025-12-28T23:32:33.834+0000][1797.423s][info][gc,task     ] GC(157) Using 8 workers of 8 for evacuation
[2025-12-28T23:32:33.839+0000][1797.427s][info][gc,phases   ] GC(157)   Pre Evacuate Collection Set: 0.5ms
[2025-12-28T23:32:33.839+0000][1797.427s][info][gc,phases   ] GC(157)   Merge Heap Roots: 0.3ms
[2025-12-28T23:32:33.839+0000][1797.428s][info][gc,phases   ] GC(157)   Evacuate Collection Set: 2.0ms
[2025-12-28T23:32:33.840+0000][1797.428s][info][gc,phases   ] GC(157)   Post Evacuate Collection Set: 1.3ms
[2025-12-28T23:32:33.840+0000][1797.428s][info][gc,phases   ] GC(157)   Other: 1.3ms
[2025-12-28T23:32:33.840+0000][1797.428s][info][gc,heap     ] GC(157) Eden regions: 951->0(951)
[2025-12-28T23:32:33.840+0000][1797.428s][info][gc,heap     ] GC(157) Survivor regions: 1->1(119)
[2025-12-28T23:32:33.840+0000][1797.428s][info][gc,heap     ] GC(157) Old regions: 40->40
[2025-12-28T23:32:33.840+0000][1797.428s][info][gc,heap     ] GC(157) Archive regions: 2->2
[2025-12-28T23:32:33.840+0000][1797.428s][info][gc,heap     ] GC(157) Humongous regions: 39->39
[2025-12-28T23:32:33.840+0000][1797.429s][info][gc,metaspace] GC(157) Metaspace: 74774K(75584K)->74774K(75584K) NonClass: 64564K(64960K)->64564K(64960K) Class: 10209K(10624K)->10209K(10624K)
[2025-12-28T23:32:33.840+0000][1797.429s][info][gc          ] GC(157) Pause Young (Normal) (G1 Evacuation Pause) 1030M->79M(1588M) 6.906ms
[2025-12-28T23:32:33.841+0000][1797.429s][info][gc,cpu      ] GC(157) User=0.02s Sys=0.00s Real=0.01s
[2025-12-28T23:32:45.535+0000][1809.123s][info][gc,start    ] GC(158) Pause Young (Normal) (G1 Evacuation Pause)
[2025-12-28T23:32:45.537+0000][1809.125s][info][gc,task     ] GC(158) Using 8 workers of 8 for evacuation
[2025-12-28T23:32:45.539+0000][1809.127s][info][gc,phases   ] GC(158)   Pre Evacuate Collection Set: 0.4ms
[2025-12-28T23:32:45.539+0000][1809.127s][info][gc,phases   ] GC(158)   Merge Heap Roots: 0.2ms
[2025-12-28T23:32:45.539+0000][1809.128s][info][gc,phases   ] GC(158)   Evacuate Collection Set: 1.2ms
[2025-12-28T23:32:45.539+0000][1809.128s][info][gc,phases   ] GC(158)   Post Evacuate Collection Set: 0.6ms
[2025-12-28T23:32:45.540+0000][1809.128s][info][gc,phases   ] GC(158)   Other: 1.5ms
[2025-12-28T23:32:45.540+0000][1809.128s][info][gc,heap     ] GC(158) Eden regions: 951->0(951)
[2025-12-28T23:32:45.540+0000][1809.128s][info][gc,heap     ] GC(158) Survivor regions: 1->1(119)
[2025-12-28T23:32:45.540+0000][1809.128s][info][gc,heap     ] GC(158) Old regions: 40->40
[2025-12-28T23:32:45.540+0000][1809.128s][info][gc,heap     ] GC(158) Archive regions: 2->2
[2025-12-28T23:32:45.540+0000][1809.128s][info][gc,heap     ] GC(158) Humongous regions: 39->39
[2025-12-28T23:32:45.540+0000][1809.128s][info][gc,metaspace] GC(158) Metaspace: 74774K(75584K)->74774K(75584K) NonClass: 64565K(64960K)->64565K(64960K) Class: 10209K(10624K)->10209K(10624K)
[2025-12-28T23:32:45.540+0000][1809.129s][info][gc          ] GC(158) Pause Young (Normal) (G1 Evacuation Pause) 1030M->79M(1588M) 5.061ms
[2025-12-28T23:32:45.540+0000][1809.129s][info][gc,cpu      ] GC(158) User=0.01s Sys=0.00s Real=0.01s
[2025-12-28T23:32:57.088+0000][1820.676s][info][gc,start    ] GC(159) Pause Young (Normal) (G1 Evacuation Pause)
[2025-12-28T23:32:57.089+0000][1820.678s][info][gc,task     ] GC(159) Using 8 workers of 8 for evacuation
[2025-12-28T23:32:57.093+0000][1820.681s][info][gc,phases   ] GC(159)   Pre Evacuate Collection Set: 0.3ms
[2025-12-28T23:32:57.093+0000][1820.681s][info][gc,phases   ] GC(159)   Merge Heap Roots: 0.2ms
[2025-12-28T23:32:57.093+0000][1820.681s][info][gc,phases   ] GC(159)   Evacuate Collection Set: 1.1ms
[2025-12-28T23:32:57.093+0000][1820.681s][info][gc,phases   ] GC(159)   Post Evacuate Collection Set: 0.5ms
[2025-12-28T23:32:57.093+0000][1820.681s][info][gc,phases   ] GC(159)   Other: 2.8ms
[2025-12-28T23:32:57.093+0000][1820.681s][info][gc,heap     ] GC(159) Eden regions: 951->0(951)
[2025-12-28T23:32:57.093+0000][1820.681s][info][gc,heap     ] GC(159) Survivor regions: 1->1(119)
[2025-12-28T23:32:57.093+0000][1820.682s][info][gc,heap     ] GC(159) Old regions: 40->40
[2025-12-28T23:32:57.093+0000][1820.682s][info][gc,heap     ] GC(159) Archive regions: 2->2
[2025-12-28T23:32:57.093+0000][1820.682s][info][gc,heap     ] GC(159) Humongous regions: 39->39
[2025-12-28T23:32:57.094+0000][1820.682s][info][gc,metaspace] GC(159) Metaspace: 74775K(75584K)->74775K(75584K) NonClass: 64565K(64960K)->64565K(64960K) Class: 10209K(10624K)->10209K(10624K)
[2025-12-28T23:32:57.094+0000][1820.682s][info][gc          ] GC(159) Pause Young (Normal) (G1 Evacuation Pause) 1030M->79M(1588M) 5.719ms
[2025-12-28T23:32:57.094+0000][1820.682s][info][gc,cpu      ] GC(159) User=0.01s Sys=0.00s Real=0.01s
[2025-12-28T23:33:10.326+0000][1833.914s][info][gc,start    ] GC(160) Pause Young (Normal) (G1 Evacuation Pause)
[2025-12-28T23:33:10.326+0000][1833.915s][info][gc,task     ] GC(160) Using 8 workers of 8 for evacuation
[2025-12-28T23:33:10.331+0000][1833.919s][info][gc,phases   ] GC(160)   Pre Evacuate Collection Set: 0.3ms
[2025-12-28T23:33:10.331+0000][1833.919s][info][gc,phases   ] GC(160)   Merge Heap Roots: 0.5ms
[2025-12-28T23:33:10.331+0000][1833.920s][info][gc,phases   ] GC(160)   Evacuate Collection Set: 3.0ms
[2025-12-28T23:33:10.331+0000][1833.920s][info][gc,phases   ] GC(160)   Post Evacuate Collection Set: 0.6ms
[2025-12-28T23:33:10.332+0000][1833.920s][info][gc,phases   ] GC(160)   Other: 0.8ms
[2025-12-28T23:33:10.332+0000][1833.920s][info][gc,heap     ] GC(160) Eden regions: 951->0(951)
[2025-12-28T23:33:10.332+0000][1833.920s][info][gc,heap     ] GC(160) Survivor regions: 1->1(119)
[2025-12-28T23:33:10.332+0000][1833.920s][info][gc,heap     ] GC(160) Old regions: 40->40
[2025-12-28T23:33:10.332+0000][1833.920s][info][gc,heap     ] GC(160) Archive regions: 2->2
[2025-12-28T23:33:10.332+0000][1833.920s][info][gc,heap     ] GC(160) Humongous regions: 39->39
[2025-12-28T23:33:10.332+0000][1833.920s][info][gc,metaspace] GC(160) Metaspace: 74775K(75584K)->74775K(75584K) NonClass: 64565K(64960K)->64565K(64960K) Class: 10209K(10624K)->10209K(10624K)
[2025-12-28T23:33:10.332+0000][1833.921s][info][gc          ] GC(160) Pause Young (Normal) (G1 Evacuation Pause) 1030M->79M(1588M) 6.411ms
[2025-12-28T23:33:10.333+0000][1833.921s][info][gc,cpu      ] GC(160) User=0.01s Sys=0.00s Real=0.01s
[2025-12-28T23:33:22.006+0000][1845.594s][info][gc,start    ] GC(161) Pause Young (Normal) (G1 Evacuation Pause)
[2025-12-28T23:33:22.007+0000][1845.595s][info][gc,task     ] GC(161) Using 8 workers of 8 for evacuation
[2025-12-28T23:33:22.010+0000][1845.598s][info][gc,phases   ] GC(161)   Pre Evacuate Collection Set: 0.3ms
[2025-12-28T23:33:22.010+0000][1845.598s][info][gc,phases   ] GC(161)   Merge Heap Roots: 0.2ms
[2025-12-28T23:33:22.010+0000][1845.598s][info][gc,phases   ] GC(161)   Evacuate Collection Set: 1.6ms
[2025-12-28T23:33:22.010+0000][1845.598s][info][gc,phases   ] GC(161)   Post Evacuate Collection Set: 0.9ms
[2025-12-28T23:33:22.010+0000][1845.598s][info][gc,phases   ] GC(161)   Other: 0.7ms
[2025-12-28T23:33:22.010+0000][1845.598s][info][gc,heap     ] GC(161) Eden regions: 951->0(951)
[2025-12-28T23:33:22.010+0000][1845.598s][info][gc,heap     ] GC(161) Survivor regions: 1->1(119)
[2025-12-28T23:33:22.010+0000][1845.598s][info][gc,heap     ] GC(161) Old regions: 40->40
[2025-12-28T23:33:22.010+0000][1845.599s][info][gc,heap     ] GC(161) Archive regions: 2->2
[2025-12-28T23:33:22.010+0000][1845.599s][info][gc,heap     ] GC(161) Humongous regions: 39->39
[2025-12-28T23:33:22.010+0000][1845.599s][info][gc,metaspace] GC(161) Metaspace: 74775K(75584K)->74775K(75584K) NonClass: 64565K(64960K)->64565K(64960K) Class: 10209K(10624K)->10209K(10624K)
[2025-12-28T23:33:22.011+0000][1845.599s][info][gc          ] GC(161) Pause Young (Normal) (G1 Evacuation Pause) 1030M->79M(1588M) 4.311ms
[2025-12-28T23:33:22.011+0000][1845.599s][info][gc,cpu      ] GC(161) User=0.01s Sys=0.00s Real=0.01s
[2025-12-28T23:33:34.171+0000][1857.759s][info][gc,start    ] GC(162) Pause Young (Normal) (G1 Evacuation Pause)
[2025-12-28T23:33:34.172+0000][1857.760s][info][gc,task     ] GC(162) Using 8 workers of 8 for evacuation
[2025-12-28T23:33:34.184+0000][1857.772s][info][gc,phases   ] GC(162)   Pre Evacuate Collection Set: 0.9ms
[2025-12-28T23:33:34.184+0000][1857.772s][info][gc,phases   ] GC(162)   Merge Heap Roots: 0.3ms
[2025-12-28T23:33:34.184+0000][1857.772s][info][gc,phases   ] GC(162)   Evacuate Collection Set: 7.7ms
[2025-12-28T23:33:34.184+0000][1857.772s][info][gc,phases   ] GC(162)   Post Evacuate Collection Set: 2.6ms
[2025-12-28T23:33:34.184+0000][1857.772s][info][gc,phases   ] GC(162)   Other: 1.2ms
[2025-12-28T23:33:34.184+0000][1857.772s][info][gc,heap     ] GC(162) Eden regions: 951->0(951)
[2025-12-28T23:33:34.184+0000][1857.772s][info][gc,heap     ] GC(162) Survivor regions: 1->1(119)
[2025-12-28T23:33:34.184+0000][1857.773s][info][gc,heap     ] GC(162) Old regions: 40->40
[2025-12-28T23:33:34.184+0000][1857.773s][info][gc,heap     ] GC(162) Archive regions: 2->2
[2025-12-28T23:33:34.184+0000][1857.773s][info][gc,heap     ] GC(162) Humongous regions: 39->39
[2025-12-28T23:33:34.185+0000][1857.773s][info][gc,metaspace] GC(162) Metaspace: 74787K(75648K)->74787K(75648K) NonClass: 64578K(65024K)->64578K(65024K) Class: 10209K(10624K)->10209K(10624K)
[2025-12-28T23:33:34.185+0000][1857.773s][info][gc          ] GC(162) Pause Young (Normal) (G1 Evacuation Pause) 1030M->79M(1588M) 13.549ms
[2025-12-28T23:33:34.185+0000][1857.773s][info][gc,cpu      ] GC(162) User=0.05s Sys=0.00s Real=0.01s
[2025-12-28T23:33:46.575+0000][1870.164s][info][gc,start    ] GC(163) Pause Young (Normal) (G1 Evacuation Pause)
[2025-12-28T23:33:46.576+0000][1870.164s][info][gc,task     ] GC(163) Using 8 workers of 8 for evacuation
[2025-12-28T23:33:46.578+0000][1870.166s][info][gc,phases   ] GC(163)   Pre Evacuate Collection Set: 0.2ms
[2025-12-28T23:33:46.578+0000][1870.166s][info][gc,phases   ] GC(163)   Merge Heap Roots: 0.2ms
[2025-12-28T23:33:46.578+0000][1870.166s][info][gc,phases   ] GC(163)   Evacuate Collection Set: 1.0ms
[2025-12-28T23:33:46.578+0000][1870.166s][info][gc,phases   ] GC(163)   Post Evacuate Collection Set: 0.5ms
[2025-12-28T23:33:46.578+0000][1870.166s][info][gc,phases   ] GC(163)   Other: 0.7ms
[2025-12-28T23:33:46.578+0000][1870.166s][info][gc,heap     ] GC(163) Eden regions: 951->0(951)
[2025-12-28T23:33:46.578+0000][1870.167s][info][gc,heap     ] GC(163) Survivor regions: 1->1(119)
[2025-12-28T23:33:46.578+0000][1870.167s][info][gc,heap     ] GC(163) Old regions: 40->40
[2025-12-28T23:33:46.578+0000][1870.167s][info][gc,heap     ] GC(163) Archive regions: 2->2
[2025-12-28T23:33:46.579+0000][1870.167s][info][gc,heap     ] GC(163) Humongous regions: 39->39
[2025-12-28T23:33:46.579+0000][1870.167s][info][gc,metaspace] GC(163) Metaspace: 74788K(75648K)->74788K(75648K) NonClass: 64578K(65024K)->64578K(65024K) Class: 10209K(10624K)->10209K(10624K)
[2025-12-28T23:33:46.579+0000][1870.167s][info][gc          ] GC(163) Pause Young (Normal) (G1 Evacuation Pause) 1030M->79M(1588M) 3.450ms
[2025-12-28T23:33:46.579+0000][1870.167s][info][gc,cpu      ] GC(163) User=0.01s Sys=0.00s Real=0.00s
[2025-12-28T23:33:58.652+0000][1882.240s][info][gc,start    ] GC(164) Pause Young (Normal) (G1 Evacuation Pause)
[2025-12-28T23:33:58.653+0000][1882.241s][info][gc,task     ] GC(164) Using 8 workers of 8 for evacuation
[2025-12-28T23:33:58.659+0000][1882.247s][info][gc,phases   ] GC(164)   Pre Evacuate Collection Set: 0.6ms
[2025-12-28T23:33:58.659+0000][1882.247s][info][gc,phases   ] GC(164)   Merge Heap Roots: 0.2ms
[2025-12-28T23:33:58.659+0000][1882.247s][info][gc,phases   ] GC(164)   Evacuate Collection Set: 3.1ms
[2025-12-28T23:33:58.659+0000][1882.247s][info][gc,phases   ] GC(164)   Post Evacuate Collection Set: 1.4ms
[2025-12-28T23:33:58.659+0000][1882.247s][info][gc,phases   ] GC(164)   Other: 1.4ms
[2025-12-28T23:33:58.659+0000][1882.248s][info][gc,heap     ] GC(164) Eden regions: 951->0(951)
[2025-12-28T23:33:58.659+0000][1882.248s][info][gc,heap     ] GC(164) Survivor regions: 1->1(119)
[2025-12-28T23:33:58.659+0000][1882.248s][info][gc,heap     ] GC(164) Old regions: 40->40
[2025-12-28T23:33:58.660+0000][1882.248s][info][gc,heap     ] GC(164) Archive regions: 2->2
[2025-12-28T23:33:58.660+0000][1882.248s][info][gc,heap     ] GC(164) Humongous regions: 39->39
[2025-12-28T23:33:58.660+0000][1882.248s][info][gc,metaspace] GC(164) Metaspace: 74790K(75648K)->74790K(75648K) NonClass: 64581K(65024K)->64581K(65024K) Class: 10209K(10624K)->10209K(10624K)
[2025-12-28T23:33:58.660+0000][1882.248s][info][gc          ] GC(164) Pause Young (Normal) (G1 Evacuation Pause) 1030M->79M(1588M) 7.555ms
[2025-12-28T23:33:58.660+0000][1882.248s][info][gc,cpu      ] GC(164) User=0.03s Sys=0.00s Real=0.00s
[2025-12-28T23:34:11.680+0000][1895.268s][info][gc,start    ] GC(165) Pause Young (Normal) (G1 Evacuation Pause)
[2025-12-28T23:34:11.685+0000][1895.273s][info][gc,task     ] GC(165) Using 8 workers of 8 for evacuation
[2025-12-28T23:34:11.696+0000][1895.284s][info][gc,phases   ] GC(165)   Pre Evacuate Collection Set: 1.4ms
[2025-12-28T23:34:11.696+0000][1895.285s][info][gc,phases   ] GC(165)   Merge Heap Roots: 0.5ms
[2025-12-28T23:34:11.697+0000][1895.285s][info][gc,phases   ] GC(165)   Evacuate Collection Set: 6.9ms
[2025-12-28T23:34:11.697+0000][1895.285s][info][gc,phases   ] GC(165)   Post Evacuate Collection Set: 1.4ms
[2025-12-28T23:34:11.697+0000][1895.285s][info][gc,phases   ] GC(165)   Other: 6.2ms
[2025-12-28T23:34:11.697+0000][1895.285s][info][gc,heap     ] GC(165) Eden regions: 951->0(951)
[2025-12-28T23:34:11.697+0000][1895.285s][info][gc,heap     ] GC(165) Survivor regions: 1->1(119)
[2025-12-28T23:34:11.697+0000][1895.285s][info][gc,heap     ] GC(165) Old regions: 40->40
[2025-12-28T23:34:11.697+0000][1895.285s][info][gc,heap     ] GC(165) Archive regions: 2->2
[2025-12-28T23:34:11.697+0000][1895.285s][info][gc,heap     ] GC(165) Humongous regions: 39->39
[2025-12-28T23:34:11.697+0000][1895.285s][info][gc,metaspace] GC(165) Metaspace: 74793K(75648K)->74793K(75648K) NonClass: 64583K(65024K)->64583K(65024K) Class: 10209K(10624K)->10209K(10624K)
[2025-12-28T23:34:11.697+0000][1895.285s][info][gc          ] GC(165) Pause Young (Normal) (G1 Evacuation Pause) 1030M->79M(1588M) 17.275ms
[2025-12-28T23:34:11.697+0000][1895.285s][info][gc,cpu      ] GC(165) User=0.04s Sys=0.00s Real=0.02s
[2025-12-28T23:34:25.458+0000][1909.046s][info][gc,start    ] GC(166) Pause Young (Normal) (G1 Evacuation Pause)
[2025-12-28T23:34:25.459+0000][1909.047s][info][gc,task     ] GC(166) Using 8 workers of 8 for evacuation
[2025-12-28T23:34:25.470+0000][1909.058s][info][gc,phases   ] GC(166)   Pre Evacuate Collection Set: 1.4ms
[2025-12-28T23:34:25.470+0000][1909.059s][info][gc,phases   ] GC(166)   Merge Heap Roots: 0.7ms
[2025-12-28T23:34:25.470+0000][1909.059s][info][gc,phases   ] GC(166)   Evacuate Collection Set: 5.9ms
[2025-12-28T23:34:25.470+0000][1909.059s][info][gc,phases   ] GC(166)   Post Evacuate Collection Set: 2.6ms
[2025-12-28T23:34:25.471+0000][1909.059s][info][gc,phases   ] GC(166)   Other: 2.2ms
[2025-12-28T23:34:25.471+0000][1909.059s][info][gc,heap     ] GC(166) Eden regions: 951->0(951)
[2025-12-28T23:34:25.471+0000][1909.059s][info][gc,heap     ] GC(166) Survivor regions: 1->1(119)
[2025-12-28T23:34:25.471+0000][1909.059s][info][gc,heap     ] GC(166) Old regions: 40->40
[2025-12-28T23:34:25.471+0000][1909.059s][info][gc,heap     ] GC(166) Archive regions: 2->2
[2025-12-28T23:34:25.471+0000][1909.059s][info][gc,heap     ] GC(166) Humongous regions: 39->39
[2025-12-28T23:34:25.471+0000][1909.059s][info][gc,metaspace] GC(166) Metaspace: 74813K(75648K)->74813K(75648K) NonClass: 64603K(65024K)->64603K(65024K) Class: 10209K(10624K)->10209K(10624K)
[2025-12-28T23:34:25.471+0000][1909.059s][info][gc          ] GC(166) Pause Young (Normal) (G1 Evacuation Pause) 1030M->79M(1588M) 13.319ms
[2025-12-28T23:34:25.471+0000][1909.059s][info][gc,cpu      ] GC(166) User=0.06s Sys=0.00s Real=0.02s
[2025-12-28T23:34:37.136+0000][1920.724s][info][gc,start    ] GC(167) Pause Young (Normal) (G1 Evacuation Pause)
[2025-12-28T23:34:37.137+0000][1920.725s][info][gc,task     ] GC(167) Using 8 workers of 8 for evacuation
[2025-12-28T23:34:37.139+0000][1920.727s][info][gc,phases   ] GC(167)   Pre Evacuate Collection Set: 0.2ms
[2025-12-28T23:34:37.139+0000][1920.728s][info][gc,phases   ] GC(167)   Merge Heap Roots: 0.2ms
[2025-12-28T23:34:37.139+0000][1920.728s][info][gc,phases   ] GC(167)   Evacuate Collection Set: 1.3ms
[2025-12-28T23:34:37.140+0000][1920.728s][info][gc,phases   ] GC(167)   Post Evacuate Collection Set: 0.7ms
[2025-12-28T23:34:37.140+0000][1920.728s][info][gc,phases   ] GC(167)   Other: 0.6ms
[2025-12-28T23:34:37.140+0000][1920.728s][info][gc,heap     ] GC(167) Eden regions: 951->0(951)
[2025-12-28T23:34:37.140+0000][1920.728s][info][gc,heap     ] GC(167) Survivor regions: 1->1(119)
[2025-12-28T23:34:37.140+0000][1920.728s][info][gc,heap     ] GC(167) Old regions: 40->40
[2025-12-28T23:34:37.140+0000][1920.728s][info][gc,heap     ] GC(167) Archive regions: 2->2
[2025-12-28T23:34:37.140+0000][1920.728s][info][gc,heap     ] GC(167) Humongous regions: 39->39
[2025-12-28T23:34:37.140+0000][1920.728s][info][gc,metaspace] GC(167) Metaspace: 74832K(75648K)->74832K(75648K) NonClass: 64623K(65024K)->64623K(65024K) Class: 10209K(10624K)->10209K(10624K)
[2025-12-28T23:34:37.140+0000][1920.728s][info][gc          ] GC(167) Pause Young (Normal) (G1 Evacuation Pause) 1030M->79M(1588M) 3.863ms
[2025-12-28T23:34:37.140+0000][1920.728s][info][gc,cpu      ] GC(167) User=0.01s Sys=0.00s Real=0.01s
[2025-12-28T23:34:48.758+0000][1932.346s][info][gc,start    ] GC(168) Pause Young (Normal) (G1 Evacuation Pause)
[2025-12-28T23:34:48.759+0000][1932.347s][info][gc,task     ] GC(168) Using 8 workers of 8 for evacuation
[2025-12-28T23:34:48.761+0000][1932.350s][info][gc,phases   ] GC(168)   Pre Evacuate Collection Set: 0.2ms
[2025-12-28T23:34:48.762+0000][1932.350s][info][gc,phases   ] GC(168)   Merge Heap Roots: 0.1ms
[2025-12-28T23:34:48.762+0000][1932.350s][info][gc,phases   ] GC(168)   Evacuate Collection Set: 1.2ms
[2025-12-28T23:34:48.762+0000][1932.350s][info][gc,phases   ] GC(168)   Post Evacuate Collection Set: 0.6ms
[2025-12-28T23:34:48.762+0000][1932.350s][info][gc,phases   ] GC(168)   Other: 1.3ms
[2025-12-28T23:34:48.762+0000][1932.350s][info][gc,heap     ] GC(168) Eden regions: 951->0(951)
[2025-12-28T23:34:48.762+0000][1932.350s][info][gc,heap     ] GC(168) Survivor regions: 1->1(119)
[2025-12-28T23:34:48.762+0000][1932.350s][info][gc,heap     ] GC(168) Old regions: 40->40
[2025-12-28T23:34:48.762+0000][1932.351s][info][gc,heap     ] GC(168) Archive regions: 2->2
[2025-12-28T23:34:48.762+0000][1932.351s][info][gc,heap     ] GC(168) Humongous regions: 39->39
[2025-12-28T23:34:48.763+0000][1932.351s][info][gc,metaspace] GC(168) Metaspace: 74840K(75648K)->74840K(75648K) NonClass: 64631K(65024K)->64631K(65024K) Class: 10209K(10624K)->10209K(10624K)
[2025-12-28T23:34:48.763+0000][1932.351s][info][gc          ] GC(168) Pause Young (Normal) (G1 Evacuation Pause) 1030M->79M(1588M) 4.693ms
[2025-12-28T23:34:48.763+0000][1932.351s][info][gc,cpu      ] GC(168) User=0.01s Sys=0.00s Real=0.01s
[2025-12-28T23:35:00.194+0000][1943.783s][info][gc,start    ] GC(169) Pause Young (Normal) (G1 Evacuation Pause)
[2025-12-28T23:35:00.195+0000][1943.784s][info][gc,task     ] GC(169) Using 8 workers of 8 for evacuation
[2025-12-28T23:35:00.205+0000][1943.793s][info][gc,phases   ] GC(169)   Pre Evacuate Collection Set: 0.7ms
[2025-12-28T23:35:00.205+0000][1943.793s][info][gc,phases   ] GC(169)   Merge Heap Roots: 0.7ms
[2025-12-28T23:35:00.205+0000][1943.793s][info][gc,phases   ] GC(169)   Evacuate Collection Set: 5.2ms
[2025-12-28T23:35:00.205+0000][1943.793s][info][gc,phases   ] GC(169)   Post Evacuate Collection Set: 2.3ms
[2025-12-28T23:35:00.205+0000][1943.793s][info][gc,phases   ] GC(169)   Other: 1.5ms
[2025-12-28T23:35:00.205+0000][1943.793s][info][gc,heap     ] GC(169) Eden regions: 951->0(951)
[2025-12-28T23:35:00.205+0000][1943.793s][info][gc,heap     ] GC(169) Survivor regions: 1->1(119)
[2025-12-28T23:35:00.205+0000][1943.794s][info][gc,heap     ] GC(169) Old regions: 40->40
[2025-12-28T23:35:00.205+0000][1943.794s][info][gc,heap     ] GC(169) Archive regions: 2->2
[2025-12-28T23:35:00.206+0000][1943.794s][info][gc,heap     ] GC(169) Humongous regions: 39->39
[2025-12-28T23:35:00.206+0000][1943.794s][info][gc,metaspace] GC(169) Metaspace: 74840K(75648K)->74840K(75648K) NonClass: 64631K(65024K)->64631K(65024K) Class: 10209K(10624K)->10209K(10624K)
[2025-12-28T23:35:00.206+0000][1943.794s][info][gc          ] GC(169) Pause Young (Normal) (G1 Evacuation Pause) 1030M->79M(1588M) 11.423ms
[2025-12-28T23:35:00.206+0000][1943.794s][info][gc,cpu      ] GC(169) User=0.05s Sys=0.00s Real=0.01s
[2025-12-28T23:35:11.751+0000][1955.339s][info][gc,start    ] GC(170) Pause Young (Normal) (G1 Evacuation Pause)
[2025-12-28T23:35:11.751+0000][1955.339s][info][gc,task     ] GC(170) Using 8 workers of 8 for evacuation
[2025-12-28T23:35:11.753+0000][1955.342s][info][gc,phases   ] GC(170)   Pre Evacuate Collection Set: 0.3ms
[2025-12-28T23:35:11.753+0000][1955.342s][info][gc,phases   ] GC(170)   Merge Heap Roots: 0.2ms
[2025-12-28T23:35:11.754+0000][1955.342s][info][gc,phases   ] GC(170)   Evacuate Collection Set: 1.2ms
[2025-12-28T23:35:11.754+0000][1955.342s][info][gc,phases   ] GC(170)   Post Evacuate Collection Set: 0.6ms
[2025-12-28T23:35:11.754+0000][1955.342s][info][gc,phases   ] GC(170)   Other: 0.6ms
[2025-12-28T23:35:11.754+0000][1955.342s][info][gc,heap     ] GC(170) Eden regions: 951->0(951)
[2025-12-28T23:35:11.754+0000][1955.342s][info][gc,heap     ] GC(170) Survivor regions: 1->1(119)
[2025-12-28T23:35:11.754+0000][1955.342s][info][gc,heap     ] GC(170) Old regions: 40->40
[2025-12-28T23:35:11.754+0000][1955.342s][info][gc,heap     ] GC(170) Archive regions: 2->2
[2025-12-28T23:35:11.754+0000][1955.342s][info][gc,heap     ] GC(170) Humongous regions: 39->39
[2025-12-28T23:35:11.754+0000][1955.342s][info][gc,metaspace] GC(170) Metaspace: 74840K(75648K)->74840K(75648K) NonClass: 64631K(65024K)->64631K(65024K) Class: 10209K(10624K)->10209K(10624K)
[2025-12-28T23:35:11.754+0000][1955.342s][info][gc          ] GC(170) Pause Young (Normal) (G1 Evacuation Pause) 1030M->79M(1588M) 3.445ms
[2025-12-28T23:35:11.754+0000][1955.342s][info][gc,cpu      ] GC(170) User=0.01s Sys=0.00s Real=0.00s
[2025-12-28T23:35:24.415+0000][1968.004s][info][gc,start    ] GC(171) Pause Young (Normal) (G1 Evacuation Pause)
[2025-12-28T23:35:24.416+0000][1968.004s][info][gc,task     ] GC(171) Using 8 workers of 8 for evacuation
[2025-12-28T23:35:24.421+0000][1968.009s][info][gc,phases   ] GC(171)   Pre Evacuate Collection Set: 0.6ms
[2025-12-28T23:35:24.421+0000][1968.009s][info][gc,phases   ] GC(171)   Merge Heap Roots: 0.2ms
[2025-12-28T23:35:24.421+0000][1968.009s][info][gc,phases   ] GC(171)   Evacuate Collection Set: 1.7ms
[2025-12-28T23:35:24.421+0000][1968.009s][info][gc,phases   ] GC(171)   Post Evacuate Collection Set: 1.8ms
[2025-12-28T23:35:24.421+0000][1968.009s][info][gc,phases   ] GC(171)   Other: 0.9ms
[2025-12-28T23:35:24.421+0000][1968.009s][info][gc,heap     ] GC(171) Eden regions: 951->0(951)
[2025-12-28T23:35:24.421+0000][1968.009s][info][gc,heap     ] GC(171) Survivor regions: 1->1(119)
[2025-12-28T23:35:24.421+0000][1968.010s][info][gc,heap     ] GC(171) Old regions: 40->40
[2025-12-28T23:35:24.421+0000][1968.010s][info][gc,heap     ] GC(171) Archive regions: 2->2
[2025-12-28T23:35:24.421+0000][1968.010s][info][gc,heap     ] GC(171) Humongous regions: 39->39
[2025-12-28T23:35:24.422+0000][1968.010s][info][gc,metaspace] GC(171) Metaspace: 74923K(75712K)->74923K(75712K) NonClass: 64714K(65088K)->64714K(65088K) Class: 10209K(10624K)->10209K(10624K)
[2025-12-28T23:35:24.422+0000][1968.010s][info][gc          ] GC(171) Pause Young (Normal) (G1 Evacuation Pause) 1030M->79M(1588M) 6.188ms
[2025-12-28T23:35:24.422+0000][1968.010s][info][gc,cpu      ] GC(171) User=0.03s Sys=0.00s Real=0.01s
[2025-12-28T23:35:35.844+0000][1979.432s][info][gc,start    ] GC(172) Pause Young (Normal) (G1 Evacuation Pause)
[2025-12-28T23:35:35.845+0000][1979.433s][info][gc,task     ] GC(172) Using 8 workers of 8 for evacuation
[2025-12-28T23:35:35.847+0000][1979.435s][info][gc,phases   ] GC(172)   Pre Evacuate Collection Set: 0.3ms
[2025-12-28T23:35:35.847+0000][1979.435s][info][gc,phases   ] GC(172)   Merge Heap Roots: 0.2ms
[2025-12-28T23:35:35.847+0000][1979.436s][info][gc,phases   ] GC(172)   Evacuate Collection Set: 1.2ms
[2025-12-28T23:35:35.848+0000][1979.436s][info][gc,phases   ] GC(172)   Post Evacuate Collection Set: 0.6ms
[2025-12-28T23:35:35.848+0000][1979.436s][info][gc,phases   ] GC(172)   Other: 1.3ms
[2025-12-28T23:35:35.848+0000][1979.436s][info][gc,heap     ] GC(172) Eden regions: 951->0(951)
[2025-12-28T23:35:35.848+0000][1979.436s][info][gc,heap     ] GC(172) Survivor regions: 1->1(119)
[2025-12-28T23:35:35.848+0000][1979.436s][info][gc,heap     ] GC(172) Old regions: 40->40
[2025-12-28T23:35:35.848+0000][1979.436s][info][gc,heap     ] GC(172) Archive regions: 2->2
[2025-12-28T23:35:35.848+0000][1979.436s][info][gc,heap     ] GC(172) Humongous regions: 39->39
[2025-12-28T23:35:35.848+0000][1979.437s][info][gc,metaspace] GC(172) Metaspace: 74923K(75712K)->74923K(75712K) NonClass: 64714K(65088K)->64714K(65088K) Class: 10209K(10624K)->10209K(10624K)
[2025-12-28T23:35:35.848+0000][1979.437s][info][gc          ] GC(172) Pause Young (Normal) (G1 Evacuation Pause) 1030M->79M(1588M) 4.917ms
[2025-12-28T23:35:35.849+0000][1979.437s][info][gc,cpu      ] GC(172) User=0.01s Sys=0.00s Real=0.00s
[2025-12-28T23:35:47.547+0000][1991.135s][info][gc,start    ] GC(173) Pause Young (Normal) (G1 Evacuation Pause)
[2025-12-28T23:35:47.548+0000][1991.136s][info][gc,task     ] GC(173) Using 8 workers of 8 for evacuation
[2025-12-28T23:35:47.552+0000][1991.140s][info][gc,phases   ] GC(173)   Pre Evacuate Collection Set: 0.4ms
[2025-12-28T23:35:47.552+0000][1991.140s][info][gc,phases   ] GC(173)   Merge Heap Roots: 0.3ms
[2025-12-28T23:35:47.552+0000][1991.140s][info][gc,phases   ] GC(173)   Evacuate Collection Set: 1.7ms
[2025-12-28T23:35:47.552+0000][1991.140s][info][gc,phases   ] GC(173)   Post Evacuate Collection Set: 1.1ms
[2025-12-28T23:35:47.552+0000][1991.141s][info][gc,phases   ] GC(173)   Other: 1.4ms
[2025-12-28T23:35:47.553+0000][1991.141s][info][gc,heap     ] GC(173) Eden regions: 951->0(951)
[2025-12-28T23:35:47.553+0000][1991.141s][info][gc,heap     ] GC(173) Survivor regions: 1->1(119)
[2025-12-28T23:35:47.553+0000][1991.141s][info][gc,heap     ] GC(173) Old regions: 40->40
[2025-12-28T23:35:47.553+0000][1991.141s][info][gc,heap     ] GC(173) Archive regions: 2->2
[2025-12-28T23:35:47.553+0000][1991.141s][info][gc,heap     ] GC(173) Humongous regions: 39->39
[2025-12-28T23:35:47.553+0000][1991.142s][info][gc,metaspace] GC(173) Metaspace: 74924K(75712K)->74924K(75712K) NonClass: 64714K(65088K)->64714K(65088K) Class: 10209K(10624K)->10209K(10624K)
[2025-12-28T23:35:47.554+0000][1991.142s][info][gc          ] GC(173) Pause Young (Normal) (G1 Evacuation Pause) 1030M->79M(1588M) 6.640ms
[2025-12-28T23:35:47.554+0000][1991.142s][info][gc,cpu      ] GC(173) User=0.02s Sys=0.00s Real=0.01s
[2025-12-28T23:35:59.526+0000][2003.114s][info][gc,start    ] GC(174) Pause Young (Normal) (G1 Evacuation Pause)
[2025-12-28T23:35:59.528+0000][2003.116s][info][gc,task     ] GC(174) Using 8 workers of 8 for evacuation
[2025-12-28T23:35:59.534+0000][2003.122s][info][gc,phases   ] GC(174)   Pre Evacuate Collection Set: 0.6ms
[2025-12-28T23:35:59.534+0000][2003.122s][info][gc,phases   ] GC(174)   Merge Heap Roots: 0.5ms
[2025-12-28T23:35:59.534+0000][2003.122s][info][gc,phases   ] GC(174)   Evacuate Collection Set: 2.8ms
[2025-12-28T23:35:59.534+0000][2003.122s][info][gc,phases   ] GC(174)   Post Evacuate Collection Set: 1.3ms
[2025-12-28T23:35:59.534+0000][2003.122s][info][gc,phases   ] GC(174)   Other: 2.5ms
[2025-12-28T23:35:59.534+0000][2003.123s][info][gc,heap     ] GC(174) Eden regions: 951->0(951)
[2025-12-28T23:35:59.534+0000][2003.123s][info][gc,heap     ] GC(174) Survivor regions: 1->1(119)
[2025-12-28T23:35:59.535+0000][2003.123s][info][gc,heap     ] GC(174) Old regions: 40->40
[2025-12-28T23:35:59.535+0000][2003.123s][info][gc,heap     ] GC(174) Archive regions: 2->2
[2025-12-28T23:35:59.535+0000][2003.123s][info][gc,heap     ] GC(174) Humongous regions: 39->39
[2025-12-28T23:35:59.535+0000][2003.123s][info][gc,metaspace] GC(174) Metaspace: 74924K(75712K)->74924K(75712K) NonClass: 64714K(65088K)->64714K(65088K) Class: 10209K(10624K)->10209K(10624K)
[2025-12-28T23:35:59.535+0000][2003.123s][info][gc          ] GC(174) Pause Young (Normal) (G1 Evacuation Pause) 1030M->79M(1588M) 9.124ms
[2025-12-28T23:35:59.535+0000][2003.124s][info][gc,cpu      ] GC(174) User=0.03s Sys=0.00s Real=0.01s
[2025-12-28T23:36:11.514+0000][2015.102s][info][gc,start    ] GC(175) Pause Young (Normal) (G1 Evacuation Pause)
[2025-12-28T23:36:11.515+0000][2015.103s][info][gc,task     ] GC(175) Using 8 workers of 8 for evacuation
[2025-12-28T23:36:11.517+0000][2015.105s][info][gc,phases   ] GC(175)   Pre Evacuate Collection Set: 0.3ms
[2025-12-28T23:36:11.517+0000][2015.105s][info][gc,phases   ] GC(175)   Merge Heap Roots: 0.2ms
[2025-12-28T23:36:11.517+0000][2015.105s][info][gc,phases   ] GC(175)   Evacuate Collection Set: 1.1ms
[2025-12-28T23:36:11.517+0000][2015.106s][info][gc,phases   ] GC(175)   Post Evacuate Collection Set: 0.6ms
[2025-12-28T23:36:11.517+0000][2015.106s][info][gc,phases   ] GC(175)   Other: 1.3ms
[2025-12-28T23:36:11.518+0000][2015.106s][info][gc,heap     ] GC(175) Eden regions: 951->0(951)
[2025-12-28T23:36:11.518+0000][2015.106s][info][gc,heap     ] GC(175) Survivor regions: 1->1(119)
[2025-12-28T23:36:11.518+0000][2015.106s][info][gc,heap     ] GC(175) Old regions: 40->40
[2025-12-28T23:36:11.518+0000][2015.106s][info][gc,heap     ] GC(175) Archive regions: 2->2
[2025-12-28T23:36:11.518+0000][2015.106s][info][gc,heap     ] GC(175) Humongous regions: 39->39
[2025-12-28T23:36:11.518+0000][2015.106s][info][gc,metaspace] GC(175) Metaspace: 74925K(75712K)->74925K(75712K) NonClass: 64715K(65088K)->64715K(65088K) Class: 10209K(10624K)->10209K(10624K)
[2025-12-28T23:36:11.518+0000][2015.106s][info][gc          ] GC(175) Pause Young (Normal) (G1 Evacuation Pause) 1030M->79M(1588M) 4.285ms
[2025-12-28T23:36:11.518+0000][2015.106s][info][gc,cpu      ] GC(175) User=0.01s Sys=0.00s Real=0.00s
[2025-12-28T23:36:24.847+0000][2028.435s][info][gc,start    ] GC(176) Pause Young (Normal) (G1 Evacuation Pause)
[2025-12-28T23:36:24.848+0000][2028.436s][info][gc,task     ] GC(176) Using 8 workers of 8 for evacuation
[2025-12-28T23:36:24.850+0000][2028.438s][info][gc,phases   ] GC(176)   Pre Evacuate Collection Set: 0.3ms
[2025-12-28T23:36:24.850+0000][2028.438s][info][gc,phases   ] GC(176)   Merge Heap Roots: 0.2ms
[2025-12-28T23:36:24.850+0000][2028.439s][info][gc,phases   ] GC(176)   Evacuate Collection Set: 1.0ms
[2025-12-28T23:36:24.850+0000][2028.439s][info][gc,phases   ] GC(176)   Post Evacuate Collection Set: 0.7ms
[2025-12-28T23:36:24.851+0000][2028.439s][info][gc,phases   ] GC(176)   Other: 1.2ms
[2025-12-28T23:36:24.851+0000][2028.439s][info][gc,heap     ] GC(176) Eden regions: 951->0(951)
[2025-12-28T23:36:24.851+0000][2028.439s][info][gc,heap     ] GC(176) Survivor regions: 1->1(119)
[2025-12-28T23:36:24.851+0000][2028.439s][info][gc,heap     ] GC(176) Old regions: 40->40
[2025-12-28T23:36:24.851+0000][2028.439s][info][gc,heap     ] GC(176) Archive regions: 2->2
[2025-12-28T23:36:24.851+0000][2028.439s][info][gc,heap     ] GC(176) Humongous regions: 39->39
[2025-12-28T23:36:24.851+0000][2028.439s][info][gc,metaspace] GC(176) Metaspace: 74945K(75776K)->74945K(75776K) NonClass: 64735K(65152K)->64735K(65152K) Class: 10209K(10624K)->10209K(10624K)
[2025-12-28T23:36:24.851+0000][2028.439s][info][gc          ] GC(176) Pause Young (Normal) (G1 Evacuation Pause) 1030M->79M(1588M) 4.224ms
[2025-12-28T23:36:24.851+0000][2028.439s][info][gc,cpu      ] GC(176) User=0.00s Sys=0.00s Real=0.01s
[2025-12-28T23:36:36.953+0000][2040.541s][info][gc,start    ] GC(177) Pause Young (Normal) (G1 Evacuation Pause)
[2025-12-28T23:36:36.954+0000][2040.542s][info][gc,task     ] GC(177) Using 8 workers of 8 for evacuation
[2025-12-28T23:36:36.957+0000][2040.545s][info][gc,phases   ] GC(177)   Pre Evacuate Collection Set: 0.3ms
[2025-12-28T23:36:36.957+0000][2040.546s][info][gc,phases   ] GC(177)   Merge Heap Roots: 0.3ms
[2025-12-28T23:36:36.958+0000][2040.546s][info][gc,phases   ] GC(177)   Evacuate Collection Set: 1.4ms
[2025-12-28T23:36:36.958+0000][2040.546s][info][gc,phases   ] GC(177)   Post Evacuate Collection Set: 0.8ms
[2025-12-28T23:36:36.958+0000][2040.546s][info][gc,phases   ] GC(177)   Other: 1.7ms
[2025-12-28T23:36:36.958+0000][2040.546s][info][gc,heap     ] GC(177) Eden regions: 951->0(951)
[2025-12-28T23:36:36.958+0000][2040.546s][info][gc,heap     ] GC(177) Survivor regions: 1->1(119)
[2025-12-28T23:36:36.958+0000][2040.546s][info][gc,heap     ] GC(177) Old regions: 40->40
[2025-12-28T23:36:36.958+0000][2040.547s][info][gc,heap     ] GC(177) Archive regions: 2->2
[2025-12-28T23:36:36.959+0000][2040.547s][info][gc,heap     ] GC(177) Humongous regions: 39->39
[2025-12-28T23:36:36.959+0000][2040.547s][info][gc,metaspace] GC(177) Metaspace: 74962K(75776K)->74962K(75776K) NonClass: 64753K(65152K)->64753K(65152K) Class: 10209K(10624K)->10209K(10624K)
[2025-12-28T23:36:36.959+0000][2040.547s][info][gc          ] GC(177) Pause Young (Normal) (G1 Evacuation Pause) 1030M->79M(1588M) 5.971ms
[2025-12-28T23:36:36.959+0000][2040.547s][info][gc,cpu      ] GC(177) User=0.02s Sys=0.00s Real=0.00s
[2025-12-28T23:36:48.875+0000][2052.463s][info][gc,start    ] GC(178) Pause Young (Normal) (G1 Evacuation Pause)
[2025-12-28T23:36:48.877+0000][2052.465s][info][gc,task     ] GC(178) Using 8 workers of 8 for evacuation
[2025-12-28T23:36:48.880+0000][2052.468s][info][gc,phases   ] GC(178)   Pre Evacuate Collection Set: 0.4ms
[2025-12-28T23:36:48.880+0000][2052.468s][info][gc,phases   ] GC(178)   Merge Heap Roots: 0.3ms
[2025-12-28T23:36:48.880+0000][2052.468s][info][gc,phases   ] GC(178)   Evacuate Collection Set: 1.6ms
[2025-12-28T23:36:48.880+0000][2052.469s][info][gc,phases   ] GC(178)   Post Evacuate Collection Set: 0.8ms
[2025-12-28T23:36:48.881+0000][2052.469s][info][gc,phases   ] GC(178)   Other: 1.8ms
[2025-12-28T23:36:48.881+0000][2052.469s][info][gc,heap     ] GC(178) Eden regions: 951->0(951)
[2025-12-28T23:36:48.881+0000][2052.469s][info][gc,heap     ] GC(178) Survivor regions: 1->1(119)
[2025-12-28T23:36:48.881+0000][2052.469s][info][gc,heap     ] GC(178) Old regions: 40->40
[2025-12-28T23:36:48.881+0000][2052.469s][info][gc,heap     ] GC(178) Archive regions: 2->2
[2025-12-28T23:36:48.881+0000][2052.469s][info][gc,heap     ] GC(178) Humongous regions: 39->39
[2025-12-28T23:36:48.881+0000][2052.470s][info][gc,metaspace] GC(178) Metaspace: 74968K(75776K)->74968K(75776K) NonClass: 64759K(65152K)->64759K(65152K) Class: 10209K(10624K)->10209K(10624K)
[2025-12-28T23:36:48.882+0000][2052.470s][info][gc          ] GC(178) Pause Young (Normal) (G1 Evacuation Pause) 1030M->80M(1588M) 6.287ms
[2025-12-28T23:36:48.882+0000][2052.470s][info][gc,cpu      ] GC(178) User=0.02s Sys=0.00s Real=0.01s
[2025-12-28T23:37:01.500+0000][2065.088s][info][gc,start    ] GC(179) Pause Young (Normal) (G1 Evacuation Pause)
[2025-12-28T23:37:01.501+0000][2065.090s][info][gc,task     ] GC(179) Using 8 workers of 8 for evacuation
[2025-12-28T23:37:01.505+0000][2065.093s][info][gc,phases   ] GC(179)   Pre Evacuate Collection Set: 0.4ms
[2025-12-28T23:37:01.505+0000][2065.094s][info][gc,phases   ] GC(179)   Merge Heap Roots: 0.3ms
[2025-12-28T23:37:01.506+0000][2065.094s][info][gc,phases   ] GC(179)   Evacuate Collection Set: 1.9ms
[2025-12-28T23:37:01.506+0000][2065.094s][info][gc,phases   ] GC(179)   Post Evacuate Collection Set: 0.9ms
[2025-12-28T23:37:01.506+0000][2065.094s][info][gc,phases   ] GC(179)   Other: 1.9ms
[2025-12-28T23:37:01.506+0000][2065.094s][info][gc,heap     ] GC(179) Eden regions: 951->0(951)
[2025-12-28T23:37:01.506+0000][2065.094s][info][gc,heap     ] GC(179) Survivor regions: 1->1(119)
[2025-12-28T23:37:01.506+0000][2065.094s][info][gc,heap     ] GC(179) Old regions: 40->40
[2025-12-28T23:37:01.506+0000][2065.094s][info][gc,heap     ] GC(179) Archive regions: 2->2
[2025-12-28T23:37:01.506+0000][2065.094s][info][gc,heap     ] GC(179) Humongous regions: 39->39
[2025-12-28T23:37:01.506+0000][2065.095s][info][gc,metaspace] GC(179) Metaspace: 74968K(75776K)->74968K(75776K) NonClass: 64759K(65152K)->64759K(65152K) Class: 10209K(10624K)->10209K(10624K)
[2025-12-28T23:37:01.507+0000][2065.095s][info][gc          ] GC(179) Pause Young (Normal) (G1 Evacuation Pause) 1031M->80M(1588M) 6.586ms
[2025-12-28T23:37:01.507+0000][2065.095s][info][gc,cpu      ] GC(179) User=0.02s Sys=0.00s Real=0.01s
[2025-12-28T23:37:14.234+0000][2077.822s][info][gc,start    ] GC(180) Pause Young (Normal) (G1 Evacuation Pause)
[2025-12-28T23:37:14.234+0000][2077.822s][info][gc,task     ] GC(180) Using 8 workers of 8 for evacuation
[2025-12-28T23:37:14.238+0000][2077.826s][info][gc,phases   ] GC(180)   Pre Evacuate Collection Set: 0.4ms
[2025-12-28T23:37:14.238+0000][2077.826s][info][gc,phases   ] GC(180)   Merge Heap Roots: 0.3ms
[2025-12-28T23:37:14.238+0000][2077.826s][info][gc,phases   ] GC(180)   Evacuate Collection Set: 1.5ms
[2025-12-28T23:37:14.238+0000][2077.826s][info][gc,phases   ] GC(180)   Post Evacuate Collection Set: 0.8ms
[2025-12-28T23:37:14.238+0000][2077.827s][info][gc,phases   ] GC(180)   Other: 1.0ms
[2025-12-28T23:37:14.239+0000][2077.827s][info][gc,heap     ] GC(180) Eden regions: 951->0(951)
[2025-12-28T23:37:14.239+0000][2077.827s][info][gc,heap     ] GC(180) Survivor regions: 1->1(119)
[2025-12-28T23:37:14.239+0000][2077.827s][info][gc,heap     ] GC(180) Old regions: 40->40
[2025-12-28T23:37:14.239+0000][2077.827s][info][gc,heap     ] GC(180) Archive regions: 2->2
[2025-12-28T23:37:14.239+0000][2077.827s][info][gc,heap     ] GC(180) Humongous regions: 39->39
[2025-12-28T23:37:14.239+0000][2077.827s][info][gc,metaspace] GC(180) Metaspace: 74970K(75776K)->74970K(75776K) NonClass: 64760K(65152K)->64760K(65152K) Class: 10209K(10624K)->10209K(10624K)
[2025-12-28T23:37:14.239+0000][2077.828s][info][gc          ] GC(180) Pause Young (Normal) (G1 Evacuation Pause) 1031M->80M(1588M) 5.644ms
[2025-12-28T23:37:14.240+0000][2077.828s][info][gc,cpu      ] GC(180) User=0.02s Sys=0.00s Real=0.00s
[2025-12-28T23:37:26.891+0000][2090.479s][info][gc,start    ] GC(181) Pause Young (Normal) (G1 Evacuation Pause)
[2025-12-28T23:37:26.891+0000][2090.479s][info][gc,task     ] GC(181) Using 8 workers of 8 for evacuation
[2025-12-28T23:37:26.893+0000][2090.481s][info][gc,phases   ] GC(181)   Pre Evacuate Collection Set: 0.2ms
[2025-12-28T23:37:26.893+0000][2090.481s][info][gc,phases   ] GC(181)   Merge Heap Roots: 0.1ms
[2025-12-28T23:37:26.893+0000][2090.481s][info][gc,phases   ] GC(181)   Evacuate Collection Set: 1.0ms
[2025-12-28T23:37:26.893+0000][2090.482s][info][gc,phases   ] GC(181)   Post Evacuate Collection Set: 0.6ms
[2025-12-28T23:37:26.893+0000][2090.482s][info][gc,phases   ] GC(181)   Other: 0.4ms
[2025-12-28T23:37:26.893+0000][2090.482s][info][gc,heap     ] GC(181) Eden regions: 951->0(951)
[2025-12-28T23:37:26.894+0000][2090.482s][info][gc,heap     ] GC(181) Survivor regions: 1->1(119)
[2025-12-28T23:37:26.894+0000][2090.482s][info][gc,heap     ] GC(181) Old regions: 40->40
[2025-12-28T23:37:26.894+0000][2090.482s][info][gc,heap     ] GC(181) Archive regions: 2->2
[2025-12-28T23:37:26.894+0000][2090.482s][info][gc,heap     ] GC(181) Humongous regions: 39->39
[2025-12-28T23:37:26.894+0000][2090.482s][info][gc,metaspace] GC(181) Metaspace: 74974K(75776K)->74974K(75776K) NonClass: 64764K(65152K)->64764K(65152K) Class: 10209K(10624K)->10209K(10624K)
[2025-12-28T23:37:26.894+0000][2090.482s][info][gc          ] GC(181) Pause Young (Normal) (G1 Evacuation Pause) 1031M->80M(1588M) 3.063ms
[2025-12-28T23:37:26.894+0000][2090.482s][info][gc,cpu      ] GC(181) User=0.01s Sys=0.00s Real=0.00s
[2025-12-28T23:37:40.938+0000][2104.527s][info][gc,start    ] GC(182) Pause Young (Normal) (G1 Evacuation Pause)
[2025-12-28T23:37:40.940+0000][2104.528s][info][gc,task     ] GC(182) Using 8 workers of 8 for evacuation
[2025-12-28T23:37:40.942+0000][2104.531s][info][gc,phases   ] GC(182)   Pre Evacuate Collection Set: 0.2ms
[2025-12-28T23:37:40.943+0000][2104.531s][info][gc,phases   ] GC(182)   Merge Heap Roots: 0.3ms
[2025-12-28T23:37:40.943+0000][2104.531s][info][gc,phases   ] GC(182)   Evacuate Collection Set: 1.3ms
[2025-12-28T23:37:40.943+0000][2104.531s][info][gc,phases   ] GC(182)   Post Evacuate Collection Set: 0.6ms
[2025-12-28T23:37:40.943+0000][2104.531s][info][gc,phases   ] GC(182)   Other: 1.6ms
[2025-12-28T23:37:40.943+0000][2104.531s][info][gc,heap     ] GC(182) Eden regions: 951->0(951)
[2025-12-28T23:37:40.943+0000][2104.531s][info][gc,heap     ] GC(182) Survivor regions: 1->1(119)
[2025-12-28T23:37:40.943+0000][2104.532s][info][gc,heap     ] GC(182) Old regions: 40->40
[2025-12-28T23:37:40.944+0000][2104.532s][info][gc,heap     ] GC(182) Archive regions: 2->2
[2025-12-28T23:37:40.944+0000][2104.532s][info][gc,heap     ] GC(182) Humongous regions: 39->39
[2025-12-28T23:37:40.944+0000][2104.532s][info][gc,metaspace] GC(182) Metaspace: 74974K(75776K)->74974K(75776K) NonClass: 64764K(65152K)->64764K(65152K) Class: 10209K(10624K)->10209K(10624K)
[2025-12-28T23:37:40.944+0000][2104.532s][info][gc          ] GC(182) Pause Young (Normal) (G1 Evacuation Pause) 1031M->80M(1588M) 5.542ms
[2025-12-28T23:37:40.944+0000][2104.532s][info][gc,cpu      ] GC(182) User=0.01s Sys=0.00s Real=0.01s
[2025-12-28T23:37:53.836+0000][2117.424s][info][gc,start    ] GC(183) Pause Young (Normal) (G1 Evacuation Pause)
[2025-12-28T23:37:53.837+0000][2117.426s][info][gc,task     ] GC(183) Using 8 workers of 8 for evacuation
[2025-12-28T23:37:53.841+0000][2117.429s][info][gc,phases   ] GC(183)   Pre Evacuate Collection Set: 0.4ms
[2025-12-28T23:37:53.841+0000][2117.430s][info][gc,phases   ] GC(183)   Merge Heap Roots: 0.3ms
[2025-12-28T23:37:53.842+0000][2117.430s][info][gc,phases   ] GC(183)   Evacuate Collection Set: 1.8ms
[2025-12-28T23:37:53.842+0000][2117.430s][info][gc,phases   ] GC(183)   Post Evacuate Collection Set: 0.8ms
[2025-12-28T23:37:53.842+0000][2117.430s][info][gc,phases   ] GC(183)   Other: 1.9ms
[2025-12-28T23:37:53.842+0000][2117.430s][info][gc,heap     ] GC(183) Eden regions: 951->0(951)
[2025-12-28T23:37:53.842+0000][2117.430s][info][gc,heap     ] GC(183) Survivor regions: 1->1(119)
[2025-12-28T23:37:53.842+0000][2117.431s][info][gc,heap     ] GC(183) Old regions: 40->40
[2025-12-28T23:37:53.842+0000][2117.431s][info][gc,heap     ] GC(183) Archive regions: 2->2
[2025-12-28T23:37:53.843+0000][2117.431s][info][gc,heap     ] GC(183) Humongous regions: 39->39
[2025-12-28T23:37:53.843+0000][2117.431s][info][gc,metaspace] GC(183) Metaspace: 74974K(75776K)->74974K(75776K) NonClass: 64764K(65152K)->64764K(65152K) Class: 10209K(10624K)->10209K(10624K)
[2025-12-28T23:37:53.843+0000][2117.431s][info][gc          ] GC(183) Pause Young (Normal) (G1 Evacuation Pause) 1031M->80M(1588M) 7.037ms
[2025-12-28T23:37:53.843+0000][2117.432s][info][gc,cpu      ] GC(183) User=0.02s Sys=0.00s Real=0.01s
[2025-12-28T23:38:06.745+0000][2130.333s][info][gc,start    ] GC(184) Pause Young (Normal) (G1 Evacuation Pause)
[2025-12-28T23:38:06.746+0000][2130.334s][info][gc,task     ] GC(184) Using 8 workers of 8 for evacuation
[2025-12-28T23:38:06.749+0000][2130.338s][info][gc,phases   ] GC(184)   Pre Evacuate Collection Set: 0.4ms
[2025-12-28T23:38:06.750+0000][2130.338s][info][gc,phases   ] GC(184)   Merge Heap Roots: 0.2ms
[2025-12-28T23:38:06.750+0000][2130.338s][info][gc,phases   ] GC(184)   Evacuate Collection Set: 1.9ms
[2025-12-28T23:38:06.750+0000][2130.338s][info][gc,phases   ] GC(184)   Post Evacuate Collection Set: 1.0ms
[2025-12-28T23:38:06.750+0000][2130.339s][info][gc,phases   ] GC(184)   Other: 1.5ms
[2025-12-28T23:38:06.751+0000][2130.339s][info][gc,heap     ] GC(184) Eden regions: 951->0(951)
[2025-12-28T23:38:06.751+0000][2130.339s][info][gc,heap     ] GC(184) Survivor regions: 1->1(119)
[2025-12-28T23:38:06.751+0000][2130.339s][info][gc,heap     ] GC(184) Old regions: 40->40
[2025-12-28T23:38:06.751+0000][2130.339s][info][gc,heap     ] GC(184) Archive regions: 2->2
[2025-12-28T23:38:06.751+0000][2130.339s][info][gc,heap     ] GC(184) Humongous regions: 39->39
[2025-12-28T23:38:06.751+0000][2130.340s][info][gc,metaspace] GC(184) Metaspace: 74974K(75776K)->74974K(75776K) NonClass: 64764K(65152K)->64764K(65152K) Class: 10209K(10624K)->10209K(10624K)
[2025-12-28T23:38:06.752+0000][2130.340s][info][gc          ] GC(184) Pause Young (Normal) (G1 Evacuation Pause) 1031M->80M(1588M) 7.061ms
[2025-12-28T23:38:06.752+0000][2130.340s][info][gc,cpu      ] GC(184) User=0.01s Sys=0.00s Real=0.01s
[2025-12-28T23:38:19.487+0000][2143.075s][info][gc,start    ] GC(185) Pause Young (Normal) (G1 Evacuation Pause)
[2025-12-28T23:38:19.488+0000][2143.077s][info][gc,task     ] GC(185) Using 8 workers of 8 for evacuation
[2025-12-28T23:38:19.493+0000][2143.081s][info][gc,phases   ] GC(185)   Pre Evacuate Collection Set: 0.5ms
[2025-12-28T23:38:19.493+0000][2143.081s][info][gc,phases   ] GC(185)   Merge Heap Roots: 0.2ms
[2025-12-28T23:38:19.493+0000][2143.081s][info][gc,phases   ] GC(185)   Evacuate Collection Set: 1.6ms
[2025-12-28T23:38:19.493+0000][2143.081s][info][gc,phases   ] GC(185)   Post Evacuate Collection Set: 1.2ms
[2025-12-28T23:38:19.493+0000][2143.082s][info][gc,phases   ] GC(185)   Other: 1.9ms
[2025-12-28T23:38:19.494+0000][2143.082s][info][gc,heap     ] GC(185) Eden regions: 951->0(951)
[2025-12-28T23:38:19.494+0000][2143.082s][info][gc,heap     ] GC(185) Survivor regions: 1->1(119)
[2025-12-28T23:38:19.494+0000][2143.082s][info][gc,heap     ] GC(185) Old regions: 40->40
[2025-12-28T23:38:19.494+0000][2143.082s][info][gc,heap     ] GC(185) Archive regions: 2->2
[2025-12-28T23:38:19.494+0000][2143.082s][info][gc,heap     ] GC(185) Humongous regions: 39->39
[2025-12-28T23:38:19.494+0000][2143.083s][info][gc,metaspace] GC(185) Metaspace: 74974K(75776K)->74974K(75776K) NonClass: 64764K(65152K)->64764K(65152K) Class: 10209K(10624K)->10209K(10624K)
[2025-12-28T23:38:19.495+0000][2143.083s][info][gc          ] GC(185) Pause Young (Normal) (G1 Evacuation Pause) 1031M->80M(1588M) 7.280ms
[2025-12-28T23:38:19.495+0000][2143.083s][info][gc,cpu      ] GC(185) User=0.02s Sys=0.00s Real=0.01s
[2025-12-28T23:38:32.126+0000][2155.714s][info][gc,start    ] GC(186) Pause Young (Normal) (G1 Evacuation Pause)
[2025-12-28T23:38:32.127+0000][2155.715s][info][gc,task     ] GC(186) Using 8 workers of 8 for evacuation
[2025-12-28T23:38:32.133+0000][2155.721s][info][gc,phases   ] GC(186)   Pre Evacuate Collection Set: 0.7ms
[2025-12-28T23:38:32.134+0000][2155.722s][info][gc,phases   ] GC(186)   Merge Heap Roots: 0.4ms
[2025-12-28T23:38:32.134+0000][2155.722s][info][gc,phases   ] GC(186)   Evacuate Collection Set: 3.1ms
[2025-12-28T23:38:32.134+0000][2155.722s][info][gc,phases   ] GC(186)   Post Evacuate Collection Set: 1.5ms
[2025-12-28T23:38:32.134+0000][2155.723s][info][gc,phases   ] GC(186)   Other: 2.1ms
[2025-12-28T23:38:32.135+0000][2155.723s][info][gc,heap     ] GC(186) Eden regions: 951->0(951)
[2025-12-28T23:38:32.135+0000][2155.723s][info][gc,heap     ] GC(186) Survivor regions: 1->1(119)
[2025-12-28T23:38:32.135+0000][2155.723s][info][gc,heap     ] GC(186) Old regions: 40->41
[2025-12-28T23:38:32.135+0000][2155.723s][info][gc,heap     ] GC(186) Archive regions: 2->2
[2025-12-28T23:38:32.135+0000][2155.723s][info][gc,heap     ] GC(186) Humongous regions: 39->39
[2025-12-28T23:38:32.135+0000][2155.723s][info][gc,metaspace] GC(186) Metaspace: 74979K(75776K)->74979K(75776K) NonClass: 64770K(65152K)->64770K(65152K) Class: 10209K(10624K)->10209K(10624K)
[2025-12-28T23:38:32.135+0000][2155.724s][info][gc          ] GC(186) Pause Young (Normal) (G1 Evacuation Pause) 1031M->80M(1588M) 9.645ms
[2025-12-28T23:38:32.136+0000][2155.724s][info][gc,cpu      ] GC(186) User=0.04s Sys=0.00s Real=0.01s
[2025-12-28T23:38:44.896+0000][2168.484s][info][gc,start    ] GC(187) Pause Young (Normal) (G1 Evacuation Pause)
[2025-12-28T23:38:44.897+0000][2168.485s][info][gc,task     ] GC(187) Using 8 workers of 8 for evacuation
[2025-12-28T23:38:44.898+0000][2168.487s][info][gc,phases   ] GC(187)   Pre Evacuate Collection Set: 0.2ms
[2025-12-28T23:38:44.898+0000][2168.487s][info][gc,phases   ] GC(187)   Merge Heap Roots: 0.2ms
[2025-12-28T23:38:44.899+0000][2168.487s][info][gc,phases   ] GC(187)   Evacuate Collection Set: 0.8ms
[2025-12-28T23:38:44.899+0000][2168.487s][info][gc,phases   ] GC(187)   Post Evacuate Collection Set: 0.4ms
[2025-12-28T23:38:44.899+0000][2168.487s][info][gc,phases   ] GC(187)   Other: 0.6ms
[2025-12-28T23:38:44.899+0000][2168.487s][info][gc,heap     ] GC(187) Eden regions: 951->0(951)
[2025-12-28T23:38:44.899+0000][2168.487s][info][gc,heap     ] GC(187) Survivor regions: 1->1(119)
[2025-12-28T23:38:44.899+0000][2168.487s][info][gc,heap     ] GC(187) Old regions: 41->41
[2025-12-28T23:38:44.899+0000][2168.487s][info][gc,heap     ] GC(187) Archive regions: 2->2
[2025-12-28T23:38:44.899+0000][2168.487s][info][gc,heap     ] GC(187) Humongous regions: 39->39
[2025-12-28T23:38:44.899+0000][2168.487s][info][gc,metaspace] GC(187) Metaspace: 74980K(75776K)->74980K(75776K) NonClass: 64771K(65152K)->64771K(65152K) Class: 10209K(10624K)->10209K(10624K)
[2025-12-28T23:38:44.899+0000][2168.487s][info][gc          ] GC(187) Pause Young (Normal) (G1 Evacuation Pause) 1031M->80M(1588M) 2.967ms
[2025-12-28T23:38:44.899+0000][2168.488s][info][gc,cpu      ] GC(187) User=0.01s Sys=0.00s Real=0.00s
[2025-12-28T23:38:57.801+0000][2181.389s][info][gc,start    ] GC(188) Pause Young (Normal) (G1 Evacuation Pause)
[2025-12-28T23:38:57.801+0000][2181.389s][info][gc,task     ] GC(188) Using 8 workers of 8 for evacuation
[2025-12-28T23:38:57.804+0000][2181.393s][info][gc,phases   ] GC(188)   Pre Evacuate Collection Set: 0.3ms
[2025-12-28T23:38:57.805+0000][2181.393s][info][gc,phases   ] GC(188)   Merge Heap Roots: 0.3ms
[2025-12-28T23:38:57.805+0000][2181.393s][info][gc,phases   ] GC(188)   Evacuate Collection Set: 1.5ms
[2025-12-28T23:38:57.805+0000][2181.393s][info][gc,phases   ] GC(188)   Post Evacuate Collection Set: 0.8ms
[2025-12-28T23:38:57.805+0000][2181.393s][info][gc,phases   ] GC(188)   Other: 0.9ms
[2025-12-28T23:38:57.805+0000][2181.393s][info][gc,heap     ] GC(188) Eden regions: 951->0(951)
[2025-12-28T23:38:57.805+0000][2181.394s][info][gc,heap     ] GC(188) Survivor regions: 1->1(119)
[2025-12-28T23:38:57.806+0000][2181.394s][info][gc,heap     ] GC(188) Old regions: 41->41
[2025-12-28T23:38:57.806+0000][2181.394s][info][gc,heap     ] GC(188) Archive regions: 2->2
[2025-12-28T23:38:57.806+0000][2181.394s][info][gc,heap     ] GC(188) Humongous regions: 39->39
[2025-12-28T23:38:57.806+0000][2181.394s][info][gc,metaspace] GC(188) Metaspace: 74980K(75776K)->74980K(75776K) NonClass: 64771K(65152K)->64771K(65152K) Class: 10209K(10624K)->10209K(10624K)
[2025-12-28T23:38:57.806+0000][2181.394s][info][gc          ] GC(188) Pause Young (Normal) (G1 Evacuation Pause) 1031M->80M(1588M) 5.632ms
[2025-12-28T23:38:57.807+0000][2181.395s][info][gc,cpu      ] GC(188) User=0.02s Sys=0.00s Real=0.00s
[2025-12-28T23:39:10.946+0000][2194.534s][info][gc,start    ] GC(189) Pause Young (Normal) (G1 Evacuation Pause)
[2025-12-28T23:39:10.947+0000][2194.535s][info][gc,task     ] GC(189) Using 8 workers of 8 for evacuation
[2025-12-28T23:39:10.949+0000][2194.537s][info][gc,phases   ] GC(189)   Pre Evacuate Collection Set: 0.3ms
[2025-12-28T23:39:10.949+0000][2194.537s][info][gc,phases   ] GC(189)   Merge Heap Roots: 0.2ms
[2025-12-28T23:39:10.949+0000][2194.537s][info][gc,phases   ] GC(189)   Evacuate Collection Set: 0.8ms
[2025-12-28T23:39:10.949+0000][2194.537s][info][gc,phases   ] GC(189)   Post Evacuate Collection Set: 0.4ms
[2025-12-28T23:39:10.949+0000][2194.537s][info][gc,phases   ] GC(189)   Other: 1.1ms
[2025-12-28T23:39:10.949+0000][2194.537s][info][gc,heap     ] GC(189) Eden regions: 951->0(951)
[2025-12-28T23:39:10.949+0000][2194.537s][info][gc,heap     ] GC(189) Survivor regions: 1->1(119)
[2025-12-28T23:39:10.949+0000][2194.538s][info][gc,heap     ] GC(189) Old regions: 41->41
[2025-12-28T23:39:10.949+0000][2194.538s][info][gc,heap     ] GC(189) Archive regions: 2->2
[2025-12-28T23:39:10.950+0000][2194.538s][info][gc,heap     ] GC(189) Humongous regions: 39->39
[2025-12-28T23:39:10.950+0000][2194.538s][info][gc,metaspace] GC(189) Metaspace: 74981K(75776K)->74981K(75776K) NonClass: 64772K(65152K)->64772K(65152K) Class: 10209K(10624K)->10209K(10624K)
[2025-12-28T23:39:10.950+0000][2194.538s][info][gc          ] GC(189) Pause Young (Normal) (G1 Evacuation Pause) 1031M->80M(1588M) 3.547ms
[2025-12-28T23:39:10.950+0000][2194.538s][info][gc,cpu      ] GC(189) User=0.01s Sys=0.00s Real=0.00s
[2025-12-28T23:39:24.845+0000][2208.433s][info][gc,start    ] GC(190) Pause Young (Normal) (G1 Evacuation Pause)
[2025-12-28T23:39:24.846+0000][2208.435s][info][gc,task     ] GC(190) Using 8 workers of 8 for evacuation
[2025-12-28T23:39:24.850+0000][2208.439s][info][gc,phases   ] GC(190)   Pre Evacuate Collection Set: 0.5ms
[2025-12-28T23:39:24.851+0000][2208.439s][info][gc,phases   ] GC(190)   Merge Heap Roots: 0.2ms
[2025-12-28T23:39:24.851+0000][2208.439s][info][gc,phases   ] GC(190)   Evacuate Collection Set: 1.6ms
[2025-12-28T23:39:24.851+0000][2208.439s][info][gc,phases   ] GC(190)   Post Evacuate Collection Set: 1.1ms
[2025-12-28T23:39:24.851+0000][2208.439s][info][gc,phases   ] GC(190)   Other: 2.3ms
[2025-12-28T23:39:24.851+0000][2208.440s][info][gc,heap     ] GC(190) Eden regions: 951->0(951)
[2025-12-28T23:39:24.852+0000][2208.440s][info][gc,heap     ] GC(190) Survivor regions: 1->1(119)
[2025-12-28T23:39:24.852+0000][2208.440s][info][gc,heap     ] GC(190) Old regions: 41->41
[2025-12-28T23:39:24.852+0000][2208.440s][info][gc,heap     ] GC(190) Archive regions: 2->2
[2025-12-28T23:39:24.852+0000][2208.440s][info][gc,heap     ] GC(190) Humongous regions: 39->39
[2025-12-28T23:39:24.852+0000][2208.440s][info][gc,metaspace] GC(190) Metaspace: 74982K(75776K)->74982K(75776K) NonClass: 64773K(65152K)->64773K(65152K) Class: 10209K(10624K)->10209K(10624K)
[2025-12-28T23:39:24.852+0000][2208.441s][info][gc          ] GC(190) Pause Young (Normal) (G1 Evacuation Pause) 1031M->80M(1588M) 7.673ms
[2025-12-28T23:39:24.853+0000][2208.441s][info][gc,cpu      ] GC(190) User=0.01s Sys=0.00s Real=0.01s
[2025-12-28T23:39:37.667+0000][2221.256s][info][gc,start    ] GC(191) Pause Young (Normal) (G1 Evacuation Pause)
[2025-12-28T23:39:37.668+0000][2221.256s][info][gc,task     ] GC(191) Using 8 workers of 8 for evacuation
[2025-12-28T23:39:37.672+0000][2221.260s][info][gc,phases   ] GC(191)   Pre Evacuate Collection Set: 0.4ms
[2025-12-28T23:39:37.672+0000][2221.260s][info][gc,phases   ] GC(191)   Merge Heap Roots: 0.6ms
[2025-12-28T23:39:37.672+0000][2221.260s][info][gc,phases   ] GC(191)   Evacuate Collection Set: 1.3ms
[2025-12-28T23:39:37.672+0000][2221.260s][info][gc,phases   ] GC(191)   Post Evacuate Collection Set: 0.7ms
[2025-12-28T23:39:37.672+0000][2221.260s][info][gc,phases   ] GC(191)   Other: 1.2ms
[2025-12-28T23:39:37.672+0000][2221.261s][info][gc,heap     ] GC(191) Eden regions: 951->0(951)
[2025-12-28T23:39:37.673+0000][2221.261s][info][gc,heap     ] GC(191) Survivor regions: 1->1(119)
[2025-12-28T23:39:37.673+0000][2221.261s][info][gc,heap     ] GC(191) Old regions: 41->41
[2025-12-28T23:39:37.673+0000][2221.261s][info][gc,heap     ] GC(191) Archive regions: 2->2
[2025-12-28T23:39:37.673+0000][2221.261s][info][gc,heap     ] GC(191) Humongous regions: 39->39
[2025-12-28T23:39:37.673+0000][2221.261s][info][gc,metaspace] GC(191) Metaspace: 74984K(75776K)->74984K(75776K) NonClass: 64774K(65152K)->64774K(65152K) Class: 10210K(10624K)->10210K(10624K)
[2025-12-28T23:39:37.673+0000][2221.261s][info][gc          ] GC(191) Pause Young (Normal) (G1 Evacuation Pause) 1031M->80M(1588M) 5.753ms
[2025-12-28T23:39:37.673+0000][2221.262s][info][gc,cpu      ] GC(191) User=0.02s Sys=0.00s Real=0.01s
[2025-12-28T23:39:50.295+0000][2233.883s][info][gc,start    ] GC(192) Pause Young (Normal) (G1 Evacuation Pause)
[2025-12-28T23:39:50.296+0000][2233.884s][info][gc,task     ] GC(192) Using 8 workers of 8 for evacuation
[2025-12-28T23:39:50.298+0000][2233.887s][info][gc,phases   ] GC(192)   Pre Evacuate Collection Set: 0.3ms
[2025-12-28T23:39:50.299+0000][2233.887s][info][gc,phases   ] GC(192)   Merge Heap Roots: 0.2ms
[2025-12-28T23:39:50.299+0000][2233.887s][info][gc,phases   ] GC(192)   Evacuate Collection Set: 1.1ms
[2025-12-28T23:39:50.299+0000][2233.887s][info][gc,phases   ] GC(192)   Post Evacuate Collection Set: 0.6ms
[2025-12-28T23:39:50.299+0000][2233.887s][info][gc,phases   ] GC(192)   Other: 1.6ms
[2025-12-28T23:39:50.299+0000][2233.887s][info][gc,heap     ] GC(192) Eden regions: 951->0(951)
[2025-12-28T23:39:50.299+0000][2233.887s][info][gc,heap     ] GC(192) Survivor regions: 1->1(119)
[2025-12-28T23:39:50.299+0000][2233.888s][info][gc,heap     ] GC(192) Old regions: 41->41
[2025-12-28T23:39:50.300+0000][2233.888s][info][gc,heap     ] GC(192) Archive regions: 2->2
[2025-12-28T23:39:50.300+0000][2233.888s][info][gc,heap     ] GC(192) Humongous regions: 39->39
[2025-12-28T23:39:50.300+0000][2233.888s][info][gc,metaspace] GC(192) Metaspace: 74984K(75776K)->74984K(75776K) NonClass: 64774K(65152K)->64774K(65152K) Class: 10210K(10624K)->10210K(10624K)
[2025-12-28T23:39:50.300+0000][2233.888s][info][gc          ] GC(192) Pause Young (Normal) (G1 Evacuation Pause) 1031M->80M(1588M) 5.395ms
[2025-12-28T23:39:50.300+0000][2233.888s][info][gc,cpu      ] GC(192) User=0.01s Sys=0.00s Real=0.01s
[2025-12-28T23:40:03.193+0000][2246.782s][info][gc,start    ] GC(193) Pause Young (Normal) (G1 Evacuation Pause)
[2025-12-28T23:40:03.195+0000][2246.783s][info][gc,task     ] GC(193) Using 8 workers of 8 for evacuation
[2025-12-28T23:40:03.197+0000][2246.785s][info][gc,phases   ] GC(193)   Pre Evacuate Collection Set: 0.2ms
[2025-12-28T23:40:03.197+0000][2246.785s][info][gc,phases   ] GC(193)   Merge Heap Roots: 0.3ms
[2025-12-28T23:40:03.197+0000][2246.786s][info][gc,phases   ] GC(193)   Evacuate Collection Set: 1.2ms
[2025-12-28T23:40:03.197+0000][2246.786s][info][gc,phases   ] GC(193)   Post Evacuate Collection Set: 0.6ms
[2025-12-28T23:40:03.198+0000][2246.786s][info][gc,phases   ] GC(193)   Other: 1.4ms
[2025-12-28T23:40:03.198+0000][2246.786s][info][gc,heap     ] GC(193) Eden regions: 951->0(951)
[2025-12-28T23:40:03.198+0000][2246.786s][info][gc,heap     ] GC(193) Survivor regions: 1->1(119)
[2025-12-28T23:40:03.198+0000][2246.786s][info][gc,heap     ] GC(193) Old regions: 41->41
[2025-12-28T23:40:03.198+0000][2246.786s][info][gc,heap     ] GC(193) Archive regions: 2->2
[2025-12-28T23:40:03.198+0000][2246.786s][info][gc,heap     ] GC(193) Humongous regions: 39->39
[2025-12-28T23:40:03.198+0000][2246.786s][info][gc,metaspace] GC(193) Metaspace: 74985K(75776K)->74985K(75776K) NonClass: 64775K(65152K)->64775K(65152K) Class: 10210K(10624K)->10210K(10624K)
[2025-12-28T23:40:03.198+0000][2246.787s][info][gc          ] GC(193) Pause Young (Normal) (G1 Evacuation Pause) 1031M->80M(1588M) 4.920ms
[2025-12-28T23:40:03.199+0000][2246.787s][info][gc,cpu      ] GC(193) User=0.01s Sys=0.01s Real=0.00s
[2025-12-28T23:40:16.154+0000][2259.742s][info][gc,start    ] GC(194) Pause Young (Normal) (G1 Evacuation Pause)
[2025-12-28T23:40:16.156+0000][2259.744s][info][gc,task     ] GC(194) Using 8 workers of 8 for evacuation
[2025-12-28T23:40:16.160+0000][2259.748s][info][gc,phases   ] GC(194)   Pre Evacuate Collection Set: 0.3ms
[2025-12-28T23:40:16.160+0000][2259.748s][info][gc,phases   ] GC(194)   Merge Heap Roots: 0.3ms
[2025-12-28T23:40:16.160+0000][2259.748s][info][gc,phases   ] GC(194)   Evacuate Collection Set: 1.4ms
[2025-12-28T23:40:16.160+0000][2259.749s][info][gc,phases   ] GC(194)   Post Evacuate Collection Set: 0.9ms
[2025-12-28T23:40:16.161+0000][2259.749s][info][gc,phases   ] GC(194)   Other: 3.2ms
[2025-12-28T23:40:16.161+0000][2259.749s][info][gc,heap     ] GC(194) Eden regions: 951->0(951)
[2025-12-28T23:40:16.161+0000][2259.749s][info][gc,heap     ] GC(194) Survivor regions: 1->1(119)
[2025-12-28T23:40:16.161+0000][2259.749s][info][gc,heap     ] GC(194) Old regions: 41->41
[2025-12-28T23:40:16.161+0000][2259.749s][info][gc,heap     ] GC(194) Archive regions: 2->2
[2025-12-28T23:40:16.161+0000][2259.749s][info][gc,heap     ] GC(194) Humongous regions: 39->39
[2025-12-28T23:40:16.161+0000][2259.749s][info][gc,metaspace] GC(194) Metaspace: 74985K(75776K)->74985K(75776K) NonClass: 64775K(65152K)->64775K(65152K) Class: 10210K(10624K)->10210K(10624K)
[2025-12-28T23:40:16.161+0000][2259.750s][info][gc          ] GC(194) Pause Young (Normal) (G1 Evacuation Pause) 1031M->80M(1588M) 7.560ms
[2025-12-28T23:40:16.162+0000][2259.750s][info][gc,cpu      ] GC(194) User=0.01s Sys=0.00s Real=0.01s
[2025-12-28T23:40:28.787+0000][2272.375s][info][gc,start    ] GC(195) Pause Young (Normal) (G1 Evacuation Pause)
[2025-12-28T23:40:28.788+0000][2272.377s][info][gc,task     ] GC(195) Using 8 workers of 8 for evacuation
[2025-12-28T23:40:28.790+0000][2272.379s][info][gc,phases   ] GC(195)   Pre Evacuate Collection Set: 0.3ms
[2025-12-28T23:40:28.791+0000][2272.379s][info][gc,phases   ] GC(195)   Merge Heap Roots: 0.2ms
[2025-12-28T23:40:28.791+0000][2272.379s][info][gc,phases   ] GC(195)   Evacuate Collection Set: 0.8ms
[2025-12-28T23:40:28.791+0000][2272.379s][info][gc,phases   ] GC(195)   Post Evacuate Collection Set: 0.6ms
[2025-12-28T23:40:28.791+0000][2272.379s][info][gc,phases   ] GC(195)   Other: 1.6ms
[2025-12-28T23:40:28.791+0000][2272.379s][info][gc,heap     ] GC(195) Eden regions: 951->0(951)
[2025-12-28T23:40:28.791+0000][2272.379s][info][gc,heap     ] GC(195) Survivor regions: 1->1(119)
[2025-12-28T23:40:28.791+0000][2272.379s][info][gc,heap     ] GC(195) Old regions: 41->41
[2025-12-28T23:40:28.791+0000][2272.379s][info][gc,heap     ] GC(195) Archive regions: 2->2
[2025-12-28T23:40:28.791+0000][2272.379s][info][gc,heap     ] GC(195) Humongous regions: 39->39
[2025-12-28T23:40:28.791+0000][2272.380s][info][gc,metaspace] GC(195) Metaspace: 74985K(75776K)->74985K(75776K) NonClass: 64775K(65152K)->64775K(65152K) Class: 10210K(10624K)->10210K(10624K)
[2025-12-28T23:40:28.791+0000][2272.380s][info][gc          ] GC(195) Pause Young (Normal) (G1 Evacuation Pause) 1031M->80M(1588M) 4.410ms
[2025-12-28T23:40:28.792+0000][2272.380s][info][gc,cpu      ] GC(195) User=0.00s Sys=0.00s Real=0.01s
[2025-12-28T23:40:41.756+0000][2285.345s][info][gc,start    ] GC(196) Pause Young (Normal) (G1 Evacuation Pause)
[2025-12-28T23:40:41.758+0000][2285.346s][info][gc,task     ] GC(196) Using 8 workers of 8 for evacuation
[2025-12-28T23:40:41.761+0000][2285.350s][info][gc,phases   ] GC(196)   Pre Evacuate Collection Set: 0.4ms
[2025-12-28T23:40:41.762+0000][2285.350s][info][gc,phases   ] GC(196)   Merge Heap Roots: 0.2ms
[2025-12-28T23:40:41.762+0000][2285.350s][info][gc,phases   ] GC(196)   Evacuate Collection Set: 1.6ms
[2025-12-28T23:40:41.762+0000][2285.350s][info][gc,phases   ] GC(196)   Post Evacuate Collection Set: 1.0ms
[2025-12-28T23:40:41.762+0000][2285.351s][info][gc,phases   ] GC(196)   Other: 1.9ms
[2025-12-28T23:40:41.762+0000][2285.351s][info][gc,heap     ] GC(196) Eden regions: 951->0(951)
[2025-12-28T23:40:41.763+0000][2285.351s][info][gc,heap     ] GC(196) Survivor regions: 1->1(119)
[2025-12-28T23:40:41.763+0000][2285.351s][info][gc,heap     ] GC(196) Old regions: 41->41
[2025-12-28T23:40:41.763+0000][2285.351s][info][gc,heap     ] GC(196) Archive regions: 2->2
[2025-12-28T23:40:41.763+0000][2285.352s][info][gc,heap     ] GC(196) Humongous regions: 39->39
[2025-12-28T23:40:41.764+0000][2285.352s][info][gc,metaspace] GC(196) Metaspace: 74985K(75776K)->74985K(75776K) NonClass: 64775K(65152K)->64775K(65152K) Class: 10210K(10624K)->10210K(10624K)
[2025-12-28T23:40:41.764+0000][2285.352s][info][gc          ] GC(196) Pause Young (Normal) (G1 Evacuation Pause) 1031M->80M(1588M) 7.386ms
[2025-12-28T23:40:41.764+0000][2285.352s][info][gc,cpu      ] GC(196) User=0.01s Sys=0.01s Real=0.01s
[2025-12-28T23:40:55.937+0000][2299.525s][info][gc,start    ] GC(197) Pause Young (Normal) (G1 Evacuation Pause)
[2025-12-28T23:40:55.938+0000][2299.526s][info][gc,task     ] GC(197) Using 8 workers of 8 for evacuation
[2025-12-28T23:40:55.940+0000][2299.528s][info][gc,phases   ] GC(197)   Pre Evacuate Collection Set: 0.2ms
[2025-12-28T23:40:55.940+0000][2299.528s][info][gc,phases   ] GC(197)   Merge Heap Roots: 0.2ms
[2025-12-28T23:40:55.940+0000][2299.528s][info][gc,phases   ] GC(197)   Evacuate Collection Set: 0.7ms
[2025-12-28T23:40:55.940+0000][2299.528s][info][gc,phases   ] GC(197)   Post Evacuate Collection Set: 0.4ms
[2025-12-28T23:40:55.940+0000][2299.528s][info][gc,phases   ] GC(197)   Other: 1.1ms
[2025-12-28T23:40:55.940+0000][2299.528s][info][gc,heap     ] GC(197) Eden regions: 951->0(951)
[2025-12-28T23:40:55.940+0000][2299.528s][info][gc,heap     ] GC(197) Survivor regions: 1->1(119)
[2025-12-28T23:40:55.940+0000][2299.528s][info][gc,heap     ] GC(197) Old regions: 41->41
[2025-12-28T23:40:55.940+0000][2299.528s][info][gc,heap     ] GC(197) Archive regions: 2->2
[2025-12-28T23:40:55.940+0000][2299.529s][info][gc,heap     ] GC(197) Humongous regions: 39->39
[2025-12-28T23:40:55.940+0000][2299.529s][info][gc,metaspace] GC(197) Metaspace: 74985K(75776K)->74985K(75776K) NonClass: 64775K(65152K)->64775K(65152K) Class: 10210K(10624K)->10210K(10624K)
[2025-12-28T23:40:55.941+0000][2299.529s][info][gc          ] GC(197) Pause Young (Normal) (G1 Evacuation Pause) 1031M->80M(1588M) 3.494ms
[2025-12-28T23:40:55.941+0000][2299.529s][info][gc,cpu      ] GC(197) User=0.00s Sys=0.00s Real=0.01s
[2025-12-28T23:41:09.373+0000][2312.961s][info][gc,start    ] GC(198) Pause Young (Normal) (G1 Evacuation Pause)
[2025-12-28T23:41:09.374+0000][2312.962s][info][gc,task     ] GC(198) Using 8 workers of 8 for evacuation
[2025-12-28T23:41:09.376+0000][2312.965s][info][gc,phases   ] GC(198)   Pre Evacuate Collection Set: 0.3ms
[2025-12-28T23:41:09.376+0000][2312.965s][info][gc,phases   ] GC(198)   Merge Heap Roots: 0.2ms
[2025-12-28T23:41:09.377+0000][2312.965s][info][gc,phases   ] GC(198)   Evacuate Collection Set: 1.1ms
[2025-12-28T23:41:09.377+0000][2312.965s][info][gc,phases   ] GC(198)   Post Evacuate Collection Set: 0.6ms
[2025-12-28T23:41:09.377+0000][2312.965s][info][gc,phases   ] GC(198)   Other: 1.4ms
[2025-12-28T23:41:09.377+0000][2312.965s][info][gc,heap     ] GC(198) Eden regions: 951->0(951)
[2025-12-28T23:41:09.377+0000][2312.965s][info][gc,heap     ] GC(198) Survivor regions: 1->1(119)
[2025-12-28T23:41:09.377+0000][2312.965s][info][gc,heap     ] GC(198) Old regions: 41->41
[2025-12-28T23:41:09.377+0000][2312.965s][info][gc,heap     ] GC(198) Archive regions: 2->2
[2025-12-28T23:41:09.377+0000][2312.965s][info][gc,heap     ] GC(198) Humongous regions: 39->39
[2025-12-28T23:41:09.377+0000][2312.966s][info][gc,metaspace] GC(198) Metaspace: 74986K(75776K)->74986K(75776K) NonClass: 64776K(65152K)->64776K(65152K) Class: 10210K(10624K)->10210K(10624K)
[2025-12-28T23:41:09.377+0000][2312.966s][info][gc          ] GC(198) Pause Young (Normal) (G1 Evacuation Pause) 1031M->80M(1588M) 4.516ms
[2025-12-28T23:41:09.378+0000][2312.966s][info][gc,cpu      ] GC(198) User=0.01s Sys=0.00s Real=0.00s
[2025-12-28T23:41:22.076+0000][2325.664s][info][gc,start    ] GC(199) Pause Young (Normal) (G1 Evacuation Pause)
[2025-12-28T23:41:22.076+0000][2325.665s][info][gc,task     ] GC(199) Using 8 workers of 8 for evacuation
[2025-12-28T23:41:22.080+0000][2325.669s][info][gc,phases   ] GC(199)   Pre Evacuate Collection Set: 0.5ms
[2025-12-28T23:41:22.081+0000][2325.669s][info][gc,phases   ] GC(199)   Merge Heap Roots: 0.3ms
[2025-12-28T23:41:22.081+0000][2325.669s][info][gc,phases   ] GC(199)   Evacuate Collection Set: 1.7ms
[2025-12-28T23:41:22.081+0000][2325.669s][info][gc,phases   ] GC(199)   Post Evacuate Collection Set: 1.0ms
[2025-12-28T23:41:22.081+0000][2325.669s][info][gc,phases   ] GC(199)   Other: 1.6ms
[2025-12-28T23:41:22.081+0000][2325.669s][info][gc,heap     ] GC(199) Eden regions: 951->0(951)
[2025-12-28T23:41:22.081+0000][2325.669s][info][gc,heap     ] GC(199) Survivor regions: 1->1(119)
[2025-12-28T23:41:22.081+0000][2325.669s][info][gc,heap     ] GC(199) Old regions: 41->41
[2025-12-28T23:41:22.081+0000][2325.669s][info][gc,heap     ] GC(199) Archive regions: 2->2
[2025-12-28T23:41:22.081+0000][2325.670s][info][gc,heap     ] GC(199) Humongous regions: 39->39
[2025-12-28T23:41:22.082+0000][2325.670s][info][gc,metaspace] GC(199) Metaspace: 74987K(75776K)->74987K(75776K) NonClass: 64777K(65152K)->64777K(65152K) Class: 10210K(10624K)->10210K(10624K)
[2025-12-28T23:41:22.082+0000][2325.670s][info][gc          ] GC(199) Pause Young (Normal) (G1 Evacuation Pause) 1031M->80M(1588M) 5.771ms
[2025-12-28T23:41:22.082+0000][2325.670s][info][gc,cpu      ] GC(199) User=0.02s Sys=0.00s Real=0.01s
[2025-12-28T23:41:34.083+0000][2337.671s][info][gc,start    ] GC(200) Pause Young (Normal) (G1 Evacuation Pause)
[2025-12-28T23:41:34.085+0000][2337.673s][info][gc,task     ] GC(200) Using 8 workers of 8 for evacuation
[2025-12-28T23:41:34.093+0000][2337.682s][info][gc,phases   ] GC(200)   Pre Evacuate Collection Set: 1.6ms
[2025-12-28T23:41:34.094+0000][2337.682s][info][gc,phases   ] GC(200)   Merge Heap Roots: 0.4ms
[2025-12-28T23:41:34.094+0000][2337.682s][info][gc,phases   ] GC(200)   Evacuate Collection Set: 4.1ms
[2025-12-28T23:41:34.094+0000][2337.682s][info][gc,phases   ] GC(200)   Post Evacuate Collection Set: 1.9ms
[2025-12-28T23:41:34.094+0000][2337.682s][info][gc,phases   ] GC(200)   Other: 2.8ms
[2025-12-28T23:41:34.094+0000][2337.682s][info][gc,heap     ] GC(200) Eden regions: 951->0(951)
[2025-12-28T23:41:34.094+0000][2337.683s][info][gc,heap     ] GC(200) Survivor regions: 1->1(119)
[2025-12-28T23:41:34.094+0000][2337.683s][info][gc,heap     ] GC(200) Old regions: 41->41
[2025-12-28T23:41:34.095+0000][2337.683s][info][gc,heap     ] GC(200) Archive regions: 2->2
[2025-12-28T23:41:34.095+0000][2337.683s][info][gc,heap     ] GC(200) Humongous regions: 39->39
[2025-12-28T23:41:34.095+0000][2337.683s][info][gc,metaspace] GC(200) Metaspace: 75006K(75840K)->75006K(75840K) NonClass: 64796K(65216K)->64796K(65216K) Class: 10210K(10624K)->10210K(10624K)
[2025-12-28T23:41:34.095+0000][2337.683s][info][gc          ] GC(200) Pause Young (Normal) (G1 Evacuation Pause) 1031M->80M(1588M) 11.850ms
[2025-12-28T23:41:34.095+0000][2337.683s][info][gc,cpu      ] GC(200) User=0.04s Sys=0.00s Real=0.01s
[2025-12-28T23:41:46.372+0000][2349.960s][info][gc,start    ] GC(201) Pause Young (Normal) (G1 Evacuation Pause)
[2025-12-28T23:41:46.372+0000][2349.960s][info][gc,task     ] GC(201) Using 8 workers of 8 for evacuation
[2025-12-28T23:41:46.375+0000][2349.963s][info][gc,phases   ] GC(201)   Pre Evacuate Collection Set: 0.3ms
[2025-12-28T23:41:46.375+0000][2349.963s][info][gc,phases   ] GC(201)   Merge Heap Roots: 0.2ms
[2025-12-28T23:41:46.375+0000][2349.963s][info][gc,phases   ] GC(201)   Evacuate Collection Set: 1.5ms
[2025-12-28T23:41:46.375+0000][2349.963s][info][gc,phases   ] GC(201)   Post Evacuate Collection Set: 0.6ms
[2025-12-28T23:41:46.375+0000][2349.963s][info][gc,phases   ] GC(201)   Other: 0.4ms
[2025-12-28T23:41:46.375+0000][2349.963s][info][gc,heap     ] GC(201) Eden regions: 951->0(951)
[2025-12-28T23:41:46.375+0000][2349.963s][info][gc,heap     ] GC(201) Survivor regions: 1->1(119)
[2025-12-28T23:41:46.375+0000][2349.963s][info][gc,heap     ] GC(201) Old regions: 41->41
[2025-12-28T23:41:46.375+0000][2349.963s][info][gc,heap     ] GC(201) Archive regions: 2->2
[2025-12-28T23:41:46.375+0000][2349.963s][info][gc,heap     ] GC(201) Humongous regions: 39->39
[2025-12-28T23:41:46.375+0000][2349.963s][info][gc,metaspace] GC(201) Metaspace: 75007K(75840K)->75007K(75840K) NonClass: 64797K(65216K)->64797K(65216K) Class: 10210K(10624K)->10210K(10624K)
[2025-12-28T23:41:46.375+0000][2349.964s][info][gc          ] GC(201) Pause Young (Normal) (G1 Evacuation Pause) 1031M->80M(1588M) 3.660ms
[2025-12-28T23:41:46.375+0000][2349.964s][info][gc,cpu      ] GC(201) User=0.01s Sys=0.01s Real=0.00s
[2025-12-28T23:41:58.384+0000][2361.973s][info][gc,start    ] GC(202) Pause Young (Normal) (G1 Evacuation Pause)
[2025-12-28T23:41:58.386+0000][2361.974s][info][gc,task     ] GC(202) Using 8 workers of 8 for evacuation
[2025-12-28T23:41:58.388+0000][2361.977s][info][gc,phases   ] GC(202)   Pre Evacuate Collection Set: 0.2ms
[2025-12-28T23:41:58.389+0000][2361.977s][info][gc,phases   ] GC(202)   Merge Heap Roots: 0.1ms
[2025-12-28T23:41:58.389+0000][2361.977s][info][gc,phases   ] GC(202)   Evacuate Collection Set: 1.3ms
[2025-12-28T23:41:58.389+0000][2361.977s][info][gc,phases   ] GC(202)   Post Evacuate Collection Set: 0.6ms
[2025-12-28T23:41:58.389+0000][2361.977s][info][gc,phases   ] GC(202)   Other: 1.9ms
[2025-12-28T23:41:58.389+0000][2361.977s][info][gc,heap     ] GC(202) Eden regions: 951->0(951)
[2025-12-28T23:41:58.389+0000][2361.977s][info][gc,heap     ] GC(202) Survivor regions: 1->1(119)
[2025-12-28T23:41:58.389+0000][2361.977s][info][gc,heap     ] GC(202) Old regions: 41->41
[2025-12-28T23:41:58.389+0000][2361.977s][info][gc,heap     ] GC(202) Archive regions: 2->2
[2025-12-28T23:41:58.389+0000][2361.977s][info][gc,heap     ] GC(202) Humongous regions: 39->39
[2025-12-28T23:41:58.389+0000][2361.978s][info][gc,metaspace] GC(202) Metaspace: 75007K(75840K)->75007K(75840K) NonClass: 64797K(65216K)->64797K(65216K) Class: 10210K(10624K)->10210K(10624K)
[2025-12-28T23:41:58.390+0000][2361.978s][info][gc          ] GC(202) Pause Young (Normal) (G1 Evacuation Pause) 1031M->80M(1588M) 5.136ms
[2025-12-28T23:41:58.390+0000][2361.978s][info][gc,cpu      ] GC(202) User=0.02s Sys=0.00s Real=0.00s
[2025-12-28T23:42:10.954+0000][2374.543s][info][gc,start    ] GC(203) Pause Young (Normal) (G1 Evacuation Pause)
[2025-12-28T23:42:10.956+0000][2374.544s][info][gc,task     ] GC(203) Using 8 workers of 8 for evacuation
[2025-12-28T23:42:10.958+0000][2374.546s][info][gc,phases   ] GC(203)   Pre Evacuate Collection Set: 0.3ms
[2025-12-28T23:42:10.958+0000][2374.546s][info][gc,phases   ] GC(203)   Merge Heap Roots: 0.1ms
[2025-12-28T23:42:10.958+0000][2374.546s][info][gc,phases   ] GC(203)   Evacuate Collection Set: 1.3ms
[2025-12-28T23:42:10.958+0000][2374.546s][info][gc,phases   ] GC(203)   Post Evacuate Collection Set: 0.5ms
[2025-12-28T23:42:10.958+0000][2374.547s][info][gc,phases   ] GC(203)   Other: 1.5ms
[2025-12-28T23:42:10.958+0000][2374.547s][info][gc,heap     ] GC(203) Eden regions: 951->0(951)
[2025-12-28T23:42:10.959+0000][2374.547s][info][gc,heap     ] GC(203) Survivor regions: 1->1(119)
[2025-12-28T23:42:10.959+0000][2374.547s][info][gc,heap     ] GC(203) Old regions: 41->41
[2025-12-28T23:42:10.959+0000][2374.547s][info][gc,heap     ] GC(203) Archive regions: 2->2
[2025-12-28T23:42:10.959+0000][2374.547s][info][gc,heap     ] GC(203) Humongous regions: 39->39
[2025-12-28T23:42:10.959+0000][2374.547s][info][gc,metaspace] GC(203) Metaspace: 75007K(75840K)->75007K(75840K) NonClass: 64797K(65216K)->64797K(65216K) Class: 10210K(10624K)->10210K(10624K)
[2025-12-28T23:42:10.959+0000][2374.547s][info][gc          ] GC(203) Pause Young (Normal) (G1 Evacuation Pause) 1031M->80M(1588M) 4.613ms
[2025-12-28T23:42:10.959+0000][2374.547s][info][gc,cpu      ] GC(203) User=0.01s Sys=0.00s Real=0.00s
[2025-12-28T23:42:23.899+0000][2387.488s][info][gc,start    ] GC(204) Pause Young (Normal) (G1 Evacuation Pause)
[2025-12-28T23:42:23.900+0000][2387.488s][info][gc,task     ] GC(204) Using 8 workers of 8 for evacuation
[2025-12-28T23:42:23.903+0000][2387.492s][info][gc,phases   ] GC(204)   Pre Evacuate Collection Set: 0.4ms
[2025-12-28T23:42:23.903+0000][2387.492s][info][gc,phases   ] GC(204)   Merge Heap Roots: 0.2ms
[2025-12-28T23:42:23.904+0000][2387.492s][info][gc,phases   ] GC(204)   Evacuate Collection Set: 1.6ms
[2025-12-28T23:42:23.904+0000][2387.492s][info][gc,phases   ] GC(204)   Post Evacuate Collection Set: 0.9ms
[2025-12-28T23:42:23.904+0000][2387.492s][info][gc,phases   ] GC(204)   Other: 0.9ms
[2025-12-28T23:42:23.904+0000][2387.492s][info][gc,heap     ] GC(204) Eden regions: 951->0(951)
[2025-12-28T23:42:23.904+0000][2387.492s][info][gc,heap     ] GC(204) Survivor regions: 1->1(119)
[2025-12-28T23:42:23.904+0000][2387.492s][info][gc,heap     ] GC(204) Old regions: 41->41
[2025-12-28T23:42:23.904+0000][2387.492s][info][gc,heap     ] GC(204) Archive regions: 2->2
[2025-12-28T23:42:23.904+0000][2387.492s][info][gc,heap     ] GC(204) Humongous regions: 39->39
[2025-12-28T23:42:23.904+0000][2387.492s][info][gc,metaspace] GC(204) Metaspace: 75008K(75840K)->75008K(75840K) NonClass: 64798K(65216K)->64798K(65216K) Class: 10210K(10624K)->10210K(10624K)
[2025-12-28T23:42:23.904+0000][2387.492s][info][gc          ] GC(204) Pause Young (Normal) (G1 Evacuation Pause) 1031M->80M(1588M) 4.709ms
[2025-12-28T23:42:23.904+0000][2387.492s][info][gc,cpu      ] GC(204) User=0.02s Sys=0.00s Real=0.01s
[2025-12-28T23:42:35.999+0000][2399.588s][info][gc,start    ] GC(205) Pause Young (Normal) (G1 Evacuation Pause)
[2025-12-28T23:42:36.000+0000][2399.589s][info][gc,task     ] GC(205) Using 8 workers of 8 for evacuation
[2025-12-28T23:42:36.003+0000][2399.592s][info][gc,phases   ] GC(205)   Pre Evacuate Collection Set: 0.3ms
[2025-12-28T23:42:36.004+0000][2399.592s][info][gc,phases   ] GC(205)   Merge Heap Roots: 0.2ms
[2025-12-28T23:42:36.004+0000][2399.592s][info][gc,phases   ] GC(205)   Evacuate Collection Set: 1.4ms
[2025-12-28T23:42:36.004+0000][2399.592s][info][gc,phases   ] GC(205)   Post Evacuate Collection Set: 0.7ms
[2025-12-28T23:42:36.004+0000][2399.592s][info][gc,phases   ] GC(205)   Other: 1.5ms
[2025-12-28T23:42:36.004+0000][2399.592s][info][gc,heap     ] GC(205) Eden regions: 951->0(951)
[2025-12-28T23:42:36.004+0000][2399.592s][info][gc,heap     ] GC(205) Survivor regions: 1->1(119)
[2025-12-28T23:42:36.004+0000][2399.593s][info][gc,heap     ] GC(205) Old regions: 41->41
[2025-12-28T23:42:36.005+0000][2399.593s][info][gc,heap     ] GC(205) Archive regions: 2->2
[2025-12-28T23:42:36.005+0000][2399.593s][info][gc,heap     ] GC(205) Humongous regions: 39->39
[2025-12-28T23:42:36.005+0000][2399.593s][info][gc,metaspace] GC(205) Metaspace: 75008K(75840K)->75008K(75840K) NonClass: 64798K(65216K)->64798K(65216K) Class: 10210K(10624K)->10210K(10624K)
[2025-12-28T23:42:36.005+0000][2399.593s][info][gc          ] GC(205) Pause Young (Normal) (G1 Evacuation Pause) 1031M->80M(1588M) 5.626ms
[2025-12-28T23:42:36.005+0000][2399.593s][info][gc,cpu      ] GC(205) User=0.02s Sys=0.00s Real=0.01s
[2025-12-28T23:42:48.105+0000][2411.693s][info][gc,start    ] GC(206) Pause Young (Normal) (G1 Evacuation Pause)
[2025-12-28T23:42:48.106+0000][2411.694s][info][gc,task     ] GC(206) Using 8 workers of 8 for evacuation
[2025-12-28T23:42:48.111+0000][2411.699s][info][gc,phases   ] GC(206)   Pre Evacuate Collection Set: 0.6ms
[2025-12-28T23:42:48.111+0000][2411.699s][info][gc,phases   ] GC(206)   Merge Heap Roots: 0.1ms
[2025-12-28T23:42:48.111+0000][2411.699s][info][gc,phases   ] GC(206)   Evacuate Collection Set: 3.4ms
[2025-12-28T23:42:48.111+0000][2411.699s][info][gc,phases   ] GC(206)   Post Evacuate Collection Set: 0.8ms
[2025-12-28T23:42:48.111+0000][2411.700s][info][gc,phases   ] GC(206)   Other: 1.2ms
[2025-12-28T23:42:48.112+0000][2411.700s][info][gc,heap     ] GC(206) Eden regions: 951->0(951)
[2025-12-28T23:42:48.112+0000][2411.700s][info][gc,heap     ] GC(206) Survivor regions: 1->1(119)
[2025-12-28T23:42:48.112+0000][2411.700s][info][gc,heap     ] GC(206) Old regions: 41->41
[2025-12-28T23:42:48.112+0000][2411.700s][info][gc,heap     ] GC(206) Archive regions: 2->2
[2025-12-28T23:42:48.112+0000][2411.700s][info][gc,heap     ] GC(206) Humongous regions: 39->39
[2025-12-28T23:42:48.112+0000][2411.700s][info][gc,metaspace] GC(206) Metaspace: 75008K(75840K)->75008K(75840K) NonClass: 64798K(65216K)->64798K(65216K) Class: 10210K(10624K)->10210K(10624K)
[2025-12-28T23:42:48.112+0000][2411.700s][info][gc          ] GC(206) Pause Young (Normal) (G1 Evacuation Pause) 1031M->80M(1588M) 7.464ms
[2025-12-28T23:42:48.112+0000][2411.701s][info][gc,cpu      ] GC(206) User=0.03s Sys=0.01s Real=0.01s
[2025-12-28T23:43:00.042+0000][2423.630s][info][gc,start    ] GC(207) Pause Young (Normal) (G1 Evacuation Pause)
[2025-12-28T23:43:00.044+0000][2423.632s][info][gc,task     ] GC(207) Using 8 workers of 8 for evacuation
[2025-12-28T23:43:00.046+0000][2423.634s][info][gc,phases   ] GC(207)   Pre Evacuate Collection Set: 0.3ms
[2025-12-28T23:43:00.046+0000][2423.635s][info][gc,phases   ] GC(207)   Merge Heap Roots: 0.2ms
[2025-12-28T23:43:00.047+0000][2423.635s][info][gc,phases   ] GC(207)   Evacuate Collection Set: 1.2ms
[2025-12-28T23:43:00.047+0000][2423.635s][info][gc,phases   ] GC(207)   Post Evacuate Collection Set: 0.6ms
[2025-12-28T23:43:00.047+0000][2423.635s][info][gc,phases   ] GC(207)   Other: 2.1ms
[2025-12-28T23:43:00.047+0000][2423.635s][info][gc,heap     ] GC(207) Eden regions: 951->0(951)
[2025-12-28T23:43:00.047+0000][2423.635s][info][gc,heap     ] GC(207) Survivor regions: 1->1(119)
[2025-12-28T23:43:00.047+0000][2423.635s][info][gc,heap     ] GC(207) Old regions: 41->41
[2025-12-28T23:43:00.047+0000][2423.635s][info][gc,heap     ] GC(207) Archive regions: 2->2
[2025-12-28T23:43:00.047+0000][2423.635s][info][gc,heap     ] GC(207) Humongous regions: 39->39
[2025-12-28T23:43:00.047+0000][2423.636s][info][gc,metaspace] GC(207) Metaspace: 75008K(75840K)->75008K(75840K) NonClass: 64798K(65216K)->64798K(65216K) Class: 10210K(10624K)->10210K(10624K)
[2025-12-28T23:43:00.047+0000][2423.636s][info][gc          ] GC(207) Pause Young (Normal) (G1 Evacuation Pause) 1031M->80M(1588M) 5.476ms
[2025-12-28T23:43:00.048+0000][2423.636s][info][gc,cpu      ] GC(207) User=0.01s Sys=0.00s Real=0.00s
[2025-12-28T23:43:12.056+0000][2435.644s][info][gc,start    ] GC(208) Pause Young (Normal) (G1 Evacuation Pause)
[2025-12-28T23:43:12.057+0000][2435.645s][info][gc,task     ] GC(208) Using 8 workers of 8 for evacuation
[2025-12-28T23:43:12.061+0000][2435.649s][info][gc,phases   ] GC(208)   Pre Evacuate Collection Set: 0.4ms
[2025-12-28T23:43:12.061+0000][2435.649s][info][gc,phases   ] GC(208)   Merge Heap Roots: 0.2ms
[2025-12-28T23:43:12.061+0000][2435.649s][info][gc,phases   ] GC(208)   Evacuate Collection Set: 1.4ms
[2025-12-28T23:43:12.061+0000][2435.649s][info][gc,phases   ] GC(208)   Post Evacuate Collection Set: 0.9ms
[2025-12-28T23:43:12.061+0000][2435.649s][info][gc,phases   ] GC(208)   Other: 1.7ms
[2025-12-28T23:43:12.061+0000][2435.650s][info][gc,heap     ] GC(208) Eden regions: 951->0(951)
[2025-12-28T23:43:12.061+0000][2435.650s][info][gc,heap     ] GC(208) Survivor regions: 1->1(119)
[2025-12-28T23:43:12.062+0000][2435.650s][info][gc,heap     ] GC(208) Old regions: 41->41
[2025-12-28T23:43:12.062+0000][2435.650s][info][gc,heap     ] GC(208) Archive regions: 2->2
[2025-12-28T23:43:12.062+0000][2435.650s][info][gc,heap     ] GC(208) Humongous regions: 39->39
[2025-12-28T23:43:12.062+0000][2435.650s][info][gc,metaspace] GC(208) Metaspace: 75009K(75840K)->75009K(75840K) NonClass: 64798K(65216K)->64798K(65216K) Class: 10210K(10624K)->10210K(10624K)
[2025-12-28T23:43:12.062+0000][2435.650s][info][gc          ] GC(208) Pause Young (Normal) (G1 Evacuation Pause) 1031M->80M(1588M) 6.109ms
[2025-12-28T23:43:12.062+0000][2435.651s][info][gc,cpu      ] GC(208) User=0.02s Sys=0.00s Real=0.01s
[2025-12-28T23:43:25.625+0000][2449.213s][info][gc,start    ] GC(209) Pause Young (Normal) (G1 Evacuation Pause)
[2025-12-28T23:43:25.626+0000][2449.214s][info][gc,task     ] GC(209) Using 8 workers of 8 for evacuation
[2025-12-28T23:43:25.628+0000][2449.216s][info][gc,phases   ] GC(209)   Pre Evacuate Collection Set: 0.2ms
[2025-12-28T23:43:25.628+0000][2449.216s][info][gc,phases   ] GC(209)   Merge Heap Roots: 0.1ms
[2025-12-28T23:43:25.628+0000][2449.216s][info][gc,phases   ] GC(209)   Evacuate Collection Set: 0.9ms
[2025-12-28T23:43:25.628+0000][2449.216s][info][gc,phases   ] GC(209)   Post Evacuate Collection Set: 0.5ms
[2025-12-28T23:43:25.628+0000][2449.216s][info][gc,phases   ] GC(209)   Other: 1.2ms
[2025-12-28T23:43:25.628+0000][2449.216s][info][gc,heap     ] GC(209) Eden regions: 951->0(951)
[2025-12-28T23:43:25.628+0000][2449.216s][info][gc,heap     ] GC(209) Survivor regions: 1->1(119)
[2025-12-28T23:43:25.628+0000][2449.217s][info][gc,heap     ] GC(209) Old regions: 41->41
[2025-12-28T23:43:25.628+0000][2449.217s][info][gc,heap     ] GC(209) Archive regions: 2->2
[2025-12-28T23:43:25.628+0000][2449.217s][info][gc,heap     ] GC(209) Humongous regions: 39->39
[2025-12-28T23:43:25.629+0000][2449.217s][info][gc,metaspace] GC(209) Metaspace: 75012K(75840K)->75012K(75840K) NonClass: 64802K(65216K)->64802K(65216K) Class: 10210K(10624K)->10210K(10624K)
[2025-12-28T23:43:25.629+0000][2449.217s][info][gc          ] GC(209) Pause Young (Normal) (G1 Evacuation Pause) 1031M->80M(1588M) 3.561ms
[2025-12-28T23:43:25.629+0000][2449.217s][info][gc,cpu      ] GC(209) User=0.01s Sys=0.00s Real=0.00s
[2025-12-28T23:43:37.626+0000][2461.214s][info][gc,start    ] GC(210) Pause Young (Normal) (G1 Evacuation Pause)
[2025-12-28T23:43:37.627+0000][2461.215s][info][gc,task     ] GC(210) Using 8 workers of 8 for evacuation
[2025-12-28T23:43:37.629+0000][2461.217s][info][gc,phases   ] GC(210)   Pre Evacuate Collection Set: 0.2ms
[2025-12-28T23:43:37.629+0000][2461.217s][info][gc,phases   ] GC(210)   Merge Heap Roots: 0.2ms
[2025-12-28T23:43:37.629+0000][2461.217s][info][gc,phases   ] GC(210)   Evacuate Collection Set: 1.1ms
[2025-12-28T23:43:37.629+0000][2461.217s][info][gc,phases   ] GC(210)   Post Evacuate Collection Set: 0.4ms
[2025-12-28T23:43:37.629+0000][2461.217s][info][gc,phases   ] GC(210)   Other: 0.7ms
[2025-12-28T23:43:37.629+0000][2461.217s][info][gc,heap     ] GC(210) Eden regions: 951->0(951)
[2025-12-28T23:43:37.629+0000][2461.217s][info][gc,heap     ] GC(210) Survivor regions: 1->1(119)
[2025-12-28T23:43:37.629+0000][2461.217s][info][gc,heap     ] GC(210) Old regions: 41->41
[2025-12-28T23:43:37.629+0000][2461.217s][info][gc,heap     ] GC(210) Archive regions: 2->2
[2025-12-28T23:43:37.629+0000][2461.217s][info][gc,heap     ] GC(210) Humongous regions: 39->39
[2025-12-28T23:43:37.629+0000][2461.217s][info][gc,metaspace] GC(210) Metaspace: 75013K(75840K)->75013K(75840K) NonClass: 64803K(65216K)->64803K(65216K) Class: 10210K(10624K)->10210K(10624K)
[2025-12-28T23:43:37.629+0000][2461.218s][info][gc          ] GC(210) Pause Young (Normal) (G1 Evacuation Pause) 1031M->80M(1588M) 3.089ms
[2025-12-28T23:43:37.629+0000][2461.218s][info][gc,cpu      ] GC(210) User=0.00s Sys=0.00s Real=0.00s
[2025-12-28T23:43:49.666+0000][2473.254s][info][gc,start    ] GC(211) Pause Young (Normal) (G1 Evacuation Pause)
[2025-12-28T23:43:49.666+0000][2473.255s][info][gc,task     ] GC(211) Using 8 workers of 8 for evacuation
[2025-12-28T23:43:49.669+0000][2473.257s][info][gc,phases   ] GC(211)   Pre Evacuate Collection Set: 0.3ms
[2025-12-28T23:43:49.669+0000][2473.258s][info][gc,phases   ] GC(211)   Merge Heap Roots: 0.2ms
[2025-12-28T23:43:49.670+0000][2473.258s][info][gc,phases   ] GC(211)   Evacuate Collection Set: 1.3ms
[2025-12-28T23:43:49.670+0000][2473.258s][info][gc,phases   ] GC(211)   Post Evacuate Collection Set: 0.7ms
[2025-12-28T23:43:49.670+0000][2473.258s][info][gc,phases   ] GC(211)   Other: 1.0ms
[2025-12-28T23:43:49.670+0000][2473.258s][info][gc,heap     ] GC(211) Eden regions: 951->0(951)
[2025-12-28T23:43:49.670+0000][2473.258s][info][gc,heap     ] GC(211) Survivor regions: 1->1(119)
[2025-12-28T23:43:49.670+0000][2473.258s][info][gc,heap     ] GC(211) Old regions: 41->41
[2025-12-28T23:43:49.671+0000][2473.259s][info][gc,heap     ] GC(211) Archive regions: 2->2
[2025-12-28T23:43:49.671+0000][2473.259s][info][gc,heap     ] GC(211) Humongous regions: 39->39
[2025-12-28T23:43:49.671+0000][2473.259s][info][gc,metaspace] GC(211) Metaspace: 75013K(75840K)->75013K(75840K) NonClass: 64803K(65216K)->64803K(65216K) Class: 10210K(10624K)->10210K(10624K)
[2025-12-28T23:43:49.671+0000][2473.259s][info][gc          ] GC(211) Pause Young (Normal) (G1 Evacuation Pause) 1031M->80M(1588M) 5.153ms
[2025-12-28T23:43:49.671+0000][2473.259s][info][gc,cpu      ] GC(211) User=0.01s Sys=0.00s Real=0.01s
[2025-12-28T23:44:01.638+0000][2485.227s][info][gc,start    ] GC(212) Pause Young (Normal) (G1 Evacuation Pause)
[2025-12-28T23:44:01.640+0000][2485.228s][info][gc,task     ] GC(212) Using 8 workers of 8 for evacuation
[2025-12-28T23:44:01.644+0000][2485.232s][info][gc,phases   ] GC(212)   Pre Evacuate Collection Set: 0.4ms
[2025-12-28T23:44:01.644+0000][2485.232s][info][gc,phases   ] GC(212)   Merge Heap Roots: 0.3ms
[2025-12-28T23:44:01.644+0000][2485.232s][info][gc,phases   ] GC(212)   Evacuate Collection Set: 1.9ms
[2025-12-28T23:44:01.644+0000][2485.232s][info][gc,phases   ] GC(212)   Post Evacuate Collection Set: 1.0ms
[2025-12-28T23:44:01.644+0000][2485.233s][info][gc,phases   ] GC(212)   Other: 1.7ms
[2025-12-28T23:44:01.645+0000][2485.233s][info][gc,heap     ] GC(212) Eden regions: 951->0(951)
[2025-12-28T23:44:01.645+0000][2485.233s][info][gc,heap     ] GC(212) Survivor regions: 1->1(119)
[2025-12-28T23:44:01.645+0000][2485.233s][info][gc,heap     ] GC(212) Old regions: 41->41
[2025-12-28T23:44:01.645+0000][2485.233s][info][gc,heap     ] GC(212) Archive regions: 2->2
[2025-12-28T23:44:01.645+0000][2485.233s][info][gc,heap     ] GC(212) Humongous regions: 39->39
[2025-12-28T23:44:01.645+0000][2485.233s][info][gc,metaspace] GC(212) Metaspace: 75014K(75840K)->75014K(75840K) NonClass: 64803K(65216K)->64803K(65216K) Class: 10210K(10624K)->10210K(10624K)
[2025-12-28T23:44:01.645+0000][2485.234s][info][gc          ] GC(212) Pause Young (Normal) (G1 Evacuation Pause) 1031M->80M(1588M) 6.906ms
[2025-12-28T23:44:01.646+0000][2485.234s][info][gc,cpu      ] GC(212) User=0.01s Sys=0.00s Real=0.01s
[2025-12-28T23:44:13.748+0000][2497.336s][info][gc,start    ] GC(213) Pause Young (Normal) (G1 Evacuation Pause)
[2025-12-28T23:44:13.749+0000][2497.337s][info][gc,task     ] GC(213) Using 8 workers of 8 for evacuation
[2025-12-28T23:44:13.760+0000][2497.348s][info][gc,phases   ] GC(213)   Pre Evacuate Collection Set: 0.5ms
[2025-12-28T23:44:13.760+0000][2497.348s][info][gc,phases   ] GC(213)   Merge Heap Roots: 0.2ms
[2025-12-28T23:44:13.760+0000][2497.348s][info][gc,phases   ] GC(213)   Evacuate Collection Set: 8.3ms
[2025-12-28T23:44:13.760+0000][2497.348s][info][gc,phases   ] GC(213)   Post Evacuate Collection Set: 2.0ms
[2025-12-28T23:44:13.760+0000][2497.349s][info][gc,phases   ] GC(213)   Other: 0.9ms
[2025-12-28T23:44:13.760+0000][2497.349s][info][gc,heap     ] GC(213) Eden regions: 951->0(951)
[2025-12-28T23:44:13.761+0000][2497.349s][info][gc,heap     ] GC(213) Survivor regions: 1->1(119)
[2025-12-28T23:44:13.761+0000][2497.349s][info][gc,heap     ] GC(213) Old regions: 41->41
[2025-12-28T23:44:13.761+0000][2497.349s][info][gc,heap     ] GC(213) Archive regions: 2->2
[2025-12-28T23:44:13.761+0000][2497.349s][info][gc,heap     ] GC(213) Humongous regions: 39->39
[2025-12-28T23:44:13.761+0000][2497.349s][info][gc,metaspace] GC(213) Metaspace: 75014K(75840K)->75014K(75840K) NonClass: 64803K(65216K)->64803K(65216K) Class: 10210K(10624K)->10210K(10624K)
[2025-12-28T23:44:13.761+0000][2497.349s][info][gc          ] GC(213) Pause Young (Normal) (G1 Evacuation Pause) 1031M->80M(1588M) 12.827ms
[2025-12-28T23:44:13.761+0000][2497.349s][info][gc,cpu      ] GC(213) User=0.08s Sys=0.00s Real=0.02s
[2025-12-28T23:44:25.965+0000][2509.553s][info][gc,start    ] GC(214) Pause Young (Normal) (G1 Evacuation Pause)
[2025-12-28T23:44:25.966+0000][2509.554s][info][gc,task     ] GC(214) Using 8 workers of 8 for evacuation
[2025-12-28T23:44:25.969+0000][2509.557s][info][gc,phases   ] GC(214)   Pre Evacuate Collection Set: 0.3ms
[2025-12-28T23:44:25.969+0000][2509.557s][info][gc,phases   ] GC(214)   Merge Heap Roots: 0.2ms
[2025-12-28T23:44:25.969+0000][2509.557s][info][gc,phases   ] GC(214)   Evacuate Collection Set: 1.3ms
[2025-12-28T23:44:25.969+0000][2509.557s][info][gc,phases   ] GC(214)   Post Evacuate Collection Set: 0.7ms
[2025-12-28T23:44:25.969+0000][2509.557s][info][gc,phases   ] GC(214)   Other: 1.2ms
[2025-12-28T23:44:25.969+0000][2509.557s][info][gc,heap     ] GC(214) Eden regions: 951->0(951)
[2025-12-28T23:44:25.969+0000][2509.557s][info][gc,heap     ] GC(214) Survivor regions: 1->1(119)
[2025-12-28T23:44:25.969+0000][2509.557s][info][gc,heap     ] GC(214) Old regions: 41->41
[2025-12-28T23:44:25.969+0000][2509.558s][info][gc,heap     ] GC(214) Archive regions: 2->2
[2025-12-28T23:44:25.969+0000][2509.558s][info][gc,heap     ] GC(214) Humongous regions: 39->39
[2025-12-28T23:44:25.969+0000][2509.558s][info][gc,metaspace] GC(214) Metaspace: 75028K(75840K)->75028K(75840K) NonClass: 64817K(65216K)->64817K(65216K) Class: 10210K(10624K)->10210K(10624K)
[2025-12-28T23:44:25.970+0000][2509.558s][info][gc          ] GC(214) Pause Young (Normal) (G1 Evacuation Pause) 1031M->80M(1588M) 4.451ms
[2025-12-28T23:44:25.970+0000][2509.558s][info][gc,cpu      ] GC(214) User=0.01s Sys=0.00s Real=0.00s
[2025-12-28T23:44:38.636+0000][2522.224s][info][gc,start    ] GC(215) Pause Young (Normal) (G1 Evacuation Pause)
[2025-12-28T23:44:38.637+0000][2522.225s][info][gc,task     ] GC(215) Using 8 workers of 8 for evacuation
[2025-12-28T23:44:38.641+0000][2522.229s][info][gc,phases   ] GC(215)   Pre Evacuate Collection Set: 0.4ms
[2025-12-28T23:44:38.641+0000][2522.229s][info][gc,phases   ] GC(215)   Merge Heap Roots: 0.3ms
[2025-12-28T23:44:38.641+0000][2522.230s][info][gc,phases   ] GC(215)   Evacuate Collection Set: 1.9ms
[2025-12-28T23:44:38.641+0000][2522.230s][info][gc,phases   ] GC(215)   Post Evacuate Collection Set: 0.9ms
[2025-12-28T23:44:38.642+0000][2522.230s][info][gc,phases   ] GC(215)   Other: 1.5ms
[2025-12-28T23:44:38.642+0000][2522.230s][info][gc,heap     ] GC(215) Eden regions: 951->0(951)
[2025-12-28T23:44:38.642+0000][2522.230s][info][gc,heap     ] GC(215) Survivor regions: 1->1(119)
[2025-12-28T23:44:38.642+0000][2522.230s][info][gc,heap     ] GC(215) Old regions: 41->41
[2025-12-28T23:44:38.642+0000][2522.230s][info][gc,heap     ] GC(215) Archive regions: 2->2
[2025-12-28T23:44:38.642+0000][2522.230s][info][gc,heap     ] GC(215) Humongous regions: 39->39
[2025-12-28T23:44:38.642+0000][2522.230s][info][gc,metaspace] GC(215) Metaspace: 75036K(75904K)->75036K(75904K) NonClass: 64825K(65280K)->64825K(65280K) Class: 10210K(10624K)->10210K(10624K)
[2025-12-28T23:44:38.642+0000][2522.230s][info][gc          ] GC(215) Pause Young (Normal) (G1 Evacuation Pause) 1031M->80M(1588M) 5.924ms
[2025-12-28T23:44:38.642+0000][2522.230s][info][gc,cpu      ] GC(215) User=0.02s Sys=0.00s Real=0.01s
[2025-12-28T23:44:50.316+0000][2533.904s][info][gc,start    ] GC(216) Pause Young (Normal) (G1 Evacuation Pause)
[2025-12-28T23:44:50.316+0000][2533.905s][info][gc,task     ] GC(216) Using 8 workers of 8 for evacuation
[2025-12-28T23:44:50.322+0000][2533.910s][info][gc,phases   ] GC(216)   Pre Evacuate Collection Set: 0.5ms
[2025-12-28T23:44:50.322+0000][2533.910s][info][gc,phases   ] GC(216)   Merge Heap Roots: 0.3ms
[2025-12-28T23:44:50.322+0000][2533.911s][info][gc,phases   ] GC(216)   Evacuate Collection Set: 2.7ms
[2025-12-28T23:44:50.323+0000][2533.911s][info][gc,phases   ] GC(216)   Post Evacuate Collection Set: 1.7ms
[2025-12-28T23:44:50.323+0000][2533.911s][info][gc,phases   ] GC(216)   Other: 1.6ms
[2025-12-28T23:44:50.323+0000][2533.911s][info][gc,heap     ] GC(216) Eden regions: 951->0(951)
[2025-12-28T23:44:50.323+0000][2533.911s][info][gc,heap     ] GC(216) Survivor regions: 1->1(119)
[2025-12-28T23:44:50.323+0000][2533.911s][info][gc,heap     ] GC(216) Old regions: 41->41
[2025-12-28T23:44:50.323+0000][2533.912s][info][gc,heap     ] GC(216) Archive regions: 2->2
[2025-12-28T23:44:50.323+0000][2533.912s][info][gc,heap     ] GC(216) Humongous regions: 39->39
[2025-12-28T23:44:50.324+0000][2533.912s][info][gc,metaspace] GC(216) Metaspace: 75036K(75904K)->75036K(75904K) NonClass: 64825K(65280K)->64825K(65280K) Class: 10210K(10624K)->10210K(10624K)
[2025-12-28T23:44:50.324+0000][2533.912s][info][gc          ] GC(216) Pause Young (Normal) (G1 Evacuation Pause) 1031M->80M(1588M) 8.215ms
[2025-12-28T23:44:50.324+0000][2533.912s][info][gc,cpu      ] GC(216) User=0.03s Sys=0.00s Real=0.01s
[2025-12-28T23:45:02.001+0000][2545.589s][info][gc,start    ] GC(217) Pause Young (Normal) (G1 Evacuation Pause)
[2025-12-28T23:45:02.002+0000][2545.591s][info][gc,task     ] GC(217) Using 8 workers of 8 for evacuation
[2025-12-28T23:45:02.011+0000][2545.599s][info][gc,phases   ] GC(217)   Pre Evacuate Collection Set: 0.6ms
[2025-12-28T23:45:02.011+0000][2545.599s][info][gc,phases   ] GC(217)   Merge Heap Roots: 0.3ms
[2025-12-28T23:45:02.011+0000][2545.600s][info][gc,phases   ] GC(217)   Evacuate Collection Set: 3.9ms
[2025-12-28T23:45:02.011+0000][2545.600s][info][gc,phases   ] GC(217)   Post Evacuate Collection Set: 3.3ms
[2025-12-28T23:45:02.012+0000][2545.600s][info][gc,phases   ] GC(217)   Other: 1.9ms
[2025-12-28T23:45:02.012+0000][2545.600s][info][gc,heap     ] GC(217) Eden regions: 951->0(951)
[2025-12-28T23:45:02.012+0000][2545.600s][info][gc,heap     ] GC(217) Survivor regions: 1->1(119)
[2025-12-28T23:45:02.012+0000][2545.600s][info][gc,heap     ] GC(217) Old regions: 41->41
[2025-12-28T23:45:02.012+0000][2545.600s][info][gc,heap     ] GC(217) Archive regions: 2->2
[2025-12-28T23:45:02.012+0000][2545.600s][info][gc,heap     ] GC(217) Humongous regions: 39->39
[2025-12-28T23:45:02.012+0000][2545.600s][info][gc,metaspace] GC(217) Metaspace: 75036K(75904K)->75036K(75904K) NonClass: 64825K(65280K)->64825K(65280K) Class: 10210K(10624K)->10210K(10624K)
[2025-12-28T23:45:02.012+0000][2545.601s][info][gc          ] GC(217) Pause Young (Normal) (G1 Evacuation Pause) 1031M->80M(1588M) 11.256ms
[2025-12-28T23:45:02.013+0000][2545.601s][info][gc,cpu      ] GC(217) User=0.05s Sys=0.00s Real=0.01s
[2025-12-28T23:45:13.739+0000][2557.327s][info][gc,start    ] GC(218) Pause Young (Normal) (G1 Evacuation Pause)
[2025-12-28T23:45:13.739+0000][2557.327s][info][gc,task     ] GC(218) Using 8 workers of 8 for evacuation
[2025-12-28T23:45:13.742+0000][2557.330s][info][gc,phases   ] GC(218)   Pre Evacuate Collection Set: 0.3ms
[2025-12-28T23:45:13.742+0000][2557.330s][info][gc,phases   ] GC(218)   Merge Heap Roots: 0.2ms
[2025-12-28T23:45:13.742+0000][2557.330s][info][gc,phases   ] GC(218)   Evacuate Collection Set: 1.5ms
[2025-12-28T23:45:13.742+0000][2557.331s][info][gc,phases   ] GC(218)   Post Evacuate Collection Set: 0.6ms
[2025-12-28T23:45:13.742+0000][2557.331s][info][gc,phases   ] GC(218)   Other: 0.8ms
[2025-12-28T23:45:13.743+0000][2557.331s][info][gc,heap     ] GC(218) Eden regions: 951->0(951)
[2025-12-28T23:45:13.743+0000][2557.331s][info][gc,heap     ] GC(218) Survivor regions: 1->1(119)
[2025-12-28T23:45:13.743+0000][2557.331s][info][gc,heap     ] GC(218) Old regions: 41->41
[2025-12-28T23:45:13.743+0000][2557.331s][info][gc,heap     ] GC(218) Archive regions: 2->2
[2025-12-28T23:45:13.743+0000][2557.331s][info][gc,heap     ] GC(218) Humongous regions: 39->39
[2025-12-28T23:45:13.743+0000][2557.331s][info][gc,metaspace] GC(218) Metaspace: 75039K(75904K)->75039K(75904K) NonClass: 64828K(65280K)->64828K(65280K) Class: 10210K(10624K)->10210K(10624K)
[2025-12-28T23:45:13.743+0000][2557.331s][info][gc          ] GC(218) Pause Young (Normal) (G1 Evacuation Pause) 1031M->80M(1588M) 4.532ms
[2025-12-28T23:45:13.743+0000][2557.331s][info][gc,cpu      ] GC(218) User=0.01s Sys=0.00s Real=0.01s
[2025-12-28T23:45:25.954+0000][2569.542s][info][gc,start    ] GC(219) Pause Young (Normal) (G1 Evacuation Pause)
[2025-12-28T23:45:25.955+0000][2569.543s][info][gc,task     ] GC(219) Using 8 workers of 8 for evacuation
[2025-12-28T23:45:25.957+0000][2569.546s][info][gc,phases   ] GC(219)   Pre Evacuate Collection Set: 0.3ms
[2025-12-28T23:45:25.958+0000][2569.546s][info][gc,phases   ] GC(219)   Merge Heap Roots: 0.2ms
[2025-12-28T23:45:25.958+0000][2569.546s][info][gc,phases   ] GC(219)   Evacuate Collection Set: 1.4ms
[2025-12-28T23:45:25.958+0000][2569.546s][info][gc,phases   ] GC(219)   Post Evacuate Collection Set: 0.7ms
[2025-12-28T23:45:25.958+0000][2569.546s][info][gc,phases   ] GC(219)   Other: 1.2ms
[2025-12-28T23:45:25.958+0000][2569.546s][info][gc,heap     ] GC(219) Eden regions: 951->0(951)
[2025-12-28T23:45:25.958+0000][2569.546s][info][gc,heap     ] GC(219) Survivor regions: 1->1(119)
[2025-12-28T23:45:25.958+0000][2569.546s][info][gc,heap     ] GC(219) Old regions: 41->41
[2025-12-28T23:45:25.958+0000][2569.546s][info][gc,heap     ] GC(219) Archive regions: 2->2
[2025-12-28T23:45:25.958+0000][2569.546s][info][gc,heap     ] GC(219) Humongous regions: 39->39
[2025-12-28T23:45:25.958+0000][2569.546s][info][gc,metaspace] GC(219) Metaspace: 75059K(75904K)->75059K(75904K) NonClass: 64848K(65280K)->64848K(65280K) Class: 10210K(10624K)->10210K(10624K)
[2025-12-28T23:45:25.958+0000][2569.547s][info][gc          ] GC(219) Pause Young (Normal) (G1 Evacuation Pause) 1031M->80M(1588M) 4.752ms
[2025-12-28T23:45:25.958+0000][2569.547s][info][gc,cpu      ] GC(219) User=0.01s Sys=0.00s Real=0.00s
[2025-12-28T23:45:38.132+0000][2581.721s][info][gc,start    ] GC(220) Pause Young (Normal) (G1 Evacuation Pause)
[2025-12-28T23:45:38.133+0000][2581.721s][info][gc,task     ] GC(220) Using 8 workers of 8 for evacuation
[2025-12-28T23:45:38.135+0000][2581.723s][info][gc,phases   ] GC(220)   Pre Evacuate Collection Set: 0.3ms
[2025-12-28T23:45:38.135+0000][2581.724s][info][gc,phases   ] GC(220)   Merge Heap Roots: 0.1ms
[2025-12-28T23:45:38.135+0000][2581.724s][info][gc,phases   ] GC(220)   Evacuate Collection Set: 0.9ms
[2025-12-28T23:45:38.136+0000][2581.724s][info][gc,phases   ] GC(220)   Post Evacuate Collection Set: 0.4ms
[2025-12-28T23:45:38.136+0000][2581.724s][info][gc,phases   ] GC(220)   Other: 1.2ms
[2025-12-28T23:45:38.136+0000][2581.724s][info][gc,heap     ] GC(220) Eden regions: 951->0(951)
[2025-12-28T23:45:38.136+0000][2581.724s][info][gc,heap     ] GC(220) Survivor regions: 1->1(119)
[2025-12-28T23:45:38.136+0000][2581.724s][info][gc,heap     ] GC(220) Old regions: 41->41
[2025-12-28T23:45:38.136+0000][2581.724s][info][gc,heap     ] GC(220) Archive regions: 2->2
[2025-12-28T23:45:38.136+0000][2581.724s][info][gc,heap     ] GC(220) Humongous regions: 39->39
[2025-12-28T23:45:38.136+0000][2581.724s][info][gc,metaspace] GC(220) Metaspace: 75059K(75904K)->75059K(75904K) NonClass: 64848K(65280K)->64848K(65280K) Class: 10210K(10624K)->10210K(10624K)
[2025-12-28T23:45:38.136+0000][2581.724s][info][gc          ] GC(220) Pause Young (Normal) (G1 Evacuation Pause) 1031M->80M(1588M) 3.867ms
[2025-12-28T23:45:38.136+0000][2581.725s][info][gc,cpu      ] GC(220) User=0.01s Sys=0.00s Real=0.00s
[2025-12-28T23:45:49.771+0000][2593.359s][info][gc,start    ] GC(221) Pause Young (Normal) (G1 Evacuation Pause)
[2025-12-28T23:45:49.772+0000][2593.360s][info][gc,task     ] GC(221) Using 8 workers of 8 for evacuation
[2025-12-28T23:45:49.775+0000][2593.363s][info][gc,phases   ] GC(221)   Pre Evacuate Collection Set: 0.3ms
[2025-12-28T23:45:49.775+0000][2593.363s][info][gc,phases   ] GC(221)   Merge Heap Roots: 0.3ms
[2025-12-28T23:45:49.775+0000][2593.363s][info][gc,phases   ] GC(221)   Evacuate Collection Set: 1.3ms
[2025-12-28T23:45:49.775+0000][2593.363s][info][gc,phases   ] GC(221)   Post Evacuate Collection Set: 0.7ms
[2025-12-28T23:45:49.775+0000][2593.363s][info][gc,phases   ] GC(221)   Other: 1.3ms
[2025-12-28T23:45:49.775+0000][2593.364s][info][gc,heap     ] GC(221) Eden regions: 951->0(951)
[2025-12-28T23:45:49.775+0000][2593.364s][info][gc,heap     ] GC(221) Survivor regions: 1->1(119)
[2025-12-28T23:45:49.776+0000][2593.364s][info][gc,heap     ] GC(221) Old regions: 41->41
[2025-12-28T23:45:49.776+0000][2593.364s][info][gc,heap     ] GC(221) Archive regions: 2->2
[2025-12-28T23:45:49.776+0000][2593.364s][info][gc,heap     ] GC(221) Humongous regions: 39->39
[2025-12-28T23:45:49.776+0000][2593.364s][info][gc,metaspace] GC(221) Metaspace: 75059K(75904K)->75059K(75904K) NonClass: 64849K(65280K)->64849K(65280K) Class: 10210K(10624K)->10210K(10624K)
[2025-12-28T23:45:49.776+0000][2593.364s][info][gc          ] GC(221) Pause Young (Normal) (G1 Evacuation Pause) 1031M->80M(1588M) 5.260ms
[2025-12-28T23:45:49.776+0000][2593.364s][info][gc,cpu      ] GC(221) User=0.01s Sys=0.00s Real=0.00s
[2025-12-28T23:46:01.276+0000][2604.865s][info][gc,start    ] GC(222) Pause Young (Normal) (G1 Evacuation Pause)
[2025-12-28T23:46:01.277+0000][2604.866s][info][gc,task     ] GC(222) Using 8 workers of 8 for evacuation
[2025-12-28T23:46:01.287+0000][2604.875s][info][gc,phases   ] GC(222)   Pre Evacuate Collection Set: 0.5ms
[2025-12-28T23:46:01.287+0000][2604.876s][info][gc,phases   ] GC(222)   Merge Heap Roots: 0.6ms
[2025-12-28T23:46:01.288+0000][2604.876s][info][gc,phases   ] GC(222)   Evacuate Collection Set: 5.0ms
[2025-12-28T23:46:01.288+0000][2604.876s][info][gc,phases   ] GC(222)   Post Evacuate Collection Set: 3.5ms
[2025-12-28T23:46:01.288+0000][2604.876s][info][gc,phases   ] GC(222)   Other: 1.4ms
[2025-12-28T23:46:01.288+0000][2604.876s][info][gc,heap     ] GC(222) Eden regions: 951->0(951)
[2025-12-28T23:46:01.288+0000][2604.876s][info][gc,heap     ] GC(222) Survivor regions: 1->1(119)
[2025-12-28T23:46:01.288+0000][2604.876s][info][gc,heap     ] GC(222) Old regions: 41->41
[2025-12-28T23:46:01.288+0000][2604.876s][info][gc,heap     ] GC(222) Archive regions: 2->2
[2025-12-28T23:46:01.288+0000][2604.876s][info][gc,heap     ] GC(222) Humongous regions: 39->39
[2025-12-28T23:46:01.288+0000][2604.876s][info][gc,metaspace] GC(222) Metaspace: 75059K(75904K)->75059K(75904K) NonClass: 64849K(65280K)->64849K(65280K) Class: 10210K(10624K)->10210K(10624K)
[2025-12-28T23:46:01.288+0000][2604.877s][info][gc          ] GC(222) Pause Young (Normal) (G1 Evacuation Pause) 1031M->80M(1588M) 12.037ms
[2025-12-28T23:46:01.289+0000][2604.877s][info][gc,cpu      ] GC(222) User=0.06s Sys=0.00s Real=0.01s
[2025-12-28T23:46:13.096+0000][2616.684s][info][gc,start    ] GC(223) Pause Young (Normal) (G1 Evacuation Pause)
[2025-12-28T23:46:13.097+0000][2616.685s][info][gc,task     ] GC(223) Using 8 workers of 8 for evacuation
[2025-12-28T23:46:13.099+0000][2616.687s][info][gc,phases   ] GC(223)   Pre Evacuate Collection Set: 0.2ms
[2025-12-28T23:46:13.099+0000][2616.687s][info][gc,phases   ] GC(223)   Merge Heap Roots: 0.2ms
[2025-12-28T23:46:13.099+0000][2616.687s][info][gc,phases   ] GC(223)   Evacuate Collection Set: 0.9ms
[2025-12-28T23:46:13.099+0000][2616.687s][info][gc,phases   ] GC(223)   Post Evacuate Collection Set: 0.6ms
[2025-12-28T23:46:13.099+0000][2616.688s][info][gc,phases   ] GC(223)   Other: 1.2ms
[2025-12-28T23:46:13.099+0000][2616.688s][info][gc,heap     ] GC(223) Eden regions: 951->0(951)
[2025-12-28T23:46:13.100+0000][2616.688s][info][gc,heap     ] GC(223) Survivor regions: 1->1(119)
[2025-12-28T23:46:13.100+0000][2616.688s][info][gc,heap     ] GC(223) Old regions: 41->41
[2025-12-28T23:46:13.100+0000][2616.688s][info][gc,heap     ] GC(223) Archive regions: 2->2
[2025-12-28T23:46:13.100+0000][2616.688s][info][gc,heap     ] GC(223) Humongous regions: 39->39
[2025-12-28T23:46:13.100+0000][2616.688s][info][gc,metaspace] GC(223) Metaspace: 75061K(75904K)->75061K(75904K) NonClass: 64851K(65280K)->64851K(65280K) Class: 10210K(10624K)->10210K(10624K)
[2025-12-28T23:46:13.100+0000][2616.688s][info][gc          ] GC(223) Pause Young (Normal) (G1 Evacuation Pause) 1031M->80M(1588M) 4.092ms
[2025-12-28T23:46:13.100+0000][2616.688s][info][gc,cpu      ] GC(223) User=0.01s Sys=0.00s Real=0.01s
[2025-12-28T23:46:25.945+0000][2629.533s][info][gc,start    ] GC(224) Pause Young (Normal) (G1 Evacuation Pause)
[2025-12-28T23:46:25.946+0000][2629.534s][info][gc,task     ] GC(224) Using 8 workers of 8 for evacuation
[2025-12-28T23:46:25.950+0000][2629.539s][info][gc,phases   ] GC(224)   Pre Evacuate Collection Set: 0.6ms
[2025-12-28T23:46:25.951+0000][2629.539s][info][gc,phases   ] GC(224)   Merge Heap Roots: 0.2ms
[2025-12-28T23:46:25.951+0000][2629.539s][info][gc,phases   ] GC(224)   Evacuate Collection Set: 1.9ms
[2025-12-28T23:46:25.951+0000][2629.539s][info][gc,phases   ] GC(224)   Post Evacuate Collection Set: 1.0ms
[2025-12-28T23:46:25.951+0000][2629.539s][info][gc,phases   ] GC(224)   Other: 2.2ms
[2025-12-28T23:46:25.951+0000][2629.539s][info][gc,heap     ] GC(224) Eden regions: 951->0(951)
[2025-12-28T23:46:25.951+0000][2629.539s][info][gc,heap     ] GC(224) Survivor regions: 1->1(119)
[2025-12-28T23:46:25.951+0000][2629.539s][info][gc,heap     ] GC(224) Old regions: 41->41
[2025-12-28T23:46:25.951+0000][2629.539s][info][gc,heap     ] GC(224) Archive regions: 2->2
[2025-12-28T23:46:25.951+0000][2629.540s][info][gc,heap     ] GC(224) Humongous regions: 39->39
[2025-12-28T23:46:25.951+0000][2629.540s][info][gc,metaspace] GC(224) Metaspace: 75063K(75904K)->75063K(75904K) NonClass: 64853K(65280K)->64853K(65280K) Class: 10210K(10624K)->10210K(10624K)
[2025-12-28T23:46:25.951+0000][2629.540s][info][gc          ] GC(224) Pause Young (Normal) (G1 Evacuation Pause) 1031M->80M(1588M) 6.233ms
[2025-12-28T23:46:25.952+0000][2629.540s][info][gc,cpu      ] GC(224) User=0.02s Sys=0.00s Real=0.01s
[2025-12-28T23:46:37.844+0000][2641.432s][info][gc,start    ] GC(225) Pause Young (Normal) (G1 Evacuation Pause)
[2025-12-28T23:46:37.845+0000][2641.433s][info][gc,task     ] GC(225) Using 8 workers of 8 for evacuation
[2025-12-28T23:46:37.848+0000][2641.436s][info][gc,phases   ] GC(225)   Pre Evacuate Collection Set: 0.3ms
[2025-12-28T23:46:37.848+0000][2641.436s][info][gc,phases   ] GC(225)   Merge Heap Roots: 0.2ms
[2025-12-28T23:46:37.848+0000][2641.436s][info][gc,phases   ] GC(225)   Evacuate Collection Set: 1.0ms
[2025-12-28T23:46:37.848+0000][2641.436s][info][gc,phases   ] GC(225)   Post Evacuate Collection Set: 0.6ms
[2025-12-28T23:46:37.848+0000][2641.436s][info][gc,phases   ] GC(225)   Other: 1.3ms
[2025-12-28T23:46:37.848+0000][2641.436s][info][gc,heap     ] GC(225) Eden regions: 951->0(951)
[2025-12-28T23:46:37.848+0000][2641.436s][info][gc,heap     ] GC(225) Survivor regions: 1->1(119)
[2025-12-28T23:46:37.848+0000][2641.436s][info][gc,heap     ] GC(225) Old regions: 41->41
[2025-12-28T23:46:37.848+0000][2641.437s][info][gc,heap     ] GC(225) Archive regions: 2->2
[2025-12-28T23:46:37.848+0000][2641.437s][info][gc,heap     ] GC(225) Humongous regions: 39->39
[2025-12-28T23:46:37.849+0000][2641.437s][info][gc,metaspace] GC(225) Metaspace: 75064K(75904K)->75064K(75904K) NonClass: 64853K(65280K)->64853K(65280K) Class: 10210K(10624K)->10210K(10624K)
[2025-12-28T23:46:37.849+0000][2641.437s][info][gc          ] GC(225) Pause Young (Normal) (G1 Evacuation Pause) 1031M->80M(1588M) 4.412ms
[2025-12-28T23:46:37.849+0000][2641.437s][info][gc,cpu      ] GC(225) User=0.01s Sys=0.01s Real=0.00s
[2025-12-28T23:46:49.726+0000][2653.314s][info][gc,start    ] GC(226) Pause Young (Normal) (G1 Evacuation Pause)
[2025-12-28T23:46:49.726+0000][2653.315s][info][gc,task     ] GC(226) Using 8 workers of 8 for evacuation
[2025-12-28T23:46:49.732+0000][2653.321s][info][gc,phases   ] GC(226)   Pre Evacuate Collection Set: 0.5ms
[2025-12-28T23:46:49.733+0000][2653.321s][info][gc,phases   ] GC(226)   Merge Heap Roots: 0.5ms
[2025-12-28T23:46:49.733+0000][2653.321s][info][gc,phases   ] GC(226)   Evacuate Collection Set: 3.5ms
[2025-12-28T23:46:49.733+0000][2653.321s][info][gc,phases   ] GC(226)   Post Evacuate Collection Set: 1.3ms
[2025-12-28T23:46:49.733+0000][2653.321s][info][gc,phases   ] GC(226)   Other: 1.3ms
[2025-12-28T23:46:49.733+0000][2653.321s][info][gc,heap     ] GC(226) Eden regions: 951->0(951)
[2025-12-28T23:46:49.733+0000][2653.321s][info][gc,heap     ] GC(226) Survivor regions: 1->1(119)
[2025-12-28T23:46:49.733+0000][2653.321s][info][gc,heap     ] GC(226) Old regions: 41->41
[2025-12-28T23:46:49.733+0000][2653.322s][info][gc,heap     ] GC(226) Archive regions: 2->2
[2025-12-28T23:46:49.733+0000][2653.322s][info][gc,heap     ] GC(226) Humongous regions: 39->39
[2025-12-28T23:46:49.734+0000][2653.322s][info][gc,metaspace] GC(226) Metaspace: 75090K(75904K)->75090K(75904K) NonClass: 64879K(65280K)->64879K(65280K) Class: 10210K(10624K)->10210K(10624K)
[2025-12-28T23:46:49.734+0000][2653.322s][info][gc          ] GC(226) Pause Young (Normal) (G1 Evacuation Pause) 1031M->80M(1588M) 8.057ms
[2025-12-28T23:46:49.734+0000][2653.322s][info][gc,cpu      ] GC(226) User=0.03s Sys=0.00s Real=0.01s
[2025-12-28T23:47:01.426+0000][2665.014s][info][gc,start    ] GC(227) Pause Young (Normal) (G1 Evacuation Pause)
[2025-12-28T23:47:01.427+0000][2665.015s][info][gc,task     ] GC(227) Using 8 workers of 8 for evacuation
[2025-12-28T23:47:01.429+0000][2665.017s][info][gc,phases   ] GC(227)   Pre Evacuate Collection Set: 0.3ms
[2025-12-28T23:47:01.429+0000][2665.017s][info][gc,phases   ] GC(227)   Merge Heap Roots: 0.2ms
[2025-12-28T23:47:01.429+0000][2665.017s][info][gc,phases   ] GC(227)   Evacuate Collection Set: 1.1ms
[2025-12-28T23:47:01.429+0000][2665.017s][info][gc,phases   ] GC(227)   Post Evacuate Collection Set: 0.5ms
[2025-12-28T23:47:01.429+0000][2665.017s][info][gc,phases   ] GC(227)   Other: 0.7ms
[2025-12-28T23:47:01.429+0000][2665.018s][info][gc,heap     ] GC(227) Eden regions: 951->0(951)
[2025-12-28T23:47:01.429+0000][2665.018s][info][gc,heap     ] GC(227) Survivor regions: 1->1(119)
[2025-12-28T23:47:01.429+0000][2665.018s][info][gc,heap     ] GC(227) Old regions: 41->41
[2025-12-28T23:47:01.430+0000][2665.018s][info][gc,heap     ] GC(227) Archive regions: 2->2
[2025-12-28T23:47:01.430+0000][2665.018s][info][gc,heap     ] GC(227) Humongous regions: 39->39
[2025-12-28T23:47:01.430+0000][2665.018s][info][gc,metaspace] GC(227) Metaspace: 75097K(75904K)->75097K(75904K) NonClass: 64887K(65280K)->64887K(65280K) Class: 10210K(10624K)->10210K(10624K)
[2025-12-28T23:47:01.430+0000][2665.018s][info][gc          ] GC(227) Pause Young (Normal) (G1 Evacuation Pause) 1031M->80M(1588M) 3.418ms
[2025-12-28T23:47:01.430+0000][2665.018s][info][gc,cpu      ] GC(227) User=0.01s Sys=0.00s Real=0.00s
[2025-12-28T23:47:13.098+0000][2676.686s][info][gc,start    ] GC(228) Pause Young (Normal) (G1 Evacuation Pause)
[2025-12-28T23:47:13.098+0000][2676.686s][info][gc,task     ] GC(228) Using 8 workers of 8 for evacuation
[2025-12-28T23:47:13.102+0000][2676.690s][info][gc,phases   ] GC(228)   Pre Evacuate Collection Set: 0.4ms
[2025-12-28T23:47:13.102+0000][2676.690s][info][gc,phases   ] GC(228)   Merge Heap Roots: 0.3ms
[2025-12-28T23:47:13.102+0000][2676.690s][info][gc,phases   ] GC(228)   Evacuate Collection Set: 2.0ms
[2025-12-28T23:47:13.102+0000][2676.690s][info][gc,phases   ] GC(228)   Post Evacuate Collection Set: 0.8ms
[2025-12-28T23:47:13.102+0000][2676.690s][info][gc,phases   ] GC(228)   Other: 1.0ms
[2025-12-28T23:47:13.102+0000][2676.690s][info][gc,heap     ] GC(228) Eden regions: 951->0(951)
[2025-12-28T23:47:13.102+0000][2676.690s][info][gc,heap     ] GC(228) Survivor regions: 1->1(119)
[2025-12-28T23:47:13.102+0000][2676.691s][info][gc,heap     ] GC(228) Old regions: 41->41
[2025-12-28T23:47:13.102+0000][2676.691s][info][gc,heap     ] GC(228) Archive regions: 2->2
[2025-12-28T23:47:13.102+0000][2676.691s][info][gc,heap     ] GC(228) Humongous regions: 39->39
[2025-12-28T23:47:13.102+0000][2676.691s][info][gc,metaspace] GC(228) Metaspace: 75097K(75904K)->75097K(75904K) NonClass: 64887K(65280K)->64887K(65280K) Class: 10210K(10624K)->10210K(10624K)
[2025-12-28T23:47:13.103+0000][2676.691s][info][gc          ] GC(228) Pause Young (Normal) (G1 Evacuation Pause) 1031M->80M(1588M) 5.132ms
[2025-12-28T23:47:13.103+0000][2676.691s][info][gc,cpu      ] GC(228) User=0.02s Sys=0.00s Real=0.01s
[2025-12-28T23:47:25.939+0000][2689.527s][info][gc,start    ] GC(229) Pause Young (Normal) (G1 Evacuation Pause)
[2025-12-28T23:47:25.940+0000][2689.528s][info][gc,task     ] GC(229) Using 8 workers of 8 for evacuation
[2025-12-28T23:47:25.942+0000][2689.530s][info][gc,phases   ] GC(229)   Pre Evacuate Collection Set: 0.3ms
[2025-12-28T23:47:25.942+0000][2689.530s][info][gc,phases   ] GC(229)   Merge Heap Roots: 0.2ms
[2025-12-28T23:47:25.942+0000][2689.531s][info][gc,phases   ] GC(229)   Evacuate Collection Set: 1.1ms
[2025-12-28T23:47:25.942+0000][2689.531s][info][gc,phases   ] GC(229)   Post Evacuate Collection Set: 0.7ms
[2025-12-28T23:47:25.943+0000][2689.531s][info][gc,phases   ] GC(229)   Other: 1.1ms
[2025-12-28T23:47:25.943+0000][2689.531s][info][gc,heap     ] GC(229) Eden regions: 951->0(951)
[2025-12-28T23:47:25.943+0000][2689.531s][info][gc,heap     ] GC(229) Survivor regions: 1->1(119)
[2025-12-28T23:47:25.943+0000][2689.531s][info][gc,heap     ] GC(229) Old regions: 41->41
[2025-12-28T23:47:25.943+0000][2689.531s][info][gc,heap     ] GC(229) Archive regions: 2->2
[2025-12-28T23:47:25.943+0000][2689.531s][info][gc,heap     ] GC(229) Humongous regions: 39->39
[2025-12-28T23:47:25.943+0000][2689.531s][info][gc,metaspace] GC(229) Metaspace: 75097K(75904K)->75097K(75904K) NonClass: 64887K(65280K)->64887K(65280K) Class: 10210K(10624K)->10210K(10624K)
[2025-12-28T23:47:25.943+0000][2689.531s][info][gc          ] GC(229) Pause Young (Normal) (G1 Evacuation Pause) 1031M->80M(1588M) 4.074ms
[2025-12-28T23:47:25.943+0000][2689.531s][info][gc,cpu      ] GC(229) User=0.00s Sys=0.00s Real=0.01s
[2025-12-28T23:47:38.006+0000][2701.594s][info][gc,start    ] GC(230) Pause Young (Normal) (G1 Evacuation Pause)
[2025-12-28T23:47:38.007+0000][2701.595s][info][gc,task     ] GC(230) Using 8 workers of 8 for evacuation
[2025-12-28T23:47:38.013+0000][2701.601s][info][gc,phases   ] GC(230)   Pre Evacuate Collection Set: 0.6ms
[2025-12-28T23:47:38.013+0000][2701.601s][info][gc,phases   ] GC(230)   Merge Heap Roots: 0.4ms
[2025-12-28T23:47:38.013+0000][2701.601s][info][gc,phases   ] GC(230)   Evacuate Collection Set: 2.9ms
[2025-12-28T23:47:38.013+0000][2701.602s][info][gc,phases   ] GC(230)   Post Evacuate Collection Set: 1.9ms
[2025-12-28T23:47:38.013+0000][2701.602s][info][gc,phases   ] GC(230)   Other: 1.8ms
[2025-12-28T23:47:38.014+0000][2701.602s][info][gc,heap     ] GC(230) Eden regions: 951->0(951)
[2025-12-28T23:47:38.014+0000][2701.602s][info][gc,heap     ] GC(230) Survivor regions: 1->1(119)
[2025-12-28T23:47:38.014+0000][2701.602s][info][gc,heap     ] GC(230) Old regions: 41->41
[2025-12-28T23:47:38.014+0000][2701.602s][info][gc,heap     ] GC(230) Archive regions: 2->2
[2025-12-28T23:47:38.014+0000][2701.602s][info][gc,heap     ] GC(230) Humongous regions: 39->39
[2025-12-28T23:47:38.014+0000][2701.602s][info][gc,metaspace] GC(230) Metaspace: 75100K(75904K)->75100K(75904K) NonClass: 64889K(65280K)->64889K(65280K) Class: 10210K(10624K)->10210K(10624K)
[2025-12-28T23:47:38.014+0000][2701.602s][info][gc          ] GC(230) Pause Young (Normal) (G1 Evacuation Pause) 1031M->80M(1588M) 8.283ms
[2025-12-28T23:47:38.014+0000][2701.602s][info][gc,cpu      ] GC(230) User=0.03s Sys=0.01s Real=0.01s
[2025-12-28T23:47:49.707+0000][2713.295s][info][gc,start    ] GC(231) Pause Young (Normal) (G1 Evacuation Pause)
[2025-12-28T23:47:49.708+0000][2713.296s][info][gc,task     ] GC(231) Using 8 workers of 8 for evacuation
[2025-12-28T23:47:49.710+0000][2713.298s][info][gc,phases   ] GC(231)   Pre Evacuate Collection Set: 0.3ms
[2025-12-28T23:47:49.710+0000][2713.298s][info][gc,phases   ] GC(231)   Merge Heap Roots: 0.3ms
[2025-12-28T23:47:49.710+0000][2713.298s][info][gc,phases   ] GC(231)   Evacuate Collection Set: 1.2ms
[2025-12-28T23:47:49.710+0000][2713.298s][info][gc,phases   ] GC(231)   Post Evacuate Collection Set: 0.5ms
[2025-12-28T23:47:49.710+0000][2713.299s][info][gc,phases   ] GC(231)   Other: 1.1ms
[2025-12-28T23:47:49.710+0000][2713.299s][info][gc,heap     ] GC(231) Eden regions: 951->0(951)
[2025-12-28T23:47:49.711+0000][2713.299s][info][gc,heap     ] GC(231) Survivor regions: 1->1(119)
[2025-12-28T23:47:49.711+0000][2713.299s][info][gc,heap     ] GC(231) Old regions: 41->41
[2025-12-28T23:47:49.711+0000][2713.299s][info][gc,heap     ] GC(231) Archive regions: 2->2
[2025-12-28T23:47:49.711+0000][2713.299s][info][gc,heap     ] GC(231) Humongous regions: 39->39
[2025-12-28T23:47:49.711+0000][2713.299s][info][gc,metaspace] GC(231) Metaspace: 75100K(75904K)->75100K(75904K) NonClass: 64889K(65280K)->64889K(65280K) Class: 10210K(10624K)->10210K(10624K)
[2025-12-28T23:47:49.711+0000][2713.299s][info][gc          ] GC(231) Pause Young (Normal) (G1 Evacuation Pause) 1031M->80M(1588M) 4.377ms
[2025-12-28T23:47:49.711+0000][2713.299s][info][gc,cpu      ] GC(231) User=0.01s Sys=0.00s Real=0.01s
[2025-12-28T23:48:01.186+0000][2724.774s][info][gc,start    ] GC(232) Pause Young (Normal) (G1 Evacuation Pause)
[2025-12-28T23:48:01.187+0000][2724.776s][info][gc,task     ] GC(232) Using 8 workers of 8 for evacuation
[2025-12-28T23:48:01.195+0000][2724.783s][info][gc,phases   ] GC(232)   Pre Evacuate Collection Set: 1.1ms
[2025-12-28T23:48:01.195+0000][2724.783s][info][gc,phases   ] GC(232)   Merge Heap Roots: 0.5ms
[2025-12-28T23:48:01.195+0000][2724.783s][info][gc,phases   ] GC(232)   Evacuate Collection Set: 2.9ms
[2025-12-28T23:48:01.195+0000][2724.783s][info][gc,phases   ] GC(232)   Post Evacuate Collection Set: 2.1ms
[2025-12-28T23:48:01.195+0000][2724.784s][info][gc,phases   ] GC(232)   Other: 2.6ms
[2025-12-28T23:48:01.195+0000][2724.784s][info][gc,heap     ] GC(232) Eden regions: 951->0(951)
[2025-12-28T23:48:01.196+0000][2724.784s][info][gc,heap     ] GC(232) Survivor regions: 1->1(119)
[2025-12-28T23:48:01.196+0000][2724.784s][info][gc,heap     ] GC(232) Old regions: 41->41
[2025-12-28T23:48:01.196+0000][2724.784s][info][gc,heap     ] GC(232) Archive regions: 2->2
[2025-12-28T23:48:01.196+0000][2724.784s][info][gc,heap     ] GC(232) Humongous regions: 39->39
[2025-12-28T23:48:01.196+0000][2724.784s][info][gc,metaspace] GC(232) Metaspace: 75150K(75968K)->75150K(75968K) NonClass: 64936K(65344K)->64936K(65344K) Class: 10213K(10624K)->10213K(10624K)
[2025-12-28T23:48:01.196+0000][2724.784s][info][gc          ] GC(232) Pause Young (Normal) (G1 Evacuation Pause) 1031M->80M(1588M) 10.254ms
[2025-12-28T23:48:01.196+0000][2724.784s][info][gc,cpu      ] GC(232) User=0.04s Sys=0.00s Real=0.01s
[2025-12-28T23:48:13.026+0000][2736.615s][info][gc,start    ] GC(233) Pause Young (Normal) (G1 Evacuation Pause)
[2025-12-28T23:48:13.027+0000][2736.615s][info][gc,task     ] GC(233) Using 8 workers of 8 for evacuation
[2025-12-28T23:48:13.030+0000][2736.618s][info][gc,phases   ] GC(233)   Pre Evacuate Collection Set: 0.3ms
[2025-12-28T23:48:13.030+0000][2736.619s][info][gc,phases   ] GC(233)   Merge Heap Roots: 0.2ms
[2025-12-28T23:48:13.030+0000][2736.619s][info][gc,phases   ] GC(233)   Evacuate Collection Set: 2.0ms
[2025-12-28T23:48:13.030+0000][2736.619s][info][gc,phases   ] GC(233)   Post Evacuate Collection Set: 0.7ms
[2025-12-28T23:48:13.031+0000][2736.619s][info][gc,phases   ] GC(233)   Other: 0.8ms
[2025-12-28T23:48:13.031+0000][2736.619s][info][gc,heap     ] GC(233) Eden regions: 951->0(951)
[2025-12-28T23:48:13.031+0000][2736.619s][info][gc,heap     ] GC(233) Survivor regions: 1->1(119)
[2025-12-28T23:48:13.031+0000][2736.619s][info][gc,heap     ] GC(233) Old regions: 41->41
[2025-12-28T23:48:13.031+0000][2736.619s][info][gc,heap     ] GC(233) Archive regions: 2->2
[2025-12-28T23:48:13.031+0000][2736.619s][info][gc,heap     ] GC(233) Humongous regions: 39->39
[2025-12-28T23:48:13.031+0000][2736.619s][info][gc,metaspace] GC(233) Metaspace: 75151K(75968K)->75151K(75968K) NonClass: 64938K(65344K)->64938K(65344K) Class: 10213K(10624K)->10213K(10624K)
[2025-12-28T23:48:13.031+0000][2736.619s][info][gc          ] GC(233) Pause Young (Normal) (G1 Evacuation Pause) 1031M->80M(1588M) 4.632ms
[2025-12-28T23:48:13.031+0000][2736.619s][info][gc,cpu      ] GC(233) User=0.01s Sys=0.00s Real=0.01s
[2025-12-28T23:48:25.948+0000][2749.536s][info][gc,start    ] GC(234) Pause Young (Normal) (G1 Evacuation Pause)
[2025-12-28T23:48:25.949+0000][2749.537s][info][gc,task     ] GC(234) Using 8 workers of 8 for evacuation
[2025-12-28T23:48:25.955+0000][2749.544s][info][gc,phases   ] GC(234)   Pre Evacuate Collection Set: 0.7ms
[2025-12-28T23:48:25.956+0000][2749.544s][info][gc,phases   ] GC(234)   Merge Heap Roots: 0.3ms
[2025-12-28T23:48:25.956+0000][2749.544s][info][gc,phases   ] GC(234)   Evacuate Collection Set: 2.6ms
[2025-12-28T23:48:25.956+0000][2749.544s][info][gc,phases   ] GC(234)   Post Evacuate Collection Set: 1.8ms
[2025-12-28T23:48:25.956+0000][2749.544s][info][gc,phases   ] GC(234)   Other: 2.3ms
[2025-12-28T23:48:25.956+0000][2749.544s][info][gc,heap     ] GC(234) Eden regions: 951->0(951)
[2025-12-28T23:48:25.956+0000][2749.544s][info][gc,heap     ] GC(234) Survivor regions: 1->1(119)
[2025-12-28T23:48:25.956+0000][2749.544s][info][gc,heap     ] GC(234) Old regions: 41->41
[2025-12-28T23:48:25.956+0000][2749.545s][info][gc,heap     ] GC(234) Archive regions: 2->2
[2025-12-28T23:48:25.956+0000][2749.545s][info][gc,heap     ] GC(234) Humongous regions: 39->39
[2025-12-28T23:48:25.956+0000][2749.545s][info][gc,metaspace] GC(234) Metaspace: 75153K(75968K)->75153K(75968K) NonClass: 64940K(65344K)->64940K(65344K) Class: 10213K(10624K)->10213K(10624K)
[2025-12-28T23:48:25.957+0000][2749.545s][info][gc          ] GC(234) Pause Young (Normal) (G1 Evacuation Pause) 1031M->81M(1588M) 8.753ms
[2025-12-28T23:48:25.957+0000][2749.545s][info][gc,cpu      ] GC(234) User=0.03s Sys=0.00s Real=0.01s
[2025-12-28T23:48:37.930+0000][2761.518s][info][gc,start    ] GC(235) Pause Young (Normal) (G1 Evacuation Pause)
[2025-12-28T23:48:37.931+0000][2761.519s][info][gc,task     ] GC(235) Using 8 workers of 8 for evacuation
[2025-12-28T23:48:37.934+0000][2761.522s][info][gc,phases   ] GC(235)   Pre Evacuate Collection Set: 0.3ms
[2025-12-28T23:48:37.934+0000][2761.522s][info][gc,phases   ] GC(235)   Merge Heap Roots: 0.2ms
[2025-12-28T23:48:37.934+0000][2761.523s][info][gc,phases   ] GC(235)   Evacuate Collection Set: 1.7ms
[2025-12-28T23:48:37.934+0000][2761.523s][info][gc,phases   ] GC(235)   Post Evacuate Collection Set: 0.7ms
[2025-12-28T23:48:37.935+0000][2761.523s][info][gc,phases   ] GC(235)   Other: 1.3ms
[2025-12-28T23:48:37.935+0000][2761.523s][info][gc,heap     ] GC(235) Eden regions: 951->0(951)
[2025-12-28T23:48:37.935+0000][2761.523s][info][gc,heap     ] GC(235) Survivor regions: 1->1(119)
[2025-12-28T23:48:37.935+0000][2761.523s][info][gc,heap     ] GC(235) Old regions: 41->41
[2025-12-28T23:48:37.935+0000][2761.523s][info][gc,heap     ] GC(235) Archive regions: 2->2
[2025-12-28T23:48:37.935+0000][2761.523s][info][gc,heap     ] GC(235) Humongous regions: 39->39
[2025-12-28T23:48:37.935+0000][2761.523s][info][gc,metaspace] GC(235) Metaspace: 75156K(75968K)->75156K(75968K) NonClass: 64942K(65344K)->64942K(65344K) Class: 10213K(10624K)->10213K(10624K)
[2025-12-28T23:48:37.935+0000][2761.523s][info][gc          ] GC(235) Pause Young (Normal) (G1 Evacuation Pause) 1032M->80M(1588M) 5.145ms
[2025-12-28T23:48:37.935+0000][2761.524s][info][gc,cpu      ] GC(235) User=0.02s Sys=0.00s Real=0.01s
[2025-12-28T23:48:49.457+0000][2773.045s][info][gc,start    ] GC(236) Pause Young (Normal) (G1 Evacuation Pause)
[2025-12-28T23:48:49.457+0000][2773.046s][info][gc,task     ] GC(236) Using 8 workers of 8 for evacuation
[2025-12-28T23:48:49.460+0000][2773.049s][info][gc,phases   ] GC(236)   Pre Evacuate Collection Set: 0.3ms
[2025-12-28T23:48:49.460+0000][2773.049s][info][gc,phases   ] GC(236)   Merge Heap Roots: 0.2ms
[2025-12-28T23:48:49.461+0000][2773.049s][info][gc,phases   ] GC(236)   Evacuate Collection Set: 1.6ms
[2025-12-28T23:48:49.461+0000][2773.049s][info][gc,phases   ] GC(236)   Post Evacuate Collection Set: 0.7ms
[2025-12-28T23:48:49.461+0000][2773.049s][info][gc,phases   ] GC(236)   Other: 0.8ms
[2025-12-28T23:48:49.461+0000][2773.049s][info][gc,heap     ] GC(236) Eden regions: 951->0(951)
[2025-12-28T23:48:49.461+0000][2773.049s][info][gc,heap     ] GC(236) Survivor regions: 1->1(119)
[2025-12-28T23:48:49.461+0000][2773.049s][info][gc,heap     ] GC(236) Old regions: 41->41
[2025-12-28T23:48:49.461+0000][2773.049s][info][gc,heap     ] GC(236) Archive regions: 2->2
[2025-12-28T23:48:49.461+0000][2773.049s][info][gc,heap     ] GC(236) Humongous regions: 39->39
[2025-12-28T23:48:49.461+0000][2773.049s][info][gc,metaspace] GC(236) Metaspace: 75156K(75968K)->75156K(75968K) NonClass: 64942K(65344K)->64942K(65344K) Class: 10213K(10624K)->10213K(10624K)
[2025-12-28T23:48:49.461+0000][2773.049s][info][gc          ] GC(236) Pause Young (Normal) (G1 Evacuation Pause) 1031M->80M(1588M) 4.153ms
[2025-12-28T23:48:49.461+0000][2773.049s][info][gc,cpu      ] GC(236) User=0.01s Sys=0.00s Real=0.01s
[2025-12-28T23:49:01.042+0000][2784.630s][info][gc,start    ] GC(237) Pause Young (Normal) (G1 Evacuation Pause)
[2025-12-28T23:49:01.044+0000][2784.632s][info][gc,task     ] GC(237) Using 8 workers of 8 for evacuation
[2025-12-28T23:49:01.046+0000][2784.635s][info][gc,phases   ] GC(237)   Pre Evacuate Collection Set: 0.3ms
[2025-12-28T23:49:01.047+0000][2784.635s][info][gc,phases   ] GC(237)   Merge Heap Roots: 0.2ms
[2025-12-28T23:49:01.047+0000][2784.635s][info][gc,phases   ] GC(237)   Evacuate Collection Set: 1.1ms
[2025-12-28T23:49:01.047+0000][2784.635s][info][gc,phases   ] GC(237)   Post Evacuate Collection Set: 0.5ms
[2025-12-28T23:49:01.047+0000][2784.635s][info][gc,phases   ] GC(237)   Other: 2.5ms
[2025-12-28T23:49:01.047+0000][2784.635s][info][gc,heap     ] GC(237) Eden regions: 951->0(951)
[2025-12-28T23:49:01.047+0000][2784.635s][info][gc,heap     ] GC(237) Survivor regions: 1->1(119)
[2025-12-28T23:49:01.047+0000][2784.635s][info][gc,heap     ] GC(237) Old regions: 41->41
[2025-12-28T23:49:01.047+0000][2784.635s][info][gc,heap     ] GC(237) Archive regions: 2->2
[2025-12-28T23:49:01.047+0000][2784.635s][info][gc,heap     ] GC(237) Humongous regions: 39->39
[2025-12-28T23:49:01.047+0000][2784.636s][info][gc,metaspace] GC(237) Metaspace: 75158K(75968K)->75158K(75968K) NonClass: 64944K(65344K)->64944K(65344K) Class: 10213K(10624K)->10213K(10624K)
[2025-12-28T23:49:01.047+0000][2784.636s][info][gc          ] GC(237) Pause Young (Normal) (G1 Evacuation Pause) 1031M->80M(1588M) 5.513ms
[2025-12-28T23:49:01.048+0000][2784.636s][info][gc,cpu      ] GC(237) User=0.01s Sys=0.00s Real=0.00s
[2025-12-28T23:49:12.614+0000][2796.202s][info][gc,start    ] GC(238) Pause Young (Normal) (G1 Evacuation Pause)
[2025-12-28T23:49:12.615+0000][2796.203s][info][gc,task     ] GC(238) Using 8 workers of 8 for evacuation
[2025-12-28T23:49:12.618+0000][2796.206s][info][gc,phases   ] GC(238)   Pre Evacuate Collection Set: 0.4ms
[2025-12-28T23:49:12.618+0000][2796.206s][info][gc,phases   ] GC(238)   Merge Heap Roots: 0.2ms
[2025-12-28T23:49:12.618+0000][2796.206s][info][gc,phases   ] GC(238)   Evacuate Collection Set: 1.6ms
[2025-12-28T23:49:12.618+0000][2796.206s][info][gc,phases   ] GC(238)   Post Evacuate Collection Set: 0.6ms
[2025-12-28T23:49:12.618+0000][2796.206s][info][gc,phases   ] GC(238)   Other: 0.8ms
[2025-12-28T23:49:12.618+0000][2796.206s][info][gc,heap     ] GC(238) Eden regions: 951->0(951)
[2025-12-28T23:49:12.618+0000][2796.206s][info][gc,heap     ] GC(238) Survivor regions: 1->1(119)
[2025-12-28T23:49:12.618+0000][2796.206s][info][gc,heap     ] GC(238) Old regions: 41->41
[2025-12-28T23:49:12.618+0000][2796.207s][info][gc,heap     ] GC(238) Archive regions: 2->2
[2025-12-28T23:49:12.618+0000][2796.207s][info][gc,heap     ] GC(238) Humongous regions: 39->39
[2025-12-28T23:49:12.618+0000][2796.207s][info][gc,metaspace] GC(238) Metaspace: 75158K(75968K)->75158K(75968K) NonClass: 64944K(65344K)->64944K(65344K) Class: 10213K(10624K)->10213K(10624K)
[2025-12-28T23:49:12.619+0000][2796.207s][info][gc          ] GC(238) Pause Young (Normal) (G1 Evacuation Pause) 1031M->80M(1588M) 4.335ms
[2025-12-28T23:49:12.619+0000][2796.207s][info][gc,cpu      ] GC(238) User=0.01s Sys=0.00s Real=0.00s
[2025-12-28T23:49:25.933+0000][2809.521s][info][gc,start    ] GC(239) Pause Young (Normal) (G1 Evacuation Pause)
[2025-12-28T23:49:25.933+0000][2809.521s][info][gc,task     ] GC(239) Using 8 workers of 8 for evacuation
[2025-12-28T23:49:25.938+0000][2809.526s][info][gc,phases   ] GC(239)   Pre Evacuate Collection Set: 0.7ms
[2025-12-28T23:49:25.938+0000][2809.527s][info][gc,phases   ] GC(239)   Merge Heap Roots: 0.3ms
[2025-12-28T23:49:25.938+0000][2809.527s][info][gc,phases   ] GC(239)   Evacuate Collection Set: 2.3ms
[2025-12-28T23:49:25.938+0000][2809.527s][info][gc,phases   ] GC(239)   Post Evacuate Collection Set: 1.3ms
[2025-12-28T23:49:25.939+0000][2809.527s][info][gc,phases   ] GC(239)   Other: 1.1ms
[2025-12-28T23:49:25.939+0000][2809.527s][info][gc,heap     ] GC(239) Eden regions: 951->0(951)
[2025-12-28T23:49:25.939+0000][2809.527s][info][gc,heap     ] GC(239) Survivor regions: 1->1(119)
[2025-12-28T23:49:25.939+0000][2809.527s][info][gc,heap     ] GC(239) Old regions: 41->41
[2025-12-28T23:49:25.939+0000][2809.527s][info][gc,heap     ] GC(239) Archive regions: 2->2
[2025-12-28T23:49:25.939+0000][2809.527s][info][gc,heap     ] GC(239) Humongous regions: 39->39
[2025-12-28T23:49:25.939+0000][2809.527s][info][gc,metaspace] GC(239) Metaspace: 75166K(75968K)->75166K(75968K) NonClass: 64952K(65344K)->64952K(65344K) Class: 10213K(10624K)->10213K(10624K)
[2025-12-28T23:49:25.939+0000][2809.528s][info][gc          ] GC(239) Pause Young (Normal) (G1 Evacuation Pause) 1031M->80M(1588M) 6.634ms
[2025-12-28T23:49:25.940+0000][2809.528s][info][gc,cpu      ] GC(239) User=0.03s Sys=0.00s Real=0.00s
[2025-12-28T23:49:38.551+0000][2822.139s][info][gc,start    ] GC(240) Pause Young (Normal) (G1 Evacuation Pause)
[2025-12-28T23:49:38.554+0000][2822.142s][info][gc,task     ] GC(240) Using 8 workers of 8 for evacuation
[2025-12-28T23:49:38.565+0000][2822.153s][info][gc,phases   ] GC(240)   Pre Evacuate Collection Set: 0.7ms
[2025-12-28T23:49:38.566+0000][2822.154s][info][gc,phases   ] GC(240)   Merge Heap Roots: 0.4ms
[2025-12-28T23:49:38.566+0000][2822.154s][info][gc,phases   ] GC(240)   Evacuate Collection Set: 4.5ms
[2025-12-28T23:49:38.566+0000][2822.155s][info][gc,phases   ] GC(240)   Post Evacuate Collection Set: 5.0ms
[2025-12-28T23:49:38.567+0000][2822.155s][info][gc,phases   ] GC(240)   Other: 3.6ms
[2025-12-28T23:49:38.567+0000][2822.155s][info][gc,heap     ] GC(240) Eden regions: 951->0(951)
[2025-12-28T23:49:38.567+0000][2822.155s][info][gc,heap     ] GC(240) Survivor regions: 1->1(119)
[2025-12-28T23:49:38.567+0000][2822.155s][info][gc,heap     ] GC(240) Old regions: 41->41
[2025-12-28T23:49:38.567+0000][2822.155s][info][gc,heap     ] GC(240) Archive regions: 2->2
[2025-12-28T23:49:38.567+0000][2822.155s][info][gc,heap     ] GC(240) Humongous regions: 39->39
[2025-12-28T23:49:38.567+0000][2822.155s][info][gc,metaspace] GC(240) Metaspace: 75166K(75968K)->75166K(75968K) NonClass: 64952K(65344K)->64952K(65344K) Class: 10213K(10624K)->10213K(10624K)
[2025-12-28T23:49:38.567+0000][2822.155s][info][gc          ] GC(240) Pause Young (Normal) (G1 Evacuation Pause) 1031M->80M(1588M) 15.919ms
[2025-12-28T23:49:38.567+0000][2822.156s][info][gc,cpu      ] GC(240) User=0.04s Sys=0.00s Real=0.01s
[2025-12-28T23:49:51.988+0000][2835.577s][info][gc,start    ] GC(241) Pause Young (Normal) (G1 Evacuation Pause)
[2025-12-28T23:49:51.991+0000][2835.579s][info][gc,task     ] GC(241) Using 8 workers of 8 for evacuation
[2025-12-28T23:49:51.997+0000][2835.585s][info][gc,phases   ] GC(241)   Pre Evacuate Collection Set: 0.6ms
[2025-12-28T23:49:51.997+0000][2835.586s][info][gc,phases   ] GC(241)   Merge Heap Roots: 0.4ms
[2025-12-28T23:49:51.998+0000][2835.586s][info][gc,phases   ] GC(241)   Evacuate Collection Set: 3.1ms
[2025-12-28T23:49:51.998+0000][2835.586s][info][gc,phases   ] GC(241)   Post Evacuate Collection Set: 1.9ms
[2025-12-28T23:49:51.998+0000][2835.586s][info][gc,phases   ] GC(241)   Other: 3.0ms
[2025-12-28T23:49:51.998+0000][2835.586s][info][gc,heap     ] GC(241) Eden regions: 951->0(951)
[2025-12-28T23:49:51.998+0000][2835.586s][info][gc,heap     ] GC(241) Survivor regions: 1->1(119)
[2025-12-28T23:49:51.998+0000][2835.586s][info][gc,heap     ] GC(241) Old regions: 41->41
[2025-12-28T23:49:51.998+0000][2835.586s][info][gc,heap     ] GC(241) Archive regions: 2->2
[2025-12-28T23:49:51.998+0000][2835.586s][info][gc,heap     ] GC(241) Humongous regions: 39->39
[2025-12-28T23:49:51.998+0000][2835.587s][info][gc,metaspace] GC(241) Metaspace: 75167K(75968K)->75167K(75968K) NonClass: 64953K(65344K)->64953K(65344K) Class: 10213K(10624K)->10213K(10624K)
[2025-12-28T23:49:51.999+0000][2835.587s][info][gc          ] GC(241) Pause Young (Normal) (G1 Evacuation Pause) 1031M->80M(1588M) 10.186ms
[2025-12-28T23:49:51.999+0000][2835.587s][info][gc,cpu      ] GC(241) User=0.04s Sys=0.00s Real=0.01s
[2025-12-28T23:50:04.255+0000][2847.843s][info][gc,start    ] GC(242) Pause Young (Normal) (G1 Evacuation Pause)
[2025-12-28T23:50:04.256+0000][2847.845s][info][gc,task     ] GC(242) Using 8 workers of 8 for evacuation
[2025-12-28T23:50:04.276+0000][2847.864s][info][gc,phases   ] GC(242)   Pre Evacuate Collection Set: 2.1ms
[2025-12-28T23:50:04.276+0000][2847.864s][info][gc,phases   ] GC(242)   Merge Heap Roots: 2.5ms
[2025-12-28T23:50:04.276+0000][2847.865s][info][gc,phases   ] GC(242)   Evacuate Collection Set: 10.3ms
[2025-12-28T23:50:04.277+0000][2847.865s][info][gc,phases   ] GC(242)   Post Evacuate Collection Set: 3.8ms
[2025-12-28T23:50:04.277+0000][2847.865s][info][gc,phases   ] GC(242)   Other: 2.3ms
[2025-12-28T23:50:04.278+0000][2847.866s][info][gc,heap     ] GC(242) Eden regions: 951->0(951)
[2025-12-28T23:50:04.278+0000][2847.866s][info][gc,heap     ] GC(242) Survivor regions: 1->1(119)
[2025-12-28T23:50:04.278+0000][2847.866s][info][gc,heap     ] GC(242) Old regions: 41->41
[2025-12-28T23:50:04.278+0000][2847.867s][info][gc,heap     ] GC(242) Archive regions: 2->2
[2025-12-28T23:50:04.279+0000][2847.867s][info][gc,heap     ] GC(242) Humongous regions: 39->39
[2025-12-28T23:50:04.279+0000][2847.867s][info][gc,metaspace] GC(242) Metaspace: 75167K(75968K)->75167K(75968K) NonClass: 64954K(65344K)->64954K(65344K) Class: 10213K(10624K)->10213K(10624K)
[2025-12-28T23:50:04.279+0000][2847.868s][info][gc          ] GC(242) Pause Young (Normal) (G1 Evacuation Pause) 1031M->80M(1588M) 24.196ms
[2025-12-28T23:50:04.280+0000][2847.868s][info][gc,cpu      ] GC(242) User=0.07s Sys=0.00s Real=0.02s
[2025-12-28T23:50:17.002+0000][2860.590s][info][gc,start    ] GC(243) Pause Young (Normal) (G1 Evacuation Pause)
[2025-12-28T23:50:17.002+0000][2860.590s][info][gc,task     ] GC(243) Using 8 workers of 8 for evacuation
[2025-12-28T23:50:17.010+0000][2860.599s][info][gc,phases   ] GC(243)   Pre Evacuate Collection Set: 0.6ms
[2025-12-28T23:50:17.011+0000][2860.599s][info][gc,phases   ] GC(243)   Merge Heap Roots: 0.5ms
[2025-12-28T23:50:17.011+0000][2860.599s][info][gc,phases   ] GC(243)   Evacuate Collection Set: 4.6ms
[2025-12-28T23:50:17.011+0000][2860.599s][info][gc,phases   ] GC(243)   Post Evacuate Collection Set: 2.1ms
[2025-12-28T23:50:17.011+0000][2860.599s][info][gc,phases   ] GC(243)   Other: 1.0ms
[2025-12-28T23:50:17.011+0000][2860.599s][info][gc,heap     ] GC(243) Eden regions: 951->0(951)
[2025-12-28T23:50:17.011+0000][2860.599s][info][gc,heap     ] GC(243) Survivor regions: 1->1(119)
[2025-12-28T23:50:17.011+0000][2860.599s][info][gc,heap     ] GC(243) Old regions: 41->41
[2025-12-28T23:50:17.011+0000][2860.599s][info][gc,heap     ] GC(243) Archive regions: 2->2
[2025-12-28T23:50:17.011+0000][2860.599s][info][gc,heap     ] GC(243) Humongous regions: 39->39
[2025-12-28T23:50:17.011+0000][2860.600s][info][gc,metaspace] GC(243) Metaspace: 75167K(75968K)->75167K(75968K) NonClass: 64954K(65344K)->64954K(65344K) Class: 10213K(10624K)->10213K(10624K)
[2025-12-28T23:50:17.012+0000][2860.600s][info][gc          ] GC(243) Pause Young (Normal) (G1 Evacuation Pause) 1031M->80M(1588M) 9.788ms
[2025-12-28T23:50:17.012+0000][2860.600s][info][gc,cpu      ] GC(243) User=0.05s Sys=0.00s Real=0.01s
[2025-12-28T23:50:28.557+0000][2872.145s][info][gc,start    ] GC(244) Pause Young (Normal) (G1 Evacuation Pause)
[2025-12-28T23:50:28.558+0000][2872.146s][info][gc,task     ] GC(244) Using 8 workers of 8 for evacuation
[2025-12-28T23:50:28.560+0000][2872.148s][info][gc,phases   ] GC(244)   Pre Evacuate Collection Set: 0.3ms
[2025-12-28T23:50:28.560+0000][2872.148s][info][gc,phases   ] GC(244)   Merge Heap Roots: 0.2ms
[2025-12-28T23:50:28.560+0000][2872.148s][info][gc,phases   ] GC(244)   Evacuate Collection Set: 0.9ms
[2025-12-28T23:50:28.560+0000][2872.148s][info][gc,phases   ] GC(244)   Post Evacuate Collection Set: 0.5ms
[2025-12-28T23:50:28.560+0000][2872.148s][info][gc,phases   ] GC(244)   Other: 1.1ms
[2025-12-28T23:50:28.560+0000][2872.149s][info][gc,heap     ] GC(244) Eden regions: 951->0(951)
[2025-12-28T23:50:28.560+0000][2872.149s][info][gc,heap     ] GC(244) Survivor regions: 1->1(119)
[2025-12-28T23:50:28.560+0000][2872.149s][info][gc,heap     ] GC(244) Old regions: 41->41
[2025-12-28T23:50:28.561+0000][2872.149s][info][gc,heap     ] GC(244) Archive regions: 2->2
[2025-12-28T23:50:28.561+0000][2872.149s][info][gc,heap     ] GC(244) Humongous regions: 39->39
[2025-12-28T23:50:28.561+0000][2872.149s][info][gc,metaspace] GC(244) Metaspace: 75196K(75968K)->75196K(75968K) NonClass: 64983K(65344K)->64983K(65344K) Class: 10213K(10624K)->10213K(10624K)
[2025-12-28T23:50:28.561+0000][2872.149s][info][gc          ] GC(244) Pause Young (Normal) (G1 Evacuation Pause) 1031M->80M(1588M) 3.940ms
[2025-12-28T23:50:28.561+0000][2872.149s][info][gc,cpu      ] GC(244) User=0.01s Sys=0.00s Real=0.01s
[2025-12-28T23:50:40.987+0000][2884.575s][info][gc,start    ] GC(245) Pause Young (Normal) (G1 Evacuation Pause)
[2025-12-28T23:50:40.988+0000][2884.576s][info][gc,task     ] GC(245) Using 8 workers of 8 for evacuation
[2025-12-28T23:50:40.995+0000][2884.583s][info][gc,phases   ] GC(245)   Pre Evacuate Collection Set: 0.8ms
[2025-12-28T23:50:40.995+0000][2884.584s][info][gc,phases   ] GC(245)   Merge Heap Roots: 0.4ms
[2025-12-28T23:50:40.995+0000][2884.584s][info][gc,phases   ] GC(245)   Evacuate Collection Set: 4.0ms
[2025-12-28T23:50:40.996+0000][2884.584s][info][gc,phases   ] GC(245)   Post Evacuate Collection Set: 1.4ms
[2025-12-28T23:50:40.996+0000][2884.584s][info][gc,phases   ] GC(245)   Other: 1.5ms
[2025-12-28T23:50:40.996+0000][2884.584s][info][gc,heap     ] GC(245) Eden regions: 951->0(951)
[2025-12-28T23:50:40.996+0000][2884.584s][info][gc,heap     ] GC(245) Survivor regions: 1->1(119)
[2025-12-28T23:50:40.996+0000][2884.584s][info][gc,heap     ] GC(245) Old regions: 41->41
[2025-12-28T23:50:40.996+0000][2884.584s][info][gc,heap     ] GC(245) Archive regions: 2->2
[2025-12-28T23:50:40.996+0000][2884.584s][info][gc,heap     ] GC(245) Humongous regions: 39->39
[2025-12-28T23:50:40.996+0000][2884.584s][info][gc,metaspace] GC(245) Metaspace: 75226K(76032K)->75226K(76032K) NonClass: 65012K(65408K)->65012K(65408K) Class: 10213K(10624K)->10213K(10624K)
[2025-12-28T23:50:40.996+0000][2884.585s][info][gc          ] GC(245) Pause Young (Normal) (G1 Evacuation Pause) 1031M->81M(1588M) 9.278ms
[2025-12-28T23:50:40.997+0000][2884.585s][info][gc,cpu      ] GC(245) User=0.05s Sys=0.00s Real=0.01s
[2025-12-28T23:50:53.628+0000][2897.216s][info][gc,start    ] GC(246) Pause Young (Normal) (G1 Evacuation Pause)
[2025-12-28T23:50:53.629+0000][2897.218s][info][gc,task     ] GC(246) Using 8 workers of 8 for evacuation
[2025-12-28T23:50:53.633+0000][2897.221s][info][gc,phases   ] GC(246)   Pre Evacuate Collection Set: 0.3ms
[2025-12-28T23:50:53.633+0000][2897.221s][info][gc,phases   ] GC(246)   Merge Heap Roots: 0.1ms
[2025-12-28T23:50:53.633+0000][2897.221s][info][gc,phases   ] GC(246)   Evacuate Collection Set: 2.1ms
[2025-12-28T23:50:53.633+0000][2897.221s][info][gc,phases   ] GC(246)   Post Evacuate Collection Set: 0.7ms
[2025-12-28T23:50:53.633+0000][2897.222s][info][gc,phases   ] GC(246)   Other: 2.3ms
[2025-12-28T23:50:53.633+0000][2897.222s][info][gc,heap     ] GC(246) Eden regions: 951->0(951)
[2025-12-28T23:50:53.634+0000][2897.222s][info][gc,heap     ] GC(246) Survivor regions: 1->1(119)
[2025-12-28T23:50:53.634+0000][2897.222s][info][gc,heap     ] GC(246) Old regions: 41->41
[2025-12-28T23:50:53.634+0000][2897.222s][info][gc,heap     ] GC(246) Archive regions: 2->2
[2025-12-28T23:50:53.634+0000][2897.222s][info][gc,heap     ] GC(246) Humongous regions: 39->39
[2025-12-28T23:50:53.634+0000][2897.222s][info][gc,metaspace] GC(246) Metaspace: 75226K(76032K)->75226K(76032K) NonClass: 65012K(65408K)->65012K(65408K) Class: 10213K(10624K)->10213K(10624K)
[2025-12-28T23:50:53.634+0000][2897.222s][info][gc          ] GC(246) Pause Young (Normal) (G1 Evacuation Pause) 1032M->81M(1588M) 6.439ms
[2025-12-28T23:50:53.634+0000][2897.222s][info][gc,cpu      ] GC(246) User=0.02s Sys=0.01s Real=0.01s
[2025-12-28T23:51:05.359+0000][2908.947s][info][gc,start    ] GC(247) Pause Young (Normal) (G1 Evacuation Pause)
[2025-12-28T23:51:05.360+0000][2908.948s][info][gc,task     ] GC(247) Using 8 workers of 8 for evacuation
[2025-12-28T23:51:05.373+0000][2908.961s][info][gc,phases   ] GC(247)   Pre Evacuate Collection Set: 0.6ms
[2025-12-28T23:51:05.373+0000][2908.961s][info][gc,phases   ] GC(247)   Merge Heap Roots: 0.3ms
[2025-12-28T23:51:05.374+0000][2908.962s][info][gc,phases   ] GC(247)   Evacuate Collection Set: 9.6ms
[2025-12-28T23:51:05.374+0000][2908.963s][info][gc,phases   ] GC(247)   Post Evacuate Collection Set: 2.0ms
[2025-12-28T23:51:05.375+0000][2908.963s][info][gc,phases   ] GC(247)   Other: 2.4ms
[2025-12-28T23:51:05.375+0000][2908.963s][info][gc,heap     ] GC(247) Eden regions: 951->0(951)
[2025-12-28T23:51:05.375+0000][2908.963s][info][gc,heap     ] GC(247) Survivor regions: 1->1(119)
[2025-12-28T23:51:05.376+0000][2908.964s][info][gc,heap     ] GC(247) Old regions: 41->42
[2025-12-28T23:51:05.376+0000][2908.964s][info][gc,heap     ] GC(247) Archive regions: 2->2
[2025-12-28T23:51:05.376+0000][2908.964s][info][gc,heap     ] GC(247) Humongous regions: 39->39
[2025-12-28T23:51:05.376+0000][2908.964s][info][gc,metaspace] GC(247) Metaspace: 75226K(76032K)->75226K(76032K) NonClass: 65012K(65408K)->65012K(65408K) Class: 10213K(10624K)->10213K(10624K)
[2025-12-28T23:51:05.376+0000][2908.965s][info][gc          ] GC(247) Pause Young (Normal) (G1 Evacuation Pause) 1032M->81M(1588M) 17.831ms
[2025-12-28T23:51:05.377+0000][2908.965s][info][gc,cpu      ] GC(247) User=0.05s Sys=0.00s Real=0.02s
[2025-12-28T23:51:17.189+0000][2920.777s][info][gc,start    ] GC(248) Pause Young (Normal) (G1 Evacuation Pause)
[2025-12-28T23:51:17.190+0000][2920.778s][info][gc,task     ] GC(248) Using 8 workers of 8 for evacuation
[2025-12-28T23:51:17.195+0000][2920.783s][info][gc,phases   ] GC(248)   Pre Evacuate Collection Set: 0.3ms
[2025-12-28T23:51:17.195+0000][2920.783s][info][gc,phases   ] GC(248)   Merge Heap Roots: 0.2ms
[2025-12-28T23:51:17.195+0000][2920.783s][info][gc,phases   ] GC(248)   Evacuate Collection Set: 2.5ms
[2025-12-28T23:51:17.195+0000][2920.783s][info][gc,phases   ] GC(248)   Post Evacuate Collection Set: 1.4ms
[2025-12-28T23:51:17.195+0000][2920.783s][info][gc,phases   ] GC(248)   Other: 1.3ms
[2025-12-28T23:51:17.195+0000][2920.783s][info][gc,heap     ] GC(248) Eden regions: 951->0(951)
[2025-12-28T23:51:17.195+0000][2920.783s][info][gc,heap     ] GC(248) Survivor regions: 1->1(119)
[2025-12-28T23:51:17.195+0000][2920.784s][info][gc,heap     ] GC(248) Old regions: 42->42
[2025-12-28T23:51:17.196+0000][2920.784s][info][gc,heap     ] GC(248) Archive regions: 2->2
[2025-12-28T23:51:17.196+0000][2920.784s][info][gc,heap     ] GC(248) Humongous regions: 39->39
[2025-12-28T23:51:17.196+0000][2920.784s][info][gc,metaspace] GC(248) Metaspace: 75226K(76032K)->75226K(76032K) NonClass: 65012K(65408K)->65012K(65408K) Class: 10213K(10624K)->10213K(10624K)
[2025-12-28T23:51:17.196+0000][2920.784s][info][gc          ] GC(248) Pause Young (Normal) (G1 Evacuation Pause) 1032M->81M(1588M) 6.734ms
[2025-12-28T23:51:17.196+0000][2920.784s][info][gc,cpu      ] GC(248) User=0.03s Sys=0.00s Real=0.01s
[2025-12-28T23:51:28.536+0000][2932.125s][info][gc,start    ] GC(249) Pause Young (Normal) (G1 Evacuation Pause)
[2025-12-28T23:51:28.537+0000][2932.125s][info][gc,task     ] GC(249) Using 8 workers of 8 for evacuation
[2025-12-28T23:51:28.541+0000][2932.130s][info][gc,phases   ] GC(249)   Pre Evacuate Collection Set: 0.5ms
[2025-12-28T23:51:28.542+0000][2932.130s][info][gc,phases   ] GC(249)   Merge Heap Roots: 0.2ms
[2025-12-28T23:51:28.542+0000][2932.130s][info][gc,phases   ] GC(249)   Evacuate Collection Set: 1.9ms
[2025-12-28T23:51:28.542+0000][2932.130s][info][gc,phases   ] GC(249)   Post Evacuate Collection Set: 1.3ms
[2025-12-28T23:51:28.542+0000][2932.130s][info][gc,phases   ] GC(249)   Other: 1.4ms
[2025-12-28T23:51:28.542+0000][2932.130s][info][gc,heap     ] GC(249) Eden regions: 951->0(951)
[2025-12-28T23:51:28.542+0000][2932.130s][info][gc,heap     ] GC(249) Survivor regions: 1->1(119)
[2025-12-28T23:51:28.542+0000][2932.130s][info][gc,heap     ] GC(249) Old regions: 42->42
[2025-12-28T23:51:28.542+0000][2932.130s][info][gc,heap     ] GC(249) Archive regions: 2->2
[2025-12-28T23:51:28.542+0000][2932.130s][info][gc,heap     ] GC(249) Humongous regions: 39->39
[2025-12-28T23:51:28.542+0000][2932.131s][info][gc,metaspace] GC(249) Metaspace: 75240K(76032K)->75240K(76032K) NonClass: 65026K(65408K)->65026K(65408K) Class: 10213K(10624K)->10213K(10624K)
[2025-12-28T23:51:28.542+0000][2932.131s][info][gc          ] GC(249) Pause Young (Normal) (G1 Evacuation Pause) 1032M->81M(1588M) 6.165ms
[2025-12-28T23:51:28.543+0000][2932.131s][info][gc,cpu      ] GC(249) User=0.02s Sys=0.01s Real=0.01s
[2025-12-28T23:51:40.942+0000][2944.530s][info][gc,start    ] GC(250) Pause Young (Normal) (G1 Evacuation Pause)
[2025-12-28T23:51:40.943+0000][2944.531s][info][gc,task     ] GC(250) Using 8 workers of 8 for evacuation
[2025-12-28T23:51:40.945+0000][2944.533s][info][gc,phases   ] GC(250)   Pre Evacuate Collection Set: 0.3ms
[2025-12-28T23:51:40.945+0000][2944.534s][info][gc,phases   ] GC(250)   Merge Heap Roots: 0.1ms
[2025-12-28T23:51:40.945+0000][2944.534s][info][gc,phases   ] GC(250)   Evacuate Collection Set: 1.0ms
[2025-12-28T23:51:40.946+0000][2944.534s][info][gc,phases   ] GC(250)   Post Evacuate Collection Set: 0.5ms
[2025-12-28T23:51:40.946+0000][2944.534s][info][gc,phases   ] GC(250)   Other: 1.5ms
[2025-12-28T23:51:40.946+0000][2944.534s][info][gc,heap     ] GC(250) Eden regions: 951->0(951)
[2025-12-28T23:51:40.946+0000][2944.534s][info][gc,heap     ] GC(250) Survivor regions: 1->1(119)
[2025-12-28T23:51:40.946+0000][2944.534s][info][gc,heap     ] GC(250) Old regions: 42->42
[2025-12-28T23:51:40.946+0000][2944.534s][info][gc,heap     ] GC(250) Archive regions: 2->2
[2025-12-28T23:51:40.946+0000][2944.534s][info][gc,heap     ] GC(250) Humongous regions: 39->39
[2025-12-28T23:51:40.946+0000][2944.534s][info][gc,metaspace] GC(250) Metaspace: 75240K(76032K)->75240K(76032K) NonClass: 65026K(65408K)->65026K(65408K) Class: 10213K(10624K)->10213K(10624K)
[2025-12-28T23:51:40.946+0000][2944.534s][info][gc          ] GC(250) Pause Young (Normal) (G1 Evacuation Pause) 1032M->81M(1588M) 4.442ms
[2025-12-28T23:51:40.946+0000][2944.535s][info][gc,cpu      ] GC(250) User=0.01s Sys=0.00s Real=0.00s
[2025-12-28T23:51:53.165+0000][2956.753s][info][gc,start    ] GC(251) Pause Young (Normal) (G1 Evacuation Pause)
[2025-12-28T23:51:53.165+0000][2956.753s][info][gc,task     ] GC(251) Using 8 workers of 8 for evacuation
[2025-12-28T23:51:53.168+0000][2956.756s][info][gc,phases   ] GC(251)   Pre Evacuate Collection Set: 0.3ms
[2025-12-28T23:51:53.168+0000][2956.756s][info][gc,phases   ] GC(251)   Merge Heap Roots: 0.2ms
[2025-12-28T23:51:53.168+0000][2956.757s][info][gc,phases   ] GC(251)   Evacuate Collection Set: 1.6ms
[2025-12-28T23:51:53.168+0000][2956.757s][info][gc,phases   ] GC(251)   Post Evacuate Collection Set: 0.7ms
[2025-12-28T23:51:53.169+0000][2956.757s][info][gc,phases   ] GC(251)   Other: 0.6ms
[2025-12-28T23:51:53.169+0000][2956.757s][info][gc,heap     ] GC(251) Eden regions: 951->0(951)
[2025-12-28T23:51:53.169+0000][2956.757s][info][gc,heap     ] GC(251) Survivor regions: 1->1(119)
[2025-12-28T23:51:53.169+0000][2956.757s][info][gc,heap     ] GC(251) Old regions: 42->42
[2025-12-28T23:51:53.169+0000][2956.757s][info][gc,heap     ] GC(251) Archive regions: 2->2
[2025-12-28T23:51:53.169+0000][2956.757s][info][gc,heap     ] GC(251) Humongous regions: 39->39
[2025-12-28T23:51:53.169+0000][2956.757s][info][gc,metaspace] GC(251) Metaspace: 75242K(76032K)->75242K(76032K) NonClass: 65028K(65408K)->65028K(65408K) Class: 10213K(10624K)->10213K(10624K)
[2025-12-28T23:51:53.169+0000][2956.757s][info][gc          ] GC(251) Pause Young (Normal) (G1 Evacuation Pause) 1032M->81M(1588M) 4.370ms
[2025-12-28T23:51:53.169+0000][2956.757s][info][gc,cpu      ] GC(251) User=0.02s Sys=0.00s Real=0.00s
[2025-12-28T23:52:04.641+0000][2968.229s][info][gc,start    ] GC(252) Pause Young (Normal) (G1 Evacuation Pause)
[2025-12-28T23:52:04.641+0000][2968.229s][info][gc,task     ] GC(252) Using 8 workers of 8 for evacuation
[2025-12-28T23:52:04.648+0000][2968.236s][info][gc,phases   ] GC(252)   Pre Evacuate Collection Set: 0.5ms
[2025-12-28T23:52:04.648+0000][2968.236s][info][gc,phases   ] GC(252)   Merge Heap Roots: 0.2ms
[2025-12-28T23:52:04.648+0000][2968.237s][info][gc,phases   ] GC(252)   Evacuate Collection Set: 4.2ms
[2025-12-28T23:52:04.648+0000][2968.237s][info][gc,phases   ] GC(252)   Post Evacuate Collection Set: 1.7ms
[2025-12-28T23:52:04.648+0000][2968.237s][info][gc,phases   ] GC(252)   Other: 1.2ms
[2025-12-28T23:52:04.649+0000][2968.237s][info][gc,heap     ] GC(252) Eden regions: 951->0(951)
[2025-12-28T23:52:04.649+0000][2968.237s][info][gc,heap     ] GC(252) Survivor regions: 1->1(119)
[2025-12-28T23:52:04.649+0000][2968.237s][info][gc,heap     ] GC(252) Old regions: 42->42
[2025-12-28T23:52:04.649+0000][2968.237s][info][gc,heap     ] GC(252) Archive regions: 2->2
[2025-12-28T23:52:04.649+0000][2968.237s][info][gc,heap     ] GC(252) Humongous regions: 39->39
[2025-12-28T23:52:04.649+0000][2968.237s][info][gc,metaspace] GC(252) Metaspace: 75242K(76032K)->75242K(76032K) NonClass: 65029K(65408K)->65029K(65408K) Class: 10213K(10624K)->10213K(10624K)
[2025-12-28T23:52:04.649+0000][2968.237s][info][gc          ] GC(252) Pause Young (Normal) (G1 Evacuation Pause) 1032M->81M(1588M) 8.532ms
[2025-12-28T23:52:04.649+0000][2968.237s][info][gc,cpu      ] GC(252) User=0.04s Sys=0.00s Real=0.00s
[2025-12-28T23:52:16.603+0000][2980.191s][info][gc,start    ] GC(253) Pause Young (Normal) (G1 Evacuation Pause)
[2025-12-28T23:52:16.604+0000][2980.192s][info][gc,task     ] GC(253) Using 8 workers of 8 for evacuation
[2025-12-28T23:52:16.613+0000][2980.201s][info][gc,phases   ] GC(253)   Pre Evacuate Collection Set: 0.4ms
[2025-12-28T23:52:16.613+0000][2980.201s][info][gc,phases   ] GC(253)   Merge Heap Roots: 0.2ms
[2025-12-28T23:52:16.613+0000][2980.201s][info][gc,phases   ] GC(253)   Evacuate Collection Set: 2.6ms
[2025-12-28T23:52:16.613+0000][2980.201s][info][gc,phases   ] GC(253)   Post Evacuate Collection Set: 5.6ms
[2025-12-28T23:52:16.613+0000][2980.202s][info][gc,phases   ] GC(253)   Other: 2.0ms
[2025-12-28T23:52:16.614+0000][2980.202s][info][gc,heap     ] GC(253) Eden regions: 951->0(951)
[2025-12-28T23:52:16.614+0000][2980.202s][info][gc,heap     ] GC(253) Survivor regions: 1->1(119)
[2025-12-28T23:52:16.614+0000][2980.202s][info][gc,heap     ] GC(253) Old regions: 42->42
[2025-12-28T23:52:16.614+0000][2980.202s][info][gc,heap     ] GC(253) Archive regions: 2->2
[2025-12-28T23:52:16.614+0000][2980.202s][info][gc,heap     ] GC(253) Humongous regions: 39->39
[2025-12-28T23:52:16.614+0000][2980.202s][info][gc,metaspace] GC(253) Metaspace: 75242K(76032K)->75242K(76032K) NonClass: 65029K(65408K)->65029K(65408K) Class: 10213K(10624K)->10213K(10624K)
[2025-12-28T23:52:16.614+0000][2980.202s][info][gc          ] GC(253) Pause Young (Normal) (G1 Evacuation Pause) 1032M->81M(1588M) 11.449ms
[2025-12-28T23:52:16.614+0000][2980.202s][info][gc,cpu      ] GC(253) User=0.03s Sys=0.00s Real=0.01s
[2025-12-28T23:52:28.395+0000][2991.983s][info][gc,start    ] GC(254) Pause Young (Normal) (G1 Evacuation Pause)
[2025-12-28T23:52:28.396+0000][2991.984s][info][gc,task     ] GC(254) Using 8 workers of 8 for evacuation
[2025-12-28T23:52:28.403+0000][2991.991s][info][gc,phases   ] GC(254)   Pre Evacuate Collection Set: 1.5ms
[2025-12-28T23:52:28.403+0000][2991.991s][info][gc,phases   ] GC(254)   Merge Heap Roots: 0.2ms
[2025-12-28T23:52:28.403+0000][2991.992s][info][gc,phases   ] GC(254)   Evacuate Collection Set: 3.7ms
[2025-12-28T23:52:28.403+0000][2991.992s][info][gc,phases   ] GC(254)   Post Evacuate Collection Set: 1.0ms
[2025-12-28T23:52:28.403+0000][2991.992s][info][gc,phases   ] GC(254)   Other: 1.8ms
[2025-12-28T23:52:28.404+0000][2991.992s][info][gc,heap     ] GC(254) Eden regions: 951->0(951)
[2025-12-28T23:52:28.404+0000][2991.992s][info][gc,heap     ] GC(254) Survivor regions: 1->1(119)
[2025-12-28T23:52:28.404+0000][2991.992s][info][gc,heap     ] GC(254) Old regions: 42->42
[2025-12-28T23:52:28.404+0000][2991.992s][info][gc,heap     ] GC(254) Archive regions: 2->2
[2025-12-28T23:52:28.404+0000][2991.992s][info][gc,heap     ] GC(254) Humongous regions: 39->39
[2025-12-28T23:52:28.404+0000][2991.992s][info][gc,metaspace] GC(254) Metaspace: 75253K(76032K)->75253K(76032K) NonClass: 65040K(65408K)->65040K(65408K) Class: 10213K(10624K)->10213K(10624K)
[2025-12-28T23:52:28.404+0000][2991.992s][info][gc          ] GC(254) Pause Young (Normal) (G1 Evacuation Pause) 1032M->81M(1588M) 9.032ms
[2025-12-28T23:52:28.404+0000][2991.992s][info][gc,cpu      ] GC(254) User=0.04s Sys=0.00s Real=0.01s
[2025-12-28T23:52:40.949+0000][3004.538s][info][gc,start    ] GC(255) Pause Young (Normal) (G1 Evacuation Pause)
[2025-12-28T23:52:40.950+0000][3004.539s][info][gc,task     ] GC(255) Using 8 workers of 8 for evacuation
[2025-12-28T23:52:40.953+0000][3004.541s][info][gc,phases   ] GC(255)   Pre Evacuate Collection Set: 0.3ms
[2025-12-28T23:52:40.953+0000][3004.541s][info][gc,phases   ] GC(255)   Merge Heap Roots: 0.3ms
[2025-12-28T23:52:40.953+0000][3004.541s][info][gc,phases   ] GC(255)   Evacuate Collection Set: 1.1ms
[2025-12-28T23:52:40.953+0000][3004.541s][info][gc,phases   ] GC(255)   Post Evacuate Collection Set: 0.4ms
[2025-12-28T23:52:40.953+0000][3004.541s][info][gc,phases   ] GC(255)   Other: 1.1ms
[2025-12-28T23:52:40.953+0000][3004.541s][info][gc,heap     ] GC(255) Eden regions: 951->0(951)
[2025-12-28T23:52:40.953+0000][3004.541s][info][gc,heap     ] GC(255) Survivor regions: 1->1(119)
[2025-12-28T23:52:40.953+0000][3004.541s][info][gc,heap     ] GC(255) Old regions: 42->42
[2025-12-28T23:52:40.953+0000][3004.541s][info][gc,heap     ] GC(255) Archive regions: 2->2
[2025-12-28T23:52:40.953+0000][3004.542s][info][gc,heap     ] GC(255) Humongous regions: 39->39
[2025-12-28T23:52:40.953+0000][3004.542s][info][gc,metaspace] GC(255) Metaspace: 75253K(76032K)->75253K(76032K) NonClass: 65040K(65408K)->65040K(65408K) Class: 10213K(10624K)->10213K(10624K)
[2025-12-28T23:52:40.954+0000][3004.542s][info][gc          ] GC(255) Pause Young (Normal) (G1 Evacuation Pause) 1032M->81M(1588M) 4.071ms
[2025-12-28T23:52:40.954+0000][3004.542s][info][gc,cpu      ] GC(255) User=0.01s Sys=0.00s Real=0.01s
[2025-12-28T23:52:53.426+0000][3017.014s][info][gc,start    ] GC(256) Pause Young (Normal) (G1 Evacuation Pause)
[2025-12-28T23:52:53.426+0000][3017.015s][info][gc,task     ] GC(256) Using 8 workers of 8 for evacuation
[2025-12-28T23:52:53.435+0000][3017.023s][info][gc,phases   ] GC(256)   Pre Evacuate Collection Set: 0.5ms
[2025-12-28T23:52:53.435+0000][3017.023s][info][gc,phases   ] GC(256)   Merge Heap Roots: 0.3ms
[2025-12-28T23:52:53.435+0000][3017.023s][info][gc,phases   ] GC(256)   Evacuate Collection Set: 4.8ms
[2025-12-28T23:52:53.435+0000][3017.023s][info][gc,phases   ] GC(256)   Post Evacuate Collection Set: 2.4ms
[2025-12-28T23:52:53.435+0000][3017.023s][info][gc,phases   ] GC(256)   Other: 1.5ms
[2025-12-28T23:52:53.435+0000][3017.024s][info][gc,heap     ] GC(256) Eden regions: 951->0(951)
[2025-12-28T23:52:53.436+0000][3017.024s][info][gc,heap     ] GC(256) Survivor regions: 1->1(119)
[2025-12-28T23:52:53.436+0000][3017.024s][info][gc,heap     ] GC(256) Old regions: 42->42
[2025-12-28T23:52:53.436+0000][3017.024s][info][gc,heap     ] GC(256) Archive regions: 2->2
[2025-12-28T23:52:53.436+0000][3017.024s][info][gc,heap     ] GC(256) Humongous regions: 39->39
[2025-12-28T23:52:53.436+0000][3017.024s][info][gc,metaspace] GC(256) Metaspace: 75253K(76032K)->75253K(76032K) NonClass: 65040K(65408K)->65040K(65408K) Class: 10213K(10624K)->10213K(10624K)
[2025-12-28T23:52:53.436+0000][3017.024s][info][gc          ] GC(256) Pause Young (Normal) (G1 Evacuation Pause) 1032M->81M(1588M) 10.584ms
[2025-12-28T23:52:53.436+0000][3017.024s][info][gc,cpu      ] GC(256) User=0.05s Sys=0.00s Real=0.01s
[2025-12-28T23:53:05.307+0000][3028.896s][info][gc,start    ] GC(257) Pause Young (Normal) (G1 Evacuation Pause)
[2025-12-28T23:53:05.308+0000][3028.896s][info][gc,task     ] GC(257) Using 8 workers of 8 for evacuation
[2025-12-28T23:53:05.313+0000][3028.901s][info][gc,phases   ] GC(257)   Pre Evacuate Collection Set: 0.5ms
[2025-12-28T23:53:05.313+0000][3028.901s][info][gc,phases   ] GC(257)   Merge Heap Roots: 0.4ms
[2025-12-28T23:53:05.313+0000][3028.902s][info][gc,phases   ] GC(257)   Evacuate Collection Set: 2.6ms
[2025-12-28T23:53:05.314+0000][3028.902s][info][gc,phases   ] GC(257)   Post Evacuate Collection Set: 1.0ms
[2025-12-28T23:53:05.314+0000][3028.902s][info][gc,phases   ] GC(257)   Other: 1.4ms
[2025-12-28T23:53:05.314+0000][3028.902s][info][gc,heap     ] GC(257) Eden regions: 951->0(951)
[2025-12-28T23:53:05.314+0000][3028.902s][info][gc,heap     ] GC(257) Survivor regions: 1->1(119)
[2025-12-28T23:53:05.314+0000][3028.902s][info][gc,heap     ] GC(257) Old regions: 42->42
[2025-12-28T23:53:05.314+0000][3028.902s][info][gc,heap     ] GC(257) Archive regions: 2->2
[2025-12-28T23:53:05.314+0000][3028.902s][info][gc,heap     ] GC(257) Humongous regions: 39->39
[2025-12-28T23:53:05.314+0000][3028.903s][info][gc,metaspace] GC(257) Metaspace: 75253K(76032K)->75253K(76032K) NonClass: 65040K(65408K)->65040K(65408K) Class: 10213K(10624K)->10213K(10624K)
[2025-12-28T23:53:05.314+0000][3028.903s][info][gc          ] GC(257) Pause Young (Normal) (G1 Evacuation Pause) 1032M->81M(1588M) 6.969ms
[2025-12-28T23:53:05.315+0000][3028.903s][info][gc,cpu      ] GC(257) User=0.02s Sys=0.01s Real=0.01s
[2025-12-28T23:53:16.930+0000][3040.518s][info][gc,start    ] GC(258) Pause Young (Normal) (G1 Evacuation Pause)
[2025-12-28T23:53:16.932+0000][3040.520s][info][gc,task     ] GC(258) Using 8 workers of 8 for evacuation
[2025-12-28T23:53:16.934+0000][3040.523s][info][gc,phases   ] GC(258)   Pre Evacuate Collection Set: 0.2ms
[2025-12-28T23:53:16.936+0000][3040.524s][info][gc,phases   ] GC(258)   Merge Heap Roots: 0.2ms
[2025-12-28T23:53:16.936+0000][3040.525s][info][gc,phases   ] GC(258)   Evacuate Collection Set: 1.2ms
[2025-12-28T23:53:16.937+0000][3040.525s][info][gc,phases   ] GC(258)   Post Evacuate Collection Set: 0.7ms
[2025-12-28T23:53:16.937+0000][3040.525s][info][gc,phases   ] GC(258)   Other: 2.4ms
[2025-12-28T23:53:16.937+0000][3040.525s][info][gc,heap     ] GC(258) Eden regions: 951->0(951)
[2025-12-28T23:53:16.937+0000][3040.525s][info][gc,heap     ] GC(258) Survivor regions: 1->1(119)
[2025-12-28T23:53:16.937+0000][3040.525s][info][gc,heap     ] GC(258) Old regions: 42->42
[2025-12-28T23:53:16.937+0000][3040.525s][info][gc,heap     ] GC(258) Archive regions: 2->2
[2025-12-28T23:53:16.937+0000][3040.525s][info][gc,heap     ] GC(258) Humongous regions: 39->39
[2025-12-28T23:53:16.937+0000][3040.525s][info][gc,metaspace] GC(258) Metaspace: 75253K(76032K)->75253K(76032K) NonClass: 65040K(65408K)->65040K(65408K) Class: 10213K(10624K)->10213K(10624K)
[2025-12-28T23:53:16.937+0000][3040.526s][info][gc          ] GC(258) Pause Young (Normal) (G1 Evacuation Pause) 1032M->81M(1588M) 7.471ms
[2025-12-28T23:53:16.938+0000][3040.526s][info][gc,cpu      ] GC(258) User=0.01s Sys=0.00s Real=0.01s
[2025-12-28T23:53:28.399+0000][3051.987s][info][gc,start    ] GC(259) Pause Young (Normal) (G1 Evacuation Pause)
[2025-12-28T23:53:28.400+0000][3051.988s][info][gc,task     ] GC(259) Using 8 workers of 8 for evacuation
[2025-12-28T23:53:28.404+0000][3051.992s][info][gc,phases   ] GC(259)   Pre Evacuate Collection Set: 0.4ms
[2025-12-28T23:53:28.404+0000][3051.992s][info][gc,phases   ] GC(259)   Merge Heap Roots: 0.3ms
[2025-12-28T23:53:28.404+0000][3051.992s][info][gc,phases   ] GC(259)   Evacuate Collection Set: 1.9ms
[2025-12-28T23:53:28.404+0000][3051.992s][info][gc,phases   ] GC(259)   Post Evacuate Collection Set: 0.9ms
[2025-12-28T23:53:28.404+0000][3051.993s][info][gc,phases   ] GC(259)   Other: 1.2ms
[2025-12-28T23:53:28.404+0000][3051.993s][info][gc,heap     ] GC(259) Eden regions: 951->0(951)
[2025-12-28T23:53:28.404+0000][3051.993s][info][gc,heap     ] GC(259) Survivor regions: 1->1(119)
[2025-12-28T23:53:28.405+0000][3051.993s][info][gc,heap     ] GC(259) Old regions: 42->42
[2025-12-28T23:53:28.405+0000][3051.993s][info][gc,heap     ] GC(259) Archive regions: 2->2
[2025-12-28T23:53:28.405+0000][3051.993s][info][gc,heap     ] GC(259) Humongous regions: 39->39
[2025-12-28T23:53:28.405+0000][3051.993s][info][gc,metaspace] GC(259) Metaspace: 75265K(76032K)->75265K(76032K) NonClass: 65051K(65408K)->65051K(65408K) Class: 10213K(10624K)->10213K(10624K)
[2025-12-28T23:53:28.405+0000][3051.993s][info][gc          ] GC(259) Pause Young (Normal) (G1 Evacuation Pause) 1032M->81M(1588M) 5.551ms
[2025-12-28T23:53:28.405+0000][3051.993s][info][gc,cpu      ] GC(259) User=0.02s Sys=0.00s Real=0.01s
[2025-12-28T23:53:40.982+0000][3064.570s][info][gc,start    ] GC(260) Pause Young (Normal) (G1 Evacuation Pause)
[2025-12-28T23:53:40.983+0000][3064.571s][info][gc,task     ] GC(260) Using 8 workers of 8 for evacuation
[2025-12-28T23:53:40.987+0000][3064.575s][info][gc,phases   ] GC(260)   Pre Evacuate Collection Set: 0.4ms
[2025-12-28T23:53:40.987+0000][3064.575s][info][gc,phases   ] GC(260)   Merge Heap Roots: 0.4ms
[2025-12-28T23:53:40.987+0000][3064.576s][info][gc,phases   ] GC(260)   Evacuate Collection Set: 2.2ms
[2025-12-28T23:53:40.987+0000][3064.576s][info][gc,phases   ] GC(260)   Post Evacuate Collection Set: 0.8ms
[2025-12-28T23:53:40.987+0000][3064.576s][info][gc,phases   ] GC(260)   Other: 1.2ms
[2025-12-28T23:53:40.988+0000][3064.576s][info][gc,heap     ] GC(260) Eden regions: 951->0(951)
[2025-12-28T23:53:40.988+0000][3064.576s][info][gc,heap     ] GC(260) Survivor regions: 1->1(119)
[2025-12-28T23:53:40.988+0000][3064.576s][info][gc,heap     ] GC(260) Old regions: 42->42
[2025-12-28T23:53:40.988+0000][3064.576s][info][gc,heap     ] GC(260) Archive regions: 2->2
[2025-12-28T23:53:40.988+0000][3064.576s][info][gc,heap     ] GC(260) Humongous regions: 39->39
[2025-12-28T23:53:40.988+0000][3064.576s][info][gc,metaspace] GC(260) Metaspace: 75286K(76032K)->75286K(76032K) NonClass: 65073K(65408K)->65073K(65408K) Class: 10213K(10624K)->10213K(10624K)
[2025-12-28T23:53:40.988+0000][3064.576s][info][gc          ] GC(260) Pause Young (Normal) (G1 Evacuation Pause) 1032M->81M(1588M) 6.053ms
[2025-12-28T23:53:40.988+0000][3064.577s][info][gc,cpu      ] GC(260) User=0.01s Sys=0.01s Real=0.00s
[2025-12-28T23:53:53.643+0000][3077.231s][info][gc,start    ] GC(261) Pause Young (Normal) (G1 Evacuation Pause)
[2025-12-28T23:53:53.643+0000][3077.231s][info][gc,task     ] GC(261) Using 8 workers of 8 for evacuation
[2025-12-28T23:53:53.646+0000][3077.234s][info][gc,phases   ] GC(261)   Pre Evacuate Collection Set: 0.3ms
[2025-12-28T23:53:53.646+0000][3077.234s][info][gc,phases   ] GC(261)   Merge Heap Roots: 0.2ms
[2025-12-28T23:53:53.646+0000][3077.234s][info][gc,phases   ] GC(261)   Evacuate Collection Set: 1.2ms
[2025-12-28T23:53:53.646+0000][3077.234s][info][gc,phases   ] GC(261)   Post Evacuate Collection Set: 0.5ms
[2025-12-28T23:53:53.646+0000][3077.234s][info][gc,phases   ] GC(261)   Other: 0.5ms
[2025-12-28T23:53:53.646+0000][3077.234s][info][gc,heap     ] GC(261) Eden regions: 951->0(951)
[2025-12-28T23:53:53.646+0000][3077.234s][info][gc,heap     ] GC(261) Survivor regions: 1->1(119)
[2025-12-28T23:53:53.646+0000][3077.234s][info][gc,heap     ] GC(261) Old regions: 42->42
[2025-12-28T23:53:53.646+0000][3077.234s][info][gc,heap     ] GC(261) Archive regions: 2->2
[2025-12-28T23:53:53.646+0000][3077.235s][info][gc,heap     ] GC(261) Humongous regions: 39->39
[2025-12-28T23:53:53.646+0000][3077.235s][info][gc,metaspace] GC(261) Metaspace: 75286K(76032K)->75286K(76032K) NonClass: 65073K(65408K)->65073K(65408K) Class: 10213K(10624K)->10213K(10624K)
[2025-12-28T23:53:53.647+0000][3077.235s][info][gc          ] GC(261) Pause Young (Normal) (G1 Evacuation Pause) 1032M->81M(1588M) 3.505ms
[2025-12-28T23:53:53.647+0000][3077.235s][info][gc,cpu      ] GC(261) User=0.01s Sys=0.00s Real=0.00s
[2025-12-28T23:54:05.328+0000][3088.916s][info][gc,start    ] GC(262) Pause Young (Normal) (G1 Evacuation Pause)
[2025-12-28T23:54:05.329+0000][3088.917s][info][gc,task     ] GC(262) Using 8 workers of 8 for evacuation
[2025-12-28T23:54:05.336+0000][3088.924s][info][gc,phases   ] GC(262)   Pre Evacuate Collection Set: 0.5ms
[2025-12-28T23:54:05.336+0000][3088.924s][info][gc,phases   ] GC(262)   Merge Heap Roots: 0.5ms
[2025-12-28T23:54:05.336+0000][3088.924s][info][gc,phases   ] GC(262)   Evacuate Collection Set: 3.9ms
[2025-12-28T23:54:05.336+0000][3088.924s][info][gc,phases   ] GC(262)   Post Evacuate Collection Set: 1.7ms
[2025-12-28T23:54:05.336+0000][3088.924s][info][gc,phases   ] GC(262)   Other: 1.5ms
[2025-12-28T23:54:05.336+0000][3088.924s][info][gc,heap     ] GC(262) Eden regions: 951->0(951)
[2025-12-28T23:54:05.336+0000][3088.924s][info][gc,heap     ] GC(262) Survivor regions: 1->1(119)
[2025-12-28T23:54:05.336+0000][3088.925s][info][gc,heap     ] GC(262) Old regions: 42->42
[2025-12-28T23:54:05.336+0000][3088.925s][info][gc,heap     ] GC(262) Archive regions: 2->2
[2025-12-28T23:54:05.336+0000][3088.925s][info][gc,heap     ] GC(262) Humongous regions: 39->39
[2025-12-28T23:54:05.337+0000][3088.925s][info][gc,metaspace] GC(262) Metaspace: 75287K(76032K)->75287K(76032K) NonClass: 65073K(65408K)->65073K(65408K) Class: 10213K(10624K)->10213K(10624K)
[2025-12-28T23:54:05.337+0000][3088.925s][info][gc          ] GC(262) Pause Young (Normal) (G1 Evacuation Pause) 1032M->81M(1588M) 8.970ms
[2025-12-28T23:54:05.337+0000][3088.925s][info][gc,cpu      ] GC(262) User=0.03s Sys=0.00s Real=0.01s
[2025-12-28T23:54:17.211+0000][3100.799s][info][gc,start    ] GC(263) Pause Young (Normal) (G1 Evacuation Pause)
[2025-12-28T23:54:17.212+0000][3100.800s][info][gc,task     ] GC(263) Using 8 workers of 8 for evacuation
[2025-12-28T23:54:17.221+0000][3100.809s][info][gc,phases   ] GC(263)   Pre Evacuate Collection Set: 2.9ms
[2025-12-28T23:54:17.222+0000][3100.810s][info][gc,phases   ] GC(263)   Merge Heap Roots: 0.7ms
[2025-12-28T23:54:17.222+0000][3100.810s][info][gc,phases   ] GC(263)   Evacuate Collection Set: 3.7ms
[2025-12-28T23:54:17.222+0000][3100.811s][info][gc,phases   ] GC(263)   Post Evacuate Collection Set: 1.2ms
[2025-12-28T23:54:17.223+0000][3100.811s][info][gc,phases   ] GC(263)   Other: 2.8ms
[2025-12-28T23:54:17.223+0000][3100.811s][info][gc,heap     ] GC(263) Eden regions: 951->0(951)
[2025-12-28T23:54:17.223+0000][3100.811s][info][gc,heap     ] GC(263) Survivor regions: 1->1(119)
[2025-12-28T23:54:17.223+0000][3100.811s][info][gc,heap     ] GC(263) Old regions: 42->42
[2025-12-28T23:54:17.223+0000][3100.812s][info][gc,heap     ] GC(263) Archive regions: 2->2
[2025-12-28T23:54:17.224+0000][3100.812s][info][gc,heap     ] GC(263) Humongous regions: 39->39
[2025-12-28T23:54:17.224+0000][3100.812s][info][gc,metaspace] GC(263) Metaspace: 75287K(76032K)->75287K(76032K) NonClass: 65073K(65408K)->65073K(65408K) Class: 10213K(10624K)->10213K(10624K)
[2025-12-28T23:54:17.224+0000][3100.812s][info][gc          ] GC(263) Pause Young (Normal) (G1 Evacuation Pause) 1032M->81M(1588M) 12.877ms
[2025-12-28T23:54:17.224+0000][3100.813s][info][gc,cpu      ] GC(263) User=0.04s Sys=0.00s Real=0.01s
[2025-12-28T23:54:28.700+0000][3112.288s][info][gc,start    ] GC(264) Pause Young (Normal) (G1 Evacuation Pause)
[2025-12-28T23:54:28.701+0000][3112.289s][info][gc,task     ] GC(264) Using 8 workers of 8 for evacuation
[2025-12-28T23:54:28.708+0000][3112.297s][info][gc,phases   ] GC(264)   Pre Evacuate Collection Set: 0.5ms
[2025-12-28T23:54:28.709+0000][3112.297s][info][gc,phases   ] GC(264)   Merge Heap Roots: 0.2ms
[2025-12-28T23:54:28.709+0000][3112.297s][info][gc,phases   ] GC(264)   Evacuate Collection Set: 5.1ms
[2025-12-28T23:54:28.709+0000][3112.297s][info][gc,phases   ] GC(264)   Post Evacuate Collection Set: 1.3ms
[2025-12-28T23:54:28.709+0000][3112.297s][info][gc,phases   ] GC(264)   Other: 1.5ms
[2025-12-28T23:54:28.709+0000][3112.297s][info][gc,heap     ] GC(264) Eden regions: 951->0(951)
[2025-12-28T23:54:28.709+0000][3112.297s][info][gc,heap     ] GC(264) Survivor regions: 1->1(119)
[2025-12-28T23:54:28.709+0000][3112.297s][info][gc,heap     ] GC(264) Old regions: 42->42
[2025-12-28T23:54:28.709+0000][3112.297s][info][gc,heap     ] GC(264) Archive regions: 2->2
[2025-12-28T23:54:28.709+0000][3112.297s][info][gc,heap     ] GC(264) Humongous regions: 39->39
[2025-12-28T23:54:28.709+0000][3112.297s][info][gc,metaspace] GC(264) Metaspace: 75293K(76096K)->75293K(76096K) NonClass: 65078K(65472K)->65078K(65472K) Class: 10214K(10624K)->10214K(10624K)
[2025-12-28T23:54:28.709+0000][3112.297s][info][gc          ] GC(264) Pause Young (Normal) (G1 Evacuation Pause) 1032M->81M(1588M) 9.185ms
[2025-12-28T23:54:28.709+0000][3112.297s][info][gc,cpu      ] GC(264) User=0.04s Sys=0.00s Real=0.01s
[2025-12-28T23:54:40.951+0000][3124.540s][info][gc,start    ] GC(265) Pause Young (Normal) (G1 Evacuation Pause)
[2025-12-28T23:54:40.952+0000][3124.540s][info][gc,task     ] GC(265) Using 8 workers of 8 for evacuation
[2025-12-28T23:54:40.954+0000][3124.542s][info][gc,phases   ] GC(265)   Pre Evacuate Collection Set: 0.3ms
[2025-12-28T23:54:40.954+0000][3124.542s][info][gc,phases   ] GC(265)   Merge Heap Roots: 0.2ms
[2025-12-28T23:54:40.954+0000][3124.542s][info][gc,phases   ] GC(265)   Evacuate Collection Set: 1.1ms
[2025-12-28T23:54:40.954+0000][3124.542s][info][gc,phases   ] GC(265)   Post Evacuate Collection Set: 0.5ms
[2025-12-28T23:54:40.954+0000][3124.542s][info][gc,phases   ] GC(265)   Other: 0.7ms
[2025-12-28T23:54:40.954+0000][3124.542s][info][gc,heap     ] GC(265) Eden regions: 951->0(951)
[2025-12-28T23:54:40.954+0000][3124.542s][info][gc,heap     ] GC(265) Survivor regions: 1->1(119)
[2025-12-28T23:54:40.954+0000][3124.543s][info][gc,heap     ] GC(265) Old regions: 42->42
[2025-12-28T23:54:40.954+0000][3124.543s][info][gc,heap     ] GC(265) Archive regions: 2->2
[2025-12-28T23:54:40.954+0000][3124.543s][info][gc,heap     ] GC(265) Humongous regions: 39->39
[2025-12-28T23:54:40.954+0000][3124.543s][info][gc,metaspace] GC(265) Metaspace: 75293K(76096K)->75293K(76096K) NonClass: 65078K(65472K)->65078K(65472K) Class: 10214K(10624K)->10214K(10624K)
[2025-12-28T23:54:40.954+0000][3124.543s][info][gc          ] GC(265) Pause Young (Normal) (G1 Evacuation Pause) 1032M->81M(1588M) 3.071ms
[2025-12-28T23:54:40.955+0000][3124.543s][info][gc,cpu      ] GC(265) User=0.01s Sys=0.00s Real=0.00s
[2025-12-28T23:54:53.714+0000][3137.302s][info][gc,start    ] GC(266) Pause Young (Normal) (G1 Evacuation Pause)
[2025-12-28T23:54:53.715+0000][3137.303s][info][gc,task     ] GC(266) Using 8 workers of 8 for evacuation
[2025-12-28T23:54:53.726+0000][3137.314s][info][gc,phases   ] GC(266)   Pre Evacuate Collection Set: 1.3ms
[2025-12-28T23:54:53.726+0000][3137.314s][info][gc,phases   ] GC(266)   Merge Heap Roots: 0.6ms
[2025-12-28T23:54:53.726+0000][3137.314s][info][gc,phases   ] GC(266)   Evacuate Collection Set: 6.6ms
[2025-12-28T23:54:53.726+0000][3137.314s][info][gc,phases   ] GC(266)   Post Evacuate Collection Set: 2.1ms
[2025-12-28T23:54:53.726+0000][3137.315s][info][gc,phases   ] GC(266)   Other: 1.9ms
[2025-12-28T23:54:53.727+0000][3137.315s][info][gc,heap     ] GC(266) Eden regions: 951->0(951)
[2025-12-28T23:54:53.727+0000][3137.315s][info][gc,heap     ] GC(266) Survivor regions: 1->1(119)
[2025-12-28T23:54:53.727+0000][3137.315s][info][gc,heap     ] GC(266) Old regions: 42->42
[2025-12-28T23:54:53.727+0000][3137.315s][info][gc,heap     ] GC(266) Archive regions: 2->2
[2025-12-28T23:54:53.727+0000][3137.315s][info][gc,heap     ] GC(266) Humongous regions: 39->39
[2025-12-28T23:54:53.727+0000][3137.315s][info][gc,metaspace] GC(266) Metaspace: 75293K(76096K)->75293K(76096K) NonClass: 65078K(65472K)->65078K(65472K) Class: 10214K(10624K)->10214K(10624K)
[2025-12-28T23:54:53.727+0000][3137.315s][info][gc          ] GC(266) Pause Young (Normal) (G1 Evacuation Pause) 1032M->81M(1588M) 13.536ms
[2025-12-28T23:54:53.727+0000][3137.316s][info][gc,cpu      ] GC(266) User=0.05s Sys=0.00s Real=0.01s
[2025-12-28T23:55:05.578+0000][3149.166s][info][gc,start    ] GC(267) Pause Young (Normal) (G1 Evacuation Pause)
[2025-12-28T23:55:05.578+0000][3149.166s][info][gc,task     ] GC(267) Using 8 workers of 8 for evacuation
[2025-12-28T23:55:05.580+0000][3149.168s][info][gc,phases   ] GC(267)   Pre Evacuate Collection Set: 0.2ms
[2025-12-28T23:55:05.580+0000][3149.169s][info][gc,phases   ] GC(267)   Merge Heap Roots: 0.1ms
[2025-12-28T23:55:05.580+0000][3149.169s][info][gc,phases   ] GC(267)   Evacuate Collection Set: 1.2ms
[2025-12-28T23:55:05.581+0000][3149.169s][info][gc,phases   ] GC(267)   Post Evacuate Collection Set: 0.6ms
[2025-12-28T23:55:05.581+0000][3149.169s][info][gc,phases   ] GC(267)   Other: 1.2ms
[2025-12-28T23:55:05.581+0000][3149.169s][info][gc,heap     ] GC(267) Eden regions: 951->0(951)
[2025-12-28T23:55:05.581+0000][3149.169s][info][gc,heap     ] GC(267) Survivor regions: 1->1(119)
[2025-12-28T23:55:05.581+0000][3149.169s][info][gc,heap     ] GC(267) Old regions: 42->42
[2025-12-28T23:55:05.581+0000][3149.169s][info][gc,heap     ] GC(267) Archive regions: 2->2
[2025-12-28T23:55:05.581+0000][3149.169s][info][gc,heap     ] GC(267) Humongous regions: 39->39
[2025-12-28T23:55:05.581+0000][3149.169s][info][gc,metaspace] GC(267) Metaspace: 75293K(76096K)->75293K(76096K) NonClass: 65078K(65472K)->65078K(65472K) Class: 10214K(10624K)->10214K(10624K)
[2025-12-28T23:55:05.581+0000][3149.169s][info][gc          ] GC(267) Pause Young (Normal) (G1 Evacuation Pause) 1032M->81M(1588M) 3.338ms
[2025-12-28T23:55:05.581+0000][3149.169s][info][gc,cpu      ] GC(267) User=0.02s Sys=0.00s Real=0.01s
[2025-12-28T23:55:17.594+0000][3161.182s][info][gc,start    ] GC(268) Pause Young (Normal) (G1 Evacuation Pause)
[2025-12-28T23:55:17.595+0000][3161.183s][info][gc,task     ] GC(268) Using 8 workers of 8 for evacuation
[2025-12-28T23:55:17.597+0000][3161.185s][info][gc,phases   ] GC(268)   Pre Evacuate Collection Set: 0.3ms
[2025-12-28T23:55:17.597+0000][3161.185s][info][gc,phases   ] GC(268)   Merge Heap Roots: 0.2ms
[2025-12-28T23:55:17.597+0000][3161.186s][info][gc,phases   ] GC(268)   Evacuate Collection Set: 1.2ms
[2025-12-28T23:55:17.597+0000][3161.186s][info][gc,phases   ] GC(268)   Post Evacuate Collection Set: 0.6ms
[2025-12-28T23:55:17.598+0000][3161.186s][info][gc,phases   ] GC(268)   Other: 1.4ms
[2025-12-28T23:55:17.598+0000][3161.186s][info][gc,heap     ] GC(268) Eden regions: 951->0(951)
[2025-12-28T23:55:17.598+0000][3161.186s][info][gc,heap     ] GC(268) Survivor regions: 1->1(119)
[2025-12-28T23:55:17.598+0000][3161.186s][info][gc,heap     ] GC(268) Old regions: 42->42
[2025-12-28T23:55:17.598+0000][3161.186s][info][gc,heap     ] GC(268) Archive regions: 2->2
[2025-12-28T23:55:17.598+0000][3161.186s][info][gc,heap     ] GC(268) Humongous regions: 39->39
[2025-12-28T23:55:17.598+0000][3161.186s][info][gc,metaspace] GC(268) Metaspace: 75293K(76096K)->75293K(76096K) NonClass: 65078K(65472K)->65078K(65472K) Class: 10214K(10624K)->10214K(10624K)
[2025-12-28T23:55:17.598+0000][3161.186s][info][gc          ] GC(268) Pause Young (Normal) (G1 Evacuation Pause) 1032M->81M(1588M) 4.627ms
[2025-12-28T23:55:17.598+0000][3161.187s][info][gc,cpu      ] GC(268) User=0.01s Sys=0.00s Real=0.00s
[2025-12-28T23:55:29.398+0000][3172.986s][info][gc,start    ] GC(269) Pause Young (Normal) (G1 Evacuation Pause)
[2025-12-28T23:55:29.398+0000][3172.986s][info][gc,task     ] GC(269) Using 8 workers of 8 for evacuation
[2025-12-28T23:55:29.402+0000][3172.990s][info][gc,phases   ] GC(269)   Pre Evacuate Collection Set: 0.4ms
[2025-12-28T23:55:29.402+0000][3172.990s][info][gc,phases   ] GC(269)   Merge Heap Roots: 0.2ms
[2025-12-28T23:55:29.402+0000][3172.990s][info][gc,phases   ] GC(269)   Evacuate Collection Set: 1.8ms
[2025-12-28T23:55:29.402+0000][3172.990s][info][gc,phases   ] GC(269)   Post Evacuate Collection Set: 0.9ms
[2025-12-28T23:55:29.402+0000][3172.990s][info][gc,phases   ] GC(269)   Other: 0.9ms
[2025-12-28T23:55:29.402+0000][3172.990s][info][gc,heap     ] GC(269) Eden regions: 951->0(951)
[2025-12-28T23:55:29.402+0000][3172.990s][info][gc,heap     ] GC(269) Survivor regions: 1->1(119)
[2025-12-28T23:55:29.402+0000][3172.991s][info][gc,heap     ] GC(269) Old regions: 42->42
[2025-12-28T23:55:29.402+0000][3172.991s][info][gc,heap     ] GC(269) Archive regions: 2->2
[2025-12-28T23:55:29.402+0000][3172.991s][info][gc,heap     ] GC(269) Humongous regions: 39->39
[2025-12-28T23:55:29.403+0000][3172.991s][info][gc,metaspace] GC(269) Metaspace: 75296K(76096K)->75296K(76096K) NonClass: 65082K(65472K)->65082K(65472K) Class: 10214K(10624K)->10214K(10624K)
[2025-12-28T23:55:29.403+0000][3172.991s][info][gc          ] GC(269) Pause Young (Normal) (G1 Evacuation Pause) 1032M->81M(1588M) 4.822ms
[2025-12-28T23:55:29.403+0000][3172.991s][info][gc,cpu      ] GC(269) User=0.02s Sys=0.00s Real=0.01s
[2025-12-28T23:55:41.521+0000][3185.109s][info][gc,start    ] GC(270) Pause Young (Normal) (G1 Evacuation Pause)
[2025-12-28T23:55:41.522+0000][3185.110s][info][gc,task     ] GC(270) Using 8 workers of 8 for evacuation
[2025-12-28T23:55:41.524+0000][3185.113s][info][gc,phases   ] GC(270)   Pre Evacuate Collection Set: 0.3ms
[2025-12-28T23:55:41.525+0000][3185.113s][info][gc,phases   ] GC(270)   Merge Heap Roots: 0.1ms
[2025-12-28T23:55:41.525+0000][3185.113s][info][gc,phases   ] GC(270)   Evacuate Collection Set: 1.3ms
[2025-12-28T23:55:41.525+0000][3185.113s][info][gc,phases   ] GC(270)   Post Evacuate Collection Set: 0.6ms
[2025-12-28T23:55:41.525+0000][3185.113s][info][gc,phases   ] GC(270)   Other: 1.6ms
[2025-12-28T23:55:41.525+0000][3185.113s][info][gc,heap     ] GC(270) Eden regions: 951->0(951)
[2025-12-28T23:55:41.525+0000][3185.114s][info][gc,heap     ] GC(270) Survivor regions: 1->1(119)
[2025-12-28T23:55:41.525+0000][3185.114s][info][gc,heap     ] GC(270) Old regions: 42->42
[2025-12-28T23:55:41.526+0000][3185.114s][info][gc,heap     ] GC(270) Archive regions: 2->2
[2025-12-28T23:55:41.526+0000][3185.114s][info][gc,heap     ] GC(270) Humongous regions: 39->39
[2025-12-28T23:55:41.526+0000][3185.114s][info][gc,metaspace] GC(270) Metaspace: 75296K(76096K)->75296K(76096K) NonClass: 65082K(65472K)->65082K(65472K) Class: 10214K(10624K)->10214K(10624K)
[2025-12-28T23:55:41.526+0000][3185.114s][info][gc          ] GC(270) Pause Young (Normal) (G1 Evacuation Pause) 1032M->81M(1588M) 5.458ms
[2025-12-28T23:55:41.526+0000][3185.114s][info][gc,cpu      ] GC(270) User=0.01s Sys=0.01s Real=0.00s
[2025-12-28T23:55:55.304+0000][3198.892s][info][gc,start    ] GC(271) Pause Young (Normal) (G1 Evacuation Pause)
[2025-12-28T23:55:55.305+0000][3198.893s][info][gc,task     ] GC(271) Using 8 workers of 8 for evacuation
[2025-12-28T23:55:55.308+0000][3198.896s][info][gc,phases   ] GC(271)   Pre Evacuate Collection Set: 0.3ms
[2025-12-28T23:55:55.308+0000][3198.896s][info][gc,phases   ] GC(271)   Merge Heap Roots: 0.3ms
[2025-12-28T23:55:55.308+0000][3198.897s][info][gc,phases   ] GC(271)   Evacuate Collection Set: 1.5ms
[2025-12-28T23:55:55.308+0000][3198.897s][info][gc,phases   ] GC(271)   Post Evacuate Collection Set: 0.8ms
[2025-12-28T23:55:55.309+0000][3198.897s][info][gc,phases   ] GC(271)   Other: 1.3ms
[2025-12-28T23:55:55.309+0000][3198.897s][info][gc,heap     ] GC(271) Eden regions: 951->0(951)
[2025-12-28T23:55:55.309+0000][3198.897s][info][gc,heap     ] GC(271) Survivor regions: 1->1(119)
[2025-12-28T23:55:55.309+0000][3198.897s][info][gc,heap     ] GC(271) Old regions: 42->42
[2025-12-28T23:55:55.309+0000][3198.897s][info][gc,heap     ] GC(271) Archive regions: 2->2
[2025-12-28T23:55:55.309+0000][3198.897s][info][gc,heap     ] GC(271) Humongous regions: 39->39
[2025-12-28T23:55:55.309+0000][3198.898s][info][gc,metaspace] GC(271) Metaspace: 75296K(76096K)->75296K(76096K) NonClass: 65082K(65472K)->65082K(65472K) Class: 10214K(10624K)->10214K(10624K)
[2025-12-28T23:55:55.310+0000][3198.898s][info][gc          ] GC(271) Pause Young (Normal) (G1 Evacuation Pause) 1032M->81M(1588M) 5.364ms
[2025-12-28T23:55:55.310+0000][3198.898s][info][gc,cpu      ] GC(271) User=0.02s Sys=0.00s Real=0.00s
[2025-12-28T23:56:07.376+0000][3210.964s][info][gc,start    ] GC(272) Pause Young (Normal) (G1 Evacuation Pause)
[2025-12-28T23:56:07.377+0000][3210.965s][info][gc,task     ] GC(272) Using 8 workers of 8 for evacuation
[2025-12-28T23:56:07.381+0000][3210.970s][info][gc,phases   ] GC(272)   Pre Evacuate Collection Set: 0.6ms
[2025-12-28T23:56:07.382+0000][3210.970s][info][gc,phases   ] GC(272)   Merge Heap Roots: 0.5ms
[2025-12-28T23:56:07.382+0000][3210.970s][info][gc,phases   ] GC(272)   Evacuate Collection Set: 1.9ms
[2025-12-28T23:56:07.382+0000][3210.970s][info][gc,phases   ] GC(272)   Post Evacuate Collection Set: 1.0ms
[2025-12-28T23:56:07.382+0000][3210.970s][info][gc,phases   ] GC(272)   Other: 2.0ms
[2025-12-28T23:56:07.382+0000][3210.970s][info][gc,heap     ] GC(272) Eden regions: 951->0(951)
[2025-12-28T23:56:07.382+0000][3210.970s][info][gc,heap     ] GC(272) Survivor regions: 1->1(119)
[2025-12-28T23:56:07.382+0000][3210.971s][info][gc,heap     ] GC(272) Old regions: 42->42
[2025-12-28T23:56:07.382+0000][3210.971s][info][gc,heap     ] GC(272) Archive regions: 2->2
[2025-12-28T23:56:07.383+0000][3210.971s][info][gc,heap     ] GC(272) Humongous regions: 39->39
[2025-12-28T23:56:07.383+0000][3210.971s][info][gc,metaspace] GC(272) Metaspace: 75297K(76096K)->75297K(76096K) NonClass: 65083K(65472K)->65083K(65472K) Class: 10214K(10624K)->10214K(10624K)
[2025-12-28T23:56:07.383+0000][3210.971s][info][gc          ] GC(272) Pause Young (Normal) (G1 Evacuation Pause) 1032M->81M(1588M) 6.787ms
[2025-12-28T23:56:07.383+0000][3210.971s][info][gc,cpu      ] GC(272) User=0.01s Sys=0.01s Real=0.01s
[2025-12-28T23:56:19.449+0000][3223.037s][info][gc,start    ] GC(273) Pause Young (Normal) (G1 Evacuation Pause)
[2025-12-28T23:56:19.449+0000][3223.037s][info][gc,task     ] GC(273) Using 8 workers of 8 for evacuation
[2025-12-28T23:56:19.454+0000][3223.042s][info][gc,phases   ] GC(273)   Pre Evacuate Collection Set: 0.4ms
[2025-12-28T23:56:19.454+0000][3223.042s][info][gc,phases   ] GC(273)   Merge Heap Roots: 0.3ms
[2025-12-28T23:56:19.454+0000][3223.042s][info][gc,phases   ] GC(273)   Evacuate Collection Set: 2.4ms
[2025-12-28T23:56:19.454+0000][3223.043s][info][gc,phases   ] GC(273)   Post Evacuate Collection Set: 1.2ms
[2025-12-28T23:56:19.454+0000][3223.043s][info][gc,phases   ] GC(273)   Other: 1.3ms
[2025-12-28T23:56:19.455+0000][3223.043s][info][gc,heap     ] GC(273) Eden regions: 951->0(951)
[2025-12-28T23:56:19.455+0000][3223.043s][info][gc,heap     ] GC(273) Survivor regions: 1->1(119)
[2025-12-28T23:56:19.455+0000][3223.043s][info][gc,heap     ] GC(273) Old regions: 42->42
[2025-12-28T23:56:19.455+0000][3223.043s][info][gc,heap     ] GC(273) Archive regions: 2->2
[2025-12-28T23:56:19.455+0000][3223.043s][info][gc,heap     ] GC(273) Humongous regions: 39->39
[2025-12-28T23:56:19.455+0000][3223.043s][info][gc,metaspace] GC(273) Metaspace: 75297K(76096K)->75297K(76096K) NonClass: 65083K(65472K)->65083K(65472K) Class: 10214K(10624K)->10214K(10624K)
[2025-12-28T23:56:19.455+0000][3223.044s][info][gc          ] GC(273) Pause Young (Normal) (G1 Evacuation Pause) 1032M->81M(1588M) 6.923ms
[2025-12-28T23:56:19.456+0000][3223.044s][info][gc,cpu      ] GC(273) User=0.02s Sys=0.00s Real=0.01s
[2025-12-28T23:56:31.286+0000][3234.874s][info][gc,start    ] GC(274) Pause Young (Normal) (G1 Evacuation Pause)
[2025-12-28T23:56:31.287+0000][3234.876s][info][gc,task     ] GC(274) Using 8 workers of 8 for evacuation
[2025-12-28T23:56:31.291+0000][3234.879s][info][gc,phases   ] GC(274)   Pre Evacuate Collection Set: 0.6ms
[2025-12-28T23:56:31.291+0000][3234.879s][info][gc,phases   ] GC(274)   Merge Heap Roots: 0.3ms
[2025-12-28T23:56:31.291+0000][3234.879s][info][gc,phases   ] GC(274)   Evacuate Collection Set: 1.5ms
[2025-12-28T23:56:31.291+0000][3234.880s][info][gc,phases   ] GC(274)   Post Evacuate Collection Set: 0.9ms
[2025-12-28T23:56:31.292+0000][3234.880s][info][gc,phases   ] GC(274)   Other: 1.7ms
[2025-12-28T23:56:31.292+0000][3234.880s][info][gc,heap     ] GC(274) Eden regions: 951->0(951)
[2025-12-28T23:56:31.292+0000][3234.880s][info][gc,heap     ] GC(274) Survivor regions: 1->1(119)
[2025-12-28T23:56:31.292+0000][3234.880s][info][gc,heap     ] GC(274) Old regions: 42->42
[2025-12-28T23:56:31.292+0000][3234.880s][info][gc,heap     ] GC(274) Archive regions: 2->2
[2025-12-28T23:56:31.292+0000][3234.880s][info][gc,heap     ] GC(274) Humongous regions: 39->39
[2025-12-28T23:56:31.292+0000][3234.881s][info][gc,metaspace] GC(274) Metaspace: 75297K(76096K)->75297K(76096K) NonClass: 65083K(65472K)->65083K(65472K) Class: 10214K(10624K)->10214K(10624K)
[2025-12-28T23:56:31.293+0000][3234.881s][info][gc          ] GC(274) Pause Young (Normal) (G1 Evacuation Pause) 1032M->81M(1588M) 6.430ms
[2025-12-28T23:56:31.293+0000][3234.881s][info][gc,cpu      ] GC(274) User=0.01s Sys=0.00s Real=0.01s
[2025-12-28T23:56:43.428+0000][3247.017s][info][gc,start    ] GC(275) Pause Young (Normal) (G1 Evacuation Pause)
[2025-12-28T23:56:43.429+0000][3247.018s][info][gc,task     ] GC(275) Using 8 workers of 8 for evacuation
[2025-12-28T23:56:43.431+0000][3247.019s][info][gc,phases   ] GC(275)   Pre Evacuate Collection Set: 0.2ms
[2025-12-28T23:56:43.431+0000][3247.019s][info][gc,phases   ] GC(275)   Merge Heap Roots: 0.1ms
[2025-12-28T23:56:43.431+0000][3247.019s][info][gc,phases   ] GC(275)   Evacuate Collection Set: 0.8ms
[2025-12-28T23:56:43.431+0000][3247.020s][info][gc,phases   ] GC(275)   Post Evacuate Collection Set: 0.4ms
[2025-12-28T23:56:43.431+0000][3247.020s][info][gc,phases   ] GC(275)   Other: 1.1ms
[2025-12-28T23:56:43.432+0000][3247.020s][info][gc,heap     ] GC(275) Eden regions: 951->0(951)
[2025-12-28T23:56:43.432+0000][3247.020s][info][gc,heap     ] GC(275) Survivor regions: 1->1(119)
[2025-12-28T23:56:43.432+0000][3247.020s][info][gc,heap     ] GC(275) Old regions: 42->42
[2025-12-28T23:56:43.432+0000][3247.020s][info][gc,heap     ] GC(275) Archive regions: 2->2
[2025-12-28T23:56:43.432+0000][3247.020s][info][gc,heap     ] GC(275) Humongous regions: 39->39
[2025-12-28T23:56:43.432+0000][3247.020s][info][gc,metaspace] GC(275) Metaspace: 75297K(76096K)->75297K(76096K) NonClass: 65083K(65472K)->65083K(65472K) Class: 10214K(10624K)->10214K(10624K)
[2025-12-28T23:56:43.432+0000][3247.020s][info][gc          ] GC(275) Pause Young (Normal) (G1 Evacuation Pause) 1032M->81M(1588M) 3.606ms
[2025-12-28T23:56:43.432+0000][3247.020s][info][gc,cpu      ] GC(275) User=0.01s Sys=0.00s Real=0.01s
[2025-12-28T23:56:55.951+0000][3259.539s][info][gc,start    ] GC(276) Pause Young (Normal) (G1 Evacuation Pause)
[2025-12-28T23:56:55.952+0000][3259.540s][info][gc,task     ] GC(276) Using 8 workers of 8 for evacuation
[2025-12-28T23:56:55.955+0000][3259.543s][info][gc,phases   ] GC(276)   Pre Evacuate Collection Set: 0.3ms
[2025-12-28T23:56:55.955+0000][3259.543s][info][gc,phases   ] GC(276)   Merge Heap Roots: 0.2ms
[2025-12-28T23:56:55.955+0000][3259.543s][info][gc,phases   ] GC(276)   Evacuate Collection Set: 1.3ms
[2025-12-28T23:56:55.955+0000][3259.543s][info][gc,phases   ] GC(276)   Post Evacuate Collection Set: 0.7ms
[2025-12-28T23:56:55.955+0000][3259.543s][info][gc,phases   ] GC(276)   Other: 1.2ms
[2025-12-28T23:56:55.955+0000][3259.543s][info][gc,heap     ] GC(276) Eden regions: 951->0(951)
[2025-12-28T23:56:55.955+0000][3259.544s][info][gc,heap     ] GC(276) Survivor regions: 1->1(119)
[2025-12-28T23:56:55.955+0000][3259.544s][info][gc,heap     ] GC(276) Old regions: 42->42
[2025-12-28T23:56:55.956+0000][3259.544s][info][gc,heap     ] GC(276) Archive regions: 2->2
[2025-12-28T23:56:55.956+0000][3259.544s][info][gc,heap     ] GC(276) Humongous regions: 39->39
[2025-12-28T23:56:55.956+0000][3259.544s][info][gc,metaspace] GC(276) Metaspace: 75297K(76096K)->75297K(76096K) NonClass: 65083K(65472K)->65083K(65472K) Class: 10214K(10624K)->10214K(10624K)
[2025-12-28T23:56:55.956+0000][3259.544s][info][gc          ] GC(276) Pause Young (Normal) (G1 Evacuation Pause) 1032M->82M(1588M) 4.718ms
[2025-12-28T23:56:55.956+0000][3259.544s][info][gc,cpu      ] GC(276) User=0.01s Sys=0.00s Real=0.00s
[2025-12-28T23:57:09.307+0000][3272.895s][info][gc,start    ] GC(277) Pause Young (Normal) (G1 Evacuation Pause)
[2025-12-28T23:57:09.307+0000][3272.895s][info][gc,task     ] GC(277) Using 8 workers of 8 for evacuation
[2025-12-28T23:57:09.310+0000][3272.898s][info][gc,phases   ] GC(277)   Pre Evacuate Collection Set: 0.3ms
[2025-12-28T23:57:09.310+0000][3272.898s][info][gc,phases   ] GC(277)   Merge Heap Roots: 0.3ms
[2025-12-28T23:57:09.310+0000][3272.899s][info][gc,phases   ] GC(277)   Evacuate Collection Set: 1.4ms
[2025-12-28T23:57:09.311+0000][3272.899s][info][gc,phases   ] GC(277)   Post Evacuate Collection Set: 0.6ms
[2025-12-28T23:57:09.311+0000][3272.899s][info][gc,phases   ] GC(277)   Other: 1.1ms
[2025-12-28T23:57:09.311+0000][3272.899s][info][gc,heap     ] GC(277) Eden regions: 951->0(951)
[2025-12-28T23:57:09.311+0000][3272.899s][info][gc,heap     ] GC(277) Survivor regions: 1->1(119)
[2025-12-28T23:57:09.311+0000][3272.899s][info][gc,heap     ] GC(277) Old regions: 42->42
[2025-12-28T23:57:09.311+0000][3272.900s][info][gc,heap     ] GC(277) Archive regions: 2->2
[2025-12-28T23:57:09.311+0000][3272.900s][info][gc,heap     ] GC(277) Humongous regions: 39->39
[2025-12-28T23:57:09.312+0000][3272.900s][info][gc,metaspace] GC(277) Metaspace: 75297K(76096K)->75297K(76096K) NonClass: 65083K(65472K)->65083K(65472K) Class: 10214K(10624K)->10214K(10624K)
[2025-12-28T23:57:09.312+0000][3272.900s][info][gc          ] GC(277) Pause Young (Normal) (G1 Evacuation Pause) 1033M->82M(1588M) 5.215ms
[2025-12-28T23:57:09.312+0000][3272.900s][info][gc,cpu      ] GC(277) User=0.01s Sys=0.00s Real=0.01s
[2025-12-28T23:57:21.436+0000][3285.024s][info][gc,start    ] GC(278) Pause Young (Normal) (G1 Evacuation Pause)
[2025-12-28T23:57:21.437+0000][3285.025s][info][gc,task     ] GC(278) Using 8 workers of 8 for evacuation
[2025-12-28T23:57:21.441+0000][3285.029s][info][gc,phases   ] GC(278)   Pre Evacuate Collection Set: 0.4ms
[2025-12-28T23:57:21.441+0000][3285.029s][info][gc,phases   ] GC(278)   Merge Heap Roots: 0.3ms
[2025-12-28T23:57:21.441+0000][3285.029s][info][gc,phases   ] GC(278)   Evacuate Collection Set: 1.9ms
[2025-12-28T23:57:21.441+0000][3285.029s][info][gc,phases   ] GC(278)   Post Evacuate Collection Set: 0.9ms
[2025-12-28T23:57:21.441+0000][3285.029s][info][gc,phases   ] GC(278)   Other: 1.6ms
[2025-12-28T23:57:21.441+0000][3285.030s][info][gc,heap     ] GC(278) Eden regions: 951->0(951)
[2025-12-28T23:57:21.441+0000][3285.030s][info][gc,heap     ] GC(278) Survivor regions: 1->1(119)
[2025-12-28T23:57:21.442+0000][3285.030s][info][gc,heap     ] GC(278) Old regions: 42->42
[2025-12-28T23:57:21.442+0000][3285.030s][info][gc,heap     ] GC(278) Archive regions: 2->2
[2025-12-28T23:57:21.442+0000][3285.030s][info][gc,heap     ] GC(278) Humongous regions: 39->39
[2025-12-28T23:57:21.442+0000][3285.030s][info][gc,metaspace] GC(278) Metaspace: 75297K(76096K)->75297K(76096K) NonClass: 65083K(65472K)->65083K(65472K) Class: 10214K(10624K)->10214K(10624K)
[2025-12-28T23:57:21.442+0000][3285.030s][info][gc          ] GC(278) Pause Young (Normal) (G1 Evacuation Pause) 1033M->82M(1588M) 5.874ms
[2025-12-28T23:57:21.442+0000][3285.030s][info][gc,cpu      ] GC(278) User=0.02s Sys=0.00s Real=0.01s
[2025-12-28T23:57:33.291+0000][3296.879s][info][gc,start    ] GC(279) Pause Young (Normal) (G1 Evacuation Pause)
[2025-12-28T23:57:33.292+0000][3296.880s][info][gc,task     ] GC(279) Using 8 workers of 8 for evacuation
[2025-12-28T23:57:33.295+0000][3296.883s][info][gc,phases   ] GC(279)   Pre Evacuate Collection Set: 0.4ms
[2025-12-28T23:57:33.295+0000][3296.884s][info][gc,phases   ] GC(279)   Merge Heap Roots: 0.3ms
[2025-12-28T23:57:33.295+0000][3296.884s][info][gc,phases   ] GC(279)   Evacuate Collection Set: 1.2ms
[2025-12-28T23:57:33.296+0000][3296.884s][info][gc,phases   ] GC(279)   Post Evacuate Collection Set: 0.8ms
[2025-12-28T23:57:33.296+0000][3296.884s][info][gc,phases   ] GC(279)   Other: 1.4ms
[2025-12-28T23:57:33.296+0000][3296.884s][info][gc,heap     ] GC(279) Eden regions: 951->0(951)
[2025-12-28T23:57:33.296+0000][3296.884s][info][gc,heap     ] GC(279) Survivor regions: 1->1(119)
[2025-12-28T23:57:33.296+0000][3296.884s][info][gc,heap     ] GC(279) Old regions: 42->42
[2025-12-28T23:57:33.296+0000][3296.884s][info][gc,heap     ] GC(279) Archive regions: 2->2
[2025-12-28T23:57:33.296+0000][3296.884s][info][gc,heap     ] GC(279) Humongous regions: 39->39
[2025-12-28T23:57:33.296+0000][3296.885s][info][gc,metaspace] GC(279) Metaspace: 75299K(76096K)->75299K(76096K) NonClass: 65085K(65472K)->65085K(65472K) Class: 10214K(10624K)->10214K(10624K)
[2025-12-28T23:57:33.297+0000][3296.885s][info][gc          ] GC(279) Pause Young (Normal) (G1 Evacuation Pause) 1033M->82M(1588M) 5.357ms
[2025-12-28T23:57:33.297+0000][3296.885s][info][gc,cpu      ] GC(279) User=0.01s Sys=0.00s Real=0.00s
[2025-12-28T23:57:45.952+0000][3309.540s][info][gc,start    ] GC(280) Pause Young (Normal) (G1 Evacuation Pause)
[2025-12-28T23:57:45.952+0000][3309.540s][info][gc,task     ] GC(280) Using 8 workers of 8 for evacuation
[2025-12-28T23:57:45.955+0000][3309.543s][info][gc,phases   ] GC(280)   Pre Evacuate Collection Set: 0.4ms
[2025-12-28T23:57:45.955+0000][3309.543s][info][gc,phases   ] GC(280)   Merge Heap Roots: 0.3ms
[2025-12-28T23:57:45.955+0000][3309.543s][info][gc,phases   ] GC(280)   Evacuate Collection Set: 1.2ms
[2025-12-28T23:57:45.955+0000][3309.543s][info][gc,phases   ] GC(280)   Post Evacuate Collection Set: 0.6ms
[2025-12-28T23:57:45.955+0000][3309.543s][info][gc,phases   ] GC(280)   Other: 1.0ms
[2025-12-28T23:57:45.955+0000][3309.544s][info][gc,heap     ] GC(280) Eden regions: 951->0(951)
[2025-12-28T23:57:45.955+0000][3309.544s][info][gc,heap     ] GC(280) Survivor regions: 1->1(119)
[2025-12-28T23:57:45.955+0000][3309.544s][info][gc,heap     ] GC(280) Old regions: 42->42
[2025-12-28T23:57:45.955+0000][3309.544s][info][gc,heap     ] GC(280) Archive regions: 2->2
[2025-12-28T23:57:45.956+0000][3309.544s][info][gc,heap     ] GC(280) Humongous regions: 39->39
[2025-12-28T23:57:45.956+0000][3309.544s][info][gc,metaspace] GC(280) Metaspace: 75303K(76096K)->75303K(76096K) NonClass: 65089K(65472K)->65089K(65472K) Class: 10214K(10624K)->10214K(10624K)
[2025-12-28T23:57:45.956+0000][3309.544s][info][gc          ] GC(280) Pause Young (Normal) (G1 Evacuation Pause) 1033M->82M(1588M) 3.959ms
[2025-12-28T23:57:45.956+0000][3309.544s][info][gc,cpu      ] GC(280) User=0.02s Sys=0.00s Real=0.00s
[2025-12-28T23:57:58.808+0000][3322.396s][info][gc,start    ] GC(281) Pause Young (Normal) (G1 Evacuation Pause)
[2025-12-28T23:57:58.809+0000][3322.397s][info][gc,task     ] GC(281) Using 8 workers of 8 for evacuation
[2025-12-28T23:57:58.812+0000][3322.400s][info][gc,phases   ] GC(281)   Pre Evacuate Collection Set: 0.2ms
[2025-12-28T23:57:58.812+0000][3322.401s][info][gc,phases   ] GC(281)   Merge Heap Roots: 0.3ms
[2025-12-28T23:57:58.813+0000][3322.401s][info][gc,phases   ] GC(281)   Evacuate Collection Set: 1.4ms
[2025-12-28T23:57:58.813+0000][3322.401s][info][gc,phases   ] GC(281)   Post Evacuate Collection Set: 0.7ms
[2025-12-28T23:57:58.813+0000][3322.401s][info][gc,phases   ] GC(281)   Other: 1.5ms
[2025-12-28T23:57:58.813+0000][3322.401s][info][gc,heap     ] GC(281) Eden regions: 951->0(951)
[2025-12-28T23:57:58.813+0000][3322.401s][info][gc,heap     ] GC(281) Survivor regions: 1->1(119)
[2025-12-28T23:57:58.813+0000][3322.401s][info][gc,heap     ] GC(281) Old regions: 42->42
[2025-12-28T23:57:58.813+0000][3322.402s][info][gc,heap     ] GC(281) Archive regions: 2->2
[2025-12-28T23:57:58.813+0000][3322.402s][info][gc,heap     ] GC(281) Humongous regions: 39->39
[2025-12-28T23:57:58.814+0000][3322.402s][info][gc,metaspace] GC(281) Metaspace: 75303K(76096K)->75303K(76096K) NonClass: 65089K(65472K)->65089K(65472K) Class: 10214K(10624K)->10214K(10624K)
[2025-12-28T23:57:58.814+0000][3322.402s][info][gc          ] GC(281) Pause Young (Normal) (G1 Evacuation Pause) 1033M->82M(1588M) 5.628ms
[2025-12-28T23:57:58.814+0000][3322.402s][info][gc,cpu      ] GC(281) User=0.01s Sys=0.00s Real=0.01s
[2025-12-28T23:58:11.832+0000][3335.420s][info][gc,start    ] GC(282) Pause Young (Normal) (G1 Evacuation Pause)
[2025-12-28T23:58:11.833+0000][3335.421s][info][gc,task     ] GC(282) Using 8 workers of 8 for evacuation
[2025-12-28T23:58:11.836+0000][3335.424s][info][gc,phases   ] GC(282)   Pre Evacuate Collection Set: 0.3ms
[2025-12-28T23:58:11.836+0000][3335.424s][info][gc,phases   ] GC(282)   Merge Heap Roots: 0.3ms
[2025-12-28T23:58:11.836+0000][3335.424s][info][gc,phases   ] GC(282)   Evacuate Collection Set: 1.3ms
[2025-12-28T23:58:11.837+0000][3335.425s][info][gc,phases   ] GC(282)   Post Evacuate Collection Set: 0.6ms
[2025-12-28T23:58:11.837+0000][3335.425s][info][gc,phases   ] GC(282)   Other: 1.6ms
[2025-12-28T23:58:11.837+0000][3335.425s][info][gc,heap     ] GC(282) Eden regions: 951->0(951)
[2025-12-28T23:58:11.837+0000][3335.425s][info][gc,heap     ] GC(282) Survivor regions: 1->1(119)
[2025-12-28T23:58:11.837+0000][3335.425s][info][gc,heap     ] GC(282) Old regions: 42->42
[2025-12-28T23:58:11.837+0000][3335.425s][info][gc,heap     ] GC(282) Archive regions: 2->2
[2025-12-28T23:58:11.837+0000][3335.426s][info][gc,heap     ] GC(282) Humongous regions: 39->39
[2025-12-28T23:58:11.838+0000][3335.426s][info][gc,metaspace] GC(282) Metaspace: 75303K(76096K)->75303K(76096K) NonClass: 65089K(65472K)->65089K(65472K) Class: 10214K(10624K)->10214K(10624K)
[2025-12-28T23:58:11.838+0000][3335.426s][info][gc          ] GC(282) Pause Young (Normal) (G1 Evacuation Pause) 1033M->82M(1588M) 5.770ms
[2025-12-28T23:58:11.838+0000][3335.426s][info][gc,cpu      ] GC(282) User=0.02s Sys=0.00s Real=0.00s
[2025-12-28T23:58:25.962+0000][3349.550s][info][gc,start    ] GC(283) Pause Young (Normal) (G1 Evacuation Pause)
[2025-12-28T23:58:25.963+0000][3349.552s][info][gc,task     ] GC(283) Using 8 workers of 8 for evacuation
[2025-12-28T23:58:25.968+0000][3349.556s][info][gc,phases   ] GC(283)   Pre Evacuate Collection Set: 0.6ms
[2025-12-28T23:58:25.968+0000][3349.556s][info][gc,phases   ] GC(283)   Merge Heap Roots: 0.3ms
[2025-12-28T23:58:25.968+0000][3349.556s][info][gc,phases   ] GC(283)   Evacuate Collection Set: 2.1ms
[2025-12-28T23:58:25.968+0000][3349.557s][info][gc,phases   ] GC(283)   Post Evacuate Collection Set: 1.2ms
[2025-12-28T23:58:25.969+0000][3349.557s][info][gc,phases   ] GC(283)   Other: 2.2ms
[2025-12-28T23:58:25.969+0000][3349.557s][info][gc,heap     ] GC(283) Eden regions: 951->0(951)
[2025-12-28T23:58:25.969+0000][3349.557s][info][gc,heap     ] GC(283) Survivor regions: 1->1(119)
[2025-12-28T23:58:25.969+0000][3349.557s][info][gc,heap     ] GC(283) Old regions: 42->42
[2025-12-28T23:58:25.969+0000][3349.557s][info][gc,heap     ] GC(283) Archive regions: 2->2
[2025-12-28T23:58:25.969+0000][3349.557s][info][gc,heap     ] GC(283) Humongous regions: 39->39
[2025-12-28T23:58:25.969+0000][3349.557s][info][gc,metaspace] GC(283) Metaspace: 75305K(76096K)->75305K(76096K) NonClass: 65091K(65472K)->65091K(65472K) Class: 10214K(10624K)->10214K(10624K)
[2025-12-28T23:58:25.969+0000][3349.558s][info][gc          ] GC(283) Pause Young (Normal) (G1 Evacuation Pause) 1033M->82M(1588M) 7.659ms
[2025-12-28T23:58:25.970+0000][3349.558s][info][gc,cpu      ] GC(283) User=0.02s Sys=0.00s Real=0.00s
[2025-12-28T23:58:39.363+0000][3362.951s][info][gc,start    ] GC(284) Pause Young (Normal) (G1 Evacuation Pause)
[2025-12-28T23:58:39.364+0000][3362.952s][info][gc,task     ] GC(284) Using 8 workers of 8 for evacuation
[2025-12-28T23:58:39.366+0000][3362.955s][info][gc,phases   ] GC(284)   Pre Evacuate Collection Set: 0.3ms
[2025-12-28T23:58:39.367+0000][3362.955s][info][gc,phases   ] GC(284)   Merge Heap Roots: 0.3ms
[2025-12-28T23:58:39.367+0000][3362.955s][info][gc,phases   ] GC(284)   Evacuate Collection Set: 1.1ms
[2025-12-28T23:58:39.367+0000][3362.955s][info][gc,phases   ] GC(284)   Post Evacuate Collection Set: 0.5ms
[2025-12-28T23:58:39.367+0000][3362.955s][info][gc,phases   ] GC(284)   Other: 1.3ms
[2025-12-28T23:58:39.367+0000][3362.955s][info][gc,heap     ] GC(284) Eden regions: 951->0(951)
[2025-12-28T23:58:39.367+0000][3362.955s][info][gc,heap     ] GC(284) Survivor regions: 1->1(119)
[2025-12-28T23:58:39.367+0000][3362.955s][info][gc,heap     ] GC(284) Old regions: 42->42
[2025-12-28T23:58:39.367+0000][3362.955s][info][gc,heap     ] GC(284) Archive regions: 2->2
[2025-12-28T23:58:39.367+0000][3362.956s][info][gc,heap     ] GC(284) Humongous regions: 39->39
[2025-12-28T23:58:39.367+0000][3362.956s][info][gc,metaspace] GC(284) Metaspace: 75305K(76096K)->75305K(76096K) NonClass: 65091K(65472K)->65091K(65472K) Class: 10214K(10624K)->10214K(10624K)
[2025-12-28T23:58:39.368+0000][3362.956s][info][gc          ] GC(284) Pause Young (Normal) (G1 Evacuation Pause) 1033M->82M(1588M) 4.327ms
[2025-12-28T23:58:39.368+0000][3362.956s][info][gc,cpu      ] GC(284) User=0.01s Sys=0.00s Real=0.00s
[2025-12-28T23:58:52.437+0000][3376.025s][info][gc,start    ] GC(285) Pause Young (Normal) (G1 Evacuation Pause)
[2025-12-28T23:58:52.438+0000][3376.026s][info][gc,task     ] GC(285) Using 8 workers of 8 for evacuation
[2025-12-28T23:58:52.443+0000][3376.031s][info][gc,phases   ] GC(285)   Pre Evacuate Collection Set: 0.5ms
[2025-12-28T23:58:52.443+0000][3376.031s][info][gc,phases   ] GC(285)   Merge Heap Roots: 0.3ms
[2025-12-28T23:58:52.443+0000][3376.032s][info][gc,phases   ] GC(285)   Evacuate Collection Set: 2.4ms
[2025-12-28T23:58:52.444+0000][3376.032s][info][gc,phases   ] GC(285)   Post Evacuate Collection Set: 1.0ms
[2025-12-28T23:58:52.444+0000][3376.032s][info][gc,phases   ] GC(285)   Other: 2.1ms
[2025-12-28T23:58:52.444+0000][3376.032s][info][gc,heap     ] GC(285) Eden regions: 951->0(951)
[2025-12-28T23:58:52.444+0000][3376.032s][info][gc,heap     ] GC(285) Survivor regions: 1->1(119)
[2025-12-28T23:58:52.444+0000][3376.033s][info][gc,heap     ] GC(285) Old regions: 42->42
[2025-12-28T23:58:52.445+0000][3376.033s][info][gc,heap     ] GC(285) Archive regions: 2->2
[2025-12-28T23:58:52.445+0000][3376.033s][info][gc,heap     ] GC(285) Humongous regions: 39->39
[2025-12-28T23:58:52.445+0000][3376.033s][info][gc,metaspace] GC(285) Metaspace: 75306K(76096K)->75306K(76096K) NonClass: 65091K(65472K)->65091K(65472K) Class: 10214K(10624K)->10214K(10624K)
[2025-12-28T23:58:52.445+0000][3376.033s][info][gc          ] GC(285) Pause Young (Normal) (G1 Evacuation Pause) 1033M->82M(1588M) 8.489ms
[2025-12-28T23:58:52.445+0000][3376.034s][info][gc,cpu      ] GC(285) User=0.01s Sys=0.01s Real=0.01s
[2025-12-28T23:59:05.393+0000][3388.981s][info][gc,start    ] GC(286) Pause Young (Normal) (G1 Evacuation Pause)
[2025-12-28T23:59:05.394+0000][3388.982s][info][gc,task     ] GC(286) Using 8 workers of 8 for evacuation
[2025-12-28T23:59:05.398+0000][3388.986s][info][gc,phases   ] GC(286)   Pre Evacuate Collection Set: 0.5ms
[2025-12-28T23:59:05.398+0000][3388.986s][info][gc,phases   ] GC(286)   Merge Heap Roots: 0.2ms
[2025-12-28T23:59:05.398+0000][3388.986s][info][gc,phases   ] GC(286)   Evacuate Collection Set: 2.1ms
[2025-12-28T23:59:05.398+0000][3388.986s][info][gc,phases   ] GC(286)   Post Evacuate Collection Set: 1.1ms
[2025-12-28T23:59:05.398+0000][3388.987s][info][gc,phases   ] GC(286)   Other: 1.2ms
[2025-12-28T23:59:05.398+0000][3388.987s][info][gc,heap     ] GC(286) Eden regions: 951->0(951)
[2025-12-28T23:59:05.399+0000][3388.987s][info][gc,heap     ] GC(286) Survivor regions: 1->1(119)
[2025-12-28T23:59:05.399+0000][3388.987s][info][gc,heap     ] GC(286) Old regions: 42->42
[2025-12-28T23:59:05.399+0000][3388.987s][info][gc,heap     ] GC(286) Archive regions: 2->2
[2025-12-28T23:59:05.399+0000][3388.987s][info][gc,heap     ] GC(286) Humongous regions: 39->39
[2025-12-28T23:59:05.399+0000][3388.987s][info][gc,metaspace] GC(286) Metaspace: 75306K(76096K)->75306K(76096K) NonClass: 65091K(65472K)->65091K(65472K) Class: 10214K(10624K)->10214K(10624K)
[2025-12-28T23:59:05.399+0000][3388.987s][info][gc          ] GC(286) Pause Young (Normal) (G1 Evacuation Pause) 1033M->82M(1588M) 6.018ms
[2025-12-28T23:59:05.399+0000][3388.987s][info][gc,cpu      ] GC(286) User=0.02s Sys=0.00s Real=0.00s
[2025-12-28T23:59:18.303+0000][3401.891s][info][gc,start    ] GC(287) Pause Young (Normal) (G1 Evacuation Pause)
[2025-12-28T23:59:18.304+0000][3401.892s][info][gc,task     ] GC(287) Using 8 workers of 8 for evacuation
[2025-12-28T23:59:18.307+0000][3401.895s][info][gc,phases   ] GC(287)   Pre Evacuate Collection Set: 0.4ms
[2025-12-28T23:59:18.307+0000][3401.895s][info][gc,phases   ] GC(287)   Merge Heap Roots: 0.2ms
[2025-12-28T23:59:18.307+0000][3401.895s][info][gc,phases   ] GC(287)   Evacuate Collection Set: 1.4ms
[2025-12-28T23:59:18.307+0000][3401.896s][info][gc,phases   ] GC(287)   Post Evacuate Collection Set: 0.7ms
[2025-12-28T23:59:18.308+0000][3401.896s][info][gc,phases   ] GC(287)   Other: 1.3ms
[2025-12-28T23:59:18.308+0000][3401.896s][info][gc,heap     ] GC(287) Eden regions: 951->0(951)
[2025-12-28T23:59:18.308+0000][3401.896s][info][gc,heap     ] GC(287) Survivor regions: 1->1(119)
[2025-12-28T23:59:18.308+0000][3401.896s][info][gc,heap     ] GC(287) Old regions: 42->42
[2025-12-28T23:59:18.308+0000][3401.896s][info][gc,heap     ] GC(287) Archive regions: 2->2
[2025-12-28T23:59:18.308+0000][3401.896s][info][gc,heap     ] GC(287) Humongous regions: 39->39
[2025-12-28T23:59:18.308+0000][3401.897s][info][gc,metaspace] GC(287) Metaspace: 75306K(76096K)->75306K(76096K) NonClass: 65091K(65472K)->65091K(65472K) Class: 10214K(10624K)->10214K(10624K)
[2025-12-28T23:59:18.308+0000][3401.897s][info][gc          ] GC(287) Pause Young (Normal) (G1 Evacuation Pause) 1033M->82M(1588M) 5.631ms
[2025-12-28T23:59:18.309+0000][3401.897s][info][gc,cpu      ] GC(287) User=0.01s Sys=0.00s Real=0.00s
[2025-12-28T23:59:30.919+0000][3414.507s][info][gc,start    ] GC(288) Pause Young (Normal) (G1 Evacuation Pause)
[2025-12-28T23:59:30.919+0000][3414.507s][info][gc,task     ] GC(288) Using 8 workers of 8 for evacuation
[2025-12-28T23:59:30.922+0000][3414.510s][info][gc,phases   ] GC(288)   Pre Evacuate Collection Set: 0.4ms
[2025-12-28T23:59:30.922+0000][3414.511s][info][gc,phases   ] GC(288)   Merge Heap Roots: 0.3ms
[2025-12-28T23:59:30.922+0000][3414.511s][info][gc,phases   ] GC(288)   Evacuate Collection Set: 1.4ms
[2025-12-28T23:59:30.922+0000][3414.511s][info][gc,phases   ] GC(288)   Post Evacuate Collection Set: 0.7ms
[2025-12-28T23:59:30.923+0000][3414.511s][info][gc,phases   ] GC(288)   Other: 0.8ms
[2025-12-28T23:59:30.923+0000][3414.511s][info][gc,heap     ] GC(288) Eden regions: 951->0(951)
[2025-12-28T23:59:30.923+0000][3414.511s][info][gc,heap     ] GC(288) Survivor regions: 1->1(119)
[2025-12-28T23:59:30.923+0000][3414.511s][info][gc,heap     ] GC(288) Old regions: 42->42
[2025-12-28T23:59:30.923+0000][3414.511s][info][gc,heap     ] GC(288) Archive regions: 2->2
[2025-12-28T23:59:30.923+0000][3414.511s][info][gc,heap     ] GC(288) Humongous regions: 39->39
[2025-12-28T23:59:30.923+0000][3414.511s][info][gc,metaspace] GC(288) Metaspace: 75315K(76096K)->75315K(76096K) NonClass: 65100K(65472K)->65100K(65472K) Class: 10214K(10624K)->10214K(10624K)
[2025-12-28T23:59:30.923+0000][3414.511s][info][gc          ] GC(288) Pause Young (Normal) (G1 Evacuation Pause) 1033M->82M(1588M) 4.348ms
[2025-12-28T23:59:30.923+0000][3414.511s][info][gc,cpu      ] GC(288) User=0.01s Sys=0.00s Real=0.01s
[2025-12-28T23:59:43.767+0000][3427.355s][info][gc,start    ] GC(289) Pause Young (Normal) (G1 Evacuation Pause)
[2025-12-28T23:59:43.768+0000][3427.357s][info][gc,task     ] GC(289) Using 8 workers of 8 for evacuation
[2025-12-28T23:59:43.773+0000][3427.361s][info][gc,phases   ] GC(289)   Pre Evacuate Collection Set: 0.5ms
[2025-12-28T23:59:43.773+0000][3427.361s][info][gc,phases   ] GC(289)   Merge Heap Roots: 0.4ms
[2025-12-28T23:59:43.774+0000][3427.362s][info][gc,phases   ] GC(289)   Evacuate Collection Set: 1.9ms
[2025-12-28T23:59:43.774+0000][3427.362s][info][gc,phases   ] GC(289)   Post Evacuate Collection Set: 1.0ms
[2025-12-28T23:59:43.774+0000][3427.362s][info][gc,phases   ] GC(289)   Other: 1.8ms
[2025-12-28T23:59:43.774+0000][3427.363s][info][gc,heap     ] GC(289) Eden regions: 951->0(951)
[2025-12-28T23:59:43.775+0000][3427.363s][info][gc,heap     ] GC(289) Survivor regions: 1->1(119)
[2025-12-28T23:59:43.775+0000][3427.363s][info][gc,heap     ] GC(289) Old regions: 42->42
[2025-12-28T23:59:43.775+0000][3427.363s][info][gc,heap     ] GC(289) Archive regions: 2->2
[2025-12-28T23:59:43.775+0000][3427.363s][info][gc,heap     ] GC(289) Humongous regions: 39->39
[2025-12-28T23:59:43.775+0000][3427.364s][info][gc,metaspace] GC(289) Metaspace: 75315K(76096K)->75315K(76096K) NonClass: 65100K(65472K)->65100K(65472K) Class: 10214K(10624K)->10214K(10624K)
[2025-12-28T23:59:43.776+0000][3427.364s][info][gc          ] GC(289) Pause Young (Normal) (G1 Evacuation Pause) 1033M->82M(1588M) 8.506ms
[2025-12-28T23:59:43.777+0000][3427.366s][info][gc,cpu      ] GC(289) User=0.02s Sys=0.00s Real=0.01s
[2025-12-28T23:59:56.589+0000][3440.177s][info][gc,start    ] GC(290) Pause Young (Normal) (G1 Evacuation Pause)
[2025-12-28T23:59:56.589+0000][3440.177s][info][gc,task     ] GC(290) Using 8 workers of 8 for evacuation
[2025-12-28T23:59:56.592+0000][3440.180s][info][gc,phases   ] GC(290)   Pre Evacuate Collection Set: 0.2ms
[2025-12-28T23:59:56.592+0000][3440.180s][info][gc,phases   ] GC(290)   Merge Heap Roots: 0.3ms
[2025-12-28T23:59:56.592+0000][3440.180s][info][gc,phases   ] GC(290)   Evacuate Collection Set: 1.2ms
[2025-12-28T23:59:56.592+0000][3440.180s][info][gc,phases   ] GC(290)   Post Evacuate Collection Set: 0.6ms
[2025-12-28T23:59:56.592+0000][3440.180s][info][gc,phases   ] GC(290)   Other: 0.8ms
[2025-12-28T23:59:56.592+0000][3440.180s][info][gc,heap     ] GC(290) Eden regions: 951->0(951)
[2025-12-28T23:59:56.592+0000][3440.180s][info][gc,heap     ] GC(290) Survivor regions: 1->1(119)
[2025-12-28T23:59:56.592+0000][3440.181s][info][gc,heap     ] GC(290) Old regions: 42->42
[2025-12-28T23:59:56.592+0000][3440.181s][info][gc,heap     ] GC(290) Archive regions: 2->2
[2025-12-28T23:59:56.593+0000][3440.181s][info][gc,heap     ] GC(290) Humongous regions: 39->39
[2025-12-28T23:59:56.593+0000][3440.181s][info][gc,metaspace] GC(290) Metaspace: 75315K(76096K)->75315K(76096K) NonClass: 65100K(65472K)->65100K(65472K) Class: 10214K(10624K)->10214K(10624K)
[2025-12-28T23:59:56.593+0000][3440.181s][info][gc          ] GC(290) Pause Young (Normal) (G1 Evacuation Pause) 1033M->82M(1588M) 4.131ms
[2025-12-28T23:59:56.593+0000][3440.181s][info][gc,cpu      ] GC(290) User=0.02s Sys=0.00s Real=0.01s
[2025-12-29T00:00:10.960+0000][3454.549s][info][gc,start    ] GC(291) Pause Young (Normal) (G1 Evacuation Pause)
[2025-12-29T00:00:10.961+0000][3454.549s][info][gc,task     ] GC(291) Using 8 workers of 8 for evacuation
[2025-12-29T00:00:10.967+0000][3454.555s][info][gc,phases   ] GC(291)   Pre Evacuate Collection Set: 0.5ms
[2025-12-29T00:00:10.967+0000][3454.556s][info][gc,phases   ] GC(291)   Merge Heap Roots: 0.3ms
[2025-12-29T00:00:10.967+0000][3454.556s][info][gc,phases   ] GC(291)   Evacuate Collection Set: 3.2ms
[2025-12-29T00:00:10.968+0000][3454.556s][info][gc,phases   ] GC(291)   Post Evacuate Collection Set: 1.7ms
[2025-12-29T00:00:10.968+0000][3454.556s][info][gc,phases   ] GC(291)   Other: 1.2ms
[2025-12-29T00:00:10.968+0000][3454.556s][info][gc,heap     ] GC(291) Eden regions: 951->0(951)
[2025-12-29T00:00:10.968+0000][3454.556s][info][gc,heap     ] GC(291) Survivor regions: 1->1(119)
[2025-12-29T00:00:10.968+0000][3454.556s][info][gc,heap     ] GC(291) Old regions: 42->43
[2025-12-29T00:00:10.968+0000][3454.556s][info][gc,heap     ] GC(291) Archive regions: 2->2
[2025-12-29T00:00:10.968+0000][3454.556s][info][gc,heap     ] GC(291) Humongous regions: 39->39
[2025-12-29T00:00:10.968+0000][3454.556s][info][gc,metaspace] GC(291) Metaspace: 75315K(76096K)->75315K(76096K) NonClass: 65100K(65472K)->65100K(65472K) Class: 10214K(10624K)->10214K(10624K)
[2025-12-29T00:00:10.968+0000][3454.556s][info][gc          ] GC(291) Pause Young (Normal) (G1 Evacuation Pause) 1033M->82M(1588M) 7.781ms
[2025-12-29T00:00:10.968+0000][3454.557s][info][gc,cpu      ] GC(291) User=0.03s Sys=0.00s Real=0.00s
[2025-12-29T00:00:24.097+0000][3467.685s][info][gc,start    ] GC(292) Pause Young (Normal) (G1 Evacuation Pause)
[2025-12-29T00:00:24.097+0000][3467.685s][info][gc,task     ] GC(292) Using 8 workers of 8 for evacuation
[2025-12-29T00:00:24.100+0000][3467.688s][info][gc,phases   ] GC(292)   Pre Evacuate Collection Set: 0.3ms
[2025-12-29T00:00:24.100+0000][3467.688s][info][gc,phases   ] GC(292)   Merge Heap Roots: 0.2ms
[2025-12-29T00:00:24.100+0000][3467.688s][info][gc,phases   ] GC(292)   Evacuate Collection Set: 1.2ms
[2025-12-29T00:00:24.100+0000][3467.688s][info][gc,phases   ] GC(292)   Post Evacuate Collection Set: 0.7ms
[2025-12-29T00:00:24.100+0000][3467.688s][info][gc,phases   ] GC(292)   Other: 0.9ms
[2025-12-29T00:00:24.100+0000][3467.688s][info][gc,heap     ] GC(292) Eden regions: 951->0(951)
[2025-12-29T00:00:24.100+0000][3467.688s][info][gc,heap     ] GC(292) Survivor regions: 1->1(119)
[2025-12-29T00:00:24.100+0000][3467.688s][info][gc,heap     ] GC(292) Old regions: 43->43
[2025-12-29T00:00:24.100+0000][3467.688s][info][gc,heap     ] GC(292) Archive regions: 2->2
[2025-12-29T00:00:24.100+0000][3467.688s][info][gc,heap     ] GC(292) Humongous regions: 39->39
[2025-12-29T00:00:24.100+0000][3467.689s][info][gc,metaspace] GC(292) Metaspace: 75315K(76096K)->75315K(76096K) NonClass: 65101K(65472K)->65101K(65472K) Class: 10214K(10624K)->10214K(10624K)
[2025-12-29T00:00:24.100+0000][3467.689s][info][gc          ] GC(292) Pause Young (Normal) (G1 Evacuation Pause) 1033M->82M(1588M) 3.787ms
[2025-12-29T00:00:24.101+0000][3467.689s][info][gc,cpu      ] GC(292) User=0.01s Sys=0.00s Real=0.01s
[2025-12-29T00:00:36.979+0000][3480.567s][info][gc,start    ] GC(293) Pause Young (Normal) (G1 Evacuation Pause)
[2025-12-29T00:00:36.980+0000][3480.569s][info][gc,task     ] GC(293) Using 8 workers of 8 for evacuation
[2025-12-29T00:00:36.984+0000][3480.572s][info][gc,phases   ] GC(293)   Pre Evacuate Collection Set: 0.3ms
[2025-12-29T00:00:36.984+0000][3480.572s][info][gc,phases   ] GC(293)   Merge Heap Roots: 0.2ms
[2025-12-29T00:00:36.984+0000][3480.572s][info][gc,phases   ] GC(293)   Evacuate Collection Set: 1.6ms
[2025-12-29T00:00:36.984+0000][3480.573s][info][gc,phases   ] GC(293)   Post Evacuate Collection Set: 0.9ms
[2025-12-29T00:00:36.985+0000][3480.573s][info][gc,phases   ] GC(293)   Other: 1.5ms
[2025-12-29T00:00:36.985+0000][3480.573s][info][gc,heap     ] GC(293) Eden regions: 951->0(951)
[2025-12-29T00:00:36.985+0000][3480.573s][info][gc,heap     ] GC(293) Survivor regions: 1->1(119)
[2025-12-29T00:00:36.985+0000][3480.573s][info][gc,heap     ] GC(293) Old regions: 43->43
[2025-12-29T00:00:36.985+0000][3480.573s][info][gc,heap     ] GC(293) Archive regions: 2->2
[2025-12-29T00:00:36.985+0000][3480.574s][info][gc,heap     ] GC(293) Humongous regions: 39->39
[2025-12-29T00:00:36.985+0000][3480.574s][info][gc,metaspace] GC(293) Metaspace: 75315K(76096K)->75315K(76096K) NonClass: 65101K(65472K)->65101K(65472K) Class: 10214K(10624K)->10214K(10624K)
[2025-12-29T00:00:36.986+0000][3480.574s][info][gc          ] GC(293) Pause Young (Normal) (G1 Evacuation Pause) 1033M->82M(1588M) 6.426ms
[2025-12-29T00:00:36.986+0000][3480.574s][info][gc,cpu      ] GC(293) User=0.01s Sys=0.00s Real=0.01s
[2025-12-29T00:00:49.923+0000][3493.511s][info][gc,start    ] GC(294) Pause Young (Normal) (G1 Evacuation Pause)
[2025-12-29T00:00:49.923+0000][3493.512s][info][gc,task     ] GC(294) Using 8 workers of 8 for evacuation
[2025-12-29T00:00:49.926+0000][3493.514s][info][gc,phases   ] GC(294)   Pre Evacuate Collection Set: 0.3ms
[2025-12-29T00:00:49.926+0000][3493.514s][info][gc,phases   ] GC(294)   Merge Heap Roots: 0.2ms
[2025-12-29T00:00:49.926+0000][3493.515s][info][gc,phases   ] GC(294)   Evacuate Collection Set: 1.4ms
[2025-12-29T00:00:49.926+0000][3493.515s][info][gc,phases   ] GC(294)   Post Evacuate Collection Set: 0.5ms
[2025-12-29T00:00:49.926+0000][3493.515s][info][gc,phases   ] GC(294)   Other: 0.7ms
[2025-12-29T00:00:49.927+0000][3493.515s][info][gc,heap     ] GC(294) Eden regions: 951->0(951)
[2025-12-29T00:00:49.927+0000][3493.515s][info][gc,heap     ] GC(294) Survivor regions: 1->1(119)
[2025-12-29T00:00:49.927+0000][3493.515s][info][gc,heap     ] GC(294) Old regions: 43->43
[2025-12-29T00:00:49.927+0000][3493.515s][info][gc,heap     ] GC(294) Archive regions: 2->2
[2025-12-29T00:00:49.927+0000][3493.515s][info][gc,heap     ] GC(294) Humongous regions: 39->39
[2025-12-29T00:00:49.927+0000][3493.515s][info][gc,metaspace] GC(294) Metaspace: 75315K(76096K)->75315K(76096K) NonClass: 65101K(65472K)->65101K(65472K) Class: 10214K(10624K)->10214K(10624K)
[2025-12-29T00:00:49.927+0000][3493.515s][info][gc          ] GC(294) Pause Young (Normal) (G1 Evacuation Pause) 1033M->82M(1588M) 3.961ms
[2025-12-29T00:00:49.927+0000][3493.515s][info][gc,cpu      ] GC(294) User=0.01s Sys=0.00s Real=0.00s
[2025-12-29T00:01:02.888+0000][3506.476s][info][gc,start    ] GC(295) Pause Young (Normal) (G1 Evacuation Pause)
[2025-12-29T00:01:02.888+0000][3506.477s][info][gc,task     ] GC(295) Using 8 workers of 8 for evacuation
[2025-12-29T00:01:02.895+0000][3506.484s][info][gc,phases   ] GC(295)   Pre Evacuate Collection Set: 0.4ms
[2025-12-29T00:01:02.896+0000][3506.484s][info][gc,phases   ] GC(295)   Merge Heap Roots: 0.3ms
[2025-12-29T00:01:02.896+0000][3506.484s][info][gc,phases   ] GC(295)   Evacuate Collection Set: 4.0ms
[2025-12-29T00:01:02.896+0000][3506.484s][info][gc,phases   ] GC(295)   Post Evacuate Collection Set: 2.0ms
[2025-12-29T00:01:02.896+0000][3506.484s][info][gc,phases   ] GC(295)   Other: 1.3ms
[2025-12-29T00:01:02.896+0000][3506.485s][info][gc,heap     ] GC(295) Eden regions: 951->0(951)
[2025-12-29T00:01:02.897+0000][3506.485s][info][gc,heap     ] GC(295) Survivor regions: 1->1(119)
[2025-12-29T00:01:02.897+0000][3506.485s][info][gc,heap     ] GC(295) Old regions: 43->43
[2025-12-29T00:01:02.897+0000][3506.485s][info][gc,heap     ] GC(295) Archive regions: 2->2
[2025-12-29T00:01:02.897+0000][3506.485s][info][gc,heap     ] GC(295) Humongous regions: 39->39
[2025-12-29T00:01:02.897+0000][3506.485s][info][gc,metaspace] GC(295) Metaspace: 75315K(76096K)->75315K(76096K) NonClass: 65101K(65472K)->65101K(65472K) Class: 10214K(10624K)->10214K(10624K)
[2025-12-29T00:01:02.897+0000][3506.486s][info][gc          ] GC(295) Pause Young (Normal) (G1 Evacuation Pause) 1033M->82M(1588M) 9.968ms
[2025-12-29T00:01:02.898+0000][3506.486s][info][gc,cpu      ] GC(295) User=0.03s Sys=0.00s Real=0.01s
[2025-12-29T00:01:15.791+0000][3519.379s][info][gc,start    ] GC(296) Pause Young (Normal) (G1 Evacuation Pause)
[2025-12-29T00:01:15.791+0000][3519.379s][info][gc,task     ] GC(296) Using 8 workers of 8 for evacuation
[2025-12-29T00:01:15.793+0000][3519.381s][info][gc,phases   ] GC(296)   Pre Evacuate Collection Set: 0.2ms
[2025-12-29T00:01:15.793+0000][3519.381s][info][gc,phases   ] GC(296)   Merge Heap Roots: 0.1ms
[2025-12-29T00:01:15.793+0000][3519.381s][info][gc,phases   ] GC(296)   Evacuate Collection Set: 0.9ms
[2025-12-29T00:01:15.793+0000][3519.381s][info][gc,phases   ] GC(296)   Post Evacuate Collection Set: 0.4ms
[2025-12-29T00:01:15.793+0000][3519.381s][info][gc,phases   ] GC(296)   Other: 0.4ms
[2025-12-29T00:01:15.793+0000][3519.381s][info][gc,heap     ] GC(296) Eden regions: 951->0(951)
[2025-12-29T00:01:15.793+0000][3519.381s][info][gc,heap     ] GC(296) Survivor regions: 1->1(119)
[2025-12-29T00:01:15.793+0000][3519.382s][info][gc,heap     ] GC(296) Old regions: 43->43
[2025-12-29T00:01:15.793+0000][3519.382s][info][gc,heap     ] GC(296) Archive regions: 2->2
[2025-12-29T00:01:15.794+0000][3519.382s][info][gc,heap     ] GC(296) Humongous regions: 39->39
[2025-12-29T00:01:15.794+0000][3519.382s][info][gc,metaspace] GC(296) Metaspace: 75315K(76096K)->75315K(76096K) NonClass: 65101K(65472K)->65101K(65472K) Class: 10214K(10624K)->10214K(10624K)
[2025-12-29T00:01:15.794+0000][3519.382s][info][gc          ] GC(296) Pause Young (Normal) (G1 Evacuation Pause) 1033M->82M(1588M) 2.960ms
[2025-12-29T00:01:15.794+0000][3519.382s][info][gc,cpu      ] GC(296) User=0.01s Sys=0.00s Real=0.00s
[2025-12-29T00:01:28.481+0000][3532.069s][info][gc,start    ] GC(297) Pause Young (Normal) (G1 Evacuation Pause)
[2025-12-29T00:01:28.482+0000][3532.070s][info][gc,task     ] GC(297) Using 8 workers of 8 for evacuation
[2025-12-29T00:01:28.485+0000][3532.073s][info][gc,phases   ] GC(297)   Pre Evacuate Collection Set: 0.4ms
[2025-12-29T00:01:28.485+0000][3532.073s][info][gc,phases   ] GC(297)   Merge Heap Roots: 0.2ms
[2025-12-29T00:01:28.485+0000][3532.073s][info][gc,phases   ] GC(297)   Evacuate Collection Set: 1.2ms
[2025-12-29T00:01:28.485+0000][3532.073s][info][gc,phases   ] GC(297)   Post Evacuate Collection Set: 0.7ms
[2025-12-29T00:01:28.485+0000][3532.073s][info][gc,phases   ] GC(297)   Other: 1.4ms
[2025-12-29T00:01:28.485+0000][3532.073s][info][gc,heap     ] GC(297) Eden regions: 951->0(951)
[2025-12-29T00:01:28.485+0000][3532.073s][info][gc,heap     ] GC(297) Survivor regions: 1->1(119)
[2025-12-29T00:01:28.485+0000][3532.073s][info][gc,heap     ] GC(297) Old regions: 43->43
[2025-12-29T00:01:28.485+0000][3532.074s][info][gc,heap     ] GC(297) Archive regions: 2->2
[2025-12-29T00:01:28.485+0000][3532.074s][info][gc,heap     ] GC(297) Humongous regions: 39->39
[2025-12-29T00:01:28.486+0000][3532.074s][info][gc,metaspace] GC(297) Metaspace: 75328K(76096K)->75328K(76096K) NonClass: 65114K(65472K)->65114K(65472K) Class: 10214K(10624K)->10214K(10624K)
[2025-12-29T00:01:28.486+0000][3532.074s][info][gc          ] GC(297) Pause Young (Normal) (G1 Evacuation Pause) 1033M->82M(1588M) 4.796ms
[2025-12-29T00:01:28.486+0000][3532.074s][info][gc,cpu      ] GC(297) User=0.01s Sys=0.00s Real=0.00s
[2025-12-29T00:01:41.524+0000][3545.112s][info][gc,start    ] GC(298) Pause Young (Normal) (G1 Evacuation Pause)
[2025-12-29T00:01:41.524+0000][3545.113s][info][gc,task     ] GC(298) Using 8 workers of 8 for evacuation
[2025-12-29T00:01:41.528+0000][3545.116s][info][gc,phases   ] GC(298)   Pre Evacuate Collection Set: 0.3ms
[2025-12-29T00:01:41.528+0000][3545.116s][info][gc,phases   ] GC(298)   Merge Heap Roots: 0.4ms
[2025-12-29T00:01:41.528+0000][3545.116s][info][gc,phases   ] GC(298)   Evacuate Collection Set: 1.4ms
[2025-12-29T00:01:41.528+0000][3545.116s][info][gc,phases   ] GC(298)   Post Evacuate Collection Set: 0.8ms
[2025-12-29T00:01:41.528+0000][3545.116s][info][gc,phases   ] GC(298)   Other: 1.1ms
[2025-12-29T00:01:41.528+0000][3545.117s][info][gc,heap     ] GC(298) Eden regions: 951->0(951)
[2025-12-29T00:01:41.529+0000][3545.117s][info][gc,heap     ] GC(298) Survivor regions: 1->1(119)
[2025-12-29T00:01:41.529+0000][3545.117s][info][gc,heap     ] GC(298) Old regions: 43->43
[2025-12-29T00:01:41.529+0000][3545.117s][info][gc,heap     ] GC(298) Archive regions: 2->2
[2025-12-29T00:01:41.529+0000][3545.117s][info][gc,heap     ] GC(298) Humongous regions: 39->39
[2025-12-29T00:01:41.529+0000][3545.117s][info][gc,metaspace] GC(298) Metaspace: 75328K(76096K)->75328K(76096K) NonClass: 65114K(65472K)->65114K(65472K) Class: 10214K(10624K)->10214K(10624K)
[2025-12-29T00:01:41.529+0000][3545.117s][info][gc          ] GC(298) Pause Young (Normal) (G1 Evacuation Pause) 1033M->82M(1588M) 5.646ms
[2025-12-29T00:01:41.529+0000][3545.118s][info][gc,cpu      ] GC(298) User=0.01s Sys=0.00s Real=0.00s
[2025-12-29T00:01:55.939+0000][3559.527s][info][gc,start    ] GC(299) Pause Young (Normal) (G1 Evacuation Pause)
[2025-12-29T00:01:55.940+0000][3559.529s][info][gc,task     ] GC(299) Using 8 workers of 8 for evacuation
[2025-12-29T00:01:55.943+0000][3559.532s][info][gc,phases   ] GC(299)   Pre Evacuate Collection Set: 0.3ms
[2025-12-29T00:01:55.944+0000][3559.532s][info][gc,phases   ] GC(299)   Merge Heap Roots: 0.2ms
[2025-12-29T00:01:55.944+0000][3559.532s][info][gc,phases   ] GC(299)   Evacuate Collection Set: 1.4ms
[2025-12-29T00:01:55.944+0000][3559.532s][info][gc,phases   ] GC(299)   Post Evacuate Collection Set: 0.7ms
[2025-12-29T00:01:55.944+0000][3559.532s][info][gc,phases   ] GC(299)   Other: 1.7ms
[2025-12-29T00:01:55.944+0000][3559.532s][info][gc,heap     ] GC(299) Eden regions: 951->0(951)
[2025-12-29T00:01:55.944+0000][3559.532s][info][gc,heap     ] GC(299) Survivor regions: 1->1(119)
[2025-12-29T00:01:55.944+0000][3559.533s][info][gc,heap     ] GC(299) Old regions: 43->43
[2025-12-29T00:01:55.944+0000][3559.533s][info][gc,heap     ] GC(299) Archive regions: 2->2
[2025-12-29T00:01:55.945+0000][3559.533s][info][gc,heap     ] GC(299) Humongous regions: 39->39
[2025-12-29T00:01:55.945+0000][3559.533s][info][gc,metaspace] GC(299) Metaspace: 75328K(76096K)->75328K(76096K) NonClass: 65114K(65472K)->65114K(65472K) Class: 10214K(10624K)->10214K(10624K)
[2025-12-29T00:01:55.945+0000][3559.533s][info][gc          ] GC(299) Pause Young (Normal) (G1 Evacuation Pause) 1033M->82M(1588M) 5.589ms
[2025-12-29T00:01:55.945+0000][3559.533s][info][gc,cpu      ] GC(299) User=0.02s Sys=0.00s Real=0.01s
[2025-12-29T00:02:09.037+0000][3572.625s][info][gc,start    ] GC(300) Pause Young (Normal) (G1 Evacuation Pause)
[2025-12-29T00:02:09.038+0000][3572.626s][info][gc,task     ] GC(300) Using 8 workers of 8 for evacuation
[2025-12-29T00:02:09.043+0000][3572.631s][info][gc,phases   ] GC(300)   Pre Evacuate Collection Set: 0.5ms
[2025-12-29T00:02:09.043+0000][3572.631s][info][gc,phases   ] GC(300)   Merge Heap Roots: 0.4ms
[2025-12-29T00:02:09.043+0000][3572.631s][info][gc,phases   ] GC(300)   Evacuate Collection Set: 2.5ms
[2025-12-29T00:02:09.043+0000][3572.631s][info][gc,phases   ] GC(300)   Post Evacuate Collection Set: 1.0ms
[2025-12-29T00:02:09.043+0000][3572.631s][info][gc,phases   ] GC(300)   Other: 1.4ms
[2025-12-29T00:02:09.043+0000][3572.632s][info][gc,heap     ] GC(300) Eden regions: 951->0(951)
[2025-12-29T00:02:09.043+0000][3572.632s][info][gc,heap     ] GC(300) Survivor regions: 1->1(119)
[2025-12-29T00:02:09.044+0000][3572.632s][info][gc,heap     ] GC(300) Old regions: 43->43
[2025-12-29T00:02:09.044+0000][3572.632s][info][gc,heap     ] GC(300) Archive regions: 2->2
[2025-12-29T00:02:09.044+0000][3572.632s][info][gc,heap     ] GC(300) Humongous regions: 39->39
[2025-12-29T00:02:09.044+0000][3572.632s][info][gc,metaspace] GC(300) Metaspace: 75328K(76096K)->75328K(76096K) NonClass: 65114K(65472K)->65114K(65472K) Class: 10214K(10624K)->10214K(10624K)
[2025-12-29T00:02:09.044+0000][3572.632s][info][gc          ] GC(300) Pause Young (Normal) (G1 Evacuation Pause) 1033M->82M(1588M) 6.640ms
[2025-12-29T00:02:09.044+0000][3572.632s][info][gc,cpu      ] GC(300) User=0.02s Sys=0.00s Real=0.01s
[2025-12-29T00:02:22.275+0000][3585.863s][info][gc,start    ] GC(301) Pause Young (Normal) (G1 Evacuation Pause)
[2025-12-29T00:02:22.276+0000][3585.864s][info][gc,task     ] GC(301) Using 8 workers of 8 for evacuation
[2025-12-29T00:02:22.278+0000][3585.867s][info][gc,phases   ] GC(301)   Pre Evacuate Collection Set: 0.3ms
[2025-12-29T00:02:22.279+0000][3585.867s][info][gc,phases   ] GC(301)   Merge Heap Roots: 0.3ms
[2025-12-29T00:02:22.279+0000][3585.867s][info][gc,phases   ] GC(301)   Evacuate Collection Set: 1.3ms
[2025-12-29T00:02:22.279+0000][3585.867s][info][gc,phases   ] GC(301)   Post Evacuate Collection Set: 0.7ms
[2025-12-29T00:02:22.279+0000][3585.867s][info][gc,phases   ] GC(301)   Other: 0.8ms
[2025-12-29T00:02:22.279+0000][3585.867s][info][gc,heap     ] GC(301) Eden regions: 951->0(951)
[2025-12-29T00:02:22.279+0000][3585.867s][info][gc,heap     ] GC(301) Survivor regions: 1->1(119)
[2025-12-29T00:02:22.279+0000][3585.867s][info][gc,heap     ] GC(301) Old regions: 43->43
[2025-12-29T00:02:22.279+0000][3585.867s][info][gc,heap     ] GC(301) Archive regions: 2->2
[2025-12-29T00:02:22.279+0000][3585.868s][info][gc,heap     ] GC(301) Humongous regions: 39->39
[2025-12-29T00:02:22.279+0000][3585.868s][info][gc,metaspace] GC(301) Metaspace: 75328K(76096K)->75328K(76096K) NonClass: 65114K(65472K)->65114K(65472K) Class: 10214K(10624K)->10214K(10624K)
[2025-12-29T00:02:22.280+0000][3585.868s][info][gc          ] GC(301) Pause Young (Normal) (G1 Evacuation Pause) 1033M->82M(1588M) 4.384ms
[2025-12-29T00:02:22.280+0000][3585.868s][info][gc,cpu      ] GC(301) User=0.01s Sys=0.00s Real=0.00s
[2025-12-29T00:02:34.972+0000][3598.560s][info][gc,start    ] GC(302) Pause Young (Normal) (G1 Evacuation Pause)
[2025-12-29T00:02:34.973+0000][3598.561s][info][gc,task     ] GC(302) Using 8 workers of 8 for evacuation
[2025-12-29T00:02:34.976+0000][3598.565s][info][gc,phases   ] GC(302)   Pre Evacuate Collection Set: 0.5ms
[2025-12-29T00:02:34.977+0000][3598.565s][info][gc,phases   ] GC(302)   Merge Heap Roots: 0.3ms
[2025-12-29T00:02:34.977+0000][3598.565s][info][gc,phases   ] GC(302)   Evacuate Collection Set: 1.6ms
[2025-12-29T00:02:34.977+0000][3598.565s][info][gc,phases   ] GC(302)   Post Evacuate Collection Set: 1.0ms
[2025-12-29T00:02:34.977+0000][3598.565s][info][gc,phases   ] GC(302)   Other: 1.2ms
[2025-12-29T00:02:34.977+0000][3598.566s][info][gc,heap     ] GC(302) Eden regions: 951->0(951)
[2025-12-29T00:02:34.977+0000][3598.566s][info][gc,heap     ] GC(302) Survivor regions: 1->1(119)
[2025-12-29T00:02:34.978+0000][3598.566s][info][gc,heap     ] GC(302) Old regions: 43->43
[2025-12-29T00:02:34.978+0000][3598.566s][info][gc,heap     ] GC(302) Archive regions: 2->2
[2025-12-29T00:02:34.978+0000][3598.566s][info][gc,heap     ] GC(302) Humongous regions: 39->39
[2025-12-29T00:02:34.978+0000][3598.566s][info][gc,metaspace] GC(302) Metaspace: 75330K(76096K)->75330K(76096K) NonClass: 65115K(65472K)->65115K(65472K) Class: 10214K(10624K)->10214K(10624K)
[2025-12-29T00:02:34.978+0000][3598.566s][info][gc          ] GC(302) Pause Young (Normal) (G1 Evacuation Pause) 1033M->82M(1588M) 6.092ms
[2025-12-29T00:02:34.978+0000][3598.567s][info][gc,cpu      ] GC(302) User=0.02s Sys=0.01s Real=0.00s
[2025-12-29T00:02:47.968+0000][3611.556s][info][gc,start    ] GC(303) Pause Young (Normal) (G1 Evacuation Pause)
[2025-12-29T00:02:47.969+0000][3611.558s][info][gc,task     ] GC(303) Using 8 workers of 8 for evacuation
[2025-12-29T00:02:47.974+0000][3611.562s][info][gc,phases   ] GC(303)   Pre Evacuate Collection Set: 0.5ms
[2025-12-29T00:02:47.974+0000][3611.562s][info][gc,phases   ] GC(303)   Merge Heap Roots: 0.4ms
[2025-12-29T00:02:47.974+0000][3611.562s][info][gc,phases   ] GC(303)   Evacuate Collection Set: 1.9ms
[2025-12-29T00:02:47.974+0000][3611.563s][info][gc,phases   ] GC(303)   Post Evacuate Collection Set: 1.1ms
[2025-12-29T00:02:47.975+0000][3611.563s][info][gc,phases   ] GC(303)   Other: 2.3ms
[2025-12-29T00:02:47.975+0000][3611.563s][info][gc,heap     ] GC(303) Eden regions: 951->0(951)
[2025-12-29T00:02:47.975+0000][3611.563s][info][gc,heap     ] GC(303) Survivor regions: 1->1(119)
[2025-12-29T00:02:47.975+0000][3611.563s][info][gc,heap     ] GC(303) Old regions: 43->43
[2025-12-29T00:02:47.975+0000][3611.563s][info][gc,heap     ] GC(303) Archive regions: 2->2
[2025-12-29T00:02:47.975+0000][3611.564s][info][gc,heap     ] GC(303) Humongous regions: 39->39
[2025-12-29T00:02:47.976+0000][3611.564s][info][gc,metaspace] GC(303) Metaspace: 75330K(76096K)->75330K(76096K) NonClass: 65115K(65472K)->65115K(65472K) Class: 10214K(10624K)->10214K(10624K)
[2025-12-29T00:02:47.976+0000][3611.564s][info][gc          ] GC(303) Pause Young (Normal) (G1 Evacuation Pause) 1033M->82M(1588M) 7.745ms
[2025-12-29T00:02:47.976+0000][3611.564s][info][gc,cpu      ] GC(303) User=0.02s Sys=0.00s Real=0.01s
[2025-12-29T00:03:00.858+0000][3624.446s][info][gc,start    ] GC(304) Pause Young (Normal) (G1 Evacuation Pause)
[2025-12-29T00:03:00.859+0000][3624.447s][info][gc,task     ] GC(304) Using 8 workers of 8 for evacuation
[2025-12-29T00:03:00.862+0000][3624.451s][info][gc,phases   ] GC(304)   Pre Evacuate Collection Set: 0.3ms
[2025-12-29T00:03:00.863+0000][3624.451s][info][gc,phases   ] GC(304)   Merge Heap Roots: 0.2ms
[2025-12-29T00:03:00.863+0000][3624.451s][info][gc,phases   ] GC(304)   Evacuate Collection Set: 1.5ms
[2025-12-29T00:03:00.863+0000][3624.451s][info][gc,phases   ] GC(304)   Post Evacuate Collection Set: 0.7ms
[2025-12-29T00:03:00.863+0000][3624.451s][info][gc,phases   ] GC(304)   Other: 1.7ms
[2025-12-29T00:03:00.863+0000][3624.451s][info][gc,heap     ] GC(304) Eden regions: 951->0(951)
[2025-12-29T00:03:00.863+0000][3624.451s][info][gc,heap     ] GC(304) Survivor regions: 1->1(119)
[2025-12-29T00:03:00.863+0000][3624.452s][info][gc,heap     ] GC(304) Old regions: 43->43
[2025-12-29T00:03:00.864+0000][3624.452s][info][gc,heap     ] GC(304) Archive regions: 2->2
[2025-12-29T00:03:00.864+0000][3624.452s][info][gc,heap     ] GC(304) Humongous regions: 39->39
[2025-12-29T00:03:00.864+0000][3624.452s][info][gc,metaspace] GC(304) Metaspace: 75330K(76096K)->75330K(76096K) NonClass: 65115K(65472K)->65115K(65472K) Class: 10214K(10624K)->10214K(10624K)
[2025-12-29T00:03:00.864+0000][3624.452s][info][gc          ] GC(304) Pause Young (Normal) (G1 Evacuation Pause) 1033M->82M(1588M) 5.787ms
[2025-12-29T00:03:00.864+0000][3624.452s][info][gc,cpu      ] GC(304) User=0.01s Sys=0.00s Real=0.01s
[2025-12-29T00:03:13.795+0000][3637.383s][info][gc,start    ] GC(305) Pause Young (Normal) (G1 Evacuation Pause)
[2025-12-29T00:03:13.796+0000][3637.385s][info][gc,task     ] GC(305) Using 8 workers of 8 for evacuation
[2025-12-29T00:03:13.800+0000][3637.388s][info][gc,phases   ] GC(305)   Pre Evacuate Collection Set: 0.4ms
[2025-12-29T00:03:13.800+0000][3637.388s][info][gc,phases   ] GC(305)   Merge Heap Roots: 0.3ms
[2025-12-29T00:03:13.800+0000][3637.388s][info][gc,phases   ] GC(305)   Evacuate Collection Set: 1.6ms
[2025-12-29T00:03:13.800+0000][3637.389s][info][gc,phases   ] GC(305)   Post Evacuate Collection Set: 0.8ms
[2025-12-29T00:03:13.801+0000][3637.389s][info][gc,phases   ] GC(305)   Other: 1.7ms
[2025-12-29T00:03:13.801+0000][3637.389s][info][gc,heap     ] GC(305) Eden regions: 951->0(951)
[2025-12-29T00:03:13.801+0000][3637.389s][info][gc,heap     ] GC(305) Survivor regions: 1->1(119)
[2025-12-29T00:03:13.801+0000][3637.389s][info][gc,heap     ] GC(305) Old regions: 43->43
[2025-12-29T00:03:13.801+0000][3637.389s][info][gc,heap     ] GC(305) Archive regions: 2->2
[2025-12-29T00:03:13.801+0000][3637.389s][info][gc,heap     ] GC(305) Humongous regions: 39->39
[2025-12-29T00:03:13.801+0000][3637.390s][info][gc,metaspace] GC(305) Metaspace: 75330K(76096K)->75330K(76096K) NonClass: 65115K(65472K)->65115K(65472K) Class: 10214K(10624K)->10214K(10624K)
[2025-12-29T00:03:13.802+0000][3637.390s][info][gc          ] GC(305) Pause Young (Normal) (G1 Evacuation Pause) 1033M->82M(1588M) 6.481ms
[2025-12-29T00:03:13.802+0000][3637.390s][info][gc,cpu      ] GC(305) User=0.01s Sys=0.00s Real=0.01s
[2025-12-29T00:03:26.603+0000][3650.191s][info][gc,start    ] GC(306) Pause Young (Normal) (G1 Evacuation Pause)
[2025-12-29T00:03:26.604+0000][3650.192s][info][gc,task     ] GC(306) Using 8 workers of 8 for evacuation
[2025-12-29T00:03:26.607+0000][3650.195s][info][gc,phases   ] GC(306)   Pre Evacuate Collection Set: 0.3ms
[2025-12-29T00:03:26.607+0000][3650.195s][info][gc,phases   ] GC(306)   Merge Heap Roots: 0.2ms
[2025-12-29T00:03:26.607+0000][3650.195s][info][gc,phases   ] GC(306)   Evacuate Collection Set: 1.5ms
[2025-12-29T00:03:26.607+0000][3650.195s][info][gc,phases   ] GC(306)   Post Evacuate Collection Set: 1.0ms
[2025-12-29T00:03:26.607+0000][3650.196s][info][gc,phases   ] GC(306)   Other: 1.2ms
[2025-12-29T00:03:26.607+0000][3650.196s][info][gc,heap     ] GC(306) Eden regions: 951->0(951)
[2025-12-29T00:03:26.608+0000][3650.196s][info][gc,heap     ] GC(306) Survivor regions: 1->1(119)
[2025-12-29T00:03:26.608+0000][3650.196s][info][gc,heap     ] GC(306) Old regions: 43->43
[2025-12-29T00:03:26.608+0000][3650.196s][info][gc,heap     ] GC(306) Archive regions: 2->2
[2025-12-29T00:03:26.608+0000][3650.196s][info][gc,heap     ] GC(306) Humongous regions: 39->39
[2025-12-29T00:03:26.608+0000][3650.196s][info][gc,metaspace] GC(306) Metaspace: 75334K(76160K)->75334K(76160K) NonClass: 65119K(65536K)->65119K(65536K) Class: 10214K(10624K)->10214K(10624K)
[2025-12-29T00:03:26.608+0000][3650.196s][info][gc          ] GC(306) Pause Young (Normal) (G1 Evacuation Pause) 1033M->82M(1588M) 4.984ms
[2025-12-29T00:03:26.608+0000][3650.196s][info][gc,cpu      ] GC(306) User=0.01s Sys=0.00s Real=0.00s
[2025-12-29T00:03:40.953+0000][3664.541s][info][gc,start    ] GC(307) Pause Young (Normal) (G1 Evacuation Pause)
[2025-12-29T00:03:40.955+0000][3664.543s][info][gc,task     ] GC(307) Using 8 workers of 8 for evacuation
[2025-12-29T00:03:40.958+0000][3664.546s][info][gc,phases   ] GC(307)   Pre Evacuate Collection Set: 0.3ms
[2025-12-29T00:03:40.958+0000][3664.546s][info][gc,phases   ] GC(307)   Merge Heap Roots: 0.3ms
[2025-12-29T00:03:40.958+0000][3664.547s][info][gc,phases   ] GC(307)   Evacuate Collection Set: 1.6ms
[2025-12-29T00:03:40.959+0000][3664.547s][info][gc,phases   ] GC(307)   Post Evacuate Collection Set: 1.0ms
[2025-12-29T00:03:40.959+0000][3664.547s][info][gc,phases   ] GC(307)   Other: 1.7ms
[2025-12-29T00:03:40.959+0000][3664.547s][info][gc,heap     ] GC(307) Eden regions: 951->0(951)
[2025-12-29T00:03:40.959+0000][3664.547s][info][gc,heap     ] GC(307) Survivor regions: 1->1(119)
[2025-12-29T00:03:40.959+0000][3664.547s][info][gc,heap     ] GC(307) Old regions: 43->43
[2025-12-29T00:03:40.959+0000][3664.548s][info][gc,heap     ] GC(307) Archive regions: 2->2
[2025-12-29T00:03:40.960+0000][3664.548s][info][gc,heap     ] GC(307) Humongous regions: 39->39
[2025-12-29T00:03:40.960+0000][3664.548s][info][gc,metaspace] GC(307) Metaspace: 75334K(76160K)->75334K(76160K) NonClass: 65119K(65536K)->65119K(65536K) Class: 10214K(10624K)->10214K(10624K)
[2025-12-29T00:03:40.960+0000][3664.548s][info][gc          ] GC(307) Pause Young (Normal) (G1 Evacuation Pause) 1033M->82M(1588M) 6.508ms
[2025-12-29T00:03:40.960+0000][3664.548s][info][gc,cpu      ] GC(307) User=0.01s Sys=0.00s Real=0.00s
[2025-12-29T00:03:54.495+0000][3678.083s][info][gc,start    ] GC(308) Pause Young (Normal) (G1 Evacuation Pause)
[2025-12-29T00:03:54.496+0000][3678.084s][info][gc,task     ] GC(308) Using 8 workers of 8 for evacuation
[2025-12-29T00:03:54.500+0000][3678.088s][info][gc,phases   ] GC(308)   Pre Evacuate Collection Set: 0.5ms
[2025-12-29T00:03:54.500+0000][3678.089s][info][gc,phases   ] GC(308)   Merge Heap Roots: 0.4ms
[2025-12-29T00:03:54.501+0000][3678.089s][info][gc,phases   ] GC(308)   Evacuate Collection Set: 1.8ms
[2025-12-29T00:03:54.501+0000][3678.089s][info][gc,phases   ] GC(308)   Post Evacuate Collection Set: 1.0ms
[2025-12-29T00:03:54.501+0000][3678.089s][info][gc,phases   ] GC(308)   Other: 2.0ms
[2025-12-29T00:03:54.501+0000][3678.089s][info][gc,heap     ] GC(308) Eden regions: 951->0(951)
[2025-12-29T00:03:54.501+0000][3678.089s][info][gc,heap     ] GC(308) Survivor regions: 1->1(119)
[2025-12-29T00:03:54.501+0000][3678.090s][info][gc,heap     ] GC(308) Old regions: 43->43
[2025-12-29T00:03:54.502+0000][3678.090s][info][gc,heap     ] GC(308) Archive regions: 2->2
[2025-12-29T00:03:54.502+0000][3678.090s][info][gc,heap     ] GC(308) Humongous regions: 39->39
[2025-12-29T00:03:54.502+0000][3678.090s][info][gc,metaspace] GC(308) Metaspace: 75334K(76160K)->75334K(76160K) NonClass: 65119K(65536K)->65119K(65536K) Class: 10214K(10624K)->10214K(10624K)
[2025-12-29T00:03:54.502+0000][3678.090s][info][gc          ] GC(308) Pause Young (Normal) (G1 Evacuation Pause) 1033M->82M(1588M) 7.218ms
[2025-12-29T00:03:54.502+0000][3678.090s][info][gc,cpu      ] GC(308) User=0.01s Sys=0.01s Real=0.01s
[2025-12-29T00:04:07.445+0000][3691.034s][info][gc,start    ] GC(309) Pause Young (Normal) (G1 Evacuation Pause)
[2025-12-29T00:04:07.446+0000][3691.034s][info][gc,task     ] GC(309) Using 8 workers of 8 for evacuation
[2025-12-29T00:04:07.449+0000][3691.037s][info][gc,phases   ] GC(309)   Pre Evacuate Collection Set: 0.3ms
[2025-12-29T00:04:07.449+0000][3691.037s][info][gc,phases   ] GC(309)   Merge Heap Roots: 0.1ms
[2025-12-29T00:04:07.449+0000][3691.037s][info][gc,phases   ] GC(309)   Evacuate Collection Set: 1.1ms
[2025-12-29T00:04:07.449+0000][3691.037s][info][gc,phases   ] GC(309)   Post Evacuate Collection Set: 0.9ms
[2025-12-29T00:04:07.449+0000][3691.037s][info][gc,phases   ] GC(309)   Other: 1.0ms
[2025-12-29T00:04:07.449+0000][3691.037s][info][gc,heap     ] GC(309) Eden regions: 951->0(951)
[2025-12-29T00:04:07.449+0000][3691.038s][info][gc,heap     ] GC(309) Survivor regions: 1->1(119)
[2025-12-29T00:04:07.449+0000][3691.038s][info][gc,heap     ] GC(309) Old regions: 43->43
[2025-12-29T00:04:07.450+0000][3691.038s][info][gc,heap     ] GC(309) Archive regions: 2->2
[2025-12-29T00:04:07.450+0000][3691.038s][info][gc,heap     ] GC(309) Humongous regions: 39->39
[2025-12-29T00:04:07.450+0000][3691.038s][info][gc,metaspace] GC(309) Metaspace: 75334K(76160K)->75334K(76160K) NonClass: 65119K(65536K)->65119K(65536K) Class: 10214K(10624K)->10214K(10624K)
[2025-12-29T00:04:07.450+0000][3691.038s][info][gc          ] GC(309) Pause Young (Normal) (G1 Evacuation Pause) 1033M->82M(1588M) 4.500ms
[2025-12-29T00:04:07.450+0000][3691.038s][info][gc,cpu      ] GC(309) User=0.01s Sys=0.00s Real=0.00s
[2025-12-29T00:04:20.445+0000][3704.033s][info][gc,start    ] GC(310) Pause Young (Normal) (G1 Evacuation Pause)
[2025-12-29T00:04:20.447+0000][3704.035s][info][gc,task     ] GC(310) Using 8 workers of 8 for evacuation
[2025-12-29T00:04:20.454+0000][3704.042s][info][gc,phases   ] GC(310)   Pre Evacuate Collection Set: 0.7ms
[2025-12-29T00:04:20.455+0000][3704.043s][info][gc,phases   ] GC(310)   Merge Heap Roots: 0.4ms
[2025-12-29T00:04:20.455+0000][3704.043s][info][gc,phases   ] GC(310)   Evacuate Collection Set: 3.9ms
[2025-12-29T00:04:20.455+0000][3704.043s][info][gc,phases   ] GC(310)   Post Evacuate Collection Set: 1.7ms
[2025-12-29T00:04:20.455+0000][3704.043s][info][gc,phases   ] GC(310)   Other: 2.8ms
[2025-12-29T00:04:20.455+0000][3704.044s][info][gc,heap     ] GC(310) Eden regions: 951->0(951)
[2025-12-29T00:04:20.456+0000][3704.044s][info][gc,heap     ] GC(310) Survivor regions: 1->1(119)
[2025-12-29T00:04:20.456+0000][3704.044s][info][gc,heap     ] GC(310) Old regions: 43->43
[2025-12-29T00:04:20.456+0000][3704.044s][info][gc,heap     ] GC(310) Archive regions: 2->2
[2025-12-29T00:04:20.456+0000][3704.044s][info][gc,heap     ] GC(310) Humongous regions: 39->39
[2025-12-29T00:04:20.456+0000][3704.044s][info][gc,metaspace] GC(310) Metaspace: 75336K(76160K)->75336K(76160K) NonClass: 65121K(65536K)->65121K(65536K) Class: 10214K(10624K)->10214K(10624K)
[2025-12-29T00:04:20.456+0000][3704.045s][info][gc          ] GC(310) Pause Young (Normal) (G1 Evacuation Pause) 1033M->82M(1588M) 11.144ms
[2025-12-29T00:04:20.457+0000][3704.045s][info][gc,cpu      ] GC(310) User=0.03s Sys=0.00s Real=0.01s
[2025-12-29T00:04:33.092+0000][3716.680s][info][gc,start    ] GC(311) Pause Young (Normal) (G1 Evacuation Pause)
[2025-12-29T00:04:33.093+0000][3716.681s][info][gc,task     ] GC(311) Using 8 workers of 8 for evacuation
[2025-12-29T00:04:33.097+0000][3716.685s][info][gc,phases   ] GC(311)   Pre Evacuate Collection Set: 0.5ms
[2025-12-29T00:04:33.097+0000][3716.685s][info][gc,phases   ] GC(311)   Merge Heap Roots: 0.3ms
[2025-12-29T00:04:33.097+0000][3716.686s][info][gc,phases   ] GC(311)   Evacuate Collection Set: 1.5ms
[2025-12-29T00:04:33.098+0000][3716.686s][info][gc,phases   ] GC(311)   Post Evacuate Collection Set: 1.0ms
[2025-12-29T00:04:33.098+0000][3716.686s][info][gc,phases   ] GC(311)   Other: 1.6ms
[2025-12-29T00:04:33.098+0000][3716.686s][info][gc,heap     ] GC(311) Eden regions: 951->0(951)
[2025-12-29T00:04:33.098+0000][3716.686s][info][gc,heap     ] GC(311) Survivor regions: 1->1(119)
[2025-12-29T00:04:33.098+0000][3716.686s][info][gc,heap     ] GC(311) Old regions: 43->43
[2025-12-29T00:04:33.098+0000][3716.687s][info][gc,heap     ] GC(311) Archive regions: 2->2
[2025-12-29T00:04:33.099+0000][3716.687s][info][gc,heap     ] GC(311) Humongous regions: 39->39
[2025-12-29T00:04:33.099+0000][3716.687s][info][gc,metaspace] GC(311) Metaspace: 75355K(76160K)->75355K(76160K) NonClass: 65141K(65536K)->65141K(65536K) Class: 10214K(10624K)->10214K(10624K)
[2025-12-29T00:04:33.099+0000][3716.687s][info][gc          ] GC(311) Pause Young (Normal) (G1 Evacuation Pause) 1033M->82M(1588M) 6.834ms
[2025-12-29T00:04:33.099+0000][3716.687s][info][gc,cpu      ] GC(311) User=0.02s Sys=0.00s Real=0.00s
[2025-12-29T00:04:45.949+0000][3729.537s][info][gc,start    ] GC(312) Pause Young (Normal) (G1 Evacuation Pause)
[2025-12-29T00:04:45.950+0000][3729.538s][info][gc,task     ] GC(312) Using 8 workers of 8 for evacuation
[2025-12-29T00:04:45.953+0000][3729.541s][info][gc,phases   ] GC(312)   Pre Evacuate Collection Set: 0.3ms
[2025-12-29T00:04:45.953+0000][3729.542s][info][gc,phases   ] GC(312)   Merge Heap Roots: 0.3ms
[2025-12-29T00:04:45.953+0000][3729.542s][info][gc,phases   ] GC(312)   Evacuate Collection Set: 1.3ms
[2025-12-29T00:04:45.954+0000][3729.542s][info][gc,phases   ] GC(312)   Post Evacuate Collection Set: 0.7ms
[2025-12-29T00:04:45.954+0000][3729.542s][info][gc,phases   ] GC(312)   Other: 1.6ms
[2025-12-29T00:04:45.954+0000][3729.542s][info][gc,heap     ] GC(312) Eden regions: 951->0(951)
[2025-12-29T00:04:45.954+0000][3729.542s][info][gc,heap     ] GC(312) Survivor regions: 1->1(119)
[2025-12-29T00:04:45.954+0000][3729.543s][info][gc,heap     ] GC(312) Old regions: 43->43
[2025-12-29T00:04:45.955+0000][3729.543s][info][gc,heap     ] GC(312) Archive regions: 2->2
[2025-12-29T00:04:45.955+0000][3729.543s][info][gc,heap     ] GC(312) Humongous regions: 39->39
[2025-12-29T00:04:45.955+0000][3729.543s][info][gc,metaspace] GC(312) Metaspace: 75359K(76160K)->75359K(76160K) NonClass: 65145K(65536K)->65145K(65536K) Class: 10214K(10624K)->10214K(10624K)
[2025-12-29T00:04:45.955+0000][3729.543s][info][gc          ] GC(312) Pause Young (Normal) (G1 Evacuation Pause) 1033M->82M(1588M) 5.838ms
[2025-12-29T00:04:45.955+0000][3729.543s][info][gc,cpu      ] GC(312) User=0.01s Sys=0.00s Real=0.01s
[2025-12-29T00:04:59.003+0000][3742.592s][info][gc,start    ] GC(313) Pause Young (Normal) (G1 Evacuation Pause)
[2025-12-29T00:04:59.004+0000][3742.592s][info][gc,task     ] GC(313) Using 8 workers of 8 for evacuation
[2025-12-29T00:04:59.006+0000][3742.595s][info][gc,phases   ] GC(313)   Pre Evacuate Collection Set: 0.3ms
[2025-12-29T00:04:59.006+0000][3742.595s][info][gc,phases   ] GC(313)   Merge Heap Roots: 0.2ms
[2025-12-29T00:04:59.007+0000][3742.595s][info][gc,phases   ] GC(313)   Evacuate Collection Set: 0.9ms
[2025-12-29T00:04:59.007+0000][3742.595s][info][gc,phases   ] GC(313)   Post Evacuate Collection Set: 0.5ms
[2025-12-29T00:04:59.007+0000][3742.595s][info][gc,phases   ] GC(313)   Other: 1.2ms
[2025-12-29T00:04:59.007+0000][3742.595s][info][gc,heap     ] GC(313) Eden regions: 951->0(951)
[2025-12-29T00:04:59.007+0000][3742.595s][info][gc,heap     ] GC(313) Survivor regions: 1->1(119)
[2025-12-29T00:04:59.007+0000][3742.595s][info][gc,heap     ] GC(313) Old regions: 43->43
[2025-12-29T00:04:59.007+0000][3742.595s][info][gc,heap     ] GC(313) Archive regions: 2->2
[2025-12-29T00:04:59.007+0000][3742.595s][info][gc,heap     ] GC(313) Humongous regions: 39->39
[2025-12-29T00:04:59.007+0000][3742.595s][info][gc,metaspace] GC(313) Metaspace: 75361K(76160K)->75361K(76160K) NonClass: 65146K(65536K)->65146K(65536K) Class: 10214K(10624K)->10214K(10624K)
[2025-12-29T00:04:59.007+0000][3742.595s][info][gc          ] GC(313) Pause Young (Normal) (G1 Evacuation Pause) 1033M->82M(1588M) 3.944ms
[2025-12-29T00:04:59.007+0000][3742.596s][info][gc,cpu      ] GC(313) User=0.01s Sys=0.00s Real=0.00s
[2025-12-29T00:05:11.901+0000][3755.489s][info][gc,start    ] GC(314) Pause Young (Normal) (G1 Evacuation Pause)
[2025-12-29T00:05:11.902+0000][3755.490s][info][gc,task     ] GC(314) Using 8 workers of 8 for evacuation
[2025-12-29T00:05:11.904+0000][3755.493s][info][gc,phases   ] GC(314)   Pre Evacuate Collection Set: 0.4ms
[2025-12-29T00:05:11.905+0000][3755.493s][info][gc,phases   ] GC(314)   Merge Heap Roots: 0.3ms
[2025-12-29T00:05:11.905+0000][3755.493s][info][gc,phases   ] GC(314)   Evacuate Collection Set: 1.3ms
[2025-12-29T00:05:11.905+0000][3755.493s][info][gc,phases   ] GC(314)   Post Evacuate Collection Set: 0.6ms
[2025-12-29T00:05:11.905+0000][3755.493s][info][gc,phases   ] GC(314)   Other: 1.5ms
[2025-12-29T00:05:11.905+0000][3755.493s][info][gc,heap     ] GC(314) Eden regions: 951->0(951)
[2025-12-29T00:05:11.905+0000][3755.493s][info][gc,heap     ] GC(314) Survivor regions: 1->1(119)
[2025-12-29T00:05:11.905+0000][3755.493s][info][gc,heap     ] GC(314) Old regions: 43->43
[2025-12-29T00:05:11.905+0000][3755.494s][info][gc,heap     ] GC(314) Archive regions: 2->2
[2025-12-29T00:05:11.905+0000][3755.494s][info][gc,heap     ] GC(314) Humongous regions: 39->39
[2025-12-29T00:05:11.906+0000][3755.494s][info][gc,metaspace] GC(314) Metaspace: 75361K(76160K)->75361K(76160K) NonClass: 65146K(65536K)->65146K(65536K) Class: 10214K(10624K)->10214K(10624K)
[2025-12-29T00:05:11.906+0000][3755.494s][info][gc          ] GC(314) Pause Young (Normal) (G1 Evacuation Pause) 1033M->82M(1588M) 5.090ms
[2025-12-29T00:05:11.906+0000][3755.494s][info][gc,cpu      ] GC(314) User=0.02s Sys=0.00s Real=0.00s
[2025-12-29T00:05:25.940+0000][3769.528s][info][gc,start    ] GC(315) Pause Young (Normal) (G1 Evacuation Pause)
[2025-12-29T00:05:25.941+0000][3769.529s][info][gc,task     ] GC(315) Using 8 workers of 8 for evacuation
[2025-12-29T00:05:25.943+0000][3769.531s][info][gc,phases   ] GC(315)   Pre Evacuate Collection Set: 0.2ms
[2025-12-29T00:05:25.943+0000][3769.531s][info][gc,phases   ] GC(315)   Merge Heap Roots: 0.1ms
[2025-12-29T00:05:25.943+0000][3769.532s][info][gc,phases   ] GC(315)   Evacuate Collection Set: 1.1ms
[2025-12-29T00:05:25.943+0000][3769.532s][info][gc,phases   ] GC(315)   Post Evacuate Collection Set: 0.7ms
[2025-12-29T00:05:25.943+0000][3769.532s][info][gc,phases   ] GC(315)   Other: 1.4ms
[2025-12-29T00:05:25.944+0000][3769.532s][info][gc,heap     ] GC(315) Eden regions: 951->0(951)
[2025-12-29T00:05:25.944+0000][3769.532s][info][gc,heap     ] GC(315) Survivor regions: 1->1(119)
[2025-12-29T00:05:25.944+0000][3769.532s][info][gc,heap     ] GC(315) Old regions: 43->43
[2025-12-29T00:05:25.944+0000][3769.532s][info][gc,heap     ] GC(315) Archive regions: 2->2
[2025-12-29T00:05:25.944+0000][3769.532s][info][gc,heap     ] GC(315) Humongous regions: 39->39
[2025-12-29T00:05:25.944+0000][3769.532s][info][gc,metaspace] GC(315) Metaspace: 75361K(76160K)->75361K(76160K) NonClass: 65146K(65536K)->65146K(65536K) Class: 10214K(10624K)->10214K(10624K)
[2025-12-29T00:05:25.944+0000][3769.532s][info][gc          ] GC(315) Pause Young (Normal) (G1 Evacuation Pause) 1033M->82M(1588M) 4.389ms
[2025-12-29T00:05:25.944+0000][3769.532s][info][gc,cpu      ] GC(315) User=0.01s Sys=0.00s Real=0.01s
[2025-12-29T00:05:39.235+0000][3782.823s][info][gc,start    ] GC(316) Pause Young (Normal) (G1 Evacuation Pause)
[2025-12-29T00:05:39.236+0000][3782.824s][info][gc,task     ] GC(316) Using 8 workers of 8 for evacuation
[2025-12-29T00:05:39.239+0000][3782.827s][info][gc,phases   ] GC(316)   Pre Evacuate Collection Set: 0.3ms
[2025-12-29T00:05:39.239+0000][3782.827s][info][gc,phases   ] GC(316)   Merge Heap Roots: 0.2ms
[2025-12-29T00:05:39.239+0000][3782.827s][info][gc,phases   ] GC(316)   Evacuate Collection Set: 1.3ms
[2025-12-29T00:05:39.239+0000][3782.827s][info][gc,phases   ] GC(316)   Post Evacuate Collection Set: 0.6ms
[2025-12-29T00:05:39.239+0000][3782.827s][info][gc,phases   ] GC(316)   Other: 1.4ms
[2025-12-29T00:05:39.239+0000][3782.827s][info][gc,heap     ] GC(316) Eden regions: 951->0(951)
[2025-12-29T00:05:39.239+0000][3782.828s][info][gc,heap     ] GC(316) Survivor regions: 1->1(119)
[2025-12-29T00:05:39.239+0000][3782.828s][info][gc,heap     ] GC(316) Old regions: 43->43
[2025-12-29T00:05:39.240+0000][3782.828s][info][gc,heap     ] GC(316) Archive regions: 2->2
[2025-12-29T00:05:39.240+0000][3782.828s][info][gc,heap     ] GC(316) Humongous regions: 39->39
[2025-12-29T00:05:39.240+0000][3782.828s][info][gc,metaspace] GC(316) Metaspace: 75363K(76160K)->75363K(76160K) NonClass: 65148K(65536K)->65148K(65536K) Class: 10214K(10624K)->10214K(10624K)
[2025-12-29T00:05:39.240+0000][3782.828s][info][gc          ] GC(316) Pause Young (Normal) (G1 Evacuation Pause) 1033M->82M(1588M) 4.950ms
[2025-12-29T00:05:39.240+0000][3782.828s][info][gc,cpu      ] GC(316) User=0.01s Sys=0.00s Real=0.01s
[2025-12-29T00:05:52.344+0000][3795.932s][info][gc,start    ] GC(317) Pause Young (Normal) (G1 Evacuation Pause)
[2025-12-29T00:05:52.345+0000][3795.933s][info][gc,task     ] GC(317) Using 8 workers of 8 for evacuation
[2025-12-29T00:05:52.347+0000][3795.935s][info][gc,phases   ] GC(317)   Pre Evacuate Collection Set: 0.3ms
[2025-12-29T00:05:52.347+0000][3795.935s][info][gc,phases   ] GC(317)   Merge Heap Roots: 0.1ms
[2025-12-29T00:05:52.347+0000][3795.935s][info][gc,phases   ] GC(317)   Evacuate Collection Set: 0.9ms
[2025-12-29T00:05:52.347+0000][3795.935s][info][gc,phases   ] GC(317)   Post Evacuate Collection Set: 0.5ms
[2025-12-29T00:05:52.347+0000][3795.935s][info][gc,phases   ] GC(317)   Other: 0.7ms
[2025-12-29T00:05:52.347+0000][3795.936s][info][gc,heap     ] GC(317) Eden regions: 951->0(951)
[2025-12-29T00:05:52.347+0000][3795.936s][info][gc,heap     ] GC(317) Survivor regions: 1->1(119)
[2025-12-29T00:05:52.347+0000][3795.936s][info][gc,heap     ] GC(317) Old regions: 43->43
[2025-12-29T00:05:52.348+0000][3795.936s][info][gc,heap     ] GC(317) Archive regions: 2->2
[2025-12-29T00:05:52.348+0000][3795.936s][info][gc,heap     ] GC(317) Humongous regions: 39->39
[2025-12-29T00:05:52.348+0000][3795.936s][info][gc,metaspace] GC(317) Metaspace: 75366K(76160K)->75366K(76160K) NonClass: 65151K(65536K)->65151K(65536K) Class: 10214K(10624K)->10214K(10624K)
[2025-12-29T00:05:52.348+0000][3795.936s][info][gc          ] GC(317) Pause Young (Normal) (G1 Evacuation Pause) 1033M->82M(1588M) 3.638ms
[2025-12-29T00:05:52.348+0000][3795.936s][info][gc,cpu      ] GC(317) User=0.01s Sys=0.00s Real=0.00s
[2025-12-29T00:06:05.292+0000][3808.880s][info][gc,start    ] GC(318) Pause Young (Normal) (G1 Evacuation Pause)
[2025-12-29T00:06:05.294+0000][3808.882s][info][gc,task     ] GC(318) Using 8 workers of 8 for evacuation
[2025-12-29T00:06:05.300+0000][3808.888s][info][gc,phases   ] GC(318)   Pre Evacuate Collection Set: 0.6ms
[2025-12-29T00:06:05.300+0000][3808.888s][info][gc,phases   ] GC(318)   Merge Heap Roots: 0.2ms
[2025-12-29T00:06:05.300+0000][3808.888s][info][gc,phases   ] GC(318)   Evacuate Collection Set: 3.3ms
[2025-12-29T00:06:05.300+0000][3808.889s][info][gc,phases   ] GC(318)   Post Evacuate Collection Set: 1.4ms
[2025-12-29T00:06:05.301+0000][3808.889s][info][gc,phases   ] GC(318)   Other: 2.6ms
[2025-12-29T00:06:05.301+0000][3808.889s][info][gc,heap     ] GC(318) Eden regions: 951->0(951)
[2025-12-29T00:06:05.301+0000][3808.889s][info][gc,heap     ] GC(318) Survivor regions: 1->1(119)
[2025-12-29T00:06:05.301+0000][3808.889s][info][gc,heap     ] GC(318) Old regions: 43->43
[2025-12-29T00:06:05.301+0000][3808.890s][info][gc,heap     ] GC(318) Archive regions: 2->2
[2025-12-29T00:06:05.302+0000][3808.890s][info][gc,heap     ] GC(318) Humongous regions: 39->39
[2025-12-29T00:06:05.302+0000][3808.890s][info][gc,metaspace] GC(318) Metaspace: 75371K(76160K)->75371K(76160K) NonClass: 65156K(65536K)->65156K(65536K) Class: 10214K(10624K)->10214K(10624K)
[2025-12-29T00:06:05.302+0000][3808.890s][info][gc          ] GC(318) Pause Young (Normal) (G1 Evacuation Pause) 1033M->82M(1588M) 9.988ms
[2025-12-29T00:06:05.302+0000][3808.890s][info][gc,cpu      ] GC(318) User=0.03s Sys=0.00s Real=0.01s
[2025-12-29T00:06:18.396+0000][3821.984s][info][gc,start    ] GC(319) Pause Young (Normal) (G1 Evacuation Pause)
[2025-12-29T00:06:18.396+0000][3821.984s][info][gc,task     ] GC(319) Using 8 workers of 8 for evacuation
[2025-12-29T00:06:18.398+0000][3821.987s][info][gc,phases   ] GC(319)   Pre Evacuate Collection Set: 0.2ms
[2025-12-29T00:06:18.399+0000][3821.987s][info][gc,phases   ] GC(319)   Merge Heap Roots: 0.1ms
[2025-12-29T00:06:18.399+0000][3821.987s][info][gc,phases   ] GC(319)   Evacuate Collection Set: 1.3ms
[2025-12-29T00:06:18.399+0000][3821.987s][info][gc,phases   ] GC(319)   Post Evacuate Collection Set: 0.6ms
[2025-12-29T00:06:18.399+0000][3821.987s][info][gc,phases   ] GC(319)   Other: 0.5ms
[2025-12-29T00:06:18.399+0000][3821.987s][info][gc,heap     ] GC(319) Eden regions: 951->0(951)
[2025-12-29T00:06:18.399+0000][3821.987s][info][gc,heap     ] GC(319) Survivor regions: 1->1(119)
[2025-12-29T00:06:18.399+0000][3821.987s][info][gc,heap     ] GC(319) Old regions: 43->43
[2025-12-29T00:06:18.399+0000][3821.987s][info][gc,heap     ] GC(319) Archive regions: 2->2
[2025-12-29T00:06:18.399+0000][3821.987s][info][gc,heap     ] GC(319) Humongous regions: 39->39
[2025-12-29T00:06:18.399+0000][3821.987s][info][gc,metaspace] GC(319) Metaspace: 75373K(76160K)->75373K(76160K) NonClass: 65158K(65536K)->65158K(65536K) Class: 10214K(10624K)->10214K(10624K)
[2025-12-29T00:06:18.399+0000][3821.987s][info][gc          ] GC(319) Pause Young (Normal) (G1 Evacuation Pause) 1033M->82M(1588M) 3.446ms
[2025-12-29T00:06:18.399+0000][3821.988s][info][gc,cpu      ] GC(319) User=0.01s Sys=0.00s Real=0.00s
[2025-12-29T00:06:30.986+0000][3834.574s][info][gc,start    ] GC(320) Pause Young (Normal) (G1 Evacuation Pause)
[2025-12-29T00:06:30.987+0000][3834.575s][info][gc,task     ] GC(320) Using 8 workers of 8 for evacuation
[2025-12-29T00:06:30.993+0000][3834.581s][info][gc,phases   ] GC(320)   Pre Evacuate Collection Set: 0.7ms
[2025-12-29T00:06:30.994+0000][3834.582s][info][gc,phases   ] GC(320)   Merge Heap Roots: 0.3ms
[2025-12-29T00:06:30.994+0000][3834.583s][info][gc,phases   ] GC(320)   Evacuate Collection Set: 2.7ms
[2025-12-29T00:06:30.995+0000][3834.583s][info][gc,phases   ] GC(320)   Post Evacuate Collection Set: 1.7ms
[2025-12-29T00:06:30.995+0000][3834.583s][info][gc,phases   ] GC(320)   Other: 2.4ms
[2025-12-29T00:06:30.995+0000][3834.583s][info][gc,heap     ] GC(320) Eden regions: 951->0(951)
[2025-12-29T00:06:30.995+0000][3834.583s][info][gc,heap     ] GC(320) Survivor regions: 1->1(119)
[2025-12-29T00:06:30.995+0000][3834.583s][info][gc,heap     ] GC(320) Old regions: 43->43
[2025-12-29T00:06:30.995+0000][3834.584s][info][gc,heap     ] GC(320) Archive regions: 2->2
[2025-12-29T00:06:30.995+0000][3834.584s][info][gc,heap     ] GC(320) Humongous regions: 39->39
[2025-12-29T00:06:30.996+0000][3834.584s][info][gc,metaspace] GC(320) Metaspace: 75392K(76224K)->75392K(76224K) NonClass: 65177K(65600K)->65177K(65600K) Class: 10214K(10624K)->10214K(10624K)
[2025-12-29T00:06:30.996+0000][3834.584s][info][gc          ] GC(320) Pause Young (Normal) (G1 Evacuation Pause) 1033M->82M(1588M) 10.246ms
[2025-12-29T00:06:30.996+0000][3834.584s][info][gc,cpu      ] GC(320) User=0.02s Sys=0.00s Real=0.01s
[2025-12-29T00:06:43.900+0000][3847.489s][info][gc,start    ] GC(321) Pause Young (Normal) (G1 Evacuation Pause)
[2025-12-29T00:06:43.901+0000][3847.489s][info][gc,task     ] GC(321) Using 8 workers of 8 for evacuation
[2025-12-29T00:06:43.904+0000][3847.492s][info][gc,phases   ] GC(321)   Pre Evacuate Collection Set: 0.3ms
[2025-12-29T00:06:43.904+0000][3847.492s][info][gc,phases   ] GC(321)   Merge Heap Roots: 0.2ms
[2025-12-29T00:06:43.904+0000][3847.492s][info][gc,phases   ] GC(321)   Evacuate Collection Set: 1.5ms
[2025-12-29T00:06:43.904+0000][3847.493s][info][gc,phases   ] GC(321)   Post Evacuate Collection Set: 0.7ms
[2025-12-29T00:06:43.905+0000][3847.493s][info][gc,phases   ] GC(321)   Other: 0.7ms
[2025-12-29T00:06:43.905+0000][3847.493s][info][gc,heap     ] GC(321) Eden regions: 951->0(951)
[2025-12-29T00:06:43.905+0000][3847.493s][info][gc,heap     ] GC(321) Survivor regions: 1->1(119)
[2025-12-29T00:06:43.905+0000][3847.493s][info][gc,heap     ] GC(321) Old regions: 43->43
[2025-12-29T00:06:43.905+0000][3847.494s][info][gc,heap     ] GC(321) Archive regions: 2->2
[2025-12-29T00:06:43.905+0000][3847.494s][info][gc,heap     ] GC(321) Humongous regions: 39->39
[2025-12-29T00:06:43.906+0000][3847.494s][info][gc,metaspace] GC(321) Metaspace: 75396K(76224K)->75396K(76224K) NonClass: 65181K(65600K)->65181K(65600K) Class: 10214K(10624K)->10214K(10624K)
[2025-12-29T00:06:43.906+0000][3847.494s][info][gc          ] GC(321) Pause Young (Normal) (G1 Evacuation Pause) 1033M->82M(1588M) 5.333ms
[2025-12-29T00:06:43.906+0000][3847.494s][info][gc,cpu      ] GC(321) User=0.01s Sys=0.01s Real=0.00s
[2025-12-29T00:06:56.957+0000][3860.546s][info][gc,start    ] GC(322) Pause Young (Normal) (G1 Evacuation Pause)
[2025-12-29T00:06:56.959+0000][3860.547s][info][gc,task     ] GC(322) Using 8 workers of 8 for evacuation
[2025-12-29T00:06:56.962+0000][3860.550s][info][gc,phases   ] GC(322)   Pre Evacuate Collection Set: 0.3ms
[2025-12-29T00:06:56.962+0000][3860.550s][info][gc,phases   ] GC(322)   Merge Heap Roots: 0.3ms
[2025-12-29T00:06:56.962+0000][3860.551s][info][gc,phases   ] GC(322)   Evacuate Collection Set: 1.6ms
[2025-12-29T00:06:56.963+0000][3860.551s][info][gc,phases   ] GC(322)   Post Evacuate Collection Set: 0.9ms
[2025-12-29T00:06:56.963+0000][3860.551s][info][gc,phases   ] GC(322)   Other: 1.8ms
[2025-12-29T00:06:56.963+0000][3860.551s][info][gc,heap     ] GC(322) Eden regions: 951->0(951)
[2025-12-29T00:06:56.963+0000][3860.551s][info][gc,heap     ] GC(322) Survivor regions: 1->1(119)
[2025-12-29T00:06:56.963+0000][3860.551s][info][gc,heap     ] GC(322) Old regions: 43->43
[2025-12-29T00:06:56.963+0000][3860.552s][info][gc,heap     ] GC(322) Archive regions: 2->2
[2025-12-29T00:06:56.963+0000][3860.552s][info][gc,heap     ] GC(322) Humongous regions: 39->39
[2025-12-29T00:06:56.964+0000][3860.552s][info][gc,metaspace] GC(322) Metaspace: 75398K(76224K)->75398K(76224K) NonClass: 65183K(65600K)->65183K(65600K) Class: 10214K(10624K)->10214K(10624K)
[2025-12-29T00:06:56.964+0000][3860.552s][info][gc          ] GC(322) Pause Young (Normal) (G1 Evacuation Pause) 1033M->82M(1588M) 6.440ms
[2025-12-29T00:06:56.964+0000][3860.552s][info][gc,cpu      ] GC(322) User=0.01s Sys=0.00s Real=0.01s
[2025-12-29T00:07:10.945+0000][3874.534s][info][gc,start    ] GC(323) Pause Young (Normal) (G1 Evacuation Pause)
[2025-12-29T00:07:10.946+0000][3874.534s][info][gc,task     ] GC(323) Using 8 workers of 8 for evacuation
[2025-12-29T00:07:10.948+0000][3874.536s][info][gc,phases   ] GC(323)   Pre Evacuate Collection Set: 0.3ms
[2025-12-29T00:07:10.948+0000][3874.537s][info][gc,phases   ] GC(323)   Merge Heap Roots: 0.2ms
[2025-12-29T00:07:10.949+0000][3874.537s][info][gc,phases   ] GC(323)   Evacuate Collection Set: 1.2ms
[2025-12-29T00:07:10.949+0000][3874.537s][info][gc,phases   ] GC(323)   Post Evacuate Collection Set: 0.5ms
[2025-12-29T00:07:10.949+0000][3874.537s][info][gc,phases   ] GC(323)   Other: 0.7ms
[2025-12-29T00:07:10.949+0000][3874.537s][info][gc,heap     ] GC(323) Eden regions: 951->0(951)
[2025-12-29T00:07:10.949+0000][3874.537s][info][gc,heap     ] GC(323) Survivor regions: 1->1(119)
[2025-12-29T00:07:10.949+0000][3874.537s][info][gc,heap     ] GC(323) Old regions: 43->43
[2025-12-29T00:07:10.949+0000][3874.537s][info][gc,heap     ] GC(323) Archive regions: 2->2
[2025-12-29T00:07:10.949+0000][3874.537s][info][gc,heap     ] GC(323) Humongous regions: 39->39
[2025-12-29T00:07:10.949+0000][3874.538s][info][gc,metaspace] GC(323) Metaspace: 75398K(76224K)->75398K(76224K) NonClass: 65183K(65600K)->65183K(65600K) Class: 10214K(10624K)->10214K(10624K)
[2025-12-29T00:07:10.949+0000][3874.538s][info][gc          ] GC(323) Pause Young (Normal) (G1 Evacuation Pause) 1033M->82M(1588M) 4.042ms
[2025-12-29T00:07:10.950+0000][3874.538s][info][gc,cpu      ] GC(323) User=0.01s Sys=0.01s Real=0.00s
[2025-12-29T00:07:24.418+0000][3888.006s][info][gc,start    ] GC(324) Pause Young (Normal) (G1 Evacuation Pause)
[2025-12-29T00:07:24.419+0000][3888.007s][info][gc,task     ] GC(324) Using 8 workers of 8 for evacuation
[2025-12-29T00:07:24.423+0000][3888.012s][info][gc,phases   ] GC(324)   Pre Evacuate Collection Set: 0.4ms
[2025-12-29T00:07:24.424+0000][3888.012s][info][gc,phases   ] GC(324)   Merge Heap Roots: 0.2ms
[2025-12-29T00:07:24.424+0000][3888.012s][info][gc,phases   ] GC(324)   Evacuate Collection Set: 1.8ms
[2025-12-29T00:07:24.424+0000][3888.012s][info][gc,phases   ] GC(324)   Post Evacuate Collection Set: 1.4ms
[2025-12-29T00:07:24.424+0000][3888.013s][info][gc,phases   ] GC(324)   Other: 1.8ms
[2025-12-29T00:07:24.425+0000][3888.013s][info][gc,heap     ] GC(324) Eden regions: 951->0(951)
[2025-12-29T00:07:24.425+0000][3888.013s][info][gc,heap     ] GC(324) Survivor regions: 1->1(119)
[2025-12-29T00:07:24.425+0000][3888.013s][info][gc,heap     ] GC(324) Old regions: 43->43
[2025-12-29T00:07:24.425+0000][3888.013s][info][gc,heap     ] GC(324) Archive regions: 2->2
[2025-12-29T00:07:24.425+0000][3888.013s][info][gc,heap     ] GC(324) Humongous regions: 39->39
[2025-12-29T00:07:24.425+0000][3888.014s][info][gc,metaspace] GC(324) Metaspace: 75401K(76224K)->75401K(76224K) NonClass: 65186K(65600K)->65186K(65600K) Class: 10214K(10624K)->10214K(10624K)
[2025-12-29T00:07:24.426+0000][3888.014s][info][gc          ] GC(324) Pause Young (Normal) (G1 Evacuation Pause) 1033M->82M(1588M) 7.653ms
[2025-12-29T00:07:24.426+0000][3888.014s][info][gc,cpu      ] GC(324) User=0.02s Sys=0.00s Real=0.01s
[2025-12-29T00:07:37.356+0000][3900.945s][info][gc,start    ] GC(325) Pause Young (Normal) (G1 Evacuation Pause)
[2025-12-29T00:07:37.358+0000][3900.946s][info][gc,task     ] GC(325) Using 8 workers of 8 for evacuation
[2025-12-29T00:07:37.365+0000][3900.953s][info][gc,phases   ] GC(325)   Pre Evacuate Collection Set: 0.6ms
[2025-12-29T00:07:37.365+0000][3900.953s][info][gc,phases   ] GC(325)   Merge Heap Roots: 1.1ms
[2025-12-29T00:07:37.365+0000][3900.953s][info][gc,phases   ] GC(325)   Evacuate Collection Set: 3.6ms
[2025-12-29T00:07:37.365+0000][3900.953s][info][gc,phases   ] GC(325)   Post Evacuate Collection Set: 1.1ms
[2025-12-29T00:07:37.365+0000][3900.953s][info][gc,phases   ] GC(325)   Other: 1.8ms
[2025-12-29T00:07:37.365+0000][3900.954s][info][gc,heap     ] GC(325) Eden regions: 951->0(951)
[2025-12-29T00:07:37.366+0000][3900.954s][info][gc,heap     ] GC(325) Survivor regions: 1->1(119)
[2025-12-29T00:07:37.366+0000][3900.954s][info][gc,heap     ] GC(325) Old regions: 43->43
[2025-12-29T00:07:37.366+0000][3900.954s][info][gc,heap     ] GC(325) Archive regions: 2->2
[2025-12-29T00:07:37.366+0000][3900.954s][info][gc,heap     ] GC(325) Humongous regions: 39->39
[2025-12-29T00:07:37.366+0000][3900.954s][info][gc,metaspace] GC(325) Metaspace: 75401K(76224K)->75401K(76224K) NonClass: 65186K(65600K)->65186K(65600K) Class: 10214K(10624K)->10214K(10624K)
[2025-12-29T00:07:37.366+0000][3900.954s][info][gc          ] GC(325) Pause Young (Normal) (G1 Evacuation Pause) 1033M->82M(1588M) 9.822ms
[2025-12-29T00:07:37.366+0000][3900.955s][info][gc,cpu      ] GC(325) User=0.03s Sys=0.00s Real=0.01s
[2025-12-29T00:07:50.285+0000][3913.873s][info][gc,start    ] GC(326) Pause Young (Normal) (G1 Evacuation Pause)
[2025-12-29T00:07:50.286+0000][3913.874s][info][gc,task     ] GC(326) Using 8 workers of 8 for evacuation
[2025-12-29T00:07:50.291+0000][3913.880s][info][gc,phases   ] GC(326)   Pre Evacuate Collection Set: 0.3ms
[2025-12-29T00:07:50.292+0000][3913.880s][info][gc,phases   ] GC(326)   Merge Heap Roots: 0.3ms
[2025-12-29T00:07:50.292+0000][3913.880s][info][gc,phases   ] GC(326)   Evacuate Collection Set: 3.8ms
[2025-12-29T00:07:50.292+0000][3913.880s][info][gc,phases   ] GC(326)   Post Evacuate Collection Set: 0.8ms
[2025-12-29T00:07:50.292+0000][3913.880s][info][gc,phases   ] GC(326)   Other: 1.4ms
[2025-12-29T00:07:50.292+0000][3913.881s][info][gc,heap     ] GC(326) Eden regions: 951->0(951)
[2025-12-29T00:07:50.293+0000][3913.881s][info][gc,heap     ] GC(326) Survivor regions: 1->1(119)
[2025-12-29T00:07:50.293+0000][3913.881s][info][gc,heap     ] GC(326) Old regions: 43->43
[2025-12-29T00:07:50.293+0000][3913.881s][info][gc,heap     ] GC(326) Archive regions: 2->2
[2025-12-29T00:07:50.293+0000][3913.881s][info][gc,heap     ] GC(326) Humongous regions: 39->39
[2025-12-29T00:07:50.293+0000][3913.881s][info][gc,metaspace] GC(326) Metaspace: 75401K(76224K)->75401K(76224K) NonClass: 65186K(65600K)->65186K(65600K) Class: 10214K(10624K)->10214K(10624K)
[2025-12-29T00:07:50.293+0000][3913.882s][info][gc          ] GC(326) Pause Young (Normal) (G1 Evacuation Pause) 1033M->82M(1588M) 8.453ms
[2025-12-29T00:07:50.294+0000][3913.882s][info][gc,cpu      ] GC(326) User=0.03s Sys=0.00s Real=0.01s
[2025-12-29T00:08:03.450+0000][3927.038s][info][gc,start    ] GC(327) Pause Young (Normal) (G1 Evacuation Pause)
[2025-12-29T00:08:03.451+0000][3927.039s][info][gc,task     ] GC(327) Using 8 workers of 8 for evacuation
[2025-12-29T00:08:03.453+0000][3927.041s][info][gc,phases   ] GC(327)   Pre Evacuate Collection Set: 0.2ms
[2025-12-29T00:08:03.453+0000][3927.041s][info][gc,phases   ] GC(327)   Merge Heap Roots: 0.2ms
[2025-12-29T00:08:03.453+0000][3927.041s][info][gc,phases   ] GC(327)   Evacuate Collection Set: 0.9ms
[2025-12-29T00:08:03.453+0000][3927.041s][info][gc,phases   ] GC(327)   Post Evacuate Collection Set: 0.6ms
[2025-12-29T00:08:03.453+0000][3927.041s][info][gc,phases   ] GC(327)   Other: 1.1ms
[2025-12-29T00:08:03.453+0000][3927.041s][info][gc,heap     ] GC(327) Eden regions: 951->0(951)
[2025-12-29T00:08:03.453+0000][3927.041s][info][gc,heap     ] GC(327) Survivor regions: 1->1(119)
[2025-12-29T00:08:03.453+0000][3927.041s][info][gc,heap     ] GC(327) Old regions: 43->43
[2025-12-29T00:08:03.453+0000][3927.042s][info][gc,heap     ] GC(327) Archive regions: 2->2
[2025-12-29T00:08:03.453+0000][3927.042s][info][gc,heap     ] GC(327) Humongous regions: 39->39
[2025-12-29T00:08:03.454+0000][3927.042s][info][gc,metaspace] GC(327) Metaspace: 75401K(76224K)->75401K(76224K) NonClass: 65186K(65600K)->65186K(65600K) Class: 10214K(10624K)->10214K(10624K)
[2025-12-29T00:08:03.454+0000][3927.042s][info][gc          ] GC(327) Pause Young (Normal) (G1 Evacuation Pause) 1033M->82M(1588M) 4.028ms
[2025-12-29T00:08:03.454+0000][3927.042s][info][gc,cpu      ] GC(327) User=0.01s Sys=0.00s Real=0.01s
[2025-12-29T00:08:16.344+0000][3939.933s][info][gc,start    ] GC(328) Pause Young (Normal) (G1 Evacuation Pause)
[2025-12-29T00:08:16.345+0000][3939.933s][info][gc,task     ] GC(328) Using 8 workers of 8 for evacuation
[2025-12-29T00:08:16.348+0000][3939.936s][info][gc,phases   ] GC(328)   Pre Evacuate Collection Set: 0.3ms
[2025-12-29T00:08:16.348+0000][3939.936s][info][gc,phases   ] GC(328)   Merge Heap Roots: 0.2ms
[2025-12-29T00:08:16.348+0000][3939.936s][info][gc,phases   ] GC(328)   Evacuate Collection Set: 1.4ms
[2025-12-29T00:08:16.348+0000][3939.937s][info][gc,phases   ] GC(328)   Post Evacuate Collection Set: 0.6ms
[2025-12-29T00:08:16.349+0000][3939.937s][info][gc,phases   ] GC(328)   Other: 1.0ms
[2025-12-29T00:08:16.349+0000][3939.937s][info][gc,heap     ] GC(328) Eden regions: 951->0(951)
[2025-12-29T00:08:16.349+0000][3939.937s][info][gc,heap     ] GC(328) Survivor regions: 1->1(119)
[2025-12-29T00:08:16.349+0000][3939.937s][info][gc,heap     ] GC(328) Old regions: 43->43
[2025-12-29T00:08:16.349+0000][3939.937s][info][gc,heap     ] GC(328) Archive regions: 2->2
[2025-12-29T00:08:16.349+0000][3939.937s][info][gc,heap     ] GC(328) Humongous regions: 39->39
[2025-12-29T00:08:16.349+0000][3939.937s][info][gc,metaspace] GC(328) Metaspace: 75401K(76224K)->75401K(76224K) NonClass: 65186K(65600K)->65186K(65600K) Class: 10214K(10624K)->10214K(10624K)
[2025-12-29T00:08:16.349+0000][3939.938s][info][gc          ] GC(328) Pause Young (Normal) (G1 Evacuation Pause) 1033M->82M(1588M) 5.041ms
[2025-12-29T00:08:16.350+0000][3939.938s][info][gc,cpu      ] GC(328) User=0.01s Sys=0.01s Real=0.00s
[2025-12-29T00:08:29.122+0000][3952.711s][info][gc,start    ] GC(329) Pause Young (Normal) (G1 Evacuation Pause)
[2025-12-29T00:08:29.123+0000][3952.712s][info][gc,task     ] GC(329) Using 8 workers of 8 for evacuation
[2025-12-29T00:08:29.126+0000][3952.714s][info][gc,phases   ] GC(329)   Pre Evacuate Collection Set: 0.4ms
[2025-12-29T00:08:29.126+0000][3952.715s][info][gc,phases   ] GC(329)   Merge Heap Roots: 0.2ms
[2025-12-29T00:08:29.126+0000][3952.715s][info][gc,phases   ] GC(329)   Evacuate Collection Set: 1.3ms
[2025-12-29T00:08:29.127+0000][3952.715s][info][gc,phases   ] GC(329)   Post Evacuate Collection Set: 0.8ms
[2025-12-29T00:08:29.127+0000][3952.715s][info][gc,phases   ] GC(329)   Other: 1.2ms
[2025-12-29T00:08:29.127+0000][3952.715s][info][gc,heap     ] GC(329) Eden regions: 951->0(951)
[2025-12-29T00:08:29.127+0000][3952.715s][info][gc,heap     ] GC(329) Survivor regions: 1->1(119)
[2025-12-29T00:08:29.127+0000][3952.715s][info][gc,heap     ] GC(329) Old regions: 43->43
[2025-12-29T00:08:29.127+0000][3952.715s][info][gc,heap     ] GC(329) Archive regions: 2->2
[2025-12-29T00:08:29.127+0000][3952.715s][info][gc,heap     ] GC(329) Humongous regions: 39->39
[2025-12-29T00:08:29.127+0000][3952.715s][info][gc,metaspace] GC(329) Metaspace: 75405K(76224K)->75405K(76224K) NonClass: 65190K(65600K)->65190K(65600K) Class: 10214K(10624K)->10214K(10624K)
[2025-12-29T00:08:29.127+0000][3952.715s][info][gc          ] GC(329) Pause Young (Normal) (G1 Evacuation Pause) 1033M->82M(1588M) 4.731ms
[2025-12-29T00:08:29.127+0000][3952.715s][info][gc,cpu      ] GC(329) User=0.02s Sys=0.00s Real=0.00s
[2025-12-29T00:08:41.940+0000][3965.528s][info][gc,start    ] GC(330) Pause Young (Normal) (G1 Evacuation Pause)
[2025-12-29T00:08:41.940+0000][3965.529s][info][gc,task     ] GC(330) Using 8 workers of 8 for evacuation
[2025-12-29T00:08:41.942+0000][3965.530s][info][gc,phases   ] GC(330)   Pre Evacuate Collection Set: 0.2ms
[2025-12-29T00:08:41.942+0000][3965.530s][info][gc,phases   ] GC(330)   Merge Heap Roots: 0.1ms
[2025-12-29T00:08:41.942+0000][3965.531s][info][gc,phases   ] GC(330)   Evacuate Collection Set: 0.8ms
[2025-12-29T00:08:41.942+0000][3965.531s][info][gc,phases   ] GC(330)   Post Evacuate Collection Set: 0.4ms
[2025-12-29T00:08:41.943+0000][3965.531s][info][gc,phases   ] GC(330)   Other: 1.1ms
[2025-12-29T00:08:41.943+0000][3965.531s][info][gc,heap     ] GC(330) Eden regions: 951->0(951)
[2025-12-29T00:08:41.943+0000][3965.531s][info][gc,heap     ] GC(330) Survivor regions: 1->1(119)
[2025-12-29T00:08:41.943+0000][3965.531s][info][gc,heap     ] GC(330) Old regions: 43->43
[2025-12-29T00:08:41.943+0000][3965.531s][info][gc,heap     ] GC(330) Archive regions: 2->2
[2025-12-29T00:08:41.943+0000][3965.531s][info][gc,heap     ] GC(330) Humongous regions: 39->39
[2025-12-29T00:08:41.943+0000][3965.531s][info][gc,metaspace] GC(330) Metaspace: 75405K(76224K)->75405K(76224K) NonClass: 65190K(65600K)->65190K(65600K) Class: 10214K(10624K)->10214K(10624K)
[2025-12-29T00:08:41.943+0000][3965.531s][info][gc          ] GC(330) Pause Young (Normal) (G1 Evacuation Pause) 1033M->82M(1588M) 3.381ms
[2025-12-29T00:08:41.943+0000][3965.531s][info][gc,cpu      ] GC(330) User=0.01s Sys=0.00s Real=0.01s
[2025-12-29T00:08:55.953+0000][3979.541s][info][gc,start    ] GC(331) Pause Young (Normal) (G1 Evacuation Pause)
[2025-12-29T00:08:55.954+0000][3979.542s][info][gc,task     ] GC(331) Using 8 workers of 8 for evacuation
[2025-12-29T00:08:55.957+0000][3979.545s][info][gc,phases   ] GC(331)   Pre Evacuate Collection Set: 0.4ms
[2025-12-29T00:08:55.957+0000][3979.545s][info][gc,phases   ] GC(331)   Merge Heap Roots: 0.2ms
[2025-12-29T00:08:55.957+0000][3979.545s][info][gc,phases   ] GC(331)   Evacuate Collection Set: 1.4ms
[2025-12-29T00:08:55.957+0000][3979.545s][info][gc,phases   ] GC(331)   Post Evacuate Collection Set: 0.7ms
[2025-12-29T00:08:55.957+0000][3979.545s][info][gc,phases   ] GC(331)   Other: 1.4ms
[2025-12-29T00:08:55.957+0000][3979.545s][info][gc,heap     ] GC(331) Eden regions: 951->0(951)
[2025-12-29T00:08:55.957+0000][3979.545s][info][gc,heap     ] GC(331) Survivor regions: 1->1(119)
[2025-12-29T00:08:55.957+0000][3979.546s][info][gc,heap     ] GC(331) Old regions: 43->43
[2025-12-29T00:08:55.957+0000][3979.546s][info][gc,heap     ] GC(331) Archive regions: 2->2
[2025-12-29T00:08:55.957+0000][3979.546s][info][gc,heap     ] GC(331) Humongous regions: 39->39
[2025-12-29T00:08:55.958+0000][3979.546s][info][gc,metaspace] GC(331) Metaspace: 75405K(76224K)->75405K(76224K) NonClass: 65190K(65600K)->65190K(65600K) Class: 10214K(10624K)->10214K(10624K)
[2025-12-29T00:08:55.958+0000][3979.546s][info][gc          ] GC(331) Pause Young (Normal) (G1 Evacuation Pause) 1033M->82M(1588M) 5.085ms
[2025-12-29T00:08:55.958+0000][3979.546s][info][gc,cpu      ] GC(331) User=0.02s Sys=0.00s Real=0.00s
[2025-12-29T00:09:09.745+0000][3993.333s][info][gc,start    ] GC(332) Pause Young (Normal) (G1 Evacuation Pause)
[2025-12-29T00:09:09.746+0000][3993.334s][info][gc,task     ] GC(332) Using 8 workers of 8 for evacuation
[2025-12-29T00:09:09.752+0000][3993.340s][info][gc,phases   ] GC(332)   Pre Evacuate Collection Set: 0.6ms
[2025-12-29T00:09:09.753+0000][3993.341s][info][gc,phases   ] GC(332)   Merge Heap Roots: 0.3ms
[2025-12-29T00:09:09.753+0000][3993.341s][info][gc,phases   ] GC(332)   Evacuate Collection Set: 3.2ms
[2025-12-29T00:09:09.753+0000][3993.341s][info][gc,phases   ] GC(332)   Post Evacuate Collection Set: 1.3ms
[2025-12-29T00:09:09.753+0000][3993.341s][info][gc,phases   ] GC(332)   Other: 2.3ms
[2025-12-29T00:09:09.753+0000][3993.342s][info][gc,heap     ] GC(332) Eden regions: 951->0(951)
[2025-12-29T00:09:09.754+0000][3993.342s][info][gc,heap     ] GC(332) Survivor regions: 1->1(119)
[2025-12-29T00:09:09.754+0000][3993.342s][info][gc,heap     ] GC(332) Old regions: 43->43
[2025-12-29T00:09:09.754+0000][3993.342s][info][gc,heap     ] GC(332) Archive regions: 2->2
[2025-12-29T00:09:09.754+0000][3993.342s][info][gc,heap     ] GC(332) Humongous regions: 39->39
[2025-12-29T00:09:09.754+0000][3993.342s][info][gc,metaspace] GC(332) Metaspace: 75405K(76224K)->75405K(76224K) NonClass: 65190K(65600K)->65190K(65600K) Class: 10214K(10624K)->10214K(10624K)
[2025-12-29T00:09:09.754+0000][3993.343s][info][gc          ] GC(332) Pause Young (Normal) (G1 Evacuation Pause) 1033M->82M(1588M) 9.664ms
[2025-12-29T00:09:09.755+0000][3993.343s][info][gc,cpu      ] GC(332) User=0.03s Sys=0.00s Real=0.01s
[2025-12-29T00:09:22.438+0000][4006.026s][info][gc,start    ] GC(333) Pause Young (Normal) (GCLocker Initiated GC)
[2025-12-29T00:09:22.438+0000][4006.027s][info][gc,task     ] GC(333) Using 8 workers of 8 for evacuation
[2025-12-29T00:09:22.441+0000][4006.029s][info][gc,phases   ] GC(333)   Pre Evacuate Collection Set: 0.2ms
[2025-12-29T00:09:22.441+0000][4006.029s][info][gc,phases   ] GC(333)   Merge Heap Roots: 0.1ms
[2025-12-29T00:09:22.441+0000][4006.029s][info][gc,phases   ] GC(333)   Evacuate Collection Set: 1.3ms
[2025-12-29T00:09:22.441+0000][4006.029s][info][gc,phases   ] GC(333)   Post Evacuate Collection Set: 0.7ms
[2025-12-29T00:09:22.441+0000][4006.029s][info][gc,phases   ] GC(333)   Other: 0.7ms
[2025-12-29T00:09:22.441+0000][4006.030s][info][gc,heap     ] GC(333) Eden regions: 951->0(951)
[2025-12-29T00:09:22.441+0000][4006.030s][info][gc,heap     ] GC(333) Survivor regions: 1->1(119)
[2025-12-29T00:09:22.441+0000][4006.030s][info][gc,heap     ] GC(333) Old regions: 43->43
[2025-12-29T00:09:22.442+0000][4006.030s][info][gc,heap     ] GC(333) Archive regions: 2->2
[2025-12-29T00:09:22.442+0000][4006.030s][info][gc,heap     ] GC(333) Humongous regions: 39->39
[2025-12-29T00:09:22.442+0000][4006.030s][info][gc,metaspace] GC(333) Metaspace: 75409K(76224K)->75409K(76224K) NonClass: 65195K(65600K)->65195K(65600K) Class: 10214K(10624K)->10214K(10624K)
[2025-12-29T00:09:22.442+0000][4006.030s][info][gc          ] GC(333) Pause Young (Normal) (GCLocker Initiated GC) 1033M->82M(1588M) 3.820ms
[2025-12-29T00:09:22.442+0000][4006.030s][info][gc,cpu      ] GC(333) User=0.02s Sys=0.00s Real=0.01s
[2025-12-29T00:09:35.030+0000][4018.618s][info][gc,start    ] GC(334) Pause Young (Normal) (G1 Evacuation Pause)
[2025-12-29T00:09:35.030+0000][4018.618s][info][gc,task     ] GC(334) Using 8 workers of 8 for evacuation
[2025-12-29T00:09:35.033+0000][4018.621s][info][gc,phases   ] GC(334)   Pre Evacuate Collection Set: 0.4ms
[2025-12-29T00:09:35.033+0000][4018.621s][info][gc,phases   ] GC(334)   Merge Heap Roots: 0.2ms
[2025-12-29T00:09:35.033+0000][4018.621s][info][gc,phases   ] GC(334)   Evacuate Collection Set: 1.4ms
[2025-12-29T00:09:35.033+0000][4018.621s][info][gc,phases   ] GC(334)   Post Evacuate Collection Set: 0.5ms
[2025-12-29T00:09:35.033+0000][4018.622s][info][gc,phases   ] GC(334)   Other: 0.7ms
[2025-12-29T00:09:35.033+0000][4018.622s][info][gc,heap     ] GC(334) Eden regions: 951->0(951)
[2025-12-29T00:09:35.033+0000][4018.622s][info][gc,heap     ] GC(334) Survivor regions: 1->1(119)
[2025-12-29T00:09:35.034+0000][4018.622s][info][gc,heap     ] GC(334) Old regions: 43->43
[2025-12-29T00:09:35.034+0000][4018.622s][info][gc,heap     ] GC(334) Archive regions: 2->2
[2025-12-29T00:09:35.034+0000][4018.622s][info][gc,heap     ] GC(334) Humongous regions: 39->39
[2025-12-29T00:09:35.034+0000][4018.622s][info][gc,metaspace] GC(334) Metaspace: 75409K(76224K)->75409K(76224K) NonClass: 65195K(65600K)->65195K(65600K) Class: 10214K(10624K)->10214K(10624K)
[2025-12-29T00:09:35.034+0000][4018.622s][info][gc          ] GC(334) Pause Young (Normal) (G1 Evacuation Pause) 1033M->82M(1588M) 4.037ms
[2025-12-29T00:09:35.034+0000][4018.622s][info][gc,cpu      ] GC(334) User=0.01s Sys=0.00s Real=0.01s
[2025-12-29T00:09:47.777+0000][4031.365s][info][gc,start    ] GC(335) Pause Young (Normal) (G1 Evacuation Pause)
[2025-12-29T00:09:47.778+0000][4031.367s][info][gc,task     ] GC(335) Using 8 workers of 8 for evacuation
[2025-12-29T00:09:47.781+0000][4031.369s][info][gc,phases   ] GC(335)   Pre Evacuate Collection Set: 0.3ms
[2025-12-29T00:09:47.781+0000][4031.370s][info][gc,phases   ] GC(335)   Merge Heap Roots: 0.2ms
[2025-12-29T00:09:47.781+0000][4031.370s][info][gc,phases   ] GC(335)   Evacuate Collection Set: 1.3ms
[2025-12-29T00:09:47.782+0000][4031.370s][info][gc,phases   ] GC(335)   Post Evacuate Collection Set: 0.8ms
[2025-12-29T00:09:47.782+0000][4031.370s][info][gc,phases   ] GC(335)   Other: 2.1ms
[2025-12-29T00:09:47.782+0000][4031.370s][info][gc,heap     ] GC(335) Eden regions: 951->0(951)
[2025-12-29T00:09:47.782+0000][4031.370s][info][gc,heap     ] GC(335) Survivor regions: 1->1(119)
[2025-12-29T00:09:47.782+0000][4031.370s][info][gc,heap     ] GC(335) Old regions: 43->43
[2025-12-29T00:09:47.782+0000][4031.371s][info][gc,heap     ] GC(335) Archive regions: 2->2
[2025-12-29T00:09:47.782+0000][4031.371s][info][gc,heap     ] GC(335) Humongous regions: 39->39
[2025-12-29T00:09:47.783+0000][4031.371s][info][gc,metaspace] GC(335) Metaspace: 75409K(76224K)->75409K(76224K) NonClass: 65195K(65600K)->65195K(65600K) Class: 10214K(10624K)->10214K(10624K)
[2025-12-29T00:09:47.783+0000][4031.371s][info][gc          ] GC(335) Pause Young (Normal) (G1 Evacuation Pause) 1033M->82M(1588M) 5.959ms
[2025-12-29T00:09:47.783+0000][4031.371s][info][gc,cpu      ] GC(335) User=0.01s Sys=0.00s Real=0.01s
[2025-12-29T00:10:00.646+0000][4044.234s][info][gc,start    ] GC(336) Pause Young (Normal) (G1 Evacuation Pause)
[2025-12-29T00:10:00.647+0000][4044.235s][info][gc,task     ] GC(336) Using 8 workers of 8 for evacuation
[2025-12-29T00:10:00.650+0000][4044.238s][info][gc,phases   ] GC(336)   Pre Evacuate Collection Set: 0.5ms
[2025-12-29T00:10:00.650+0000][4044.238s][info][gc,phases   ] GC(336)   Merge Heap Roots: 0.2ms
[2025-12-29T00:10:00.650+0000][4044.238s][info][gc,phases   ] GC(336)   Evacuate Collection Set: 1.4ms
[2025-12-29T00:10:00.650+0000][4044.238s][info][gc,phases   ] GC(336)   Post Evacuate Collection Set: 0.6ms
[2025-12-29T00:10:00.650+0000][4044.239s][info][gc,phases   ] GC(336)   Other: 1.3ms
[2025-12-29T00:10:00.651+0000][4044.239s][info][gc,heap     ] GC(336) Eden regions: 951->0(951)
[2025-12-29T00:10:00.651+0000][4044.239s][info][gc,heap     ] GC(336) Survivor regions: 1->1(119)
[2025-12-29T00:10:00.651+0000][4044.239s][info][gc,heap     ] GC(336) Old regions: 43->43
[2025-12-29T00:10:00.651+0000][4044.239s][info][gc,heap     ] GC(336) Archive regions: 2->2
[2025-12-29T00:10:00.651+0000][4044.239s][info][gc,heap     ] GC(336) Humongous regions: 39->39
[2025-12-29T00:10:00.651+0000][4044.239s][info][gc,metaspace] GC(336) Metaspace: 75409K(76224K)->75409K(76224K) NonClass: 65195K(65600K)->65195K(65600K) Class: 10214K(10624K)->10214K(10624K)
[2025-12-29T00:10:00.651+0000][4044.239s][info][gc          ] GC(336) Pause Young (Normal) (G1 Evacuation Pause) 1033M->82M(1588M) 5.256ms
[2025-12-29T00:10:00.651+0000][4044.240s][info][gc,cpu      ] GC(336) User=0.01s Sys=0.00s Real=0.01s
[2025-12-29T00:10:13.904+0000][4057.493s][info][gc,start    ] GC(337) Pause Young (Normal) (G1 Evacuation Pause)
[2025-12-29T00:10:13.905+0000][4057.493s][info][gc,task     ] GC(337) Using 8 workers of 8 for evacuation
[2025-12-29T00:10:13.908+0000][4057.496s][info][gc,phases   ] GC(337)   Pre Evacuate Collection Set: 0.3ms
[2025-12-29T00:10:13.908+0000][4057.496s][info][gc,phases   ] GC(337)   Merge Heap Roots: 0.1ms
[2025-12-29T00:10:13.908+0000][4057.496s][info][gc,phases   ] GC(337)   Evacuate Collection Set: 1.4ms
[2025-12-29T00:10:13.908+0000][4057.496s][info][gc,phases   ] GC(337)   Post Evacuate Collection Set: 0.7ms
[2025-12-29T00:10:13.908+0000][4057.496s][info][gc,phases   ] GC(337)   Other: 0.9ms
[2025-12-29T00:10:13.908+0000][4057.496s][info][gc,heap     ] GC(337) Eden regions: 951->0(951)
[2025-12-29T00:10:13.908+0000][4057.497s][info][gc,heap     ] GC(337) Survivor regions: 1->1(119)
[2025-12-29T00:10:13.908+0000][4057.497s][info][gc,heap     ] GC(337) Old regions: 43->43
[2025-12-29T00:10:13.909+0000][4057.497s][info][gc,heap     ] GC(337) Archive regions: 2->2
[2025-12-29T00:10:13.909+0000][4057.497s][info][gc,heap     ] GC(337) Humongous regions: 39->39
[2025-12-29T00:10:13.909+0000][4057.497s][info][gc,metaspace] GC(337) Metaspace: 75409K(76224K)->75409K(76224K) NonClass: 65195K(65600K)->65195K(65600K) Class: 10214K(10624K)->10214K(10624K)
[2025-12-29T00:10:13.909+0000][4057.497s][info][gc          ] GC(337) Pause Young (Normal) (G1 Evacuation Pause) 1033M->82M(1588M) 4.472ms
[2025-12-29T00:10:13.909+0000][4057.497s][info][gc,cpu      ] GC(337) User=0.01s Sys=0.00s Real=0.00s
[2025-12-29T00:10:26.661+0000][4070.249s][info][gc,start    ] GC(338) Pause Young (Normal) (G1 Evacuation Pause)
[2025-12-29T00:10:26.662+0000][4070.250s][info][gc,task     ] GC(338) Using 8 workers of 8 for evacuation
[2025-12-29T00:10:26.681+0000][4070.269s][info][gc,phases   ] GC(338)   Pre Evacuate Collection Set: 0.8ms
[2025-12-29T00:10:26.682+0000][4070.270s][info][gc,phases   ] GC(338)   Merge Heap Roots: 0.3ms
[2025-12-29T00:10:26.682+0000][4070.270s][info][gc,phases   ] GC(338)   Evacuate Collection Set: 12.6ms
[2025-12-29T00:10:26.682+0000][4070.270s][info][gc,phases   ] GC(338)   Post Evacuate Collection Set: 4.3ms
[2025-12-29T00:10:26.682+0000][4070.270s][info][gc,phases   ] GC(338)   Other: 2.3ms
[2025-12-29T00:10:26.682+0000][4070.270s][info][gc,heap     ] GC(338) Eden regions: 951->0(951)
[2025-12-29T00:10:26.682+0000][4070.270s][info][gc,heap     ] GC(338) Survivor regions: 1->1(119)
[2025-12-29T00:10:26.682+0000][4070.271s][info][gc,heap     ] GC(338) Old regions: 43->43
[2025-12-29T00:10:26.683+0000][4070.271s][info][gc,heap     ] GC(338) Archive regions: 2->2
[2025-12-29T00:10:26.683+0000][4070.271s][info][gc,heap     ] GC(338) Humongous regions: 39->39
[2025-12-29T00:10:26.683+0000][4070.271s][info][gc,metaspace] GC(338) Metaspace: 75414K(76224K)->75414K(76224K) NonClass: 65199K(65600K)->65199K(65600K) Class: 10214K(10624K)->10214K(10624K)
[2025-12-29T00:10:26.683+0000][4070.271s][info][gc          ] GC(338) Pause Young (Normal) (G1 Evacuation Pause) 1033M->82M(1588M) 22.449ms
[2025-12-29T00:10:26.683+0000][4070.271s][info][gc,cpu      ] GC(338) User=0.11s Sys=0.00s Real=0.02s
[2025-12-29T00:10:40.948+0000][4084.536s][info][gc,start    ] GC(339) Pause Young (Normal) (G1 Evacuation Pause)
[2025-12-29T00:10:40.949+0000][4084.537s][info][gc,task     ] GC(339) Using 8 workers of 8 for evacuation
[2025-12-29T00:10:40.951+0000][4084.540s][info][gc,phases   ] GC(339)   Pre Evacuate Collection Set: 0.3ms
[2025-12-29T00:10:40.951+0000][4084.540s][info][gc,phases   ] GC(339)   Merge Heap Roots: 0.2ms
[2025-12-29T00:10:40.952+0000][4084.540s][info][gc,phases   ] GC(339)   Evacuate Collection Set: 1.1ms
[2025-12-29T00:10:40.952+0000][4084.540s][info][gc,phases   ] GC(339)   Post Evacuate Collection Set: 0.7ms
[2025-12-29T00:10:40.952+0000][4084.540s][info][gc,phases   ] GC(339)   Other: 1.4ms
[2025-12-29T00:10:40.952+0000][4084.540s][info][gc,heap     ] GC(339) Eden regions: 951->0(951)
[2025-12-29T00:10:40.952+0000][4084.540s][info][gc,heap     ] GC(339) Survivor regions: 1->1(119)
[2025-12-29T00:10:40.952+0000][4084.540s][info][gc,heap     ] GC(339) Old regions: 43->43
[2025-12-29T00:10:40.952+0000][4084.540s][info][gc,heap     ] GC(339) Archive regions: 2->2
[2025-12-29T00:10:40.952+0000][4084.541s][info][gc,heap     ] GC(339) Humongous regions: 39->39
[2025-12-29T00:10:40.952+0000][4084.541s][info][gc,metaspace] GC(339) Metaspace: 75414K(76224K)->75414K(76224K) NonClass: 65199K(65600K)->65199K(65600K) Class: 10214K(10624K)->10214K(10624K)
[2025-12-29T00:10:40.953+0000][4084.541s][info][gc          ] GC(339) Pause Young (Normal) (G1 Evacuation Pause) 1033M->82M(1588M) 4.899ms
[2025-12-29T00:10:40.953+0000][4084.541s][info][gc,cpu      ] GC(339) User=0.02s Sys=0.00s Real=0.01s
[2025-12-29T00:10:54.427+0000][4098.016s][info][gc,start    ] GC(340) Pause Young (Normal) (G1 Evacuation Pause)
[2025-12-29T00:10:54.429+0000][4098.017s][info][gc,task     ] GC(340) Using 8 workers of 8 for evacuation
[2025-12-29T00:10:54.432+0000][4098.021s][info][gc,phases   ] GC(340)   Pre Evacuate Collection Set: 0.4ms
[2025-12-29T00:10:54.433+0000][4098.021s][info][gc,phases   ] GC(340)   Merge Heap Roots: 0.2ms
[2025-12-29T00:10:54.433+0000][4098.021s][info][gc,phases   ] GC(340)   Evacuate Collection Set: 1.6ms
[2025-12-29T00:10:54.433+0000][4098.021s][info][gc,phases   ] GC(340)   Post Evacuate Collection Set: 1.0ms
[2025-12-29T00:10:54.433+0000][4098.021s][info][gc,phases   ] GC(340)   Other: 1.9ms
[2025-12-29T00:10:54.433+0000][4098.022s][info][gc,heap     ] GC(340) Eden regions: 951->0(951)
[2025-12-29T00:10:54.433+0000][4098.022s][info][gc,heap     ] GC(340) Survivor regions: 1->1(119)
[2025-12-29T00:10:54.434+0000][4098.022s][info][gc,heap     ] GC(340) Old regions: 43->43
[2025-12-29T00:10:54.434+0000][4098.022s][info][gc,heap     ] GC(340) Archive regions: 2->2
[2025-12-29T00:10:54.434+0000][4098.022s][info][gc,heap     ] GC(340) Humongous regions: 39->39
[2025-12-29T00:10:54.434+0000][4098.022s][info][gc,metaspace] GC(340) Metaspace: 75414K(76224K)->75414K(76224K) NonClass: 65199K(65600K)->65199K(65600K) Class: 10214K(10624K)->10214K(10624K)
[2025-12-29T00:10:54.434+0000][4098.022s][info][gc          ] GC(340) Pause Young (Normal) (G1 Evacuation Pause) 1033M->82M(1588M) 6.863ms
[2025-12-29T00:10:54.435+0000][4098.023s][info][gc,cpu      ] GC(340) User=0.01s Sys=0.00s Real=0.01s
[2025-12-29T00:11:07.364+0000][4110.952s][info][gc,start    ] GC(341) Pause Young (Normal) (G1 Evacuation Pause)
[2025-12-29T00:11:07.365+0000][4110.954s][info][gc,task     ] GC(341) Using 8 workers of 8 for evacuation
[2025-12-29T00:11:07.369+0000][4110.958s][info][gc,phases   ] GC(341)   Pre Evacuate Collection Set: 0.4ms
[2025-12-29T00:11:07.370+0000][4110.958s][info][gc,phases   ] GC(341)   Merge Heap Roots: 0.2ms
[2025-12-29T00:11:07.370+0000][4110.958s][info][gc,phases   ] GC(341)   Evacuate Collection Set: 1.7ms
[2025-12-29T00:11:07.370+0000][4110.958s][info][gc,phases   ] GC(341)   Post Evacuate Collection Set: 1.2ms
[2025-12-29T00:11:07.370+0000][4110.959s][info][gc,phases   ] GC(341)   Other: 2.3ms
[2025-12-29T00:11:07.371+0000][4110.959s][info][gc,heap     ] GC(341) Eden regions: 951->0(951)
[2025-12-29T00:11:07.371+0000][4110.959s][info][gc,heap     ] GC(341) Survivor regions: 1->1(119)
[2025-12-29T00:11:07.371+0000][4110.959s][info][gc,heap     ] GC(341) Old regions: 43->43
[2025-12-29T00:11:07.371+0000][4110.959s][info][gc,heap     ] GC(341) Archive regions: 2->2
[2025-12-29T00:11:07.371+0000][4110.959s][info][gc,heap     ] GC(341) Humongous regions: 39->39
[2025-12-29T00:11:07.371+0000][4110.960s][info][gc,metaspace] GC(341) Metaspace: 75414K(76224K)->75414K(76224K) NonClass: 65199K(65600K)->65199K(65600K) Class: 10214K(10624K)->10214K(10624K)
[2025-12-29T00:11:07.372+0000][4110.960s][info][gc          ] GC(341) Pause Young (Normal) (G1 Evacuation Pause) 1033M->82M(1588M) 7.607ms
[2025-12-29T00:11:07.372+0000][4110.960s][info][gc,cpu      ] GC(341) User=0.01s Sys=0.00s Real=0.01s
[2025-12-29T00:11:20.301+0000][4123.890s][info][gc,start    ] GC(342) Pause Young (Normal) (G1 Evacuation Pause)
[2025-12-29T00:11:20.302+0000][4123.890s][info][gc,task     ] GC(342) Using 8 workers of 8 for evacuation
[2025-12-29T00:11:20.305+0000][4123.893s][info][gc,phases   ] GC(342)   Pre Evacuate Collection Set: 0.2ms
[2025-12-29T00:11:20.305+0000][4123.893s][info][gc,phases   ] GC(342)   Merge Heap Roots: 0.3ms
[2025-12-29T00:11:20.305+0000][4123.894s][info][gc,phases   ] GC(342)   Evacuate Collection Set: 1.3ms
[2025-12-29T00:11:20.305+0000][4123.894s][info][gc,phases   ] GC(342)   Post Evacuate Collection Set: 0.8ms
[2025-12-29T00:11:20.306+0000][4123.894s][info][gc,phases   ] GC(342)   Other: 1.2ms
[2025-12-29T00:11:20.306+0000][4123.894s][info][gc,heap     ] GC(342) Eden regions: 951->0(951)
[2025-12-29T00:11:20.306+0000][4123.894s][info][gc,heap     ] GC(342) Survivor regions: 1->1(119)
[2025-12-29T00:11:20.306+0000][4123.894s][info][gc,heap     ] GC(342) Old regions: 43->43
[2025-12-29T00:11:20.306+0000][4123.894s][info][gc,heap     ] GC(342) Archive regions: 2->2
[2025-12-29T00:11:20.306+0000][4123.894s][info][gc,heap     ] GC(342) Humongous regions: 39->39
[2025-12-29T00:11:20.306+0000][4123.894s][info][gc,metaspace] GC(342) Metaspace: 75414K(76224K)->75414K(76224K) NonClass: 65199K(65600K)->65199K(65600K) Class: 10214K(10624K)->10214K(10624K)
[2025-12-29T00:11:20.306+0000][4123.894s][info][gc          ] GC(342) Pause Young (Normal) (G1 Evacuation Pause) 1033M->82M(1588M) 4.777ms
[2025-12-29T00:11:20.306+0000][4123.895s][info][gc,cpu      ] GC(342) User=0.01s Sys=0.00s Real=0.00s
[2025-12-29T00:11:32.881+0000][4136.469s][info][gc,start    ] GC(343) Pause Young (Normal) (G1 Evacuation Pause)
[2025-12-29T00:11:32.883+0000][4136.471s][info][gc,task     ] GC(343) Using 8 workers of 8 for evacuation
[2025-12-29T00:11:32.887+0000][4136.476s][info][gc,phases   ] GC(343)   Pre Evacuate Collection Set: 0.5ms
[2025-12-29T00:11:32.888+0000][4136.476s][info][gc,phases   ] GC(343)   Merge Heap Roots: 0.3ms
[2025-12-29T00:11:32.888+0000][4136.476s][info][gc,phases   ] GC(343)   Evacuate Collection Set: 2.1ms
[2025-12-29T00:11:32.888+0000][4136.476s][info][gc,phases   ] GC(343)   Post Evacuate Collection Set: 1.5ms
[2025-12-29T00:11:32.888+0000][4136.476s][info][gc,phases   ] GC(343)   Other: 2.0ms
[2025-12-29T00:11:32.888+0000][4136.476s][info][gc,heap     ] GC(343) Eden regions: 951->0(951)
[2025-12-29T00:11:32.888+0000][4136.477s][info][gc,heap     ] GC(343) Survivor regions: 1->1(119)
[2025-12-29T00:11:32.889+0000][4136.477s][info][gc,heap     ] GC(343) Old regions: 43->43
[2025-12-29T00:11:32.889+0000][4136.477s][info][gc,heap     ] GC(343) Archive regions: 2->2
[2025-12-29T00:11:32.889+0000][4136.477s][info][gc,heap     ] GC(343) Humongous regions: 39->39
[2025-12-29T00:11:32.889+0000][4136.477s][info][gc,metaspace] GC(343) Metaspace: 75415K(76224K)->75415K(76224K) NonClass: 65200K(65600K)->65200K(65600K) Class: 10214K(10624K)->10214K(10624K)
[2025-12-29T00:11:32.889+0000][4136.477s][info][gc          ] GC(343) Pause Young (Normal) (G1 Evacuation Pause) 1033M->82M(1588M) 7.879ms
[2025-12-29T00:11:32.889+0000][4136.478s][info][gc,cpu      ] GC(343) User=0.02s Sys=0.00s Real=0.00s
[2025-12-29T00:11:45.793+0000][4149.381s][info][gc,start    ] GC(344) Pause Young (Normal) (G1 Evacuation Pause)
[2025-12-29T00:11:45.793+0000][4149.381s][info][gc,task     ] GC(344) Using 8 workers of 8 for evacuation
[2025-12-29T00:11:45.798+0000][4149.386s][info][gc,phases   ] GC(344)   Pre Evacuate Collection Set: 0.4ms
[2025-12-29T00:11:45.798+0000][4149.386s][info][gc,phases   ] GC(344)   Merge Heap Roots: 0.3ms
[2025-12-29T00:11:45.798+0000][4149.386s][info][gc,phases   ] GC(344)   Evacuate Collection Set: 2.5ms
[2025-12-29T00:11:45.798+0000][4149.386s][info][gc,phases   ] GC(344)   Post Evacuate Collection Set: 1.0ms
[2025-12-29T00:11:45.798+0000][4149.386s][info][gc,phases   ] GC(344)   Other: 0.9ms
[2025-12-29T00:11:45.798+0000][4149.386s][info][gc,heap     ] GC(344) Eden regions: 951->0(951)
[2025-12-29T00:11:45.798+0000][4149.387s][info][gc,heap     ] GC(344) Survivor regions: 1->1(119)
[2025-12-29T00:11:45.799+0000][4149.387s][info][gc,heap     ] GC(344) Old regions: 43->43
[2025-12-29T00:11:45.799+0000][4149.387s][info][gc,heap     ] GC(344) Archive regions: 2->2
[2025-12-29T00:11:45.799+0000][4149.387s][info][gc,heap     ] GC(344) Humongous regions: 39->39
[2025-12-29T00:11:45.799+0000][4149.387s][info][gc,metaspace] GC(344) Metaspace: 75417K(76224K)->75417K(76224K) NonClass: 65202K(65600K)->65202K(65600K) Class: 10214K(10624K)->10214K(10624K)
[2025-12-29T00:11:45.799+0000][4149.387s][info][gc          ] GC(344) Pause Young (Normal) (G1 Evacuation Pause) 1033M->82M(1588M) 6.233ms
[2025-12-29T00:11:45.799+0000][4149.387s][info][gc,cpu      ] GC(344) User=0.02s Sys=0.00s Real=0.00s
[2025-12-29T00:11:58.749+0000][4162.337s][info][gc,start    ] GC(345) Pause Young (Normal) (G1 Evacuation Pause)
[2025-12-29T00:11:58.750+0000][4162.338s][info][gc,task     ] GC(345) Using 8 workers of 8 for evacuation
[2025-12-29T00:11:58.753+0000][4162.341s][info][gc,phases   ] GC(345)   Pre Evacuate Collection Set: 0.3ms
[2025-12-29T00:11:58.753+0000][4162.341s][info][gc,phases   ] GC(345)   Merge Heap Roots: 0.3ms
[2025-12-29T00:11:58.753+0000][4162.342s][info][gc,phases   ] GC(345)   Evacuate Collection Set: 1.4ms
[2025-12-29T00:11:58.754+0000][4162.342s][info][gc,phases   ] GC(345)   Post Evacuate Collection Set: 0.6ms
[2025-12-29T00:11:58.754+0000][4162.342s][info][gc,phases   ] GC(345)   Other: 1.7ms
[2025-12-29T00:11:58.754+0000][4162.342s][info][gc,heap     ] GC(345) Eden regions: 951->0(951)
[2025-12-29T00:11:58.754+0000][4162.342s][info][gc,heap     ] GC(345) Survivor regions: 1->1(119)
[2025-12-29T00:11:58.754+0000][4162.342s][info][gc,heap     ] GC(345) Old regions: 43->43
[2025-12-29T00:11:58.754+0000][4162.343s][info][gc,heap     ] GC(345) Archive regions: 2->2
[2025-12-29T00:11:58.754+0000][4162.343s][info][gc,heap     ] GC(345) Humongous regions: 39->39
[2025-12-29T00:11:58.755+0000][4162.343s][info][gc,metaspace] GC(345) Metaspace: 75418K(76224K)->75418K(76224K) NonClass: 65203K(65600K)->65203K(65600K) Class: 10214K(10624K)->10214K(10624K)
[2025-12-29T00:11:58.755+0000][4162.343s][info][gc          ] GC(345) Pause Young (Normal) (G1 Evacuation Pause) 1033M->82M(1588M) 5.796ms
[2025-12-29T00:11:58.755+0000][4162.343s][info][gc,cpu      ] GC(345) User=0.01s Sys=0.00s Real=0.01s
[2025-12-29T00:12:11.718+0000][4175.306s][info][gc,start    ] GC(346) Pause Young (Normal) (G1 Evacuation Pause)
[2025-12-29T00:12:11.719+0000][4175.307s][info][gc,task     ] GC(346) Using 8 workers of 8 for evacuation
[2025-12-29T00:12:11.722+0000][4175.311s][info][gc,phases   ] GC(346)   Pre Evacuate Collection Set: 0.3ms
[2025-12-29T00:12:11.723+0000][4175.311s][info][gc,phases   ] GC(346)   Merge Heap Roots: 0.3ms
[2025-12-29T00:12:11.723+0000][4175.311s][info][gc,phases   ] GC(346)   Evacuate Collection Set: 1.5ms
[2025-12-29T00:12:11.723+0000][4175.311s][info][gc,phases   ] GC(346)   Post Evacuate Collection Set: 0.8ms
[2025-12-29T00:12:11.723+0000][4175.311s][info][gc,phases   ] GC(346)   Other: 1.9ms
[2025-12-29T00:12:11.723+0000][4175.312s][info][gc,heap     ] GC(346) Eden regions: 951->0(951)
[2025-12-29T00:12:11.724+0000][4175.312s][info][gc,heap     ] GC(346) Survivor regions: 1->1(119)
[2025-12-29T00:12:11.724+0000][4175.312s][info][gc,heap     ] GC(346) Old regions: 43->43
[2025-12-29T00:12:11.724+0000][4175.312s][info][gc,heap     ] GC(346) Archive regions: 2->2
[2025-12-29T00:12:11.724+0000][4175.312s][info][gc,heap     ] GC(346) Humongous regions: 39->39
[2025-12-29T00:12:11.724+0000][4175.312s][info][gc,metaspace] GC(346) Metaspace: 75418K(76224K)->75418K(76224K) NonClass: 65203K(65600K)->65203K(65600K) Class: 10214K(10624K)->10214K(10624K)
[2025-12-29T00:12:11.724+0000][4175.312s][info][gc          ] GC(346) Pause Young (Normal) (G1 Evacuation Pause) 1033M->82M(1588M) 6.360ms
[2025-12-29T00:12:11.724+0000][4175.313s][info][gc,cpu      ] GC(346) User=0.02s Sys=0.00s Real=0.01s
[2025-12-29T00:12:25.949+0000][4189.537s][info][gc,start    ] GC(347) Pause Young (Normal) (G1 Evacuation Pause)
[2025-12-29T00:12:25.950+0000][4189.539s][info][gc,task     ] GC(347) Using 8 workers of 8 for evacuation
[2025-12-29T00:12:25.955+0000][4189.543s][info][gc,phases   ] GC(347)   Pre Evacuate Collection Set: 0.4ms
[2025-12-29T00:12:25.955+0000][4189.543s][info][gc,phases   ] GC(347)   Merge Heap Roots: 0.3ms
[2025-12-29T00:12:25.955+0000][4189.543s][info][gc,phases   ] GC(347)   Evacuate Collection Set: 1.9ms
[2025-12-29T00:12:25.955+0000][4189.543s][info][gc,phases   ] GC(347)   Post Evacuate Collection Set: 1.3ms
[2025-12-29T00:12:25.955+0000][4189.544s][info][gc,phases   ] GC(347)   Other: 2.1ms
[2025-12-29T00:12:25.956+0000][4189.544s][info][gc,heap     ] GC(347) Eden regions: 951->0(951)
[2025-12-29T00:12:25.956+0000][4189.544s][info][gc,heap     ] GC(347) Survivor regions: 1->1(119)
[2025-12-29T00:12:25.956+0000][4189.544s][info][gc,heap     ] GC(347) Old regions: 43->43
[2025-12-29T00:12:25.956+0000][4189.544s][info][gc,heap     ] GC(347) Archive regions: 2->2
[2025-12-29T00:12:25.956+0000][4189.544s][info][gc,heap     ] GC(347) Humongous regions: 39->39
[2025-12-29T00:12:25.956+0000][4189.545s][info][gc,metaspace] GC(347) Metaspace: 75419K(76224K)->75419K(76224K) NonClass: 65203K(65600K)->65203K(65600K) Class: 10215K(10624K)->10215K(10624K)
[2025-12-29T00:12:25.956+0000][4189.545s][info][gc          ] GC(347) Pause Young (Normal) (G1 Evacuation Pause) 1033M->82M(1588M) 7.417ms
[2025-12-29T00:12:25.957+0000][4189.545s][info][gc,cpu      ] GC(347) User=0.02s Sys=0.00s Real=0.01s
[2025-12-29T00:12:39.308+0000][4202.896s][info][gc,start    ] GC(348) Pause Young (Normal) (G1 Evacuation Pause)
[2025-12-29T00:12:39.309+0000][4202.897s][info][gc,task     ] GC(348) Using 8 workers of 8 for evacuation
[2025-12-29T00:12:39.311+0000][4202.900s][info][gc,phases   ] GC(348)   Pre Evacuate Collection Set: 0.3ms
[2025-12-29T00:12:39.312+0000][4202.900s][info][gc,phases   ] GC(348)   Merge Heap Roots: 0.2ms
[2025-12-29T00:12:39.312+0000][4202.900s][info][gc,phases   ] GC(348)   Evacuate Collection Set: 1.2ms
[2025-12-29T00:12:39.312+0000][4202.900s][info][gc,phases   ] GC(348)   Post Evacuate Collection Set: 0.6ms
[2025-12-29T00:12:39.312+0000][4202.900s][info][gc,phases   ] GC(348)   Other: 1.2ms
[2025-12-29T00:12:39.312+0000][4202.900s][info][gc,heap     ] GC(348) Eden regions: 951->0(951)
[2025-12-29T00:12:39.312+0000][4202.900s][info][gc,heap     ] GC(348) Survivor regions: 1->1(119)
[2025-12-29T00:12:39.312+0000][4202.900s][info][gc,heap     ] GC(348) Old regions: 43->43
[2025-12-29T00:12:39.312+0000][4202.900s][info][gc,heap     ] GC(348) Archive regions: 2->2
[2025-12-29T00:12:39.312+0000][4202.900s][info][gc,heap     ] GC(348) Humongous regions: 39->39
[2025-12-29T00:12:39.312+0000][4202.901s][info][gc,metaspace] GC(348) Metaspace: 75419K(76224K)->75419K(76224K) NonClass: 65203K(65600K)->65203K(65600K) Class: 10215K(10624K)->10215K(10624K)
[2025-12-29T00:12:39.312+0000][4202.901s][info][gc          ] GC(348) Pause Young (Normal) (G1 Evacuation Pause) 1033M->82M(1588M) 4.430ms
[2025-12-29T00:12:39.313+0000][4202.901s][info][gc,cpu      ] GC(348) User=0.01s Sys=0.00s Real=0.01s
[2025-12-29T00:12:52.184+0000][4215.772s][info][gc,start    ] GC(349) Pause Young (Normal) (G1 Evacuation Pause)
[2025-12-29T00:12:52.185+0000][4215.773s][info][gc,task     ] GC(349) Using 8 workers of 8 for evacuation
[2025-12-29T00:12:52.188+0000][4215.776s][info][gc,phases   ] GC(349)   Pre Evacuate Collection Set: 0.3ms
[2025-12-29T00:12:52.188+0000][4215.777s][info][gc,phases   ] GC(349)   Merge Heap Roots: 0.2ms
[2025-12-29T00:12:52.189+0000][4215.777s][info][gc,phases   ] GC(349)   Evacuate Collection Set: 1.8ms
[2025-12-29T00:12:52.189+0000][4215.777s][info][gc,phases   ] GC(349)   Post Evacuate Collection Set: 0.8ms
[2025-12-29T00:12:52.189+0000][4215.777s][info][gc,phases   ] GC(349)   Other: 1.3ms
[2025-12-29T00:12:52.189+0000][4215.777s][info][gc,heap     ] GC(349) Eden regions: 951->0(951)
[2025-12-29T00:12:52.189+0000][4215.777s][info][gc,heap     ] GC(349) Survivor regions: 1->1(119)
[2025-12-29T00:12:52.189+0000][4215.777s][info][gc,heap     ] GC(349) Old regions: 43->43
[2025-12-29T00:12:52.189+0000][4215.777s][info][gc,heap     ] GC(349) Archive regions: 2->2
[2025-12-29T00:12:52.189+0000][4215.777s][info][gc,heap     ] GC(349) Humongous regions: 39->39
[2025-12-29T00:12:52.189+0000][4215.777s][info][gc,metaspace] GC(349) Metaspace: 75419K(76224K)->75419K(76224K) NonClass: 65203K(65600K)->65203K(65600K) Class: 10215K(10624K)->10215K(10624K)
[2025-12-29T00:12:52.189+0000][4215.778s][info][gc          ] GC(349) Pause Young (Normal) (G1 Evacuation Pause) 1033M->82M(1588M) 5.306ms
[2025-12-29T00:12:52.189+0000][4215.778s][info][gc,cpu      ] GC(349) User=0.02s Sys=0.00s Real=0.00s
[2025-12-29T00:13:05.024+0000][4228.612s][info][gc,start    ] GC(350) Pause Young (Normal) (G1 Evacuation Pause)
[2025-12-29T00:13:05.025+0000][4228.613s][info][gc,task     ] GC(350) Using 8 workers of 8 for evacuation
[2025-12-29T00:13:05.029+0000][4228.617s][info][gc,phases   ] GC(350)   Pre Evacuate Collection Set: 0.3ms
[2025-12-29T00:13:05.029+0000][4228.617s][info][gc,phases   ] GC(350)   Merge Heap Roots: 0.3ms
[2025-12-29T00:13:05.029+0000][4228.618s][info][gc,phases   ] GC(350)   Evacuate Collection Set: 1.8ms
[2025-12-29T00:13:05.030+0000][4228.618s][info][gc,phases   ] GC(350)   Post Evacuate Collection Set: 1.1ms
[2025-12-29T00:13:05.030+0000][4228.618s][info][gc,phases   ] GC(350)   Other: 1.5ms
[2025-12-29T00:13:05.030+0000][4228.618s][info][gc,heap     ] GC(350) Eden regions: 951->0(951)
[2025-12-29T00:13:05.030+0000][4228.618s][info][gc,heap     ] GC(350) Survivor regions: 1->1(119)
[2025-12-29T00:13:05.030+0000][4228.618s][info][gc,heap     ] GC(350) Old regions: 43->43
[2025-12-29T00:13:05.030+0000][4228.619s][info][gc,heap     ] GC(350) Archive regions: 2->2
[2025-12-29T00:13:05.031+0000][4228.619s][info][gc,heap     ] GC(350) Humongous regions: 39->39
[2025-12-29T00:13:05.031+0000][4228.619s][info][gc,metaspace] GC(350) Metaspace: 75419K(76224K)->75419K(76224K) NonClass: 65203K(65600K)->65203K(65600K) Class: 10215K(10624K)->10215K(10624K)
[2025-12-29T00:13:05.031+0000][4228.619s][info][gc          ] GC(350) Pause Young (Normal) (G1 Evacuation Pause) 1033M->82M(1588M) 6.757ms
[2025-12-29T00:13:05.031+0000][4228.619s][info][gc,cpu      ] GC(350) User=0.02s Sys=0.01s Real=0.01s
[2025-12-29T00:13:17.981+0000][4241.570s][info][gc,start    ] GC(351) Pause Young (Normal) (G1 Evacuation Pause)
[2025-12-29T00:13:17.983+0000][4241.571s][info][gc,task     ] GC(351) Using 8 workers of 8 for evacuation
[2025-12-29T00:13:17.986+0000][4241.574s][info][gc,phases   ] GC(351)   Pre Evacuate Collection Set: 0.3ms
[2025-12-29T00:13:17.986+0000][4241.574s][info][gc,phases   ] GC(351)   Merge Heap Roots: 0.3ms
[2025-12-29T00:13:17.986+0000][4241.575s][info][gc,phases   ] GC(351)   Evacuate Collection Set: 1.5ms
[2025-12-29T00:13:17.987+0000][4241.575s][info][gc,phases   ] GC(351)   Post Evacuate Collection Set: 0.9ms
[2025-12-29T00:13:17.987+0000][4241.575s][info][gc,phases   ] GC(351)   Other: 1.6ms
[2025-12-29T00:13:17.987+0000][4241.575s][info][gc,heap     ] GC(351) Eden regions: 951->0(951)
[2025-12-29T00:13:17.987+0000][4241.575s][info][gc,heap     ] GC(351) Survivor regions: 1->1(119)
[2025-12-29T00:13:17.987+0000][4241.576s][info][gc,heap     ] GC(351) Old regions: 43->43
[2025-12-29T00:13:17.988+0000][4241.576s][info][gc,heap     ] GC(351) Archive regions: 2->2
[2025-12-29T00:13:17.988+0000][4241.576s][info][gc,heap     ] GC(351) Humongous regions: 39->39
[2025-12-29T00:13:17.988+0000][4241.576s][info][gc,metaspace] GC(351) Metaspace: 75419K(76224K)->75419K(76224K) NonClass: 65203K(65600K)->65203K(65600K) Class: 10215K(10624K)->10215K(10624K)
[2025-12-29T00:13:17.988+0000][4241.576s][info][gc          ] GC(351) Pause Young (Normal) (G1 Evacuation Pause) 1033M->82M(1588M) 6.543ms
[2025-12-29T00:13:17.988+0000][4241.576s][info][gc,cpu      ] GC(351) User=0.02s Sys=0.01s Real=0.00s
[2025-12-29T00:13:30.744+0000][4254.332s][info][gc,start    ] GC(352) Pause Young (Normal) (G1 Evacuation Pause)
[2025-12-29T00:13:30.745+0000][4254.334s][info][gc,task     ] GC(352) Using 8 workers of 8 for evacuation
[2025-12-29T00:13:30.749+0000][4254.338s][info][gc,phases   ] GC(352)   Pre Evacuate Collection Set: 0.4ms
[2025-12-29T00:13:30.750+0000][4254.338s][info][gc,phases   ] GC(352)   Merge Heap Roots: 0.2ms
[2025-12-29T00:13:30.750+0000][4254.338s][info][gc,phases   ] GC(352)   Evacuate Collection Set: 1.7ms
[2025-12-29T00:13:30.750+0000][4254.338s][info][gc,phases   ] GC(352)   Post Evacuate Collection Set: 1.2ms
[2025-12-29T00:13:30.750+0000][4254.338s][info][gc,phases   ] GC(352)   Other: 2.1ms
[2025-12-29T00:13:30.750+0000][4254.339s][info][gc,heap     ] GC(352) Eden regions: 951->0(951)
[2025-12-29T00:13:30.751+0000][4254.339s][info][gc,heap     ] GC(352) Survivor regions: 1->1(119)
[2025-12-29T00:13:30.751+0000][4254.339s][info][gc,heap     ] GC(352) Old regions: 43->43
[2025-12-29T00:13:30.751+0000][4254.339s][info][gc,heap     ] GC(352) Archive regions: 2->2
[2025-12-29T00:13:30.751+0000][4254.339s][info][gc,heap     ] GC(352) Humongous regions: 39->39
[2025-12-29T00:13:30.751+0000][4254.339s][info][gc,metaspace] GC(352) Metaspace: 75430K(76224K)->75430K(76224K) NonClass: 65215K(65600K)->65215K(65600K) Class: 10215K(10624K)->10215K(10624K)
[2025-12-29T00:13:30.751+0000][4254.340s][info][gc          ] GC(352) Pause Young (Normal) (G1 Evacuation Pause) 1033M->82M(1588M) 7.434ms
[2025-12-29T00:13:30.752+0000][4254.340s][info][gc,cpu      ] GC(352) User=0.01s Sys=0.00s Real=0.01s
[2025-12-29T00:13:43.578+0000][4267.166s][info][gc,start    ] GC(353) Pause Young (Normal) (G1 Evacuation Pause)
[2025-12-29T00:13:43.578+0000][4267.166s][info][gc,task     ] GC(353) Using 8 workers of 8 for evacuation
[2025-12-29T00:13:43.581+0000][4267.169s][info][gc,phases   ] GC(353)   Pre Evacuate Collection Set: 0.4ms
[2025-12-29T00:13:43.581+0000][4267.170s][info][gc,phases   ] GC(353)   Merge Heap Roots: 0.2ms
[2025-12-29T00:13:43.582+0000][4267.170s][info][gc,phases   ] GC(353)   Evacuate Collection Set: 1.5ms
[2025-12-29T00:13:43.582+0000][4267.170s][info][gc,phases   ] GC(353)   Post Evacuate Collection Set: 0.8ms
[2025-12-29T00:13:43.582+0000][4267.170s][info][gc,phases   ] GC(353)   Other: 0.9ms
[2025-12-29T00:13:43.582+0000][4267.170s][info][gc,heap     ] GC(353) Eden regions: 951->0(951)
[2025-12-29T00:13:43.582+0000][4267.170s][info][gc,heap     ] GC(353) Survivor regions: 1->1(119)
[2025-12-29T00:13:43.582+0000][4267.170s][info][gc,heap     ] GC(353) Old regions: 43->43
[2025-12-29T00:13:43.582+0000][4267.170s][info][gc,heap     ] GC(353) Archive regions: 2->2
[2025-12-29T00:13:43.582+0000][4267.170s][info][gc,heap     ] GC(353) Humongous regions: 39->39
[2025-12-29T00:13:43.582+0000][4267.170s][info][gc,metaspace] GC(353) Metaspace: 75430K(76224K)->75430K(76224K) NonClass: 65215K(65600K)->65215K(65600K) Class: 10215K(10624K)->10215K(10624K)
[2025-12-29T00:13:43.582+0000][4267.170s][info][gc          ] GC(353) Pause Young (Normal) (G1 Evacuation Pause) 1033M->82M(1588M) 4.301ms
[2025-12-29T00:13:43.582+0000][4267.170s][info][gc,cpu      ] GC(353) User=0.02s Sys=0.00s Real=0.01s
[2025-12-29T00:13:56.474+0000][4280.063s][info][gc,start    ] GC(354) Pause Young (Normal) (G1 Evacuation Pause)
[2025-12-29T00:13:56.476+0000][4280.064s][info][gc,task     ] GC(354) Using 8 workers of 8 for evacuation
[2025-12-29T00:13:56.481+0000][4280.069s][info][gc,phases   ] GC(354)   Pre Evacuate Collection Set: 0.4ms
[2025-12-29T00:13:56.481+0000][4280.069s][info][gc,phases   ] GC(354)   Merge Heap Roots: 0.3ms
[2025-12-29T00:13:56.481+0000][4280.070s][info][gc,phases   ] GC(354)   Evacuate Collection Set: 3.2ms
[2025-12-29T00:13:56.482+0000][4280.070s][info][gc,phases   ] GC(354)   Post Evacuate Collection Set: 1.2ms
[2025-12-29T00:13:56.482+0000][4280.070s][info][gc,phases   ] GC(354)   Other: 1.6ms
[2025-12-29T00:13:56.482+0000][4280.070s][info][gc,heap     ] GC(354) Eden regions: 951->0(951)
[2025-12-29T00:13:56.482+0000][4280.070s][info][gc,heap     ] GC(354) Survivor regions: 1->1(119)
[2025-12-29T00:13:56.482+0000][4280.071s][info][gc,heap     ] GC(354) Old regions: 43->43
[2025-12-29T00:13:56.483+0000][4280.071s][info][gc,heap     ] GC(354) Archive regions: 2->2
[2025-12-29T00:13:56.483+0000][4280.071s][info][gc,heap     ] GC(354) Humongous regions: 39->39
[2025-12-29T00:13:56.483+0000][4280.071s][info][gc,metaspace] GC(354) Metaspace: 75430K(76224K)->75430K(76224K) NonClass: 65215K(65600K)->65215K(65600K) Class: 10215K(10624K)->10215K(10624K)
[2025-12-29T00:13:56.483+0000][4280.071s][info][gc          ] GC(354) Pause Young (Normal) (G1 Evacuation Pause) 1033M->82M(1588M) 8.638ms
[2025-12-29T00:13:56.483+0000][4280.071s][info][gc,cpu      ] GC(354) User=0.01s Sys=0.01s Real=0.01s
[2025-12-29T00:14:10.940+0000][4294.528s][info][gc,start    ] GC(355) Pause Young (Normal) (G1 Evacuation Pause)
[2025-12-29T00:14:10.941+0000][4294.529s][info][gc,task     ] GC(355) Using 8 workers of 8 for evacuation
[2025-12-29T00:14:10.947+0000][4294.535s][info][gc,phases   ] GC(355)   Pre Evacuate Collection Set: 0.5ms
[2025-12-29T00:14:10.947+0000][4294.535s][info][gc,phases   ] GC(355)   Merge Heap Roots: 0.4ms
[2025-12-29T00:14:10.947+0000][4294.536s][info][gc,phases   ] GC(355)   Evacuate Collection Set: 2.1ms
[2025-12-29T00:14:10.948+0000][4294.536s][info][gc,phases   ] GC(355)   Post Evacuate Collection Set: 1.6ms
[2025-12-29T00:14:10.948+0000][4294.536s][info][gc,phases   ] GC(355)   Other: 2.4ms
[2025-12-29T00:14:10.948+0000][4294.536s][info][gc,heap     ] GC(355) Eden regions: 951->0(951)
[2025-12-29T00:14:10.948+0000][4294.536s][info][gc,heap     ] GC(355) Survivor regions: 1->1(119)
[2025-12-29T00:14:10.948+0000][4294.537s][info][gc,heap     ] GC(355) Old regions: 43->43
[2025-12-29T00:14:10.949+0000][4294.537s][info][gc,heap     ] GC(355) Archive regions: 2->2
[2025-12-29T00:14:10.949+0000][4294.537s][info][gc,heap     ] GC(355) Humongous regions: 39->39
[2025-12-29T00:14:10.949+0000][4294.537s][info][gc,metaspace] GC(355) Metaspace: 75430K(76224K)->75430K(76224K) NonClass: 65215K(65600K)->65215K(65600K) Class: 10215K(10624K)->10215K(10624K)
[2025-12-29T00:14:10.949+0000][4294.537s][info][gc          ] GC(355) Pause Young (Normal) (G1 Evacuation Pause) 1033M->82M(1588M) 9.282ms
[2025-12-29T00:14:10.949+0000][4294.538s][info][gc,cpu      ] GC(355) User=0.02s Sys=0.00s Real=0.01s
[2025-12-29T00:14:23.930+0000][4307.519s][info][gc,start    ] GC(356) Pause Young (Normal) (G1 Evacuation Pause)
[2025-12-29T00:14:23.931+0000][4307.520s][info][gc,task     ] GC(356) Using 8 workers of 8 for evacuation
[2025-12-29T00:14:23.936+0000][4307.525s][info][gc,phases   ] GC(356)   Pre Evacuate Collection Set: 0.5ms
[2025-12-29T00:14:23.937+0000][4307.525s][info][gc,phases   ] GC(356)   Merge Heap Roots: 0.3ms
[2025-12-29T00:14:23.937+0000][4307.525s][info][gc,phases   ] GC(356)   Evacuate Collection Set: 2.4ms
[2025-12-29T00:14:23.937+0000][4307.525s][info][gc,phases   ] GC(356)   Post Evacuate Collection Set: 1.4ms
[2025-12-29T00:14:23.937+0000][4307.525s][info][gc,phases   ] GC(356)   Other: 1.5ms
[2025-12-29T00:14:23.937+0000][4307.525s][info][gc,heap     ] GC(356) Eden regions: 951->0(951)
[2025-12-29T00:14:23.937+0000][4307.525s][info][gc,heap     ] GC(356) Survivor regions: 1->1(119)
[2025-12-29T00:14:23.937+0000][4307.525s][info][gc,heap     ] GC(356) Old regions: 43->43
[2025-12-29T00:14:23.937+0000][4307.525s][info][gc,heap     ] GC(356) Archive regions: 2->2
[2025-12-29T00:14:23.937+0000][4307.526s][info][gc,heap     ] GC(356) Humongous regions: 39->39
[2025-12-29T00:14:23.937+0000][4307.526s][info][gc,metaspace] GC(356) Metaspace: 75432K(76224K)->75432K(76224K) NonClass: 65217K(65600K)->65217K(65600K) Class: 10215K(10624K)->10215K(10624K)
[2025-12-29T00:14:23.938+0000][4307.526s][info][gc          ] GC(356) Pause Young (Normal) (G1 Evacuation Pause) 1033M->82M(1588M) 7.101ms
[2025-12-29T00:14:23.938+0000][4307.526s][info][gc,cpu      ] GC(356) User=0.02s Sys=0.00s Real=0.00s
[2025-12-29T00:14:36.985+0000][4320.573s][info][gc,start    ] GC(357) Pause Young (Normal) (G1 Evacuation Pause)
[2025-12-29T00:14:36.986+0000][4320.574s][info][gc,task     ] GC(357) Using 8 workers of 8 for evacuation
[2025-12-29T00:14:36.989+0000][4320.577s][info][gc,phases   ] GC(357)   Pre Evacuate Collection Set: 0.3ms
[2025-12-29T00:14:36.989+0000][4320.577s][info][gc,phases   ] GC(357)   Merge Heap Roots: 0.3ms
[2025-12-29T00:14:36.989+0000][4320.577s][info][gc,phases   ] GC(357)   Evacuate Collection Set: 1.2ms
[2025-12-29T00:14:36.989+0000][4320.577s][info][gc,phases   ] GC(357)   Post Evacuate Collection Set: 0.6ms
[2025-12-29T00:14:36.989+0000][4320.577s][info][gc,phases   ] GC(357)   Other: 1.4ms
[2025-12-29T00:14:36.989+0000][4320.578s][info][gc,heap     ] GC(357) Eden regions: 951->0(951)
[2025-12-29T00:14:36.990+0000][4320.578s][info][gc,heap     ] GC(357) Survivor regions: 1->1(119)
[2025-12-29T00:14:36.990+0000][4320.578s][info][gc,heap     ] GC(357) Old regions: 43->43
[2025-12-29T00:14:36.990+0000][4320.578s][info][gc,heap     ] GC(357) Archive regions: 2->2
[2025-12-29T00:14:36.990+0000][4320.578s][info][gc,heap     ] GC(357) Humongous regions: 39->39
[2025-12-29T00:14:36.990+0000][4320.578s][info][gc,metaspace] GC(357) Metaspace: 75432K(76224K)->75432K(76224K) NonClass: 65217K(65600K)->65217K(65600K) Class: 10215K(10624K)->10215K(10624K)
[2025-12-29T00:14:36.990+0000][4320.578s][info][gc          ] GC(357) Pause Young (Normal) (G1 Evacuation Pause) 1033M->82M(1588M) 5.218ms
[2025-12-29T00:14:36.990+0000][4320.579s][info][gc,cpu      ] GC(357) User=0.01s Sys=0.00s Real=0.01s
[2025-12-29T00:14:49.833+0000][4333.421s][info][gc,start    ] GC(358) Pause Young (Normal) (G1 Evacuation Pause)
[2025-12-29T00:14:49.833+0000][4333.422s][info][gc,task     ] GC(358) Using 8 workers of 8 for evacuation
[2025-12-29T00:14:49.835+0000][4333.423s][info][gc,phases   ] GC(358)   Pre Evacuate Collection Set: 0.3ms
[2025-12-29T00:14:49.835+0000][4333.424s][info][gc,phases   ] GC(358)   Merge Heap Roots: 0.1ms
[2025-12-29T00:14:49.836+0000][4333.424s][info][gc,phases   ] GC(358)   Evacuate Collection Set: 0.9ms
[2025-12-29T00:14:49.836+0000][4333.424s][info][gc,phases   ] GC(358)   Post Evacuate Collection Set: 0.5ms
[2025-12-29T00:14:49.836+0000][4333.424s][info][gc,phases   ] GC(358)   Other: 1.2ms
[2025-12-29T00:14:49.836+0000][4333.424s][info][gc,heap     ] GC(358) Eden regions: 951->0(951)
[2025-12-29T00:14:49.836+0000][4333.424s][info][gc,heap     ] GC(358) Survivor regions: 1->1(119)
[2025-12-29T00:14:49.836+0000][4333.424s][info][gc,heap     ] GC(358) Old regions: 43->43
[2025-12-29T00:14:49.836+0000][4333.424s][info][gc,heap     ] GC(358) Archive regions: 2->2
[2025-12-29T00:14:49.836+0000][4333.424s][info][gc,heap     ] GC(358) Humongous regions: 39->39
[2025-12-29T00:14:49.836+0000][4333.424s][info][gc,metaspace] GC(358) Metaspace: 75432K(76224K)->75432K(76224K) NonClass: 65217K(65600K)->65217K(65600K) Class: 10215K(10624K)->10215K(10624K)
[2025-12-29T00:14:49.836+0000][4333.424s][info][gc          ] GC(358) Pause Young (Normal) (G1 Evacuation Pause) 1033M->82M(1588M) 3.627ms
[2025-12-29T00:14:49.836+0000][4333.424s][info][gc,cpu      ] GC(358) User=0.00s Sys=0.00s Real=0.00s
[2025-12-29T00:15:02.751+0000][4346.339s][info][gc,start    ] GC(359) Pause Young (Normal) (G1 Evacuation Pause)
[2025-12-29T00:15:02.752+0000][4346.340s][info][gc,task     ] GC(359) Using 8 workers of 8 for evacuation
[2025-12-29T00:15:02.755+0000][4346.343s][info][gc,phases   ] GC(359)   Pre Evacuate Collection Set: 0.2ms
[2025-12-29T00:15:02.755+0000][4346.343s][info][gc,phases   ] GC(359)   Merge Heap Roots: 0.2ms
[2025-12-29T00:15:02.755+0000][4346.343s][info][gc,phases   ] GC(359)   Evacuate Collection Set: 1.3ms
[2025-12-29T00:15:02.755+0000][4346.343s][info][gc,phases   ] GC(359)   Post Evacuate Collection Set: 0.7ms
[2025-12-29T00:15:02.755+0000][4346.343s][info][gc,phases   ] GC(359)   Other: 1.6ms
[2025-12-29T00:15:02.755+0000][4346.343s][info][gc,heap     ] GC(359) Eden regions: 951->0(951)
[2025-12-29T00:15:02.755+0000][4346.344s][info][gc,heap     ] GC(359) Survivor regions: 1->1(119)
[2025-12-29T00:15:02.755+0000][4346.344s][info][gc,heap     ] GC(359) Old regions: 43->43
[2025-12-29T00:15:02.756+0000][4346.344s][info][gc,heap     ] GC(359) Archive regions: 2->2
[2025-12-29T00:15:02.756+0000][4346.344s][info][gc,heap     ] GC(359) Humongous regions: 39->39
[2025-12-29T00:15:02.756+0000][4346.344s][info][gc,metaspace] GC(359) Metaspace: 75432K(76224K)->75432K(76224K) NonClass: 65217K(65600K)->65217K(65600K) Class: 10215K(10624K)->10215K(10624K)
[2025-12-29T00:15:02.756+0000][4346.344s][info][gc          ] GC(359) Pause Young (Normal) (G1 Evacuation Pause) 1033M->82M(1588M) 4.968ms
[2025-12-29T00:15:02.756+0000][4346.344s][info][gc,cpu      ] GC(359) User=0.01s Sys=0.00s Real=0.00s
[2025-12-29T00:15:15.602+0000][4359.191s][info][gc,start    ] GC(360) Pause Young (Normal) (G1 Evacuation Pause)
[2025-12-29T00:15:15.603+0000][4359.192s][info][gc,task     ] GC(360) Using 8 workers of 8 for evacuation
[2025-12-29T00:15:15.607+0000][4359.196s][info][gc,phases   ] GC(360)   Pre Evacuate Collection Set: 0.4ms
[2025-12-29T00:15:15.608+0000][4359.196s][info][gc,phases   ] GC(360)   Merge Heap Roots: 0.3ms
[2025-12-29T00:15:15.608+0000][4359.196s][info][gc,phases   ] GC(360)   Evacuate Collection Set: 2.1ms
[2025-12-29T00:15:15.608+0000][4359.196s][info][gc,phases   ] GC(360)   Post Evacuate Collection Set: 0.8ms
[2025-12-29T00:15:15.608+0000][4359.196s][info][gc,phases   ] GC(360)   Other: 1.5ms
[2025-12-29T00:15:15.608+0000][4359.196s][info][gc,heap     ] GC(360) Eden regions: 951->0(951)
[2025-12-29T00:15:15.608+0000][4359.197s][info][gc,heap     ] GC(360) Survivor regions: 1->1(119)
[2025-12-29T00:15:15.609+0000][4359.197s][info][gc,heap     ] GC(360) Old regions: 43->43
[2025-12-29T00:15:15.609+0000][4359.197s][info][gc,heap     ] GC(360) Archive regions: 2->2
[2025-12-29T00:15:15.609+0000][4359.197s][info][gc,heap     ] GC(360) Humongous regions: 39->39
[2025-12-29T00:15:15.609+0000][4359.197s][info][gc,metaspace] GC(360) Metaspace: 75432K(76224K)->75432K(76224K) NonClass: 65217K(65600K)->65217K(65600K) Class: 10215K(10624K)->10215K(10624K)
[2025-12-29T00:15:15.609+0000][4359.198s][info][gc          ] GC(360) Pause Young (Normal) (G1 Evacuation Pause) 1033M->82M(1588M) 7.002ms
[2025-12-29T00:15:15.610+0000][4359.198s][info][gc,cpu      ] GC(360) User=0.01s Sys=0.00s Real=0.00s
[2025-12-29T00:15:28.237+0000][4371.825s][info][gc,start    ] GC(361) Pause Young (Normal) (G1 Evacuation Pause)
[2025-12-29T00:15:28.238+0000][4371.827s][info][gc,task     ] GC(361) Using 8 workers of 8 for evacuation
[2025-12-29T00:15:28.244+0000][4371.833s][info][gc,phases   ] GC(361)   Pre Evacuate Collection Set: 0.6ms
[2025-12-29T00:15:28.245+0000][4371.833s][info][gc,phases   ] GC(361)   Merge Heap Roots: 0.4ms
[2025-12-29T00:15:28.245+0000][4371.833s][info][gc,phases   ] GC(361)   Evacuate Collection Set: 2.8ms
[2025-12-29T00:15:28.245+0000][4371.833s][info][gc,phases   ] GC(361)   Post Evacuate Collection Set: 1.8ms
[2025-12-29T00:15:28.245+0000][4371.833s][info][gc,phases   ] GC(361)   Other: 2.0ms
[2025-12-29T00:15:28.245+0000][4371.833s][info][gc,heap     ] GC(361) Eden regions: 951->0(951)
[2025-12-29T00:15:28.245+0000][4371.834s][info][gc,heap     ] GC(361) Survivor regions: 1->1(119)
[2025-12-29T00:15:28.246+0000][4371.834s][info][gc,heap     ] GC(361) Old regions: 43->43
[2025-12-29T00:15:28.246+0000][4371.834s][info][gc,heap     ] GC(361) Archive regions: 2->2
[2025-12-29T00:15:28.246+0000][4371.834s][info][gc,heap     ] GC(361) Humongous regions: 39->39
[2025-12-29T00:15:28.246+0000][4371.834s][info][gc,metaspace] GC(361) Metaspace: 75432K(76224K)->75432K(76224K) NonClass: 65217K(65600K)->65217K(65600K) Class: 10215K(10624K)->10215K(10624K)
[2025-12-29T00:15:28.246+0000][4371.834s][info][gc          ] GC(361) Pause Young (Normal) (G1 Evacuation Pause) 1033M->82M(1588M) 9.184ms
[2025-12-29T00:15:28.246+0000][4371.835s][info][gc,cpu      ] GC(361) User=0.03s Sys=0.00s Real=0.01s
[2025-12-29T00:15:41.206+0000][4384.794s][info][gc,start    ] GC(362) Pause Young (Normal) (G1 Evacuation Pause)
[2025-12-29T00:15:41.206+0000][4384.794s][info][gc,task     ] GC(362) Using 8 workers of 8 for evacuation
[2025-12-29T00:15:41.209+0000][4384.797s][info][gc,phases   ] GC(362)   Pre Evacuate Collection Set: 0.3ms
[2025-12-29T00:15:41.209+0000][4384.797s][info][gc,phases   ] GC(362)   Merge Heap Roots: 0.3ms
[2025-12-29T00:15:41.209+0000][4384.797s][info][gc,phases   ] GC(362)   Evacuate Collection Set: 1.1ms
[2025-12-29T00:15:41.209+0000][4384.797s][info][gc,phases   ] GC(362)   Post Evacuate Collection Set: 0.6ms
[2025-12-29T00:15:41.209+0000][4384.797s][info][gc,phases   ] GC(362)   Other: 0.9ms
[2025-12-29T00:15:41.209+0000][4384.798s][info][gc,heap     ] GC(362) Eden regions: 951->0(951)
[2025-12-29T00:15:41.209+0000][4384.798s][info][gc,heap     ] GC(362) Survivor regions: 1->1(119)
[2025-12-29T00:15:41.210+0000][4384.798s][info][gc,heap     ] GC(362) Old regions: 43->43
[2025-12-29T00:15:41.210+0000][4384.798s][info][gc,heap     ] GC(362) Archive regions: 2->2
[2025-12-29T00:15:41.210+0000][4384.798s][info][gc,heap     ] GC(362) Humongous regions: 39->39
[2025-12-29T00:15:41.210+0000][4384.798s][info][gc,metaspace] GC(362) Metaspace: 75432K(76224K)->75432K(76224K) NonClass: 65217K(65600K)->65217K(65600K) Class: 10215K(10624K)->10215K(10624K)
[2025-12-29T00:15:41.210+0000][4384.798s][info][gc          ] GC(362) Pause Young (Normal) (G1 Evacuation Pause) 1033M->82M(1588M) 4.230ms
[2025-12-29T00:15:41.210+0000][4384.798s][info][gc,cpu      ] GC(362) User=0.01s Sys=0.00s Real=0.01s
[2025-12-29T00:15:55.934+0000][4399.523s][info][gc,start    ] GC(363) Pause Young (Normal) (G1 Evacuation Pause)
[2025-12-29T00:15:55.936+0000][4399.524s][info][gc,task     ] GC(363) Using 8 workers of 8 for evacuation
[2025-12-29T00:15:55.939+0000][4399.527s][info][gc,phases   ] GC(363)   Pre Evacuate Collection Set: 0.4ms
[2025-12-29T00:15:55.939+0000][4399.527s][info][gc,phases   ] GC(363)   Merge Heap Roots: 0.3ms
[2025-12-29T00:15:55.939+0000][4399.527s][info][gc,phases   ] GC(363)   Evacuate Collection Set: 1.2ms
[2025-12-29T00:15:55.939+0000][4399.527s][info][gc,phases   ] GC(363)   Post Evacuate Collection Set: 0.7ms
[2025-12-29T00:15:55.939+0000][4399.528s][info][gc,phases   ] GC(363)   Other: 2.1ms
[2025-12-29T00:15:55.939+0000][4399.528s][info][gc,heap     ] GC(363) Eden regions: 951->0(951)
[2025-12-29T00:15:55.940+0000][4399.528s][info][gc,heap     ] GC(363) Survivor regions: 1->1(119)
[2025-12-29T00:15:55.940+0000][4399.528s][info][gc,heap     ] GC(363) Old regions: 43->43
[2025-12-29T00:15:55.940+0000][4399.528s][info][gc,heap     ] GC(363) Archive regions: 2->2
[2025-12-29T00:15:55.940+0000][4399.528s][info][gc,heap     ] GC(363) Humongous regions: 39->39
[2025-12-29T00:15:55.940+0000][4399.528s][info][gc,metaspace] GC(363) Metaspace: 75432K(76224K)->75432K(76224K) NonClass: 65217K(65600K)->65217K(65600K) Class: 10215K(10624K)->10215K(10624K)
[2025-12-29T00:15:55.940+0000][4399.529s][info][gc          ] GC(363) Pause Young (Normal) (G1 Evacuation Pause) 1033M->82M(1588M) 6.010ms
[2025-12-29T00:15:55.941+0000][4399.529s][info][gc,cpu      ] GC(363) User=0.01s Sys=0.00s Real=0.01s
[2025-12-29T00:16:08.813+0000][4412.401s][info][gc,start    ] GC(364) Pause Young (Normal) (G1 Evacuation Pause)
[2025-12-29T00:16:08.814+0000][4412.402s][info][gc,task     ] GC(364) Using 8 workers of 8 for evacuation
[2025-12-29T00:16:08.816+0000][4412.404s][info][gc,phases   ] GC(364)   Pre Evacuate Collection Set: 0.3ms
[2025-12-29T00:16:08.816+0000][4412.405s][info][gc,phases   ] GC(364)   Merge Heap Roots: 0.2ms
[2025-12-29T00:16:08.817+0000][4412.405s][info][gc,phases   ] GC(364)   Evacuate Collection Set: 1.3ms
[2025-12-29T00:16:08.817+0000][4412.405s][info][gc,phases   ] GC(364)   Post Evacuate Collection Set: 0.5ms
[2025-12-29T00:16:08.817+0000][4412.405s][info][gc,phases   ] GC(364)   Other: 0.9ms
[2025-12-29T00:16:08.817+0000][4412.405s][info][gc,heap     ] GC(364) Eden regions: 951->0(951)
[2025-12-29T00:16:08.817+0000][4412.405s][info][gc,heap     ] GC(364) Survivor regions: 1->1(119)
[2025-12-29T00:16:08.817+0000][4412.405s][info][gc,heap     ] GC(364) Old regions: 43->43
[2025-12-29T00:16:08.817+0000][4412.405s][info][gc,heap     ] GC(364) Archive regions: 2->2
[2025-12-29T00:16:08.817+0000][4412.405s][info][gc,heap     ] GC(364) Humongous regions: 39->39
[2025-12-29T00:16:08.817+0000][4412.405s][info][gc,metaspace] GC(364) Metaspace: 75432K(76224K)->75432K(76224K) NonClass: 65217K(65600K)->65217K(65600K) Class: 10215K(10624K)->10215K(10624K)
[2025-12-29T00:16:08.817+0000][4412.405s][info][gc          ] GC(364) Pause Young (Normal) (G1 Evacuation Pause) 1033M->82M(1588M) 4.031ms
[2025-12-29T00:16:08.817+0000][4412.406s][info][gc,cpu      ] GC(364) User=0.00s Sys=0.00s Real=0.00s
[2025-12-29T00:16:21.972+0000][4425.560s][info][gc,start    ] GC(365) Pause Young (Normal) (G1 Evacuation Pause)
[2025-12-29T00:16:21.973+0000][4425.561s][info][gc,task     ] GC(365) Using 8 workers of 8 for evacuation
[2025-12-29T00:16:21.978+0000][4425.566s][info][gc,phases   ] GC(365)   Pre Evacuate Collection Set: 0.4ms
[2025-12-29T00:16:21.978+0000][4425.566s][info][gc,phases   ] GC(365)   Merge Heap Roots: 0.2ms
[2025-12-29T00:16:21.978+0000][4425.566s][info][gc,phases   ] GC(365)   Evacuate Collection Set: 2.3ms
[2025-12-29T00:16:21.978+0000][4425.566s][info][gc,phases   ] GC(365)   Post Evacuate Collection Set: 1.4ms
[2025-12-29T00:16:21.978+0000][4425.567s][info][gc,phases   ] GC(365)   Other: 2.1ms
[2025-12-29T00:16:21.978+0000][4425.567s][info][gc,heap     ] GC(365) Eden regions: 951->0(951)
[2025-12-29T00:16:21.978+0000][4425.567s][info][gc,heap     ] GC(365) Survivor regions: 1->1(119)
[2025-12-29T00:16:21.979+0000][4425.567s][info][gc,heap     ] GC(365) Old regions: 43->43
[2025-12-29T00:16:21.979+0000][4425.567s][info][gc,heap     ] GC(365) Archive regions: 2->2
[2025-12-29T00:16:21.979+0000][4425.567s][info][gc,heap     ] GC(365) Humongous regions: 39->39
[2025-12-29T00:16:21.979+0000][4425.567s][info][gc,metaspace] GC(365) Metaspace: 75432K(76224K)->75432K(76224K) NonClass: 65217K(65600K)->65217K(65600K) Class: 10215K(10624K)->10215K(10624K)
[2025-12-29T00:16:21.979+0000][4425.567s][info][gc          ] GC(365) Pause Young (Normal) (G1 Evacuation Pause) 1033M->82M(1588M) 7.085ms
[2025-12-29T00:16:21.979+0000][4425.567s][info][gc,cpu      ] GC(365) User=0.01s Sys=0.00s Real=0.00s
[2025-12-29T00:16:34.682+0000][4438.270s][info][gc,start    ] GC(366) Pause Young (Normal) (G1 Evacuation Pause)
[2025-12-29T00:16:34.682+0000][4438.271s][info][gc,task     ] GC(366) Using 8 workers of 8 for evacuation
[2025-12-29T00:16:34.686+0000][4438.274s][info][gc,phases   ] GC(366)   Pre Evacuate Collection Set: 0.3ms
[2025-12-29T00:16:34.686+0000][4438.274s][info][gc,phases   ] GC(366)   Merge Heap Roots: 0.2ms
[2025-12-29T00:16:34.686+0000][4438.274s][info][gc,phases   ] GC(366)   Evacuate Collection Set: 1.9ms
[2025-12-29T00:16:34.686+0000][4438.274s][info][gc,phases   ] GC(366)   Post Evacuate Collection Set: 0.9ms
[2025-12-29T00:16:34.686+0000][4438.274s][info][gc,phases   ] GC(366)   Other: 0.7ms
[2025-12-29T00:16:34.686+0000][4438.274s][info][gc,heap     ] GC(366) Eden regions: 951->0(951)
[2025-12-29T00:16:34.686+0000][4438.274s][info][gc,heap     ] GC(366) Survivor regions: 1->1(119)
[2025-12-29T00:16:34.686+0000][4438.274s][info][gc,heap     ] GC(366) Old regions: 43->43
[2025-12-29T00:16:34.686+0000][4438.274s][info][gc,heap     ] GC(366) Archive regions: 2->2
[2025-12-29T00:16:34.686+0000][4438.274s][info][gc,heap     ] GC(366) Humongous regions: 39->39
[2025-12-29T00:16:34.686+0000][4438.274s][info][gc,metaspace] GC(366) Metaspace: 75433K(76224K)->75433K(76224K) NonClass: 65218K(65600K)->65218K(65600K) Class: 10215K(10624K)->10215K(10624K)
[2025-12-29T00:16:34.686+0000][4438.274s][info][gc          ] GC(366) Pause Young (Normal) (G1 Evacuation Pause) 1033M->82M(1588M) 4.422ms
[2025-12-29T00:16:34.686+0000][4438.275s][info][gc,cpu      ] GC(366) User=0.01s Sys=0.01s Real=0.00s
[2025-12-29T00:16:47.819+0000][4451.407s][info][gc,start    ] GC(367) Pause Young (Normal) (G1 Evacuation Pause)
[2025-12-29T00:16:47.820+0000][4451.408s][info][gc,task     ] GC(367) Using 8 workers of 8 for evacuation
[2025-12-29T00:16:47.823+0000][4451.411s][info][gc,phases   ] GC(367)   Pre Evacuate Collection Set: 0.4ms
[2025-12-29T00:16:47.823+0000][4451.411s][info][gc,phases   ] GC(367)   Merge Heap Roots: 0.2ms
[2025-12-29T00:16:47.823+0000][4451.412s][info][gc,phases   ] GC(367)   Evacuate Collection Set: 1.6ms
[2025-12-29T00:16:47.824+0000][4451.412s][info][gc,phases   ] GC(367)   Post Evacuate Collection Set: 0.8ms
[2025-12-29T00:16:47.824+0000][4451.412s][info][gc,phases   ] GC(367)   Other: 1.2ms
[2025-12-29T00:16:47.824+0000][4451.412s][info][gc,heap     ] GC(367) Eden regions: 951->0(951)
[2025-12-29T00:16:47.824+0000][4451.412s][info][gc,heap     ] GC(367) Survivor regions: 1->1(119)
[2025-12-29T00:16:47.824+0000][4451.412s][info][gc,heap     ] GC(367) Old regions: 43->43
[2025-12-29T00:16:47.824+0000][4451.412s][info][gc,heap     ] GC(367) Archive regions: 2->2
[2025-12-29T00:16:47.824+0000][4451.412s][info][gc,heap     ] GC(367) Humongous regions: 39->39
[2025-12-29T00:16:47.824+0000][4451.413s][info][gc,metaspace] GC(367) Metaspace: 75433K(76224K)->75433K(76224K) NonClass: 65218K(65600K)->65218K(65600K) Class: 10215K(10624K)->10215K(10624K)
[2025-12-29T00:16:47.825+0000][4451.413s][info][gc          ] GC(367) Pause Young (Normal) (G1 Evacuation Pause) 1033M->83M(1588M) 5.544ms
[2025-12-29T00:16:47.825+0000][4451.413s][info][gc,cpu      ] GC(367) User=0.01s Sys=0.01s Real=0.01s
[2025-12-29T00:17:00.595+0000][4464.184s][info][gc,start    ] GC(368) Pause Young (Normal) (G1 Evacuation Pause)
[2025-12-29T00:17:00.596+0000][4464.185s][info][gc,task     ] GC(368) Using 8 workers of 8 for evacuation
[2025-12-29T00:17:00.599+0000][4464.187s][info][gc,phases   ] GC(368)   Pre Evacuate Collection Set: 0.3ms
[2025-12-29T00:17:00.599+0000][4464.187s][info][gc,phases   ] GC(368)   Merge Heap Roots: 0.2ms
[2025-12-29T00:17:00.599+0000][4464.187s][info][gc,phases   ] GC(368)   Evacuate Collection Set: 1.1ms
[2025-12-29T00:17:00.599+0000][4464.187s][info][gc,phases   ] GC(368)   Post Evacuate Collection Set: 0.5ms
[2025-12-29T00:17:00.599+0000][4464.187s][info][gc,phases   ] GC(368)   Other: 1.3ms
[2025-12-29T00:17:00.599+0000][4464.188s][info][gc,heap     ] GC(368) Eden regions: 951->0(951)
[2025-12-29T00:17:00.599+0000][4464.188s][info][gc,heap     ] GC(368) Survivor regions: 1->1(119)
[2025-12-29T00:17:00.600+0000][4464.188s][info][gc,heap     ] GC(368) Old regions: 43->43
[2025-12-29T00:17:00.600+0000][4464.188s][info][gc,heap     ] GC(368) Archive regions: 2->2
[2025-12-29T00:17:00.600+0000][4464.188s][info][gc,heap     ] GC(368) Humongous regions: 39->39
[2025-12-29T00:17:00.600+0000][4464.188s][info][gc,metaspace] GC(368) Metaspace: 75433K(76224K)->75433K(76224K) NonClass: 65218K(65600K)->65218K(65600K) Class: 10215K(10624K)->10215K(10624K)
[2025-12-29T00:17:00.600+0000][4464.188s][info][gc          ] GC(368) Pause Young (Normal) (G1 Evacuation Pause) 1034M->83M(1588M) 4.585ms
[2025-12-29T00:17:00.600+0000][4464.188s][info][gc,cpu      ] GC(368) User=0.02s Sys=0.00s Real=0.01s
[2025-12-29T00:17:13.390+0000][4476.978s][info][gc,start    ] GC(369) Pause Young (Normal) (G1 Evacuation Pause)
[2025-12-29T00:17:13.390+0000][4476.979s][info][gc,task     ] GC(369) Using 8 workers of 8 for evacuation
[2025-12-29T00:17:13.392+0000][4476.980s][info][gc,phases   ] GC(369)   Pre Evacuate Collection Set: 0.1ms
[2025-12-29T00:17:13.392+0000][4476.981s][info][gc,phases   ] GC(369)   Merge Heap Roots: 0.2ms
[2025-12-29T00:17:13.392+0000][4476.981s][info][gc,phases   ] GC(369)   Evacuate Collection Set: 0.9ms
[2025-12-29T00:17:13.393+0000][4476.981s][info][gc,phases   ] GC(369)   Post Evacuate Collection Set: 0.4ms
[2025-12-29T00:17:13.393+0000][4476.981s][info][gc,phases   ] GC(369)   Other: 0.7ms
[2025-12-29T00:17:13.393+0000][4476.981s][info][gc,heap     ] GC(369) Eden regions: 951->0(951)
[2025-12-29T00:17:13.393+0000][4476.981s][info][gc,heap     ] GC(369) Survivor regions: 1->1(119)
[2025-12-29T00:17:13.393+0000][4476.981s][info][gc,heap     ] GC(369) Old regions: 43->43
[2025-12-29T00:17:13.393+0000][4476.981s][info][gc,heap     ] GC(369) Archive regions: 2->2
[2025-12-29T00:17:13.393+0000][4476.981s][info][gc,heap     ] GC(369) Humongous regions: 39->39
[2025-12-29T00:17:13.393+0000][4476.981s][info][gc,metaspace] GC(369) Metaspace: 75438K(76224K)->75438K(76224K) NonClass: 65223K(65600K)->65223K(65600K) Class: 10215K(10624K)->10215K(10624K)
[2025-12-29T00:17:13.393+0000][4476.981s][info][gc          ] GC(369) Pause Young (Normal) (G1 Evacuation Pause) 1034M->83M(1588M) 3.210ms
[2025-12-29T00:17:13.393+0000][4476.982s][info][gc,cpu      ] GC(369) User=0.01s Sys=0.00s Real=0.01s
[2025-12-29T00:17:26.076+0000][4489.664s][info][gc,start    ] GC(370) Pause Young (Normal) (G1 Evacuation Pause)
[2025-12-29T00:17:26.078+0000][4489.666s][info][gc,task     ] GC(370) Using 8 workers of 8 for evacuation
[2025-12-29T00:17:26.080+0000][4489.669s][info][gc,phases   ] GC(370)   Pre Evacuate Collection Set: 0.3ms
[2025-12-29T00:17:26.080+0000][4489.669s][info][gc,phases   ] GC(370)   Merge Heap Roots: 0.2ms
[2025-12-29T00:17:26.081+0000][4489.669s][info][gc,phases   ] GC(370)   Evacuate Collection Set: 1.4ms
[2025-12-29T00:17:26.081+0000][4489.669s][info][gc,phases   ] GC(370)   Post Evacuate Collection Set: 0.7ms
[2025-12-29T00:17:26.081+0000][4489.669s][info][gc,phases   ] GC(370)   Other: 2.1ms
[2025-12-29T00:17:26.081+0000][4489.669s][info][gc,heap     ] GC(370) Eden regions: 951->0(951)
[2025-12-29T00:17:26.081+0000][4489.669s][info][gc,heap     ] GC(370) Survivor regions: 1->1(119)
[2025-12-29T00:17:26.081+0000][4489.669s][info][gc,heap     ] GC(370) Old regions: 43->43
[2025-12-29T00:17:26.081+0000][4489.669s][info][gc,heap     ] GC(370) Archive regions: 2->2
[2025-12-29T00:17:26.081+0000][4489.669s][info][gc,heap     ] GC(370) Humongous regions: 39->39
[2025-12-29T00:17:26.081+0000][4489.670s][info][gc,metaspace] GC(370) Metaspace: 75438K(76224K)->75438K(76224K) NonClass: 65223K(65600K)->65223K(65600K) Class: 10215K(10624K)->10215K(10624K)
[2025-12-29T00:17:26.081+0000][4489.670s][info][gc          ] GC(370) Pause Young (Normal) (G1 Evacuation Pause) 1034M->83M(1588M) 5.737ms
[2025-12-29T00:17:26.082+0000][4489.670s][info][gc,cpu      ] GC(370) User=0.02s Sys=0.01s Real=0.01s
[2025-12-29T00:17:40.743+0000][4504.332s][info][gc,start    ] GC(371) Pause Young (Normal) (G1 Evacuation Pause)
[2025-12-29T00:17:40.745+0000][4504.333s][info][gc,task     ] GC(371) Using 8 workers of 8 for evacuation
[2025-12-29T00:17:40.749+0000][4504.337s][info][gc,phases   ] GC(371)   Pre Evacuate Collection Set: 0.3ms
[2025-12-29T00:17:40.749+0000][4504.337s][info][gc,phases   ] GC(371)   Merge Heap Roots: 0.3ms
[2025-12-29T00:17:40.749+0000][4504.337s][info][gc,phases   ] GC(371)   Evacuate Collection Set: 1.3ms
[2025-12-29T00:17:40.749+0000][4504.337s][info][gc,phases   ] GC(371)   Post Evacuate Collection Set: 1.0ms
[2025-12-29T00:17:40.749+0000][4504.338s][info][gc,phases   ] GC(371)   Other: 2.8ms
[2025-12-29T00:17:40.750+0000][4504.338s][info][gc,heap     ] GC(371) Eden regions: 951->0(951)
[2025-12-29T00:17:40.750+0000][4504.338s][info][gc,heap     ] GC(371) Survivor regions: 1->1(119)
[2025-12-29T00:17:40.750+0000][4504.338s][info][gc,heap     ] GC(371) Old regions: 43->43
[2025-12-29T00:17:40.750+0000][4504.338s][info][gc,heap     ] GC(371) Archive regions: 2->2
[2025-12-29T00:17:40.750+0000][4504.338s][info][gc,heap     ] GC(371) Humongous regions: 39->39
[2025-12-29T00:17:40.750+0000][4504.339s][info][gc,metaspace] GC(371) Metaspace: 75438K(76224K)->75438K(76224K) NonClass: 65223K(65600K)->65223K(65600K) Class: 10215K(10624K)->10215K(10624K)
[2025-12-29T00:17:40.751+0000][4504.339s][info][gc          ] GC(371) Pause Young (Normal) (G1 Evacuation Pause) 1034M->83M(1588M) 7.191ms
[2025-12-29T00:17:40.751+0000][4504.339s][info][gc,cpu      ] GC(371) User=0.01s Sys=0.01s Real=0.01s
[2025-12-29T00:17:53.713+0000][4517.302s][info][gc,start    ] GC(372) Pause Young (Normal) (G1 Evacuation Pause)
[2025-12-29T00:17:53.715+0000][4517.303s][info][gc,task     ] GC(372) Using 8 workers of 8 for evacuation
[2025-12-29T00:17:53.720+0000][4517.308s][info][gc,phases   ] GC(372)   Pre Evacuate Collection Set: 0.5ms
[2025-12-29T00:17:53.720+0000][4517.308s][info][gc,phases   ] GC(372)   Merge Heap Roots: 0.3ms
[2025-12-29T00:17:53.720+0000][4517.308s][info][gc,phases   ] GC(372)   Evacuate Collection Set: 2.8ms
[2025-12-29T00:17:53.720+0000][4517.308s][info][gc,phases   ] GC(372)   Post Evacuate Collection Set: 1.2ms
[2025-12-29T00:17:53.720+0000][4517.308s][info][gc,phases   ] GC(372)   Other: 1.6ms
[2025-12-29T00:17:53.720+0000][4517.309s][info][gc,heap     ] GC(372) Eden regions: 951->0(951)
[2025-12-29T00:17:53.720+0000][4517.309s][info][gc,heap     ] GC(372) Survivor regions: 1->1(119)
[2025-12-29T00:17:53.721+0000][4517.309s][info][gc,heap     ] GC(372) Old regions: 43->43
[2025-12-29T00:17:53.721+0000][4517.309s][info][gc,heap     ] GC(372) Archive regions: 2->2
[2025-12-29T00:17:53.721+0000][4517.309s][info][gc,heap     ] GC(372) Humongous regions: 39->39
[2025-12-29T00:17:53.721+0000][4517.309s][info][gc,metaspace] GC(372) Metaspace: 75438K(76224K)->75438K(76224K) NonClass: 65223K(65600K)->65223K(65600K) Class: 10215K(10624K)->10215K(10624K)
[2025-12-29T00:17:53.721+0000][4517.309s][info][gc          ] GC(372) Pause Young (Normal) (G1 Evacuation Pause) 1034M->83M(1588M) 7.359ms
[2025-12-29T00:17:53.721+0000][4517.309s][info][gc,cpu      ] GC(372) User=0.02s Sys=0.00s Real=0.01s
[2025-12-29T00:18:06.912+0000][4530.500s][info][gc,start    ] GC(373) Pause Young (Normal) (G1 Evacuation Pause)
[2025-12-29T00:18:06.913+0000][4530.501s][info][gc,task     ] GC(373) Using 8 workers of 8 for evacuation
[2025-12-29T00:18:06.918+0000][4530.506s][info][gc,phases   ] GC(373)   Pre Evacuate Collection Set: 0.3ms
[2025-12-29T00:18:06.918+0000][4530.507s][info][gc,phases   ] GC(373)   Merge Heap Roots: 0.1ms
[2025-12-29T00:18:06.919+0000][4530.507s][info][gc,phases   ] GC(373)   Evacuate Collection Set: 1.4ms
[2025-12-29T00:18:06.919+0000][4530.507s][info][gc,phases   ] GC(373)   Post Evacuate Collection Set: 3.0ms
[2025-12-29T00:18:06.919+0000][4530.507s][info][gc,phases   ] GC(373)   Other: 1.5ms
[2025-12-29T00:18:06.919+0000][4530.507s][info][gc,heap     ] GC(373) Eden regions: 951->0(951)
[2025-12-29T00:18:06.919+0000][4530.508s][info][gc,heap     ] GC(373) Survivor regions: 1->1(119)
[2025-12-29T00:18:06.919+0000][4530.508s][info][gc,heap     ] GC(373) Old regions: 43->43
[2025-12-29T00:18:06.919+0000][4530.508s][info][gc,heap     ] GC(373) Archive regions: 2->2
[2025-12-29T00:18:06.920+0000][4530.508s][info][gc,heap     ] GC(373) Humongous regions: 39->39
[2025-12-29T00:18:06.920+0000][4530.508s][info][gc,metaspace] GC(373) Metaspace: 75438K(76224K)->75438K(76224K) NonClass: 65223K(65600K)->65223K(65600K) Class: 10215K(10624K)->10215K(10624K)
[2025-12-29T00:18:06.920+0000][4530.508s][info][gc          ] GC(373) Pause Young (Normal) (G1 Evacuation Pause) 1034M->83M(1588M) 7.962ms
[2025-12-29T00:18:06.920+0000][4530.508s][info][gc,cpu      ] GC(373) User=0.01s Sys=0.01s Real=0.00s
[2025-12-29T00:18:19.821+0000][4543.410s][info][gc,start    ] GC(374) Pause Young (Normal) (G1 Evacuation Pause)
[2025-12-29T00:18:19.822+0000][4543.410s][info][gc,task     ] GC(374) Using 8 workers of 8 for evacuation
[2025-12-29T00:18:19.825+0000][4543.413s][info][gc,phases   ] GC(374)   Pre Evacuate Collection Set: 0.3ms
[2025-12-29T00:18:19.825+0000][4543.414s][info][gc,phases   ] GC(374)   Merge Heap Roots: 0.3ms
[2025-12-29T00:18:19.825+0000][4543.414s][info][gc,phases   ] GC(374)   Evacuate Collection Set: 1.4ms
[2025-12-29T00:18:19.826+0000][4543.414s][info][gc,phases   ] GC(374)   Post Evacuate Collection Set: 0.7ms
[2025-12-29T00:18:19.826+0000][4543.414s][info][gc,phases   ] GC(374)   Other: 1.2ms
[2025-12-29T00:18:19.826+0000][4543.414s][info][gc,heap     ] GC(374) Eden regions: 951->0(951)
[2025-12-29T00:18:19.826+0000][4543.414s][info][gc,heap     ] GC(374) Survivor regions: 1->1(119)
[2025-12-29T00:18:19.826+0000][4543.414s][info][gc,heap     ] GC(374) Old regions: 43->43
[2025-12-29T00:18:19.826+0000][4543.414s][info][gc,heap     ] GC(374) Archive regions: 2->2
[2025-12-29T00:18:19.826+0000][4543.415s][info][gc,heap     ] GC(374) Humongous regions: 39->39
[2025-12-29T00:18:19.826+0000][4543.415s][info][gc,metaspace] GC(374) Metaspace: 75438K(76224K)->75438K(76224K) NonClass: 65223K(65600K)->65223K(65600K) Class: 10215K(10624K)->10215K(10624K)
[2025-12-29T00:18:19.827+0000][4543.415s][info][gc          ] GC(374) Pause Young (Normal) (G1 Evacuation Pause) 1034M->83M(1588M) 5.156ms
[2025-12-29T00:18:19.827+0000][4543.415s][info][gc,cpu      ] GC(374) User=0.01s Sys=0.00s Real=0.00s
[2025-12-29T00:18:32.624+0000][4556.212s][info][gc,start    ] GC(375) Pause Young (Normal) (G1 Evacuation Pause)
[2025-12-29T00:18:32.625+0000][4556.214s][info][gc,task     ] GC(375) Using 8 workers of 8 for evacuation
[2025-12-29T00:18:32.631+0000][4556.219s][info][gc,phases   ] GC(375)   Pre Evacuate Collection Set: 0.4ms
[2025-12-29T00:18:32.631+0000][4556.220s][info][gc,phases   ] GC(375)   Merge Heap Roots: 0.2ms
[2025-12-29T00:18:32.632+0000][4556.220s][info][gc,phases   ] GC(375)   Evacuate Collection Set: 2.5ms
[2025-12-29T00:18:32.632+0000][4556.220s][info][gc,phases   ] GC(375)   Post Evacuate Collection Set: 1.9ms
[2025-12-29T00:18:32.632+0000][4556.220s][info][gc,phases   ] GC(375)   Other: 2.1ms
[2025-12-29T00:18:32.632+0000][4556.220s][info][gc,heap     ] GC(375) Eden regions: 951->0(951)
[2025-12-29T00:18:32.632+0000][4556.221s][info][gc,heap     ] GC(375) Survivor regions: 1->1(119)
[2025-12-29T00:18:32.633+0000][4556.221s][info][gc,heap     ] GC(375) Old regions: 43->43
[2025-12-29T00:18:32.633+0000][4556.221s][info][gc,heap     ] GC(375) Archive regions: 2->2
[2025-12-29T00:18:32.633+0000][4556.221s][info][gc,heap     ] GC(375) Humongous regions: 39->39
[2025-12-29T00:18:32.633+0000][4556.222s][info][gc,metaspace] GC(375) Metaspace: 75442K(76224K)->75442K(76224K) NonClass: 65226K(65600K)->65226K(65600K) Class: 10215K(10624K)->10215K(10624K)
[2025-12-29T00:18:32.634+0000][4556.222s][info][gc          ] GC(375) Pause Young (Normal) (G1 Evacuation Pause) 1034M->83M(1588M) 9.941ms
[2025-12-29T00:18:32.635+0000][4556.223s][info][gc,cpu      ] GC(375) User=0.02s Sys=0.00s Real=0.01s
[2025-12-29T00:18:45.600+0000][4569.188s][info][gc,start    ] GC(376) Pause Young (Normal) (G1 Evacuation Pause)
[2025-12-29T00:18:45.600+0000][4569.188s][info][gc,task     ] GC(376) Using 8 workers of 8 for evacuation
[2025-12-29T00:18:45.603+0000][4569.191s][info][gc,phases   ] GC(376)   Pre Evacuate Collection Set: 0.4ms
[2025-12-29T00:18:45.603+0000][4569.191s][info][gc,phases   ] GC(376)   Merge Heap Roots: 0.3ms
[2025-12-29T00:18:45.603+0000][4569.191s][info][gc,phases   ] GC(376)   Evacuate Collection Set: 1.2ms
[2025-12-29T00:18:45.603+0000][4569.191s][info][gc,phases   ] GC(376)   Post Evacuate Collection Set: 0.6ms
[2025-12-29T00:18:45.603+0000][4569.192s][info][gc,phases   ] GC(376)   Other: 1.0ms
[2025-12-29T00:18:45.604+0000][4569.192s][info][gc,heap     ] GC(376) Eden regions: 951->0(951)
[2025-12-29T00:18:45.604+0000][4569.192s][info][gc,heap     ] GC(376) Survivor regions: 1->1(119)
[2025-12-29T00:18:45.604+0000][4569.192s][info][gc,heap     ] GC(376) Old regions: 43->43
[2025-12-29T00:18:45.604+0000][4569.192s][info][gc,heap     ] GC(376) Archive regions: 2->2
[2025-12-29T00:18:45.604+0000][4569.192s][info][gc,heap     ] GC(376) Humongous regions: 39->39
[2025-12-29T00:18:45.604+0000][4569.192s][info][gc,metaspace] GC(376) Metaspace: 75442K(76224K)->75442K(76224K) NonClass: 65226K(65600K)->65226K(65600K) Class: 10215K(10624K)->10215K(10624K)
[2025-12-29T00:18:45.604+0000][4569.192s][info][gc          ] GC(376) Pause Young (Normal) (G1 Evacuation Pause) 1034M->83M(1588M) 4.273ms
[2025-12-29T00:18:45.604+0000][4569.192s][info][gc,cpu      ] GC(376) User=0.01s Sys=0.00s Real=0.01s
[2025-12-29T00:18:58.720+0000][4582.308s][info][gc,start    ] GC(377) Pause Young (Normal) (G1 Evacuation Pause)
[2025-12-29T00:18:58.721+0000][4582.309s][info][gc,task     ] GC(377) Using 8 workers of 8 for evacuation
[2025-12-29T00:18:58.724+0000][4582.312s][info][gc,phases   ] GC(377)   Pre Evacuate Collection Set: 0.4ms
[2025-12-29T00:18:58.724+0000][4582.312s][info][gc,phases   ] GC(377)   Merge Heap Roots: 0.3ms
[2025-12-29T00:18:58.724+0000][4582.312s][info][gc,phases   ] GC(377)   Evacuate Collection Set: 1.4ms
[2025-12-29T00:18:58.724+0000][4582.312s][info][gc,phases   ] GC(377)   Post Evacuate Collection Set: 0.8ms
[2025-12-29T00:18:58.724+0000][4582.313s][info][gc,phases   ] GC(377)   Other: 1.5ms
[2025-12-29T00:18:58.724+0000][4582.313s][info][gc,heap     ] GC(377) Eden regions: 951->0(951)
[2025-12-29T00:18:58.725+0000][4582.313s][info][gc,heap     ] GC(377) Survivor regions: 1->1(119)
[2025-12-29T00:18:58.725+0000][4582.313s][info][gc,heap     ] GC(377) Old regions: 43->43
[2025-12-29T00:18:58.725+0000][4582.313s][info][gc,heap     ] GC(377) Archive regions: 2->2
[2025-12-29T00:18:58.725+0000][4582.313s][info][gc,heap     ] GC(377) Humongous regions: 39->39
[2025-12-29T00:18:58.725+0000][4582.313s][info][gc,metaspace] GC(377) Metaspace: 75442K(76224K)->75442K(76224K) NonClass: 65226K(65600K)->65226K(65600K) Class: 10215K(10624K)->10215K(10624K)
[2025-12-29T00:18:58.725+0000][4582.313s][info][gc          ] GC(377) Pause Young (Normal) (G1 Evacuation Pause) 1034M->83M(1588M) 5.520ms
[2025-12-29T00:18:58.725+0000][4582.313s][info][gc,cpu      ] GC(377) User=0.01s Sys=0.01s Real=0.01s
[2025-12-29T00:19:11.618+0000][4595.207s][info][gc,start    ] GC(378) Pause Young (Normal) (G1 Evacuation Pause)
[2025-12-29T00:19:11.620+0000][4595.208s][info][gc,task     ] GC(378) Using 8 workers of 8 for evacuation
[2025-12-29T00:19:11.626+0000][4595.214s][info][gc,phases   ] GC(378)   Pre Evacuate Collection Set: 0.6ms
[2025-12-29T00:19:11.626+0000][4595.214s][info][gc,phases   ] GC(378)   Merge Heap Roots: 0.4ms
[2025-12-29T00:19:11.626+0000][4595.215s][info][gc,phases   ] GC(378)   Evacuate Collection Set: 3.2ms
[2025-12-29T00:19:11.627+0000][4595.215s][info][gc,phases   ] GC(378)   Post Evacuate Collection Set: 1.5ms
[2025-12-29T00:19:11.627+0000][4595.215s][info][gc,phases   ] GC(378)   Other: 2.1ms
[2025-12-29T00:19:11.627+0000][4595.215s][info][gc,heap     ] GC(378) Eden regions: 951->0(951)
[2025-12-29T00:19:11.627+0000][4595.215s][info][gc,heap     ] GC(378) Survivor regions: 1->1(119)
[2025-12-29T00:19:11.627+0000][4595.215s][info][gc,heap     ] GC(378) Old regions: 43->43
[2025-12-29T00:19:11.627+0000][4595.216s][info][gc,heap     ] GC(378) Archive regions: 2->2
[2025-12-29T00:19:11.628+0000][4595.216s][info][gc,heap     ] GC(378) Humongous regions: 39->39
[2025-12-29T00:19:11.628+0000][4595.216s][info][gc,metaspace] GC(378) Metaspace: 75442K(76224K)->75442K(76224K) NonClass: 65226K(65600K)->65226K(65600K) Class: 10215K(10624K)->10215K(10624K)
[2025-12-29T00:19:11.628+0000][4595.216s][info][gc          ] GC(378) Pause Young (Normal) (G1 Evacuation Pause) 1034M->83M(1588M) 9.485ms
[2025-12-29T00:19:11.628+0000][4595.216s][info][gc,cpu      ] GC(378) User=0.03s Sys=0.00s Real=0.01s
[2025-12-29T00:19:25.939+0000][4609.528s][info][gc,start    ] GC(379) Pause Young (Normal) (G1 Evacuation Pause)
[2025-12-29T00:19:25.941+0000][4609.529s][info][gc,task     ] GC(379) Using 8 workers of 8 for evacuation
[2025-12-29T00:19:25.945+0000][4609.533s][info][gc,phases   ] GC(379)   Pre Evacuate Collection Set: 0.5ms
[2025-12-29T00:19:25.945+0000][4609.533s][info][gc,phases   ] GC(379)   Merge Heap Roots: 0.3ms
[2025-12-29T00:19:25.945+0000][4609.533s][info][gc,phases   ] GC(379)   Evacuate Collection Set: 1.8ms
[2025-12-29T00:19:25.945+0000][4609.533s][info][gc,phases   ] GC(379)   Post Evacuate Collection Set: 1.1ms
[2025-12-29T00:19:25.945+0000][4609.534s][info][gc,phases   ] GC(379)   Other: 1.7ms
[2025-12-29T00:19:25.945+0000][4609.534s][info][gc,heap     ] GC(379) Eden regions: 951->0(951)
[2025-12-29T00:19:25.946+0000][4609.534s][info][gc,heap     ] GC(379) Survivor regions: 1->1(119)
[2025-12-29T00:19:25.946+0000][4609.534s][info][gc,heap     ] GC(379) Old regions: 43->43
[2025-12-29T00:19:25.946+0000][4609.534s][info][gc,heap     ] GC(379) Archive regions: 2->2
[2025-12-29T00:19:25.946+0000][4609.534s][info][gc,heap     ] GC(379) Humongous regions: 39->39
[2025-12-29T00:19:25.946+0000][4609.534s][info][gc,metaspace] GC(379) Metaspace: 75442K(76224K)->75442K(76224K) NonClass: 65226K(65600K)->65226K(65600K) Class: 10215K(10624K)->10215K(10624K)
[2025-12-29T00:19:25.946+0000][4609.535s][info][gc          ] GC(379) Pause Young (Normal) (G1 Evacuation Pause) 1034M->83M(1588M) 6.958ms
[2025-12-29T00:19:25.947+0000][4609.535s][info][gc,cpu      ] GC(379) User=0.02s Sys=0.00s Real=0.01s
[2025-12-29T00:19:38.852+0000][4622.440s][info][gc,start    ] GC(380) Pause Young (Normal) (G1 Evacuation Pause)
[2025-12-29T00:19:38.854+0000][4622.442s][info][gc,task     ] GC(380) Using 8 workers of 8 for evacuation
[2025-12-29T00:19:38.858+0000][4622.446s][info][gc,phases   ] GC(380)   Pre Evacuate Collection Set: 0.5ms
[2025-12-29T00:19:38.858+0000][4622.446s][info][gc,phases   ] GC(380)   Merge Heap Roots: 0.4ms
[2025-12-29T00:19:38.858+0000][4622.446s][info][gc,phases   ] GC(380)   Evacuate Collection Set: 1.5ms
[2025-12-29T00:19:38.858+0000][4622.446s][info][gc,phases   ] GC(380)   Post Evacuate Collection Set: 0.8ms
[2025-12-29T00:19:38.858+0000][4622.446s][info][gc,phases   ] GC(380)   Other: 2.6ms
[2025-12-29T00:19:38.858+0000][4622.446s][info][gc,heap     ] GC(380) Eden regions: 951->0(951)
[2025-12-29T00:19:38.858+0000][4622.447s][info][gc,heap     ] GC(380) Survivor regions: 1->1(119)
[2025-12-29T00:19:38.859+0000][4622.447s][info][gc,heap     ] GC(380) Old regions: 43->43
[2025-12-29T00:19:38.859+0000][4622.447s][info][gc,heap     ] GC(380) Archive regions: 2->2
[2025-12-29T00:19:38.859+0000][4622.447s][info][gc,heap     ] GC(380) Humongous regions: 39->39
[2025-12-29T00:19:38.859+0000][4622.447s][info][gc,metaspace] GC(380) Metaspace: 75442K(76224K)->75442K(76224K) NonClass: 65227K(65600K)->65227K(65600K) Class: 10215K(10624K)->10215K(10624K)
[2025-12-29T00:19:38.859+0000][4622.447s][info][gc          ] GC(380) Pause Young (Normal) (G1 Evacuation Pause) 1034M->83M(1588M) 6.981ms
[2025-12-29T00:19:38.859+0000][4622.447s][info][gc,cpu      ] GC(380) User=0.02s Sys=0.00s Real=0.00s
[2025-12-29T00:19:51.916+0000][4635.504s][info][gc,start    ] GC(381) Pause Young (Normal) (G1 Evacuation Pause)
[2025-12-29T00:19:51.917+0000][4635.505s][info][gc,task     ] GC(381) Using 8 workers of 8 for evacuation
[2025-12-29T00:19:51.922+0000][4635.510s][info][gc,phases   ] GC(381)   Pre Evacuate Collection Set: 0.5ms
[2025-12-29T00:19:51.922+0000][4635.511s][info][gc,phases   ] GC(381)   Merge Heap Roots: 0.3ms
[2025-12-29T00:19:51.923+0000][4635.511s][info][gc,phases   ] GC(381)   Evacuate Collection Set: 2.3ms
[2025-12-29T00:19:51.923+0000][4635.511s][info][gc,phases   ] GC(381)   Post Evacuate Collection Set: 1.4ms
[2025-12-29T00:19:51.923+0000][4635.511s][info][gc,phases   ] GC(381)   Other: 2.4ms
[2025-12-29T00:19:51.923+0000][4635.511s][info][gc,heap     ] GC(381) Eden regions: 951->0(951)
[2025-12-29T00:19:51.923+0000][4635.512s][info][gc,heap     ] GC(381) Survivor regions: 1->1(119)
[2025-12-29T00:19:51.924+0000][4635.512s][info][gc,heap     ] GC(381) Old regions: 43->43
[2025-12-29T00:19:51.924+0000][4635.512s][info][gc,heap     ] GC(381) Archive regions: 2->2
[2025-12-29T00:19:51.924+0000][4635.512s][info][gc,heap     ] GC(381) Humongous regions: 39->39
[2025-12-29T00:19:51.924+0000][4635.512s][info][gc,metaspace] GC(381) Metaspace: 75442K(76224K)->75442K(76224K) NonClass: 65227K(65600K)->65227K(65600K) Class: 10215K(10624K)->10215K(10624K)
[2025-12-29T00:19:51.924+0000][4635.512s][info][gc          ] GC(381) Pause Young (Normal) (G1 Evacuation Pause) 1034M->83M(1588M) 8.565ms
[2025-12-29T00:19:51.924+0000][4635.513s][info][gc,cpu      ] GC(381) User=0.03s Sys=0.00s Real=0.01s
[2025-12-29T00:20:04.924+0000][4648.512s][info][gc,start    ] GC(382) Pause Young (Normal) (G1 Evacuation Pause)
[2025-12-29T00:20:04.925+0000][4648.513s][info][gc,task     ] GC(382) Using 8 workers of 8 for evacuation
[2025-12-29T00:20:04.930+0000][4648.518s][info][gc,phases   ] GC(382)   Pre Evacuate Collection Set: 0.5ms
[2025-12-29T00:20:04.930+0000][4648.518s][info][gc,phases   ] GC(382)   Merge Heap Roots: 0.3ms
[2025-12-29T00:20:04.930+0000][4648.518s][info][gc,phases   ] GC(382)   Evacuate Collection Set: 2.2ms
[2025-12-29T00:20:04.931+0000][4648.519s][info][gc,phases   ] GC(382)   Post Evacuate Collection Set: 1.2ms
[2025-12-29T00:20:04.931+0000][4648.519s][info][gc,phases   ] GC(382)   Other: 1.6ms
[2025-12-29T00:20:04.931+0000][4648.519s][info][gc,heap     ] GC(382) Eden regions: 951->0(951)
[2025-12-29T00:20:04.931+0000][4648.519s][info][gc,heap     ] GC(382) Survivor regions: 1->1(119)
[2025-12-29T00:20:04.931+0000][4648.519s][info][gc,heap     ] GC(382) Old regions: 43->44
[2025-12-29T00:20:04.931+0000][4648.520s][info][gc,heap     ] GC(382) Archive regions: 2->2
[2025-12-29T00:20:04.932+0000][4648.520s][info][gc,heap     ] GC(382) Humongous regions: 39->39
[2025-12-29T00:20:04.932+0000][4648.520s][info][gc,metaspace] GC(382) Metaspace: 75442K(76224K)->75442K(76224K) NonClass: 65227K(65600K)->65227K(65600K) Class: 10215K(10624K)->10215K(10624K)
[2025-12-29T00:20:04.932+0000][4648.520s][info][gc          ] GC(382) Pause Young (Normal) (G1 Evacuation Pause) 1034M->83M(1588M) 7.734ms
[2025-12-29T00:20:04.932+0000][4648.520s][info][gc,cpu      ] GC(382) User=0.02s Sys=0.00s Real=0.01s
[2025-12-29T00:20:17.895+0000][4661.483s][info][gc,start    ] GC(383) Pause Young (Normal) (G1 Evacuation Pause)
[2025-12-29T00:20:17.896+0000][4661.484s][info][gc,task     ] GC(383) Using 8 workers of 8 for evacuation
[2025-12-29T00:20:17.899+0000][4661.487s][info][gc,phases   ] GC(383)   Pre Evacuate Collection Set: 0.4ms
[2025-12-29T00:20:17.899+0000][4661.487s][info][gc,phases   ] GC(383)   Merge Heap Roots: 0.2ms
[2025-12-29T00:20:17.899+0000][4661.487s][info][gc,phases   ] GC(383)   Evacuate Collection Set: 1.3ms
[2025-12-29T00:20:17.899+0000][4661.487s][info][gc,phases   ] GC(383)   Post Evacuate Collection Set: 0.6ms
[2025-12-29T00:20:17.899+0000][4661.488s][info][gc,phases   ] GC(383)   Other: 1.4ms
[2025-12-29T00:20:17.900+0000][4661.488s][info][gc,heap     ] GC(383) Eden regions: 951->0(951)
[2025-12-29T00:20:17.900+0000][4661.488s][info][gc,heap     ] GC(383) Survivor regions: 1->1(119)
[2025-12-29T00:20:17.900+0000][4661.488s][info][gc,heap     ] GC(383) Old regions: 44->44
[2025-12-29T00:20:17.900+0000][4661.488s][info][gc,heap     ] GC(383) Archive regions: 2->2
[2025-12-29T00:20:17.900+0000][4661.488s][info][gc,heap     ] GC(383) Humongous regions: 39->39
[2025-12-29T00:20:17.900+0000][4661.488s][info][gc,metaspace] GC(383) Metaspace: 75442K(76224K)->75442K(76224K) NonClass: 65227K(65600K)->65227K(65600K) Class: 10215K(10624K)->10215K(10624K)
[2025-12-29T00:20:17.900+0000][4661.488s][info][gc          ] GC(383) Pause Young (Normal) (G1 Evacuation Pause) 1034M->83M(1588M) 5.098ms
[2025-12-29T00:20:17.900+0000][4661.489s][info][gc,cpu      ] GC(383) User=0.01s Sys=0.00s Real=0.01s
[2025-12-29T00:20:30.567+0000][4674.155s][info][gc,start    ] GC(384) Pause Young (Normal) (G1 Evacuation Pause)
[2025-12-29T00:20:30.568+0000][4674.156s][info][gc,task     ] GC(384) Using 8 workers of 8 for evacuation
[2025-12-29T00:20:30.575+0000][4674.163s][info][gc,phases   ] GC(384)   Pre Evacuate Collection Set: 1.1ms
[2025-12-29T00:20:30.575+0000][4674.164s][info][gc,phases   ] GC(384)   Merge Heap Roots: 0.4ms
[2025-12-29T00:20:30.575+0000][4674.164s][info][gc,phases   ] GC(384)   Evacuate Collection Set: 3.2ms
[2025-12-29T00:20:30.576+0000][4674.164s][info][gc,phases   ] GC(384)   Post Evacuate Collection Set: 2.0ms
[2025-12-29T00:20:30.576+0000][4674.164s][info][gc,phases   ] GC(384)   Other: 1.9ms
[2025-12-29T00:20:30.576+0000][4674.164s][info][gc,heap     ] GC(384) Eden regions: 951->0(951)
[2025-12-29T00:20:30.576+0000][4674.164s][info][gc,heap     ] GC(384) Survivor regions: 1->1(119)
[2025-12-29T00:20:30.576+0000][4674.164s][info][gc,heap     ] GC(384) Old regions: 44->44
[2025-12-29T00:20:30.576+0000][4674.164s][info][gc,heap     ] GC(384) Archive regions: 2->2
[2025-12-29T00:20:30.576+0000][4674.165s][info][gc,heap     ] GC(384) Humongous regions: 39->39
[2025-12-29T00:20:30.577+0000][4674.165s][info][gc,metaspace] GC(384) Metaspace: 75442K(76224K)->75442K(76224K) NonClass: 65227K(65600K)->65227K(65600K) Class: 10215K(10624K)->10215K(10624K)
[2025-12-29T00:20:30.577+0000][4674.165s][info][gc          ] GC(384) Pause Young (Normal) (G1 Evacuation Pause) 1034M->83M(1588M) 10.080ms
[2025-12-29T00:20:30.577+0000][4674.165s][info][gc,cpu      ] GC(384) User=0.04s Sys=0.00s Real=0.01s
[2025-12-29T00:20:43.800+0000][4687.388s][info][gc,start    ] GC(385) Pause Young (Normal) (G1 Evacuation Pause)
[2025-12-29T00:20:43.801+0000][4687.389s][info][gc,task     ] GC(385) Using 8 workers of 8 for evacuation
[2025-12-29T00:20:43.804+0000][4687.392s][info][gc,phases   ] GC(385)   Pre Evacuate Collection Set: 0.4ms
[2025-12-29T00:20:43.804+0000][4687.392s][info][gc,phases   ] GC(385)   Merge Heap Roots: 0.3ms
[2025-12-29T00:20:43.804+0000][4687.392s][info][gc,phases   ] GC(385)   Evacuate Collection Set: 1.4ms
[2025-12-29T00:20:43.804+0000][4687.392s][info][gc,phases   ] GC(385)   Post Evacuate Collection Set: 0.8ms
[2025-12-29T00:20:43.804+0000][4687.393s][info][gc,phases   ] GC(385)   Other: 1.1ms
[2025-12-29T00:20:43.804+0000][4687.393s][info][gc,heap     ] GC(385) Eden regions: 951->0(951)
[2025-12-29T00:20:43.805+0000][4687.393s][info][gc,heap     ] GC(385) Survivor regions: 1->1(119)
[2025-12-29T00:20:43.805+0000][4687.393s][info][gc,heap     ] GC(385) Old regions: 44->44
[2025-12-29T00:20:43.805+0000][4687.393s][info][gc,heap     ] GC(385) Archive regions: 2->2
[2025-12-29T00:20:43.805+0000][4687.393s][info][gc,heap     ] GC(385) Humongous regions: 39->39
[2025-12-29T00:20:43.805+0000][4687.393s][info][gc,metaspace] GC(385) Metaspace: 75442K(76224K)->75442K(76224K) NonClass: 65227K(65600K)->65227K(65600K) Class: 10215K(10624K)->10215K(10624K)
[2025-12-29T00:20:43.805+0000][4687.393s][info][gc          ] GC(385) Pause Young (Normal) (G1 Evacuation Pause) 1034M->83M(1588M) 4.899ms
[2025-12-29T00:20:43.805+0000][4687.393s][info][gc,cpu      ] GC(385) User=0.01s Sys=0.00s Real=0.01s
[2025-12-29T00:20:56.862+0000][4700.450s][info][gc,start    ] GC(386) Pause Young (Normal) (G1 Evacuation Pause)
[2025-12-29T00:20:56.863+0000][4700.451s][info][gc,task     ] GC(386) Using 8 workers of 8 for evacuation
[2025-12-29T00:20:56.867+0000][4700.455s][info][gc,phases   ] GC(386)   Pre Evacuate Collection Set: 0.4ms
[2025-12-29T00:20:56.867+0000][4700.455s][info][gc,phases   ] GC(386)   Merge Heap Roots: 0.2ms
[2025-12-29T00:20:56.867+0000][4700.455s][info][gc,phases   ] GC(386)   Evacuate Collection Set: 1.3ms
[2025-12-29T00:20:56.867+0000][4700.455s][info][gc,phases   ] GC(386)   Post Evacuate Collection Set: 1.1ms
[2025-12-29T00:20:56.867+0000][4700.456s][info][gc,phases   ] GC(386)   Other: 1.9ms
[2025-12-29T00:20:56.868+0000][4700.456s][info][gc,heap     ] GC(386) Eden regions: 951->0(951)
[2025-12-29T00:20:56.868+0000][4700.456s][info][gc,heap     ] GC(386) Survivor regions: 1->1(119)
[2025-12-29T00:20:56.868+0000][4700.456s][info][gc,heap     ] GC(386) Old regions: 44->44
[2025-12-29T00:20:56.868+0000][4700.456s][info][gc,heap     ] GC(386) Archive regions: 2->2
[2025-12-29T00:20:56.868+0000][4700.456s][info][gc,heap     ] GC(386) Humongous regions: 39->39
[2025-12-29T00:20:56.868+0000][4700.457s][info][gc,metaspace] GC(386) Metaspace: 75442K(76224K)->75442K(76224K) NonClass: 65227K(65600K)->65227K(65600K) Class: 10215K(10624K)->10215K(10624K)
[2025-12-29T00:20:56.869+0000][4700.457s][info][gc          ] GC(386) Pause Young (Normal) (G1 Evacuation Pause) 1034M->83M(1588M) 6.598ms
[2025-12-29T00:20:56.869+0000][4700.457s][info][gc,cpu      ] GC(386) User=0.01s Sys=0.00s Real=0.00s
[2025-12-29T00:21:10.963+0000][4714.551s][info][gc,start    ] GC(387) Pause Young (Normal) (G1 Evacuation Pause)
[2025-12-29T00:21:10.964+0000][4714.552s][info][gc,task     ] GC(387) Using 8 workers of 8 for evacuation
[2025-12-29T00:21:10.968+0000][4714.557s][info][gc,phases   ] GC(387)   Pre Evacuate Collection Set: 0.5ms
[2025-12-29T00:21:10.969+0000][4714.557s][info][gc,phases   ] GC(387)   Merge Heap Roots: 0.4ms
[2025-12-29T00:21:10.969+0000][4714.557s][info][gc,phases   ] GC(387)   Evacuate Collection Set: 1.7ms
[2025-12-29T00:21:10.969+0000][4714.558s][info][gc,phases   ] GC(387)   Post Evacuate Collection Set: 1.7ms
[2025-12-29T00:21:10.970+0000][4714.558s][info][gc,phases   ] GC(387)   Other: 1.2ms
[2025-12-29T00:21:10.970+0000][4714.558s][info][gc,heap     ] GC(387) Eden regions: 951->0(951)
[2025-12-29T00:21:10.970+0000][4714.558s][info][gc,heap     ] GC(387) Survivor regions: 1->1(119)
[2025-12-29T00:21:10.970+0000][4714.558s][info][gc,heap     ] GC(387) Old regions: 44->44
[2025-12-29T00:21:10.970+0000][4714.559s][info][gc,heap     ] GC(387) Archive regions: 2->2
[2025-12-29T00:21:10.971+0000][4714.559s][info][gc,heap     ] GC(387) Humongous regions: 39->39
[2025-12-29T00:21:10.971+0000][4714.559s][info][gc,metaspace] GC(387) Metaspace: 75442K(76224K)->75442K(76224K) NonClass: 65227K(65600K)->65227K(65600K) Class: 10215K(10624K)->10215K(10624K)
[2025-12-29T00:21:10.971+0000][4714.559s][info][gc          ] GC(387) Pause Young (Normal) (G1 Evacuation Pause) 1034M->83M(1588M) 8.041ms
[2025-12-29T00:21:10.972+0000][4714.560s][info][gc,cpu      ] GC(387) User=0.01s Sys=0.00s Real=0.01s
[2025-12-29T00:21:24.598+0000][4728.187s][info][gc,start    ] GC(388) Pause Young (Normal) (G1 Evacuation Pause)
[2025-12-29T00:21:24.601+0000][4728.189s][info][gc,task     ] GC(388) Using 8 workers of 8 for evacuation
[2025-12-29T00:21:24.607+0000][4728.195s][info][gc,phases   ] GC(388)   Pre Evacuate Collection Set: 0.7ms
[2025-12-29T00:21:24.607+0000][4728.195s][info][gc,phases   ] GC(388)   Merge Heap Roots: 0.3ms
[2025-12-29T00:21:24.607+0000][4728.196s][info][gc,phases   ] GC(388)   Evacuate Collection Set: 2.5ms
[2025-12-29T00:21:24.608+0000][4728.196s][info][gc,phases   ] GC(388)   Post Evacuate Collection Set: 1.6ms
[2025-12-29T00:21:24.608+0000][4728.196s][info][gc,phases   ] GC(388)   Other: 3.6ms
[2025-12-29T00:21:24.608+0000][4728.196s][info][gc,heap     ] GC(388) Eden regions: 951->0(951)
[2025-12-29T00:21:24.608+0000][4728.196s][info][gc,heap     ] GC(388) Survivor regions: 1->1(119)
[2025-12-29T00:21:24.608+0000][4728.196s][info][gc,heap     ] GC(388) Old regions: 44->44
[2025-12-29T00:21:24.608+0000][4728.197s][info][gc,heap     ] GC(388) Archive regions: 2->2
[2025-12-29T00:21:24.609+0000][4728.197s][info][gc,heap     ] GC(388) Humongous regions: 39->39
[2025-12-29T00:21:24.609+0000][4728.197s][info][gc,metaspace] GC(388) Metaspace: 75443K(76224K)->75443K(76224K) NonClass: 65228K(65600K)->65228K(65600K) Class: 10215K(10624K)->10215K(10624K)
[2025-12-29T00:21:24.609+0000][4728.197s][info][gc          ] GC(388) Pause Young (Normal) (G1 Evacuation Pause) 1034M->83M(1588M) 10.564ms
[2025-12-29T00:21:24.609+0000][4728.197s][info][gc,cpu      ] GC(388) User=0.03s Sys=0.00s Real=0.01s
[2025-12-29T00:21:37.533+0000][4741.121s][info][gc,start    ] GC(389) Pause Young (Normal) (G1 Evacuation Pause)
[2025-12-29T00:21:37.533+0000][4741.121s][info][gc,task     ] GC(389) Using 8 workers of 8 for evacuation
[2025-12-29T00:21:37.535+0000][4741.123s][info][gc,phases   ] GC(389)   Pre Evacuate Collection Set: 0.2ms
[2025-12-29T00:21:37.535+0000][4741.123s][info][gc,phases   ] GC(389)   Merge Heap Roots: 0.2ms
[2025-12-29T00:21:37.535+0000][4741.123s][info][gc,phases   ] GC(389)   Evacuate Collection Set: 0.9ms
[2025-12-29T00:21:37.535+0000][4741.124s][info][gc,phases   ] GC(389)   Post Evacuate Collection Set: 0.4ms
[2025-12-29T00:21:37.535+0000][4741.124s][info][gc,phases   ] GC(389)   Other: 0.7ms
[2025-12-29T00:21:37.536+0000][4741.124s][info][gc,heap     ] GC(389) Eden regions: 951->0(951)
[2025-12-29T00:21:37.536+0000][4741.124s][info][gc,heap     ] GC(389) Survivor regions: 1->1(119)
[2025-12-29T00:21:37.536+0000][4741.124s][info][gc,heap     ] GC(389) Old regions: 44->44
[2025-12-29T00:21:37.536+0000][4741.124s][info][gc,heap     ] GC(389) Archive regions: 2->2
[2025-12-29T00:21:37.536+0000][4741.124s][info][gc,heap     ] GC(389) Humongous regions: 39->39
[2025-12-29T00:21:37.536+0000][4741.124s][info][gc,metaspace] GC(389) Metaspace: 75444K(76224K)->75444K(76224K) NonClass: 65229K(65600K)->65229K(65600K) Class: 10215K(10624K)->10215K(10624K)
[2025-12-29T00:21:37.536+0000][4741.124s][info][gc          ] GC(389) Pause Young (Normal) (G1 Evacuation Pause) 1034M->83M(1588M) 3.293ms
[2025-12-29T00:21:37.536+0000][4741.124s][info][gc,cpu      ] GC(389) User=0.01s Sys=0.00s Real=0.00s
[2025-12-29T00:21:50.458+0000][4754.046s][info][gc,start    ] GC(390) Pause Young (Normal) (G1 Evacuation Pause)
[2025-12-29T00:21:50.458+0000][4754.047s][info][gc,task     ] GC(390) Using 8 workers of 8 for evacuation
[2025-12-29T00:21:50.463+0000][4754.051s][info][gc,phases   ] GC(390)   Pre Evacuate Collection Set: 0.5ms
[2025-12-29T00:21:50.464+0000][4754.052s][info][gc,phases   ] GC(390)   Merge Heap Roots: 0.2ms
[2025-12-29T00:21:50.464+0000][4754.052s][info][gc,phases   ] GC(390)   Evacuate Collection Set: 2.3ms
[2025-12-29T00:21:50.464+0000][4754.052s][info][gc,phases   ] GC(390)   Post Evacuate Collection Set: 1.3ms
[2025-12-29T00:21:50.464+0000][4754.052s][info][gc,phases   ] GC(390)   Other: 1.7ms
[2025-12-29T00:21:50.464+0000][4754.053s][info][gc,heap     ] GC(390) Eden regions: 951->0(951)
[2025-12-29T00:21:50.465+0000][4754.053s][info][gc,heap     ] GC(390) Survivor regions: 1->1(119)
[2025-12-29T00:21:50.465+0000][4754.053s][info][gc,heap     ] GC(390) Old regions: 44->44
[2025-12-29T00:21:50.465+0000][4754.053s][info][gc,heap     ] GC(390) Archive regions: 2->2
[2025-12-29T00:21:50.465+0000][4754.053s][info][gc,heap     ] GC(390) Humongous regions: 39->39
[2025-12-29T00:21:50.465+0000][4754.053s][info][gc,metaspace] GC(390) Metaspace: 75445K(76224K)->75445K(76224K) NonClass: 65230K(65600K)->65230K(65600K) Class: 10215K(10624K)->10215K(10624K)
[2025-12-29T00:21:50.465+0000][4754.054s][info][gc          ] GC(390) Pause Young (Normal) (G1 Evacuation Pause) 1034M->83M(1588M) 7.869ms
[2025-12-29T00:21:50.466+0000][4754.054s][info][gc,cpu      ] GC(390) User=0.02s Sys=0.00s Real=0.01s
[2025-12-29T00:22:03.609+0000][4767.198s][info][gc,start    ] GC(391) Pause Young (Normal) (G1 Evacuation Pause)
[2025-12-29T00:22:03.610+0000][4767.198s][info][gc,task     ] GC(391) Using 8 workers of 8 for evacuation
[2025-12-29T00:22:03.612+0000][4767.201s][info][gc,phases   ] GC(391)   Pre Evacuate Collection Set: 0.3ms
[2025-12-29T00:22:03.613+0000][4767.201s][info][gc,phases   ] GC(391)   Merge Heap Roots: 0.2ms
[2025-12-29T00:22:03.613+0000][4767.201s][info][gc,phases   ] GC(391)   Evacuate Collection Set: 1.3ms
[2025-12-29T00:22:03.613+0000][4767.201s][info][gc,phases   ] GC(391)   Post Evacuate Collection Set: 0.6ms
[2025-12-29T00:22:03.613+0000][4767.201s][info][gc,phases   ] GC(391)   Other: 0.8ms
[2025-12-29T00:22:03.613+0000][4767.201s][info][gc,heap     ] GC(391) Eden regions: 951->0(951)
[2025-12-29T00:22:03.613+0000][4767.201s][info][gc,heap     ] GC(391) Survivor regions: 1->1(119)
[2025-12-29T00:22:03.613+0000][4767.201s][info][gc,heap     ] GC(391) Old regions: 44->44
[2025-12-29T00:22:03.613+0000][4767.201s][info][gc,heap     ] GC(391) Archive regions: 2->2
[2025-12-29T00:22:03.613+0000][4767.201s][info][gc,heap     ] GC(391) Humongous regions: 39->39
[2025-12-29T00:22:03.613+0000][4767.201s][info][gc,metaspace] GC(391) Metaspace: 75445K(76224K)->75445K(76224K) NonClass: 65230K(65600K)->65230K(65600K) Class: 10215K(10624K)->10215K(10624K)
[2025-12-29T00:22:03.613+0000][4767.201s][info][gc          ] GC(391) Pause Young (Normal) (G1 Evacuation Pause) 1034M->83M(1588M) 3.847ms
[2025-12-29T00:22:03.613+0000][4767.201s][info][gc,cpu      ] GC(391) User=0.01s Sys=0.00s Real=0.01s
[2025-12-29T00:22:16.709+0000][4780.297s][info][gc,start    ] GC(392) Pause Young (Normal) (G1 Evacuation Pause)
[2025-12-29T00:22:16.710+0000][4780.299s][info][gc,task     ] GC(392) Using 8 workers of 8 for evacuation
[2025-12-29T00:22:16.714+0000][4780.302s][info][gc,phases   ] GC(392)   Pre Evacuate Collection Set: 0.4ms
[2025-12-29T00:22:16.714+0000][4780.302s][info][gc,phases   ] GC(392)   Merge Heap Roots: 0.2ms
[2025-12-29T00:22:16.714+0000][4780.303s][info][gc,phases   ] GC(392)   Evacuate Collection Set: 1.6ms
[2025-12-29T00:22:16.715+0000][4780.303s][info][gc,phases   ] GC(392)   Post Evacuate Collection Set: 0.7ms
[2025-12-29T00:22:16.715+0000][4780.303s][info][gc,phases   ] GC(392)   Other: 1.9ms
[2025-12-29T00:22:16.715+0000][4780.303s][info][gc,heap     ] GC(392) Eden regions: 951->0(951)
[2025-12-29T00:22:16.715+0000][4780.303s][info][gc,heap     ] GC(392) Survivor regions: 1->1(119)
[2025-12-29T00:22:16.715+0000][4780.303s][info][gc,heap     ] GC(392) Old regions: 44->44
[2025-12-29T00:22:16.715+0000][4780.303s][info][gc,heap     ] GC(392) Archive regions: 2->2
[2025-12-29T00:22:16.715+0000][4780.304s][info][gc,heap     ] GC(392) Humongous regions: 39->39
[2025-12-29T00:22:16.716+0000][4780.304s][info][gc,metaspace] GC(392) Metaspace: 75445K(76224K)->75445K(76224K) NonClass: 65230K(65600K)->65230K(65600K) Class: 10215K(10624K)->10215K(10624K)
[2025-12-29T00:22:16.716+0000][4780.304s][info][gc          ] GC(392) Pause Young (Normal) (G1 Evacuation Pause) 1034M->83M(1588M) 6.580ms
[2025-12-29T00:22:16.716+0000][4780.304s][info][gc,cpu      ] GC(392) User=0.02s Sys=0.00s Real=0.01s
[2025-12-29T00:22:29.389+0000][4792.977s][info][gc,start    ] GC(393) Pause Young (Normal) (G1 Evacuation Pause)
[2025-12-29T00:22:29.390+0000][4792.978s][info][gc,task     ] GC(393) Using 8 workers of 8 for evacuation
[2025-12-29T00:22:29.394+0000][4792.982s][info][gc,phases   ] GC(393)   Pre Evacuate Collection Set: 0.3ms
[2025-12-29T00:22:29.394+0000][4792.982s][info][gc,phases   ] GC(393)   Merge Heap Roots: 0.3ms
[2025-12-29T00:22:29.394+0000][4792.982s][info][gc,phases   ] GC(393)   Evacuate Collection Set: 1.5ms
[2025-12-29T00:22:29.394+0000][4792.982s][info][gc,phases   ] GC(393)   Post Evacuate Collection Set: 1.0ms
[2025-12-29T00:22:29.394+0000][4792.983s][info][gc,phases   ] GC(393)   Other: 2.1ms
[2025-12-29T00:22:29.395+0000][4792.983s][info][gc,heap     ] GC(393) Eden regions: 951->0(951)
[2025-12-29T00:22:29.395+0000][4792.983s][info][gc,heap     ] GC(393) Survivor regions: 1->1(119)
[2025-12-29T00:22:29.395+0000][4792.983s][info][gc,heap     ] GC(393) Old regions: 44->44
[2025-12-29T00:22:29.395+0000][4792.983s][info][gc,heap     ] GC(393) Archive regions: 2->2
[2025-12-29T00:22:29.395+0000][4792.983s][info][gc,heap     ] GC(393) Humongous regions: 39->39
[2025-12-29T00:22:29.395+0000][4792.983s][info][gc,metaspace] GC(393) Metaspace: 75458K(76224K)->75458K(76224K) NonClass: 65243K(65600K)->65243K(65600K) Class: 10215K(10624K)->10215K(10624K)
[2025-12-29T00:22:29.395+0000][4792.984s][info][gc          ] GC(393) Pause Young (Normal) (G1 Evacuation Pause) 1034M->83M(1588M) 6.864ms
[2025-12-29T00:22:29.396+0000][4792.984s][info][gc,cpu      ] GC(393) User=0.02s Sys=0.00s Real=0.01s
[2025-12-29T00:22:42.456+0000][4806.044s][info][gc,start    ] GC(394) Pause Young (Normal) (G1 Evacuation Pause)
[2025-12-29T00:22:42.458+0000][4806.046s][info][gc,task     ] GC(394) Using 8 workers of 8 for evacuation
[2025-12-29T00:22:42.462+0000][4806.051s][info][gc,phases   ] GC(394)   Pre Evacuate Collection Set: 0.5ms
[2025-12-29T00:22:42.463+0000][4806.051s][info][gc,phases   ] GC(394)   Merge Heap Roots: 0.3ms
[2025-12-29T00:22:42.463+0000][4806.051s][info][gc,phases   ] GC(394)   Evacuate Collection Set: 2.5ms
[2025-12-29T00:22:42.463+0000][4806.051s][info][gc,phases   ] GC(394)   Post Evacuate Collection Set: 1.1ms
[2025-12-29T00:22:42.463+0000][4806.051s][info][gc,phases   ] GC(394)   Other: 1.8ms
[2025-12-29T00:22:42.463+0000][4806.051s][info][gc,heap     ] GC(394) Eden regions: 951->0(951)
[2025-12-29T00:22:42.463+0000][4806.051s][info][gc,heap     ] GC(394) Survivor regions: 1->1(119)
[2025-12-29T00:22:42.463+0000][4806.051s][info][gc,heap     ] GC(394) Old regions: 44->44
[2025-12-29T00:22:42.463+0000][4806.052s][info][gc,heap     ] GC(394) Archive regions: 2->2
[2025-12-29T00:22:42.464+0000][4806.052s][info][gc,heap     ] GC(394) Humongous regions: 39->39
[2025-12-29T00:22:42.464+0000][4806.052s][info][gc,metaspace] GC(394) Metaspace: 75458K(76224K)->75458K(76224K) NonClass: 65243K(65600K)->65243K(65600K) Class: 10215K(10624K)->10215K(10624K)
[2025-12-29T00:22:42.464+0000][4806.052s][info][gc          ] GC(394) Pause Young (Normal) (G1 Evacuation Pause) 1034M->83M(1588M) 7.547ms
[2025-12-29T00:22:42.464+0000][4806.052s][info][gc,cpu      ] GC(394) User=0.02s Sys=0.01s Real=0.01s
[2025-12-29T00:22:55.958+0000][4819.546s][info][gc,start    ] GC(395) Pause Young (Normal) (G1 Evacuation Pause)
[2025-12-29T00:22:55.958+0000][4819.547s][info][gc,task     ] GC(395) Using 8 workers of 8 for evacuation
[2025-12-29T00:22:55.960+0000][4819.548s][info][gc,phases   ] GC(395)   Pre Evacuate Collection Set: 0.2ms
[2025-12-29T00:22:55.960+0000][4819.548s][info][gc,phases   ] GC(395)   Merge Heap Roots: 0.1ms
[2025-12-29T00:22:55.960+0000][4819.549s][info][gc,phases   ] GC(395)   Evacuate Collection Set: 0.8ms
[2025-12-29T00:22:55.960+0000][4819.549s][info][gc,phases   ] GC(395)   Post Evacuate Collection Set: 0.5ms
[2025-12-29T00:22:55.960+0000][4819.549s][info][gc,phases   ] GC(395)   Other: 1.1ms
[2025-12-29T00:22:55.961+0000][4819.549s][info][gc,heap     ] GC(395) Eden regions: 951->0(951)
[2025-12-29T00:22:55.961+0000][4819.549s][info][gc,heap     ] GC(395) Survivor regions: 1->1(119)
[2025-12-29T00:22:55.961+0000][4819.549s][info][gc,heap     ] GC(395) Old regions: 44->44
[2025-12-29T00:22:55.961+0000][4819.549s][info][gc,heap     ] GC(395) Archive regions: 2->2
[2025-12-29T00:22:55.961+0000][4819.549s][info][gc,heap     ] GC(395) Humongous regions: 39->39
[2025-12-29T00:22:55.961+0000][4819.549s][info][gc,metaspace] GC(395) Metaspace: 75458K(76224K)->75458K(76224K) NonClass: 65243K(65600K)->65243K(65600K) Class: 10215K(10624K)->10215K(10624K)
[2025-12-29T00:22:55.961+0000][4819.549s][info][gc          ] GC(395) Pause Young (Normal) (G1 Evacuation Pause) 1034M->83M(1588M) 3.438ms
[2025-12-29T00:22:55.961+0000][4819.549s][info][gc,cpu      ] GC(395) User=0.01s Sys=0.00s Real=0.01s
[2025-12-29T00:23:10.513+0000][4834.101s][info][gc,start    ] GC(396) Pause Young (Normal) (G1 Evacuation Pause)
[2025-12-29T00:23:10.514+0000][4834.102s][info][gc,task     ] GC(396) Using 8 workers of 8 for evacuation
[2025-12-29T00:23:10.517+0000][4834.106s][info][gc,phases   ] GC(396)   Pre Evacuate Collection Set: 0.3ms
[2025-12-29T00:23:10.518+0000][4834.106s][info][gc,phases   ] GC(396)   Merge Heap Roots: 0.3ms
[2025-12-29T00:23:10.518+0000][4834.106s][info][gc,phases   ] GC(396)   Evacuate Collection Set: 1.4ms
[2025-12-29T00:23:10.518+0000][4834.106s][info][gc,phases   ] GC(396)   Post Evacuate Collection Set: 0.7ms
[2025-12-29T00:23:10.518+0000][4834.106s][info][gc,phases   ] GC(396)   Other: 1.7ms
[2025-12-29T00:23:10.518+0000][4834.106s][info][gc,heap     ] GC(396) Eden regions: 951->0(951)
[2025-12-29T00:23:10.518+0000][4834.106s][info][gc,heap     ] GC(396) Survivor regions: 1->1(119)
[2025-12-29T00:23:10.518+0000][4834.107s][info][gc,heap     ] GC(396) Old regions: 44->44
[2025-12-29T00:23:10.518+0000][4834.107s][info][gc,heap     ] GC(396) Archive regions: 2->2
[2025-12-29T00:23:10.519+0000][4834.107s][info][gc,heap     ] GC(396) Humongous regions: 39->39
[2025-12-29T00:23:10.519+0000][4834.107s][info][gc,metaspace] GC(396) Metaspace: 75458K(76224K)->75458K(76224K) NonClass: 65243K(65600K)->65243K(65600K) Class: 10215K(10624K)->10215K(10624K)
[2025-12-29T00:23:10.519+0000][4834.107s][info][gc          ] GC(396) Pause Young (Normal) (G1 Evacuation Pause) 1034M->83M(1588M) 5.774ms
[2025-12-29T00:23:10.519+0000][4834.107s][info][gc,cpu      ] GC(396) User=0.02s Sys=0.00s Real=0.00s
[2025-12-29T00:23:23.267+0000][4846.855s][info][gc,start    ] GC(397) Pause Young (Normal) (G1 Evacuation Pause)
[2025-12-29T00:23:23.267+0000][4846.856s][info][gc,task     ] GC(397) Using 8 workers of 8 for evacuation
[2025-12-29T00:23:23.271+0000][4846.859s][info][gc,phases   ] GC(397)   Pre Evacuate Collection Set: 0.3ms
[2025-12-29T00:23:23.271+0000][4846.859s][info][gc,phases   ] GC(397)   Merge Heap Roots: 0.2ms
[2025-12-29T00:23:23.271+0000][4846.859s][info][gc,phases   ] GC(397)   Evacuate Collection Set: 1.4ms
[2025-12-29T00:23:23.271+0000][4846.859s][info][gc,phases   ] GC(397)   Post Evacuate Collection Set: 0.9ms
[2025-12-29T00:23:23.271+0000][4846.859s][info][gc,phases   ] GC(397)   Other: 1.2ms
[2025-12-29T00:23:23.271+0000][4846.859s][info][gc,heap     ] GC(397) Eden regions: 951->0(951)
[2025-12-29T00:23:23.271+0000][4846.859s][info][gc,heap     ] GC(397) Survivor regions: 1->1(119)
[2025-12-29T00:23:23.271+0000][4846.860s][info][gc,heap     ] GC(397) Old regions: 44->44
[2025-12-29T00:23:23.271+0000][4846.860s][info][gc,heap     ] GC(397) Archive regions: 2->2
[2025-12-29T00:23:23.272+0000][4846.860s][info][gc,heap     ] GC(397) Humongous regions: 39->39
[2025-12-29T00:23:23.272+0000][4846.860s][info][gc,metaspace] GC(397) Metaspace: 75458K(76224K)->75458K(76224K) NonClass: 65243K(65600K)->65243K(65600K) Class: 10215K(10624K)->10215K(10624K)
[2025-12-29T00:23:23.272+0000][4846.860s][info][gc          ] GC(397) Pause Young (Normal) (G1 Evacuation Pause) 1034M->83M(1588M) 4.926ms
[2025-12-29T00:23:23.272+0000][4846.860s][info][gc,cpu      ] GC(397) User=0.01s Sys=0.01s Real=0.01s
[2025-12-29T00:23:36.350+0000][4859.938s][info][gc,start    ] GC(398) Pause Young (Normal) (G1 Evacuation Pause)
[2025-12-29T00:23:36.351+0000][4859.939s][info][gc,task     ] GC(398) Using 8 workers of 8 for evacuation
[2025-12-29T00:23:36.354+0000][4859.942s][info][gc,phases   ] GC(398)   Pre Evacuate Collection Set: 0.3ms
[2025-12-29T00:23:36.354+0000][4859.942s][info][gc,phases   ] GC(398)   Merge Heap Roots: 0.2ms
[2025-12-29T00:23:36.354+0000][4859.942s][info][gc,phases   ] GC(398)   Evacuate Collection Set: 1.6ms
[2025-12-29T00:23:36.354+0000][4859.942s][info][gc,phases   ] GC(398)   Post Evacuate Collection Set: 0.6ms
[2025-12-29T00:23:36.354+0000][4859.942s][info][gc,phases   ] GC(398)   Other: 1.4ms
[2025-12-29T00:23:36.354+0000][4859.942s][info][gc,heap     ] GC(398) Eden regions: 951->0(951)
[2025-12-29T00:23:36.354+0000][4859.943s][info][gc,heap     ] GC(398) Survivor regions: 1->1(119)
[2025-12-29T00:23:36.354+0000][4859.943s][info][gc,heap     ] GC(398) Old regions: 44->44
[2025-12-29T00:23:36.355+0000][4859.943s][info][gc,heap     ] GC(398) Archive regions: 2->2
[2025-12-29T00:23:36.355+0000][4859.943s][info][gc,heap     ] GC(398) Humongous regions: 39->39
[2025-12-29T00:23:36.355+0000][4859.943s][info][gc,metaspace] GC(398) Metaspace: 75458K(76224K)->75458K(76224K) NonClass: 65243K(65600K)->65243K(65600K) Class: 10215K(10624K)->10215K(10624K)
[2025-12-29T00:23:36.355+0000][4859.943s][info][gc          ] GC(398) Pause Young (Normal) (G1 Evacuation Pause) 1034M->83M(1588M) 5.169ms
[2025-12-29T00:23:36.355+0000][4859.943s][info][gc,cpu      ] GC(398) User=0.01s Sys=0.00s Real=0.01s
[2025-12-29T00:23:49.213+0000][4872.801s][info][gc,start    ] GC(399) Pause Young (Normal) (G1 Evacuation Pause)
[2025-12-29T00:23:49.214+0000][4872.802s][info][gc,task     ] GC(399) Using 8 workers of 8 for evacuation
[2025-12-29T00:23:49.217+0000][4872.806s][info][gc,phases   ] GC(399)   Pre Evacuate Collection Set: 0.3ms
[2025-12-29T00:23:49.218+0000][4872.806s][info][gc,phases   ] GC(399)   Merge Heap Roots: 0.3ms
[2025-12-29T00:23:49.218+0000][4872.806s][info][gc,phases   ] GC(399)   Evacuate Collection Set: 2.1ms
[2025-12-29T00:23:49.218+0000][4872.806s][info][gc,phases   ] GC(399)   Post Evacuate Collection Set: 0.9ms
[2025-12-29T00:23:49.218+0000][4872.806s][info][gc,phases   ] GC(399)   Other: 1.1ms
[2025-12-29T00:23:49.218+0000][4872.806s][info][gc,heap     ] GC(399) Eden regions: 951->0(951)
[2025-12-29T00:23:49.218+0000][4872.806s][info][gc,heap     ] GC(399) Survivor regions: 1->1(119)
[2025-12-29T00:23:49.218+0000][4872.806s][info][gc,heap     ] GC(399) Old regions: 44->44
[2025-12-29T00:23:49.218+0000][4872.806s][info][gc,heap     ] GC(399) Archive regions: 2->2
[2025-12-29T00:23:49.218+0000][4872.806s][info][gc,heap     ] GC(399) Humongous regions: 39->39
[2025-12-29T00:23:49.218+0000][4872.806s][info][gc,metaspace] GC(399) Metaspace: 75458K(76224K)->75458K(76224K) NonClass: 65243K(65600K)->65243K(65600K) Class: 10215K(10624K)->10215K(10624K)
[2025-12-29T00:23:49.218+0000][4872.807s][info][gc          ] GC(399) Pause Young (Normal) (G1 Evacuation Pause) 1034M->83M(1588M) 5.389ms
[2025-12-29T00:23:49.218+0000][4872.807s][info][gc,cpu      ] GC(399) User=0.02s Sys=0.00s Real=0.00s
[2025-12-29T00:24:02.205+0000][4885.793s][info][gc,start    ] GC(400) Pause Young (Normal) (G1 Evacuation Pause)
[2025-12-29T00:24:02.207+0000][4885.795s][info][gc,task     ] GC(400) Using 8 workers of 8 for evacuation
[2025-12-29T00:24:02.211+0000][4885.799s][info][gc,phases   ] GC(400)   Pre Evacuate Collection Set: 0.4ms
[2025-12-29T00:24:02.211+0000][4885.799s][info][gc,phases   ] GC(400)   Merge Heap Roots: 0.3ms
[2025-12-29T00:24:02.211+0000][4885.799s][info][gc,phases   ] GC(400)   Evacuate Collection Set: 1.7ms
[2025-12-29T00:24:02.211+0000][4885.800s][info][gc,phases   ] GC(400)   Post Evacuate Collection Set: 1.1ms
[2025-12-29T00:24:02.211+0000][4885.800s][info][gc,phases   ] GC(400)   Other: 2.5ms
[2025-12-29T00:24:02.212+0000][4885.800s][info][gc,heap     ] GC(400) Eden regions: 951->0(951)
[2025-12-29T00:24:02.212+0000][4885.800s][info][gc,heap     ] GC(400) Survivor regions: 1->1(119)
[2025-12-29T00:24:02.212+0000][4885.800s][info][gc,heap     ] GC(400) Old regions: 44->44
[2025-12-29T00:24:02.212+0000][4885.801s][info][gc,heap     ] GC(400) Archive regions: 2->2
[2025-12-29T00:24:02.213+0000][4885.801s][info][gc,heap     ] GC(400) Humongous regions: 39->39
[2025-12-29T00:24:02.213+0000][4885.801s][info][gc,metaspace] GC(400) Metaspace: 75458K(76224K)->75458K(76224K) NonClass: 65243K(65600K)->65243K(65600K) Class: 10215K(10624K)->10215K(10624K)
[2025-12-29T00:24:02.213+0000][4885.801s][info][gc          ] GC(400) Pause Young (Normal) (G1 Evacuation Pause) 1034M->83M(1588M) 7.851ms
[2025-12-29T00:24:02.213+0000][4885.801s][info][gc,cpu      ] GC(400) User=0.01s Sys=0.00s Real=0.01s
[2025-12-29T00:24:15.160+0000][4898.748s][info][gc,start    ] GC(401) Pause Young (Normal) (G1 Evacuation Pause)
[2025-12-29T00:24:15.161+0000][4898.749s][info][gc,task     ] GC(401) Using 8 workers of 8 for evacuation
[2025-12-29T00:24:15.165+0000][4898.753s][info][gc,phases   ] GC(401)   Pre Evacuate Collection Set: 0.5ms
[2025-12-29T00:24:15.165+0000][4898.753s][info][gc,phases   ] GC(401)   Merge Heap Roots: 0.4ms
[2025-12-29T00:24:15.165+0000][4898.753s][info][gc,phases   ] GC(401)   Evacuate Collection Set: 1.5ms
[2025-12-29T00:24:15.165+0000][4898.754s][info][gc,phases   ] GC(401)   Post Evacuate Collection Set: 0.8ms
[2025-12-29T00:24:15.166+0000][4898.754s][info][gc,phases   ] GC(401)   Other: 1.9ms
[2025-12-29T00:24:15.166+0000][4898.754s][info][gc,heap     ] GC(401) Eden regions: 951->0(951)
[2025-12-29T00:24:15.166+0000][4898.755s][info][gc,heap     ] GC(401) Survivor regions: 1->1(119)
[2025-12-29T00:24:15.167+0000][4898.755s][info][gc,heap     ] GC(401) Old regions: 44->44
[2025-12-29T00:24:15.167+0000][4898.756s][info][gc,heap     ] GC(401) Archive regions: 2->2
[2025-12-29T00:24:15.168+0000][4898.756s][info][gc,heap     ] GC(401) Humongous regions: 39->39
[2025-12-29T00:24:15.168+0000][4898.756s][info][gc,metaspace] GC(401) Metaspace: 75458K(76224K)->75458K(76224K) NonClass: 65243K(65600K)->65243K(65600K) Class: 10215K(10624K)->10215K(10624K)
[2025-12-29T00:24:15.168+0000][4898.757s][info][gc          ] GC(401) Pause Young (Normal) (G1 Evacuation Pause) 1034M->83M(1588M) 8.760ms
[2025-12-29T00:24:15.169+0000][4898.757s][info][gc,cpu      ] GC(401) User=0.01s Sys=0.00s Real=0.01s
[2025-12-29T00:24:27.760+0000][4911.348s][info][gc,start    ] GC(402) Pause Young (Normal) (G1 Evacuation Pause)
[2025-12-29T00:24:27.761+0000][4911.349s][info][gc,task     ] GC(402) Using 8 workers of 8 for evacuation
[2025-12-29T00:24:27.763+0000][4911.351s][info][gc,phases   ] GC(402)   Pre Evacuate Collection Set: 0.3ms
[2025-12-29T00:24:27.763+0000][4911.351s][info][gc,phases   ] GC(402)   Merge Heap Roots: 0.2ms
[2025-12-29T00:24:27.763+0000][4911.352s][info][gc,phases   ] GC(402)   Evacuate Collection Set: 0.9ms
[2025-12-29T00:24:27.763+0000][4911.352s][info][gc,phases   ] GC(402)   Post Evacuate Collection Set: 0.6ms
[2025-12-29T00:24:27.764+0000][4911.352s][info][gc,phases   ] GC(402)   Other: 1.3ms
[2025-12-29T00:24:27.764+0000][4911.352s][info][gc,heap     ] GC(402) Eden regions: 951->0(951)
[2025-12-29T00:24:27.764+0000][4911.352s][info][gc,heap     ] GC(402) Survivor regions: 1->1(119)
[2025-12-29T00:24:27.764+0000][4911.352s][info][gc,heap     ] GC(402) Old regions: 44->44
[2025-12-29T00:24:27.764+0000][4911.352s][info][gc,heap     ] GC(402) Archive regions: 2->2
[2025-12-29T00:24:27.764+0000][4911.352s][info][gc,heap     ] GC(402) Humongous regions: 39->39
[2025-12-29T00:24:27.764+0000][4911.352s][info][gc,metaspace] GC(402) Metaspace: 75460K(76224K)->75460K(76224K) NonClass: 65245K(65600K)->65245K(65600K) Class: 10215K(10624K)->10215K(10624K)
[2025-12-29T00:24:27.764+0000][4911.352s][info][gc          ] GC(402) Pause Young (Normal) (G1 Evacuation Pause) 1034M->83M(1588M) 4.181ms
[2025-12-29T00:24:27.764+0000][4911.352s][info][gc,cpu      ] GC(402) User=0.01s Sys=0.00s Real=0.01s
[2025-12-29T00:24:40.960+0000][4924.548s][info][gc,start    ] GC(403) Pause Young (Normal) (G1 Evacuation Pause)
[2025-12-29T00:24:40.961+0000][4924.549s][info][gc,task     ] GC(403) Using 8 workers of 8 for evacuation
[2025-12-29T00:24:40.964+0000][4924.552s][info][gc,phases   ] GC(403)   Pre Evacuate Collection Set: 0.4ms
[2025-12-29T00:24:40.964+0000][4924.552s][info][gc,phases   ] GC(403)   Merge Heap Roots: 0.1ms
[2025-12-29T00:24:40.964+0000][4924.552s][info][gc,phases   ] GC(403)   Evacuate Collection Set: 1.4ms
[2025-12-29T00:24:40.964+0000][4924.553s][info][gc,phases   ] GC(403)   Post Evacuate Collection Set: 0.6ms
[2025-12-29T00:24:40.964+0000][4924.553s][info][gc,phases   ] GC(403)   Other: 1.7ms
[2025-12-29T00:24:40.965+0000][4924.553s][info][gc,heap     ] GC(403) Eden regions: 951->0(951)
[2025-12-29T00:24:40.965+0000][4924.553s][info][gc,heap     ] GC(403) Survivor regions: 1->1(119)
[2025-12-29T00:24:40.965+0000][4924.553s][info][gc,heap     ] GC(403) Old regions: 44->44
[2025-12-29T00:24:40.965+0000][4924.553s][info][gc,heap     ] GC(403) Archive regions: 2->2
[2025-12-29T00:24:40.965+0000][4924.553s][info][gc,heap     ] GC(403) Humongous regions: 39->39
[2025-12-29T00:24:40.965+0000][4924.553s][info][gc,metaspace] GC(403) Metaspace: 75460K(76224K)->75460K(76224K) NonClass: 65245K(65600K)->65245K(65600K) Class: 10215K(10624K)->10215K(10624K)
[2025-12-29T00:24:40.965+0000][4924.553s][info][gc          ] GC(403) Pause Young (Normal) (G1 Evacuation Pause) 1034M->83M(1588M) 5.294ms
[2025-12-29T00:24:40.965+0000][4924.553s][info][gc,cpu      ] GC(403) User=0.01s Sys=0.00s Real=0.01s
[2025-12-29T00:24:55.429+0000][4939.017s][info][gc,start    ] GC(404) Pause Young (Normal) (G1 Evacuation Pause)
[2025-12-29T00:24:55.430+0000][4939.018s][info][gc,task     ] GC(404) Using 8 workers of 8 for evacuation
[2025-12-29T00:24:55.435+0000][4939.023s][info][gc,phases   ] GC(404)   Pre Evacuate Collection Set: 0.4ms
[2025-12-29T00:24:55.435+0000][4939.023s][info][gc,phases   ] GC(404)   Merge Heap Roots: 0.4ms
[2025-12-29T00:24:55.435+0000][4939.024s][info][gc,phases   ] GC(404)   Evacuate Collection Set: 2.5ms
[2025-12-29T00:24:55.435+0000][4939.024s][info][gc,phases   ] GC(404)   Post Evacuate Collection Set: 1.1ms
[2025-12-29T00:24:55.436+0000][4939.024s][info][gc,phases   ] GC(404)   Other: 1.9ms
[2025-12-29T00:24:55.436+0000][4939.024s][info][gc,heap     ] GC(404) Eden regions: 951->0(951)
[2025-12-29T00:24:55.436+0000][4939.024s][info][gc,heap     ] GC(404) Survivor regions: 1->1(119)
[2025-12-29T00:24:55.436+0000][4939.024s][info][gc,heap     ] GC(404) Old regions: 44->44
[2025-12-29T00:24:55.436+0000][4939.024s][info][gc,heap     ] GC(404) Archive regions: 2->2
[2025-12-29T00:24:55.436+0000][4939.024s][info][gc,heap     ] GC(404) Humongous regions: 39->39
[2025-12-29T00:24:55.436+0000][4939.025s][info][gc,metaspace] GC(404) Metaspace: 75460K(76224K)->75460K(76224K) NonClass: 65245K(65600K)->65245K(65600K) Class: 10215K(10624K)->10215K(10624K)
[2025-12-29T00:24:55.437+0000][4939.025s][info][gc          ] GC(404) Pause Young (Normal) (G1 Evacuation Pause) 1034M->83M(1588M) 7.572ms
[2025-12-29T00:24:55.437+0000][4939.025s][info][gc,cpu      ] GC(404) User=0.02s Sys=0.00s Real=0.01s
[2025-12-29T00:25:08.426+0000][4952.014s][info][gc,start    ] GC(405) Pause Young (Normal) (G1 Evacuation Pause)
[2025-12-29T00:25:08.426+0000][4952.014s][info][gc,task     ] GC(405) Using 8 workers of 8 for evacuation
[2025-12-29T00:25:08.431+0000][4952.019s][info][gc,phases   ] GC(405)   Pre Evacuate Collection Set: 0.4ms
[2025-12-29T00:25:08.431+0000][4952.019s][info][gc,phases   ] GC(405)   Merge Heap Roots: 0.2ms
[2025-12-29T00:25:08.431+0000][4952.020s][info][gc,phases   ] GC(405)   Evacuate Collection Set: 2.8ms
[2025-12-29T00:25:08.431+0000][4952.020s][info][gc,phases   ] GC(405)   Post Evacuate Collection Set: 1.3ms
[2025-12-29T00:25:08.431+0000][4952.020s][info][gc,phases   ] GC(405)   Other: 0.8ms
[2025-12-29T00:25:08.432+0000][4952.020s][info][gc,heap     ] GC(405) Eden regions: 951->0(951)
[2025-12-29T00:25:08.432+0000][4952.020s][info][gc,heap     ] GC(405) Survivor regions: 1->1(119)
[2025-12-29T00:25:08.432+0000][4952.020s][info][gc,heap     ] GC(405) Old regions: 44->44
[2025-12-29T00:25:08.432+0000][4952.020s][info][gc,heap     ] GC(405) Archive regions: 2->2
[2025-12-29T00:25:08.432+0000][4952.020s][info][gc,heap     ] GC(405) Humongous regions: 39->39
[2025-12-29T00:25:08.432+0000][4952.020s][info][gc,metaspace] GC(405) Metaspace: 75460K(76224K)->75460K(76224K) NonClass: 65245K(65600K)->65245K(65600K) Class: 10215K(10624K)->10215K(10624K)
[2025-12-29T00:25:08.432+0000][4952.020s][info][gc          ] GC(405) Pause Young (Normal) (G1 Evacuation Pause) 1034M->83M(1588M) 6.310ms
[2025-12-29T00:25:08.432+0000][4952.020s][info][gc,cpu      ] GC(405) User=0.03s Sys=0.00s Real=0.01s
[2025-12-29T00:25:21.529+0000][4965.117s][info][gc,start    ] GC(406) Pause Young (Normal) (G1 Evacuation Pause)
[2025-12-29T00:25:21.530+0000][4965.118s][info][gc,task     ] GC(406) Using 8 workers of 8 for evacuation
[2025-12-29T00:25:21.534+0000][4965.122s][info][gc,phases   ] GC(406)   Pre Evacuate Collection Set: 0.4ms
[2025-12-29T00:25:21.534+0000][4965.122s][info][gc,phases   ] GC(406)   Merge Heap Roots: 0.4ms
[2025-12-29T00:25:21.534+0000][4965.123s][info][gc,phases   ] GC(406)   Evacuate Collection Set: 1.8ms
[2025-12-29T00:25:21.535+0000][4965.123s][info][gc,phases   ] GC(406)   Post Evacuate Collection Set: 0.9ms
[2025-12-29T00:25:21.535+0000][4965.123s][info][gc,phases   ] GC(406)   Other: 1.7ms
[2025-12-29T00:25:21.535+0000][4965.123s][info][gc,heap     ] GC(406) Eden regions: 951->0(951)
[2025-12-29T00:25:21.536+0000][4965.124s][info][gc,heap     ] GC(406) Survivor regions: 1->1(119)
[2025-12-29T00:25:21.537+0000][4965.125s][info][gc,heap     ] GC(406) Old regions: 44->44
[2025-12-29T00:25:21.537+0000][4965.125s][info][gc,heap     ] GC(406) Archive regions: 2->2
[2025-12-29T00:25:21.538+0000][4965.126s][info][gc,heap     ] GC(406) Humongous regions: 39->39
[2025-12-29T00:25:21.538+0000][4965.126s][info][gc,metaspace] GC(406) Metaspace: 75460K(76224K)->75460K(76224K) NonClass: 65245K(65600K)->65245K(65600K) Class: 10215K(10624K)->10215K(10624K)
[2025-12-29T00:25:21.538+0000][4965.126s][info][gc          ] GC(406) Pause Young (Normal) (G1 Evacuation Pause) 1034M->83M(1588M) 9.171ms
[2025-12-29T00:25:21.538+0000][4965.127s][info][gc,cpu      ] GC(406) User=0.02s Sys=0.01s Real=0.01s
[2025-12-29T00:25:34.211+0000][4977.799s][info][gc,start    ] GC(407) Pause Young (Normal) (G1 Evacuation Pause)
[2025-12-29T00:25:34.212+0000][4977.800s][info][gc,task     ] GC(407) Using 8 workers of 8 for evacuation
[2025-12-29T00:25:34.215+0000][4977.804s][info][gc,phases   ] GC(407)   Pre Evacuate Collection Set: 0.3ms
[2025-12-29T00:25:34.216+0000][4977.804s][info][gc,phases   ] GC(407)   Merge Heap Roots: 0.3ms
[2025-12-29T00:25:34.216+0000][4977.804s][info][gc,phases   ] GC(407)   Evacuate Collection Set: 1.6ms
[2025-12-29T00:25:34.216+0000][4977.804s][info][gc,phases   ] GC(407)   Post Evacuate Collection Set: 1.1ms
[2025-12-29T00:25:34.216+0000][4977.804s][info][gc,phases   ] GC(407)   Other: 1.6ms
[2025-12-29T00:25:34.216+0000][4977.805s][info][gc,heap     ] GC(407) Eden regions: 951->0(951)
[2025-12-29T00:25:34.217+0000][4977.805s][info][gc,heap     ] GC(407) Survivor regions: 1->1(119)
[2025-12-29T00:25:34.217+0000][4977.805s][info][gc,heap     ] GC(407) Old regions: 44->44
[2025-12-29T00:25:34.217+0000][4977.805s][info][gc,heap     ] GC(407) Archive regions: 2->2
[2025-12-29T00:25:34.217+0000][4977.805s][info][gc,heap     ] GC(407) Humongous regions: 39->39
[2025-12-29T00:25:34.217+0000][4977.805s][info][gc,metaspace] GC(407) Metaspace: 75461K(76224K)->75461K(76224K) NonClass: 65246K(65600K)->65246K(65600K) Class: 10215K(10624K)->10215K(10624K)
[2025-12-29T00:25:34.217+0000][4977.805s][info][gc          ] GC(407) Pause Young (Normal) (G1 Evacuation Pause) 1034M->83M(1588M) 6.331ms
[2025-12-29T00:25:34.217+0000][4977.806s][info][gc,cpu      ] GC(407) User=0.02s Sys=0.00s Real=0.00s
[2025-12-29T00:25:47.324+0000][4990.913s][info][gc,start    ] GC(408) Pause Young (Normal) (G1 Evacuation Pause)
[2025-12-29T00:25:47.325+0000][4990.913s][info][gc,task     ] GC(408) Using 8 workers of 8 for evacuation
[2025-12-29T00:25:47.329+0000][4990.918s][info][gc,phases   ] GC(408)   Pre Evacuate Collection Set: 0.4ms
[2025-12-29T00:25:47.330+0000][4990.918s][info][gc,phases   ] GC(408)   Merge Heap Roots: 0.3ms
[2025-12-29T00:25:47.330+0000][4990.918s][info][gc,phases   ] GC(408)   Evacuate Collection Set: 2.1ms
[2025-12-29T00:25:47.330+0000][4990.918s][info][gc,phases   ] GC(408)   Post Evacuate Collection Set: 0.9ms
[2025-12-29T00:25:47.330+0000][4990.919s][info][gc,phases   ] GC(408)   Other: 1.6ms
[2025-12-29T00:25:47.331+0000][4990.919s][info][gc,heap     ] GC(408) Eden regions: 951->0(951)
[2025-12-29T00:25:47.331+0000][4990.919s][info][gc,heap     ] GC(408) Survivor regions: 1->1(119)
[2025-12-29T00:25:47.331+0000][4990.919s][info][gc,heap     ] GC(408) Old regions: 44->44
[2025-12-29T00:25:47.331+0000][4990.919s][info][gc,heap     ] GC(408) Archive regions: 2->2
[2025-12-29T00:25:47.331+0000][4990.919s][info][gc,heap     ] GC(408) Humongous regions: 39->39
[2025-12-29T00:25:47.332+0000][4990.920s][info][gc,metaspace] GC(408) Metaspace: 75463K(76224K)->75463K(76224K) NonClass: 65248K(65600K)->65248K(65600K) Class: 10215K(10624K)->10215K(10624K)
[2025-12-29T00:25:47.332+0000][4990.920s][info][gc          ] GC(408) Pause Young (Normal) (G1 Evacuation Pause) 1034M->83M(1588M) 7.488ms
[2025-12-29T00:25:47.332+0000][4990.920s][info][gc,cpu      ] GC(408) User=0.02s Sys=0.00s Real=0.01s
[2025-12-29T00:26:00.309+0000][5003.897s][info][gc,start    ] GC(409) Pause Young (Normal) (G1 Evacuation Pause)
[2025-12-29T00:26:00.310+0000][5003.898s][info][gc,task     ] GC(409) Using 8 workers of 8 for evacuation
[2025-12-29T00:26:00.314+0000][5003.903s][info][gc,phases   ] GC(409)   Pre Evacuate Collection Set: 0.5ms
[2025-12-29T00:26:00.315+0000][5003.903s][info][gc,phases   ] GC(409)   Merge Heap Roots: 0.3ms
[2025-12-29T00:26:00.315+0000][5003.903s][info][gc,phases   ] GC(409)   Evacuate Collection Set: 2.3ms
[2025-12-29T00:26:00.315+0000][5003.903s][info][gc,phases   ] GC(409)   Post Evacuate Collection Set: 1.0ms
[2025-12-29T00:26:00.315+0000][5003.903s][info][gc,phases   ] GC(409)   Other: 1.7ms
[2025-12-29T00:26:00.315+0000][5003.903s][info][gc,heap     ] GC(409) Eden regions: 951->0(951)
[2025-12-29T00:26:00.315+0000][5003.903s][info][gc,heap     ] GC(409) Survivor regions: 1->1(119)
[2025-12-29T00:26:00.315+0000][5003.904s][info][gc,heap     ] GC(409) Old regions: 44->44
[2025-12-29T00:26:00.315+0000][5003.904s][info][gc,heap     ] GC(409) Archive regions: 2->2
[2025-12-29T00:26:00.316+0000][5003.904s][info][gc,heap     ] GC(409) Humongous regions: 39->39
[2025-12-29T00:26:00.316+0000][5003.904s][info][gc,metaspace] GC(409) Metaspace: 75463K(76224K)->75463K(76224K) NonClass: 65248K(65600K)->65248K(65600K) Class: 10215K(10624K)->10215K(10624K)
[2025-12-29T00:26:00.316+0000][5003.904s][info][gc          ] GC(409) Pause Young (Normal) (G1 Evacuation Pause) 1034M->83M(1588M) 7.184ms
[2025-12-29T00:26:00.316+0000][5003.904s][info][gc,cpu      ] GC(409) User=0.03s Sys=0.00s Real=0.01s
[2025-12-29T00:26:13.320+0000][5016.908s][info][gc,start    ] GC(410) Pause Young (Normal) (G1 Evacuation Pause)
[2025-12-29T00:26:13.322+0000][5016.910s][info][gc,task     ] GC(410) Using 8 workers of 8 for evacuation
[2025-12-29T00:26:13.325+0000][5016.913s][info][gc,phases   ] GC(410)   Pre Evacuate Collection Set: 0.3ms
[2025-12-29T00:26:13.325+0000][5016.913s][info][gc,phases   ] GC(410)   Merge Heap Roots: 0.2ms
[2025-12-29T00:26:13.325+0000][5016.913s][info][gc,phases   ] GC(410)   Evacuate Collection Set: 1.4ms
[2025-12-29T00:26:13.325+0000][5016.913s][info][gc,phases   ] GC(410)   Post Evacuate Collection Set: 0.8ms
[2025-12-29T00:26:13.325+0000][5016.914s][info][gc,phases   ] GC(410)   Other: 2.0ms
[2025-12-29T00:26:13.326+0000][5016.914s][info][gc,heap     ] GC(410) Eden regions: 951->0(951)
[2025-12-29T00:26:13.326+0000][5016.914s][info][gc,heap     ] GC(410) Survivor regions: 1->1(119)
[2025-12-29T00:26:13.326+0000][5016.914s][info][gc,heap     ] GC(410) Old regions: 44->44
[2025-12-29T00:26:13.326+0000][5016.914s][info][gc,heap     ] GC(410) Archive regions: 2->2
[2025-12-29T00:26:13.326+0000][5016.914s][info][gc,heap     ] GC(410) Humongous regions: 39->39
[2025-12-29T00:26:13.326+0000][5016.914s][info][gc,metaspace] GC(410) Metaspace: 75463K(76224K)->75463K(76224K) NonClass: 65248K(65600K)->65248K(65600K) Class: 10215K(10624K)->10215K(10624K)
[2025-12-29T00:26:13.326+0000][5016.915s][info][gc          ] GC(410) Pause Young (Normal) (G1 Evacuation Pause) 1034M->83M(1588M) 6.167ms
[2025-12-29T00:26:13.327+0000][5016.915s][info][gc,cpu      ] GC(410) User=0.02s Sys=0.00s Real=0.00s
[2025-12-29T00:26:26.108+0000][5029.696s][info][gc,start    ] GC(411) Pause Young (Normal) (G1 Evacuation Pause)
[2025-12-29T00:26:26.109+0000][5029.697s][info][gc,task     ] GC(411) Using 8 workers of 8 for evacuation
[2025-12-29T00:26:26.112+0000][5029.700s][info][gc,phases   ] GC(411)   Pre Evacuate Collection Set: 0.4ms
[2025-12-29T00:26:26.112+0000][5029.700s][info][gc,phases   ] GC(411)   Merge Heap Roots: 0.2ms
[2025-12-29T00:26:26.112+0000][5029.701s][info][gc,phases   ] GC(411)   Evacuate Collection Set: 1.2ms
[2025-12-29T00:26:26.112+0000][5029.701s][info][gc,phases   ] GC(411)   Post Evacuate Collection Set: 0.8ms
[2025-12-29T00:26:26.113+0000][5029.701s][info][gc,phases   ] GC(411)   Other: 1.6ms
[2025-12-29T00:26:26.113+0000][5029.701s][info][gc,heap     ] GC(411) Eden regions: 951->0(951)
[2025-12-29T00:26:26.113+0000][5029.701s][info][gc,heap     ] GC(411) Survivor regions: 1->1(119)
[2025-12-29T00:26:26.113+0000][5029.701s][info][gc,heap     ] GC(411) Old regions: 44->44
[2025-12-29T00:26:26.113+0000][5029.701s][info][gc,heap     ] GC(411) Archive regions: 2->2
[2025-12-29T00:26:26.113+0000][5029.701s][info][gc,heap     ] GC(411) Humongous regions: 39->39
[2025-12-29T00:26:26.113+0000][5029.701s][info][gc,metaspace] GC(411) Metaspace: 75463K(76224K)->75463K(76224K) NonClass: 65248K(65600K)->65248K(65600K) Class: 10215K(10624K)->10215K(10624K)
[2025-12-29T00:26:26.113+0000][5029.701s][info][gc          ] GC(411) Pause Young (Normal) (G1 Evacuation Pause) 1034M->83M(1588M) 5.204ms
[2025-12-29T00:26:26.113+0000][5029.702s][info][gc,cpu      ] GC(411) User=0.01s Sys=0.00s Real=0.01s
[2025-12-29T00:26:40.882+0000][5044.470s][info][gc,start    ] GC(412) Pause Young (Normal) (G1 Evacuation Pause)
[2025-12-29T00:26:40.883+0000][5044.471s][info][gc,task     ] GC(412) Using 8 workers of 8 for evacuation
[2025-12-29T00:26:40.885+0000][5044.474s][info][gc,phases   ] GC(412)   Pre Evacuate Collection Set: 0.3ms
[2025-12-29T00:26:40.885+0000][5044.474s][info][gc,phases   ] GC(412)   Merge Heap Roots: 0.2ms
[2025-12-29T00:26:40.886+0000][5044.474s][info][gc,phases   ] GC(412)   Evacuate Collection Set: 1.3ms
[2025-12-29T00:26:40.886+0000][5044.474s][info][gc,phases   ] GC(412)   Post Evacuate Collection Set: 0.7ms
[2025-12-29T00:26:40.886+0000][5044.474s][info][gc,phases   ] GC(412)   Other: 1.1ms
[2025-12-29T00:26:40.886+0000][5044.474s][info][gc,heap     ] GC(412) Eden regions: 951->0(951)
[2025-12-29T00:26:40.886+0000][5044.474s][info][gc,heap     ] GC(412) Survivor regions: 1->1(119)
[2025-12-29T00:26:40.886+0000][5044.474s][info][gc,heap     ] GC(412) Old regions: 44->44
[2025-12-29T00:26:40.886+0000][5044.474s][info][gc,heap     ] GC(412) Archive regions: 2->2
[2025-12-29T00:26:40.886+0000][5044.475s][info][gc,heap     ] GC(412) Humongous regions: 39->39
[2025-12-29T00:26:40.887+0000][5044.475s][info][gc,metaspace] GC(412) Metaspace: 75463K(76224K)->75463K(76224K) NonClass: 65248K(65600K)->65248K(65600K) Class: 10215K(10624K)->10215K(10624K)
[2025-12-29T00:26:40.887+0000][5044.475s][info][gc          ] GC(412) Pause Young (Normal) (G1 Evacuation Pause) 1034M->83M(1588M) 4.564ms
[2025-12-29T00:26:40.887+0000][5044.475s][info][gc,cpu      ] GC(412) User=0.01s Sys=0.00s Real=0.00s
[2025-12-29T00:26:53.926+0000][5057.514s][info][gc,start    ] GC(413) Pause Young (Normal) (G1 Evacuation Pause)
[2025-12-29T00:26:53.929+0000][5057.517s][info][gc,task     ] GC(413) Using 8 workers of 8 for evacuation
[2025-12-29T00:26:53.932+0000][5057.521s][info][gc,phases   ] GC(413)   Pre Evacuate Collection Set: 0.4ms
[2025-12-29T00:26:53.933+0000][5057.521s][info][gc,phases   ] GC(413)   Merge Heap Roots: 0.3ms
[2025-12-29T00:26:53.933+0000][5057.521s][info][gc,phases   ] GC(413)   Evacuate Collection Set: 1.8ms
[2025-12-29T00:26:53.933+0000][5057.521s][info][gc,phases   ] GC(413)   Post Evacuate Collection Set: 0.9ms
[2025-12-29T00:26:53.933+0000][5057.521s][info][gc,phases   ] GC(413)   Other: 3.5ms
[2025-12-29T00:26:53.933+0000][5057.521s][info][gc,heap     ] GC(413) Eden regions: 951->0(951)
[2025-12-29T00:26:53.933+0000][5057.522s][info][gc,heap     ] GC(413) Survivor regions: 1->1(119)
[2025-12-29T00:26:53.933+0000][5057.522s][info][gc,heap     ] GC(413) Old regions: 44->44
[2025-12-29T00:26:53.934+0000][5057.522s][info][gc,heap     ] GC(413) Archive regions: 2->2
[2025-12-29T00:26:53.934+0000][5057.522s][info][gc,heap     ] GC(413) Humongous regions: 39->39
[2025-12-29T00:26:53.934+0000][5057.522s][info][gc,metaspace] GC(413) Metaspace: 75463K(76224K)->75463K(76224K) NonClass: 65248K(65600K)->65248K(65600K) Class: 10215K(10624K)->10215K(10624K)
[2025-12-29T00:26:53.934+0000][5057.522s][info][gc          ] GC(413) Pause Young (Normal) (G1 Evacuation Pause) 1034M->83M(1588M) 8.552ms
[2025-12-29T00:26:53.934+0000][5057.523s][info][gc,cpu      ] GC(413) User=0.01s Sys=0.00s Real=0.01s
[2025-12-29T00:27:06.933+0000][5070.521s][info][gc,start    ] GC(414) Pause Young (Normal) (G1 Evacuation Pause)
[2025-12-29T00:27:06.934+0000][5070.522s][info][gc,task     ] GC(414) Using 8 workers of 8 for evacuation
[2025-12-29T00:27:06.937+0000][5070.525s][info][gc,phases   ] GC(414)   Pre Evacuate Collection Set: 0.4ms
[2025-12-29T00:27:06.937+0000][5070.525s][info][gc,phases   ] GC(414)   Merge Heap Roots: 0.2ms
[2025-12-29T00:27:06.937+0000][5070.525s][info][gc,phases   ] GC(414)   Evacuate Collection Set: 1.4ms
[2025-12-29T00:27:06.937+0000][5070.525s][info][gc,phases   ] GC(414)   Post Evacuate Collection Set: 0.9ms
[2025-12-29T00:27:06.937+0000][5070.526s][info][gc,phases   ] GC(414)   Other: 1.4ms
[2025-12-29T00:27:06.938+0000][5070.526s][info][gc,heap     ] GC(414) Eden regions: 951->0(951)
[2025-12-29T00:27:06.938+0000][5070.526s][info][gc,heap     ] GC(414) Survivor regions: 1->1(119)
[2025-12-29T00:27:06.938+0000][5070.526s][info][gc,heap     ] GC(414) Old regions: 44->44
[2025-12-29T00:27:06.938+0000][5070.526s][info][gc,heap     ] GC(414) Archive regions: 2->2
[2025-12-29T00:27:06.938+0000][5070.526s][info][gc,heap     ] GC(414) Humongous regions: 39->39
[2025-12-29T00:27:06.938+0000][5070.526s][info][gc,metaspace] GC(414) Metaspace: 75463K(76224K)->75463K(76224K) NonClass: 65248K(65600K)->65248K(65600K) Class: 10215K(10624K)->10215K(10624K)
[2025-12-29T00:27:06.938+0000][5070.526s][info][gc          ] GC(414) Pause Young (Normal) (G1 Evacuation Pause) 1034M->83M(1588M) 5.455ms
[2025-12-29T00:27:06.938+0000][5070.526s][info][gc,cpu      ] GC(414) User=0.01s Sys=0.00s Real=0.00s
[2025-12-29T00:27:19.925+0000][5083.514s][info][gc,start    ] GC(415) Pause Young (Normal) (G1 Evacuation Pause)
[2025-12-29T00:27:19.926+0000][5083.514s][info][gc,task     ] GC(415) Using 8 workers of 8 for evacuation
[2025-12-29T00:27:19.929+0000][5083.517s][info][gc,phases   ] GC(415)   Pre Evacuate Collection Set: 0.3ms
[2025-12-29T00:27:19.929+0000][5083.518s][info][gc,phases   ] GC(415)   Merge Heap Roots: 0.2ms
[2025-12-29T00:27:19.929+0000][5083.518s][info][gc,phases   ] GC(415)   Evacuate Collection Set: 1.7ms
[2025-12-29T00:27:19.929+0000][5083.518s][info][gc,phases   ] GC(415)   Post Evacuate Collection Set: 0.8ms
[2025-12-29T00:27:19.930+0000][5083.518s][info][gc,phases   ] GC(415)   Other: 1.0ms
[2025-12-29T00:27:19.930+0000][5083.518s][info][gc,heap     ] GC(415) Eden regions: 951->0(951)
[2025-12-29T00:27:19.930+0000][5083.518s][info][gc,heap     ] GC(415) Survivor regions: 1->1(119)
[2025-12-29T00:27:19.930+0000][5083.518s][info][gc,heap     ] GC(415) Old regions: 44->44
[2025-12-29T00:27:19.930+0000][5083.518s][info][gc,heap     ] GC(415) Archive regions: 2->2
[2025-12-29T00:27:19.930+0000][5083.518s][info][gc,heap     ] GC(415) Humongous regions: 39->39
[2025-12-29T00:27:19.930+0000][5083.518s][info][gc,metaspace] GC(415) Metaspace: 75463K(76224K)->75463K(76224K) NonClass: 65248K(65600K)->65248K(65600K) Class: 10215K(10624K)->10215K(10624K)
[2025-12-29T00:27:19.930+0000][5083.518s][info][gc          ] GC(415) Pause Young (Normal) (G1 Evacuation Pause) 1034M->83M(1588M) 4.574ms
[2025-12-29T00:27:19.930+0000][5083.518s][info][gc,cpu      ] GC(415) User=0.02s Sys=0.00s Real=0.00s
[2025-12-29T00:27:32.526+0000][5096.114s][info][gc,start    ] GC(416) Pause Young (Normal) (G1 Evacuation Pause)
[2025-12-29T00:27:32.526+0000][5096.114s][info][gc,task     ] GC(416) Using 8 workers of 8 for evacuation
[2025-12-29T00:27:32.529+0000][5096.117s][info][gc,phases   ] GC(416)   Pre Evacuate Collection Set: 0.3ms
[2025-12-29T00:27:32.529+0000][5096.117s][info][gc,phases   ] GC(416)   Merge Heap Roots: 0.1ms
[2025-12-29T00:27:32.529+0000][5096.118s][info][gc,phases   ] GC(416)   Evacuate Collection Set: 1.4ms
[2025-12-29T00:27:32.529+0000][5096.118s][info][gc,phases   ] GC(416)   Post Evacuate Collection Set: 0.7ms
[2025-12-29T00:27:32.530+0000][5096.118s][info][gc,phases   ] GC(416)   Other: 0.7ms
[2025-12-29T00:27:32.530+0000][5096.118s][info][gc,heap     ] GC(416) Eden regions: 951->0(951)
[2025-12-29T00:27:32.530+0000][5096.118s][info][gc,heap     ] GC(416) Survivor regions: 1->1(119)
[2025-12-29T00:27:32.530+0000][5096.118s][info][gc,heap     ] GC(416) Old regions: 44->44
[2025-12-29T00:27:32.530+0000][5096.118s][info][gc,heap     ] GC(416) Archive regions: 2->2
[2025-12-29T00:27:32.530+0000][5096.118s][info][gc,heap     ] GC(416) Humongous regions: 39->39
[2025-12-29T00:27:32.530+0000][5096.118s][info][gc,metaspace] GC(416) Metaspace: 75463K(76224K)->75463K(76224K) NonClass: 65248K(65600K)->65248K(65600K) Class: 10215K(10624K)->10215K(10624K)
[2025-12-29T00:27:32.530+0000][5096.118s][info][gc          ] GC(416) Pause Young (Normal) (G1 Evacuation Pause) 1034M->83M(1588M) 4.094ms
[2025-12-29T00:27:32.530+0000][5096.118s][info][gc,cpu      ] GC(416) User=0.01s Sys=0.00s Real=0.01s
[2025-12-29T00:27:45.657+0000][5109.245s][info][gc,start    ] GC(417) Pause Young (Normal) (G1 Evacuation Pause)
[2025-12-29T00:27:45.658+0000][5109.246s][info][gc,task     ] GC(417) Using 8 workers of 8 for evacuation
[2025-12-29T00:27:45.662+0000][5109.250s][info][gc,phases   ] GC(417)   Pre Evacuate Collection Set: 0.4ms
[2025-12-29T00:27:45.662+0000][5109.250s][info][gc,phases   ] GC(417)   Merge Heap Roots: 0.5ms
[2025-12-29T00:27:45.662+0000][5109.250s][info][gc,phases   ] GC(417)   Evacuate Collection Set: 1.8ms
[2025-12-29T00:27:45.662+0000][5109.251s][info][gc,phases   ] GC(417)   Post Evacuate Collection Set: 1.1ms
[2025-12-29T00:27:45.662+0000][5109.251s][info][gc,phases   ] GC(417)   Other: 1.5ms
[2025-12-29T00:27:45.663+0000][5109.251s][info][gc,heap     ] GC(417) Eden regions: 951->0(951)
[2025-12-29T00:27:45.663+0000][5109.251s][info][gc,heap     ] GC(417) Survivor regions: 1->1(119)
[2025-12-29T00:27:45.663+0000][5109.251s][info][gc,heap     ] GC(417) Old regions: 44->44
[2025-12-29T00:27:45.663+0000][5109.251s][info][gc,heap     ] GC(417) Archive regions: 2->2
[2025-12-29T00:27:45.663+0000][5109.251s][info][gc,heap     ] GC(417) Humongous regions: 39->39
[2025-12-29T00:27:45.663+0000][5109.252s][info][gc,metaspace] GC(417) Metaspace: 75463K(76224K)->75463K(76224K) NonClass: 65248K(65600K)->65248K(65600K) Class: 10215K(10624K)->10215K(10624K)
[2025-12-29T00:27:45.664+0000][5109.252s][info][gc          ] GC(417) Pause Young (Normal) (G1 Evacuation Pause) 1034M->83M(1588M) 6.810ms
[2025-12-29T00:27:45.664+0000][5109.252s][info][gc,cpu      ] GC(417) User=0.02s Sys=0.00s Real=0.01s
[2025-12-29T00:27:58.706+0000][5122.294s][info][gc,start    ] GC(418) Pause Young (Normal) (G1 Evacuation Pause)
[2025-12-29T00:27:58.707+0000][5122.295s][info][gc,task     ] GC(418) Using 8 workers of 8 for evacuation
[2025-12-29T00:27:58.709+0000][5122.297s][info][gc,phases   ] GC(418)   Pre Evacuate Collection Set: 0.2ms
[2025-12-29T00:27:58.709+0000][5122.297s][info][gc,phases   ] GC(418)   Merge Heap Roots: 0.1ms
[2025-12-29T00:27:58.709+0000][5122.298s][info][gc,phases   ] GC(418)   Evacuate Collection Set: 1.2ms
[2025-12-29T00:27:58.709+0000][5122.298s][info][gc,phases   ] GC(418)   Post Evacuate Collection Set: 0.5ms
[2025-12-29T00:27:58.710+0000][5122.298s][info][gc,phases   ] GC(418)   Other: 1.8ms
[2025-12-29T00:27:58.710+0000][5122.298s][info][gc,heap     ] GC(418) Eden regions: 951->0(951)
[2025-12-29T00:27:58.710+0000][5122.298s][info][gc,heap     ] GC(418) Survivor regions: 1->1(119)
[2025-12-29T00:27:58.710+0000][5122.298s][info][gc,heap     ] GC(418) Old regions: 44->44
[2025-12-29T00:27:58.710+0000][5122.298s][info][gc,heap     ] GC(418) Archive regions: 2->2
[2025-12-29T00:27:58.710+0000][5122.298s][info][gc,heap     ] GC(418) Humongous regions: 39->39
[2025-12-29T00:27:58.710+0000][5122.298s][info][gc,metaspace] GC(418) Metaspace: 75463K(76224K)->75463K(76224K) NonClass: 65248K(65600K)->65248K(65600K) Class: 10215K(10624K)->10215K(10624K)
[2025-12-29T00:27:58.710+0000][5122.299s][info][gc          ] GC(418) Pause Young (Normal) (G1 Evacuation Pause) 1034M->83M(1588M) 4.810ms
[2025-12-29T00:27:58.711+0000][5122.299s][info][gc,cpu      ] GC(418) User=0.01s Sys=0.00s Real=0.01s
[2025-12-29T00:28:11.644+0000][5135.232s][info][gc,start    ] GC(419) Pause Young (Normal) (G1 Evacuation Pause)
[2025-12-29T00:28:11.645+0000][5135.233s][info][gc,task     ] GC(419) Using 8 workers of 8 for evacuation
[2025-12-29T00:28:11.648+0000][5135.236s][info][gc,phases   ] GC(419)   Pre Evacuate Collection Set: 0.3ms
[2025-12-29T00:28:11.648+0000][5135.236s][info][gc,phases   ] GC(419)   Merge Heap Roots: 0.2ms
[2025-12-29T00:28:11.648+0000][5135.236s][info][gc,phases   ] GC(419)   Evacuate Collection Set: 1.4ms
[2025-12-29T00:28:11.648+0000][5135.237s][info][gc,phases   ] GC(419)   Post Evacuate Collection Set: 0.7ms
[2025-12-29T00:28:11.649+0000][5135.237s][info][gc,phases   ] GC(419)   Other: 1.6ms
[2025-12-29T00:28:11.649+0000][5135.237s][info][gc,heap     ] GC(419) Eden regions: 951->0(951)
[2025-12-29T00:28:11.649+0000][5135.237s][info][gc,heap     ] GC(419) Survivor regions: 1->1(119)
[2025-12-29T00:28:11.649+0000][5135.237s][info][gc,heap     ] GC(419) Old regions: 44->44
[2025-12-29T00:28:11.649+0000][5135.237s][info][gc,heap     ] GC(419) Archive regions: 2->2
[2025-12-29T00:28:11.649+0000][5135.237s][info][gc,heap     ] GC(419) Humongous regions: 39->39
[2025-12-29T00:28:11.649+0000][5135.237s][info][gc,metaspace] GC(419) Metaspace: 75479K(76288K)->75479K(76288K) NonClass: 65264K(65664K)->65264K(65664K) Class: 10215K(10624K)->10215K(10624K)
[2025-12-29T00:28:11.649+0000][5135.238s][info][gc          ] GC(419) Pause Young (Normal) (G1 Evacuation Pause) 1034M->83M(1588M) 5.663ms
[2025-12-29T00:28:11.650+0000][5135.238s][info][gc,cpu      ] GC(419) User=0.01s Sys=0.01s Real=0.00s
[2025-12-29T00:28:25.940+0000][5149.529s][info][gc,start    ] GC(420) Pause Young (Normal) (G1 Evacuation Pause)
[2025-12-29T00:28:25.942+0000][5149.530s][info][gc,task     ] GC(420) Using 8 workers of 8 for evacuation
[2025-12-29T00:28:25.946+0000][5149.534s][info][gc,phases   ] GC(420)   Pre Evacuate Collection Set: 0.4ms
[2025-12-29T00:28:25.946+0000][5149.534s][info][gc,phases   ] GC(420)   Merge Heap Roots: 0.3ms
[2025-12-29T00:28:25.946+0000][5149.534s][info][gc,phases   ] GC(420)   Evacuate Collection Set: 2.0ms
[2025-12-29T00:28:25.946+0000][5149.535s][info][gc,phases   ] GC(420)   Post Evacuate Collection Set: 1.1ms
[2025-12-29T00:28:25.947+0000][5149.535s][info][gc,phases   ] GC(420)   Other: 1.8ms
[2025-12-29T00:28:25.947+0000][5149.535s][info][gc,heap     ] GC(420) Eden regions: 951->0(951)
[2025-12-29T00:28:25.947+0000][5149.535s][info][gc,heap     ] GC(420) Survivor regions: 1->1(119)
[2025-12-29T00:28:25.947+0000][5149.535s][info][gc,heap     ] GC(420) Old regions: 44->44
[2025-12-29T00:28:25.947+0000][5149.535s][info][gc,heap     ] GC(420) Archive regions: 2->2
[2025-12-29T00:28:25.947+0000][5149.535s][info][gc,heap     ] GC(420) Humongous regions: 39->39
[2025-12-29T00:28:25.947+0000][5149.536s][info][gc,metaspace] GC(420) Metaspace: 75481K(76288K)->75481K(76288K) NonClass: 65265K(65664K)->65265K(65664K) Class: 10215K(10624K)->10215K(10624K)
[2025-12-29T00:28:25.948+0000][5149.536s][info][gc          ] GC(420) Pause Young (Normal) (G1 Evacuation Pause) 1034M->83M(1588M) 7.165ms
[2025-12-29T00:28:25.948+0000][5149.536s][info][gc,cpu      ] GC(420) User=0.02s Sys=0.00s Real=0.00s
[2025-12-29T00:28:39.224+0000][5162.812s][info][gc,start    ] GC(421) Pause Young (Normal) (G1 Evacuation Pause)
[2025-12-29T00:28:39.225+0000][5162.813s][info][gc,task     ] GC(421) Using 8 workers of 8 for evacuation
[2025-12-29T00:28:39.230+0000][5162.818s][info][gc,phases   ] GC(421)   Pre Evacuate Collection Set: 0.4ms
[2025-12-29T00:28:39.230+0000][5162.818s][info][gc,phases   ] GC(421)   Merge Heap Roots: 0.3ms
[2025-12-29T00:28:39.230+0000][5162.819s][info][gc,phases   ] GC(421)   Evacuate Collection Set: 2.5ms
[2025-12-29T00:28:39.230+0000][5162.819s][info][gc,phases   ] GC(421)   Post Evacuate Collection Set: 1.3ms
[2025-12-29T00:28:39.231+0000][5162.819s][info][gc,phases   ] GC(421)   Other: 1.8ms
[2025-12-29T00:28:39.231+0000][5162.819s][info][gc,heap     ] GC(421) Eden regions: 951->0(951)
[2025-12-29T00:28:39.231+0000][5162.819s][info][gc,heap     ] GC(421) Survivor regions: 1->1(119)
[2025-12-29T00:28:39.231+0000][5162.819s][info][gc,heap     ] GC(421) Old regions: 44->44
[2025-12-29T00:28:39.231+0000][5162.819s][info][gc,heap     ] GC(421) Archive regions: 2->2
[2025-12-29T00:28:39.231+0000][5162.819s][info][gc,heap     ] GC(421) Humongous regions: 39->39
[2025-12-29T00:28:39.231+0000][5162.819s][info][gc,metaspace] GC(421) Metaspace: 75481K(76288K)->75481K(76288K) NonClass: 65265K(65664K)->65265K(65664K) Class: 10215K(10624K)->10215K(10624K)
[2025-12-29T00:28:39.231+0000][5162.820s][info][gc          ] GC(421) Pause Young (Normal) (G1 Evacuation Pause) 1034M->83M(1588M) 7.443ms
[2025-12-29T00:28:39.232+0000][5162.820s][info][gc,cpu      ] GC(421) User=0.02s Sys=0.00s Real=0.01s
[2025-12-29T00:28:52.290+0000][5175.878s][info][gc,start    ] GC(422) Pause Young (Normal) (G1 Evacuation Pause)
[2025-12-29T00:28:52.291+0000][5175.879s][info][gc,task     ] GC(422) Using 8 workers of 8 for evacuation
[2025-12-29T00:28:52.295+0000][5175.883s][info][gc,phases   ] GC(422)   Pre Evacuate Collection Set: 0.5ms
[2025-12-29T00:28:52.296+0000][5175.884s][info][gc,phases   ] GC(422)   Merge Heap Roots: 0.3ms
[2025-12-29T00:28:52.296+0000][5175.884s][info][gc,phases   ] GC(422)   Evacuate Collection Set: 1.9ms
[2025-12-29T00:28:52.296+0000][5175.884s][info][gc,phases   ] GC(422)   Post Evacuate Collection Set: 1.2ms
[2025-12-29T00:28:52.296+0000][5175.884s][info][gc,phases   ] GC(422)   Other: 2.0ms
[2025-12-29T00:28:52.296+0000][5175.884s][info][gc,heap     ] GC(422) Eden regions: 951->0(951)
[2025-12-29T00:28:52.296+0000][5175.884s][info][gc,heap     ] GC(422) Survivor regions: 1->1(119)
[2025-12-29T00:28:52.296+0000][5175.885s][info][gc,heap     ] GC(422) Old regions: 44->44
[2025-12-29T00:28:52.297+0000][5175.885s][info][gc,heap     ] GC(422) Archive regions: 2->2
[2025-12-29T00:28:52.297+0000][5175.885s][info][gc,heap     ] GC(422) Humongous regions: 39->39
[2025-12-29T00:28:52.297+0000][5175.885s][info][gc,metaspace] GC(422) Metaspace: 75481K(76288K)->75481K(76288K) NonClass: 65265K(65664K)->65265K(65664K) Class: 10215K(10624K)->10215K(10624K)
[2025-12-29T00:28:52.297+0000][5175.885s][info][gc          ] GC(422) Pause Young (Normal) (G1 Evacuation Pause) 1034M->83M(1588M) 7.439ms
[2025-12-29T00:28:52.297+0000][5175.885s][info][gc,cpu      ] GC(422) User=0.01s Sys=0.01s Real=0.01s
[2025-12-29T00:29:05.222+0000][5188.810s][info][gc,start    ] GC(423) Pause Young (Normal) (G1 Evacuation Pause)
[2025-12-29T00:29:05.223+0000][5188.811s][info][gc,task     ] GC(423) Using 8 workers of 8 for evacuation
[2025-12-29T00:29:05.228+0000][5188.816s][info][gc,phases   ] GC(423)   Pre Evacuate Collection Set: 0.5ms
[2025-12-29T00:29:05.228+0000][5188.816s][info][gc,phases   ] GC(423)   Merge Heap Roots: 0.2ms
[2025-12-29T00:29:05.228+0000][5188.816s][info][gc,phases   ] GC(423)   Evacuate Collection Set: 2.1ms
[2025-12-29T00:29:05.228+0000][5188.817s][info][gc,phases   ] GC(423)   Post Evacuate Collection Set: 1.4ms
[2025-12-29T00:29:05.228+0000][5188.817s][info][gc,phases   ] GC(423)   Other: 1.4ms
[2025-12-29T00:29:05.229+0000][5188.817s][info][gc,heap     ] GC(423) Eden regions: 951->0(951)
[2025-12-29T00:29:05.229+0000][5188.817s][info][gc,heap     ] GC(423) Survivor regions: 1->1(119)
[2025-12-29T00:29:05.229+0000][5188.817s][info][gc,heap     ] GC(423) Old regions: 44->44
[2025-12-29T00:29:05.229+0000][5188.817s][info][gc,heap     ] GC(423) Archive regions: 2->2
[2025-12-29T00:29:05.229+0000][5188.817s][info][gc,heap     ] GC(423) Humongous regions: 39->39
[2025-12-29T00:29:05.230+0000][5188.818s][info][gc,metaspace] GC(423) Metaspace: 75481K(76288K)->75481K(76288K) NonClass: 65265K(65664K)->65265K(65664K) Class: 10215K(10624K)->10215K(10624K)
[2025-12-29T00:29:05.230+0000][5188.818s][info][gc          ] GC(423) Pause Young (Normal) (G1 Evacuation Pause) 1034M->83M(1588M) 7.635ms
[2025-12-29T00:29:05.230+0000][5188.818s][info][gc,cpu      ] GC(423) User=0.01s Sys=0.00s Real=0.00s
[2025-12-29T00:29:18.118+0000][5201.706s][info][gc,start    ] GC(424) Pause Young (Normal) (G1 Evacuation Pause)
[2025-12-29T00:29:18.119+0000][5201.707s][info][gc,task     ] GC(424) Using 8 workers of 8 for evacuation
[2025-12-29T00:29:18.122+0000][5201.710s][info][gc,phases   ] GC(424)   Pre Evacuate Collection Set: 0.3ms
[2025-12-29T00:29:18.122+0000][5201.710s][info][gc,phases   ] GC(424)   Merge Heap Roots: 0.3ms
[2025-12-29T00:29:18.122+0000][5201.711s][info][gc,phases   ] GC(424)   Evacuate Collection Set: 1.6ms
[2025-12-29T00:29:18.123+0000][5201.711s][info][gc,phases   ] GC(424)   Post Evacuate Collection Set: 0.9ms
[2025-12-29T00:29:18.123+0000][5201.711s][info][gc,phases   ] GC(424)   Other: 1.6ms
[2025-12-29T00:29:18.123+0000][5201.711s][info][gc,heap     ] GC(424) Eden regions: 951->0(951)
[2025-12-29T00:29:18.123+0000][5201.711s][info][gc,heap     ] GC(424) Survivor regions: 1->1(119)
[2025-12-29T00:29:18.123+0000][5201.711s][info][gc,heap     ] GC(424) Old regions: 44->44
[2025-12-29T00:29:18.123+0000][5201.711s][info][gc,heap     ] GC(424) Archive regions: 2->2
[2025-12-29T00:29:18.123+0000][5201.712s][info][gc,heap     ] GC(424) Humongous regions: 39->39
[2025-12-29T00:29:18.123+0000][5201.712s][info][gc,metaspace] GC(424) Metaspace: 75481K(76288K)->75481K(76288K) NonClass: 65265K(65664K)->65265K(65664K) Class: 10215K(10624K)->10215K(10624K)
[2025-12-29T00:29:18.124+0000][5201.712s][info][gc          ] GC(424) Pause Young (Normal) (G1 Evacuation Pause) 1034M->83M(1588M) 6.123ms
[2025-12-29T00:29:18.124+0000][5201.712s][info][gc,cpu      ] GC(424) User=0.01s Sys=0.01s Real=0.01s
[2025-12-29T00:29:30.930+0000][5214.518s][info][gc,start    ] GC(425) Pause Young (Normal) (G1 Evacuation Pause)
[2025-12-29T00:29:30.931+0000][5214.519s][info][gc,task     ] GC(425) Using 8 workers of 8 for evacuation
[2025-12-29T00:29:30.934+0000][5214.522s][info][gc,phases   ] GC(425)   Pre Evacuate Collection Set: 0.4ms
[2025-12-29T00:29:30.934+0000][5214.523s][info][gc,phases   ] GC(425)   Merge Heap Roots: 0.3ms
[2025-12-29T00:29:30.934+0000][5214.523s][info][gc,phases   ] GC(425)   Evacuate Collection Set: 1.4ms
[2025-12-29T00:29:30.935+0000][5214.523s][info][gc,phases   ] GC(425)   Post Evacuate Collection Set: 1.0ms
[2025-12-29T00:29:30.935+0000][5214.523s][info][gc,phases   ] GC(425)   Other: 1.7ms
[2025-12-29T00:29:30.935+0000][5214.523s][info][gc,heap     ] GC(425) Eden regions: 951->0(951)
[2025-12-29T00:29:30.935+0000][5214.523s][info][gc,heap     ] GC(425) Survivor regions: 1->1(119)
[2025-12-29T00:29:30.935+0000][5214.523s][info][gc,heap     ] GC(425) Old regions: 44->44
[2025-12-29T00:29:30.935+0000][5214.524s][info][gc,heap     ] GC(425) Archive regions: 2->2
[2025-12-29T00:29:30.935+0000][5214.524s][info][gc,heap     ] GC(425) Humongous regions: 39->39
[2025-12-29T00:29:30.936+0000][5214.524s][info][gc,metaspace] GC(425) Metaspace: 75481K(76288K)->75481K(76288K) NonClass: 65265K(65664K)->65265K(65664K) Class: 10215K(10624K)->10215K(10624K)
[2025-12-29T00:29:30.936+0000][5214.524s][info][gc          ] GC(425) Pause Young (Normal) (G1 Evacuation Pause) 1034M->83M(1588M) 6.248ms
[2025-12-29T00:29:30.936+0000][5214.524s][info][gc,cpu      ] GC(425) User=0.01s Sys=0.00s Real=0.01s
[2025-12-29T00:29:43.940+0000][5227.528s][info][gc,start    ] GC(426) Pause Young (Normal) (G1 Evacuation Pause)
[2025-12-29T00:29:43.942+0000][5227.530s][info][gc,task     ] GC(426) Using 8 workers of 8 for evacuation
[2025-12-29T00:29:43.945+0000][5227.533s][info][gc,phases   ] GC(426)   Pre Evacuate Collection Set: 0.3ms
[2025-12-29T00:29:43.945+0000][5227.533s][info][gc,phases   ] GC(426)   Merge Heap Roots: 0.2ms
[2025-12-29T00:29:43.945+0000][5227.533s][info][gc,phases   ] GC(426)   Evacuate Collection Set: 1.5ms
[2025-12-29T00:29:43.945+0000][5227.533s][info][gc,phases   ] GC(426)   Post Evacuate Collection Set: 0.7ms
[2025-12-29T00:29:43.945+0000][5227.534s][info][gc,phases   ] GC(426)   Other: 2.2ms
[2025-12-29T00:29:43.945+0000][5227.534s][info][gc,heap     ] GC(426) Eden regions: 951->0(951)
[2025-12-29T00:29:43.946+0000][5227.534s][info][gc,heap     ] GC(426) Survivor regions: 1->1(119)
[2025-12-29T00:29:43.946+0000][5227.534s][info][gc,heap     ] GC(426) Old regions: 44->44
[2025-12-29T00:29:43.946+0000][5227.534s][info][gc,heap     ] GC(426) Archive regions: 2->2
[2025-12-29T00:29:43.946+0000][5227.534s][info][gc,heap     ] GC(426) Humongous regions: 39->39
[2025-12-29T00:29:43.946+0000][5227.534s][info][gc,metaspace] GC(426) Metaspace: 75483K(76288K)->75483K(76288K) NonClass: 65268K(65664K)->65268K(65664K) Class: 10215K(10624K)->10215K(10624K)
[2025-12-29T00:29:43.946+0000][5227.535s][info][gc          ] GC(426) Pause Young (Normal) (G1 Evacuation Pause) 1034M->83M(1588M) 6.583ms
[2025-12-29T00:29:43.947+0000][5227.535s][info][gc,cpu      ] GC(426) User=0.01s Sys=0.00s Real=0.01s
[2025-12-29T00:29:57.390+0000][5240.978s][info][gc,start    ] GC(427) Pause Young (Normal) (G1 Evacuation Pause)
[2025-12-29T00:29:57.392+0000][5240.980s][info][gc,task     ] GC(427) Using 8 workers of 8 for evacuation
[2025-12-29T00:29:57.398+0000][5240.986s][info][gc,phases   ] GC(427)   Pre Evacuate Collection Set: 0.6ms
[2025-12-29T00:29:57.398+0000][5240.986s][info][gc,phases   ] GC(427)   Merge Heap Roots: 0.2ms
[2025-12-29T00:29:57.398+0000][5240.986s][info][gc,phases   ] GC(427)   Evacuate Collection Set: 2.8ms
[2025-12-29T00:29:57.398+0000][5240.986s][info][gc,phases   ] GC(427)   Post Evacuate Collection Set: 1.4ms
[2025-12-29T00:29:57.398+0000][5240.987s][info][gc,phases   ] GC(427)   Other: 2.9ms
[2025-12-29T00:29:57.398+0000][5240.987s][info][gc,heap     ] GC(427) Eden regions: 951->0(951)
[2025-12-29T00:29:57.399+0000][5240.987s][info][gc,heap     ] GC(427) Survivor regions: 1->1(119)
[2025-12-29T00:29:57.399+0000][5240.987s][info][gc,heap     ] GC(427) Old regions: 44->44
[2025-12-29T00:29:57.399+0000][5240.987s][info][gc,heap     ] GC(427) Archive regions: 2->2
[2025-12-29T00:29:57.399+0000][5240.987s][info][gc,heap     ] GC(427) Humongous regions: 39->39
[2025-12-29T00:29:57.399+0000][5240.987s][info][gc,metaspace] GC(427) Metaspace: 75483K(76288K)->75483K(76288K) NonClass: 65268K(65664K)->65268K(65664K) Class: 10215K(10624K)->10215K(10624K)
[2025-12-29T00:29:57.399+0000][5240.987s][info][gc          ] GC(427) Pause Young (Normal) (G1 Evacuation Pause) 1034M->83M(1588M) 9.181ms
[2025-12-29T00:29:57.399+0000][5240.988s][info][gc,cpu      ] GC(427) User=0.02s Sys=0.00s Real=0.01s
[2025-12-29T00:30:10.963+0000][5254.551s][info][gc,start    ] GC(428) Pause Young (Normal) (G1 Evacuation Pause)
[2025-12-29T00:30:10.964+0000][5254.552s][info][gc,task     ] GC(428) Using 8 workers of 8 for evacuation
[2025-12-29T00:30:10.967+0000][5254.555s][info][gc,phases   ] GC(428)   Pre Evacuate Collection Set: 0.4ms
[2025-12-29T00:30:10.967+0000][5254.555s][info][gc,phases   ] GC(428)   Merge Heap Roots: 0.2ms
[2025-12-29T00:30:10.967+0000][5254.555s][info][gc,phases   ] GC(428)   Evacuate Collection Set: 1.3ms
[2025-12-29T00:30:10.967+0000][5254.555s][info][gc,phases   ] GC(428)   Post Evacuate Collection Set: 0.6ms
[2025-12-29T00:30:10.967+0000][5254.555s][info][gc,phases   ] GC(428)   Other: 0.9ms
[2025-12-29T00:30:10.967+0000][5254.555s][info][gc,heap     ] GC(428) Eden regions: 951->0(951)
[2025-12-29T00:30:10.967+0000][5254.555s][info][gc,heap     ] GC(428) Survivor regions: 1->1(119)
[2025-12-29T00:30:10.967+0000][5254.555s][info][gc,heap     ] GC(428) Old regions: 44->44
[2025-12-29T00:30:10.967+0000][5254.556s][info][gc,heap     ] GC(428) Archive regions: 2->2
[2025-12-29T00:30:10.967+0000][5254.556s][info][gc,heap     ] GC(428) Humongous regions: 39->39
[2025-12-29T00:30:10.968+0000][5254.556s][info][gc,metaspace] GC(428) Metaspace: 75483K(76288K)->75483K(76288K) NonClass: 65268K(65664K)->65268K(65664K) Class: 10215K(10624K)->10215K(10624K)
[2025-12-29T00:30:10.968+0000][5254.556s][info][gc          ] GC(428) Pause Young (Normal) (G1 Evacuation Pause) 1034M->83M(1588M) 4.476ms
[2025-12-29T00:30:10.968+0000][5254.556s][info][gc,cpu      ] GC(428) User=0.01s Sys=0.01s Real=0.00s
[2025-12-29T00:30:24.956+0000][5268.544s][info][gc,start    ] GC(429) Pause Young (Normal) (G1 Evacuation Pause)
[2025-12-29T00:30:24.956+0000][5268.545s][info][gc,task     ] GC(429) Using 8 workers of 8 for evacuation
[2025-12-29T00:30:24.959+0000][5268.547s][info][gc,phases   ] GC(429)   Pre Evacuate Collection Set: 0.3ms
[2025-12-29T00:30:24.959+0000][5268.547s][info][gc,phases   ] GC(429)   Merge Heap Roots: 0.1ms
[2025-12-29T00:30:24.959+0000][5268.547s][info][gc,phases   ] GC(429)   Evacuate Collection Set: 1.1ms
[2025-12-29T00:30:24.959+0000][5268.547s][info][gc,phases   ] GC(429)   Post Evacuate Collection Set: 0.7ms
[2025-12-29T00:30:24.959+0000][5268.547s][info][gc,phases   ] GC(429)   Other: 0.8ms
[2025-12-29T00:30:24.959+0000][5268.547s][info][gc,heap     ] GC(429) Eden regions: 951->0(951)
[2025-12-29T00:30:24.959+0000][5268.547s][info][gc,heap     ] GC(429) Survivor regions: 1->1(119)
[2025-12-29T00:30:24.959+0000][5268.547s][info][gc,heap     ] GC(429) Old regions: 44->44
[2025-12-29T00:30:24.959+0000][5268.547s][info][gc,heap     ] GC(429) Archive regions: 2->2
[2025-12-29T00:30:24.959+0000][5268.548s][info][gc,heap     ] GC(429) Humongous regions: 39->39
[2025-12-29T00:30:24.959+0000][5268.548s][info][gc,metaspace] GC(429) Metaspace: 75483K(76288K)->75483K(76288K) NonClass: 65268K(65664K)->65268K(65664K) Class: 10215K(10624K)->10215K(10624K)
[2025-12-29T00:30:24.959+0000][5268.548s][info][gc          ] GC(429) Pause Young (Normal) (G1 Evacuation Pause) 1034M->83M(1588M) 3.535ms
[2025-12-29T00:30:24.960+0000][5268.548s][info][gc,cpu      ] GC(429) User=0.01s Sys=0.00s Real=0.00s
[2025-12-29T00:30:37.859+0000][5281.447s][info][gc,start    ] GC(430) Pause Young (Normal) (G1 Evacuation Pause)
[2025-12-29T00:30:37.860+0000][5281.448s][info][gc,task     ] GC(430) Using 8 workers of 8 for evacuation
[2025-12-29T00:30:37.864+0000][5281.452s][info][gc,phases   ] GC(430)   Pre Evacuate Collection Set: 0.3ms
[2025-12-29T00:30:37.865+0000][5281.453s][info][gc,phases   ] GC(430)   Merge Heap Roots: 0.1ms
[2025-12-29T00:30:37.865+0000][5281.453s][info][gc,phases   ] GC(430)   Evacuate Collection Set: 2.8ms
[2025-12-29T00:30:37.866+0000][5281.454s][info][gc,phases   ] GC(430)   Post Evacuate Collection Set: 1.0ms
[2025-12-29T00:30:37.866+0000][5281.454s][info][gc,phases   ] GC(430)   Other: 1.0ms
[2025-12-29T00:30:37.866+0000][5281.454s][info][gc,heap     ] GC(430) Eden regions: 951->0(951)
[2025-12-29T00:30:37.866+0000][5281.455s][info][gc,heap     ] GC(430) Survivor regions: 1->1(119)
[2025-12-29T00:30:37.867+0000][5281.455s][info][gc,heap     ] GC(430) Old regions: 44->44
[2025-12-29T00:30:37.867+0000][5281.455s][info][gc,heap     ] GC(430) Archive regions: 2->2
[2025-12-29T00:30:37.867+0000][5281.455s][info][gc,heap     ] GC(430) Humongous regions: 39->39
[2025-12-29T00:30:37.868+0000][5281.456s][info][gc,metaspace] GC(430) Metaspace: 75483K(76288K)->75483K(76288K) NonClass: 65268K(65664K)->65268K(65664K) Class: 10215K(10624K)->10215K(10624K)
[2025-12-29T00:30:37.868+0000][5281.456s][info][gc          ] GC(430) Pause Young (Normal) (G1 Evacuation Pause) 1034M->83M(1588M) 8.683ms
[2025-12-29T00:30:37.868+0000][5281.456s][info][gc,cpu      ] GC(430) User=0.02s Sys=0.00s Real=0.01s
[2025-12-29T00:30:51.089+0000][5294.677s][info][gc,start    ] GC(431) Pause Young (Normal) (G1 Evacuation Pause)
[2025-12-29T00:30:51.089+0000][5294.678s][info][gc,task     ] GC(431) Using 8 workers of 8 for evacuation
[2025-12-29T00:30:51.092+0000][5294.680s][info][gc,phases   ] GC(431)   Pre Evacuate Collection Set: 0.2ms
[2025-12-29T00:30:51.092+0000][5294.681s][info][gc,phases   ] GC(431)   Merge Heap Roots: 0.2ms
[2025-12-29T00:30:51.092+0000][5294.681s][info][gc,phases   ] GC(431)   Evacuate Collection Set: 1.6ms
[2025-12-29T00:30:51.092+0000][5294.681s][info][gc,phases   ] GC(431)   Post Evacuate Collection Set: 0.7ms
[2025-12-29T00:30:51.093+0000][5294.681s][info][gc,phases   ] GC(431)   Other: 0.6ms
[2025-12-29T00:30:51.093+0000][5294.681s][info][gc,heap     ] GC(431) Eden regions: 951->0(951)
[2025-12-29T00:30:51.093+0000][5294.681s][info][gc,heap     ] GC(431) Survivor regions: 1->1(119)
[2025-12-29T00:30:51.093+0000][5294.681s][info][gc,heap     ] GC(431) Old regions: 44->44
[2025-12-29T00:30:51.093+0000][5294.681s][info][gc,heap     ] GC(431) Archive regions: 2->2
[2025-12-29T00:30:51.093+0000][5294.681s][info][gc,heap     ] GC(431) Humongous regions: 39->39
[2025-12-29T00:30:51.093+0000][5294.681s][info][gc,metaspace] GC(431) Metaspace: 75483K(76288K)->75483K(76288K) NonClass: 65268K(65664K)->65268K(65664K) Class: 10215K(10624K)->10215K(10624K)
[2025-12-29T00:30:51.093+0000][5294.681s][info][gc          ] GC(431) Pause Young (Normal) (G1 Evacuation Pause) 1034M->83M(1588M) 3.783ms
[2025-12-29T00:30:51.093+0000][5294.681s][info][gc,cpu      ] GC(431) User=0.01s Sys=0.00s Real=0.01s
[2025-12-29T00:31:04.111+0000][5307.700s][info][gc,start    ] GC(432) Pause Young (Normal) (G1 Evacuation Pause)
[2025-12-29T00:31:04.113+0000][5307.701s][info][gc,task     ] GC(432) Using 8 workers of 8 for evacuation
[2025-12-29T00:31:04.115+0000][5307.704s][info][gc,phases   ] GC(432)   Pre Evacuate Collection Set: 0.4ms
[2025-12-29T00:31:04.116+0000][5307.704s][info][gc,phases   ] GC(432)   Merge Heap Roots: 0.2ms
[2025-12-29T00:31:04.116+0000][5307.704s][info][gc,phases   ] GC(432)   Evacuate Collection Set: 1.2ms
[2025-12-29T00:31:04.116+0000][5307.704s][info][gc,phases   ] GC(432)   Post Evacuate Collection Set: 0.6ms
[2025-12-29T00:31:04.116+0000][5307.704s][info][gc,phases   ] GC(432)   Other: 1.7ms
[2025-12-29T00:31:04.116+0000][5307.704s][info][gc,heap     ] GC(432) Eden regions: 951->0(951)
[2025-12-29T00:31:04.116+0000][5307.704s][info][gc,heap     ] GC(432) Survivor regions: 1->1(119)
[2025-12-29T00:31:04.116+0000][5307.705s][info][gc,heap     ] GC(432) Old regions: 44->44
[2025-12-29T00:31:04.117+0000][5307.705s][info][gc,heap     ] GC(432) Archive regions: 2->2
[2025-12-29T00:31:04.117+0000][5307.705s][info][gc,heap     ] GC(432) Humongous regions: 39->39
[2025-12-29T00:31:04.117+0000][5307.705s][info][gc,metaspace] GC(432) Metaspace: 75483K(76288K)->75483K(76288K) NonClass: 65268K(65664K)->65268K(65664K) Class: 10215K(10624K)->10215K(10624K)
[2025-12-29T00:31:04.117+0000][5307.705s][info][gc          ] GC(432) Pause Young (Normal) (G1 Evacuation Pause) 1034M->83M(1588M) 5.577ms
[2025-12-29T00:31:04.117+0000][5307.705s][info][gc,cpu      ] GC(432) User=0.02s Sys=0.00s Real=0.00s
[2025-12-29T00:31:17.196+0000][5320.784s][info][gc,start    ] GC(433) Pause Young (Normal) (G1 Evacuation Pause)
[2025-12-29T00:31:17.197+0000][5320.785s][info][gc,task     ] GC(433) Using 8 workers of 8 for evacuation
[2025-12-29T00:31:17.199+0000][5320.788s][info][gc,phases   ] GC(433)   Pre Evacuate Collection Set: 0.3ms
[2025-12-29T00:31:17.199+0000][5320.788s][info][gc,phases   ] GC(433)   Merge Heap Roots: 0.2ms
[2025-12-29T00:31:17.200+0000][5320.788s][info][gc,phases   ] GC(433)   Evacuate Collection Set: 1.2ms
[2025-12-29T00:31:17.200+0000][5320.788s][info][gc,phases   ] GC(433)   Post Evacuate Collection Set: 0.6ms
[2025-12-29T00:31:17.200+0000][5320.788s][info][gc,phases   ] GC(433)   Other: 1.4ms
[2025-12-29T00:31:17.200+0000][5320.788s][info][gc,heap     ] GC(433) Eden regions: 951->0(951)
[2025-12-29T00:31:17.200+0000][5320.788s][info][gc,heap     ] GC(433) Survivor regions: 1->1(119)
[2025-12-29T00:31:17.200+0000][5320.788s][info][gc,heap     ] GC(433) Old regions: 44->44
[2025-12-29T00:31:17.200+0000][5320.788s][info][gc,heap     ] GC(433) Archive regions: 2->2
[2025-12-29T00:31:17.200+0000][5320.788s][info][gc,heap     ] GC(433) Humongous regions: 39->39
[2025-12-29T00:31:17.200+0000][5320.788s][info][gc,metaspace] GC(433) Metaspace: 75483K(76288K)->75483K(76288K) NonClass: 65268K(65664K)->65268K(65664K) Class: 10215K(10624K)->10215K(10624K)
[2025-12-29T00:31:17.200+0000][5320.788s][info][gc          ] GC(433) Pause Young (Normal) (G1 Evacuation Pause) 1034M->83M(1588M) 4.352ms
[2025-12-29T00:31:17.200+0000][5320.789s][info][gc,cpu      ] GC(433) User=0.01s Sys=0.00s Real=0.01s
[2025-12-29T00:31:30.110+0000][5333.699s][info][gc,start    ] GC(434) Pause Young (Normal) (G1 Evacuation Pause)
[2025-12-29T00:31:30.112+0000][5333.700s][info][gc,task     ] GC(434) Using 8 workers of 8 for evacuation
[2025-12-29T00:31:30.115+0000][5333.703s][info][gc,phases   ] GC(434)   Pre Evacuate Collection Set: 0.4ms
[2025-12-29T00:31:30.116+0000][5333.704s][info][gc,phases   ] GC(434)   Merge Heap Roots: 0.2ms
[2025-12-29T00:31:30.116+0000][5333.704s][info][gc,phases   ] GC(434)   Evacuate Collection Set: 1.5ms
[2025-12-29T00:31:30.116+0000][5333.704s][info][gc,phases   ] GC(434)   Post Evacuate Collection Set: 1.0ms
[2025-12-29T00:31:30.116+0000][5333.704s][info][gc,phases   ] GC(434)   Other: 2.0ms
[2025-12-29T00:31:30.116+0000][5333.704s][info][gc,heap     ] GC(434) Eden regions: 951->0(951)
[2025-12-29T00:31:30.116+0000][5333.705s][info][gc,heap     ] GC(434) Survivor regions: 1->1(119)
[2025-12-29T00:31:30.116+0000][5333.705s][info][gc,heap     ] GC(434) Old regions: 44->44
[2025-12-29T00:31:30.117+0000][5333.705s][info][gc,heap     ] GC(434) Archive regions: 2->2
[2025-12-29T00:31:30.117+0000][5333.705s][info][gc,heap     ] GC(434) Humongous regions: 39->39
[2025-12-29T00:31:30.117+0000][5333.705s][info][gc,metaspace] GC(434) Metaspace: 75484K(76288K)->75484K(76288K) NonClass: 65268K(65664K)->65268K(65664K) Class: 10216K(10624K)->10216K(10624K)
[2025-12-29T00:31:30.117+0000][5333.705s][info][gc          ] GC(434) Pause Young (Normal) (G1 Evacuation Pause) 1034M->83M(1588M) 6.733ms
[2025-12-29T00:31:30.117+0000][5333.706s][info][gc,cpu      ] GC(434) User=0.01s Sys=0.00s Real=0.00s
[2025-12-29T00:31:43.239+0000][5346.827s][info][gc,start    ] GC(435) Pause Young (Normal) (G1 Evacuation Pause)
[2025-12-29T00:31:43.242+0000][5346.830s][info][gc,task     ] GC(435) Using 8 workers of 8 for evacuation
[2025-12-29T00:31:43.245+0000][5346.833s][info][gc,phases   ] GC(435)   Pre Evacuate Collection Set: 0.3ms
[2025-12-29T00:31:43.245+0000][5346.833s][info][gc,phases   ] GC(435)   Merge Heap Roots: 0.2ms
[2025-12-29T00:31:43.245+0000][5346.833s][info][gc,phases   ] GC(435)   Evacuate Collection Set: 1.6ms
[2025-12-29T00:31:43.245+0000][5346.833s][info][gc,phases   ] GC(435)   Post Evacuate Collection Set: 0.7ms
[2025-12-29T00:31:43.245+0000][5346.833s][info][gc,phases   ] GC(435)   Other: 3.5ms
[2025-12-29T00:31:43.245+0000][5346.834s][info][gc,heap     ] GC(435) Eden regions: 951->0(951)
[2025-12-29T00:31:43.245+0000][5346.834s][info][gc,heap     ] GC(435) Survivor regions: 1->1(119)
[2025-12-29T00:31:43.246+0000][5346.834s][info][gc,heap     ] GC(435) Old regions: 44->44
[2025-12-29T00:31:43.246+0000][5346.834s][info][gc,heap     ] GC(435) Archive regions: 2->2
[2025-12-29T00:31:43.246+0000][5346.834s][info][gc,heap     ] GC(435) Humongous regions: 39->39
[2025-12-29T00:31:43.246+0000][5346.834s][info][gc,metaspace] GC(435) Metaspace: 75484K(76288K)->75484K(76288K) NonClass: 65268K(65664K)->65268K(65664K) Class: 10216K(10624K)->10216K(10624K)
[2025-12-29T00:31:43.246+0000][5346.834s][info][gc          ] GC(435) Pause Young (Normal) (G1 Evacuation Pause) 1034M->83M(1588M) 7.071ms
[2025-12-29T00:31:43.246+0000][5346.834s][info][gc,cpu      ] GC(435) User=0.01s Sys=0.00s Real=0.01s
[2025-12-29T00:31:56.581+0000][5360.170s][info][gc,start    ] GC(436) Pause Young (Normal) (G1 Evacuation Pause)
[2025-12-29T00:31:56.582+0000][5360.171s][info][gc,task     ] GC(436) Using 8 workers of 8 for evacuation
[2025-12-29T00:31:56.586+0000][5360.174s][info][gc,phases   ] GC(436)   Pre Evacuate Collection Set: 0.5ms
[2025-12-29T00:31:56.586+0000][5360.174s][info][gc,phases   ] GC(436)   Merge Heap Roots: 0.3ms
[2025-12-29T00:31:56.586+0000][5360.174s][info][gc,phases   ] GC(436)   Evacuate Collection Set: 1.7ms
[2025-12-29T00:31:56.586+0000][5360.174s][info][gc,phases   ] GC(436)   Post Evacuate Collection Set: 0.6ms
[2025-12-29T00:31:56.586+0000][5360.175s][info][gc,phases   ] GC(436)   Other: 1.5ms
[2025-12-29T00:31:56.587+0000][5360.175s][info][gc,heap     ] GC(436) Eden regions: 951->0(951)
[2025-12-29T00:31:56.587+0000][5360.175s][info][gc,heap     ] GC(436) Survivor regions: 1->1(119)
[2025-12-29T00:31:56.587+0000][5360.175s][info][gc,heap     ] GC(436) Old regions: 44->44
[2025-12-29T00:31:56.587+0000][5360.175s][info][gc,heap     ] GC(436) Archive regions: 2->2
[2025-12-29T00:31:56.587+0000][5360.175s][info][gc,heap     ] GC(436) Humongous regions: 39->39
[2025-12-29T00:31:56.587+0000][5360.175s][info][gc,metaspace] GC(436) Metaspace: 75484K(76288K)->75484K(76288K) NonClass: 65268K(65664K)->65268K(65664K) Class: 10216K(10624K)->10216K(10624K)
[2025-12-29T00:31:56.587+0000][5360.175s][info][gc          ] GC(436) Pause Young (Normal) (G1 Evacuation Pause) 1034M->83M(1588M) 5.729ms
[2025-12-29T00:31:56.587+0000][5360.176s][info][gc,cpu      ] GC(436) User=0.01s Sys=0.00s Real=0.00s
[2025-12-29T00:32:10.967+0000][5374.555s][info][gc,start    ] GC(437) Pause Young (Normal) (G1 Evacuation Pause)
[2025-12-29T00:32:10.969+0000][5374.557s][info][gc,task     ] GC(437) Using 8 workers of 8 for evacuation
[2025-12-29T00:32:10.972+0000][5374.561s][info][gc,phases   ] GC(437)   Pre Evacuate Collection Set: 0.6ms
[2025-12-29T00:32:10.973+0000][5374.561s][info][gc,phases   ] GC(437)   Merge Heap Roots: 0.3ms
[2025-12-29T00:32:10.973+0000][5374.561s][info][gc,phases   ] GC(437)   Evacuate Collection Set: 1.5ms
[2025-12-29T00:32:10.973+0000][5374.561s][info][gc,phases   ] GC(437)   Post Evacuate Collection Set: 0.9ms
[2025-12-29T00:32:10.973+0000][5374.561s][info][gc,phases   ] GC(437)   Other: 2.1ms
[2025-12-29T00:32:10.973+0000][5374.561s][info][gc,heap     ] GC(437) Eden regions: 951->0(951)
[2025-12-29T00:32:10.973+0000][5374.561s][info][gc,heap     ] GC(437) Survivor regions: 1->1(119)
[2025-12-29T00:32:10.973+0000][5374.561s][info][gc,heap     ] GC(437) Old regions: 44->44
[2025-12-29T00:32:10.973+0000][5374.561s][info][gc,heap     ] GC(437) Archive regions: 2->2
[2025-12-29T00:32:10.973+0000][5374.562s][info][gc,heap     ] GC(437) Humongous regions: 39->39
[2025-12-29T00:32:10.973+0000][5374.562s][info][gc,metaspace] GC(437) Metaspace: 75484K(76288K)->75484K(76288K) NonClass: 65268K(65664K)->65268K(65664K) Class: 10216K(10624K)->10216K(10624K)
[2025-12-29T00:32:10.974+0000][5374.562s][info][gc          ] GC(437) Pause Young (Normal) (G1 Evacuation Pause) 1034M->83M(1588M) 6.451ms
[2025-12-29T00:32:10.974+0000][5374.562s][info][gc,cpu      ] GC(437) User=0.02s Sys=0.00s Real=0.01s
[2025-12-29T00:32:24.586+0000][5388.174s][info][gc,start    ] GC(438) Pause Young (Normal) (G1 Evacuation Pause)
[2025-12-29T00:32:24.586+0000][5388.175s][info][gc,task     ] GC(438) Using 8 workers of 8 for evacuation
[2025-12-29T00:32:24.590+0000][5388.178s][info][gc,phases   ] GC(438)   Pre Evacuate Collection Set: 0.3ms
[2025-12-29T00:32:24.591+0000][5388.179s][info][gc,phases   ] GC(438)   Merge Heap Roots: 0.2ms
[2025-12-29T00:32:24.591+0000][5388.179s][info][gc,phases   ] GC(438)   Evacuate Collection Set: 2.0ms
[2025-12-29T00:32:24.591+0000][5388.179s][info][gc,phases   ] GC(438)   Post Evacuate Collection Set: 1.1ms
[2025-12-29T00:32:24.591+0000][5388.179s][info][gc,phases   ] GC(438)   Other: 0.7ms
[2025-12-29T00:32:24.591+0000][5388.180s][info][gc,heap     ] GC(438) Eden regions: 951->0(951)
[2025-12-29T00:32:24.592+0000][5388.180s][info][gc,heap     ] GC(438) Survivor regions: 1->1(119)
[2025-12-29T00:32:24.592+0000][5388.180s][info][gc,heap     ] GC(438) Old regions: 44->44
[2025-12-29T00:32:24.592+0000][5388.180s][info][gc,heap     ] GC(438) Archive regions: 2->2
[2025-12-29T00:32:24.592+0000][5388.180s][info][gc,heap     ] GC(438) Humongous regions: 39->39
[2025-12-29T00:32:24.592+0000][5388.180s][info][gc,metaspace] GC(438) Metaspace: 75484K(76288K)->75484K(76288K) NonClass: 65268K(65664K)->65268K(65664K) Class: 10216K(10624K)->10216K(10624K)
[2025-12-29T00:32:24.592+0000][5388.181s][info][gc          ] GC(438) Pause Young (Normal) (G1 Evacuation Pause) 1034M->83M(1588M) 6.385ms
[2025-12-29T00:32:24.593+0000][5388.181s][info][gc,cpu      ] GC(438) User=0.01s Sys=0.00s Real=0.01s
[2025-12-29T00:32:37.555+0000][5401.143s][info][gc,start    ] GC(439) Pause Young (Normal) (G1 Evacuation Pause)
[2025-12-29T00:32:37.555+0000][5401.143s][info][gc,task     ] GC(439) Using 8 workers of 8 for evacuation
[2025-12-29T00:32:37.561+0000][5401.149s][info][gc,phases   ] GC(439)   Pre Evacuate Collection Set: 0.5ms
[2025-12-29T00:32:37.561+0000][5401.150s][info][gc,phases   ] GC(439)   Merge Heap Roots: 0.4ms
[2025-12-29T00:32:37.561+0000][5401.150s][info][gc,phases   ] GC(439)   Evacuate Collection Set: 3.5ms
[2025-12-29T00:32:37.562+0000][5401.150s][info][gc,phases   ] GC(439)   Post Evacuate Collection Set: 1.4ms
[2025-12-29T00:32:37.562+0000][5401.150s][info][gc,phases   ] GC(439)   Other: 1.4ms
[2025-12-29T00:32:37.562+0000][5401.150s][info][gc,heap     ] GC(439) Eden regions: 951->0(951)
[2025-12-29T00:32:37.562+0000][5401.150s][info][gc,heap     ] GC(439) Survivor regions: 1->1(119)
[2025-12-29T00:32:37.562+0000][5401.150s][info][gc,heap     ] GC(439) Old regions: 44->44
[2025-12-29T00:32:37.562+0000][5401.150s][info][gc,heap     ] GC(439) Archive regions: 2->2
[2025-12-29T00:32:37.562+0000][5401.150s][info][gc,heap     ] GC(439) Humongous regions: 39->39
[2025-12-29T00:32:37.562+0000][5401.150s][info][gc,metaspace] GC(439) Metaspace: 75484K(76288K)->75484K(76288K) NonClass: 65268K(65664K)->65268K(65664K) Class: 10216K(10624K)->10216K(10624K)
[2025-12-29T00:32:37.562+0000][5401.150s][info][gc          ] GC(439) Pause Young (Normal) (G1 Evacuation Pause) 1034M->83M(1588M) 7.584ms
[2025-12-29T00:32:37.562+0000][5401.151s][info][gc,cpu      ] GC(439) User=0.04s Sys=0.00s Real=0.01s
[2025-12-29T00:32:50.776+0000][5414.364s][info][gc,start    ] GC(440) Pause Young (Normal) (G1 Evacuation Pause)
[2025-12-29T00:32:50.776+0000][5414.364s][info][gc,task     ] GC(440) Using 8 workers of 8 for evacuation
[2025-12-29T00:32:50.779+0000][5414.367s][info][gc,phases   ] GC(440)   Pre Evacuate Collection Set: 0.3ms
[2025-12-29T00:32:50.779+0000][5414.367s][info][gc,phases   ] GC(440)   Merge Heap Roots: 0.2ms
[2025-12-29T00:32:50.779+0000][5414.367s][info][gc,phases   ] GC(440)   Evacuate Collection Set: 1.3ms
[2025-12-29T00:32:50.779+0000][5414.367s][info][gc,phases   ] GC(440)   Post Evacuate Collection Set: 0.6ms
[2025-12-29T00:32:50.779+0000][5414.367s][info][gc,phases   ] GC(440)   Other: 0.8ms
[2025-12-29T00:32:50.779+0000][5414.367s][info][gc,heap     ] GC(440) Eden regions: 951->0(951)
[2025-12-29T00:32:50.779+0000][5414.368s][info][gc,heap     ] GC(440) Survivor regions: 1->1(119)
[2025-12-29T00:32:50.779+0000][5414.368s][info][gc,heap     ] GC(440) Old regions: 44->44
[2025-12-29T00:32:50.779+0000][5414.368s][info][gc,heap     ] GC(440) Archive regions: 2->2
[2025-12-29T00:32:50.780+0000][5414.368s][info][gc,heap     ] GC(440) Humongous regions: 39->39
[2025-12-29T00:32:50.780+0000][5414.368s][info][gc,metaspace] GC(440) Metaspace: 75484K(76288K)->75484K(76288K) NonClass: 65268K(65664K)->65268K(65664K) Class: 10216K(10624K)->10216K(10624K)
[2025-12-29T00:32:50.780+0000][5414.368s][info][gc          ] GC(440) Pause Young (Normal) (G1 Evacuation Pause) 1034M->83M(1588M) 3.954ms
[2025-12-29T00:32:50.780+0000][5414.368s][info][gc,cpu      ] GC(440) User=0.01s Sys=0.00s Real=0.00s
[2025-12-29T00:33:03.982+0000][5427.570s][info][gc,start    ] GC(441) Pause Young (Normal) (G1 Evacuation Pause)
[2025-12-29T00:33:03.984+0000][5427.572s][info][gc,task     ] GC(441) Using 8 workers of 8 for evacuation
[2025-12-29T00:33:03.987+0000][5427.575s][info][gc,phases   ] GC(441)   Pre Evacuate Collection Set: 0.4ms
[2025-12-29T00:33:03.987+0000][5427.575s][info][gc,phases   ] GC(441)   Merge Heap Roots: 0.2ms
[2025-12-29T00:33:03.987+0000][5427.575s][info][gc,phases   ] GC(441)   Evacuate Collection Set: 1.2ms
[2025-12-29T00:33:03.987+0000][5427.575s][info][gc,phases   ] GC(441)   Post Evacuate Collection Set: 0.6ms
[2025-12-29T00:33:03.987+0000][5427.575s][info][gc,phases   ] GC(441)   Other: 2.2ms
[2025-12-29T00:33:03.987+0000][5427.575s][info][gc,heap     ] GC(441) Eden regions: 951->0(951)
[2025-12-29T00:33:03.987+0000][5427.575s][info][gc,heap     ] GC(441) Survivor regions: 1->1(119)
[2025-12-29T00:33:03.987+0000][5427.575s][info][gc,heap     ] GC(441) Old regions: 44->44
[2025-12-29T00:33:03.987+0000][5427.575s][info][gc,heap     ] GC(441) Archive regions: 2->2
[2025-12-29T00:33:03.987+0000][5427.575s][info][gc,heap     ] GC(441) Humongous regions: 39->39
[2025-12-29T00:33:03.987+0000][5427.575s][info][gc,metaspace] GC(441) Metaspace: 75484K(76288K)->75484K(76288K) NonClass: 65268K(65664K)->65268K(65664K) Class: 10216K(10624K)->10216K(10624K)
[2025-12-29T00:33:03.987+0000][5427.575s][info][gc          ] GC(441) Pause Young (Normal) (G1 Evacuation Pause) 1034M->83M(1588M) 5.064ms
[2025-12-29T00:33:03.987+0000][5427.576s][info][gc,cpu      ] GC(441) User=0.01s Sys=0.01s Real=0.00s
[2025-12-29T00:33:17.101+0000][5440.689s][info][gc,start    ] GC(442) Pause Young (Normal) (G1 Evacuation Pause)
[2025-12-29T00:33:17.101+0000][5440.690s][info][gc,task     ] GC(442) Using 8 workers of 8 for evacuation
[2025-12-29T00:33:17.104+0000][5440.692s][info][gc,phases   ] GC(442)   Pre Evacuate Collection Set: 0.3ms
[2025-12-29T00:33:17.104+0000][5440.692s][info][gc,phases   ] GC(442)   Merge Heap Roots: 0.1ms
[2025-12-29T00:33:17.104+0000][5440.692s][info][gc,phases   ] GC(442)   Evacuate Collection Set: 1.2ms
[2025-12-29T00:33:17.104+0000][5440.693s][info][gc,phases   ] GC(442)   Post Evacuate Collection Set: 0.7ms
[2025-12-29T00:33:17.104+0000][5440.693s][info][gc,phases   ] GC(442)   Other: 0.7ms
[2025-12-29T00:33:17.105+0000][5440.693s][info][gc,heap     ] GC(442) Eden regions: 951->0(951)
[2025-12-29T00:33:17.105+0000][5440.693s][info][gc,heap     ] GC(442) Survivor regions: 1->1(119)
[2025-12-29T00:33:17.105+0000][5440.693s][info][gc,heap     ] GC(442) Old regions: 44->44
[2025-12-29T00:33:17.105+0000][5440.693s][info][gc,heap     ] GC(442) Archive regions: 2->2
[2025-12-29T00:33:17.105+0000][5440.693s][info][gc,heap     ] GC(442) Humongous regions: 39->39
[2025-12-29T00:33:17.105+0000][5440.693s][info][gc,metaspace] GC(442) Metaspace: 75484K(76288K)->75484K(76288K) NonClass: 65268K(65664K)->65268K(65664K) Class: 10216K(10624K)->10216K(10624K)
[2025-12-29T00:33:17.105+0000][5440.694s][info][gc          ] GC(442) Pause Young (Normal) (G1 Evacuation Pause) 1034M->83M(1588M) 4.331ms
[2025-12-29T00:33:17.106+0000][5440.694s][info][gc,cpu      ] GC(442) User=0.00s Sys=0.00s Real=0.00s
[2025-12-29T00:33:29.810+0000][5453.398s][info][gc,start    ] GC(443) Pause Young (Normal) (G1 Evacuation Pause)
[2025-12-29T00:33:29.811+0000][5453.399s][info][gc,task     ] GC(443) Using 8 workers of 8 for evacuation
[2025-12-29T00:33:29.814+0000][5453.403s][info][gc,phases   ] GC(443)   Pre Evacuate Collection Set: 0.4ms
[2025-12-29T00:33:29.815+0000][5453.403s][info][gc,phases   ] GC(443)   Merge Heap Roots: 0.2ms
[2025-12-29T00:33:29.815+0000][5453.403s][info][gc,phases   ] GC(443)   Evacuate Collection Set: 1.6ms
[2025-12-29T00:33:29.815+0000][5453.403s][info][gc,phases   ] GC(443)   Post Evacuate Collection Set: 0.8ms
[2025-12-29T00:33:29.815+0000][5453.403s][info][gc,phases   ] GC(443)   Other: 1.7ms
[2025-12-29T00:33:29.815+0000][5453.403s][info][gc,heap     ] GC(443) Eden regions: 951->0(951)
[2025-12-29T00:33:29.815+0000][5453.403s][info][gc,heap     ] GC(443) Survivor regions: 1->1(119)
[2025-12-29T00:33:29.815+0000][5453.403s][info][gc,heap     ] GC(443) Old regions: 44->44
[2025-12-29T00:33:29.815+0000][5453.404s][info][gc,heap     ] GC(443) Archive regions: 2->2
[2025-12-29T00:33:29.815+0000][5453.404s][info][gc,heap     ] GC(443) Humongous regions: 39->39
[2025-12-29T00:33:29.816+0000][5453.404s][info][gc,metaspace] GC(443) Metaspace: 75484K(76288K)->75484K(76288K) NonClass: 65268K(65664K)->65268K(65664K) Class: 10216K(10624K)->10216K(10624K)
[2025-12-29T00:33:29.816+0000][5453.404s][info][gc          ] GC(443) Pause Young (Normal) (G1 Evacuation Pause) 1034M->83M(1588M) 5.704ms
[2025-12-29T00:33:29.816+0000][5453.404s][info][gc,cpu      ] GC(443) User=0.01s Sys=0.00s Real=0.01s
[2025-12-29T00:33:42.905+0000][5466.493s][info][gc,start    ] GC(444) Pause Young (Normal) (G1 Evacuation Pause)
[2025-12-29T00:33:42.906+0000][5466.494s][info][gc,task     ] GC(444) Using 8 workers of 8 for evacuation
[2025-12-29T00:33:42.909+0000][5466.497s][info][gc,phases   ] GC(444)   Pre Evacuate Collection Set: 0.3ms
[2025-12-29T00:33:42.909+0000][5466.497s][info][gc,phases   ] GC(444)   Merge Heap Roots: 0.2ms
[2025-12-29T00:33:42.909+0000][5466.497s][info][gc,phases   ] GC(444)   Evacuate Collection Set: 1.4ms
[2025-12-29T00:33:42.909+0000][5466.498s][info][gc,phases   ] GC(444)   Post Evacuate Collection Set: 0.7ms
[2025-12-29T00:33:42.909+0000][5466.498s][info][gc,phases   ] GC(444)   Other: 1.3ms
[2025-12-29T00:33:42.910+0000][5466.498s][info][gc,heap     ] GC(444) Eden regions: 951->0(951)
[2025-12-29T00:33:42.910+0000][5466.498s][info][gc,heap     ] GC(444) Survivor regions: 1->1(119)
[2025-12-29T00:33:42.910+0000][5466.498s][info][gc,heap     ] GC(444) Old regions: 44->44
[2025-12-29T00:33:42.910+0000][5466.498s][info][gc,heap     ] GC(444) Archive regions: 2->2
[2025-12-29T00:33:42.910+0000][5466.498s][info][gc,heap     ] GC(444) Humongous regions: 39->39
[2025-12-29T00:33:42.910+0000][5466.498s][info][gc,metaspace] GC(444) Metaspace: 75484K(76288K)->75484K(76288K) NonClass: 65268K(65664K)->65268K(65664K) Class: 10216K(10624K)->10216K(10624K)
[2025-12-29T00:33:42.910+0000][5466.498s][info][gc          ] GC(444) Pause Young (Normal) (G1 Evacuation Pause) 1034M->83M(1588M) 4.917ms
[2025-12-29T00:33:42.910+0000][5466.498s][info][gc,cpu      ] GC(444) User=0.02s Sys=0.00s Real=0.01s
[2025-12-29T00:33:56.206+0000][5479.794s][info][gc,start    ] GC(445) Pause Young (Normal) (G1 Evacuation Pause)
[2025-12-29T00:33:56.206+0000][5479.795s][info][gc,task     ] GC(445) Using 8 workers of 8 for evacuation
[2025-12-29T00:33:56.214+0000][5479.802s][info][gc,phases   ] GC(445)   Pre Evacuate Collection Set: 0.3ms
[2025-12-29T00:33:56.214+0000][5479.802s][info][gc,phases   ] GC(445)   Merge Heap Roots: 0.2ms
[2025-12-29T00:33:56.214+0000][5479.802s][info][gc,phases   ] GC(445)   Evacuate Collection Set: 4.1ms
[2025-12-29T00:33:56.214+0000][5479.802s][info][gc,phases   ] GC(445)   Post Evacuate Collection Set: 2.3ms
[2025-12-29T00:33:56.214+0000][5479.802s][info][gc,phases   ] GC(445)   Other: 1.2ms
[2025-12-29T00:33:56.214+0000][5479.802s][info][gc,heap     ] GC(445) Eden regions: 951->0(951)
[2025-12-29T00:33:56.214+0000][5479.802s][info][gc,heap     ] GC(445) Survivor regions: 1->1(119)
[2025-12-29T00:33:56.214+0000][5479.802s][info][gc,heap     ] GC(445) Old regions: 44->44
[2025-12-29T00:33:56.214+0000][5479.803s][info][gc,heap     ] GC(445) Archive regions: 2->2
[2025-12-29T00:33:56.214+0000][5479.803s][info][gc,heap     ] GC(445) Humongous regions: 39->39
[2025-12-29T00:33:56.214+0000][5479.803s][info][gc,metaspace] GC(445) Metaspace: 75484K(76288K)->75484K(76288K) NonClass: 65268K(65664K)->65268K(65664K) Class: 10216K(10624K)->10216K(10624K)
[2025-12-29T00:33:56.215+0000][5479.803s][info][gc          ] GC(445) Pause Young (Normal) (G1 Evacuation Pause) 1034M->83M(1588M) 9.087ms
[2025-12-29T00:33:56.215+0000][5479.803s][info][gc,cpu      ] GC(445) User=0.04s Sys=0.00s Real=0.01s
[2025-12-29T00:34:10.949+0000][5494.537s][info][gc,start    ] GC(446) Pause Young (Normal) (G1 Evacuation Pause)
[2025-12-29T00:34:10.950+0000][5494.538s][info][gc,task     ] GC(446) Using 8 workers of 8 for evacuation
[2025-12-29T00:34:10.954+0000][5494.542s][info][gc,phases   ] GC(446)   Pre Evacuate Collection Set: 0.6ms
[2025-12-29T00:34:10.954+0000][5494.543s][info][gc,phases   ] GC(446)   Merge Heap Roots: 0.5ms
[2025-12-29T00:34:10.955+0000][5494.543s][info][gc,phases   ] GC(446)   Evacuate Collection Set: 1.9ms
[2025-12-29T00:34:10.955+0000][5494.543s][info][gc,phases   ] GC(446)   Post Evacuate Collection Set: 1.0ms
[2025-12-29T00:34:10.955+0000][5494.543s][info][gc,phases   ] GC(446)   Other: 1.8ms
[2025-12-29T00:34:10.955+0000][5494.543s][info][gc,heap     ] GC(446) Eden regions: 951->0(951)
[2025-12-29T00:34:10.955+0000][5494.543s][info][gc,heap     ] GC(446) Survivor regions: 1->1(119)
[2025-12-29T00:34:10.955+0000][5494.544s][info][gc,heap     ] GC(446) Old regions: 44->44
[2025-12-29T00:34:10.955+0000][5494.544s][info][gc,heap     ] GC(446) Archive regions: 2->2
[2025-12-29T00:34:10.956+0000][5494.544s][info][gc,heap     ] GC(446) Humongous regions: 39->39
[2025-12-29T00:34:10.956+0000][5494.544s][info][gc,metaspace] GC(446) Metaspace: 75484K(76288K)->75484K(76288K) NonClass: 65268K(65664K)->65268K(65664K) Class: 10216K(10624K)->10216K(10624K)
[2025-12-29T00:34:10.956+0000][5494.544s][info][gc          ] GC(446) Pause Young (Normal) (G1 Evacuation Pause) 1034M->83M(1588M) 7.283ms
[2025-12-29T00:34:10.956+0000][5494.544s][info][gc,cpu      ] GC(446) User=0.02s Sys=0.01s Real=0.01s
[2025-12-29T00:34:24.170+0000][5507.758s][info][gc,start    ] GC(447) Pause Young (Normal) (G1 Evacuation Pause)
[2025-12-29T00:34:24.171+0000][5507.760s][info][gc,task     ] GC(447) Using 8 workers of 8 for evacuation
[2025-12-29T00:34:24.175+0000][5507.763s][info][gc,phases   ] GC(447)   Pre Evacuate Collection Set: 0.3ms
[2025-12-29T00:34:24.175+0000][5507.763s][info][gc,phases   ] GC(447)   Merge Heap Roots: 0.2ms
[2025-12-29T00:34:24.175+0000][5507.764s][info][gc,phases   ] GC(447)   Evacuate Collection Set: 1.7ms
[2025-12-29T00:34:24.175+0000][5507.764s][info][gc,phases   ] GC(447)   Post Evacuate Collection Set: 0.7ms
[2025-12-29T00:34:24.176+0000][5507.764s][info][gc,phases   ] GC(447)   Other: 2.1ms
[2025-12-29T00:34:24.176+0000][5507.764s][info][gc,heap     ] GC(447) Eden regions: 951->0(951)
[2025-12-29T00:34:24.176+0000][5507.764s][info][gc,heap     ] GC(447) Survivor regions: 1->1(119)
[2025-12-29T00:34:24.176+0000][5507.764s][info][gc,heap     ] GC(447) Old regions: 44->44
[2025-12-29T00:34:24.176+0000][5507.764s][info][gc,heap     ] GC(447) Archive regions: 2->2
[2025-12-29T00:34:24.176+0000][5507.764s][info][gc,heap     ] GC(447) Humongous regions: 39->39
[2025-12-29T00:34:24.176+0000][5507.764s][info][gc,metaspace] GC(447) Metaspace: 75484K(76288K)->75484K(76288K) NonClass: 65268K(65664K)->65268K(65664K) Class: 10216K(10624K)->10216K(10624K)
[2025-12-29T00:34:24.176+0000][5507.764s][info][gc          ] GC(447) Pause Young (Normal) (G1 Evacuation Pause) 1034M->83M(1588M) 5.931ms
[2025-12-29T00:34:24.176+0000][5507.765s][info][gc,cpu      ] GC(447) User=0.01s Sys=0.00s Real=0.00s
[2025-12-29T00:34:37.004+0000][5520.592s][info][gc,start    ] GC(448) Pause Young (Normal) (G1 Evacuation Pause)
[2025-12-29T00:34:37.005+0000][5520.593s][info][gc,task     ] GC(448) Using 8 workers of 8 for evacuation
[2025-12-29T00:34:37.007+0000][5520.595s][info][gc,phases   ] GC(448)   Pre Evacuate Collection Set: 0.2ms
[2025-12-29T00:34:37.007+0000][5520.596s][info][gc,phases   ] GC(448)   Merge Heap Roots: 0.1ms
[2025-12-29T00:34:37.008+0000][5520.596s][info][gc,phases   ] GC(448)   Evacuate Collection Set: 1.2ms
[2025-12-29T00:34:37.008+0000][5520.596s][info][gc,phases   ] GC(448)   Post Evacuate Collection Set: 0.7ms
[2025-12-29T00:34:37.008+0000][5520.596s][info][gc,phases   ] GC(448)   Other: 1.1ms
[2025-12-29T00:34:37.008+0000][5520.596s][info][gc,heap     ] GC(448) Eden regions: 951->0(951)
[2025-12-29T00:34:37.008+0000][5520.596s][info][gc,heap     ] GC(448) Survivor regions: 1->1(119)
[2025-12-29T00:34:37.008+0000][5520.596s][info][gc,heap     ] GC(448) Old regions: 44->44
[2025-12-29T00:34:37.008+0000][5520.596s][info][gc,heap     ] GC(448) Archive regions: 2->2
[2025-12-29T00:34:37.008+0000][5520.597s][info][gc,heap     ] GC(448) Humongous regions: 39->39
[2025-12-29T00:34:37.008+0000][5520.597s][info][gc,metaspace] GC(448) Metaspace: 75484K(76288K)->75484K(76288K) NonClass: 65268K(65664K)->65268K(65664K) Class: 10216K(10624K)->10216K(10624K)
[2025-12-29T00:34:37.009+0000][5520.597s][info][gc          ] GC(448) Pause Young (Normal) (G1 Evacuation Pause) 1034M->83M(1588M) 4.430ms
[2025-12-29T00:34:37.009+0000][5520.597s][info][gc,cpu      ] GC(448) User=0.01s Sys=0.00s Real=0.00s
[2025-12-29T00:34:49.985+0000][5533.573s][info][gc,start    ] GC(449) Pause Young (Normal) (G1 Evacuation Pause)
[2025-12-29T00:34:49.986+0000][5533.574s][info][gc,task     ] GC(449) Using 8 workers of 8 for evacuation
[2025-12-29T00:34:49.994+0000][5533.582s][info][gc,phases   ] GC(449)   Pre Evacuate Collection Set: 0.4ms
[2025-12-29T00:34:49.994+0000][5533.582s][info][gc,phases   ] GC(449)   Merge Heap Roots: 0.2ms
[2025-12-29T00:34:49.994+0000][5533.582s][info][gc,phases   ] GC(449)   Evacuate Collection Set: 3.6ms
[2025-12-29T00:34:49.994+0000][5533.583s][info][gc,phases   ] GC(449)   Post Evacuate Collection Set: 2.7ms
[2025-12-29T00:34:49.995+0000][5533.583s][info][gc,phases   ] GC(449)   Other: 2.2ms
[2025-12-29T00:34:49.995+0000][5533.583s][info][gc,heap     ] GC(449) Eden regions: 951->0(951)
[2025-12-29T00:34:49.995+0000][5533.583s][info][gc,heap     ] GC(449) Survivor regions: 1->1(119)
[2025-12-29T00:34:49.995+0000][5533.583s][info][gc,heap     ] GC(449) Old regions: 44->44
[2025-12-29T00:34:49.995+0000][5533.583s][info][gc,heap     ] GC(449) Archive regions: 2->2
[2025-12-29T00:34:49.995+0000][5533.584s][info][gc,heap     ] GC(449) Humongous regions: 39->39
[2025-12-29T00:34:49.996+0000][5533.584s][info][gc,metaspace] GC(449) Metaspace: 75484K(76288K)->75484K(76288K) NonClass: 65268K(65664K)->65268K(65664K) Class: 10216K(10624K)->10216K(10624K)
[2025-12-29T00:34:49.996+0000][5533.584s][info][gc          ] GC(449) Pause Young (Normal) (G1 Evacuation Pause) 1034M->83M(1588M) 10.862ms
[2025-12-29T00:34:49.996+0000][5533.584s][info][gc,cpu      ] GC(449) User=0.03s Sys=0.00s Real=0.01s
[2025-12-29T00:35:03.040+0000][5546.628s][info][gc,start    ] GC(450) Pause Young (Normal) (G1 Evacuation Pause)
[2025-12-29T00:35:03.041+0000][5546.629s][info][gc,task     ] GC(450) Using 8 workers of 8 for evacuation
[2025-12-29T00:35:03.044+0000][5546.632s][info][gc,phases   ] GC(450)   Pre Evacuate Collection Set: 0.4ms
[2025-12-29T00:35:03.044+0000][5546.632s][info][gc,phases   ] GC(450)   Merge Heap Roots: 0.3ms
[2025-12-29T00:35:03.044+0000][5546.632s][info][gc,phases   ] GC(450)   Evacuate Collection Set: 1.3ms
[2025-12-29T00:35:03.044+0000][5546.632s][info][gc,phases   ] GC(450)   Post Evacuate Collection Set: 0.6ms
[2025-12-29T00:35:03.044+0000][5546.632s][info][gc,phases   ] GC(450)   Other: 1.4ms
[2025-12-29T00:35:03.044+0000][5546.632s][info][gc,heap     ] GC(450) Eden regions: 951->0(951)
[2025-12-29T00:35:03.044+0000][5546.632s][info][gc,heap     ] GC(450) Survivor regions: 1->1(119)
[2025-12-29T00:35:03.044+0000][5546.633s][info][gc,heap     ] GC(450) Old regions: 44->44
[2025-12-29T00:35:03.044+0000][5546.633s][info][gc,heap     ] GC(450) Archive regions: 2->2
[2025-12-29T00:35:03.045+0000][5546.633s][info][gc,heap     ] GC(450) Humongous regions: 39->39
[2025-12-29T00:35:03.045+0000][5546.633s][info][gc,metaspace] GC(450) Metaspace: 75484K(76288K)->75484K(76288K) NonClass: 65268K(65664K)->65268K(65664K) Class: 10216K(10624K)->10216K(10624K)
[2025-12-29T00:35:03.045+0000][5546.633s][info][gc          ] GC(450) Pause Young (Normal) (G1 Evacuation Pause) 1034M->83M(1588M) 4.980ms
[2025-12-29T00:35:03.045+0000][5546.633s][info][gc,cpu      ] GC(450) User=0.02s Sys=0.00s Real=0.01s
[2025-12-29T00:35:16.236+0000][5559.825s][info][gc,start    ] GC(451) Pause Young (Normal) (G1 Evacuation Pause)
[2025-12-29T00:35:16.238+0000][5559.826s][info][gc,task     ] GC(451) Using 8 workers of 8 for evacuation
[2025-12-29T00:35:16.242+0000][5559.830s][info][gc,phases   ] GC(451)   Pre Evacuate Collection Set: 0.4ms
[2025-12-29T00:35:16.242+0000][5559.831s][info][gc,phases   ] GC(451)   Merge Heap Roots: 0.3ms
[2025-12-29T00:35:16.243+0000][5559.831s][info][gc,phases   ] GC(451)   Evacuate Collection Set: 2.0ms
[2025-12-29T00:35:16.243+0000][5559.831s][info][gc,phases   ] GC(451)   Post Evacuate Collection Set: 1.3ms
[2025-12-29T00:35:16.243+0000][5559.831s][info][gc,phases   ] GC(451)   Other: 2.0ms
[2025-12-29T00:35:16.243+0000][5559.831s][info][gc,heap     ] GC(451) Eden regions: 951->0(951)
[2025-12-29T00:35:16.243+0000][5559.832s][info][gc,heap     ] GC(451) Survivor regions: 1->1(119)
[2025-12-29T00:35:16.244+0000][5559.832s][info][gc,heap     ] GC(451) Old regions: 44->44
[2025-12-29T00:35:16.244+0000][5559.832s][info][gc,heap     ] GC(451) Archive regions: 2->2
[2025-12-29T00:35:16.244+0000][5559.832s][info][gc,heap     ] GC(451) Humongous regions: 39->39
[2025-12-29T00:35:16.244+0000][5559.832s][info][gc,metaspace] GC(451) Metaspace: 75484K(76288K)->75484K(76288K) NonClass: 65268K(65664K)->65268K(65664K) Class: 10216K(10624K)->10216K(10624K)
[2025-12-29T00:35:16.244+0000][5559.832s][info][gc          ] GC(451) Pause Young (Normal) (G1 Evacuation Pause) 1034M->83M(1588M) 7.858ms
[2025-12-29T00:35:16.245+0000][5559.833s][info][gc,cpu      ] GC(451) User=0.02s Sys=0.00s Real=0.01s
[2025-12-29T00:35:28.990+0000][5572.578s][info][gc,start    ] GC(452) Pause Young (Normal) (G1 Evacuation Pause)
[2025-12-29T00:35:28.991+0000][5572.579s][info][gc,task     ] GC(452) Using 8 workers of 8 for evacuation
[2025-12-29T00:35:28.993+0000][5572.581s][info][gc,phases   ] GC(452)   Pre Evacuate Collection Set: 0.3ms
[2025-12-29T00:35:28.993+0000][5572.582s][info][gc,phases   ] GC(452)   Merge Heap Roots: 0.2ms
[2025-12-29T00:35:28.993+0000][5572.582s][info][gc,phases   ] GC(452)   Evacuate Collection Set: 1.4ms
[2025-12-29T00:35:28.993+0000][5572.582s][info][gc,phases   ] GC(452)   Post Evacuate Collection Set: 0.7ms
[2025-12-29T00:35:28.993+0000][5572.582s][info][gc,phases   ] GC(452)   Other: 0.7ms
[2025-12-29T00:35:28.993+0000][5572.582s][info][gc,heap     ] GC(452) Eden regions: 951->0(951)
[2025-12-29T00:35:28.994+0000][5572.582s][info][gc,heap     ] GC(452) Survivor regions: 1->1(119)
[2025-12-29T00:35:28.994+0000][5572.582s][info][gc,heap     ] GC(452) Old regions: 44->44
[2025-12-29T00:35:28.994+0000][5572.582s][info][gc,heap     ] GC(452) Archive regions: 2->2
[2025-12-29T00:35:28.994+0000][5572.582s][info][gc,heap     ] GC(452) Humongous regions: 39->39
[2025-12-29T00:35:28.994+0000][5572.582s][info][gc,metaspace] GC(452) Metaspace: 75484K(76288K)->75484K(76288K) NonClass: 65268K(65664K)->65268K(65664K) Class: 10216K(10624K)->10216K(10624K)
[2025-12-29T00:35:28.994+0000][5572.582s][info][gc          ] GC(452) Pause Young (Normal) (G1 Evacuation Pause) 1034M->83M(1588M) 3.567ms
[2025-12-29T00:35:28.994+0000][5572.582s][info][gc,cpu      ] GC(452) User=0.01s Sys=0.00s Real=0.00s
[2025-12-29T00:35:42.078+0000][5585.666s][info][gc,start    ] GC(453) Pause Young (Normal) (G1 Evacuation Pause)
[2025-12-29T00:35:42.078+0000][5585.667s][info][gc,task     ] GC(453) Using 8 workers of 8 for evacuation
[2025-12-29T00:35:42.083+0000][5585.671s][info][gc,phases   ] GC(453)   Pre Evacuate Collection Set: 0.6ms
[2025-12-29T00:35:42.083+0000][5585.671s][info][gc,phases   ] GC(453)   Merge Heap Roots: 0.2ms
[2025-12-29T00:35:42.083+0000][5585.671s][info][gc,phases   ] GC(453)   Evacuate Collection Set: 2.5ms
[2025-12-29T00:35:42.083+0000][5585.671s][info][gc,phases   ] GC(453)   Post Evacuate Collection Set: 1.0ms
[2025-12-29T00:35:42.083+0000][5585.671s][info][gc,phases   ] GC(453)   Other: 1.0ms
[2025-12-29T00:35:42.083+0000][5585.671s][info][gc,heap     ] GC(453) Eden regions: 951->0(951)
[2025-12-29T00:35:42.083+0000][5585.672s][info][gc,heap     ] GC(453) Survivor regions: 1->1(119)
[2025-12-29T00:35:42.083+0000][5585.672s][info][gc,heap     ] GC(453) Old regions: 44->44
[2025-12-29T00:35:42.083+0000][5585.672s][info][gc,heap     ] GC(453) Archive regions: 2->2
[2025-12-29T00:35:42.083+0000][5585.672s][info][gc,heap     ] GC(453) Humongous regions: 39->39
[2025-12-29T00:35:42.083+0000][5585.672s][info][gc,metaspace] GC(453) Metaspace: 75484K(76288K)->75484K(76288K) NonClass: 65268K(65664K)->65268K(65664K) Class: 10216K(10624K)->10216K(10624K)
[2025-12-29T00:35:42.084+0000][5585.672s][info][gc          ] GC(453) Pause Young (Normal) (G1 Evacuation Pause) 1034M->83M(1588M) 5.722ms
[2025-12-29T00:35:42.084+0000][5585.672s][info][gc,cpu      ] GC(453) User=0.03s Sys=0.00s Real=0.01s
[2025-12-29T00:35:55.977+0000][5599.566s][info][gc,start    ] GC(454) Pause Young (Normal) (G1 Evacuation Pause)
[2025-12-29T00:35:55.978+0000][5599.567s][info][gc,task     ] GC(454) Using 8 workers of 8 for evacuation
[2025-12-29T00:35:55.981+0000][5599.569s][info][gc,phases   ] GC(454)   Pre Evacuate Collection Set: 0.2ms
[2025-12-29T00:35:55.981+0000][5599.569s][info][gc,phases   ] GC(454)   Merge Heap Roots: 0.2ms
[2025-12-29T00:35:55.981+0000][5599.569s][info][gc,phases   ] GC(454)   Evacuate Collection Set: 1.2ms
[2025-12-29T00:35:55.981+0000][5599.569s][info][gc,phases   ] GC(454)   Post Evacuate Collection Set: 0.6ms
[2025-12-29T00:35:55.981+0000][5599.570s][info][gc,phases   ] GC(454)   Other: 1.4ms
[2025-12-29T00:35:55.981+0000][5599.570s][info][gc,heap     ] GC(454) Eden regions: 951->0(951)
[2025-12-29T00:35:55.982+0000][5599.570s][info][gc,heap     ] GC(454) Survivor regions: 1->1(119)
[2025-12-29T00:35:55.982+0000][5599.570s][info][gc,heap     ] GC(454) Old regions: 44->44
[2025-12-29T00:35:55.982+0000][5599.570s][info][gc,heap     ] GC(454) Archive regions: 2->2
[2025-12-29T00:35:55.982+0000][5599.570s][info][gc,heap     ] GC(454) Humongous regions: 39->39
[2025-12-29T00:35:55.982+0000][5599.570s][info][gc,metaspace] GC(454) Metaspace: 75484K(76288K)->75484K(76288K) NonClass: 65268K(65664K)->65268K(65664K) Class: 10216K(10624K)->10216K(10624K)
[2025-12-29T00:35:55.982+0000][5599.570s][info][gc          ] GC(454) Pause Young (Normal) (G1 Evacuation Pause) 1034M->83M(1588M) 4.600ms
[2025-12-29T00:35:55.982+0000][5599.570s][info][gc,cpu      ] GC(454) User=0.02s Sys=0.01s Real=0.01s
[2025-12-29T00:36:10.346+0000][5613.935s][info][gc,start    ] GC(455) Pause Young (Normal) (G1 Evacuation Pause)
[2025-12-29T00:36:10.347+0000][5613.935s][info][gc,task     ] GC(455) Using 8 workers of 8 for evacuation
[2025-12-29T00:36:10.350+0000][5613.939s][info][gc,phases   ] GC(455)   Pre Evacuate Collection Set: 0.3ms
[2025-12-29T00:36:10.351+0000][5613.939s][info][gc,phases   ] GC(455)   Merge Heap Roots: 0.3ms
[2025-12-29T00:36:10.351+0000][5613.939s][info][gc,phases   ] GC(455)   Evacuate Collection Set: 1.4ms
[2025-12-29T00:36:10.351+0000][5613.939s][info][gc,phases   ] GC(455)   Post Evacuate Collection Set: 0.8ms
[2025-12-29T00:36:10.351+0000][5613.939s][info][gc,phases   ] GC(455)   Other: 1.4ms
[2025-12-29T00:36:10.351+0000][5613.940s][info][gc,heap     ] GC(455) Eden regions: 951->0(951)
[2025-12-29T00:36:10.351+0000][5613.940s][info][gc,heap     ] GC(455) Survivor regions: 1->1(119)
[2025-12-29T00:36:10.352+0000][5613.940s][info][gc,heap     ] GC(455) Old regions: 44->44
[2025-12-29T00:36:10.352+0000][5613.940s][info][gc,heap     ] GC(455) Archive regions: 2->2
[2025-12-29T00:36:10.352+0000][5613.940s][info][gc,heap     ] GC(455) Humongous regions: 39->39
[2025-12-29T00:36:10.352+0000][5613.940s][info][gc,metaspace] GC(455) Metaspace: 75484K(76288K)->75484K(76288K) NonClass: 65268K(65664K)->65268K(65664K) Class: 10216K(10624K)->10216K(10624K)
[2025-12-29T00:36:10.352+0000][5613.940s][info][gc          ] GC(455) Pause Young (Normal) (G1 Evacuation Pause) 1034M->83M(1588M) 5.751ms
[2025-12-29T00:36:10.352+0000][5613.941s][info][gc,cpu      ] GC(455) User=0.02s Sys=0.00s Real=0.01s
[2025-12-29T00:36:23.255+0000][5626.844s][info][gc,start    ] GC(456) Pause Young (Normal) (G1 Evacuation Pause)
[2025-12-29T00:36:23.256+0000][5626.844s][info][gc,task     ] GC(456) Using 8 workers of 8 for evacuation
[2025-12-29T00:36:23.258+0000][5626.847s][info][gc,phases   ] GC(456)   Pre Evacuate Collection Set: 0.3ms
[2025-12-29T00:36:23.259+0000][5626.847s][info][gc,phases   ] GC(456)   Merge Heap Roots: 0.1ms
[2025-12-29T00:36:23.259+0000][5626.847s][info][gc,phases   ] GC(456)   Evacuate Collection Set: 1.1ms
[2025-12-29T00:36:23.259+0000][5626.847s][info][gc,phases   ] GC(456)   Post Evacuate Collection Set: 0.8ms
[2025-12-29T00:36:23.259+0000][5626.847s][info][gc,phases   ] GC(456)   Other: 0.8ms
[2025-12-29T00:36:23.259+0000][5626.847s][info][gc,heap     ] GC(456) Eden regions: 951->0(951)
[2025-12-29T00:36:23.259+0000][5626.847s][info][gc,heap     ] GC(456) Survivor regions: 1->1(119)
[2025-12-29T00:36:23.259+0000][5626.847s][info][gc,heap     ] GC(456) Old regions: 44->44
[2025-12-29T00:36:23.259+0000][5626.847s][info][gc,heap     ] GC(456) Archive regions: 2->2
[2025-12-29T00:36:23.259+0000][5626.847s][info][gc,heap     ] GC(456) Humongous regions: 39->39
[2025-12-29T00:36:23.259+0000][5626.847s][info][gc,metaspace] GC(456) Metaspace: 75489K(76288K)->75489K(76288K) NonClass: 65273K(65664K)->65273K(65664K) Class: 10216K(10624K)->10216K(10624K)
[2025-12-29T00:36:23.259+0000][5626.848s][info][gc          ] GC(456) Pause Young (Normal) (G1 Evacuation Pause) 1034M->83M(1588M) 3.875ms
[2025-12-29T00:36:23.260+0000][5626.848s][info][gc,cpu      ] GC(456) User=0.01s Sys=0.00s Real=0.00s
[2025-12-29T00:36:36.312+0000][5639.900s][info][gc,start    ] GC(457) Pause Young (Normal) (G1 Evacuation Pause)
[2025-12-29T00:36:36.314+0000][5639.903s][info][gc,task     ] GC(457) Using 8 workers of 8 for evacuation
[2025-12-29T00:36:36.317+0000][5639.905s][info][gc,phases   ] GC(457)   Pre Evacuate Collection Set: 0.2ms
[2025-12-29T00:36:36.317+0000][5639.905s][info][gc,phases   ] GC(457)   Merge Heap Roots: 0.2ms
[2025-12-29T00:36:36.317+0000][5639.906s][info][gc,phases   ] GC(457)   Evacuate Collection Set: 1.5ms
[2025-12-29T00:36:36.317+0000][5639.906s][info][gc,phases   ] GC(457)   Post Evacuate Collection Set: 0.7ms
[2025-12-29T00:36:36.318+0000][5639.906s][info][gc,phases   ] GC(457)   Other: 3.1ms
[2025-12-29T00:36:36.318+0000][5639.906s][info][gc,heap     ] GC(457) Eden regions: 951->0(951)
[2025-12-29T00:36:36.318+0000][5639.906s][info][gc,heap     ] GC(457) Survivor regions: 1->1(119)
[2025-12-29T00:36:36.318+0000][5639.906s][info][gc,heap     ] GC(457) Old regions: 44->44
[2025-12-29T00:36:36.318+0000][5639.906s][info][gc,heap     ] GC(457) Archive regions: 2->2
[2025-12-29T00:36:36.318+0000][5639.906s][info][gc,heap     ] GC(457) Humongous regions: 39->39
[2025-12-29T00:36:36.318+0000][5639.906s][info][gc,metaspace] GC(457) Metaspace: 75503K(76288K)->75503K(76288K) NonClass: 65287K(65664K)->65287K(65664K) Class: 10216K(10624K)->10216K(10624K)
[2025-12-29T00:36:36.318+0000][5639.906s][info][gc          ] GC(457) Pause Young (Normal) (G1 Evacuation Pause) 1034M->83M(1588M) 6.566ms
[2025-12-29T00:36:36.318+0000][5639.906s][info][gc,cpu      ] GC(457) User=0.02s Sys=0.00s Real=0.00s
[2025-12-29T00:36:49.210+0000][5652.798s][info][gc,start    ] GC(458) Pause Young (Normal) (G1 Evacuation Pause)
[2025-12-29T00:36:49.211+0000][5652.799s][info][gc,task     ] GC(458) Using 8 workers of 8 for evacuation
[2025-12-29T00:36:49.214+0000][5652.803s][info][gc,phases   ] GC(458)   Pre Evacuate Collection Set: 0.4ms
[2025-12-29T00:36:49.215+0000][5652.803s][info][gc,phases   ] GC(458)   Merge Heap Roots: 0.3ms
[2025-12-29T00:36:49.215+0000][5652.803s][info][gc,phases   ] GC(458)   Evacuate Collection Set: 1.7ms
[2025-12-29T00:36:49.215+0000][5652.803s][info][gc,phases   ] GC(458)   Post Evacuate Collection Set: 0.5ms
[2025-12-29T00:36:49.215+0000][5652.803s][info][gc,phases   ] GC(458)   Other: 1.7ms
[2025-12-29T00:36:49.215+0000][5652.803s][info][gc,heap     ] GC(458) Eden regions: 951->0(951)
[2025-12-29T00:36:49.215+0000][5652.803s][info][gc,heap     ] GC(458) Survivor regions: 1->1(119)
[2025-12-29T00:36:49.215+0000][5652.803s][info][gc,heap     ] GC(458) Old regions: 44->44
[2025-12-29T00:36:49.215+0000][5652.803s][info][gc,heap     ] GC(458) Archive regions: 2->2
[2025-12-29T00:36:49.215+0000][5652.803s][info][gc,heap     ] GC(458) Humongous regions: 39->39
[2025-12-29T00:36:49.215+0000][5652.804s][info][gc,metaspace] GC(458) Metaspace: 75506K(76288K)->75506K(76288K) NonClass: 65290K(65664K)->65290K(65664K) Class: 10216K(10624K)->10216K(10624K)
[2025-12-29T00:36:49.216+0000][5652.804s][info][gc          ] GC(458) Pause Young (Normal) (G1 Evacuation Pause) 1034M->83M(1588M) 5.747ms
[2025-12-29T00:36:49.216+0000][5652.804s][info][gc,cpu      ] GC(458) User=0.01s Sys=0.00s Real=0.01s
[2025-12-29T00:37:02.289+0000][5665.878s][info][gc,start    ] GC(459) Pause Young (Normal) (G1 Evacuation Pause)
[2025-12-29T00:37:02.290+0000][5665.879s][info][gc,task     ] GC(459) Using 8 workers of 8 for evacuation
[2025-12-29T00:37:02.293+0000][5665.881s][info][gc,phases   ] GC(459)   Pre Evacuate Collection Set: 0.3ms
[2025-12-29T00:37:02.293+0000][5665.881s][info][gc,phases   ] GC(459)   Merge Heap Roots: 0.3ms
[2025-12-29T00:37:02.293+0000][5665.882s][info][gc,phases   ] GC(459)   Evacuate Collection Set: 1.3ms
[2025-12-29T00:37:02.293+0000][5665.882s][info][gc,phases   ] GC(459)   Post Evacuate Collection Set: 0.6ms
[2025-12-29T00:37:02.294+0000][5665.882s][info][gc,phases   ] GC(459)   Other: 1.4ms
[2025-12-29T00:37:02.294+0000][5665.882s][info][gc,heap     ] GC(459) Eden regions: 951->0(951)
[2025-12-29T00:37:02.294+0000][5665.882s][info][gc,heap     ] GC(459) Survivor regions: 1->1(119)
[2025-12-29T00:37:02.294+0000][5665.882s][info][gc,heap     ] GC(459) Old regions: 44->44
[2025-12-29T00:37:02.294+0000][5665.882s][info][gc,heap     ] GC(459) Archive regions: 2->2
[2025-12-29T00:37:02.294+0000][5665.882s][info][gc,heap     ] GC(459) Humongous regions: 39->39
[2025-12-29T00:37:02.294+0000][5665.882s][info][gc,metaspace] GC(459) Metaspace: 75507K(76288K)->75507K(76288K) NonClass: 65291K(65664K)->65291K(65664K) Class: 10216K(10624K)->10216K(10624K)
[2025-12-29T00:37:02.294+0000][5665.882s][info][gc          ] GC(459) Pause Young (Normal) (G1 Evacuation Pause) 1034M->83M(1588M) 4.879ms
[2025-12-29T00:37:02.294+0000][5665.883s][info][gc,cpu      ] GC(459) User=0.02s Sys=0.00s Real=0.01s
[2025-12-29T00:37:15.407+0000][5678.995s][info][gc,start    ] GC(460) Pause Young (Normal) (G1 Evacuation Pause)
[2025-12-29T00:37:15.408+0000][5678.996s][info][gc,task     ] GC(460) Using 8 workers of 8 for evacuation
[2025-12-29T00:37:15.411+0000][5678.999s][info][gc,phases   ] GC(460)   Pre Evacuate Collection Set: 0.3ms
[2025-12-29T00:37:15.411+0000][5678.999s][info][gc,phases   ] GC(460)   Merge Heap Roots: 0.2ms
[2025-12-29T00:37:15.411+0000][5678.999s][info][gc,phases   ] GC(460)   Evacuate Collection Set: 1.3ms
[2025-12-29T00:37:15.411+0000][5678.999s][info][gc,phases   ] GC(460)   Post Evacuate Collection Set: 0.7ms
[2025-12-29T00:37:15.411+0000][5679.000s][info][gc,phases   ] GC(460)   Other: 1.6ms
[2025-12-29T00:37:15.412+0000][5679.000s][info][gc,heap     ] GC(460) Eden regions: 951->0(951)
[2025-12-29T00:37:15.412+0000][5679.000s][info][gc,heap     ] GC(460) Survivor regions: 1->1(119)
[2025-12-29T00:37:15.412+0000][5679.000s][info][gc,heap     ] GC(460) Old regions: 44->44
[2025-12-29T00:37:15.412+0000][5679.000s][info][gc,heap     ] GC(460) Archive regions: 2->2
[2025-12-29T00:37:15.412+0000][5679.000s][info][gc,heap     ] GC(460) Humongous regions: 39->39
[2025-12-29T00:37:15.412+0000][5679.001s][info][gc,metaspace] GC(460) Metaspace: 75507K(76288K)->75507K(76288K) NonClass: 65291K(65664K)->65291K(65664K) Class: 10216K(10624K)->10216K(10624K)
[2025-12-29T00:37:15.412+0000][5679.001s][info][gc          ] GC(460) Pause Young (Normal) (G1 Evacuation Pause) 1034M->83M(1588M) 5.717ms
[2025-12-29T00:37:15.413+0000][5679.001s][info][gc,cpu      ] GC(460) User=0.01s Sys=0.00s Real=0.01s
[2025-12-29T00:37:28.499+0000][5692.087s][info][gc,start    ] GC(461) Pause Young (Normal) (G1 Evacuation Pause)
[2025-12-29T00:37:28.500+0000][5692.088s][info][gc,task     ] GC(461) Using 8 workers of 8 for evacuation
[2025-12-29T00:37:28.503+0000][5692.091s][info][gc,phases   ] GC(461)   Pre Evacuate Collection Set: 0.3ms
[2025-12-29T00:37:28.503+0000][5692.091s][info][gc,phases   ] GC(461)   Merge Heap Roots: 0.2ms
[2025-12-29T00:37:28.503+0000][5692.091s][info][gc,phases   ] GC(461)   Evacuate Collection Set: 1.4ms
[2025-12-29T00:37:28.503+0000][5692.091s][info][gc,phases   ] GC(461)   Post Evacuate Collection Set: 0.8ms
[2025-12-29T00:37:28.503+0000][5692.091s][info][gc,phases   ] GC(461)   Other: 1.3ms
[2025-12-29T00:37:28.503+0000][5692.092s][info][gc,heap     ] GC(461) Eden regions: 951->0(951)
[2025-12-29T00:37:28.504+0000][5692.092s][info][gc,heap     ] GC(461) Survivor regions: 1->1(119)
[2025-12-29T00:37:28.504+0000][5692.092s][info][gc,heap     ] GC(461) Old regions: 44->44
[2025-12-29T00:37:28.504+0000][5692.092s][info][gc,heap     ] GC(461) Archive regions: 2->2
[2025-12-29T00:37:28.504+0000][5692.092s][info][gc,heap     ] GC(461) Humongous regions: 39->39
[2025-12-29T00:37:28.504+0000][5692.092s][info][gc,metaspace] GC(461) Metaspace: 75507K(76288K)->75507K(76288K) NonClass: 65291K(65664K)->65291K(65664K) Class: 10216K(10624K)->10216K(10624K)
[2025-12-29T00:37:28.504+0000][5692.092s][info][gc          ] GC(461) Pause Young (Normal) (G1 Evacuation Pause) 1034M->83M(1588M) 5.159ms
[2025-12-29T00:37:28.504+0000][5692.092s][info][gc,cpu      ] GC(461) User=0.01s Sys=0.00s Real=0.01s
[2025-12-29T00:37:41.547+0000][5705.135s][info][gc,start    ] GC(462) Pause Young (Normal) (G1 Evacuation Pause)
[2025-12-29T00:37:41.548+0000][5705.136s][info][gc,task     ] GC(462) Using 8 workers of 8 for evacuation
[2025-12-29T00:37:41.551+0000][5705.139s][info][gc,phases   ] GC(462)   Pre Evacuate Collection Set: 0.2ms
[2025-12-29T00:37:41.551+0000][5705.139s][info][gc,phases   ] GC(462)   Merge Heap Roots: 0.2ms
[2025-12-29T00:37:41.551+0000][5705.139s][info][gc,phases   ] GC(462)   Evacuate Collection Set: 1.7ms
[2025-12-29T00:37:41.551+0000][5705.139s][info][gc,phases   ] GC(462)   Post Evacuate Collection Set: 0.7ms
[2025-12-29T00:37:41.551+0000][5705.139s][info][gc,phases   ] GC(462)   Other: 1.1ms
[2025-12-29T00:37:41.551+0000][5705.139s][info][gc,heap     ] GC(462) Eden regions: 951->0(951)
[2025-12-29T00:37:41.551+0000][5705.139s][info][gc,heap     ] GC(462) Survivor regions: 1->1(119)
[2025-12-29T00:37:41.551+0000][5705.139s][info][gc,heap     ] GC(462) Old regions: 44->44
[2025-12-29T00:37:41.551+0000][5705.140s][info][gc,heap     ] GC(462) Archive regions: 2->2
[2025-12-29T00:37:41.551+0000][5705.140s][info][gc,heap     ] GC(462) Humongous regions: 39->39
[2025-12-29T00:37:41.552+0000][5705.140s][info][gc,metaspace] GC(462) Metaspace: 75508K(76288K)->75508K(76288K) NonClass: 65291K(65664K)->65291K(65664K) Class: 10216K(10624K)->10216K(10624K)
[2025-12-29T00:37:41.552+0000][5705.140s][info][gc          ] GC(462) Pause Young (Normal) (G1 Evacuation Pause) 1034M->83M(1588M) 4.773ms
[2025-12-29T00:37:41.552+0000][5705.140s][info][gc,cpu      ] GC(462) User=0.02s Sys=0.00s Real=0.01s
[2025-12-29T00:37:55.967+0000][5719.555s][info][gc,start    ] GC(463) Pause Young (Normal) (G1 Evacuation Pause)
[2025-12-29T00:37:55.968+0000][5719.556s][info][gc,task     ] GC(463) Using 8 workers of 8 for evacuation
[2025-12-29T00:37:55.971+0000][5719.559s][info][gc,phases   ] GC(463)   Pre Evacuate Collection Set: 0.3ms
[2025-12-29T00:37:55.971+0000][5719.559s][info][gc,phases   ] GC(463)   Merge Heap Roots: 0.2ms
[2025-12-29T00:37:55.971+0000][5719.559s][info][gc,phases   ] GC(463)   Evacuate Collection Set: 1.6ms
[2025-12-29T00:37:55.971+0000][5719.559s][info][gc,phases   ] GC(463)   Post Evacuate Collection Set: 0.6ms
[2025-12-29T00:37:55.971+0000][5719.560s][info][gc,phases   ] GC(463)   Other: 1.4ms
[2025-12-29T00:37:55.971+0000][5719.560s][info][gc,heap     ] GC(463) Eden regions: 951->0(951)
[2025-12-29T00:37:55.972+0000][5719.560s][info][gc,heap     ] GC(463) Survivor regions: 1->1(119)
[2025-12-29T00:37:55.972+0000][5719.560s][info][gc,heap     ] GC(463) Old regions: 44->44
[2025-12-29T00:37:55.972+0000][5719.560s][info][gc,heap     ] GC(463) Archive regions: 2->2
[2025-12-29T00:37:55.972+0000][5719.560s][info][gc,heap     ] GC(463) Humongous regions: 39->39
[2025-12-29T00:37:55.972+0000][5719.560s][info][gc,metaspace] GC(463) Metaspace: 75508K(76288K)->75508K(76288K) NonClass: 65291K(65664K)->65291K(65664K) Class: 10216K(10624K)->10216K(10624K)
[2025-12-29T00:37:55.972+0000][5719.560s][info][gc          ] GC(463) Pause Young (Normal) (G1 Evacuation Pause) 1034M->83M(1588M) 5.185ms
[2025-12-29T00:37:55.972+0000][5719.560s][info][gc,cpu      ] GC(463) User=0.01s Sys=0.01s Real=0.01s
[2025-12-29T00:38:09.839+0000][5733.427s][info][gc,start    ] GC(464) Pause Young (Normal) (G1 Evacuation Pause)
[2025-12-29T00:38:09.839+0000][5733.427s][info][gc,task     ] GC(464) Using 8 workers of 8 for evacuation
[2025-12-29T00:38:09.842+0000][5733.431s][info][gc,phases   ] GC(464)   Pre Evacuate Collection Set: 0.3ms
[2025-12-29T00:38:09.842+0000][5733.431s][info][gc,phases   ] GC(464)   Merge Heap Roots: 0.4ms
[2025-12-29T00:38:09.843+0000][5733.431s][info][gc,phases   ] GC(464)   Evacuate Collection Set: 1.5ms
[2025-12-29T00:38:09.843+0000][5733.431s][info][gc,phases   ] GC(464)   Post Evacuate Collection Set: 0.7ms
[2025-12-29T00:38:09.843+0000][5733.431s][info][gc,phases   ] GC(464)   Other: 0.9ms
[2025-12-29T00:38:09.843+0000][5733.431s][info][gc,heap     ] GC(464) Eden regions: 951->0(951)
[2025-12-29T00:38:09.843+0000][5733.431s][info][gc,heap     ] GC(464) Survivor regions: 1->1(119)
[2025-12-29T00:38:09.843+0000][5733.431s][info][gc,heap     ] GC(464) Old regions: 44->44
[2025-12-29T00:38:09.843+0000][5733.431s][info][gc,heap     ] GC(464) Archive regions: 2->2
[2025-12-29T00:38:09.843+0000][5733.431s][info][gc,heap     ] GC(464) Humongous regions: 39->39
[2025-12-29T00:38:09.843+0000][5733.431s][info][gc,metaspace] GC(464) Metaspace: 75514K(76352K)->75514K(76352K) NonClass: 65298K(65728K)->65298K(65728K) Class: 10216K(10624K)->10216K(10624K)
[2025-12-29T00:38:09.843+0000][5733.431s][info][gc          ] GC(464) Pause Young (Normal) (G1 Evacuation Pause) 1034M->83M(1588M) 4.334ms
[2025-12-29T00:38:09.843+0000][5733.431s][info][gc,cpu      ] GC(464) User=0.01s Sys=0.00s Real=0.01s
[2025-12-29T00:38:22.882+0000][5746.470s][info][gc,start    ] GC(465) Pause Young (Normal) (G1 Evacuation Pause)
[2025-12-29T00:38:22.883+0000][5746.471s][info][gc,task     ] GC(465) Using 8 workers of 8 for evacuation
[2025-12-29T00:38:22.886+0000][5746.474s][info][gc,phases   ] GC(465)   Pre Evacuate Collection Set: 0.3ms
[2025-12-29T00:38:22.886+0000][5746.474s][info][gc,phases   ] GC(465)   Merge Heap Roots: 0.2ms
[2025-12-29T00:38:22.886+0000][5746.474s][info][gc,phases   ] GC(465)   Evacuate Collection Set: 1.5ms
[2025-12-29T00:38:22.886+0000][5746.474s][info][gc,phases   ] GC(465)   Post Evacuate Collection Set: 1.0ms
[2025-12-29T00:38:22.886+0000][5746.475s][info][gc,phases   ] GC(465)   Other: 1.5ms
[2025-12-29T00:38:22.886+0000][5746.475s][info][gc,heap     ] GC(465) Eden regions: 951->0(951)
[2025-12-29T00:38:22.887+0000][5746.475s][info][gc,heap     ] GC(465) Survivor regions: 1->1(119)
[2025-12-29T00:38:22.887+0000][5746.475s][info][gc,heap     ] GC(465) Old regions: 44->44
[2025-12-29T00:38:22.887+0000][5746.475s][info][gc,heap     ] GC(465) Archive regions: 2->2
[2025-12-29T00:38:22.887+0000][5746.475s][info][gc,heap     ] GC(465) Humongous regions: 39->39
[2025-12-29T00:38:22.887+0000][5746.475s][info][gc,metaspace] GC(465) Metaspace: 75516K(76352K)->75516K(76352K) NonClass: 65300K(65728K)->65300K(65728K) Class: 10216K(10624K)->10216K(10624K)
[2025-12-29T00:38:22.887+0000][5746.475s][info][gc          ] GC(465) Pause Young (Normal) (G1 Evacuation Pause) 1034M->83M(1588M) 5.595ms
[2025-12-29T00:38:22.887+0000][5746.476s][info][gc,cpu      ] GC(465) User=0.02s Sys=0.01s Real=0.00s
[2025-12-29T00:38:35.938+0000][5759.526s][info][gc,start    ] GC(466) Pause Young (Normal) (G1 Evacuation Pause)
[2025-12-29T00:38:35.938+0000][5759.527s][info][gc,task     ] GC(466) Using 8 workers of 8 for evacuation
[2025-12-29T00:38:35.942+0000][5759.530s][info][gc,phases   ] GC(466)   Pre Evacuate Collection Set: 0.2ms
[2025-12-29T00:38:35.942+0000][5759.530s][info][gc,phases   ] GC(466)   Merge Heap Roots: 0.3ms
[2025-12-29T00:38:35.942+0000][5759.530s][info][gc,phases   ] GC(466)   Evacuate Collection Set: 1.9ms
[2025-12-29T00:38:35.942+0000][5759.530s][info][gc,phases   ] GC(466)   Post Evacuate Collection Set: 0.8ms
[2025-12-29T00:38:35.942+0000][5759.530s][info][gc,phases   ] GC(466)   Other: 1.2ms
[2025-12-29T00:38:35.942+0000][5759.530s][info][gc,heap     ] GC(466) Eden regions: 951->0(951)
[2025-12-29T00:38:35.942+0000][5759.531s][info][gc,heap     ] GC(466) Survivor regions: 1->1(119)
[2025-12-29T00:38:35.942+0000][5759.531s][info][gc,heap     ] GC(466) Old regions: 44->44
[2025-12-29T00:38:35.943+0000][5759.531s][info][gc,heap     ] GC(466) Archive regions: 2->2
[2025-12-29T00:38:35.943+0000][5759.531s][info][gc,heap     ] GC(466) Humongous regions: 39->39
[2025-12-29T00:38:35.943+0000][5759.531s][info][gc,metaspace] GC(466) Metaspace: 75536K(76352K)->75536K(76352K) NonClass: 65320K(65728K)->65320K(65728K) Class: 10216K(10624K)->10216K(10624K)
[2025-12-29T00:38:35.943+0000][5759.531s][info][gc          ] GC(466) Pause Young (Normal) (G1 Evacuation Pause) 1034M->83M(1588M) 5.196ms
[2025-12-29T00:38:35.943+0000][5759.531s][info][gc,cpu      ] GC(466) User=0.01s Sys=0.01s Real=0.01s
[2025-12-29T00:38:49.086+0000][5772.674s][info][gc,start    ] GC(467) Pause Young (Normal) (G1 Evacuation Pause)
[2025-12-29T00:38:49.086+0000][5772.674s][info][gc,task     ] GC(467) Using 8 workers of 8 for evacuation
[2025-12-29T00:38:49.089+0000][5772.677s][info][gc,phases   ] GC(467)   Pre Evacuate Collection Set: 0.3ms
[2025-12-29T00:38:49.089+0000][5772.677s][info][gc,phases   ] GC(467)   Merge Heap Roots: 0.3ms
[2025-12-29T00:38:49.089+0000][5772.677s][info][gc,phases   ] GC(467)   Evacuate Collection Set: 1.4ms
[2025-12-29T00:38:49.089+0000][5772.678s][info][gc,phases   ] GC(467)   Post Evacuate Collection Set: 0.6ms
[2025-12-29T00:38:49.090+0000][5772.678s][info][gc,phases   ] GC(467)   Other: 0.9ms
[2025-12-29T00:38:49.090+0000][5772.678s][info][gc,heap     ] GC(467) Eden regions: 951->0(951)
[2025-12-29T00:38:49.090+0000][5772.678s][info][gc,heap     ] GC(467) Survivor regions: 1->1(119)
[2025-12-29T00:38:49.090+0000][5772.678s][info][gc,heap     ] GC(467) Old regions: 44->44
[2025-12-29T00:38:49.090+0000][5772.678s][info][gc,heap     ] GC(467) Archive regions: 2->2
[2025-12-29T00:38:49.090+0000][5772.678s][info][gc,heap     ] GC(467) Humongous regions: 39->39
[2025-12-29T00:38:49.090+0000][5772.678s][info][gc,metaspace] GC(467) Metaspace: 75536K(76352K)->75536K(76352K) NonClass: 65320K(65728K)->65320K(65728K) Class: 10216K(10624K)->10216K(10624K)
[2025-12-29T00:38:49.090+0000][5772.679s][info][gc          ] GC(467) Pause Young (Normal) (G1 Evacuation Pause) 1034M->83M(1588M) 4.769ms
[2025-12-29T00:38:49.090+0000][5772.679s][info][gc,cpu      ] GC(467) User=0.01s Sys=0.01s Real=0.01s
[2025-12-29T00:39:02.177+0000][5785.765s][info][gc,start    ] GC(468) Pause Young (Normal) (G1 Evacuation Pause)
[2025-12-29T00:39:02.178+0000][5785.767s][info][gc,task     ] GC(468) Using 8 workers of 8 for evacuation
[2025-12-29T00:39:02.182+0000][5785.770s][info][gc,phases   ] GC(468)   Pre Evacuate Collection Set: 0.4ms
[2025-12-29T00:39:02.182+0000][5785.770s][info][gc,phases   ] GC(468)   Merge Heap Roots: 0.3ms
[2025-12-29T00:39:02.182+0000][5785.771s][info][gc,phases   ] GC(468)   Evacuate Collection Set: 1.5ms
[2025-12-29T00:39:02.183+0000][5785.771s][info][gc,phases   ] GC(468)   Post Evacuate Collection Set: 0.7ms
[2025-12-29T00:39:02.183+0000][5785.771s][info][gc,phases   ] GC(468)   Other: 2.1ms
[2025-12-29T00:39:02.183+0000][5785.771s][info][gc,heap     ] GC(468) Eden regions: 951->0(951)
[2025-12-29T00:39:02.183+0000][5785.771s][info][gc,heap     ] GC(468) Survivor regions: 1->1(119)
[2025-12-29T00:39:02.183+0000][5785.771s][info][gc,heap     ] GC(468) Old regions: 44->44
[2025-12-29T00:39:02.183+0000][5785.771s][info][gc,heap     ] GC(468) Archive regions: 2->2
[2025-12-29T00:39:02.183+0000][5785.772s][info][gc,heap     ] GC(468) Humongous regions: 39->39
[2025-12-29T00:39:02.183+0000][5785.772s][info][gc,metaspace] GC(468) Metaspace: 75536K(76352K)->75536K(76352K) NonClass: 65320K(65728K)->65320K(65728K) Class: 10216K(10624K)->10216K(10624K)
[2025-12-29T00:39:02.184+0000][5785.772s][info][gc          ] GC(468) Pause Young (Normal) (G1 Evacuation Pause) 1034M->83M(1588M) 6.546ms
[2025-12-29T00:39:02.184+0000][5785.772s][info][gc,cpu      ] GC(468) User=0.01s Sys=0.01s Real=0.01s
[2025-12-29T00:39:15.118+0000][5798.706s][info][gc,start    ] GC(469) Pause Young (Normal) (G1 Evacuation Pause)
[2025-12-29T00:39:15.118+0000][5798.707s][info][gc,task     ] GC(469) Using 8 workers of 8 for evacuation
[2025-12-29T00:39:15.122+0000][5798.711s][info][gc,phases   ] GC(469)   Pre Evacuate Collection Set: 0.5ms
[2025-12-29T00:39:15.123+0000][5798.711s][info][gc,phases   ] GC(469)   Merge Heap Roots: 0.3ms
[2025-12-29T00:39:15.123+0000][5798.711s][info][gc,phases   ] GC(469)   Evacuate Collection Set: 1.6ms
[2025-12-29T00:39:15.123+0000][5798.711s][info][gc,phases   ] GC(469)   Post Evacuate Collection Set: 1.0ms
[2025-12-29T00:39:15.123+0000][5798.711s][info][gc,phases   ] GC(469)   Other: 1.3ms
[2025-12-29T00:39:15.123+0000][5798.711s][info][gc,heap     ] GC(469) Eden regions: 951->0(951)
[2025-12-29T00:39:15.123+0000][5798.712s][info][gc,heap     ] GC(469) Survivor regions: 1->1(119)
[2025-12-29T00:39:15.124+0000][5798.712s][info][gc,heap     ] GC(469) Old regions: 44->44
[2025-12-29T00:39:15.124+0000][5798.712s][info][gc,heap     ] GC(469) Archive regions: 2->2
[2025-12-29T00:39:15.124+0000][5798.712s][info][gc,heap     ] GC(469) Humongous regions: 39->39
[2025-12-29T00:39:15.124+0000][5798.712s][info][gc,metaspace] GC(469) Metaspace: 75536K(76352K)->75536K(76352K) NonClass: 65320K(65728K)->65320K(65728K) Class: 10216K(10624K)->10216K(10624K)
[2025-12-29T00:39:15.124+0000][5798.712s][info][gc          ] GC(469) Pause Young (Normal) (G1 Evacuation Pause) 1034M->83M(1588M) 6.452ms
[2025-12-29T00:39:15.124+0000][5798.713s][info][gc,cpu      ] GC(469) User=0.02s Sys=0.00s Real=0.01s
[2025-12-29T00:39:28.123+0000][5811.711s][info][gc,start    ] GC(470) Pause Young (Normal) (G1 Evacuation Pause)
[2025-12-29T00:39:28.124+0000][5811.712s][info][gc,task     ] GC(470) Using 8 workers of 8 for evacuation
[2025-12-29T00:39:28.129+0000][5811.717s][info][gc,phases   ] GC(470)   Pre Evacuate Collection Set: 0.5ms
[2025-12-29T00:39:28.129+0000][5811.717s][info][gc,phases   ] GC(470)   Merge Heap Roots: 0.3ms
[2025-12-29T00:39:28.129+0000][5811.717s][info][gc,phases   ] GC(470)   Evacuate Collection Set: 2.5ms
[2025-12-29T00:39:28.129+0000][5811.717s][info][gc,phases   ] GC(470)   Post Evacuate Collection Set: 1.2ms
[2025-12-29T00:39:28.129+0000][5811.717s][info][gc,phases   ] GC(470)   Other: 1.5ms
[2025-12-29T00:39:28.129+0000][5811.717s][info][gc,heap     ] GC(470) Eden regions: 951->0(951)
[2025-12-29T00:39:28.129+0000][5811.718s][info][gc,heap     ] GC(470) Survivor regions: 1->1(119)
[2025-12-29T00:39:28.130+0000][5811.718s][info][gc,heap     ] GC(470) Old regions: 44->44
[2025-12-29T00:39:28.130+0000][5811.718s][info][gc,heap     ] GC(470) Archive regions: 2->2
[2025-12-29T00:39:28.130+0000][5811.718s][info][gc,heap     ] GC(470) Humongous regions: 39->39
[2025-12-29T00:39:28.130+0000][5811.718s][info][gc,metaspace] GC(470) Metaspace: 75539K(76352K)->75539K(76352K) NonClass: 65323K(65728K)->65323K(65728K) Class: 10216K(10624K)->10216K(10624K)
[2025-12-29T00:39:28.130+0000][5811.718s][info][gc          ] GC(470) Pause Young (Normal) (G1 Evacuation Pause) 1034M->83M(1588M) 7.166ms
[2025-12-29T00:39:28.130+0000][5811.718s][info][gc,cpu      ] GC(470) User=0.03s Sys=0.00s Real=0.01s
[2025-12-29T00:39:41.336+0000][5824.924s][info][gc,start    ] GC(471) Pause Young (Normal) (G1 Evacuation Pause)
[2025-12-29T00:39:41.337+0000][5824.925s][info][gc,task     ] GC(471) Using 8 workers of 8 for evacuation
[2025-12-29T00:39:41.339+0000][5824.927s][info][gc,phases   ] GC(471)   Pre Evacuate Collection Set: 0.3ms
[2025-12-29T00:39:41.339+0000][5824.927s][info][gc,phases   ] GC(471)   Merge Heap Roots: 0.2ms
[2025-12-29T00:39:41.339+0000][5824.927s][info][gc,phases   ] GC(471)   Evacuate Collection Set: 1.1ms
[2025-12-29T00:39:41.339+0000][5824.927s][info][gc,phases   ] GC(471)   Post Evacuate Collection Set: 0.5ms
[2025-12-29T00:39:41.339+0000][5824.928s][info][gc,phases   ] GC(471)   Other: 1.2ms
[2025-12-29T00:39:41.339+0000][5824.928s][info][gc,heap     ] GC(471) Eden regions: 951->0(951)
[2025-12-29T00:39:41.340+0000][5824.928s][info][gc,heap     ] GC(471) Survivor regions: 1->1(119)
[2025-12-29T00:39:41.340+0000][5824.928s][info][gc,heap     ] GC(471) Old regions: 44->44
[2025-12-29T00:39:41.340+0000][5824.928s][info][gc,heap     ] GC(471) Archive regions: 2->2
[2025-12-29T00:39:41.340+0000][5824.928s][info][gc,heap     ] GC(471) Humongous regions: 39->39
[2025-12-29T00:39:41.340+0000][5824.928s][info][gc,metaspace] GC(471) Metaspace: 75539K(76352K)->75539K(76352K) NonClass: 65323K(65728K)->65323K(65728K) Class: 10216K(10624K)->10216K(10624K)
[2025-12-29T00:39:41.340+0000][5824.928s][info][gc          ] GC(471) Pause Young (Normal) (G1 Evacuation Pause) 1034M->83M(1588M) 4.398ms
[2025-12-29T00:39:41.340+0000][5824.928s][info][gc,cpu      ] GC(471) User=0.00s Sys=0.01s Real=0.01s
[2025-12-29T00:39:55.947+0000][5839.535s][info][gc,start    ] GC(472) Pause Young (Normal) (G1 Evacuation Pause)
[2025-12-29T00:39:55.948+0000][5839.536s][info][gc,task     ] GC(472) Using 8 workers of 8 for evacuation
[2025-12-29T00:39:55.951+0000][5839.539s][info][gc,phases   ] GC(472)   Pre Evacuate Collection Set: 0.3ms
[2025-12-29T00:39:55.951+0000][5839.539s][info][gc,phases   ] GC(472)   Merge Heap Roots: 0.2ms
[2025-12-29T00:39:55.951+0000][5839.539s][info][gc,phases   ] GC(472)   Evacuate Collection Set: 1.3ms
[2025-12-29T00:39:55.951+0000][5839.539s][info][gc,phases   ] GC(472)   Post Evacuate Collection Set: 0.8ms
[2025-12-29T00:39:55.951+0000][5839.540s][info][gc,phases   ] GC(472)   Other: 1.6ms
[2025-12-29T00:39:55.951+0000][5839.540s][info][gc,heap     ] GC(472) Eden regions: 951->0(951)
[2025-12-29T00:39:55.952+0000][5839.540s][info][gc,heap     ] GC(472) Survivor regions: 1->1(119)
[2025-12-29T00:39:55.952+0000][5839.540s][info][gc,heap     ] GC(472) Old regions: 44->44
[2025-12-29T00:39:55.952+0000][5839.540s][info][gc,heap     ] GC(472) Archive regions: 2->2
[2025-12-29T00:39:55.952+0000][5839.540s][info][gc,heap     ] GC(472) Humongous regions: 39->39
[2025-12-29T00:39:55.952+0000][5839.540s][info][gc,metaspace] GC(472) Metaspace: 75539K(76352K)->75539K(76352K) NonClass: 65323K(65728K)->65323K(65728K) Class: 10216K(10624K)->10216K(10624K)
[2025-12-29T00:39:55.952+0000][5839.540s][info][gc          ] GC(472) Pause Young (Normal) (G1 Evacuation Pause) 1034M->84M(1588M) 5.520ms
[2025-12-29T00:39:55.952+0000][5839.541s][info][gc,cpu      ] GC(472) User=0.01s Sys=0.00s Real=0.01s
[2025-12-29T00:40:09.439+0000][5853.027s][info][gc,start    ] GC(473) Pause Young (Normal) (G1 Evacuation Pause)
[2025-12-29T00:40:09.440+0000][5853.028s][info][gc,task     ] GC(473) Using 8 workers of 8 for evacuation
[2025-12-29T00:40:09.442+0000][5853.030s][info][gc,phases   ] GC(473)   Pre Evacuate Collection Set: 0.4ms
[2025-12-29T00:40:09.442+0000][5853.030s][info][gc,phases   ] GC(473)   Merge Heap Roots: 0.2ms
[2025-12-29T00:40:09.442+0000][5853.031s][info][gc,phases   ] GC(473)   Evacuate Collection Set: 1.1ms
[2025-12-29T00:40:09.442+0000][5853.031s][info][gc,phases   ] GC(473)   Post Evacuate Collection Set: 0.5ms
[2025-12-29T00:40:09.442+0000][5853.031s][info][gc,phases   ] GC(473)   Other: 1.1ms
[2025-12-29T00:40:09.442+0000][5853.031s][info][gc,heap     ] GC(473) Eden regions: 951->0(951)
[2025-12-29T00:40:09.443+0000][5853.031s][info][gc,heap     ] GC(473) Survivor regions: 1->1(119)
[2025-12-29T00:40:09.443+0000][5853.031s][info][gc,heap     ] GC(473) Old regions: 44->44
[2025-12-29T00:40:09.443+0000][5853.031s][info][gc,heap     ] GC(473) Archive regions: 2->2
[2025-12-29T00:40:09.443+0000][5853.031s][info][gc,heap     ] GC(473) Humongous regions: 39->39
[2025-12-29T00:40:09.443+0000][5853.031s][info][gc,metaspace] GC(473) Metaspace: 75539K(76352K)->75539K(76352K) NonClass: 65323K(65728K)->65323K(65728K) Class: 10216K(10624K)->10216K(10624K)
[2025-12-29T00:40:09.443+0000][5853.031s][info][gc          ] GC(473) Pause Young (Normal) (G1 Evacuation Pause) 1035M->83M(1588M) 3.626ms
[2025-12-29T00:40:09.443+0000][5853.031s][info][gc,cpu      ] GC(473) User=0.01s Sys=0.00s Real=0.01s
[2025-12-29T00:40:22.448+0000][5866.036s][info][gc,start    ] GC(474) Pause Young (Normal) (G1 Evacuation Pause)
[2025-12-29T00:40:22.449+0000][5866.037s][info][gc,task     ] GC(474) Using 8 workers of 8 for evacuation
[2025-12-29T00:40:22.451+0000][5866.039s][info][gc,phases   ] GC(474)   Pre Evacuate Collection Set: 0.2ms
[2025-12-29T00:40:22.451+0000][5866.039s][info][gc,phases   ] GC(474)   Merge Heap Roots: 0.2ms
[2025-12-29T00:40:22.451+0000][5866.039s][info][gc,phases   ] GC(474)   Evacuate Collection Set: 1.1ms
[2025-12-29T00:40:22.451+0000][5866.040s][info][gc,phases   ] GC(474)   Post Evacuate Collection Set: 0.8ms
[2025-12-29T00:40:22.451+0000][5866.040s][info][gc,phases   ] GC(474)   Other: 0.8ms
[2025-12-29T00:40:22.451+0000][5866.040s][info][gc,heap     ] GC(474) Eden regions: 951->0(951)
[2025-12-29T00:40:22.452+0000][5866.040s][info][gc,heap     ] GC(474) Survivor regions: 1->1(119)
[2025-12-29T00:40:22.452+0000][5866.040s][info][gc,heap     ] GC(474) Old regions: 44->45
[2025-12-29T00:40:22.452+0000][5866.040s][info][gc,heap     ] GC(474) Archive regions: 2->2
[2025-12-29T00:40:22.452+0000][5866.040s][info][gc,heap     ] GC(474) Humongous regions: 39->39
[2025-12-29T00:40:22.452+0000][5866.040s][info][gc,metaspace] GC(474) Metaspace: 75539K(76352K)->75539K(76352K) NonClass: 65323K(65728K)->65323K(65728K) Class: 10216K(10624K)->10216K(10624K)
[2025-12-29T00:40:22.452+0000][5866.040s][info][gc          ] GC(474) Pause Young (Normal) (G1 Evacuation Pause) 1034M->84M(1588M) 3.874ms
[2025-12-29T00:40:22.452+0000][5866.040s][info][gc,cpu      ] GC(474) User=0.01s Sys=0.00s Real=0.01s
[2025-12-29T00:40:35.498+0000][5879.086s][info][gc,start    ] GC(475) Pause Young (Normal) (G1 Evacuation Pause)
[2025-12-29T00:40:35.499+0000][5879.087s][info][gc,task     ] GC(475) Using 8 workers of 8 for evacuation
[2025-12-29T00:40:35.501+0000][5879.089s][info][gc,phases   ] GC(475)   Pre Evacuate Collection Set: 0.2ms
[2025-12-29T00:40:35.501+0000][5879.089s][info][gc,phases   ] GC(475)   Merge Heap Roots: 0.1ms
[2025-12-29T00:40:35.501+0000][5879.089s][info][gc,phases   ] GC(475)   Evacuate Collection Set: 1.0ms
[2025-12-29T00:40:35.501+0000][5879.089s][info][gc,phases   ] GC(475)   Post Evacuate Collection Set: 0.6ms
[2025-12-29T00:40:35.501+0000][5879.089s][info][gc,phases   ] GC(475)   Other: 1.2ms
[2025-12-29T00:40:35.501+0000][5879.089s][info][gc,heap     ] GC(475) Eden regions: 951->0(951)
[2025-12-29T00:40:35.501+0000][5879.089s][info][gc,heap     ] GC(475) Survivor regions: 1->1(119)
[2025-12-29T00:40:35.501+0000][5879.090s][info][gc,heap     ] GC(475) Old regions: 45->45
[2025-12-29T00:40:35.501+0000][5879.090s][info][gc,heap     ] GC(475) Archive regions: 2->2
[2025-12-29T00:40:35.502+0000][5879.090s][info][gc,heap     ] GC(475) Humongous regions: 39->39
[2025-12-29T00:40:35.502+0000][5879.090s][info][gc,metaspace] GC(475) Metaspace: 75539K(76352K)->75539K(76352K) NonClass: 65323K(65728K)->65323K(65728K) Class: 10216K(10624K)->10216K(10624K)
[2025-12-29T00:40:35.502+0000][5879.090s][info][gc          ] GC(475) Pause Young (Normal) (G1 Evacuation Pause) 1035M->83M(1588M) 3.888ms
[2025-12-29T00:40:35.502+0000][5879.090s][info][gc,cpu      ] GC(475) User=0.01s Sys=0.00s Real=0.01s
[2025-12-29T00:40:48.823+0000][5892.412s][info][gc,start    ] GC(476) Pause Young (Normal) (G1 Evacuation Pause)
[2025-12-29T00:40:48.824+0000][5892.413s][info][gc,task     ] GC(476) Using 8 workers of 8 for evacuation
[2025-12-29T00:40:48.828+0000][5892.417s][info][gc,phases   ] GC(476)   Pre Evacuate Collection Set: 0.4ms
[2025-12-29T00:40:48.829+0000][5892.417s][info][gc,phases   ] GC(476)   Merge Heap Roots: 0.3ms
[2025-12-29T00:40:48.829+0000][5892.417s][info][gc,phases   ] GC(476)   Evacuate Collection Set: 2.1ms
[2025-12-29T00:40:48.829+0000][5892.417s][info][gc,phases   ] GC(476)   Post Evacuate Collection Set: 0.9ms
[2025-12-29T00:40:48.829+0000][5892.417s][info][gc,phases   ] GC(476)   Other: 1.5ms
[2025-12-29T00:40:48.829+0000][5892.417s][info][gc,heap     ] GC(476) Eden regions: 951->0(951)
[2025-12-29T00:40:48.829+0000][5892.417s][info][gc,heap     ] GC(476) Survivor regions: 1->1(119)
[2025-12-29T00:40:48.829+0000][5892.417s][info][gc,heap     ] GC(476) Old regions: 45->45
[2025-12-29T00:40:48.829+0000][5892.417s][info][gc,heap     ] GC(476) Archive regions: 2->2
[2025-12-29T00:40:48.829+0000][5892.417s][info][gc,heap     ] GC(476) Humongous regions: 39->39
[2025-12-29T00:40:48.829+0000][5892.417s][info][gc,metaspace] GC(476) Metaspace: 75539K(76352K)->75539K(76352K) NonClass: 65323K(65728K)->65323K(65728K) Class: 10216K(10624K)->10216K(10624K)
[2025-12-29T00:40:48.829+0000][5892.418s][info][gc          ] GC(476) Pause Young (Normal) (G1 Evacuation Pause) 1034M->83M(1588M) 5.991ms
[2025-12-29T00:40:48.829+0000][5892.418s][info][gc,cpu      ] GC(476) User=0.02s Sys=0.00s Real=0.00s
[2025-12-29T00:41:01.811+0000][5905.400s][info][gc,start    ] GC(477) Pause Young (Normal) (G1 Evacuation Pause)
[2025-12-29T00:41:01.813+0000][5905.401s][info][gc,task     ] GC(477) Using 8 workers of 8 for evacuation
[2025-12-29T00:41:01.815+0000][5905.403s][info][gc,phases   ] GC(477)   Pre Evacuate Collection Set: 0.3ms
[2025-12-29T00:41:01.815+0000][5905.403s][info][gc,phases   ] GC(477)   Merge Heap Roots: 0.2ms
[2025-12-29T00:41:01.815+0000][5905.403s][info][gc,phases   ] GC(477)   Evacuate Collection Set: 1.0ms
[2025-12-29T00:41:01.815+0000][5905.403s][info][gc,phases   ] GC(477)   Post Evacuate Collection Set: 0.5ms
[2025-12-29T00:41:01.815+0000][5905.403s][info][gc,phases   ] GC(477)   Other: 1.4ms
[2025-12-29T00:41:01.815+0000][5905.403s][info][gc,heap     ] GC(477) Eden regions: 951->0(951)
[2025-12-29T00:41:01.815+0000][5905.403s][info][gc,heap     ] GC(477) Survivor regions: 1->1(119)
[2025-12-29T00:41:01.815+0000][5905.404s][info][gc,heap     ] GC(477) Old regions: 45->45
[2025-12-29T00:41:01.815+0000][5905.404s][info][gc,heap     ] GC(477) Archive regions: 2->2
[2025-12-29T00:41:01.816+0000][5905.404s][info][gc,heap     ] GC(477) Humongous regions: 39->39
[2025-12-29T00:41:01.816+0000][5905.404s][info][gc,metaspace] GC(477) Metaspace: 75539K(76352K)->75539K(76352K) NonClass: 65323K(65728K)->65323K(65728K) Class: 10216K(10624K)->10216K(10624K)
[2025-12-29T00:41:01.816+0000][5905.404s][info][gc          ] GC(477) Pause Young (Normal) (G1 Evacuation Pause) 1034M->83M(1588M) 4.251ms
[2025-12-29T00:41:01.816+0000][5905.404s][info][gc,cpu      ] GC(477) User=0.01s Sys=0.00s Real=0.00s
[2025-12-29T00:41:14.765+0000][5918.353s][info][gc,start    ] GC(478) Pause Young (Normal) (G1 Evacuation Pause)
[2025-12-29T00:41:14.766+0000][5918.354s][info][gc,task     ] GC(478) Using 8 workers of 8 for evacuation
[2025-12-29T00:41:14.768+0000][5918.357s][info][gc,phases   ] GC(478)   Pre Evacuate Collection Set: 0.3ms
[2025-12-29T00:41:14.769+0000][5918.357s][info][gc,phases   ] GC(478)   Merge Heap Roots: 0.2ms
[2025-12-29T00:41:14.769+0000][5918.357s][info][gc,phases   ] GC(478)   Evacuate Collection Set: 1.1ms
[2025-12-29T00:41:14.769+0000][5918.357s][info][gc,phases   ] GC(478)   Post Evacuate Collection Set: 0.6ms
[2025-12-29T00:41:14.769+0000][5918.357s][info][gc,phases   ] GC(478)   Other: 1.3ms
[2025-12-29T00:41:14.769+0000][5918.357s][info][gc,heap     ] GC(478) Eden regions: 951->0(951)
[2025-12-29T00:41:14.769+0000][5918.357s][info][gc,heap     ] GC(478) Survivor regions: 1->1(119)
[2025-12-29T00:41:14.769+0000][5918.357s][info][gc,heap     ] GC(478) Old regions: 45->45
[2025-12-29T00:41:14.769+0000][5918.357s][info][gc,heap     ] GC(478) Archive regions: 2->2
[2025-12-29T00:41:14.769+0000][5918.358s][info][gc,heap     ] GC(478) Humongous regions: 39->39
[2025-12-29T00:41:14.769+0000][5918.358s][info][gc,metaspace] GC(478) Metaspace: 75539K(76352K)->75539K(76352K) NonClass: 65323K(65728K)->65323K(65728K) Class: 10216K(10624K)->10216K(10624K)
[2025-12-29T00:41:14.770+0000][5918.358s][info][gc          ] GC(478) Pause Young (Normal) (G1 Evacuation Pause) 1034M->83M(1588M) 4.696ms
[2025-12-29T00:41:14.770+0000][5918.358s][info][gc,cpu      ] GC(478) User=0.01s Sys=0.00s Real=0.00s
[2025-12-29T00:41:27.760+0000][5931.348s][info][gc,start    ] GC(479) Pause Young (Normal) (G1 Evacuation Pause)
[2025-12-29T00:41:27.760+0000][5931.349s][info][gc,task     ] GC(479) Using 8 workers of 8 for evacuation
[2025-12-29T00:41:27.763+0000][5931.351s][info][gc,phases   ] GC(479)   Pre Evacuate Collection Set: 0.2ms
[2025-12-29T00:41:27.763+0000][5931.351s][info][gc,phases   ] GC(479)   Merge Heap Roots: 0.2ms
[2025-12-29T00:41:27.763+0000][5931.351s][info][gc,phases   ] GC(479)   Evacuate Collection Set: 1.1ms
[2025-12-29T00:41:27.763+0000][5931.351s][info][gc,phases   ] GC(479)   Post Evacuate Collection Set: 0.7ms
[2025-12-29T00:41:27.763+0000][5931.351s][info][gc,phases   ] GC(479)   Other: 1.2ms
[2025-12-29T00:41:27.763+0000][5931.351s][info][gc,heap     ] GC(479) Eden regions: 951->0(951)
[2025-12-29T00:41:27.763+0000][5931.351s][info][gc,heap     ] GC(479) Survivor regions: 1->1(119)
[2025-12-29T00:41:27.763+0000][5931.352s][info][gc,heap     ] GC(479) Old regions: 45->45
[2025-12-29T00:41:27.763+0000][5931.352s][info][gc,heap     ] GC(479) Archive regions: 2->2
[2025-12-29T00:41:27.763+0000][5931.352s][info][gc,heap     ] GC(479) Humongous regions: 39->39
[2025-12-29T00:41:27.764+0000][5931.352s][info][gc,metaspace] GC(479) Metaspace: 75539K(76352K)->75539K(76352K) NonClass: 65323K(65728K)->65323K(65728K) Class: 10216K(10624K)->10216K(10624K)
[2025-12-29T00:41:27.764+0000][5931.352s][info][gc          ] GC(479) Pause Young (Normal) (G1 Evacuation Pause) 1034M->83M(1588M) 4.045ms
[2025-12-29T00:41:27.764+0000][5931.352s][info][gc,cpu      ] GC(479) User=0.01s Sys=0.01s Real=0.01s
[2025-12-29T00:41:40.959+0000][5944.547s][info][gc,start    ] GC(480) Pause Young (Normal) (G1 Evacuation Pause)
[2025-12-29T00:41:40.960+0000][5944.548s][info][gc,task     ] GC(480) Using 8 workers of 8 for evacuation
[2025-12-29T00:41:40.962+0000][5944.550s][info][gc,phases   ] GC(480)   Pre Evacuate Collection Set: 0.2ms
[2025-12-29T00:41:40.962+0000][5944.550s][info][gc,phases   ] GC(480)   Merge Heap Roots: 0.2ms
[2025-12-29T00:41:40.962+0000][5944.550s][info][gc,phases   ] GC(480)   Evacuate Collection Set: 1.1ms
[2025-12-29T00:41:40.962+0000][5944.550s][info][gc,phases   ] GC(480)   Post Evacuate Collection Set: 0.5ms
[2025-12-29T00:41:40.962+0000][5944.551s][info][gc,phases   ] GC(480)   Other: 1.2ms
[2025-12-29T00:41:40.962+0000][5944.551s][info][gc,heap     ] GC(480) Eden regions: 951->0(951)
[2025-12-29T00:41:40.962+0000][5944.551s][info][gc,heap     ] GC(480) Survivor regions: 1->1(119)
[2025-12-29T00:41:40.963+0000][5944.551s][info][gc,heap     ] GC(480) Old regions: 45->45
[2025-12-29T00:41:40.963+0000][5944.551s][info][gc,heap     ] GC(480) Archive regions: 2->2
[2025-12-29T00:41:40.963+0000][5944.551s][info][gc,heap     ] GC(480) Humongous regions: 39->39
[2025-12-29T00:41:40.963+0000][5944.551s][info][gc,metaspace] GC(480) Metaspace: 75539K(76352K)->75539K(76352K) NonClass: 65323K(65728K)->65323K(65728K) Class: 10216K(10624K)->10216K(10624K)
[2025-12-29T00:41:40.963+0000][5944.551s][info][gc          ] GC(480) Pause Young (Normal) (G1 Evacuation Pause) 1034M->84M(1588M) 3.968ms
[2025-12-29T00:41:40.963+0000][5944.551s][info][gc,cpu      ] GC(480) User=0.01s Sys=0.00s Real=0.01s
[2025-12-29T00:41:55.935+0000][5959.523s][info][gc,start    ] GC(481) Pause Young (Normal) (G1 Evacuation Pause)
[2025-12-29T00:41:55.937+0000][5959.525s][info][gc,task     ] GC(481) Using 8 workers of 8 for evacuation
[2025-12-29T00:41:55.943+0000][5959.531s][info][gc,phases   ] GC(481)   Pre Evacuate Collection Set: 0.5ms
[2025-12-29T00:41:55.944+0000][5959.532s][info][gc,phases   ] GC(481)   Merge Heap Roots: 0.3ms
[2025-12-29T00:41:55.944+0000][5959.532s][info][gc,phases   ] GC(481)   Evacuate Collection Set: 3.2ms
[2025-12-29T00:41:55.944+0000][5959.532s][info][gc,phases   ] GC(481)   Post Evacuate Collection Set: 1.4ms
[2025-12-29T00:41:55.944+0000][5959.532s][info][gc,phases   ] GC(481)   Other: 2.8ms
[2025-12-29T00:41:55.944+0000][5959.532s][info][gc,heap     ] GC(481) Eden regions: 951->0(951)
[2025-12-29T00:41:55.944+0000][5959.533s][info][gc,heap     ] GC(481) Survivor regions: 1->1(119)
[2025-12-29T00:41:55.945+0000][5959.533s][info][gc,heap     ] GC(481) Old regions: 45->45
[2025-12-29T00:41:55.945+0000][5959.533s][info][gc,heap     ] GC(481) Archive regions: 2->2
[2025-12-29T00:41:55.945+0000][5959.533s][info][gc,heap     ] GC(481) Humongous regions: 39->39
[2025-12-29T00:41:55.945+0000][5959.533s][info][gc,metaspace] GC(481) Metaspace: 75540K(76352K)->75540K(76352K) NonClass: 65323K(65728K)->65323K(65728K) Class: 10216K(10624K)->10216K(10624K)
[2025-12-29T00:41:55.945+0000][5959.534s][info][gc          ] GC(481) Pause Young (Normal) (G1 Evacuation Pause) 1035M->84M(1588M) 10.129ms
[2025-12-29T00:41:55.946+0000][5959.534s][info][gc,cpu      ] GC(481) User=0.02s Sys=0.00s Real=0.01s
[2025-12-29T00:42:09.101+0000][5972.689s][info][gc,start    ] GC(482) Pause Young (Normal) (G1 Evacuation Pause)
[2025-12-29T00:42:09.101+0000][5972.689s][info][gc,task     ] GC(482) Using 8 workers of 8 for evacuation
[2025-12-29T00:42:09.105+0000][5972.693s][info][gc,phases   ] GC(482)   Pre Evacuate Collection Set: 0.5ms
[2025-12-29T00:42:09.105+0000][5972.693s][info][gc,phases   ] GC(482)   Merge Heap Roots: 0.2ms
[2025-12-29T00:42:09.105+0000][5972.693s][info][gc,phases   ] GC(482)   Evacuate Collection Set: 1.7ms
[2025-12-29T00:42:09.105+0000][5972.693s][info][gc,phases   ] GC(482)   Post Evacuate Collection Set: 0.9ms
[2025-12-29T00:42:09.105+0000][5972.694s][info][gc,phases   ] GC(482)   Other: 1.2ms
[2025-12-29T00:42:09.105+0000][5972.694s][info][gc,heap     ] GC(482) Eden regions: 951->0(951)
[2025-12-29T00:42:09.105+0000][5972.694s][info][gc,heap     ] GC(482) Survivor regions: 1->1(119)
[2025-12-29T00:42:09.106+0000][5972.694s][info][gc,heap     ] GC(482) Old regions: 45->45
[2025-12-29T00:42:09.106+0000][5972.694s][info][gc,heap     ] GC(482) Archive regions: 2->2
[2025-12-29T00:42:09.106+0000][5972.694s][info][gc,heap     ] GC(482) Humongous regions: 39->39
[2025-12-29T00:42:09.106+0000][5972.694s][info][gc,metaspace] GC(482) Metaspace: 75540K(76352K)->75540K(76352K) NonClass: 65323K(65728K)->65323K(65728K) Class: 10216K(10624K)->10216K(10624K)
[2025-12-29T00:42:09.106+0000][5972.694s][info][gc          ] GC(482) Pause Young (Normal) (G1 Evacuation Pause) 1035M->84M(1588M) 5.322ms
[2025-12-29T00:42:09.106+0000][5972.694s][info][gc,cpu      ] GC(482) User=0.02s Sys=0.00s Real=0.00s
[2025-12-29T00:42:22.205+0000][5985.793s][info][gc,start    ] GC(483) Pause Young (Normal) (G1 Evacuation Pause)
[2025-12-29T00:42:22.206+0000][5985.794s][info][gc,task     ] GC(483) Using 8 workers of 8 for evacuation
[2025-12-29T00:42:22.209+0000][5985.798s][info][gc,phases   ] GC(483)   Pre Evacuate Collection Set: 0.4ms
[2025-12-29T00:42:22.210+0000][5985.798s][info][gc,phases   ] GC(483)   Merge Heap Roots: 0.2ms
[2025-12-29T00:42:22.210+0000][5985.798s][info][gc,phases   ] GC(483)   Evacuate Collection Set: 1.8ms
[2025-12-29T00:42:22.210+0000][5985.798s][info][gc,phases   ] GC(483)   Post Evacuate Collection Set: 0.9ms
[2025-12-29T00:42:22.210+0000][5985.798s][info][gc,phases   ] GC(483)   Other: 1.7ms
[2025-12-29T00:42:22.210+0000][5985.798s][info][gc,heap     ] GC(483) Eden regions: 951->0(951)
[2025-12-29T00:42:22.210+0000][5985.798s][info][gc,heap     ] GC(483) Survivor regions: 1->1(119)
[2025-12-29T00:42:22.210+0000][5985.799s][info][gc,heap     ] GC(483) Old regions: 45->45
[2025-12-29T00:42:22.210+0000][5985.799s][info][gc,heap     ] GC(483) Archive regions: 2->2
[2025-12-29T00:42:22.211+0000][5985.799s][info][gc,heap     ] GC(483) Humongous regions: 39->39
[2025-12-29T00:42:22.211+0000][5985.799s][info][gc,metaspace] GC(483) Metaspace: 75540K(76352K)->75540K(76352K) NonClass: 65323K(65728K)->65323K(65728K) Class: 10216K(10624K)->10216K(10624K)
[2025-12-29T00:42:22.211+0000][5985.799s][info][gc          ] GC(483) Pause Young (Normal) (G1 Evacuation Pause) 1035M->84M(1588M) 6.067ms
[2025-12-29T00:42:22.211+0000][5985.799s][info][gc,cpu      ] GC(483) User=0.01s Sys=0.00s Real=0.01s
[2025-12-29T00:42:34.977+0000][5998.565s][info][gc,start    ] GC(484) Pause Young (Normal) (G1 Evacuation Pause)
[2025-12-29T00:42:34.978+0000][5998.566s][info][gc,task     ] GC(484) Using 8 workers of 8 for evacuation
[2025-12-29T00:42:34.981+0000][5998.570s][info][gc,phases   ] GC(484)   Pre Evacuate Collection Set: 0.5ms
[2025-12-29T00:42:34.982+0000][5998.570s][info][gc,phases   ] GC(484)   Merge Heap Roots: 0.2ms
[2025-12-29T00:42:34.982+0000][5998.570s][info][gc,phases   ] GC(484)   Evacuate Collection Set: 1.9ms
[2025-12-29T00:42:34.982+0000][5998.570s][info][gc,phases   ] GC(484)   Post Evacuate Collection Set: 0.9ms
[2025-12-29T00:42:34.982+0000][5998.570s][info][gc,phases   ] GC(484)   Other: 1.1ms
[2025-12-29T00:42:34.982+0000][5998.570s][info][gc,heap     ] GC(484) Eden regions: 951->0(951)
[2025-12-29T00:42:34.982+0000][5998.570s][info][gc,heap     ] GC(484) Survivor regions: 1->1(119)
[2025-12-29T00:42:34.982+0000][5998.570s][info][gc,heap     ] GC(484) Old regions: 45->45
[2025-12-29T00:42:34.982+0000][5998.570s][info][gc,heap     ] GC(484) Archive regions: 2->2
[2025-12-29T00:42:34.982+0000][5998.571s][info][gc,heap     ] GC(484) Humongous regions: 39->39
[2025-12-29T00:42:34.982+0000][5998.571s][info][gc,metaspace] GC(484) Metaspace: 75540K(76352K)->75540K(76352K) NonClass: 65323K(65728K)->65323K(65728K) Class: 10216K(10624K)->10216K(10624K)
[2025-12-29T00:42:34.982+0000][5998.571s][info][gc          ] GC(484) Pause Young (Normal) (G1 Evacuation Pause) 1035M->84M(1588M) 5.446ms
[2025-12-29T00:42:34.983+0000][5998.571s][info][gc,cpu      ] GC(484) User=0.02s Sys=0.00s Real=0.01s
[2025-12-29T00:42:48.205+0000][6011.793s][info][gc,start    ] GC(485) Pause Young (Normal) (G1 Evacuation Pause)
[2025-12-29T00:42:48.206+0000][6011.794s][info][gc,task     ] GC(485) Using 8 workers of 8 for evacuation
[2025-12-29T00:42:48.210+0000][6011.798s][info][gc,phases   ] GC(485)   Pre Evacuate Collection Set: 0.4ms
[2025-12-29T00:42:48.210+0000][6011.798s][info][gc,phases   ] GC(485)   Merge Heap Roots: 0.2ms
[2025-12-29T00:42:48.210+0000][6011.798s][info][gc,phases   ] GC(485)   Evacuate Collection Set: 1.4ms
[2025-12-29T00:42:48.210+0000][6011.798s][info][gc,phases   ] GC(485)   Post Evacuate Collection Set: 1.5ms
[2025-12-29T00:42:48.210+0000][6011.799s][info][gc,phases   ] GC(485)   Other: 1.7ms
[2025-12-29T00:42:48.211+0000][6011.799s][info][gc,heap     ] GC(485) Eden regions: 951->0(951)
[2025-12-29T00:42:48.211+0000][6011.799s][info][gc,heap     ] GC(485) Survivor regions: 1->1(119)
[2025-12-29T00:42:48.211+0000][6011.799s][info][gc,heap     ] GC(485) Old regions: 45->45
[2025-12-29T00:42:48.211+0000][6011.799s][info][gc,heap     ] GC(485) Archive regions: 2->2
[2025-12-29T00:42:48.211+0000][6011.800s][info][gc,heap     ] GC(485) Humongous regions: 39->39
[2025-12-29T00:42:48.211+0000][6011.800s][info][gc,metaspace] GC(485) Metaspace: 75540K(76352K)->75540K(76352K) NonClass: 65323K(65728K)->65323K(65728K) Class: 10216K(10624K)->10216K(10624K)
[2025-12-29T00:42:48.212+0000][6011.800s][info][gc          ] GC(485) Pause Young (Normal) (G1 Evacuation Pause) 1035M->84M(1588M) 7.051ms
[2025-12-29T00:42:48.212+0000][6011.800s][info][gc,cpu      ] GC(485) User=0.01s Sys=0.00s Real=0.01s
[2025-12-29T00:43:01.362+0000][6024.950s][info][gc,start    ] GC(486) Pause Young (Normal) (G1 Evacuation Pause)
[2025-12-29T00:43:01.363+0000][6024.951s][info][gc,task     ] GC(486) Using 8 workers of 8 for evacuation
[2025-12-29T00:43:01.366+0000][6024.954s][info][gc,phases   ] GC(486)   Pre Evacuate Collection Set: 0.4ms
[2025-12-29T00:43:01.366+0000][6024.955s][info][gc,phases   ] GC(486)   Merge Heap Roots: 0.2ms
[2025-12-29T00:43:01.367+0000][6024.955s][info][gc,phases   ] GC(486)   Evacuate Collection Set: 1.5ms
[2025-12-29T00:43:01.367+0000][6024.955s][info][gc,phases   ] GC(486)   Post Evacuate Collection Set: 0.7ms
[2025-12-29T00:43:01.367+0000][6024.955s][info][gc,phases   ] GC(486)   Other: 1.7ms
[2025-12-29T00:43:01.367+0000][6024.955s][info][gc,heap     ] GC(486) Eden regions: 951->0(951)
[2025-12-29T00:43:01.367+0000][6024.955s][info][gc,heap     ] GC(486) Survivor regions: 1->1(119)
[2025-12-29T00:43:01.367+0000][6024.955s][info][gc,heap     ] GC(486) Old regions: 45->45
[2025-12-29T00:43:01.367+0000][6024.956s][info][gc,heap     ] GC(486) Archive regions: 2->2
[2025-12-29T00:43:01.367+0000][6024.956s][info][gc,heap     ] GC(486) Humongous regions: 39->39
[2025-12-29T00:43:01.368+0000][6024.956s][info][gc,metaspace] GC(486) Metaspace: 75540K(76352K)->75540K(76352K) NonClass: 65323K(65728K)->65323K(65728K) Class: 10216K(10624K)->10216K(10624K)
[2025-12-29T00:43:01.368+0000][6024.956s][info][gc          ] GC(486) Pause Young (Normal) (G1 Evacuation Pause) 1035M->84M(1588M) 5.922ms
[2025-12-29T00:43:01.368+0000][6024.956s][info][gc,cpu      ] GC(486) User=0.02s Sys=0.00s Real=0.00s
[2025-12-29T00:43:14.203+0000][6037.791s][info][gc,start    ] GC(487) Pause Young (Normal) (G1 Evacuation Pause)
[2025-12-29T00:43:14.204+0000][6037.792s][info][gc,task     ] GC(487) Using 8 workers of 8 for evacuation
[2025-12-29T00:43:14.207+0000][6037.795s][info][gc,phases   ] GC(487)   Pre Evacuate Collection Set: 0.4ms
[2025-12-29T00:43:14.207+0000][6037.795s][info][gc,phases   ] GC(487)   Merge Heap Roots: 0.3ms
[2025-12-29T00:43:14.207+0000][6037.796s][info][gc,phases   ] GC(487)   Evacuate Collection Set: 1.5ms
[2025-12-29T00:43:14.208+0000][6037.796s][info][gc,phases   ] GC(487)   Post Evacuate Collection Set: 0.7ms
[2025-12-29T00:43:14.208+0000][6037.796s][info][gc,phases   ] GC(487)   Other: 1.6ms
[2025-12-29T00:43:14.208+0000][6037.796s][info][gc,heap     ] GC(487) Eden regions: 951->0(951)
[2025-12-29T00:43:14.208+0000][6037.796s][info][gc,heap     ] GC(487) Survivor regions: 1->1(119)
[2025-12-29T00:43:14.208+0000][6037.796s][info][gc,heap     ] GC(487) Old regions: 45->45
[2025-12-29T00:43:14.208+0000][6037.796s][info][gc,heap     ] GC(487) Archive regions: 2->2
[2025-12-29T00:43:14.208+0000][6037.797s][info][gc,heap     ] GC(487) Humongous regions: 39->39
[2025-12-29T00:43:14.209+0000][6037.797s][info][gc,metaspace] GC(487) Metaspace: 75540K(76352K)->75540K(76352K) NonClass: 65323K(65728K)->65323K(65728K) Class: 10216K(10624K)->10216K(10624K)
[2025-12-29T00:43:14.209+0000][6037.797s][info][gc          ] GC(487) Pause Young (Normal) (G1 Evacuation Pause) 1035M->84M(1588M) 5.968ms
[2025-12-29T00:43:14.209+0000][6037.797s][info][gc,cpu      ] GC(487) User=0.01s Sys=0.00s Real=0.00s
[2025-12-29T00:43:27.028+0000][6050.617s][info][gc,start    ] GC(488) Pause Young (Normal) (G1 Evacuation Pause)
[2025-12-29T00:43:27.030+0000][6050.618s][info][gc,task     ] GC(488) Using 8 workers of 8 for evacuation
[2025-12-29T00:43:27.034+0000][6050.622s][info][gc,phases   ] GC(488)   Pre Evacuate Collection Set: 0.6ms
[2025-12-29T00:43:27.034+0000][6050.622s][info][gc,phases   ] GC(488)   Merge Heap Roots: 0.2ms
[2025-12-29T00:43:27.034+0000][6050.622s][info][gc,phases   ] GC(488)   Evacuate Collection Set: 1.7ms
[2025-12-29T00:43:27.034+0000][6050.622s][info][gc,phases   ] GC(488)   Post Evacuate Collection Set: 1.2ms
[2025-12-29T00:43:27.034+0000][6050.622s][info][gc,phases   ] GC(488)   Other: 1.6ms
[2025-12-29T00:43:27.034+0000][6050.623s][info][gc,heap     ] GC(488) Eden regions: 951->0(951)
[2025-12-29T00:43:27.034+0000][6050.623s][info][gc,heap     ] GC(488) Survivor regions: 1->1(119)
[2025-12-29T00:43:27.035+0000][6050.623s][info][gc,heap     ] GC(488) Old regions: 45->45
[2025-12-29T00:43:27.035+0000][6050.623s][info][gc,heap     ] GC(488) Archive regions: 2->2
[2025-12-29T00:43:27.035+0000][6050.623s][info][gc,heap     ] GC(488) Humongous regions: 39->39
[2025-12-29T00:43:27.035+0000][6050.623s][info][gc,metaspace] GC(488) Metaspace: 75542K(76352K)->75542K(76352K) NonClass: 65326K(65728K)->65326K(65728K) Class: 10216K(10624K)->10216K(10624K)
[2025-12-29T00:43:27.035+0000][6050.623s][info][gc          ] GC(488) Pause Young (Normal) (G1 Evacuation Pause) 1035M->84M(1588M) 6.689ms
[2025-12-29T00:43:27.035+0000][6050.624s][info][gc,cpu      ] GC(488) User=0.02s Sys=0.00s Real=0.01s
[2025-12-29T00:43:40.949+0000][6064.537s][info][gc,start    ] GC(489) Pause Young (Normal) (G1 Evacuation Pause)
[2025-12-29T00:43:40.950+0000][6064.538s][info][gc,task     ] GC(489) Using 8 workers of 8 for evacuation
[2025-12-29T00:43:40.953+0000][6064.541s][info][gc,phases   ] GC(489)   Pre Evacuate Collection Set: 0.3ms
[2025-12-29T00:43:40.953+0000][6064.541s][info][gc,phases   ] GC(489)   Merge Heap Roots: 0.2ms
[2025-12-29T00:43:40.953+0000][6064.541s][info][gc,phases   ] GC(489)   Evacuate Collection Set: 1.7ms
[2025-12-29T00:43:40.953+0000][6064.541s][info][gc,phases   ] GC(489)   Post Evacuate Collection Set: 0.7ms
[2025-12-29T00:43:40.953+0000][6064.541s][info][gc,phases   ] GC(489)   Other: 1.0ms
[2025-12-29T00:43:40.953+0000][6064.542s][info][gc,heap     ] GC(489) Eden regions: 951->0(951)
[2025-12-29T00:43:40.953+0000][6064.542s][info][gc,heap     ] GC(489) Survivor regions: 1->1(119)
[2025-12-29T00:43:40.953+0000][6064.542s][info][gc,heap     ] GC(489) Old regions: 45->45
[2025-12-29T00:43:40.954+0000][6064.542s][info][gc,heap     ] GC(489) Archive regions: 2->2
[2025-12-29T00:43:40.954+0000][6064.542s][info][gc,heap     ] GC(489) Humongous regions: 39->39
[2025-12-29T00:43:40.954+0000][6064.542s][info][gc,metaspace] GC(489) Metaspace: 75558K(76352K)->75558K(76352K) NonClass: 65342K(65728K)->65342K(65728K) Class: 10216K(10624K)->10216K(10624K)
[2025-12-29T00:43:40.954+0000][6064.542s][info][gc          ] GC(489) Pause Young (Normal) (G1 Evacuation Pause) 1035M->84M(1588M) 4.858ms
[2025-12-29T00:43:40.954+0000][6064.542s][info][gc,cpu      ] GC(489) User=0.02s Sys=0.00s Real=0.01s
[2025-12-29T00:43:54.794+0000][6078.383s][info][gc,start    ] GC(490) Pause Young (Normal) (G1 Evacuation Pause)
[2025-12-29T00:43:54.795+0000][6078.384s][info][gc,task     ] GC(490) Using 8 workers of 8 for evacuation
[2025-12-29T00:43:54.799+0000][6078.387s][info][gc,phases   ] GC(490)   Pre Evacuate Collection Set: 0.4ms
[2025-12-29T00:43:54.799+0000][6078.387s][info][gc,phases   ] GC(490)   Merge Heap Roots: 0.3ms
[2025-12-29T00:43:54.799+0000][6078.387s][info][gc,phases   ] GC(490)   Evacuate Collection Set: 1.6ms
[2025-12-29T00:43:54.799+0000][6078.388s][info][gc,phases   ] GC(490)   Post Evacuate Collection Set: 0.8ms
[2025-12-29T00:43:54.800+0000][6078.388s][info][gc,phases   ] GC(490)   Other: 1.5ms
[2025-12-29T00:43:54.800+0000][6078.388s][info][gc,heap     ] GC(490) Eden regions: 951->0(951)
[2025-12-29T00:43:54.800+0000][6078.388s][info][gc,heap     ] GC(490) Survivor regions: 1->1(119)
[2025-12-29T00:43:54.800+0000][6078.388s][info][gc,heap     ] GC(490) Old regions: 45->45
[2025-12-29T00:43:54.800+0000][6078.388s][info][gc,heap     ] GC(490) Archive regions: 2->2
[2025-12-29T00:43:54.800+0000][6078.389s][info][gc,heap     ] GC(490) Humongous regions: 39->39
[2025-12-29T00:43:54.800+0000][6078.389s][info][gc,metaspace] GC(490) Metaspace: 75558K(76352K)->75558K(76352K) NonClass: 65342K(65728K)->65342K(65728K) Class: 10216K(10624K)->10216K(10624K)
[2025-12-29T00:43:54.801+0000][6078.389s][info][gc          ] GC(490) Pause Young (Normal) (G1 Evacuation Pause) 1035M->84M(1588M) 6.234ms
[2025-12-29T00:43:54.801+0000][6078.389s][info][gc,cpu      ] GC(490) User=0.01s Sys=0.00s Real=0.01s
[2025-12-29T00:44:07.898+0000][6091.487s][info][gc,start    ] GC(491) Pause Young (Normal) (G1 Evacuation Pause)
[2025-12-29T00:44:07.900+0000][6091.488s][info][gc,task     ] GC(491) Using 8 workers of 8 for evacuation
[2025-12-29T00:44:07.903+0000][6091.491s][info][gc,phases   ] GC(491)   Pre Evacuate Collection Set: 0.4ms
[2025-12-29T00:44:07.903+0000][6091.491s][info][gc,phases   ] GC(491)   Merge Heap Roots: 0.2ms
[2025-12-29T00:44:07.903+0000][6091.492s][info][gc,phases   ] GC(491)   Evacuate Collection Set: 1.5ms
[2025-12-29T00:44:07.903+0000][6091.492s][info][gc,phases   ] GC(491)   Post Evacuate Collection Set: 0.7ms
[2025-12-29T00:44:07.904+0000][6091.492s][info][gc,phases   ] GC(491)   Other: 2.0ms
[2025-12-29T00:44:07.904+0000][6091.492s][info][gc,heap     ] GC(491) Eden regions: 951->0(951)
[2025-12-29T00:44:07.904+0000][6091.492s][info][gc,heap     ] GC(491) Survivor regions: 1->1(119)
[2025-12-29T00:44:07.904+0000][6091.492s][info][gc,heap     ] GC(491) Old regions: 45->45
[2025-12-29T00:44:07.904+0000][6091.492s][info][gc,heap     ] GC(491) Archive regions: 2->2
[2025-12-29T00:44:07.904+0000][6091.493s][info][gc,heap     ] GC(491) Humongous regions: 39->39
[2025-12-29T00:44:07.904+0000][6091.493s][info][gc,metaspace] GC(491) Metaspace: 75558K(76352K)->75558K(76352K) NonClass: 65342K(65728K)->65342K(65728K) Class: 10216K(10624K)->10216K(10624K)
[2025-12-29T00:44:07.905+0000][6091.493s][info][gc          ] GC(491) Pause Young (Normal) (G1 Evacuation Pause) 1035M->84M(1588M) 6.228ms
[2025-12-29T00:44:07.905+0000][6091.493s][info][gc,cpu      ] GC(491) User=0.01s Sys=0.00s Real=0.01s
[2025-12-29T00:44:21.055+0000][6104.643s][info][gc,start    ] GC(492) Pause Young (Normal) (G1 Evacuation Pause)
[2025-12-29T00:44:21.055+0000][6104.643s][info][gc,task     ] GC(492) Using 8 workers of 8 for evacuation
[2025-12-29T00:44:21.058+0000][6104.646s][info][gc,phases   ] GC(492)   Pre Evacuate Collection Set: 0.4ms
[2025-12-29T00:44:21.058+0000][6104.646s][info][gc,phases   ] GC(492)   Merge Heap Roots: 0.2ms
[2025-12-29T00:44:21.058+0000][6104.646s][info][gc,phases   ] GC(492)   Evacuate Collection Set: 1.2ms
[2025-12-29T00:44:21.058+0000][6104.646s][info][gc,phases   ] GC(492)   Post Evacuate Collection Set: 0.6ms
[2025-12-29T00:44:21.058+0000][6104.646s][info][gc,phases   ] GC(492)   Other: 1.2ms
[2025-12-29T00:44:21.058+0000][6104.646s][info][gc,heap     ] GC(492) Eden regions: 951->0(951)
[2025-12-29T00:44:21.058+0000][6104.647s][info][gc,heap     ] GC(492) Survivor regions: 1->1(119)
[2025-12-29T00:44:21.058+0000][6104.647s][info][gc,heap     ] GC(492) Old regions: 45->45
[2025-12-29T00:44:21.058+0000][6104.647s][info][gc,heap     ] GC(492) Archive regions: 2->2
[2025-12-29T00:44:21.059+0000][6104.647s][info][gc,heap     ] GC(492) Humongous regions: 39->39
[2025-12-29T00:44:21.059+0000][6104.647s][info][gc,metaspace] GC(492) Metaspace: 75558K(76352K)->75558K(76352K) NonClass: 65342K(65728K)->65342K(65728K) Class: 10216K(10624K)->10216K(10624K)
[2025-12-29T00:44:21.059+0000][6104.647s][info][gc          ] GC(492) Pause Young (Normal) (G1 Evacuation Pause) 1035M->84M(1588M) 4.051ms
[2025-12-29T00:44:21.059+0000][6104.647s][info][gc,cpu      ] GC(492) User=0.01s Sys=0.00s Real=0.00s
[2025-12-29T00:44:33.857+0000][6117.446s][info][gc,start    ] GC(493) Pause Young (Normal) (G1 Evacuation Pause)
[2025-12-29T00:44:33.858+0000][6117.447s][info][gc,task     ] GC(493) Using 8 workers of 8 for evacuation
[2025-12-29T00:44:33.863+0000][6117.451s][info][gc,phases   ] GC(493)   Pre Evacuate Collection Set: 0.5ms
[2025-12-29T00:44:33.863+0000][6117.451s][info][gc,phases   ] GC(493)   Merge Heap Roots: 0.3ms
[2025-12-29T00:44:33.864+0000][6117.452s][info][gc,phases   ] GC(493)   Evacuate Collection Set: 1.9ms
[2025-12-29T00:44:33.864+0000][6117.452s][info][gc,phases   ] GC(493)   Post Evacuate Collection Set: 1.3ms
[2025-12-29T00:44:33.864+0000][6117.453s][info][gc,phases   ] GC(493)   Other: 1.9ms
[2025-12-29T00:44:33.865+0000][6117.453s][info][gc,heap     ] GC(493) Eden regions: 951->0(951)
[2025-12-29T00:44:33.865+0000][6117.454s][info][gc,heap     ] GC(493) Survivor regions: 1->1(119)
[2025-12-29T00:44:33.866+0000][6117.454s][info][gc,heap     ] GC(493) Old regions: 45->45
[2025-12-29T00:44:33.866+0000][6117.454s][info][gc,heap     ] GC(493) Archive regions: 2->2
[2025-12-29T00:44:33.866+0000][6117.454s][info][gc,heap     ] GC(493) Humongous regions: 39->39
[2025-12-29T00:44:33.866+0000][6117.454s][info][gc,metaspace] GC(493) Metaspace: 75558K(76352K)->75558K(76352K) NonClass: 65342K(65728K)->65342K(65728K) Class: 10216K(10624K)->10216K(10624K)
[2025-12-29T00:44:33.866+0000][6117.454s][info][gc          ] GC(493) Pause Young (Normal) (G1 Evacuation Pause) 1035M->84M(1588M) 8.980ms
[2025-12-29T00:44:33.867+0000][6117.455s][info][gc,cpu      ] GC(493) User=0.02s Sys=0.00s Real=0.01s
[2025-12-29T00:44:46.715+0000][6130.303s][info][gc,start    ] GC(494) Pause Young (Normal) (G1 Evacuation Pause)
[2025-12-29T00:44:46.715+0000][6130.304s][info][gc,task     ] GC(494) Using 8 workers of 8 for evacuation
[2025-12-29T00:44:46.720+0000][6130.308s][info][gc,phases   ] GC(494)   Pre Evacuate Collection Set: 0.4ms
[2025-12-29T00:44:46.720+0000][6130.308s][info][gc,phases   ] GC(494)   Merge Heap Roots: 0.2ms
[2025-12-29T00:44:46.720+0000][6130.308s][info][gc,phases   ] GC(494)   Evacuate Collection Set: 2.2ms
[2025-12-29T00:44:46.720+0000][6130.309s][info][gc,phases   ] GC(494)   Post Evacuate Collection Set: 1.3ms
[2025-12-29T00:44:46.721+0000][6130.309s][info][gc,phases   ] GC(494)   Other: 1.0ms
[2025-12-29T00:44:46.721+0000][6130.309s][info][gc,heap     ] GC(494) Eden regions: 951->0(951)
[2025-12-29T00:44:46.721+0000][6130.309s][info][gc,heap     ] GC(494) Survivor regions: 1->1(119)
[2025-12-29T00:44:46.721+0000][6130.309s][info][gc,heap     ] GC(494) Old regions: 45->45
[2025-12-29T00:44:46.721+0000][6130.309s][info][gc,heap     ] GC(494) Archive regions: 2->2
[2025-12-29T00:44:46.721+0000][6130.309s][info][gc,heap     ] GC(494) Humongous regions: 39->39
[2025-12-29T00:44:46.721+0000][6130.309s][info][gc,metaspace] GC(494) Metaspace: 75558K(76352K)->75558K(76352K) NonClass: 65342K(65728K)->65342K(65728K) Class: 10216K(10624K)->10216K(10624K)
[2025-12-29T00:44:46.721+0000][6130.309s][info][gc          ] GC(494) Pause Young (Normal) (G1 Evacuation Pause) 1035M->84M(1588M) 6.350ms
[2025-12-29T00:44:46.721+0000][6130.310s][info][gc,cpu      ] GC(494) User=0.02s Sys=0.00s Real=0.01s
[2025-12-29T00:44:59.911+0000][6143.499s][info][gc,start    ] GC(495) Pause Young (Normal) (G1 Evacuation Pause)
[2025-12-29T00:44:59.911+0000][6143.499s][info][gc,task     ] GC(495) Using 8 workers of 8 for evacuation
[2025-12-29T00:44:59.914+0000][6143.502s][info][gc,phases   ] GC(495)   Pre Evacuate Collection Set: 0.3ms
[2025-12-29T00:44:59.914+0000][6143.502s][info][gc,phases   ] GC(495)   Merge Heap Roots: 0.2ms
[2025-12-29T00:44:59.914+0000][6143.502s][info][gc,phases   ] GC(495)   Evacuate Collection Set: 1.4ms
[2025-12-29T00:44:59.914+0000][6143.502s][info][gc,phases   ] GC(495)   Post Evacuate Collection Set: 0.5ms
[2025-12-29T00:44:59.914+0000][6143.503s][info][gc,phases   ] GC(495)   Other: 0.9ms
[2025-12-29T00:44:59.914+0000][6143.503s][info][gc,heap     ] GC(495) Eden regions: 951->0(951)
[2025-12-29T00:44:59.914+0000][6143.503s][info][gc,heap     ] GC(495) Survivor regions: 1->1(119)
[2025-12-29T00:44:59.915+0000][6143.503s][info][gc,heap     ] GC(495) Old regions: 45->45
[2025-12-29T00:44:59.915+0000][6143.503s][info][gc,heap     ] GC(495) Archive regions: 2->2
[2025-12-29T00:44:59.915+0000][6143.503s][info][gc,heap     ] GC(495) Humongous regions: 39->39
[2025-12-29T00:44:59.915+0000][6143.503s][info][gc,metaspace] GC(495) Metaspace: 75558K(76352K)->75558K(76352K) NonClass: 65342K(65728K)->65342K(65728K) Class: 10216K(10624K)->10216K(10624K)
[2025-12-29T00:44:59.915+0000][6143.503s][info][gc          ] GC(495) Pause Young (Normal) (G1 Evacuation Pause) 1035M->84M(1588M) 4.198ms
[2025-12-29T00:44:59.915+0000][6143.503s][info][gc,cpu      ] GC(495) User=0.01s Sys=0.00s Real=0.00s
[2025-12-29T00:45:12.914+0000][6156.502s][info][gc,start    ] GC(496) Pause Young (Normal) (G1 Evacuation Pause)
[2025-12-29T00:45:12.915+0000][6156.503s][info][gc,task     ] GC(496) Using 8 workers of 8 for evacuation
[2025-12-29T00:45:12.919+0000][6156.507s][info][gc,phases   ] GC(496)   Pre Evacuate Collection Set: 0.5ms
[2025-12-29T00:45:12.919+0000][6156.508s][info][gc,phases   ] GC(496)   Merge Heap Roots: 0.4ms
[2025-12-29T00:45:12.919+0000][6156.508s][info][gc,phases   ] GC(496)   Evacuate Collection Set: 1.8ms
[2025-12-29T00:45:12.920+0000][6156.508s][info][gc,phases   ] GC(496)   Post Evacuate Collection Set: 0.8ms
[2025-12-29T00:45:12.920+0000][6156.508s][info][gc,phases   ] GC(496)   Other: 1.8ms
[2025-12-29T00:45:12.920+0000][6156.508s][info][gc,heap     ] GC(496) Eden regions: 951->0(951)
[2025-12-29T00:45:12.920+0000][6156.508s][info][gc,heap     ] GC(496) Survivor regions: 1->1(119)
[2025-12-29T00:45:12.920+0000][6156.509s][info][gc,heap     ] GC(496) Old regions: 45->45
[2025-12-29T00:45:12.920+0000][6156.509s][info][gc,heap     ] GC(496) Archive regions: 2->2
[2025-12-29T00:45:12.921+0000][6156.509s][info][gc,heap     ] GC(496) Humongous regions: 39->39
[2025-12-29T00:45:12.921+0000][6156.509s][info][gc,metaspace] GC(496) Metaspace: 75558K(76352K)->75558K(76352K) NonClass: 65342K(65728K)->65342K(65728K) Class: 10216K(10624K)->10216K(10624K)
[2025-12-29T00:45:12.921+0000][6156.509s][info][gc          ] GC(496) Pause Young (Normal) (G1 Evacuation Pause) 1035M->84M(1588M) 7.020ms
[2025-12-29T00:45:12.921+0000][6156.510s][info][gc,cpu      ] GC(496) User=0.02s Sys=0.00s Real=0.01s
[2025-12-29T00:45:25.961+0000][6169.549s][info][gc,start    ] GC(497) Pause Young (Normal) (G1 Evacuation Pause)
[2025-12-29T00:45:25.961+0000][6169.549s][info][gc,task     ] GC(497) Using 8 workers of 8 for evacuation
[2025-12-29T00:45:25.964+0000][6169.552s][info][gc,phases   ] GC(497)   Pre Evacuate Collection Set: 0.3ms
[2025-12-29T00:45:25.964+0000][6169.552s][info][gc,phases   ] GC(497)   Merge Heap Roots: 0.2ms
[2025-12-29T00:45:25.964+0000][6169.552s][info][gc,phases   ] GC(497)   Evacuate Collection Set: 1.2ms
[2025-12-29T00:45:25.964+0000][6169.552s][info][gc,phases   ] GC(497)   Post Evacuate Collection Set: 0.7ms
[2025-12-29T00:45:25.964+0000][6169.552s][info][gc,phases   ] GC(497)   Other: 0.6ms
[2025-12-29T00:45:25.964+0000][6169.553s][info][gc,heap     ] GC(497) Eden regions: 951->0(951)
[2025-12-29T00:45:25.964+0000][6169.553s][info][gc,heap     ] GC(497) Survivor regions: 1->1(119)
[2025-12-29T00:45:25.965+0000][6169.553s][info][gc,heap     ] GC(497) Old regions: 45->45
[2025-12-29T00:45:25.965+0000][6169.553s][info][gc,heap     ] GC(497) Archive regions: 2->2
[2025-12-29T00:45:25.965+0000][6169.553s][info][gc,heap     ] GC(497) Humongous regions: 39->39
[2025-12-29T00:45:25.965+0000][6169.553s][info][gc,metaspace] GC(497) Metaspace: 75558K(76352K)->75558K(76352K) NonClass: 65342K(65728K)->65342K(65728K) Class: 10216K(10624K)->10216K(10624K)
[2025-12-29T00:45:25.965+0000][6169.553s][info][gc          ] GC(497) Pause Young (Normal) (G1 Evacuation Pause) 1035M->84M(1588M) 3.886ms
[2025-12-29T00:45:25.965+0000][6169.553s][info][gc,cpu      ] GC(497) User=0.01s Sys=0.00s Real=0.00s
[2025-12-29T00:45:40.437+0000][6184.026s][info][gc,start    ] GC(498) Pause Young (Normal) (G1 Evacuation Pause)
[2025-12-29T00:45:40.439+0000][6184.027s][info][gc,task     ] GC(498) Using 8 workers of 8 for evacuation
[2025-12-29T00:45:40.442+0000][6184.030s][info][gc,phases   ] GC(498)   Pre Evacuate Collection Set: 0.5ms
[2025-12-29T00:45:40.442+0000][6184.031s][info][gc,phases   ] GC(498)   Merge Heap Roots: 0.4ms
[2025-12-29T00:45:40.443+0000][6184.031s][info][gc,phases   ] GC(498)   Evacuate Collection Set: 1.8ms
[2025-12-29T00:45:40.443+0000][6184.031s][info][gc,phases   ] GC(498)   Post Evacuate Collection Set: 0.9ms
[2025-12-29T00:45:40.443+0000][6184.031s][info][gc,phases   ] GC(498)   Other: 1.8ms
[2025-12-29T00:45:40.443+0000][6184.031s][info][gc,heap     ] GC(498) Eden regions: 951->0(951)
[2025-12-29T00:45:40.443+0000][6184.031s][info][gc,heap     ] GC(498) Survivor regions: 1->1(119)
[2025-12-29T00:45:40.443+0000][6184.031s][info][gc,heap     ] GC(498) Old regions: 45->45
[2025-12-29T00:45:40.443+0000][6184.032s][info][gc,heap     ] GC(498) Archive regions: 2->2
[2025-12-29T00:45:40.444+0000][6184.032s][info][gc,heap     ] GC(498) Humongous regions: 39->39
[2025-12-29T00:45:40.444+0000][6184.032s][info][gc,metaspace] GC(498) Metaspace: 75558K(76352K)->75558K(76352K) NonClass: 65342K(65728K)->65342K(65728K) Class: 10216K(10624K)->10216K(10624K)
[2025-12-29T00:45:40.444+0000][6184.032s][info][gc          ] GC(498) Pause Young (Normal) (G1 Evacuation Pause) 1035M->84M(1588M) 6.449ms
[2025-12-29T00:45:40.444+0000][6184.032s][info][gc,cpu      ] GC(498) User=0.02s Sys=0.00s Real=0.01s
[2025-12-29T00:45:53.563+0000][6197.151s][info][gc,start    ] GC(499) Pause Young (Normal) (G1 Evacuation Pause)
[2025-12-29T00:45:53.563+0000][6197.151s][info][gc,task     ] GC(499) Using 8 workers of 8 for evacuation
[2025-12-29T00:45:53.566+0000][6197.154s][info][gc,phases   ] GC(499)   Pre Evacuate Collection Set: 0.3ms
[2025-12-29T00:45:53.566+0000][6197.154s][info][gc,phases   ] GC(499)   Merge Heap Roots: 0.2ms
[2025-12-29T00:45:53.566+0000][6197.155s][info][gc,phases   ] GC(499)   Evacuate Collection Set: 1.6ms
[2025-12-29T00:45:53.566+0000][6197.155s][info][gc,phases   ] GC(499)   Post Evacuate Collection Set: 0.8ms
[2025-12-29T00:45:53.566+0000][6197.155s][info][gc,phases   ] GC(499)   Other: 0.6ms
[2025-12-29T00:45:53.567+0000][6197.155s][info][gc,heap     ] GC(499) Eden regions: 951->0(951)
[2025-12-29T00:45:53.567+0000][6197.155s][info][gc,heap     ] GC(499) Survivor regions: 1->1(119)
[2025-12-29T00:45:53.567+0000][6197.155s][info][gc,heap     ] GC(499) Old regions: 45->45
[2025-12-29T00:45:53.567+0000][6197.155s][info][gc,heap     ] GC(499) Archive regions: 2->2
[2025-12-29T00:45:53.567+0000][6197.155s][info][gc,heap     ] GC(499) Humongous regions: 39->39
[2025-12-29T00:45:53.567+0000][6197.155s][info][gc,metaspace] GC(499) Metaspace: 75558K(76352K)->75558K(76352K) NonClass: 65342K(65728K)->65342K(65728K) Class: 10216K(10624K)->10216K(10624K)
[2025-12-29T00:45:53.567+0000][6197.155s][info][gc          ] GC(499) Pause Young (Normal) (G1 Evacuation Pause) 1035M->84M(1588M) 4.111ms
[2025-12-29T00:45:53.567+0000][6197.155s][info][gc,cpu      ] GC(499) User=0.02s Sys=0.00s Real=0.00s
[2025-12-29T00:46:06.630+0000][6210.218s][info][gc,start    ] GC(500) Pause Young (Normal) (G1 Evacuation Pause)
[2025-12-29T00:46:06.631+0000][6210.220s][info][gc,task     ] GC(500) Using 8 workers of 8 for evacuation
[2025-12-29T00:46:06.636+0000][6210.224s][info][gc,phases   ] GC(500)   Pre Evacuate Collection Set: 0.5ms
[2025-12-29T00:46:06.636+0000][6210.225s][info][gc,phases   ] GC(500)   Merge Heap Roots: 0.2ms
[2025-12-29T00:46:06.637+0000][6210.225s][info][gc,phases   ] GC(500)   Evacuate Collection Set: 2.1ms
[2025-12-29T00:46:06.637+0000][6210.225s][info][gc,phases   ] GC(500)   Post Evacuate Collection Set: 0.9ms
[2025-12-29T00:46:06.637+0000][6210.225s][info][gc,phases   ] GC(500)   Other: 2.2ms
[2025-12-29T00:46:06.637+0000][6210.225s][info][gc,heap     ] GC(500) Eden regions: 951->0(951)
[2025-12-29T00:46:06.637+0000][6210.225s][info][gc,heap     ] GC(500) Survivor regions: 1->1(119)
[2025-12-29T00:46:06.637+0000][6210.226s][info][gc,heap     ] GC(500) Old regions: 45->45
[2025-12-29T00:46:06.638+0000][6210.226s][info][gc,heap     ] GC(500) Archive regions: 2->2
[2025-12-29T00:46:06.638+0000][6210.226s][info][gc,heap     ] GC(500) Humongous regions: 39->39
[2025-12-29T00:46:06.638+0000][6210.226s][info][gc,metaspace] GC(500) Metaspace: 75558K(76352K)->75558K(76352K) NonClass: 65342K(65728K)->65342K(65728K) Class: 10216K(10624K)->10216K(10624K)
[2025-12-29T00:46:06.638+0000][6210.226s][info][gc          ] GC(500) Pause Young (Normal) (G1 Evacuation Pause) 1035M->84M(1588M) 8.173ms
[2025-12-29T00:46:06.638+0000][6210.227s][info][gc,cpu      ] GC(500) User=0.01s Sys=0.00s Real=0.01s
[2025-12-29T00:46:19.747+0000][6223.336s][info][gc,start    ] GC(501) Pause Young (Normal) (G1 Evacuation Pause)
[2025-12-29T00:46:19.748+0000][6223.336s][info][gc,task     ] GC(501) Using 8 workers of 8 for evacuation
[2025-12-29T00:46:19.751+0000][6223.339s][info][gc,phases   ] GC(501)   Pre Evacuate Collection Set: 0.5ms
[2025-12-29T00:46:19.751+0000][6223.339s][info][gc,phases   ] GC(501)   Merge Heap Roots: 0.2ms
[2025-12-29T00:46:19.751+0000][6223.339s][info][gc,phases   ] GC(501)   Evacuate Collection Set: 1.3ms
[2025-12-29T00:46:19.751+0000][6223.340s][info][gc,phases   ] GC(501)   Post Evacuate Collection Set: 0.7ms
[2025-12-29T00:46:19.751+0000][6223.340s][info][gc,phases   ] GC(501)   Other: 1.2ms
[2025-12-29T00:46:19.752+0000][6223.340s][info][gc,heap     ] GC(501) Eden regions: 951->0(951)
[2025-12-29T00:46:19.752+0000][6223.340s][info][gc,heap     ] GC(501) Survivor regions: 1->1(119)
[2025-12-29T00:46:19.752+0000][6223.340s][info][gc,heap     ] GC(501) Old regions: 45->45
[2025-12-29T00:46:19.752+0000][6223.340s][info][gc,heap     ] GC(501) Archive regions: 2->2
[2025-12-29T00:46:19.752+0000][6223.340s][info][gc,heap     ] GC(501) Humongous regions: 39->39
[2025-12-29T00:46:19.752+0000][6223.340s][info][gc,metaspace] GC(501) Metaspace: 75558K(76352K)->75558K(76352K) NonClass: 65342K(65728K)->65342K(65728K) Class: 10216K(10624K)->10216K(10624K)
[2025-12-29T00:46:19.752+0000][6223.340s][info][gc          ] GC(501) Pause Young (Normal) (G1 Evacuation Pause) 1035M->84M(1588M) 4.627ms
[2025-12-29T00:46:19.752+0000][6223.340s][info][gc,cpu      ] GC(501) User=0.01s Sys=0.00s Real=0.01s
[2025-12-29T00:46:32.429+0000][6236.018s][info][gc,start    ] GC(502) Pause Young (Normal) (G1 Evacuation Pause)
[2025-12-29T00:46:32.432+0000][6236.020s][info][gc,task     ] GC(502) Using 8 workers of 8 for evacuation
[2025-12-29T00:46:32.438+0000][6236.026s][info][gc,phases   ] GC(502)   Pre Evacuate Collection Set: 0.4ms
[2025-12-29T00:46:32.438+0000][6236.027s][info][gc,phases   ] GC(502)   Merge Heap Roots: 0.2ms
[2025-12-29T00:46:32.439+0000][6236.027s][info][gc,phases   ] GC(502)   Evacuate Collection Set: 2.9ms
[2025-12-29T00:46:32.439+0000][6236.027s][info][gc,phases   ] GC(502)   Post Evacuate Collection Set: 2.0ms
[2025-12-29T00:46:32.439+0000][6236.027s][info][gc,phases   ] GC(502)   Other: 3.3ms
[2025-12-29T00:46:32.439+0000][6236.027s][info][gc,heap     ] GC(502) Eden regions: 951->0(951)
[2025-12-29T00:46:32.439+0000][6236.028s][info][gc,heap     ] GC(502) Survivor regions: 1->1(119)
[2025-12-29T00:46:32.439+0000][6236.028s][info][gc,heap     ] GC(502) Old regions: 45->45
[2025-12-29T00:46:32.440+0000][6236.028s][info][gc,heap     ] GC(502) Archive regions: 2->2
[2025-12-29T00:46:32.440+0000][6236.028s][info][gc,heap     ] GC(502) Humongous regions: 39->39
[2025-12-29T00:46:32.440+0000][6236.028s][info][gc,metaspace] GC(502) Metaspace: 75559K(76352K)->75559K(76352K) NonClass: 65343K(65728K)->65343K(65728K) Class: 10216K(10624K)->10216K(10624K)
[2025-12-29T00:46:32.440+0000][6236.028s][info][gc          ] GC(502) Pause Young (Normal) (G1 Evacuation Pause) 1035M->84M(1588M) 10.689ms
[2025-12-29T00:46:32.440+0000][6236.029s][info][gc,cpu      ] GC(502) User=0.02s Sys=0.00s Real=0.02s
[2025-12-29T00:46:45.477+0000][6249.066s][info][gc,start    ] GC(503) Pause Young (Normal) (G1 Evacuation Pause)
[2025-12-29T00:46:45.480+0000][6249.068s][info][gc,task     ] GC(503) Using 8 workers of 8 for evacuation
[2025-12-29T00:46:45.483+0000][6249.072s][info][gc,phases   ] GC(503)   Pre Evacuate Collection Set: 0.4ms
[2025-12-29T00:46:45.484+0000][6249.072s][info][gc,phases   ] GC(503)   Merge Heap Roots: 0.2ms
[2025-12-29T00:46:45.484+0000][6249.072s][info][gc,phases   ] GC(503)   Evacuate Collection Set: 2.0ms
[2025-12-29T00:46:45.484+0000][6249.072s][info][gc,phases   ] GC(503)   Post Evacuate Collection Set: 0.8ms
[2025-12-29T00:46:45.484+0000][6249.072s][info][gc,phases   ] GC(503)   Other: 2.7ms
[2025-12-29T00:46:45.484+0000][6249.073s][info][gc,heap     ] GC(503) Eden regions: 951->0(951)
[2025-12-29T00:46:45.485+0000][6249.073s][info][gc,heap     ] GC(503) Survivor regions: 1->1(119)
[2025-12-29T00:46:45.485+0000][6249.073s][info][gc,heap     ] GC(503) Old regions: 45->45
[2025-12-29T00:46:45.485+0000][6249.073s][info][gc,heap     ] GC(503) Archive regions: 2->2
[2025-12-29T00:46:45.485+0000][6249.073s][info][gc,heap     ] GC(503) Humongous regions: 39->39
[2025-12-29T00:46:45.485+0000][6249.073s][info][gc,metaspace] GC(503) Metaspace: 75564K(76416K)->75564K(76416K) NonClass: 65348K(65792K)->65348K(65792K) Class: 10216K(10624K)->10216K(10624K)
[2025-12-29T00:46:45.485+0000][6249.074s][info][gc          ] GC(503) Pause Young (Normal) (G1 Evacuation Pause) 1035M->84M(1588M) 8.021ms
[2025-12-29T00:46:45.486+0000][6249.074s][info][gc,cpu      ] GC(503) User=0.01s Sys=0.00s Real=0.01s
[2025-12-29T00:46:58.593+0000][6262.181s][info][gc,start    ] GC(504) Pause Young (Normal) (G1 Evacuation Pause)
[2025-12-29T00:46:58.594+0000][6262.182s][info][gc,task     ] GC(504) Using 8 workers of 8 for evacuation
[2025-12-29T00:46:58.596+0000][6262.184s][info][gc,phases   ] GC(504)   Pre Evacuate Collection Set: 0.3ms
[2025-12-29T00:46:58.596+0000][6262.185s][info][gc,phases   ] GC(504)   Merge Heap Roots: 0.2ms
[2025-12-29T00:46:58.596+0000][6262.185s][info][gc,phases   ] GC(504)   Evacuate Collection Set: 1.3ms
[2025-12-29T00:46:58.597+0000][6262.185s][info][gc,phases   ] GC(504)   Post Evacuate Collection Set: 0.6ms
[2025-12-29T00:46:58.597+0000][6262.185s][info][gc,phases   ] GC(504)   Other: 1.3ms
[2025-12-29T00:46:58.597+0000][6262.185s][info][gc,heap     ] GC(504) Eden regions: 951->0(951)
[2025-12-29T00:46:58.597+0000][6262.185s][info][gc,heap     ] GC(504) Survivor regions: 1->1(119)
[2025-12-29T00:46:58.597+0000][6262.185s][info][gc,heap     ] GC(504) Old regions: 45->45
[2025-12-29T00:46:58.597+0000][6262.185s][info][gc,heap     ] GC(504) Archive regions: 2->2
[2025-12-29T00:46:58.597+0000][6262.186s][info][gc,heap     ] GC(504) Humongous regions: 39->39
[2025-12-29T00:46:58.597+0000][6262.186s][info][gc,metaspace] GC(504) Metaspace: 75564K(76416K)->75564K(76416K) NonClass: 65348K(65792K)->65348K(65792K) Class: 10216K(10624K)->10216K(10624K)
[2025-12-29T00:46:58.598+0000][6262.186s][info][gc          ] GC(504) Pause Young (Normal) (G1 Evacuation Pause) 1035M->84M(1588M) 4.901ms
[2025-12-29T00:46:58.598+0000][6262.186s][info][gc,cpu      ] GC(504) User=0.01s Sys=0.00s Real=0.00s
[2025-12-29T00:47:11.766+0000][6275.354s][info][gc,start    ] GC(505) Pause Young (Normal) (G1 Evacuation Pause)
[2025-12-29T00:47:11.767+0000][6275.355s][info][gc,task     ] GC(505) Using 8 workers of 8 for evacuation
[2025-12-29T00:47:11.770+0000][6275.358s][info][gc,phases   ] GC(505)   Pre Evacuate Collection Set: 0.4ms
[2025-12-29T00:47:11.770+0000][6275.358s][info][gc,phases   ] GC(505)   Merge Heap Roots: 0.2ms
[2025-12-29T00:47:11.770+0000][6275.358s][info][gc,phases   ] GC(505)   Evacuate Collection Set: 1.2ms
[2025-12-29T00:47:11.770+0000][6275.358s][info][gc,phases   ] GC(505)   Post Evacuate Collection Set: 0.7ms
[2025-12-29T00:47:11.770+0000][6275.358s][info][gc,phases   ] GC(505)   Other: 1.2ms
[2025-12-29T00:47:11.770+0000][6275.358s][info][gc,heap     ] GC(505) Eden regions: 951->0(951)
[2025-12-29T00:47:11.770+0000][6275.359s][info][gc,heap     ] GC(505) Survivor regions: 1->1(119)
[2025-12-29T00:47:11.770+0000][6275.359s][info][gc,heap     ] GC(505) Old regions: 45->45
[2025-12-29T00:47:11.771+0000][6275.359s][info][gc,heap     ] GC(505) Archive regions: 2->2
[2025-12-29T00:47:11.771+0000][6275.359s][info][gc,heap     ] GC(505) Humongous regions: 39->39
[2025-12-29T00:47:11.771+0000][6275.359s][info][gc,metaspace] GC(505) Metaspace: 75564K(76416K)->75564K(76416K) NonClass: 65348K(65792K)->65348K(65792K) Class: 10216K(10624K)->10216K(10624K)
[2025-12-29T00:47:11.771+0000][6275.359s][info][gc          ] GC(505) Pause Young (Normal) (G1 Evacuation Pause) 1035M->84M(1588M) 4.552ms
[2025-12-29T00:47:11.771+0000][6275.359s][info][gc,cpu      ] GC(505) User=0.01s Sys=0.00s Real=0.01s
[2025-12-29T00:47:25.946+0000][6289.534s][info][gc,start    ] GC(506) Pause Young (Normal) (G1 Evacuation Pause)
[2025-12-29T00:47:25.947+0000][6289.535s][info][gc,task     ] GC(506) Using 8 workers of 8 for evacuation
[2025-12-29T00:47:25.950+0000][6289.538s][info][gc,phases   ] GC(506)   Pre Evacuate Collection Set: 0.3ms
[2025-12-29T00:47:25.950+0000][6289.538s][info][gc,phases   ] GC(506)   Merge Heap Roots: 0.2ms
[2025-12-29T00:47:25.950+0000][6289.538s][info][gc,phases   ] GC(506)   Evacuate Collection Set: 1.2ms
[2025-12-29T00:47:25.950+0000][6289.538s][info][gc,phases   ] GC(506)   Post Evacuate Collection Set: 0.7ms
[2025-12-29T00:47:25.950+0000][6289.538s][info][gc,phases   ] GC(506)   Other: 1.3ms
[2025-12-29T00:47:25.950+0000][6289.538s][info][gc,heap     ] GC(506) Eden regions: 951->0(951)
[2025-12-29T00:47:25.950+0000][6289.538s][info][gc,heap     ] GC(506) Survivor regions: 1->1(119)
[2025-12-29T00:47:25.950+0000][6289.538s][info][gc,heap     ] GC(506) Old regions: 45->45
[2025-12-29T00:47:25.950+0000][6289.539s][info][gc,heap     ] GC(506) Archive regions: 2->2
[2025-12-29T00:47:25.950+0000][6289.539s][info][gc,heap     ] GC(506) Humongous regions: 39->39
[2025-12-29T00:47:25.951+0000][6289.539s][info][gc,metaspace] GC(506) Metaspace: 75565K(76416K)->75565K(76416K) NonClass: 65348K(65792K)->65348K(65792K) Class: 10216K(10624K)->10216K(10624K)
[2025-12-29T00:47:25.951+0000][6289.539s][info][gc          ] GC(506) Pause Young (Normal) (G1 Evacuation Pause) 1035M->84M(1588M) 4.831ms
[2025-12-29T00:47:25.951+0000][6289.539s][info][gc,cpu      ] GC(506) User=0.01s Sys=0.00s Real=0.01s
[2025-12-29T00:47:39.513+0000][6303.101s][info][gc,start    ] GC(507) Pause Young (Normal) (G1 Evacuation Pause)
[2025-12-29T00:47:39.514+0000][6303.102s][info][gc,task     ] GC(507) Using 8 workers of 8 for evacuation
[2025-12-29T00:47:39.519+0000][6303.107s][info][gc,phases   ] GC(507)   Pre Evacuate Collection Set: 0.3ms
[2025-12-29T00:47:39.519+0000][6303.107s][info][gc,phases   ] GC(507)   Merge Heap Roots: 0.2ms
[2025-12-29T00:47:39.519+0000][6303.107s][info][gc,phases   ] GC(507)   Evacuate Collection Set: 2.6ms
[2025-12-29T00:47:39.519+0000][6303.107s][info][gc,phases   ] GC(507)   Post Evacuate Collection Set: 1.4ms
[2025-12-29T00:47:39.519+0000][6303.107s][info][gc,phases   ] GC(507)   Other: 1.3ms
[2025-12-29T00:47:39.519+0000][6303.107s][info][gc,heap     ] GC(507) Eden regions: 951->0(951)
[2025-12-29T00:47:39.519+0000][6303.107s][info][gc,heap     ] GC(507) Survivor regions: 1->1(119)
[2025-12-29T00:47:39.519+0000][6303.107s][info][gc,heap     ] GC(507) Old regions: 45->45
[2025-12-29T00:47:39.519+0000][6303.107s][info][gc,heap     ] GC(507) Archive regions: 2->2
[2025-12-29T00:47:39.519+0000][6303.108s][info][gc,heap     ] GC(507) Humongous regions: 39->39
[2025-12-29T00:47:39.520+0000][6303.108s][info][gc,metaspace] GC(507) Metaspace: 75565K(76416K)->75565K(76416K) NonClass: 65348K(65792K)->65348K(65792K) Class: 10216K(10624K)->10216K(10624K)
[2025-12-29T00:47:39.520+0000][6303.108s][info][gc          ] GC(507) Pause Young (Normal) (G1 Evacuation Pause) 1035M->84M(1588M) 6.813ms
[2025-12-29T00:47:39.520+0000][6303.108s][info][gc,cpu      ] GC(507) User=0.03s Sys=0.00s Real=0.00s
[2025-12-29T00:47:52.580+0000][6316.169s][info][gc,start    ] GC(508) Pause Young (Normal) (G1 Evacuation Pause)
[2025-12-29T00:47:52.581+0000][6316.169s][info][gc,task     ] GC(508) Using 8 workers of 8 for evacuation
[2025-12-29T00:47:52.584+0000][6316.172s][info][gc,phases   ] GC(508)   Pre Evacuate Collection Set: 0.3ms
[2025-12-29T00:47:52.584+0000][6316.172s][info][gc,phases   ] GC(508)   Merge Heap Roots: 0.2ms
[2025-12-29T00:47:52.584+0000][6316.172s][info][gc,phases   ] GC(508)   Evacuate Collection Set: 1.4ms
[2025-12-29T00:47:52.584+0000][6316.172s][info][gc,phases   ] GC(508)   Post Evacuate Collection Set: 0.7ms
[2025-12-29T00:47:52.584+0000][6316.173s][info][gc,phases   ] GC(508)   Other: 1.0ms
[2025-12-29T00:47:52.584+0000][6316.173s][info][gc,heap     ] GC(508) Eden regions: 951->0(951)
[2025-12-29T00:47:52.584+0000][6316.173s][info][gc,heap     ] GC(508) Survivor regions: 1->1(119)
[2025-12-29T00:47:52.585+0000][6316.173s][info][gc,heap     ] GC(508) Old regions: 45->45
[2025-12-29T00:47:52.585+0000][6316.173s][info][gc,heap     ] GC(508) Archive regions: 2->2
[2025-12-29T00:47:52.585+0000][6316.173s][info][gc,heap     ] GC(508) Humongous regions: 39->39
[2025-12-29T00:47:52.585+0000][6316.173s][info][gc,metaspace] GC(508) Metaspace: 75565K(76416K)->75565K(76416K) NonClass: 65348K(65792K)->65348K(65792K) Class: 10216K(10624K)->10216K(10624K)
[2025-12-29T00:47:52.585+0000][6316.173s][info][gc          ] GC(508) Pause Young (Normal) (G1 Evacuation Pause) 1035M->84M(1588M) 4.508ms
[2025-12-29T00:47:52.585+0000][6316.173s][info][gc,cpu      ] GC(508) User=0.01s Sys=0.00s Real=0.00s
[2025-12-29T00:48:05.623+0000][6329.211s][info][gc,start    ] GC(509) Pause Young (Normal) (G1 Evacuation Pause)
[2025-12-29T00:48:05.624+0000][6329.212s][info][gc,task     ] GC(509) Using 8 workers of 8 for evacuation
[2025-12-29T00:48:05.629+0000][6329.217s][info][gc,phases   ] GC(509)   Pre Evacuate Collection Set: 0.5ms
[2025-12-29T00:48:05.629+0000][6329.217s][info][gc,phases   ] GC(509)   Merge Heap Roots: 0.3ms
[2025-12-29T00:48:05.630+0000][6329.218s][info][gc,phases   ] GC(509)   Evacuate Collection Set: 2.1ms
[2025-12-29T00:48:05.630+0000][6329.218s][info][gc,phases   ] GC(509)   Post Evacuate Collection Set: 1.3ms
[2025-12-29T00:48:05.630+0000][6329.218s][info][gc,phases   ] GC(509)   Other: 1.9ms
[2025-12-29T00:48:05.630+0000][6329.218s][info][gc,heap     ] GC(509) Eden regions: 951->0(951)
[2025-12-29T00:48:05.630+0000][6329.219s][info][gc,heap     ] GC(509) Survivor regions: 1->1(119)
[2025-12-29T00:48:05.630+0000][6329.219s][info][gc,heap     ] GC(509) Old regions: 45->45
[2025-12-29T00:48:05.631+0000][6329.219s][info][gc,heap     ] GC(509) Archive regions: 2->2
[2025-12-29T00:48:05.631+0000][6329.219s][info][gc,heap     ] GC(509) Humongous regions: 39->39
[2025-12-29T00:48:05.631+0000][6329.219s][info][gc,metaspace] GC(509) Metaspace: 75565K(76416K)->75565K(76416K) NonClass: 65348K(65792K)->65348K(65792K) Class: 10216K(10624K)->10216K(10624K)
[2025-12-29T00:48:05.631+0000][6329.220s][info][gc          ] GC(509) Pause Young (Normal) (G1 Evacuation Pause) 1035M->84M(1588M) 8.524ms
[2025-12-29T00:48:05.632+0000][6329.220s][info][gc,cpu      ] GC(509) User=0.02s Sys=0.00s Real=0.01s
[2025-12-29T00:48:18.627+0000][6342.216s][info][gc,start    ] GC(510) Pause Young (Normal) (G1 Evacuation Pause)
[2025-12-29T00:48:18.628+0000][6342.217s][info][gc,task     ] GC(510) Using 8 workers of 8 for evacuation
[2025-12-29T00:48:18.631+0000][6342.220s][info][gc,phases   ] GC(510)   Pre Evacuate Collection Set: 0.3ms
[2025-12-29T00:48:18.631+0000][6342.220s][info][gc,phases   ] GC(510)   Merge Heap Roots: 0.3ms
[2025-12-29T00:48:18.632+0000][6342.220s][info][gc,phases   ] GC(510)   Evacuate Collection Set: 1.4ms
[2025-12-29T00:48:18.632+0000][6342.220s][info][gc,phases   ] GC(510)   Post Evacuate Collection Set: 0.7ms
[2025-12-29T00:48:18.632+0000][6342.220s][info][gc,phases   ] GC(510)   Other: 1.6ms
[2025-12-29T00:48:18.632+0000][6342.220s][info][gc,heap     ] GC(510) Eden regions: 951->0(951)
[2025-12-29T00:48:18.632+0000][6342.220s][info][gc,heap     ] GC(510) Survivor regions: 1->1(119)
[2025-12-29T00:48:18.632+0000][6342.220s][info][gc,heap     ] GC(510) Old regions: 45->45
[2025-12-29T00:48:18.632+0000][6342.221s][info][gc,heap     ] GC(510) Archive regions: 2->2
[2025-12-29T00:48:18.633+0000][6342.221s][info][gc,heap     ] GC(510) Humongous regions: 39->39
[2025-12-29T00:48:18.633+0000][6342.221s][info][gc,metaspace] GC(510) Metaspace: 75565K(76416K)->75565K(76416K) NonClass: 65348K(65792K)->65348K(65792K) Class: 10216K(10624K)->10216K(10624K)
[2025-12-29T00:48:18.633+0000][6342.221s][info][gc          ] GC(510) Pause Young (Normal) (G1 Evacuation Pause) 1035M->84M(1588M) 5.379ms
[2025-12-29T00:48:18.633+0000][6342.221s][info][gc,cpu      ] GC(510) User=0.02s Sys=0.00s Real=0.01s
[2025-12-29T00:48:31.433+0000][6355.021s][info][gc,start    ] GC(511) Pause Young (Normal) (G1 Evacuation Pause)
[2025-12-29T00:48:31.434+0000][6355.022s][info][gc,task     ] GC(511) Using 8 workers of 8 for evacuation
[2025-12-29T00:48:31.439+0000][6355.027s][info][gc,phases   ] GC(511)   Pre Evacuate Collection Set: 0.4ms
[2025-12-29T00:48:31.439+0000][6355.028s][info][gc,phases   ] GC(511)   Merge Heap Roots: 0.3ms
[2025-12-29T00:48:31.440+0000][6355.028s][info][gc,phases   ] GC(511)   Evacuate Collection Set: 2.7ms
[2025-12-29T00:48:31.440+0000][6355.028s][info][gc,phases   ] GC(511)   Post Evacuate Collection Set: 1.7ms
[2025-12-29T00:48:31.440+0000][6355.028s][info][gc,phases   ] GC(511)   Other: 1.5ms
[2025-12-29T00:48:31.440+0000][6355.028s][info][gc,heap     ] GC(511) Eden regions: 951->0(951)
[2025-12-29T00:48:31.440+0000][6355.028s][info][gc,heap     ] GC(511) Survivor regions: 1->1(119)
[2025-12-29T00:48:31.440+0000][6355.029s][info][gc,heap     ] GC(511) Old regions: 45->45
[2025-12-29T00:48:31.441+0000][6355.029s][info][gc,heap     ] GC(511) Archive regions: 2->2
[2025-12-29T00:48:31.441+0000][6355.029s][info][gc,heap     ] GC(511) Humongous regions: 39->39
[2025-12-29T00:48:31.441+0000][6355.029s][info][gc,metaspace] GC(511) Metaspace: 75565K(76416K)->75565K(76416K) NonClass: 65348K(65792K)->65348K(65792K) Class: 10216K(10624K)->10216K(10624K)
[2025-12-29T00:48:31.441+0000][6355.029s][info][gc          ] GC(511) Pause Young (Normal) (G1 Evacuation Pause) 1035M->84M(1588M) 8.349ms
[2025-12-29T00:48:31.441+0000][6355.029s][info][gc,cpu      ] GC(511) User=0.02s Sys=0.00s Real=0.01s
[2025-12-29T00:48:44.586+0000][6368.174s][info][gc,start    ] GC(512) Pause Young (Normal) (G1 Evacuation Pause)
[2025-12-29T00:48:44.587+0000][6368.175s][info][gc,task     ] GC(512) Using 8 workers of 8 for evacuation
[2025-12-29T00:48:44.589+0000][6368.177s][info][gc,phases   ] GC(512)   Pre Evacuate Collection Set: 0.2ms
[2025-12-29T00:48:44.589+0000][6368.177s][info][gc,phases   ] GC(512)   Merge Heap Roots: 0.1ms
[2025-12-29T00:48:44.589+0000][6368.177s][info][gc,phases   ] GC(512)   Evacuate Collection Set: 0.8ms
[2025-12-29T00:48:44.589+0000][6368.178s][info][gc,phases   ] GC(512)   Post Evacuate Collection Set: 0.7ms
[2025-12-29T00:48:44.590+0000][6368.178s][info][gc,phases   ] GC(512)   Other: 1.3ms
[2025-12-29T00:48:44.590+0000][6368.178s][info][gc,heap     ] GC(512) Eden regions: 951->0(951)
[2025-12-29T00:48:44.590+0000][6368.178s][info][gc,heap     ] GC(512) Survivor regions: 1->1(119)
[2025-12-29T00:48:44.590+0000][6368.178s][info][gc,heap     ] GC(512) Old regions: 45->45
[2025-12-29T00:48:44.590+0000][6368.178s][info][gc,heap     ] GC(512) Archive regions: 2->2
[2025-12-29T00:48:44.590+0000][6368.178s][info][gc,heap     ] GC(512) Humongous regions: 39->39
[2025-12-29T00:48:44.590+0000][6368.178s][info][gc,metaspace] GC(512) Metaspace: 75565K(76416K)->75565K(76416K) NonClass: 65348K(65792K)->65348K(65792K) Class: 10216K(10624K)->10216K(10624K)
[2025-12-29T00:48:44.590+0000][6368.178s][info][gc          ] GC(512) Pause Young (Normal) (G1 Evacuation Pause) 1035M->84M(1588M) 4.491ms
[2025-12-29T00:48:44.590+0000][6368.179s][info][gc,cpu      ] GC(512) User=0.00s Sys=0.00s Real=0.01s
[2025-12-29T00:48:57.832+0000][6381.420s][info][gc,start    ] GC(513) Pause Young (Normal) (G1 Evacuation Pause)
[2025-12-29T00:48:57.833+0000][6381.421s][info][gc,task     ] GC(513) Using 8 workers of 8 for evacuation
[2025-12-29T00:48:57.836+0000][6381.425s][info][gc,phases   ] GC(513)   Pre Evacuate Collection Set: 0.5ms
[2025-12-29T00:48:57.837+0000][6381.425s][info][gc,phases   ] GC(513)   Merge Heap Roots: 0.3ms
[2025-12-29T00:48:57.837+0000][6381.425s][info][gc,phases   ] GC(513)   Evacuate Collection Set: 1.8ms
[2025-12-29T00:48:57.837+0000][6381.425s][info][gc,phases   ] GC(513)   Post Evacuate Collection Set: 0.7ms
[2025-12-29T00:48:57.837+0000][6381.425s][info][gc,phases   ] GC(513)   Other: 1.6ms
[2025-12-29T00:48:57.837+0000][6381.425s][info][gc,heap     ] GC(513) Eden regions: 951->0(951)
[2025-12-29T00:48:57.837+0000][6381.425s][info][gc,heap     ] GC(513) Survivor regions: 1->1(119)
[2025-12-29T00:48:57.837+0000][6381.425s][info][gc,heap     ] GC(513) Old regions: 45->45
[2025-12-29T00:48:57.837+0000][6381.426s][info][gc,heap     ] GC(513) Archive regions: 2->2
[2025-12-29T00:48:57.837+0000][6381.426s][info][gc,heap     ] GC(513) Humongous regions: 39->39
[2025-12-29T00:48:57.838+0000][6381.426s][info][gc,metaspace] GC(513) Metaspace: 75568K(76416K)->75568K(76416K) NonClass: 65352K(65792K)->65352K(65792K) Class: 10216K(10624K)->10216K(10624K)
[2025-12-29T00:48:57.838+0000][6381.426s][info][gc          ] GC(513) Pause Young (Normal) (G1 Evacuation Pause) 1035M->84M(1588M) 6.050ms
[2025-12-29T00:48:57.838+0000][6381.426s][info][gc,cpu      ] GC(513) User=0.02s Sys=0.00s Real=0.00s
[2025-12-29T00:49:10.968+0000][6394.556s][info][gc,start    ] GC(514) Pause Young (Normal) (G1 Evacuation Pause)
[2025-12-29T00:49:10.969+0000][6394.557s][info][gc,task     ] GC(514) Using 8 workers of 8 for evacuation
[2025-12-29T00:49:10.972+0000][6394.560s][info][gc,phases   ] GC(514)   Pre Evacuate Collection Set: 0.3ms
[2025-12-29T00:49:10.972+0000][6394.560s][info][gc,phases   ] GC(514)   Merge Heap Roots: 0.2ms
[2025-12-29T00:49:10.972+0000][6394.560s][info][gc,phases   ] GC(514)   Evacuate Collection Set: 1.3ms
[2025-12-29T00:49:10.972+0000][6394.560s][info][gc,phases   ] GC(514)   Post Evacuate Collection Set: 0.7ms
[2025-12-29T00:49:10.972+0000][6394.560s][info][gc,phases   ] GC(514)   Other: 1.4ms
[2025-12-29T00:49:10.972+0000][6394.560s][info][gc,heap     ] GC(514) Eden regions: 951->0(951)
[2025-12-29T00:49:10.972+0000][6394.560s][info][gc,heap     ] GC(514) Survivor regions: 1->1(119)
[2025-12-29T00:49:10.972+0000][6394.560s][info][gc,heap     ] GC(514) Old regions: 45->45
[2025-12-29T00:49:10.972+0000][6394.560s][info][gc,heap     ] GC(514) Archive regions: 2->2
[2025-12-29T00:49:10.972+0000][6394.561s][info][gc,heap     ] GC(514) Humongous regions: 39->39
[2025-12-29T00:49:10.972+0000][6394.561s][info][gc,metaspace] GC(514) Metaspace: 75568K(76416K)->75568K(76416K) NonClass: 65352K(65792K)->65352K(65792K) Class: 10216K(10624K)->10216K(10624K)
[2025-12-29T00:49:10.972+0000][6394.561s][info][gc          ] GC(514) Pause Young (Normal) (G1 Evacuation Pause) 1035M->84M(1588M) 4.675ms
[2025-12-29T00:49:10.973+0000][6394.561s][info][gc,cpu      ] GC(514) User=0.01s Sys=0.00s Real=0.01s
[2025-12-29T00:49:25.524+0000][6409.112s][info][gc,start    ] GC(515) Pause Young (Normal) (G1 Evacuation Pause)
[2025-12-29T00:49:25.525+0000][6409.113s][info][gc,task     ] GC(515) Using 8 workers of 8 for evacuation
[2025-12-29T00:49:25.530+0000][6409.118s][info][gc,phases   ] GC(515)   Pre Evacuate Collection Set: 0.4ms
[2025-12-29T00:49:25.530+0000][6409.118s][info][gc,phases   ] GC(515)   Merge Heap Roots: 0.3ms
[2025-12-29T00:49:25.530+0000][6409.118s][info][gc,phases   ] GC(515)   Evacuate Collection Set: 2.3ms
[2025-12-29T00:49:25.530+0000][6409.118s][info][gc,phases   ] GC(515)   Post Evacuate Collection Set: 1.4ms
[2025-12-29T00:49:25.530+0000][6409.118s][info][gc,phases   ] GC(515)   Other: 1.7ms
[2025-12-29T00:49:25.530+0000][6409.119s][info][gc,heap     ] GC(515) Eden regions: 951->0(951)
[2025-12-29T00:49:25.530+0000][6409.119s][info][gc,heap     ] GC(515) Survivor regions: 1->1(119)
[2025-12-29T00:49:25.531+0000][6409.119s][info][gc,heap     ] GC(515) Old regions: 45->45
[2025-12-29T00:49:25.531+0000][6409.119s][info][gc,heap     ] GC(515) Archive regions: 2->2
[2025-12-29T00:49:25.531+0000][6409.119s][info][gc,heap     ] GC(515) Humongous regions: 39->39
[2025-12-29T00:49:25.531+0000][6409.119s][info][gc,metaspace] GC(515) Metaspace: 75569K(76416K)->75569K(76416K) NonClass: 65353K(65792K)->65353K(65792K) Class: 10216K(10624K)->10216K(10624K)
[2025-12-29T00:49:25.531+0000][6409.119s][info][gc          ] GC(515) Pause Young (Normal) (G1 Evacuation Pause) 1035M->84M(1588M) 7.325ms
[2025-12-29T00:49:25.531+0000][6409.119s][info][gc,cpu      ] GC(515) User=0.02s Sys=0.00s Real=0.01s
[2025-12-29T00:49:38.569+0000][6422.157s][info][gc,start    ] GC(516) Pause Young (Normal) (G1 Evacuation Pause)
[2025-12-29T00:49:38.570+0000][6422.158s][info][gc,task     ] GC(516) Using 8 workers of 8 for evacuation
[2025-12-29T00:49:38.573+0000][6422.161s][info][gc,phases   ] GC(516)   Pre Evacuate Collection Set: 0.2ms
[2025-12-29T00:49:38.573+0000][6422.161s][info][gc,phases   ] GC(516)   Merge Heap Roots: 0.2ms
[2025-12-29T00:49:38.573+0000][6422.161s][info][gc,phases   ] GC(516)   Evacuate Collection Set: 1.3ms
[2025-12-29T00:49:38.573+0000][6422.161s][info][gc,phases   ] GC(516)   Post Evacuate Collection Set: 0.6ms
[2025-12-29T00:49:38.573+0000][6422.161s][info][gc,phases   ] GC(516)   Other: 1.4ms
[2025-12-29T00:49:38.573+0000][6422.161s][info][gc,heap     ] GC(516) Eden regions: 951->0(951)
[2025-12-29T00:49:38.573+0000][6422.161s][info][gc,heap     ] GC(516) Survivor regions: 1->1(119)
[2025-12-29T00:49:38.573+0000][6422.162s][info][gc,heap     ] GC(516) Old regions: 45->45
[2025-12-29T00:49:38.573+0000][6422.162s][info][gc,heap     ] GC(516) Archive regions: 2->2
[2025-12-29T00:49:38.574+0000][6422.162s][info][gc,heap     ] GC(516) Humongous regions: 39->39
[2025-12-29T00:49:38.574+0000][6422.162s][info][gc,metaspace] GC(516) Metaspace: 75569K(76416K)->75569K(76416K) NonClass: 65353K(65792K)->65353K(65792K) Class: 10216K(10624K)->10216K(10624K)
[2025-12-29T00:49:38.574+0000][6422.162s][info][gc          ] GC(516) Pause Young (Normal) (G1 Evacuation Pause) 1035M->84M(1588M) 4.839ms
[2025-12-29T00:49:38.574+0000][6422.162s][info][gc,cpu      ] GC(516) User=0.01s Sys=0.00s Real=0.01s
[2025-12-29T00:49:51.586+0000][6435.174s][info][gc,start    ] GC(517) Pause Young (Normal) (G1 Evacuation Pause)
[2025-12-29T00:49:51.586+0000][6435.175s][info][gc,task     ] GC(517) Using 8 workers of 8 for evacuation
[2025-12-29T00:49:51.589+0000][6435.177s][info][gc,phases   ] GC(517)   Pre Evacuate Collection Set: 0.3ms
[2025-12-29T00:49:51.590+0000][6435.178s][info][gc,phases   ] GC(517)   Merge Heap Roots: 0.2ms
[2025-12-29T00:49:51.590+0000][6435.178s][info][gc,phases   ] GC(517)   Evacuate Collection Set: 1.5ms
[2025-12-29T00:49:51.590+0000][6435.178s][info][gc,phases   ] GC(517)   Post Evacuate Collection Set: 0.6ms
[2025-12-29T00:49:51.590+0000][6435.178s][info][gc,phases   ] GC(517)   Other: 1.0ms
[2025-12-29T00:49:51.590+0000][6435.178s][info][gc,heap     ] GC(517) Eden regions: 951->0(951)
[2025-12-29T00:49:51.590+0000][6435.178s][info][gc,heap     ] GC(517) Survivor regions: 1->1(119)
[2025-12-29T00:49:51.590+0000][6435.178s][info][gc,heap     ] GC(517) Old regions: 45->45
[2025-12-29T00:49:51.590+0000][6435.178s][info][gc,heap     ] GC(517) Archive regions: 2->2
[2025-12-29T00:49:51.590+0000][6435.178s][info][gc,heap     ] GC(517) Humongous regions: 39->39
[2025-12-29T00:49:51.590+0000][6435.179s][info][gc,metaspace] GC(517) Metaspace: 75569K(76416K)->75569K(76416K) NonClass: 65353K(65792K)->65353K(65792K) Class: 10216K(10624K)->10216K(10624K)
[2025-12-29T00:49:51.590+0000][6435.179s][info][gc          ] GC(517) Pause Young (Normal) (G1 Evacuation Pause) 1035M->84M(1588M) 4.622ms
[2025-12-29T00:49:51.591+0000][6435.179s][info][gc,cpu      ] GC(517) User=0.01s Sys=0.00s Real=0.01s
[2025-12-29T00:50:04.576+0000][6448.164s][info][gc,start    ] GC(518) Pause Young (Normal) (G1 Evacuation Pause)
[2025-12-29T00:50:04.577+0000][6448.165s][info][gc,task     ] GC(518) Using 8 workers of 8 for evacuation
[2025-12-29T00:50:04.580+0000][6448.169s][info][gc,phases   ] GC(518)   Pre Evacuate Collection Set: 0.5ms
[2025-12-29T00:50:04.581+0000][6448.169s][info][gc,phases   ] GC(518)   Merge Heap Roots: 0.3ms
[2025-12-29T00:50:04.581+0000][6448.169s][info][gc,phases   ] GC(518)   Evacuate Collection Set: 1.8ms
[2025-12-29T00:50:04.581+0000][6448.169s][info][gc,phases   ] GC(518)   Post Evacuate Collection Set: 0.8ms
[2025-12-29T00:50:04.581+0000][6448.169s][info][gc,phases   ] GC(518)   Other: 1.5ms
[2025-12-29T00:50:04.581+0000][6448.169s][info][gc,heap     ] GC(518) Eden regions: 951->0(951)
[2025-12-29T00:50:04.581+0000][6448.169s][info][gc,heap     ] GC(518) Survivor regions: 1->1(119)
[2025-12-29T00:50:04.581+0000][6448.169s][info][gc,heap     ] GC(518) Old regions: 45->45
[2025-12-29T00:50:04.581+0000][6448.169s][info][gc,heap     ] GC(518) Archive regions: 2->2
[2025-12-29T00:50:04.581+0000][6448.170s][info][gc,heap     ] GC(518) Humongous regions: 39->39
[2025-12-29T00:50:04.581+0000][6448.170s][info][gc,metaspace] GC(518) Metaspace: 75569K(76416K)->75569K(76416K) NonClass: 65353K(65792K)->65353K(65792K) Class: 10216K(10624K)->10216K(10624K)
[2025-12-29T00:50:04.582+0000][6448.170s][info][gc          ] GC(518) Pause Young (Normal) (G1 Evacuation Pause) 1035M->84M(1588M) 5.583ms
[2025-12-29T00:50:04.582+0000][6448.170s][info][gc,cpu      ] GC(518) User=0.02s Sys=0.00s Real=0.01s
[2025-12-29T00:50:17.629+0000][6461.217s][info][gc,start    ] GC(519) Pause Young (Normal) (G1 Evacuation Pause)
[2025-12-29T00:50:17.630+0000][6461.218s][info][gc,task     ] GC(519) Using 8 workers of 8 for evacuation
[2025-12-29T00:50:17.633+0000][6461.222s][info][gc,phases   ] GC(519)   Pre Evacuate Collection Set: 0.5ms
[2025-12-29T00:50:17.634+0000][6461.222s][info][gc,phases   ] GC(519)   Merge Heap Roots: 0.3ms
[2025-12-29T00:50:17.634+0000][6461.222s][info][gc,phases   ] GC(519)   Evacuate Collection Set: 1.8ms
[2025-12-29T00:50:17.634+0000][6461.222s][info][gc,phases   ] GC(519)   Post Evacuate Collection Set: 0.8ms
[2025-12-29T00:50:17.634+0000][6461.222s][info][gc,phases   ] GC(519)   Other: 1.4ms
[2025-12-29T00:50:17.634+0000][6461.222s][info][gc,heap     ] GC(519) Eden regions: 951->0(951)
[2025-12-29T00:50:17.634+0000][6461.222s][info][gc,heap     ] GC(519) Survivor regions: 1->1(119)
[2025-12-29T00:50:17.634+0000][6461.223s][info][gc,heap     ] GC(519) Old regions: 45->45
[2025-12-29T00:50:17.634+0000][6461.223s][info][gc,heap     ] GC(519) Archive regions: 2->2
[2025-12-29T00:50:17.635+0000][6461.223s][info][gc,heap     ] GC(519) Humongous regions: 39->39
[2025-12-29T00:50:17.635+0000][6461.223s][info][gc,metaspace] GC(519) Metaspace: 75569K(76416K)->75569K(76416K) NonClass: 65353K(65792K)->65353K(65792K) Class: 10216K(10624K)->10216K(10624K)
[2025-12-29T00:50:17.635+0000][6461.223s][info][gc          ] GC(519) Pause Young (Normal) (G1 Evacuation Pause) 1035M->84M(1588M) 5.853ms
[2025-12-29T00:50:17.635+0000][6461.223s][info][gc,cpu      ] GC(519) User=0.01s Sys=0.00s Real=0.01s
[2025-12-29T00:50:30.337+0000][6473.925s][info][gc,start    ] GC(520) Pause Young (Normal) (G1 Evacuation Pause)
[2025-12-29T00:50:30.338+0000][6473.926s][info][gc,task     ] GC(520) Using 8 workers of 8 for evacuation
[2025-12-29T00:50:30.342+0000][6473.930s][info][gc,phases   ] GC(520)   Pre Evacuate Collection Set: 0.3ms
[2025-12-29T00:50:30.342+0000][6473.930s][info][gc,phases   ] GC(520)   Merge Heap Roots: 0.1ms
[2025-12-29T00:50:30.342+0000][6473.930s][info][gc,phases   ] GC(520)   Evacuate Collection Set: 2.1ms
[2025-12-29T00:50:30.342+0000][6473.930s][info][gc,phases   ] GC(520)   Post Evacuate Collection Set: 1.2ms
[2025-12-29T00:50:30.342+0000][6473.930s][info][gc,phases   ] GC(520)   Other: 0.7ms
[2025-12-29T00:50:30.342+0000][6473.930s][info][gc,heap     ] GC(520) Eden regions: 951->0(951)
[2025-12-29T00:50:30.342+0000][6473.930s][info][gc,heap     ] GC(520) Survivor regions: 1->1(119)
[2025-12-29T00:50:30.342+0000][6473.930s][info][gc,heap     ] GC(520) Old regions: 45->45
[2025-12-29T00:50:30.342+0000][6473.930s][info][gc,heap     ] GC(520) Archive regions: 2->2
[2025-12-29T00:50:30.342+0000][6473.930s][info][gc,heap     ] GC(520) Humongous regions: 39->39
[2025-12-29T00:50:30.342+0000][6473.930s][info][gc,metaspace] GC(520) Metaspace: 75569K(76416K)->75569K(76416K) NonClass: 65353K(65792K)->65353K(65792K) Class: 10216K(10624K)->10216K(10624K)
[2025-12-29T00:50:30.342+0000][6473.931s][info][gc          ] GC(520) Pause Young (Normal) (G1 Evacuation Pause) 1035M->84M(1588M) 5.071ms
[2025-12-29T00:50:30.342+0000][6473.931s][info][gc,cpu      ] GC(520) User=0.02s Sys=0.00s Real=0.01s
[2025-12-29T00:50:43.444+0000][6487.032s][info][gc,start    ] GC(521) Pause Young (Normal) (G1 Evacuation Pause)
[2025-12-29T00:50:43.444+0000][6487.033s][info][gc,task     ] GC(521) Using 8 workers of 8 for evacuation
[2025-12-29T00:50:43.447+0000][6487.035s][info][gc,phases   ] GC(521)   Pre Evacuate Collection Set: 0.3ms
[2025-12-29T00:50:43.447+0000][6487.035s][info][gc,phases   ] GC(521)   Merge Heap Roots: 0.2ms
[2025-12-29T00:50:43.447+0000][6487.035s][info][gc,phases   ] GC(521)   Evacuate Collection Set: 1.1ms
[2025-12-29T00:50:43.447+0000][6487.035s][info][gc,phases   ] GC(521)   Post Evacuate Collection Set: 0.5ms
[2025-12-29T00:50:43.447+0000][6487.035s][info][gc,phases   ] GC(521)   Other: 1.1ms
[2025-12-29T00:50:43.447+0000][6487.035s][info][gc,heap     ] GC(521) Eden regions: 951->0(951)
[2025-12-29T00:50:43.447+0000][6487.035s][info][gc,heap     ] GC(521) Survivor regions: 1->1(119)
[2025-12-29T00:50:43.447+0000][6487.035s][info][gc,heap     ] GC(521) Old regions: 45->45
[2025-12-29T00:50:43.447+0000][6487.035s][info][gc,heap     ] GC(521) Archive regions: 2->2
[2025-12-29T00:50:43.447+0000][6487.035s][info][gc,heap     ] GC(521) Humongous regions: 39->39
[2025-12-29T00:50:43.447+0000][6487.036s][info][gc,metaspace] GC(521) Metaspace: 75569K(76416K)->75569K(76416K) NonClass: 65353K(65792K)->65353K(65792K) Class: 10216K(10624K)->10216K(10624K)
[2025-12-29T00:50:43.447+0000][6487.036s][info][gc          ] GC(521) Pause Young (Normal) (G1 Evacuation Pause) 1035M->84M(1588M) 3.898ms
[2025-12-29T00:50:43.448+0000][6487.036s][info][gc,cpu      ] GC(521) User=0.01s Sys=0.01s Real=0.00s
[2025-12-29T00:50:56.464+0000][6500.052s][info][gc,start    ] GC(522) Pause Young (Normal) (G1 Evacuation Pause)
[2025-12-29T00:50:56.465+0000][6500.053s][info][gc,task     ] GC(522) Using 8 workers of 8 for evacuation
[2025-12-29T00:50:56.467+0000][6500.056s][info][gc,phases   ] GC(522)   Pre Evacuate Collection Set: 0.3ms
[2025-12-29T00:50:56.468+0000][6500.056s][info][gc,phases   ] GC(522)   Merge Heap Roots: 0.1ms
[2025-12-29T00:50:56.468+0000][6500.056s][info][gc,phases   ] GC(522)   Evacuate Collection Set: 1.2ms
[2025-12-29T00:50:56.468+0000][6500.056s][info][gc,phases   ] GC(522)   Post Evacuate Collection Set: 0.6ms
[2025-12-29T00:50:56.468+0000][6500.056s][info][gc,phases   ] GC(522)   Other: 1.3ms
[2025-12-29T00:50:56.468+0000][6500.056s][info][gc,heap     ] GC(522) Eden regions: 951->0(951)
[2025-12-29T00:50:56.468+0000][6500.056s][info][gc,heap     ] GC(522) Survivor regions: 1->1(119)
[2025-12-29T00:50:56.468+0000][6500.056s][info][gc,heap     ] GC(522) Old regions: 45->45
[2025-12-29T00:50:56.468+0000][6500.056s][info][gc,heap     ] GC(522) Archive regions: 2->2
[2025-12-29T00:50:56.468+0000][6500.057s][info][gc,heap     ] GC(522) Humongous regions: 39->39
[2025-12-29T00:50:56.468+0000][6500.057s][info][gc,metaspace] GC(522) Metaspace: 75569K(76416K)->75569K(76416K) NonClass: 65353K(65792K)->65353K(65792K) Class: 10216K(10624K)->10216K(10624K)
[2025-12-29T00:50:56.469+0000][6500.057s][info][gc          ] GC(522) Pause Young (Normal) (G1 Evacuation Pause) 1035M->84M(1588M) 4.473ms
[2025-12-29T00:50:56.469+0000][6500.057s][info][gc,cpu      ] GC(522) User=0.01s Sys=0.00s Real=0.00s
[2025-12-29T00:51:10.953+0000][6514.541s][info][gc,start    ] GC(523) Pause Young (Normal) (G1 Evacuation Pause)
[2025-12-29T00:51:10.954+0000][6514.542s][info][gc,task     ] GC(523) Using 8 workers of 8 for evacuation
[2025-12-29T00:51:10.956+0000][6514.544s][info][gc,phases   ] GC(523)   Pre Evacuate Collection Set: 0.4ms
[2025-12-29T00:51:10.957+0000][6514.545s][info][gc,phases   ] GC(523)   Merge Heap Roots: 0.2ms
[2025-12-29T00:51:10.957+0000][6514.545s][info][gc,phases   ] GC(523)   Evacuate Collection Set: 1.3ms
[2025-12-29T00:51:10.957+0000][6514.545s][info][gc,phases   ] GC(523)   Post Evacuate Collection Set: 0.7ms
[2025-12-29T00:51:10.957+0000][6514.545s][info][gc,phases   ] GC(523)   Other: 1.2ms
[2025-12-29T00:51:10.957+0000][6514.545s][info][gc,heap     ] GC(523) Eden regions: 951->0(951)
[2025-12-29T00:51:10.957+0000][6514.545s][info][gc,heap     ] GC(523) Survivor regions: 1->1(119)
[2025-12-29T00:51:10.957+0000][6514.546s][info][gc,heap     ] GC(523) Old regions: 45->45
[2025-12-29T00:51:10.958+0000][6514.546s][info][gc,heap     ] GC(523) Archive regions: 2->2
[2025-12-29T00:51:10.958+0000][6514.546s][info][gc,heap     ] GC(523) Humongous regions: 39->39
[2025-12-29T00:51:10.958+0000][6514.546s][info][gc,metaspace] GC(523) Metaspace: 75569K(76416K)->75569K(76416K) NonClass: 65353K(65792K)->65353K(65792K) Class: 10216K(10624K)->10216K(10624K)
[2025-12-29T00:51:10.958+0000][6514.546s][info][gc          ] GC(523) Pause Young (Normal) (G1 Evacuation Pause) 1035M->84M(1588M) 5.307ms
[2025-12-29T00:51:10.958+0000][6514.546s][info][gc,cpu      ] GC(523) User=0.01s Sys=0.00s Real=0.00s
[2025-12-29T00:51:24.391+0000][6527.979s][info][gc,start    ] GC(524) Pause Young (Normal) (G1 Evacuation Pause)
[2025-12-29T00:51:24.392+0000][6527.980s][info][gc,task     ] GC(524) Using 8 workers of 8 for evacuation
[2025-12-29T00:51:24.398+0000][6527.986s][info][gc,phases   ] GC(524)   Pre Evacuate Collection Set: 0.6ms
[2025-12-29T00:51:24.398+0000][6527.986s][info][gc,phases   ] GC(524)   Merge Heap Roots: 0.2ms
[2025-12-29T00:51:24.398+0000][6527.987s][info][gc,phases   ] GC(524)   Evacuate Collection Set: 2.5ms
[2025-12-29T00:51:24.399+0000][6527.987s][info][gc,phases   ] GC(524)   Post Evacuate Collection Set: 1.8ms
[2025-12-29T00:51:24.399+0000][6527.987s][info][gc,phases   ] GC(524)   Other: 2.1ms
[2025-12-29T00:51:24.399+0000][6527.987s][info][gc,heap     ] GC(524) Eden regions: 951->0(951)
[2025-12-29T00:51:24.399+0000][6527.987s][info][gc,heap     ] GC(524) Survivor regions: 1->1(119)
[2025-12-29T00:51:24.399+0000][6527.987s][info][gc,heap     ] GC(524) Old regions: 45->45
[2025-12-29T00:51:24.399+0000][6527.988s][info][gc,heap     ] GC(524) Archive regions: 2->2
[2025-12-29T00:51:24.400+0000][6527.988s][info][gc,heap     ] GC(524) Humongous regions: 39->39
[2025-12-29T00:51:24.400+0000][6527.988s][info][gc,metaspace] GC(524) Metaspace: 75569K(76416K)->75569K(76416K) NonClass: 65353K(65792K)->65353K(65792K) Class: 10216K(10624K)->10216K(10624K)
[2025-12-29T00:51:24.400+0000][6527.988s][info][gc          ] GC(524) Pause Young (Normal) (G1 Evacuation Pause) 1035M->84M(1588M) 9.258ms
[2025-12-29T00:51:24.400+0000][6527.989s][info][gc,cpu      ] GC(524) User=0.02s Sys=0.01s Real=0.01s
[2025-12-29T00:51:37.673+0000][6541.262s][info][gc,start    ] GC(525) Pause Young (Normal) (G1 Evacuation Pause)
[2025-12-29T00:51:37.675+0000][6541.263s][info][gc,task     ] GC(525) Using 8 workers of 8 for evacuation
[2025-12-29T00:51:37.678+0000][6541.266s][info][gc,phases   ] GC(525)   Pre Evacuate Collection Set: 0.5ms
[2025-12-29T00:51:37.678+0000][6541.267s][info][gc,phases   ] GC(525)   Merge Heap Roots: 0.3ms
[2025-12-29T00:51:37.679+0000][6541.267s][info][gc,phases   ] GC(525)   Evacuate Collection Set: 1.6ms
[2025-12-29T00:51:37.679+0000][6541.267s][info][gc,phases   ] GC(525)   Post Evacuate Collection Set: 0.9ms
[2025-12-29T00:51:37.679+0000][6541.267s][info][gc,phases   ] GC(525)   Other: 1.6ms
[2025-12-29T00:51:37.679+0000][6541.267s][info][gc,heap     ] GC(525) Eden regions: 951->0(951)
[2025-12-29T00:51:37.679+0000][6541.267s][info][gc,heap     ] GC(525) Survivor regions: 1->1(119)
[2025-12-29T00:51:37.679+0000][6541.268s][info][gc,heap     ] GC(525) Old regions: 45->45
[2025-12-29T00:51:37.679+0000][6541.268s][info][gc,heap     ] GC(525) Archive regions: 2->2
[2025-12-29T00:51:37.680+0000][6541.268s][info][gc,heap     ] GC(525) Humongous regions: 39->39
[2025-12-29T00:51:37.680+0000][6541.268s][info][gc,metaspace] GC(525) Metaspace: 75569K(76416K)->75569K(76416K) NonClass: 65353K(65792K)->65353K(65792K) Class: 10216K(10624K)->10216K(10624K)
[2025-12-29T00:51:37.680+0000][6541.268s][info][gc          ] GC(525) Pause Young (Normal) (G1 Evacuation Pause) 1035M->84M(1588M) 6.531ms
[2025-12-29T00:51:37.680+0000][6541.268s][info][gc,cpu      ] GC(525) User=0.01s Sys=0.01s Real=0.00s
[2025-12-29T00:51:50.684+0000][6554.273s][info][gc,start    ] GC(526) Pause Young (Normal) (G1 Evacuation Pause)
[2025-12-29T00:51:50.686+0000][6554.274s][info][gc,task     ] GC(526) Using 8 workers of 8 for evacuation
[2025-12-29T00:51:50.691+0000][6554.279s][info][gc,phases   ] GC(526)   Pre Evacuate Collection Set: 0.6ms
[2025-12-29T00:51:50.692+0000][6554.280s][info][gc,phases   ] GC(526)   Merge Heap Roots: 0.3ms
[2025-12-29T00:51:50.692+0000][6554.280s][info][gc,phases   ] GC(526)   Evacuate Collection Set: 2.4ms
[2025-12-29T00:51:50.692+0000][6554.280s][info][gc,phases   ] GC(526)   Post Evacuate Collection Set: 1.0ms
[2025-12-29T00:51:50.692+0000][6554.280s][info][gc,phases   ] GC(526)   Other: 2.7ms
[2025-12-29T00:51:50.692+0000][6554.280s][info][gc,heap     ] GC(526) Eden regions: 951->0(951)
[2025-12-29T00:51:50.692+0000][6554.281s][info][gc,heap     ] GC(526) Survivor regions: 1->1(119)
[2025-12-29T00:51:50.693+0000][6554.281s][info][gc,heap     ] GC(526) Old regions: 45->45
[2025-12-29T00:51:50.693+0000][6554.281s][info][gc,heap     ] GC(526) Archive regions: 2->2
[2025-12-29T00:51:50.693+0000][6554.281s][info][gc,heap     ] GC(526) Humongous regions: 39->39
[2025-12-29T00:51:50.693+0000][6554.281s][info][gc,metaspace] GC(526) Metaspace: 75570K(76416K)->75570K(76416K) NonClass: 65354K(65792K)->65354K(65792K) Class: 10216K(10624K)->10216K(10624K)
[2025-12-29T00:51:50.693+0000][6554.281s][info][gc          ] GC(526) Pause Young (Normal) (G1 Evacuation Pause) 1035M->84M(1588M) 8.890ms
[2025-12-29T00:51:50.694+0000][6554.282s][info][gc,cpu      ] GC(526) User=0.03s Sys=0.00s Real=0.01s
[2025-12-29T00:52:03.671+0000][6567.259s][info][gc,start    ] GC(527) Pause Young (Normal) (G1 Evacuation Pause)
[2025-12-29T00:52:03.673+0000][6567.261s][info][gc,task     ] GC(527) Using 8 workers of 8 for evacuation
[2025-12-29T00:52:03.677+0000][6567.265s][info][gc,phases   ] GC(527)   Pre Evacuate Collection Set: 0.4ms
[2025-12-29T00:52:03.677+0000][6567.265s][info][gc,phases   ] GC(527)   Merge Heap Roots: 0.4ms
[2025-12-29T00:52:03.677+0000][6567.265s][info][gc,phases   ] GC(527)   Evacuate Collection Set: 1.8ms
[2025-12-29T00:52:03.677+0000][6567.265s][info][gc,phases   ] GC(527)   Post Evacuate Collection Set: 1.1ms
[2025-12-29T00:52:03.677+0000][6567.265s][info][gc,phases   ] GC(527)   Other: 1.9ms
[2025-12-29T00:52:03.677+0000][6567.266s][info][gc,heap     ] GC(527) Eden regions: 951->0(951)
[2025-12-29T00:52:03.678+0000][6567.266s][info][gc,heap     ] GC(527) Survivor regions: 1->1(119)
[2025-12-29T00:52:03.678+0000][6567.266s][info][gc,heap     ] GC(527) Old regions: 45->45
[2025-12-29T00:52:03.678+0000][6567.266s][info][gc,heap     ] GC(527) Archive regions: 2->2
[2025-12-29T00:52:03.678+0000][6567.266s][info][gc,heap     ] GC(527) Humongous regions: 39->39
[2025-12-29T00:52:03.678+0000][6567.266s][info][gc,metaspace] GC(527) Metaspace: 75570K(76416K)->75570K(76416K) NonClass: 65354K(65792K)->65354K(65792K) Class: 10216K(10624K)->10216K(10624K)
[2025-12-29T00:52:03.678+0000][6567.266s][info][gc          ] GC(527) Pause Young (Normal) (G1 Evacuation Pause) 1035M->84M(1588M) 7.068ms
[2025-12-29T00:52:03.678+0000][6567.267s][info][gc,cpu      ] GC(527) User=0.02s Sys=0.00s Real=0.00s
[2025-12-29T00:52:16.895+0000][6580.483s][info][gc,start    ] GC(528) Pause Young (Normal) (G1 Evacuation Pause)
[2025-12-29T00:52:16.896+0000][6580.484s][info][gc,task     ] GC(528) Using 8 workers of 8 for evacuation
[2025-12-29T00:52:16.900+0000][6580.489s][info][gc,phases   ] GC(528)   Pre Evacuate Collection Set: 0.3ms
[2025-12-29T00:52:16.901+0000][6580.489s][info][gc,phases   ] GC(528)   Merge Heap Roots: 0.3ms
[2025-12-29T00:52:16.901+0000][6580.489s][info][gc,phases   ] GC(528)   Evacuate Collection Set: 2.4ms
[2025-12-29T00:52:16.901+0000][6580.489s][info][gc,phases   ] GC(528)   Post Evacuate Collection Set: 1.1ms
[2025-12-29T00:52:16.901+0000][6580.489s][info][gc,phases   ] GC(528)   Other: 1.5ms
[2025-12-29T00:52:16.901+0000][6580.489s][info][gc,heap     ] GC(528) Eden regions: 951->0(951)
[2025-12-29T00:52:16.901+0000][6580.489s][info][gc,heap     ] GC(528) Survivor regions: 1->1(119)
[2025-12-29T00:52:16.901+0000][6580.489s][info][gc,heap     ] GC(528) Old regions: 45->45
[2025-12-29T00:52:16.901+0000][6580.489s][info][gc,heap     ] GC(528) Archive regions: 2->2
[2025-12-29T00:52:16.901+0000][6580.490s][info][gc,heap     ] GC(528) Humongous regions: 39->39
[2025-12-29T00:52:16.901+0000][6580.490s][info][gc,metaspace] GC(528) Metaspace: 75570K(76416K)->75570K(76416K) NonClass: 65354K(65792K)->65354K(65792K) Class: 10216K(10624K)->10216K(10624K)
[2025-12-29T00:52:16.902+0000][6580.490s][info][gc          ] GC(528) Pause Young (Normal) (G1 Evacuation Pause) 1035M->84M(1588M) 6.752ms
[2025-12-29T00:52:16.902+0000][6580.490s][info][gc,cpu      ] GC(528) User=0.02s Sys=0.00s Real=0.01s
[2025-12-29T00:52:29.756+0000][6593.344s][info][gc,start    ] GC(529) Pause Young (Normal) (G1 Evacuation Pause)
[2025-12-29T00:52:29.757+0000][6593.345s][info][gc,task     ] GC(529) Using 8 workers of 8 for evacuation
[2025-12-29T00:52:29.760+0000][6593.348s][info][gc,phases   ] GC(529)   Pre Evacuate Collection Set: 0.3ms
[2025-12-29T00:52:29.760+0000][6593.348s][info][gc,phases   ] GC(529)   Merge Heap Roots: 0.2ms
[2025-12-29T00:52:29.760+0000][6593.348s][info][gc,phases   ] GC(529)   Evacuate Collection Set: 1.2ms
[2025-12-29T00:52:29.760+0000][6593.349s][info][gc,phases   ] GC(529)   Post Evacuate Collection Set: 0.8ms
[2025-12-29T00:52:29.760+0000][6593.349s][info][gc,phases   ] GC(529)   Other: 1.3ms
[2025-12-29T00:52:29.761+0000][6593.349s][info][gc,heap     ] GC(529) Eden regions: 951->0(951)
[2025-12-29T00:52:29.761+0000][6593.349s][info][gc,heap     ] GC(529) Survivor regions: 1->1(119)
[2025-12-29T00:52:29.761+0000][6593.349s][info][gc,heap     ] GC(529) Old regions: 45->45
[2025-12-29T00:52:29.761+0000][6593.349s][info][gc,heap     ] GC(529) Archive regions: 2->2
[2025-12-29T00:52:29.761+0000][6593.349s][info][gc,heap     ] GC(529) Humongous regions: 39->39
[2025-12-29T00:52:29.761+0000][6593.349s][info][gc,metaspace] GC(529) Metaspace: 75570K(76416K)->75570K(76416K) NonClass: 65354K(65792K)->65354K(65792K) Class: 10216K(10624K)->10216K(10624K)
[2025-12-29T00:52:29.761+0000][6593.349s][info][gc          ] GC(529) Pause Young (Normal) (G1 Evacuation Pause) 1035M->84M(1588M) 5.223ms
[2025-12-29T00:52:29.761+0000][6593.350s][info][gc,cpu      ] GC(529) User=0.01s Sys=0.00s Real=0.01s
[2025-12-29T00:52:42.923+0000][6606.511s][info][gc,start    ] GC(530) Pause Young (Normal) (G1 Evacuation Pause)
[2025-12-29T00:52:42.924+0000][6606.512s][info][gc,task     ] GC(530) Using 8 workers of 8 for evacuation
[2025-12-29T00:52:42.926+0000][6606.514s][info][gc,phases   ] GC(530)   Pre Evacuate Collection Set: 0.2ms
[2025-12-29T00:52:42.926+0000][6606.514s][info][gc,phases   ] GC(530)   Merge Heap Roots: 0.2ms
[2025-12-29T00:52:42.926+0000][6606.514s][info][gc,phases   ] GC(530)   Evacuate Collection Set: 1.0ms
[2025-12-29T00:52:42.926+0000][6606.514s][info][gc,phases   ] GC(530)   Post Evacuate Collection Set: 0.5ms
[2025-12-29T00:52:42.926+0000][6606.514s][info][gc,phases   ] GC(530)   Other: 1.2ms
[2025-12-29T00:52:42.926+0000][6606.515s][info][gc,heap     ] GC(530) Eden regions: 951->0(951)
[2025-12-29T00:52:42.926+0000][6606.515s][info][gc,heap     ] GC(530) Survivor regions: 1->1(119)
[2025-12-29T00:52:42.926+0000][6606.515s][info][gc,heap     ] GC(530) Old regions: 45->45
[2025-12-29T00:52:42.927+0000][6606.515s][info][gc,heap     ] GC(530) Archive regions: 2->2
[2025-12-29T00:52:42.927+0000][6606.515s][info][gc,heap     ] GC(530) Humongous regions: 39->39
[2025-12-29T00:52:42.927+0000][6606.515s][info][gc,metaspace] GC(530) Metaspace: 75570K(76416K)->75570K(76416K) NonClass: 65354K(65792K)->65354K(65792K) Class: 10216K(10624K)->10216K(10624K)
[2025-12-29T00:52:42.927+0000][6606.515s][info][gc          ] GC(530) Pause Young (Normal) (G1 Evacuation Pause) 1035M->84M(1588M) 3.773ms
[2025-12-29T00:52:42.927+0000][6606.515s][info][gc,cpu      ] GC(530) User=0.01s Sys=0.00s Real=0.00s
[2025-12-29T00:52:55.985+0000][6619.573s][info][gc,start    ] GC(531) Pause Young (Normal) (GCLocker Initiated GC)
[2025-12-29T00:52:55.986+0000][6619.574s][info][gc,task     ] GC(531) Using 8 workers of 8 for evacuation
[2025-12-29T00:52:55.989+0000][6619.577s][info][gc,phases   ] GC(531)   Pre Evacuate Collection Set: 0.3ms
[2025-12-29T00:52:55.989+0000][6619.577s][info][gc,phases   ] GC(531)   Merge Heap Roots: 0.1ms
[2025-12-29T00:52:55.989+0000][6619.577s][info][gc,phases   ] GC(531)   Evacuate Collection Set: 1.6ms
[2025-12-29T00:52:55.989+0000][6619.577s][info][gc,phases   ] GC(531)   Post Evacuate Collection Set: 0.8ms
[2025-12-29T00:52:55.989+0000][6619.578s][info][gc,phases   ] GC(531)   Other: 1.6ms
[2025-12-29T00:52:55.989+0000][6619.578s][info][gc,heap     ] GC(531) Eden regions: 952->0(951)
[2025-12-29T00:52:55.989+0000][6619.578s][info][gc,heap     ] GC(531) Survivor regions: 1->1(119)
[2025-12-29T00:52:55.989+0000][6619.578s][info][gc,heap     ] GC(531) Old regions: 45->45
[2025-12-29T00:52:55.990+0000][6619.578s][info][gc,heap     ] GC(531) Archive regions: 2->2
[2025-12-29T00:52:55.990+0000][6619.578s][info][gc,heap     ] GC(531) Humongous regions: 39->39
[2025-12-29T00:52:55.990+0000][6619.578s][info][gc,metaspace] GC(531) Metaspace: 75570K(76416K)->75570K(76416K) NonClass: 65354K(65792K)->65354K(65792K) Class: 10216K(10624K)->10216K(10624K)
[2025-12-29T00:52:55.990+0000][6619.578s][info][gc          ] GC(531) Pause Young (Normal) (GCLocker Initiated GC) 1036M->84M(1588M) 4.999ms
[2025-12-29T00:52:55.990+0000][6619.578s][info][gc,cpu      ] GC(531) User=0.01s Sys=0.00s Real=0.00s
[2025-12-29T00:53:10.938+0000][6634.526s][info][gc,start    ] GC(532) Pause Young (Normal) (G1 Evacuation Pause)
[2025-12-29T00:53:10.940+0000][6634.528s][info][gc,task     ] GC(532) Using 8 workers of 8 for evacuation
[2025-12-29T00:53:10.945+0000][6634.533s][info][gc,phases   ] GC(532)   Pre Evacuate Collection Set: 0.9ms
[2025-12-29T00:53:10.946+0000][6634.534s][info][gc,phases   ] GC(532)   Merge Heap Roots: 0.2ms
[2025-12-29T00:53:10.946+0000][6634.534s][info][gc,phases   ] GC(532)   Evacuate Collection Set: 2.3ms
[2025-12-29T00:53:10.947+0000][6634.535s][info][gc,phases   ] GC(532)   Post Evacuate Collection Set: 1.3ms
[2025-12-29T00:53:10.947+0000][6634.535s][info][gc,phases   ] GC(532)   Other: 3.5ms
[2025-12-29T00:53:10.947+0000][6634.536s][info][gc,heap     ] GC(532) Eden regions: 951->0(951)
[2025-12-29T00:53:10.948+0000][6634.536s][info][gc,heap     ] GC(532) Survivor regions: 1->1(119)
[2025-12-29T00:53:10.948+0000][6634.536s][info][gc,heap     ] GC(532) Old regions: 45->45
[2025-12-29T00:53:10.948+0000][6634.536s][info][gc,heap     ] GC(532) Archive regions: 2->2
[2025-12-29T00:53:10.948+0000][6634.536s][info][gc,heap     ] GC(532) Humongous regions: 39->39
[2025-12-29T00:53:10.949+0000][6634.537s][info][gc,metaspace] GC(532) Metaspace: 75570K(76416K)->75570K(76416K) NonClass: 65354K(65792K)->65354K(65792K) Class: 10216K(10624K)->10216K(10624K)
[2025-12-29T00:53:10.949+0000][6634.537s][info][gc          ] GC(532) Pause Young (Normal) (G1 Evacuation Pause) 1035M->84M(1588M) 11.457ms
[2025-12-29T00:53:10.949+0000][6634.538s][info][gc,cpu      ] GC(532) User=0.02s Sys=0.00s Real=0.01s
[2025-12-29T00:53:23.898+0000][6647.486s][info][gc,start    ] GC(533) Pause Young (Normal) (G1 Evacuation Pause)
[2025-12-29T00:53:23.900+0000][6647.488s][info][gc,task     ] GC(533) Using 8 workers of 8 for evacuation
[2025-12-29T00:53:23.906+0000][6647.494s][info][gc,phases   ] GC(533)   Pre Evacuate Collection Set: 0.6ms
[2025-12-29T00:53:23.906+0000][6647.494s][info][gc,phases   ] GC(533)   Merge Heap Roots: 0.5ms
[2025-12-29T00:53:23.906+0000][6647.494s][info][gc,phases   ] GC(533)   Evacuate Collection Set: 2.9ms
[2025-12-29T00:53:23.906+0000][6647.494s][info][gc,phases   ] GC(533)   Post Evacuate Collection Set: 1.7ms
[2025-12-29T00:53:23.906+0000][6647.495s][info][gc,phases   ] GC(533)   Other: 2.0ms
[2025-12-29T00:53:23.907+0000][6647.495s][info][gc,heap     ] GC(533) Eden regions: 951->0(951)
[2025-12-29T00:53:23.907+0000][6647.495s][info][gc,heap     ] GC(533) Survivor regions: 1->1(119)
[2025-12-29T00:53:23.907+0000][6647.495s][info][gc,heap     ] GC(533) Old regions: 45->45
[2025-12-29T00:53:23.907+0000][6647.495s][info][gc,heap     ] GC(533) Archive regions: 2->2
[2025-12-29T00:53:23.907+0000][6647.496s][info][gc,heap     ] GC(533) Humongous regions: 39->39
[2025-12-29T00:53:23.907+0000][6647.496s][info][gc,metaspace] GC(533) Metaspace: 75570K(76416K)->75570K(76416K) NonClass: 65354K(65792K)->65354K(65792K) Class: 10216K(10624K)->10216K(10624K)
[2025-12-29T00:53:23.908+0000][6647.496s][info][gc          ] GC(533) Pause Young (Normal) (G1 Evacuation Pause) 1035M->84M(1588M) 9.552ms
[2025-12-29T00:53:23.908+0000][6647.496s][info][gc,cpu      ] GC(533) User=0.03s Sys=0.00s Real=0.01s
[2025-12-29T00:53:37.317+0000][6660.905s][info][gc,start    ] GC(534) Pause Young (Normal) (G1 Evacuation Pause)
[2025-12-29T00:53:37.317+0000][6660.906s][info][gc,task     ] GC(534) Using 8 workers of 8 for evacuation
[2025-12-29T00:53:37.320+0000][6660.909s][info][gc,phases   ] GC(534)   Pre Evacuate Collection Set: 0.3ms
[2025-12-29T00:53:37.321+0000][6660.909s][info][gc,phases   ] GC(534)   Merge Heap Roots: 0.2ms
[2025-12-29T00:53:37.321+0000][6660.909s][info][gc,phases   ] GC(534)   Evacuate Collection Set: 1.3ms
[2025-12-29T00:53:37.321+0000][6660.909s][info][gc,phases   ] GC(534)   Post Evacuate Collection Set: 0.9ms
[2025-12-29T00:53:37.321+0000][6660.909s][info][gc,phases   ] GC(534)   Other: 1.0ms
[2025-12-29T00:53:37.321+0000][6660.909s][info][gc,heap     ] GC(534) Eden regions: 951->0(951)
[2025-12-29T00:53:37.321+0000][6660.909s][info][gc,heap     ] GC(534) Survivor regions: 1->1(119)
[2025-12-29T00:53:37.321+0000][6660.909s][info][gc,heap     ] GC(534) Old regions: 45->45
[2025-12-29T00:53:37.321+0000][6660.909s][info][gc,heap     ] GC(534) Archive regions: 2->2
[2025-12-29T00:53:37.321+0000][6660.909s][info][gc,heap     ] GC(534) Humongous regions: 39->39
[2025-12-29T00:53:37.321+0000][6660.910s][info][gc,metaspace] GC(534) Metaspace: 75570K(76416K)->75570K(76416K) NonClass: 65354K(65792K)->65354K(65792K) Class: 10216K(10624K)->10216K(10624K)
[2025-12-29T00:53:37.322+0000][6660.910s][info][gc          ] GC(534) Pause Young (Normal) (G1 Evacuation Pause) 1035M->84M(1588M) 4.721ms
[2025-12-29T00:53:37.322+0000][6660.910s][info][gc,cpu      ] GC(534) User=0.01s Sys=0.00s Real=0.01s
[2025-12-29T00:53:50.466+0000][6674.054s][info][gc,start    ] GC(535) Pause Young (Normal) (G1 Evacuation Pause)
[2025-12-29T00:53:50.467+0000][6674.055s][info][gc,task     ] GC(535) Using 8 workers of 8 for evacuation
[2025-12-29T00:53:50.470+0000][6674.059s][info][gc,phases   ] GC(535)   Pre Evacuate Collection Set: 0.3ms
[2025-12-29T00:53:50.471+0000][6674.059s][info][gc,phases   ] GC(535)   Merge Heap Roots: 0.3ms
[2025-12-29T00:53:50.471+0000][6674.059s][info][gc,phases   ] GC(535)   Evacuate Collection Set: 1.5ms
[2025-12-29T00:53:50.471+0000][6674.059s][info][gc,phases   ] GC(535)   Post Evacuate Collection Set: 0.8ms
[2025-12-29T00:53:50.471+0000][6674.059s][info][gc,phases   ] GC(535)   Other: 1.7ms
[2025-12-29T00:53:50.471+0000][6674.059s][info][gc,heap     ] GC(535) Eden regions: 951->0(951)
[2025-12-29T00:53:50.471+0000][6674.060s][info][gc,heap     ] GC(535) Survivor regions: 1->1(119)
[2025-12-29T00:53:50.472+0000][6674.060s][info][gc,heap     ] GC(535) Old regions: 45->45
[2025-12-29T00:53:50.472+0000][6674.060s][info][gc,heap     ] GC(535) Archive regions: 2->2
[2025-12-29T00:53:50.472+0000][6674.060s][info][gc,heap     ] GC(535) Humongous regions: 39->39
[2025-12-29T00:53:50.472+0000][6674.060s][info][gc,metaspace] GC(535) Metaspace: 75570K(76416K)->75570K(76416K) NonClass: 65354K(65792K)->65354K(65792K) Class: 10216K(10624K)->10216K(10624K)
[2025-12-29T00:53:50.472+0000][6674.060s][info][gc          ] GC(535) Pause Young (Normal) (G1 Evacuation Pause) 1035M->84M(1588M) 6.317ms
[2025-12-29T00:53:50.472+0000][6674.061s][info][gc,cpu      ] GC(535) User=0.02s Sys=0.00s Real=0.01s
[2025-12-29T00:54:03.572+0000][6687.160s][info][gc,start    ] GC(536) Pause Young (Normal) (G1 Evacuation Pause)
[2025-12-29T00:54:03.573+0000][6687.161s][info][gc,task     ] GC(536) Using 8 workers of 8 for evacuation
[2025-12-29T00:54:03.576+0000][6687.164s][info][gc,phases   ] GC(536)   Pre Evacuate Collection Set: 0.4ms
[2025-12-29T00:54:03.576+0000][6687.164s][info][gc,phases   ] GC(536)   Merge Heap Roots: 0.2ms
[2025-12-29T00:54:03.576+0000][6687.164s][info][gc,phases   ] GC(536)   Evacuate Collection Set: 1.2ms
[2025-12-29T00:54:03.576+0000][6687.165s][info][gc,phases   ] GC(536)   Post Evacuate Collection Set: 0.6ms
[2025-12-29T00:54:03.576+0000][6687.165s][info][gc,phases   ] GC(536)   Other: 1.8ms
[2025-12-29T00:54:03.577+0000][6687.165s][info][gc,heap     ] GC(536) Eden regions: 951->0(951)
[2025-12-29T00:54:03.577+0000][6687.165s][info][gc,heap     ] GC(536) Survivor regions: 1->1(119)
[2025-12-29T00:54:03.577+0000][6687.165s][info][gc,heap     ] GC(536) Old regions: 45->45
[2025-12-29T00:54:03.577+0000][6687.165s][info][gc,heap     ] GC(536) Archive regions: 2->2
[2025-12-29T00:54:03.577+0000][6687.165s][info][gc,heap     ] GC(536) Humongous regions: 39->39
[2025-12-29T00:54:03.577+0000][6687.165s][info][gc,metaspace] GC(536) Metaspace: 75570K(76416K)->75570K(76416K) NonClass: 65354K(65792K)->65354K(65792K) Class: 10216K(10624K)->10216K(10624K)
[2025-12-29T00:54:03.577+0000][6687.165s][info][gc          ] GC(536) Pause Young (Normal) (G1 Evacuation Pause) 1035M->84M(1588M) 5.223ms
[2025-12-29T00:54:03.577+0000][6687.165s][info][gc,cpu      ] GC(536) User=0.02s Sys=0.00s Real=0.00s
[2025-12-29T00:54:16.562+0000][6700.150s][info][gc,start    ] GC(537) Pause Young (Normal) (G1 Evacuation Pause)
[2025-12-29T00:54:16.563+0000][6700.151s][info][gc,task     ] GC(537) Using 8 workers of 8 for evacuation
[2025-12-29T00:54:16.566+0000][6700.155s][info][gc,phases   ] GC(537)   Pre Evacuate Collection Set: 0.4ms
[2025-12-29T00:54:16.567+0000][6700.155s][info][gc,phases   ] GC(537)   Merge Heap Roots: 0.2ms
[2025-12-29T00:54:16.567+0000][6700.155s][info][gc,phases   ] GC(537)   Evacuate Collection Set: 1.6ms
[2025-12-29T00:54:16.567+0000][6700.155s][info][gc,phases   ] GC(537)   Post Evacuate Collection Set: 0.8ms
[2025-12-29T00:54:16.567+0000][6700.155s][info][gc,phases   ] GC(537)   Other: 2.1ms
[2025-12-29T00:54:16.567+0000][6700.155s][info][gc,heap     ] GC(537) Eden regions: 951->0(951)
[2025-12-29T00:54:16.567+0000][6700.155s][info][gc,heap     ] GC(537) Survivor regions: 1->1(119)
[2025-12-29T00:54:16.567+0000][6700.156s][info][gc,heap     ] GC(537) Old regions: 45->45
[2025-12-29T00:54:16.568+0000][6700.156s][info][gc,heap     ] GC(537) Archive regions: 2->2
[2025-12-29T00:54:16.568+0000][6700.156s][info][gc,heap     ] GC(537) Humongous regions: 39->39
[2025-12-29T00:54:16.568+0000][6700.156s][info][gc,metaspace] GC(537) Metaspace: 75570K(76416K)->75570K(76416K) NonClass: 65354K(65792K)->65354K(65792K) Class: 10216K(10624K)->10216K(10624K)
[2025-12-29T00:54:16.568+0000][6700.156s][info][gc          ] GC(537) Pause Young (Normal) (G1 Evacuation Pause) 1035M->84M(1588M) 6.259ms
[2025-12-29T00:54:16.568+0000][6700.156s][info][gc,cpu      ] GC(537) User=0.02s Sys=0.00s Real=0.00s
[2025-12-29T00:54:29.368+0000][6712.957s][info][gc,start    ] GC(538) Pause Young (Normal) (G1 Evacuation Pause)
[2025-12-29T00:54:29.370+0000][6712.958s][info][gc,task     ] GC(538) Using 8 workers of 8 for evacuation
[2025-12-29T00:54:29.375+0000][6712.964s][info][gc,phases   ] GC(538)   Pre Evacuate Collection Set: 0.8ms
[2025-12-29T00:54:29.376+0000][6712.964s][info][gc,phases   ] GC(538)   Merge Heap Roots: 0.4ms
[2025-12-29T00:54:29.376+0000][6712.964s][info][gc,phases   ] GC(538)   Evacuate Collection Set: 2.8ms
[2025-12-29T00:54:29.376+0000][6712.964s][info][gc,phases   ] GC(538)   Post Evacuate Collection Set: 1.5ms
[2025-12-29T00:54:29.376+0000][6712.964s][info][gc,phases   ] GC(538)   Other: 1.6ms
[2025-12-29T00:54:29.376+0000][6712.964s][info][gc,heap     ] GC(538) Eden regions: 951->0(951)
[2025-12-29T00:54:29.376+0000][6712.964s][info][gc,heap     ] GC(538) Survivor regions: 1->1(119)
[2025-12-29T00:54:29.376+0000][6712.965s][info][gc,heap     ] GC(538) Old regions: 45->45
[2025-12-29T00:54:29.376+0000][6712.965s][info][gc,heap     ] GC(538) Archive regions: 2->2
[2025-12-29T00:54:29.377+0000][6712.965s][info][gc,heap     ] GC(538) Humongous regions: 39->39
[2025-12-29T00:54:29.377+0000][6712.965s][info][gc,metaspace] GC(538) Metaspace: 75570K(76416K)->75570K(76416K) NonClass: 65354K(65792K)->65354K(65792K) Class: 10216K(10624K)->10216K(10624K)
[2025-12-29T00:54:29.377+0000][6712.965s][info][gc          ] GC(538) Pause Young (Normal) (G1 Evacuation Pause) 1035M->84M(1588M) 8.505ms
[2025-12-29T00:54:29.377+0000][6712.965s][info][gc,cpu      ] GC(538) User=0.03s Sys=0.01s Real=0.01s
[2025-12-29T00:54:42.430+0000][6726.019s][info][gc,start    ] GC(539) Pause Young (Normal) (G1 Evacuation Pause)
[2025-12-29T00:54:42.431+0000][6726.020s][info][gc,task     ] GC(539) Using 8 workers of 8 for evacuation
[2025-12-29T00:54:42.434+0000][6726.022s][info][gc,phases   ] GC(539)   Pre Evacuate Collection Set: 0.3ms
[2025-12-29T00:54:42.434+0000][6726.023s][info][gc,phases   ] GC(539)   Merge Heap Roots: 0.2ms
[2025-12-29T00:54:42.435+0000][6726.023s][info][gc,phases   ] GC(539)   Evacuate Collection Set: 1.3ms
[2025-12-29T00:54:42.435+0000][6726.023s][info][gc,phases   ] GC(539)   Post Evacuate Collection Set: 0.7ms
[2025-12-29T00:54:42.435+0000][6726.023s][info][gc,phases   ] GC(539)   Other: 1.3ms
[2025-12-29T00:54:42.435+0000][6726.023s][info][gc,heap     ] GC(539) Eden regions: 951->0(951)
[2025-12-29T00:54:42.435+0000][6726.023s][info][gc,heap     ] GC(539) Survivor regions: 1->1(119)
[2025-12-29T00:54:42.435+0000][6726.023s][info][gc,heap     ] GC(539) Old regions: 45->45
[2025-12-29T00:54:42.435+0000][6726.023s][info][gc,heap     ] GC(539) Archive regions: 2->2
[2025-12-29T00:54:42.435+0000][6726.023s][info][gc,heap     ] GC(539) Humongous regions: 39->39
[2025-12-29T00:54:42.435+0000][6726.024s][info][gc,metaspace] GC(539) Metaspace: 75570K(76416K)->75570K(76416K) NonClass: 65354K(65792K)->65354K(65792K) Class: 10216K(10624K)->10216K(10624K)
[2025-12-29T00:54:42.435+0000][6726.024s][info][gc          ] GC(539) Pause Young (Normal) (G1 Evacuation Pause) 1035M->84M(1588M) 5.028ms
[2025-12-29T00:54:42.436+0000][6726.024s][info][gc,cpu      ] GC(539) User=0.01s Sys=0.00s Real=0.00s
[2025-12-29T00:54:55.964+0000][6739.552s][info][gc,start    ] GC(540) Pause Young (Normal) (G1 Evacuation Pause)
[2025-12-29T00:54:55.965+0000][6739.553s][info][gc,task     ] GC(540) Using 8 workers of 8 for evacuation
[2025-12-29T00:54:55.968+0000][6739.556s][info][gc,phases   ] GC(540)   Pre Evacuate Collection Set: 0.3ms
[2025-12-29T00:54:55.968+0000][6739.556s][info][gc,phases   ] GC(540)   Merge Heap Roots: 0.2ms
[2025-12-29T00:54:55.968+0000][6739.556s][info][gc,phases   ] GC(540)   Evacuate Collection Set: 1.3ms
[2025-12-29T00:54:55.968+0000][6739.556s][info][gc,phases   ] GC(540)   Post Evacuate Collection Set: 0.6ms
[2025-12-29T00:54:55.968+0000][6739.556s][info][gc,phases   ] GC(540)   Other: 1.5ms
[2025-12-29T00:54:55.968+0000][6739.557s][info][gc,heap     ] GC(540) Eden regions: 951->0(951)
[2025-12-29T00:54:55.969+0000][6739.557s][info][gc,heap     ] GC(540) Survivor regions: 1->1(119)
[2025-12-29T00:54:55.969+0000][6739.557s][info][gc,heap     ] GC(540) Old regions: 45->45
[2025-12-29T00:54:55.969+0000][6739.557s][info][gc,heap     ] GC(540) Archive regions: 2->2
[2025-12-29T00:54:55.969+0000][6739.557s][info][gc,heap     ] GC(540) Humongous regions: 39->39
[2025-12-29T00:54:55.969+0000][6739.557s][info][gc,metaspace] GC(540) Metaspace: 75571K(76416K)->75571K(76416K) NonClass: 65354K(65792K)->65354K(65792K) Class: 10216K(10624K)->10216K(10624K)
[2025-12-29T00:54:55.969+0000][6739.557s][info][gc          ] GC(540) Pause Young (Normal) (G1 Evacuation Pause) 1035M->84M(1588M) 4.895ms
[2025-12-29T00:54:55.969+0000][6739.557s][info][gc,cpu      ] GC(540) User=0.01s Sys=0.00s Real=0.00s
[2025-12-29T00:55:10.404+0000][6753.992s][info][gc,start    ] GC(541) Pause Young (Normal) (G1 Evacuation Pause)
[2025-12-29T00:55:10.405+0000][6753.993s][info][gc,task     ] GC(541) Using 8 workers of 8 for evacuation
[2025-12-29T00:55:10.410+0000][6753.999s][info][gc,phases   ] GC(541)   Pre Evacuate Collection Set: 0.6ms
[2025-12-29T00:55:10.411+0000][6753.999s][info][gc,phases   ] GC(541)   Merge Heap Roots: 0.4ms
[2025-12-29T00:55:10.411+0000][6753.999s][info][gc,phases   ] GC(541)   Evacuate Collection Set: 2.7ms
[2025-12-29T00:55:10.411+0000][6753.999s][info][gc,phases   ] GC(541)   Post Evacuate Collection Set: 1.0ms
[2025-12-29T00:55:10.411+0000][6753.999s][info][gc,phases   ] GC(541)   Other: 2.3ms
[2025-12-29T00:55:10.411+0000][6754.000s][info][gc,heap     ] GC(541) Eden regions: 951->0(951)
[2025-12-29T00:55:10.412+0000][6754.000s][info][gc,heap     ] GC(541) Survivor regions: 1->1(119)
[2025-12-29T00:55:10.412+0000][6754.000s][info][gc,heap     ] GC(541) Old regions: 45->45
[2025-12-29T00:55:10.412+0000][6754.000s][info][gc,heap     ] GC(541) Archive regions: 2->2
[2025-12-29T00:55:10.412+0000][6754.000s][info][gc,heap     ] GC(541) Humongous regions: 39->39
[2025-12-29T00:55:10.412+0000][6754.000s][info][gc,metaspace] GC(541) Metaspace: 75571K(76416K)->75571K(76416K) NonClass: 65354K(65792K)->65354K(65792K) Class: 10216K(10624K)->10216K(10624K)
[2025-12-29T00:55:10.412+0000][6754.000s][info][gc          ] GC(541) Pause Young (Normal) (G1 Evacuation Pause) 1035M->84M(1588M) 8.435ms
[2025-12-29T00:55:10.413+0000][6754.001s][info][gc,cpu      ] GC(541) User=0.02s Sys=0.00s Real=0.01s
[2025-12-29T00:55:23.231+0000][6766.819s][info][gc,start    ] GC(542) Pause Young (Normal) (G1 Evacuation Pause)
[2025-12-29T00:55:23.232+0000][6766.820s][info][gc,task     ] GC(542) Using 8 workers of 8 for evacuation
[2025-12-29T00:55:23.238+0000][6766.826s][info][gc,phases   ] GC(542)   Pre Evacuate Collection Set: 0.4ms
[2025-12-29T00:55:23.238+0000][6766.827s][info][gc,phases   ] GC(542)   Merge Heap Roots: 0.4ms
[2025-12-29T00:55:23.239+0000][6766.827s][info][gc,phases   ] GC(542)   Evacuate Collection Set: 2.5ms
[2025-12-29T00:55:23.239+0000][6766.827s][info][gc,phases   ] GC(542)   Post Evacuate Collection Set: 2.7ms
[2025-12-29T00:55:23.239+0000][6766.827s][info][gc,phases   ] GC(542)   Other: 1.0ms
[2025-12-29T00:55:23.239+0000][6766.827s][info][gc,heap     ] GC(542) Eden regions: 951->0(951)
[2025-12-29T00:55:23.239+0000][6766.828s][info][gc,heap     ] GC(542) Survivor regions: 1->1(119)
[2025-12-29T00:55:23.240+0000][6766.828s][info][gc,heap     ] GC(542) Old regions: 45->45
[2025-12-29T00:55:23.240+0000][6766.828s][info][gc,heap     ] GC(542) Archive regions: 2->2
[2025-12-29T00:55:23.240+0000][6766.828s][info][gc,heap     ] GC(542) Humongous regions: 39->39
[2025-12-29T00:55:23.240+0000][6766.828s][info][gc,metaspace] GC(542) Metaspace: 75571K(76416K)->75571K(76416K) NonClass: 65354K(65792K)->65354K(65792K) Class: 10216K(10624K)->10216K(10624K)
[2025-12-29T00:55:23.240+0000][6766.828s][info][gc          ] GC(542) Pause Young (Normal) (G1 Evacuation Pause) 1035M->84M(1588M) 8.941ms
[2025-12-29T00:55:23.240+0000][6766.828s][info][gc,cpu      ] GC(542) User=0.03s Sys=0.00s Real=0.01s
[2025-12-29T00:55:36.464+0000][6780.052s][info][gc,start    ] GC(543) Pause Young (Normal) (G1 Evacuation Pause)
[2025-12-29T00:55:36.465+0000][6780.053s][info][gc,task     ] GC(543) Using 8 workers of 8 for evacuation
[2025-12-29T00:55:36.468+0000][6780.056s][info][gc,phases   ] GC(543)   Pre Evacuate Collection Set: 0.4ms
[2025-12-29T00:55:36.468+0000][6780.056s][info][gc,phases   ] GC(543)   Merge Heap Roots: 0.2ms
[2025-12-29T00:55:36.468+0000][6780.056s][info][gc,phases   ] GC(543)   Evacuate Collection Set: 1.1ms
[2025-12-29T00:55:36.468+0000][6780.056s][info][gc,phases   ] GC(543)   Post Evacuate Collection Set: 0.8ms
[2025-12-29T00:55:36.468+0000][6780.056s][info][gc,phases   ] GC(543)   Other: 0.9ms
[2025-12-29T00:55:36.468+0000][6780.056s][info][gc,heap     ] GC(543) Eden regions: 951->0(951)
[2025-12-29T00:55:36.468+0000][6780.056s][info][gc,heap     ] GC(543) Survivor regions: 1->1(119)
[2025-12-29T00:55:36.468+0000][6780.057s][info][gc,heap     ] GC(543) Old regions: 45->45
[2025-12-29T00:55:36.469+0000][6780.057s][info][gc,heap     ] GC(543) Archive regions: 2->2
[2025-12-29T00:55:36.469+0000][6780.057s][info][gc,heap     ] GC(543) Humongous regions: 39->39
[2025-12-29T00:55:36.469+0000][6780.057s][info][gc,metaspace] GC(543) Metaspace: 75571K(76416K)->75571K(76416K) NonClass: 65354K(65792K)->65354K(65792K) Class: 10216K(10624K)->10216K(10624K)
[2025-12-29T00:55:36.469+0000][6780.057s][info][gc          ] GC(543) Pause Young (Normal) (G1 Evacuation Pause) 1035M->84M(1588M) 4.640ms
[2025-12-29T00:55:36.469+0000][6780.057s][info][gc,cpu      ] GC(543) User=0.02s Sys=0.00s Real=0.00s
[2025-12-29T00:55:49.782+0000][6793.371s][info][gc,start    ] GC(544) Pause Young (Normal) (G1 Evacuation Pause)
[2025-12-29T00:55:49.784+0000][6793.372s][info][gc,task     ] GC(544) Using 8 workers of 8 for evacuation
[2025-12-29T00:55:49.790+0000][6793.378s][info][gc,phases   ] GC(544)   Pre Evacuate Collection Set: 0.6ms
[2025-12-29T00:55:49.790+0000][6793.379s][info][gc,phases   ] GC(544)   Merge Heap Roots: 0.3ms
[2025-12-29T00:55:49.790+0000][6793.379s][info][gc,phases   ] GC(544)   Evacuate Collection Set: 1.8ms
[2025-12-29T00:55:49.791+0000][6793.379s][info][gc,phases   ] GC(544)   Post Evacuate Collection Set: 3.3ms
[2025-12-29T00:55:49.791+0000][6793.379s][info][gc,phases   ] GC(544)   Other: 1.8ms
[2025-12-29T00:55:49.791+0000][6793.379s][info][gc,heap     ] GC(544) Eden regions: 951->0(951)
[2025-12-29T00:55:49.791+0000][6793.379s][info][gc,heap     ] GC(544) Survivor regions: 1->1(119)
[2025-12-29T00:55:49.791+0000][6793.379s][info][gc,heap     ] GC(544) Old regions: 45->45
[2025-12-29T00:55:49.791+0000][6793.380s][info][gc,heap     ] GC(544) Archive regions: 2->2
[2025-12-29T00:55:49.792+0000][6793.380s][info][gc,heap     ] GC(544) Humongous regions: 39->39
[2025-12-29T00:55:49.792+0000][6793.380s][info][gc,metaspace] GC(544) Metaspace: 75571K(76416K)->75571K(76416K) NonClass: 65354K(65792K)->65354K(65792K) Class: 10216K(10624K)->10216K(10624K)
[2025-12-29T00:55:49.792+0000][6793.380s][info][gc          ] GC(544) Pause Young (Normal) (G1 Evacuation Pause) 1035M->84M(1588M) 9.384ms
[2025-12-29T00:55:49.792+0000][6793.380s][info][gc,cpu      ] GC(544) User=0.02s Sys=0.00s Real=0.01s
[2025-12-29T00:56:02.957+0000][6806.545s][info][gc,start    ] GC(545) Pause Young (Normal) (G1 Evacuation Pause)
[2025-12-29T00:56:02.958+0000][6806.547s][info][gc,task     ] GC(545) Using 8 workers of 8 for evacuation
[2025-12-29T00:56:02.963+0000][6806.551s][info][gc,phases   ] GC(545)   Pre Evacuate Collection Set: 0.5ms
[2025-12-29T00:56:02.963+0000][6806.551s][info][gc,phases   ] GC(545)   Merge Heap Roots: 0.4ms
[2025-12-29T00:56:02.963+0000][6806.551s][info][gc,phases   ] GC(545)   Evacuate Collection Set: 2.0ms
[2025-12-29T00:56:02.963+0000][6806.551s][info][gc,phases   ] GC(545)   Post Evacuate Collection Set: 0.9ms
[2025-12-29T00:56:02.963+0000][6806.551s][info][gc,phases   ] GC(545)   Other: 1.9ms
[2025-12-29T00:56:02.963+0000][6806.552s][info][gc,heap     ] GC(545) Eden regions: 951->0(951)
[2025-12-29T00:56:02.964+0000][6806.552s][info][gc,heap     ] GC(545) Survivor regions: 1->1(119)
[2025-12-29T00:56:02.964+0000][6806.552s][info][gc,heap     ] GC(545) Old regions: 45->45
[2025-12-29T00:56:02.964+0000][6806.552s][info][gc,heap     ] GC(545) Archive regions: 2->2
[2025-12-29T00:56:02.964+0000][6806.552s][info][gc,heap     ] GC(545) Humongous regions: 39->39
[2025-12-29T00:56:02.964+0000][6806.552s][info][gc,metaspace] GC(545) Metaspace: 75571K(76416K)->75571K(76416K) NonClass: 65354K(65792K)->65354K(65792K) Class: 10216K(10624K)->10216K(10624K)
[2025-12-29T00:56:02.964+0000][6806.552s][info][gc          ] GC(545) Pause Young (Normal) (G1 Evacuation Pause) 1035M->84M(1588M) 7.133ms
[2025-12-29T00:56:02.965+0000][6806.553s][info][gc,cpu      ] GC(545) User=0.02s Sys=0.00s Real=0.01s
[2025-12-29T00:56:15.803+0000][6819.391s][info][gc,start    ] GC(546) Pause Young (Normal) (G1 Evacuation Pause)
[2025-12-29T00:56:15.803+0000][6819.391s][info][gc,task     ] GC(546) Using 8 workers of 8 for evacuation
[2025-12-29T00:56:15.808+0000][6819.396s][info][gc,phases   ] GC(546)   Pre Evacuate Collection Set: 0.3ms
[2025-12-29T00:56:15.808+0000][6819.396s][info][gc,phases   ] GC(546)   Merge Heap Roots: 0.4ms
[2025-12-29T00:56:15.808+0000][6819.396s][info][gc,phases   ] GC(546)   Evacuate Collection Set: 2.3ms
[2025-12-29T00:56:15.808+0000][6819.396s][info][gc,phases   ] GC(546)   Post Evacuate Collection Set: 1.2ms
[2025-12-29T00:56:15.808+0000][6819.397s][info][gc,phases   ] GC(546)   Other: 1.0ms
[2025-12-29T00:56:15.809+0000][6819.397s][info][gc,heap     ] GC(546) Eden regions: 951->0(951)
[2025-12-29T00:56:15.809+0000][6819.397s][info][gc,heap     ] GC(546) Survivor regions: 1->1(119)
[2025-12-29T00:56:15.809+0000][6819.397s][info][gc,heap     ] GC(546) Old regions: 45->45
[2025-12-29T00:56:15.809+0000][6819.397s][info][gc,heap     ] GC(546) Archive regions: 2->2
[2025-12-29T00:56:15.809+0000][6819.397s][info][gc,heap     ] GC(546) Humongous regions: 39->39
[2025-12-29T00:56:15.809+0000][6819.398s][info][gc,metaspace] GC(546) Metaspace: 75571K(76416K)->75571K(76416K) NonClass: 65354K(65792K)->65354K(65792K) Class: 10216K(10624K)->10216K(10624K)
[2025-12-29T00:56:15.810+0000][6819.398s][info][gc          ] GC(546) Pause Young (Normal) (G1 Evacuation Pause) 1035M->84M(1588M) 6.964ms
[2025-12-29T00:56:15.810+0000][6819.398s][info][gc,cpu      ] GC(546) User=0.03s Sys=0.00s Real=0.00s
[2025-12-29T00:56:28.531+0000][6832.119s][info][gc,start    ] GC(547) Pause Young (Normal) (G1 Evacuation Pause)
[2025-12-29T00:56:28.532+0000][6832.120s][info][gc,task     ] GC(547) Using 8 workers of 8 for evacuation
[2025-12-29T00:56:28.535+0000][6832.123s][info][gc,phases   ] GC(547)   Pre Evacuate Collection Set: 0.4ms
[2025-12-29T00:56:28.535+0000][6832.123s][info][gc,phases   ] GC(547)   Merge Heap Roots: 0.2ms
[2025-12-29T00:56:28.535+0000][6832.123s][info][gc,phases   ] GC(547)   Evacuate Collection Set: 1.4ms
[2025-12-29T00:56:28.535+0000][6832.123s][info][gc,phases   ] GC(547)   Post Evacuate Collection Set: 0.8ms
[2025-12-29T00:56:28.535+0000][6832.123s][info][gc,phases   ] GC(547)   Other: 0.8ms
[2025-12-29T00:56:28.535+0000][6832.124s][info][gc,heap     ] GC(547) Eden regions: 951->0(951)
[2025-12-29T00:56:28.535+0000][6832.124s][info][gc,heap     ] GC(547) Survivor regions: 1->1(119)
[2025-12-29T00:56:28.536+0000][6832.124s][info][gc,heap     ] GC(547) Old regions: 45->45
[2025-12-29T00:56:28.536+0000][6832.124s][info][gc,heap     ] GC(547) Archive regions: 2->2
[2025-12-29T00:56:28.536+0000][6832.124s][info][gc,heap     ] GC(547) Humongous regions: 39->39
[2025-12-29T00:56:28.536+0000][6832.124s][info][gc,metaspace] GC(547) Metaspace: 75571K(76416K)->75571K(76416K) NonClass: 65354K(65792K)->65354K(65792K) Class: 10216K(10624K)->10216K(10624K)
[2025-12-29T00:56:28.536+0000][6832.124s][info][gc          ] GC(547) Pause Young (Normal) (G1 Evacuation Pause) 1035M->84M(1588M) 4.525ms
[2025-12-29T00:56:28.536+0000][6832.124s][info][gc,cpu      ] GC(547) User=0.02s Sys=0.01s Real=0.00s
[2025-12-29T00:56:41.625+0000][6845.214s][info][gc,start    ] GC(548) Pause Young (Normal) (G1 Evacuation Pause)
[2025-12-29T00:56:41.627+0000][6845.215s][info][gc,task     ] GC(548) Using 8 workers of 8 for evacuation
[2025-12-29T00:56:41.630+0000][6845.219s][info][gc,phases   ] GC(548)   Pre Evacuate Collection Set: 0.4ms
[2025-12-29T00:56:41.630+0000][6845.219s][info][gc,phases   ] GC(548)   Merge Heap Roots: 0.3ms
[2025-12-29T00:56:41.631+0000][6845.219s][info][gc,phases   ] GC(548)   Evacuate Collection Set: 1.7ms
[2025-12-29T00:56:41.631+0000][6845.219s][info][gc,phases   ] GC(548)   Post Evacuate Collection Set: 0.9ms
[2025-12-29T00:56:41.631+0000][6845.219s][info][gc,phases   ] GC(548)   Other: 1.9ms
[2025-12-29T00:56:41.631+0000][6845.219s][info][gc,heap     ] GC(548) Eden regions: 951->0(951)
[2025-12-29T00:56:41.631+0000][6845.219s][info][gc,heap     ] GC(548) Survivor regions: 1->1(119)
[2025-12-29T00:56:41.631+0000][6845.219s][info][gc,heap     ] GC(548) Old regions: 45->45
[2025-12-29T00:56:41.631+0000][6845.219s][info][gc,heap     ] GC(548) Archive regions: 2->2
[2025-12-29T00:56:41.631+0000][6845.219s][info][gc,heap     ] GC(548) Humongous regions: 39->39
[2025-12-29T00:56:41.631+0000][6845.220s][info][gc,metaspace] GC(548) Metaspace: 75571K(76416K)->75571K(76416K) NonClass: 65354K(65792K)->65354K(65792K) Class: 10216K(10624K)->10216K(10624K)
[2025-12-29T00:56:41.631+0000][6845.220s][info][gc          ] GC(548) Pause Young (Normal) (G1 Evacuation Pause) 1035M->84M(1588M) 6.111ms
[2025-12-29T00:56:41.632+0000][6845.220s][info][gc,cpu      ] GC(548) User=0.02s Sys=0.00s Real=0.01s
[2025-12-29T00:56:55.950+0000][6859.538s][info][gc,start    ] GC(549) Pause Young (Normal) (G1 Evacuation Pause)
[2025-12-29T00:56:55.951+0000][6859.539s][info][gc,task     ] GC(549) Using 8 workers of 8 for evacuation
[2025-12-29T00:56:55.954+0000][6859.543s][info][gc,phases   ] GC(549)   Pre Evacuate Collection Set: 0.4ms
[2025-12-29T00:56:55.955+0000][6859.543s][info][gc,phases   ] GC(549)   Merge Heap Roots: 0.2ms
[2025-12-29T00:56:55.955+0000][6859.543s][info][gc,phases   ] GC(549)   Evacuate Collection Set: 1.6ms
[2025-12-29T00:56:55.955+0000][6859.543s][info][gc,phases   ] GC(549)   Post Evacuate Collection Set: 0.9ms
[2025-12-29T00:56:55.955+0000][6859.543s][info][gc,phases   ] GC(549)   Other: 1.7ms
[2025-12-29T00:56:55.955+0000][6859.543s][info][gc,heap     ] GC(549) Eden regions: 951->0(951)
[2025-12-29T00:56:55.955+0000][6859.543s][info][gc,heap     ] GC(549) Survivor regions: 1->1(119)
[2025-12-29T00:56:55.955+0000][6859.544s][info][gc,heap     ] GC(549) Old regions: 45->45
[2025-12-29T00:56:55.955+0000][6859.544s][info][gc,heap     ] GC(549) Archive regions: 2->2
[2025-12-29T00:56:55.956+0000][6859.544s][info][gc,heap     ] GC(549) Humongous regions: 39->39
[2025-12-29T00:56:55.956+0000][6859.544s][info][gc,metaspace] GC(549) Metaspace: 75571K(76416K)->75571K(76416K) NonClass: 65354K(65792K)->65354K(65792K) Class: 10216K(10624K)->10216K(10624K)
[2025-12-29T00:56:55.956+0000][6859.544s][info][gc          ] GC(549) Pause Young (Normal) (G1 Evacuation Pause) 1035M->84M(1588M) 5.915ms
[2025-12-29T00:56:55.956+0000][6859.544s][info][gc,cpu      ] GC(549) User=0.02s Sys=0.00s Real=0.01s
[2025-12-29T00:57:09.381+0000][6872.969s][info][gc,start    ] GC(550) Pause Young (Normal) (G1 Evacuation Pause)
[2025-12-29T00:57:09.381+0000][6872.969s][info][gc,task     ] GC(550) Using 8 workers of 8 for evacuation
[2025-12-29T00:57:09.388+0000][6872.976s][info][gc,phases   ] GC(550)   Pre Evacuate Collection Set: 0.5ms
[2025-12-29T00:57:09.388+0000][6872.976s][info][gc,phases   ] GC(550)   Merge Heap Roots: 0.3ms
[2025-12-29T00:57:09.388+0000][6872.976s][info][gc,phases   ] GC(550)   Evacuate Collection Set: 3.3ms
[2025-12-29T00:57:09.388+0000][6872.977s][info][gc,phases   ] GC(550)   Post Evacuate Collection Set: 1.8ms
[2025-12-29T00:57:09.389+0000][6872.977s][info][gc,phases   ] GC(550)   Other: 1.3ms
[2025-12-29T00:57:09.389+0000][6872.977s][info][gc,heap     ] GC(550) Eden regions: 951->0(951)
[2025-12-29T00:57:09.389+0000][6872.977s][info][gc,heap     ] GC(550) Survivor regions: 1->1(119)
[2025-12-29T00:57:09.389+0000][6872.978s][info][gc,heap     ] GC(550) Old regions: 45->45
[2025-12-29T00:57:09.390+0000][6872.978s][info][gc,heap     ] GC(550) Archive regions: 2->2
[2025-12-29T00:57:09.390+0000][6872.978s][info][gc,heap     ] GC(550) Humongous regions: 39->39
[2025-12-29T00:57:09.390+0000][6872.978s][info][gc,metaspace] GC(550) Metaspace: 75571K(76416K)->75571K(76416K) NonClass: 65354K(65792K)->65354K(65792K) Class: 10216K(10624K)->10216K(10624K)
[2025-12-29T00:57:09.390+0000][6872.978s][info][gc          ] GC(550) Pause Young (Normal) (G1 Evacuation Pause) 1035M->84M(1588M) 9.672ms
[2025-12-29T00:57:09.391+0000][6872.979s][info][gc,cpu      ] GC(550) User=0.03s Sys=0.00s Real=0.01s
[2025-12-29T00:57:22.467+0000][6886.055s][info][gc,start    ] GC(551) Pause Young (Normal) (G1 Evacuation Pause)
[2025-12-29T00:57:22.468+0000][6886.056s][info][gc,task     ] GC(551) Using 8 workers of 8 for evacuation
[2025-12-29T00:57:22.471+0000][6886.059s][info][gc,phases   ] GC(551)   Pre Evacuate Collection Set: 0.3ms
[2025-12-29T00:57:22.471+0000][6886.059s][info][gc,phases   ] GC(551)   Merge Heap Roots: 0.2ms
[2025-12-29T00:57:22.471+0000][6886.059s][info][gc,phases   ] GC(551)   Evacuate Collection Set: 1.6ms
[2025-12-29T00:57:22.471+0000][6886.059s][info][gc,phases   ] GC(551)   Post Evacuate Collection Set: 0.8ms
[2025-12-29T00:57:22.471+0000][6886.060s][info][gc,phases   ] GC(551)   Other: 0.9ms
[2025-12-29T00:57:22.471+0000][6886.060s][info][gc,heap     ] GC(551) Eden regions: 951->0(951)
[2025-12-29T00:57:22.472+0000][6886.060s][info][gc,heap     ] GC(551) Survivor regions: 1->1(119)
[2025-12-29T00:57:22.472+0000][6886.060s][info][gc,heap     ] GC(551) Old regions: 45->45
[2025-12-29T00:57:22.472+0000][6886.060s][info][gc,heap     ] GC(551) Archive regions: 2->2
[2025-12-29T00:57:22.472+0000][6886.060s][info][gc,heap     ] GC(551) Humongous regions: 39->39
[2025-12-29T00:57:22.472+0000][6886.060s][info][gc,metaspace] GC(551) Metaspace: 75571K(76416K)->75571K(76416K) NonClass: 65354K(65792K)->65354K(65792K) Class: 10216K(10624K)->10216K(10624K)
[2025-12-29T00:57:22.472+0000][6886.060s][info][gc          ] GC(551) Pause Young (Normal) (G1 Evacuation Pause) 1035M->85M(1588M) 4.970ms
[2025-12-29T00:57:22.472+0000][6886.060s][info][gc,cpu      ] GC(551) User=0.02s Sys=0.00s Real=0.01s
[2025-12-29T00:57:35.470+0000][6899.058s][info][gc,start    ] GC(552) Pause Young (Normal) (G1 Evacuation Pause)
[2025-12-29T00:57:35.471+0000][6899.059s][info][gc,task     ] GC(552) Using 8 workers of 8 for evacuation
[2025-12-29T00:57:35.475+0000][6899.063s][info][gc,phases   ] GC(552)   Pre Evacuate Collection Set: 0.4ms
[2025-12-29T00:57:35.475+0000][6899.063s][info][gc,phases   ] GC(552)   Merge Heap Roots: 0.2ms
[2025-12-29T00:57:35.475+0000][6899.063s][info][gc,phases   ] GC(552)   Evacuate Collection Set: 1.9ms
[2025-12-29T00:57:35.475+0000][6899.064s][info][gc,phases   ] GC(552)   Post Evacuate Collection Set: 0.9ms
[2025-12-29T00:57:35.476+0000][6899.064s][info][gc,phases   ] GC(552)   Other: 2.2ms
[2025-12-29T00:57:35.476+0000][6899.064s][info][gc,heap     ] GC(552) Eden regions: 951->0(951)
[2025-12-29T00:57:35.476+0000][6899.064s][info][gc,heap     ] GC(552) Survivor regions: 1->1(119)
[2025-12-29T00:57:35.476+0000][6899.064s][info][gc,heap     ] GC(552) Old regions: 45->45
[2025-12-29T00:57:35.476+0000][6899.065s][info][gc,heap     ] GC(552) Archive regions: 2->2
[2025-12-29T00:57:35.477+0000][6899.065s][info][gc,heap     ] GC(552) Humongous regions: 39->39
[2025-12-29T00:57:35.477+0000][6899.065s][info][gc,metaspace] GC(552) Metaspace: 75571K(76416K)->75571K(76416K) NonClass: 65354K(65792K)->65354K(65792K) Class: 10216K(10624K)->10216K(10624K)
[2025-12-29T00:57:35.477+0000][6899.065s][info][gc          ] GC(552) Pause Young (Normal) (G1 Evacuation Pause) 1036M->84M(1588M) 7.268ms
[2025-12-29T00:57:35.477+0000][6899.065s][info][gc,cpu      ] GC(552) User=0.01s Sys=0.01s Real=0.01s
[2025-12-29T00:57:48.705+0000][6912.294s][info][gc,start    ] GC(553) Pause Young (Normal) (G1 Evacuation Pause)
[2025-12-29T00:57:48.706+0000][6912.294s][info][gc,task     ] GC(553) Using 8 workers of 8 for evacuation
[2025-12-29T00:57:48.708+0000][6912.296s][info][gc,phases   ] GC(553)   Pre Evacuate Collection Set: 0.2ms
[2025-12-29T00:57:48.708+0000][6912.296s][info][gc,phases   ] GC(553)   Merge Heap Roots: 0.1ms
[2025-12-29T00:57:48.708+0000][6912.296s][info][gc,phases   ] GC(553)   Evacuate Collection Set: 1.1ms
[2025-12-29T00:57:48.708+0000][6912.296s][info][gc,phases   ] GC(553)   Post Evacuate Collection Set: 0.6ms
[2025-12-29T00:57:48.708+0000][6912.297s][info][gc,phases   ] GC(553)   Other: 0.6ms
[2025-12-29T00:57:48.708+0000][6912.297s][info][gc,heap     ] GC(553) Eden regions: 951->0(951)
[2025-12-29T00:57:48.708+0000][6912.297s][info][gc,heap     ] GC(553) Survivor regions: 1->1(119)
[2025-12-29T00:57:48.708+0000][6912.297s][info][gc,heap     ] GC(553) Old regions: 45->45
[2025-12-29T00:57:48.709+0000][6912.297s][info][gc,heap     ] GC(553) Archive regions: 2->2
[2025-12-29T00:57:48.709+0000][6912.297s][info][gc,heap     ] GC(553) Humongous regions: 39->39
[2025-12-29T00:57:48.709+0000][6912.297s][info][gc,metaspace] GC(553) Metaspace: 75571K(76416K)->75571K(76416K) NonClass: 65354K(65792K)->65354K(65792K) Class: 10216K(10624K)->10216K(10624K)
[2025-12-29T00:57:48.709+0000][6912.297s][info][gc          ] GC(553) Pause Young (Normal) (G1 Evacuation Pause) 1035M->84M(1588M) 3.227ms
[2025-12-29T00:57:48.709+0000][6912.297s][info][gc,cpu      ] GC(553) User=0.01s Sys=0.00s Real=0.00s
[2025-12-29T00:58:01.862+0000][6925.450s][info][gc,start    ] GC(554) Pause Young (Normal) (G1 Evacuation Pause)
[2025-12-29T00:58:01.863+0000][6925.451s][info][gc,task     ] GC(554) Using 8 workers of 8 for evacuation
[2025-12-29T00:58:01.870+0000][6925.458s][info][gc,phases   ] GC(554)   Pre Evacuate Collection Set: 0.5ms
[2025-12-29T00:58:01.870+0000][6925.458s][info][gc,phases   ] GC(554)   Merge Heap Roots: 0.3ms
[2025-12-29T00:58:01.870+0000][6925.458s][info][gc,phases   ] GC(554)   Evacuate Collection Set: 3.6ms
[2025-12-29T00:58:01.870+0000][6925.459s][info][gc,phases   ] GC(554)   Post Evacuate Collection Set: 1.5ms
[2025-12-29T00:58:01.871+0000][6925.459s][info][gc,phases   ] GC(554)   Other: 2.3ms
[2025-12-29T00:58:01.871+0000][6925.459s][info][gc,heap     ] GC(554) Eden regions: 951->0(951)
[2025-12-29T00:58:01.871+0000][6925.459s][info][gc,heap     ] GC(554) Survivor regions: 1->1(119)
[2025-12-29T00:58:01.871+0000][6925.459s][info][gc,heap     ] GC(554) Old regions: 45->45
[2025-12-29T00:58:01.871+0000][6925.460s][info][gc,heap     ] GC(554) Archive regions: 2->2
[2025-12-29T00:58:01.872+0000][6925.460s][info][gc,heap     ] GC(554) Humongous regions: 39->39
[2025-12-29T00:58:01.872+0000][6925.460s][info][gc,metaspace] GC(554) Metaspace: 75571K(76416K)->75571K(76416K) NonClass: 65354K(65792K)->65354K(65792K) Class: 10216K(10624K)->10216K(10624K)
[2025-12-29T00:58:01.872+0000][6925.460s][info][gc          ] GC(554) Pause Young (Normal) (G1 Evacuation Pause) 1035M->84M(1588M) 10.318ms
[2025-12-29T00:58:01.872+0000][6925.461s][info][gc,cpu      ] GC(554) User=0.03s Sys=0.00s Real=0.01s
[2025-12-29T00:58:14.802+0000][6938.391s][info][gc,start    ] GC(555) Pause Young (Normal) (G1 Evacuation Pause)
[2025-12-29T00:58:14.803+0000][6938.392s][info][gc,task     ] GC(555) Using 8 workers of 8 for evacuation
[2025-12-29T00:58:14.806+0000][6938.394s][info][gc,phases   ] GC(555)   Pre Evacuate Collection Set: 0.3ms
[2025-12-29T00:58:14.806+0000][6938.394s][info][gc,phases   ] GC(555)   Merge Heap Roots: 0.2ms
[2025-12-29T00:58:14.806+0000][6938.394s][info][gc,phases   ] GC(555)   Evacuate Collection Set: 1.0ms
[2025-12-29T00:58:14.806+0000][6938.394s][info][gc,phases   ] GC(555)   Post Evacuate Collection Set: 0.5ms
[2025-12-29T00:58:14.806+0000][6938.394s][info][gc,phases   ] GC(555)   Other: 1.2ms
[2025-12-29T00:58:14.806+0000][6938.394s][info][gc,heap     ] GC(555) Eden regions: 951->0(951)
[2025-12-29T00:58:14.806+0000][6938.394s][info][gc,heap     ] GC(555) Survivor regions: 1->1(119)
[2025-12-29T00:58:14.806+0000][6938.394s][info][gc,heap     ] GC(555) Old regions: 45->45
[2025-12-29T00:58:14.806+0000][6938.394s][info][gc,heap     ] GC(555) Archive regions: 2->2
[2025-12-29T00:58:14.806+0000][6938.394s][info][gc,heap     ] GC(555) Humongous regions: 39->39
[2025-12-29T00:58:14.806+0000][6938.395s][info][gc,metaspace] GC(555) Metaspace: 75571K(76416K)->75571K(76416K) NonClass: 65354K(65792K)->65354K(65792K) Class: 10216K(10624K)->10216K(10624K)
[2025-12-29T00:58:14.806+0000][6938.395s][info][gc          ] GC(555) Pause Young (Normal) (G1 Evacuation Pause) 1035M->84M(1588M) 3.986ms
[2025-12-29T00:58:14.807+0000][6938.395s][info][gc,cpu      ] GC(555) User=0.00s Sys=0.00s Real=0.00s
[2025-12-29T00:58:27.541+0000][6951.129s][info][gc,start    ] GC(556) Pause Young (Normal) (G1 Evacuation Pause)
[2025-12-29T00:58:27.541+0000][6951.130s][info][gc,task     ] GC(556) Using 8 workers of 8 for evacuation
[2025-12-29T00:58:27.544+0000][6951.133s][info][gc,phases   ] GC(556)   Pre Evacuate Collection Set: 0.4ms
[2025-12-29T00:58:27.545+0000][6951.133s][info][gc,phases   ] GC(556)   Merge Heap Roots: 0.2ms
[2025-12-29T00:58:27.545+0000][6951.133s][info][gc,phases   ] GC(556)   Evacuate Collection Set: 1.4ms
[2025-12-29T00:58:27.545+0000][6951.133s][info][gc,phases   ] GC(556)   Post Evacuate Collection Set: 0.9ms
[2025-12-29T00:58:27.545+0000][6951.133s][info][gc,phases   ] GC(556)   Other: 1.3ms
[2025-12-29T00:58:27.545+0000][6951.133s][info][gc,heap     ] GC(556) Eden regions: 951->0(951)
[2025-12-29T00:58:27.545+0000][6951.133s][info][gc,heap     ] GC(556) Survivor regions: 1->1(119)
[2025-12-29T00:58:27.545+0000][6951.133s][info][gc,heap     ] GC(556) Old regions: 45->45
[2025-12-29T00:58:27.545+0000][6951.134s][info][gc,heap     ] GC(556) Archive regions: 2->2
[2025-12-29T00:58:27.545+0000][6951.134s][info][gc,heap     ] GC(556) Humongous regions: 39->39
[2025-12-29T00:58:27.546+0000][6951.134s][info][gc,metaspace] GC(556) Metaspace: 75571K(76416K)->75571K(76416K) NonClass: 65354K(65792K)->65354K(65792K) Class: 10216K(10624K)->10216K(10624K)
[2025-12-29T00:58:27.546+0000][6951.134s][info][gc          ] GC(556) Pause Young (Normal) (G1 Evacuation Pause) 1035M->84M(1588M) 5.151ms
[2025-12-29T00:58:27.546+0000][6951.134s][info][gc,cpu      ] GC(556) User=0.01s Sys=0.00s Real=0.00s
[2025-12-29T00:58:40.960+0000][6964.548s][info][gc,start    ] GC(557) Pause Young (Normal) (G1 Evacuation Pause)
[2025-12-29T00:58:40.961+0000][6964.549s][info][gc,task     ] GC(557) Using 8 workers of 8 for evacuation
[2025-12-29T00:58:40.963+0000][6964.552s][info][gc,phases   ] GC(557)   Pre Evacuate Collection Set: 0.3ms
[2025-12-29T00:58:40.963+0000][6964.552s][info][gc,phases   ] GC(557)   Merge Heap Roots: 0.3ms
[2025-12-29T00:58:40.964+0000][6964.552s][info][gc,phases   ] GC(557)   Evacuate Collection Set: 1.1ms
[2025-12-29T00:58:40.964+0000][6964.552s][info][gc,phases   ] GC(557)   Post Evacuate Collection Set: 0.5ms
[2025-12-29T00:58:40.964+0000][6964.552s][info][gc,phases   ] GC(557)   Other: 1.1ms
[2025-12-29T00:58:40.964+0000][6964.552s][info][gc,heap     ] GC(557) Eden regions: 951->0(951)
[2025-12-29T00:58:40.964+0000][6964.552s][info][gc,heap     ] GC(557) Survivor regions: 1->1(119)
[2025-12-29T00:58:40.964+0000][6964.552s][info][gc,heap     ] GC(557) Old regions: 45->45
[2025-12-29T00:58:40.964+0000][6964.552s][info][gc,heap     ] GC(557) Archive regions: 2->2
[2025-12-29T00:58:40.964+0000][6964.552s][info][gc,heap     ] GC(557) Humongous regions: 39->39
[2025-12-29T00:58:40.964+0000][6964.552s][info][gc,metaspace] GC(557) Metaspace: 75571K(76416K)->75571K(76416K) NonClass: 65354K(65792K)->65354K(65792K) Class: 10216K(10624K)->10216K(10624K)
[2025-12-29T00:58:40.964+0000][6964.553s][info][gc          ] GC(557) Pause Young (Normal) (G1 Evacuation Pause) 1035M->84M(1588M) 4.295ms
[2025-12-29T00:58:40.965+0000][6964.553s][info][gc,cpu      ] GC(557) User=0.01s Sys=0.00s Real=0.00s
[2025-12-29T00:58:55.713+0000][6979.302s][info][gc,start    ] GC(558) Pause Young (Normal) (G1 Evacuation Pause)
[2025-12-29T00:58:55.715+0000][6979.303s][info][gc,task     ] GC(558) Using 8 workers of 8 for evacuation
[2025-12-29T00:58:55.720+0000][6979.308s][info][gc,phases   ] GC(558)   Pre Evacuate Collection Set: 0.4ms
[2025-12-29T00:58:55.720+0000][6979.308s][info][gc,phases   ] GC(558)   Merge Heap Roots: 0.3ms
[2025-12-29T00:58:55.720+0000][6979.308s][info][gc,phases   ] GC(558)   Evacuate Collection Set: 2.5ms
[2025-12-29T00:58:55.720+0000][6979.308s][info][gc,phases   ] GC(558)   Post Evacuate Collection Set: 1.4ms
[2025-12-29T00:58:55.720+0000][6979.309s][info][gc,phases   ] GC(558)   Other: 1.8ms
[2025-12-29T00:58:55.721+0000][6979.309s][info][gc,heap     ] GC(558) Eden regions: 951->0(951)
[2025-12-29T00:58:55.721+0000][6979.309s][info][gc,heap     ] GC(558) Survivor regions: 1->1(119)
[2025-12-29T00:58:55.721+0000][6979.309s][info][gc,heap     ] GC(558) Old regions: 45->45
[2025-12-29T00:58:55.721+0000][6979.309s][info][gc,heap     ] GC(558) Archive regions: 2->2
[2025-12-29T00:58:55.721+0000][6979.309s][info][gc,heap     ] GC(558) Humongous regions: 39->39
[2025-12-29T00:58:55.721+0000][6979.309s][info][gc,metaspace] GC(558) Metaspace: 75571K(76416K)->75571K(76416K) NonClass: 65354K(65792K)->65354K(65792K) Class: 10216K(10624K)->10216K(10624K)
[2025-12-29T00:58:55.721+0000][6979.310s][info][gc          ] GC(558) Pause Young (Normal) (G1 Evacuation Pause) 1035M->84M(1588M) 8.040ms
[2025-12-29T00:58:55.722+0000][6979.310s][info][gc,cpu      ] GC(558) User=0.02s Sys=0.00s Real=0.01s
[2025-12-29T00:59:08.729+0000][6992.317s][info][gc,start    ] GC(559) Pause Young (Normal) (G1 Evacuation Pause)
[2025-12-29T00:59:08.729+0000][6992.317s][info][gc,task     ] GC(559) Using 8 workers of 8 for evacuation
[2025-12-29T00:59:08.732+0000][6992.320s][info][gc,phases   ] GC(559)   Pre Evacuate Collection Set: 0.3ms
[2025-12-29T00:59:08.732+0000][6992.320s][info][gc,phases   ] GC(559)   Merge Heap Roots: 0.2ms
[2025-12-29T00:59:08.732+0000][6992.320s][info][gc,phases   ] GC(559)   Evacuate Collection Set: 1.4ms
[2025-12-29T00:59:08.732+0000][6992.320s][info][gc,phases   ] GC(559)   Post Evacuate Collection Set: 0.6ms
[2025-12-29T00:59:08.732+0000][6992.320s][info][gc,phases   ] GC(559)   Other: 0.7ms
[2025-12-29T00:59:08.732+0000][6992.320s][info][gc,heap     ] GC(559) Eden regions: 951->0(951)
[2025-12-29T00:59:08.732+0000][6992.321s][info][gc,heap     ] GC(559) Survivor regions: 1->1(119)
[2025-12-29T00:59:08.732+0000][6992.321s][info][gc,heap     ] GC(559) Old regions: 45->45
[2025-12-29T00:59:08.733+0000][6992.321s][info][gc,heap     ] GC(559) Archive regions: 2->2
[2025-12-29T00:59:08.733+0000][6992.321s][info][gc,heap     ] GC(559) Humongous regions: 39->39
[2025-12-29T00:59:08.733+0000][6992.321s][info][gc,metaspace] GC(559) Metaspace: 75571K(76416K)->75571K(76416K) NonClass: 65354K(65792K)->65354K(65792K) Class: 10216K(10624K)->10216K(10624K)
[2025-12-29T00:59:08.733+0000][6992.321s][info][gc          ] GC(559) Pause Young (Normal) (G1 Evacuation Pause) 1035M->84M(1588M) 4.088ms
[2025-12-29T00:59:08.733+0000][6992.321s][info][gc,cpu      ] GC(559) User=0.00s Sys=0.00s Real=0.01s
[2025-12-29T00:59:21.758+0000][7005.346s][info][gc,start    ] GC(560) Pause Young (Normal) (G1 Evacuation Pause)
[2025-12-29T00:59:21.758+0000][7005.347s][info][gc,task     ] GC(560) Using 8 workers of 8 for evacuation
[2025-12-29T00:59:21.763+0000][7005.351s][info][gc,phases   ] GC(560)   Pre Evacuate Collection Set: 0.4ms
[2025-12-29T00:59:21.763+0000][7005.351s][info][gc,phases   ] GC(560)   Merge Heap Roots: 0.3ms
[2025-12-29T00:59:21.763+0000][7005.352s][info][gc,phases   ] GC(560)   Evacuate Collection Set: 2.2ms
[2025-12-29T00:59:21.763+0000][7005.352s][info][gc,phases   ] GC(560)   Post Evacuate Collection Set: 0.9ms
[2025-12-29T00:59:21.764+0000][7005.352s][info][gc,phases   ] GC(560)   Other: 1.5ms
[2025-12-29T00:59:21.764+0000][7005.352s][info][gc,heap     ] GC(560) Eden regions: 951->0(951)
[2025-12-29T00:59:21.764+0000][7005.352s][info][gc,heap     ] GC(560) Survivor regions: 1->1(119)
[2025-12-29T00:59:21.764+0000][7005.352s][info][gc,heap     ] GC(560) Old regions: 45->45
[2025-12-29T00:59:21.764+0000][7005.352s][info][gc,heap     ] GC(560) Archive regions: 2->2
[2025-12-29T00:59:21.764+0000][7005.352s][info][gc,heap     ] GC(560) Humongous regions: 39->39
[2025-12-29T00:59:21.764+0000][7005.352s][info][gc,metaspace] GC(560) Metaspace: 75571K(76416K)->75571K(76416K) NonClass: 65354K(65792K)->65354K(65792K) Class: 10216K(10624K)->10216K(10624K)
[2025-12-29T00:59:21.764+0000][7005.353s][info][gc          ] GC(560) Pause Young (Normal) (G1 Evacuation Pause) 1035M->84M(1588M) 6.715ms
[2025-12-29T00:59:21.765+0000][7005.353s][info][gc,cpu      ] GC(560) User=0.02s Sys=0.00s Real=0.01s
[2025-12-29T00:59:34.638+0000][7018.226s][info][gc,start    ] GC(561) Pause Young (Normal) (G1 Evacuation Pause)
[2025-12-29T00:59:34.639+0000][7018.227s][info][gc,task     ] GC(561) Using 8 workers of 8 for evacuation
[2025-12-29T00:59:34.642+0000][7018.230s][info][gc,phases   ] GC(561)   Pre Evacuate Collection Set: 0.3ms
[2025-12-29T00:59:34.642+0000][7018.231s][info][gc,phases   ] GC(561)   Merge Heap Roots: 0.2ms
[2025-12-29T00:59:34.643+0000][7018.231s][info][gc,phases   ] GC(561)   Evacuate Collection Set: 1.8ms
[2025-12-29T00:59:34.643+0000][7018.231s][info][gc,phases   ] GC(561)   Post Evacuate Collection Set: 1.0ms
[2025-12-29T00:59:34.643+0000][7018.231s][info][gc,phases   ] GC(561)   Other: 1.5ms
[2025-12-29T00:59:34.643+0000][7018.231s][info][gc,heap     ] GC(561) Eden regions: 951->0(951)
[2025-12-29T00:59:34.643+0000][7018.231s][info][gc,heap     ] GC(561) Survivor regions: 1->1(119)
[2025-12-29T00:59:34.643+0000][7018.231s][info][gc,heap     ] GC(561) Old regions: 45->45
[2025-12-29T00:59:34.643+0000][7018.231s][info][gc,heap     ] GC(561) Archive regions: 2->2
[2025-12-29T00:59:34.643+0000][7018.231s][info][gc,heap     ] GC(561) Humongous regions: 39->39
[2025-12-29T00:59:34.643+0000][7018.232s][info][gc,metaspace] GC(561) Metaspace: 75571K(76416K)->75571K(76416K) NonClass: 65354K(65792K)->65354K(65792K) Class: 10216K(10624K)->10216K(10624K)
[2025-12-29T00:59:34.644+0000][7018.232s][info][gc          ] GC(561) Pause Young (Normal) (G1 Evacuation Pause) 1035M->84M(1588M) 5.901ms
[2025-12-29T00:59:34.644+0000][7018.232s][info][gc,cpu      ] GC(561) User=0.02s Sys=0.00s Real=0.01s
[2025-12-29T00:59:47.976+0000][7031.564s][info][gc,start    ] GC(562) Pause Young (Normal) (G1 Evacuation Pause)
[2025-12-29T00:59:47.977+0000][7031.565s][info][gc,task     ] GC(562) Using 8 workers of 8 for evacuation
[2025-12-29T00:59:47.979+0000][7031.567s][info][gc,phases   ] GC(562)   Pre Evacuate Collection Set: 0.3ms
[2025-12-29T00:59:47.981+0000][7031.570s][info][gc,phases   ] GC(562)   Merge Heap Roots: 0.2ms
[2025-12-29T00:59:47.982+0000][7031.570s][info][gc,phases   ] GC(562)   Evacuate Collection Set: 1.2ms
[2025-12-29T00:59:47.982+0000][7031.570s][info][gc,phases   ] GC(562)   Post Evacuate Collection Set: 0.6ms
[2025-12-29T00:59:47.982+0000][7031.570s][info][gc,phases   ] GC(562)   Other: 1.2ms
[2025-12-29T00:59:47.982+0000][7031.571s][info][gc,heap     ] GC(562) Eden regions: 951->0(951)
[2025-12-29T00:59:47.982+0000][7031.571s][info][gc,heap     ] GC(562) Survivor regions: 1->1(119)
[2025-12-29T00:59:47.983+0000][7031.571s][info][gc,heap     ] GC(562) Old regions: 45->45
[2025-12-29T00:59:47.983+0000][7031.571s][info][gc,heap     ] GC(562) Archive regions: 2->2
[2025-12-29T00:59:47.983+0000][7031.571s][info][gc,heap     ] GC(562) Humongous regions: 39->39
[2025-12-29T00:59:47.983+0000][7031.571s][info][gc,metaspace] GC(562) Metaspace: 75571K(76416K)->75571K(76416K) NonClass: 65354K(65792K)->65354K(65792K) Class: 10216K(10624K)->10216K(10624K)
[2025-12-29T00:59:47.983+0000][7031.571s][info][gc          ] GC(562) Pause Young (Normal) (G1 Evacuation Pause) 1035M->84M(1588M) 7.073ms
[2025-12-29T00:59:47.983+0000][7031.571s][info][gc,cpu      ] GC(562) User=0.01s Sys=0.00s Real=0.01s
[2025-12-29T01:00:01.042+0000][7044.630s][info][gc,start    ] GC(563) Pause Young (Normal) (G1 Evacuation Pause)
[2025-12-29T01:00:01.043+0000][7044.631s][info][gc,task     ] GC(563) Using 8 workers of 8 for evacuation
[2025-12-29T01:00:01.056+0000][7044.644s][info][gc,phases   ] GC(563)   Pre Evacuate Collection Set: 0.6ms
[2025-12-29T01:00:01.056+0000][7044.645s][info][gc,phases   ] GC(563)   Merge Heap Roots: 0.2ms
[2025-12-29T01:00:01.057+0000][7044.645s][info][gc,phases   ] GC(563)   Evacuate Collection Set: 7.7ms
[2025-12-29T01:00:01.057+0000][7044.645s][info][gc,phases   ] GC(563)   Post Evacuate Collection Set: 4.1ms
[2025-12-29T01:00:01.057+0000][7044.645s][info][gc,phases   ] GC(563)   Other: 2.0ms
[2025-12-29T01:00:01.057+0000][7044.646s][info][gc,heap     ] GC(563) Eden regions: 951->0(951)
[2025-12-29T01:00:01.057+0000][7044.646s][info][gc,heap     ] GC(563) Survivor regions: 1->1(119)
[2025-12-29T01:00:01.058+0000][7044.646s][info][gc,heap     ] GC(563) Old regions: 45->45
[2025-12-29T01:00:01.058+0000][7044.646s][info][gc,heap     ] GC(563) Archive regions: 2->2
[2025-12-29T01:00:01.058+0000][7044.646s][info][gc,heap     ] GC(563) Humongous regions: 39->39
[2025-12-29T01:00:01.058+0000][7044.646s][info][gc,metaspace] GC(563) Metaspace: 75571K(76416K)->75571K(76416K) NonClass: 65354K(65792K)->65354K(65792K) Class: 10216K(10624K)->10216K(10624K)
[2025-12-29T01:00:01.058+0000][7044.647s][info][gc          ] GC(563) Pause Young (Normal) (G1 Evacuation Pause) 1035M->84M(1588M) 16.908ms
[2025-12-29T01:00:01.059+0000][7044.647s][info][gc,cpu      ] GC(563) User=0.08s Sys=0.00s Real=0.01s
[2025-12-29T01:00:14.243+0000][7057.831s][info][gc,start    ] GC(564) Pause Young (Normal) (G1 Evacuation Pause)
[2025-12-29T01:00:14.244+0000][7057.832s][info][gc,task     ] GC(564) Using 8 workers of 8 for evacuation
[2025-12-29T01:00:14.248+0000][7057.836s][info][gc,phases   ] GC(564)   Pre Evacuate Collection Set: 0.4ms
[2025-12-29T01:00:14.248+0000][7057.836s][info][gc,phases   ] GC(564)   Merge Heap Roots: 0.3ms
[2025-12-29T01:00:14.248+0000][7057.836s][info][gc,phases   ] GC(564)   Evacuate Collection Set: 1.5ms
[2025-12-29T01:00:14.248+0000][7057.836s][info][gc,phases   ] GC(564)   Post Evacuate Collection Set: 0.9ms
[2025-12-29T01:00:14.248+0000][7057.836s][info][gc,phases   ] GC(564)   Other: 1.7ms
[2025-12-29T01:00:14.248+0000][7057.837s][info][gc,heap     ] GC(564) Eden regions: 951->0(951)
[2025-12-29T01:00:14.249+0000][7057.837s][info][gc,heap     ] GC(564) Survivor regions: 1->1(119)
[2025-12-29T01:00:14.249+0000][7057.837s][info][gc,heap     ] GC(564) Old regions: 45->45
[2025-12-29T01:00:14.249+0000][7057.837s][info][gc,heap     ] GC(564) Archive regions: 2->2
[2025-12-29T01:00:14.249+0000][7057.837s][info][gc,heap     ] GC(564) Humongous regions: 39->39
[2025-12-29T01:00:14.249+0000][7057.837s][info][gc,metaspace] GC(564) Metaspace: 75571K(76416K)->75571K(76416K) NonClass: 65354K(65792K)->65354K(65792K) Class: 10216K(10624K)->10216K(10624K)
[2025-12-29T01:00:14.249+0000][7057.837s][info][gc          ] GC(564) Pause Young (Normal) (G1 Evacuation Pause) 1035M->84M(1588M) 6.314ms
[2025-12-29T01:00:14.250+0000][7057.838s][info][gc,cpu      ] GC(564) User=0.02s Sys=0.00s Real=0.00s
[2025-12-29T01:00:27.029+0000][7070.618s][info][gc,start    ] GC(565) Pause Young (Normal) (G1 Evacuation Pause)
[2025-12-29T01:00:27.031+0000][7070.619s][info][gc,task     ] GC(565) Using 8 workers of 8 for evacuation
[2025-12-29T01:00:27.036+0000][7070.624s][info][gc,phases   ] GC(565)   Pre Evacuate Collection Set: 0.6ms
[2025-12-29T01:00:27.036+0000][7070.624s][info][gc,phases   ] GC(565)   Merge Heap Roots: 0.2ms
[2025-12-29T01:00:27.036+0000][7070.624s][info][gc,phases   ] GC(565)   Evacuate Collection Set: 2.1ms
[2025-12-29T01:00:27.036+0000][7070.625s][info][gc,phases   ] GC(565)   Post Evacuate Collection Set: 1.0ms
[2025-12-29T01:00:27.037+0000][7070.625s][info][gc,phases   ] GC(565)   Other: 2.4ms
[2025-12-29T01:00:27.037+0000][7070.625s][info][gc,heap     ] GC(565) Eden regions: 951->0(951)
[2025-12-29T01:00:27.037+0000][7070.625s][info][gc,heap     ] GC(565) Survivor regions: 1->1(119)
[2025-12-29T01:00:27.037+0000][7070.625s][info][gc,heap     ] GC(565) Old regions: 45->45
[2025-12-29T01:00:27.037+0000][7070.626s][info][gc,heap     ] GC(565) Archive regions: 2->2
[2025-12-29T01:00:27.038+0000][7070.626s][info][gc,heap     ] GC(565) Humongous regions: 39->39
[2025-12-29T01:00:27.038+0000][7070.626s][info][gc,metaspace] GC(565) Metaspace: 75572K(76416K)->75572K(76416K) NonClass: 65354K(65792K)->65354K(65792K) Class: 10217K(10624K)->10217K(10624K)
[2025-12-29T01:00:27.038+0000][7070.626s][info][gc          ] GC(565) Pause Young (Normal) (G1 Evacuation Pause) 1035M->84M(1588M) 8.420ms
[2025-12-29T01:00:27.038+0000][7070.626s][info][gc,cpu      ] GC(565) User=0.02s Sys=0.00s Real=0.01s
[2025-12-29T01:00:40.943+0000][7084.531s][info][gc,start    ] GC(566) Pause Young (Normal) (G1 Evacuation Pause)
[2025-12-29T01:00:40.944+0000][7084.532s][info][gc,task     ] GC(566) Using 8 workers of 8 for evacuation
[2025-12-29T01:00:40.945+0000][7084.534s][info][gc,phases   ] GC(566)   Pre Evacuate Collection Set: 0.2ms
[2025-12-29T01:00:40.945+0000][7084.534s][info][gc,phases   ] GC(566)   Merge Heap Roots: 0.1ms
[2025-12-29T01:00:40.945+0000][7084.534s][info][gc,phases   ] GC(566)   Evacuate Collection Set: 0.8ms
[2025-12-29T01:00:40.946+0000][7084.534s][info][gc,phases   ] GC(566)   Post Evacuate Collection Set: 0.4ms
[2025-12-29T01:00:40.946+0000][7084.534s][info][gc,phases   ] GC(566)   Other: 1.0ms
[2025-12-29T01:00:40.946+0000][7084.534s][info][gc,heap     ] GC(566) Eden regions: 951->0(951)
[2025-12-29T01:00:40.946+0000][7084.534s][info][gc,heap     ] GC(566) Survivor regions: 1->1(119)
[2025-12-29T01:00:40.946+0000][7084.534s][info][gc,heap     ] GC(566) Old regions: 45->45
[2025-12-29T01:00:40.946+0000][7084.534s][info][gc,heap     ] GC(566) Archive regions: 2->2
[2025-12-29T01:00:40.946+0000][7084.534s][info][gc,heap     ] GC(566) Humongous regions: 39->39
[2025-12-29T01:00:40.946+0000][7084.534s][info][gc,metaspace] GC(566) Metaspace: 75572K(76416K)->75572K(76416K) NonClass: 65354K(65792K)->65354K(65792K) Class: 10217K(10624K)->10217K(10624K)
[2025-12-29T01:00:40.946+0000][7084.534s][info][gc          ] GC(566) Pause Young (Normal) (G1 Evacuation Pause) 1035M->84M(1588M) 3.125ms
[2025-12-29T01:00:40.946+0000][7084.534s][info][gc,cpu      ] GC(566) User=0.01s Sys=0.00s Real=0.00s
[2025-12-29T01:00:54.857+0000][7098.445s][info][gc,start    ] GC(567) Pause Young (Normal) (G1 Evacuation Pause)
[2025-12-29T01:00:54.857+0000][7098.446s][info][gc,task     ] GC(567) Using 8 workers of 8 for evacuation
[2025-12-29T01:00:54.861+0000][7098.450s][info][gc,phases   ] GC(567)   Pre Evacuate Collection Set: 0.4ms
[2025-12-29T01:00:54.862+0000][7098.450s][info][gc,phases   ] GC(567)   Merge Heap Roots: 0.3ms
[2025-12-29T01:00:54.862+0000][7098.450s][info][gc,phases   ] GC(567)   Evacuate Collection Set: 2.1ms
[2025-12-29T01:00:54.862+0000][7098.450s][info][gc,phases   ] GC(567)   Post Evacuate Collection Set: 0.9ms
[2025-12-29T01:00:54.862+0000][7098.450s][info][gc,phases   ] GC(567)   Other: 0.9ms
[2025-12-29T01:00:54.862+0000][7098.450s][info][gc,heap     ] GC(567) Eden regions: 951->0(951)
[2025-12-29T01:00:54.862+0000][7098.450s][info][gc,heap     ] GC(567) Survivor regions: 1->1(119)
[2025-12-29T01:00:54.862+0000][7098.450s][info][gc,heap     ] GC(567) Old regions: 45->45
[2025-12-29T01:00:54.862+0000][7098.450s][info][gc,heap     ] GC(567) Archive regions: 2->2
[2025-12-29T01:00:54.862+0000][7098.451s][info][gc,heap     ] GC(567) Humongous regions: 39->39
[2025-12-29T01:00:54.862+0000][7098.451s][info][gc,metaspace] GC(567) Metaspace: 75572K(76416K)->75572K(76416K) NonClass: 65354K(65792K)->65354K(65792K) Class: 10217K(10624K)->10217K(10624K)
[2025-12-29T01:00:54.863+0000][7098.451s][info][gc          ] GC(567) Pause Young (Normal) (G1 Evacuation Pause) 1035M->84M(1588M) 5.680ms
[2025-12-29T01:00:54.863+0000][7098.451s][info][gc,cpu      ] GC(567) User=0.02s Sys=0.00s Real=0.01s
[2025-12-29T01:01:07.991+0000][7111.579s][info][gc,start    ] GC(568) Pause Young (Normal) (G1 Evacuation Pause)
[2025-12-29T01:01:07.992+0000][7111.580s][info][gc,task     ] GC(568) Using 8 workers of 8 for evacuation
[2025-12-29T01:01:07.996+0000][7111.585s][info][gc,phases   ] GC(568)   Pre Evacuate Collection Set: 0.5ms
[2025-12-29T01:01:07.997+0000][7111.585s][info][gc,phases   ] GC(568)   Merge Heap Roots: 0.3ms
[2025-12-29T01:01:07.997+0000][7111.585s][info][gc,phases   ] GC(568)   Evacuate Collection Set: 1.9ms
[2025-12-29T01:01:07.997+0000][7111.585s][info][gc,phases   ] GC(568)   Post Evacuate Collection Set: 1.4ms
[2025-12-29T01:01:07.997+0000][7111.586s][info][gc,phases   ] GC(568)   Other: 1.7ms
[2025-12-29T01:01:07.998+0000][7111.586s][info][gc,heap     ] GC(568) Eden regions: 951->0(951)
[2025-12-29T01:01:07.998+0000][7111.586s][info][gc,heap     ] GC(568) Survivor regions: 1->1(119)
[2025-12-29T01:01:07.998+0000][7111.586s][info][gc,heap     ] GC(568) Old regions: 45->45
[2025-12-29T01:01:07.998+0000][7111.586s][info][gc,heap     ] GC(568) Archive regions: 2->2
[2025-12-29T01:01:07.998+0000][7111.586s][info][gc,heap     ] GC(568) Humongous regions: 39->39
[2025-12-29T01:01:07.998+0000][7111.587s][info][gc,metaspace] GC(568) Metaspace: 75572K(76416K)->75572K(76416K) NonClass: 65354K(65792K)->65354K(65792K) Class: 10217K(10624K)->10217K(10624K)
[2025-12-29T01:01:07.999+0000][7111.587s][info][gc          ] GC(568) Pause Young (Normal) (G1 Evacuation Pause) 1035M->84M(1588M) 7.940ms
[2025-12-29T01:01:07.999+0000][7111.587s][info][gc,cpu      ] GC(568) User=0.01s Sys=0.00s Real=0.00s
[2025-12-29T01:01:21.058+0000][7124.646s][info][gc,start    ] GC(569) Pause Young (Normal) (G1 Evacuation Pause)
[2025-12-29T01:01:21.059+0000][7124.647s][info][gc,task     ] GC(569) Using 8 workers of 8 for evacuation
[2025-12-29T01:01:21.064+0000][7124.652s][info][gc,phases   ] GC(569)   Pre Evacuate Collection Set: 0.7ms
[2025-12-29T01:01:21.065+0000][7124.653s][info][gc,phases   ] GC(569)   Merge Heap Roots: 0.3ms
[2025-12-29T01:01:21.065+0000][7124.653s][info][gc,phases   ] GC(569)   Evacuate Collection Set: 2.3ms
[2025-12-29T01:01:21.065+0000][7124.653s][info][gc,phases   ] GC(569)   Post Evacuate Collection Set: 1.0ms
[2025-12-29T01:01:21.065+0000][7124.653s][info][gc,phases   ] GC(569)   Other: 2.4ms
[2025-12-29T01:01:21.065+0000][7124.653s][info][gc,heap     ] GC(569) Eden regions: 951->0(951)
[2025-12-29T01:01:21.065+0000][7124.654s][info][gc,heap     ] GC(569) Survivor regions: 1->1(119)
[2025-12-29T01:01:21.065+0000][7124.654s][info][gc,heap     ] GC(569) Old regions: 45->45
[2025-12-29T01:01:21.066+0000][7124.654s][info][gc,heap     ] GC(569) Archive regions: 2->2
[2025-12-29T01:01:21.066+0000][7124.654s][info][gc,heap     ] GC(569) Humongous regions: 39->39
[2025-12-29T01:01:21.066+0000][7124.654s][info][gc,metaspace] GC(569) Metaspace: 75572K(76416K)->75572K(76416K) NonClass: 65354K(65792K)->65354K(65792K) Class: 10217K(10624K)->10217K(10624K)
[2025-12-29T01:01:21.066+0000][7124.654s][info][gc          ] GC(569) Pause Young (Normal) (G1 Evacuation Pause) 1035M->84M(1588M) 8.233ms
[2025-12-29T01:01:21.066+0000][7124.654s][info][gc,cpu      ] GC(569) User=0.02s Sys=0.00s Real=0.01s
[2025-12-29T01:01:33.873+0000][7137.461s][info][gc,start    ] GC(570) Pause Young (Normal) (G1 Evacuation Pause)
[2025-12-29T01:01:33.874+0000][7137.462s][info][gc,task     ] GC(570) Using 8 workers of 8 for evacuation
[2025-12-29T01:01:33.879+0000][7137.467s][info][gc,phases   ] GC(570)   Pre Evacuate Collection Set: 0.4ms
[2025-12-29T01:01:33.879+0000][7137.467s][info][gc,phases   ] GC(570)   Merge Heap Roots: 0.3ms
[2025-12-29T01:01:33.879+0000][7137.467s][info][gc,phases   ] GC(570)   Evacuate Collection Set: 2.3ms
[2025-12-29T01:01:33.879+0000][7137.467s][info][gc,phases   ] GC(570)   Post Evacuate Collection Set: 1.3ms
[2025-12-29T01:01:33.879+0000][7137.467s][info][gc,phases   ] GC(570)   Other: 1.7ms
[2025-12-29T01:01:33.879+0000][7137.467s][info][gc,heap     ] GC(570) Eden regions: 951->0(951)
[2025-12-29T01:01:33.879+0000][7137.468s][info][gc,heap     ] GC(570) Survivor regions: 1->1(119)
[2025-12-29T01:01:33.880+0000][7137.468s][info][gc,heap     ] GC(570) Old regions: 45->45
[2025-12-29T01:01:33.880+0000][7137.468s][info][gc,heap     ] GC(570) Archive regions: 2->2
[2025-12-29T01:01:33.880+0000][7137.468s][info][gc,heap     ] GC(570) Humongous regions: 39->39
[2025-12-29T01:01:33.880+0000][7137.468s][info][gc,metaspace] GC(570) Metaspace: 75572K(76416K)->75572K(76416K) NonClass: 65354K(65792K)->65354K(65792K) Class: 10217K(10624K)->10217K(10624K)
[2025-12-29T01:01:33.880+0000][7137.468s][info][gc          ] GC(570) Pause Young (Normal) (G1 Evacuation Pause) 1035M->84M(1588M) 7.569ms
[2025-12-29T01:01:33.880+0000][7137.469s][info][gc,cpu      ] GC(570) User=0.02s Sys=0.00s Real=0.01s
[2025-12-29T01:01:47.062+0000][7150.650s][info][gc,start    ] GC(571) Pause Young (Normal) (G1 Evacuation Pause)
[2025-12-29T01:01:47.063+0000][7150.651s][info][gc,task     ] GC(571) Using 8 workers of 8 for evacuation
[2025-12-29T01:01:47.067+0000][7150.655s][info][gc,phases   ] GC(571)   Pre Evacuate Collection Set: 0.4ms
[2025-12-29T01:01:47.068+0000][7150.656s][info][gc,phases   ] GC(571)   Merge Heap Roots: 0.2ms
[2025-12-29T01:01:47.068+0000][7150.656s][info][gc,phases   ] GC(571)   Evacuate Collection Set: 2.1ms
[2025-12-29T01:01:47.068+0000][7150.656s][info][gc,phases   ] GC(571)   Post Evacuate Collection Set: 1.3ms
[2025-12-29T01:01:47.068+0000][7150.656s][info][gc,phases   ] GC(571)   Other: 1.9ms
[2025-12-29T01:01:47.068+0000][7150.657s][info][gc,heap     ] GC(571) Eden regions: 951->0(951)
[2025-12-29T01:01:47.069+0000][7150.657s][info][gc,heap     ] GC(571) Survivor regions: 1->1(119)
[2025-12-29T01:01:47.069+0000][7150.657s][info][gc,heap     ] GC(571) Old regions: 45->45
[2025-12-29T01:01:47.069+0000][7150.657s][info][gc,heap     ] GC(571) Archive regions: 2->2
[2025-12-29T01:01:47.069+0000][7150.657s][info][gc,heap     ] GC(571) Humongous regions: 39->39
[2025-12-29T01:01:47.069+0000][7150.657s][info][gc,metaspace] GC(571) Metaspace: 75572K(76416K)->75572K(76416K) NonClass: 65354K(65792K)->65354K(65792K) Class: 10217K(10624K)->10217K(10624K)
[2025-12-29T01:01:47.069+0000][7150.658s][info][gc          ] GC(571) Pause Young (Normal) (G1 Evacuation Pause) 1035M->85M(1588M) 7.876ms
[2025-12-29T01:01:47.070+0000][7150.658s][info][gc,cpu      ] GC(571) User=0.01s Sys=0.00s Real=0.00s
[2025-12-29T01:02:00.250+0000][7163.839s][info][gc,start    ] GC(572) Pause Young (Normal) (G1 Evacuation Pause)
[2025-12-29T01:02:00.251+0000][7163.839s][info][gc,task     ] GC(572) Using 8 workers of 8 for evacuation
[2025-12-29T01:02:00.254+0000][7163.843s][info][gc,phases   ] GC(572)   Pre Evacuate Collection Set: 0.4ms
[2025-12-29T01:02:00.255+0000][7163.843s][info][gc,phases   ] GC(572)   Merge Heap Roots: 0.2ms
[2025-12-29T01:02:00.255+0000][7163.843s][info][gc,phases   ] GC(572)   Evacuate Collection Set: 1.7ms
[2025-12-29T01:02:00.255+0000][7163.843s][info][gc,phases   ] GC(572)   Post Evacuate Collection Set: 0.8ms
[2025-12-29T01:02:00.255+0000][7163.843s][info][gc,phases   ] GC(572)   Other: 1.1ms
[2025-12-29T01:02:00.255+0000][7163.843s][info][gc,heap     ] GC(572) Eden regions: 951->0(951)
[2025-12-29T01:02:00.255+0000][7163.843s][info][gc,heap     ] GC(572) Survivor regions: 1->1(119)
[2025-12-29T01:02:00.255+0000][7163.844s][info][gc,heap     ] GC(572) Old regions: 45->45
[2025-12-29T01:02:00.256+0000][7163.844s][info][gc,heap     ] GC(572) Archive regions: 2->2
[2025-12-29T01:02:00.256+0000][7163.844s][info][gc,heap     ] GC(572) Humongous regions: 39->39
[2025-12-29T01:02:00.256+0000][7163.844s][info][gc,metaspace] GC(572) Metaspace: 75572K(76416K)->75572K(76416K) NonClass: 65354K(65792K)->65354K(65792K) Class: 10217K(10624K)->10217K(10624K)
[2025-12-29T01:02:00.256+0000][7163.844s][info][gc          ] GC(572) Pause Young (Normal) (G1 Evacuation Pause) 1036M->85M(1588M) 5.675ms
[2025-12-29T01:02:00.256+0000][7163.844s][info][gc,cpu      ] GC(572) User=0.02s Sys=0.00s Real=0.00s
[2025-12-29T01:02:13.599+0000][7177.187s][info][gc,start    ] GC(573) Pause Young (Normal) (G1 Evacuation Pause)
[2025-12-29T01:02:13.599+0000][7177.187s][info][gc,task     ] GC(573) Using 8 workers of 8 for evacuation
[2025-12-29T01:02:13.602+0000][7177.190s][info][gc,phases   ] GC(573)   Pre Evacuate Collection Set: 0.4ms
[2025-12-29T01:02:13.602+0000][7177.190s][info][gc,phases   ] GC(573)   Merge Heap Roots: 0.2ms
[2025-12-29T01:02:13.602+0000][7177.191s][info][gc,phases   ] GC(573)   Evacuate Collection Set: 1.4ms
[2025-12-29T01:02:13.602+0000][7177.191s][info][gc,phases   ] GC(573)   Post Evacuate Collection Set: 0.6ms
[2025-12-29T01:02:13.603+0000][7177.191s][info][gc,phases   ] GC(573)   Other: 1.0ms
[2025-12-29T01:02:13.603+0000][7177.191s][info][gc,heap     ] GC(573) Eden regions: 951->0(951)
[2025-12-29T01:02:13.603+0000][7177.191s][info][gc,heap     ] GC(573) Survivor regions: 1->1(119)
[2025-12-29T01:02:13.603+0000][7177.191s][info][gc,heap     ] GC(573) Old regions: 45->45
[2025-12-29T01:02:13.603+0000][7177.191s][info][gc,heap     ] GC(573) Archive regions: 2->2
[2025-12-29T01:02:13.603+0000][7177.191s][info][gc,heap     ] GC(573) Humongous regions: 39->39
[2025-12-29T01:02:13.603+0000][7177.191s][info][gc,metaspace] GC(573) Metaspace: 75572K(76416K)->75572K(76416K) NonClass: 65354K(65792K)->65354K(65792K) Class: 10217K(10624K)->10217K(10624K)
[2025-12-29T01:02:13.603+0000][7177.191s][info][gc          ] GC(573) Pause Young (Normal) (G1 Evacuation Pause) 1036M->85M(1588M) 4.338ms
[2025-12-29T01:02:13.603+0000][7177.191s][info][gc,cpu      ] GC(573) User=0.01s Sys=0.00s Real=0.01s
[2025-12-29T01:02:26.434+0000][7190.022s][info][gc,start    ] GC(574) Pause Young (Normal) (G1 Evacuation Pause)
[2025-12-29T01:02:26.435+0000][7190.023s][info][gc,task     ] GC(574) Using 8 workers of 8 for evacuation
[2025-12-29T01:02:26.439+0000][7190.027s][info][gc,phases   ] GC(574)   Pre Evacuate Collection Set: 0.4ms
[2025-12-29T01:02:26.439+0000][7190.027s][info][gc,phases   ] GC(574)   Merge Heap Roots: 0.3ms
[2025-12-29T01:02:26.439+0000][7190.027s][info][gc,phases   ] GC(574)   Evacuate Collection Set: 1.6ms
[2025-12-29T01:02:26.439+0000][7190.027s][info][gc,phases   ] GC(574)   Post Evacuate Collection Set: 1.2ms
[2025-12-29T01:02:26.439+0000][7190.027s][info][gc,phases   ] GC(574)   Other: 1.6ms
[2025-12-29T01:02:26.439+0000][7190.028s][info][gc,heap     ] GC(574) Eden regions: 951->0(951)
[2025-12-29T01:02:26.440+0000][7190.028s][info][gc,heap     ] GC(574) Survivor regions: 1->1(119)
[2025-12-29T01:02:26.440+0000][7190.028s][info][gc,heap     ] GC(574) Old regions: 45->45
[2025-12-29T01:02:26.440+0000][7190.028s][info][gc,heap     ] GC(574) Archive regions: 2->2
[2025-12-29T01:02:26.440+0000][7190.028s][info][gc,heap     ] GC(574) Humongous regions: 39->39
[2025-12-29T01:02:26.440+0000][7190.028s][info][gc,metaspace] GC(574) Metaspace: 75572K(76416K)->75572K(76416K) NonClass: 65354K(65792K)->65354K(65792K) Class: 10217K(10624K)->10217K(10624K)
[2025-12-29T01:02:26.440+0000][7190.028s][info][gc          ] GC(574) Pause Young (Normal) (G1 Evacuation Pause) 1036M->85M(1588M) 6.420ms
[2025-12-29T01:02:26.440+0000][7190.029s][info][gc,cpu      ] GC(574) User=0.02s Sys=0.00s Real=0.01s
[2025-12-29T01:02:40.941+0000][7204.529s][info][gc,start    ] GC(575) Pause Young (Normal) (G1 Evacuation Pause)
[2025-12-29T01:02:40.942+0000][7204.530s][info][gc,task     ] GC(575) Using 8 workers of 8 for evacuation
[2025-12-29T01:02:40.944+0000][7204.532s][info][gc,phases   ] GC(575)   Pre Evacuate Collection Set: 0.2ms
[2025-12-29T01:02:40.944+0000][7204.532s][info][gc,phases   ] GC(575)   Merge Heap Roots: 0.1ms
[2025-12-29T01:02:40.944+0000][7204.532s][info][gc,phases   ] GC(575)   Evacuate Collection Set: 1.1ms
[2025-12-29T01:02:40.944+0000][7204.532s][info][gc,phases   ] GC(575)   Post Evacuate Collection Set: 0.5ms
[2025-12-29T01:02:40.944+0000][7204.532s][info][gc,phases   ] GC(575)   Other: 1.0ms
[2025-12-29T01:02:40.944+0000][7204.532s][info][gc,heap     ] GC(575) Eden regions: 951->0(951)
[2025-12-29T01:02:40.944+0000][7204.532s][info][gc,heap     ] GC(575) Survivor regions: 1->1(119)
[2025-12-29T01:02:40.944+0000][7204.533s][info][gc,heap     ] GC(575) Old regions: 45->45
[2025-12-29T01:02:40.944+0000][7204.533s][info][gc,heap     ] GC(575) Archive regions: 2->2
[2025-12-29T01:02:40.944+0000][7204.533s][info][gc,heap     ] GC(575) Humongous regions: 39->39
[2025-12-29T01:02:40.944+0000][7204.533s][info][gc,metaspace] GC(575) Metaspace: 75572K(76416K)->75572K(76416K) NonClass: 65354K(65792K)->65354K(65792K) Class: 10217K(10624K)->10217K(10624K)
[2025-12-29T01:02:40.945+0000][7204.533s][info][gc          ] GC(575) Pause Young (Normal) (G1 Evacuation Pause) 1036M->85M(1588M) 3.654ms
[2025-12-29T01:02:40.945+0000][7204.533s][info][gc,cpu      ] GC(575) User=0.01s Sys=0.00s Real=0.00s
[2025-12-29T01:02:54.555+0000][7218.143s][info][gc,start    ] GC(576) Pause Young (Normal) (G1 Evacuation Pause)
[2025-12-29T01:02:54.556+0000][7218.144s][info][gc,task     ] GC(576) Using 8 workers of 8 for evacuation
[2025-12-29T01:02:54.561+0000][7218.149s][info][gc,phases   ] GC(576)   Pre Evacuate Collection Set: 0.4ms
[2025-12-29T01:02:54.561+0000][7218.149s][info][gc,phases   ] GC(576)   Merge Heap Roots: 0.3ms
[2025-12-29T01:02:54.561+0000][7218.149s][info][gc,phases   ] GC(576)   Evacuate Collection Set: 2.6ms
[2025-12-29T01:02:54.561+0000][7218.149s][info][gc,phases   ] GC(576)   Post Evacuate Collection Set: 1.2ms
[2025-12-29T01:02:54.561+0000][7218.149s][info][gc,phases   ] GC(576)   Other: 1.7ms
[2025-12-29T01:02:54.561+0000][7218.150s][info][gc,heap     ] GC(576) Eden regions: 951->0(951)
[2025-12-29T01:02:54.561+0000][7218.150s][info][gc,heap     ] GC(576) Survivor regions: 1->1(119)
[2025-12-29T01:02:54.562+0000][7218.150s][info][gc,heap     ] GC(576) Old regions: 45->45
[2025-12-29T01:02:54.562+0000][7218.150s][info][gc,heap     ] GC(576) Archive regions: 2->2
[2025-12-29T01:02:54.562+0000][7218.150s][info][gc,heap     ] GC(576) Humongous regions: 39->39
[2025-12-29T01:02:54.562+0000][7218.150s][info][gc,metaspace] GC(576) Metaspace: 75572K(76416K)->75572K(76416K) NonClass: 65354K(65792K)->65354K(65792K) Class: 10217K(10624K)->10217K(10624K)
[2025-12-29T01:02:54.562+0000][7218.150s][info][gc          ] GC(576) Pause Young (Normal) (G1 Evacuation Pause) 1036M->85M(1588M) 7.543ms
[2025-12-29T01:02:54.562+0000][7218.150s][info][gc,cpu      ] GC(576) User=0.03s Sys=0.00s Real=0.01s
[2025-12-29T01:03:07.477+0000][7231.065s][info][gc,start    ] GC(577) Pause Young (Normal) (G1 Evacuation Pause)
[2025-12-29T01:03:07.478+0000][7231.066s][info][gc,task     ] GC(577) Using 8 workers of 8 for evacuation
[2025-12-29T01:03:07.481+0000][7231.069s][info][gc,phases   ] GC(577)   Pre Evacuate Collection Set: 0.3ms
[2025-12-29T01:03:07.481+0000][7231.069s][info][gc,phases   ] GC(577)   Merge Heap Roots: 0.2ms
[2025-12-29T01:03:07.481+0000][7231.069s][info][gc,phases   ] GC(577)   Evacuate Collection Set: 1.4ms
[2025-12-29T01:03:07.481+0000][7231.069s][info][gc,phases   ] GC(577)   Post Evacuate Collection Set: 0.7ms
[2025-12-29T01:03:07.481+0000][7231.069s][info][gc,phases   ] GC(577)   Other: 1.4ms
[2025-12-29T01:03:07.481+0000][7231.070s][info][gc,heap     ] GC(577) Eden regions: 951->0(951)
[2025-12-29T01:03:07.482+0000][7231.070s][info][gc,heap     ] GC(577) Survivor regions: 1->1(119)
[2025-12-29T01:03:07.482+0000][7231.070s][info][gc,heap     ] GC(577) Old regions: 45->45
[2025-12-29T01:03:07.482+0000][7231.070s][info][gc,heap     ] GC(577) Archive regions: 2->2
[2025-12-29T01:03:07.482+0000][7231.070s][info][gc,heap     ] GC(577) Humongous regions: 39->39
[2025-12-29T01:03:07.482+0000][7231.070s][info][gc,metaspace] GC(577) Metaspace: 75572K(76416K)->75572K(76416K) NonClass: 65354K(65792K)->65354K(65792K) Class: 10217K(10624K)->10217K(10624K)
[2025-12-29T01:03:07.482+0000][7231.070s][info][gc          ] GC(577) Pause Young (Normal) (G1 Evacuation Pause) 1036M->85M(1588M) 5.461ms
[2025-12-29T01:03:07.482+0000][7231.071s][info][gc,cpu      ] GC(577) User=0.01s Sys=0.00s Real=0.01s
[2025-12-29T01:03:20.669+0000][7244.257s][info][gc,start    ] GC(578) Pause Young (Normal) (G1 Evacuation Pause)
[2025-12-29T01:03:20.670+0000][7244.258s][info][gc,task     ] GC(578) Using 8 workers of 8 for evacuation
[2025-12-29T01:03:20.675+0000][7244.263s][info][gc,phases   ] GC(578)   Pre Evacuate Collection Set: 0.5ms
[2025-12-29T01:03:20.675+0000][7244.263s][info][gc,phases   ] GC(578)   Merge Heap Roots: 0.2ms
[2025-12-29T01:03:20.675+0000][7244.263s][info][gc,phases   ] GC(578)   Evacuate Collection Set: 2.0ms
[2025-12-29T01:03:20.675+0000][7244.264s][info][gc,phases   ] GC(578)   Post Evacuate Collection Set: 1.3ms
[2025-12-29T01:03:20.676+0000][7244.264s][info][gc,phases   ] GC(578)   Other: 2.1ms
[2025-12-29T01:03:20.676+0000][7244.264s][info][gc,heap     ] GC(578) Eden regions: 951->0(951)
[2025-12-29T01:03:20.676+0000][7244.264s][info][gc,heap     ] GC(578) Survivor regions: 1->1(119)
[2025-12-29T01:03:20.676+0000][7244.264s][info][gc,heap     ] GC(578) Old regions: 45->45
[2025-12-29T01:03:20.676+0000][7244.264s][info][gc,heap     ] GC(578) Archive regions: 2->2
[2025-12-29T01:03:20.676+0000][7244.265s][info][gc,heap     ] GC(578) Humongous regions: 39->39
[2025-12-29T01:03:20.677+0000][7244.265s][info][gc,metaspace] GC(578) Metaspace: 75572K(76416K)->75572K(76416K) NonClass: 65354K(65792K)->65354K(65792K) Class: 10217K(10624K)->10217K(10624K)
[2025-12-29T01:03:20.677+0000][7244.265s][info][gc          ] GC(578) Pause Young (Normal) (G1 Evacuation Pause) 1036M->85M(1588M) 8.062ms
[2025-12-29T01:03:20.677+0000][7244.265s][info][gc,cpu      ] GC(578) User=0.02s Sys=0.00s Real=0.01s
[2025-12-29T01:03:33.470+0000][7257.058s][info][gc,start    ] GC(579) Pause Young (Normal) (G1 Evacuation Pause)
[2025-12-29T01:03:33.471+0000][7257.059s][info][gc,task     ] GC(579) Using 8 workers of 8 for evacuation
[2025-12-29T01:03:33.474+0000][7257.062s][info][gc,phases   ] GC(579)   Pre Evacuate Collection Set: 0.3ms
[2025-12-29T01:03:33.474+0000][7257.063s][info][gc,phases   ] GC(579)   Merge Heap Roots: 0.2ms
[2025-12-29T01:03:33.475+0000][7257.063s][info][gc,phases   ] GC(579)   Evacuate Collection Set: 1.5ms
[2025-12-29T01:03:33.475+0000][7257.063s][info][gc,phases   ] GC(579)   Post Evacuate Collection Set: 0.8ms
[2025-12-29T01:03:33.475+0000][7257.063s][info][gc,phases   ] GC(579)   Other: 1.3ms
[2025-12-29T01:03:33.475+0000][7257.063s][info][gc,heap     ] GC(579) Eden regions: 951->0(951)
[2025-12-29T01:03:33.475+0000][7257.063s][info][gc,heap     ] GC(579) Survivor regions: 1->1(119)
[2025-12-29T01:03:33.475+0000][7257.063s][info][gc,heap     ] GC(579) Old regions: 45->45
[2025-12-29T01:03:33.475+0000][7257.063s][info][gc,heap     ] GC(579) Archive regions: 2->2
[2025-12-29T01:03:33.475+0000][7257.063s][info][gc,heap     ] GC(579) Humongous regions: 39->39
[2025-12-29T01:03:33.475+0000][7257.063s][info][gc,metaspace] GC(579) Metaspace: 75572K(76416K)->75572K(76416K) NonClass: 65354K(65792K)->65354K(65792K) Class: 10217K(10624K)->10217K(10624K)
[2025-12-29T01:03:33.475+0000][7257.063s][info][gc          ] GC(579) Pause Young (Normal) (G1 Evacuation Pause) 1036M->85M(1588M) 4.870ms
[2025-12-29T01:03:33.475+0000][7257.063s][info][gc,cpu      ] GC(579) User=0.01s Sys=0.00s Real=0.00s
[2025-12-29T01:03:46.718+0000][7270.307s][info][gc,start    ] GC(580) Pause Young (Normal) (G1 Evacuation Pause)
[2025-12-29T01:03:46.720+0000][7270.308s][info][gc,task     ] GC(580) Using 8 workers of 8 for evacuation
[2025-12-29T01:03:46.723+0000][7270.312s][info][gc,phases   ] GC(580)   Pre Evacuate Collection Set: 0.4ms
[2025-12-29T01:03:46.724+0000][7270.312s][info][gc,phases   ] GC(580)   Merge Heap Roots: 0.2ms
[2025-12-29T01:03:46.724+0000][7270.312s][info][gc,phases   ] GC(580)   Evacuate Collection Set: 1.7ms
[2025-12-29T01:03:46.724+0000][7270.312s][info][gc,phases   ] GC(580)   Post Evacuate Collection Set: 1.1ms
[2025-12-29T01:03:46.724+0000][7270.313s][info][gc,phases   ] GC(580)   Other: 1.8ms
[2025-12-29T01:03:46.725+0000][7270.313s][info][gc,heap     ] GC(580) Eden regions: 951->0(951)
[2025-12-29T01:03:46.725+0000][7270.313s][info][gc,heap     ] GC(580) Survivor regions: 1->1(119)
[2025-12-29T01:03:46.725+0000][7270.313s][info][gc,heap     ] GC(580) Old regions: 45->46
[2025-12-29T01:03:46.725+0000][7270.313s][info][gc,heap     ] GC(580) Archive regions: 2->2
[2025-12-29T01:03:46.725+0000][7270.313s][info][gc,heap     ] GC(580) Humongous regions: 39->39
[2025-12-29T01:03:46.725+0000][7270.313s][info][gc,metaspace] GC(580) Metaspace: 75572K(76416K)->75572K(76416K) NonClass: 65354K(65792K)->65354K(65792K) Class: 10217K(10624K)->10217K(10624K)
[2025-12-29T01:03:46.725+0000][7270.314s][info][gc          ] GC(580) Pause Young (Normal) (G1 Evacuation Pause) 1036M->85M(1588M) 6.849ms
[2025-12-29T01:03:46.726+0000][7270.314s][info][gc,cpu      ] GC(580) User=0.01s Sys=0.00s Real=0.01s
[2025-12-29T01:03:59.775+0000][7283.363s][info][gc,start    ] GC(581) Pause Young (Normal) (G1 Evacuation Pause)
[2025-12-29T01:03:59.776+0000][7283.364s][info][gc,task     ] GC(581) Using 8 workers of 8 for evacuation
[2025-12-29T01:03:59.779+0000][7283.367s][info][gc,phases   ] GC(581)   Pre Evacuate Collection Set: 0.4ms
[2025-12-29T01:03:59.779+0000][7283.368s][info][gc,phases   ] GC(581)   Merge Heap Roots: 0.3ms
[2025-12-29T01:03:59.779+0000][7283.368s][info][gc,phases   ] GC(581)   Evacuate Collection Set: 2.0ms
[2025-12-29T01:03:59.779+0000][7283.368s][info][gc,phases   ] GC(581)   Post Evacuate Collection Set: 0.8ms
[2025-12-29T01:03:59.779+0000][7283.368s][info][gc,phases   ] GC(581)   Other: 0.7ms
[2025-12-29T01:03:59.780+0000][7283.368s][info][gc,heap     ] GC(581) Eden regions: 951->0(951)
[2025-12-29T01:03:59.780+0000][7283.368s][info][gc,heap     ] GC(581) Survivor regions: 1->1(119)
[2025-12-29T01:03:59.780+0000][7283.368s][info][gc,heap     ] GC(581) Old regions: 46->46
[2025-12-29T01:03:59.780+0000][7283.368s][info][gc,heap     ] GC(581) Archive regions: 2->2
[2025-12-29T01:03:59.780+0000][7283.368s][info][gc,heap     ] GC(581) Humongous regions: 39->39
[2025-12-29T01:03:59.780+0000][7283.368s][info][gc,metaspace] GC(581) Metaspace: 75572K(76416K)->75572K(76416K) NonClass: 65354K(65792K)->65354K(65792K) Class: 10217K(10624K)->10217K(10624K)
[2025-12-29T01:03:59.780+0000][7283.368s][info][gc          ] GC(581) Pause Young (Normal) (G1 Evacuation Pause) 1036M->85M(1588M) 4.626ms
[2025-12-29T01:03:59.780+0000][7283.368s][info][gc,cpu      ] GC(581) User=0.02s Sys=0.00s Real=0.00s
[2025-12-29T01:04:13.043+0000][7296.632s][info][gc,start    ] GC(582) Pause Young (Normal) (G1 Evacuation Pause)
[2025-12-29T01:04:13.044+0000][7296.632s][info][gc,task     ] GC(582) Using 8 workers of 8 for evacuation
[2025-12-29T01:04:13.047+0000][7296.636s][info][gc,phases   ] GC(582)   Pre Evacuate Collection Set: 0.3ms
[2025-12-29T01:04:13.048+0000][7296.636s][info][gc,phases   ] GC(582)   Merge Heap Roots: 0.2ms
[2025-12-29T01:04:13.048+0000][7296.636s][info][gc,phases   ] GC(582)   Evacuate Collection Set: 1.7ms
[2025-12-29T01:04:13.048+0000][7296.636s][info][gc,phases   ] GC(582)   Post Evacuate Collection Set: 0.9ms
[2025-12-29T01:04:13.048+0000][7296.636s][info][gc,phases   ] GC(582)   Other: 1.0ms
[2025-12-29T01:04:13.048+0000][7296.637s][info][gc,heap     ] GC(582) Eden regions: 951->0(951)
[2025-12-29T01:04:13.049+0000][7296.637s][info][gc,heap     ] GC(582) Survivor regions: 1->1(119)
[2025-12-29T01:04:13.049+0000][7296.637s][info][gc,heap     ] GC(582) Old regions: 46->46
[2025-12-29T01:04:13.049+0000][7296.637s][info][gc,heap     ] GC(582) Archive regions: 2->2
[2025-12-29T01:04:13.049+0000][7296.637s][info][gc,heap     ] GC(582) Humongous regions: 39->39
[2025-12-29T01:04:13.049+0000][7296.637s][info][gc,metaspace] GC(582) Metaspace: 75572K(76416K)->75572K(76416K) NonClass: 65354K(65792K)->65354K(65792K) Class: 10217K(10624K)->10217K(10624K)
[2025-12-29T01:04:13.049+0000][7296.637s][info][gc          ] GC(582) Pause Young (Normal) (G1 Evacuation Pause) 1036M->85M(1588M) 5.813ms
[2025-12-29T01:04:13.050+0000][7296.638s][info][gc,cpu      ] GC(582) User=0.01s Sys=0.00s Real=0.00s
[2025-12-29T01:04:25.973+0000][7309.561s][info][gc,start    ] GC(583) Pause Young (Normal) (G1 Evacuation Pause)
[2025-12-29T01:04:25.973+0000][7309.561s][info][gc,task     ] GC(583) Using 8 workers of 8 for evacuation
[2025-12-29T01:04:25.976+0000][7309.564s][info][gc,phases   ] GC(583)   Pre Evacuate Collection Set: 0.4ms
[2025-12-29T01:04:25.976+0000][7309.564s][info][gc,phases   ] GC(583)   Merge Heap Roots: 0.2ms
[2025-12-29T01:04:25.976+0000][7309.564s][info][gc,phases   ] GC(583)   Evacuate Collection Set: 1.2ms
[2025-12-29T01:04:25.976+0000][7309.564s][info][gc,phases   ] GC(583)   Post Evacuate Collection Set: 0.6ms
[2025-12-29T01:04:25.976+0000][7309.564s][info][gc,phases   ] GC(583)   Other: 0.8ms
[2025-12-29T01:04:25.976+0000][7309.565s][info][gc,heap     ] GC(583) Eden regions: 951->0(951)
[2025-12-29T01:04:25.976+0000][7309.565s][info][gc,heap     ] GC(583) Survivor regions: 1->1(119)
[2025-12-29T01:04:25.977+0000][7309.565s][info][gc,heap     ] GC(583) Old regions: 46->46
[2025-12-29T01:04:25.977+0000][7309.565s][info][gc,heap     ] GC(583) Archive regions: 2->2
[2025-12-29T01:04:25.977+0000][7309.565s][info][gc,heap     ] GC(583) Humongous regions: 39->39
[2025-12-29T01:04:25.977+0000][7309.565s][info][gc,metaspace] GC(583) Metaspace: 75572K(76416K)->75572K(76416K) NonClass: 65354K(65792K)->65354K(65792K) Class: 10217K(10624K)->10217K(10624K)
[2025-12-29T01:04:25.977+0000][7309.565s][info][gc          ] GC(583) Pause Young (Normal) (G1 Evacuation Pause) 1036M->85M(1588M) 4.136ms
[2025-12-29T01:04:25.977+0000][7309.565s][info][gc,cpu      ] GC(583) User=0.02s Sys=0.00s Real=0.00s
[2025-12-29T01:04:40.934+0000][7324.522s][info][gc,start    ] GC(584) Pause Young (Normal) (G1 Evacuation Pause)
[2025-12-29T01:04:40.934+0000][7324.523s][info][gc,task     ] GC(584) Using 8 workers of 8 for evacuation
[2025-12-29T01:04:40.937+0000][7324.525s][info][gc,phases   ] GC(584)   Pre Evacuate Collection Set: 0.2ms
[2025-12-29T01:04:40.937+0000][7324.525s][info][gc,phases   ] GC(584)   Merge Heap Roots: 0.2ms
[2025-12-29T01:04:40.937+0000][7324.525s][info][gc,phases   ] GC(584)   Evacuate Collection Set: 1.0ms
[2025-12-29T01:04:40.937+0000][7324.525s][info][gc,phases   ] GC(584)   Post Evacuate Collection Set: 0.5ms
[2025-12-29T01:04:40.937+0000][7324.525s][info][gc,phases   ] GC(584)   Other: 1.2ms
[2025-12-29T01:04:40.937+0000][7324.525s][info][gc,heap     ] GC(584) Eden regions: 951->0(951)
[2025-12-29T01:04:40.937+0000][7324.525s][info][gc,heap     ] GC(584) Survivor regions: 1->1(119)
[2025-12-29T01:04:40.937+0000][7324.526s][info][gc,heap     ] GC(584) Old regions: 46->46
[2025-12-29T01:04:40.937+0000][7324.526s][info][gc,heap     ] GC(584) Archive regions: 2->2
[2025-12-29T01:04:40.937+0000][7324.526s][info][gc,heap     ] GC(584) Humongous regions: 39->39
[2025-12-29T01:04:40.938+0000][7324.526s][info][gc,metaspace] GC(584) Metaspace: 75572K(76416K)->75572K(76416K) NonClass: 65354K(65792K)->65354K(65792K) Class: 10217K(10624K)->10217K(10624K)
[2025-12-29T01:04:40.938+0000][7324.526s][info][gc          ] GC(584) Pause Young (Normal) (G1 Evacuation Pause) 1036M->85M(1588M) 4.130ms
[2025-12-29T01:04:40.938+0000][7324.526s][info][gc,cpu      ] GC(584) User=0.00s Sys=0.01s Real=0.00s
[2025-12-29T01:04:54.146+0000][7337.734s][info][gc,start    ] GC(585) Pause Young (Normal) (G1 Evacuation Pause)
[2025-12-29T01:04:54.147+0000][7337.736s][info][gc,task     ] GC(585) Using 8 workers of 8 for evacuation
[2025-12-29T01:04:54.153+0000][7337.741s][info][gc,phases   ] GC(585)   Pre Evacuate Collection Set: 0.4ms
[2025-12-29T01:04:54.154+0000][7337.742s][info][gc,phases   ] GC(585)   Merge Heap Roots: 0.2ms
[2025-12-29T01:04:54.154+0000][7337.742s][info][gc,phases   ] GC(585)   Evacuate Collection Set: 2.8ms
[2025-12-29T01:04:54.154+0000][7337.742s][info][gc,phases   ] GC(585)   Post Evacuate Collection Set: 1.8ms
[2025-12-29T01:04:54.154+0000][7337.743s][info][gc,phases   ] GC(585)   Other: 1.9ms
[2025-12-29T01:04:54.155+0000][7337.743s][info][gc,heap     ] GC(585) Eden regions: 951->0(951)
[2025-12-29T01:04:54.155+0000][7337.743s][info][gc,heap     ] GC(585) Survivor regions: 1->1(119)
[2025-12-29T01:04:54.155+0000][7337.743s][info][gc,heap     ] GC(585) Old regions: 46->46
[2025-12-29T01:04:54.155+0000][7337.743s][info][gc,heap     ] GC(585) Archive regions: 2->2
[2025-12-29T01:04:54.155+0000][7337.744s][info][gc,heap     ] GC(585) Humongous regions: 39->39
[2025-12-29T01:04:54.156+0000][7337.744s][info][gc,metaspace] GC(585) Metaspace: 75572K(76416K)->75572K(76416K) NonClass: 65354K(65792K)->65354K(65792K) Class: 10217K(10624K)->10217K(10624K)
[2025-12-29T01:04:54.156+0000][7337.744s][info][gc          ] GC(585) Pause Young (Normal) (G1 Evacuation Pause) 1036M->85M(1588M) 9.480ms
[2025-12-29T01:04:54.156+0000][7337.744s][info][gc,cpu      ] GC(585) User=0.01s Sys=0.00s Real=0.01s
[2025-12-29T01:05:07.285+0000][7350.873s][info][gc,start    ] GC(586) Pause Young (Normal) (G1 Evacuation Pause)
[2025-12-29T01:05:07.286+0000][7350.874s][info][gc,task     ] GC(586) Using 8 workers of 8 for evacuation
[2025-12-29T01:05:07.290+0000][7350.878s][info][gc,phases   ] GC(586)   Pre Evacuate Collection Set: 0.4ms
[2025-12-29T01:05:07.290+0000][7350.878s][info][gc,phases   ] GC(586)   Merge Heap Roots: 0.2ms
[2025-12-29T01:05:07.290+0000][7350.878s][info][gc,phases   ] GC(586)   Evacuate Collection Set: 2.3ms
[2025-12-29T01:05:07.290+0000][7350.879s][info][gc,phases   ] GC(586)   Post Evacuate Collection Set: 1.0ms
[2025-12-29T01:05:07.290+0000][7350.879s][info][gc,phases   ] GC(586)   Other: 1.3ms
[2025-12-29T01:05:07.291+0000][7350.879s][info][gc,heap     ] GC(586) Eden regions: 951->0(951)
[2025-12-29T01:05:07.291+0000][7350.879s][info][gc,heap     ] GC(586) Survivor regions: 1->1(119)
[2025-12-29T01:05:07.291+0000][7350.879s][info][gc,heap     ] GC(586) Old regions: 46->46
[2025-12-29T01:05:07.291+0000][7350.879s][info][gc,heap     ] GC(586) Archive regions: 2->2
[2025-12-29T01:05:07.291+0000][7350.879s][info][gc,heap     ] GC(586) Humongous regions: 39->39
[2025-12-29T01:05:07.291+0000][7350.879s][info][gc,metaspace] GC(586) Metaspace: 75572K(76416K)->75572K(76416K) NonClass: 65354K(65792K)->65354K(65792K) Class: 10217K(10624K)->10217K(10624K)
[2025-12-29T01:05:07.291+0000][7350.879s][info][gc          ] GC(586) Pause Young (Normal) (G1 Evacuation Pause) 1036M->85M(1588M) 6.241ms
[2025-12-29T01:05:07.291+0000][7350.879s][info][gc,cpu      ] GC(586) User=0.02s Sys=0.00s Real=0.01s
[2025-12-29T01:05:20.330+0000][7363.918s][info][gc,start    ] GC(587) Pause Young (Normal) (G1 Evacuation Pause)
[2025-12-29T01:05:20.331+0000][7363.919s][info][gc,task     ] GC(587) Using 8 workers of 8 for evacuation
[2025-12-29T01:05:20.335+0000][7363.923s][info][gc,phases   ] GC(587)   Pre Evacuate Collection Set: 0.5ms
[2025-12-29T01:05:20.335+0000][7363.923s][info][gc,phases   ] GC(587)   Merge Heap Roots: 0.4ms
[2025-12-29T01:05:20.335+0000][7363.923s][info][gc,phases   ] GC(587)   Evacuate Collection Set: 1.8ms
[2025-12-29T01:05:20.335+0000][7363.923s][info][gc,phases   ] GC(587)   Post Evacuate Collection Set: 0.8ms
[2025-12-29T01:05:20.335+0000][7363.924s][info][gc,phases   ] GC(587)   Other: 1.6ms
[2025-12-29T01:05:20.335+0000][7363.924s][info][gc,heap     ] GC(587) Eden regions: 951->0(951)
[2025-12-29T01:05:20.336+0000][7363.924s][info][gc,heap     ] GC(587) Survivor regions: 1->1(119)
[2025-12-29T01:05:20.336+0000][7363.924s][info][gc,heap     ] GC(587) Old regions: 46->46
[2025-12-29T01:05:20.336+0000][7363.924s][info][gc,heap     ] GC(587) Archive regions: 2->2
[2025-12-29T01:05:20.336+0000][7363.924s][info][gc,heap     ] GC(587) Humongous regions: 39->39
[2025-12-29T01:05:20.336+0000][7363.924s][info][gc,metaspace] GC(587) Metaspace: 75572K(76416K)->75572K(76416K) NonClass: 65354K(65792K)->65354K(65792K) Class: 10217K(10624K)->10217K(10624K)
[2025-12-29T01:05:20.336+0000][7363.925s][info][gc          ] GC(587) Pause Young (Normal) (G1 Evacuation Pause) 1036M->85M(1588M) 6.629ms
[2025-12-29T01:05:20.336+0000][7363.925s][info][gc,cpu      ] GC(587) User=0.02s Sys=0.00s Real=0.01s
[2025-12-29T01:05:33.130+0000][7376.718s][info][gc,start    ] GC(588) Pause Young (Normal) (G1 Evacuation Pause)
[2025-12-29T01:05:33.130+0000][7376.719s][info][gc,task     ] GC(588) Using 8 workers of 8 for evacuation
[2025-12-29T01:05:33.134+0000][7376.722s][info][gc,phases   ] GC(588)   Pre Evacuate Collection Set: 0.4ms
[2025-12-29T01:05:33.134+0000][7376.723s][info][gc,phases   ] GC(588)   Merge Heap Roots: 0.3ms
[2025-12-29T01:05:33.134+0000][7376.723s][info][gc,phases   ] GC(588)   Evacuate Collection Set: 1.5ms
[2025-12-29T01:05:33.135+0000][7376.723s][info][gc,phases   ] GC(588)   Post Evacuate Collection Set: 1.1ms
[2025-12-29T01:05:33.135+0000][7376.723s][info][gc,phases   ] GC(588)   Other: 1.2ms
[2025-12-29T01:05:33.135+0000][7376.723s][info][gc,heap     ] GC(588) Eden regions: 951->0(951)
[2025-12-29T01:05:33.135+0000][7376.723s][info][gc,heap     ] GC(588) Survivor regions: 1->1(119)
[2025-12-29T01:05:33.135+0000][7376.723s][info][gc,heap     ] GC(588) Old regions: 46->46
[2025-12-29T01:05:33.135+0000][7376.723s][info][gc,heap     ] GC(588) Archive regions: 2->2
[2025-12-29T01:05:33.135+0000][7376.724s][info][gc,heap     ] GC(588) Humongous regions: 39->39
[2025-12-29T01:05:33.136+0000][7376.724s][info][gc,metaspace] GC(588) Metaspace: 75572K(76416K)->75572K(76416K) NonClass: 65354K(65792K)->65354K(65792K) Class: 10217K(10624K)->10217K(10624K)
[2025-12-29T01:05:33.136+0000][7376.724s][info][gc          ] GC(588) Pause Young (Normal) (G1 Evacuation Pause) 1036M->85M(1588M) 5.895ms
[2025-12-29T01:05:33.136+0000][7376.724s][info][gc,cpu      ] GC(588) User=0.02s Sys=0.00s Real=0.01s
[2025-12-29T01:05:46.207+0000][7389.795s][info][gc,start    ] GC(589) Pause Young (Normal) (G1 Evacuation Pause)
[2025-12-29T01:05:46.208+0000][7389.796s][info][gc,task     ] GC(589) Using 8 workers of 8 for evacuation
[2025-12-29T01:05:46.213+0000][7389.801s][info][gc,phases   ] GC(589)   Pre Evacuate Collection Set: 0.3ms
[2025-12-29T01:05:46.213+0000][7389.801s][info][gc,phases   ] GC(589)   Merge Heap Roots: 0.4ms
[2025-12-29T01:05:46.213+0000][7389.801s][info][gc,phases   ] GC(589)   Evacuate Collection Set: 2.6ms
[2025-12-29T01:05:46.213+0000][7389.802s][info][gc,phases   ] GC(589)   Post Evacuate Collection Set: 1.1ms
[2025-12-29T01:05:46.213+0000][7389.802s][info][gc,phases   ] GC(589)   Other: 1.6ms
[2025-12-29T01:05:46.214+0000][7389.802s][info][gc,heap     ] GC(589) Eden regions: 951->0(951)
[2025-12-29T01:05:46.214+0000][7389.802s][info][gc,heap     ] GC(589) Survivor regions: 1->1(119)
[2025-12-29T01:05:46.214+0000][7389.802s][info][gc,heap     ] GC(589) Old regions: 46->46
[2025-12-29T01:05:46.214+0000][7389.802s][info][gc,heap     ] GC(589) Archive regions: 2->2
[2025-12-29T01:05:46.214+0000][7389.802s][info][gc,heap     ] GC(589) Humongous regions: 39->39
[2025-12-29T01:05:46.214+0000][7389.803s][info][gc,metaspace] GC(589) Metaspace: 75572K(76416K)->75572K(76416K) NonClass: 65354K(65792K)->65354K(65792K) Class: 10217K(10624K)->10217K(10624K)
[2025-12-29T01:05:46.214+0000][7389.803s][info][gc          ] GC(589) Pause Young (Normal) (G1 Evacuation Pause) 1036M->85M(1588M) 7.484ms
[2025-12-29T01:05:46.215+0000][7389.803s][info][gc,cpu      ] GC(589) User=0.03s Sys=0.00s Real=0.01s
[2025-12-29T01:05:59.269+0000][7402.857s][info][gc,start    ] GC(590) Pause Young (Normal) (G1 Evacuation Pause)
[2025-12-29T01:05:59.269+0000][7402.857s][info][gc,task     ] GC(590) Using 8 workers of 8 for evacuation
[2025-12-29T01:05:59.272+0000][7402.860s][info][gc,phases   ] GC(590)   Pre Evacuate Collection Set: 0.3ms
[2025-12-29T01:05:59.272+0000][7402.860s][info][gc,phases   ] GC(590)   Merge Heap Roots: 0.2ms
[2025-12-29T01:05:59.272+0000][7402.861s][info][gc,phases   ] GC(590)   Evacuate Collection Set: 1.0ms
[2025-12-29T01:05:59.272+0000][7402.861s][info][gc,phases   ] GC(590)   Post Evacuate Collection Set: 0.8ms
[2025-12-29T01:05:59.273+0000][7402.861s][info][gc,phases   ] GC(590)   Other: 0.8ms
[2025-12-29T01:05:59.273+0000][7402.861s][info][gc,heap     ] GC(590) Eden regions: 951->0(951)
[2025-12-29T01:05:59.273+0000][7402.861s][info][gc,heap     ] GC(590) Survivor regions: 1->1(119)
[2025-12-29T01:05:59.273+0000][7402.862s][info][gc,heap     ] GC(590) Old regions: 46->46
[2025-12-29T01:05:59.274+0000][7402.862s][info][gc,heap     ] GC(590) Archive regions: 2->2
[2025-12-29T01:05:59.274+0000][7402.862s][info][gc,heap     ] GC(590) Humongous regions: 39->39
[2025-12-29T01:05:59.274+0000][7402.863s][info][gc,metaspace] GC(590) Metaspace: 75572K(76416K)->75572K(76416K) NonClass: 65354K(65792K)->65354K(65792K) Class: 10217K(10624K)->10217K(10624K)
[2025-12-29T01:05:59.275+0000][7402.863s][info][gc          ] GC(590) Pause Young (Normal) (G1 Evacuation Pause) 1036M->85M(1588M) 5.873ms
[2025-12-29T01:05:59.275+0000][7402.863s][info][gc,cpu      ] GC(590) User=0.01s Sys=0.01s Real=0.01s
[2025-12-29T01:06:12.281+0000][7415.869s][info][gc,start    ] GC(591) Pause Young (Normal) (G1 Evacuation Pause)
[2025-12-29T01:06:12.282+0000][7415.870s][info][gc,task     ] GC(591) Using 8 workers of 8 for evacuation
[2025-12-29T01:06:12.285+0000][7415.874s][info][gc,phases   ] GC(591)   Pre Evacuate Collection Set: 0.4ms
[2025-12-29T01:06:12.286+0000][7415.874s][info][gc,phases   ] GC(591)   Merge Heap Roots: 0.2ms
[2025-12-29T01:06:12.286+0000][7415.874s][info][gc,phases   ] GC(591)   Evacuate Collection Set: 1.8ms
[2025-12-29T01:06:12.286+0000][7415.874s][info][gc,phases   ] GC(591)   Post Evacuate Collection Set: 0.9ms
[2025-12-29T01:06:12.286+0000][7415.874s][info][gc,phases   ] GC(591)   Other: 1.3ms
[2025-12-29T01:06:12.286+0000][7415.874s][info][gc,heap     ] GC(591) Eden regions: 951->0(951)
[2025-12-29T01:06:12.286+0000][7415.875s][info][gc,heap     ] GC(591) Survivor regions: 1->1(119)
[2025-12-29T01:06:12.286+0000][7415.875s][info][gc,heap     ] GC(591) Old regions: 46->46
[2025-12-29T01:06:12.287+0000][7415.875s][info][gc,heap     ] GC(591) Archive regions: 2->2
[2025-12-29T01:06:12.287+0000][7415.875s][info][gc,heap     ] GC(591) Humongous regions: 39->39
[2025-12-29T01:06:12.287+0000][7415.875s][info][gc,metaspace] GC(591) Metaspace: 75572K(76416K)->75572K(76416K) NonClass: 65354K(65792K)->65354K(65792K) Class: 10217K(10624K)->10217K(10624K)
[2025-12-29T01:06:12.287+0000][7415.875s][info][gc          ] GC(591) Pause Young (Normal) (G1 Evacuation Pause) 1036M->85M(1588M) 6.030ms
[2025-12-29T01:06:12.287+0000][7415.875s][info][gc,cpu      ] GC(591) User=0.02s Sys=0.00s Real=0.00s
[2025-12-29T01:06:25.965+0000][7429.553s][info][gc,start    ] GC(592) Pause Young (Normal) (G1 Evacuation Pause)
[2025-12-29T01:06:25.966+0000][7429.554s][info][gc,task     ] GC(592) Using 8 workers of 8 for evacuation
[2025-12-29T01:06:25.969+0000][7429.557s][info][gc,phases   ] GC(592)   Pre Evacuate Collection Set: 0.3ms
[2025-12-29T01:06:25.969+0000][7429.558s][info][gc,phases   ] GC(592)   Merge Heap Roots: 0.2ms
[2025-12-29T01:06:25.970+0000][7429.559s][info][gc,phases   ] GC(592)   Evacuate Collection Set: 1.2ms
[2025-12-29T01:06:25.971+0000][7429.559s][info][gc,phases   ] GC(592)   Post Evacuate Collection Set: 0.6ms
[2025-12-29T01:06:25.971+0000][7429.559s][info][gc,phases   ] GC(592)   Other: 2.0ms
[2025-12-29T01:06:25.971+0000][7429.559s][info][gc,heap     ] GC(592) Eden regions: 951->0(951)
[2025-12-29T01:06:25.971+0000][7429.559s][info][gc,heap     ] GC(592) Survivor regions: 1->1(119)
[2025-12-29T01:06:25.971+0000][7429.559s][info][gc,heap     ] GC(592) Old regions: 46->46
[2025-12-29T01:06:25.971+0000][7429.560s][info][gc,heap     ] GC(592) Archive regions: 2->2
[2025-12-29T01:06:25.971+0000][7429.560s][info][gc,heap     ] GC(592) Humongous regions: 39->39
[2025-12-29T01:06:25.972+0000][7429.560s][info][gc,metaspace] GC(592) Metaspace: 75572K(76416K)->75572K(76416K) NonClass: 65354K(65792K)->65354K(65792K) Class: 10217K(10624K)->10217K(10624K)
[2025-12-29T01:06:25.972+0000][7429.560s][info][gc          ] GC(592) Pause Young (Normal) (G1 Evacuation Pause) 1036M->85M(1588M) 7.152ms
[2025-12-29T01:06:25.972+0000][7429.560s][info][gc,cpu      ] GC(592) User=0.01s Sys=0.00s Real=0.01s
[2025-12-29T01:06:40.374+0000][7443.962s][info][gc,start    ] GC(593) Pause Young (Normal) (G1 Evacuation Pause)
[2025-12-29T01:06:40.375+0000][7443.963s][info][gc,task     ] GC(593) Using 8 workers of 8 for evacuation
[2025-12-29T01:06:40.378+0000][7443.966s][info][gc,phases   ] GC(593)   Pre Evacuate Collection Set: 0.5ms
[2025-12-29T01:06:40.378+0000][7443.967s][info][gc,phases   ] GC(593)   Merge Heap Roots: 0.2ms
[2025-12-29T01:06:40.378+0000][7443.967s][info][gc,phases   ] GC(593)   Evacuate Collection Set: 1.7ms
[2025-12-29T01:06:40.379+0000][7443.967s][info][gc,phases   ] GC(593)   Post Evacuate Collection Set: 0.8ms
[2025-12-29T01:06:40.379+0000][7443.967s][info][gc,phases   ] GC(593)   Other: 1.6ms
[2025-12-29T01:06:40.379+0000][7443.967s][info][gc,heap     ] GC(593) Eden regions: 951->0(951)
[2025-12-29T01:06:40.379+0000][7443.967s][info][gc,heap     ] GC(593) Survivor regions: 1->1(119)
[2025-12-29T01:06:40.379+0000][7443.967s][info][gc,heap     ] GC(593) Old regions: 46->46
[2025-12-29T01:06:40.379+0000][7443.967s][info][gc,heap     ] GC(593) Archive regions: 2->2
[2025-12-29T01:06:40.379+0000][7443.968s][info][gc,heap     ] GC(593) Humongous regions: 39->39
[2025-12-29T01:06:40.380+0000][7443.968s][info][gc,metaspace] GC(593) Metaspace: 75572K(76416K)->75572K(76416K) NonClass: 65354K(65792K)->65354K(65792K) Class: 10217K(10624K)->10217K(10624K)
[2025-12-29T01:06:40.380+0000][7443.968s][info][gc          ] GC(593) Pause Young (Normal) (G1 Evacuation Pause) 1036M->85M(1588M) 6.088ms
[2025-12-29T01:06:40.380+0000][7443.968s][info][gc,cpu      ] GC(593) User=0.01s Sys=0.01s Real=0.00s
[2025-12-29T01:06:53.513+0000][7457.101s][info][gc,start    ] GC(594) Pause Young (Normal) (G1 Evacuation Pause)
[2025-12-29T01:06:53.514+0000][7457.102s][info][gc,task     ] GC(594) Using 8 workers of 8 for evacuation
[2025-12-29T01:06:53.518+0000][7457.106s][info][gc,phases   ] GC(594)   Pre Evacuate Collection Set: 0.3ms
[2025-12-29T01:06:53.518+0000][7457.107s][info][gc,phases   ] GC(594)   Merge Heap Roots: 0.2ms
[2025-12-29T01:06:53.519+0000][7457.107s][info][gc,phases   ] GC(594)   Evacuate Collection Set: 2.3ms
[2025-12-29T01:06:53.519+0000][7457.107s][info][gc,phases   ] GC(594)   Post Evacuate Collection Set: 1.1ms
[2025-12-29T01:06:53.519+0000][7457.107s][info][gc,phases   ] GC(594)   Other: 1.4ms
[2025-12-29T01:06:53.519+0000][7457.107s][info][gc,heap     ] GC(594) Eden regions: 951->0(951)
[2025-12-29T01:06:53.519+0000][7457.107s][info][gc,heap     ] GC(594) Survivor regions: 1->1(119)
[2025-12-29T01:06:53.519+0000][7457.107s][info][gc,heap     ] GC(594) Old regions: 46->46
[2025-12-29T01:06:53.519+0000][7457.108s][info][gc,heap     ] GC(594) Archive regions: 2->2
[2025-12-29T01:06:53.520+0000][7457.108s][info][gc,heap     ] GC(594) Humongous regions: 39->39
[2025-12-29T01:06:53.520+0000][7457.108s][info][gc,metaspace] GC(594) Metaspace: 75572K(76416K)->75572K(76416K) NonClass: 65354K(65792K)->65354K(65792K) Class: 10217K(10624K)->10217K(10624K)
[2025-12-29T01:06:53.520+0000][7457.108s][info][gc          ] GC(594) Pause Young (Normal) (G1 Evacuation Pause) 1036M->85M(1588M) 6.807ms
[2025-12-29T01:06:53.520+0000][7457.108s][info][gc,cpu      ] GC(594) User=0.02s Sys=0.00s Real=0.00s
[2025-12-29T01:07:06.607+0000][7470.195s][info][gc,start    ] GC(595) Pause Young (Normal) (G1 Evacuation Pause)
[2025-12-29T01:07:06.608+0000][7470.196s][info][gc,task     ] GC(595) Using 8 workers of 8 for evacuation
[2025-12-29T01:07:06.611+0000][7470.199s][info][gc,phases   ] GC(595)   Pre Evacuate Collection Set: 0.3ms
[2025-12-29T01:07:06.612+0000][7470.200s][info][gc,phases   ] GC(595)   Merge Heap Roots: 0.2ms
[2025-12-29T01:07:06.612+0000][7470.200s][info][gc,phases   ] GC(595)   Evacuate Collection Set: 1.5ms
[2025-12-29T01:07:06.612+0000][7470.200s][info][gc,phases   ] GC(595)   Post Evacuate Collection Set: 0.9ms
[2025-12-29T01:07:06.612+0000][7470.200s][info][gc,phases   ] GC(595)   Other: 1.6ms
[2025-12-29T01:07:06.612+0000][7470.201s][info][gc,heap     ] GC(595) Eden regions: 951->0(951)
[2025-12-29T01:07:06.613+0000][7470.201s][info][gc,heap     ] GC(595) Survivor regions: 1->1(119)
[2025-12-29T01:07:06.613+0000][7470.201s][info][gc,heap     ] GC(595) Old regions: 46->46
[2025-12-29T01:07:06.613+0000][7470.201s][info][gc,heap     ] GC(595) Archive regions: 2->2
[2025-12-29T01:07:06.613+0000][7470.201s][info][gc,heap     ] GC(595) Humongous regions: 39->39
[2025-12-29T01:07:06.613+0000][7470.201s][info][gc,metaspace] GC(595) Metaspace: 75572K(76416K)->75572K(76416K) NonClass: 65354K(65792K)->65354K(65792K) Class: 10217K(10624K)->10217K(10624K)
[2025-12-29T01:07:06.613+0000][7470.202s][info][gc          ] GC(595) Pause Young (Normal) (G1 Evacuation Pause) 1036M->85M(1588M) 6.602ms
[2025-12-29T01:07:06.614+0000][7470.202s][info][gc,cpu      ] GC(595) User=0.01s Sys=0.01s Real=0.01s
[2025-12-29T01:07:19.593+0000][7483.181s][info][gc,start    ] GC(596) Pause Young (Normal) (G1 Evacuation Pause)
[2025-12-29T01:07:19.594+0000][7483.182s][info][gc,task     ] GC(596) Using 8 workers of 8 for evacuation
[2025-12-29T01:07:19.596+0000][7483.184s][info][gc,phases   ] GC(596)   Pre Evacuate Collection Set: 0.3ms
[2025-12-29T01:07:19.596+0000][7483.185s][info][gc,phases   ] GC(596)   Merge Heap Roots: 0.2ms
[2025-12-29T01:07:19.597+0000][7483.185s][info][gc,phases   ] GC(596)   Evacuate Collection Set: 1.2ms
[2025-12-29T01:07:19.597+0000][7483.185s][info][gc,phases   ] GC(596)   Post Evacuate Collection Set: 0.6ms
[2025-12-29T01:07:19.597+0000][7483.185s][info][gc,phases   ] GC(596)   Other: 1.2ms
[2025-12-29T01:07:19.597+0000][7483.185s][info][gc,heap     ] GC(596) Eden regions: 951->0(951)
[2025-12-29T01:07:19.597+0000][7483.185s][info][gc,heap     ] GC(596) Survivor regions: 1->1(119)
[2025-12-29T01:07:19.597+0000][7483.185s][info][gc,heap     ] GC(596) Old regions: 46->46
[2025-12-29T01:07:19.597+0000][7483.186s][info][gc,heap     ] GC(596) Archive regions: 2->2
[2025-12-29T01:07:19.597+0000][7483.186s][info][gc,heap     ] GC(596) Humongous regions: 39->39
[2025-12-29T01:07:19.598+0000][7483.186s][info][gc,metaspace] GC(596) Metaspace: 75572K(76416K)->75572K(76416K) NonClass: 65354K(65792K)->65354K(65792K) Class: 10217K(10624K)->10217K(10624K)
[2025-12-29T01:07:19.598+0000][7483.186s][info][gc          ] GC(596) Pause Young (Normal) (G1 Evacuation Pause) 1036M->85M(1588M) 4.823ms
[2025-12-29T01:07:19.598+0000][7483.186s][info][gc,cpu      ] GC(596) User=0.01s Sys=0.00s Real=0.00s
[2025-12-29T01:07:32.501+0000][7496.089s][info][gc,start    ] GC(597) Pause Young (Normal) (G1 Evacuation Pause)
[2025-12-29T01:07:32.502+0000][7496.091s][info][gc,task     ] GC(597) Using 8 workers of 8 for evacuation
[2025-12-29T01:07:32.507+0000][7496.095s][info][gc,phases   ] GC(597)   Pre Evacuate Collection Set: 0.6ms
[2025-12-29T01:07:32.507+0000][7496.095s][info][gc,phases   ] GC(597)   Merge Heap Roots: 0.3ms
[2025-12-29T01:07:32.507+0000][7496.095s][info][gc,phases   ] GC(597)   Evacuate Collection Set: 1.6ms
[2025-12-29T01:07:32.507+0000][7496.095s][info][gc,phases   ] GC(597)   Post Evacuate Collection Set: 1.3ms
[2025-12-29T01:07:32.507+0000][7496.096s][info][gc,phases   ] GC(597)   Other: 2.2ms
[2025-12-29T01:07:32.507+0000][7496.096s][info][gc,heap     ] GC(597) Eden regions: 951->0(951)
[2025-12-29T01:07:32.508+0000][7496.096s][info][gc,heap     ] GC(597) Survivor regions: 1->1(119)
[2025-12-29T01:07:32.508+0000][7496.096s][info][gc,heap     ] GC(597) Old regions: 46->46
[2025-12-29T01:07:32.508+0000][7496.096s][info][gc,heap     ] GC(597) Archive regions: 2->2
[2025-12-29T01:07:32.508+0000][7496.096s][info][gc,heap     ] GC(597) Humongous regions: 39->39
[2025-12-29T01:07:32.508+0000][7496.096s][info][gc,metaspace] GC(597) Metaspace: 75572K(76416K)->75572K(76416K) NonClass: 65354K(65792K)->65354K(65792K) Class: 10217K(10624K)->10217K(10624K)
[2025-12-29T01:07:32.508+0000][7496.096s][info][gc          ] GC(597) Pause Young (Normal) (G1 Evacuation Pause) 1036M->85M(1588M) 7.150ms
[2025-12-29T01:07:32.508+0000][7496.097s][info][gc,cpu      ] GC(597) User=0.01s Sys=0.00s Real=0.00s
[2025-12-29T01:07:45.624+0000][7509.212s][info][gc,start    ] GC(598) Pause Young (Normal) (G1 Evacuation Pause)
[2025-12-29T01:07:45.625+0000][7509.213s][info][gc,task     ] GC(598) Using 8 workers of 8 for evacuation
[2025-12-29T01:07:45.628+0000][7509.216s][info][gc,phases   ] GC(598)   Pre Evacuate Collection Set: 0.4ms
[2025-12-29T01:07:45.628+0000][7509.216s][info][gc,phases   ] GC(598)   Merge Heap Roots: 0.2ms
[2025-12-29T01:07:45.628+0000][7509.216s][info][gc,phases   ] GC(598)   Evacuate Collection Set: 1.3ms
[2025-12-29T01:07:45.628+0000][7509.216s][info][gc,phases   ] GC(598)   Post Evacuate Collection Set: 0.6ms
[2025-12-29T01:07:45.628+0000][7509.217s][info][gc,phases   ] GC(598)   Other: 1.3ms
[2025-12-29T01:07:45.628+0000][7509.217s][info][gc,heap     ] GC(598) Eden regions: 951->0(951)
[2025-12-29T01:07:45.629+0000][7509.217s][info][gc,heap     ] GC(598) Survivor regions: 1->1(119)
[2025-12-29T01:07:45.629+0000][7509.217s][info][gc,heap     ] GC(598) Old regions: 46->46
[2025-12-29T01:07:45.629+0000][7509.217s][info][gc,heap     ] GC(598) Archive regions: 2->2
[2025-12-29T01:07:45.629+0000][7509.217s][info][gc,heap     ] GC(598) Humongous regions: 39->39
[2025-12-29T01:07:45.629+0000][7509.217s][info][gc,metaspace] GC(598) Metaspace: 75572K(76416K)->75572K(76416K) NonClass: 65354K(65792K)->65354K(65792K) Class: 10217K(10624K)->10217K(10624K)
[2025-12-29T01:07:45.629+0000][7509.217s][info][gc          ] GC(598) Pause Young (Normal) (G1 Evacuation Pause) 1036M->85M(1588M) 4.760ms
[2025-12-29T01:07:45.629+0000][7509.217s][info][gc,cpu      ] GC(598) User=0.01s Sys=0.00s Real=0.00s
[2025-12-29T01:07:58.554+0000][7522.142s][info][gc,start    ] GC(599) Pause Young (Normal) (G1 Evacuation Pause)
[2025-12-29T01:07:58.555+0000][7522.143s][info][gc,task     ] GC(599) Using 8 workers of 8 for evacuation
[2025-12-29T01:07:58.558+0000][7522.146s][info][gc,phases   ] GC(599)   Pre Evacuate Collection Set: 0.3ms
[2025-12-29T01:07:58.558+0000][7522.146s][info][gc,phases   ] GC(599)   Merge Heap Roots: 0.3ms
[2025-12-29T01:07:58.558+0000][7522.146s][info][gc,phases   ] GC(599)   Evacuate Collection Set: 1.5ms
[2025-12-29T01:07:58.558+0000][7522.147s][info][gc,phases   ] GC(599)   Post Evacuate Collection Set: 0.7ms
[2025-12-29T01:07:58.559+0000][7522.147s][info][gc,phases   ] GC(599)   Other: 1.4ms
[2025-12-29T01:07:58.559+0000][7522.147s][info][gc,heap     ] GC(599) Eden regions: 951->0(951)
[2025-12-29T01:07:58.559+0000][7522.147s][info][gc,heap     ] GC(599) Survivor regions: 1->1(119)
[2025-12-29T01:07:58.559+0000][7522.147s][info][gc,heap     ] GC(599) Old regions: 46->46
[2025-12-29T01:07:58.559+0000][7522.147s][info][gc,heap     ] GC(599) Archive regions: 2->2
[2025-12-29T01:07:58.559+0000][7522.147s][info][gc,heap     ] GC(599) Humongous regions: 39->39
[2025-12-29T01:07:58.559+0000][7522.147s][info][gc,metaspace] GC(599) Metaspace: 75572K(76416K)->75572K(76416K) NonClass: 65354K(65792K)->65354K(65792K) Class: 10217K(10624K)->10217K(10624K)
[2025-12-29T01:07:58.559+0000][7522.148s][info][gc          ] GC(599) Pause Young (Normal) (G1 Evacuation Pause) 1036M->85M(1588M) 5.521ms
[2025-12-29T01:07:58.560+0000][7522.148s][info][gc,cpu      ] GC(599) User=0.01s Sys=0.00s Real=0.00s
[2025-12-29T01:08:11.545+0000][7535.133s][info][gc,start    ] GC(600) Pause Young (Normal) (G1 Evacuation Pause)
[2025-12-29T01:08:11.546+0000][7535.134s][info][gc,task     ] GC(600) Using 8 workers of 8 for evacuation
[2025-12-29T01:08:11.551+0000][7535.139s][info][gc,phases   ] GC(600)   Pre Evacuate Collection Set: 0.6ms
[2025-12-29T01:08:11.551+0000][7535.140s][info][gc,phases   ] GC(600)   Merge Heap Roots: 0.4ms
[2025-12-29T01:08:11.552+0000][7535.140s][info][gc,phases   ] GC(600)   Evacuate Collection Set: 2.9ms
[2025-12-29T01:08:11.552+0000][7535.140s][info][gc,phases   ] GC(600)   Post Evacuate Collection Set: 1.2ms
[2025-12-29T01:08:11.552+0000][7535.140s][info][gc,phases   ] GC(600)   Other: 1.6ms
[2025-12-29T01:08:11.552+0000][7535.140s][info][gc,heap     ] GC(600) Eden regions: 951->0(951)
[2025-12-29T01:08:11.552+0000][7535.140s][info][gc,heap     ] GC(600) Survivor regions: 1->1(119)
[2025-12-29T01:08:11.552+0000][7535.141s][info][gc,heap     ] GC(600) Old regions: 46->46
[2025-12-29T01:08:11.552+0000][7535.141s][info][gc,heap     ] GC(600) Archive regions: 2->2
[2025-12-29T01:08:11.553+0000][7535.141s][info][gc,heap     ] GC(600) Humongous regions: 39->39
[2025-12-29T01:08:11.553+0000][7535.141s][info][gc,metaspace] GC(600) Metaspace: 75573K(76416K)->75573K(76416K) NonClass: 65356K(65792K)->65356K(65792K) Class: 10217K(10624K)->10217K(10624K)
[2025-12-29T01:08:11.553+0000][7535.141s][info][gc          ] GC(600) Pause Young (Normal) (G1 Evacuation Pause) 1036M->85M(1588M) 8.314ms
[2025-12-29T01:08:11.553+0000][7535.141s][info][gc,cpu      ] GC(600) User=0.03s Sys=0.01s Real=0.01s
[2025-12-29T01:08:25.939+0000][7549.527s][info][gc,start    ] GC(601) Pause Young (Normal) (G1 Evacuation Pause)
[2025-12-29T01:08:25.940+0000][7549.528s][info][gc,task     ] GC(601) Using 8 workers of 8 for evacuation
[2025-12-29T01:08:25.944+0000][7549.532s][info][gc,phases   ] GC(601)   Pre Evacuate Collection Set: 0.7ms
[2025-12-29T01:08:25.944+0000][7549.532s][info][gc,phases   ] GC(601)   Merge Heap Roots: 0.4ms
[2025-12-29T01:08:25.944+0000][7549.532s][info][gc,phases   ] GC(601)   Evacuate Collection Set: 1.5ms
[2025-12-29T01:08:25.944+0000][7549.532s][info][gc,phases   ] GC(601)   Post Evacuate Collection Set: 0.7ms
[2025-12-29T01:08:25.944+0000][7549.532s][info][gc,phases   ] GC(601)   Other: 1.5ms
[2025-12-29T01:08:25.944+0000][7549.533s][info][gc,heap     ] GC(601) Eden regions: 951->0(951)
[2025-12-29T01:08:25.945+0000][7549.533s][info][gc,heap     ] GC(601) Survivor regions: 1->1(119)
[2025-12-29T01:08:25.945+0000][7549.533s][info][gc,heap     ] GC(601) Old regions: 46->46
[2025-12-29T01:08:25.945+0000][7549.533s][info][gc,heap     ] GC(601) Archive regions: 2->2
[2025-12-29T01:08:25.945+0000][7549.533s][info][gc,heap     ] GC(601) Humongous regions: 39->39
[2025-12-29T01:08:25.945+0000][7549.533s][info][gc,metaspace] GC(601) Metaspace: 75573K(76416K)->75573K(76416K) NonClass: 65356K(65792K)->65356K(65792K) Class: 10217K(10624K)->10217K(10624K)
[2025-12-29T01:08:25.945+0000][7549.533s][info][gc          ] GC(601) Pause Young (Normal) (G1 Evacuation Pause) 1036M->85M(1588M) 6.150ms
[2025-12-29T01:08:25.945+0000][7549.533s][info][gc,cpu      ] GC(601) User=0.01s Sys=0.00s Real=0.01s
[2025-12-29T01:08:39.686+0000][7563.274s][info][gc,start    ] GC(602) Pause Young (Normal) (G1 Evacuation Pause)
[2025-12-29T01:08:39.688+0000][7563.276s][info][gc,task     ] GC(602) Using 8 workers of 8 for evacuation
[2025-12-29T01:08:39.692+0000][7563.281s][info][gc,phases   ] GC(602)   Pre Evacuate Collection Set: 0.5ms
[2025-12-29T01:08:39.693+0000][7563.281s][info][gc,phases   ] GC(602)   Merge Heap Roots: 0.3ms
[2025-12-29T01:08:39.693+0000][7563.281s][info][gc,phases   ] GC(602)   Evacuate Collection Set: 2.1ms
[2025-12-29T01:08:39.693+0000][7563.281s][info][gc,phases   ] GC(602)   Post Evacuate Collection Set: 1.1ms
[2025-12-29T01:08:39.693+0000][7563.281s][info][gc,phases   ] GC(602)   Other: 2.5ms
[2025-12-29T01:08:39.693+0000][7563.282s][info][gc,heap     ] GC(602) Eden regions: 951->0(951)
[2025-12-29T01:08:39.694+0000][7563.282s][info][gc,heap     ] GC(602) Survivor regions: 1->1(119)
[2025-12-29T01:08:39.694+0000][7563.282s][info][gc,heap     ] GC(602) Old regions: 46->46
[2025-12-29T01:08:39.694+0000][7563.282s][info][gc,heap     ] GC(602) Archive regions: 2->2
[2025-12-29T01:08:39.694+0000][7563.282s][info][gc,heap     ] GC(602) Humongous regions: 39->39
[2025-12-29T01:08:39.694+0000][7563.283s][info][gc,metaspace] GC(602) Metaspace: 75580K(76416K)->75580K(76416K) NonClass: 65363K(65792K)->65363K(65792K) Class: 10217K(10624K)->10217K(10624K)
[2025-12-29T01:08:39.695+0000][7563.283s][info][gc          ] GC(602) Pause Young (Normal) (G1 Evacuation Pause) 1036M->85M(1588M) 8.410ms
[2025-12-29T01:08:39.695+0000][7563.283s][info][gc,cpu      ] GC(602) User=0.02s Sys=0.00s Real=0.01s
[2025-12-29T01:08:52.805+0000][7576.393s][info][gc,start    ] GC(603) Pause Young (Normal) (G1 Evacuation Pause)
[2025-12-29T01:08:52.806+0000][7576.394s][info][gc,task     ] GC(603) Using 8 workers of 8 for evacuation
[2025-12-29T01:08:52.809+0000][7576.398s][info][gc,phases   ] GC(603)   Pre Evacuate Collection Set: 0.3ms
[2025-12-29T01:08:52.810+0000][7576.398s][info][gc,phases   ] GC(603)   Merge Heap Roots: 0.3ms
[2025-12-29T01:08:52.810+0000][7576.398s][info][gc,phases   ] GC(603)   Evacuate Collection Set: 1.4ms
[2025-12-29T01:08:52.810+0000][7576.398s][info][gc,phases   ] GC(603)   Post Evacuate Collection Set: 0.8ms
[2025-12-29T01:08:52.810+0000][7576.398s][info][gc,phases   ] GC(603)   Other: 1.6ms
[2025-12-29T01:08:52.810+0000][7576.398s][info][gc,heap     ] GC(603) Eden regions: 951->0(951)
[2025-12-29T01:08:52.810+0000][7576.399s][info][gc,heap     ] GC(603) Survivor regions: 1->1(119)
[2025-12-29T01:08:52.811+0000][7576.399s][info][gc,heap     ] GC(603) Old regions: 46->46
[2025-12-29T01:08:52.811+0000][7576.399s][info][gc,heap     ] GC(603) Archive regions: 2->2
[2025-12-29T01:08:52.811+0000][7576.399s][info][gc,heap     ] GC(603) Humongous regions: 39->39
[2025-12-29T01:08:52.811+0000][7576.399s][info][gc,metaspace] GC(603) Metaspace: 75580K(76416K)->75580K(76416K) NonClass: 65363K(65792K)->65363K(65792K) Class: 10217K(10624K)->10217K(10624K)
[2025-12-29T01:08:52.811+0000][7576.399s][info][gc          ] GC(603) Pause Young (Normal) (G1 Evacuation Pause) 1036M->85M(1588M) 6.001ms
[2025-12-29T01:08:52.811+0000][7576.400s][info][gc,cpu      ] GC(603) User=0.01s Sys=0.00s Real=0.01s
[2025-12-29T01:09:06.139+0000][7589.727s][info][gc,start    ] GC(604) Pause Young (Normal) (G1 Evacuation Pause)
[2025-12-29T01:09:06.140+0000][7589.728s][info][gc,task     ] GC(604) Using 8 workers of 8 for evacuation
[2025-12-29T01:09:06.143+0000][7589.731s][info][gc,phases   ] GC(604)   Pre Evacuate Collection Set: 0.3ms
[2025-12-29T01:09:06.143+0000][7589.731s][info][gc,phases   ] GC(604)   Merge Heap Roots: 0.2ms
[2025-12-29T01:09:06.143+0000][7589.731s][info][gc,phases   ] GC(604)   Evacuate Collection Set: 1.4ms
[2025-12-29T01:09:06.143+0000][7589.732s][info][gc,phases   ] GC(604)   Post Evacuate Collection Set: 0.7ms
[2025-12-29T01:09:06.144+0000][7589.732s][info][gc,phases   ] GC(604)   Other: 1.5ms
[2025-12-29T01:09:06.144+0000][7589.732s][info][gc,heap     ] GC(604) Eden regions: 951->0(951)
[2025-12-29T01:09:06.144+0000][7589.732s][info][gc,heap     ] GC(604) Survivor regions: 1->1(119)
[2025-12-29T01:09:06.144+0000][7589.732s][info][gc,heap     ] GC(604) Old regions: 46->46
[2025-12-29T01:09:06.144+0000][7589.732s][info][gc,heap     ] GC(604) Archive regions: 2->2
[2025-12-29T01:09:06.144+0000][7589.732s][info][gc,heap     ] GC(604) Humongous regions: 39->39
[2025-12-29T01:09:06.144+0000][7589.733s][info][gc,metaspace] GC(604) Metaspace: 75580K(76416K)->75580K(76416K) NonClass: 65363K(65792K)->65363K(65792K) Class: 10217K(10624K)->10217K(10624K)
[2025-12-29T01:09:06.145+0000][7589.733s][info][gc          ] GC(604) Pause Young (Normal) (G1 Evacuation Pause) 1036M->85M(1588M) 5.587ms
[2025-12-29T01:09:06.145+0000][7589.733s][info][gc,cpu      ] GC(604) User=0.01s Sys=0.00s Real=0.01s
[2025-12-29T01:09:19.101+0000][7602.689s][info][gc,start    ] GC(605) Pause Young (Normal) (G1 Evacuation Pause)
[2025-12-29T01:09:19.102+0000][7602.690s][info][gc,task     ] GC(605) Using 8 workers of 8 for evacuation
[2025-12-29T01:09:19.106+0000][7602.694s][info][gc,phases   ] GC(605)   Pre Evacuate Collection Set: 0.4ms
[2025-12-29T01:09:19.107+0000][7602.695s][info][gc,phases   ] GC(605)   Merge Heap Roots: 0.2ms
[2025-12-29T01:09:19.107+0000][7602.695s][info][gc,phases   ] GC(605)   Evacuate Collection Set: 2.0ms
[2025-12-29T01:09:19.107+0000][7602.695s][info][gc,phases   ] GC(605)   Post Evacuate Collection Set: 1.1ms
[2025-12-29T01:09:19.107+0000][7602.695s][info][gc,phases   ] GC(605)   Other: 1.9ms
[2025-12-29T01:09:19.107+0000][7602.696s][info][gc,heap     ] GC(605) Eden regions: 951->0(951)
[2025-12-29T01:09:19.108+0000][7602.696s][info][gc,heap     ] GC(605) Survivor regions: 1->1(119)
[2025-12-29T01:09:19.108+0000][7602.696s][info][gc,heap     ] GC(605) Old regions: 46->46
[2025-12-29T01:09:19.108+0000][7602.696s][info][gc,heap     ] GC(605) Archive regions: 2->2
[2025-12-29T01:09:19.108+0000][7602.696s][info][gc,heap     ] GC(605) Humongous regions: 39->39
[2025-12-29T01:09:19.108+0000][7602.697s][info][gc,metaspace] GC(605) Metaspace: 75580K(76416K)->75580K(76416K) NonClass: 65363K(65792K)->65363K(65792K) Class: 10217K(10624K)->10217K(10624K)
[2025-12-29T01:09:19.108+0000][7602.697s][info][gc          ] GC(605) Pause Young (Normal) (G1 Evacuation Pause) 1036M->85M(1588M) 7.893ms
[2025-12-29T01:09:19.109+0000][7602.697s][info][gc,cpu      ] GC(605) User=0.02s Sys=0.00s Real=0.00s
[2025-12-29T01:09:32.070+0000][7615.659s][info][gc,start    ] GC(606) Pause Young (Normal) (G1 Evacuation Pause)
[2025-12-29T01:09:32.072+0000][7615.660s][info][gc,task     ] GC(606) Using 8 workers of 8 for evacuation
[2025-12-29T01:09:32.080+0000][7615.668s][info][gc,phases   ] GC(606)   Pre Evacuate Collection Set: 0.9ms
[2025-12-29T01:09:32.080+0000][7615.668s][info][gc,phases   ] GC(606)   Merge Heap Roots: 0.4ms
[2025-12-29T01:09:32.080+0000][7615.668s][info][gc,phases   ] GC(606)   Evacuate Collection Set: 3.2ms
[2025-12-29T01:09:32.081+0000][7615.669s][info][gc,phases   ] GC(606)   Post Evacuate Collection Set: 2.5ms
[2025-12-29T01:09:32.081+0000][7615.669s][info][gc,phases   ] GC(606)   Other: 2.5ms
[2025-12-29T01:09:32.081+0000][7615.669s][info][gc,heap     ] GC(606) Eden regions: 951->0(951)
[2025-12-29T01:09:32.081+0000][7615.669s][info][gc,heap     ] GC(606) Survivor regions: 1->1(119)
[2025-12-29T01:09:32.081+0000][7615.670s][info][gc,heap     ] GC(606) Old regions: 46->46
[2025-12-29T01:09:32.082+0000][7615.670s][info][gc,heap     ] GC(606) Archive regions: 2->2
[2025-12-29T01:09:32.082+0000][7615.670s][info][gc,heap     ] GC(606) Humongous regions: 39->39
[2025-12-29T01:09:32.082+0000][7615.670s][info][gc,metaspace] GC(606) Metaspace: 75582K(76416K)->75582K(76416K) NonClass: 65363K(65792K)->65363K(65792K) Class: 10218K(10624K)->10218K(10624K)
[2025-12-29T01:09:32.082+0000][7615.671s][info][gc          ] GC(606) Pause Young (Normal) (G1 Evacuation Pause) 1036M->85M(1588M) 11.986ms
[2025-12-29T01:09:32.083+0000][7615.671s][info][gc,cpu      ] GC(606) User=0.04s Sys=0.00s Real=0.01s
[2025-12-29T01:09:45.142+0000][7628.730s][info][gc,start    ] GC(607) Pause Young (Normal) (G1 Evacuation Pause)
[2025-12-29T01:09:45.143+0000][7628.731s][info][gc,task     ] GC(607) Using 8 workers of 8 for evacuation
[2025-12-29T01:09:45.147+0000][7628.735s][info][gc,phases   ] GC(607)   Pre Evacuate Collection Set: 0.4ms
[2025-12-29T01:09:45.147+0000][7628.735s][info][gc,phases   ] GC(607)   Merge Heap Roots: 0.3ms
[2025-12-29T01:09:45.147+0000][7628.735s][info][gc,phases   ] GC(607)   Evacuate Collection Set: 2.0ms
[2025-12-29T01:09:45.147+0000][7628.736s][info][gc,phases   ] GC(607)   Post Evacuate Collection Set: 1.0ms
[2025-12-29T01:09:45.147+0000][7628.736s][info][gc,phases   ] GC(607)   Other: 1.4ms
[2025-12-29T01:09:45.148+0000][7628.736s][info][gc,heap     ] GC(607) Eden regions: 951->0(951)
[2025-12-29T01:09:45.148+0000][7628.736s][info][gc,heap     ] GC(607) Survivor regions: 1->1(119)
[2025-12-29T01:09:45.148+0000][7628.736s][info][gc,heap     ] GC(607) Old regions: 46->46
[2025-12-29T01:09:45.148+0000][7628.736s][info][gc,heap     ] GC(607) Archive regions: 2->2
[2025-12-29T01:09:45.148+0000][7628.736s][info][gc,heap     ] GC(607) Humongous regions: 39->39
[2025-12-29T01:09:45.148+0000][7628.736s][info][gc,metaspace] GC(607) Metaspace: 75582K(76416K)->75582K(76416K) NonClass: 65363K(65792K)->65363K(65792K) Class: 10218K(10624K)->10218K(10624K)
[2025-12-29T01:09:45.149+0000][7628.737s][info][gc          ] GC(607) Pause Young (Normal) (G1 Evacuation Pause) 1036M->85M(1588M) 6.845ms
[2025-12-29T01:09:45.149+0000][7628.737s][info][gc,cpu      ] GC(607) User=0.02s Sys=0.00s Real=0.00s
[2025-12-29T01:09:58.127+0000][7641.715s][info][gc,start    ] GC(608) Pause Young (Normal) (G1 Evacuation Pause)
[2025-12-29T01:09:58.128+0000][7641.716s][info][gc,task     ] GC(608) Using 8 workers of 8 for evacuation
[2025-12-29T01:09:58.132+0000][7641.720s][info][gc,phases   ] GC(608)   Pre Evacuate Collection Set: 0.5ms
[2025-12-29T01:09:58.132+0000][7641.720s][info][gc,phases   ] GC(608)   Merge Heap Roots: 0.4ms
[2025-12-29T01:09:58.132+0000][7641.721s][info][gc,phases   ] GC(608)   Evacuate Collection Set: 1.7ms
[2025-12-29T01:09:58.133+0000][7641.721s][info][gc,phases   ] GC(608)   Post Evacuate Collection Set: 0.8ms
[2025-12-29T01:09:58.133+0000][7641.721s][info][gc,phases   ] GC(608)   Other: 1.9ms
[2025-12-29T01:09:58.133+0000][7641.721s][info][gc,heap     ] GC(608) Eden regions: 951->0(951)
[2025-12-29T01:09:58.133+0000][7641.721s][info][gc,heap     ] GC(608) Survivor regions: 1->1(119)
[2025-12-29T01:09:58.133+0000][7641.721s][info][gc,heap     ] GC(608) Old regions: 46->46
[2025-12-29T01:09:58.133+0000][7641.722s][info][gc,heap     ] GC(608) Archive regions: 2->2
[2025-12-29T01:09:58.133+0000][7641.722s][info][gc,heap     ] GC(608) Humongous regions: 39->39
[2025-12-29T01:09:58.134+0000][7641.722s][info][gc,metaspace] GC(608) Metaspace: 75582K(76416K)->75582K(76416K) NonClass: 65363K(65792K)->65363K(65792K) Class: 10218K(10624K)->10218K(10624K)
[2025-12-29T01:09:58.134+0000][7641.722s][info][gc          ] GC(608) Pause Young (Normal) (G1 Evacuation Pause) 1036M->85M(1588M) 7.221ms
[2025-12-29T01:09:58.134+0000][7641.722s][info][gc,cpu      ] GC(608) User=0.02s Sys=0.00s Real=0.01s
[2025-12-29T01:10:11.026+0000][7654.614s][info][gc,start    ] GC(609) Pause Young (Normal) (G1 Evacuation Pause)
[2025-12-29T01:10:11.026+0000][7654.615s][info][gc,task     ] GC(609) Using 8 workers of 8 for evacuation
[2025-12-29T01:10:11.028+0000][7654.617s][info][gc,phases   ] GC(609)   Pre Evacuate Collection Set: 0.2ms
[2025-12-29T01:10:11.028+0000][7654.617s][info][gc,phases   ] GC(609)   Merge Heap Roots: 0.1ms
[2025-12-29T01:10:11.028+0000][7654.617s][info][gc,phases   ] GC(609)   Evacuate Collection Set: 1.0ms
[2025-12-29T01:10:11.029+0000][7654.617s][info][gc,phases   ] GC(609)   Post Evacuate Collection Set: 0.4ms
[2025-12-29T01:10:11.029+0000][7654.617s][info][gc,phases   ] GC(609)   Other: 1.0ms
[2025-12-29T01:10:11.029+0000][7654.617s][info][gc,heap     ] GC(609) Eden regions: 951->0(951)
[2025-12-29T01:10:11.029+0000][7654.617s][info][gc,heap     ] GC(609) Survivor regions: 1->1(119)
[2025-12-29T01:10:11.029+0000][7654.617s][info][gc,heap     ] GC(609) Old regions: 46->46
[2025-12-29T01:10:11.029+0000][7654.617s][info][gc,heap     ] GC(609) Archive regions: 2->2
[2025-12-29T01:10:11.029+0000][7654.617s][info][gc,heap     ] GC(609) Humongous regions: 39->39
[2025-12-29T01:10:11.029+0000][7654.617s][info][gc,metaspace] GC(609) Metaspace: 75583K(76416K)->75583K(76416K) NonClass: 65365K(65792K)->65365K(65792K) Class: 10218K(10624K)->10218K(10624K)
[2025-12-29T01:10:11.029+0000][7654.617s][info][gc          ] GC(609) Pause Young (Normal) (G1 Evacuation Pause) 1036M->85M(1588M) 3.274ms
[2025-12-29T01:10:11.029+0000][7654.617s][info][gc,cpu      ] GC(609) User=0.01s Sys=0.00s Real=0.00s
[2025-12-29T01:10:25.765+0000][7669.353s][info][gc,start    ] GC(610) Pause Young (Normal) (G1 Evacuation Pause)
[2025-12-29T01:10:25.766+0000][7669.354s][info][gc,task     ] GC(610) Using 8 workers of 8 for evacuation
[2025-12-29T01:10:25.769+0000][7669.357s][info][gc,phases   ] GC(610)   Pre Evacuate Collection Set: 0.4ms
[2025-12-29T01:10:25.769+0000][7669.357s][info][gc,phases   ] GC(610)   Merge Heap Roots: 0.2ms
[2025-12-29T01:10:25.769+0000][7669.357s][info][gc,phases   ] GC(610)   Evacuate Collection Set: 1.4ms
[2025-12-29T01:10:25.769+0000][7669.358s][info][gc,phases   ] GC(610)   Post Evacuate Collection Set: 1.1ms
[2025-12-29T01:10:25.770+0000][7669.358s][info][gc,phases   ] GC(610)   Other: 1.1ms
[2025-12-29T01:10:25.770+0000][7669.358s][info][gc,heap     ] GC(610) Eden regions: 951->0(951)
[2025-12-29T01:10:25.770+0000][7669.358s][info][gc,heap     ] GC(610) Survivor regions: 1->1(119)
[2025-12-29T01:10:25.770+0000][7669.358s][info][gc,heap     ] GC(610) Old regions: 46->46
[2025-12-29T01:10:25.770+0000][7669.358s][info][gc,heap     ] GC(610) Archive regions: 2->2
[2025-12-29T01:10:25.770+0000][7669.358s][info][gc,heap     ] GC(610) Humongous regions: 39->39
[2025-12-29T01:10:25.770+0000][7669.358s][info][gc,metaspace] GC(610) Metaspace: 75584K(76416K)->75584K(76416K) NonClass: 65365K(65792K)->65365K(65792K) Class: 10218K(10624K)->10218K(10624K)
[2025-12-29T01:10:25.770+0000][7669.359s][info][gc          ] GC(610) Pause Young (Normal) (G1 Evacuation Pause) 1036M->85M(1588M) 5.223ms
[2025-12-29T01:10:25.770+0000][7669.359s][info][gc,cpu      ] GC(610) User=0.01s Sys=0.00s Real=0.01s
[2025-12-29T01:10:38.852+0000][7682.440s][info][gc,start    ] GC(611) Pause Young (Normal) (G1 Evacuation Pause)
[2025-12-29T01:10:38.855+0000][7682.444s][info][gc,task     ] GC(611) Using 8 workers of 8 for evacuation
[2025-12-29T01:10:38.859+0000][7682.447s][info][gc,phases   ] GC(611)   Pre Evacuate Collection Set: 0.4ms
[2025-12-29T01:10:38.859+0000][7682.448s][info][gc,phases   ] GC(611)   Merge Heap Roots: 0.3ms
[2025-12-29T01:10:38.859+0000][7682.448s][info][gc,phases   ] GC(611)   Evacuate Collection Set: 1.7ms
[2025-12-29T01:10:38.860+0000][7682.448s][info][gc,phases   ] GC(611)   Post Evacuate Collection Set: 0.8ms
[2025-12-29T01:10:38.860+0000][7682.448s][info][gc,phases   ] GC(611)   Other: 4.0ms
[2025-12-29T01:10:38.860+0000][7682.448s][info][gc,heap     ] GC(611) Eden regions: 951->0(951)
[2025-12-29T01:10:38.860+0000][7682.448s][info][gc,heap     ] GC(611) Survivor regions: 1->1(119)
[2025-12-29T01:10:38.860+0000][7682.448s][info][gc,heap     ] GC(611) Old regions: 46->46
[2025-12-29T01:10:38.860+0000][7682.449s][info][gc,heap     ] GC(611) Archive regions: 2->2
[2025-12-29T01:10:38.861+0000][7682.449s][info][gc,heap     ] GC(611) Humongous regions: 39->39
[2025-12-29T01:10:38.861+0000][7682.449s][info][gc,metaspace] GC(611) Metaspace: 75603K(76416K)->75603K(76416K) NonClass: 65384K(65792K)->65384K(65792K) Class: 10218K(10624K)->10218K(10624K)
[2025-12-29T01:10:38.861+0000][7682.449s][info][gc          ] GC(611) Pause Young (Normal) (G1 Evacuation Pause) 1036M->85M(1588M) 8.905ms
[2025-12-29T01:10:38.861+0000][7682.449s][info][gc,cpu      ] GC(611) User=0.01s Sys=0.01s Real=0.01s
[2025-12-29T01:10:52.126+0000][7695.714s][info][gc,start    ] GC(612) Pause Young (Normal) (G1 Evacuation Pause)
[2025-12-29T01:10:52.126+0000][7695.714s][info][gc,task     ] GC(612) Using 8 workers of 8 for evacuation
[2025-12-29T01:10:52.132+0000][7695.720s][info][gc,phases   ] GC(612)   Pre Evacuate Collection Set: 0.4ms
[2025-12-29T01:10:52.132+0000][7695.720s][info][gc,phases   ] GC(612)   Merge Heap Roots: 0.3ms
[2025-12-29T01:10:52.132+0000][7695.720s][info][gc,phases   ] GC(612)   Evacuate Collection Set: 3.1ms
[2025-12-29T01:10:52.132+0000][7695.720s][info][gc,phases   ] GC(612)   Post Evacuate Collection Set: 1.5ms
[2025-12-29T01:10:52.132+0000][7695.720s][info][gc,phases   ] GC(612)   Other: 1.0ms
[2025-12-29T01:10:52.132+0000][7695.721s][info][gc,heap     ] GC(612) Eden regions: 951->0(951)
[2025-12-29T01:10:52.132+0000][7695.721s][info][gc,heap     ] GC(612) Survivor regions: 1->1(119)
[2025-12-29T01:10:52.132+0000][7695.721s][info][gc,heap     ] GC(612) Old regions: 46->46
[2025-12-29T01:10:52.133+0000][7695.721s][info][gc,heap     ] GC(612) Archive regions: 2->2
[2025-12-29T01:10:52.133+0000][7695.721s][info][gc,heap     ] GC(612) Humongous regions: 39->39
[2025-12-29T01:10:52.133+0000][7695.721s][info][gc,metaspace] GC(612) Metaspace: 75603K(76416K)->75603K(76416K) NonClass: 65384K(65792K)->65384K(65792K) Class: 10218K(10624K)->10218K(10624K)
[2025-12-29T01:10:52.133+0000][7695.721s][info][gc          ] GC(612) Pause Young (Normal) (G1 Evacuation Pause) 1036M->85M(1588M) 7.174ms
[2025-12-29T01:10:52.133+0000][7695.721s][info][gc,cpu      ] GC(612) User=0.03s Sys=0.00s Real=0.01s
[2025-12-29T01:11:05.108+0000][7708.697s][info][gc,start    ] GC(613) Pause Young (Normal) (G1 Evacuation Pause)
[2025-12-29T01:11:05.110+0000][7708.698s][info][gc,task     ] GC(613) Using 8 workers of 8 for evacuation
[2025-12-29T01:11:05.114+0000][7708.703s][info][gc,phases   ] GC(613)   Pre Evacuate Collection Set: 0.4ms
[2025-12-29T01:11:05.115+0000][7708.703s][info][gc,phases   ] GC(613)   Merge Heap Roots: 0.3ms
[2025-12-29T01:11:05.115+0000][7708.703s][info][gc,phases   ] GC(613)   Evacuate Collection Set: 2.1ms
[2025-12-29T01:11:05.115+0000][7708.703s][info][gc,phases   ] GC(613)   Post Evacuate Collection Set: 1.0ms
[2025-12-29T01:11:05.115+0000][7708.703s][info][gc,phases   ] GC(613)   Other: 2.5ms
[2025-12-29T01:11:05.115+0000][7708.704s][info][gc,heap     ] GC(613) Eden regions: 951->0(951)
[2025-12-29T01:11:05.116+0000][7708.704s][info][gc,heap     ] GC(613) Survivor regions: 1->1(119)
[2025-12-29T01:11:05.116+0000][7708.704s][info][gc,heap     ] GC(613) Old regions: 46->46
[2025-12-29T01:11:05.116+0000][7708.704s][info][gc,heap     ] GC(613) Archive regions: 2->2
[2025-12-29T01:11:05.116+0000][7708.704s][info][gc,heap     ] GC(613) Humongous regions: 39->39
[2025-12-29T01:11:05.116+0000][7708.704s][info][gc,metaspace] GC(613) Metaspace: 75603K(76416K)->75603K(76416K) NonClass: 65384K(65792K)->65384K(65792K) Class: 10218K(10624K)->10218K(10624K)
[2025-12-29T01:11:05.116+0000][7708.705s][info][gc          ] GC(613) Pause Young (Normal) (G1 Evacuation Pause) 1036M->85M(1588M) 8.091ms
[2025-12-29T01:11:05.117+0000][7708.705s][info][gc,cpu      ] GC(613) User=0.02s Sys=0.00s Real=0.01s
[2025-12-29T01:11:18.240+0000][7721.828s][info][gc,start    ] GC(614) Pause Young (Normal) (G1 Evacuation Pause)
[2025-12-29T01:11:18.240+0000][7721.828s][info][gc,task     ] GC(614) Using 8 workers of 8 for evacuation
[2025-12-29T01:11:18.243+0000][7721.832s][info][gc,phases   ] GC(614)   Pre Evacuate Collection Set: 0.3ms
[2025-12-29T01:11:18.244+0000][7721.832s][info][gc,phases   ] GC(614)   Merge Heap Roots: 0.2ms
[2025-12-29T01:11:18.244+0000][7721.832s][info][gc,phases   ] GC(614)   Evacuate Collection Set: 1.2ms
[2025-12-29T01:11:18.244+0000][7721.832s][info][gc,phases   ] GC(614)   Post Evacuate Collection Set: 1.1ms
[2025-12-29T01:11:18.244+0000][7721.833s][info][gc,phases   ] GC(614)   Other: 1.2ms
[2025-12-29T01:11:18.245+0000][7721.833s][info][gc,heap     ] GC(614) Eden regions: 951->0(951)
[2025-12-29T01:11:18.245+0000][7721.833s][info][gc,heap     ] GC(614) Survivor regions: 1->1(119)
[2025-12-29T01:11:18.245+0000][7721.833s][info][gc,heap     ] GC(614) Old regions: 46->46
[2025-12-29T01:11:18.245+0000][7721.833s][info][gc,heap     ] GC(614) Archive regions: 2->2
[2025-12-29T01:11:18.245+0000][7721.833s][info][gc,heap     ] GC(614) Humongous regions: 39->39
[2025-12-29T01:11:18.245+0000][7721.834s][info][gc,metaspace] GC(614) Metaspace: 75603K(76416K)->75603K(76416K) NonClass: 65384K(65792K)->65384K(65792K) Class: 10218K(10624K)->10218K(10624K)
[2025-12-29T01:11:18.245+0000][7721.834s][info][gc          ] GC(614) Pause Young (Normal) (G1 Evacuation Pause) 1036M->85M(1588M) 5.946ms
[2025-12-29T01:11:18.246+0000][7721.834s][info][gc,cpu      ] GC(614) User=0.01s Sys=0.00s Real=0.01s
[2025-12-29T01:11:31.121+0000][7734.709s][info][gc,start    ] GC(615) Pause Young (Normal) (G1 Evacuation Pause)
[2025-12-29T01:11:31.122+0000][7734.710s][info][gc,task     ] GC(615) Using 8 workers of 8 for evacuation
[2025-12-29T01:11:31.126+0000][7734.714s][info][gc,phases   ] GC(615)   Pre Evacuate Collection Set: 0.4ms
[2025-12-29T01:11:31.126+0000][7734.715s][info][gc,phases   ] GC(615)   Merge Heap Roots: 0.2ms
[2025-12-29T01:11:31.126+0000][7734.715s][info][gc,phases   ] GC(615)   Evacuate Collection Set: 2.0ms
[2025-12-29T01:11:31.127+0000][7734.715s][info][gc,phases   ] GC(615)   Post Evacuate Collection Set: 1.2ms
[2025-12-29T01:11:31.127+0000][7734.715s][info][gc,phases   ] GC(615)   Other: 2.0ms
[2025-12-29T01:11:31.127+0000][7734.715s][info][gc,heap     ] GC(615) Eden regions: 951->0(951)
[2025-12-29T01:11:31.127+0000][7734.715s][info][gc,heap     ] GC(615) Survivor regions: 1->1(119)
[2025-12-29T01:11:31.127+0000][7734.716s][info][gc,heap     ] GC(615) Old regions: 46->46
[2025-12-29T01:11:31.128+0000][7734.716s][info][gc,heap     ] GC(615) Archive regions: 2->2
[2025-12-29T01:11:31.128+0000][7734.716s][info][gc,heap     ] GC(615) Humongous regions: 39->39
[2025-12-29T01:11:31.128+0000][7734.716s][info][gc,metaspace] GC(615) Metaspace: 75603K(76416K)->75603K(76416K) NonClass: 65384K(65792K)->65384K(65792K) Class: 10218K(10624K)->10218K(10624K)
[2025-12-29T01:11:31.128+0000][7734.716s][info][gc          ] GC(615) Pause Young (Normal) (G1 Evacuation Pause) 1036M->85M(1588M) 7.428ms
[2025-12-29T01:11:31.128+0000][7734.716s][info][gc,cpu      ] GC(615) User=0.02s Sys=0.00s Real=0.00s
[2025-12-29T01:11:44.232+0000][7747.820s][info][gc,start    ] GC(616) Pause Young (Normal) (G1 Evacuation Pause)
[2025-12-29T01:11:44.233+0000][7747.821s][info][gc,task     ] GC(616) Using 8 workers of 8 for evacuation
[2025-12-29T01:11:44.237+0000][7747.825s][info][gc,phases   ] GC(616)   Pre Evacuate Collection Set: 0.3ms
[2025-12-29T01:11:44.237+0000][7747.825s][info][gc,phases   ] GC(616)   Merge Heap Roots: 0.2ms
[2025-12-29T01:11:44.237+0000][7747.825s][info][gc,phases   ] GC(616)   Evacuate Collection Set: 1.6ms
[2025-12-29T01:11:44.237+0000][7747.825s][info][gc,phases   ] GC(616)   Post Evacuate Collection Set: 0.8ms
[2025-12-29T01:11:44.237+0000][7747.826s][info][gc,phases   ] GC(616)   Other: 1.9ms
[2025-12-29T01:11:44.238+0000][7747.826s][info][gc,heap     ] GC(616) Eden regions: 951->0(951)
[2025-12-29T01:11:44.238+0000][7747.826s][info][gc,heap     ] GC(616) Survivor regions: 1->1(119)
[2025-12-29T01:11:44.238+0000][7747.826s][info][gc,heap     ] GC(616) Old regions: 46->46
[2025-12-29T01:11:44.238+0000][7747.826s][info][gc,heap     ] GC(616) Archive regions: 2->2
[2025-12-29T01:11:44.238+0000][7747.827s][info][gc,heap     ] GC(616) Humongous regions: 39->39
[2025-12-29T01:11:44.239+0000][7747.827s][info][gc,metaspace] GC(616) Metaspace: 75603K(76416K)->75603K(76416K) NonClass: 65384K(65792K)->65384K(65792K) Class: 10218K(10624K)->10218K(10624K)
[2025-12-29T01:11:44.239+0000][7747.827s][info][gc          ] GC(616) Pause Young (Normal) (G1 Evacuation Pause) 1036M->85M(1588M) 6.914ms
[2025-12-29T01:11:44.239+0000][7747.827s][info][gc,cpu      ] GC(616) User=0.02s Sys=0.00s Real=0.00s
[2025-12-29T01:11:57.263+0000][7760.851s][info][gc,start    ] GC(617) Pause Young (Normal) (G1 Evacuation Pause)
[2025-12-29T01:11:57.264+0000][7760.852s][info][gc,task     ] GC(617) Using 8 workers of 8 for evacuation
[2025-12-29T01:11:57.266+0000][7760.854s][info][gc,phases   ] GC(617)   Pre Evacuate Collection Set: 0.2ms
[2025-12-29T01:11:57.266+0000][7760.854s][info][gc,phases   ] GC(617)   Merge Heap Roots: 0.2ms
[2025-12-29T01:11:57.266+0000][7760.854s][info][gc,phases   ] GC(617)   Evacuate Collection Set: 1.0ms
[2025-12-29T01:11:57.266+0000][7760.855s][info][gc,phases   ] GC(617)   Post Evacuate Collection Set: 0.4ms
[2025-12-29T01:11:57.266+0000][7760.855s][info][gc,phases   ] GC(617)   Other: 1.1ms
[2025-12-29T01:11:57.267+0000][7760.855s][info][gc,heap     ] GC(617) Eden regions: 951->0(951)
[2025-12-29T01:11:57.267+0000][7760.855s][info][gc,heap     ] GC(617) Survivor regions: 1->1(119)
[2025-12-29T01:11:57.267+0000][7760.855s][info][gc,heap     ] GC(617) Old regions: 46->46
[2025-12-29T01:11:57.267+0000][7760.855s][info][gc,heap     ] GC(617) Archive regions: 2->2
[2025-12-29T01:11:57.267+0000][7760.855s][info][gc,heap     ] GC(617) Humongous regions: 39->39
[2025-12-29T01:11:57.267+0000][7760.855s][info][gc,metaspace] GC(617) Metaspace: 75604K(76416K)->75604K(76416K) NonClass: 65385K(65792K)->65385K(65792K) Class: 10218K(10624K)->10218K(10624K)
[2025-12-29T01:11:57.267+0000][7760.855s][info][gc          ] GC(617) Pause Young (Normal) (G1 Evacuation Pause) 1036M->85M(1588M) 3.934ms
[2025-12-29T01:11:57.267+0000][7760.855s][info][gc,cpu      ] GC(617) User=0.01s Sys=0.00s Real=0.00s
[2025-12-29T01:12:10.967+0000][7774.555s][info][gc,start    ] GC(618) Pause Young (Normal) (G1 Evacuation Pause)
[2025-12-29T01:12:10.967+0000][7774.556s][info][gc,task     ] GC(618) Using 8 workers of 8 for evacuation
[2025-12-29T01:12:10.976+0000][7774.565s][info][gc,phases   ] GC(618)   Pre Evacuate Collection Set: 0.4ms
[2025-12-29T01:12:10.977+0000][7774.565s][info][gc,phases   ] GC(618)   Merge Heap Roots: 0.3ms
[2025-12-29T01:12:10.977+0000][7774.565s][info][gc,phases   ] GC(618)   Evacuate Collection Set: 4.2ms
[2025-12-29T01:12:10.977+0000][7774.565s][info][gc,phases   ] GC(618)   Post Evacuate Collection Set: 3.8ms
[2025-12-29T01:12:10.977+0000][7774.565s][info][gc,phases   ] GC(618)   Other: 0.8ms
[2025-12-29T01:12:10.977+0000][7774.565s][info][gc,heap     ] GC(618) Eden regions: 951->0(951)
[2025-12-29T01:12:10.977+0000][7774.565s][info][gc,heap     ] GC(618) Survivor regions: 1->1(119)
[2025-12-29T01:12:10.977+0000][7774.565s][info][gc,heap     ] GC(618) Old regions: 46->46
[2025-12-29T01:12:10.977+0000][7774.565s][info][gc,heap     ] GC(618) Archive regions: 2->2
[2025-12-29T01:12:10.977+0000][7774.565s][info][gc,heap     ] GC(618) Humongous regions: 39->39
[2025-12-29T01:12:10.977+0000][7774.565s][info][gc,metaspace] GC(618) Metaspace: 75604K(76416K)->75604K(76416K) NonClass: 65385K(65792K)->65385K(65792K) Class: 10218K(10624K)->10218K(10624K)
[2025-12-29T01:12:10.977+0000][7774.566s][info][gc          ] GC(618) Pause Young (Normal) (G1 Evacuation Pause) 1036M->85M(1588M) 10.425ms
[2025-12-29T01:12:10.977+0000][7774.566s][info][gc,cpu      ] GC(618) User=0.03s Sys=0.00s Real=0.01s
[2025-12-29T01:12:24.851+0000][7788.440s][info][gc,start    ] GC(619) Pause Young (Normal) (G1 Evacuation Pause)
[2025-12-29T01:12:24.853+0000][7788.441s][info][gc,task     ] GC(619) Using 8 workers of 8 for evacuation
[2025-12-29T01:12:24.858+0000][7788.446s][info][gc,phases   ] GC(619)   Pre Evacuate Collection Set: 0.4ms
[2025-12-29T01:12:24.858+0000][7788.447s][info][gc,phases   ] GC(619)   Merge Heap Roots: 0.2ms
[2025-12-29T01:12:24.859+0000][7788.447s][info][gc,phases   ] GC(619)   Evacuate Collection Set: 2.1ms
[2025-12-29T01:12:24.859+0000][7788.447s][info][gc,phases   ] GC(619)   Post Evacuate Collection Set: 1.6ms
[2025-12-29T01:12:24.859+0000][7788.447s][info][gc,phases   ] GC(619)   Other: 2.4ms
[2025-12-29T01:12:24.859+0000][7788.447s][info][gc,heap     ] GC(619) Eden regions: 951->0(951)
[2025-12-29T01:12:24.859+0000][7788.448s][info][gc,heap     ] GC(619) Survivor regions: 1->1(119)
[2025-12-29T01:12:24.860+0000][7788.448s][info][gc,heap     ] GC(619) Old regions: 46->46
[2025-12-29T01:12:24.860+0000][7788.448s][info][gc,heap     ] GC(619) Archive regions: 2->2
[2025-12-29T01:12:24.860+0000][7788.448s][info][gc,heap     ] GC(619) Humongous regions: 39->39
[2025-12-29T01:12:24.860+0000][7788.448s][info][gc,metaspace] GC(619) Metaspace: 75604K(76416K)->75604K(76416K) NonClass: 65385K(65792K)->65385K(65792K) Class: 10218K(10624K)->10218K(10624K)
[2025-12-29T01:12:24.860+0000][7788.448s][info][gc          ] GC(619) Pause Young (Normal) (G1 Evacuation Pause) 1036M->85M(1588M) 8.790ms
[2025-12-29T01:12:24.861+0000][7788.449s][info][gc,cpu      ] GC(619) User=0.02s Sys=0.00s Real=0.01s
[2025-12-29T01:12:37.850+0000][7801.438s][info][gc,start    ] GC(620) Pause Young (Normal) (G1 Evacuation Pause)
[2025-12-29T01:12:37.851+0000][7801.439s][info][gc,task     ] GC(620) Using 8 workers of 8 for evacuation
[2025-12-29T01:12:37.854+0000][7801.442s][info][gc,phases   ] GC(620)   Pre Evacuate Collection Set: 0.3ms
[2025-12-29T01:12:37.854+0000][7801.442s][info][gc,phases   ] GC(620)   Merge Heap Roots: 0.2ms
[2025-12-29T01:12:37.854+0000][7801.442s][info][gc,phases   ] GC(620)   Evacuate Collection Set: 1.4ms
[2025-12-29T01:12:37.854+0000][7801.443s][info][gc,phases   ] GC(620)   Post Evacuate Collection Set: 0.8ms
[2025-12-29T01:12:37.855+0000][7801.443s][info][gc,phases   ] GC(620)   Other: 1.6ms
[2025-12-29T01:12:37.855+0000][7801.443s][info][gc,heap     ] GC(620) Eden regions: 951->0(951)
[2025-12-29T01:12:37.855+0000][7801.443s][info][gc,heap     ] GC(620) Survivor regions: 1->1(119)
[2025-12-29T01:12:37.855+0000][7801.443s][info][gc,heap     ] GC(620) Old regions: 46->46
[2025-12-29T01:12:37.855+0000][7801.443s][info][gc,heap     ] GC(620) Archive regions: 2->2
[2025-12-29T01:12:37.855+0000][7801.444s][info][gc,heap     ] GC(620) Humongous regions: 39->39
[2025-12-29T01:12:37.856+0000][7801.444s][info][gc,metaspace] GC(620) Metaspace: 75604K(76416K)->75604K(76416K) NonClass: 65385K(65792K)->65385K(65792K) Class: 10218K(10624K)->10218K(10624K)
[2025-12-29T01:12:37.856+0000][7801.444s][info][gc          ] GC(620) Pause Young (Normal) (G1 Evacuation Pause) 1036M->85M(1588M) 5.937ms
[2025-12-29T01:12:37.856+0000][7801.444s][info][gc,cpu      ] GC(620) User=0.02s Sys=0.00s Real=0.01s
[2025-12-29T01:12:51.132+0000][7814.721s][info][gc,start    ] GC(621) Pause Young (Normal) (G1 Evacuation Pause)
[2025-12-29T01:12:51.133+0000][7814.722s][info][gc,task     ] GC(621) Using 8 workers of 8 for evacuation
[2025-12-29T01:12:51.135+0000][7814.723s][info][gc,phases   ] GC(621)   Pre Evacuate Collection Set: 0.2ms
[2025-12-29T01:12:51.135+0000][7814.723s][info][gc,phases   ] GC(621)   Merge Heap Roots: 0.1ms
[2025-12-29T01:12:51.135+0000][7814.723s][info][gc,phases   ] GC(621)   Evacuate Collection Set: 0.8ms
[2025-12-29T01:12:51.135+0000][7814.723s][info][gc,phases   ] GC(621)   Post Evacuate Collection Set: 0.4ms
[2025-12-29T01:12:51.135+0000][7814.723s][info][gc,phases   ] GC(621)   Other: 1.0ms
[2025-12-29T01:12:51.135+0000][7814.724s][info][gc,heap     ] GC(621) Eden regions: 951->0(951)
[2025-12-29T01:12:51.135+0000][7814.724s][info][gc,heap     ] GC(621) Survivor regions: 1->1(119)
[2025-12-29T01:12:51.135+0000][7814.724s][info][gc,heap     ] GC(621) Old regions: 46->46
[2025-12-29T01:12:51.135+0000][7814.724s][info][gc,heap     ] GC(621) Archive regions: 2->2
[2025-12-29T01:12:51.136+0000][7814.724s][info][gc,heap     ] GC(621) Humongous regions: 39->39
[2025-12-29T01:12:51.136+0000][7814.724s][info][gc,metaspace] GC(621) Metaspace: 75604K(76416K)->75604K(76416K) NonClass: 65385K(65792K)->65385K(65792K) Class: 10218K(10624K)->10218K(10624K)
[2025-12-29T01:12:51.136+0000][7814.724s][info][gc          ] GC(621) Pause Young (Normal) (G1 Evacuation Pause) 1036M->85M(1588M) 3.114ms
[2025-12-29T01:12:51.136+0000][7814.724s][info][gc,cpu      ] GC(621) User=0.01s Sys=0.00s Real=0.00s
[2025-12-29T01:13:04.253+0000][7827.841s][info][gc,start    ] GC(622) Pause Young (Normal) (G1 Evacuation Pause)
[2025-12-29T01:13:04.253+0000][7827.841s][info][gc,task     ] GC(622) Using 8 workers of 8 for evacuation
[2025-12-29T01:13:04.256+0000][7827.844s][info][gc,phases   ] GC(622)   Pre Evacuate Collection Set: 0.3ms
[2025-12-29T01:13:04.256+0000][7827.844s][info][gc,phases   ] GC(622)   Merge Heap Roots: 0.3ms
[2025-12-29T01:13:04.256+0000][7827.845s][info][gc,phases   ] GC(622)   Evacuate Collection Set: 1.4ms
[2025-12-29T01:13:04.256+0000][7827.845s][info][gc,phases   ] GC(622)   Post Evacuate Collection Set: 0.7ms
[2025-12-29T01:13:04.257+0000][7827.845s][info][gc,phases   ] GC(622)   Other: 1.0ms
[2025-12-29T01:13:04.257+0000][7827.845s][info][gc,heap     ] GC(622) Eden regions: 951->0(951)
[2025-12-29T01:13:04.257+0000][7827.845s][info][gc,heap     ] GC(622) Survivor regions: 1->1(119)
[2025-12-29T01:13:04.257+0000][7827.845s][info][gc,heap     ] GC(622) Old regions: 46->46
[2025-12-29T01:13:04.257+0000][7827.845s][info][gc,heap     ] GC(622) Archive regions: 2->2
[2025-12-29T01:13:04.257+0000][7827.845s][info][gc,heap     ] GC(622) Humongous regions: 39->39
[2025-12-29T01:13:04.257+0000][7827.845s][info][gc,metaspace] GC(622) Metaspace: 75604K(76416K)->75604K(76416K) NonClass: 65385K(65792K)->65385K(65792K) Class: 10218K(10624K)->10218K(10624K)
[2025-12-29T01:13:04.257+0000][7827.846s][info][gc          ] GC(622) Pause Young (Normal) (G1 Evacuation Pause) 1036M->85M(1588M) 4.878ms
[2025-12-29T01:13:04.258+0000][7827.846s][info][gc,cpu      ] GC(622) User=0.01s Sys=0.00s Real=0.00s
[2025-12-29T01:13:17.621+0000][7841.210s][info][gc,start    ] GC(623) Pause Young (Normal) (G1 Evacuation Pause)
[2025-12-29T01:13:17.622+0000][7841.210s][info][gc,task     ] GC(623) Using 8 workers of 8 for evacuation
[2025-12-29T01:13:17.625+0000][7841.213s][info][gc,phases   ] GC(623)   Pre Evacuate Collection Set: 0.3ms
[2025-12-29T01:13:17.625+0000][7841.214s][info][gc,phases   ] GC(623)   Merge Heap Roots: 0.2ms
[2025-12-29T01:13:17.626+0000][7841.214s][info][gc,phases   ] GC(623)   Evacuate Collection Set: 1.7ms
[2025-12-29T01:13:17.626+0000][7841.214s][info][gc,phases   ] GC(623)   Post Evacuate Collection Set: 0.7ms
[2025-12-29T01:13:17.626+0000][7841.214s][info][gc,phases   ] GC(623)   Other: 1.1ms
[2025-12-29T01:13:17.626+0000][7841.214s][info][gc,heap     ] GC(623) Eden regions: 951->0(951)
[2025-12-29T01:13:17.626+0000][7841.214s][info][gc,heap     ] GC(623) Survivor regions: 1->1(119)
[2025-12-29T01:13:17.626+0000][7841.214s][info][gc,heap     ] GC(623) Old regions: 46->46
[2025-12-29T01:13:17.626+0000][7841.214s][info][gc,heap     ] GC(623) Archive regions: 2->2
[2025-12-29T01:13:17.626+0000][7841.214s][info][gc,heap     ] GC(623) Humongous regions: 39->39
[2025-12-29T01:13:17.626+0000][7841.214s][info][gc,metaspace] GC(623) Metaspace: 75604K(76416K)->75604K(76416K) NonClass: 65385K(65792K)->65385K(65792K) Class: 10218K(10624K)->10218K(10624K)
[2025-12-29T01:13:17.626+0000][7841.214s][info][gc          ] GC(623) Pause Young (Normal) (G1 Evacuation Pause) 1036M->85M(1588M) 4.913ms
[2025-12-29T01:13:17.626+0000][7841.215s][info][gc,cpu      ] GC(623) User=0.01s Sys=0.00s Real=0.00s
[2025-12-29T01:13:30.606+0000][7854.194s][info][gc,start    ] GC(624) Pause Young (Normal) (G1 Evacuation Pause)
[2025-12-29T01:13:30.607+0000][7854.195s][info][gc,task     ] GC(624) Using 8 workers of 8 for evacuation
[2025-12-29T01:13:30.612+0000][7854.200s][info][gc,phases   ] GC(624)   Pre Evacuate Collection Set: 0.5ms
[2025-12-29T01:13:30.612+0000][7854.200s][info][gc,phases   ] GC(624)   Merge Heap Roots: 0.3ms
[2025-12-29T01:13:30.612+0000][7854.200s][info][gc,phases   ] GC(624)   Evacuate Collection Set: 2.1ms
[2025-12-29T01:13:30.612+0000][7854.200s][info][gc,phases   ] GC(624)   Post Evacuate Collection Set: 1.4ms
[2025-12-29T01:13:30.612+0000][7854.201s][info][gc,phases   ] GC(624)   Other: 1.5ms
[2025-12-29T01:13:30.612+0000][7854.201s][info][gc,heap     ] GC(624) Eden regions: 951->0(951)
[2025-12-29T01:13:30.613+0000][7854.201s][info][gc,heap     ] GC(624) Survivor regions: 1->1(119)
[2025-12-29T01:13:30.613+0000][7854.201s][info][gc,heap     ] GC(624) Old regions: 46->46
[2025-12-29T01:13:30.613+0000][7854.201s][info][gc,heap     ] GC(624) Archive regions: 2->2
[2025-12-29T01:13:30.613+0000][7854.201s][info][gc,heap     ] GC(624) Humongous regions: 39->39
[2025-12-29T01:13:30.613+0000][7854.201s][info][gc,metaspace] GC(624) Metaspace: 75604K(76416K)->75604K(76416K) NonClass: 65385K(65792K)->65385K(65792K) Class: 10218K(10624K)->10218K(10624K)
[2025-12-29T01:13:30.613+0000][7854.201s][info][gc          ] GC(624) Pause Young (Normal) (G1 Evacuation Pause) 1036M->85M(1588M) 7.132ms
[2025-12-29T01:13:30.613+0000][7854.202s][info][gc,cpu      ] GC(624) User=0.02s Sys=0.00s Real=0.01s
[2025-12-29T01:13:43.714+0000][7867.302s][info][gc,start    ] GC(625) Pause Young (Normal) (G1 Evacuation Pause)
[2025-12-29T01:13:43.714+0000][7867.302s][info][gc,task     ] GC(625) Using 8 workers of 8 for evacuation
[2025-12-29T01:13:43.716+0000][7867.305s][info][gc,phases   ] GC(625)   Pre Evacuate Collection Set: 0.2ms
[2025-12-29T01:13:43.716+0000][7867.305s][info][gc,phases   ] GC(625)   Merge Heap Roots: 0.2ms
[2025-12-29T01:13:43.717+0000][7867.305s][info][gc,phases   ] GC(625)   Evacuate Collection Set: 1.3ms
[2025-12-29T01:13:43.717+0000][7867.305s][info][gc,phases   ] GC(625)   Post Evacuate Collection Set: 0.4ms
[2025-12-29T01:13:43.717+0000][7867.305s][info][gc,phases   ] GC(625)   Other: 0.7ms
[2025-12-29T01:13:43.717+0000][7867.305s][info][gc,heap     ] GC(625) Eden regions: 951->0(951)
[2025-12-29T01:13:43.717+0000][7867.305s][info][gc,heap     ] GC(625) Survivor regions: 1->1(119)
[2025-12-29T01:13:43.717+0000][7867.305s][info][gc,heap     ] GC(625) Old regions: 46->46
[2025-12-29T01:13:43.717+0000][7867.305s][info][gc,heap     ] GC(625) Archive regions: 2->2
[2025-12-29T01:13:43.717+0000][7867.305s][info][gc,heap     ] GC(625) Humongous regions: 39->39
[2025-12-29T01:13:43.717+0000][7867.305s][info][gc,metaspace] GC(625) Metaspace: 75604K(76416K)->75604K(76416K) NonClass: 65385K(65792K)->65385K(65792K) Class: 10218K(10624K)->10218K(10624K)
[2025-12-29T01:13:43.717+0000][7867.306s][info][gc          ] GC(625) Pause Young (Normal) (G1 Evacuation Pause) 1036M->85M(1588M) 3.672ms
[2025-12-29T01:13:43.717+0000][7867.306s][info][gc,cpu      ] GC(625) User=0.01s Sys=0.00s Real=0.00s
[2025-12-29T01:13:56.724+0000][7880.312s][info][gc,start    ] GC(626) Pause Young (Normal) (G1 Evacuation Pause)
[2025-12-29T01:13:56.725+0000][7880.313s][info][gc,task     ] GC(626) Using 8 workers of 8 for evacuation
[2025-12-29T01:13:56.728+0000][7880.316s][info][gc,phases   ] GC(626)   Pre Evacuate Collection Set: 0.3ms
[2025-12-29T01:13:56.728+0000][7880.316s][info][gc,phases   ] GC(626)   Merge Heap Roots: 0.2ms
[2025-12-29T01:13:56.728+0000][7880.316s][info][gc,phases   ] GC(626)   Evacuate Collection Set: 1.2ms
[2025-12-29T01:13:56.728+0000][7880.317s][info][gc,phases   ] GC(626)   Post Evacuate Collection Set: 0.6ms
[2025-12-29T01:13:56.728+0000][7880.317s][info][gc,phases   ] GC(626)   Other: 1.3ms
[2025-12-29T01:13:56.729+0000][7880.317s][info][gc,heap     ] GC(626) Eden regions: 951->0(951)
[2025-12-29T01:13:56.729+0000][7880.317s][info][gc,heap     ] GC(626) Survivor regions: 1->1(119)
[2025-12-29T01:13:56.729+0000][7880.317s][info][gc,heap     ] GC(626) Old regions: 46->46
[2025-12-29T01:13:56.729+0000][7880.317s][info][gc,heap     ] GC(626) Archive regions: 2->2
[2025-12-29T01:13:56.729+0000][7880.317s][info][gc,heap     ] GC(626) Humongous regions: 39->39
[2025-12-29T01:13:56.729+0000][7880.317s][info][gc,metaspace] GC(626) Metaspace: 75604K(76416K)->75604K(76416K) NonClass: 65385K(65792K)->65385K(65792K) Class: 10218K(10624K)->10218K(10624K)
[2025-12-29T01:13:56.729+0000][7880.317s][info][gc          ] GC(626) Pause Young (Normal) (G1 Evacuation Pause) 1036M->85M(1588M) 4.897ms
[2025-12-29T01:13:56.729+0000][7880.318s][info][gc,cpu      ] GC(626) User=0.01s Sys=0.00s Real=0.00s
[2025-12-29T01:14:10.942+0000][7894.530s][info][gc,start    ] GC(627) Pause Young (Normal) (G1 Evacuation Pause)
[2025-12-29T01:14:10.943+0000][7894.531s][info][gc,task     ] GC(627) Using 8 workers of 8 for evacuation
[2025-12-29T01:14:10.946+0000][7894.534s][info][gc,phases   ] GC(627)   Pre Evacuate Collection Set: 0.3ms
[2025-12-29T01:14:10.946+0000][7894.534s][info][gc,phases   ] GC(627)   Merge Heap Roots: 0.2ms
[2025-12-29T01:14:10.946+0000][7894.534s][info][gc,phases   ] GC(627)   Evacuate Collection Set: 1.3ms
[2025-12-29T01:14:10.946+0000][7894.534s][info][gc,phases   ] GC(627)   Post Evacuate Collection Set: 0.8ms
[2025-12-29T01:14:10.946+0000][7894.534s][info][gc,phases   ] GC(627)   Other: 1.0ms
[2025-12-29T01:14:10.946+0000][7894.534s][info][gc,heap     ] GC(627) Eden regions: 951->0(951)
[2025-12-29T01:14:10.946+0000][7894.534s][info][gc,heap     ] GC(627) Survivor regions: 1->1(119)
[2025-12-29T01:14:10.946+0000][7894.534s][info][gc,heap     ] GC(627) Old regions: 46->46
[2025-12-29T01:14:10.946+0000][7894.535s][info][gc,heap     ] GC(627) Archive regions: 2->2
[2025-12-29T01:14:10.946+0000][7894.535s][info][gc,heap     ] GC(627) Humongous regions: 39->39
[2025-12-29T01:14:10.946+0000][7894.535s][info][gc,metaspace] GC(627) Metaspace: 75604K(76416K)->75604K(76416K) NonClass: 65385K(65792K)->65385K(65792K) Class: 10218K(10624K)->10218K(10624K)
[2025-12-29T01:14:10.947+0000][7894.535s][info][gc          ] GC(627) Pause Young (Normal) (G1 Evacuation Pause) 1036M->85M(1588M) 4.538ms
[2025-12-29T01:14:10.947+0000][7894.535s][info][gc,cpu      ] GC(627) User=0.01s Sys=0.00s Real=0.00s
[2025-12-29T01:14:24.219+0000][7907.807s][info][gc,start    ] GC(628) Pause Young (Normal) (G1 Evacuation Pause)
[2025-12-29T01:14:24.220+0000][7907.808s][info][gc,task     ] GC(628) Using 8 workers of 8 for evacuation
[2025-12-29T01:14:24.225+0000][7907.814s][info][gc,phases   ] GC(628)   Pre Evacuate Collection Set: 0.6ms
[2025-12-29T01:14:24.226+0000][7907.814s][info][gc,phases   ] GC(628)   Merge Heap Roots: 0.4ms
[2025-12-29T01:14:24.226+0000][7907.814s][info][gc,phases   ] GC(628)   Evacuate Collection Set: 2.7ms
[2025-12-29T01:14:24.226+0000][7907.814s][info][gc,phases   ] GC(628)   Post Evacuate Collection Set: 1.6ms
[2025-12-29T01:14:24.226+0000][7907.815s][info][gc,phases   ] GC(628)   Other: 1.9ms
[2025-12-29T01:14:24.227+0000][7907.815s][info][gc,heap     ] GC(628) Eden regions: 951->0(951)
[2025-12-29T01:14:24.227+0000][7907.815s][info][gc,heap     ] GC(628) Survivor regions: 1->1(119)
[2025-12-29T01:14:24.227+0000][7907.815s][info][gc,heap     ] GC(628) Old regions: 46->46
[2025-12-29T01:14:24.227+0000][7907.815s][info][gc,heap     ] GC(628) Archive regions: 2->2
[2025-12-29T01:14:24.227+0000][7907.815s][info][gc,heap     ] GC(628) Humongous regions: 39->39
[2025-12-29T01:14:24.227+0000][7907.816s][info][gc,metaspace] GC(628) Metaspace: 75604K(76416K)->75604K(76416K) NonClass: 65385K(65792K)->65385K(65792K) Class: 10218K(10624K)->10218K(10624K)
[2025-12-29T01:14:24.228+0000][7907.816s][info][gc          ] GC(628) Pause Young (Normal) (G1 Evacuation Pause) 1036M->85M(1588M) 9.076ms
[2025-12-29T01:14:24.228+0000][7907.816s][info][gc,cpu      ] GC(628) User=0.03s Sys=0.00s Real=0.01s
[2025-12-29T01:14:37.321+0000][7920.909s][info][gc,start    ] GC(629) Pause Young (Normal) (G1 Evacuation Pause)
[2025-12-29T01:14:37.322+0000][7920.910s][info][gc,task     ] GC(629) Using 8 workers of 8 for evacuation
[2025-12-29T01:14:37.326+0000][7920.914s][info][gc,phases   ] GC(629)   Pre Evacuate Collection Set: 0.3ms
[2025-12-29T01:14:37.326+0000][7920.914s][info][gc,phases   ] GC(629)   Merge Heap Roots: 0.2ms
[2025-12-29T01:14:37.326+0000][7920.914s][info][gc,phases   ] GC(629)   Evacuate Collection Set: 1.4ms
[2025-12-29T01:14:37.326+0000][7920.914s][info][gc,phases   ] GC(629)   Post Evacuate Collection Set: 1.3ms
[2025-12-29T01:14:37.327+0000][7920.915s][info][gc,phases   ] GC(629)   Other: 1.3ms
[2025-12-29T01:14:37.327+0000][7920.915s][info][gc,heap     ] GC(629) Eden regions: 951->0(951)
[2025-12-29T01:14:37.327+0000][7920.915s][info][gc,heap     ] GC(629) Survivor regions: 1->1(119)
[2025-12-29T01:14:37.327+0000][7920.915s][info][gc,heap     ] GC(629) Old regions: 46->46
[2025-12-29T01:14:37.327+0000][7920.915s][info][gc,heap     ] GC(629) Archive regions: 2->2
[2025-12-29T01:14:37.327+0000][7920.916s][info][gc,heap     ] GC(629) Humongous regions: 39->39
[2025-12-29T01:14:37.328+0000][7920.916s][info][gc,metaspace] GC(629) Metaspace: 75604K(76416K)->75604K(76416K) NonClass: 65385K(65792K)->65385K(65792K) Class: 10218K(10624K)->10218K(10624K)
[2025-12-29T01:14:37.328+0000][7920.916s][info][gc          ] GC(629) Pause Young (Normal) (G1 Evacuation Pause) 1036M->85M(1588M) 6.658ms
[2025-12-29T01:14:37.328+0000][7920.916s][info][gc,cpu      ] GC(629) User=0.01s Sys=0.00s Real=0.00s
[2025-12-29T01:14:50.365+0000][7933.954s][info][gc,start    ] GC(630) Pause Young (Normal) (G1 Evacuation Pause)
[2025-12-29T01:14:50.367+0000][7933.955s][info][gc,task     ] GC(630) Using 8 workers of 8 for evacuation
[2025-12-29T01:14:50.369+0000][7933.958s][info][gc,phases   ] GC(630)   Pre Evacuate Collection Set: 0.3ms
[2025-12-29T01:14:50.370+0000][7933.958s][info][gc,phases   ] GC(630)   Merge Heap Roots: 0.2ms
[2025-12-29T01:14:50.370+0000][7933.958s][info][gc,phases   ] GC(630)   Evacuate Collection Set: 1.3ms
[2025-12-29T01:14:50.370+0000][7933.958s][info][gc,phases   ] GC(630)   Post Evacuate Collection Set: 0.7ms
[2025-12-29T01:14:50.370+0000][7933.958s][info][gc,phases   ] GC(630)   Other: 1.5ms
[2025-12-29T01:14:50.370+0000][7933.958s][info][gc,heap     ] GC(630) Eden regions: 951->0(951)
[2025-12-29T01:14:50.370+0000][7933.959s][info][gc,heap     ] GC(630) Survivor regions: 1->1(119)
[2025-12-29T01:14:50.370+0000][7933.959s][info][gc,heap     ] GC(630) Old regions: 46->46
[2025-12-29T01:14:50.371+0000][7933.959s][info][gc,heap     ] GC(630) Archive regions: 2->2
[2025-12-29T01:14:50.371+0000][7933.959s][info][gc,heap     ] GC(630) Humongous regions: 39->39
[2025-12-29T01:14:50.371+0000][7933.959s][info][gc,metaspace] GC(630) Metaspace: 75604K(76416K)->75604K(76416K) NonClass: 65385K(65792K)->65385K(65792K) Class: 10218K(10624K)->10218K(10624K)
[2025-12-29T01:14:50.371+0000][7933.959s][info][gc          ] GC(630) Pause Young (Normal) (G1 Evacuation Pause) 1036M->85M(1588M) 5.374ms
[2025-12-29T01:14:50.371+0000][7933.959s][info][gc,cpu      ] GC(630) User=0.01s Sys=0.00s Real=0.01s
[2025-12-29T01:15:03.696+0000][7947.284s][info][gc,start    ] GC(631) Pause Young (Normal) (G1 Evacuation Pause)
[2025-12-29T01:15:03.696+0000][7947.284s][info][gc,task     ] GC(631) Using 8 workers of 8 for evacuation
[2025-12-29T01:15:03.699+0000][7947.287s][info][gc,phases   ] GC(631)   Pre Evacuate Collection Set: 0.4ms
[2025-12-29T01:15:03.699+0000][7947.287s][info][gc,phases   ] GC(631)   Merge Heap Roots: 0.2ms
[2025-12-29T01:15:03.699+0000][7947.288s][info][gc,phases   ] GC(631)   Evacuate Collection Set: 1.7ms
[2025-12-29T01:15:03.699+0000][7947.288s][info][gc,phases   ] GC(631)   Post Evacuate Collection Set: 0.7ms
[2025-12-29T01:15:03.699+0000][7947.288s][info][gc,phases   ] GC(631)   Other: 0.8ms
[2025-12-29T01:15:03.699+0000][7947.288s][info][gc,heap     ] GC(631) Eden regions: 951->0(951)
[2025-12-29T01:15:03.699+0000][7947.288s][info][gc,heap     ] GC(631) Survivor regions: 1->1(119)
[2025-12-29T01:15:03.699+0000][7947.288s][info][gc,heap     ] GC(631) Old regions: 46->46
[2025-12-29T01:15:03.700+0000][7947.288s][info][gc,heap     ] GC(631) Archive regions: 2->2
[2025-12-29T01:15:03.700+0000][7947.288s][info][gc,heap     ] GC(631) Humongous regions: 39->39
[2025-12-29T01:15:03.700+0000][7947.288s][info][gc,metaspace] GC(631) Metaspace: 75604K(76416K)->75604K(76416K) NonClass: 65385K(65792K)->65385K(65792K) Class: 10218K(10624K)->10218K(10624K)
[2025-12-29T01:15:03.700+0000][7947.288s][info][gc          ] GC(631) Pause Young (Normal) (G1 Evacuation Pause) 1036M->85M(1588M) 3.864ms
[2025-12-29T01:15:03.700+0000][7947.288s][info][gc,cpu      ] GC(631) User=0.02s Sys=0.00s Real=0.00s
[2025-12-29T01:15:17.061+0000][7960.649s][info][gc,start    ] GC(632) Pause Young (Normal) (G1 Evacuation Pause)
[2025-12-29T01:15:17.063+0000][7960.651s][info][gc,task     ] GC(632) Using 8 workers of 8 for evacuation
[2025-12-29T01:15:17.076+0000][7960.664s][info][gc,phases   ] GC(632)   Pre Evacuate Collection Set: 1.0ms
[2025-12-29T01:15:17.076+0000][7960.664s][info][gc,phases   ] GC(632)   Merge Heap Roots: 0.5ms
[2025-12-29T01:15:17.076+0000][7960.665s][info][gc,phases   ] GC(632)   Evacuate Collection Set: 7.3ms
[2025-12-29T01:15:17.077+0000][7960.665s][info][gc,phases   ] GC(632)   Post Evacuate Collection Set: 3.6ms
[2025-12-29T01:15:17.077+0000][7960.665s][info][gc,phases   ] GC(632)   Other: 4.1ms
[2025-12-29T01:15:17.077+0000][7960.665s][info][gc,heap     ] GC(632) Eden regions: 951->0(951)
[2025-12-29T01:15:17.077+0000][7960.665s][info][gc,heap     ] GC(632) Survivor regions: 1->1(119)
[2025-12-29T01:15:17.077+0000][7960.665s][info][gc,heap     ] GC(632) Old regions: 46->46
[2025-12-29T01:15:17.077+0000][7960.665s][info][gc,heap     ] GC(632) Archive regions: 2->2
[2025-12-29T01:15:17.077+0000][7960.665s][info][gc,heap     ] GC(632) Humongous regions: 39->39
[2025-12-29T01:15:17.077+0000][7960.666s][info][gc,metaspace] GC(632) Metaspace: 75604K(76416K)->75604K(76416K) NonClass: 65385K(65792K)->65385K(65792K) Class: 10218K(10624K)->10218K(10624K)
[2025-12-29T01:15:17.078+0000][7960.666s][info][gc          ] GC(632) Pause Young (Normal) (G1 Evacuation Pause) 1036M->85M(1588M) 17.038ms
[2025-12-29T01:15:17.078+0000][7960.666s][info][gc,cpu      ] GC(632) User=0.08s Sys=0.00s Real=0.02s
[2025-12-29T01:15:29.974+0000][7973.562s][info][gc,start    ] GC(633) Pause Young (Normal) (G1 Evacuation Pause)
[2025-12-29T01:15:29.975+0000][7973.563s][info][gc,task     ] GC(633) Using 8 workers of 8 for evacuation
[2025-12-29T01:15:29.979+0000][7973.567s][info][gc,phases   ] GC(633)   Pre Evacuate Collection Set: 0.6ms
[2025-12-29T01:15:29.979+0000][7973.568s][info][gc,phases   ] GC(633)   Merge Heap Roots: 0.4ms
[2025-12-29T01:15:29.980+0000][7973.568s][info][gc,phases   ] GC(633)   Evacuate Collection Set: 2.0ms
[2025-12-29T01:15:29.980+0000][7973.568s][info][gc,phases   ] GC(633)   Post Evacuate Collection Set: 1.1ms
[2025-12-29T01:15:29.980+0000][7973.568s][info][gc,phases   ] GC(633)   Other: 1.5ms
[2025-12-29T01:15:29.980+0000][7973.568s][info][gc,heap     ] GC(633) Eden regions: 951->0(951)
[2025-12-29T01:15:29.980+0000][7973.568s][info][gc,heap     ] GC(633) Survivor regions: 1->1(119)
[2025-12-29T01:15:29.980+0000][7973.569s][info][gc,heap     ] GC(633) Old regions: 46->46
[2025-12-29T01:15:29.981+0000][7973.569s][info][gc,heap     ] GC(633) Archive regions: 2->2
[2025-12-29T01:15:29.981+0000][7973.569s][info][gc,heap     ] GC(633) Humongous regions: 39->39
[2025-12-29T01:15:29.981+0000][7973.569s][info][gc,metaspace] GC(633) Metaspace: 75604K(76416K)->75604K(76416K) NonClass: 65385K(65792K)->65385K(65792K) Class: 10218K(10624K)->10218K(10624K)
[2025-12-29T01:15:29.981+0000][7973.569s][info][gc          ] GC(633) Pause Young (Normal) (G1 Evacuation Pause) 1036M->85M(1588M) 7.415ms
[2025-12-29T01:15:29.982+0000][7973.570s][info][gc,cpu      ] GC(633) User=0.02s Sys=0.00s Real=0.01s
[2025-12-29T01:15:43.230+0000][7986.818s][info][gc,start    ] GC(634) Pause Young (Normal) (G1 Evacuation Pause)
[2025-12-29T01:15:43.231+0000][7986.819s][info][gc,task     ] GC(634) Using 8 workers of 8 for evacuation
[2025-12-29T01:15:43.235+0000][7986.824s][info][gc,phases   ] GC(634)   Pre Evacuate Collection Set: 0.6ms
[2025-12-29T01:15:43.236+0000][7986.825s][info][gc,phases   ] GC(634)   Merge Heap Roots: 0.3ms
[2025-12-29T01:15:43.238+0000][7986.827s][info][gc,phases   ] GC(634)   Evacuate Collection Set: 1.9ms
[2025-12-29T01:15:43.239+0000][7986.827s][info][gc,phases   ] GC(634)   Post Evacuate Collection Set: 1.1ms
[2025-12-29T01:15:43.239+0000][7986.827s][info][gc,phases   ] GC(634)   Other: 1.6ms
[2025-12-29T01:15:43.239+0000][7986.827s][info][gc,heap     ] GC(634) Eden regions: 951->0(951)
[2025-12-29T01:15:43.239+0000][7986.827s][info][gc,heap     ] GC(634) Survivor regions: 1->1(119)
[2025-12-29T01:15:43.239+0000][7986.827s][info][gc,heap     ] GC(634) Old regions: 46->46
[2025-12-29T01:15:43.239+0000][7986.828s][info][gc,heap     ] GC(634) Archive regions: 2->2
[2025-12-29T01:15:43.239+0000][7986.828s][info][gc,heap     ] GC(634) Humongous regions: 39->39
[2025-12-29T01:15:43.240+0000][7986.828s][info][gc,metaspace] GC(634) Metaspace: 75604K(76416K)->75604K(76416K) NonClass: 65385K(65792K)->65385K(65792K) Class: 10218K(10624K)->10218K(10624K)
[2025-12-29T01:15:43.240+0000][7986.828s][info][gc          ] GC(634) Pause Young (Normal) (G1 Evacuation Pause) 1036M->85M(1588M) 9.542ms
[2025-12-29T01:15:43.240+0000][7986.828s][info][gc,cpu      ] GC(634) User=0.02s Sys=0.00s Real=0.01s
[2025-12-29T01:15:56.186+0000][7999.775s][info][gc,start    ] GC(635) Pause Young (Normal) (G1 Evacuation Pause)
[2025-12-29T01:15:56.187+0000][7999.776s][info][gc,task     ] GC(635) Using 8 workers of 8 for evacuation
[2025-12-29T01:15:56.201+0000][7999.789s][info][gc,phases   ] GC(635)   Pre Evacuate Collection Set: 0.6ms
[2025-12-29T01:15:56.201+0000][7999.789s][info][gc,phases   ] GC(635)   Merge Heap Roots: 0.6ms
[2025-12-29T01:15:56.201+0000][7999.789s][info][gc,phases   ] GC(635)   Evacuate Collection Set: 8.4ms
[2025-12-29T01:15:56.201+0000][7999.790s][info][gc,phases   ] GC(635)   Post Evacuate Collection Set: 3.5ms
[2025-12-29T01:15:56.202+0000][7999.790s][info][gc,phases   ] GC(635)   Other: 1.5ms
[2025-12-29T01:15:56.202+0000][7999.790s][info][gc,heap     ] GC(635) Eden regions: 951->0(951)
[2025-12-29T01:15:56.202+0000][7999.790s][info][gc,heap     ] GC(635) Survivor regions: 1->1(119)
[2025-12-29T01:15:56.202+0000][7999.790s][info][gc,heap     ] GC(635) Old regions: 46->46
[2025-12-29T01:15:56.202+0000][7999.790s][info][gc,heap     ] GC(635) Archive regions: 2->2
[2025-12-29T01:15:56.202+0000][7999.790s][info][gc,heap     ] GC(635) Humongous regions: 39->39
[2025-12-29T01:15:56.202+0000][7999.790s][info][gc,metaspace] GC(635) Metaspace: 75604K(76416K)->75604K(76416K) NonClass: 65385K(65792K)->65385K(65792K) Class: 10218K(10624K)->10218K(10624K)
[2025-12-29T01:15:56.202+0000][7999.791s][info][gc          ] GC(635) Pause Young (Normal) (G1 Evacuation Pause) 1036M->85M(1588M) 16.005ms
[2025-12-29T01:15:56.203+0000][7999.791s][info][gc,cpu      ] GC(635) User=0.06s Sys=0.00s Real=0.02s
[2025-12-29T01:16:10.919+0000][8014.507s][info][gc,start    ] GC(636) Pause Young (Normal) (G1 Evacuation Pause)
[2025-12-29T01:16:10.920+0000][8014.508s][info][gc,task     ] GC(636) Using 8 workers of 8 for evacuation
[2025-12-29T01:16:10.923+0000][8014.512s][info][gc,phases   ] GC(636)   Pre Evacuate Collection Set: 0.4ms
[2025-12-29T01:16:10.924+0000][8014.512s][info][gc,phases   ] GC(636)   Merge Heap Roots: 0.2ms
[2025-12-29T01:16:10.924+0000][8014.512s][info][gc,phases   ] GC(636)   Evacuate Collection Set: 1.6ms
[2025-12-29T01:16:10.924+0000][8014.512s][info][gc,phases   ] GC(636)   Post Evacuate Collection Set: 0.9ms
[2025-12-29T01:16:10.924+0000][8014.512s][info][gc,phases   ] GC(636)   Other: 1.7ms
[2025-12-29T01:16:10.924+0000][8014.512s][info][gc,heap     ] GC(636) Eden regions: 951->0(951)
[2025-12-29T01:16:10.924+0000][8014.512s][info][gc,heap     ] GC(636) Survivor regions: 1->1(119)
[2025-12-29T01:16:10.924+0000][8014.513s][info][gc,heap     ] GC(636) Old regions: 46->46
[2025-12-29T01:16:10.925+0000][8014.513s][info][gc,heap     ] GC(636) Archive regions: 2->2
[2025-12-29T01:16:10.925+0000][8014.513s][info][gc,heap     ] GC(636) Humongous regions: 39->39
[2025-12-29T01:16:10.925+0000][8014.513s][info][gc,metaspace] GC(636) Metaspace: 75604K(76416K)->75604K(76416K) NonClass: 65385K(65792K)->65385K(65792K) Class: 10218K(10624K)->10218K(10624K)
[2025-12-29T01:16:10.925+0000][8014.513s][info][gc          ] GC(636) Pause Young (Normal) (G1 Evacuation Pause) 1036M->85M(1588M) 5.865ms
[2025-12-29T01:16:10.925+0000][8014.513s][info][gc,cpu      ] GC(636) User=0.01s Sys=0.00s Real=0.01s
[2025-12-29T01:16:23.862+0000][8027.450s][info][gc,start    ] GC(637) Pause Young (Normal) (G1 Evacuation Pause)
[2025-12-29T01:16:23.865+0000][8027.453s][info][gc,task     ] GC(637) Using 8 workers of 8 for evacuation
[2025-12-29T01:16:23.869+0000][8027.458s][info][gc,phases   ] GC(637)   Pre Evacuate Collection Set: 0.4ms
[2025-12-29T01:16:23.870+0000][8027.458s][info][gc,phases   ] GC(637)   Merge Heap Roots: 0.2ms
[2025-12-29T01:16:23.870+0000][8027.458s][info][gc,phases   ] GC(637)   Evacuate Collection Set: 2.1ms
[2025-12-29T01:16:23.870+0000][8027.458s][info][gc,phases   ] GC(637)   Post Evacuate Collection Set: 1.7ms
[2025-12-29T01:16:23.870+0000][8027.458s][info][gc,phases   ] GC(637)   Other: 3.4ms
[2025-12-29T01:16:23.870+0000][8027.458s][info][gc,heap     ] GC(637) Eden regions: 951->0(951)
[2025-12-29T01:16:23.870+0000][8027.458s][info][gc,heap     ] GC(637) Survivor regions: 1->1(119)
[2025-12-29T01:16:23.870+0000][8027.458s][info][gc,heap     ] GC(637) Old regions: 46->46
[2025-12-29T01:16:23.870+0000][8027.458s][info][gc,heap     ] GC(637) Archive regions: 2->2
[2025-12-29T01:16:23.870+0000][8027.459s][info][gc,heap     ] GC(637) Humongous regions: 39->39
[2025-12-29T01:16:23.871+0000][8027.459s][info][gc,metaspace] GC(637) Metaspace: 75604K(76416K)->75604K(76416K) NonClass: 65385K(65792K)->65385K(65792K) Class: 10218K(10624K)->10218K(10624K)
[2025-12-29T01:16:23.871+0000][8027.459s][info][gc          ] GC(637) Pause Young (Normal) (G1 Evacuation Pause) 1036M->85M(1588M) 9.153ms
[2025-12-29T01:16:23.871+0000][8027.459s][info][gc,cpu      ] GC(637) User=0.02s Sys=0.00s Real=0.01s
[2025-12-29T01:16:36.933+0000][8040.521s][info][gc,start    ] GC(638) Pause Young (Normal) (G1 Evacuation Pause)
[2025-12-29T01:16:36.934+0000][8040.522s][info][gc,task     ] GC(638) Using 8 workers of 8 for evacuation
[2025-12-29T01:16:36.937+0000][8040.525s][info][gc,phases   ] GC(638)   Pre Evacuate Collection Set: 0.3ms
[2025-12-29T01:16:36.937+0000][8040.525s][info][gc,phases   ] GC(638)   Merge Heap Roots: 0.4ms
[2025-12-29T01:16:36.937+0000][8040.526s][info][gc,phases   ] GC(638)   Evacuate Collection Set: 1.4ms
[2025-12-29T01:16:36.938+0000][8040.526s][info][gc,phases   ] GC(638)   Post Evacuate Collection Set: 0.7ms
[2025-12-29T01:16:36.938+0000][8040.526s][info][gc,phases   ] GC(638)   Other: 1.6ms
[2025-12-29T01:16:36.938+0000][8040.526s][info][gc,heap     ] GC(638) Eden regions: 951->0(951)
[2025-12-29T01:16:36.938+0000][8040.526s][info][gc,heap     ] GC(638) Survivor regions: 1->1(119)
[2025-12-29T01:16:36.938+0000][8040.526s][info][gc,heap     ] GC(638) Old regions: 46->46
[2025-12-29T01:16:36.938+0000][8040.527s][info][gc,heap     ] GC(638) Archive regions: 2->2
[2025-12-29T01:16:36.938+0000][8040.527s][info][gc,heap     ] GC(638) Humongous regions: 39->39
[2025-12-29T01:16:36.939+0000][8040.527s][info][gc,metaspace] GC(638) Metaspace: 75604K(76416K)->75604K(76416K) NonClass: 65385K(65792K)->65385K(65792K) Class: 10218K(10624K)->10218K(10624K)
[2025-12-29T01:16:36.939+0000][8040.527s][info][gc          ] GC(638) Pause Young (Normal) (G1 Evacuation Pause) 1036M->85M(1588M) 6.085ms
[2025-12-29T01:16:36.939+0000][8040.527s][info][gc,cpu      ] GC(638) User=0.02s Sys=0.00s Real=0.00s
[2025-12-29T01:16:49.797+0000][8053.386s][info][gc,start    ] GC(639) Pause Young (Normal) (G1 Evacuation Pause)
[2025-12-29T01:16:49.798+0000][8053.386s][info][gc,task     ] GC(639) Using 8 workers of 8 for evacuation
[2025-12-29T01:16:49.801+0000][8053.389s][info][gc,phases   ] GC(639)   Pre Evacuate Collection Set: 0.3ms
[2025-12-29T01:16:49.801+0000][8053.390s][info][gc,phases   ] GC(639)   Merge Heap Roots: 0.3ms
[2025-12-29T01:16:49.802+0000][8053.390s][info][gc,phases   ] GC(639)   Evacuate Collection Set: 1.5ms
[2025-12-29T01:16:49.802+0000][8053.390s][info][gc,phases   ] GC(639)   Post Evacuate Collection Set: 0.6ms
[2025-12-29T01:16:49.802+0000][8053.390s][info][gc,phases   ] GC(639)   Other: 1.5ms
[2025-12-29T01:16:49.802+0000][8053.390s][info][gc,heap     ] GC(639) Eden regions: 951->0(951)
[2025-12-29T01:16:49.802+0000][8053.390s][info][gc,heap     ] GC(639) Survivor regions: 1->1(119)
[2025-12-29T01:16:49.802+0000][8053.390s][info][gc,heap     ] GC(639) Old regions: 46->46
[2025-12-29T01:16:49.802+0000][8053.391s][info][gc,heap     ] GC(639) Archive regions: 2->2
[2025-12-29T01:16:49.802+0000][8053.391s][info][gc,heap     ] GC(639) Humongous regions: 39->39
[2025-12-29T01:16:49.803+0000][8053.391s][info][gc,metaspace] GC(639) Metaspace: 75604K(76416K)->75604K(76416K) NonClass: 65385K(65792K)->65385K(65792K) Class: 10218K(10624K)->10218K(10624K)
[2025-12-29T01:16:49.803+0000][8053.391s][info][gc          ] GC(639) Pause Young (Normal) (G1 Evacuation Pause) 1036M->85M(1588M) 5.390ms
[2025-12-29T01:16:49.803+0000][8053.391s][info][gc,cpu      ] GC(639) User=0.01s Sys=0.00s Real=0.01s
[2025-12-29T01:17:01.914+0000][8065.502s][info][gc,start    ] GC(640) Pause Young (Normal) (G1 Evacuation Pause)
[2025-12-29T01:17:01.915+0000][8065.503s][info][gc,task     ] GC(640) Using 8 workers of 8 for evacuation
[2025-12-29T01:17:01.916+0000][8065.505s][info][gc,phases   ] GC(640)   Pre Evacuate Collection Set: 0.2ms
[2025-12-29T01:17:01.916+0000][8065.505s][info][gc,phases   ] GC(640)   Merge Heap Roots: 0.1ms
[2025-12-29T01:17:01.916+0000][8065.505s][info][gc,phases   ] GC(640)   Evacuate Collection Set: 0.8ms
[2025-12-29T01:17:01.917+0000][8065.505s][info][gc,phases   ] GC(640)   Post Evacuate Collection Set: 0.4ms
[2025-12-29T01:17:01.917+0000][8065.505s][info][gc,phases   ] GC(640)   Other: 0.6ms
[2025-12-29T01:17:01.917+0000][8065.505s][info][gc,heap     ] GC(640) Eden regions: 951->0(951)
[2025-12-29T01:17:01.917+0000][8065.505s][info][gc,heap     ] GC(640) Survivor regions: 1->1(119)
[2025-12-29T01:17:01.917+0000][8065.505s][info][gc,heap     ] GC(640) Old regions: 46->46
[2025-12-29T01:17:01.917+0000][8065.505s][info][gc,heap     ] GC(640) Archive regions: 2->2
[2025-12-29T01:17:01.917+0000][8065.505s][info][gc,heap     ] GC(640) Humongous regions: 39->39
[2025-12-29T01:17:01.917+0000][8065.505s][info][gc,metaspace] GC(640) Metaspace: 75604K(76416K)->75604K(76416K) NonClass: 65385K(65792K)->65385K(65792K) Class: 10218K(10624K)->10218K(10624K)
[2025-12-29T01:17:01.917+0000][8065.505s][info][gc          ] GC(640) Pause Young (Normal) (G1 Evacuation Pause) 1036M->85M(1588M) 2.934ms
[2025-12-29T01:17:01.917+0000][8065.505s][info][gc,cpu      ] GC(640) User=0.00s Sys=0.00s Real=0.00s
[2025-12-29T01:17:14.056+0000][8077.644s][info][gc,start    ] GC(641) Pause Young (Normal) (G1 Evacuation Pause)
[2025-12-29T01:17:14.056+0000][8077.645s][info][gc,task     ] GC(641) Using 8 workers of 8 for evacuation
[2025-12-29T01:17:14.067+0000][8077.655s][info][gc,phases   ] GC(641)   Pre Evacuate Collection Set: 0.5ms
[2025-12-29T01:17:14.067+0000][8077.655s][info][gc,phases   ] GC(641)   Merge Heap Roots: 0.3ms
[2025-12-29T01:17:14.067+0000][8077.655s][info][gc,phases   ] GC(641)   Evacuate Collection Set: 7.6ms
[2025-12-29T01:17:14.067+0000][8077.655s][info][gc,phases   ] GC(641)   Post Evacuate Collection Set: 1.5ms
[2025-12-29T01:17:14.067+0000][8077.655s][info][gc,phases   ] GC(641)   Other: 1.1ms
[2025-12-29T01:17:14.067+0000][8077.655s][info][gc,heap     ] GC(641) Eden regions: 951->0(951)
[2025-12-29T01:17:14.067+0000][8077.655s][info][gc,heap     ] GC(641) Survivor regions: 1->1(119)
[2025-12-29T01:17:14.067+0000][8077.656s][info][gc,heap     ] GC(641) Old regions: 46->46
[2025-12-29T01:17:14.067+0000][8077.656s][info][gc,heap     ] GC(641) Archive regions: 2->2
[2025-12-29T01:17:14.068+0000][8077.656s][info][gc,heap     ] GC(641) Humongous regions: 39->39
[2025-12-29T01:17:14.068+0000][8077.656s][info][gc,metaspace] GC(641) Metaspace: 75613K(76416K)->75613K(76416K) NonClass: 65394K(65792K)->65394K(65792K) Class: 10218K(10624K)->10218K(10624K)
[2025-12-29T01:17:14.068+0000][8077.656s][info][gc          ] GC(641) Pause Young (Normal) (G1 Evacuation Pause) 1036M->85M(1588M) 11.705ms
[2025-12-29T01:17:14.068+0000][8077.656s][info][gc,cpu      ] GC(641) User=0.06s Sys=0.00s Real=0.01s
[2025-12-29T01:17:26.028+0000][8089.616s][info][gc,start    ] GC(642) Pause Young (Normal) (G1 Evacuation Pause)
[2025-12-29T01:17:26.029+0000][8089.617s][info][gc,task     ] GC(642) Using 8 workers of 8 for evacuation
[2025-12-29T01:17:26.037+0000][8089.625s][info][gc,phases   ] GC(642)   Pre Evacuate Collection Set: 0.6ms
[2025-12-29T01:17:26.037+0000][8089.625s][info][gc,phases   ] GC(642)   Merge Heap Roots: 0.2ms
[2025-12-29T01:17:26.037+0000][8089.625s][info][gc,phases   ] GC(642)   Evacuate Collection Set: 3.5ms
[2025-12-29T01:17:26.037+0000][8089.625s][info][gc,phases   ] GC(642)   Post Evacuate Collection Set: 2.9ms
[2025-12-29T01:17:26.038+0000][8089.627s][info][gc,phases   ] GC(642)   Other: 1.8ms
[2025-12-29T01:17:26.039+0000][8089.627s][info][gc,heap     ] GC(642) Eden regions: 951->0(951)
[2025-12-29T01:17:26.039+0000][8089.627s][info][gc,heap     ] GC(642) Survivor regions: 1->1(119)
[2025-12-29T01:17:26.039+0000][8089.627s][info][gc,heap     ] GC(642) Old regions: 46->46
[2025-12-29T01:17:26.039+0000][8089.627s][info][gc,heap     ] GC(642) Archive regions: 2->2
[2025-12-29T01:17:26.039+0000][8089.627s][info][gc,heap     ] GC(642) Humongous regions: 39->39
[2025-12-29T01:17:26.039+0000][8089.627s][info][gc,metaspace] GC(642) Metaspace: 75613K(76416K)->75613K(76416K) NonClass: 65394K(65792K)->65394K(65792K) Class: 10218K(10624K)->10218K(10624K)
[2025-12-29T01:17:26.039+0000][8089.628s][info][gc          ] GC(642) Pause Young (Normal) (G1 Evacuation Pause) 1036M->86M(1588M) 11.841ms
[2025-12-29T01:17:26.040+0000][8089.628s][info][gc,cpu      ] GC(642) User=0.04s Sys=0.00s Real=0.01s
[2025-12-29T01:17:39.452+0000][8103.040s][info][gc,start    ] GC(643) Pause Young (Normal) (G1 Evacuation Pause)
[2025-12-29T01:17:39.453+0000][8103.041s][info][gc,task     ] GC(643) Using 8 workers of 8 for evacuation
[2025-12-29T01:17:39.462+0000][8103.050s][info][gc,phases   ] GC(643)   Pre Evacuate Collection Set: 0.7ms
[2025-12-29T01:17:39.462+0000][8103.050s][info][gc,phases   ] GC(643)   Merge Heap Roots: 0.9ms
[2025-12-29T01:17:39.462+0000][8103.050s][info][gc,phases   ] GC(643)   Evacuate Collection Set: 5.2ms
[2025-12-29T01:17:39.462+0000][8103.050s][info][gc,phases   ] GC(643)   Post Evacuate Collection Set: 1.6ms
[2025-12-29T01:17:39.462+0000][8103.050s][info][gc,phases   ] GC(643)   Other: 1.9ms
[2025-12-29T01:17:39.462+0000][8103.051s][info][gc,heap     ] GC(643) Eden regions: 951->0(951)
[2025-12-29T01:17:39.462+0000][8103.051s][info][gc,heap     ] GC(643) Survivor regions: 1->1(119)
[2025-12-29T01:17:39.463+0000][8103.051s][info][gc,heap     ] GC(643) Old regions: 46->46
[2025-12-29T01:17:39.463+0000][8103.051s][info][gc,heap     ] GC(643) Archive regions: 2->2
[2025-12-29T01:17:39.463+0000][8103.051s][info][gc,heap     ] GC(643) Humongous regions: 39->39
[2025-12-29T01:17:39.463+0000][8103.051s][info][gc,metaspace] GC(643) Metaspace: 75613K(76416K)->75613K(76416K) NonClass: 65394K(65792K)->65394K(65792K) Class: 10218K(10624K)->10218K(10624K)
[2025-12-29T01:17:39.463+0000][8103.051s][info][gc          ] GC(643) Pause Young (Normal) (G1 Evacuation Pause) 1037M->85M(1588M) 10.981ms
[2025-12-29T01:17:39.463+0000][8103.051s][info][gc,cpu      ] GC(643) User=0.05s Sys=0.00s Real=0.01s
[2025-12-29T01:17:51.144+0000][8114.732s][info][gc,start    ] GC(644) Pause Young (Normal) (G1 Evacuation Pause)
[2025-12-29T01:17:51.145+0000][8114.733s][info][gc,task     ] GC(644) Using 8 workers of 8 for evacuation
[2025-12-29T01:17:51.147+0000][8114.735s][info][gc,phases   ] GC(644)   Pre Evacuate Collection Set: 0.3ms
[2025-12-29T01:17:51.147+0000][8114.735s][info][gc,phases   ] GC(644)   Merge Heap Roots: 0.2ms
[2025-12-29T01:17:51.147+0000][8114.735s][info][gc,phases   ] GC(644)   Evacuate Collection Set: 1.1ms
[2025-12-29T01:17:51.147+0000][8114.735s][info][gc,phases   ] GC(644)   Post Evacuate Collection Set: 0.6ms
[2025-12-29T01:17:51.147+0000][8114.736s][info][gc,phases   ] GC(644)   Other: 1.2ms
[2025-12-29T01:17:51.147+0000][8114.736s][info][gc,heap     ] GC(644) Eden regions: 951->0(951)
[2025-12-29T01:17:51.148+0000][8114.736s][info][gc,heap     ] GC(644) Survivor regions: 1->1(119)
[2025-12-29T01:17:51.148+0000][8114.736s][info][gc,heap     ] GC(644) Old regions: 46->46
[2025-12-29T01:17:51.148+0000][8114.736s][info][gc,heap     ] GC(644) Archive regions: 2->2
[2025-12-29T01:17:51.148+0000][8114.736s][info][gc,heap     ] GC(644) Humongous regions: 39->39
[2025-12-29T01:17:51.148+0000][8114.736s][info][gc,metaspace] GC(644) Metaspace: 75613K(76416K)->75613K(76416K) NonClass: 65394K(65792K)->65394K(65792K) Class: 10218K(10624K)->10218K(10624K)
[2025-12-29T01:17:51.148+0000][8114.736s][info][gc          ] GC(644) Pause Young (Normal) (G1 Evacuation Pause) 1036M->85M(1588M) 4.349ms
[2025-12-29T01:17:51.148+0000][8114.736s][info][gc,cpu      ] GC(644) User=0.01s Sys=0.00s Real=0.00s
[2025-12-29T01:18:02.706+0000][8126.294s][info][gc,start    ] GC(645) Pause Young (Normal) (G1 Evacuation Pause)
[2025-12-29T01:18:02.707+0000][8126.295s][info][gc,task     ] GC(645) Using 8 workers of 8 for evacuation
[2025-12-29T01:18:02.720+0000][8126.308s][info][gc,phases   ] GC(645)   Pre Evacuate Collection Set: 1.3ms
[2025-12-29T01:18:02.720+0000][8126.308s][info][gc,phases   ] GC(645)   Merge Heap Roots: 1.1ms
[2025-12-29T01:18:02.720+0000][8126.308s][info][gc,phases   ] GC(645)   Evacuate Collection Set: 6.6ms
[2025-12-29T01:18:02.720+0000][8126.308s][info][gc,phases   ] GC(645)   Post Evacuate Collection Set: 2.7ms
[2025-12-29T01:18:02.720+0000][8126.309s][info][gc,phases   ] GC(645)   Other: 2.6ms
[2025-12-29T01:18:02.720+0000][8126.309s][info][gc,heap     ] GC(645) Eden regions: 951->0(951)
[2025-12-29T01:18:02.720+0000][8126.309s][info][gc,heap     ] GC(645) Survivor regions: 1->1(119)
[2025-12-29T01:18:02.721+0000][8126.309s][info][gc,heap     ] GC(645) Old regions: 46->46
[2025-12-29T01:18:02.721+0000][8126.309s][info][gc,heap     ] GC(645) Archive regions: 2->2
[2025-12-29T01:18:02.721+0000][8126.309s][info][gc,heap     ] GC(645) Humongous regions: 39->39
[2025-12-29T01:18:02.721+0000][8126.309s][info][gc,metaspace] GC(645) Metaspace: 75613K(76416K)->75613K(76416K) NonClass: 65394K(65792K)->65394K(65792K) Class: 10218K(10624K)->10218K(10624K)
[2025-12-29T01:18:02.721+0000][8126.309s][info][gc          ] GC(645) Pause Young (Normal) (G1 Evacuation Pause) 1036M->85M(1588M) 15.261ms
[2025-12-29T01:18:02.721+0000][8126.309s][info][gc,cpu      ] GC(645) User=0.08s Sys=0.00s Real=0.02s
[2025-12-29T01:18:14.476+0000][8138.064s][info][gc,start    ] GC(646) Pause Young (Normal) (G1 Evacuation Pause)
[2025-12-29T01:18:14.477+0000][8138.065s][info][gc,task     ] GC(646) Using 8 workers of 8 for evacuation
[2025-12-29T01:18:14.488+0000][8138.077s][info][gc,phases   ] GC(646)   Pre Evacuate Collection Set: 0.8ms
[2025-12-29T01:18:14.489+0000][8138.077s][info][gc,phases   ] GC(646)   Merge Heap Roots: 0.9ms
[2025-12-29T01:18:14.489+0000][8138.077s][info][gc,phases   ] GC(646)   Evacuate Collection Set: 7.6ms
[2025-12-29T01:18:14.489+0000][8138.077s][info][gc,phases   ] GC(646)   Post Evacuate Collection Set: 2.1ms
[2025-12-29T01:18:14.489+0000][8138.077s][info][gc,phases   ] GC(646)   Other: 1.7ms
[2025-12-29T01:18:14.489+0000][8138.077s][info][gc,heap     ] GC(646) Eden regions: 951->0(951)
[2025-12-29T01:18:14.489+0000][8138.077s][info][gc,heap     ] GC(646) Survivor regions: 1->1(119)
[2025-12-29T01:18:14.489+0000][8138.077s][info][gc,heap     ] GC(646) Old regions: 46->46
[2025-12-29T01:18:14.489+0000][8138.077s][info][gc,heap     ] GC(646) Archive regions: 2->2
[2025-12-29T01:18:14.489+0000][8138.077s][info][gc,heap     ] GC(646) Humongous regions: 39->39
[2025-12-29T01:18:14.489+0000][8138.077s][info][gc,metaspace] GC(646) Metaspace: 75613K(76416K)->75613K(76416K) NonClass: 65394K(65792K)->65394K(65792K) Class: 10218K(10624K)->10218K(10624K)
[2025-12-29T01:18:14.489+0000][8138.078s][info][gc          ] GC(646) Pause Young (Normal) (G1 Evacuation Pause) 1036M->85M(1588M) 13.767ms
[2025-12-29T01:18:14.490+0000][8138.078s][info][gc,cpu      ] GC(646) User=0.07s Sys=0.00s Real=0.01s
[2025-12-29T01:18:26.156+0000][8149.745s][info][gc,start    ] GC(647) Pause Young (Normal) (G1 Evacuation Pause)
[2025-12-29T01:18:26.157+0000][8149.746s][info][gc,task     ] GC(647) Using 8 workers of 8 for evacuation
[2025-12-29T01:18:26.171+0000][8149.760s][info][gc,phases   ] GC(647)   Pre Evacuate Collection Set: 0.7ms
[2025-12-29T01:18:26.172+0000][8149.760s][info][gc,phases   ] GC(647)   Merge Heap Roots: 0.3ms
[2025-12-29T01:18:26.172+0000][8149.760s][info][gc,phases   ] GC(647)   Evacuate Collection Set: 10.8ms
[2025-12-29T01:18:26.172+0000][8149.760s][info][gc,phases   ] GC(647)   Post Evacuate Collection Set: 1.9ms
[2025-12-29T01:18:26.172+0000][8149.760s][info][gc,phases   ] GC(647)   Other: 1.3ms
[2025-12-29T01:18:26.172+0000][8149.760s][info][gc,heap     ] GC(647) Eden regions: 951->0(951)
[2025-12-29T01:18:26.172+0000][8149.760s][info][gc,heap     ] GC(647) Survivor regions: 1->1(119)
[2025-12-29T01:18:26.172+0000][8149.760s][info][gc,heap     ] GC(647) Old regions: 46->46
[2025-12-29T01:18:26.172+0000][8149.760s][info][gc,heap     ] GC(647) Archive regions: 2->2
[2025-12-29T01:18:26.172+0000][8149.760s][info][gc,heap     ] GC(647) Humongous regions: 39->39
[2025-12-29T01:18:26.172+0000][8149.760s][info][gc,metaspace] GC(647) Metaspace: 75613K(76416K)->75613K(76416K) NonClass: 65394K(65792K)->65394K(65792K) Class: 10218K(10624K)->10218K(10624K)
[2025-12-29T01:18:26.172+0000][8149.760s][info][gc          ] GC(647) Pause Young (Normal) (G1 Evacuation Pause) 1036M->85M(1588M) 15.688ms
[2025-12-29T01:18:26.172+0000][8149.760s][info][gc,cpu      ] GC(647) User=0.07s Sys=0.00s Real=0.02s
[2025-12-29T01:18:39.464+0000][8163.052s][info][gc,start    ] GC(648) Pause Young (Normal) (G1 Evacuation Pause)
[2025-12-29T01:18:39.465+0000][8163.053s][info][gc,task     ] GC(648) Using 8 workers of 8 for evacuation
[2025-12-29T01:18:39.469+0000][8163.057s][info][gc,phases   ] GC(648)   Pre Evacuate Collection Set: 0.5ms
[2025-12-29T01:18:39.469+0000][8163.057s][info][gc,phases   ] GC(648)   Merge Heap Roots: 0.4ms
[2025-12-29T01:18:39.469+0000][8163.058s][info][gc,phases   ] GC(648)   Evacuate Collection Set: 2.3ms
[2025-12-29T01:18:39.469+0000][8163.058s][info][gc,phases   ] GC(648)   Post Evacuate Collection Set: 0.9ms
[2025-12-29T01:18:39.470+0000][8163.058s][info][gc,phases   ] GC(648)   Other: 1.7ms
[2025-12-29T01:18:39.470+0000][8163.058s][info][gc,heap     ] GC(648) Eden regions: 951->0(951)
[2025-12-29T01:18:39.470+0000][8163.058s][info][gc,heap     ] GC(648) Survivor regions: 1->1(119)
[2025-12-29T01:18:39.470+0000][8163.058s][info][gc,heap     ] GC(648) Old regions: 46->46
[2025-12-29T01:18:39.470+0000][8163.058s][info][gc,heap     ] GC(648) Archive regions: 2->2
[2025-12-29T01:18:39.470+0000][8163.058s][info][gc,heap     ] GC(648) Humongous regions: 39->39
[2025-12-29T01:18:39.470+0000][8163.058s][info][gc,metaspace] GC(648) Metaspace: 75613K(76416K)->75613K(76416K) NonClass: 65394K(65792K)->65394K(65792K) Class: 10218K(10624K)->10218K(10624K)
[2025-12-29T01:18:39.470+0000][8163.058s][info][gc          ] GC(648) Pause Young (Normal) (G1 Evacuation Pause) 1036M->85M(1588M) 6.679ms
[2025-12-29T01:18:39.470+0000][8163.059s][info][gc,cpu      ] GC(648) User=0.02s Sys=0.01s Real=0.01s
[2025-12-29T01:18:50.889+0000][8174.477s][info][gc,start    ] GC(649) Pause Young (Normal) (G1 Evacuation Pause)
[2025-12-29T01:18:50.890+0000][8174.478s][info][gc,task     ] GC(649) Using 8 workers of 8 for evacuation
[2025-12-29T01:18:50.892+0000][8174.480s][info][gc,phases   ] GC(649)   Pre Evacuate Collection Set: 0.3ms
[2025-12-29T01:18:50.892+0000][8174.480s][info][gc,phases   ] GC(649)   Merge Heap Roots: 0.1ms
[2025-12-29T01:18:50.892+0000][8174.481s][info][gc,phases   ] GC(649)   Evacuate Collection Set: 1.1ms
[2025-12-29T01:18:50.892+0000][8174.481s][info][gc,phases   ] GC(649)   Post Evacuate Collection Set: 0.6ms
[2025-12-29T01:18:50.892+0000][8174.481s][info][gc,phases   ] GC(649)   Other: 1.3ms
[2025-12-29T01:18:50.893+0000][8174.481s][info][gc,heap     ] GC(649) Eden regions: 951->0(951)
[2025-12-29T01:18:50.893+0000][8174.481s][info][gc,heap     ] GC(649) Survivor regions: 1->1(119)
[2025-12-29T01:18:50.893+0000][8174.481s][info][gc,heap     ] GC(649) Old regions: 46->46
[2025-12-29T01:18:50.893+0000][8174.481s][info][gc,heap     ] GC(649) Archive regions: 2->2
[2025-12-29T01:18:50.893+0000][8174.481s][info][gc,heap     ] GC(649) Humongous regions: 39->39
[2025-12-29T01:18:50.893+0000][8174.481s][info][gc,metaspace] GC(649) Metaspace: 75613K(76416K)->75613K(76416K) NonClass: 65394K(65792K)->65394K(65792K) Class: 10218K(10624K)->10218K(10624K)
[2025-12-29T01:18:50.893+0000][8174.481s][info][gc          ] GC(649) Pause Young (Normal) (G1 Evacuation Pause) 1036M->85M(1588M) 4.264ms
[2025-12-29T01:18:50.893+0000][8174.481s][info][gc,cpu      ] GC(649) User=0.01s Sys=0.00s Real=0.01s
[2025-12-29T01:19:02.474+0000][8186.062s][info][gc,start    ] GC(650) Pause Young (Normal) (G1 Evacuation Pause)
[2025-12-29T01:19:02.475+0000][8186.063s][info][gc,task     ] GC(650) Using 8 workers of 8 for evacuation
[2025-12-29T01:19:02.480+0000][8186.068s][info][gc,phases   ] GC(650)   Pre Evacuate Collection Set: 0.5ms
[2025-12-29T01:19:02.480+0000][8186.068s][info][gc,phases   ] GC(650)   Merge Heap Roots: 0.3ms
[2025-12-29T01:19:02.480+0000][8186.068s][info][gc,phases   ] GC(650)   Evacuate Collection Set: 2.5ms
[2025-12-29T01:19:02.480+0000][8186.068s][info][gc,phases   ] GC(650)   Post Evacuate Collection Set: 1.2ms
[2025-12-29T01:19:02.480+0000][8186.068s][info][gc,phases   ] GC(650)   Other: 1.2ms
[2025-12-29T01:19:02.480+0000][8186.068s][info][gc,heap     ] GC(650) Eden regions: 951->0(951)
[2025-12-29T01:19:02.480+0000][8186.068s][info][gc,heap     ] GC(650) Survivor regions: 1->1(119)
[2025-12-29T01:19:02.480+0000][8186.068s][info][gc,heap     ] GC(650) Old regions: 46->46
[2025-12-29T01:19:02.480+0000][8186.068s][info][gc,heap     ] GC(650) Archive regions: 2->2
[2025-12-29T01:19:02.480+0000][8186.068s][info][gc,heap     ] GC(650) Humongous regions: 39->39
[2025-12-29T01:19:02.480+0000][8186.068s][info][gc,metaspace] GC(650) Metaspace: 75613K(76416K)->75613K(76416K) NonClass: 65394K(65792K)->65394K(65792K) Class: 10218K(10624K)->10218K(10624K)
[2025-12-29T01:19:02.480+0000][8186.068s][info][gc          ] GC(650) Pause Young (Normal) (G1 Evacuation Pause) 1036M->85M(1588M) 5.931ms
[2025-12-29T01:19:02.480+0000][8186.069s][info][gc,cpu      ] GC(650) User=0.03s Sys=0.00s Real=0.01s
[2025-12-29T01:19:13.886+0000][8197.475s][info][gc,start    ] GC(651) Pause Young (Normal) (G1 Evacuation Pause)
[2025-12-29T01:19:13.887+0000][8197.476s][info][gc,task     ] GC(651) Using 8 workers of 8 for evacuation
[2025-12-29T01:19:13.889+0000][8197.478s][info][gc,phases   ] GC(651)   Pre Evacuate Collection Set: 0.2ms
[2025-12-29T01:19:13.890+0000][8197.478s][info][gc,phases   ] GC(651)   Merge Heap Roots: 0.2ms
[2025-12-29T01:19:13.890+0000][8197.478s][info][gc,phases   ] GC(651)   Evacuate Collection Set: 1.0ms
[2025-12-29T01:19:13.890+0000][8197.478s][info][gc,phases   ] GC(651)   Post Evacuate Collection Set: 0.5ms
[2025-12-29T01:19:13.890+0000][8197.478s][info][gc,phases   ] GC(651)   Other: 1.1ms
[2025-12-29T01:19:13.890+0000][8197.478s][info][gc,heap     ] GC(651) Eden regions: 951->0(951)
[2025-12-29T01:19:13.890+0000][8197.478s][info][gc,heap     ] GC(651) Survivor regions: 1->1(119)
[2025-12-29T01:19:13.890+0000][8197.478s][info][gc,heap     ] GC(651) Old regions: 46->46
[2025-12-29T01:19:13.890+0000][8197.478s][info][gc,heap     ] GC(651) Archive regions: 2->2
[2025-12-29T01:19:13.890+0000][8197.479s][info][gc,heap     ] GC(651) Humongous regions: 39->39
[2025-12-29T01:19:13.890+0000][8197.479s][info][gc,metaspace] GC(651) Metaspace: 75613K(76416K)->75613K(76416K) NonClass: 65394K(65792K)->65394K(65792K) Class: 10218K(10624K)->10218K(10624K)
[2025-12-29T01:19:13.891+0000][8197.479s][info][gc          ] GC(651) Pause Young (Normal) (G1 Evacuation Pause) 1036M->85M(1588M) 4.034ms
[2025-12-29T01:19:13.891+0000][8197.479s][info][gc,cpu      ] GC(651) User=0.01s Sys=0.00s Real=0.01s
[2025-12-29T01:19:25.945+0000][8209.533s][info][gc,start    ] GC(652) Pause Young (Normal) (G1 Evacuation Pause)
[2025-12-29T01:19:25.946+0000][8209.534s][info][gc,task     ] GC(652) Using 8 workers of 8 for evacuation
[2025-12-29T01:19:25.949+0000][8209.537s][info][gc,phases   ] GC(652)   Pre Evacuate Collection Set: 0.4ms
[2025-12-29T01:19:25.949+0000][8209.537s][info][gc,phases   ] GC(652)   Merge Heap Roots: 0.2ms
[2025-12-29T01:19:25.949+0000][8209.537s][info][gc,phases   ] GC(652)   Evacuate Collection Set: 1.5ms
[2025-12-29T01:19:25.949+0000][8209.537s][info][gc,phases   ] GC(652)   Post Evacuate Collection Set: 0.7ms
[2025-12-29T01:19:25.949+0000][8209.538s][info][gc,phases   ] GC(652)   Other: 1.2ms
[2025-12-29T01:19:25.949+0000][8209.538s][info][gc,heap     ] GC(652) Eden regions: 951->0(951)
[2025-12-29T01:19:25.950+0000][8209.538s][info][gc,heap     ] GC(652) Survivor regions: 1->1(119)
[2025-12-29T01:19:25.950+0000][8209.538s][info][gc,heap     ] GC(652) Old regions: 46->46
[2025-12-29T01:19:25.950+0000][8209.538s][info][gc,heap     ] GC(652) Archive regions: 2->2
[2025-12-29T01:19:25.950+0000][8209.538s][info][gc,heap     ] GC(652) Humongous regions: 39->39
[2025-12-29T01:19:25.950+0000][8209.538s][info][gc,metaspace] GC(652) Metaspace: 75613K(76416K)->75613K(76416K) NonClass: 65394K(65792K)->65394K(65792K) Class: 10218K(10624K)->10218K(10624K)
[2025-12-29T01:19:25.950+0000][8209.538s][info][gc          ] GC(652) Pause Young (Normal) (G1 Evacuation Pause) 1036M->85M(1588M) 4.892ms
[2025-12-29T01:19:25.950+0000][8209.538s][info][gc,cpu      ] GC(652) User=0.01s Sys=0.00s Real=0.01s
[2025-12-29T01:19:38.121+0000][8221.710s][info][gc,start    ] GC(653) Pause Young (Normal) (G1 Evacuation Pause)
[2025-12-29T01:19:38.123+0000][8221.711s][info][gc,task     ] GC(653) Using 8 workers of 8 for evacuation
[2025-12-29T01:19:38.127+0000][8221.715s][info][gc,phases   ] GC(653)   Pre Evacuate Collection Set: 0.4ms
[2025-12-29T01:19:38.127+0000][8221.715s][info][gc,phases   ] GC(653)   Merge Heap Roots: 0.2ms
[2025-12-29T01:19:38.127+0000][8221.715s][info][gc,phases   ] GC(653)   Evacuate Collection Set: 2.2ms
[2025-12-29T01:19:38.127+0000][8221.715s][info][gc,phases   ] GC(653)   Post Evacuate Collection Set: 0.8ms
[2025-12-29T01:19:38.127+0000][8221.715s][info][gc,phases   ] GC(653)   Other: 1.9ms
[2025-12-29T01:19:38.127+0000][8221.715s][info][gc,heap     ] GC(653) Eden regions: 951->0(951)
[2025-12-29T01:19:38.127+0000][8221.715s][info][gc,heap     ] GC(653) Survivor regions: 1->1(119)
[2025-12-29T01:19:38.127+0000][8221.715s][info][gc,heap     ] GC(653) Old regions: 46->46
[2025-12-29T01:19:38.127+0000][8221.716s][info][gc,heap     ] GC(653) Archive regions: 2->2
[2025-12-29T01:19:38.127+0000][8221.716s][info][gc,heap     ] GC(653) Humongous regions: 39->39
[2025-12-29T01:19:38.128+0000][8221.716s][info][gc,metaspace] GC(653) Metaspace: 75613K(76416K)->75613K(76416K) NonClass: 65394K(65792K)->65394K(65792K) Class: 10218K(10624K)->10218K(10624K)
[2025-12-29T01:19:38.128+0000][8221.716s][info][gc          ] GC(653) Pause Young (Normal) (G1 Evacuation Pause) 1036M->85M(1588M) 6.170ms
[2025-12-29T01:19:38.128+0000][8221.716s][info][gc,cpu      ] GC(653) User=0.01s Sys=0.00s Real=0.00s
[2025-12-29T01:19:49.453+0000][8233.041s][info][gc,start    ] GC(654) Pause Young (Normal) (G1 Evacuation Pause)
[2025-12-29T01:19:49.453+0000][8233.042s][info][gc,task     ] GC(654) Using 8 workers of 8 for evacuation
[2025-12-29T01:19:49.456+0000][8233.044s][info][gc,phases   ] GC(654)   Pre Evacuate Collection Set: 0.3ms
[2025-12-29T01:19:49.456+0000][8233.044s][info][gc,phases   ] GC(654)   Merge Heap Roots: 0.1ms
[2025-12-29T01:19:49.456+0000][8233.044s][info][gc,phases   ] GC(654)   Evacuate Collection Set: 1.0ms
[2025-12-29T01:19:49.456+0000][8233.044s][info][gc,phases   ] GC(654)   Post Evacuate Collection Set: 0.5ms
[2025-12-29T01:19:49.456+0000][8233.044s][info][gc,phases   ] GC(654)   Other: 1.1ms
[2025-12-29T01:19:49.456+0000][8233.044s][info][gc,heap     ] GC(654) Eden regions: 951->0(951)
[2025-12-29T01:19:49.456+0000][8233.044s][info][gc,heap     ] GC(654) Survivor regions: 1->1(119)
[2025-12-29T01:19:49.456+0000][8233.045s][info][gc,heap     ] GC(654) Old regions: 46->46
[2025-12-29T01:19:49.456+0000][8233.045s][info][gc,heap     ] GC(654) Archive regions: 2->2
[2025-12-29T01:19:49.456+0000][8233.045s][info][gc,heap     ] GC(654) Humongous regions: 39->39
[2025-12-29T01:19:49.457+0000][8233.045s][info][gc,metaspace] GC(654) Metaspace: 75613K(76416K)->75613K(76416K) NonClass: 65394K(65792K)->65394K(65792K) Class: 10218K(10624K)->10218K(10624K)
[2025-12-29T01:19:49.457+0000][8233.045s][info][gc          ] GC(654) Pause Young (Normal) (G1 Evacuation Pause) 1036M->85M(1588M) 4.007ms
[2025-12-29T01:19:49.457+0000][8233.045s][info][gc,cpu      ] GC(654) User=0.01s Sys=0.00s Real=0.00s
[2025-12-29T01:20:01.001+0000][8244.589s][info][gc,start    ] GC(655) Pause Young (Normal) (G1 Evacuation Pause)
[2025-12-29T01:20:01.002+0000][8244.590s][info][gc,task     ] GC(655) Using 8 workers of 8 for evacuation
[2025-12-29T01:20:01.005+0000][8244.593s][info][gc,phases   ] GC(655)   Pre Evacuate Collection Set: 0.4ms
[2025-12-29T01:20:01.005+0000][8244.593s][info][gc,phases   ] GC(655)   Merge Heap Roots: 0.1ms
[2025-12-29T01:20:01.005+0000][8244.593s][info][gc,phases   ] GC(655)   Evacuate Collection Set: 1.3ms
[2025-12-29T01:20:01.005+0000][8244.593s][info][gc,phases   ] GC(655)   Post Evacuate Collection Set: 0.7ms
[2025-12-29T01:20:01.005+0000][8244.593s][info][gc,phases   ] GC(655)   Other: 1.6ms
[2025-12-29T01:20:01.005+0000][8244.593s][info][gc,heap     ] GC(655) Eden regions: 951->0(951)
[2025-12-29T01:20:01.005+0000][8244.594s][info][gc,heap     ] GC(655) Survivor regions: 1->1(119)
[2025-12-29T01:20:01.005+0000][8244.594s][info][gc,heap     ] GC(655) Old regions: 46->46
[2025-12-29T01:20:01.005+0000][8244.594s][info][gc,heap     ] GC(655) Archive regions: 2->2
[2025-12-29T01:20:01.006+0000][8244.594s][info][gc,heap     ] GC(655) Humongous regions: 39->39
[2025-12-29T01:20:01.006+0000][8244.594s][info][gc,metaspace] GC(655) Metaspace: 75613K(76416K)->75613K(76416K) NonClass: 65394K(65792K)->65394K(65792K) Class: 10218K(10624K)->10218K(10624K)
[2025-12-29T01:20:01.006+0000][8244.594s][info][gc          ] GC(655) Pause Young (Normal) (G1 Evacuation Pause) 1036M->85M(1588M) 4.827ms
[2025-12-29T01:20:01.006+0000][8244.594s][info][gc,cpu      ] GC(655) User=0.01s Sys=0.00s Real=0.00s
[2025-12-29T01:20:12.577+0000][8256.165s][info][gc,start    ] GC(656) Pause Young (Normal) (G1 Evacuation Pause)
[2025-12-29T01:20:12.578+0000][8256.166s][info][gc,task     ] GC(656) Using 8 workers of 8 for evacuation
[2025-12-29T01:20:12.587+0000][8256.176s][info][gc,phases   ] GC(656)   Pre Evacuate Collection Set: 0.5ms
[2025-12-29T01:20:12.588+0000][8256.176s][info][gc,phases   ] GC(656)   Merge Heap Roots: 0.2ms
[2025-12-29T01:20:12.588+0000][8256.176s][info][gc,phases   ] GC(656)   Evacuate Collection Set: 6.2ms
[2025-12-29T01:20:12.588+0000][8256.176s][info][gc,phases   ] GC(656)   Post Evacuate Collection Set: 2.6ms
[2025-12-29T01:20:12.588+0000][8256.176s][info][gc,phases   ] GC(656)   Other: 1.0ms
[2025-12-29T01:20:12.588+0000][8256.176s][info][gc,heap     ] GC(656) Eden regions: 951->0(951)
[2025-12-29T01:20:12.588+0000][8256.176s][info][gc,heap     ] GC(656) Survivor regions: 1->1(119)
[2025-12-29T01:20:12.588+0000][8256.176s][info][gc,heap     ] GC(656) Old regions: 46->46
[2025-12-29T01:20:12.588+0000][8256.176s][info][gc,heap     ] GC(656) Archive regions: 2->2
[2025-12-29T01:20:12.588+0000][8256.176s][info][gc,heap     ] GC(656) Humongous regions: 39->39
[2025-12-29T01:20:12.588+0000][8256.177s][info][gc,metaspace] GC(656) Metaspace: 75613K(76416K)->75613K(76416K) NonClass: 65394K(65792K)->65394K(65792K) Class: 10218K(10624K)->10218K(10624K)
[2025-12-29T01:20:12.589+0000][8256.177s][info][gc          ] GC(656) Pause Young (Normal) (G1 Evacuation Pause) 1036M->85M(1588M) 11.521ms
[2025-12-29T01:20:12.589+0000][8256.177s][info][gc,cpu      ] GC(656) User=0.05s Sys=0.00s Real=0.01s
[2025-12-29T01:20:25.848+0000][8269.437s][info][gc,start    ] GC(657) Pause Young (Normal) (G1 Evacuation Pause)
[2025-12-29T01:20:25.849+0000][8269.437s][info][gc,task     ] GC(657) Using 8 workers of 8 for evacuation
[2025-12-29T01:20:25.864+0000][8269.452s][info][gc,phases   ] GC(657)   Pre Evacuate Collection Set: 2.5ms
[2025-12-29T01:20:25.864+0000][8269.452s][info][gc,phases   ] GC(657)   Merge Heap Roots: 1.3ms
[2025-12-29T01:20:25.864+0000][8269.452s][info][gc,phases   ] GC(657)   Evacuate Collection Set: 6.3ms
[2025-12-29T01:20:25.864+0000][8269.452s][info][gc,phases   ] GC(657)   Post Evacuate Collection Set: 3.1ms
[2025-12-29T01:20:25.865+0000][8269.453s][info][gc,phases   ] GC(657)   Other: 2.7ms
[2025-12-29T01:20:25.865+0000][8269.453s][info][gc,heap     ] GC(657) Eden regions: 951->0(951)
[2025-12-29T01:20:25.865+0000][8269.453s][info][gc,heap     ] GC(657) Survivor regions: 1->1(119)
[2025-12-29T01:20:25.865+0000][8269.453s][info][gc,heap     ] GC(657) Old regions: 46->46
[2025-12-29T01:20:25.865+0000][8269.453s][info][gc,heap     ] GC(657) Archive regions: 2->2
[2025-12-29T01:20:25.865+0000][8269.454s][info][gc,heap     ] GC(657) Humongous regions: 39->39
[2025-12-29T01:20:25.866+0000][8269.454s][info][gc,metaspace] GC(657) Metaspace: 75617K(76416K)->75617K(76416K) NonClass: 65398K(65792K)->65398K(65792K) Class: 10218K(10624K)->10218K(10624K)
[2025-12-29T01:20:25.867+0000][8269.455s][info][gc          ] GC(657) Pause Young (Normal) (G1 Evacuation Pause) 1036M->85M(1588M) 18.596ms
[2025-12-29T01:20:25.867+0000][8269.456s][info][gc,cpu      ] GC(657) User=0.06s Sys=0.00s Real=0.02s
[2025-12-29T01:20:37.610+0000][8281.198s][info][gc,start    ] GC(658) Pause Young (Normal) (G1 Evacuation Pause)
[2025-12-29T01:20:37.610+0000][8281.198s][info][gc,task     ] GC(658) Using 8 workers of 8 for evacuation
[2025-12-29T01:20:37.613+0000][8281.201s][info][gc,phases   ] GC(658)   Pre Evacuate Collection Set: 0.3ms
[2025-12-29T01:20:37.613+0000][8281.201s][info][gc,phases   ] GC(658)   Merge Heap Roots: 0.3ms
[2025-12-29T01:20:37.613+0000][8281.201s][info][gc,phases   ] GC(658)   Evacuate Collection Set: 1.3ms
[2025-12-29T01:20:37.613+0000][8281.202s][info][gc,phases   ] GC(658)   Post Evacuate Collection Set: 0.6ms
[2025-12-29T01:20:37.613+0000][8281.202s][info][gc,phases   ] GC(658)   Other: 1.0ms
[2025-12-29T01:20:37.614+0000][8281.202s][info][gc,heap     ] GC(658) Eden regions: 951->0(951)
[2025-12-29T01:20:37.614+0000][8281.202s][info][gc,heap     ] GC(658) Survivor regions: 1->1(119)
[2025-12-29T01:20:37.614+0000][8281.202s][info][gc,heap     ] GC(658) Old regions: 46->46
[2025-12-29T01:20:37.614+0000][8281.202s][info][gc,heap     ] GC(658) Archive regions: 2->2
[2025-12-29T01:20:37.614+0000][8281.202s][info][gc,heap     ] GC(658) Humongous regions: 39->39
[2025-12-29T01:20:37.614+0000][8281.202s][info][gc,metaspace] GC(658) Metaspace: 75617K(76416K)->75617K(76416K) NonClass: 65398K(65792K)->65398K(65792K) Class: 10218K(10624K)->10218K(10624K)
[2025-12-29T01:20:37.614+0000][8281.203s][info][gc          ] GC(658) Pause Young (Normal) (G1 Evacuation Pause) 1036M->85M(1588M) 4.830ms
[2025-12-29T01:20:37.615+0000][8281.203s][info][gc,cpu      ] GC(658) User=0.01s Sys=0.00s Real=0.01s
[2025-12-29T01:20:49.029+0000][8292.618s][info][gc,start    ] GC(659) Pause Young (Normal) (G1 Evacuation Pause)
[2025-12-29T01:20:49.030+0000][8292.618s][info][gc,task     ] GC(659) Using 8 workers of 8 for evacuation
[2025-12-29T01:20:49.034+0000][8292.622s][info][gc,phases   ] GC(659)   Pre Evacuate Collection Set: 0.3ms
[2025-12-29T01:20:49.034+0000][8292.622s][info][gc,phases   ] GC(659)   Merge Heap Roots: 0.2ms
[2025-12-29T01:20:49.034+0000][8292.622s][info][gc,phases   ] GC(659)   Evacuate Collection Set: 1.7ms
[2025-12-29T01:20:49.034+0000][8292.622s][info][gc,phases   ] GC(659)   Post Evacuate Collection Set: 0.8ms
[2025-12-29T01:20:49.034+0000][8292.622s][info][gc,phases   ] GC(659)   Other: 1.1ms
[2025-12-29T01:20:49.034+0000][8292.622s][info][gc,heap     ] GC(659) Eden regions: 951->0(951)
[2025-12-29T01:20:49.034+0000][8292.622s][info][gc,heap     ] GC(659) Survivor regions: 1->1(119)
[2025-12-29T01:20:49.034+0000][8292.622s][info][gc,heap     ] GC(659) Old regions: 46->46
[2025-12-29T01:20:49.034+0000][8292.623s][info][gc,heap     ] GC(659) Archive regions: 2->2
[2025-12-29T01:20:49.034+0000][8292.623s][info][gc,heap     ] GC(659) Humongous regions: 39->39
[2025-12-29T01:20:49.034+0000][8292.623s][info][gc,metaspace] GC(659) Metaspace: 75629K(76416K)->75629K(76416K) NonClass: 65410K(65792K)->65410K(65792K) Class: 10218K(10624K)->10218K(10624K)
[2025-12-29T01:20:49.035+0000][8292.623s][info][gc          ] GC(659) Pause Young (Normal) (G1 Evacuation Pause) 1036M->86M(1588M) 5.203ms
[2025-12-29T01:20:49.035+0000][8292.623s][info][gc,cpu      ] GC(659) User=0.02s Sys=0.00s Real=0.01s
[2025-12-29T01:21:00.586+0000][8304.175s][info][gc,start    ] GC(660) Pause Young (Normal) (G1 Evacuation Pause)
[2025-12-29T01:21:00.587+0000][8304.176s][info][gc,task     ] GC(660) Using 8 workers of 8 for evacuation
[2025-12-29T01:21:00.590+0000][8304.178s][info][gc,phases   ] GC(660)   Pre Evacuate Collection Set: 0.2ms
[2025-12-29T01:21:00.590+0000][8304.179s][info][gc,phases   ] GC(660)   Merge Heap Roots: 0.3ms
[2025-12-29T01:21:00.591+0000][8304.179s][info][gc,phases   ] GC(660)   Evacuate Collection Set: 1.3ms
[2025-12-29T01:21:00.591+0000][8304.179s][info][gc,phases   ] GC(660)   Post Evacuate Collection Set: 0.8ms
[2025-12-29T01:21:00.591+0000][8304.179s][info][gc,phases   ] GC(660)   Other: 1.4ms
[2025-12-29T01:21:00.591+0000][8304.179s][info][gc,heap     ] GC(660) Eden regions: 951->0(951)
[2025-12-29T01:21:00.591+0000][8304.179s][info][gc,heap     ] GC(660) Survivor regions: 1->1(119)
[2025-12-29T01:21:00.591+0000][8304.179s][info][gc,heap     ] GC(660) Old regions: 46->46
[2025-12-29T01:21:00.591+0000][8304.179s][info][gc,heap     ] GC(660) Archive regions: 2->2
[2025-12-29T01:21:00.591+0000][8304.180s][info][gc,heap     ] GC(660) Humongous regions: 39->39
[2025-12-29T01:21:00.591+0000][8304.180s][info][gc,metaspace] GC(660) Metaspace: 75629K(76416K)->75629K(76416K) NonClass: 65410K(65792K)->65410K(65792K) Class: 10218K(10624K)->10218K(10624K)
[2025-12-29T01:21:00.592+0000][8304.180s][info][gc          ] GC(660) Pause Young (Normal) (G1 Evacuation Pause) 1037M->86M(1588M) 5.146ms
[2025-12-29T01:21:00.592+0000][8304.180s][info][gc,cpu      ] GC(660) User=0.02s Sys=0.00s Real=0.01s
[2025-12-29T01:21:12.199+0000][8315.787s][info][gc,start    ] GC(661) Pause Young (Normal) (G1 Evacuation Pause)
[2025-12-29T01:21:12.200+0000][8315.788s][info][gc,task     ] GC(661) Using 8 workers of 8 for evacuation
[2025-12-29T01:21:12.210+0000][8315.798s][info][gc,phases   ] GC(661)   Pre Evacuate Collection Set: 0.7ms
[2025-12-29T01:21:12.210+0000][8315.799s][info][gc,phases   ] GC(661)   Merge Heap Roots: 0.4ms
[2025-12-29T01:21:12.210+0000][8315.799s][info][gc,phases   ] GC(661)   Evacuate Collection Set: 6.1ms
[2025-12-29T01:21:12.211+0000][8315.799s][info][gc,phases   ] GC(661)   Post Evacuate Collection Set: 2.2ms
[2025-12-29T01:21:12.211+0000][8315.799s][info][gc,phases   ] GC(661)   Other: 1.8ms
[2025-12-29T01:21:12.211+0000][8315.799s][info][gc,heap     ] GC(661) Eden regions: 951->0(951)
[2025-12-29T01:21:12.211+0000][8315.799s][info][gc,heap     ] GC(661) Survivor regions: 1->1(119)
[2025-12-29T01:21:12.211+0000][8315.799s][info][gc,heap     ] GC(661) Old regions: 46->46
[2025-12-29T01:21:12.211+0000][8315.799s][info][gc,heap     ] GC(661) Archive regions: 2->2
[2025-12-29T01:21:12.211+0000][8315.799s][info][gc,heap     ] GC(661) Humongous regions: 39->39
[2025-12-29T01:21:12.211+0000][8315.800s][info][gc,metaspace] GC(661) Metaspace: 75629K(76416K)->75629K(76416K) NonClass: 65410K(65792K)->65410K(65792K) Class: 10218K(10624K)->10218K(10624K)
[2025-12-29T01:21:12.211+0000][8315.800s][info][gc          ] GC(661) Pause Young (Normal) (G1 Evacuation Pause) 1037M->86M(1588M) 12.349ms
[2025-12-29T01:21:12.212+0000][8315.800s][info][gc,cpu      ] GC(661) User=0.05s Sys=0.00s Real=0.02s
[2025-12-29T01:21:25.319+0000][8328.907s][info][gc,start    ] GC(662) Pause Young (Normal) (G1 Evacuation Pause)
[2025-12-29T01:21:25.319+0000][8328.907s][info][gc,task     ] GC(662) Using 8 workers of 8 for evacuation
[2025-12-29T01:21:25.322+0000][8328.910s][info][gc,phases   ] GC(662)   Pre Evacuate Collection Set: 0.2ms
[2025-12-29T01:21:25.322+0000][8328.910s][info][gc,phases   ] GC(662)   Merge Heap Roots: 0.2ms
[2025-12-29T01:21:25.322+0000][8328.910s][info][gc,phases   ] GC(662)   Evacuate Collection Set: 1.2ms
[2025-12-29T01:21:25.322+0000][8328.910s][info][gc,phases   ] GC(662)   Post Evacuate Collection Set: 0.6ms
[2025-12-29T01:21:25.322+0000][8328.910s][info][gc,phases   ] GC(662)   Other: 0.9ms
[2025-12-29T01:21:25.322+0000][8328.910s][info][gc,heap     ] GC(662) Eden regions: 951->0(951)
[2025-12-29T01:21:25.322+0000][8328.910s][info][gc,heap     ] GC(662) Survivor regions: 1->1(119)
[2025-12-29T01:21:25.322+0000][8328.910s][info][gc,heap     ] GC(662) Old regions: 46->46
[2025-12-29T01:21:25.322+0000][8328.910s][info][gc,heap     ] GC(662) Archive regions: 2->2
[2025-12-29T01:21:25.322+0000][8328.910s][info][gc,heap     ] GC(662) Humongous regions: 39->39
[2025-12-29T01:21:25.322+0000][8328.910s][info][gc,metaspace] GC(662) Metaspace: 75629K(76416K)->75629K(76416K) NonClass: 65410K(65792K)->65410K(65792K) Class: 10218K(10624K)->10218K(10624K)
[2025-12-29T01:21:25.322+0000][8328.910s][info][gc          ] GC(662) Pause Young (Normal) (G1 Evacuation Pause) 1037M->86M(1588M) 3.581ms
[2025-12-29T01:21:25.322+0000][8328.910s][info][gc,cpu      ] GC(662) User=0.01s Sys=0.01s Real=0.01s
[2025-12-29T01:21:36.861+0000][8340.449s][info][gc,start    ] GC(663) Pause Young (Normal) (G1 Evacuation Pause)
[2025-12-29T01:21:36.862+0000][8340.450s][info][gc,task     ] GC(663) Using 8 workers of 8 for evacuation
[2025-12-29T01:21:36.866+0000][8340.454s][info][gc,phases   ] GC(663)   Pre Evacuate Collection Set: 0.3ms
[2025-12-29T01:21:36.866+0000][8340.454s][info][gc,phases   ] GC(663)   Merge Heap Roots: 0.3ms
[2025-12-29T01:21:36.866+0000][8340.454s][info][gc,phases   ] GC(663)   Evacuate Collection Set: 2.2ms
[2025-12-29T01:21:36.866+0000][8340.454s][info][gc,phases   ] GC(663)   Post Evacuate Collection Set: 1.1ms
[2025-12-29T01:21:36.866+0000][8340.455s][info][gc,phases   ] GC(663)   Other: 1.5ms
[2025-12-29T01:21:36.866+0000][8340.455s][info][gc,heap     ] GC(663) Eden regions: 951->0(951)
[2025-12-29T01:21:36.867+0000][8340.455s][info][gc,heap     ] GC(663) Survivor regions: 1->1(119)
[2025-12-29T01:21:36.867+0000][8340.455s][info][gc,heap     ] GC(663) Old regions: 46->46
[2025-12-29T01:21:36.867+0000][8340.455s][info][gc,heap     ] GC(663) Archive regions: 2->2
[2025-12-29T01:21:36.867+0000][8340.455s][info][gc,heap     ] GC(663) Humongous regions: 39->39
[2025-12-29T01:21:36.867+0000][8340.455s][info][gc,metaspace] GC(663) Metaspace: 75629K(76416K)->75629K(76416K) NonClass: 65410K(65792K)->65410K(65792K) Class: 10218K(10624K)->10218K(10624K)
[2025-12-29T01:21:36.867+0000][8340.455s][info][gc          ] GC(663) Pause Young (Normal) (G1 Evacuation Pause) 1037M->86M(1588M) 6.222ms
[2025-12-29T01:21:36.867+0000][8340.455s][info][gc,cpu      ] GC(663) User=0.02s Sys=0.00s Real=0.00s
[2025-12-29T01:21:48.589+0000][8352.177s][info][gc,start    ] GC(664) Pause Young (Normal) (G1 Evacuation Pause)
[2025-12-29T01:21:48.589+0000][8352.177s][info][gc,task     ] GC(664) Using 8 workers of 8 for evacuation
[2025-12-29T01:21:48.594+0000][8352.182s][info][gc,phases   ] GC(664)   Pre Evacuate Collection Set: 0.4ms
[2025-12-29T01:21:48.594+0000][8352.182s][info][gc,phases   ] GC(664)   Merge Heap Roots: 0.3ms
[2025-12-29T01:21:48.594+0000][8352.182s][info][gc,phases   ] GC(664)   Evacuate Collection Set: 2.5ms
[2025-12-29T01:21:48.594+0000][8352.182s][info][gc,phases   ] GC(664)   Post Evacuate Collection Set: 1.0ms
[2025-12-29T01:21:48.594+0000][8352.182s][info][gc,phases   ] GC(664)   Other: 1.0ms
[2025-12-29T01:21:48.594+0000][8352.182s][info][gc,heap     ] GC(664) Eden regions: 951->0(951)
[2025-12-29T01:21:48.594+0000][8352.182s][info][gc,heap     ] GC(664) Survivor regions: 1->1(119)
[2025-12-29T01:21:48.594+0000][8352.182s][info][gc,heap     ] GC(664) Old regions: 46->46
[2025-12-29T01:21:48.594+0000][8352.183s][info][gc,heap     ] GC(664) Archive regions: 2->2
[2025-12-29T01:21:48.594+0000][8352.183s][info][gc,heap     ] GC(664) Humongous regions: 39->39
[2025-12-29T01:21:48.594+0000][8352.183s][info][gc,metaspace] GC(664) Metaspace: 75629K(76416K)->75629K(76416K) NonClass: 65410K(65792K)->65410K(65792K) Class: 10218K(10624K)->10218K(10624K)
[2025-12-29T01:21:48.595+0000][8352.183s][info][gc          ] GC(664) Pause Young (Normal) (G1 Evacuation Pause) 1037M->86M(1588M) 5.736ms
[2025-12-29T01:21:48.595+0000][8352.183s][info][gc,cpu      ] GC(664) User=0.02s Sys=0.00s Real=0.01s
[2025-12-29T01:22:00.185+0000][8363.773s][info][gc,start    ] GC(665) Pause Young (Normal) (G1 Evacuation Pause)
[2025-12-29T01:22:00.186+0000][8363.774s][info][gc,task     ] GC(665) Using 8 workers of 8 for evacuation
[2025-12-29T01:22:00.188+0000][8363.776s][info][gc,phases   ] GC(665)   Pre Evacuate Collection Set: 0.2ms
[2025-12-29T01:22:00.188+0000][8363.776s][info][gc,phases   ] GC(665)   Merge Heap Roots: 0.2ms
[2025-12-29T01:22:00.188+0000][8363.776s][info][gc,phases   ] GC(665)   Evacuate Collection Set: 1.0ms
[2025-12-29T01:22:00.188+0000][8363.776s][info][gc,phases   ] GC(665)   Post Evacuate Collection Set: 0.5ms
[2025-12-29T01:22:00.188+0000][8363.776s][info][gc,phases   ] GC(665)   Other: 1.2ms
[2025-12-29T01:22:00.188+0000][8363.776s][info][gc,heap     ] GC(665) Eden regions: 951->0(951)
[2025-12-29T01:22:00.188+0000][8363.777s][info][gc,heap     ] GC(665) Survivor regions: 1->1(119)
[2025-12-29T01:22:00.188+0000][8363.777s][info][gc,heap     ] GC(665) Old regions: 46->46
[2025-12-29T01:22:00.188+0000][8363.777s][info][gc,heap     ] GC(665) Archive regions: 2->2
[2025-12-29T01:22:00.189+0000][8363.777s][info][gc,heap     ] GC(665) Humongous regions: 39->39
[2025-12-29T01:22:00.189+0000][8363.777s][info][gc,metaspace] GC(665) Metaspace: 75629K(76416K)->75629K(76416K) NonClass: 65410K(65792K)->65410K(65792K) Class: 10218K(10624K)->10218K(10624K)
[2025-12-29T01:22:00.189+0000][8363.777s][info][gc          ] GC(665) Pause Young (Normal) (G1 Evacuation Pause) 1037M->86M(1588M) 3.728ms
[2025-12-29T01:22:00.189+0000][8363.777s][info][gc,cpu      ] GC(665) User=0.01s Sys=0.00s Real=0.00s
[2025-12-29T01:22:11.643+0000][8375.232s][info][gc,start    ] GC(666) Pause Young (Normal) (G1 Evacuation Pause)
[2025-12-29T01:22:11.644+0000][8375.232s][info][gc,task     ] GC(666) Using 8 workers of 8 for evacuation
[2025-12-29T01:22:11.646+0000][8375.234s][info][gc,phases   ] GC(666)   Pre Evacuate Collection Set: 0.3ms
[2025-12-29T01:22:11.646+0000][8375.235s][info][gc,phases   ] GC(666)   Merge Heap Roots: 0.2ms
[2025-12-29T01:22:11.646+0000][8375.235s][info][gc,phases   ] GC(666)   Evacuate Collection Set: 1.1ms
[2025-12-29T01:22:11.646+0000][8375.235s][info][gc,phases   ] GC(666)   Post Evacuate Collection Set: 0.6ms
[2025-12-29T01:22:11.647+0000][8375.235s][info][gc,phases   ] GC(666)   Other: 0.8ms
[2025-12-29T01:22:11.647+0000][8375.235s][info][gc,heap     ] GC(666) Eden regions: 951->0(951)
[2025-12-29T01:22:11.647+0000][8375.235s][info][gc,heap     ] GC(666) Survivor regions: 1->1(119)
[2025-12-29T01:22:11.647+0000][8375.235s][info][gc,heap     ] GC(666) Old regions: 46->46
[2025-12-29T01:22:11.647+0000][8375.235s][info][gc,heap     ] GC(666) Archive regions: 2->2
[2025-12-29T01:22:11.647+0000][8375.235s][info][gc,heap     ] GC(666) Humongous regions: 39->39
[2025-12-29T01:22:11.647+0000][8375.235s][info][gc,metaspace] GC(666) Metaspace: 75629K(76416K)->75629K(76416K) NonClass: 65410K(65792K)->65410K(65792K) Class: 10218K(10624K)->10218K(10624K)
[2025-12-29T01:22:11.647+0000][8375.235s][info][gc          ] GC(666) Pause Young (Normal) (G1 Evacuation Pause) 1037M->86M(1588M) 3.389ms
[2025-12-29T01:22:11.647+0000][8375.235s][info][gc,cpu      ] GC(666) User=0.02s Sys=0.00s Real=0.00s
[2025-12-29T01:22:24.618+0000][8388.206s][info][gc,start    ] GC(667) Pause Young (Normal) (G1 Evacuation Pause)
[2025-12-29T01:22:24.619+0000][8388.207s][info][gc,task     ] GC(667) Using 8 workers of 8 for evacuation
[2025-12-29T01:22:24.626+0000][8388.214s][info][gc,phases   ] GC(667)   Pre Evacuate Collection Set: 0.6ms
[2025-12-29T01:22:24.626+0000][8388.214s][info][gc,phases   ] GC(667)   Merge Heap Roots: 0.4ms
[2025-12-29T01:22:24.626+0000][8388.215s][info][gc,phases   ] GC(667)   Evacuate Collection Set: 2.9ms
[2025-12-29T01:22:24.626+0000][8388.215s][info][gc,phases   ] GC(667)   Post Evacuate Collection Set: 3.1ms
[2025-12-29T01:22:24.627+0000][8388.215s][info][gc,phases   ] GC(667)   Other: 1.8ms
[2025-12-29T01:22:24.627+0000][8388.215s][info][gc,heap     ] GC(667) Eden regions: 951->0(951)
[2025-12-29T01:22:24.627+0000][8388.215s][info][gc,heap     ] GC(667) Survivor regions: 1->1(119)
[2025-12-29T01:22:24.627+0000][8388.215s][info][gc,heap     ] GC(667) Old regions: 46->46
[2025-12-29T01:22:24.627+0000][8388.215s][info][gc,heap     ] GC(667) Archive regions: 2->2
[2025-12-29T01:22:24.627+0000][8388.215s][info][gc,heap     ] GC(667) Humongous regions: 39->39
[2025-12-29T01:22:24.627+0000][8388.215s][info][gc,metaspace] GC(667) Metaspace: 75629K(76416K)->75629K(76416K) NonClass: 65410K(65792K)->65410K(65792K) Class: 10218K(10624K)->10218K(10624K)
[2025-12-29T01:22:24.627+0000][8388.215s][info][gc          ] GC(667) Pause Young (Normal) (G1 Evacuation Pause) 1037M->86M(1588M) 9.653ms
[2025-12-29T01:22:24.627+0000][8388.216s][info][gc,cpu      ] GC(667) User=0.04s Sys=0.00s Real=0.01s
[2025-12-29T01:22:36.700+0000][8400.288s][info][gc,start    ] GC(668) Pause Young (Normal) (G1 Evacuation Pause)
[2025-12-29T01:22:36.700+0000][8400.288s][info][gc,task     ] GC(668) Using 8 workers of 8 for evacuation
[2025-12-29T01:22:36.703+0000][8400.291s][info][gc,phases   ] GC(668)   Pre Evacuate Collection Set: 0.3ms
[2025-12-29T01:22:36.703+0000][8400.291s][info][gc,phases   ] GC(668)   Merge Heap Roots: 0.2ms
[2025-12-29T01:22:36.703+0000][8400.292s][info][gc,phases   ] GC(668)   Evacuate Collection Set: 1.6ms
[2025-12-29T01:22:36.703+0000][8400.292s][info][gc,phases   ] GC(668)   Post Evacuate Collection Set: 0.7ms
[2025-12-29T01:22:36.703+0000][8400.292s][info][gc,phases   ] GC(668)   Other: 0.8ms
[2025-12-29T01:22:36.703+0000][8400.292s][info][gc,heap     ] GC(668) Eden regions: 951->0(951)
[2025-12-29T01:22:36.704+0000][8400.292s][info][gc,heap     ] GC(668) Survivor regions: 1->1(119)
[2025-12-29T01:22:36.704+0000][8400.292s][info][gc,heap     ] GC(668) Old regions: 46->46
[2025-12-29T01:22:36.704+0000][8400.292s][info][gc,heap     ] GC(668) Archive regions: 2->2
[2025-12-29T01:22:36.704+0000][8400.292s][info][gc,heap     ] GC(668) Humongous regions: 39->39
[2025-12-29T01:22:36.704+0000][8400.292s][info][gc,metaspace] GC(668) Metaspace: 75629K(76416K)->75629K(76416K) NonClass: 65410K(65792K)->65410K(65792K) Class: 10218K(10624K)->10218K(10624K)
[2025-12-29T01:22:36.704+0000][8400.292s][info][gc          ] GC(668) Pause Young (Normal) (G1 Evacuation Pause) 1037M->86M(1588M) 3.974ms
[2025-12-29T01:22:36.704+0000][8400.292s][info][gc,cpu      ] GC(668) User=0.01s Sys=0.00s Real=0.01s
[2025-12-29T01:22:48.321+0000][8411.909s][info][gc,start    ] GC(669) Pause Young (Normal) (G1 Evacuation Pause)
[2025-12-29T01:22:48.321+0000][8411.909s][info][gc,task     ] GC(669) Using 8 workers of 8 for evacuation
[2025-12-29T01:22:48.332+0000][8411.920s][info][gc,phases   ] GC(669)   Pre Evacuate Collection Set: 0.5ms
[2025-12-29T01:22:48.333+0000][8411.921s][info][gc,phases   ] GC(669)   Merge Heap Roots: 0.3ms
[2025-12-29T01:22:48.333+0000][8411.921s][info][gc,phases   ] GC(669)   Evacuate Collection Set: 5.2ms
[2025-12-29T01:22:48.333+0000][8411.922s][info][gc,phases   ] GC(669)   Post Evacuate Collection Set: 4.6ms
[2025-12-29T01:22:48.334+0000][8411.922s][info][gc,phases   ] GC(669)   Other: 0.9ms
[2025-12-29T01:22:48.334+0000][8411.922s][info][gc,heap     ] GC(669) Eden regions: 951->0(951)
[2025-12-29T01:22:48.334+0000][8411.922s][info][gc,heap     ] GC(669) Survivor regions: 1->1(119)
[2025-12-29T01:22:48.335+0000][8411.923s][info][gc,heap     ] GC(669) Old regions: 46->46
[2025-12-29T01:22:48.335+0000][8411.923s][info][gc,heap     ] GC(669) Archive regions: 2->2
[2025-12-29T01:22:48.335+0000][8411.923s][info][gc,heap     ] GC(669) Humongous regions: 39->39
[2025-12-29T01:22:48.335+0000][8411.924s][info][gc,metaspace] GC(669) Metaspace: 75629K(76416K)->75629K(76416K) NonClass: 65410K(65792K)->65410K(65792K) Class: 10218K(10624K)->10218K(10624K)
[2025-12-29T01:22:48.336+0000][8411.924s][info][gc          ] GC(669) Pause Young (Normal) (G1 Evacuation Pause) 1037M->86M(1588M) 14.930ms
[2025-12-29T01:22:48.336+0000][8411.924s][info][gc,cpu      ] GC(669) User=0.07s Sys=0.00s Real=0.01s
[2025-12-29T01:22:59.960+0000][8423.549s][info][gc,start    ] GC(670) Pause Young (Normal) (G1 Evacuation Pause)
[2025-12-29T01:22:59.961+0000][8423.549s][info][gc,task     ] GC(670) Using 8 workers of 8 for evacuation
[2025-12-29T01:22:59.966+0000][8423.554s][info][gc,phases   ] GC(670)   Pre Evacuate Collection Set: 0.4ms
[2025-12-29T01:22:59.966+0000][8423.555s][info][gc,phases   ] GC(670)   Merge Heap Roots: 0.3ms
[2025-12-29T01:22:59.966+0000][8423.555s][info][gc,phases   ] GC(670)   Evacuate Collection Set: 2.7ms
[2025-12-29T01:22:59.967+0000][8423.555s][info][gc,phases   ] GC(670)   Post Evacuate Collection Set: 1.3ms
[2025-12-29T01:22:59.967+0000][8423.555s][info][gc,phases   ] GC(670)   Other: 1.4ms
[2025-12-29T01:22:59.967+0000][8423.555s][info][gc,heap     ] GC(670) Eden regions: 951->0(951)
[2025-12-29T01:22:59.967+0000][8423.555s][info][gc,heap     ] GC(670) Survivor regions: 1->1(119)
[2025-12-29T01:22:59.967+0000][8423.555s][info][gc,heap     ] GC(670) Old regions: 46->46
[2025-12-29T01:22:59.967+0000][8423.555s][info][gc,heap     ] GC(670) Archive regions: 2->2
[2025-12-29T01:22:59.967+0000][8423.555s][info][gc,heap     ] GC(670) Humongous regions: 39->39
[2025-12-29T01:22:59.967+0000][8423.555s][info][gc,metaspace] GC(670) Metaspace: 75629K(76416K)->75629K(76416K) NonClass: 65410K(65792K)->65410K(65792K) Class: 10218K(10624K)->10218K(10624K)
[2025-12-29T01:22:59.967+0000][8423.555s][info][gc          ] GC(670) Pause Young (Normal) (G1 Evacuation Pause) 1037M->86M(1588M) 6.927ms
[2025-12-29T01:22:59.967+0000][8423.556s][info][gc,cpu      ] GC(670) User=0.03s Sys=0.00s Real=0.00s
[2025-12-29T01:23:12.139+0000][8435.727s][info][gc,start    ] GC(671) Pause Young (Normal) (G1 Evacuation Pause)
[2025-12-29T01:23:12.140+0000][8435.728s][info][gc,task     ] GC(671) Using 8 workers of 8 for evacuation
[2025-12-29T01:23:12.147+0000][8435.736s][info][gc,phases   ] GC(671)   Pre Evacuate Collection Set: 0.7ms
[2025-12-29T01:23:12.148+0000][8435.736s][info][gc,phases   ] GC(671)   Merge Heap Roots: 0.6ms
[2025-12-29T01:23:12.148+0000][8435.736s][info][gc,phases   ] GC(671)   Evacuate Collection Set: 3.3ms
[2025-12-29T01:23:12.148+0000][8435.736s][info][gc,phases   ] GC(671)   Post Evacuate Collection Set: 2.8ms
[2025-12-29T01:23:12.148+0000][8435.736s][info][gc,phases   ] GC(671)   Other: 1.0ms
[2025-12-29T01:23:12.148+0000][8435.736s][info][gc,heap     ] GC(671) Eden regions: 951->0(951)
[2025-12-29T01:23:12.148+0000][8435.737s][info][gc,heap     ] GC(671) Survivor regions: 1->1(119)
[2025-12-29T01:23:12.149+0000][8435.737s][info][gc,heap     ] GC(671) Old regions: 46->46
[2025-12-29T01:23:12.149+0000][8435.737s][info][gc,heap     ] GC(671) Archive regions: 2->2
[2025-12-29T01:23:12.149+0000][8435.737s][info][gc,heap     ] GC(671) Humongous regions: 39->39
[2025-12-29T01:23:12.149+0000][8435.738s][info][gc,metaspace] GC(671) Metaspace: 75629K(76416K)->75629K(76416K) NonClass: 65410K(65792K)->65410K(65792K) Class: 10218K(10624K)->10218K(10624K)
[2025-12-29T01:23:12.149+0000][8435.738s][info][gc          ] GC(671) Pause Young (Normal) (G1 Evacuation Pause) 1037M->86M(1588M) 10.327ms
[2025-12-29T01:23:12.150+0000][8435.738s][info][gc,cpu      ] GC(671) User=0.04s Sys=0.00s Real=0.01s
[2025-12-29T01:23:25.998+0000][8449.586s][info][gc,start    ] GC(672) Pause Young (Normal) (G1 Evacuation Pause)
[2025-12-29T01:23:25.999+0000][8449.587s][info][gc,task     ] GC(672) Using 8 workers of 8 for evacuation
[2025-12-29T01:23:26.004+0000][8449.592s][info][gc,phases   ] GC(672)   Pre Evacuate Collection Set: 0.6ms
[2025-12-29T01:23:26.004+0000][8449.593s][info][gc,phases   ] GC(672)   Merge Heap Roots: 0.3ms
[2025-12-29T01:23:26.004+0000][8449.593s][info][gc,phases   ] GC(672)   Evacuate Collection Set: 3.0ms
[2025-12-29T01:23:26.005+0000][8449.593s][info][gc,phases   ] GC(672)   Post Evacuate Collection Set: 1.3ms
[2025-12-29T01:23:26.005+0000][8449.593s][info][gc,phases   ] GC(672)   Other: 1.5ms
[2025-12-29T01:23:26.005+0000][8449.593s][info][gc,heap     ] GC(672) Eden regions: 951->0(951)
[2025-12-29T01:23:26.005+0000][8449.593s][info][gc,heap     ] GC(672) Survivor regions: 1->1(119)
[2025-12-29T01:23:26.005+0000][8449.593s][info][gc,heap     ] GC(672) Old regions: 46->46
[2025-12-29T01:23:26.005+0000][8449.593s][info][gc,heap     ] GC(672) Archive regions: 2->2
[2025-12-29T01:23:26.005+0000][8449.593s][info][gc,heap     ] GC(672) Humongous regions: 39->39
[2025-12-29T01:23:26.005+0000][8449.593s][info][gc,metaspace] GC(672) Metaspace: 75629K(76416K)->75629K(76416K) NonClass: 65410K(65792K)->65410K(65792K) Class: 10218K(10624K)->10218K(10624K)
[2025-12-29T01:23:26.005+0000][8449.593s][info][gc          ] GC(672) Pause Young (Normal) (G1 Evacuation Pause) 1037M->86M(1588M) 7.421ms
[2025-12-29T01:23:26.005+0000][8449.593s][info][gc,cpu      ] GC(672) User=0.03s Sys=0.00s Real=0.01s
[2025-12-29T01:23:38.667+0000][8462.256s][info][gc,start    ] GC(673) Pause Young (Normal) (G1 Evacuation Pause)
[2025-12-29T01:23:38.668+0000][8462.256s][info][gc,task     ] GC(673) Using 8 workers of 8 for evacuation
[2025-12-29T01:23:38.671+0000][8462.259s][info][gc,phases   ] GC(673)   Pre Evacuate Collection Set: 0.3ms
[2025-12-29T01:23:38.671+0000][8462.260s][info][gc,phases   ] GC(673)   Merge Heap Roots: 0.3ms
[2025-12-29T01:23:38.672+0000][8462.260s][info][gc,phases   ] GC(673)   Evacuate Collection Set: 1.6ms
[2025-12-29T01:23:38.672+0000][8462.260s][info][gc,phases   ] GC(673)   Post Evacuate Collection Set: 0.6ms
[2025-12-29T01:23:38.672+0000][8462.260s][info][gc,phases   ] GC(673)   Other: 1.3ms
[2025-12-29T01:23:38.672+0000][8462.260s][info][gc,heap     ] GC(673) Eden regions: 951->0(951)
[2025-12-29T01:23:38.672+0000][8462.260s][info][gc,heap     ] GC(673) Survivor regions: 1->1(119)
[2025-12-29T01:23:38.672+0000][8462.260s][info][gc,heap     ] GC(673) Old regions: 46->46
[2025-12-29T01:23:38.672+0000][8462.260s][info][gc,heap     ] GC(673) Archive regions: 2->2
[2025-12-29T01:23:38.672+0000][8462.260s][info][gc,heap     ] GC(673) Humongous regions: 39->39
[2025-12-29T01:23:38.672+0000][8462.260s][info][gc,metaspace] GC(673) Metaspace: 75629K(76416K)->75629K(76416K) NonClass: 65410K(65792K)->65410K(65792K) Class: 10218K(10624K)->10218K(10624K)
[2025-12-29T01:23:38.672+0000][8462.260s][info][gc          ] GC(673) Pause Young (Normal) (G1 Evacuation Pause) 1037M->86M(1588M) 4.848ms
[2025-12-29T01:23:38.672+0000][8462.261s][info][gc,cpu      ] GC(673) User=0.01s Sys=0.00s Real=0.01s
[2025-12-29T01:23:50.018+0000][8473.606s][info][gc,start    ] GC(674) Pause Young (Normal) (G1 Evacuation Pause)
[2025-12-29T01:23:50.019+0000][8473.607s][info][gc,task     ] GC(674) Using 8 workers of 8 for evacuation
[2025-12-29T01:23:50.022+0000][8473.610s][info][gc,phases   ] GC(674)   Pre Evacuate Collection Set: 0.3ms
[2025-12-29T01:23:50.022+0000][8473.610s][info][gc,phases   ] GC(674)   Merge Heap Roots: 0.3ms
[2025-12-29T01:23:50.022+0000][8473.610s][info][gc,phases   ] GC(674)   Evacuate Collection Set: 1.6ms
[2025-12-29T01:23:50.022+0000][8473.610s][info][gc,phases   ] GC(674)   Post Evacuate Collection Set: 0.8ms
[2025-12-29T01:23:50.022+0000][8473.610s][info][gc,phases   ] GC(674)   Other: 1.3ms
[2025-12-29T01:23:50.022+0000][8473.610s][info][gc,heap     ] GC(674) Eden regions: 951->0(951)
[2025-12-29T01:23:50.022+0000][8473.610s][info][gc,heap     ] GC(674) Survivor regions: 1->1(119)
[2025-12-29T01:23:50.022+0000][8473.610s][info][gc,heap     ] GC(674) Old regions: 46->47
[2025-12-29T01:23:50.022+0000][8473.611s][info][gc,heap     ] GC(674) Archive regions: 2->2
[2025-12-29T01:23:50.022+0000][8473.611s][info][gc,heap     ] GC(674) Humongous regions: 39->39
[2025-12-29T01:23:50.022+0000][8473.611s][info][gc,metaspace] GC(674) Metaspace: 75629K(76416K)->75629K(76416K) NonClass: 65410K(65792K)->65410K(65792K) Class: 10218K(10624K)->10218K(10624K)
[2025-12-29T01:23:50.023+0000][8473.611s][info][gc          ] GC(674) Pause Young (Normal) (G1 Evacuation Pause) 1037M->86M(1588M) 4.864ms
[2025-12-29T01:23:50.023+0000][8473.611s][info][gc,cpu      ] GC(674) User=0.01s Sys=0.00s Real=0.01s
[2025-12-29T01:24:02.402+0000][8485.990s][info][gc,start    ] GC(675) Pause Young (Normal) (G1 Evacuation Pause)
[2025-12-29T01:24:02.403+0000][8485.991s][info][gc,task     ] GC(675) Using 8 workers of 8 for evacuation
[2025-12-29T01:24:02.416+0000][8486.004s][info][gc,phases   ] GC(675)   Pre Evacuate Collection Set: 0.7ms
[2025-12-29T01:24:02.416+0000][8486.004s][info][gc,phases   ] GC(675)   Merge Heap Roots: 0.4ms
[2025-12-29T01:24:02.416+0000][8486.005s][info][gc,phases   ] GC(675)   Evacuate Collection Set: 5.6ms
[2025-12-29T01:24:02.416+0000][8486.005s][info][gc,phases   ] GC(675)   Post Evacuate Collection Set: 5.6ms
[2025-12-29T01:24:02.417+0000][8486.005s][info][gc,phases   ] GC(675)   Other: 2.1ms
[2025-12-29T01:24:02.417+0000][8486.005s][info][gc,heap     ] GC(675) Eden regions: 951->0(951)
[2025-12-29T01:24:02.417+0000][8486.005s][info][gc,heap     ] GC(675) Survivor regions: 1->1(119)
[2025-12-29T01:24:02.417+0000][8486.005s][info][gc,heap     ] GC(675) Old regions: 47->47
[2025-12-29T01:24:02.417+0000][8486.005s][info][gc,heap     ] GC(675) Archive regions: 2->2
[2025-12-29T01:24:02.417+0000][8486.005s][info][gc,heap     ] GC(675) Humongous regions: 39->39
[2025-12-29T01:24:02.417+0000][8486.005s][info][gc,metaspace] GC(675) Metaspace: 75629K(76416K)->75629K(76416K) NonClass: 65410K(65792K)->65410K(65792K) Class: 10218K(10624K)->10218K(10624K)
[2025-12-29T01:24:02.417+0000][8486.005s][info][gc          ] GC(675) Pause Young (Normal) (G1 Evacuation Pause) 1037M->86M(1588M) 15.363ms
[2025-12-29T01:24:02.417+0000][8486.006s][info][gc,cpu      ] GC(675) User=0.07s Sys=0.00s Real=0.01s
[2025-12-29T01:24:14.427+0000][8498.015s][info][gc,start    ] GC(676) Pause Young (Normal) (G1 Evacuation Pause)
[2025-12-29T01:24:14.428+0000][8498.016s][info][gc,task     ] GC(676) Using 8 workers of 8 for evacuation
[2025-12-29T01:24:14.438+0000][8498.026s][info][gc,phases   ] GC(676)   Pre Evacuate Collection Set: 0.8ms
[2025-12-29T01:24:14.438+0000][8498.026s][info][gc,phases   ] GC(676)   Merge Heap Roots: 0.4ms
[2025-12-29T01:24:14.438+0000][8498.027s][info][gc,phases   ] GC(676)   Evacuate Collection Set: 3.8ms
[2025-12-29T01:24:14.439+0000][8498.027s][info][gc,phases   ] GC(676)   Post Evacuate Collection Set: 4.2ms
[2025-12-29T01:24:14.439+0000][8498.027s][info][gc,phases   ] GC(676)   Other: 1.8ms
[2025-12-29T01:24:14.439+0000][8498.027s][info][gc,heap     ] GC(676) Eden regions: 951->0(951)
[2025-12-29T01:24:14.439+0000][8498.027s][info][gc,heap     ] GC(676) Survivor regions: 1->1(119)
[2025-12-29T01:24:14.439+0000][8498.027s][info][gc,heap     ] GC(676) Old regions: 47->47
[2025-12-29T01:24:14.439+0000][8498.027s][info][gc,heap     ] GC(676) Archive regions: 2->2
[2025-12-29T01:24:14.439+0000][8498.027s][info][gc,heap     ] GC(676) Humongous regions: 39->39
[2025-12-29T01:24:14.439+0000][8498.027s][info][gc,metaspace] GC(676) Metaspace: 75629K(76416K)->75629K(76416K) NonClass: 65410K(65792K)->65410K(65792K) Class: 10218K(10624K)->10218K(10624K)
[2025-12-29T01:24:14.439+0000][8498.027s][info][gc          ] GC(676) Pause Young (Normal) (G1 Evacuation Pause) 1037M->86M(1588M) 12.216ms
[2025-12-29T01:24:14.439+0000][8498.028s][info][gc,cpu      ] GC(676) User=0.05s Sys=0.00s Real=0.01s
[2025-12-29T01:24:26.175+0000][8509.764s][info][gc,start    ] GC(677) Pause Young (Normal) (G1 Evacuation Pause)
[2025-12-29T01:24:26.176+0000][8509.764s][info][gc,task     ] GC(677) Using 8 workers of 8 for evacuation
[2025-12-29T01:24:26.185+0000][8509.774s][info][gc,phases   ] GC(677)   Pre Evacuate Collection Set: 0.6ms
[2025-12-29T01:24:26.185+0000][8509.774s][info][gc,phases   ] GC(677)   Merge Heap Roots: 0.3ms
[2025-12-29T01:24:26.186+0000][8509.774s][info][gc,phases   ] GC(677)   Evacuate Collection Set: 3.4ms
[2025-12-29T01:24:26.186+0000][8509.774s][info][gc,phases   ] GC(677)   Post Evacuate Collection Set: 4.9ms
[2025-12-29T01:24:26.186+0000][8509.774s][info][gc,phases   ] GC(677)   Other: 0.8ms
[2025-12-29T01:24:26.186+0000][8509.774s][info][gc,heap     ] GC(677) Eden regions: 951->0(951)
[2025-12-29T01:24:26.186+0000][8509.774s][info][gc,heap     ] GC(677) Survivor regions: 1->1(119)
[2025-12-29T01:24:26.186+0000][8509.775s][info][gc,heap     ] GC(677) Old regions: 47->47
[2025-12-29T01:24:26.186+0000][8509.775s][info][gc,heap     ] GC(677) Archive regions: 2->2
[2025-12-29T01:24:26.187+0000][8509.775s][info][gc,heap     ] GC(677) Humongous regions: 39->39
[2025-12-29T01:24:26.187+0000][8509.775s][info][gc,metaspace] GC(677) Metaspace: 75629K(76416K)->75629K(76416K) NonClass: 65410K(65792K)->65410K(65792K) Class: 10218K(10624K)->10218K(10624K)
[2025-12-29T01:24:26.187+0000][8509.775s][info][gc          ] GC(677) Pause Young (Normal) (G1 Evacuation Pause) 1037M->86M(1588M) 11.514ms
[2025-12-29T01:24:26.187+0000][8509.775s][info][gc,cpu      ] GC(677) User=0.05s Sys=0.00s Real=0.01s
[2025-12-29T01:24:39.323+0000][8522.911s][info][gc,start    ] GC(678) Pause Young (Normal) (G1 Evacuation Pause)
[2025-12-29T01:24:39.323+0000][8522.912s][info][gc,task     ] GC(678) Using 8 workers of 8 for evacuation
[2025-12-29T01:24:39.328+0000][8522.916s][info][gc,phases   ] GC(678)   Pre Evacuate Collection Set: 0.3ms
[2025-12-29T01:24:39.328+0000][8522.916s][info][gc,phases   ] GC(678)   Merge Heap Roots: 0.3ms
[2025-12-29T01:24:39.328+0000][8522.916s][info][gc,phases   ] GC(678)   Evacuate Collection Set: 2.4ms
[2025-12-29T01:24:39.328+0000][8522.916s][info][gc,phases   ] GC(678)   Post Evacuate Collection Set: 0.8ms
[2025-12-29T01:24:39.328+0000][8522.916s][info][gc,phases   ] GC(678)   Other: 1.2ms
[2025-12-29T01:24:39.328+0000][8522.916s][info][gc,heap     ] GC(678) Eden regions: 951->0(951)
[2025-12-29T01:24:39.328+0000][8522.916s][info][gc,heap     ] GC(678) Survivor regions: 1->1(119)
[2025-12-29T01:24:39.328+0000][8522.916s][info][gc,heap     ] GC(678) Old regions: 47->47
[2025-12-29T01:24:39.328+0000][8522.916s][info][gc,heap     ] GC(678) Archive regions: 2->2
[2025-12-29T01:24:39.328+0000][8522.917s][info][gc,heap     ] GC(678) Humongous regions: 39->39
[2025-12-29T01:24:39.328+0000][8522.917s][info][gc,metaspace] GC(678) Metaspace: 75629K(76416K)->75629K(76416K) NonClass: 65410K(65792K)->65410K(65792K) Class: 10218K(10624K)->10218K(10624K)
[2025-12-29T01:24:39.329+0000][8522.917s][info][gc          ] GC(678) Pause Young (Normal) (G1 Evacuation Pause) 1037M->86M(1588M) 5.642ms
[2025-12-29T01:24:39.329+0000][8522.917s][info][gc,cpu      ] GC(678) User=0.03s Sys=0.00s Real=0.00s
[2025-12-29T01:24:50.911+0000][8534.499s][info][gc,start    ] GC(679) Pause Young (Normal) (G1 Evacuation Pause)
[2025-12-29T01:24:50.911+0000][8534.499s][info][gc,task     ] GC(679) Using 8 workers of 8 for evacuation
[2025-12-29T01:24:50.917+0000][8534.505s][info][gc,phases   ] GC(679)   Pre Evacuate Collection Set: 0.5ms
[2025-12-29T01:24:50.917+0000][8534.505s][info][gc,phases   ] GC(679)   Merge Heap Roots: 0.5ms
[2025-12-29T01:24:50.917+0000][8534.505s][info][gc,phases   ] GC(679)   Evacuate Collection Set: 2.3ms
[2025-12-29T01:24:50.917+0000][8534.505s][info][gc,phases   ] GC(679)   Post Evacuate Collection Set: 2.0ms
[2025-12-29T01:24:50.917+0000][8534.505s][info][gc,phases   ] GC(679)   Other: 1.0ms
[2025-12-29T01:24:50.917+0000][8534.505s][info][gc,heap     ] GC(679) Eden regions: 951->0(951)
[2025-12-29T01:24:50.917+0000][8534.506s][info][gc,heap     ] GC(679) Survivor regions: 1->1(119)
[2025-12-29T01:24:50.917+0000][8534.506s][info][gc,heap     ] GC(679) Old regions: 47->47
[2025-12-29T01:24:50.917+0000][8534.506s][info][gc,heap     ] GC(679) Archive regions: 2->2
[2025-12-29T01:24:50.917+0000][8534.506s][info][gc,heap     ] GC(679) Humongous regions: 39->39
[2025-12-29T01:24:50.918+0000][8534.506s][info][gc,metaspace] GC(679) Metaspace: 75629K(76416K)->75629K(76416K) NonClass: 65410K(65792K)->65410K(65792K) Class: 10218K(10624K)->10218K(10624K)
[2025-12-29T01:24:50.918+0000][8534.506s][info][gc          ] GC(679) Pause Young (Normal) (G1 Evacuation Pause) 1037M->86M(1588M) 7.097ms
[2025-12-29T01:24:50.918+0000][8534.506s][info][gc,cpu      ] GC(679) User=0.03s Sys=0.00s Real=0.00s
[2025-12-29T01:25:05.429+0000][8549.017s][info][gc,start    ] GC(680) Pause Young (Normal) (G1 Evacuation Pause)
[2025-12-29T01:25:05.430+0000][8549.018s][info][gc,task     ] GC(680) Using 8 workers of 8 for evacuation
[2025-12-29T01:25:05.449+0000][8549.038s][info][gc,phases   ] GC(680)   Pre Evacuate Collection Set: 2.4ms
[2025-12-29T01:25:05.450+0000][8549.038s][info][gc,phases   ] GC(680)   Merge Heap Roots: 1.4ms
[2025-12-29T01:25:05.450+0000][8549.038s][info][gc,phases   ] GC(680)   Evacuate Collection Set: 10.4ms
[2025-12-29T01:25:05.450+0000][8549.038s][info][gc,phases   ] GC(680)   Post Evacuate Collection Set: 3.9ms
[2025-12-29T01:25:05.450+0000][8549.038s][info][gc,phases   ] GC(680)   Other: 2.4ms
[2025-12-29T01:25:05.450+0000][8549.038s][info][gc,heap     ] GC(680) Eden regions: 951->0(951)
[2025-12-29T01:25:05.450+0000][8549.038s][info][gc,heap     ] GC(680) Survivor regions: 1->1(119)
[2025-12-29T01:25:05.450+0000][8549.038s][info][gc,heap     ] GC(680) Old regions: 47->47
[2025-12-29T01:25:05.450+0000][8549.038s][info][gc,heap     ] GC(680) Archive regions: 2->2
[2025-12-29T01:25:05.450+0000][8549.038s][info][gc,heap     ] GC(680) Humongous regions: 39->39
[2025-12-29T01:25:05.450+0000][8549.038s][info][gc,metaspace] GC(680) Metaspace: 75629K(76416K)->75629K(76416K) NonClass: 65410K(65792K)->65410K(65792K) Class: 10218K(10624K)->10218K(10624K)
[2025-12-29T01:25:05.450+0000][8549.039s][info][gc          ] GC(680) Pause Young (Normal) (G1 Evacuation Pause) 1037M->86M(1588M) 21.257ms
[2025-12-29T01:25:05.450+0000][8549.039s][info][gc,cpu      ] GC(680) User=0.06s Sys=0.00s Real=0.03s
[2025-12-29T01:25:19.891+0000][8563.479s][info][gc,start    ] GC(681) Pause Young (Normal) (G1 Evacuation Pause)
[2025-12-29T01:25:19.892+0000][8563.480s][info][gc,task     ] GC(681) Using 8 workers of 8 for evacuation
[2025-12-29T01:25:19.904+0000][8563.492s][info][gc,phases   ] GC(681)   Pre Evacuate Collection Set: 1.0ms
[2025-12-29T01:25:19.904+0000][8563.492s][info][gc,phases   ] GC(681)   Merge Heap Roots: 0.5ms
[2025-12-29T01:25:19.904+0000][8563.493s][info][gc,phases   ] GC(681)   Evacuate Collection Set: 7.2ms
[2025-12-29T01:25:19.904+0000][8563.493s][info][gc,phases   ] GC(681)   Post Evacuate Collection Set: 3.2ms
[2025-12-29T01:25:19.905+0000][8563.493s][info][gc,phases   ] GC(681)   Other: 1.0ms
[2025-12-29T01:25:19.905+0000][8563.493s][info][gc,heap     ] GC(681) Eden regions: 951->0(951)
[2025-12-29T01:25:19.905+0000][8563.493s][info][gc,heap     ] GC(681) Survivor regions: 1->1(119)
[2025-12-29T01:25:19.905+0000][8563.493s][info][gc,heap     ] GC(681) Old regions: 47->47
[2025-12-29T01:25:19.905+0000][8563.493s][info][gc,heap     ] GC(681) Archive regions: 2->2
[2025-12-29T01:25:19.905+0000][8563.493s][info][gc,heap     ] GC(681) Humongous regions: 39->39
[2025-12-29T01:25:19.905+0000][8563.493s][info][gc,metaspace] GC(681) Metaspace: 75629K(76416K)->75629K(76416K) NonClass: 65410K(65792K)->65410K(65792K) Class: 10218K(10624K)->10218K(10624K)
[2025-12-29T01:25:19.905+0000][8563.494s][info][gc          ] GC(681) Pause Young (Normal) (G1 Evacuation Pause) 1037M->86M(1588M) 14.376ms
[2025-12-29T01:25:19.906+0000][8563.494s][info][gc,cpu      ] GC(681) User=0.07s Sys=0.00s Real=0.01s
[2025-12-29T01:25:32.639+0000][8576.227s][info][gc,start    ] GC(682) Pause Young (Normal) (G1 Evacuation Pause)
[2025-12-29T01:25:32.640+0000][8576.228s][info][gc,task     ] GC(682) Using 8 workers of 8 for evacuation
[2025-12-29T01:25:32.655+0000][8576.244s][info][gc,phases   ] GC(682)   Pre Evacuate Collection Set: 0.9ms
[2025-12-29T01:25:32.656+0000][8576.244s][info][gc,phases   ] GC(682)   Merge Heap Roots: 0.5ms
[2025-12-29T01:25:32.656+0000][8576.244s][info][gc,phases   ] GC(682)   Evacuate Collection Set: 11.5ms
[2025-12-29T01:25:32.656+0000][8576.244s][info][gc,phases   ] GC(682)   Post Evacuate Collection Set: 2.0ms
[2025-12-29T01:25:32.656+0000][8576.244s][info][gc,phases   ] GC(682)   Other: 1.5ms
[2025-12-29T01:25:32.656+0000][8576.244s][info][gc,heap     ] GC(682) Eden regions: 951->0(951)
[2025-12-29T01:25:32.656+0000][8576.244s][info][gc,heap     ] GC(682) Survivor regions: 1->1(119)
[2025-12-29T01:25:32.656+0000][8576.244s][info][gc,heap     ] GC(682) Old regions: 47->47
[2025-12-29T01:25:32.656+0000][8576.245s][info][gc,heap     ] GC(682) Archive regions: 2->2
[2025-12-29T01:25:32.656+0000][8576.245s][info][gc,heap     ] GC(682) Humongous regions: 39->39
[2025-12-29T01:25:32.656+0000][8576.245s][info][gc,metaspace] GC(682) Metaspace: 75629K(76416K)->75629K(76416K) NonClass: 65410K(65792K)->65410K(65792K) Class: 10218K(10624K)->10218K(10624K)
[2025-12-29T01:25:32.657+0000][8576.245s][info][gc          ] GC(682) Pause Young (Normal) (G1 Evacuation Pause) 1037M->86M(1588M) 17.386ms
[2025-12-29T01:25:32.657+0000][8576.245s][info][gc,cpu      ] GC(682) User=0.08s Sys=0.00s Real=0.02s
[2025-12-29T01:25:46.370+0000][8589.958s][info][gc,start    ] GC(683) Pause Young (Normal) (G1 Evacuation Pause)
[2025-12-29T01:25:46.372+0000][8589.960s][info][gc,task     ] GC(683) Using 8 workers of 8 for evacuation
[2025-12-29T01:25:46.385+0000][8589.973s][info][gc,phases   ] GC(683)   Pre Evacuate Collection Set: 1.6ms
[2025-12-29T01:25:46.385+0000][8589.973s][info][gc,phases   ] GC(683)   Merge Heap Roots: 0.3ms
[2025-12-29T01:25:46.385+0000][8589.973s][info][gc,phases   ] GC(683)   Evacuate Collection Set: 5.1ms
[2025-12-29T01:25:46.385+0000][8589.974s][info][gc,phases   ] GC(683)   Post Evacuate Collection Set: 4.1ms
[2025-12-29T01:25:46.386+0000][8589.974s][info][gc,phases   ] GC(683)   Other: 5.2ms
[2025-12-29T01:25:46.386+0000][8589.974s][info][gc,heap     ] GC(683) Eden regions: 951->0(951)
[2025-12-29T01:25:46.386+0000][8589.974s][info][gc,heap     ] GC(683) Survivor regions: 1->1(119)
[2025-12-29T01:25:46.386+0000][8589.974s][info][gc,heap     ] GC(683) Old regions: 47->47
[2025-12-29T01:25:46.386+0000][8589.975s][info][gc,heap     ] GC(683) Archive regions: 2->2
[2025-12-29T01:25:46.387+0000][8589.975s][info][gc,heap     ] GC(683) Humongous regions: 39->39
[2025-12-29T01:25:46.387+0000][8589.975s][info][gc,metaspace] GC(683) Metaspace: 75629K(76416K)->75629K(76416K) NonClass: 65410K(65792K)->65410K(65792K) Class: 10218K(10624K)->10218K(10624K)
[2025-12-29T01:25:46.387+0000][8589.975s][info][gc          ] GC(683) Pause Young (Normal) (G1 Evacuation Pause) 1037M->86M(1588M) 17.331ms
[2025-12-29T01:25:46.387+0000][8589.975s][info][gc,cpu      ] GC(683) User=0.04s Sys=0.00s Real=0.02s
[2025-12-29T01:26:01.199+0000][8604.788s][info][gc,start    ] GC(684) Pause Young (Normal) (G1 Evacuation Pause)
[2025-12-29T01:26:01.200+0000][8604.789s][info][gc,task     ] GC(684) Using 8 workers of 8 for evacuation
[2025-12-29T01:26:01.214+0000][8604.803s][info][gc,phases   ] GC(684)   Pre Evacuate Collection Set: 0.7ms
[2025-12-29T01:26:01.215+0000][8604.803s][info][gc,phases   ] GC(684)   Merge Heap Roots: 2.8ms
[2025-12-29T01:26:01.215+0000][8604.803s][info][gc,phases   ] GC(684)   Evacuate Collection Set: 8.0ms
[2025-12-29T01:26:01.215+0000][8604.803s][info][gc,phases   ] GC(684)   Post Evacuate Collection Set: 2.2ms
[2025-12-29T01:26:01.215+0000][8604.803s][info][gc,phases   ] GC(684)   Other: 1.8ms
[2025-12-29T01:26:01.215+0000][8604.803s][info][gc,heap     ] GC(684) Eden regions: 951->0(951)
[2025-12-29T01:26:01.215+0000][8604.803s][info][gc,heap     ] GC(684) Survivor regions: 1->1(119)
[2025-12-29T01:26:01.215+0000][8604.803s][info][gc,heap     ] GC(684) Old regions: 47->47
[2025-12-29T01:26:01.215+0000][8604.804s][info][gc,heap     ] GC(684) Archive regions: 2->2
[2025-12-29T01:26:01.216+0000][8604.804s][info][gc,heap     ] GC(684) Humongous regions: 39->39
[2025-12-29T01:26:01.216+0000][8604.804s][info][gc,metaspace] GC(684) Metaspace: 75629K(76416K)->75629K(76416K) NonClass: 65410K(65792K)->65410K(65792K) Class: 10218K(10624K)->10218K(10624K)
[2025-12-29T01:26:01.216+0000][8604.804s][info][gc          ] GC(684) Pause Young (Normal) (G1 Evacuation Pause) 1037M->86M(1588M) 16.520ms
[2025-12-29T01:26:01.216+0000][8604.804s][info][gc,cpu      ] GC(684) User=0.07s Sys=0.00s Real=0.02s
[2025-12-29T01:26:13.683+0000][8617.271s][info][gc,start    ] GC(685) Pause Young (Normal) (G1 Evacuation Pause)
[2025-12-29T01:26:13.684+0000][8617.272s][info][gc,task     ] GC(685) Using 8 workers of 8 for evacuation
[2025-12-29T01:26:13.694+0000][8617.282s][info][gc,phases   ] GC(685)   Pre Evacuate Collection Set: 0.7ms
[2025-12-29T01:26:13.694+0000][8617.282s][info][gc,phases   ] GC(685)   Merge Heap Roots: 0.3ms
[2025-12-29T01:26:13.694+0000][8617.282s][info][gc,phases   ] GC(685)   Evacuate Collection Set: 5.1ms
[2025-12-29T01:26:13.694+0000][8617.282s][info][gc,phases   ] GC(685)   Post Evacuate Collection Set: 3.5ms
[2025-12-29T01:26:13.694+0000][8617.282s][info][gc,phases   ] GC(685)   Other: 1.5ms
[2025-12-29T01:26:13.694+0000][8617.283s][info][gc,heap     ] GC(685) Eden regions: 951->0(951)
[2025-12-29T01:26:13.694+0000][8617.283s][info][gc,heap     ] GC(685) Survivor regions: 1->1(119)
[2025-12-29T01:26:13.695+0000][8617.283s][info][gc,heap     ] GC(685) Old regions: 47->47
[2025-12-29T01:26:13.695+0000][8617.283s][info][gc,heap     ] GC(685) Archive regions: 2->2
[2025-12-29T01:26:13.695+0000][8617.283s][info][gc,heap     ] GC(685) Humongous regions: 39->39
[2025-12-29T01:26:13.695+0000][8617.283s][info][gc,metaspace] GC(685) Metaspace: 75629K(76416K)->75629K(76416K) NonClass: 65410K(65792K)->65410K(65792K) Class: 10218K(10624K)->10218K(10624K)
[2025-12-29T01:26:13.695+0000][8617.283s][info][gc          ] GC(685) Pause Young (Normal) (G1 Evacuation Pause) 1037M->86M(1588M) 12.289ms
[2025-12-29T01:26:13.695+0000][8617.283s][info][gc,cpu      ] GC(685) User=0.05s Sys=0.00s Real=0.01s
[2025-12-29T01:26:26.240+0000][8629.829s][info][gc,start    ] GC(686) Pause Young (Normal) (G1 Evacuation Pause)
[2025-12-29T01:26:26.241+0000][8629.829s][info][gc,task     ] GC(686) Using 8 workers of 8 for evacuation
[2025-12-29T01:26:26.254+0000][8629.842s][info][gc,phases   ] GC(686)   Pre Evacuate Collection Set: 2.0ms
[2025-12-29T01:26:26.254+0000][8629.842s][info][gc,phases   ] GC(686)   Merge Heap Roots: 0.5ms
[2025-12-29T01:26:26.254+0000][8629.842s][info][gc,phases   ] GC(686)   Evacuate Collection Set: 6.1ms
[2025-12-29T01:26:26.254+0000][8629.843s][info][gc,phases   ] GC(686)   Post Evacuate Collection Set: 3.3ms
[2025-12-29T01:26:26.255+0000][8629.843s][info][gc,phases   ] GC(686)   Other: 1.8ms
[2025-12-29T01:26:26.255+0000][8629.843s][info][gc,heap     ] GC(686) Eden regions: 951->0(951)
[2025-12-29T01:26:26.255+0000][8629.843s][info][gc,heap     ] GC(686) Survivor regions: 1->1(119)
[2025-12-29T01:26:26.255+0000][8629.843s][info][gc,heap     ] GC(686) Old regions: 47->47
[2025-12-29T01:26:26.255+0000][8629.843s][info][gc,heap     ] GC(686) Archive regions: 2->2
[2025-12-29T01:26:26.255+0000][8629.843s][info][gc,heap     ] GC(686) Humongous regions: 39->39
[2025-12-29T01:26:26.255+0000][8629.843s][info][gc,metaspace] GC(686) Metaspace: 75629K(76416K)->75629K(76416K) NonClass: 65410K(65792K)->65410K(65792K) Class: 10218K(10624K)->10218K(10624K)
[2025-12-29T01:26:26.255+0000][8629.843s][info][gc          ] GC(686) Pause Young (Normal) (G1 Evacuation Pause) 1037M->86M(1588M) 14.683ms
[2025-12-29T01:26:26.255+0000][8629.843s][info][gc,cpu      ] GC(686) User=0.07s Sys=0.00s Real=0.02s
[2025-12-29T01:26:34.339+0000][8637.927s][info][gc,heap,exit] Heap
[2025-12-29T01:26:34.339+0000][8637.928s][info][gc,heap,exit]  garbage-first heap   total 1626112K, used 654646K [0x000000009cc00000, 0x0000000100000000)
[2025-12-29T01:26:34.340+0000][8637.928s][info][gc,heap,exit]   region size 1024K, 554 young (567296K), 1 survivors (1024K)
[2025-12-29T01:26:34.340+0000][8637.928s][info][gc,heap,exit]  Metaspace       used 77353K, committed 78144K, reserved 344064K
[2025-12-29T01:26:34.340+0000][8637.929s][info][gc,heap,exit]   class space    used 10570K, committed 10944K, reserved 212992K
