[2025-12-25T01:38:51.890+0000][0.006s][info][gc] Using G1
[2025-12-25T01:38:51.893+0000][0.009s][info][gc,init] Version: 17.0.14+7 (release)
[2025-12-25T01:38:51.893+0000][0.009s][info][gc,init] CPUs: 8 total, 4 available
[2025-12-25T01:38:51.893+0000][0.009s][info][gc,init] Memory: 1792M
[2025-12-25T01:38:51.893+0000][0.009s][info][gc,init] Large Page Support: Disabled
[2025-12-25T01:38:51.893+0000][0.009s][info][gc,init] NUMA Support: Disabled
[2025-12-25T01:38:51.894+0000][0.009s][info][gc,init] Compressed Oops: Enabled (32-bit)
[2025-12-25T01:38:51.894+0000][0.009s][info][gc,init] Heap Region Size: 1M
[2025-12-25T01:38:51.894+0000][0.010s][info][gc,init] Heap Min Capacity: 416M
[2025-12-25T01:38:51.894+0000][0.010s][info][gc,init] Heap Initial Capacity: 416M
[2025-12-25T01:38:51.894+0000][0.010s][info][gc,init] Heap Max Capacity: 416M
[2025-12-25T01:38:51.894+0000][0.010s][info][gc,init] Pre-touch: Disabled
[2025-12-25T01:38:51.895+0000][0.010s][info][gc,init] Parallel Workers: 4
[2025-12-25T01:38:51.895+0000][0.011s][info][gc,init] Concurrent Workers: 1
[2025-12-25T01:38:51.895+0000][0.011s][info][gc,init] Concurrent Refinement Workers: 4
[2025-12-25T01:38:51.895+0000][0.011s][info][gc,init] Periodic GC: Disabled
[2025-12-25T01:38:51.901+0000][0.017s][info][gc,metaspace] CDS archive(s) mapped at: [0x0000000600000000-0x0000000600a70000-0x0000000600a70000), size 10944512, SharedBaseAddress: 0x0000000600000000, ArchiveRelocationMode: 1.
[2025-12-25T01:38:51.901+0000][0.017s][info][gc,metaspace] Compressed class space mapped at: 0x0000000601000000-0x000000060e000000, reserved size: 218103808
[2025-12-25T01:38:51.901+0000][0.017s][info][gc,metaspace] Narrow klass base: 0x0000000600000000, Narrow klass shift: 0, Narrow klass range: 0x100000000
[2025-12-25T01:38:52.191+0000][0.307s][info][gc,start    ] GC(0) Pause Young (Normal) (G1 Evacuation Pause)
[2025-12-25T01:38:52.191+0000][0.307s][info][gc,task     ] GC(0) Using 4 workers of 4 for evacuation
[2025-12-25T01:38:52.195+0000][0.311s][info][gc,phases   ] GC(0)   Pre Evacuate Collection Set: 0.1ms
[2025-12-25T01:38:52.195+0000][0.311s][info][gc,phases   ] GC(0)   Merge Heap Roots: 0.0ms
[2025-12-25T01:38:52.195+0000][0.311s][info][gc,phases   ] GC(0)   Evacuate Collection Set: 2.7ms
[2025-12-25T01:38:52.195+0000][0.311s][info][gc,phases   ] GC(0)   Post Evacuate Collection Set: 0.3ms
[2025-12-25T01:38:52.195+0000][0.311s][info][gc,phases   ] GC(0)   Other: 1.0ms
[2025-12-25T01:38:52.195+0000][0.311s][info][gc,heap     ] GC(0) Eden regions: 20->0(17)
[2025-12-25T01:38:52.195+0000][0.311s][info][gc,heap     ] GC(0) Survivor regions: 0->3(3)
[2025-12-25T01:38:52.195+0000][0.311s][info][gc,heap     ] GC(0) Old regions: 0->3
[2025-12-25T01:38:52.196+0000][0.311s][info][gc,heap     ] GC(0) Archive regions: 2->2
[2025-12-25T01:38:52.196+0000][0.312s][info][gc,heap     ] GC(0) Humongous regions: 9->9
[2025-12-25T01:38:52.196+0000][0.312s][info][gc,metaspace] GC(0) Metaspace: 5806K(6016K)->5806K(6016K) NonClass: 5079K(5184K)->5079K(5184K) Class: 726K(832K)->726K(832K)
[2025-12-25T01:38:52.196+0000][0.312s][info][gc          ] GC(0) Pause Young (Normal) (G1 Evacuation Pause) 29M->14M(416M) 5.455ms
[2025-12-25T01:38:52.196+0000][0.312s][info][gc,cpu      ] GC(0) User=0.01s Sys=0.00s Real=0.01s
[2025-12-25T01:38:52.404+0000][0.520s][info][gc,start    ] GC(1) Pause Young (Normal) (G1 Evacuation Pause)
[2025-12-25T01:38:52.405+0000][0.521s][info][gc,task     ] GC(1) Using 4 workers of 4 for evacuation
[2025-12-25T01:38:52.410+0000][0.526s][info][gc,phases   ] GC(1)   Pre Evacuate Collection Set: 0.1ms
[2025-12-25T01:38:52.410+0000][0.526s][info][gc,phases   ] GC(1)   Merge Heap Roots: 0.1ms
[2025-12-25T01:38:52.410+0000][0.526s][info][gc,phases   ] GC(1)   Evacuate Collection Set: 3.7ms
[2025-12-25T01:38:52.410+0000][0.526s][info][gc,phases   ] GC(1)   Post Evacuate Collection Set: 0.5ms
[2025-12-25T01:38:52.410+0000][0.526s][info][gc,phases   ] GC(1)   Other: 1.0ms
[2025-12-25T01:38:52.410+0000][0.526s][info][gc,heap     ] GC(1) Eden regions: 17->0(18)
[2025-12-25T01:38:52.411+0000][0.526s][info][gc,heap     ] GC(1) Survivor regions: 3->2(3)
[2025-12-25T01:38:52.411+0000][0.527s][info][gc,heap     ] GC(1) Old regions: 3->6
[2025-12-25T01:38:52.411+0000][0.527s][info][gc,heap     ] GC(1) Archive regions: 2->2
[2025-12-25T01:38:52.411+0000][0.527s][info][gc,heap     ] GC(1) Humongous regions: 10->9
[2025-12-25T01:38:52.411+0000][0.527s][info][gc,metaspace] GC(1) Metaspace: 11999K(12224K)->11999K(12224K) NonClass: 10449K(10560K)->10449K(10560K) Class: 1550K(1664K)->1550K(1664K)
[2025-12-25T01:38:52.412+0000][0.528s][info][gc          ] GC(1) Pause Young (Normal) (G1 Evacuation Pause) 32M->17M(416M) 7.310ms
[2025-12-25T01:38:52.412+0000][0.528s][info][gc,cpu      ] GC(1) User=0.01s Sys=0.01s Real=0.00s
[2025-12-25T01:38:52.536+0000][0.652s][info][gc,start    ] GC(2) Pause Young (Normal) (G1 Evacuation Pause)
[2025-12-25T01:38:52.536+0000][0.652s][info][gc,task     ] GC(2) Using 4 workers of 4 for evacuation
[2025-12-25T01:38:52.540+0000][0.656s][info][gc,phases   ] GC(2)   Pre Evacuate Collection Set: 0.1ms
[2025-12-25T01:38:52.540+0000][0.656s][info][gc,phases   ] GC(2)   Merge Heap Roots: 0.0ms
[2025-12-25T01:38:52.540+0000][0.656s][info][gc,phases   ] GC(2)   Evacuate Collection Set: 2.6ms
[2025-12-25T01:38:52.540+0000][0.656s][info][gc,phases   ] GC(2)   Post Evacuate Collection Set: 0.3ms
[2025-12-25T01:38:52.540+0000][0.656s][info][gc,phases   ] GC(2)   Other: 0.4ms
[2025-12-25T01:38:52.540+0000][0.656s][info][gc,heap     ] GC(2) Eden regions: 18->0(17)
[2025-12-25T01:38:52.540+0000][0.656s][info][gc,heap     ] GC(2) Survivor regions: 2->3(3)
[2025-12-25T01:38:52.540+0000][0.656s][info][gc,heap     ] GC(2) Old regions: 6->6
[2025-12-25T01:38:52.540+0000][0.656s][info][gc,heap     ] GC(2) Archive regions: 2->2
[2025-12-25T01:38:52.540+0000][0.656s][info][gc,heap     ] GC(2) Humongous regions: 9->9
[2025-12-25T01:38:52.540+0000][0.656s][info][gc,metaspace] GC(2) Metaspace: 16243K(16448K)->16243K(16448K) NonClass: 14182K(14272K)->14182K(14272K) Class: 2060K(2176K)->2060K(2176K)
[2025-12-25T01:38:52.541+0000][0.656s][info][gc          ] GC(2) Pause Young (Normal) (G1 Evacuation Pause) 35M->18M(416M) 4.326ms
[2025-12-25T01:38:52.541+0000][0.656s][info][gc,cpu      ] GC(2) User=0.01s Sys=0.00s Real=0.00s
[2025-12-25T01:38:52.623+0000][0.739s][info][gc,start    ] GC(3) Pause Young (Normal) (G1 Evacuation Pause)
[2025-12-25T01:38:52.624+0000][0.739s][info][gc,task     ] GC(3) Using 4 workers of 4 for evacuation
[2025-12-25T01:38:52.625+0000][0.741s][info][gc,phases   ] GC(3)   Pre Evacuate Collection Set: 0.1ms
[2025-12-25T01:38:52.625+0000][0.741s][info][gc,phases   ] GC(3)   Merge Heap Roots: 0.0ms
[2025-12-25T01:38:52.625+0000][0.741s][info][gc,phases   ] GC(3)   Evacuate Collection Set: 1.0ms
[2025-12-25T01:38:52.625+0000][0.741s][info][gc,phases   ] GC(3)   Post Evacuate Collection Set: 0.2ms
[2025-12-25T01:38:52.626+0000][0.741s][info][gc,phases   ] GC(3)   Other: 0.5ms
[2025-12-25T01:38:52.626+0000][0.742s][info][gc,heap     ] GC(3) Eden regions: 17->0(17)
[2025-12-25T01:38:52.626+0000][0.742s][info][gc,heap     ] GC(3) Survivor regions: 3->3(3)
[2025-12-25T01:38:52.626+0000][0.742s][info][gc,heap     ] GC(3) Old regions: 6->8
[2025-12-25T01:38:52.626+0000][0.742s][info][gc,heap     ] GC(3) Archive regions: 2->2
[2025-12-25T01:38:52.626+0000][0.742s][info][gc,heap     ] GC(3) Humongous regions: 9->9
[2025-12-25T01:38:52.626+0000][0.742s][info][gc,metaspace] GC(3) Metaspace: 17424K(17600K)->17424K(17600K) NonClass: 15201K(15296K)->15201K(15296K) Class: 2223K(2304K)->2223K(2304K)
[2025-12-25T01:38:52.626+0000][0.742s][info][gc          ] GC(3) Pause Young (Normal) (G1 Evacuation Pause) 35M->19M(416M) 2.917ms
[2025-12-25T01:38:52.626+0000][0.742s][info][gc,cpu      ] GC(3) User=0.00s Sys=0.00s Real=0.01s
[2025-12-25T01:38:52.674+0000][0.789s][info][gc,start    ] GC(4) Pause Young (Normal) (G1 Evacuation Pause)
[2025-12-25T01:38:52.674+0000][0.790s][info][gc,task     ] GC(4) Using 4 workers of 4 for evacuation
[2025-12-25T01:38:52.675+0000][0.791s][info][gc,phases   ] GC(4)   Pre Evacuate Collection Set: 0.0ms
[2025-12-25T01:38:52.675+0000][0.791s][info][gc,phases   ] GC(4)   Merge Heap Roots: 0.0ms
[2025-12-25T01:38:52.675+0000][0.791s][info][gc,phases   ] GC(4)   Evacuate Collection Set: 1.0ms
[2025-12-25T01:38:52.676+0000][0.791s][info][gc,phases   ] GC(4)   Post Evacuate Collection Set: 0.2ms
[2025-12-25T01:38:52.676+0000][0.792s][info][gc,phases   ] GC(4)   Other: 0.3ms
[2025-12-25T01:38:52.676+0000][0.792s][info][gc,heap     ] GC(4) Eden regions: 17->0(34)
[2025-12-25T01:38:52.676+0000][0.792s][info][gc,heap     ] GC(4) Survivor regions: 3->3(3)
[2025-12-25T01:38:52.676+0000][0.792s][info][gc,heap     ] GC(4) Old regions: 8->9
[2025-12-25T01:38:52.676+0000][0.792s][info][gc,heap     ] GC(4) Archive regions: 2->2
[2025-12-25T01:38:52.676+0000][0.792s][info][gc,heap     ] GC(4) Humongous regions: 9->9
[2025-12-25T01:38:52.676+0000][0.792s][info][gc,metaspace] GC(4) Metaspace: 18099K(18304K)->18099K(18304K) NonClass: 15796K(15936K)->15796K(15936K) Class: 2302K(2368K)->2302K(2368K)
[2025-12-25T01:38:52.676+0000][0.792s][info][gc          ] GC(4) Pause Young (Normal) (G1 Evacuation Pause) 36M->20M(416M) 2.882ms
[2025-12-25T01:38:52.677+0000][0.792s][info][gc,cpu      ] GC(4) User=0.00s Sys=0.00s Real=0.01s
[2025-12-25T01:38:52.784+0000][0.900s][info][gc,start    ] GC(5) Pause Young (Normal) (G1 Evacuation Pause)
[2025-12-25T01:38:52.785+0000][0.900s][info][gc,task     ] GC(5) Using 4 workers of 4 for evacuation
[2025-12-25T01:38:52.787+0000][0.903s][info][gc,phases   ] GC(5)   Pre Evacuate Collection Set: 0.1ms
[2025-12-25T01:38:52.788+0000][0.904s][info][gc,phases   ] GC(5)   Merge Heap Roots: 0.0ms
[2025-12-25T01:38:52.788+0000][0.904s][info][gc,phases   ] GC(5)   Evacuate Collection Set: 1.6ms
[2025-12-25T01:38:52.788+0000][0.904s][info][gc,phases   ] GC(5)   Post Evacuate Collection Set: 0.2ms
[2025-12-25T01:38:52.789+0000][0.904s][info][gc,phases   ] GC(5)   Other: 0.9ms
[2025-12-25T01:38:52.789+0000][0.905s][info][gc,heap     ] GC(5) Eden regions: 34->0(50)
[2025-12-25T01:38:52.789+0000][0.905s][info][gc,heap     ] GC(5) Survivor regions: 3->5(5)
[2025-12-25T01:38:52.789+0000][0.905s][info][gc,heap     ] GC(5) Old regions: 9->9
[2025-12-25T01:38:52.789+0000][0.905s][info][gc,heap     ] GC(5) Archive regions: 2->2
[2025-12-25T01:38:52.789+0000][0.905s][info][gc,heap     ] GC(5) Humongous regions: 9->9
[2025-12-25T01:38:52.789+0000][0.905s][info][gc,metaspace] GC(5) Metaspace: 19490K(19712K)->19490K(19712K) NonClass: 16984K(17088K)->16984K(17088K) Class: 2506K(2624K)->2506K(2624K)
[2025-12-25T01:38:52.789+0000][0.905s][info][gc          ] GC(5) Pause Young (Normal) (G1 Evacuation Pause) 54M->23M(416M) 4.956ms
[2025-12-25T01:38:52.789+0000][0.905s][info][gc,cpu      ] GC(5) User=0.00s Sys=0.00s Real=0.00s
[2025-12-25T01:38:52.938+0000][1.054s][info][gc,start    ] GC(6) Pause Young (Normal) (G1 Evacuation Pause)
[2025-12-25T01:38:52.938+0000][1.054s][info][gc,task     ] GC(6) Using 4 workers of 4 for evacuation
[2025-12-25T01:38:52.941+0000][1.057s][info][gc,phases   ] GC(6)   Pre Evacuate Collection Set: 0.0ms
[2025-12-25T01:38:52.942+0000][1.057s][info][gc,phases   ] GC(6)   Merge Heap Roots: 0.1ms
[2025-12-25T01:38:52.942+0000][1.057s][info][gc,phases   ] GC(6)   Evacuate Collection Set: 2.4ms
[2025-12-25T01:38:52.942+0000][1.058s][info][gc,phases   ] GC(6)   Post Evacuate Collection Set: 0.3ms
[2025-12-25T01:38:52.942+0000][1.058s][info][gc,phases   ] GC(6)   Other: 0.5ms
[2025-12-25T01:38:52.942+0000][1.058s][info][gc,heap     ] GC(6) Eden regions: 50->0(117)
[2025-12-25T01:38:52.942+0000][1.058s][info][gc,heap     ] GC(6) Survivor regions: 5->5(7)
[2025-12-25T01:38:52.943+0000][1.058s][info][gc,heap     ] GC(6) Old regions: 9->10
[2025-12-25T01:38:52.943+0000][1.058s][info][gc,heap     ] GC(6) Archive regions: 2->2
[2025-12-25T01:38:52.943+0000][1.059s][info][gc,heap     ] GC(6) Humongous regions: 9->9
[2025-12-25T01:38:52.943+0000][1.059s][info][gc,metaspace] GC(6) Metaspace: 21160K(21440K)->21160K(21440K) NonClass: 18429K(18560K)->18429K(18560K) Class: 2730K(2880K)->2730K(2880K)
[2025-12-25T01:38:52.943+0000][1.059s][info][gc          ] GC(6) Pause Young (Normal) (G1 Evacuation Pause) 73M->24M(416M) 4.873ms
[2025-12-25T01:38:52.943+0000][1.059s][info][gc,cpu      ] GC(6) User=0.01s Sys=0.01s Real=0.00s
[2025-12-25T01:38:52.968+0000][1.084s][info][gc,start    ] GC(7) Pause Young (Concurrent Start) (Metadata GC Threshold)
[2025-12-25T01:38:52.968+0000][1.084s][info][gc,task     ] GC(7) Using 4 workers of 4 for evacuation
[2025-12-25T01:38:52.970+0000][1.086s][info][gc,phases   ] GC(7)   Pre Evacuate Collection Set: 0.0ms
[2025-12-25T01:38:52.970+0000][1.086s][info][gc,phases   ] GC(7)   Merge Heap Roots: 0.0ms
[2025-12-25T01:38:52.970+0000][1.086s][info][gc,phases   ] GC(7)   Evacuate Collection Set: 1.1ms
[2025-12-25T01:38:52.970+0000][1.086s][info][gc,phases   ] GC(7)   Post Evacuate Collection Set: 0.2ms
[2025-12-25T01:38:52.971+0000][1.086s][info][gc,phases   ] GC(7)   Other: 0.4ms
[2025-12-25T01:38:52.971+0000][1.086s][info][gc,heap     ] GC(7) Eden regions: 2->0(74)
[2025-12-25T01:38:52.971+0000][1.087s][info][gc,heap     ] GC(7) Survivor regions: 5->5(16)
[2025-12-25T01:38:52.971+0000][1.087s][info][gc,heap     ] GC(7) Old regions: 10->10
[2025-12-25T01:38:52.971+0000][1.087s][info][gc,heap     ] GC(7) Archive regions: 2->2
[2025-12-25T01:38:52.971+0000][1.087s][info][gc,heap     ] GC(7) Humongous regions: 9->9
[2025-12-25T01:38:52.971+0000][1.087s][info][gc,metaspace] GC(7) Metaspace: 21280K(21504K)->21280K(21504K) NonClass: 18536K(18624K)->18536K(18624K) Class: 2743K(2880K)->2743K(2880K)
[2025-12-25T01:38:52.971+0000][1.087s][info][gc          ] GC(7) Pause Young (Concurrent Start) (Metadata GC Threshold) 26M->24M(416M) 3.004ms
[2025-12-25T01:38:52.971+0000][1.087s][info][gc,cpu      ] GC(7) User=0.00s Sys=0.00s Real=0.00s
[2025-12-25T01:38:52.972+0000][1.087s][info][gc          ] GC(8) Concurrent Mark Cycle
[2025-12-25T01:38:52.972+0000][1.087s][info][gc,marking  ] GC(8) Concurrent Clear Claimed Marks
[2025-12-25T01:38:52.972+0000][1.088s][info][gc,marking  ] GC(8) Concurrent Clear Claimed Marks 0.092ms
[2025-12-25T01:38:52.972+0000][1.088s][info][gc,marking  ] GC(8) Concurrent Scan Root Regions
[2025-12-25T01:38:52.973+0000][1.089s][info][gc,marking  ] GC(8) Concurrent Scan Root Regions 1.156ms
[2025-12-25T01:38:52.973+0000][1.089s][info][gc,marking  ] GC(8) Concurrent Mark
[2025-12-25T01:38:52.973+0000][1.089s][info][gc,marking  ] GC(8) Concurrent Mark From Roots
[2025-12-25T01:38:52.973+0000][1.089s][info][gc,task     ] GC(8) Using 1 workers of 1 for marking
[2025-12-25T01:38:52.978+0000][1.094s][info][gc,marking  ] GC(8) Concurrent Mark From Roots 5.114ms
[2025-12-25T01:38:52.979+0000][1.094s][info][gc,marking  ] GC(8) Concurrent Preclean
[2025-12-25T01:38:52.979+0000][1.095s][info][gc,marking  ] GC(8) Concurrent Preclean 0.261ms
[2025-12-25T01:38:52.979+0000][1.095s][info][gc,start    ] GC(8) Pause Remark
[2025-12-25T01:38:52.982+0000][1.098s][info][gc          ] GC(8) Pause Remark 24M->24M(416M) 3.175ms
[2025-12-25T01:38:52.982+0000][1.098s][info][gc,cpu      ] GC(8) User=0.01s Sys=0.00s Real=0.00s
[2025-12-25T01:38:52.983+0000][1.099s][info][gc,marking  ] GC(8) Concurrent Mark 10.463ms
[2025-12-25T01:38:52.984+0000][1.099s][info][gc,marking  ] GC(8) Concurrent Rebuild Remembered Sets
[2025-12-25T01:38:52.987+0000][1.102s][info][gc,marking  ] GC(8) Concurrent Rebuild Remembered Sets 2.980ms
[2025-12-25T01:38:52.987+0000][1.103s][info][gc,start    ] GC(8) Pause Cleanup
[2025-12-25T01:38:52.998+0000][1.114s][info][gc          ] GC(8) Pause Cleanup 25M->25M(416M) 11.590ms
[2025-12-25T01:38:52.999+0000][1.114s][info][gc,cpu      ] GC(8) User=0.01s Sys=0.00s Real=0.01s
[2025-12-25T01:38:52.999+0000][1.115s][info][gc,marking  ] GC(8) Concurrent Cleanup for Next Mark
[2025-12-25T01:38:53.002+0000][1.118s][info][gc,marking  ] GC(8) Concurrent Cleanup for Next Mark 2.995ms
[2025-12-25T01:38:53.002+0000][1.118s][info][gc          ] GC(8) Concurrent Mark Cycle 30.448ms
[2025-12-25T01:38:53.491+0000][1.607s][info][gc,start    ] GC(9) Pause Young (Normal) (G1 Evacuation Pause)
[2025-12-25T01:38:53.492+0000][1.608s][info][gc,task     ] GC(9) Using 4 workers of 4 for evacuation
[2025-12-25T01:38:53.495+0000][1.611s][info][gc,phases   ] GC(9)   Pre Evacuate Collection Set: 0.1ms
[2025-12-25T01:38:53.495+0000][1.611s][info][gc,phases   ] GC(9)   Merge Heap Roots: 0.1ms
[2025-12-25T01:38:53.495+0000][1.611s][info][gc,phases   ] GC(9)   Evacuate Collection Set: 2.3ms
[2025-12-25T01:38:53.495+0000][1.611s][info][gc,phases   ] GC(9)   Post Evacuate Collection Set: 0.4ms
[2025-12-25T01:38:53.495+0000][1.611s][info][gc,phases   ] GC(9)   Other: 0.8ms
[2025-12-25T01:38:53.496+0000][1.611s][info][gc,heap     ] GC(9) Eden regions: 82->0(135)
[2025-12-25T01:38:53.496+0000][1.611s][info][gc,heap     ] GC(9) Survivor regions: 5->8(11)
[2025-12-25T01:38:53.496+0000][1.612s][info][gc,heap     ] GC(9) Old regions: 10->10
[2025-12-25T01:38:53.496+0000][1.612s][info][gc,heap     ] GC(9) Archive regions: 2->2
[2025-12-25T01:38:53.496+0000][1.612s][info][gc,heap     ] GC(9) Humongous regions: 11->11
[2025-12-25T01:38:53.496+0000][1.612s][info][gc,metaspace] GC(9) Metaspace: 31136K(31424K)->31136K(31424K) NonClass: 27098K(27264K)->27098K(27264K) Class: 4037K(4160K)->4037K(4160K)
[2025-12-25T01:38:53.496+0000][1.612s][info][gc          ] GC(9) Pause Young (Normal) (G1 Evacuation Pause) 108M->28M(416M) 4.859ms
[2025-12-25T01:38:53.496+0000][1.612s][info][gc,cpu      ] GC(9) User=0.01s Sys=0.00s Real=0.01s
[2025-12-25T01:38:53.599+0000][1.714s][info][gc,start    ] GC(10) Pause Young (Concurrent Start) (Metadata GC Threshold)
[2025-12-25T01:38:53.602+0000][1.718s][info][gc,task     ] GC(10) Using 4 workers of 4 for evacuation
[2025-12-25T01:38:53.607+0000][1.722s][info][gc,phases   ] GC(10)   Pre Evacuate Collection Set: 0.1ms
[2025-12-25T01:38:53.607+0000][1.723s][info][gc,phases   ] GC(10)   Merge Heap Roots: 0.0ms
[2025-12-25T01:38:53.607+0000][1.723s][info][gc,phases   ] GC(10)   Evacuate Collection Set: 3.5ms
[2025-12-25T01:38:53.607+0000][1.723s][info][gc,phases   ] GC(10)   Post Evacuate Collection Set: 0.4ms
[2025-12-25T01:38:53.607+0000][1.723s][info][gc,phases   ] GC(10)   Other: 4.2ms
[2025-12-25T01:38:53.607+0000][1.723s][info][gc,heap     ] GC(10) Eden regions: 19->0(111)
[2025-12-25T01:38:53.607+0000][1.723s][info][gc,heap     ] GC(10) Survivor regions: 8->8(18)
[2025-12-25T01:38:53.608+0000][1.723s][info][gc,heap     ] GC(10) Old regions: 10->10
[2025-12-25T01:38:53.608+0000][1.724s][info][gc,heap     ] GC(10) Archive regions: 2->2
[2025-12-25T01:38:53.608+0000][1.724s][info][gc,heap     ] GC(10) Humongous regions: 11->11
[2025-12-25T01:38:53.608+0000][1.724s][info][gc,metaspace] GC(10) Metaspace: 35608K(35968K)->35608K(35968K) NonClass: 30947K(31104K)->30947K(31104K) Class: 4661K(4864K)->4661K(4864K)
[2025-12-25T01:38:53.608+0000][1.724s][info][gc          ] GC(10) Pause Young (Concurrent Start) (Metadata GC Threshold) 47M->29M(416M) 9.980ms
[2025-12-25T01:38:53.609+0000][1.724s][info][gc,cpu      ] GC(10) User=0.02s Sys=0.00s Real=0.01s
[2025-12-25T01:38:53.609+0000][1.725s][info][gc          ] GC(11) Concurrent Mark Cycle
[2025-12-25T01:38:53.610+0000][1.726s][info][gc,marking  ] GC(11) Concurrent Clear Claimed Marks
[2025-12-25T01:38:53.610+0000][1.726s][info][gc,marking  ] GC(11) Concurrent Clear Claimed Marks 0.192ms
[2025-12-25T01:38:53.611+0000][1.726s][info][gc,marking  ] GC(11) Concurrent Scan Root Regions
[2025-12-25T01:38:53.614+0000][1.729s][info][gc,marking  ] GC(11) Concurrent Scan Root Regions 2.945ms
[2025-12-25T01:38:53.614+0000][1.730s][info][gc,marking  ] GC(11) Concurrent Mark
[2025-12-25T01:38:53.614+0000][1.730s][info][gc,marking  ] GC(11) Concurrent Mark From Roots
[2025-12-25T01:38:53.614+0000][1.730s][info][gc,task     ] GC(11) Using 1 workers of 1 for marking
[2025-12-25T01:38:53.620+0000][1.736s][info][gc,marking  ] GC(11) Concurrent Mark From Roots 6.392ms
[2025-12-25T01:38:53.621+0000][1.736s][info][gc,marking  ] GC(11) Concurrent Preclean
[2025-12-25T01:38:53.621+0000][1.737s][info][gc,marking  ] GC(11) Concurrent Preclean 0.190ms
[2025-12-25T01:38:53.621+0000][1.737s][info][gc,start    ] GC(11) Pause Remark
[2025-12-25T01:38:53.626+0000][1.742s][info][gc          ] GC(11) Pause Remark 31M->31M(416M) 4.688ms
[2025-12-25T01:38:53.626+0000][1.742s][info][gc,cpu      ] GC(11) User=0.02s Sys=0.00s Real=0.01s
[2025-12-25T01:38:53.626+0000][1.742s][info][gc,marking  ] GC(11) Concurrent Mark 12.247ms
[2025-12-25T01:38:53.626+0000][1.742s][info][gc,marking  ] GC(11) Concurrent Rebuild Remembered Sets
[2025-12-25T01:38:53.629+0000][1.745s][info][gc,marking  ] GC(11) Concurrent Rebuild Remembered Sets 3.000ms
[2025-12-25T01:38:53.632+0000][1.747s][info][gc,start    ] GC(11) Pause Cleanup
[2025-12-25T01:38:53.632+0000][1.748s][info][gc          ] GC(11) Pause Cleanup 31M->31M(416M) 0.213ms
[2025-12-25T01:38:53.632+0000][1.748s][info][gc,cpu      ] GC(11) User=0.00s Sys=0.00s Real=0.00s
[2025-12-25T01:38:53.632+0000][1.748s][info][gc,marking  ] GC(11) Concurrent Cleanup for Next Mark
[2025-12-25T01:38:53.636+0000][1.751s][info][gc,marking  ] GC(11) Concurrent Cleanup for Next Mark 3.615ms
[2025-12-25T01:38:53.636+0000][1.752s][info][gc          ] GC(11) Concurrent Mark Cycle 26.928ms
[2025-12-25T01:38:54.232+0000][2.348s][info][gc,start    ] GC(12) Pause Young (Normal) (G1 Evacuation Pause)
[2025-12-25T01:38:54.232+0000][2.348s][info][gc,task     ] GC(12) Using 4 workers of 4 for evacuation
[2025-12-25T01:38:54.237+0000][2.353s][info][gc,phases   ] GC(12)   Pre Evacuate Collection Set: 0.1ms
[2025-12-25T01:38:54.237+0000][2.353s][info][gc,phases   ] GC(12)   Merge Heap Roots: 0.1ms
[2025-12-25T01:38:54.237+0000][2.353s][info][gc,phases   ] GC(12)   Evacuate Collection Set: 3.9ms
[2025-12-25T01:38:54.237+0000][2.353s][info][gc,phases   ] GC(12)   Post Evacuate Collection Set: 0.5ms
[2025-12-25T01:38:54.237+0000][2.353s][info][gc,phases   ] GC(12)   Other: 0.5ms
[2025-12-25T01:38:54.237+0000][2.353s][info][gc,heap     ] GC(12) Eden regions: 121->0(239)
[2025-12-25T01:38:54.237+0000][2.353s][info][gc,heap     ] GC(12) Survivor regions: 8->10(17)
[2025-12-25T01:38:54.238+0000][2.353s][info][gc,heap     ] GC(12) Old regions: 10->10
[2025-12-25T01:38:54.238+0000][2.353s][info][gc,heap     ] GC(12) Archive regions: 2->2
[2025-12-25T01:38:54.238+0000][2.354s][info][gc,heap     ] GC(12) Humongous regions: 11->11
[2025-12-25T01:38:54.238+0000][2.354s][info][gc,metaspace] GC(12) Metaspace: 47257K(47616K)->47257K(47616K) NonClass: 40740K(40960K)->40740K(40960K) Class: 6517K(6656K)->6517K(6656K)
[2025-12-25T01:38:54.238+0000][2.354s][info][gc          ] GC(12) Pause Young (Normal) (G1 Evacuation Pause) 150M->30M(416M) 6.110ms
[2025-12-25T01:38:54.238+0000][2.354s][info][gc,cpu      ] GC(12) User=0.01s Sys=0.01s Real=0.01s
[2025-12-25T01:38:55.569+0000][3.685s][info][gc,start    ] GC(13) Pause Young (Concurrent Start) (Metadata GC Threshold)
[2025-12-25T01:38:55.569+0000][3.685s][info][gc,task     ] GC(13) Using 4 workers of 4 for evacuation
[2025-12-25T01:38:55.578+0000][3.694s][info][gc,phases   ] GC(13)   Pre Evacuate Collection Set: 0.2ms
[2025-12-25T01:38:55.578+0000][3.694s][info][gc,phases   ] GC(13)   Merge Heap Roots: 0.1ms
[2025-12-25T01:38:55.578+0000][3.694s][info][gc,phases   ] GC(13)   Evacuate Collection Set: 7.0ms
[2025-12-25T01:38:55.578+0000][3.694s][info][gc,phases   ] GC(13)   Post Evacuate Collection Set: 0.8ms
[2025-12-25T01:38:55.578+0000][3.694s][info][gc,phases   ] GC(13)   Other: 0.7ms
[2025-12-25T01:38:55.578+0000][3.694s][info][gc,heap     ] GC(13) Eden regions: 155->0(232)
[2025-12-25T01:38:55.578+0000][3.694s][info][gc,heap     ] GC(13) Survivor regions: 10->17(32)
[2025-12-25T01:38:55.579+0000][3.694s][info][gc,heap     ] GC(13) Old regions: 10->10
[2025-12-25T01:38:55.579+0000][3.695s][info][gc,heap     ] GC(13) Archive regions: 2->2
[2025-12-25T01:38:55.579+0000][3.695s][info][gc,heap     ] GC(13) Humongous regions: 14->14
[2025-12-25T01:38:55.579+0000][3.695s][info][gc,metaspace] GC(13) Metaspace: 59879K(60480K)->59879K(60480K) NonClass: 51615K(51904K)->51615K(51904K) Class: 8264K(8576K)->8264K(8576K)
[2025-12-25T01:38:55.579+0000][3.695s][info][gc          ] GC(13) Pause Young (Concurrent Start) (Metadata GC Threshold) 188M->41M(416M) 9.933ms
[2025-12-25T01:38:55.579+0000][3.695s][info][gc,cpu      ] GC(13) User=0.02s Sys=0.01s Real=0.01s
[2025-12-25T01:38:55.579+0000][3.695s][info][gc          ] GC(14) Concurrent Mark Cycle
[2025-12-25T01:38:55.579+0000][3.695s][info][gc,marking  ] GC(14) Concurrent Clear Claimed Marks
[2025-12-25T01:38:55.580+0000][3.696s][info][gc,marking  ] GC(14) Concurrent Clear Claimed Marks 0.652ms
[2025-12-25T01:38:55.580+0000][3.696s][info][gc,marking  ] GC(14) Concurrent Scan Root Regions
[2025-12-25T01:38:55.587+0000][3.703s][info][gc,marking  ] GC(14) Concurrent Scan Root Regions 6.522ms
[2025-12-25T01:38:55.587+0000][3.703s][info][gc,marking  ] GC(14) Concurrent Mark
[2025-12-25T01:38:55.587+0000][3.703s][info][gc,marking  ] GC(14) Concurrent Mark From Roots
[2025-12-25T01:38:55.587+0000][3.703s][info][gc,task     ] GC(14) Using 1 workers of 1 for marking
[2025-12-25T01:38:55.596+0000][3.712s][info][gc,marking  ] GC(14) Concurrent Mark From Roots 9.052ms
[2025-12-25T01:38:55.597+0000][3.712s][info][gc,marking  ] GC(14) Concurrent Preclean
[2025-12-25T01:38:55.597+0000][3.713s][info][gc,marking  ] GC(14) Concurrent Preclean 0.267ms
[2025-12-25T01:38:55.597+0000][3.713s][info][gc,start    ] GC(14) Pause Remark
[2025-12-25T01:38:55.600+0000][3.716s][info][gc          ] GC(14) Pause Remark 51M->51M(416M) 2.980ms
[2025-12-25T01:38:55.600+0000][3.716s][info][gc,cpu      ] GC(14) User=0.00s Sys=0.00s Real=0.00s
[2025-12-25T01:38:55.601+0000][3.716s][info][gc,marking  ] GC(14) Concurrent Mark 13.467ms
[2025-12-25T01:38:55.601+0000][3.717s][info][gc,marking  ] GC(14) Concurrent Rebuild Remembered Sets
[2025-12-25T01:38:55.604+0000][3.720s][info][gc,marking  ] GC(14) Concurrent Rebuild Remembered Sets 2.986ms
[2025-12-25T01:38:55.605+0000][3.720s][info][gc,start    ] GC(14) Pause Cleanup
[2025-12-25T01:38:55.605+0000][3.721s][info][gc          ] GC(14) Pause Cleanup 52M->52M(416M) 0.163ms
[2025-12-25T01:38:55.605+0000][3.721s][info][gc,cpu      ] GC(14) User=0.00s Sys=0.00s Real=0.00s
[2025-12-25T01:38:55.605+0000][3.721s][info][gc,marking  ] GC(14) Concurrent Cleanup for Next Mark
[2025-12-25T01:38:55.605+0000][3.721s][info][gc,marking  ] GC(14) Concurrent Cleanup for Next Mark 0.359ms
[2025-12-25T01:38:55.605+0000][3.721s][info][gc          ] GC(14) Concurrent Mark Cycle 26.112ms
[2025-12-25T01:38:56.013+0000][4.128s][info][gc,start    ] GC(15) Pause Young (Concurrent Start) (G1 Evacuation Pause)
[2025-12-25T01:38:56.013+0000][4.129s][info][gc,task     ] GC(15) Using 4 workers of 4 for evacuation
[2025-12-25T01:38:56.030+0000][4.145s][info][gc,phases   ] GC(15)   Pre Evacuate Collection Set: 0.1ms
[2025-12-25T01:38:56.030+0000][4.145s][info][gc,phases   ] GC(15)   Merge Heap Roots: 0.1ms
[2025-12-25T01:38:56.030+0000][4.146s][info][gc,phases   ] GC(15)   Evacuate Collection Set: 14.8ms
[2025-12-25T01:38:56.030+0000][4.146s][info][gc,phases   ] GC(15)   Post Evacuate Collection Set: 1.3ms
[2025-12-25T01:38:56.030+0000][4.146s][info][gc,phases   ] GC(15)   Other: 0.7ms
[2025-12-25T01:38:56.030+0000][4.146s][info][gc,heap     ] GC(15) Eden regions: 232->0(224)
[2025-12-25T01:38:56.030+0000][4.146s][info][gc,heap     ] GC(15) Survivor regions: 17->25(32)
[2025-12-25T01:38:56.030+0000][4.146s][info][gc,heap     ] GC(15) Old regions: 10->11
[2025-12-25T01:38:56.030+0000][4.146s][info][gc,heap     ] GC(15) Archive regions: 2->2
[2025-12-25T01:38:56.030+0000][4.146s][info][gc,heap     ] GC(15) Humongous regions: 16->16
[2025-12-25T01:38:56.030+0000][4.146s][info][gc,metaspace] GC(15) Metaspace: 71904K(72768K)->71904K(72768K) NonClass: 62090K(62528K)->62090K(62528K) Class: 9813K(10240K)->9813K(10240K)
[2025-12-25T01:38:56.030+0000][4.146s][info][gc          ] GC(15) Pause Young (Concurrent Start) (G1 Evacuation Pause) 275M->51M(416M) 17.900ms
[2025-12-25T01:38:56.031+0000][4.146s][info][gc,cpu      ] GC(15) User=0.07s Sys=0.02s Real=0.02s
[2025-12-25T01:38:56.031+0000][4.147s][info][gc          ] GC(16) Concurrent Mark Cycle
[2025-12-25T01:38:56.031+0000][4.147s][info][gc,marking  ] GC(16) Concurrent Clear Claimed Marks
[2025-12-25T01:38:56.032+0000][4.147s][info][gc,marking  ] GC(16) Concurrent Clear Claimed Marks 0.150ms
[2025-12-25T01:38:56.032+0000][4.148s][info][gc,marking  ] GC(16) Concurrent Scan Root Regions
[2025-12-25T01:38:56.053+0000][4.169s][info][gc,marking  ] GC(16) Concurrent Scan Root Regions 21.327ms
[2025-12-25T01:38:56.053+0000][4.169s][info][gc,marking  ] GC(16) Concurrent Mark
[2025-12-25T01:38:56.054+0000][4.170s][info][gc,marking  ] GC(16) Concurrent Mark From Roots
[2025-12-25T01:38:56.054+0000][4.170s][info][gc,task     ] GC(16) Using 1 workers of 1 for marking
[2025-12-25T01:38:56.060+0000][4.176s][info][gc,marking  ] GC(16) Concurrent Mark From Roots 6.330ms
[2025-12-25T01:38:56.061+0000][4.177s][info][gc,marking  ] GC(16) Concurrent Preclean
[2025-12-25T01:38:56.062+0000][4.178s][info][gc,marking  ] GC(16) Concurrent Preclean 1.275ms
[2025-12-25T01:38:56.063+0000][4.179s][info][gc,start    ] GC(16) Pause Remark
[2025-12-25T01:38:56.067+0000][4.183s][info][gc          ] GC(16) Pause Remark 94M->94M(416M) 3.945ms
[2025-12-25T01:38:56.067+0000][4.183s][info][gc,cpu      ] GC(16) User=0.01s Sys=0.00s Real=0.01s
[2025-12-25T01:38:56.068+0000][4.184s][info][gc,marking  ] GC(16) Concurrent Mark 15.170ms
[2025-12-25T01:38:56.070+0000][4.186s][info][gc,marking  ] GC(16) Concurrent Rebuild Remembered Sets
[2025-12-25T01:38:56.074+0000][4.190s][info][gc,marking  ] GC(16) Concurrent Rebuild Remembered Sets 3.578ms
[2025-12-25T01:38:56.074+0000][4.190s][info][gc,start    ] GC(16) Pause Cleanup
[2025-12-25T01:38:56.075+0000][4.190s][info][gc          ] GC(16) Pause Cleanup 103M->103M(416M) 0.323ms
[2025-12-25T01:38:56.075+0000][4.191s][info][gc,cpu      ] GC(16) User=0.00s Sys=0.00s Real=0.01s
[2025-12-25T01:38:56.075+0000][4.191s][info][gc,marking  ] GC(16) Concurrent Cleanup for Next Mark
[2025-12-25T01:38:56.082+0000][4.198s][info][gc,marking  ] GC(16) Concurrent Cleanup for Next Mark 6.870ms
[2025-12-25T01:38:56.083+0000][4.199s][info][gc          ] GC(16) Concurrent Mark Cycle 52.000ms
[2025-12-25T01:38:56.279+0000][4.395s][info][gc,start    ] GC(17) Pause Young (Normal) (GCLocker Initiated GC)
[2025-12-25T01:38:56.280+0000][4.396s][info][gc,task     ] GC(17) Using 4 workers of 4 for evacuation
[2025-12-25T01:38:56.293+0000][4.409s][info][gc,phases   ] GC(17)   Pre Evacuate Collection Set: 0.1ms
[2025-12-25T01:38:56.294+0000][4.409s][info][gc,phases   ] GC(17)   Merge Heap Roots: 0.1ms
[2025-12-25T01:38:56.294+0000][4.409s][info][gc,phases   ] GC(17)   Evacuate Collection Set: 11.9ms
[2025-12-25T01:38:56.294+0000][4.410s][info][gc,phases   ] GC(17)   Post Evacuate Collection Set: 1.3ms
[2025-12-25T01:38:56.294+0000][4.410s][info][gc,phases   ] GC(17)   Other: 0.5ms
[2025-12-25T01:38:56.294+0000][4.410s][info][gc,heap     ] GC(17) Eden regions: 224->0(234)
[2025-12-25T01:38:56.294+0000][4.410s][info][gc,heap     ] GC(17) Survivor regions: 25->15(32)
[2025-12-25T01:38:56.294+0000][4.410s][info][gc,heap     ] GC(17) Old regions: 11->26
[2025-12-25T01:38:56.294+0000][4.410s][info][gc,heap     ] GC(17) Archive regions: 2->2
[2025-12-25T01:38:56.295+0000][4.410s][info][gc,heap     ] GC(17) Humongous regions: 16->16
[2025-12-25T01:38:56.295+0000][4.410s][info][gc,metaspace] GC(17) Metaspace: 79770K(80704K)->79770K(80704K) NonClass: 68957K(69440K)->68957K(69440K) Class: 10812K(11264K)->10812K(11264K)
[2025-12-25T01:38:56.295+0000][4.411s][info][gc          ] GC(17) Pause Young (Normal) (GCLocker Initiated GC) 275M->56M(416M) 15.324ms
[2025-12-25T01:38:56.295+0000][4.411s][info][gc,cpu      ] GC(17) User=0.04s Sys=0.02s Real=0.02s
[2025-12-25T01:38:58.519+0000][6.635s][info][gc,start    ] GC(18) Pause Young (Normal) (G1 Evacuation Pause)
[2025-12-25T01:38:58.520+0000][6.636s][info][gc,task     ] GC(18) Using 4 workers of 4 for evacuation
[2025-12-25T01:38:58.534+0000][6.650s][info][gc,phases   ] GC(18)   Pre Evacuate Collection Set: 2.1ms
[2025-12-25T01:38:58.535+0000][6.650s][info][gc,phases   ] GC(18)   Merge Heap Roots: 0.1ms
[2025-12-25T01:38:58.535+0000][6.651s][info][gc,phases   ] GC(18)   Evacuate Collection Set: 10.3ms
[2025-12-25T01:38:58.535+0000][6.651s][info][gc,phases   ] GC(18)   Post Evacuate Collection Set: 1.2ms
[2025-12-25T01:38:58.535+0000][6.651s][info][gc,phases   ] GC(18)   Other: 2.3ms
[2025-12-25T01:38:58.535+0000][6.651s][info][gc,heap     ] GC(18) Eden regions: 234->0(233)
[2025-12-25T01:38:58.536+0000][6.651s][info][gc,heap     ] GC(18) Survivor regions: 15->16(32)
[2025-12-25T01:38:58.536+0000][6.652s][info][gc,heap     ] GC(18) Old regions: 26->26
[2025-12-25T01:38:58.536+0000][6.652s][info][gc,heap     ] GC(18) Archive regions: 2->2
[2025-12-25T01:38:58.536+0000][6.652s][info][gc,heap     ] GC(18) Humongous regions: 16->16
[2025-12-25T01:38:58.536+0000][6.652s][info][gc,metaspace] GC(18) Metaspace: 86692K(87680K)->86692K(87680K) NonClass: 74517K(75008K)->74517K(75008K) Class: 12174K(12672K)->12174K(12672K)
[2025-12-25T01:38:58.536+0000][6.652s][info][gc          ] GC(18) Pause Young (Normal) (G1 Evacuation Pause) 290M->57M(416M) 16.991ms
[2025-12-25T01:38:58.536+0000][6.652s][info][gc,cpu      ] GC(18) User=0.05s Sys=0.00s Real=0.02s
[2025-12-25T01:39:02.221+0000][10.337s][info][gc,start    ] GC(19) Pause Young (Normal) (G1 Evacuation Pause)
[2025-12-25T01:39:02.222+0000][10.338s][info][gc,task     ] GC(19) Using 4 workers of 4 for evacuation
[2025-12-25T01:39:02.244+0000][10.360s][info][gc,phases   ] GC(19)   Pre Evacuate Collection Set: 0.2ms
[2025-12-25T01:39:02.244+0000][10.360s][info][gc,phases   ] GC(19)   Merge Heap Roots: 0.2ms
[2025-12-25T01:39:02.244+0000][10.360s][info][gc,phases   ] GC(19)   Evacuate Collection Set: 20.2ms
[2025-12-25T01:39:02.244+0000][10.360s][info][gc,phases   ] GC(19)   Post Evacuate Collection Set: 0.8ms
[2025-12-25T01:39:02.245+0000][10.360s][info][gc,phases   ] GC(19)   Other: 1.5ms
[2025-12-25T01:39:02.245+0000][10.360s][info][gc,heap     ] GC(19) Eden regions: 233->0(233)
[2025-12-25T01:39:02.245+0000][10.361s][info][gc,heap     ] GC(19) Survivor regions: 16->16(32)
[2025-12-25T01:39:02.245+0000][10.361s][info][gc,heap     ] GC(19) Old regions: 26->26
[2025-12-25T01:39:02.245+0000][10.361s][info][gc,heap     ] GC(19) Archive regions: 2->2
[2025-12-25T01:39:02.245+0000][10.361s][info][gc,heap     ] GC(19) Humongous regions: 16->16
[2025-12-25T01:39:02.245+0000][10.361s][info][gc,metaspace] GC(19) Metaspace: 86785K(87744K)->86785K(87744K) NonClass: 74605K(75072K)->74605K(75072K) Class: 12180K(12672K)->12180K(12672K)
[2025-12-25T01:39:02.245+0000][10.361s][info][gc          ] GC(19) Pause Young (Normal) (G1 Evacuation Pause) 290M->57M(416M) 23.860ms
[2025-12-25T01:39:02.245+0000][10.361s][info][gc,cpu      ] GC(19) User=0.09s Sys=0.01s Real=0.03s
[2025-12-25T01:39:05.609+0000][13.725s][info][gc,start    ] GC(20) Pause Young (Normal) (G1 Evacuation Pause)
[2025-12-25T01:39:05.610+0000][13.725s][info][gc,task     ] GC(20) Using 4 workers of 4 for evacuation
[2025-12-25T01:39:05.615+0000][13.731s][info][gc,phases   ] GC(20)   Pre Evacuate Collection Set: 0.1ms
[2025-12-25T01:39:05.615+0000][13.731s][info][gc,phases   ] GC(20)   Merge Heap Roots: 0.1ms
[2025-12-25T01:39:05.615+0000][13.731s][info][gc,phases   ] GC(20)   Evacuate Collection Set: 4.3ms
[2025-12-25T01:39:05.615+0000][13.731s][info][gc,phases   ] GC(20)   Post Evacuate Collection Set: 0.5ms
[2025-12-25T01:39:05.615+0000][13.731s][info][gc,phases   ] GC(20)   Other: 0.5ms
[2025-12-25T01:39:05.615+0000][13.731s][info][gc,heap     ] GC(20) Eden regions: 233->0(233)
[2025-12-25T01:39:05.615+0000][13.731s][info][gc,heap     ] GC(20) Survivor regions: 16->16(32)
[2025-12-25T01:39:05.616+0000][13.731s][info][gc,heap     ] GC(20) Old regions: 26->26
[2025-12-25T01:39:05.616+0000][13.731s][info][gc,heap     ] GC(20) Archive regions: 2->2
[2025-12-25T01:39:05.616+0000][13.732s][info][gc,heap     ] GC(20) Humongous regions: 16->16
[2025-12-25T01:39:05.616+0000][13.732s][info][gc,metaspace] GC(20) Metaspace: 86824K(87808K)->86824K(87808K) NonClass: 74641K(75136K)->74641K(75136K) Class: 12183K(12672K)->12183K(12672K)
[2025-12-25T01:39:05.616+0000][13.732s][info][gc          ] GC(20) Pause Young (Normal) (G1 Evacuation Pause) 290M->57M(416M) 6.675ms
[2025-12-25T01:39:05.616+0000][13.732s][info][gc,cpu      ] GC(20) User=0.01s Sys=0.00s Real=0.01s
[2025-12-25T01:39:08.594+0000][16.710s][info][gc,start    ] GC(21) Pause Young (Normal) (G1 Evacuation Pause)
[2025-12-25T01:39:08.594+0000][16.710s][info][gc,task     ] GC(21) Using 4 workers of 4 for evacuation
[2025-12-25T01:39:08.617+0000][16.732s][info][gc,phases   ] GC(21)   Pre Evacuate Collection Set: 0.2ms
[2025-12-25T01:39:08.617+0000][16.733s][info][gc,phases   ] GC(21)   Merge Heap Roots: 0.1ms
[2025-12-25T01:39:08.617+0000][16.733s][info][gc,phases   ] GC(21)   Evacuate Collection Set: 19.3ms
[2025-12-25T01:39:08.617+0000][16.733s][info][gc,phases   ] GC(21)   Post Evacuate Collection Set: 2.3ms
[2025-12-25T01:39:08.617+0000][16.733s][info][gc,phases   ] GC(21)   Other: 1.1ms
[2025-12-25T01:39:08.617+0000][16.733s][info][gc,heap     ] GC(21) Eden regions: 233->0(233)
[2025-12-25T01:39:08.617+0000][16.733s][info][gc,heap     ] GC(21) Survivor regions: 16->16(32)
[2025-12-25T01:39:08.617+0000][16.733s][info][gc,heap     ] GC(21) Old regions: 26->26
[2025-12-25T01:39:08.618+0000][16.733s][info][gc,heap     ] GC(21) Archive regions: 2->2
[2025-12-25T01:39:08.618+0000][16.733s][info][gc,heap     ] GC(21) Humongous regions: 16->16
[2025-12-25T01:39:08.618+0000][16.733s][info][gc,metaspace] GC(21) Metaspace: 86965K(87936K)->86965K(87936K) NonClass: 74765K(75264K)->74765K(75264K) Class: 12200K(12672K)->12200K(12672K)
[2025-12-25T01:39:08.618+0000][16.734s][info][gc          ] GC(21) Pause Young (Normal) (G1 Evacuation Pause) 290M->57M(416M) 24.011ms
[2025-12-25T01:39:08.618+0000][16.734s][info][gc,cpu      ] GC(21) User=0.09s Sys=0.00s Real=0.03s
[2025-12-25T01:39:10.735+0000][18.851s][info][gc,start    ] GC(22) Pause Young (Normal) (G1 Evacuation Pause)
[2025-12-25T01:39:10.736+0000][18.851s][info][gc,task     ] GC(22) Using 4 workers of 4 for evacuation
[2025-12-25T01:39:10.740+0000][18.856s][info][gc,phases   ] GC(22)   Pre Evacuate Collection Set: 0.1ms
[2025-12-25T01:39:10.741+0000][18.856s][info][gc,phases   ] GC(22)   Merge Heap Roots: 0.1ms
[2025-12-25T01:39:10.741+0000][18.856s][info][gc,phases   ] GC(22)   Evacuate Collection Set: 4.0ms
[2025-12-25T01:39:10.741+0000][18.857s][info][gc,phases   ] GC(22)   Post Evacuate Collection Set: 0.5ms
[2025-12-25T01:39:10.741+0000][18.857s][info][gc,phases   ] GC(22)   Other: 0.5ms
[2025-12-25T01:39:10.741+0000][18.857s][info][gc,heap     ] GC(22) Eden regions: 233->0(233)
[2025-12-25T01:39:10.741+0000][18.857s][info][gc,heap     ] GC(22) Survivor regions: 16->16(32)
[2025-12-25T01:39:10.741+0000][18.857s][info][gc,heap     ] GC(22) Old regions: 26->26
[2025-12-25T01:39:10.741+0000][18.857s][info][gc,heap     ] GC(22) Archive regions: 2->2
[2025-12-25T01:39:10.741+0000][18.857s][info][gc,heap     ] GC(22) Humongous regions: 21->19
[2025-12-25T01:39:10.741+0000][18.857s][info][gc,metaspace] GC(22) Metaspace: 87042K(88000K)->87042K(88000K) NonClass: 74841K(75328K)->74841K(75328K) Class: 12201K(12672K)->12201K(12672K)
[2025-12-25T01:39:10.742+0000][18.857s][info][gc          ] GC(22) Pause Young (Normal) (G1 Evacuation Pause) 295M->60M(416M) 6.173ms
[2025-12-25T01:39:10.742+0000][18.857s][info][gc,cpu      ] GC(22) User=0.02s Sys=0.00s Real=0.00s
[2025-12-25T01:39:13.678+0000][21.793s][info][gc,start    ] GC(23) Pause Young (Normal) (G1 Evacuation Pause)
[2025-12-25T01:39:13.678+0000][21.794s][info][gc,task     ] GC(23) Using 4 workers of 4 for evacuation
[2025-12-25T01:39:13.693+0000][21.809s][info][gc,phases   ] GC(23)   Pre Evacuate Collection Set: 0.4ms
[2025-12-25T01:39:13.693+0000][21.809s][info][gc,phases   ] GC(23)   Merge Heap Roots: 0.1ms
[2025-12-25T01:39:13.693+0000][21.809s][info][gc,phases   ] GC(23)   Evacuate Collection Set: 13.2ms
[2025-12-25T01:39:13.693+0000][21.809s][info][gc,phases   ] GC(23)   Post Evacuate Collection Set: 1.0ms
[2025-12-25T01:39:13.693+0000][21.809s][info][gc,phases   ] GC(23)   Other: 0.8ms
[2025-12-25T01:39:13.694+0000][21.809s][info][gc,heap     ] GC(23) Eden regions: 233->0(233)
[2025-12-25T01:39:13.694+0000][21.809s][info][gc,heap     ] GC(23) Survivor regions: 16->16(32)
[2025-12-25T01:39:13.694+0000][21.810s][info][gc,heap     ] GC(23) Old regions: 26->26
[2025-12-25T01:39:13.694+0000][21.810s][info][gc,heap     ] GC(23) Archive regions: 2->2
[2025-12-25T01:39:13.694+0000][21.810s][info][gc,heap     ] GC(23) Humongous regions: 24->21
[2025-12-25T01:39:13.694+0000][21.810s][info][gc,metaspace] GC(23) Metaspace: 87153K(88064K)->87153K(88064K) NonClass: 74951K(75392K)->74951K(75392K) Class: 12201K(12672K)->12201K(12672K)
[2025-12-25T01:39:13.694+0000][21.810s][info][gc          ] GC(23) Pause Young (Normal) (G1 Evacuation Pause) 298M->62M(416M) 16.513ms
[2025-12-25T01:39:13.694+0000][21.810s][info][gc,cpu      ] GC(23) User=0.06s Sys=0.00s Real=0.02s
[2025-12-25T01:39:16.947+0000][25.063s][info][gc,start    ] GC(24) Pause Young (Normal) (G1 Evacuation Pause)
[2025-12-25T01:39:16.947+0000][25.063s][info][gc,task     ] GC(24) Using 4 workers of 4 for evacuation
[2025-12-25T01:39:16.954+0000][25.070s][info][gc,phases   ] GC(24)   Pre Evacuate Collection Set: 0.1ms
[2025-12-25T01:39:16.954+0000][25.070s][info][gc,phases   ] GC(24)   Merge Heap Roots: 0.1ms
[2025-12-25T01:39:16.954+0000][25.070s][info][gc,phases   ] GC(24)   Evacuate Collection Set: 3.8ms
[2025-12-25T01:39:16.954+0000][25.070s][info][gc,phases   ] GC(24)   Post Evacuate Collection Set: 2.4ms
[2025-12-25T01:39:16.955+0000][25.070s][info][gc,phases   ] GC(24)   Other: 0.7ms
[2025-12-25T01:39:16.955+0000][25.070s][info][gc,heap     ] GC(24) Eden regions: 233->0(233)
[2025-12-25T01:39:16.955+0000][25.071s][info][gc,heap     ] GC(24) Survivor regions: 16->16(32)
[2025-12-25T01:39:16.955+0000][25.071s][info][gc,heap     ] GC(24) Old regions: 26->26
[2025-12-25T01:39:16.955+0000][25.071s][info][gc,heap     ] GC(24) Archive regions: 2->2
[2025-12-25T01:39:16.955+0000][25.071s][info][gc,heap     ] GC(24) Humongous regions: 21->21
[2025-12-25T01:39:16.955+0000][25.071s][info][gc,metaspace] GC(24) Metaspace: 87238K(88192K)->87238K(88192K) NonClass: 75037K(75520K)->75037K(75520K) Class: 12201K(12672K)->12201K(12672K)
[2025-12-25T01:39:16.955+0000][25.071s][info][gc          ] GC(24) Pause Young (Normal) (G1 Evacuation Pause) 295M->62M(416M) 8.187ms
[2025-12-25T01:39:16.955+0000][25.071s][info][gc,cpu      ] GC(24) User=0.01s Sys=0.00s Real=0.01s
[2025-12-25T01:39:20.299+0000][28.415s][info][gc,start    ] GC(25) Pause Young (Normal) (G1 Evacuation Pause)
[2025-12-25T01:39:20.301+0000][28.417s][info][gc,task     ] GC(25) Using 4 workers of 4 for evacuation
[2025-12-25T01:39:20.322+0000][28.438s][info][gc,phases   ] GC(25)   Pre Evacuate Collection Set: 0.3ms
[2025-12-25T01:39:20.322+0000][28.438s][info][gc,phases   ] GC(25)   Merge Heap Roots: 0.1ms
[2025-12-25T01:39:20.322+0000][28.438s][info][gc,phases   ] GC(25)   Evacuate Collection Set: 17.6ms
[2025-12-25T01:39:20.322+0000][28.438s][info][gc,phases   ] GC(25)   Post Evacuate Collection Set: 2.3ms
[2025-12-25T01:39:20.323+0000][28.439s][info][gc,phases   ] GC(25)   Other: 2.6ms
[2025-12-25T01:39:20.323+0000][28.439s][info][gc,heap     ] GC(25) Eden regions: 233->0(233)
[2025-12-25T01:39:20.323+0000][28.439s][info][gc,heap     ] GC(25) Survivor regions: 16->16(32)
[2025-12-25T01:39:20.324+0000][28.440s][info][gc,heap     ] GC(25) Old regions: 26->26
[2025-12-25T01:39:20.324+0000][28.440s][info][gc,heap     ] GC(25) Archive regions: 2->2
[2025-12-25T01:39:20.325+0000][28.440s][info][gc,heap     ] GC(25) Humongous regions: 21->21
[2025-12-25T01:39:20.325+0000][28.440s][info][gc,metaspace] GC(25) Metaspace: 87248K(88256K)->87248K(88256K) NonClass: 75045K(75520K)->75045K(75520K) Class: 12202K(12736K)->12202K(12736K)
[2025-12-25T01:39:20.325+0000][28.441s][info][gc          ] GC(25) Pause Young (Normal) (G1 Evacuation Pause) 295M->62M(416M) 25.536ms
[2025-12-25T01:39:20.325+0000][28.441s][info][gc,cpu      ] GC(25) User=0.07s Sys=0.00s Real=0.03s
[2025-12-25T01:39:23.572+0000][31.688s][info][gc,start    ] GC(26) Pause Young (Normal) (G1 Evacuation Pause)
[2025-12-25T01:39:23.572+0000][31.688s][info][gc,task     ] GC(26) Using 4 workers of 4 for evacuation
[2025-12-25T01:39:23.578+0000][31.694s][info][gc,phases   ] GC(26)   Pre Evacuate Collection Set: 0.1ms
[2025-12-25T01:39:23.578+0000][31.694s][info][gc,phases   ] GC(26)   Merge Heap Roots: 0.1ms
[2025-12-25T01:39:23.578+0000][31.694s][info][gc,phases   ] GC(26)   Evacuate Collection Set: 4.3ms
[2025-12-25T01:39:23.578+0000][31.694s][info][gc,phases   ] GC(26)   Post Evacuate Collection Set: 0.5ms
[2025-12-25T01:39:23.578+0000][31.694s][info][gc,phases   ] GC(26)   Other: 0.9ms
[2025-12-25T01:39:23.578+0000][31.694s][info][gc,heap     ] GC(26) Eden regions: 233->0(233)
[2025-12-25T01:39:23.578+0000][31.694s][info][gc,heap     ] GC(26) Survivor regions: 16->16(32)
[2025-12-25T01:39:23.579+0000][31.694s][info][gc,heap     ] GC(26) Old regions: 26->26
[2025-12-25T01:39:23.579+0000][31.694s][info][gc,heap     ] GC(26) Archive regions: 2->2
[2025-12-25T01:39:23.579+0000][31.695s][info][gc,heap     ] GC(26) Humongous regions: 21->21
[2025-12-25T01:39:23.579+0000][31.695s][info][gc,metaspace] GC(26) Metaspace: 87329K(88320K)->87329K(88320K) NonClass: 75126K(75584K)->75126K(75584K) Class: 12203K(12736K)->12203K(12736K)
[2025-12-25T01:39:23.579+0000][31.695s][info][gc          ] GC(26) Pause Young (Normal) (G1 Evacuation Pause) 295M->62M(416M) 6.937ms
[2025-12-25T01:39:23.579+0000][31.695s][info][gc,cpu      ] GC(26) User=0.02s Sys=0.00s Real=0.01s
[2025-12-25T01:39:25.747+0000][33.863s][info][gc,start    ] GC(27) Pause Young (Normal) (G1 Evacuation Pause)
[2025-12-25T01:39:25.747+0000][33.863s][info][gc,task     ] GC(27) Using 4 workers of 4 for evacuation
[2025-12-25T01:39:25.770+0000][33.886s][info][gc,phases   ] GC(27)   Pre Evacuate Collection Set: 0.6ms
[2025-12-25T01:39:25.770+0000][33.886s][info][gc,phases   ] GC(27)   Merge Heap Roots: 0.3ms
[2025-12-25T01:39:25.770+0000][33.886s][info][gc,phases   ] GC(27)   Evacuate Collection Set: 19.8ms
[2025-12-25T01:39:25.771+0000][33.886s][info][gc,phases   ] GC(27)   Post Evacuate Collection Set: 1.5ms
[2025-12-25T01:39:25.771+0000][33.886s][info][gc,phases   ] GC(27)   Other: 1.0ms
[2025-12-25T01:39:25.771+0000][33.887s][info][gc,heap     ] GC(27) Eden regions: 233->0(227)
[2025-12-25T01:39:25.771+0000][33.887s][info][gc,heap     ] GC(27) Survivor regions: 16->22(32)
[2025-12-25T01:39:25.771+0000][33.887s][info][gc,heap     ] GC(27) Old regions: 26->26
[2025-12-25T01:39:25.771+0000][33.887s][info][gc,heap     ] GC(27) Archive regions: 2->2
[2025-12-25T01:39:25.771+0000][33.887s][info][gc,heap     ] GC(27) Humongous regions: 23->23
[2025-12-25T01:39:25.771+0000][33.887s][info][gc,metaspace] GC(27) Metaspace: 93899K(95104K)->93899K(95104K) NonClass: 80861K(81472K)->80861K(81472K) Class: 13038K(13632K)->13038K(13632K)
[2025-12-25T01:39:25.772+0000][33.887s][info][gc          ] GC(27) Pause Young (Normal) (G1 Evacuation Pause) 297M->70M(416M) 24.606ms
[2025-12-25T01:39:25.772+0000][33.888s][info][gc,cpu      ] GC(27) User=0.03s Sys=0.00s Real=0.02s
[2025-12-25T01:39:26.790+0000][34.906s][info][gc,start    ] GC(28) Pause Young (Normal) (G1 Evacuation Pause)
[2025-12-25T01:39:26.790+0000][34.906s][info][gc,task     ] GC(28) Using 4 workers of 4 for evacuation
[2025-12-25T01:39:26.812+0000][34.928s][info][gc,phases   ] GC(28)   Pre Evacuate Collection Set: 0.3ms
[2025-12-25T01:39:26.816+0000][34.932s][info][gc,phases   ] GC(28)   Merge Heap Roots: 0.1ms
[2025-12-25T01:39:26.818+0000][34.934s][info][gc,phases   ] GC(28)   Evacuate Collection Set: 15.6ms
[2025-12-25T01:39:26.821+0000][34.937s][info][gc,phases   ] GC(28)   Post Evacuate Collection Set: 5.6ms
[2025-12-25T01:39:26.821+0000][34.937s][info][gc,phases   ] GC(28)   Other: 0.8ms
[2025-12-25T01:39:26.822+0000][34.938s][info][gc,heap     ] GC(28) Eden regions: 227->0(233)
[2025-12-25T01:39:26.822+0000][34.938s][info][gc,heap     ] GC(28) Survivor regions: 22->16(32)
[2025-12-25T01:39:26.823+0000][34.939s][info][gc,heap     ] GC(28) Old regions: 26->33
[2025-12-25T01:39:26.824+0000][34.939s][info][gc,heap     ] GC(28) Archive regions: 2->2
[2025-12-25T01:39:26.824+0000][34.940s][info][gc,heap     ] GC(28) Humongous regions: 31->26
[2025-12-25T01:39:26.824+0000][34.940s][info][gc,metaspace] GC(28) Metaspace: 94987K(96128K)->94987K(96128K) NonClass: 81938K(82496K)->81938K(82496K) Class: 13048K(13632K)->13048K(13632K)
[2025-12-25T01:39:26.824+0000][34.940s][info][gc          ] GC(28) Pause Young (Normal) (G1 Evacuation Pause) 305M->74M(416M) 34.353ms
[2025-12-25T01:39:26.825+0000][34.940s][info][gc,cpu      ] GC(28) User=0.03s Sys=0.01s Real=0.04s
[2025-12-25T01:39:28.282+0000][36.398s][info][gc,start    ] GC(29) Pause Young (Normal) (G1 Evacuation Pause)
[2025-12-25T01:39:28.282+0000][36.398s][info][gc,task     ] GC(29) Using 4 workers of 4 for evacuation
[2025-12-25T01:39:28.309+0000][36.425s][info][gc,phases   ] GC(29)   Pre Evacuate Collection Set: 0.4ms
[2025-12-25T01:39:28.309+0000][36.425s][info][gc,phases   ] GC(29)   Merge Heap Roots: 0.1ms
[2025-12-25T01:39:28.310+0000][36.426s][info][gc,phases   ] GC(29)   Evacuate Collection Set: 22.4ms
[2025-12-25T01:39:28.310+0000][36.426s][info][gc,phases   ] GC(29)   Post Evacuate Collection Set: 3.5ms
[2025-12-25T01:39:28.311+0000][36.427s][info][gc,phases   ] GC(29)   Other: 1.7ms
[2025-12-25T01:39:28.311+0000][36.427s][info][gc,heap     ] GC(29) Eden regions: 233->0(230)
[2025-12-25T01:39:28.312+0000][36.427s][info][gc,heap     ] GC(29) Survivor regions: 16->19(32)
[2025-12-25T01:39:28.312+0000][36.428s][info][gc,heap     ] GC(29) Old regions: 33->33
[2025-12-25T01:39:28.312+0000][36.428s][info][gc,heap     ] GC(29) Archive regions: 2->2
[2025-12-25T01:39:28.313+0000][36.429s][info][gc,heap     ] GC(29) Humongous regions: 26->26
[2025-12-25T01:39:28.313+0000][36.429s][info][gc,metaspace] GC(29) Metaspace: 95887K(97088K)->95887K(97088K) NonClass: 82837K(83456K)->82837K(83456K) Class: 13049K(13632K)->13049K(13632K)
[2025-12-25T01:39:28.314+0000][36.430s][info][gc          ] GC(29) Pause Young (Normal) (G1 Evacuation Pause) 307M->77M(416M) 32.186ms
[2025-12-25T01:39:28.314+0000][36.430s][info][gc,cpu      ] GC(29) User=0.04s Sys=0.01s Real=0.04s
[2025-12-25T01:39:29.019+0000][37.135s][info][gc,start    ] GC(30) Pause Young (Normal) (G1 Evacuation Pause)
[2025-12-25T01:39:29.020+0000][37.135s][info][gc,task     ] GC(30) Using 4 workers of 4 for evacuation
[2025-12-25T01:39:29.044+0000][37.160s][info][gc,phases   ] GC(30)   Pre Evacuate Collection Set: 0.3ms
[2025-12-25T01:39:29.044+0000][37.160s][info][gc,phases   ] GC(30)   Merge Heap Roots: 0.2ms
[2025-12-25T01:39:29.044+0000][37.160s][info][gc,phases   ] GC(30)   Evacuate Collection Set: 19.0ms
[2025-12-25T01:39:29.045+0000][37.160s][info][gc,phases   ] GC(30)   Post Evacuate Collection Set: 2.3ms
[2025-12-25T01:39:29.045+0000][37.161s][info][gc,phases   ] GC(30)   Other: 3.5ms
[2025-12-25T01:39:29.046+0000][37.161s][info][gc,heap     ] GC(30) Eden regions: 230->0(235)
[2025-12-25T01:39:29.046+0000][37.162s][info][gc,heap     ] GC(30) Survivor regions: 19->14(32)
[2025-12-25T01:39:29.047+0000][37.163s][info][gc,heap     ] GC(30) Old regions: 33->38
[2025-12-25T01:39:29.047+0000][37.163s][info][gc,heap     ] GC(30) Archive regions: 2->2
[2025-12-25T01:39:29.047+0000][37.163s][info][gc,heap     ] GC(30) Humongous regions: 26->26
[2025-12-25T01:39:29.048+0000][37.163s][info][gc,metaspace] GC(30) Metaspace: 95975K(97152K)->95975K(97152K) NonClass: 82926K(83520K)->82926K(83520K) Class: 13049K(13632K)->13049K(13632K)
[2025-12-25T01:39:29.048+0000][37.164s][info][gc          ] GC(30) Pause Young (Normal) (G1 Evacuation Pause) 307M->78M(416M) 29.168ms
[2025-12-25T01:39:29.048+0000][37.164s][info][gc,cpu      ] GC(30) User=0.02s Sys=0.00s Real=0.03s
[2025-12-25T01:39:29.465+0000][37.581s][info][gc,start    ] GC(31) Pause Young (Normal) (G1 Evacuation Pause)
[2025-12-25T01:39:29.467+0000][37.583s][info][gc,task     ] GC(31) Using 4 workers of 4 for evacuation
[2025-12-25T01:39:29.485+0000][37.601s][info][gc,phases   ] GC(31)   Pre Evacuate Collection Set: 0.4ms
[2025-12-25T01:39:29.486+0000][37.602s][info][gc,phases   ] GC(31)   Merge Heap Roots: 0.1ms
[2025-12-25T01:39:29.487+0000][37.603s][info][gc,phases   ] GC(31)   Evacuate Collection Set: 15.0ms
[2025-12-25T01:39:29.487+0000][37.603s][info][gc,phases   ] GC(31)   Post Evacuate Collection Set: 2.0ms
[2025-12-25T01:39:29.488+0000][37.604s][info][gc,phases   ] GC(31)   Other: 2.8ms
[2025-12-25T01:39:29.488+0000][37.604s][info][gc,heap     ] GC(31) Eden regions: 235->0(235)
[2025-12-25T01:39:29.488+0000][37.604s][info][gc,heap     ] GC(31) Survivor regions: 14->14(32)
[2025-12-25T01:39:29.488+0000][37.604s][info][gc,heap     ] GC(31) Old regions: 38->38
[2025-12-25T01:39:29.488+0000][37.604s][info][gc,heap     ] GC(31) Archive regions: 2->2
[2025-12-25T01:39:29.489+0000][37.605s][info][gc,heap     ] GC(31) Humongous regions: 26->26
[2025-12-25T01:39:29.491+0000][37.607s][info][gc,metaspace] GC(31) Metaspace: 96048K(97216K)->96048K(97216K) NonClass: 82997K(83584K)->82997K(83584K) Class: 13051K(13632K)->13051K(13632K)
[2025-12-25T01:39:29.491+0000][37.607s][info][gc          ] GC(31) Pause Young (Normal) (G1 Evacuation Pause) 313M->78M(416M) 26.517ms
[2025-12-25T01:39:29.492+0000][37.608s][info][gc,cpu      ] GC(31) User=0.05s Sys=0.01s Real=0.02s
[2025-12-25T01:39:29.823+0000][37.939s][info][gc,start    ] GC(32) Pause Young (Normal) (G1 Evacuation Pause)
[2025-12-25T01:39:29.823+0000][37.939s][info][gc,task     ] GC(32) Using 4 workers of 4 for evacuation
[2025-12-25T01:39:29.837+0000][37.953s][info][gc,phases   ] GC(32)   Pre Evacuate Collection Set: 0.1ms
[2025-12-25T01:39:29.837+0000][37.953s][info][gc,phases   ] GC(32)   Merge Heap Roots: 0.1ms
[2025-12-25T01:39:29.837+0000][37.953s][info][gc,phases   ] GC(32)   Evacuate Collection Set: 7.9ms
[2025-12-25T01:39:29.837+0000][37.953s][info][gc,phases   ] GC(32)   Post Evacuate Collection Set: 4.0ms
[2025-12-25T01:39:29.838+0000][37.954s][info][gc,phases   ] GC(32)   Other: 1.8ms
[2025-12-25T01:39:29.838+0000][37.954s][info][gc,heap     ] GC(32) Eden regions: 235->0(235)
[2025-12-25T01:39:29.838+0000][37.954s][info][gc,heap     ] GC(32) Survivor regions: 14->14(32)
[2025-12-25T01:39:29.838+0000][37.954s][info][gc,heap     ] GC(32) Old regions: 38->38
[2025-12-25T01:39:29.838+0000][37.954s][info][gc,heap     ] GC(32) Archive regions: 2->2
[2025-12-25T01:39:29.839+0000][37.954s][info][gc,heap     ] GC(32) Humongous regions: 26->26
[2025-12-25T01:39:29.839+0000][37.955s][info][gc,metaspace] GC(32) Metaspace: 96168K(97280K)->96168K(97280K) NonClass: 83116K(83648K)->83116K(83648K) Class: 13051K(13632K)->13051K(13632K)
[2025-12-25T01:39:29.839+0000][37.955s][info][gc          ] GC(32) Pause Young (Normal) (G1 Evacuation Pause) 313M->78M(416M) 16.401ms
[2025-12-25T01:39:29.840+0000][37.956s][info][gc,cpu      ] GC(32) User=0.02s Sys=0.01s Real=0.02s
[2025-12-25T01:39:30.252+0000][38.368s][info][gc,start    ] GC(33) Pause Young (Normal) (G1 Evacuation Pause)
[2025-12-25T01:39:30.253+0000][38.369s][info][gc,task     ] GC(33) Using 4 workers of 4 for evacuation
[2025-12-25T01:39:30.269+0000][38.384s][info][gc,phases   ] GC(33)   Pre Evacuate Collection Set: 0.1ms
[2025-12-25T01:39:30.270+0000][38.386s][info][gc,phases   ] GC(33)   Merge Heap Roots: 0.1ms
[2025-12-25T01:39:30.271+0000][38.386s][info][gc,phases   ] GC(33)   Evacuate Collection Set: 12.7ms
[2025-12-25T01:39:30.271+0000][38.387s][info][gc,phases   ] GC(33)   Post Evacuate Collection Set: 2.3ms
[2025-12-25T01:39:30.271+0000][38.387s][info][gc,phases   ] GC(33)   Other: 1.6ms
[2025-12-25T01:39:30.272+0000][38.388s][info][gc,heap     ] GC(33) Eden regions: 235->0(236)
[2025-12-25T01:39:30.273+0000][38.388s][info][gc,heap     ] GC(33) Survivor regions: 14->13(32)
[2025-12-25T01:39:30.273+0000][38.389s][info][gc,heap     ] GC(33) Old regions: 38->40
[2025-12-25T01:39:30.273+0000][38.389s][info][gc,heap     ] GC(33) Archive regions: 2->2
[2025-12-25T01:39:30.273+0000][38.389s][info][gc,heap     ] GC(33) Humongous regions: 26->26
[2025-12-25T01:39:30.274+0000][38.389s][info][gc,metaspace] GC(33) Metaspace: 96223K(97344K)->96223K(97344K) NonClass: 83171K(83712K)->83171K(83712K) Class: 13051K(13632K)->13051K(13632K)
[2025-12-25T01:39:30.274+0000][38.390s][info][gc          ] GC(33) Pause Young (Normal) (G1 Evacuation Pause) 313M->79M(416M) 21.901ms
[2025-12-25T01:39:30.274+0000][38.390s][info][gc,cpu      ] GC(33) User=0.02s Sys=0.00s Real=0.03s
[2025-12-25T01:39:30.638+0000][38.754s][info][gc,start    ] GC(34) Pause Young (Normal) (G1 Evacuation Pause)
[2025-12-25T01:39:30.638+0000][38.754s][info][gc,task     ] GC(34) Using 4 workers of 4 for evacuation
[2025-12-25T01:39:30.653+0000][38.768s][info][gc,phases   ] GC(34)   Pre Evacuate Collection Set: 0.1ms
[2025-12-25T01:39:30.653+0000][38.769s][info][gc,phases   ] GC(34)   Merge Heap Roots: 0.1ms
[2025-12-25T01:39:30.653+0000][38.769s][info][gc,phases   ] GC(34)   Evacuate Collection Set: 7.8ms
[2025-12-25T01:39:30.654+0000][38.770s][info][gc,phases   ] GC(34)   Post Evacuate Collection Set: 5.5ms
[2025-12-25T01:39:30.654+0000][38.770s][info][gc,phases   ] GC(34)   Other: 1.1ms
[2025-12-25T01:39:30.655+0000][38.770s][info][gc,heap     ] GC(34) Eden regions: 236->0(237)
[2025-12-25T01:39:30.655+0000][38.771s][info][gc,heap     ] GC(34) Survivor regions: 13->12(32)
[2025-12-25T01:39:30.655+0000][38.771s][info][gc,heap     ] GC(34) Old regions: 40->40
[2025-12-25T01:39:30.656+0000][38.771s][info][gc,heap     ] GC(34) Archive regions: 2->2
[2025-12-25T01:39:30.657+0000][38.773s][info][gc,heap     ] GC(34) Humongous regions: 26->26
[2025-12-25T01:39:30.657+0000][38.773s][info][gc,metaspace] GC(34) Metaspace: 96258K(97344K)->96258K(97344K) NonClass: 83205K(83712K)->83205K(83712K) Class: 13052K(13632K)->13052K(13632K)
[2025-12-25T01:39:30.657+0000][38.773s][info][gc          ] GC(34) Pause Young (Normal) (G1 Evacuation Pause) 315M->78M(416M) 19.286ms
[2025-12-25T01:39:30.658+0000][38.773s][info][gc,cpu      ] GC(34) User=0.01s Sys=0.01s Real=0.02s
[2025-12-25T01:39:31.007+0000][39.123s][info][gc,start    ] GC(35) Pause Young (Normal) (G1 Evacuation Pause)
[2025-12-25T01:39:31.007+0000][39.123s][info][gc,task     ] GC(35) Using 4 workers of 4 for evacuation
[2025-12-25T01:39:31.024+0000][39.139s][info][gc,phases   ] GC(35)   Pre Evacuate Collection Set: 0.2ms
[2025-12-25T01:39:31.024+0000][39.140s][info][gc,phases   ] GC(35)   Merge Heap Roots: 0.1ms
[2025-12-25T01:39:31.025+0000][39.141s][info][gc,phases   ] GC(35)   Evacuate Collection Set: 9.7ms
[2025-12-25T01:39:31.025+0000][39.141s][info][gc,phases   ] GC(35)   Post Evacuate Collection Set: 6.0ms
[2025-12-25T01:39:31.025+0000][39.141s][info][gc,phases   ] GC(35)   Other: 1.0ms
[2025-12-25T01:39:31.026+0000][39.142s][info][gc,heap     ] GC(35) Eden regions: 237->0(235)
[2025-12-25T01:39:31.027+0000][39.143s][info][gc,heap     ] GC(35) Survivor regions: 12->14(32)
[2025-12-25T01:39:31.027+0000][39.143s][info][gc,heap     ] GC(35) Old regions: 40->40
[2025-12-25T01:39:31.033+0000][39.149s][info][gc,heap     ] GC(35) Archive regions: 2->2
[2025-12-25T01:39:31.034+0000][39.150s][info][gc,heap     ] GC(35) Humongous regions: 26->26
[2025-12-25T01:39:31.034+0000][39.150s][info][gc,metaspace] GC(35) Metaspace: 96280K(97344K)->96280K(97344K) NonClass: 83227K(83712K)->83227K(83712K) Class: 13052K(13632K)->13052K(13632K)
[2025-12-25T01:39:31.034+0000][39.150s][info][gc          ] GC(35) Pause Young (Normal) (G1 Evacuation Pause) 315M->79M(416M) 27.309ms
[2025-12-25T01:39:31.035+0000][39.150s][info][gc,cpu      ] GC(35) User=0.04s Sys=0.01s Real=0.03s
[2025-12-25T01:39:31.976+0000][40.092s][info][gc,start    ] GC(36) Pause Young (Normal) (G1 Evacuation Pause)
[2025-12-25T01:39:31.976+0000][40.092s][info][gc,task     ] GC(36) Using 4 workers of 4 for evacuation
[2025-12-25T01:39:32.023+0000][40.139s][info][gc,phases   ] GC(36)   Pre Evacuate Collection Set: 0.2ms
[2025-12-25T01:39:32.027+0000][40.143s][info][gc,phases   ] GC(36)   Merge Heap Roots: 0.2ms
[2025-12-25T01:39:32.028+0000][40.143s][info][gc,phases   ] GC(36)   Evacuate Collection Set: 41.9ms
[2025-12-25T01:39:32.028+0000][40.144s][info][gc,phases   ] GC(36)   Post Evacuate Collection Set: 3.9ms
[2025-12-25T01:39:32.029+0000][40.145s][info][gc,phases   ] GC(36)   Other: 1.1ms
[2025-12-25T01:39:32.030+0000][40.145s][info][gc,heap     ] GC(36) Eden regions: 235->0(234)
[2025-12-25T01:39:32.030+0000][40.146s][info][gc,heap     ] GC(36) Survivor regions: 14->15(32)
[2025-12-25T01:39:32.031+0000][40.147s][info][gc,heap     ] GC(36) Old regions: 40->40
[2025-12-25T01:39:32.035+0000][40.150s][info][gc,heap     ] GC(36) Archive regions: 2->2
[2025-12-25T01:39:32.036+0000][40.152s][info][gc,heap     ] GC(36) Humongous regions: 26->26
[2025-12-25T01:39:32.037+0000][40.153s][info][gc,metaspace] GC(36) Metaspace: 96359K(97472K)->96359K(97472K) NonClass: 83307K(83840K)->83307K(83840K) Class: 13052K(13632K)->13052K(13632K)
[2025-12-25T01:39:32.037+0000][40.153s][info][gc          ] GC(36) Pause Young (Normal) (G1 Evacuation Pause) 314M->81M(416M) 61.556ms
[2025-12-25T01:39:32.039+0000][40.154s][info][gc,cpu      ] GC(36) User=0.06s Sys=0.00s Real=0.06s
[2025-12-25T01:39:32.600+0000][40.716s][info][gc,start    ] GC(37) Pause Young (Normal) (G1 Evacuation Pause)
[2025-12-25T01:39:32.600+0000][40.716s][info][gc,task     ] GC(37) Using 4 workers of 4 for evacuation
[2025-12-25T01:39:32.629+0000][40.744s][info][gc,phases   ] GC(37)   Pre Evacuate Collection Set: 0.2ms
[2025-12-25T01:39:32.629+0000][40.745s][info][gc,phases   ] GC(37)   Merge Heap Roots: 0.1ms
[2025-12-25T01:39:32.630+0000][40.746s][info][gc,phases   ] GC(37)   Evacuate Collection Set: 26.4ms
[2025-12-25T01:39:32.631+0000][40.746s][info][gc,phases   ] GC(37)   Post Evacuate Collection Set: 1.4ms
[2025-12-25T01:39:32.631+0000][40.747s][info][gc,phases   ] GC(37)   Other: 2.0ms
[2025-12-25T01:39:32.631+0000][40.747s][info][gc,heap     ] GC(37) Eden regions: 234->0(236)
[2025-12-25T01:39:32.632+0000][40.747s][info][gc,heap     ] GC(37) Survivor regions: 15->13(32)
[2025-12-25T01:39:32.632+0000][40.748s][info][gc,heap     ] GC(37) Old regions: 40->40
[2025-12-25T01:39:32.632+0000][40.748s][info][gc,heap     ] GC(37) Archive regions: 2->2
[2025-12-25T01:39:32.632+0000][40.748s][info][gc,heap     ] GC(37) Humongous regions: 26->26
[2025-12-25T01:39:32.633+0000][40.749s][info][gc,metaspace] GC(37) Metaspace: 96372K(97472K)->96372K(97472K) NonClass: 83319K(83840K)->83319K(83840K) Class: 13052K(13632K)->13052K(13632K)
[2025-12-25T01:39:32.633+0000][40.749s][info][gc          ] GC(37) Pause Young (Normal) (G1 Evacuation Pause) 315M->79M(416M) 33.417ms
[2025-12-25T01:39:32.634+0000][40.750s][info][gc,cpu      ] GC(37) User=0.02s Sys=0.00s Real=0.03s
[2025-12-25T01:39:32.974+0000][41.090s][info][gc,start    ] GC(38) Pause Young (Normal) (G1 Evacuation Pause)
[2025-12-25T01:39:32.976+0000][41.091s][info][gc,task     ] GC(38) Using 4 workers of 4 for evacuation
[2025-12-25T01:39:32.999+0000][41.115s][info][gc,phases   ] GC(38)   Pre Evacuate Collection Set: 0.5ms
[2025-12-25T01:39:33.000+0000][41.116s][info][gc,phases   ] GC(38)   Merge Heap Roots: 0.1ms
[2025-12-25T01:39:33.000+0000][41.116s][info][gc,phases   ] GC(38)   Evacuate Collection Set: 21.9ms
[2025-12-25T01:39:33.000+0000][41.116s][info][gc,phases   ] GC(38)   Post Evacuate Collection Set: 0.7ms
[2025-12-25T01:39:33.000+0000][41.116s][info][gc,phases   ] GC(38)   Other: 2.5ms
[2025-12-25T01:39:33.001+0000][41.116s][info][gc,heap     ] GC(38) Eden regions: 236->0(238)
[2025-12-25T01:39:33.001+0000][41.117s][info][gc,heap     ] GC(38) Survivor regions: 13->11(32)
[2025-12-25T01:39:33.001+0000][41.117s][info][gc,heap     ] GC(38) Old regions: 40->40
[2025-12-25T01:39:33.001+0000][41.117s][info][gc,heap     ] GC(38) Archive regions: 2->2
[2025-12-25T01:39:33.002+0000][41.118s][info][gc,heap     ] GC(38) Humongous regions: 26->26
[2025-12-25T01:39:33.002+0000][41.118s][info][gc,metaspace] GC(38) Metaspace: 96386K(97536K)->96386K(97536K) NonClass: 83334K(83904K)->83334K(83904K) Class: 13052K(13632K)->13052K(13632K)
[2025-12-25T01:39:33.003+0000][41.119s][info][gc          ] GC(38) Pause Young (Normal) (G1 Evacuation Pause) 315M->77M(416M) 29.009ms
[2025-12-25T01:39:33.003+0000][41.119s][info][gc,cpu      ] GC(38) User=0.03s Sys=0.00s Real=0.03s
[2025-12-25T01:39:33.418+0000][41.534s][info][gc,start    ] GC(39) Pause Young (Normal) (G1 Evacuation Pause)
[2025-12-25T01:39:33.419+0000][41.535s][info][gc,task     ] GC(39) Using 4 workers of 4 for evacuation
[2025-12-25T01:39:33.437+0000][41.553s][info][gc,phases   ] GC(39)   Pre Evacuate Collection Set: 0.3ms
[2025-12-25T01:39:33.437+0000][41.553s][info][gc,phases   ] GC(39)   Merge Heap Roots: 0.1ms
[2025-12-25T01:39:33.437+0000][41.553s][info][gc,phases   ] GC(39)   Evacuate Collection Set: 15.7ms
[2025-12-25T01:39:33.438+0000][41.553s][info][gc,phases   ] GC(39)   Post Evacuate Collection Set: 1.0ms
[2025-12-25T01:39:33.438+0000][41.554s][info][gc,phases   ] GC(39)   Other: 1.1ms
[2025-12-25T01:39:33.438+0000][41.554s][info][gc,heap     ] GC(39) Eden regions: 238->0(238)
[2025-12-25T01:39:33.438+0000][41.554s][info][gc,heap     ] GC(39) Survivor regions: 11->11(32)
[2025-12-25T01:39:33.439+0000][41.554s][info][gc,heap     ] GC(39) Old regions: 40->40
[2025-12-25T01:39:33.439+0000][41.555s][info][gc,heap     ] GC(39) Archive regions: 2->2
[2025-12-25T01:39:33.439+0000][41.555s][info][gc,heap     ] GC(39) Humongous regions: 26->26
[2025-12-25T01:39:33.439+0000][41.555s][info][gc,metaspace] GC(39) Metaspace: 96396K(97536K)->96396K(97536K) NonClass: 83344K(83904K)->83344K(83904K) Class: 13052K(13632K)->13052K(13632K)
[2025-12-25T01:39:33.440+0000][41.556s][info][gc          ] GC(39) Pause Young (Normal) (G1 Evacuation Pause) 315M->77M(416M) 21.441ms
[2025-12-25T01:39:33.440+0000][41.556s][info][gc,cpu      ] GC(39) User=0.02s Sys=0.00s Real=0.02s
[2025-12-25T01:39:34.081+0000][42.197s][info][gc,start    ] GC(40) Pause Young (Normal) (G1 Evacuation Pause)
[2025-12-25T01:39:34.082+0000][42.198s][info][gc,task     ] GC(40) Using 4 workers of 4 for evacuation
[2025-12-25T01:39:34.111+0000][42.227s][info][gc,phases   ] GC(40)   Pre Evacuate Collection Set: 0.4ms
[2025-12-25T01:39:34.111+0000][42.227s][info][gc,phases   ] GC(40)   Merge Heap Roots: 0.1ms
[2025-12-25T01:39:34.111+0000][42.227s][info][gc,phases   ] GC(40)   Evacuate Collection Set: 22.0ms
[2025-12-25T01:39:34.111+0000][42.227s][info][gc,phases   ] GC(40)   Post Evacuate Collection Set: 4.0ms
[2025-12-25T01:39:34.111+0000][42.227s][info][gc,phases   ] GC(40)   Other: 3.1ms
[2025-12-25T01:39:34.111+0000][42.227s][info][gc,heap     ] GC(40) Eden regions: 238->0(238)
[2025-12-25T01:39:34.111+0000][42.227s][info][gc,heap     ] GC(40) Survivor regions: 11->11(32)
[2025-12-25T01:39:34.112+0000][42.228s][info][gc,heap     ] GC(40) Old regions: 40->40
[2025-12-25T01:39:34.112+0000][42.228s][info][gc,heap     ] GC(40) Archive regions: 2->2
[2025-12-25T01:39:34.112+0000][42.228s][info][gc,heap     ] GC(40) Humongous regions: 26->26
[2025-12-25T01:39:34.112+0000][42.228s][info][gc,metaspace] GC(40) Metaspace: 96408K(97536K)->96408K(97536K) NonClass: 83355K(83904K)->83355K(83904K) Class: 13052K(13632K)->13052K(13632K)
[2025-12-25T01:39:34.112+0000][42.228s][info][gc          ] GC(40) Pause Young (Normal) (G1 Evacuation Pause) 315M->77M(416M) 31.093ms
[2025-12-25T01:39:34.113+0000][42.228s][info][gc,cpu      ] GC(40) User=0.03s Sys=0.01s Real=0.03s
[2025-12-25T01:39:34.596+0000][42.712s][info][gc,start    ] GC(41) Pause Young (Normal) (G1 Evacuation Pause)
[2025-12-25T01:39:34.597+0000][42.712s][info][gc,task     ] GC(41) Using 4 workers of 4 for evacuation
[2025-12-25T01:39:34.624+0000][42.739s][info][gc,phases   ] GC(41)   Pre Evacuate Collection Set: 0.1ms
[2025-12-25T01:39:34.627+0000][42.743s][info][gc,phases   ] GC(41)   Merge Heap Roots: 0.2ms
[2025-12-25T01:39:34.631+0000][42.746s][info][gc,phases   ] GC(41)   Evacuate Collection Set: 16.0ms
[2025-12-25T01:39:34.631+0000][42.747s][info][gc,phases   ] GC(41)   Post Evacuate Collection Set: 10.5ms
[2025-12-25T01:39:34.636+0000][42.752s][info][gc,phases   ] GC(41)   Other: 0.7ms
[2025-12-25T01:39:34.636+0000][42.752s][info][gc,heap     ] GC(41) Eden regions: 238->0(238)
[2025-12-25T01:39:34.637+0000][42.753s][info][gc,heap     ] GC(41) Survivor regions: 11->11(32)
[2025-12-25T01:39:34.637+0000][42.753s][info][gc,heap     ] GC(41) Old regions: 40->40
[2025-12-25T01:39:34.638+0000][42.754s][info][gc,heap     ] GC(41) Archive regions: 2->2
[2025-12-25T01:39:34.639+0000][42.755s][info][gc,heap     ] GC(41) Humongous regions: 26->26
[2025-12-25T01:39:34.640+0000][42.756s][info][gc,metaspace] GC(41) Metaspace: 96432K(97536K)->96432K(97536K) NonClass: 83378K(83904K)->83378K(83904K) Class: 13053K(13632K)->13053K(13632K)
[2025-12-25T01:39:34.640+0000][42.756s][info][gc          ] GC(41) Pause Young (Normal) (G1 Evacuation Pause) 315M->77M(416M) 43.804ms
[2025-12-25T01:39:34.640+0000][42.756s][info][gc,cpu      ] GC(41) User=0.01s Sys=0.00s Real=0.04s
[2025-12-25T01:39:35.282+0000][43.398s][info][gc,start    ] GC(42) Pause Young (Normal) (G1 Evacuation Pause)
[2025-12-25T01:39:35.282+0000][43.398s][info][gc,task     ] GC(42) Using 4 workers of 4 for evacuation
[2025-12-25T01:39:35.298+0000][43.414s][info][gc,phases   ] GC(42)   Pre Evacuate Collection Set: 0.4ms
[2025-12-25T01:39:35.299+0000][43.415s][info][gc,phases   ] GC(42)   Merge Heap Roots: 0.1ms
[2025-12-25T01:39:35.303+0000][43.419s][info][gc,phases   ] GC(42)   Evacuate Collection Set: 14.3ms
[2025-12-25T01:39:35.304+0000][43.420s][info][gc,phases   ] GC(42)   Post Evacuate Collection Set: 0.9ms
[2025-12-25T01:39:35.305+0000][43.420s][info][gc,phases   ] GC(42)   Other: 1.1ms
[2025-12-25T01:39:35.305+0000][43.421s][info][gc,heap     ] GC(42) Eden regions: 238->0(242)
[2025-12-25T01:39:35.306+0000][43.421s][info][gc,heap     ] GC(42) Survivor regions: 11->7(32)
[2025-12-25T01:39:35.306+0000][43.422s][info][gc,heap     ] GC(42) Old regions: 40->45
[2025-12-25T01:39:35.306+0000][43.422s][info][gc,heap     ] GC(42) Archive regions: 2->2
[2025-12-25T01:39:35.306+0000][43.422s][info][gc,heap     ] GC(42) Humongous regions: 26->26
[2025-12-25T01:39:35.306+0000][43.422s][info][gc,metaspace] GC(42) Metaspace: 96451K(97536K)->96451K(97536K) NonClass: 83397K(83904K)->83397K(83904K) Class: 13053K(13632K)->13053K(13632K)
[2025-12-25T01:39:35.307+0000][43.422s][info][gc          ] GC(42) Pause Young (Normal) (G1 Evacuation Pause) 315M->77M(416M) 24.921ms
[2025-12-25T01:39:35.307+0000][43.423s][info][gc,cpu      ] GC(42) User=0.03s Sys=0.00s Real=0.03s
[2025-12-25T01:39:35.867+0000][43.982s][info][gc,start    ] GC(43) Pause Young (Normal) (G1 Evacuation Pause)
[2025-12-25T01:39:35.869+0000][43.985s][info][gc,task     ] GC(43) Using 4 workers of 4 for evacuation
[2025-12-25T01:39:35.886+0000][44.002s][info][gc,phases   ] GC(43)   Pre Evacuate Collection Set: 3.1ms
[2025-12-25T01:39:35.887+0000][44.002s][info][gc,phases   ] GC(43)   Merge Heap Roots: 0.1ms
[2025-12-25T01:39:35.887+0000][44.003s][info][gc,phases   ] GC(43)   Evacuate Collection Set: 10.5ms
[2025-12-25T01:39:35.888+0000][44.004s][info][gc,phases   ] GC(43)   Post Evacuate Collection Set: 2.5ms
[2025-12-25T01:39:35.888+0000][44.004s][info][gc,phases   ] GC(43)   Other: 3.2ms
[2025-12-25T01:39:35.890+0000][44.006s][info][gc,heap     ] GC(43) Eden regions: 242->0(243)
[2025-12-25T01:39:35.891+0000][44.006s][info][gc,heap     ] GC(43) Survivor regions: 7->6(32)
[2025-12-25T01:39:35.891+0000][44.006s][info][gc,heap     ] GC(43) Old regions: 45->46
[2025-12-25T01:39:35.891+0000][44.007s][info][gc,heap     ] GC(43) Archive regions: 2->2
[2025-12-25T01:39:35.891+0000][44.007s][info][gc,heap     ] GC(43) Humongous regions: 26->26
[2025-12-25T01:39:35.891+0000][44.007s][info][gc,metaspace] GC(43) Metaspace: 96464K(97600K)->96464K(97600K) NonClass: 83409K(83968K)->83409K(83968K) Class: 13054K(13632K)->13054K(13632K)
[2025-12-25T01:39:35.892+0000][44.008s][info][gc          ] GC(43) Pause Young (Normal) (G1 Evacuation Pause) 319M->77M(416M) 25.339ms
[2025-12-25T01:39:35.894+0000][44.010s][info][gc,cpu      ] GC(43) User=0.02s Sys=0.00s Real=0.02s
[2025-12-25T01:39:36.420+0000][44.536s][info][gc,start    ] GC(44) Pause Young (Normal) (G1 Evacuation Pause)
[2025-12-25T01:39:36.422+0000][44.537s][info][gc,task     ] GC(44) Using 4 workers of 4 for evacuation
[2025-12-25T01:39:36.440+0000][44.556s][info][gc,phases   ] GC(44)   Pre Evacuate Collection Set: 1.6ms
[2025-12-25T01:39:36.440+0000][44.556s][info][gc,phases   ] GC(44)   Merge Heap Roots: 4.4ms
[2025-12-25T01:39:36.440+0000][44.556s][info][gc,phases   ] GC(44)   Evacuate Collection Set: 9.7ms
[2025-12-25T01:39:36.441+0000][44.557s][info][gc,phases   ] GC(44)   Post Evacuate Collection Set: 0.8ms
[2025-12-25T01:39:36.441+0000][44.557s][info][gc,phases   ] GC(44)   Other: 3.1ms
[2025-12-25T01:39:36.441+0000][44.557s][info][gc,heap     ] GC(44) Eden regions: 243->0(244)
[2025-12-25T01:39:36.441+0000][44.557s][info][gc,heap     ] GC(44) Survivor regions: 6->5(32)
[2025-12-25T01:39:36.441+0000][44.557s][info][gc,heap     ] GC(44) Old regions: 46->47
[2025-12-25T01:39:36.441+0000][44.557s][info][gc,heap     ] GC(44) Archive regions: 2->2
[2025-12-25T01:39:36.441+0000][44.557s][info][gc,heap     ] GC(44) Humongous regions: 26->26
[2025-12-25T01:39:36.441+0000][44.557s][info][gc,metaspace] GC(44) Metaspace: 96493K(97600K)->96493K(97600K) NonClass: 83438K(83968K)->83438K(83968K) Class: 13054K(13632K)->13054K(13632K)
[2025-12-25T01:39:36.441+0000][44.557s][info][gc          ] GC(44) Pause Young (Normal) (G1 Evacuation Pause) 320M->77M(416M) 20.953ms
[2025-12-25T01:39:36.442+0000][44.558s][info][gc,cpu      ] GC(44) User=0.03s Sys=0.00s Real=0.02s
[2025-12-25T01:39:36.991+0000][45.107s][info][gc,start    ] GC(45) Pause Young (Normal) (G1 Evacuation Pause)
[2025-12-25T01:39:36.992+0000][45.107s][info][gc,task     ] GC(45) Using 4 workers of 4 for evacuation
[2025-12-25T01:39:37.005+0000][45.121s][info][gc,phases   ] GC(45)   Pre Evacuate Collection Set: 0.2ms
[2025-12-25T01:39:37.007+0000][45.122s][info][gc,phases   ] GC(45)   Merge Heap Roots: 0.2ms
[2025-12-25T01:39:37.009+0000][45.125s][info][gc,phases   ] GC(45)   Evacuate Collection Set: 10.6ms
[2025-12-25T01:39:37.010+0000][45.126s][info][gc,phases   ] GC(45)   Post Evacuate Collection Set: 1.7ms
[2025-12-25T01:39:37.010+0000][45.126s][info][gc,phases   ] GC(45)   Other: 1.7ms
[2025-12-25T01:39:37.010+0000][45.126s][info][gc,heap     ] GC(45) Eden regions: 244->0(245)
[2025-12-25T01:39:37.010+0000][45.126s][info][gc,heap     ] GC(45) Survivor regions: 5->4(32)
[2025-12-25T01:39:37.010+0000][45.126s][info][gc,heap     ] GC(45) Old regions: 47->47
[2025-12-25T01:39:37.011+0000][45.126s][info][gc,heap     ] GC(45) Archive regions: 2->2
[2025-12-25T01:39:37.011+0000][45.127s][info][gc,heap     ] GC(45) Humongous regions: 26->26
[2025-12-25T01:39:37.012+0000][45.128s][info][gc,metaspace] GC(45) Metaspace: 96704K(97792K)->96704K(97792K) NonClass: 83643K(84160K)->83643K(84160K) Class: 13060K(13632K)->13060K(13632K)
[2025-12-25T01:39:37.012+0000][45.128s][info][gc          ] GC(45) Pause Young (Normal) (G1 Evacuation Pause) 321M->76M(416M) 20.715ms
[2025-12-25T01:39:37.012+0000][45.128s][info][gc,cpu      ] GC(45) User=0.02s Sys=0.00s Real=0.02s
[2025-12-25T01:39:39.026+0000][47.142s][info][gc,start    ] GC(46) Pause Young (Normal) (G1 Evacuation Pause)
[2025-12-25T01:39:39.027+0000][47.143s][info][gc,task     ] GC(46) Using 4 workers of 4 for evacuation
[2025-12-25T01:39:39.032+0000][47.148s][info][gc,phases   ] GC(46)   Pre Evacuate Collection Set: 0.5ms
[2025-12-25T01:39:39.032+0000][47.148s][info][gc,phases   ] GC(46)   Merge Heap Roots: 0.1ms
[2025-12-25T01:39:39.032+0000][47.148s][info][gc,phases   ] GC(46)   Evacuate Collection Set: 3.4ms
[2025-12-25T01:39:39.032+0000][47.148s][info][gc,phases   ] GC(46)   Post Evacuate Collection Set: 0.6ms
[2025-12-25T01:39:39.032+0000][47.148s][info][gc,phases   ] GC(46)   Other: 1.6ms
[2025-12-25T01:39:39.032+0000][47.148s][info][gc,heap     ] GC(46) Eden regions: 245->0(247)
[2025-12-25T01:39:39.032+0000][47.148s][info][gc,heap     ] GC(46) Survivor regions: 4->2(32)
[2025-12-25T01:39:39.033+0000][47.148s][info][gc,heap     ] GC(46) Old regions: 47->47
[2025-12-25T01:39:39.033+0000][47.148s][info][gc,heap     ] GC(46) Archive regions: 2->2
[2025-12-25T01:39:39.033+0000][47.149s][info][gc,heap     ] GC(46) Humongous regions: 26->26
[2025-12-25T01:39:39.033+0000][47.149s][info][gc,metaspace] GC(46) Metaspace: 96708K(97792K)->96708K(97792K) NonClass: 83648K(84160K)->83648K(84160K) Class: 13060K(13632K)->13060K(13632K)
[2025-12-25T01:39:39.033+0000][47.149s][info][gc          ] GC(46) Pause Young (Normal) (G1 Evacuation Pause) 321M->75M(416M) 7.029ms
[2025-12-25T01:39:39.033+0000][47.149s][info][gc,cpu      ] GC(46) User=0.02s Sys=0.00s Real=0.00s
[2025-12-25T01:39:39.968+0000][48.084s][info][gc,start    ] GC(47) Pause Young (Normal) (G1 Evacuation Pause)
[2025-12-25T01:39:39.970+0000][48.086s][info][gc,task     ] GC(47) Using 4 workers of 4 for evacuation
[2025-12-25T01:39:39.988+0000][48.103s][info][gc,phases   ] GC(47)   Pre Evacuate Collection Set: 0.2ms
[2025-12-25T01:39:39.988+0000][48.104s][info][gc,phases   ] GC(47)   Merge Heap Roots: 0.1ms
[2025-12-25T01:39:39.988+0000][48.104s][info][gc,phases   ] GC(47)   Evacuate Collection Set: 12.6ms
[2025-12-25T01:39:39.988+0000][48.104s][info][gc,phases   ] GC(47)   Post Evacuate Collection Set: 1.3ms
[2025-12-25T01:39:39.988+0000][48.104s][info][gc,phases   ] GC(47)   Other: 5.9ms
[2025-12-25T01:39:39.989+0000][48.104s][info][gc,heap     ] GC(47) Eden regions: 247->0(246)
[2025-12-25T01:39:39.989+0000][48.105s][info][gc,heap     ] GC(47) Survivor regions: 2->3(32)
[2025-12-25T01:39:39.989+0000][48.105s][info][gc,heap     ] GC(47) Old regions: 47->47
[2025-12-25T01:39:39.989+0000][48.105s][info][gc,heap     ] GC(47) Archive regions: 2->2
[2025-12-25T01:39:39.989+0000][48.105s][info][gc,heap     ] GC(47) Humongous regions: 26->26
[2025-12-25T01:39:39.989+0000][48.105s][info][gc,metaspace] GC(47) Metaspace: 96713K(97792K)->96713K(97792K) NonClass: 83653K(84160K)->83653K(84160K) Class: 13060K(13632K)->13060K(13632K)
[2025-12-25T01:39:39.989+0000][48.105s][info][gc          ] GC(47) Pause Young (Normal) (G1 Evacuation Pause) 322M->75M(416M) 21.539ms
[2025-12-25T01:39:39.990+0000][48.106s][info][gc,cpu      ] GC(47) User=0.02s Sys=0.00s Real=0.02s
[2025-12-25T01:39:40.576+0000][48.692s][info][gc,start    ] GC(48) Pause Young (Normal) (G1 Evacuation Pause)
[2025-12-25T01:39:40.577+0000][48.693s][info][gc,task     ] GC(48) Using 4 workers of 4 for evacuation
[2025-12-25T01:39:40.582+0000][48.698s][info][gc,phases   ] GC(48)   Pre Evacuate Collection Set: 0.4ms
[2025-12-25T01:39:40.582+0000][48.698s][info][gc,phases   ] GC(48)   Merge Heap Roots: 0.1ms
[2025-12-25T01:39:40.583+0000][48.698s][info][gc,phases   ] GC(48)   Evacuate Collection Set: 3.5ms
[2025-12-25T01:39:40.583+0000][48.699s][info][gc,phases   ] GC(48)   Post Evacuate Collection Set: 0.5ms
[2025-12-25T01:39:40.583+0000][48.699s][info][gc,phases   ] GC(48)   Other: 1.5ms
[2025-12-25T01:39:40.583+0000][48.699s][info][gc,heap     ] GC(48) Eden regions: 246->0(246)
[2025-12-25T01:39:40.583+0000][48.699s][info][gc,heap     ] GC(48) Survivor regions: 3->3(32)
[2025-12-25T01:39:40.583+0000][48.699s][info][gc,heap     ] GC(48) Old regions: 47->47
[2025-12-25T01:39:40.584+0000][48.699s][info][gc,heap     ] GC(48) Archive regions: 2->2
[2025-12-25T01:39:40.584+0000][48.700s][info][gc,heap     ] GC(48) Humongous regions: 26->26
[2025-12-25T01:39:40.584+0000][48.700s][info][gc,metaspace] GC(48) Metaspace: 96721K(97792K)->96721K(97792K) NonClass: 83661K(84160K)->83661K(84160K) Class: 13060K(13632K)->13060K(13632K)
[2025-12-25T01:39:40.587+0000][48.703s][info][gc          ] GC(48) Pause Young (Normal) (G1 Evacuation Pause) 321M->76M(416M) 11.093ms
[2025-12-25T01:39:40.588+0000][48.704s][info][gc,cpu      ] GC(48) User=0.01s Sys=0.01s Real=0.01s
[2025-12-25T01:39:40.846+0000][48.962s][info][gc,start    ] GC(49) Pause Young (Normal) (G1 Evacuation Pause)
[2025-12-25T01:39:40.847+0000][48.963s][info][gc,task     ] GC(49) Using 4 workers of 4 for evacuation
[2025-12-25T01:39:40.852+0000][48.968s][info][gc,phases   ] GC(49)   Pre Evacuate Collection Set: 0.5ms
[2025-12-25T01:39:40.852+0000][48.968s][info][gc,phases   ] GC(49)   Merge Heap Roots: 0.1ms
[2025-12-25T01:39:40.853+0000][48.969s][info][gc,phases   ] GC(49)   Evacuate Collection Set: 3.0ms
[2025-12-25T01:39:40.853+0000][48.969s][info][gc,phases   ] GC(49)   Post Evacuate Collection Set: 0.8ms
[2025-12-25T01:39:40.853+0000][48.969s][info][gc,phases   ] GC(49)   Other: 1.2ms
[2025-12-25T01:39:40.853+0000][48.969s][info][gc,heap     ] GC(49) Eden regions: 246->0(246)
[2025-12-25T01:39:40.854+0000][48.970s][info][gc,heap     ] GC(49) Survivor regions: 3->3(32)
[2025-12-25T01:39:40.854+0000][48.970s][info][gc,heap     ] GC(49) Old regions: 47->47
[2025-12-25T01:39:40.854+0000][48.970s][info][gc,heap     ] GC(49) Archive regions: 2->2
[2025-12-25T01:39:40.855+0000][48.970s][info][gc,heap     ] GC(49) Humongous regions: 36->31
[2025-12-25T01:39:40.855+0000][48.971s][info][gc,metaspace] GC(49) Metaspace: 96735K(97792K)->96735K(97792K) NonClass: 83675K(84160K)->83675K(84160K) Class: 13060K(13632K)->13060K(13632K)
[2025-12-25T01:39:40.856+0000][48.972s][info][gc          ] GC(49) Pause Young (Normal) (G1 Evacuation Pause) 332M->81M(416M) 9.441ms
[2025-12-25T01:39:40.859+0000][48.975s][info][gc,cpu      ] GC(49) User=0.01s Sys=0.00s Real=0.01s
[2025-12-25T01:39:41.503+0000][49.619s][info][gc,start    ] GC(50) Pause Young (Normal) (G1 Evacuation Pause)
[2025-12-25T01:39:41.503+0000][49.619s][info][gc,task     ] GC(50) Using 4 workers of 4 for evacuation
[2025-12-25T01:39:41.512+0000][49.628s][info][gc,phases   ] GC(50)   Pre Evacuate Collection Set: 0.1ms
[2025-12-25T01:39:41.512+0000][49.628s][info][gc,phases   ] GC(50)   Merge Heap Roots: 0.1ms
[2025-12-25T01:39:41.512+0000][49.628s][info][gc,phases   ] GC(50)   Evacuate Collection Set: 7.1ms
[2025-12-25T01:39:41.512+0000][49.628s][info][gc,phases   ] GC(50)   Post Evacuate Collection Set: 0.6ms
[2025-12-25T01:39:41.512+0000][49.628s][info][gc,phases   ] GC(50)   Other: 0.9ms
[2025-12-25T01:39:41.513+0000][49.629s][info][gc,heap     ] GC(50) Eden regions: 246->0(245)
[2025-12-25T01:39:41.513+0000][49.629s][info][gc,heap     ] GC(50) Survivor regions: 3->4(32)
[2025-12-25T01:39:41.513+0000][49.629s][info][gc,heap     ] GC(50) Old regions: 47->47
[2025-12-25T01:39:41.513+0000][49.629s][info][gc,heap     ] GC(50) Archive regions: 2->2
[2025-12-25T01:39:41.514+0000][49.629s][info][gc,heap     ] GC(50) Humongous regions: 31->31
[2025-12-25T01:39:41.514+0000][49.630s][info][gc,metaspace] GC(50) Metaspace: 96745K(97792K)->96745K(97792K) NonClass: 83684K(84160K)->83684K(84160K) Class: 13060K(13632K)->13060K(13632K)
[2025-12-25T01:39:41.514+0000][49.630s][info][gc          ] GC(50) Pause Young (Normal) (G1 Evacuation Pause) 327M->82M(416M) 10.809ms
[2025-12-25T01:39:41.514+0000][49.630s][info][gc,cpu      ] GC(50) User=0.01s Sys=0.00s Real=0.01s
[2025-12-25T01:39:41.999+0000][50.115s][info][gc,start    ] GC(51) Pause Young (Normal) (G1 Evacuation Pause)
[2025-12-25T01:39:42.000+0000][50.116s][info][gc,task     ] GC(51) Using 4 workers of 4 for evacuation
[2025-12-25T01:39:42.006+0000][50.122s][info][gc,phases   ] GC(51)   Pre Evacuate Collection Set: 0.2ms
[2025-12-25T01:39:42.007+0000][50.123s][info][gc,phases   ] GC(51)   Merge Heap Roots: 0.1ms
[2025-12-25T01:39:42.007+0000][50.123s][info][gc,phases   ] GC(51)   Evacuate Collection Set: 4.0ms
[2025-12-25T01:39:42.008+0000][50.123s][info][gc,phases   ] GC(51)   Post Evacuate Collection Set: 0.5ms
[2025-12-25T01:39:42.008+0000][50.124s][info][gc,phases   ] GC(51)   Other: 1.9ms
[2025-12-25T01:39:42.008+0000][50.124s][info][gc,heap     ] GC(51) Eden regions: 245->0(246)
[2025-12-25T01:39:42.011+0000][50.127s][info][gc,heap     ] GC(51) Survivor regions: 4->3(32)
[2025-12-25T01:39:42.012+0000][50.127s][info][gc,heap     ] GC(51) Old regions: 47->47
[2025-12-25T01:39:42.012+0000][50.128s][info][gc,heap     ] GC(51) Archive regions: 2->2
[2025-12-25T01:39:42.012+0000][50.128s][info][gc,heap     ] GC(51) Humongous regions: 31->31
[2025-12-25T01:39:42.012+0000][50.128s][info][gc,metaspace] GC(51) Metaspace: 96878K(98048K)->96878K(98048K) NonClass: 83808K(84352K)->83808K(84352K) Class: 13069K(13696K)->13069K(13696K)
[2025-12-25T01:39:42.015+0000][50.130s][info][gc          ] GC(51) Pause Young (Normal) (G1 Evacuation Pause) 327M->81M(416M) 15.202ms
[2025-12-25T01:39:42.015+0000][50.131s][info][gc,cpu      ] GC(51) User=0.02s Sys=0.01s Real=0.02s
[2025-12-25T01:39:42.419+0000][50.535s][info][gc,start    ] GC(52) Pause Young (Normal) (G1 Evacuation Pause)
[2025-12-25T01:39:42.419+0000][50.535s][info][gc,task     ] GC(52) Using 4 workers of 4 for evacuation
[2025-12-25T01:39:42.426+0000][50.542s][info][gc,phases   ] GC(52)   Pre Evacuate Collection Set: 0.9ms
[2025-12-25T01:39:42.427+0000][50.543s][info][gc,phases   ] GC(52)   Merge Heap Roots: 0.2ms
[2025-12-25T01:39:42.427+0000][50.543s][info][gc,phases   ] GC(52)   Evacuate Collection Set: 4.4ms
[2025-12-25T01:39:42.428+0000][50.544s][info][gc,phases   ] GC(52)   Post Evacuate Collection Set: 0.8ms
[2025-12-25T01:39:42.428+0000][50.544s][info][gc,phases   ] GC(52)   Other: 0.8ms
[2025-12-25T01:39:42.428+0000][50.544s][info][gc,heap     ] GC(52) Eden regions: 246->0(246)
[2025-12-25T01:39:42.429+0000][50.544s][info][gc,heap     ] GC(52) Survivor regions: 3->3(32)
[2025-12-25T01:39:42.429+0000][50.545s][info][gc,heap     ] GC(52) Old regions: 47->48
[2025-12-25T01:39:42.429+0000][50.545s][info][gc,heap     ] GC(52) Archive regions: 2->2
[2025-12-25T01:39:42.429+0000][50.545s][info][gc,heap     ] GC(52) Humongous regions: 31->31
[2025-12-25T01:39:42.429+0000][50.545s][info][gc,metaspace] GC(52) Metaspace: 96909K(98112K)->96909K(98112K) NonClass: 83839K(84416K)->83839K(84416K) Class: 13069K(13696K)->13069K(13696K)
[2025-12-25T01:39:42.429+0000][50.545s][info][gc          ] GC(52) Pause Young (Normal) (G1 Evacuation Pause) 327M->81M(416M) 10.388ms
[2025-12-25T01:39:42.429+0000][50.545s][info][gc,cpu      ] GC(52) User=0.02s Sys=0.00s Real=0.01s
[2025-12-25T01:39:42.871+0000][50.987s][info][gc,start    ] GC(53) Pause Young (Normal) (G1 Evacuation Pause)
[2025-12-25T01:39:42.872+0000][50.988s][info][gc,task     ] GC(53) Using 4 workers of 4 for evacuation
[2025-12-25T01:39:42.881+0000][50.997s][info][gc,phases   ] GC(53)   Pre Evacuate Collection Set: 0.2ms
[2025-12-25T01:39:42.881+0000][50.997s][info][gc,phases   ] GC(53)   Merge Heap Roots: 0.1ms
[2025-12-25T01:39:42.882+0000][50.998s][info][gc,phases   ] GC(53)   Evacuate Collection Set: 5.1ms
[2025-12-25T01:39:42.882+0000][50.998s][info][gc,phases   ] GC(53)   Post Evacuate Collection Set: 1.7ms
[2025-12-25T01:39:42.884+0000][51.000s][info][gc,phases   ] GC(53)   Other: 3.3ms
[2025-12-25T01:39:42.885+0000][51.001s][info][gc,heap     ] GC(53) Eden regions: 246->0(245)
[2025-12-25T01:39:42.887+0000][51.003s][info][gc,heap     ] GC(53) Survivor regions: 3->4(32)
[2025-12-25T01:39:42.887+0000][51.003s][info][gc,heap     ] GC(53) Old regions: 48->48
[2025-12-25T01:39:42.889+0000][51.004s][info][gc,heap     ] GC(53) Archive regions: 2->2
[2025-12-25T01:39:42.889+0000][51.005s][info][gc,heap     ] GC(53) Humongous regions: 31->31
[2025-12-25T01:39:42.889+0000][51.005s][info][gc,metaspace] GC(53) Metaspace: 96933K(98112K)->96933K(98112K) NonClass: 83864K(84416K)->83864K(84416K) Class: 13069K(13696K)->13069K(13696K)
[2025-12-25T01:39:42.889+0000][51.005s][info][gc          ] GC(53) Pause Young (Normal) (G1 Evacuation Pause) 327M->82M(416M) 18.144ms
[2025-12-25T01:39:42.890+0000][51.006s][info][gc,cpu      ] GC(53) User=0.01s Sys=0.01s Real=0.02s
[2025-12-25T01:39:43.277+0000][51.393s][info][gc,start    ] GC(54) Pause Young (Normal) (G1 Evacuation Pause)
[2025-12-25T01:39:43.280+0000][51.396s][info][gc,task     ] GC(54) Using 4 workers of 4 for evacuation
[2025-12-25T01:39:43.290+0000][51.405s][info][gc,phases   ] GC(54)   Pre Evacuate Collection Set: 0.4ms
[2025-12-25T01:39:43.290+0000][51.406s][info][gc,phases   ] GC(54)   Merge Heap Roots: 0.3ms
[2025-12-25T01:39:43.290+0000][51.406s][info][gc,phases   ] GC(54)   Evacuate Collection Set: 6.3ms
[2025-12-25T01:39:43.291+0000][51.407s][info][gc,phases   ] GC(54)   Post Evacuate Collection Set: 0.9ms
[2025-12-25T01:39:43.291+0000][51.407s][info][gc,phases   ] GC(54)   Other: 4.9ms
[2025-12-25T01:39:43.292+0000][51.407s][info][gc,heap     ] GC(54) Eden regions: 245->0(245)
[2025-12-25T01:39:43.292+0000][51.408s][info][gc,heap     ] GC(54) Survivor regions: 4->4(32)
[2025-12-25T01:39:43.292+0000][51.408s][info][gc,heap     ] GC(54) Old regions: 48->48
[2025-12-25T01:39:43.292+0000][51.408s][info][gc,heap     ] GC(54) Archive regions: 2->2
[2025-12-25T01:39:43.293+0000][51.409s][info][gc,heap     ] GC(54) Humongous regions: 31->31
[2025-12-25T01:39:43.294+0000][51.410s][info][gc,metaspace] GC(54) Metaspace: 96939K(98112K)->96939K(98112K) NonClass: 83869K(84416K)->83869K(84416K) Class: 13069K(13696K)->13069K(13696K)
[2025-12-25T01:39:43.294+0000][51.410s][info][gc          ] GC(54) Pause Young (Normal) (G1 Evacuation Pause) 327M->82M(416M) 17.134ms
[2025-12-25T01:39:43.294+0000][51.410s][info][gc,cpu      ] GC(54) User=0.01s Sys=0.00s Real=0.02s
[2025-12-25T01:39:43.791+0000][51.907s][info][gc,start    ] GC(55) Pause Young (Normal) (G1 Evacuation Pause)
[2025-12-25T01:39:43.791+0000][51.907s][info][gc,task     ] GC(55) Using 4 workers of 4 for evacuation
[2025-12-25T01:39:43.803+0000][51.918s][info][gc,phases   ] GC(55)   Pre Evacuate Collection Set: 0.2ms
[2025-12-25T01:39:43.804+0000][51.920s][info][gc,phases   ] GC(55)   Merge Heap Roots: 0.1ms
[2025-12-25T01:39:43.805+0000][51.920s][info][gc,phases   ] GC(55)   Evacuate Collection Set: 9.6ms
[2025-12-25T01:39:43.805+0000][51.921s][info][gc,phases   ] GC(55)   Post Evacuate Collection Set: 0.7ms
[2025-12-25T01:39:43.805+0000][51.921s][info][gc,phases   ] GC(55)   Other: 1.2ms
[2025-12-25T01:39:43.806+0000][51.922s][info][gc,heap     ] GC(55) Eden regions: 245->0(246)
[2025-12-25T01:39:43.808+0000][51.924s][info][gc,heap     ] GC(55) Survivor regions: 4->3(32)
[2025-12-25T01:39:43.808+0000][51.924s][info][gc,heap     ] GC(55) Old regions: 48->48
[2025-12-25T01:39:43.809+0000][51.925s][info][gc,heap     ] GC(55) Archive regions: 2->2
[2025-12-25T01:39:43.809+0000][51.925s][info][gc,heap     ] GC(55) Humongous regions: 31->31
[2025-12-25T01:39:43.810+0000][51.926s][info][gc,metaspace] GC(55) Metaspace: 96949K(98112K)->96949K(98112K) NonClass: 83879K(84416K)->83879K(84416K) Class: 13069K(13696K)->13069K(13696K)
[2025-12-25T01:39:43.810+0000][51.926s][info][gc          ] GC(55) Pause Young (Normal) (G1 Evacuation Pause) 327M->81M(416M) 19.709ms
[2025-12-25T01:39:43.811+0000][51.927s][info][gc,cpu      ] GC(55) User=0.01s Sys=0.00s Real=0.02s
[2025-12-25T01:39:44.285+0000][52.400s][info][gc,start    ] GC(56) Pause Young (Normal) (G1 Evacuation Pause)
[2025-12-25T01:39:44.286+0000][52.402s][info][gc,task     ] GC(56) Using 4 workers of 4 for evacuation
[2025-12-25T01:39:44.303+0000][52.419s][info][gc,phases   ] GC(56)   Pre Evacuate Collection Set: 0.1ms
[2025-12-25T01:39:44.307+0000][52.423s][info][gc,phases   ] GC(56)   Merge Heap Roots: 0.1ms
[2025-12-25T01:39:44.308+0000][52.424s][info][gc,phases   ] GC(56)   Evacuate Collection Set: 15.8ms
[2025-12-25T01:39:44.308+0000][52.424s][info][gc,phases   ] GC(56)   Post Evacuate Collection Set: 0.6ms
[2025-12-25T01:39:44.309+0000][52.424s][info][gc,phases   ] GC(56)   Other: 1.9ms
[2025-12-25T01:39:44.309+0000][52.425s][info][gc,heap     ] GC(56) Eden regions: 246->0(246)
[2025-12-25T01:39:44.309+0000][52.425s][info][gc,heap     ] GC(56) Survivor regions: 3->3(32)
[2025-12-25T01:39:44.309+0000][52.425s][info][gc,heap     ] GC(56) Old regions: 48->48
[2025-12-25T01:39:44.309+0000][52.425s][info][gc,heap     ] GC(56) Archive regions: 2->2
[2025-12-25T01:39:44.309+0000][52.425s][info][gc,heap     ] GC(56) Humongous regions: 31->31
[2025-12-25T01:39:44.309+0000][52.425s][info][gc,metaspace] GC(56) Metaspace: 96955K(98112K)->96955K(98112K) NonClass: 83883K(84416K)->83883K(84416K) Class: 13071K(13696K)->13071K(13696K)
[2025-12-25T01:39:44.313+0000][52.429s][info][gc          ] GC(56) Pause Young (Normal) (G1 Evacuation Pause) 327M->81M(416M) 28.098ms
[2025-12-25T01:39:44.313+0000][52.429s][info][gc,cpu      ] GC(56) User=0.03s Sys=0.01s Real=0.02s
[2025-12-25T01:39:44.819+0000][52.935s][info][gc,start    ] GC(57) Pause Young (Normal) (G1 Evacuation Pause)
[2025-12-25T01:39:44.823+0000][52.939s][info][gc,task     ] GC(57) Using 4 workers of 4 for evacuation
[2025-12-25T01:39:44.851+0000][52.966s][info][gc,phases   ] GC(57)   Pre Evacuate Collection Set: 0.2ms
[2025-12-25T01:39:44.851+0000][52.967s][info][gc,phases   ] GC(57)   Merge Heap Roots: 2.4ms
[2025-12-25T01:39:44.853+0000][52.968s][info][gc,phases   ] GC(57)   Evacuate Collection Set: 23.5ms
[2025-12-25T01:39:44.853+0000][52.969s][info][gc,phases   ] GC(57)   Post Evacuate Collection Set: 0.7ms
[2025-12-25T01:39:44.853+0000][52.969s][info][gc,phases   ] GC(57)   Other: 4.4ms
[2025-12-25T01:39:44.853+0000][52.969s][info][gc,heap     ] GC(57) Eden regions: 246->0(245)
[2025-12-25T01:39:44.853+0000][52.969s][info][gc,heap     ] GC(57) Survivor regions: 3->4(32)
[2025-12-25T01:39:44.853+0000][52.969s][info][gc,heap     ] GC(57) Old regions: 48->48
[2025-12-25T01:39:44.853+0000][52.969s][info][gc,heap     ] GC(57) Archive regions: 2->2
[2025-12-25T01:39:44.853+0000][52.969s][info][gc,heap     ] GC(57) Humongous regions: 31->31
[2025-12-25T01:39:44.853+0000][52.969s][info][gc,metaspace] GC(57) Metaspace: 96959K(98112K)->96959K(98112K) NonClass: 83887K(84416K)->83887K(84416K) Class: 13071K(13696K)->13071K(13696K)
[2025-12-25T01:39:44.853+0000][52.969s][info][gc          ] GC(57) Pause Young (Normal) (G1 Evacuation Pause) 327M->82M(416M) 33.929ms
[2025-12-25T01:39:44.854+0000][52.970s][info][gc,cpu      ] GC(57) User=0.01s Sys=0.00s Real=0.03s
[2025-12-25T01:39:45.307+0000][53.423s][info][gc,start    ] GC(58) Pause Young (Normal) (G1 Evacuation Pause)
[2025-12-25T01:39:45.307+0000][53.423s][info][gc,task     ] GC(58) Using 4 workers of 4 for evacuation
[2025-12-25T01:39:45.313+0000][53.429s][info][gc,phases   ] GC(58)   Pre Evacuate Collection Set: 0.2ms
[2025-12-25T01:39:45.313+0000][53.429s][info][gc,phases   ] GC(58)   Merge Heap Roots: 0.1ms
[2025-12-25T01:39:45.313+0000][53.429s][info][gc,phases   ] GC(58)   Evacuate Collection Set: 4.9ms
[2025-12-25T01:39:45.314+0000][53.429s][info][gc,phases   ] GC(58)   Post Evacuate Collection Set: 0.8ms
[2025-12-25T01:39:45.314+0000][53.430s][info][gc,phases   ] GC(58)   Other: 0.5ms
[2025-12-25T01:39:45.314+0000][53.430s][info][gc,heap     ] GC(58) Eden regions: 245->0(245)
[2025-12-25T01:39:45.314+0000][53.430s][info][gc,heap     ] GC(58) Survivor regions: 4->4(32)
[2025-12-25T01:39:45.314+0000][53.430s][info][gc,heap     ] GC(58) Old regions: 48->48
[2025-12-25T01:39:45.315+0000][53.430s][info][gc,heap     ] GC(58) Archive regions: 2->2
[2025-12-25T01:39:45.315+0000][53.431s][info][gc,heap     ] GC(58) Humongous regions: 31->31
[2025-12-25T01:39:45.315+0000][53.431s][info][gc,metaspace] GC(58) Metaspace: 97089K(98240K)->97089K(98240K) NonClass: 84017K(84544K)->84017K(84544K) Class: 13071K(13696K)->13071K(13696K)
[2025-12-25T01:39:45.315+0000][53.431s][info][gc          ] GC(58) Pause Young (Normal) (G1 Evacuation Pause) 327M->82M(416M) 8.450ms
[2025-12-25T01:39:45.315+0000][53.431s][info][gc,cpu      ] GC(58) User=0.01s Sys=0.00s Real=0.01s
[2025-12-25T01:39:47.625+0000][55.741s][info][gc,start    ] GC(59) Pause Young (Normal) (G1 Evacuation Pause)
[2025-12-25T01:39:47.626+0000][55.742s][info][gc,task     ] GC(59) Using 4 workers of 4 for evacuation
[2025-12-25T01:39:47.674+0000][55.790s][info][gc,phases   ] GC(59)   Pre Evacuate Collection Set: 2.6ms
[2025-12-25T01:39:47.674+0000][55.790s][info][gc,phases   ] GC(59)   Merge Heap Roots: 0.7ms
[2025-12-25T01:39:47.674+0000][55.790s][info][gc,phases   ] GC(59)   Evacuate Collection Set: 39.1ms
[2025-12-25T01:39:47.674+0000][55.790s][info][gc,phases   ] GC(59)   Post Evacuate Collection Set: 4.3ms
[2025-12-25T01:39:47.674+0000][55.790s][info][gc,phases   ] GC(59)   Other: 2.5ms
[2025-12-25T01:39:47.675+0000][55.790s][info][gc,heap     ] GC(59) Eden regions: 245->0(245)
[2025-12-25T01:39:47.675+0000][55.790s][info][gc,heap     ] GC(59) Survivor regions: 4->4(32)
[2025-12-25T01:39:47.675+0000][55.791s][info][gc,heap     ] GC(59) Old regions: 48->48
[2025-12-25T01:39:47.675+0000][55.791s][info][gc,heap     ] GC(59) Archive regions: 2->2
[2025-12-25T01:39:47.675+0000][55.791s][info][gc,heap     ] GC(59) Humongous regions: 31->31
[2025-12-25T01:39:47.675+0000][55.791s][info][gc,metaspace] GC(59) Metaspace: 97129K(98304K)->97129K(98304K) NonClass: 84057K(84608K)->84057K(84608K) Class: 13071K(13696K)->13071K(13696K)
[2025-12-25T01:39:47.675+0000][55.791s][info][gc          ] GC(59) Pause Young (Normal) (G1 Evacuation Pause) 327M->82M(416M) 50.469ms
[2025-12-25T01:39:47.676+0000][55.791s][info][gc,cpu      ] GC(59) User=0.05s Sys=0.00s Real=0.05s
[2025-12-25T01:39:48.461+0000][56.577s][info][gc,start    ] GC(60) Pause Young (Normal) (G1 Evacuation Pause)
[2025-12-25T01:39:48.461+0000][56.577s][info][gc,task     ] GC(60) Using 4 workers of 4 for evacuation
[2025-12-25T01:39:48.478+0000][56.594s][info][gc,phases   ] GC(60)   Pre Evacuate Collection Set: 0.7ms
[2025-12-25T01:39:48.479+0000][56.595s][info][gc,phases   ] GC(60)   Merge Heap Roots: 0.1ms
[2025-12-25T01:39:48.480+0000][56.596s][info][gc,phases   ] GC(60)   Evacuate Collection Set: 11.3ms
[2025-12-25T01:39:48.482+0000][56.598s][info][gc,phases   ] GC(60)   Post Evacuate Collection Set: 4.8ms
[2025-12-25T01:39:48.483+0000][56.598s][info][gc,phases   ] GC(60)   Other: 0.9ms
[2025-12-25T01:39:48.483+0000][56.599s][info][gc,heap     ] GC(60) Eden regions: 245->0(243)
[2025-12-25T01:39:48.483+0000][56.599s][info][gc,heap     ] GC(60) Survivor regions: 4->6(32)
[2025-12-25T01:39:48.484+0000][56.600s][info][gc,heap     ] GC(60) Old regions: 48->48
[2025-12-25T01:39:48.485+0000][56.600s][info][gc,heap     ] GC(60) Archive regions: 2->2
[2025-12-25T01:39:48.485+0000][56.601s][info][gc,heap     ] GC(60) Humongous regions: 31->31
[2025-12-25T01:39:48.486+0000][56.602s][info][gc,metaspace] GC(60) Metaspace: 97138K(98304K)->97138K(98304K) NonClass: 84066K(84608K)->84066K(84608K) Class: 13071K(13696K)->13071K(13696K)
[2025-12-25T01:39:48.487+0000][56.603s][info][gc          ] GC(60) Pause Young (Normal) (G1 Evacuation Pause) 327M->85M(416M) 26.203ms
[2025-12-25T01:39:48.488+0000][56.603s][info][gc,cpu      ] GC(60) User=0.01s Sys=0.00s Real=0.03s
[2025-12-25T01:39:49.171+0000][57.287s][info][gc,start    ] GC(61) Pause Young (Normal) (G1 Evacuation Pause)
[2025-12-25T01:39:49.171+0000][57.287s][info][gc,task     ] GC(61) Using 4 workers of 4 for evacuation
[2025-12-25T01:39:49.186+0000][57.302s][info][gc,phases   ] GC(61)   Pre Evacuate Collection Set: 0.4ms
[2025-12-25T01:39:49.187+0000][57.303s][info][gc,phases   ] GC(61)   Merge Heap Roots: 0.1ms
[2025-12-25T01:39:49.187+0000][57.303s][info][gc,phases   ] GC(61)   Evacuate Collection Set: 8.6ms
[2025-12-25T01:39:49.187+0000][57.303s][info][gc,phases   ] GC(61)   Post Evacuate Collection Set: 5.2ms
[2025-12-25T01:39:49.187+0000][57.303s][info][gc,phases   ] GC(61)   Other: 0.6ms
[2025-12-25T01:39:49.188+0000][57.303s][info][gc,heap     ] GC(61) Eden regions: 243->0(243)
[2025-12-25T01:39:49.188+0000][57.304s][info][gc,heap     ] GC(61) Survivor regions: 6->6(32)
[2025-12-25T01:39:49.188+0000][57.304s][info][gc,heap     ] GC(61) Old regions: 48->48
[2025-12-25T01:39:49.188+0000][57.304s][info][gc,heap     ] GC(61) Archive regions: 2->2
[2025-12-25T01:39:49.189+0000][57.304s][info][gc,heap     ] GC(61) Humongous regions: 31->31
[2025-12-25T01:39:49.189+0000][57.305s][info][gc,metaspace] GC(61) Metaspace: 97144K(98304K)->97144K(98304K) NonClass: 84071K(84608K)->84071K(84608K) Class: 13072K(13696K)->13072K(13696K)
[2025-12-25T01:39:49.189+0000][57.305s][info][gc          ] GC(61) Pause Young (Normal) (G1 Evacuation Pause) 328M->84M(416M) 17.759ms
[2025-12-25T01:39:49.189+0000][57.305s][info][gc,cpu      ] GC(61) User=0.01s Sys=0.00s Real=0.02s
[2025-12-25T01:39:49.463+0000][57.579s][info][gc,start    ] GC(62) Pause Young (Normal) (G1 Evacuation Pause)
[2025-12-25T01:39:49.463+0000][57.579s][info][gc,task     ] GC(62) Using 4 workers of 4 for evacuation
[2025-12-25T01:39:49.468+0000][57.583s][info][gc,phases   ] GC(62)   Pre Evacuate Collection Set: 0.1ms
[2025-12-25T01:39:49.468+0000][57.584s][info][gc,phases   ] GC(62)   Merge Heap Roots: 0.1ms
[2025-12-25T01:39:49.468+0000][57.584s][info][gc,phases   ] GC(62)   Evacuate Collection Set: 3.5ms
[2025-12-25T01:39:49.468+0000][57.584s][info][gc,phases   ] GC(62)   Post Evacuate Collection Set: 0.6ms
[2025-12-25T01:39:49.468+0000][57.584s][info][gc,phases   ] GC(62)   Other: 0.4ms
[2025-12-25T01:39:49.470+0000][57.586s][info][gc,heap     ] GC(62) Eden regions: 243->0(245)
[2025-12-25T01:39:49.471+0000][57.586s][info][gc,heap     ] GC(62) Survivor regions: 6->4(32)
[2025-12-25T01:39:49.471+0000][57.587s][info][gc,heap     ] GC(62) Old regions: 48->48
[2025-12-25T01:39:49.471+0000][57.587s][info][gc,heap     ] GC(62) Archive regions: 2->2
[2025-12-25T01:39:49.471+0000][57.587s][info][gc,heap     ] GC(62) Humongous regions: 31->31
[2025-12-25T01:39:49.472+0000][57.588s][info][gc,metaspace] GC(62) Metaspace: 97144K(98304K)->97144K(98304K) NonClass: 84071K(84608K)->84071K(84608K) Class: 13072K(13696K)->13072K(13696K)
[2025-12-25T01:39:49.472+0000][57.588s][info][gc          ] GC(62) Pause Young (Normal) (G1 Evacuation Pause) 327M->83M(416M) 9.030ms
[2025-12-25T01:39:49.472+0000][57.588s][info][gc,cpu      ] GC(62) User=0.01s Sys=0.00s Real=0.01s
[2025-12-25T01:39:49.980+0000][58.096s][info][gc,start    ] GC(63) Pause Young (Normal) (G1 Evacuation Pause)
[2025-12-25T01:39:49.980+0000][58.096s][info][gc,task     ] GC(63) Using 4 workers of 4 for evacuation
[2025-12-25T01:39:49.989+0000][58.105s][info][gc,phases   ] GC(63)   Pre Evacuate Collection Set: 0.3ms
[2025-12-25T01:39:49.990+0000][58.106s][info][gc,phases   ] GC(63)   Merge Heap Roots: 1.3ms
[2025-12-25T01:39:49.990+0000][58.106s][info][gc,phases   ] GC(63)   Evacuate Collection Set: 6.3ms
[2025-12-25T01:39:49.991+0000][58.106s][info][gc,phases   ] GC(63)   Post Evacuate Collection Set: 0.9ms
[2025-12-25T01:39:49.991+0000][58.107s][info][gc,phases   ] GC(63)   Other: 0.9ms
[2025-12-25T01:39:49.991+0000][58.107s][info][gc,heap     ] GC(63) Eden regions: 245->0(243)
[2025-12-25T01:39:49.991+0000][58.107s][info][gc,heap     ] GC(63) Survivor regions: 4->6(32)
[2025-12-25T01:39:49.991+0000][58.107s][info][gc,heap     ] GC(63) Old regions: 48->48
[2025-12-25T01:39:49.991+0000][58.107s][info][gc,heap     ] GC(63) Archive regions: 2->2
[2025-12-25T01:39:49.991+0000][58.107s][info][gc,heap     ] GC(63) Humongous regions: 31->31
[2025-12-25T01:39:49.991+0000][58.107s][info][gc,metaspace] GC(63) Metaspace: 97144K(98304K)->97144K(98304K) NonClass: 84071K(84608K)->84071K(84608K) Class: 13072K(13696K)->13072K(13696K)
[2025-12-25T01:39:49.992+0000][58.107s][info][gc          ] GC(63) Pause Young (Normal) (G1 Evacuation Pause) 328M->84M(416M) 11.683ms
[2025-12-25T01:39:49.992+0000][58.108s][info][gc,cpu      ] GC(63) User=0.03s Sys=0.01s Real=0.01s
[2025-12-25T01:39:50.602+0000][58.718s][info][gc,start    ] GC(64) Pause Young (Normal) (G1 Evacuation Pause)
[2025-12-25T01:39:50.611+0000][58.727s][info][gc,task     ] GC(64) Using 4 workers of 4 for evacuation
[2025-12-25T01:39:50.623+0000][58.739s][info][gc,phases   ] GC(64)   Pre Evacuate Collection Set: 0.2ms
[2025-12-25T01:39:50.623+0000][58.739s][info][gc,phases   ] GC(64)   Merge Heap Roots: 1.1ms
[2025-12-25T01:39:50.623+0000][58.739s][info][gc,phases   ] GC(64)   Evacuate Collection Set: 10.0ms
[2025-12-25T01:39:50.623+0000][58.739s][info][gc,phases   ] GC(64)   Post Evacuate Collection Set: 0.6ms
[2025-12-25T01:39:50.624+0000][58.739s][info][gc,phases   ] GC(64)   Other: 9.2ms
[2025-12-25T01:39:50.624+0000][58.740s][info][gc,heap     ] GC(64) Eden regions: 243->0(244)
[2025-12-25T01:39:50.624+0000][58.740s][info][gc,heap     ] GC(64) Survivor regions: 6->5(32)
[2025-12-25T01:39:50.624+0000][58.740s][info][gc,heap     ] GC(64) Old regions: 48->48
[2025-12-25T01:39:50.624+0000][58.740s][info][gc,heap     ] GC(64) Archive regions: 2->2
[2025-12-25T01:39:50.624+0000][58.740s][info][gc,heap     ] GC(64) Humongous regions: 31->31
[2025-12-25T01:39:50.624+0000][58.740s][info][gc,metaspace] GC(64) Metaspace: 97162K(98304K)->97162K(98304K) NonClass: 84089K(84608K)->84089K(84608K) Class: 13072K(13696K)->13072K(13696K)
[2025-12-25T01:39:50.624+0000][58.740s][info][gc          ] GC(64) Pause Young (Normal) (G1 Evacuation Pause) 327M->83M(416M) 22.461ms
[2025-12-25T01:39:50.626+0000][58.742s][info][gc,cpu      ] GC(64) User=0.01s Sys=0.00s Real=0.03s
[2025-12-25T01:39:51.066+0000][59.182s][info][gc,start    ] GC(65) Pause Young (Normal) (G1 Evacuation Pause)
[2025-12-25T01:39:51.066+0000][59.182s][info][gc,task     ] GC(65) Using 4 workers of 4 for evacuation
[2025-12-25T01:39:51.075+0000][59.190s][info][gc,phases   ] GC(65)   Pre Evacuate Collection Set: 0.7ms
[2025-12-25T01:39:51.075+0000][59.191s][info][gc,phases   ] GC(65)   Merge Heap Roots: 0.6ms
[2025-12-25T01:39:51.075+0000][59.191s][info][gc,phases   ] GC(65)   Evacuate Collection Set: 5.7ms
[2025-12-25T01:39:51.078+0000][59.194s][info][gc,phases   ] GC(65)   Post Evacuate Collection Set: 0.6ms
[2025-12-25T01:39:51.079+0000][59.194s][info][gc,phases   ] GC(65)   Other: 1.4ms
[2025-12-25T01:39:51.079+0000][59.195s][info][gc,heap     ] GC(65) Eden regions: 244->0(243)
[2025-12-25T01:39:51.079+0000][59.195s][info][gc,heap     ] GC(65) Survivor regions: 5->6(32)
[2025-12-25T01:39:51.079+0000][59.195s][info][gc,heap     ] GC(65) Old regions: 48->48
[2025-12-25T01:39:51.079+0000][59.195s][info][gc,heap     ] GC(65) Archive regions: 2->2
[2025-12-25T01:39:51.079+0000][59.195s][info][gc,heap     ] GC(65) Humongous regions: 31->31
[2025-12-25T01:39:51.079+0000][59.195s][info][gc,metaspace] GC(65) Metaspace: 97164K(98304K)->97164K(98304K) NonClass: 84091K(84608K)->84091K(84608K) Class: 13073K(13696K)->13073K(13696K)
[2025-12-25T01:39:51.080+0000][59.195s][info][gc          ] GC(65) Pause Young (Normal) (G1 Evacuation Pause) 327M->84M(416M) 13.931ms
[2025-12-25T01:39:51.080+0000][59.196s][info][gc,cpu      ] GC(65) User=0.01s Sys=0.00s Real=0.01s
[2025-12-25T01:39:51.511+0000][59.627s][info][gc,start    ] GC(66) Pause Young (Normal) (G1 Evacuation Pause)
[2025-12-25T01:39:51.514+0000][59.630s][info][gc,task     ] GC(66) Using 4 workers of 4 for evacuation
[2025-12-25T01:39:51.531+0000][59.647s][info][gc,phases   ] GC(66)   Pre Evacuate Collection Set: 2.4ms
[2025-12-25T01:39:51.532+0000][59.648s][info][gc,phases   ] GC(66)   Merge Heap Roots: 1.4ms
[2025-12-25T01:39:51.533+0000][59.649s][info][gc,phases   ] GC(66)   Evacuate Collection Set: 8.5ms
[2025-12-25T01:39:51.533+0000][59.649s][info][gc,phases   ] GC(66)   Post Evacuate Collection Set: 3.3ms
[2025-12-25T01:39:51.534+0000][59.650s][info][gc,phases   ] GC(66)   Other: 4.7ms
[2025-12-25T01:39:51.534+0000][59.650s][info][gc,heap     ] GC(66) Eden regions: 243->0(243)
[2025-12-25T01:39:51.535+0000][59.651s][info][gc,heap     ] GC(66) Survivor regions: 6->6(32)
[2025-12-25T01:39:51.536+0000][59.652s][info][gc,heap     ] GC(66) Old regions: 48->48
[2025-12-25T01:39:51.537+0000][59.653s][info][gc,heap     ] GC(66) Archive regions: 2->2
[2025-12-25T01:39:51.537+0000][59.653s][info][gc,heap     ] GC(66) Humongous regions: 31->31
[2025-12-25T01:39:51.538+0000][59.653s][info][gc,metaspace] GC(66) Metaspace: 97166K(98304K)->97166K(98304K) NonClass: 84092K(84608K)->84092K(84608K) Class: 13073K(13696K)->13073K(13696K)
[2025-12-25T01:39:51.538+0000][59.654s][info][gc          ] GC(66) Pause Young (Normal) (G1 Evacuation Pause) 327M->84M(416M) 26.622ms
[2025-12-25T01:39:51.538+0000][59.654s][info][gc,cpu      ] GC(66) User=0.01s Sys=0.00s Real=0.03s
[2025-12-25T01:39:52.052+0000][60.167s][info][gc,start    ] GC(67) Pause Young (Normal) (G1 Evacuation Pause)
[2025-12-25T01:39:52.053+0000][60.169s][info][gc,task     ] GC(67) Using 4 workers of 4 for evacuation
[2025-12-25T01:39:52.065+0000][60.181s][info][gc,phases   ] GC(67)   Pre Evacuate Collection Set: 0.3ms
[2025-12-25T01:39:52.066+0000][60.181s][info][gc,phases   ] GC(67)   Merge Heap Roots: 0.2ms
[2025-12-25T01:39:52.066+0000][60.182s][info][gc,phases   ] GC(67)   Evacuate Collection Set: 10.0ms
[2025-12-25T01:39:52.066+0000][60.182s][info][gc,phases   ] GC(67)   Post Evacuate Collection Set: 0.6ms
[2025-12-25T01:39:52.066+0000][60.182s][info][gc,phases   ] GC(67)   Other: 2.5ms
[2025-12-25T01:39:52.067+0000][60.183s][info][gc,heap     ] GC(67) Eden regions: 243->0(243)
[2025-12-25T01:39:52.067+0000][60.183s][info][gc,heap     ] GC(67) Survivor regions: 6->6(32)
[2025-12-25T01:39:52.067+0000][60.183s][info][gc,heap     ] GC(67) Old regions: 48->48
[2025-12-25T01:39:52.067+0000][60.183s][info][gc,heap     ] GC(67) Archive regions: 2->2
[2025-12-25T01:39:52.067+0000][60.183s][info][gc,heap     ] GC(67) Humongous regions: 31->31
[2025-12-25T01:39:52.067+0000][60.183s][info][gc,metaspace] GC(67) Metaspace: 97194K(98304K)->97194K(98304K) NonClass: 84119K(84608K)->84119K(84608K) Class: 13074K(13696K)->13074K(13696K)
[2025-12-25T01:39:52.067+0000][60.183s][info][gc          ] GC(67) Pause Young (Normal) (G1 Evacuation Pause) 327M->84M(416M) 15.643ms
[2025-12-25T01:39:52.067+0000][60.183s][info][gc,cpu      ] GC(67) User=0.01s Sys=0.00s Real=0.02s
[2025-12-25T01:39:52.486+0000][60.602s][info][gc,start    ] GC(68) Pause Young (Normal) (G1 Evacuation Pause)
[2025-12-25T01:39:52.486+0000][60.602s][info][gc,task     ] GC(68) Using 4 workers of 4 for evacuation
[2025-12-25T01:39:52.493+0000][60.609s][info][gc,phases   ] GC(68)   Pre Evacuate Collection Set: 0.2ms
[2025-12-25T01:39:52.494+0000][60.609s][info][gc,phases   ] GC(68)   Merge Heap Roots: 0.1ms
[2025-12-25T01:39:52.494+0000][60.610s][info][gc,phases   ] GC(68)   Evacuate Collection Set: 5.6ms
[2025-12-25T01:39:52.494+0000][60.610s][info][gc,phases   ] GC(68)   Post Evacuate Collection Set: 0.8ms
[2025-12-25T01:39:52.495+0000][60.610s][info][gc,phases   ] GC(68)   Other: 0.5ms
[2025-12-25T01:39:52.495+0000][60.611s][info][gc,heap     ] GC(68) Eden regions: 243->0(244)
[2025-12-25T01:39:52.495+0000][60.611s][info][gc,heap     ] GC(68) Survivor regions: 6->5(32)
[2025-12-25T01:39:52.495+0000][60.611s][info][gc,heap     ] GC(68) Old regions: 48->48
[2025-12-25T01:39:52.495+0000][60.611s][info][gc,heap     ] GC(68) Archive regions: 2->2
[2025-12-25T01:39:52.496+0000][60.611s][info][gc,heap     ] GC(68) Humongous regions: 31->31
[2025-12-25T01:39:52.496+0000][60.612s][info][gc,metaspace] GC(68) Metaspace: 97443K(98560K)->97443K(98560K) NonClass: 84325K(84800K)->84325K(84800K) Class: 13117K(13760K)->13117K(13760K)
[2025-12-25T01:39:52.496+0000][60.612s][info][gc          ] GC(68) Pause Young (Normal) (G1 Evacuation Pause) 327M->84M(416M) 10.111ms
[2025-12-25T01:39:52.496+0000][60.612s][info][gc,cpu      ] GC(68) User=0.01s Sys=0.00s Real=0.01s
[2025-12-25T01:39:52.844+0000][60.960s][info][gc,start    ] GC(69) Pause Young (Normal) (G1 Evacuation Pause)
[2025-12-25T01:39:52.844+0000][60.960s][info][gc,task     ] GC(69) Using 4 workers of 4 for evacuation
[2025-12-25T01:39:52.858+0000][60.974s][info][gc,phases   ] GC(69)   Pre Evacuate Collection Set: 0.7ms
[2025-12-25T01:39:52.858+0000][60.974s][info][gc,phases   ] GC(69)   Merge Heap Roots: 0.1ms
[2025-12-25T01:39:52.859+0000][60.975s][info][gc,phases   ] GC(69)   Evacuate Collection Set: 11.7ms
[2025-12-25T01:39:52.859+0000][60.975s][info][gc,phases   ] GC(69)   Post Evacuate Collection Set: 0.9ms
[2025-12-25T01:39:52.859+0000][60.975s][info][gc,phases   ] GC(69)   Other: 1.1ms
[2025-12-25T01:39:52.859+0000][60.975s][info][gc,heap     ] GC(69) Eden regions: 244->0(243)
[2025-12-25T01:39:52.860+0000][60.975s][info][gc,heap     ] GC(69) Survivor regions: 5->6(32)
[2025-12-25T01:39:52.860+0000][60.976s][info][gc,heap     ] GC(69) Old regions: 48->48
[2025-12-25T01:39:52.860+0000][60.976s][info][gc,heap     ] GC(69) Archive regions: 2->2
[2025-12-25T01:39:52.860+0000][60.976s][info][gc,heap     ] GC(69) Humongous regions: 31->31
[2025-12-25T01:39:52.860+0000][60.976s][info][gc,metaspace] GC(69) Metaspace: 97452K(98624K)->97452K(98624K) NonClass: 84334K(84864K)->84334K(84864K) Class: 13118K(13760K)->13118K(13760K)
[2025-12-25T01:39:52.861+0000][60.977s][info][gc          ] GC(69) Pause Young (Normal) (G1 Evacuation Pause) 328M->84M(416M) 16.753ms
[2025-12-25T01:39:52.862+0000][60.978s][info][gc,cpu      ] GC(69) User=0.02s Sys=0.00s Real=0.02s
[2025-12-25T01:39:53.401+0000][61.517s][info][gc,start    ] GC(70) Pause Young (Normal) (G1 Evacuation Pause)
[2025-12-25T01:39:53.401+0000][61.517s][info][gc,task     ] GC(70) Using 4 workers of 4 for evacuation
[2025-12-25T01:39:53.404+0000][61.520s][info][gc,phases   ] GC(70)   Pre Evacuate Collection Set: 0.2ms
[2025-12-25T01:39:53.405+0000][61.520s][info][gc,phases   ] GC(70)   Merge Heap Roots: 0.1ms
[2025-12-25T01:39:53.405+0000][61.521s][info][gc,phases   ] GC(70)   Evacuate Collection Set: 1.7ms
[2025-12-25T01:39:53.405+0000][61.521s][info][gc,phases   ] GC(70)   Post Evacuate Collection Set: 0.7ms
[2025-12-25T01:39:53.405+0000][61.521s][info][gc,phases   ] GC(70)   Other: 0.5ms
[2025-12-25T01:39:53.405+0000][61.521s][info][gc,heap     ] GC(70) Eden regions: 243->0(244)
[2025-12-25T01:39:53.405+0000][61.521s][info][gc,heap     ] GC(70) Survivor regions: 6->5(32)
[2025-12-25T01:39:53.405+0000][61.521s][info][gc,heap     ] GC(70) Old regions: 48->48
[2025-12-25T01:39:53.405+0000][61.521s][info][gc,heap     ] GC(70) Archive regions: 2->2
[2025-12-25T01:39:53.405+0000][61.521s][info][gc,heap     ] GC(70) Humongous regions: 31->31
[2025-12-25T01:39:53.405+0000][61.521s][info][gc,metaspace] GC(70) Metaspace: 97459K(98624K)->97459K(98624K) NonClass: 84339K(84864K)->84339K(84864K) Class: 13119K(13760K)->13119K(13760K)
[2025-12-25T01:39:53.406+0000][61.521s][info][gc          ] GC(70) Pause Young (Normal) (G1 Evacuation Pause) 327M->84M(416M) 4.306ms
[2025-12-25T01:39:53.406+0000][61.522s][info][gc,cpu      ] GC(70) User=0.01s Sys=0.00s Real=0.01s
[2025-12-25T01:39:55.740+0000][63.856s][info][gc,start    ] GC(71) Pause Young (Normal) (G1 Evacuation Pause)
[2025-12-25T01:39:55.741+0000][63.856s][info][gc,task     ] GC(71) Using 4 workers of 4 for evacuation
[2025-12-25T01:39:55.745+0000][63.861s][info][gc,phases   ] GC(71)   Pre Evacuate Collection Set: 0.2ms
[2025-12-25T01:39:55.746+0000][63.861s][info][gc,phases   ] GC(71)   Merge Heap Roots: 0.1ms
[2025-12-25T01:39:55.746+0000][63.862s][info][gc,phases   ] GC(71)   Evacuate Collection Set: 3.3ms
[2025-12-25T01:39:55.746+0000][63.862s][info][gc,phases   ] GC(71)   Post Evacuate Collection Set: 0.9ms
[2025-12-25T01:39:55.746+0000][63.862s][info][gc,phases   ] GC(71)   Other: 0.8ms
[2025-12-25T01:39:55.746+0000][63.862s][info][gc,heap     ] GC(71) Eden regions: 244->0(244)
[2025-12-25T01:39:55.746+0000][63.862s][info][gc,heap     ] GC(71) Survivor regions: 5->5(32)
[2025-12-25T01:39:55.746+0000][63.862s][info][gc,heap     ] GC(71) Old regions: 48->48
[2025-12-25T01:39:55.746+0000][63.862s][info][gc,heap     ] GC(71) Archive regions: 2->2
[2025-12-25T01:39:55.746+0000][63.862s][info][gc,heap     ] GC(71) Humongous regions: 36->34
[2025-12-25T01:39:55.746+0000][63.862s][info][gc,metaspace] GC(71) Metaspace: 97464K(98688K)->97464K(98688K) NonClass: 84345K(84928K)->84345K(84928K) Class: 13119K(13760K)->13119K(13760K)
[2025-12-25T01:39:55.747+0000][63.862s][info][gc          ] GC(71) Pause Young (Normal) (G1 Evacuation Pause) 333M->86M(416M) 6.405ms
[2025-12-25T01:39:55.747+0000][63.863s][info][gc,cpu      ] GC(71) User=0.01s Sys=0.00s Real=0.01s
[2025-12-25T01:39:58.348+0000][66.464s][info][gc,start    ] GC(72) Pause Young (Normal) (G1 Evacuation Pause)
[2025-12-25T01:39:58.349+0000][66.465s][info][gc,task     ] GC(72) Using 4 workers of 4 for evacuation
[2025-12-25T01:39:58.354+0000][66.470s][info][gc,phases   ] GC(72)   Pre Evacuate Collection Set: 0.2ms
[2025-12-25T01:39:58.355+0000][66.471s][info][gc,phases   ] GC(72)   Merge Heap Roots: 0.2ms
[2025-12-25T01:39:58.355+0000][66.471s][info][gc,phases   ] GC(72)   Evacuate Collection Set: 3.0ms
[2025-12-25T01:39:58.355+0000][66.471s][info][gc,phases   ] GC(72)   Post Evacuate Collection Set: 1.6ms
[2025-12-25T01:39:58.355+0000][66.471s][info][gc,phases   ] GC(72)   Other: 1.6ms
[2025-12-25T01:39:58.355+0000][66.471s][info][gc,heap     ] GC(72) Eden regions: 244->0(245)
[2025-12-25T01:39:58.355+0000][66.471s][info][gc,heap     ] GC(72) Survivor regions: 5->4(32)
[2025-12-25T01:39:58.356+0000][66.471s][info][gc,heap     ] GC(72) Old regions: 48->48
[2025-12-25T01:39:58.356+0000][66.472s][info][gc,heap     ] GC(72) Archive regions: 2->2
[2025-12-25T01:39:58.356+0000][66.472s][info][gc,heap     ] GC(72) Humongous regions: 39->36
[2025-12-25T01:39:58.356+0000][66.472s][info][gc,metaspace] GC(72) Metaspace: 97600K(98816K)->97600K(98816K) NonClass: 84480K(85056K)->84480K(85056K) Class: 13119K(13760K)->13119K(13760K)
[2025-12-25T01:39:58.356+0000][66.472s][info][gc          ] GC(72) Pause Young (Normal) (G1 Evacuation Pause) 335M->88M(416M) 8.207ms
[2025-12-25T01:39:58.356+0000][66.472s][info][gc,cpu      ] GC(72) User=0.02s Sys=0.00s Real=0.01s
[2025-12-25T01:40:01.701+0000][69.817s][info][gc,start    ] GC(73) Pause Young (Normal) (G1 Evacuation Pause)
[2025-12-25T01:40:01.702+0000][69.818s][info][gc,task     ] GC(73) Using 4 workers of 4 for evacuation
[2025-12-25T01:40:01.712+0000][69.828s][info][gc,phases   ] GC(73)   Pre Evacuate Collection Set: 0.3ms
[2025-12-25T01:40:01.713+0000][69.829s][info][gc,phases   ] GC(73)   Merge Heap Roots: 0.2ms
[2025-12-25T01:40:01.713+0000][69.829s][info][gc,phases   ] GC(73)   Evacuate Collection Set: 6.2ms
[2025-12-25T01:40:01.713+0000][69.829s][info][gc,phases   ] GC(73)   Post Evacuate Collection Set: 3.0ms
[2025-12-25T01:40:01.713+0000][69.829s][info][gc,phases   ] GC(73)   Other: 1.6ms
[2025-12-25T01:40:01.713+0000][69.829s][info][gc,heap     ] GC(73) Eden regions: 245->0(244)
[2025-12-25T01:40:01.714+0000][69.829s][info][gc,heap     ] GC(73) Survivor regions: 4->5(32)
[2025-12-25T01:40:01.714+0000][69.829s][info][gc,heap     ] GC(73) Old regions: 48->48
[2025-12-25T01:40:01.714+0000][69.830s][info][gc,heap     ] GC(73) Archive regions: 2->2
[2025-12-25T01:40:01.714+0000][69.830s][info][gc,heap     ] GC(73) Humongous regions: 36->36
[2025-12-25T01:40:01.714+0000][69.830s][info][gc,metaspace] GC(73) Metaspace: 97629K(98816K)->97629K(98816K) NonClass: 84509K(85056K)->84509K(85056K) Class: 13119K(13760K)->13119K(13760K)
[2025-12-25T01:40:01.714+0000][69.830s][info][gc          ] GC(73) Pause Young (Normal) (G1 Evacuation Pause) 333M->88M(416M) 12.856ms
[2025-12-25T01:40:01.715+0000][69.830s][info][gc,cpu      ] GC(73) User=0.03s Sys=0.00s Real=0.02s
[2025-12-25T01:40:05.037+0000][73.153s][info][gc,start    ] GC(74) Pause Young (Normal) (G1 Evacuation Pause)
[2025-12-25T01:40:05.037+0000][73.153s][info][gc,task     ] GC(74) Using 4 workers of 4 for evacuation
[2025-12-25T01:40:05.041+0000][73.157s][info][gc,phases   ] GC(74)   Pre Evacuate Collection Set: 0.1ms
[2025-12-25T01:40:05.041+0000][73.157s][info][gc,phases   ] GC(74)   Merge Heap Roots: 0.1ms
[2025-12-25T01:40:05.041+0000][73.157s][info][gc,phases   ] GC(74)   Evacuate Collection Set: 2.5ms
[2025-12-25T01:40:05.041+0000][73.157s][info][gc,phases   ] GC(74)   Post Evacuate Collection Set: 0.6ms
[2025-12-25T01:40:05.042+0000][73.157s][info][gc,phases   ] GC(74)   Other: 1.0ms
[2025-12-25T01:40:05.042+0000][73.157s][info][gc,heap     ] GC(74) Eden regions: 244->0(245)
[2025-12-25T01:40:05.042+0000][73.158s][info][gc,heap     ] GC(74) Survivor regions: 5->4(32)
[2025-12-25T01:40:05.042+0000][73.158s][info][gc,heap     ] GC(74) Old regions: 48->48
[2025-12-25T01:40:05.042+0000][73.158s][info][gc,heap     ] GC(74) Archive regions: 2->2
[2025-12-25T01:40:05.042+0000][73.158s][info][gc,heap     ] GC(74) Humongous regions: 36->36
[2025-12-25T01:40:05.042+0000][73.158s][info][gc,metaspace] GC(74) Metaspace: 97654K(98880K)->97654K(98880K) NonClass: 84534K(85120K)->84534K(85120K) Class: 13119K(13760K)->13119K(13760K)
[2025-12-25T01:40:05.042+0000][73.158s][info][gc          ] GC(74) Pause Young (Normal) (G1 Evacuation Pause) 332M->88M(416M) 5.301ms
[2025-12-25T01:40:05.042+0000][73.158s][info][gc,cpu      ] GC(74) User=0.01s Sys=0.00s Real=0.00s
[2025-12-25T01:40:08.420+0000][76.536s][info][gc,start    ] GC(75) Pause Young (Normal) (G1 Evacuation Pause)
[2025-12-25T01:40:08.420+0000][76.536s][info][gc,task     ] GC(75) Using 4 workers of 4 for evacuation
[2025-12-25T01:40:08.427+0000][76.543s][info][gc,phases   ] GC(75)   Pre Evacuate Collection Set: 0.2ms
[2025-12-25T01:40:08.427+0000][76.543s][info][gc,phases   ] GC(75)   Merge Heap Roots: 0.2ms
[2025-12-25T01:40:08.428+0000][76.543s][info][gc,phases   ] GC(75)   Evacuate Collection Set: 5.4ms
[2025-12-25T01:40:08.428+0000][76.544s][info][gc,phases   ] GC(75)   Post Evacuate Collection Set: 0.9ms
[2025-12-25T01:40:08.428+0000][76.544s][info][gc,phases   ] GC(75)   Other: 1.1ms
[2025-12-25T01:40:08.428+0000][76.544s][info][gc,heap     ] GC(75) Eden regions: 245->0(246)
[2025-12-25T01:40:08.428+0000][76.544s][info][gc,heap     ] GC(75) Survivor regions: 4->3(32)
[2025-12-25T01:40:08.428+0000][76.544s][info][gc,heap     ] GC(75) Old regions: 48->50
[2025-12-25T01:40:08.428+0000][76.544s][info][gc,heap     ] GC(75) Archive regions: 2->2
[2025-12-25T01:40:08.428+0000][76.544s][info][gc,heap     ] GC(75) Humongous regions: 36->36
[2025-12-25T01:40:08.428+0000][76.544s][info][gc,metaspace] GC(75) Metaspace: 97676K(98880K)->97676K(98880K) NonClass: 84556K(85120K)->84556K(85120K) Class: 13119K(13760K)->13119K(13760K)
[2025-12-25T01:40:08.428+0000][76.544s][info][gc          ] GC(75) Pause Young (Normal) (G1 Evacuation Pause) 333M->88M(416M) 8.377ms
[2025-12-25T01:40:08.429+0000][76.544s][info][gc,cpu      ] GC(75) User=0.02s Sys=0.00s Real=0.01s
[2025-12-25T01:40:10.747+0000][78.863s][info][gc,start    ] GC(76) Pause Young (Normal) (G1 Evacuation Pause)
[2025-12-25T01:40:10.748+0000][78.864s][info][gc,task     ] GC(76) Using 4 workers of 4 for evacuation
[2025-12-25T01:40:10.752+0000][78.868s][info][gc,phases   ] GC(76)   Pre Evacuate Collection Set: 0.2ms
[2025-12-25T01:40:10.752+0000][78.868s][info][gc,phases   ] GC(76)   Merge Heap Roots: 0.2ms
[2025-12-25T01:40:10.752+0000][78.868s][info][gc,phases   ] GC(76)   Evacuate Collection Set: 2.7ms
[2025-12-25T01:40:10.752+0000][78.868s][info][gc,phases   ] GC(76)   Post Evacuate Collection Set: 0.6ms
[2025-12-25T01:40:10.752+0000][78.868s][info][gc,phases   ] GC(76)   Other: 0.8ms
[2025-12-25T01:40:10.752+0000][78.868s][info][gc,heap     ] GC(76) Eden regions: 246->0(246)
[2025-12-25T01:40:10.752+0000][78.868s][info][gc,heap     ] GC(76) Survivor regions: 3->3(32)
[2025-12-25T01:40:10.753+0000][78.868s][info][gc,heap     ] GC(76) Old regions: 50->50
[2025-12-25T01:40:10.753+0000][78.868s][info][gc,heap     ] GC(76) Archive regions: 2->2
[2025-12-25T01:40:10.753+0000][78.869s][info][gc,heap     ] GC(76) Humongous regions: 39->37
[2025-12-25T01:40:10.753+0000][78.869s][info][gc,metaspace] GC(76) Metaspace: 97686K(98880K)->97686K(98880K) NonClass: 84567K(85120K)->84567K(85120K) Class: 13119K(13760K)->13119K(13760K)
[2025-12-25T01:40:10.753+0000][78.869s][info][gc          ] GC(76) Pause Young (Normal) (G1 Evacuation Pause) 337M->89M(416M) 5.545ms
[2025-12-25T01:40:10.753+0000][78.869s][info][gc,cpu      ] GC(76) User=0.02s Sys=0.00s Real=0.00s
[2025-12-25T01:40:13.518+0000][81.634s][info][gc,start    ] GC(77) Pause Young (Normal) (G1 Evacuation Pause)
[2025-12-25T01:40:13.519+0000][81.634s][info][gc,task     ] GC(77) Using 4 workers of 4 for evacuation
[2025-12-25T01:40:13.521+0000][81.637s][info][gc,phases   ] GC(77)   Pre Evacuate Collection Set: 0.1ms
[2025-12-25T01:40:13.521+0000][81.637s][info][gc,phases   ] GC(77)   Merge Heap Roots: 0.1ms
[2025-12-25T01:40:13.521+0000][81.637s][info][gc,phases   ] GC(77)   Evacuate Collection Set: 1.8ms
[2025-12-25T01:40:13.521+0000][81.637s][info][gc,phases   ] GC(77)   Post Evacuate Collection Set: 0.5ms
[2025-12-25T01:40:13.521+0000][81.637s][info][gc,phases   ] GC(77)   Other: 0.5ms
[2025-12-25T01:40:13.522+0000][81.637s][info][gc,heap     ] GC(77) Eden regions: 246->0(247)
[2025-12-25T01:40:13.522+0000][81.637s][info][gc,heap     ] GC(77) Survivor regions: 3->2(32)
[2025-12-25T01:40:13.522+0000][81.638s][info][gc,heap     ] GC(77) Old regions: 50->50
[2025-12-25T01:40:13.522+0000][81.638s][info][gc,heap     ] GC(77) Archive regions: 2->2
[2025-12-25T01:40:13.522+0000][81.638s][info][gc,heap     ] GC(77) Humongous regions: 42->39
[2025-12-25T01:40:13.522+0000][81.638s][info][gc,metaspace] GC(77) Metaspace: 97715K(98944K)->97715K(98944K) NonClass: 84596K(85184K)->84596K(85184K) Class: 13119K(13760K)->13119K(13760K)
[2025-12-25T01:40:13.522+0000][81.638s][info][gc          ] GC(77) Pause Young (Normal) (G1 Evacuation Pause) 340M->91M(416M) 3.618ms
[2025-12-25T01:40:13.522+0000][81.638s][info][gc,cpu      ] GC(77) User=0.00s Sys=0.00s Real=0.00s
[2025-12-25T01:40:16.852+0000][84.968s][info][gc,start    ] GC(78) Pause Young (Normal) (G1 Evacuation Pause)
[2025-12-25T01:40:16.853+0000][84.968s][info][gc,task     ] GC(78) Using 4 workers of 4 for evacuation
[2025-12-25T01:40:16.863+0000][84.979s][info][gc,phases   ] GC(78)   Pre Evacuate Collection Set: 0.3ms
[2025-12-25T01:40:16.863+0000][84.979s][info][gc,phases   ] GC(78)   Merge Heap Roots: 0.2ms
[2025-12-25T01:40:16.864+0000][84.979s][info][gc,phases   ] GC(78)   Evacuate Collection Set: 7.4ms
[2025-12-25T01:40:16.864+0000][84.980s][info][gc,phases   ] GC(78)   Post Evacuate Collection Set: 2.4ms
[2025-12-25T01:40:16.864+0000][84.980s][info][gc,phases   ] GC(78)   Other: 1.6ms
[2025-12-25T01:40:16.864+0000][84.980s][info][gc,heap     ] GC(78) Eden regions: 247->0(246)
[2025-12-25T01:40:16.864+0000][84.980s][info][gc,heap     ] GC(78) Survivor regions: 2->3(32)
[2025-12-25T01:40:16.864+0000][84.980s][info][gc,heap     ] GC(78) Old regions: 50->50
[2025-12-25T01:40:16.864+0000][84.980s][info][gc,heap     ] GC(78) Archive regions: 2->2
[2025-12-25T01:40:16.865+0000][84.980s][info][gc,heap     ] GC(78) Humongous regions: 39->39
[2025-12-25T01:40:16.865+0000][84.980s][info][gc,metaspace] GC(78) Metaspace: 97767K(99008K)->97767K(99008K) NonClass: 84647K(85248K)->84647K(85248K) Class: 13119K(13760K)->13119K(13760K)
[2025-12-25T01:40:16.865+0000][84.981s][info][gc          ] GC(78) Pause Young (Normal) (G1 Evacuation Pause) 338M->91M(416M) 12.831ms
[2025-12-25T01:40:16.865+0000][84.981s][info][gc,cpu      ] GC(78) User=0.04s Sys=0.00s Real=0.02s
[2025-12-25T01:40:20.551+0000][88.666s][info][gc,start    ] GC(79) Pause Young (Normal) (G1 Evacuation Pause)
[2025-12-25T01:40:20.551+0000][88.667s][info][gc,task     ] GC(79) Using 4 workers of 4 for evacuation
[2025-12-25T01:40:20.563+0000][88.678s][info][gc,phases   ] GC(79)   Pre Evacuate Collection Set: 0.3ms
[2025-12-25T01:40:20.563+0000][88.678s][info][gc,phases   ] GC(79)   Merge Heap Roots: 0.1ms
[2025-12-25T01:40:20.563+0000][88.679s][info][gc,phases   ] GC(79)   Evacuate Collection Set: 9.8ms
[2025-12-25T01:40:20.563+0000][88.679s][info][gc,phases   ] GC(79)   Post Evacuate Collection Set: 1.1ms
[2025-12-25T01:40:20.563+0000][88.679s][info][gc,phases   ] GC(79)   Other: 1.1ms
[2025-12-25T01:40:20.563+0000][88.679s][info][gc,heap     ] GC(79) Eden regions: 246->0(246)
[2025-12-25T01:40:20.563+0000][88.679s][info][gc,heap     ] GC(79) Survivor regions: 3->3(32)
[2025-12-25T01:40:20.563+0000][88.679s][info][gc,heap     ] GC(79) Old regions: 50->50
[2025-12-25T01:40:20.563+0000][88.679s][info][gc,heap     ] GC(79) Archive regions: 2->2
[2025-12-25T01:40:20.563+0000][88.679s][info][gc,heap     ] GC(79) Humongous regions: 39->39
[2025-12-25T01:40:20.563+0000][88.679s][info][gc,metaspace] GC(79) Metaspace: 97768K(99008K)->97768K(99008K) NonClass: 84648K(85248K)->84648K(85248K) Class: 13119K(13760K)->13119K(13760K)
[2025-12-25T01:40:20.563+0000][88.679s][info][gc          ] GC(79) Pause Young (Normal) (G1 Evacuation Pause) 337M->91M(416M) 12.767ms
[2025-12-25T01:40:20.564+0000][88.679s][info][gc,cpu      ] GC(79) User=0.04s Sys=0.00s Real=0.01s
[2025-12-25T01:40:24.319+0000][92.434s][info][gc,start    ] GC(80) Pause Young (Normal) (G1 Evacuation Pause)
[2025-12-25T01:40:24.319+0000][92.435s][info][gc,task     ] GC(80) Using 4 workers of 4 for evacuation
[2025-12-25T01:40:24.324+0000][92.440s][info][gc,phases   ] GC(80)   Pre Evacuate Collection Set: 0.3ms
[2025-12-25T01:40:24.324+0000][92.440s][info][gc,phases   ] GC(80)   Merge Heap Roots: 0.1ms
[2025-12-25T01:40:24.324+0000][92.440s][info][gc,phases   ] GC(80)   Evacuate Collection Set: 3.3ms
[2025-12-25T01:40:24.324+0000][92.440s][info][gc,phases   ] GC(80)   Post Evacuate Collection Set: 0.6ms
[2025-12-25T01:40:24.324+0000][92.440s][info][gc,phases   ] GC(80)   Other: 1.1ms
[2025-12-25T01:40:24.324+0000][92.440s][info][gc,heap     ] GC(80) Eden regions: 246->0(247)
[2025-12-25T01:40:24.325+0000][92.440s][info][gc,heap     ] GC(80) Survivor regions: 3->2(32)
[2025-12-25T01:40:24.325+0000][92.440s][info][gc,heap     ] GC(80) Old regions: 50->50
[2025-12-25T01:40:24.325+0000][92.441s][info][gc,heap     ] GC(80) Archive regions: 2->2
[2025-12-25T01:40:24.325+0000][92.441s][info][gc,heap     ] GC(80) Humongous regions: 39->39
[2025-12-25T01:40:24.325+0000][92.441s][info][gc,metaspace] GC(80) Metaspace: 97782K(99008K)->97782K(99008K) NonClass: 84663K(85248K)->84663K(85248K) Class: 13119K(13760K)->13119K(13760K)
[2025-12-25T01:40:24.325+0000][92.441s][info][gc          ] GC(80) Pause Young (Normal) (G1 Evacuation Pause) 337M->91M(416M) 6.549ms
[2025-12-25T01:40:24.325+0000][92.441s][info][gc,cpu      ] GC(80) User=0.01s Sys=0.00s Real=0.01s
[2025-12-25T01:40:26.217+0000][94.333s][info][gc,start    ] GC(81) Pause Young (Normal) (G1 Evacuation Pause)
[2025-12-25T01:40:26.217+0000][94.333s][info][gc,task     ] GC(81) Using 4 workers of 4 for evacuation
[2025-12-25T01:40:26.224+0000][94.340s][info][gc,phases   ] GC(81)   Pre Evacuate Collection Set: 0.4ms
[2025-12-25T01:40:26.224+0000][94.340s][info][gc,phases   ] GC(81)   Merge Heap Roots: 0.2ms
[2025-12-25T01:40:26.225+0000][94.340s][info][gc,phases   ] GC(81)   Evacuate Collection Set: 5.8ms
[2025-12-25T01:40:26.225+0000][94.340s][info][gc,phases   ] GC(81)   Post Evacuate Collection Set: 0.7ms
[2025-12-25T01:40:26.225+0000][94.341s][info][gc,phases   ] GC(81)   Other: 1.2ms
[2025-12-25T01:40:26.225+0000][94.341s][info][gc,heap     ] GC(81) Eden regions: 247->0(246)
[2025-12-25T01:40:26.225+0000][94.341s][info][gc,heap     ] GC(81) Survivor regions: 2->3(32)
[2025-12-25T01:40:26.225+0000][94.341s][info][gc,heap     ] GC(81) Old regions: 50->50
[2025-12-25T01:40:26.225+0000][94.341s][info][gc,heap     ] GC(81) Archive regions: 2->2
[2025-12-25T01:40:26.225+0000][94.341s][info][gc,heap     ] GC(81) Humongous regions: 39->39
[2025-12-25T01:40:26.225+0000][94.341s][info][gc,metaspace] GC(81) Metaspace: 97790K(99008K)->97790K(99008K) NonClass: 84671K(85248K)->84671K(85248K) Class: 13119K(13760K)->13119K(13760K)
[2025-12-25T01:40:26.225+0000][94.341s][info][gc          ] GC(81) Pause Young (Normal) (G1 Evacuation Pause) 338M->91M(416M) 8.624ms
[2025-12-25T01:40:26.225+0000][94.341s][info][gc,cpu      ] GC(81) User=0.03s Sys=0.00s Real=0.01s
[2025-12-25T01:40:29.898+0000][98.014s][info][gc,start    ] GC(82) Pause Young (Normal) (G1 Evacuation Pause)
[2025-12-25T01:40:29.899+0000][98.014s][info][gc,task     ] GC(82) Using 4 workers of 4 for evacuation
[2025-12-25T01:40:29.909+0000][98.025s][info][gc,phases   ] GC(82)   Pre Evacuate Collection Set: 0.4ms
[2025-12-25T01:40:29.909+0000][98.025s][info][gc,phases   ] GC(82)   Merge Heap Roots: 0.2ms
[2025-12-25T01:40:29.909+0000][98.025s][info][gc,phases   ] GC(82)   Evacuate Collection Set: 8.3ms
[2025-12-25T01:40:29.909+0000][98.025s][info][gc,phases   ] GC(82)   Post Evacuate Collection Set: 0.9ms
[2025-12-25T01:40:29.909+0000][98.025s][info][gc,phases   ] GC(82)   Other: 1.4ms
[2025-12-25T01:40:29.909+0000][98.025s][info][gc,heap     ] GC(82) Eden regions: 246->0(247)
[2025-12-25T01:40:29.909+0000][98.025s][info][gc,heap     ] GC(82) Survivor regions: 3->2(32)
[2025-12-25T01:40:29.909+0000][98.025s][info][gc,heap     ] GC(82) Old regions: 50->51
[2025-12-25T01:40:29.910+0000][98.025s][info][gc,heap     ] GC(82) Archive regions: 2->2
[2025-12-25T01:40:29.910+0000][98.025s][info][gc,heap     ] GC(82) Humongous regions: 39->39
[2025-12-25T01:40:29.910+0000][98.026s][info][gc,metaspace] GC(82) Metaspace: 97806K(99008K)->97806K(99008K) NonClass: 84686K(85248K)->84686K(85248K) Class: 13119K(13760K)->13119K(13760K)
[2025-12-25T01:40:29.910+0000][98.026s][info][gc          ] GC(82) Pause Young (Normal) (G1 Evacuation Pause) 337M->91M(416M) 11.746ms
[2025-12-25T01:40:29.910+0000][98.026s][info][gc,cpu      ] GC(82) User=0.04s Sys=0.00s Real=0.01s
[2025-12-25T01:40:33.239+0000][101.355s][info][gc,start    ] GC(83) Pause Young (Normal) (G1 Evacuation Pause)
[2025-12-25T01:40:33.240+0000][101.355s][info][gc,task     ] GC(83) Using 4 workers of 4 for evacuation
[2025-12-25T01:40:33.243+0000][101.358s][info][gc,phases   ] GC(83)   Pre Evacuate Collection Set: 0.2ms
[2025-12-25T01:40:33.243+0000][101.359s][info][gc,phases   ] GC(83)   Merge Heap Roots: 0.1ms
[2025-12-25T01:40:33.243+0000][101.359s][info][gc,phases   ] GC(83)   Evacuate Collection Set: 2.0ms
[2025-12-25T01:40:33.243+0000][101.359s][info][gc,phases   ] GC(83)   Post Evacuate Collection Set: 0.5ms
[2025-12-25T01:40:33.243+0000][101.359s][info][gc,phases   ] GC(83)   Other: 0.5ms
[2025-12-25T01:40:33.243+0000][101.359s][info][gc,heap     ] GC(83) Eden regions: 247->0(248)
[2025-12-25T01:40:33.243+0000][101.359s][info][gc,heap     ] GC(83) Survivor regions: 2->1(32)
[2025-12-25T01:40:33.243+0000][101.359s][info][gc,heap     ] GC(83) Old regions: 51->51
[2025-12-25T01:40:33.244+0000][101.359s][info][gc,heap     ] GC(83) Archive regions: 2->2
[2025-12-25T01:40:33.244+0000][101.359s][info][gc,heap     ] GC(83) Humongous regions: 39->39
[2025-12-25T01:40:33.244+0000][101.359s][info][gc,metaspace] GC(83) Metaspace: 97847K(99072K)->97847K(99072K) NonClass: 84727K(85312K)->84727K(85312K) Class: 13119K(13760K)->13119K(13760K)
[2025-12-25T01:40:33.244+0000][101.360s][info][gc          ] GC(83) Pause Young (Normal) (G1 Evacuation Pause) 338M->91M(416M) 4.340ms
[2025-12-25T01:40:33.244+0000][101.360s][info][gc,cpu      ] GC(83) User=0.00s Sys=0.01s Real=0.00s
[2025-12-25T01:40:36.981+0000][105.097s][info][gc,start    ] GC(84) Pause Young (Normal) (G1 Evacuation Pause)
[2025-12-25T01:40:36.983+0000][105.099s][info][gc,task     ] GC(84) Using 4 workers of 4 for evacuation
[2025-12-25T01:40:36.997+0000][105.113s][info][gc,phases   ] GC(84)   Pre Evacuate Collection Set: 0.5ms
[2025-12-25T01:40:36.998+0000][105.114s][info][gc,phases   ] GC(84)   Merge Heap Roots: 0.2ms
[2025-12-25T01:40:36.998+0000][105.114s][info][gc,phases   ] GC(84)   Evacuate Collection Set: 9.7ms
[2025-12-25T01:40:36.998+0000][105.114s][info][gc,phases   ] GC(84)   Post Evacuate Collection Set: 3.3ms
[2025-12-25T01:40:36.998+0000][105.114s][info][gc,phases   ] GC(84)   Other: 3.4ms
[2025-12-25T01:40:36.998+0000][105.114s][info][gc,heap     ] GC(84) Eden regions: 248->0(248)
[2025-12-25T01:40:36.998+0000][105.114s][info][gc,heap     ] GC(84) Survivor regions: 1->1(32)
[2025-12-25T01:40:36.998+0000][105.114s][info][gc,heap     ] GC(84) Old regions: 51->52
[2025-12-25T01:40:36.998+0000][105.114s][info][gc,heap     ] GC(84) Archive regions: 2->2
[2025-12-25T01:40:36.999+0000][105.114s][info][gc,heap     ] GC(84) Humongous regions: 39->39
[2025-12-25T01:40:36.999+0000][105.114s][info][gc,metaspace] GC(84) Metaspace: 97857K(99072K)->97857K(99072K) NonClass: 84738K(85312K)->84738K(85312K) Class: 13119K(13760K)->13119K(13760K)
[2025-12-25T01:40:36.999+0000][105.115s][info][gc          ] GC(84) Pause Young (Normal) (G1 Evacuation Pause) 339M->91M(416M) 17.816ms
[2025-12-25T01:40:36.999+0000][105.115s][info][gc,cpu      ] GC(84) User=0.04s Sys=0.00s Real=0.02s
[2025-12-25T01:40:40.729+0000][108.844s][info][gc,start    ] GC(85) Pause Young (Normal) (G1 Evacuation Pause)
[2025-12-25T01:40:40.729+0000][108.845s][info][gc,task     ] GC(85) Using 4 workers of 4 for evacuation
[2025-12-25T01:40:40.736+0000][108.851s][info][gc,phases   ] GC(85)   Pre Evacuate Collection Set: 0.4ms
[2025-12-25T01:40:40.736+0000][108.852s][info][gc,phases   ] GC(85)   Merge Heap Roots: 0.2ms
[2025-12-25T01:40:40.736+0000][108.852s][info][gc,phases   ] GC(85)   Evacuate Collection Set: 4.6ms
[2025-12-25T01:40:40.736+0000][108.852s][info][gc,phases   ] GC(85)   Post Evacuate Collection Set: 0.9ms
[2025-12-25T01:40:40.736+0000][108.852s][info][gc,phases   ] GC(85)   Other: 1.6ms
[2025-12-25T01:40:40.736+0000][108.852s][info][gc,heap     ] GC(85) Eden regions: 248->0(248)
[2025-12-25T01:40:40.736+0000][108.852s][info][gc,heap     ] GC(85) Survivor regions: 1->1(32)
[2025-12-25T01:40:40.736+0000][108.852s][info][gc,heap     ] GC(85) Old regions: 52->52
[2025-12-25T01:40:40.736+0000][108.852s][info][gc,heap     ] GC(85) Archive regions: 2->2
[2025-12-25T01:40:40.736+0000][108.852s][info][gc,heap     ] GC(85) Humongous regions: 39->39
[2025-12-25T01:40:40.737+0000][108.852s][info][gc,metaspace] GC(85) Metaspace: 97857K(99072K)->97857K(99072K) NonClass: 84738K(85312K)->84738K(85312K) Class: 13119K(13760K)->13119K(13760K)
[2025-12-25T01:40:40.737+0000][108.853s][info][gc          ] GC(85) Pause Young (Normal) (G1 Evacuation Pause) 339M->91M(416M) 8.257ms
[2025-12-25T01:40:40.737+0000][108.853s][info][gc,cpu      ] GC(85) User=0.02s Sys=0.00s Real=0.01s
[2025-12-25T01:40:42.500+0000][110.616s][info][gc,start    ] GC(86) Pause Young (Normal) (G1 Evacuation Pause)
[2025-12-25T01:40:42.500+0000][110.616s][info][gc,task     ] GC(86) Using 4 workers of 4 for evacuation
[2025-12-25T01:40:42.502+0000][110.618s][info][gc,phases   ] GC(86)   Pre Evacuate Collection Set: 0.2ms
[2025-12-25T01:40:42.502+0000][110.618s][info][gc,phases   ] GC(86)   Merge Heap Roots: 0.1ms
[2025-12-25T01:40:42.503+0000][110.618s][info][gc,phases   ] GC(86)   Evacuate Collection Set: 1.3ms
[2025-12-25T01:40:42.503+0000][110.618s][info][gc,phases   ] GC(86)   Post Evacuate Collection Set: 0.5ms
[2025-12-25T01:40:42.503+0000][110.619s][info][gc,phases   ] GC(86)   Other: 0.6ms
[2025-12-25T01:40:42.503+0000][110.619s][info][gc,heap     ] GC(86) Eden regions: 248->0(248)
[2025-12-25T01:40:42.503+0000][110.619s][info][gc,heap     ] GC(86) Survivor regions: 1->1(32)
[2025-12-25T01:40:42.503+0000][110.619s][info][gc,heap     ] GC(86) Old regions: 52->52
[2025-12-25T01:40:42.503+0000][110.619s][info][gc,heap     ] GC(86) Archive regions: 2->2
[2025-12-25T01:40:42.503+0000][110.619s][info][gc,heap     ] GC(86) Humongous regions: 39->39
[2025-12-25T01:40:42.503+0000][110.619s][info][gc,metaspace] GC(86) Metaspace: 97896K(99072K)->97896K(99072K) NonClass: 84775K(85312K)->84775K(85312K) Class: 13121K(13760K)->13121K(13760K)
[2025-12-25T01:40:42.503+0000][110.619s][info][gc          ] GC(86) Pause Young (Normal) (G1 Evacuation Pause) 339M->91M(416M) 3.532ms
[2025-12-25T01:40:42.503+0000][110.619s][info][gc,cpu      ] GC(86) User=0.01s Sys=0.00s Real=0.00s
[2025-12-25T01:40:46.448+0000][114.564s][info][gc,start    ] GC(87) Pause Young (Normal) (G1 Evacuation Pause)
[2025-12-25T01:40:46.448+0000][114.564s][info][gc,task     ] GC(87) Using 4 workers of 4 for evacuation
[2025-12-25T01:40:46.470+0000][114.585s][info][gc,phases   ] GC(87)   Pre Evacuate Collection Set: 0.5ms
[2025-12-25T01:40:46.470+0000][114.586s][info][gc,phases   ] GC(87)   Merge Heap Roots: 0.1ms
[2025-12-25T01:40:46.470+0000][114.586s][info][gc,phases   ] GC(87)   Evacuate Collection Set: 16.2ms
[2025-12-25T01:40:46.470+0000][114.586s][info][gc,phases   ] GC(87)   Post Evacuate Collection Set: 4.1ms
[2025-12-25T01:40:46.470+0000][114.586s][info][gc,phases   ] GC(87)   Other: 1.2ms
[2025-12-25T01:40:46.470+0000][114.586s][info][gc,heap     ] GC(87) Eden regions: 248->0(248)
[2025-12-25T01:40:46.470+0000][114.586s][info][gc,heap     ] GC(87) Survivor regions: 1->1(32)
[2025-12-25T01:40:46.470+0000][114.586s][info][gc,heap     ] GC(87) Old regions: 52->52
[2025-12-25T01:40:46.470+0000][114.586s][info][gc,heap     ] GC(87) Archive regions: 2->2
[2025-12-25T01:40:46.470+0000][114.586s][info][gc,heap     ] GC(87) Humongous regions: 39->39
[2025-12-25T01:40:46.470+0000][114.586s][info][gc,metaspace] GC(87) Metaspace: 97905K(99136K)->97905K(99136K) NonClass: 84784K(85376K)->84784K(85376K) Class: 13121K(13760K)->13121K(13760K)
[2025-12-25T01:40:46.471+0000][114.586s][info][gc          ] GC(87) Pause Young (Normal) (G1 Evacuation Pause) 339M->91M(416M) 22.444ms
[2025-12-25T01:40:46.471+0000][114.587s][info][gc,cpu      ] GC(87) User=0.07s Sys=0.00s Real=0.02s
[2025-12-25T01:40:50.766+0000][118.882s][info][gc,start    ] GC(88) Pause Young (Normal) (G1 Evacuation Pause)
[2025-12-25T01:40:50.767+0000][118.883s][info][gc,task     ] GC(88) Using 4 workers of 4 for evacuation
[2025-12-25T01:40:50.783+0000][118.899s][info][gc,phases   ] GC(88)   Pre Evacuate Collection Set: 0.9ms
[2025-12-25T01:40:50.784+0000][118.899s][info][gc,phases   ] GC(88)   Merge Heap Roots: 0.2ms
[2025-12-25T01:40:50.784+0000][118.899s][info][gc,phases   ] GC(88)   Evacuate Collection Set: 12.4ms
[2025-12-25T01:40:50.784+0000][118.900s][info][gc,phases   ] GC(88)   Post Evacuate Collection Set: 2.1ms
[2025-12-25T01:40:50.784+0000][118.900s][info][gc,phases   ] GC(88)   Other: 5.0ms
[2025-12-25T01:40:50.784+0000][118.900s][info][gc,heap     ] GC(88) Eden regions: 248->0(248)
[2025-12-25T01:40:50.784+0000][118.900s][info][gc,heap     ] GC(88) Survivor regions: 1->1(32)
[2025-12-25T01:40:50.784+0000][118.900s][info][gc,heap     ] GC(88) Old regions: 52->52
[2025-12-25T01:40:50.785+0000][118.900s][info][gc,heap     ] GC(88) Archive regions: 2->2
[2025-12-25T01:40:50.785+0000][118.900s][info][gc,heap     ] GC(88) Humongous regions: 39->39
[2025-12-25T01:40:50.785+0000][118.901s][info][gc,metaspace] GC(88) Metaspace: 97910K(99136K)->97910K(99136K) NonClass: 84789K(85376K)->84789K(85376K) Class: 13121K(13760K)->13121K(13760K)
[2025-12-25T01:40:50.785+0000][118.901s][info][gc          ] GC(88) Pause Young (Normal) (G1 Evacuation Pause) 339M->91M(416M) 18.747ms
[2025-12-25T01:40:50.785+0000][118.901s][info][gc,cpu      ] GC(88) User=0.04s Sys=0.01s Real=0.02s
[2025-12-25T01:40:54.340+0000][122.456s][info][gc,start    ] GC(89) Pause Young (Normal) (G1 Evacuation Pause)
[2025-12-25T01:40:54.341+0000][122.457s][info][gc,task     ] GC(89) Using 4 workers of 4 for evacuation
[2025-12-25T01:40:54.361+0000][122.477s][info][gc,phases   ] GC(89)   Pre Evacuate Collection Set: 0.8ms
[2025-12-25T01:40:54.361+0000][122.477s][info][gc,phases   ] GC(89)   Merge Heap Roots: 2.3ms
[2025-12-25T01:40:54.361+0000][122.477s][info][gc,phases   ] GC(89)   Evacuate Collection Set: 13.3ms
[2025-12-25T01:40:54.362+0000][122.477s][info][gc,phases   ] GC(89)   Post Evacuate Collection Set: 2.3ms
[2025-12-25T01:40:54.362+0000][122.478s][info][gc,phases   ] GC(89)   Other: 3.2ms
[2025-12-25T01:40:54.362+0000][122.478s][info][gc,heap     ] GC(89) Eden regions: 248->0(248)
[2025-12-25T01:40:54.363+0000][122.479s][info][gc,heap     ] GC(89) Survivor regions: 1->1(32)
[2025-12-25T01:40:54.363+0000][122.479s][info][gc,heap     ] GC(89) Old regions: 52->52
[2025-12-25T01:40:54.363+0000][122.479s][info][gc,heap     ] GC(89) Archive regions: 2->2
[2025-12-25T01:40:54.363+0000][122.479s][info][gc,heap     ] GC(89) Humongous regions: 39->39
[2025-12-25T01:40:54.364+0000][122.479s][info][gc,metaspace] GC(89) Metaspace: 97953K(99136K)->97953K(99136K) NonClass: 84832K(85376K)->84832K(85376K) Class: 13121K(13760K)->13121K(13760K)
[2025-12-25T01:40:54.364+0000][122.480s][info][gc          ] GC(89) Pause Young (Normal) (G1 Evacuation Pause) 339M->92M(416M) 23.804ms
[2025-12-25T01:40:54.365+0000][122.480s][info][gc,cpu      ] GC(89) User=0.04s Sys=0.01s Real=0.03s
[2025-12-25T01:40:55.889+0000][124.005s][info][gc,start    ] GC(90) Pause Young (Normal) (G1 Evacuation Pause)
[2025-12-25T01:40:55.890+0000][124.006s][info][gc,task     ] GC(90) Using 4 workers of 4 for evacuation
[2025-12-25T01:40:55.895+0000][124.010s][info][gc,phases   ] GC(90)   Pre Evacuate Collection Set: 0.5ms
[2025-12-25T01:40:55.895+0000][124.011s][info][gc,phases   ] GC(90)   Merge Heap Roots: 0.2ms
[2025-12-25T01:40:55.895+0000][124.011s][info][gc,phases   ] GC(90)   Evacuate Collection Set: 3.2ms
[2025-12-25T01:40:55.895+0000][124.011s][info][gc,phases   ] GC(90)   Post Evacuate Collection Set: 0.7ms
[2025-12-25T01:40:55.895+0000][124.011s][info][gc,phases   ] GC(90)   Other: 0.8ms
[2025-12-25T01:40:55.895+0000][124.011s][info][gc,heap     ] GC(90) Eden regions: 248->0(247)
[2025-12-25T01:40:55.895+0000][124.011s][info][gc,heap     ] GC(90) Survivor regions: 1->2(32)
[2025-12-25T01:40:55.895+0000][124.011s][info][gc,heap     ] GC(90) Old regions: 52->52
[2025-12-25T01:40:55.896+0000][124.011s][info][gc,heap     ] GC(90) Archive regions: 2->2
[2025-12-25T01:40:55.896+0000][124.011s][info][gc,heap     ] GC(90) Humongous regions: 39->39
[2025-12-25T01:40:55.896+0000][124.012s][info][gc,metaspace] GC(90) Metaspace: 97964K(99136K)->97964K(99136K) NonClass: 84843K(85376K)->84843K(85376K) Class: 13121K(13760K)->13121K(13760K)
[2025-12-25T01:40:55.896+0000][124.012s][info][gc          ] GC(90) Pause Young (Normal) (G1 Evacuation Pause) 340M->93M(416M) 6.414ms
[2025-12-25T01:40:55.896+0000][124.012s][info][gc,cpu      ] GC(90) User=0.01s Sys=0.00s Real=0.01s
[2025-12-25T01:40:57.016+0000][125.132s][info][gc,start    ] GC(91) Pause Young (Normal) (G1 Evacuation Pause)
[2025-12-25T01:40:57.021+0000][125.137s][info][gc,task     ] GC(91) Using 4 workers of 4 for evacuation
[2025-12-25T01:40:57.053+0000][125.169s][info][gc,phases   ] GC(91)   Pre Evacuate Collection Set: 3.0ms
[2025-12-25T01:40:57.053+0000][125.169s][info][gc,phases   ] GC(91)   Merge Heap Roots: 0.9ms
[2025-12-25T01:40:57.054+0000][125.169s][info][gc,phases   ] GC(91)   Evacuate Collection Set: 24.9ms
[2025-12-25T01:40:57.054+0000][125.170s][info][gc,phases   ] GC(91)   Post Evacuate Collection Set: 1.8ms
[2025-12-25T01:40:57.055+0000][125.170s][info][gc,phases   ] GC(91)   Other: 6.8ms
[2025-12-25T01:40:57.055+0000][125.171s][info][gc,heap     ] GC(91) Eden regions: 247->0(244)
[2025-12-25T01:40:57.055+0000][125.171s][info][gc,heap     ] GC(91) Survivor regions: 2->5(32)
[2025-12-25T01:40:57.055+0000][125.171s][info][gc,heap     ] GC(91) Old regions: 52->52
[2025-12-25T01:40:57.056+0000][125.172s][info][gc,heap     ] GC(91) Archive regions: 2->2
[2025-12-25T01:40:57.056+0000][125.172s][info][gc,heap     ] GC(91) Humongous regions: 39->39
[2025-12-25T01:40:57.056+0000][125.172s][info][gc,metaspace] GC(91) Metaspace: 97998K(99200K)->97998K(99200K) NonClass: 84873K(85440K)->84873K(85440K) Class: 13124K(13760K)->13124K(13760K)
[2025-12-25T01:40:57.056+0000][125.172s][info][gc          ] GC(91) Pause Young (Normal) (G1 Evacuation Pause) 340M->96M(416M) 40.712ms
[2025-12-25T01:40:57.057+0000][125.173s][info][gc,cpu      ] GC(91) User=0.02s Sys=0.00s Real=0.04s
[2025-12-25T01:40:57.582+0000][125.698s][info][gc,start    ] GC(92) Pause Young (Normal) (G1 Evacuation Pause)
[2025-12-25T01:40:57.583+0000][125.698s][info][gc,task     ] GC(92) Using 4 workers of 4 for evacuation
[2025-12-25T01:40:57.593+0000][125.709s][info][gc,phases   ] GC(92)   Pre Evacuate Collection Set: 0.2ms
[2025-12-25T01:40:57.594+0000][125.710s][info][gc,phases   ] GC(92)   Merge Heap Roots: 0.1ms
[2025-12-25T01:40:57.595+0000][125.711s][info][gc,phases   ] GC(92)   Evacuate Collection Set: 9.7ms
[2025-12-25T01:40:57.600+0000][125.716s][info][gc,phases   ] GC(92)   Post Evacuate Collection Set: 0.6ms
[2025-12-25T01:40:57.600+0000][125.716s][info][gc,phases   ] GC(92)   Other: 0.5ms
[2025-12-25T01:40:57.601+0000][125.717s][info][gc,heap     ] GC(92) Eden regions: 244->0(243)
[2025-12-25T01:40:57.602+0000][125.718s][info][gc,heap     ] GC(92) Survivor regions: 5->6(32)
[2025-12-25T01:40:57.602+0000][125.718s][info][gc,heap     ] GC(92) Old regions: 52->52
[2025-12-25T01:40:57.603+0000][125.718s][info][gc,heap     ] GC(92) Archive regions: 2->2
[2025-12-25T01:40:57.603+0000][125.719s][info][gc,heap     ] GC(92) Humongous regions: 39->39
[2025-12-25T01:40:57.603+0000][125.719s][info][gc,metaspace] GC(92) Metaspace: 98044K(99328K)->98044K(99328K) NonClass: 84914K(85504K)->84914K(85504K) Class: 13129K(13824K)->13129K(13824K)
[2025-12-25T01:40:57.603+0000][125.719s][info][gc          ] GC(92) Pause Young (Normal) (G1 Evacuation Pause) 340M->96M(416M) 20.808ms
[2025-12-25T01:40:57.604+0000][125.720s][info][gc,cpu      ] GC(92) User=0.01s Sys=0.00s Real=0.02s
[2025-12-25T01:40:57.986+0000][126.101s][info][gc,start    ] GC(93) Pause Young (Normal) (G1 Evacuation Pause)
[2025-12-25T01:40:57.986+0000][126.102s][info][gc,task     ] GC(93) Using 4 workers of 4 for evacuation
[2025-12-25T01:40:58.000+0000][126.116s][info][gc,phases   ] GC(93)   Pre Evacuate Collection Set: 0.3ms
[2025-12-25T01:40:58.000+0000][126.116s][info][gc,phases   ] GC(93)   Merge Heap Roots: 0.1ms
[2025-12-25T01:40:58.001+0000][126.117s][info][gc,phases   ] GC(93)   Evacuate Collection Set: 10.1ms
[2025-12-25T01:40:58.002+0000][126.118s][info][gc,phases   ] GC(93)   Post Evacuate Collection Set: 3.5ms
[2025-12-25T01:40:58.002+0000][126.118s][info][gc,phases   ] GC(93)   Other: 0.5ms
[2025-12-25T01:40:58.003+0000][126.118s][info][gc,heap     ] GC(93) Eden regions: 243->0(243)
[2025-12-25T01:40:58.003+0000][126.119s][info][gc,heap     ] GC(93) Survivor regions: 6->6(32)
[2025-12-25T01:40:58.003+0000][126.119s][info][gc,heap     ] GC(93) Old regions: 52->52
[2025-12-25T01:40:58.006+0000][126.122s][info][gc,heap     ] GC(93) Archive regions: 2->2
[2025-12-25T01:40:58.006+0000][126.122s][info][gc,heap     ] GC(93) Humongous regions: 39->39
[2025-12-25T01:40:58.009+0000][126.125s][info][gc,metaspace] GC(93) Metaspace: 98044K(99328K)->98044K(99328K) NonClass: 84914K(85504K)->84914K(85504K) Class: 13129K(13824K)->13129K(13824K)
[2025-12-25T01:40:58.010+0000][126.125s][info][gc          ] GC(93) Pause Young (Normal) (G1 Evacuation Pause) 339M->96M(416M) 24.049ms
[2025-12-25T01:40:58.010+0000][126.126s][info][gc,cpu      ] GC(93) User=0.01s Sys=0.00s Real=0.02s
[2025-12-25T01:40:58.413+0000][126.529s][info][gc,start    ] GC(94) Pause Young (Normal) (G1 Evacuation Pause)
[2025-12-25T01:40:58.414+0000][126.529s][info][gc,task     ] GC(94) Using 4 workers of 4 for evacuation
[2025-12-25T01:40:58.430+0000][126.546s][info][gc,phases   ] GC(94)   Pre Evacuate Collection Set: 0.4ms
[2025-12-25T01:40:58.430+0000][126.546s][info][gc,phases   ] GC(94)   Merge Heap Roots: 0.1ms
[2025-12-25T01:40:58.431+0000][126.546s][info][gc,phases   ] GC(94)   Evacuate Collection Set: 14.7ms
[2025-12-25T01:40:58.432+0000][126.548s][info][gc,phases   ] GC(94)   Post Evacuate Collection Set: 0.6ms
[2025-12-25T01:40:58.435+0000][126.550s][info][gc,phases   ] GC(94)   Other: 1.0ms
[2025-12-25T01:40:58.438+0000][126.554s][info][gc,heap     ] GC(94) Eden regions: 243->0(243)
[2025-12-25T01:40:58.440+0000][126.556s][info][gc,heap     ] GC(94) Survivor regions: 6->6(32)
[2025-12-25T01:40:58.442+0000][126.558s][info][gc,heap     ] GC(94) Old regions: 52->52
[2025-12-25T01:40:58.442+0000][126.558s][info][gc,heap     ] GC(94) Archive regions: 2->2
[2025-12-25T01:40:58.442+0000][126.558s][info][gc,heap     ] GC(94) Humongous regions: 39->39
[2025-12-25T01:40:58.443+0000][126.559s][info][gc,metaspace] GC(94) Metaspace: 98047K(99328K)->98047K(99328K) NonClass: 84917K(85504K)->84917K(85504K) Class: 13129K(13824K)->13129K(13824K)
[2025-12-25T01:40:58.443+0000][126.559s][info][gc          ] GC(94) Pause Young (Normal) (G1 Evacuation Pause) 339M->97M(416M) 29.469ms
[2025-12-25T01:40:58.443+0000][126.559s][info][gc,cpu      ] GC(94) User=0.01s Sys=0.00s Real=0.03s
[2025-12-25T01:40:58.826+0000][126.941s][info][gc,start    ] GC(95) Pause Young (Normal) (G1 Evacuation Pause)
[2025-12-25T01:40:58.826+0000][126.942s][info][gc,task     ] GC(95) Using 4 workers of 4 for evacuation
[2025-12-25T01:40:58.835+0000][126.951s][info][gc,phases   ] GC(95)   Pre Evacuate Collection Set: 0.2ms
[2025-12-25T01:40:58.837+0000][126.953s][info][gc,phases   ] GC(95)   Merge Heap Roots: 0.2ms
[2025-12-25T01:40:58.838+0000][126.954s][info][gc,phases   ] GC(95)   Evacuate Collection Set: 7.2ms
[2025-12-25T01:40:58.838+0000][126.954s][info][gc,phases   ] GC(95)   Post Evacuate Collection Set: 0.9ms
[2025-12-25T01:40:58.839+0000][126.954s][info][gc,phases   ] GC(95)   Other: 0.9ms
[2025-12-25T01:40:58.839+0000][126.955s][info][gc,heap     ] GC(95) Eden regions: 243->0(241)
[2025-12-25T01:40:58.839+0000][126.955s][info][gc,heap     ] GC(95) Survivor regions: 6->8(32)
[2025-12-25T01:40:58.839+0000][126.955s][info][gc,heap     ] GC(95) Old regions: 52->52
[2025-12-25T01:40:58.839+0000][126.955s][info][gc,heap     ] GC(95) Archive regions: 2->2
[2025-12-25T01:40:58.840+0000][126.956s][info][gc,heap     ] GC(95) Humongous regions: 39->39
[2025-12-25T01:40:58.840+0000][126.956s][info][gc,metaspace] GC(95) Metaspace: 98047K(99328K)->98047K(99328K) NonClass: 84917K(85504K)->84917K(85504K) Class: 13129K(13824K)->13129K(13824K)
[2025-12-25T01:40:58.841+0000][126.957s][info][gc          ] GC(95) Pause Young (Normal) (G1 Evacuation Pause) 340M->99M(416M) 15.286ms
[2025-12-25T01:40:58.841+0000][126.957s][info][gc,cpu      ] GC(95) User=0.01s Sys=0.00s Real=0.01s
[2025-12-25T01:40:59.308+0000][127.424s][info][gc,start    ] GC(96) Pause Young (Normal) (G1 Evacuation Pause)
[2025-12-25T01:40:59.309+0000][127.425s][info][gc,task     ] GC(96) Using 4 workers of 4 for evacuation
[2025-12-25T01:40:59.336+0000][127.452s][info][gc,phases   ] GC(96)   Pre Evacuate Collection Set: 4.6ms
[2025-12-25T01:40:59.336+0000][127.452s][info][gc,phases   ] GC(96)   Merge Heap Roots: 0.6ms
[2025-12-25T01:40:59.338+0000][127.453s][info][gc,phases   ] GC(96)   Evacuate Collection Set: 16.3ms
[2025-12-25T01:40:59.338+0000][127.454s][info][gc,phases   ] GC(96)   Post Evacuate Collection Set: 5.3ms
[2025-12-25T01:40:59.339+0000][127.455s][info][gc,phases   ] GC(96)   Other: 0.5ms
[2025-12-25T01:40:59.339+0000][127.455s][info][gc,heap     ] GC(96) Eden regions: 241->0(242)
[2025-12-25T01:40:59.340+0000][127.456s][info][gc,heap     ] GC(96) Survivor regions: 8->7(32)
[2025-12-25T01:40:59.340+0000][127.456s][info][gc,heap     ] GC(96) Old regions: 52->52
[2025-12-25T01:40:59.340+0000][127.456s][info][gc,heap     ] GC(96) Archive regions: 2->2
[2025-12-25T01:40:59.342+0000][127.457s][info][gc,heap     ] GC(96) Humongous regions: 39->39
[2025-12-25T01:40:59.342+0000][127.458s][info][gc,metaspace] GC(96) Metaspace: 98071K(99392K)->98071K(99392K) NonClass: 84941K(85568K)->84941K(85568K) Class: 13129K(13824K)->13129K(13824K)
[2025-12-25T01:40:59.342+0000][127.458s][info][gc          ] GC(96) Pause Young (Normal) (G1 Evacuation Pause) 340M->98M(416M) 33.540ms
[2025-12-25T01:40:59.342+0000][127.458s][info][gc,cpu      ] GC(96) User=0.02s Sys=0.00s Real=0.03s
[2025-12-25T01:40:59.928+0000][128.044s][info][gc,start    ] GC(97) Pause Young (Normal) (G1 Evacuation Pause)
[2025-12-25T01:40:59.928+0000][128.044s][info][gc,task     ] GC(97) Using 4 workers of 4 for evacuation
[2025-12-25T01:40:59.940+0000][128.056s][info][gc,phases   ] GC(97)   Pre Evacuate Collection Set: 1.2ms
[2025-12-25T01:40:59.940+0000][128.056s][info][gc,phases   ] GC(97)   Merge Heap Roots: 0.2ms
[2025-12-25T01:40:59.941+0000][128.057s][info][gc,phases   ] GC(97)   Evacuate Collection Set: 8.8ms
[2025-12-25T01:40:59.941+0000][128.057s][info][gc,phases   ] GC(97)   Post Evacuate Collection Set: 1.0ms
[2025-12-25T01:40:59.942+0000][128.058s][info][gc,phases   ] GC(97)   Other: 1.2ms
[2025-12-25T01:40:59.942+0000][128.058s][info][gc,heap     ] GC(97) Eden regions: 242->0(243)
[2025-12-25T01:40:59.942+0000][128.058s][info][gc,heap     ] GC(97) Survivor regions: 7->6(32)
[2025-12-25T01:40:59.943+0000][128.058s][info][gc,heap     ] GC(97) Old regions: 52->52
[2025-12-25T01:40:59.943+0000][128.059s][info][gc,heap     ] GC(97) Archive regions: 2->2
[2025-12-25T01:40:59.943+0000][128.059s][info][gc,heap     ] GC(97) Humongous regions: 39->39
[2025-12-25T01:40:59.943+0000][128.059s][info][gc,metaspace] GC(97) Metaspace: 98071K(99392K)->98071K(99392K) NonClass: 84941K(85568K)->84941K(85568K) Class: 13129K(13824K)->13129K(13824K)
[2025-12-25T01:40:59.943+0000][128.059s][info][gc          ] GC(97) Pause Young (Normal) (G1 Evacuation Pause) 340M->96M(416M) 15.528ms
[2025-12-25T01:40:59.944+0000][128.060s][info][gc,cpu      ] GC(97) User=0.02s Sys=0.00s Real=0.01s
[2025-12-25T01:41:00.462+0000][128.578s][info][gc,start    ] GC(98) Pause Young (Normal) (G1 Evacuation Pause)
[2025-12-25T01:41:00.465+0000][128.581s][info][gc,task     ] GC(98) Using 4 workers of 4 for evacuation
[2025-12-25T01:41:00.478+0000][128.593s][info][gc,phases   ] GC(98)   Pre Evacuate Collection Set: 0.2ms
[2025-12-25T01:41:00.478+0000][128.594s][info][gc,phases   ] GC(98)   Merge Heap Roots: 0.6ms
[2025-12-25T01:41:00.479+0000][128.594s][info][gc,phases   ] GC(98)   Evacuate Collection Set: 10.1ms
[2025-12-25T01:41:00.479+0000][128.595s][info][gc,phases   ] GC(98)   Post Evacuate Collection Set: 0.9ms
[2025-12-25T01:41:00.479+0000][128.595s][info][gc,phases   ] GC(98)   Other: 4.0ms
[2025-12-25T01:41:00.480+0000][128.596s][info][gc,heap     ] GC(98) Eden regions: 243->0(243)
[2025-12-25T01:41:00.480+0000][128.596s][info][gc,heap     ] GC(98) Survivor regions: 6->6(32)
[2025-12-25T01:41:00.480+0000][128.596s][info][gc,heap     ] GC(98) Old regions: 52->52
[2025-12-25T01:41:00.480+0000][128.596s][info][gc,heap     ] GC(98) Archive regions: 2->2
[2025-12-25T01:41:00.480+0000][128.596s][info][gc,heap     ] GC(98) Humongous regions: 39->39
[2025-12-25T01:41:00.480+0000][128.596s][info][gc,metaspace] GC(98) Metaspace: 98074K(99392K)->98074K(99392K) NonClass: 84944K(85568K)->84944K(85568K) Class: 13129K(13824K)->13129K(13824K)
[2025-12-25T01:41:00.481+0000][128.596s][info][gc          ] GC(98) Pause Young (Normal) (G1 Evacuation Pause) 339M->96M(416M) 18.300ms
[2025-12-25T01:41:00.481+0000][128.597s][info][gc,cpu      ] GC(98) User=0.01s Sys=0.00s Real=0.02s
[2025-12-25T01:41:00.963+0000][129.079s][info][gc,start    ] GC(99) Pause Young (Normal) (G1 Evacuation Pause)
[2025-12-25T01:41:00.964+0000][129.080s][info][gc,task     ] GC(99) Using 4 workers of 4 for evacuation
[2025-12-25T01:41:00.977+0000][129.093s][info][gc,phases   ] GC(99)   Pre Evacuate Collection Set: 0.2ms
[2025-12-25T01:41:00.977+0000][129.093s][info][gc,phases   ] GC(99)   Merge Heap Roots: 0.2ms
[2025-12-25T01:41:00.977+0000][129.093s][info][gc,phases   ] GC(99)   Evacuate Collection Set: 8.5ms
[2025-12-25T01:41:00.977+0000][129.093s][info][gc,phases   ] GC(99)   Post Evacuate Collection Set: 3.6ms
[2025-12-25T01:41:00.978+0000][129.093s][info][gc,phases   ] GC(99)   Other: 1.0ms
[2025-12-25T01:41:00.978+0000][129.094s][info][gc,heap     ] GC(99) Eden regions: 243->0(243)
[2025-12-25T01:41:00.978+0000][129.094s][info][gc,heap     ] GC(99) Survivor regions: 6->6(32)
[2025-12-25T01:41:00.978+0000][129.094s][info][gc,heap     ] GC(99) Old regions: 52->52
[2025-12-25T01:41:00.979+0000][129.094s][info][gc,heap     ] GC(99) Archive regions: 2->2
[2025-12-25T01:41:00.979+0000][129.095s][info][gc,heap     ] GC(99) Humongous regions: 39->39
[2025-12-25T01:41:00.979+0000][129.095s][info][gc,metaspace] GC(99) Metaspace: 98078K(99392K)->98078K(99392K) NonClass: 84948K(85568K)->84948K(85568K) Class: 13129K(13824K)->13129K(13824K)
[2025-12-25T01:41:00.980+0000][129.096s][info][gc          ] GC(99) Pause Young (Normal) (G1 Evacuation Pause) 339M->97M(416M) 16.420ms
[2025-12-25T01:41:00.980+0000][129.096s][info][gc,cpu      ] GC(99) User=0.01s Sys=0.00s Real=0.02s
[2025-12-25T01:41:01.776+0000][129.892s][info][gc,start    ] GC(100) Pause Young (Normal) (G1 Evacuation Pause)
[2025-12-25T01:41:01.777+0000][129.893s][info][gc,task     ] GC(100) Using 4 workers of 4 for evacuation
[2025-12-25T01:41:01.796+0000][129.912s][info][gc,phases   ] GC(100)   Pre Evacuate Collection Set: 0.7ms
[2025-12-25T01:41:01.797+0000][129.913s][info][gc,phases   ] GC(100)   Merge Heap Roots: 0.5ms
[2025-12-25T01:41:01.798+0000][129.914s][info][gc,phases   ] GC(100)   Evacuate Collection Set: 16.8ms
[2025-12-25T01:41:01.800+0000][129.916s][info][gc,phases   ] GC(100)   Post Evacuate Collection Set: 1.1ms
[2025-12-25T01:41:01.801+0000][129.916s][info][gc,phases   ] GC(100)   Other: 1.1ms
[2025-12-25T01:41:01.801+0000][129.917s][info][gc,heap     ] GC(100) Eden regions: 243->0(241)
[2025-12-25T01:41:01.802+0000][129.917s][info][gc,heap     ] GC(100) Survivor regions: 6->8(32)
[2025-12-25T01:41:01.802+0000][129.918s][info][gc,heap     ] GC(100) Old regions: 52->52
[2025-12-25T01:41:01.802+0000][129.918s][info][gc,heap     ] GC(100) Archive regions: 2->2
[2025-12-25T01:41:01.803+0000][129.918s][info][gc,heap     ] GC(100) Humongous regions: 39->39
[2025-12-25T01:41:01.803+0000][129.919s][info][gc,metaspace] GC(100) Metaspace: 98091K(99392K)->98091K(99392K) NonClass: 84961K(85568K)->84961K(85568K) Class: 13129K(13824K)->13129K(13824K)
[2025-12-25T01:41:01.804+0000][129.919s][info][gc          ] GC(100) Pause Young (Normal) (G1 Evacuation Pause) 340M->98M(416M) 27.038ms
[2025-12-25T01:41:01.804+0000][129.920s][info][gc,cpu      ] GC(100) User=0.02s Sys=0.00s Real=0.03s
[2025-12-25T01:41:02.319+0000][130.434s][info][gc,start    ] GC(101) Pause Young (Normal) (G1 Evacuation Pause)
[2025-12-25T01:41:02.320+0000][130.435s][info][gc,task     ] GC(101) Using 4 workers of 4 for evacuation
[2025-12-25T01:41:02.344+0000][130.459s][info][gc,phases   ] GC(101)   Pre Evacuate Collection Set: 1.0ms
[2025-12-25T01:41:02.344+0000][130.460s][info][gc,phases   ] GC(101)   Merge Heap Roots: 0.2ms
[2025-12-25T01:41:02.345+0000][130.461s][info][gc,phases   ] GC(101)   Evacuate Collection Set: 17.7ms
[2025-12-25T01:41:02.346+0000][130.462s][info][gc,phases   ] GC(101)   Post Evacuate Collection Set: 2.5ms
[2025-12-25T01:41:02.346+0000][130.462s][info][gc,phases   ] GC(101)   Other: 3.8ms
[2025-12-25T01:41:02.347+0000][130.462s][info][gc,heap     ] GC(101) Eden regions: 241->0(243)
[2025-12-25T01:41:02.349+0000][130.465s][info][gc,heap     ] GC(101) Survivor regions: 8->6(32)
[2025-12-25T01:41:02.349+0000][130.465s][info][gc,heap     ] GC(101) Old regions: 52->52
[2025-12-25T01:41:02.350+0000][130.465s][info][gc,heap     ] GC(101) Archive regions: 2->2
[2025-12-25T01:41:02.350+0000][130.466s][info][gc,heap     ] GC(101) Humongous regions: 39->39
[2025-12-25T01:41:02.351+0000][130.466s][info][gc,metaspace] GC(101) Metaspace: 98100K(99392K)->98100K(99392K) NonClass: 84971K(85568K)->84971K(85568K) Class: 13129K(13824K)->13129K(13824K)
[2025-12-25T01:41:02.351+0000][130.467s][info][gc          ] GC(101) Pause Young (Normal) (G1 Evacuation Pause) 339M->97M(416M) 32.150ms
[2025-12-25T01:41:02.351+0000][130.467s][info][gc,cpu      ] GC(101) User=0.02s Sys=0.01s Real=0.03s
[2025-12-25T01:41:04.468+0000][132.584s][info][gc,start    ] GC(102) Pause Young (Normal) (G1 Evacuation Pause)
[2025-12-25T01:41:04.469+0000][132.585s][info][gc,task     ] GC(102) Using 4 workers of 4 for evacuation
[2025-12-25T01:41:04.475+0000][132.591s][info][gc,phases   ] GC(102)   Pre Evacuate Collection Set: 0.4ms
[2025-12-25T01:41:04.475+0000][132.591s][info][gc,phases   ] GC(102)   Merge Heap Roots: 0.1ms
[2025-12-25T01:41:04.475+0000][132.591s][info][gc,phases   ] GC(102)   Evacuate Collection Set: 4.7ms
[2025-12-25T01:41:04.476+0000][132.591s][info][gc,phases   ] GC(102)   Post Evacuate Collection Set: 0.7ms
[2025-12-25T01:41:04.476+0000][132.592s][info][gc,phases   ] GC(102)   Other: 1.3ms
[2025-12-25T01:41:04.476+0000][132.592s][info][gc,heap     ] GC(102) Eden regions: 243->0(242)
[2025-12-25T01:41:04.476+0000][132.592s][info][gc,heap     ] GC(102) Survivor regions: 6->7(32)
[2025-12-25T01:41:04.476+0000][132.592s][info][gc,heap     ] GC(102) Old regions: 52->52
[2025-12-25T01:41:04.476+0000][132.592s][info][gc,heap     ] GC(102) Archive regions: 2->2
[2025-12-25T01:41:04.476+0000][132.592s][info][gc,heap     ] GC(102) Humongous regions: 39->39
[2025-12-25T01:41:04.476+0000][132.592s][info][gc,metaspace] GC(102) Metaspace: 98100K(99392K)->98100K(99392K) NonClass: 84971K(85568K)->84971K(85568K) Class: 13129K(13824K)->13129K(13824K)
[2025-12-25T01:41:04.477+0000][132.592s][info][gc          ] GC(102) Pause Young (Normal) (G1 Evacuation Pause) 340M->97M(416M) 8.730ms
[2025-12-25T01:41:04.477+0000][132.593s][info][gc,cpu      ] GC(102) User=0.02s Sys=0.00s Real=0.01s
[2025-12-25T01:41:05.665+0000][133.781s][info][gc,start    ] GC(103) Pause Young (Normal) (G1 Evacuation Pause)
[2025-12-25T01:41:05.667+0000][133.783s][info][gc,task     ] GC(103) Using 4 workers of 4 for evacuation
[2025-12-25T01:41:05.705+0000][133.821s][info][gc,phases   ] GC(103)   Pre Evacuate Collection Set: 1.0ms
[2025-12-25T01:41:05.706+0000][133.822s][info][gc,phases   ] GC(103)   Merge Heap Roots: 3.3ms
[2025-12-25T01:41:05.709+0000][133.825s][info][gc,phases   ] GC(103)   Evacuate Collection Set: 16.7ms
[2025-12-25T01:41:05.717+0000][133.833s][info][gc,phases   ] GC(103)   Post Evacuate Collection Set: 17.0ms
[2025-12-25T01:41:05.718+0000][133.834s][info][gc,phases   ] GC(103)   Other: 3.8ms
[2025-12-25T01:41:05.720+0000][133.836s][info][gc,heap     ] GC(103) Eden regions: 242->0(242)
[2025-12-25T01:41:05.726+0000][133.842s][info][gc,heap     ] GC(103) Survivor regions: 7->7(32)
[2025-12-25T01:41:05.726+0000][133.842s][info][gc,heap     ] GC(103) Old regions: 52->52
[2025-12-25T01:41:05.729+0000][133.845s][info][gc,heap     ] GC(103) Archive regions: 2->2
[2025-12-25T01:41:05.730+0000][133.846s][info][gc,heap     ] GC(103) Humongous regions: 39->39
[2025-12-25T01:41:05.734+0000][133.850s][info][gc,metaspace] GC(103) Metaspace: 98100K(99392K)->98100K(99392K) NonClass: 84971K(85568K)->84971K(85568K) Class: 13129K(13824K)->13129K(13824K)
[2025-12-25T01:41:05.736+0000][133.852s][info][gc          ] GC(103) Pause Young (Normal) (G1 Evacuation Pause) 339M->98M(416M) 71.661ms
[2025-12-25T01:41:05.751+0000][133.867s][info][gc,cpu      ] GC(103) User=0.05s Sys=0.01s Real=0.08s
[2025-12-25T01:41:06.207+0000][134.323s][info][gc,start    ] GC(104) Pause Young (Normal) (G1 Evacuation Pause)
[2025-12-25T01:41:06.207+0000][134.323s][info][gc,task     ] GC(104) Using 4 workers of 4 for evacuation
[2025-12-25T01:41:06.225+0000][134.341s][info][gc,phases   ] GC(104)   Pre Evacuate Collection Set: 0.1ms
[2025-12-25T01:41:06.225+0000][134.341s][info][gc,phases   ] GC(104)   Merge Heap Roots: 0.1ms
[2025-12-25T01:41:06.228+0000][134.343s][info][gc,phases   ] GC(104)   Evacuate Collection Set: 17.0ms
[2025-12-25T01:41:06.228+0000][134.344s][info][gc,phases   ] GC(104)   Post Evacuate Collection Set: 0.5ms
[2025-12-25T01:41:06.228+0000][134.344s][info][gc,phases   ] GC(104)   Other: 0.5ms
[2025-12-25T01:41:06.228+0000][134.344s][info][gc,heap     ] GC(104) Eden regions: 242->0(241)
[2025-12-25T01:41:06.229+0000][134.345s][info][gc,heap     ] GC(104) Survivor regions: 7->8(32)
[2025-12-25T01:41:06.229+0000][134.345s][info][gc,heap     ] GC(104) Old regions: 52->53
[2025-12-25T01:41:06.230+0000][134.346s][info][gc,heap     ] GC(104) Archive regions: 2->2
[2025-12-25T01:41:06.230+0000][134.346s][info][gc,heap     ] GC(104) Humongous regions: 39->39
[2025-12-25T01:41:06.230+0000][134.346s][info][gc,metaspace] GC(104) Metaspace: 98100K(99392K)->98100K(99392K) NonClass: 84971K(85568K)->84971K(85568K) Class: 13129K(13824K)->13129K(13824K)
[2025-12-25T01:41:06.231+0000][134.347s][info][gc          ] GC(104) Pause Young (Normal) (G1 Evacuation Pause) 340M->99M(416M) 23.640ms
[2025-12-25T01:41:06.231+0000][134.347s][info][gc,cpu      ] GC(104) User=0.02s Sys=0.00s Real=0.02s
[2025-12-25T01:41:06.631+0000][134.747s][info][gc,start    ] GC(105) Pause Young (Normal) (G1 Evacuation Pause)
[2025-12-25T01:41:06.632+0000][134.747s][info][gc,task     ] GC(105) Using 4 workers of 4 for evacuation
[2025-12-25T01:41:06.638+0000][134.754s][info][gc,phases   ] GC(105)   Pre Evacuate Collection Set: 0.2ms
[2025-12-25T01:41:06.638+0000][134.754s][info][gc,phases   ] GC(105)   Merge Heap Roots: 0.3ms
[2025-12-25T01:41:06.638+0000][134.754s][info][gc,phases   ] GC(105)   Evacuate Collection Set: 4.8ms
[2025-12-25T01:41:06.638+0000][134.754s][info][gc,phases   ] GC(105)   Post Evacuate Collection Set: 0.7ms
[2025-12-25T01:41:06.638+0000][134.754s][info][gc,phases   ] GC(105)   Other: 0.6ms
[2025-12-25T01:41:06.638+0000][134.754s][info][gc,heap     ] GC(105) Eden regions: 241->0(243)
[2025-12-25T01:41:06.639+0000][134.754s][info][gc,heap     ] GC(105) Survivor regions: 8->6(32)
[2025-12-25T01:41:06.639+0000][134.755s][info][gc,heap     ] GC(105) Old regions: 53->53
[2025-12-25T01:41:06.639+0000][134.755s][info][gc,heap     ] GC(105) Archive regions: 2->2
[2025-12-25T01:41:06.639+0000][134.755s][info][gc,heap     ] GC(105) Humongous regions: 39->39
[2025-12-25T01:41:06.639+0000][134.755s][info][gc,metaspace] GC(105) Metaspace: 98100K(99392K)->98100K(99392K) NonClass: 84971K(85568K)->84971K(85568K) Class: 13129K(13824K)->13129K(13824K)
[2025-12-25T01:41:06.639+0000][134.755s][info][gc          ] GC(105) Pause Young (Normal) (G1 Evacuation Pause) 340M->98M(416M) 7.816ms
[2025-12-25T01:41:06.639+0000][134.755s][info][gc,cpu      ] GC(105) User=0.01s Sys=0.00s Real=0.01s
[2025-12-25T01:41:07.201+0000][135.317s][info][gc,start    ] GC(106) Pause Young (Normal) (G1 Evacuation Pause)
[2025-12-25T01:41:07.201+0000][135.317s][info][gc,task     ] GC(106) Using 4 workers of 4 for evacuation
[2025-12-25T01:41:07.216+0000][135.332s][info][gc,phases   ] GC(106)   Pre Evacuate Collection Set: 1.0ms
[2025-12-25T01:41:07.216+0000][135.332s][info][gc,phases   ] GC(106)   Merge Heap Roots: 1.1ms
[2025-12-25T01:41:07.216+0000][135.332s][info][gc,phases   ] GC(106)   Evacuate Collection Set: 9.9ms
[2025-12-25T01:41:07.217+0000][135.332s][info][gc,phases   ] GC(106)   Post Evacuate Collection Set: 1.5ms
[2025-12-25T01:41:07.217+0000][135.333s][info][gc,phases   ] GC(106)   Other: 1.5ms
[2025-12-25T01:41:07.217+0000][135.333s][info][gc,heap     ] GC(106) Eden regions: 243->0(244)
[2025-12-25T01:41:07.220+0000][135.336s][info][gc,heap     ] GC(106) Survivor regions: 6->5(32)
[2025-12-25T01:41:07.220+0000][135.336s][info][gc,heap     ] GC(106) Old regions: 53->53
[2025-12-25T01:41:07.221+0000][135.337s][info][gc,heap     ] GC(106) Archive regions: 2->2
[2025-12-25T01:41:07.222+0000][135.338s][info][gc,heap     ] GC(106) Humongous regions: 39->39
[2025-12-25T01:41:07.223+0000][135.339s][info][gc,metaspace] GC(106) Metaspace: 98112K(99392K)->98112K(99392K) NonClass: 84982K(85568K)->84982K(85568K) Class: 13129K(13824K)->13129K(13824K)
[2025-12-25T01:41:07.223+0000][135.339s][info][gc          ] GC(106) Pause Young (Normal) (G1 Evacuation Pause) 341M->97M(416M) 22.440ms
[2025-12-25T01:41:07.224+0000][135.340s][info][gc,cpu      ] GC(106) User=0.02s Sys=0.00s Real=0.02s
[2025-12-25T01:41:07.872+0000][135.988s][info][gc,start    ] GC(107) Pause Young (Normal) (G1 Evacuation Pause)
[2025-12-25T01:41:07.874+0000][135.990s][info][gc,task     ] GC(107) Using 4 workers of 4 for evacuation
[2025-12-25T01:41:07.884+0000][136.000s][info][gc,phases   ] GC(107)   Pre Evacuate Collection Set: 1.0ms
[2025-12-25T01:41:07.885+0000][136.001s][info][gc,phases   ] GC(107)   Merge Heap Roots: 0.6ms
[2025-12-25T01:41:07.885+0000][136.001s][info][gc,phases   ] GC(107)   Evacuate Collection Set: 6.3ms
[2025-12-25T01:41:07.885+0000][136.001s][info][gc,phases   ] GC(107)   Post Evacuate Collection Set: 1.3ms
[2025-12-25T01:41:07.885+0000][136.001s][info][gc,phases   ] GC(107)   Other: 8.1ms
[2025-12-25T01:41:07.885+0000][136.001s][info][gc,heap     ] GC(107) Eden regions: 244->0(245)
[2025-12-25T01:41:07.885+0000][136.001s][info][gc,heap     ] GC(107) Survivor regions: 5->4(32)
[2025-12-25T01:41:07.885+0000][136.001s][info][gc,heap     ] GC(107) Old regions: 53->54
[2025-12-25T01:41:07.885+0000][136.001s][info][gc,heap     ] GC(107) Archive regions: 2->2
[2025-12-25T01:41:07.885+0000][136.001s][info][gc,heap     ] GC(107) Humongous regions: 39->39
[2025-12-25T01:41:07.886+0000][136.001s][info][gc,metaspace] GC(107) Metaspace: 98116K(99392K)->98116K(99392K) NonClass: 84986K(85568K)->84986K(85568K) Class: 13129K(13824K)->13129K(13824K)
[2025-12-25T01:41:07.886+0000][136.002s][info][gc          ] GC(107) Pause Young (Normal) (G1 Evacuation Pause) 341M->96M(416M) 14.028ms
[2025-12-25T01:41:07.886+0000][136.002s][info][gc,cpu      ] GC(107) User=0.02s Sys=0.01s Real=0.02s
[2025-12-25T01:41:08.240+0000][136.356s][info][gc,start    ] GC(108) Pause Young (Normal) (G1 Evacuation Pause)
[2025-12-25T01:41:08.244+0000][136.360s][info][gc,task     ] GC(108) Using 4 workers of 4 for evacuation
[2025-12-25T01:41:08.259+0000][136.374s][info][gc,phases   ] GC(108)   Pre Evacuate Collection Set: 0.2ms
[2025-12-25T01:41:08.259+0000][136.375s][info][gc,phases   ] GC(108)   Merge Heap Roots: 0.2ms
[2025-12-25T01:41:08.260+0000][136.376s][info][gc,phases   ] GC(108)   Evacuate Collection Set: 11.6ms
[2025-12-25T01:41:08.260+0000][136.376s][info][gc,phases   ] GC(108)   Post Evacuate Collection Set: 1.6ms
[2025-12-25T01:41:08.261+0000][136.377s][info][gc,phases   ] GC(108)   Other: 5.0ms
[2025-12-25T01:41:08.261+0000][136.377s][info][gc,heap     ] GC(108) Eden regions: 245->0(243)
[2025-12-25T01:41:08.261+0000][136.377s][info][gc,heap     ] GC(108) Survivor regions: 4->6(32)
[2025-12-25T01:41:08.263+0000][136.378s][info][gc,heap     ] GC(108) Old regions: 54->54
[2025-12-25T01:41:08.263+0000][136.379s][info][gc,heap     ] GC(108) Archive regions: 2->2
[2025-12-25T01:41:08.263+0000][136.379s][info][gc,heap     ] GC(108) Humongous regions: 39->39
[2025-12-25T01:41:08.264+0000][136.380s][info][gc,metaspace] GC(108) Metaspace: 98123K(99392K)->98123K(99392K) NonClass: 84993K(85568K)->84993K(85568K) Class: 13129K(13824K)->13129K(13824K)
[2025-12-25T01:41:08.264+0000][136.380s][info][gc          ] GC(108) Pause Young (Normal) (G1 Evacuation Pause) 341M->98M(416M) 23.802ms
[2025-12-25T01:41:08.264+0000][136.380s][info][gc,cpu      ] GC(108) User=0.02s Sys=0.01s Real=0.02s
[2025-12-25T01:41:08.731+0000][136.847s][info][gc,start    ] GC(109) Pause Young (Normal) (G1 Evacuation Pause)
[2025-12-25T01:41:08.731+0000][136.847s][info][gc,task     ] GC(109) Using 4 workers of 4 for evacuation
[2025-12-25T01:41:08.741+0000][136.857s][info][gc,phases   ] GC(109)   Pre Evacuate Collection Set: 0.4ms
[2025-12-25T01:41:08.741+0000][136.857s][info][gc,phases   ] GC(109)   Merge Heap Roots: 0.1ms
[2025-12-25T01:41:08.742+0000][136.857s][info][gc,phases   ] GC(109)   Evacuate Collection Set: 8.0ms
[2025-12-25T01:41:08.743+0000][136.859s][info][gc,phases   ] GC(109)   Post Evacuate Collection Set: 0.9ms
[2025-12-25T01:41:08.747+0000][136.862s][info][gc,phases   ] GC(109)   Other: 0.9ms
[2025-12-25T01:41:08.747+0000][136.863s][info][gc,heap     ] GC(109) Eden regions: 243->0(244)
[2025-12-25T01:41:08.747+0000][136.863s][info][gc,heap     ] GC(109) Survivor regions: 6->5(32)
[2025-12-25T01:41:08.747+0000][136.863s][info][gc,heap     ] GC(109) Old regions: 54->54
[2025-12-25T01:41:08.748+0000][136.863s][info][gc,heap     ] GC(109) Archive regions: 2->2
[2025-12-25T01:41:08.748+0000][136.864s][info][gc,heap     ] GC(109) Humongous regions: 39->39
[2025-12-25T01:41:08.748+0000][136.864s][info][gc,metaspace] GC(109) Metaspace: 98123K(99392K)->98123K(99392K) NonClass: 84993K(85568K)->84993K(85568K) Class: 13129K(13824K)->13129K(13824K)
[2025-12-25T01:41:08.748+0000][136.864s][info][gc          ] GC(109) Pause Young (Normal) (G1 Evacuation Pause) 341M->98M(416M) 17.196ms
[2025-12-25T01:41:08.748+0000][136.864s][info][gc,cpu      ] GC(109) User=0.01s Sys=0.00s Real=0.02s
[2025-12-25T01:41:09.090+0000][137.206s][info][gc,start    ] GC(110) Pause Young (Normal) (G1 Evacuation Pause)
[2025-12-25T01:41:09.090+0000][137.206s][info][gc,task     ] GC(110) Using 4 workers of 4 for evacuation
[2025-12-25T01:41:09.102+0000][137.218s][info][gc,phases   ] GC(110)   Pre Evacuate Collection Set: 0.2ms
[2025-12-25T01:41:09.105+0000][137.221s][info][gc,phases   ] GC(110)   Merge Heap Roots: 0.1ms
[2025-12-25T01:41:09.106+0000][137.222s][info][gc,phases   ] GC(110)   Evacuate Collection Set: 10.2ms
[2025-12-25T01:41:09.107+0000][137.223s][info][gc,phases   ] GC(110)   Post Evacuate Collection Set: 0.6ms
[2025-12-25T01:41:09.107+0000][137.223s][info][gc,phases   ] GC(110)   Other: 0.9ms
[2025-12-25T01:41:09.107+0000][137.223s][info][gc,heap     ] GC(110) Eden regions: 244->0(243)
[2025-12-25T01:41:09.108+0000][137.224s][info][gc,heap     ] GC(110) Survivor regions: 5->6(32)
[2025-12-25T01:41:09.108+0000][137.224s][info][gc,heap     ] GC(110) Old regions: 54->54
[2025-12-25T01:41:09.108+0000][137.224s][info][gc,heap     ] GC(110) Archive regions: 2->2
[2025-12-25T01:41:09.110+0000][137.226s][info][gc,heap     ] GC(110) Humongous regions: 39->39
[2025-12-25T01:41:09.111+0000][137.227s][info][gc,metaspace] GC(110) Metaspace: 98123K(99392K)->98123K(99392K) NonClass: 84993K(85568K)->84993K(85568K) Class: 13129K(13824K)->13129K(13824K)
[2025-12-25T01:41:09.112+0000][137.227s][info][gc          ] GC(110) Pause Young (Normal) (G1 Evacuation Pause) 342M->98M(416M) 21.608ms
[2025-12-25T01:41:09.114+0000][137.230s][info][gc,cpu      ] GC(110) User=0.01s Sys=0.00s Real=0.02s
[2025-12-25T01:41:09.579+0000][137.695s][info][gc,start    ] GC(111) Pause Young (Normal) (G1 Evacuation Pause)
[2025-12-25T01:41:09.579+0000][137.695s][info][gc,task     ] GC(111) Using 4 workers of 4 for evacuation
[2025-12-25T01:41:09.585+0000][137.701s][info][gc,phases   ] GC(111)   Pre Evacuate Collection Set: 0.3ms
[2025-12-25T01:41:09.585+0000][137.701s][info][gc,phases   ] GC(111)   Merge Heap Roots: 0.3ms
[2025-12-25T01:41:09.585+0000][137.701s][info][gc,phases   ] GC(111)   Evacuate Collection Set: 3.8ms
[2025-12-25T01:41:09.585+0000][137.701s][info][gc,phases   ] GC(111)   Post Evacuate Collection Set: 1.2ms
[2025-12-25T01:41:09.586+0000][137.701s][info][gc,phases   ] GC(111)   Other: 0.6ms
[2025-12-25T01:41:09.586+0000][137.702s][info][gc,heap     ] GC(111) Eden regions: 243->0(243)
[2025-12-25T01:41:09.586+0000][137.702s][info][gc,heap     ] GC(111) Survivor regions: 6->6(32)
[2025-12-25T01:41:09.586+0000][137.702s][info][gc,heap     ] GC(111) Old regions: 54->54
[2025-12-25T01:41:09.586+0000][137.702s][info][gc,heap     ] GC(111) Archive regions: 2->2
[2025-12-25T01:41:09.586+0000][137.702s][info][gc,heap     ] GC(111) Humongous regions: 39->39
[2025-12-25T01:41:09.586+0000][137.702s][info][gc,metaspace] GC(111) Metaspace: 98123K(99392K)->98123K(99392K) NonClass: 84993K(85568K)->84993K(85568K) Class: 13129K(13824K)->13129K(13824K)
[2025-12-25T01:41:09.587+0000][137.702s][info][gc          ] GC(111) Pause Young (Normal) (G1 Evacuation Pause) 341M->98M(416M) 7.729ms
[2025-12-25T01:41:09.587+0000][137.703s][info][gc,cpu      ] GC(111) User=0.02s Sys=0.00s Real=0.01s
[2025-12-25T01:41:10.082+0000][138.198s][info][gc,start    ] GC(112) Pause Young (Normal) (G1 Evacuation Pause)
[2025-12-25T01:41:10.084+0000][138.200s][info][gc,task     ] GC(112) Using 4 workers of 4 for evacuation
[2025-12-25T01:41:10.103+0000][138.219s][info][gc,phases   ] GC(112)   Pre Evacuate Collection Set: 0.8ms
[2025-12-25T01:41:10.107+0000][138.223s][info][gc,phases   ] GC(112)   Merge Heap Roots: 0.2ms
[2025-12-25T01:41:10.107+0000][138.223s][info][gc,phases   ] GC(112)   Evacuate Collection Set: 14.8ms
[2025-12-25T01:41:10.108+0000][138.224s][info][gc,phases   ] GC(112)   Post Evacuate Collection Set: 2.6ms
[2025-12-25T01:41:10.109+0000][138.225s][info][gc,phases   ] GC(112)   Other: 3.6ms
[2025-12-25T01:41:10.110+0000][138.225s][info][gc,heap     ] GC(112) Eden regions: 243->0(245)
[2025-12-25T01:41:10.110+0000][138.226s][info][gc,heap     ] GC(112) Survivor regions: 6->4(32)
[2025-12-25T01:41:10.111+0000][138.226s][info][gc,heap     ] GC(112) Old regions: 54->54
[2025-12-25T01:41:10.111+0000][138.227s][info][gc,heap     ] GC(112) Archive regions: 2->2
[2025-12-25T01:41:10.111+0000][138.227s][info][gc,heap     ] GC(112) Humongous regions: 39->39
[2025-12-25T01:41:10.112+0000][138.227s][info][gc,metaspace] GC(112) Metaspace: 98123K(99392K)->98123K(99392K) NonClass: 84993K(85568K)->84993K(85568K) Class: 13129K(13824K)->13129K(13824K)
[2025-12-25T01:41:10.112+0000][138.228s][info][gc          ] GC(112) Pause Young (Normal) (G1 Evacuation Pause) 341M->97M(416M) 29.803ms
[2025-12-25T01:41:10.113+0000][138.228s][info][gc,cpu      ] GC(112) User=0.03s Sys=0.00s Real=0.03s
[2025-12-25T01:41:10.388+0000][138.504s][info][gc,start    ] GC(113) Pause Young (Normal) (G1 Evacuation Pause)
[2025-12-25T01:41:10.395+0000][138.510s][info][gc,task     ] GC(113) Using 4 workers of 4 for evacuation
[2025-12-25T01:41:10.401+0000][138.517s][info][gc,phases   ] GC(113)   Pre Evacuate Collection Set: 0.8ms
[2025-12-25T01:41:10.401+0000][138.517s][info][gc,phases   ] GC(113)   Merge Heap Roots: 0.3ms
[2025-12-25T01:41:10.401+0000][138.517s][info][gc,phases   ] GC(113)   Evacuate Collection Set: 3.9ms
[2025-12-25T01:41:10.402+0000][138.518s][info][gc,phases   ] GC(113)   Post Evacuate Collection Set: 0.5ms
[2025-12-25T01:41:10.402+0000][138.518s][info][gc,phases   ] GC(113)   Other: 7.2ms
[2025-12-25T01:41:10.404+0000][138.520s][info][gc,heap     ] GC(113) Eden regions: 245->0(243)
[2025-12-25T01:41:10.406+0000][138.522s][info][gc,heap     ] GC(113) Survivor regions: 4->6(32)
[2025-12-25T01:41:10.406+0000][138.522s][info][gc,heap     ] GC(113) Old regions: 54->54
[2025-12-25T01:41:10.406+0000][138.522s][info][gc,heap     ] GC(113) Archive regions: 2->2
[2025-12-25T01:41:10.407+0000][138.523s][info][gc,heap     ] GC(113) Humongous regions: 39->39
[2025-12-25T01:41:10.407+0000][138.523s][info][gc,metaspace] GC(113) Metaspace: 98124K(99392K)->98124K(99392K) NonClass: 84994K(85568K)->84994K(85568K) Class: 13129K(13824K)->13129K(13824K)
[2025-12-25T01:41:10.408+0000][138.524s][info][gc          ] GC(113) Pause Young (Normal) (G1 Evacuation Pause) 342M->99M(416M) 19.834ms
[2025-12-25T01:41:10.408+0000][138.524s][info][gc,cpu      ] GC(113) User=0.01s Sys=0.01s Real=0.02s
[2025-12-25T01:41:10.746+0000][138.861s][info][gc,start    ] GC(114) Pause Young (Normal) (G1 Evacuation Pause)
[2025-12-25T01:41:10.748+0000][138.864s][info][gc,task     ] GC(114) Using 4 workers of 4 for evacuation
[2025-12-25T01:41:10.775+0000][138.891s][info][gc,phases   ] GC(114)   Pre Evacuate Collection Set: 4.5ms
[2025-12-25T01:41:10.776+0000][138.892s][info][gc,phases   ] GC(114)   Merge Heap Roots: 0.4ms
[2025-12-25T01:41:10.776+0000][138.892s][info][gc,phases   ] GC(114)   Evacuate Collection Set: 17.5ms
[2025-12-25T01:41:10.777+0000][138.892s][info][gc,phases   ] GC(114)   Post Evacuate Collection Set: 1.7ms
[2025-12-25T01:41:10.777+0000][138.893s][info][gc,phases   ] GC(114)   Other: 6.6ms
[2025-12-25T01:41:10.778+0000][138.893s][info][gc,heap     ] GC(114) Eden regions: 243->0(243)
[2025-12-25T01:41:10.778+0000][138.894s][info][gc,heap     ] GC(114) Survivor regions: 6->6(32)
[2025-12-25T01:41:10.778+0000][138.894s][info][gc,heap     ] GC(114) Old regions: 54->54
[2025-12-25T01:41:10.778+0000][138.894s][info][gc,heap     ] GC(114) Archive regions: 2->2
[2025-12-25T01:41:10.779+0000][138.894s][info][gc,heap     ] GC(114) Humongous regions: 39->39
[2025-12-25T01:41:10.779+0000][138.895s][info][gc,metaspace] GC(114) Metaspace: 98125K(99392K)->98125K(99392K) NonClass: 84996K(85568K)->84996K(85568K) Class: 13129K(13824K)->13129K(13824K)
[2025-12-25T01:41:10.779+0000][138.895s][info][gc          ] GC(114) Pause Young (Normal) (G1 Evacuation Pause) 342M->98M(416M) 33.642ms
[2025-12-25T01:41:10.780+0000][138.896s][info][gc,cpu      ] GC(114) User=0.03s Sys=0.00s Real=0.03s
[2025-12-25T01:41:11.758+0000][139.874s][info][gc,start    ] GC(115) Pause Young (Normal) (G1 Evacuation Pause)
[2025-12-25T01:41:11.759+0000][139.874s][info][gc,task     ] GC(115) Using 4 workers of 4 for evacuation
[2025-12-25T01:41:11.766+0000][139.882s][info][gc,phases   ] GC(115)   Pre Evacuate Collection Set: 0.7ms
[2025-12-25T01:41:11.767+0000][139.882s][info][gc,phases   ] GC(115)   Merge Heap Roots: 0.1ms
[2025-12-25T01:41:11.767+0000][139.883s][info][gc,phases   ] GC(115)   Evacuate Collection Set: 5.7ms
[2025-12-25T01:41:11.767+0000][139.883s][info][gc,phases   ] GC(115)   Post Evacuate Collection Set: 1.1ms
[2025-12-25T01:41:11.768+0000][139.884s][info][gc,phases   ] GC(115)   Other: 1.0ms
[2025-12-25T01:41:11.768+0000][139.884s][info][gc,heap     ] GC(115) Eden regions: 243->0(245)
[2025-12-25T01:41:11.769+0000][139.884s][info][gc,heap     ] GC(115) Survivor regions: 6->4(32)
[2025-12-25T01:41:11.769+0000][139.885s][info][gc,heap     ] GC(115) Old regions: 54->54
[2025-12-25T01:41:11.770+0000][139.886s][info][gc,heap     ] GC(115) Archive regions: 2->2
[2025-12-25T01:41:11.770+0000][139.886s][info][gc,heap     ] GC(115) Humongous regions: 39->39
[2025-12-25T01:41:11.771+0000][139.886s][info][gc,metaspace] GC(115) Metaspace: 98127K(99392K)->98127K(99392K) NonClass: 84997K(85568K)->84997K(85568K) Class: 13129K(13824K)->13129K(13824K)
[2025-12-25T01:41:11.771+0000][139.887s][info][gc          ] GC(115) Pause Young (Normal) (G1 Evacuation Pause) 341M->96M(416M) 12.759ms
[2025-12-25T01:41:11.772+0000][139.888s][info][gc,cpu      ] GC(115) User=0.03s Sys=0.00s Real=0.01s
[2025-12-25T01:41:15.581+0000][143.697s][info][gc,start    ] GC(116) Pause Young (Normal) (G1 Evacuation Pause)
[2025-12-25T01:41:15.582+0000][143.698s][info][gc,task     ] GC(116) Using 4 workers of 4 for evacuation
[2025-12-25T01:41:15.607+0000][143.723s][info][gc,phases   ] GC(116)   Pre Evacuate Collection Set: 2.6ms
[2025-12-25T01:41:15.608+0000][143.723s][info][gc,phases   ] GC(116)   Merge Heap Roots: 0.6ms
[2025-12-25T01:41:15.608+0000][143.724s][info][gc,phases   ] GC(116)   Evacuate Collection Set: 19.3ms
[2025-12-25T01:41:15.608+0000][143.724s][info][gc,phases   ] GC(116)   Post Evacuate Collection Set: 2.1ms
[2025-12-25T01:41:15.608+0000][143.724s][info][gc,phases   ] GC(116)   Other: 2.1ms
[2025-12-25T01:41:15.608+0000][143.724s][info][gc,heap     ] GC(116) Eden regions: 245->0(245)
[2025-12-25T01:41:15.608+0000][143.724s][info][gc,heap     ] GC(116) Survivor regions: 4->4(32)
[2025-12-25T01:41:15.608+0000][143.724s][info][gc,heap     ] GC(116) Old regions: 54->54
[2025-12-25T01:41:15.608+0000][143.724s][info][gc,heap     ] GC(116) Archive regions: 2->2
[2025-12-25T01:41:15.608+0000][143.724s][info][gc,heap     ] GC(116) Humongous regions: 39->39
[2025-12-25T01:41:15.609+0000][143.724s][info][gc,metaspace] GC(116) Metaspace: 98135K(99392K)->98135K(99392K) NonClass: 85005K(85568K)->85005K(85568K) Class: 13129K(13824K)->13129K(13824K)
[2025-12-25T01:41:15.609+0000][143.725s][info][gc          ] GC(116) Pause Young (Normal) (G1 Evacuation Pause) 341M->96M(416M) 27.498ms
[2025-12-25T01:41:15.609+0000][143.725s][info][gc,cpu      ] GC(116) User=0.09s Sys=0.00s Real=0.03s
[2025-12-25T01:41:18.987+0000][147.103s][info][gc,start    ] GC(117) Pause Young (Normal) (G1 Evacuation Pause)
[2025-12-25T01:41:18.987+0000][147.103s][info][gc,task     ] GC(117) Using 4 workers of 4 for evacuation
[2025-12-25T01:41:18.990+0000][147.105s][info][gc,phases   ] GC(117)   Pre Evacuate Collection Set: 0.2ms
[2025-12-25T01:41:18.990+0000][147.106s][info][gc,phases   ] GC(117)   Merge Heap Roots: 0.1ms
[2025-12-25T01:41:18.990+0000][147.106s][info][gc,phases   ] GC(117)   Evacuate Collection Set: 1.5ms
[2025-12-25T01:41:18.990+0000][147.106s][info][gc,phases   ] GC(117)   Post Evacuate Collection Set: 0.5ms
[2025-12-25T01:41:18.990+0000][147.106s][info][gc,phases   ] GC(117)   Other: 0.5ms
[2025-12-25T01:41:18.990+0000][147.106s][info][gc,heap     ] GC(117) Eden regions: 245->0(246)
[2025-12-25T01:41:18.990+0000][147.106s][info][gc,heap     ] GC(117) Survivor regions: 4->3(32)
[2025-12-25T01:41:18.990+0000][147.106s][info][gc,heap     ] GC(117) Old regions: 54->54
[2025-12-25T01:41:18.990+0000][147.106s][info][gc,heap     ] GC(117) Archive regions: 2->2
[2025-12-25T01:41:18.990+0000][147.106s][info][gc,heap     ] GC(117) Humongous regions: 39->39
[2025-12-25T01:41:18.991+0000][147.106s][info][gc,metaspace] GC(117) Metaspace: 98143K(99392K)->98143K(99392K) NonClass: 85012K(85568K)->85012K(85568K) Class: 13130K(13824K)->13130K(13824K)
[2025-12-25T01:41:18.991+0000][147.106s][info][gc          ] GC(117) Pause Young (Normal) (G1 Evacuation Pause) 341M->95M(416M) 3.651ms
[2025-12-25T01:41:18.991+0000][147.107s][info][gc,cpu      ] GC(117) User=0.01s Sys=0.00s Real=0.00s
[2025-12-25T01:41:21.296+0000][149.412s][info][gc,start    ] GC(118) Pause Young (Normal) (G1 Evacuation Pause)
[2025-12-25T01:41:21.298+0000][149.414s][info][gc,task     ] GC(118) Using 4 workers of 4 for evacuation
[2025-12-25T01:41:21.334+0000][149.450s][info][gc,phases   ] GC(118)   Pre Evacuate Collection Set: 9.1ms
[2025-12-25T01:41:21.337+0000][149.452s][info][gc,phases   ] GC(118)   Merge Heap Roots: 1.6ms
[2025-12-25T01:41:21.338+0000][149.454s][info][gc,phases   ] GC(118)   Evacuate Collection Set: 16.6ms
[2025-12-25T01:41:21.340+0000][149.456s][info][gc,phases   ] GC(118)   Post Evacuate Collection Set: 3.4ms
[2025-12-25T01:41:21.343+0000][149.458s][info][gc,phases   ] GC(118)   Other: 7.9ms
[2025-12-25T01:41:21.343+0000][149.459s][info][gc,heap     ] GC(118) Eden regions: 246->0(245)
[2025-12-25T01:41:21.346+0000][149.462s][info][gc,heap     ] GC(118) Survivor regions: 3->4(32)
[2025-12-25T01:41:21.351+0000][149.466s][info][gc,heap     ] GC(118) Old regions: 54->54
[2025-12-25T01:41:21.352+0000][149.468s][info][gc,heap     ] GC(118) Archive regions: 2->2
[2025-12-25T01:41:21.352+0000][149.468s][info][gc,heap     ] GC(118) Humongous regions: 39->39
[2025-12-25T01:41:21.355+0000][149.471s][info][gc,metaspace] GC(118) Metaspace: 98144K(99392K)->98144K(99392K) NonClass: 85013K(85568K)->85013K(85568K) Class: 13130K(13824K)->13130K(13824K)
[2025-12-25T01:41:21.358+0000][149.474s][info][gc          ] GC(118) Pause Young (Normal) (G1 Evacuation Pause) 341M->96M(416M) 61.814ms
[2025-12-25T01:41:21.359+0000][149.475s][info][gc,cpu      ] GC(118) User=0.04s Sys=0.01s Real=0.06s
[2025-12-25T01:41:21.963+0000][150.079s][info][gc,start    ] GC(119) Pause Young (Normal) (G1 Evacuation Pause)
[2025-12-25T01:41:21.963+0000][150.079s][info][gc,task     ] GC(119) Using 4 workers of 4 for evacuation
[2025-12-25T01:41:21.972+0000][150.088s][info][gc,phases   ] GC(119)   Pre Evacuate Collection Set: 0.5ms
[2025-12-25T01:41:21.972+0000][150.088s][info][gc,phases   ] GC(119)   Merge Heap Roots: 0.2ms
[2025-12-25T01:41:21.973+0000][150.088s][info][gc,phases   ] GC(119)   Evacuate Collection Set: 7.3ms
[2025-12-25T01:41:21.973+0000][150.088s][info][gc,phases   ] GC(119)   Post Evacuate Collection Set: 0.5ms
[2025-12-25T01:41:21.973+0000][150.089s][info][gc,phases   ] GC(119)   Other: 1.1ms
[2025-12-25T01:41:21.973+0000][150.089s][info][gc,heap     ] GC(119) Eden regions: 245->0(245)
[2025-12-25T01:41:21.973+0000][150.089s][info][gc,heap     ] GC(119) Survivor regions: 4->4(32)
[2025-12-25T01:41:21.973+0000][150.089s][info][gc,heap     ] GC(119) Old regions: 54->54
[2025-12-25T01:41:21.974+0000][150.089s][info][gc,heap     ] GC(119) Archive regions: 2->2
[2025-12-25T01:41:21.974+0000][150.090s][info][gc,heap     ] GC(119) Humongous regions: 39->39
[2025-12-25T01:41:21.974+0000][150.090s][info][gc,metaspace] GC(119) Metaspace: 98147K(99392K)->98147K(99392K) NonClass: 85017K(85568K)->85017K(85568K) Class: 13130K(13824K)->13130K(13824K)
[2025-12-25T01:41:21.974+0000][150.090s][info][gc          ] GC(119) Pause Young (Normal) (G1 Evacuation Pause) 341M->97M(416M) 11.540ms
[2025-12-25T01:41:21.975+0000][150.091s][info][gc,cpu      ] GC(119) User=0.01s Sys=0.00s Real=0.02s
[2025-12-25T01:41:22.495+0000][150.611s][info][gc,start    ] GC(120) Pause Young (Normal) (G1 Evacuation Pause)
[2025-12-25T01:41:22.496+0000][150.612s][info][gc,task     ] GC(120) Using 4 workers of 4 for evacuation
[2025-12-25T01:41:22.517+0000][150.633s][info][gc,phases   ] GC(120)   Pre Evacuate Collection Set: 3.0ms
[2025-12-25T01:41:22.517+0000][150.633s][info][gc,phases   ] GC(120)   Merge Heap Roots: 0.5ms
[2025-12-25T01:41:22.519+0000][150.634s][info][gc,phases   ] GC(120)   Evacuate Collection Set: 14.5ms
[2025-12-25T01:41:22.519+0000][150.635s][info][gc,phases   ] GC(120)   Post Evacuate Collection Set: 2.4ms
[2025-12-25T01:41:22.519+0000][150.635s][info][gc,phases   ] GC(120)   Other: 1.5ms
[2025-12-25T01:41:22.520+0000][150.636s][info][gc,heap     ] GC(120) Eden regions: 245->0(245)
[2025-12-25T01:41:22.523+0000][150.638s][info][gc,heap     ] GC(120) Survivor regions: 4->4(32)
[2025-12-25T01:41:22.524+0000][150.639s][info][gc,heap     ] GC(120) Old regions: 54->54
[2025-12-25T01:41:22.525+0000][150.641s][info][gc,heap     ] GC(120) Archive regions: 2->2
[2025-12-25T01:41:22.527+0000][150.643s][info][gc,heap     ] GC(120) Humongous regions: 39->39
[2025-12-25T01:41:22.528+0000][150.644s][info][gc,metaspace] GC(120) Metaspace: 98160K(99392K)->98160K(99392K) NonClass: 85029K(85568K)->85029K(85568K) Class: 13130K(13824K)->13130K(13824K)
[2025-12-25T01:41:22.534+0000][150.650s][info][gc          ] GC(120) Pause Young (Normal) (G1 Evacuation Pause) 342M->97M(416M) 38.970ms
[2025-12-25T01:41:22.537+0000][150.653s][info][gc,cpu      ] GC(120) User=0.02s Sys=0.00s Real=0.04s
[2025-12-25T01:41:23.239+0000][151.355s][info][gc,start    ] GC(121) Pause Young (Normal) (G1 Evacuation Pause)
[2025-12-25T01:41:23.247+0000][151.363s][info][gc,task     ] GC(121) Using 4 workers of 4 for evacuation
[2025-12-25T01:41:23.266+0000][151.382s][info][gc,phases   ] GC(121)   Pre Evacuate Collection Set: 1.4ms
[2025-12-25T01:41:23.267+0000][151.383s][info][gc,phases   ] GC(121)   Merge Heap Roots: 0.5ms
[2025-12-25T01:41:23.268+0000][151.384s][info][gc,phases   ] GC(121)   Evacuate Collection Set: 14.9ms
[2025-12-25T01:41:23.269+0000][151.385s][info][gc,phases   ] GC(121)   Post Evacuate Collection Set: 1.2ms
[2025-12-25T01:41:23.269+0000][151.385s][info][gc,phases   ] GC(121)   Other: 9.8ms
[2025-12-25T01:41:23.271+0000][151.387s][info][gc,heap     ] GC(121) Eden regions: 245->0(245)
[2025-12-25T01:41:23.272+0000][151.388s][info][gc,heap     ] GC(121) Survivor regions: 4->4(32)
[2025-12-25T01:41:23.273+0000][151.389s][info][gc,heap     ] GC(121) Old regions: 54->54
[2025-12-25T01:41:23.273+0000][151.389s][info][gc,heap     ] GC(121) Archive regions: 2->2
[2025-12-25T01:41:23.275+0000][151.391s][info][gc,heap     ] GC(121) Humongous regions: 39->39
[2025-12-25T01:41:23.276+0000][151.391s][info][gc,metaspace] GC(121) Metaspace: 98160K(99392K)->98160K(99392K) NonClass: 85030K(85568K)->85030K(85568K) Class: 13130K(13824K)->13130K(13824K)
[2025-12-25T01:41:23.283+0000][151.399s][info][gc          ] GC(121) Pause Young (Normal) (G1 Evacuation Pause) 342M->97M(416M) 44.112ms
[2025-12-25T01:41:23.284+0000][151.400s][info][gc,cpu      ] GC(121) User=0.04s Sys=0.00s Real=0.04s
[2025-12-25T01:41:24.443+0000][152.559s][info][gc,start    ] GC(122) Pause Young (Normal) (G1 Evacuation Pause)
[2025-12-25T01:41:24.444+0000][152.560s][info][gc,task     ] GC(122) Using 4 workers of 4 for evacuation
[2025-12-25T01:41:24.476+0000][152.592s][info][gc,phases   ] GC(122)   Pre Evacuate Collection Set: 3.1ms
[2025-12-25T01:41:24.476+0000][152.592s][info][gc,phases   ] GC(122)   Merge Heap Roots: 0.8ms
[2025-12-25T01:41:24.477+0000][152.593s][info][gc,phases   ] GC(122)   Evacuate Collection Set: 25.6ms
[2025-12-25T01:41:24.478+0000][152.593s][info][gc,phases   ] GC(122)   Post Evacuate Collection Set: 1.4ms
[2025-12-25T01:41:24.478+0000][152.594s][info][gc,phases   ] GC(122)   Other: 4.3ms
[2025-12-25T01:41:24.479+0000][152.595s][info][gc,heap     ] GC(122) Eden regions: 245->0(244)
[2025-12-25T01:41:24.479+0000][152.595s][info][gc,heap     ] GC(122) Survivor regions: 4->5(32)
[2025-12-25T01:41:24.480+0000][152.596s][info][gc,heap     ] GC(122) Old regions: 54->54
[2025-12-25T01:41:24.481+0000][152.596s][info][gc,heap     ] GC(122) Archive regions: 2->2
[2025-12-25T01:41:24.481+0000][152.597s][info][gc,heap     ] GC(122) Humongous regions: 39->39
[2025-12-25T01:41:24.481+0000][152.597s][info][gc,metaspace] GC(122) Metaspace: 98160K(99392K)->98160K(99392K) NonClass: 85030K(85568K)->85030K(85568K) Class: 13130K(13824K)->13130K(13824K)
[2025-12-25T01:41:24.482+0000][152.598s][info][gc          ] GC(122) Pause Young (Normal) (G1 Evacuation Pause) 342M->97M(416M) 38.616ms
[2025-12-25T01:41:24.484+0000][152.600s][info][gc,cpu      ] GC(122) User=0.03s Sys=0.01s Real=0.04s
[2025-12-25T01:41:25.111+0000][153.227s][info][gc,start    ] GC(123) Pause Young (Normal) (G1 Evacuation Pause)
[2025-12-25T01:41:25.112+0000][153.228s][info][gc,task     ] GC(123) Using 4 workers of 4 for evacuation
[2025-12-25T01:41:25.128+0000][153.244s][info][gc,phases   ] GC(123)   Pre Evacuate Collection Set: 0.2ms
[2025-12-25T01:41:25.128+0000][153.244s][info][gc,phases   ] GC(123)   Merge Heap Roots: 0.1ms
[2025-12-25T01:41:25.129+0000][153.244s][info][gc,phases   ] GC(123)   Evacuate Collection Set: 13.0ms
[2025-12-25T01:41:25.129+0000][153.245s][info][gc,phases   ] GC(123)   Post Evacuate Collection Set: 2.6ms
[2025-12-25T01:41:25.130+0000][153.245s][info][gc,phases   ] GC(123)   Other: 0.5ms
[2025-12-25T01:41:25.130+0000][153.246s][info][gc,heap     ] GC(123) Eden regions: 244->0(245)
[2025-12-25T01:41:25.134+0000][153.250s][info][gc,heap     ] GC(123) Survivor regions: 5->4(32)
[2025-12-25T01:41:25.136+0000][153.252s][info][gc,heap     ] GC(123) Old regions: 54->54
[2025-12-25T01:41:25.136+0000][153.252s][info][gc,heap     ] GC(123) Archive regions: 2->2
[2025-12-25T01:41:25.137+0000][153.253s][info][gc,heap     ] GC(123) Humongous regions: 39->39
[2025-12-25T01:41:25.139+0000][153.254s][info][gc,metaspace] GC(123) Metaspace: 98160K(99392K)->98160K(99392K) NonClass: 85030K(85568K)->85030K(85568K) Class: 13130K(13824K)->13130K(13824K)
[2025-12-25T01:41:25.143+0000][153.258s][info][gc          ] GC(123) Pause Young (Normal) (G1 Evacuation Pause) 341M->96M(416M) 31.059ms
[2025-12-25T01:41:25.143+0000][153.259s][info][gc,cpu      ] GC(123) User=0.01s Sys=0.00s Real=0.03s
[2025-12-25T01:41:25.667+0000][153.783s][info][gc,start    ] GC(124) Pause Young (Normal) (G1 Evacuation Pause)
[2025-12-25T01:41:25.667+0000][153.783s][info][gc,task     ] GC(124) Using 4 workers of 4 for evacuation
[2025-12-25T01:41:25.681+0000][153.797s][info][gc,phases   ] GC(124)   Pre Evacuate Collection Set: 0.3ms
[2025-12-25T01:41:25.683+0000][153.799s][info][gc,phases   ] GC(124)   Merge Heap Roots: 0.2ms
[2025-12-25T01:41:25.683+0000][153.799s][info][gc,phases   ] GC(124)   Evacuate Collection Set: 8.5ms
[2025-12-25T01:41:25.684+0000][153.800s][info][gc,phases   ] GC(124)   Post Evacuate Collection Set: 4.1ms
[2025-12-25T01:41:25.684+0000][153.800s][info][gc,phases   ] GC(124)   Other: 1.4ms
[2025-12-25T01:41:25.684+0000][153.800s][info][gc,heap     ] GC(124) Eden regions: 245->0(245)
[2025-12-25T01:41:25.684+0000][153.800s][info][gc,heap     ] GC(124) Survivor regions: 4->4(32)
[2025-12-25T01:41:25.684+0000][153.800s][info][gc,heap     ] GC(124) Old regions: 54->54
[2025-12-25T01:41:25.684+0000][153.800s][info][gc,heap     ] GC(124) Archive regions: 2->2
[2025-12-25T01:41:25.684+0000][153.800s][info][gc,heap     ] GC(124) Humongous regions: 39->39
[2025-12-25T01:41:25.689+0000][153.804s][info][gc,metaspace] GC(124) Metaspace: 98160K(99392K)->98160K(99392K) NonClass: 85030K(85568K)->85030K(85568K) Class: 13130K(13824K)->13130K(13824K)
[2025-12-25T01:41:25.689+0000][153.805s][info][gc          ] GC(124) Pause Young (Normal) (G1 Evacuation Pause) 341M->97M(416M) 22.125ms
[2025-12-25T01:41:25.690+0000][153.805s][info][gc,cpu      ] GC(124) User=0.01s Sys=0.00s Real=0.02s
[2025-12-25T01:41:25.929+0000][154.044s][info][gc,start    ] GC(125) Pause Young (Normal) (G1 Evacuation Pause)
[2025-12-25T01:41:25.930+0000][154.046s][info][gc,task     ] GC(125) Using 4 workers of 4 for evacuation
[2025-12-25T01:41:25.935+0000][154.051s][info][gc,phases   ] GC(125)   Pre Evacuate Collection Set: 0.2ms
[2025-12-25T01:41:25.936+0000][154.051s][info][gc,phases   ] GC(125)   Merge Heap Roots: 0.1ms
[2025-12-25T01:41:25.936+0000][154.052s][info][gc,phases   ] GC(125)   Evacuate Collection Set: 3.5ms
[2025-12-25T01:41:25.936+0000][154.052s][info][gc,phases   ] GC(125)   Post Evacuate Collection Set: 0.8ms
[2025-12-25T01:41:25.936+0000][154.052s][info][gc,phases   ] GC(125)   Other: 2.3ms
[2025-12-25T01:41:25.936+0000][154.052s][info][gc,heap     ] GC(125) Eden regions: 245->0(245)
[2025-12-25T01:41:25.936+0000][154.052s][info][gc,heap     ] GC(125) Survivor regions: 4->4(32)
[2025-12-25T01:41:25.937+0000][154.052s][info][gc,heap     ] GC(125) Old regions: 54->54
[2025-12-25T01:41:25.937+0000][154.053s][info][gc,heap     ] GC(125) Archive regions: 2->2
[2025-12-25T01:41:25.937+0000][154.053s][info][gc,heap     ] GC(125) Humongous regions: 39->39
[2025-12-25T01:41:25.937+0000][154.053s][info][gc,metaspace] GC(125) Metaspace: 98161K(99392K)->98161K(99392K) NonClass: 85031K(85568K)->85031K(85568K) Class: 13130K(13824K)->13130K(13824K)
[2025-12-25T01:41:25.938+0000][154.053s][info][gc          ] GC(125) Pause Young (Normal) (G1 Evacuation Pause) 342M->97M(416M) 8.999ms
[2025-12-25T01:41:25.938+0000][154.054s][info][gc,cpu      ] GC(125) User=0.01s Sys=0.01s Real=0.01s
[2025-12-25T01:41:26.565+0000][154.680s][info][gc,start    ] GC(126) Pause Young (Normal) (G1 Evacuation Pause)
[2025-12-25T01:41:26.565+0000][154.681s][info][gc,task     ] GC(126) Using 4 workers of 4 for evacuation
[2025-12-25T01:41:26.574+0000][154.689s][info][gc,phases   ] GC(126)   Pre Evacuate Collection Set: 0.4ms
[2025-12-25T01:41:26.574+0000][154.690s][info][gc,phases   ] GC(126)   Merge Heap Roots: 0.2ms
[2025-12-25T01:41:26.580+0000][154.696s][info][gc,phases   ] GC(126)   Evacuate Collection Set: 6.5ms
[2025-12-25T01:41:26.580+0000][154.696s][info][gc,phases   ] GC(126)   Post Evacuate Collection Set: 1.0ms
[2025-12-25T01:41:26.581+0000][154.696s][info][gc,phases   ] GC(126)   Other: 1.0ms
[2025-12-25T01:41:26.581+0000][154.697s][info][gc,heap     ] GC(126) Eden regions: 245->0(245)
[2025-12-25T01:41:26.582+0000][154.697s][info][gc,heap     ] GC(126) Survivor regions: 4->4(32)
[2025-12-25T01:41:26.582+0000][154.698s][info][gc,heap     ] GC(126) Old regions: 54->54
[2025-12-25T01:41:26.582+0000][154.698s][info][gc,heap     ] GC(126) Archive regions: 2->2
[2025-12-25T01:41:26.583+0000][154.698s][info][gc,heap     ] GC(126) Humongous regions: 39->39
[2025-12-25T01:41:26.583+0000][154.699s][info][gc,metaspace] GC(126) Metaspace: 98170K(99456K)->98170K(99456K) NonClass: 85039K(85632K)->85039K(85632K) Class: 13130K(13824K)->13130K(13824K)
[2025-12-25T01:41:26.583+0000][154.699s][info][gc          ] GC(126) Pause Young (Normal) (G1 Evacuation Pause) 342M->97M(416M) 18.383ms
[2025-12-25T01:41:26.583+0000][154.699s][info][gc,cpu      ] GC(126) User=0.01s Sys=0.00s Real=0.01s
[2025-12-25T01:41:27.147+0000][155.263s][info][gc,start    ] GC(127) Pause Young (Normal) (G1 Evacuation Pause)
[2025-12-25T01:41:27.148+0000][155.264s][info][gc,task     ] GC(127) Using 4 workers of 4 for evacuation
[2025-12-25T01:41:27.157+0000][155.273s][info][gc,phases   ] GC(127)   Pre Evacuate Collection Set: 1.1ms
[2025-12-25T01:41:27.157+0000][155.273s][info][gc,phases   ] GC(127)   Merge Heap Roots: 0.4ms
[2025-12-25T01:41:27.158+0000][155.273s][info][gc,phases   ] GC(127)   Evacuate Collection Set: 6.3ms
[2025-12-25T01:41:27.158+0000][155.274s][info][gc,phases   ] GC(127)   Post Evacuate Collection Set: 1.2ms
[2025-12-25T01:41:27.158+0000][155.274s][info][gc,phases   ] GC(127)   Other: 1.5ms
[2025-12-25T01:41:27.158+0000][155.274s][info][gc,heap     ] GC(127) Eden regions: 245->0(244)
[2025-12-25T01:41:27.158+0000][155.274s][info][gc,heap     ] GC(127) Survivor regions: 4->5(32)
[2025-12-25T01:41:27.158+0000][155.274s][info][gc,heap     ] GC(127) Old regions: 54->54
[2025-12-25T01:41:27.158+0000][155.274s][info][gc,heap     ] GC(127) Archive regions: 2->2
[2025-12-25T01:41:27.158+0000][155.274s][info][gc,heap     ] GC(127) Humongous regions: 39->39
[2025-12-25T01:41:27.158+0000][155.274s][info][gc,metaspace] GC(127) Metaspace: 98188K(99456K)->98188K(99456K) NonClass: 85057K(85632K)->85057K(85632K) Class: 13130K(13824K)->13130K(13824K)
[2025-12-25T01:41:27.158+0000][155.274s][info][gc          ] GC(127) Pause Young (Normal) (G1 Evacuation Pause) 342M->97M(416M) 11.264ms
[2025-12-25T01:41:27.158+0000][155.274s][info][gc,cpu      ] GC(127) User=0.01s Sys=0.00s Real=0.01s
[2025-12-25T01:41:27.792+0000][155.908s][info][gc,start    ] GC(128) Pause Young (Normal) (G1 Evacuation Pause)
[2025-12-25T01:41:27.792+0000][155.908s][info][gc,task     ] GC(128) Using 4 workers of 4 for evacuation
[2025-12-25T01:41:27.799+0000][155.915s][info][gc,phases   ] GC(128)   Pre Evacuate Collection Set: 0.2ms
[2025-12-25T01:41:27.799+0000][155.915s][info][gc,phases   ] GC(128)   Merge Heap Roots: 0.2ms
[2025-12-25T01:41:27.800+0000][155.916s][info][gc,phases   ] GC(128)   Evacuate Collection Set: 5.0ms
[2025-12-25T01:41:27.800+0000][155.916s][info][gc,phases   ] GC(128)   Post Evacuate Collection Set: 0.7ms
[2025-12-25T01:41:27.801+0000][155.916s][info][gc,phases   ] GC(128)   Other: 1.1ms
[2025-12-25T01:41:27.801+0000][155.917s][info][gc,heap     ] GC(128) Eden regions: 244->0(244)
[2025-12-25T01:41:27.801+0000][155.917s][info][gc,heap     ] GC(128) Survivor regions: 5->5(32)
[2025-12-25T01:41:27.802+0000][155.917s][info][gc,heap     ] GC(128) Old regions: 54->54
[2025-12-25T01:41:27.802+0000][155.918s][info][gc,heap     ] GC(128) Archive regions: 2->2
[2025-12-25T01:41:27.802+0000][155.918s][info][gc,heap     ] GC(128) Humongous regions: 39->39
[2025-12-25T01:41:27.803+0000][155.918s][info][gc,metaspace] GC(128) Metaspace: 98188K(99456K)->98188K(99456K) NonClass: 85057K(85632K)->85057K(85632K) Class: 13130K(13824K)->13130K(13824K)
[2025-12-25T01:41:27.803+0000][155.919s][info][gc          ] GC(128) Pause Young (Normal) (G1 Evacuation Pause) 341M->97M(416M) 10.796ms
[2025-12-25T01:41:27.803+0000][155.919s][info][gc,cpu      ] GC(128) User=0.01s Sys=0.00s Real=0.01s
[2025-12-25T01:41:28.249+0000][156.365s][info][gc,start    ] GC(129) Pause Young (Normal) (G1 Evacuation Pause)
[2025-12-25T01:41:28.249+0000][156.365s][info][gc,task     ] GC(129) Using 4 workers of 4 for evacuation
[2025-12-25T01:41:28.263+0000][156.378s][info][gc,phases   ] GC(129)   Pre Evacuate Collection Set: 0.8ms
[2025-12-25T01:41:28.263+0000][156.379s][info][gc,phases   ] GC(129)   Merge Heap Roots: 0.7ms
[2025-12-25T01:41:28.264+0000][156.379s][info][gc,phases   ] GC(129)   Evacuate Collection Set: 7.3ms
[2025-12-25T01:41:28.265+0000][156.381s][info][gc,phases   ] GC(129)   Post Evacuate Collection Set: 0.8ms
[2025-12-25T01:41:28.266+0000][156.381s][info][gc,phases   ] GC(129)   Other: 4.3ms
[2025-12-25T01:41:28.266+0000][156.382s][info][gc,heap     ] GC(129) Eden regions: 244->0(245)
[2025-12-25T01:41:28.267+0000][156.383s][info][gc,heap     ] GC(129) Survivor regions: 5->4(32)
[2025-12-25T01:41:28.269+0000][156.385s][info][gc,heap     ] GC(129) Old regions: 54->54
[2025-12-25T01:41:28.269+0000][156.385s][info][gc,heap     ] GC(129) Archive regions: 2->2
[2025-12-25T01:41:28.270+0000][156.386s][info][gc,heap     ] GC(129) Humongous regions: 39->39
[2025-12-25T01:41:28.270+0000][156.386s][info][gc,metaspace] GC(129) Metaspace: 98195K(99456K)->98195K(99456K) NonClass: 85064K(85632K)->85064K(85632K) Class: 13130K(13824K)->13130K(13824K)
[2025-12-25T01:41:28.270+0000][156.386s][info][gc          ] GC(129) Pause Young (Normal) (G1 Evacuation Pause) 341M->96M(416M) 21.298ms
[2025-12-25T01:41:28.271+0000][156.387s][info][gc,cpu      ] GC(129) User=0.01s Sys=0.00s Real=0.02s
[2025-12-25T01:41:28.617+0000][156.733s][info][gc,start    ] GC(130) Pause Young (Normal) (G1 Evacuation Pause)
[2025-12-25T01:41:28.618+0000][156.733s][info][gc,task     ] GC(130) Using 4 workers of 4 for evacuation
[2025-12-25T01:41:28.625+0000][156.740s][info][gc,phases   ] GC(130)   Pre Evacuate Collection Set: 0.2ms
[2025-12-25T01:41:28.625+0000][156.741s][info][gc,phases   ] GC(130)   Merge Heap Roots: 0.4ms
[2025-12-25T01:41:28.625+0000][156.741s][info][gc,phases   ] GC(130)   Evacuate Collection Set: 5.5ms
[2025-12-25T01:41:28.625+0000][156.741s][info][gc,phases   ] GC(130)   Post Evacuate Collection Set: 0.6ms
[2025-12-25T01:41:28.625+0000][156.741s][info][gc,phases   ] GC(130)   Other: 1.2ms
[2025-12-25T01:41:28.625+0000][156.741s][info][gc,heap     ] GC(130) Eden regions: 245->0(246)
[2025-12-25T01:41:28.626+0000][156.741s][info][gc,heap     ] GC(130) Survivor regions: 4->3(32)
[2025-12-25T01:41:28.626+0000][156.741s][info][gc,heap     ] GC(130) Old regions: 54->54
[2025-12-25T01:41:28.626+0000][156.742s][info][gc,heap     ] GC(130) Archive regions: 2->2
[2025-12-25T01:41:28.626+0000][156.742s][info][gc,heap     ] GC(130) Humongous regions: 39->39
[2025-12-25T01:41:28.626+0000][156.742s][info][gc,metaspace] GC(130) Metaspace: 98195K(99456K)->98195K(99456K) NonClass: 85064K(85632K)->85064K(85632K) Class: 13130K(13824K)->13130K(13824K)
[2025-12-25T01:41:28.626+0000][156.742s][info][gc          ] GC(130) Pause Young (Normal) (G1 Evacuation Pause) 341M->95M(416M) 9.226ms
[2025-12-25T01:41:28.627+0000][156.742s][info][gc,cpu      ] GC(130) User=0.01s Sys=0.00s Real=0.01s
[2025-12-25T01:41:29.004+0000][157.120s][info][gc,start    ] GC(131) Pause Young (Normal) (G1 Evacuation Pause)
[2025-12-25T01:41:29.005+0000][157.121s][info][gc,task     ] GC(131) Using 4 workers of 4 for evacuation
[2025-12-25T01:41:29.010+0000][157.126s][info][gc,phases   ] GC(131)   Pre Evacuate Collection Set: 0.2ms
[2025-12-25T01:41:29.010+0000][157.126s][info][gc,phases   ] GC(131)   Merge Heap Roots: 0.2ms
[2025-12-25T01:41:29.010+0000][157.126s][info][gc,phases   ] GC(131)   Evacuate Collection Set: 3.9ms
[2025-12-25T01:41:29.011+0000][157.126s][info][gc,phases   ] GC(131)   Post Evacuate Collection Set: 0.7ms
[2025-12-25T01:41:29.011+0000][157.126s][info][gc,phases   ] GC(131)   Other: 1.6ms
[2025-12-25T01:41:29.011+0000][157.127s][info][gc,heap     ] GC(131) Eden regions: 246->0(245)
[2025-12-25T01:41:29.011+0000][157.127s][info][gc,heap     ] GC(131) Survivor regions: 3->4(32)
[2025-12-25T01:41:29.011+0000][157.127s][info][gc,heap     ] GC(131) Old regions: 54->54
[2025-12-25T01:41:29.011+0000][157.127s][info][gc,heap     ] GC(131) Archive regions: 2->2
[2025-12-25T01:41:29.011+0000][157.127s][info][gc,heap     ] GC(131) Humongous regions: 39->39
[2025-12-25T01:41:29.011+0000][157.127s][info][gc,metaspace] GC(131) Metaspace: 98195K(99456K)->98195K(99456K) NonClass: 85064K(85632K)->85064K(85632K) Class: 13130K(13824K)->13130K(13824K)
[2025-12-25T01:41:29.011+0000][157.127s][info][gc          ] GC(131) Pause Young (Normal) (G1 Evacuation Pause) 341M->97M(416M) 7.446ms
[2025-12-25T01:41:29.012+0000][157.128s][info][gc,cpu      ] GC(131) User=0.00s Sys=0.00s Real=0.01s
[2025-12-25T01:41:29.742+0000][157.858s][info][gc,start    ] GC(132) Pause Young (Normal) (G1 Evacuation Pause)
[2025-12-25T01:41:29.748+0000][157.864s][info][gc,task     ] GC(132) Using 4 workers of 4 for evacuation
[2025-12-25T01:41:29.810+0000][157.926s][info][gc,mmu      ] GC(132) MMU target violated: 51.0ms (50.0ms/51.0ms)
[2025-12-25T01:41:29.813+0000][157.929s][info][gc,phases   ] GC(132)   Pre Evacuate Collection Set: 5.0ms
[2025-12-25T01:41:29.813+0000][157.929s][info][gc,phases   ] GC(132)   Merge Heap Roots: 0.5ms
[2025-12-25T01:41:29.814+0000][157.930s][info][gc,phases   ] GC(132)   Evacuate Collection Set: 47.9ms
[2025-12-25T01:41:29.814+0000][157.930s][info][gc,phases   ] GC(132)   Post Evacuate Collection Set: 5.1ms
[2025-12-25T01:41:29.815+0000][157.931s][info][gc,phases   ] GC(132)   Other: 14.9ms
[2025-12-25T01:41:29.815+0000][157.931s][info][gc,heap     ] GC(132) Eden regions: 245->0(245)
[2025-12-25T01:41:29.815+0000][157.931s][info][gc,heap     ] GC(132) Survivor regions: 4->4(32)
[2025-12-25T01:41:29.815+0000][157.931s][info][gc,heap     ] GC(132) Old regions: 54->54
[2025-12-25T01:41:29.815+0000][157.931s][info][gc,heap     ] GC(132) Archive regions: 2->2
[2025-12-25T01:41:29.816+0000][157.931s][info][gc,heap     ] GC(132) Humongous regions: 39->39
[2025-12-25T01:41:29.816+0000][157.931s][info][gc,metaspace] GC(132) Metaspace: 98195K(99456K)->98195K(99456K) NonClass: 85064K(85632K)->85064K(85632K) Class: 13130K(13824K)->13130K(13824K)
[2025-12-25T01:41:29.816+0000][157.932s][info][gc          ] GC(132) Pause Young (Normal) (G1 Evacuation Pause) 342M->96M(416M) 73.401ms
[2025-12-25T01:41:29.816+0000][157.932s][info][gc,cpu      ] GC(132) User=0.07s Sys=0.00s Real=0.08s
[2025-12-25T01:41:30.439+0000][158.554s][info][gc,start    ] GC(133) Pause Young (Normal) (G1 Evacuation Pause)
[2025-12-25T01:41:30.441+0000][158.557s][info][gc,task     ] GC(133) Using 4 workers of 4 for evacuation
[2025-12-25T01:41:30.451+0000][158.567s][info][gc,phases   ] GC(133)   Pre Evacuate Collection Set: 0.2ms
[2025-12-25T01:41:30.452+0000][158.568s][info][gc,phases   ] GC(133)   Merge Heap Roots: 0.1ms
[2025-12-25T01:41:30.452+0000][158.568s][info][gc,phases   ] GC(133)   Evacuate Collection Set: 7.3ms
[2025-12-25T01:41:30.453+0000][158.568s][info][gc,phases   ] GC(133)   Post Evacuate Collection Set: 1.0ms
[2025-12-25T01:41:30.453+0000][158.569s][info][gc,phases   ] GC(133)   Other: 4.3ms
[2025-12-25T01:41:30.454+0000][158.570s][info][gc,heap     ] GC(133) Eden regions: 245->0(246)
[2025-12-25T01:41:30.454+0000][158.570s][info][gc,heap     ] GC(133) Survivor regions: 4->3(32)
[2025-12-25T01:41:30.455+0000][158.571s][info][gc,heap     ] GC(133) Old regions: 54->54
[2025-12-25T01:41:30.455+0000][158.571s][info][gc,heap     ] GC(133) Archive regions: 2->2
[2025-12-25T01:41:30.455+0000][158.571s][info][gc,heap     ] GC(133) Humongous regions: 39->39
[2025-12-25T01:41:30.456+0000][158.571s][info][gc,metaspace] GC(133) Metaspace: 98196K(99456K)->98196K(99456K) NonClass: 85066K(85632K)->85066K(85632K) Class: 13130K(13824K)->13130K(13824K)
[2025-12-25T01:41:30.456+0000][158.572s][info][gc          ] GC(133) Pause Young (Normal) (G1 Evacuation Pause) 341M->96M(416M) 17.096ms
[2025-12-25T01:41:30.456+0000][158.572s][info][gc,cpu      ] GC(133) User=0.01s Sys=0.01s Real=0.02s
[2025-12-25T01:41:31.043+0000][159.159s][info][gc,start    ] GC(134) Pause Young (Normal) (G1 Evacuation Pause)
[2025-12-25T01:41:31.044+0000][159.159s][info][gc,task     ] GC(134) Using 4 workers of 4 for evacuation
[2025-12-25T01:41:31.064+0000][159.180s][info][gc,phases   ] GC(134)   Pre Evacuate Collection Set: 0.5ms
[2025-12-25T01:41:31.065+0000][159.181s][info][gc,phases   ] GC(134)   Merge Heap Roots: 1.2ms
[2025-12-25T01:41:31.066+0000][159.182s][info][gc,phases   ] GC(134)   Evacuate Collection Set: 12.1ms
[2025-12-25T01:41:31.066+0000][159.182s][info][gc,phases   ] GC(134)   Post Evacuate Collection Set: 4.2ms
[2025-12-25T01:41:31.067+0000][159.182s][info][gc,phases   ] GC(134)   Other: 3.4ms
[2025-12-25T01:41:31.071+0000][159.186s][info][gc,heap     ] GC(134) Eden regions: 246->0(246)
[2025-12-25T01:41:31.072+0000][159.188s][info][gc,heap     ] GC(134) Survivor regions: 3->3(32)
[2025-12-25T01:41:31.075+0000][159.190s][info][gc,heap     ] GC(134) Old regions: 54->54
[2025-12-25T01:41:31.077+0000][159.193s][info][gc,heap     ] GC(134) Archive regions: 2->2
[2025-12-25T01:41:31.078+0000][159.194s][info][gc,heap     ] GC(134) Humongous regions: 39->39
[2025-12-25T01:41:31.082+0000][159.198s][info][gc,metaspace] GC(134) Metaspace: 98196K(99456K)->98196K(99456K) NonClass: 85066K(85632K)->85066K(85632K) Class: 13130K(13824K)->13130K(13824K)
[2025-12-25T01:41:31.082+0000][159.198s][info][gc          ] GC(134) Pause Young (Normal) (G1 Evacuation Pause) 342M->96M(416M) 39.120ms
[2025-12-25T01:41:31.084+0000][159.200s][info][gc,cpu      ] GC(134) User=0.02s Sys=0.01s Real=0.04s
[2025-12-25T01:41:32.078+0000][160.194s][info][gc,start    ] GC(135) Pause Young (Normal) (G1 Evacuation Pause)
[2025-12-25T01:41:32.079+0000][160.195s][info][gc,task     ] GC(135) Using 4 workers of 4 for evacuation
[2025-12-25T01:41:32.115+0000][160.230s][info][gc,phases   ] GC(135)   Pre Evacuate Collection Set: 0.8ms
[2025-12-25T01:41:32.117+0000][160.232s][info][gc,phases   ] GC(135)   Merge Heap Roots: 0.2ms
[2025-12-25T01:41:32.121+0000][160.237s][info][gc,phases   ] GC(135)   Evacuate Collection Set: 32.0ms
[2025-12-25T01:41:32.122+0000][160.238s][info][gc,phases   ] GC(135)   Post Evacuate Collection Set: 1.9ms
[2025-12-25T01:41:32.123+0000][160.239s][info][gc,phases   ] GC(135)   Other: 1.9ms
[2025-12-25T01:41:32.123+0000][160.239s][info][gc,heap     ] GC(135) Eden regions: 246->0(244)
[2025-12-25T01:41:32.127+0000][160.243s][info][gc,heap     ] GC(135) Survivor regions: 3->5(32)
[2025-12-25T01:41:32.128+0000][160.244s][info][gc,heap     ] GC(135) Old regions: 54->54
[2025-12-25T01:41:32.129+0000][160.245s][info][gc,heap     ] GC(135) Archive regions: 2->2
[2025-12-25T01:41:32.130+0000][160.245s][info][gc,heap     ] GC(135) Humongous regions: 39->39
[2025-12-25T01:41:32.131+0000][160.247s][info][gc,metaspace] GC(135) Metaspace: 98245K(99520K)->98245K(99520K) NonClass: 85113K(85696K)->85113K(85696K) Class: 13131K(13824K)->13131K(13824K)
[2025-12-25T01:41:32.131+0000][160.247s][info][gc          ] GC(135) Pause Young (Normal) (G1 Evacuation Pause) 342M->97M(416M) 53.071ms
[2025-12-25T01:41:32.136+0000][160.252s][info][gc,cpu      ] GC(135) User=0.04s Sys=0.00s Real=0.06s
[2025-12-25T01:41:32.568+0000][160.683s][info][gc,start    ] GC(136) Pause Young (Normal) (G1 Evacuation Pause)
[2025-12-25T01:41:32.568+0000][160.684s][info][gc,task     ] GC(136) Using 4 workers of 4 for evacuation
[2025-12-25T01:41:32.586+0000][160.702s][info][gc,phases   ] GC(136)   Pre Evacuate Collection Set: 0.3ms
[2025-12-25T01:41:32.586+0000][160.702s][info][gc,phases   ] GC(136)   Merge Heap Roots: 0.3ms
[2025-12-25T01:41:32.586+0000][160.702s][info][gc,phases   ] GC(136)   Evacuate Collection Set: 15.3ms
[2025-12-25T01:41:32.587+0000][160.703s][info][gc,phases   ] GC(136)   Post Evacuate Collection Set: 1.8ms
[2025-12-25T01:41:32.587+0000][160.703s][info][gc,phases   ] GC(136)   Other: 0.7ms
[2025-12-25T01:41:32.587+0000][160.703s][info][gc,heap     ] GC(136) Eden regions: 244->0(244)
[2025-12-25T01:41:32.587+0000][160.703s][info][gc,heap     ] GC(136) Survivor regions: 5->5(32)
[2025-12-25T01:41:32.587+0000][160.703s][info][gc,heap     ] GC(136) Old regions: 54->54
[2025-12-25T01:41:32.588+0000][160.703s][info][gc,heap     ] GC(136) Archive regions: 2->2
[2025-12-25T01:41:32.588+0000][160.704s][info][gc,heap     ] GC(136) Humongous regions: 39->39
[2025-12-25T01:41:32.588+0000][160.704s][info][gc,metaspace] GC(136) Metaspace: 98252K(99520K)->98252K(99520K) NonClass: 85120K(85696K)->85120K(85696K) Class: 13131K(13824K)->13131K(13824K)
[2025-12-25T01:41:32.588+0000][160.704s][info][gc          ] GC(136) Pause Young (Normal) (G1 Evacuation Pause) 341M->98M(416M) 20.357ms
[2025-12-25T01:41:32.588+0000][160.704s][info][gc,cpu      ] GC(136) User=0.01s Sys=0.00s Real=0.02s
[2025-12-25T01:41:33.024+0000][161.140s][info][gc,start    ] GC(137) Pause Young (Normal) (G1 Evacuation Pause)
[2025-12-25T01:41:33.024+0000][161.140s][info][gc,task     ] GC(137) Using 4 workers of 4 for evacuation
[2025-12-25T01:41:33.038+0000][161.153s][info][gc,phases   ] GC(137)   Pre Evacuate Collection Set: 0.2ms
[2025-12-25T01:41:33.041+0000][161.156s][info][gc,phases   ] GC(137)   Merge Heap Roots: 0.1ms
[2025-12-25T01:41:33.041+0000][161.157s][info][gc,phases   ] GC(137)   Evacuate Collection Set: 10.5ms
[2025-12-25T01:41:33.045+0000][161.160s][info][gc,phases   ] GC(137)   Post Evacuate Collection Set: 1.9ms
[2025-12-25T01:41:33.045+0000][161.161s][info][gc,phases   ] GC(137)   Other: 0.7ms
[2025-12-25T01:41:33.046+0000][161.162s][info][gc,heap     ] GC(137) Eden regions: 244->0(245)
[2025-12-25T01:41:33.046+0000][161.162s][info][gc,heap     ] GC(137) Survivor regions: 5->4(32)
[2025-12-25T01:41:33.048+0000][161.164s][info][gc,heap     ] GC(137) Old regions: 54->54
[2025-12-25T01:41:33.051+0000][161.167s][info][gc,heap     ] GC(137) Archive regions: 2->2
[2025-12-25T01:41:33.053+0000][161.169s][info][gc,heap     ] GC(137) Humongous regions: 39->39
[2025-12-25T01:41:33.053+0000][161.169s][info][gc,metaspace] GC(137) Metaspace: 98252K(99520K)->98252K(99520K) NonClass: 85120K(85696K)->85120K(85696K) Class: 13131K(13824K)->13131K(13824K)
[2025-12-25T01:41:33.055+0000][161.171s][info][gc          ] GC(137) Pause Young (Normal) (G1 Evacuation Pause) 342M->97M(416M) 30.953ms
[2025-12-25T01:41:33.056+0000][161.172s][info][gc,cpu      ] GC(137) User=0.01s Sys=0.00s Real=0.04s
[2025-12-25T01:41:33.506+0000][161.622s][info][gc,start    ] GC(138) Pause Young (Normal) (G1 Evacuation Pause)
[2025-12-25T01:41:33.508+0000][161.624s][info][gc,task     ] GC(138) Using 4 workers of 4 for evacuation
[2025-12-25T01:41:33.518+0000][161.634s][info][gc,phases   ] GC(138)   Pre Evacuate Collection Set: 1.1ms
[2025-12-25T01:41:33.518+0000][161.634s][info][gc,phases   ] GC(138)   Merge Heap Roots: 0.2ms
[2025-12-25T01:41:33.518+0000][161.634s][info][gc,phases   ] GC(138)   Evacuate Collection Set: 7.0ms
[2025-12-25T01:41:33.519+0000][161.635s][info][gc,phases   ] GC(138)   Post Evacuate Collection Set: 0.9ms
[2025-12-25T01:41:33.519+0000][161.635s][info][gc,phases   ] GC(138)   Other: 2.5ms
[2025-12-25T01:41:33.520+0000][161.636s][info][gc,heap     ] GC(138) Eden regions: 245->0(245)
[2025-12-25T01:41:33.520+0000][161.636s][info][gc,heap     ] GC(138) Survivor regions: 4->4(32)
[2025-12-25T01:41:33.520+0000][161.636s][info][gc,heap     ] GC(138) Old regions: 54->54
[2025-12-25T01:41:33.521+0000][161.637s][info][gc,heap     ] GC(138) Archive regions: 2->2
[2025-12-25T01:41:33.521+0000][161.637s][info][gc,heap     ] GC(138) Humongous regions: 39->39
[2025-12-25T01:41:33.521+0000][161.637s][info][gc,metaspace] GC(138) Metaspace: 98253K(99520K)->98253K(99520K) NonClass: 85121K(85696K)->85121K(85696K) Class: 13131K(13824K)->13131K(13824K)
[2025-12-25T01:41:33.522+0000][161.637s][info][gc          ] GC(138) Pause Young (Normal) (G1 Evacuation Pause) 342M->97M(416M) 15.053ms
[2025-12-25T01:41:33.522+0000][161.638s][info][gc,cpu      ] GC(138) User=0.01s Sys=0.00s Real=0.01s
[2025-12-25T01:41:33.824+0000][161.940s][info][gc,start    ] GC(139) Pause Young (Normal) (G1 Evacuation Pause)
[2025-12-25T01:41:33.824+0000][161.940s][info][gc,task     ] GC(139) Using 4 workers of 4 for evacuation
[2025-12-25T01:41:33.830+0000][161.946s][info][gc,phases   ] GC(139)   Pre Evacuate Collection Set: 0.3ms
[2025-12-25T01:41:33.831+0000][161.947s][info][gc,phases   ] GC(139)   Merge Heap Roots: 0.1ms
[2025-12-25T01:41:33.832+0000][161.948s][info][gc,phases   ] GC(139)   Evacuate Collection Set: 4.3ms
[2025-12-25T01:41:33.832+0000][161.948s][info][gc,phases   ] GC(139)   Post Evacuate Collection Set: 0.5ms
[2025-12-25T01:41:33.832+0000][161.948s][info][gc,phases   ] GC(139)   Other: 0.7ms
[2025-12-25T01:41:33.832+0000][161.948s][info][gc,heap     ] GC(139) Eden regions: 245->0(245)
[2025-12-25T01:41:33.833+0000][161.948s][info][gc,heap     ] GC(139) Survivor regions: 4->4(32)
[2025-12-25T01:41:33.838+0000][161.954s][info][gc,heap     ] GC(139) Old regions: 54->54
[2025-12-25T01:41:33.839+0000][161.955s][info][gc,heap     ] GC(139) Archive regions: 2->2
[2025-12-25T01:41:33.839+0000][161.955s][info][gc,heap     ] GC(139) Humongous regions: 39->39
[2025-12-25T01:41:33.839+0000][161.955s][info][gc,metaspace] GC(139) Metaspace: 98253K(99520K)->98253K(99520K) NonClass: 85121K(85696K)->85121K(85696K) Class: 13131K(13824K)->13131K(13824K)
[2025-12-25T01:41:33.840+0000][161.955s][info][gc          ] GC(139) Pause Young (Normal) (G1 Evacuation Pause) 342M->96M(416M) 15.594ms
[2025-12-25T01:41:33.840+0000][161.956s][info][gc,cpu      ] GC(139) User=0.00s Sys=0.01s Real=0.02s
[2025-12-25T01:41:34.187+0000][162.303s][info][gc,start    ] GC(140) Pause Young (Normal) (G1 Evacuation Pause)
[2025-12-25T01:41:34.189+0000][162.305s][info][gc,task     ] GC(140) Using 4 workers of 4 for evacuation
[2025-12-25T01:41:34.217+0000][162.333s][info][gc,phases   ] GC(140)   Pre Evacuate Collection Set: 3.3ms
[2025-12-25T01:41:34.217+0000][162.333s][info][gc,phases   ] GC(140)   Merge Heap Roots: 5.2ms
[2025-12-25T01:41:34.217+0000][162.333s][info][gc,phases   ] GC(140)   Evacuate Collection Set: 14.2ms
[2025-12-25T01:41:34.217+0000][162.333s][info][gc,phases   ] GC(140)   Post Evacuate Collection Set: 3.1ms
[2025-12-25T01:41:34.218+0000][162.333s][info][gc,phases   ] GC(140)   Other: 3.7ms
[2025-12-25T01:41:34.220+0000][162.336s][info][gc,heap     ] GC(140) Eden regions: 245->0(244)
[2025-12-25T01:41:34.221+0000][162.336s][info][gc,heap     ] GC(140) Survivor regions: 4->5(32)
[2025-12-25T01:41:34.224+0000][162.340s][info][gc,heap     ] GC(140) Old regions: 54->54
[2025-12-25T01:41:34.225+0000][162.341s][info][gc,heap     ] GC(140) Archive regions: 2->2
[2025-12-25T01:41:34.230+0000][162.346s][info][gc,heap     ] GC(140) Humongous regions: 39->39
[2025-12-25T01:41:34.231+0000][162.347s][info][gc,metaspace] GC(140) Metaspace: 98253K(99520K)->98253K(99520K) NonClass: 85121K(85696K)->85121K(85696K) Class: 13131K(13824K)->13131K(13824K)
[2025-12-25T01:41:34.231+0000][162.347s][info][gc          ] GC(140) Pause Young (Normal) (G1 Evacuation Pause) 341M->97M(416M) 43.509ms
[2025-12-25T01:41:34.232+0000][162.348s][info][gc,cpu      ] GC(140) User=0.02s Sys=0.00s Real=0.04s
[2025-12-25T01:41:34.634+0000][162.749s][info][gc,start    ] GC(141) Pause Young (Normal) (G1 Evacuation Pause)
[2025-12-25T01:41:34.634+0000][162.750s][info][gc,task     ] GC(141) Using 4 workers of 4 for evacuation
[2025-12-25T01:41:34.643+0000][162.759s][info][gc,phases   ] GC(141)   Pre Evacuate Collection Set: 0.8ms
[2025-12-25T01:41:34.645+0000][162.761s][info][gc,phases   ] GC(141)   Merge Heap Roots: 0.2ms
[2025-12-25T01:41:34.646+0000][162.762s][info][gc,phases   ] GC(141)   Evacuate Collection Set: 6.3ms
[2025-12-25T01:41:34.646+0000][162.762s][info][gc,phases   ] GC(141)   Post Evacuate Collection Set: 1.4ms
[2025-12-25T01:41:34.650+0000][162.766s][info][gc,phases   ] GC(141)   Other: 1.6ms
[2025-12-25T01:41:34.650+0000][162.766s][info][gc,heap     ] GC(141) Eden regions: 244->0(244)
[2025-12-25T01:41:34.650+0000][162.766s][info][gc,heap     ] GC(141) Survivor regions: 5->5(32)
[2025-12-25T01:41:34.651+0000][162.766s][info][gc,heap     ] GC(141) Old regions: 54->54
[2025-12-25T01:41:34.651+0000][162.767s][info][gc,heap     ] GC(141) Archive regions: 2->2
[2025-12-25T01:41:34.651+0000][162.767s][info][gc,heap     ] GC(141) Humongous regions: 39->39
[2025-12-25T01:41:34.652+0000][162.767s][info][gc,metaspace] GC(141) Metaspace: 98253K(99520K)->98253K(99520K) NonClass: 85121K(85696K)->85121K(85696K) Class: 13131K(13824K)->13131K(13824K)
[2025-12-25T01:41:34.657+0000][162.773s][info][gc          ] GC(141) Pause Young (Normal) (G1 Evacuation Pause) 341M->97M(416M) 23.925ms
[2025-12-25T01:41:34.658+0000][162.774s][info][gc,cpu      ] GC(141) User=0.01s Sys=0.00s Real=0.03s
[2025-12-25T01:41:35.049+0000][163.165s][info][gc,start    ] GC(142) Pause Young (Normal) (G1 Evacuation Pause)
[2025-12-25T01:41:35.049+0000][163.165s][info][gc,task     ] GC(142) Using 4 workers of 4 for evacuation
[2025-12-25T01:41:35.060+0000][163.176s][info][gc,phases   ] GC(142)   Pre Evacuate Collection Set: 0.3ms
[2025-12-25T01:41:35.060+0000][163.176s][info][gc,phases   ] GC(142)   Merge Heap Roots: 0.1ms
[2025-12-25T01:41:35.060+0000][163.176s][info][gc,phases   ] GC(142)   Evacuate Collection Set: 5.6ms
[2025-12-25T01:41:35.061+0000][163.176s][info][gc,phases   ] GC(142)   Post Evacuate Collection Set: 1.0ms
[2025-12-25T01:41:35.061+0000][163.177s][info][gc,phases   ] GC(142)   Other: 4.1ms
[2025-12-25T01:41:35.061+0000][163.177s][info][gc,heap     ] GC(142) Eden regions: 244->0(245)
[2025-12-25T01:41:35.061+0000][163.177s][info][gc,heap     ] GC(142) Survivor regions: 5->4(32)
[2025-12-25T01:41:35.062+0000][163.178s][info][gc,heap     ] GC(142) Old regions: 54->54
[2025-12-25T01:41:35.062+0000][163.178s][info][gc,heap     ] GC(142) Archive regions: 2->2
[2025-12-25T01:41:35.063+0000][163.179s][info][gc,heap     ] GC(142) Humongous regions: 39->39
[2025-12-25T01:41:35.063+0000][163.179s][info][gc,metaspace] GC(142) Metaspace: 98253K(99520K)->98253K(99520K) NonClass: 85121K(85696K)->85121K(85696K) Class: 13131K(13824K)->13131K(13824K)
[2025-12-25T01:41:35.063+0000][163.179s][info][gc          ] GC(142) Pause Young (Normal) (G1 Evacuation Pause) 341M->97M(416M) 14.351ms
[2025-12-25T01:41:35.064+0000][163.180s][info][gc,cpu      ] GC(142) User=0.01s Sys=0.00s Real=0.01s
[2025-12-25T01:41:35.577+0000][163.693s][info][gc,start    ] GC(143) Pause Young (Normal) (G1 Evacuation Pause)
[2025-12-25T01:41:35.578+0000][163.694s][info][gc,task     ] GC(143) Using 4 workers of 4 for evacuation
[2025-12-25T01:41:35.592+0000][163.708s][info][gc,phases   ] GC(143)   Pre Evacuate Collection Set: 0.8ms
[2025-12-25T01:41:35.593+0000][163.708s][info][gc,phases   ] GC(143)   Merge Heap Roots: 0.1ms
[2025-12-25T01:41:35.593+0000][163.709s][info][gc,phases   ] GC(143)   Evacuate Collection Set: 11.3ms
[2025-12-25T01:41:35.593+0000][163.709s][info][gc,phases   ] GC(143)   Post Evacuate Collection Set: 1.6ms
[2025-12-25T01:41:35.595+0000][163.711s][info][gc,phases   ] GC(143)   Other: 1.6ms
[2025-12-25T01:41:35.596+0000][163.711s][info][gc,heap     ] GC(143) Eden regions: 245->0(244)
[2025-12-25T01:41:35.596+0000][163.712s][info][gc,heap     ] GC(143) Survivor regions: 4->5(32)
[2025-12-25T01:41:35.596+0000][163.712s][info][gc,heap     ] GC(143) Old regions: 54->54
[2025-12-25T01:41:35.596+0000][163.712s][info][gc,heap     ] GC(143) Archive regions: 2->2
[2025-12-25T01:41:35.596+0000][163.712s][info][gc,heap     ] GC(143) Humongous regions: 39->39
[2025-12-25T01:41:35.596+0000][163.712s][info][gc,metaspace] GC(143) Metaspace: 98253K(99520K)->98253K(99520K) NonClass: 85121K(85696K)->85121K(85696K) Class: 13131K(13824K)->13131K(13824K)
[2025-12-25T01:41:35.597+0000][163.713s][info][gc          ] GC(143) Pause Young (Normal) (G1 Evacuation Pause) 342M->97M(416M) 19.761ms
[2025-12-25T01:41:35.600+0000][163.715s][info][gc,cpu      ] GC(143) User=0.02s Sys=0.00s Real=0.02s
[2025-12-25T01:41:36.092+0000][164.207s][info][gc,start    ] GC(144) Pause Young (Normal) (G1 Evacuation Pause)
[2025-12-25T01:41:36.092+0000][164.208s][info][gc,task     ] GC(144) Using 4 workers of 4 for evacuation
[2025-12-25T01:41:36.101+0000][164.217s][info][gc,phases   ] GC(144)   Pre Evacuate Collection Set: 0.3ms
[2025-12-25T01:41:36.101+0000][164.217s][info][gc,phases   ] GC(144)   Merge Heap Roots: 0.2ms
[2025-12-25T01:41:36.102+0000][164.218s][info][gc,phases   ] GC(144)   Evacuate Collection Set: 7.2ms
[2025-12-25T01:41:36.102+0000][164.218s][info][gc,phases   ] GC(144)   Post Evacuate Collection Set: 1.0ms
[2025-12-25T01:41:36.102+0000][164.218s][info][gc,phases   ] GC(144)   Other: 0.7ms
[2025-12-25T01:41:36.103+0000][164.218s][info][gc,heap     ] GC(144) Eden regions: 244->0(245)
[2025-12-25T01:41:36.103+0000][164.218s][info][gc,heap     ] GC(144) Survivor regions: 5->4(32)
[2025-12-25T01:41:36.103+0000][164.219s][info][gc,heap     ] GC(144) Old regions: 54->54
[2025-12-25T01:41:36.103+0000][164.219s][info][gc,heap     ] GC(144) Archive regions: 2->2
[2025-12-25T01:41:36.103+0000][164.219s][info][gc,heap     ] GC(144) Humongous regions: 39->39
[2025-12-25T01:41:36.103+0000][164.219s][info][gc,metaspace] GC(144) Metaspace: 98253K(99520K)->98253K(99520K) NonClass: 85121K(85696K)->85121K(85696K) Class: 13131K(13824K)->13131K(13824K)
[2025-12-25T01:41:36.103+0000][164.219s][info][gc          ] GC(144) Pause Young (Normal) (G1 Evacuation Pause) 341M->97M(416M) 11.847ms
[2025-12-25T01:41:36.104+0000][164.220s][info][gc,cpu      ] GC(144) User=0.01s Sys=0.00s Real=0.01s
[2025-12-25T01:41:36.511+0000][164.627s][info][gc,start    ] GC(145) Pause Young (Normal) (G1 Evacuation Pause)
[2025-12-25T01:41:36.511+0000][164.627s][info][gc,task     ] GC(145) Using 4 workers of 4 for evacuation
[2025-12-25T01:41:36.517+0000][164.632s][info][gc,phases   ] GC(145)   Pre Evacuate Collection Set: 0.5ms
[2025-12-25T01:41:36.517+0000][164.633s][info][gc,phases   ] GC(145)   Merge Heap Roots: 0.6ms
[2025-12-25T01:41:36.519+0000][164.634s][info][gc,phases   ] GC(145)   Evacuate Collection Set: 3.0ms
[2025-12-25T01:41:36.519+0000][164.635s][info][gc,phases   ] GC(145)   Post Evacuate Collection Set: 1.0ms
[2025-12-25T01:41:36.519+0000][164.635s][info][gc,phases   ] GC(145)   Other: 0.7ms
[2025-12-25T01:41:36.519+0000][164.635s][info][gc,heap     ] GC(145) Eden regions: 245->0(245)
[2025-12-25T01:41:36.519+0000][164.635s][info][gc,heap     ] GC(145) Survivor regions: 4->4(32)
[2025-12-25T01:41:36.520+0000][164.635s][info][gc,heap     ] GC(145) Old regions: 54->54
[2025-12-25T01:41:36.520+0000][164.636s][info][gc,heap     ] GC(145) Archive regions: 2->2
[2025-12-25T01:41:36.520+0000][164.636s][info][gc,heap     ] GC(145) Humongous regions: 39->39
[2025-12-25T01:41:36.520+0000][164.636s][info][gc,metaspace] GC(145) Metaspace: 98254K(99520K)->98254K(99520K) NonClass: 85122K(85696K)->85122K(85696K) Class: 13131K(13824K)->13131K(13824K)
[2025-12-25T01:41:36.521+0000][164.636s][info][gc          ] GC(145) Pause Young (Normal) (G1 Evacuation Pause) 342M->96M(416M) 9.650ms
[2025-12-25T01:41:36.521+0000][164.637s][info][gc,cpu      ] GC(145) User=0.00s Sys=0.00s Real=0.01s
[2025-12-25T01:41:36.924+0000][165.040s][info][gc,start    ] GC(146) Pause Young (Normal) (G1 Evacuation Pause)
[2025-12-25T01:41:36.924+0000][165.040s][info][gc,task     ] GC(146) Using 4 workers of 4 for evacuation
[2025-12-25T01:41:36.929+0000][165.045s][info][gc,phases   ] GC(146)   Pre Evacuate Collection Set: 0.2ms
[2025-12-25T01:41:36.934+0000][165.049s][info][gc,phases   ] GC(146)   Merge Heap Roots: 0.4ms
[2025-12-25T01:41:36.935+0000][165.051s][info][gc,phases   ] GC(146)   Evacuate Collection Set: 2.7ms
[2025-12-25T01:41:36.935+0000][165.051s][info][gc,phases   ] GC(146)   Post Evacuate Collection Set: 1.2ms
[2025-12-25T01:41:36.935+0000][165.051s][info][gc,phases   ] GC(146)   Other: 0.5ms
[2025-12-25T01:41:36.936+0000][165.052s][info][gc,heap     ] GC(146) Eden regions: 245->0(246)
[2025-12-25T01:41:36.936+0000][165.052s][info][gc,heap     ] GC(146) Survivor regions: 4->3(32)
[2025-12-25T01:41:36.936+0000][165.052s][info][gc,heap     ] GC(146) Old regions: 54->54
[2025-12-25T01:41:36.937+0000][165.052s][info][gc,heap     ] GC(146) Archive regions: 2->2
[2025-12-25T01:41:36.938+0000][165.054s][info][gc,heap     ] GC(146) Humongous regions: 39->39
[2025-12-25T01:41:36.939+0000][165.054s][info][gc,metaspace] GC(146) Metaspace: 98341K(99584K)->98341K(99584K) NonClass: 85209K(85760K)->85209K(85760K) Class: 13131K(13824K)->13131K(13824K)
[2025-12-25T01:41:36.939+0000][165.055s][info][gc          ] GC(146) Pause Young (Normal) (G1 Evacuation Pause) 341M->96M(416M) 14.705ms
[2025-12-25T01:41:36.940+0000][165.055s][info][gc,cpu      ] GC(146) User=0.01s Sys=0.00s Real=0.02s
[2025-12-25T01:41:37.490+0000][165.606s][info][gc,start    ] GC(147) Pause Young (Normal) (G1 Evacuation Pause)
[2025-12-25T01:41:37.491+0000][165.606s][info][gc,task     ] GC(147) Using 4 workers of 4 for evacuation
[2025-12-25T01:41:37.504+0000][165.620s][info][gc,phases   ] GC(147)   Pre Evacuate Collection Set: 0.7ms
[2025-12-25T01:41:37.505+0000][165.621s][info][gc,phases   ] GC(147)   Merge Heap Roots: 1.0ms
[2025-12-25T01:41:37.506+0000][165.622s][info][gc,phases   ] GC(147)   Evacuate Collection Set: 10.5ms
[2025-12-25T01:41:37.507+0000][165.623s][info][gc,phases   ] GC(147)   Post Evacuate Collection Set: 1.4ms
[2025-12-25T01:41:37.507+0000][165.623s][info][gc,phases   ] GC(147)   Other: 0.8ms
[2025-12-25T01:41:37.507+0000][165.623s][info][gc,heap     ] GC(147) Eden regions: 246->0(246)
[2025-12-25T01:41:37.508+0000][165.624s][info][gc,heap     ] GC(147) Survivor regions: 3->3(32)
[2025-12-25T01:41:37.508+0000][165.624s][info][gc,heap     ] GC(147) Old regions: 54->54
[2025-12-25T01:41:37.511+0000][165.627s][info][gc,heap     ] GC(147) Archive regions: 2->2
[2025-12-25T01:41:37.512+0000][165.628s][info][gc,heap     ] GC(147) Humongous regions: 39->39
[2025-12-25T01:41:37.513+0000][165.629s][info][gc,metaspace] GC(147) Metaspace: 98353K(99584K)->98353K(99584K) NonClass: 85221K(85760K)->85221K(85760K) Class: 13131K(13824K)->13131K(13824K)
[2025-12-25T01:41:37.514+0000][165.630s][info][gc          ] GC(147) Pause Young (Normal) (G1 Evacuation Pause) 342M->96M(416M) 23.641ms
[2025-12-25T01:41:37.514+0000][165.630s][info][gc,cpu      ] GC(147) User=0.01s Sys=0.00s Real=0.03s
[2025-12-25T01:41:38.045+0000][166.161s][info][gc,start    ] GC(148) Pause Young (Normal) (G1 Evacuation Pause)
[2025-12-25T01:41:38.046+0000][166.162s][info][gc,task     ] GC(148) Using 4 workers of 4 for evacuation
[2025-12-25T01:41:38.061+0000][166.176s][info][gc,phases   ] GC(148)   Pre Evacuate Collection Set: 0.7ms
[2025-12-25T01:41:38.061+0000][166.177s][info][gc,phases   ] GC(148)   Merge Heap Roots: 0.2ms
[2025-12-25T01:41:38.061+0000][166.177s][info][gc,phases   ] GC(148)   Evacuate Collection Set: 8.1ms
[2025-12-25T01:41:38.062+0000][166.177s][info][gc,phases   ] GC(148)   Post Evacuate Collection Set: 5.1ms
[2025-12-25T01:41:38.062+0000][166.178s][info][gc,phases   ] GC(148)   Other: 2.1ms
[2025-12-25T01:41:38.062+0000][166.178s][info][gc,heap     ] GC(148) Eden regions: 246->0(245)
[2025-12-25T01:41:38.062+0000][166.178s][info][gc,heap     ] GC(148) Survivor regions: 3->4(32)
[2025-12-25T01:41:38.062+0000][166.178s][info][gc,heap     ] GC(148) Old regions: 54->54
[2025-12-25T01:41:38.062+0000][166.178s][info][gc,heap     ] GC(148) Archive regions: 2->2
[2025-12-25T01:41:38.063+0000][166.178s][info][gc,heap     ] GC(148) Humongous regions: 39->39
[2025-12-25T01:41:38.063+0000][166.179s][info][gc,metaspace] GC(148) Metaspace: 98353K(99584K)->98353K(99584K) NonClass: 85221K(85760K)->85221K(85760K) Class: 13131K(13824K)->13131K(13824K)
[2025-12-25T01:41:38.066+0000][166.182s][info][gc          ] GC(148) Pause Young (Normal) (G1 Evacuation Pause) 342M->96M(416M) 20.937ms
[2025-12-25T01:41:38.068+0000][166.184s][info][gc,cpu      ] GC(148) User=0.02s Sys=0.01s Real=0.02s
[2025-12-25T01:41:38.655+0000][166.771s][info][gc,start    ] GC(149) Pause Young (Normal) (G1 Evacuation Pause)
[2025-12-25T01:41:38.655+0000][166.771s][info][gc,task     ] GC(149) Using 4 workers of 4 for evacuation
[2025-12-25T01:41:38.663+0000][166.779s][info][gc,phases   ] GC(149)   Pre Evacuate Collection Set: 0.3ms
[2025-12-25T01:41:38.663+0000][166.779s][info][gc,phases   ] GC(149)   Merge Heap Roots: 0.1ms
[2025-12-25T01:41:38.663+0000][166.779s][info][gc,phases   ] GC(149)   Evacuate Collection Set: 6.3ms
[2025-12-25T01:41:38.664+0000][166.779s][info][gc,phases   ] GC(149)   Post Evacuate Collection Set: 1.0ms
[2025-12-25T01:41:38.664+0000][166.780s][info][gc,phases   ] GC(149)   Other: 0.6ms
[2025-12-25T01:41:38.664+0000][166.780s][info][gc,heap     ] GC(149) Eden regions: 245->0(246)
[2025-12-25T01:41:38.664+0000][166.780s][info][gc,heap     ] GC(149) Survivor regions: 4->3(32)
[2025-12-25T01:41:38.664+0000][166.780s][info][gc,heap     ] GC(149) Old regions: 54->54
[2025-12-25T01:41:38.664+0000][166.780s][info][gc,heap     ] GC(149) Archive regions: 2->2
[2025-12-25T01:41:38.664+0000][166.780s][info][gc,heap     ] GC(149) Humongous regions: 39->39
[2025-12-25T01:41:38.664+0000][166.780s][info][gc,metaspace] GC(149) Metaspace: 98353K(99584K)->98353K(99584K) NonClass: 85221K(85760K)->85221K(85760K) Class: 13131K(13824K)->13131K(13824K)
[2025-12-25T01:41:38.664+0000][166.780s][info][gc          ] GC(149) Pause Young (Normal) (G1 Evacuation Pause) 341M->96M(416M) 9.322ms
[2025-12-25T01:41:38.664+0000][166.780s][info][gc,cpu      ] GC(149) User=0.01s Sys=0.00s Real=0.01s
[2025-12-25T01:41:39.095+0000][167.211s][info][gc,start    ] GC(150) Pause Young (Normal) (G1 Evacuation Pause)
[2025-12-25T01:41:39.096+0000][167.212s][info][gc,task     ] GC(150) Using 4 workers of 4 for evacuation
[2025-12-25T01:41:39.108+0000][167.224s][info][gc,phases   ] GC(150)   Pre Evacuate Collection Set: 0.9ms
[2025-12-25T01:41:39.108+0000][167.224s][info][gc,phases   ] GC(150)   Merge Heap Roots: 0.1ms
[2025-12-25T01:41:39.109+0000][167.225s][info][gc,phases   ] GC(150)   Evacuate Collection Set: 8.1ms
[2025-12-25T01:41:39.112+0000][167.228s][info][gc,phases   ] GC(150)   Post Evacuate Collection Set: 2.1ms
[2025-12-25T01:41:39.113+0000][167.229s][info][gc,phases   ] GC(150)   Other: 1.6ms
[2025-12-25T01:41:39.113+0000][167.229s][info][gc,heap     ] GC(150) Eden regions: 246->0(245)
[2025-12-25T01:41:39.113+0000][167.229s][info][gc,heap     ] GC(150) Survivor regions: 3->4(32)
[2025-12-25T01:41:39.113+0000][167.229s][info][gc,heap     ] GC(150) Old regions: 54->54
[2025-12-25T01:41:39.113+0000][167.229s][info][gc,heap     ] GC(150) Archive regions: 2->2
[2025-12-25T01:41:39.113+0000][167.229s][info][gc,heap     ] GC(150) Humongous regions: 39->39
[2025-12-25T01:41:39.114+0000][167.230s][info][gc,metaspace] GC(150) Metaspace: 98353K(99584K)->98353K(99584K) NonClass: 85221K(85760K)->85221K(85760K) Class: 13131K(13824K)->13131K(13824K)
[2025-12-25T01:41:39.114+0000][167.230s][info][gc          ] GC(150) Pause Young (Normal) (G1 Evacuation Pause) 342M->96M(416M) 18.750ms
[2025-12-25T01:41:39.114+0000][167.230s][info][gc,cpu      ] GC(150) User=0.01s Sys=0.00s Real=0.01s
[2025-12-25T01:41:39.665+0000][167.781s][info][gc,start    ] GC(151) Pause Young (Normal) (G1 Evacuation Pause)
[2025-12-25T01:41:39.665+0000][167.781s][info][gc,task     ] GC(151) Using 4 workers of 4 for evacuation
[2025-12-25T01:41:39.691+0000][167.807s][info][gc,phases   ] GC(151)   Pre Evacuate Collection Set: 0.2ms
[2025-12-25T01:41:39.692+0000][167.808s][info][gc,phases   ] GC(151)   Merge Heap Roots: 0.9ms
[2025-12-25T01:41:39.692+0000][167.808s][info][gc,phases   ] GC(151)   Evacuate Collection Set: 16.0ms
[2025-12-25T01:41:39.692+0000][167.808s][info][gc,phases   ] GC(151)   Post Evacuate Collection Set: 8.5ms
[2025-12-25T01:41:39.693+0000][167.808s][info][gc,phases   ] GC(151)   Other: 0.7ms
[2025-12-25T01:41:39.693+0000][167.809s][info][gc,heap     ] GC(151) Eden regions: 245->0(245)
[2025-12-25T01:41:39.693+0000][167.809s][info][gc,heap     ] GC(151) Survivor regions: 4->4(32)
[2025-12-25T01:41:39.694+0000][167.809s][info][gc,heap     ] GC(151) Old regions: 54->54
[2025-12-25T01:41:39.694+0000][167.810s][info][gc,heap     ] GC(151) Archive regions: 2->2
[2025-12-25T01:41:39.695+0000][167.811s][info][gc,heap     ] GC(151) Humongous regions: 39->39
[2025-12-25T01:41:39.699+0000][167.815s][info][gc,metaspace] GC(151) Metaspace: 98353K(99584K)->98353K(99584K) NonClass: 85221K(85760K)->85221K(85760K) Class: 13131K(13824K)->13131K(13824K)
[2025-12-25T01:41:39.700+0000][167.815s][info][gc          ] GC(151) Pause Young (Normal) (G1 Evacuation Pause) 341M->97M(416M) 34.675ms
[2025-12-25T01:41:39.700+0000][167.816s][info][gc,cpu      ] GC(151) User=0.01s Sys=0.01s Real=0.03s
[2025-12-25T01:41:40.067+0000][168.183s][info][gc,start    ] GC(152) Pause Young (Normal) (G1 Evacuation Pause)
[2025-12-25T01:41:40.067+0000][168.183s][info][gc,task     ] GC(152) Using 4 workers of 4 for evacuation
[2025-12-25T01:41:40.075+0000][168.190s][info][gc,phases   ] GC(152)   Pre Evacuate Collection Set: 0.4ms
[2025-12-25T01:41:40.075+0000][168.191s][info][gc,phases   ] GC(152)   Merge Heap Roots: 0.1ms
[2025-12-25T01:41:40.078+0000][168.193s][info][gc,phases   ] GC(152)   Evacuate Collection Set: 5.6ms
[2025-12-25T01:41:40.079+0000][168.195s][info][gc,phases   ] GC(152)   Post Evacuate Collection Set: 1.2ms
[2025-12-25T01:41:40.081+0000][168.197s][info][gc,phases   ] GC(152)   Other: 0.6ms
[2025-12-25T01:41:40.082+0000][168.198s][info][gc,heap     ] GC(152) Eden regions: 245->0(245)
[2025-12-25T01:41:40.083+0000][168.198s][info][gc,heap     ] GC(152) Survivor regions: 4->4(32)
[2025-12-25T01:41:40.083+0000][168.199s][info][gc,heap     ] GC(152) Old regions: 54->54
[2025-12-25T01:41:40.084+0000][168.199s][info][gc,heap     ] GC(152) Archive regions: 2->2
[2025-12-25T01:41:40.084+0000][168.200s][info][gc,heap     ] GC(152) Humongous regions: 39->39
[2025-12-25T01:41:40.084+0000][168.200s][info][gc,metaspace] GC(152) Metaspace: 98353K(99584K)->98353K(99584K) NonClass: 85221K(85760K)->85221K(85760K) Class: 13131K(13824K)->13131K(13824K)
[2025-12-25T01:41:40.084+0000][168.200s][info][gc          ] GC(152) Pause Young (Normal) (G1 Evacuation Pause) 342M->97M(416M) 17.735ms
[2025-12-25T01:41:40.085+0000][168.201s][info][gc,cpu      ] GC(152) User=0.01s Sys=0.00s Real=0.02s
[2025-12-25T01:41:40.550+0000][168.666s][info][gc,start    ] GC(153) Pause Young (Normal) (G1 Evacuation Pause)
[2025-12-25T01:41:40.551+0000][168.667s][info][gc,task     ] GC(153) Using 4 workers of 4 for evacuation
[2025-12-25T01:41:40.557+0000][168.673s][info][gc,phases   ] GC(153)   Pre Evacuate Collection Set: 0.2ms
[2025-12-25T01:41:40.558+0000][168.674s][info][gc,phases   ] GC(153)   Merge Heap Roots: 0.2ms
[2025-12-25T01:41:40.558+0000][168.674s][info][gc,phases   ] GC(153)   Evacuate Collection Set: 5.5ms
[2025-12-25T01:41:40.559+0000][168.674s][info][gc,phases   ] GC(153)   Post Evacuate Collection Set: 0.6ms
[2025-12-25T01:41:40.559+0000][168.675s][info][gc,phases   ] GC(153)   Other: 0.6ms
[2025-12-25T01:41:40.559+0000][168.675s][info][gc,heap     ] GC(153) Eden regions: 245->0(245)
[2025-12-25T01:41:40.559+0000][168.675s][info][gc,heap     ] GC(153) Survivor regions: 4->4(32)
[2025-12-25T01:41:40.559+0000][168.675s][info][gc,heap     ] GC(153) Old regions: 54->54
[2025-12-25T01:41:40.560+0000][168.675s][info][gc,heap     ] GC(153) Archive regions: 2->2
[2025-12-25T01:41:40.560+0000][168.676s][info][gc,heap     ] GC(153) Humongous regions: 39->39
[2025-12-25T01:41:40.560+0000][168.676s][info][gc,metaspace] GC(153) Metaspace: 98353K(99584K)->98353K(99584K) NonClass: 85221K(85760K)->85221K(85760K) Class: 13131K(13824K)->13131K(13824K)
[2025-12-25T01:41:40.563+0000][168.678s][info][gc          ] GC(153) Pause Young (Normal) (G1 Evacuation Pause) 342M->96M(416M) 12.037ms
[2025-12-25T01:41:40.564+0000][168.679s][info][gc,cpu      ] GC(153) User=0.01s Sys=0.00s Real=0.01s
[2025-12-25T01:41:40.784+0000][168.900s][info][gc,start    ] GC(154) Pause Young (Normal) (G1 Evacuation Pause)
[2025-12-25T01:41:40.785+0000][168.901s][info][gc,task     ] GC(154) Using 4 workers of 4 for evacuation
[2025-12-25T01:41:40.794+0000][168.909s][info][gc,phases   ] GC(154)   Pre Evacuate Collection Set: 0.2ms
[2025-12-25T01:41:40.794+0000][168.910s][info][gc,phases   ] GC(154)   Merge Heap Roots: 0.1ms
[2025-12-25T01:41:40.794+0000][168.910s][info][gc,phases   ] GC(154)   Evacuate Collection Set: 7.8ms
[2025-12-25T01:41:40.795+0000][168.911s][info][gc,phases   ] GC(154)   Post Evacuate Collection Set: 0.5ms
[2025-12-25T01:41:40.796+0000][168.912s][info][gc,phases   ] GC(154)   Other: 0.6ms
[2025-12-25T01:41:40.796+0000][168.912s][info][gc,heap     ] GC(154) Eden regions: 245->0(245)
[2025-12-25T01:41:40.797+0000][168.913s][info][gc,heap     ] GC(154) Survivor regions: 4->4(32)
[2025-12-25T01:41:40.797+0000][168.913s][info][gc,heap     ] GC(154) Old regions: 54->54
[2025-12-25T01:41:40.797+0000][168.913s][info][gc,heap     ] GC(154) Archive regions: 2->2
[2025-12-25T01:41:40.798+0000][168.913s][info][gc,heap     ] GC(154) Humongous regions: 39->39
[2025-12-25T01:41:40.798+0000][168.914s][info][gc,metaspace] GC(154) Metaspace: 98357K(99584K)->98357K(99584K) NonClass: 85225K(85760K)->85225K(85760K) Class: 13131K(13824K)->13131K(13824K)
[2025-12-25T01:41:40.798+0000][168.914s][info][gc          ] GC(154) Pause Young (Normal) (G1 Evacuation Pause) 341M->97M(416M) 13.609ms
[2025-12-25T01:41:40.798+0000][168.914s][info][gc,cpu      ] GC(154) User=0.01s Sys=0.00s Real=0.01s
[2025-12-25T01:41:41.178+0000][169.294s][info][gc,start    ] GC(155) Pause Young (Normal) (G1 Evacuation Pause)
[2025-12-25T01:41:41.182+0000][169.297s][info][gc,task     ] GC(155) Using 4 workers of 4 for evacuation
[2025-12-25T01:41:41.201+0000][169.317s][info][gc,phases   ] GC(155)   Pre Evacuate Collection Set: 0.3ms
[2025-12-25T01:41:41.201+0000][169.317s][info][gc,phases   ] GC(155)   Merge Heap Roots: 0.1ms
[2025-12-25T01:41:41.201+0000][169.317s][info][gc,phases   ] GC(155)   Evacuate Collection Set: 12.2ms
[2025-12-25T01:41:41.201+0000][169.317s][info][gc,phases   ] GC(155)   Post Evacuate Collection Set: 6.4ms
[2025-12-25T01:41:41.202+0000][169.317s][info][gc,phases   ] GC(155)   Other: 3.7ms
[2025-12-25T01:41:41.202+0000][169.318s][info][gc,heap     ] GC(155) Eden regions: 245->0(244)
[2025-12-25T01:41:41.202+0000][169.318s][info][gc,heap     ] GC(155) Survivor regions: 4->5(32)
[2025-12-25T01:41:41.203+0000][169.319s][info][gc,heap     ] GC(155) Old regions: 54->54
[2025-12-25T01:41:41.204+0000][169.320s][info][gc,heap     ] GC(155) Archive regions: 2->2
[2025-12-25T01:41:41.206+0000][169.322s][info][gc,heap     ] GC(155) Humongous regions: 39->39
[2025-12-25T01:41:41.208+0000][169.323s][info][gc,metaspace] GC(155) Metaspace: 98360K(99648K)->98360K(99648K) NonClass: 85228K(85824K)->85228K(85824K) Class: 13131K(13824K)->13131K(13824K)
[2025-12-25T01:41:41.209+0000][169.325s][info][gc          ] GC(155) Pause Young (Normal) (G1 Evacuation Pause) 342M->98M(416M) 30.811ms
[2025-12-25T01:41:41.211+0000][169.327s][info][gc,cpu      ] GC(155) User=0.01s Sys=0.00s Real=0.03s
[2025-12-25T01:41:41.553+0000][169.669s][info][gc,start    ] GC(156) Pause Young (Normal) (G1 Evacuation Pause)
[2025-12-25T01:41:41.553+0000][169.669s][info][gc,task     ] GC(156) Using 4 workers of 4 for evacuation
[2025-12-25T01:41:41.560+0000][169.676s][info][gc,phases   ] GC(156)   Pre Evacuate Collection Set: 0.2ms
[2025-12-25T01:41:41.560+0000][169.676s][info][gc,phases   ] GC(156)   Merge Heap Roots: 0.3ms
[2025-12-25T01:41:41.560+0000][169.676s][info][gc,phases   ] GC(156)   Evacuate Collection Set: 3.9ms
[2025-12-25T01:41:41.561+0000][169.676s][info][gc,phases   ] GC(156)   Post Evacuate Collection Set: 1.7ms
[2025-12-25T01:41:41.561+0000][169.677s][info][gc,phases   ] GC(156)   Other: 1.0ms
[2025-12-25T01:41:41.561+0000][169.677s][info][gc,heap     ] GC(156) Eden regions: 244->0(246)
[2025-12-25T01:41:41.561+0000][169.677s][info][gc,heap     ] GC(156) Survivor regions: 5->3(32)
[2025-12-25T01:41:41.561+0000][169.677s][info][gc,heap     ] GC(156) Old regions: 54->54
[2025-12-25T01:41:41.561+0000][169.677s][info][gc,heap     ] GC(156) Archive regions: 2->2
[2025-12-25T01:41:41.561+0000][169.677s][info][gc,heap     ] GC(156) Humongous regions: 39->39
[2025-12-25T01:41:41.561+0000][169.677s][info][gc,metaspace] GC(156) Metaspace: 98360K(99648K)->98360K(99648K) NonClass: 85228K(85824K)->85228K(85824K) Class: 13131K(13824K)->13131K(13824K)
[2025-12-25T01:41:41.561+0000][169.677s][info][gc          ] GC(156) Pause Young (Normal) (G1 Evacuation Pause) 342M->96M(416M) 8.323ms
[2025-12-25T01:41:41.561+0000][169.677s][info][gc,cpu      ] GC(156) User=0.00s Sys=0.00s Real=0.01s
[2025-12-25T01:41:44.564+0000][172.680s][info][gc,start    ] GC(157) Pause Young (Normal) (G1 Evacuation Pause)
[2025-12-25T01:41:44.564+0000][172.680s][info][gc,task     ] GC(157) Using 4 workers of 4 for evacuation
[2025-12-25T01:41:44.569+0000][172.685s][info][gc,phases   ] GC(157)   Pre Evacuate Collection Set: 0.5ms
[2025-12-25T01:41:44.570+0000][172.685s][info][gc,phases   ] GC(157)   Merge Heap Roots: 0.1ms
[2025-12-25T01:41:44.570+0000][172.685s][info][gc,phases   ] GC(157)   Evacuate Collection Set: 3.4ms
[2025-12-25T01:41:44.570+0000][172.686s][info][gc,phases   ] GC(157)   Post Evacuate Collection Set: 0.6ms
[2025-12-25T01:41:44.570+0000][172.686s][info][gc,phases   ] GC(157)   Other: 0.9ms
[2025-12-25T01:41:44.570+0000][172.686s][info][gc,heap     ] GC(157) Eden regions: 246->0(246)
[2025-12-25T01:41:44.570+0000][172.686s][info][gc,heap     ] GC(157) Survivor regions: 3->3(32)
[2025-12-25T01:41:44.570+0000][172.686s][info][gc,heap     ] GC(157) Old regions: 54->54
[2025-12-25T01:41:44.570+0000][172.686s][info][gc,heap     ] GC(157) Archive regions: 2->2
[2025-12-25T01:41:44.570+0000][172.686s][info][gc,heap     ] GC(157) Humongous regions: 39->39
[2025-12-25T01:41:44.570+0000][172.686s][info][gc,metaspace] GC(157) Metaspace: 98370K(99648K)->98370K(99648K) NonClass: 85237K(85824K)->85237K(85824K) Class: 13132K(13824K)->13132K(13824K)
[2025-12-25T01:41:44.571+0000][172.686s][info][gc          ] GC(157) Pause Young (Normal) (G1 Evacuation Pause) 342M->96M(416M) 6.687ms
[2025-12-25T01:41:44.571+0000][172.687s][info][gc,cpu      ] GC(157) User=0.02s Sys=0.00s Real=0.01s
[2025-12-25T01:41:47.921+0000][176.037s][info][gc,start    ] GC(158) Pause Young (Normal) (G1 Evacuation Pause)
[2025-12-25T01:41:47.921+0000][176.037s][info][gc,task     ] GC(158) Using 4 workers of 4 for evacuation
[2025-12-25T01:41:47.928+0000][176.044s][info][gc,phases   ] GC(158)   Pre Evacuate Collection Set: 0.2ms
[2025-12-25T01:41:47.928+0000][176.044s][info][gc,phases   ] GC(158)   Merge Heap Roots: 0.1ms
[2025-12-25T01:41:47.929+0000][176.044s][info][gc,phases   ] GC(158)   Evacuate Collection Set: 5.7ms
[2025-12-25T01:41:47.929+0000][176.045s][info][gc,phases   ] GC(158)   Post Evacuate Collection Set: 0.8ms
[2025-12-25T01:41:47.929+0000][176.045s][info][gc,phases   ] GC(158)   Other: 0.7ms
[2025-12-25T01:41:47.929+0000][176.045s][info][gc,heap     ] GC(158) Eden regions: 246->0(246)
[2025-12-25T01:41:47.929+0000][176.045s][info][gc,heap     ] GC(158) Survivor regions: 3->3(32)
[2025-12-25T01:41:47.929+0000][176.045s][info][gc,heap     ] GC(158) Old regions: 54->54
[2025-12-25T01:41:47.929+0000][176.045s][info][gc,heap     ] GC(158) Archive regions: 2->2
[2025-12-25T01:41:47.929+0000][176.045s][info][gc,heap     ] GC(158) Humongous regions: 39->39
[2025-12-25T01:41:47.930+0000][176.045s][info][gc,metaspace] GC(158) Metaspace: 98376K(99648K)->98376K(99648K) NonClass: 85243K(85824K)->85243K(85824K) Class: 13132K(13824K)->13132K(13824K)
[2025-12-25T01:41:47.930+0000][176.046s][info][gc          ] GC(158) Pause Young (Normal) (G1 Evacuation Pause) 342M->95M(416M) 8.950ms
[2025-12-25T01:41:47.930+0000][176.046s][info][gc,cpu      ] GC(158) User=0.02s Sys=0.00s Real=0.01s
[2025-12-25T01:41:51.896+0000][180.012s][info][gc,start    ] GC(159) Pause Young (Normal) (G1 Evacuation Pause)
[2025-12-25T01:41:51.897+0000][180.013s][info][gc,task     ] GC(159) Using 4 workers of 4 for evacuation
[2025-12-25T01:41:51.907+0000][180.023s][info][gc,phases   ] GC(159)   Pre Evacuate Collection Set: 0.5ms
[2025-12-25T01:41:51.908+0000][180.023s][info][gc,phases   ] GC(159)   Merge Heap Roots: 0.1ms
[2025-12-25T01:41:51.908+0000][180.024s][info][gc,phases   ] GC(159)   Evacuate Collection Set: 7.6ms
[2025-12-25T01:41:51.908+0000][180.024s][info][gc,phases   ] GC(159)   Post Evacuate Collection Set: 1.5ms
[2025-12-25T01:41:51.908+0000][180.024s][info][gc,phases   ] GC(159)   Other: 2.6ms
[2025-12-25T01:41:51.908+0000][180.024s][info][gc,heap     ] GC(159) Eden regions: 246->0(246)
[2025-12-25T01:41:51.908+0000][180.024s][info][gc,heap     ] GC(159) Survivor regions: 3->3(32)
[2025-12-25T01:41:51.908+0000][180.024s][info][gc,heap     ] GC(159) Old regions: 54->54
[2025-12-25T01:41:51.908+0000][180.024s][info][gc,heap     ] GC(159) Archive regions: 2->2
[2025-12-25T01:41:51.908+0000][180.024s][info][gc,heap     ] GC(159) Humongous regions: 39->39
[2025-12-25T01:41:51.908+0000][180.024s][info][gc,metaspace] GC(159) Metaspace: 98384K(99648K)->98384K(99648K) NonClass: 85252K(85824K)->85252K(85824K) Class: 13132K(13824K)->13132K(13824K)
[2025-12-25T01:41:51.909+0000][180.024s][info][gc          ] GC(159) Pause Young (Normal) (G1 Evacuation Pause) 341M->96M(416M) 12.834ms
[2025-12-25T01:41:51.909+0000][180.025s][info][gc,cpu      ] GC(159) User=0.04s Sys=0.00s Real=0.01s
[2025-12-25T01:41:55.307+0000][183.423s][info][gc,start    ] GC(160) Pause Young (Normal) (G1 Evacuation Pause)
[2025-12-25T01:41:55.307+0000][183.423s][info][gc,task     ] GC(160) Using 4 workers of 4 for evacuation
[2025-12-25T01:41:55.310+0000][183.426s][info][gc,phases   ] GC(160)   Pre Evacuate Collection Set: 0.2ms
[2025-12-25T01:41:55.311+0000][183.426s][info][gc,phases   ] GC(160)   Merge Heap Roots: 0.1ms
[2025-12-25T01:41:55.311+0000][183.426s][info][gc,phases   ] GC(160)   Evacuate Collection Set: 2.4ms
[2025-12-25T01:41:55.311+0000][183.427s][info][gc,phases   ] GC(160)   Post Evacuate Collection Set: 0.5ms
[2025-12-25T01:41:55.311+0000][183.427s][info][gc,phases   ] GC(160)   Other: 0.5ms
[2025-12-25T01:41:55.311+0000][183.427s][info][gc,heap     ] GC(160) Eden regions: 246->0(246)
[2025-12-25T01:41:55.311+0000][183.427s][info][gc,heap     ] GC(160) Survivor regions: 3->3(32)
[2025-12-25T01:41:55.311+0000][183.427s][info][gc,heap     ] GC(160) Old regions: 54->54
[2025-12-25T01:41:55.311+0000][183.427s][info][gc,heap     ] GC(160) Archive regions: 2->2
[2025-12-25T01:41:55.311+0000][183.427s][info][gc,heap     ] GC(160) Humongous regions: 39->39
[2025-12-25T01:41:55.312+0000][183.428s][info][gc,metaspace] GC(160) Metaspace: 98398K(99648K)->98398K(99648K) NonClass: 85266K(85824K)->85266K(85824K) Class: 13132K(13824K)->13132K(13824K)
[2025-12-25T01:41:55.312+0000][183.428s][info][gc          ] GC(160) Pause Young (Normal) (G1 Evacuation Pause) 342M->96M(416M) 5.156ms
[2025-12-25T01:41:55.312+0000][183.428s][info][gc,cpu      ] GC(160) User=0.01s Sys=0.00s Real=0.00s
[2025-12-25T01:41:57.141+0000][185.257s][info][gc,start    ] GC(161) Pause Young (Normal) (G1 Evacuation Pause)
[2025-12-25T01:41:57.142+0000][185.258s][info][gc,task     ] GC(161) Using 4 workers of 4 for evacuation
[2025-12-25T01:41:57.146+0000][185.262s][info][gc,phases   ] GC(161)   Pre Evacuate Collection Set: 0.3ms
[2025-12-25T01:41:57.147+0000][185.262s][info][gc,phases   ] GC(161)   Merge Heap Roots: 0.1ms
[2025-12-25T01:41:57.147+0000][185.263s][info][gc,phases   ] GC(161)   Evacuate Collection Set: 3.3ms
[2025-12-25T01:41:57.147+0000][185.263s][info][gc,phases   ] GC(161)   Post Evacuate Collection Set: 0.7ms
[2025-12-25T01:41:57.147+0000][185.263s][info][gc,phases   ] GC(161)   Other: 1.0ms
[2025-12-25T01:41:57.147+0000][185.263s][info][gc,heap     ] GC(161) Eden regions: 246->0(246)
[2025-12-25T01:41:57.147+0000][185.263s][info][gc,heap     ] GC(161) Survivor regions: 3->3(32)
[2025-12-25T01:41:57.147+0000][185.263s][info][gc,heap     ] GC(161) Old regions: 54->54
[2025-12-25T01:41:57.147+0000][185.263s][info][gc,heap     ] GC(161) Archive regions: 2->2
[2025-12-25T01:41:57.147+0000][185.263s][info][gc,heap     ] GC(161) Humongous regions: 39->39
[2025-12-25T01:41:57.147+0000][185.263s][info][gc,metaspace] GC(161) Metaspace: 98408K(99648K)->98408K(99648K) NonClass: 85275K(85824K)->85275K(85824K) Class: 13132K(13824K)->13132K(13824K)
[2025-12-25T01:41:57.148+0000][185.263s][info][gc          ] GC(161) Pause Young (Normal) (G1 Evacuation Pause) 342M->96M(416M) 6.193ms
[2025-12-25T01:41:57.148+0000][185.264s][info][gc,cpu      ] GC(161) User=0.01s Sys=0.00s Real=0.01s
[2025-12-25T01:42:01.083+0000][189.199s][info][gc,start    ] GC(162) Pause Young (Normal) (G1 Evacuation Pause)
[2025-12-25T01:42:01.084+0000][189.200s][info][gc,task     ] GC(162) Using 4 workers of 4 for evacuation
[2025-12-25T01:42:01.108+0000][189.223s][info][gc,phases   ] GC(162)   Pre Evacuate Collection Set: 0.6ms
[2025-12-25T01:42:01.108+0000][189.224s][info][gc,phases   ] GC(162)   Merge Heap Roots: 0.2ms
[2025-12-25T01:42:01.108+0000][189.224s][info][gc,phases   ] GC(162)   Evacuate Collection Set: 20.8ms
[2025-12-25T01:42:01.108+0000][189.224s][info][gc,phases   ] GC(162)   Post Evacuate Collection Set: 1.4ms
[2025-12-25T01:42:01.108+0000][189.224s][info][gc,phases   ] GC(162)   Other: 2.2ms
[2025-12-25T01:42:01.108+0000][189.224s][info][gc,heap     ] GC(162) Eden regions: 246->0(246)
[2025-12-25T01:42:01.108+0000][189.224s][info][gc,heap     ] GC(162) Survivor regions: 3->3(32)
[2025-12-25T01:42:01.108+0000][189.224s][info][gc,heap     ] GC(162) Old regions: 54->54
[2025-12-25T01:42:01.108+0000][189.224s][info][gc,heap     ] GC(162) Archive regions: 2->2
[2025-12-25T01:42:01.108+0000][189.224s][info][gc,heap     ] GC(162) Humongous regions: 39->39
[2025-12-25T01:42:01.108+0000][189.224s][info][gc,metaspace] GC(162) Metaspace: 98408K(99648K)->98408K(99648K) NonClass: 85275K(85824K)->85275K(85824K) Class: 13132K(13824K)->13132K(13824K)
[2025-12-25T01:42:01.109+0000][189.224s][info][gc          ] GC(162) Pause Young (Normal) (G1 Evacuation Pause) 342M->96M(416M) 25.409ms
[2025-12-25T01:42:01.109+0000][189.225s][info][gc,cpu      ] GC(162) User=0.09s Sys=0.01s Real=0.03s
[2025-12-25T01:42:04.555+0000][192.671s][info][gc,start    ] GC(163) Pause Young (Normal) (G1 Evacuation Pause)
[2025-12-25T01:42:04.556+0000][192.672s][info][gc,task     ] GC(163) Using 4 workers of 4 for evacuation
[2025-12-25T01:42:04.558+0000][192.674s][info][gc,phases   ] GC(163)   Pre Evacuate Collection Set: 0.1ms
[2025-12-25T01:42:04.559+0000][192.674s][info][gc,phases   ] GC(163)   Merge Heap Roots: 0.1ms
[2025-12-25T01:42:04.559+0000][192.674s][info][gc,phases   ] GC(163)   Evacuate Collection Set: 1.8ms
[2025-12-25T01:42:04.559+0000][192.675s][info][gc,phases   ] GC(163)   Post Evacuate Collection Set: 0.5ms
[2025-12-25T01:42:04.559+0000][192.675s][info][gc,phases   ] GC(163)   Other: 0.6ms
[2025-12-25T01:42:04.559+0000][192.675s][info][gc,heap     ] GC(163) Eden regions: 246->0(246)
[2025-12-25T01:42:04.559+0000][192.675s][info][gc,heap     ] GC(163) Survivor regions: 3->3(32)
[2025-12-25T01:42:04.559+0000][192.675s][info][gc,heap     ] GC(163) Old regions: 54->54
[2025-12-25T01:42:04.559+0000][192.675s][info][gc,heap     ] GC(163) Archive regions: 2->2
[2025-12-25T01:42:04.559+0000][192.675s][info][gc,heap     ] GC(163) Humongous regions: 39->39
[2025-12-25T01:42:04.559+0000][192.675s][info][gc,metaspace] GC(163) Metaspace: 98418K(99648K)->98418K(99648K) NonClass: 85286K(85824K)->85286K(85824K) Class: 13132K(13824K)->13132K(13824K)
[2025-12-25T01:42:04.560+0000][192.675s][info][gc          ] GC(163) Pause Young (Normal) (G1 Evacuation Pause) 342M->96M(416M) 4.111ms
[2025-12-25T01:42:04.560+0000][192.676s][info][gc,cpu      ] GC(163) User=0.00s Sys=0.00s Real=0.00s
[2025-12-25T01:42:07.883+0000][195.999s][info][gc,start    ] GC(164) Pause Young (Normal) (G1 Evacuation Pause)
[2025-12-25T01:42:07.884+0000][195.999s][info][gc,task     ] GC(164) Using 4 workers of 4 for evacuation
[2025-12-25T01:42:07.898+0000][196.014s][info][gc,phases   ] GC(164)   Pre Evacuate Collection Set: 0.4ms
[2025-12-25T01:42:07.899+0000][196.015s][info][gc,phases   ] GC(164)   Merge Heap Roots: 0.3ms
[2025-12-25T01:42:07.899+0000][196.015s][info][gc,phases   ] GC(164)   Evacuate Collection Set: 12.5ms
[2025-12-25T01:42:07.899+0000][196.015s][info][gc,phases   ] GC(164)   Post Evacuate Collection Set: 1.0ms
[2025-12-25T01:42:07.899+0000][196.015s][info][gc,phases   ] GC(164)   Other: 1.4ms
[2025-12-25T01:42:07.900+0000][196.015s][info][gc,heap     ] GC(164) Eden regions: 246->0(246)
[2025-12-25T01:42:07.900+0000][196.015s][info][gc,heap     ] GC(164) Survivor regions: 3->3(32)
[2025-12-25T01:42:07.900+0000][196.016s][info][gc,heap     ] GC(164) Old regions: 54->55
[2025-12-25T01:42:07.900+0000][196.016s][info][gc,heap     ] GC(164) Archive regions: 2->2
[2025-12-25T01:42:07.900+0000][196.016s][info][gc,heap     ] GC(164) Humongous regions: 39->39
[2025-12-25T01:42:07.900+0000][196.016s][info][gc,metaspace] GC(164) Metaspace: 98428K(99648K)->98428K(99648K) NonClass: 85296K(85824K)->85296K(85824K) Class: 13132K(13824K)->13132K(13824K)
[2025-12-25T01:42:07.901+0000][196.017s][info][gc          ] GC(164) Pause Young (Normal) (G1 Evacuation Pause) 342M->96M(416M) 17.604ms
[2025-12-25T01:42:07.901+0000][196.017s][info][gc,cpu      ] GC(164) User=0.05s Sys=0.00s Real=0.02s
[2025-12-25T01:42:10.721+0000][198.836s][info][gc,start    ] GC(165) Pause Young (Normal) (G1 Evacuation Pause)
[2025-12-25T01:42:10.721+0000][198.837s][info][gc,task     ] GC(165) Using 4 workers of 4 for evacuation
[2025-12-25T01:42:10.723+0000][198.839s][info][gc,phases   ] GC(165)   Pre Evacuate Collection Set: 0.1ms
[2025-12-25T01:42:10.723+0000][198.839s][info][gc,phases   ] GC(165)   Merge Heap Roots: 0.1ms
[2025-12-25T01:42:10.723+0000][198.839s][info][gc,phases   ] GC(165)   Evacuate Collection Set: 1.4ms
[2025-12-25T01:42:10.723+0000][198.839s][info][gc,phases   ] GC(165)   Post Evacuate Collection Set: 0.4ms
[2025-12-25T01:42:10.723+0000][198.839s][info][gc,phases   ] GC(165)   Other: 0.4ms
[2025-12-25T01:42:10.723+0000][198.839s][info][gc,heap     ] GC(165) Eden regions: 246->0(246)
[2025-12-25T01:42:10.723+0000][198.839s][info][gc,heap     ] GC(165) Survivor regions: 3->3(32)
[2025-12-25T01:42:10.723+0000][198.839s][info][gc,heap     ] GC(165) Old regions: 55->55
[2025-12-25T01:42:10.723+0000][198.839s][info][gc,heap     ] GC(165) Archive regions: 2->2
[2025-12-25T01:42:10.723+0000][198.839s][info][gc,heap     ] GC(165) Humongous regions: 39->39
[2025-12-25T01:42:10.723+0000][198.839s][info][gc,metaspace] GC(165) Metaspace: 98428K(99648K)->98428K(99648K) NonClass: 85296K(85824K)->85296K(85824K) Class: 13132K(13824K)->13132K(13824K)
[2025-12-25T01:42:10.724+0000][198.839s][info][gc          ] GC(165) Pause Young (Normal) (G1 Evacuation Pause) 342M->96M(416M) 2.925ms
[2025-12-25T01:42:10.724+0000][198.839s][info][gc,cpu      ] GC(165) User=0.01s Sys=0.00s Real=0.00s
[2025-12-25T01:42:11.871+0000][199.987s][info][gc,heap,exit] Heap
[2025-12-25T01:42:11.871+0000][199.987s][info][gc,heap,exit]  garbage-first heap   total 425984K, used 319503K [0x00000000e6000000, 0x0000000100000000)
[2025-12-25T01:42:11.871+0000][199.987s][info][gc,heap,exit]   region size 1024K, 219 young (224256K), 3 survivors (3072K)
[2025-12-25T01:42:11.872+0000][199.987s][info][gc,heap,exit]  Metaspace       used 100074K, committed 101376K, reserved 344064K
[2025-12-25T01:42:11.872+0000][199.988s][info][gc,heap,exit]   class space    used 13470K, committed 14144K, reserved 212992K
