[2025-12-24T05:22:56.999+0000][0.003s][info][gc] Using G1
[2025-12-24T05:22:57.004+0000][0.008s][info][gc,init] Version: 17.0.14+7 (release)
[2025-12-24T05:22:57.004+0000][0.009s][info][gc,init] CPUs: 4 total, 3 available
[2025-12-24T05:22:57.004+0000][0.009s][info][gc,init] Memory: 2048M
[2025-12-24T05:22:57.005+0000][0.009s][info][gc,init] Large Page Support: Disabled
[2025-12-24T05:22:57.005+0000][0.009s][info][gc,init] NUMA Support: Disabled
[2025-12-24T05:22:57.005+0000][0.009s][info][gc,init] Compressed Oops: Enabled (32-bit)
[2025-12-24T05:22:57.006+0000][0.010s][info][gc,init] Heap Region Size: 1M
[2025-12-24T05:22:57.009+0000][0.013s][info][gc,init] Heap Min Capacity: 544M
[2025-12-24T05:22:57.009+0000][0.013s][info][gc,init] Heap Initial Capacity: 544M
[2025-12-24T05:22:57.009+0000][0.013s][info][gc,init] Heap Max Capacity: 544M
[2025-12-24T05:22:57.009+0000][0.013s][info][gc,init] Pre-touch: Disabled
[2025-12-24T05:22:57.009+0000][0.013s][info][gc,init] Parallel Workers: 3
[2025-12-24T05:22:57.009+0000][0.013s][info][gc,init] Concurrent Workers: 1
[2025-12-24T05:22:57.012+0000][0.016s][info][gc,init] Concurrent Refinement Workers: 3
[2025-12-24T05:22:57.012+0000][0.016s][info][gc,init] Periodic GC: Disabled
[2025-12-24T05:22:57.016+0000][0.020s][info][gc,metaspace] CDS archive(s) mapped at: [0x000000f000000000-0x000000f000a70000-0x000000f000a70000), size 10944512, SharedBaseAddress: 0x000000f000000000, ArchiveRelocationMode: 1.
[2025-12-24T05:22:57.017+0000][0.021s][info][gc,metaspace] Compressed class space mapped at: 0x000000f001000000-0x000000f00e000000, reserved size: 218103808
[2025-12-24T05:22:57.017+0000][0.021s][info][gc,metaspace] Narrow klass base: 0x000000f000000000, Narrow klass shift: 0, Narrow klass range: 0x100000000
[2025-12-24T05:22:57.609+0000][0.613s][info][gc,start    ] GC(0) Pause Young (Normal) (G1 Evacuation Pause)
[2025-12-24T05:22:57.610+0000][0.614s][info][gc,task     ] GC(0) Using 3 workers of 3 for evacuation
[2025-12-24T05:22:57.621+0000][0.625s][info][gc,phases   ] GC(0)   Pre Evacuate Collection Set: 0.6ms
[2025-12-24T05:22:57.621+0000][0.625s][info][gc,phases   ] GC(0)   Merge Heap Roots: 0.0ms
[2025-12-24T05:22:57.621+0000][0.625s][info][gc,phases   ] GC(0)   Evacuate Collection Set: 10.0ms
[2025-12-24T05:22:57.624+0000][0.628s][info][gc,phases   ] GC(0)   Post Evacuate Collection Set: 0.3ms
[2025-12-24T05:22:57.624+0000][0.628s][info][gc,phases   ] GC(0)   Other: 1.3ms
[2025-12-24T05:22:57.624+0000][0.628s][info][gc,heap     ] GC(0) Eden regions: 27->0(23)
[2025-12-24T05:22:57.624+0000][0.628s][info][gc,heap     ] GC(0) Survivor regions: 0->4(4)
[2025-12-24T05:22:57.624+0000][0.628s][info][gc,heap     ] GC(0) Old regions: 0->3
[2025-12-24T05:22:57.624+0000][0.628s][info][gc,heap     ] GC(0) Archive regions: 2->2
[2025-12-24T05:22:57.624+0000][0.628s][info][gc,heap     ] GC(0) Humongous regions: 10->9
[2025-12-24T05:22:57.624+0000][0.628s][info][gc,metaspace] GC(0) Metaspace: 9079K(9216K)->9079K(9216K) NonClass: 8058K(8128K)->8058K(8128K) Class: 1021K(1088K)->1021K(1088K)
[2025-12-24T05:22:57.626+0000][0.630s][info][gc          ] GC(0) Pause Young (Normal) (G1 Evacuation Pause) 37M->15M(544M) 16.876ms
[2025-12-24T05:22:57.626+0000][0.630s][info][gc,cpu      ] GC(0) User=0.00s Sys=0.01s Real=0.01s
[2025-12-24T05:22:57.989+0000][0.993s][info][gc,start    ] GC(1) Pause Young (Normal) (G1 Evacuation Pause)
[2025-12-24T05:22:57.989+0000][0.993s][info][gc,task     ] GC(1) Using 3 workers of 3 for evacuation
[2025-12-24T05:22:57.995+0000][0.999s][info][gc,phases   ] GC(1)   Pre Evacuate Collection Set: 0.0ms
[2025-12-24T05:22:57.995+0000][1.000s][info][gc,phases   ] GC(1)   Merge Heap Roots: 0.0ms
[2025-12-24T05:22:57.996+0000][1.000s][info][gc,phases   ] GC(1)   Evacuate Collection Set: 5.7ms
[2025-12-24T05:22:57.999+0000][1.003s][info][gc,phases   ] GC(1)   Post Evacuate Collection Set: 0.2ms
[2025-12-24T05:22:57.999+0000][1.003s][info][gc,phases   ] GC(1)   Other: 0.2ms
[2025-12-24T05:22:58.002+0000][1.006s][info][gc,heap     ] GC(1) Eden regions: 23->0(25)
[2025-12-24T05:22:58.002+0000][1.006s][info][gc,heap     ] GC(1) Survivor regions: 4->2(4)
[2025-12-24T05:22:58.002+0000][1.006s][info][gc,heap     ] GC(1) Old regions: 3->6
[2025-12-24T05:22:58.002+0000][1.006s][info][gc,heap     ] GC(1) Archive regions: 2->2
[2025-12-24T05:22:58.002+0000][1.006s][info][gc,heap     ] GC(1) Humongous regions: 9->9
[2025-12-24T05:22:58.002+0000][1.006s][info][gc,metaspace] GC(1) Metaspace: 14644K(14848K)->14644K(14848K) NonClass: 12724K(12864K)->12724K(12864K) Class: 1920K(1984K)->1920K(1984K)
[2025-12-24T05:22:58.002+0000][1.006s][info][gc          ] GC(1) Pause Young (Normal) (G1 Evacuation Pause) 38M->17M(544M) 12.866ms
[2025-12-24T05:22:58.002+0000][1.006s][info][gc,cpu      ] GC(1) User=0.01s Sys=0.00s Real=0.01s
[2025-12-24T05:22:58.255+0000][1.259s][info][gc,start    ] GC(2) Pause Young (Normal) (G1 Evacuation Pause)
[2025-12-24T05:22:58.255+0000][1.259s][info][gc,task     ] GC(2) Using 3 workers of 3 for evacuation
[2025-12-24T05:22:58.262+0000][1.266s][info][gc,phases   ] GC(2)   Pre Evacuate Collection Set: 0.0ms
[2025-12-24T05:22:58.262+0000][1.267s][info][gc,phases   ] GC(2)   Merge Heap Roots: 0.0ms
[2025-12-24T05:22:58.263+0000][1.267s][info][gc,phases   ] GC(2)   Evacuate Collection Set: 6.3ms
[2025-12-24T05:22:58.263+0000][1.267s][info][gc,phases   ] GC(2)   Post Evacuate Collection Set: 0.2ms
[2025-12-24T05:22:58.263+0000][1.267s][info][gc,phases   ] GC(2)   Other: 0.3ms
[2025-12-24T05:22:58.263+0000][1.267s][info][gc,heap     ] GC(2) Eden regions: 25->0(28)
[2025-12-24T05:22:58.263+0000][1.267s][info][gc,heap     ] GC(2) Survivor regions: 2->4(4)
[2025-12-24T05:22:58.263+0000][1.267s][info][gc,heap     ] GC(2) Old regions: 6->6
[2025-12-24T05:22:58.263+0000][1.267s][info][gc,heap     ] GC(2) Archive regions: 2->2
[2025-12-24T05:22:58.263+0000][1.267s][info][gc,heap     ] GC(2) Humongous regions: 9->9
[2025-12-24T05:22:58.263+0000][1.267s][info][gc,metaspace] GC(2) Metaspace: 17489K(17664K)->17489K(17664K) NonClass: 15249K(15360K)->15249K(15360K) Class: 2240K(2304K)->2240K(2304K)
[2025-12-24T05:22:58.263+0000][1.267s][info][gc          ] GC(2) Pause Young (Normal) (G1 Evacuation Pause) 42M->18M(544M) 8.242ms
[2025-12-24T05:22:58.263+0000][1.267s][info][gc,cpu      ] GC(2) User=0.01s Sys=0.00s Real=0.01s
[2025-12-24T05:22:58.452+0000][1.456s][info][gc,start    ] GC(3) Pause Young (Normal) (G1 Evacuation Pause)
[2025-12-24T05:22:58.452+0000][1.456s][info][gc,task     ] GC(3) Using 3 workers of 3 for evacuation
[2025-12-24T05:22:58.466+0000][1.470s][info][gc,phases   ] GC(3)   Pre Evacuate Collection Set: 0.7ms
[2025-12-24T05:22:58.466+0000][1.470s][info][gc,phases   ] GC(3)   Merge Heap Roots: 0.0ms
[2025-12-24T05:22:58.466+0000][1.470s][info][gc,phases   ] GC(3)   Evacuate Collection Set: 13.0ms
[2025-12-24T05:22:58.466+0000][1.471s][info][gc,phases   ] GC(3)   Post Evacuate Collection Set: 0.2ms
[2025-12-24T05:22:58.467+0000][1.471s][info][gc,phases   ] GC(3)   Other: 0.3ms
[2025-12-24T05:22:58.467+0000][1.471s][info][gc,heap     ] GC(3) Eden regions: 28->0(86)
[2025-12-24T05:22:58.467+0000][1.471s][info][gc,heap     ] GC(3) Survivor regions: 4->4(4)
[2025-12-24T05:22:58.473+0000][1.477s][info][gc,heap     ] GC(3) Old regions: 6->8
[2025-12-24T05:22:58.473+0000][1.477s][info][gc,heap     ] GC(3) Archive regions: 2->2
[2025-12-24T05:22:58.473+0000][1.477s][info][gc,heap     ] GC(3) Humongous regions: 9->9
[2025-12-24T05:22:58.473+0000][1.477s][info][gc,metaspace] GC(3) Metaspace: 18326K(18560K)->18326K(18560K) NonClass: 15980K(16128K)->15980K(16128K) Class: 2346K(2432K)->2346K(2432K)
[2025-12-24T05:22:58.473+0000][1.477s][info][gc          ] GC(3) Pause Young (Normal) (G1 Evacuation Pause) 46M->20M(544M) 21.390ms
[2025-12-24T05:22:58.473+0000][1.477s][info][gc,cpu      ] GC(3) User=0.00s Sys=0.01s Real=0.02s
[2025-12-24T05:22:59.099+0000][2.103s][info][gc,start    ] GC(4) Pause Young (Concurrent Start) (Metadata GC Threshold)
[2025-12-24T05:22:59.100+0000][2.104s][info][gc,task     ] GC(4) Using 3 workers of 3 for evacuation
[2025-12-24T05:22:59.118+0000][2.122s][info][gc,phases   ] GC(4)   Pre Evacuate Collection Set: 0.1ms
[2025-12-24T05:22:59.119+0000][2.123s][info][gc,phases   ] GC(4)   Merge Heap Roots: 0.0ms
[2025-12-24T05:22:59.119+0000][2.123s][info][gc,phases   ] GC(4)   Evacuate Collection Set: 17.2ms
[2025-12-24T05:22:59.119+0000][2.123s][info][gc,phases   ] GC(4)   Post Evacuate Collection Set: 0.6ms
[2025-12-24T05:22:59.119+0000][2.123s][info][gc,phases   ] GC(4)   Other: 1.1ms
[2025-12-24T05:22:59.119+0000][2.123s][info][gc,heap     ] GC(4) Eden regions: 75->0(119)
[2025-12-24T05:22:59.119+0000][2.123s][info][gc,heap     ] GC(4) Survivor regions: 4->7(11)
[2025-12-24T05:22:59.119+0000][2.123s][info][gc,heap     ] GC(4) Old regions: 8->8
[2025-12-24T05:22:59.119+0000][2.123s][info][gc,heap     ] GC(4) Archive regions: 2->2
[2025-12-24T05:22:59.119+0000][2.123s][info][gc,heap     ] GC(4) Humongous regions: 9->9
[2025-12-24T05:22:59.121+0000][2.126s][info][gc,metaspace] GC(4) Metaspace: 21286K(21504K)->21286K(21504K) NonClass: 18518K(18624K)->18518K(18624K) Class: 2768K(2880K)->2768K(2880K)
[2025-12-24T05:22:59.122+0000][2.126s][info][gc          ] GC(4) Pause Young (Concurrent Start) (Metadata GC Threshold) 95M->23M(544M) 22.461ms
[2025-12-24T05:22:59.125+0000][2.129s][info][gc,cpu      ] GC(4) User=0.02s Sys=0.01s Real=0.02s
[2025-12-24T05:22:59.125+0000][2.129s][info][gc          ] GC(5) Concurrent Mark Cycle
[2025-12-24T05:22:59.126+0000][2.130s][info][gc,marking  ] GC(5) Concurrent Clear Claimed Marks
[2025-12-24T05:22:59.126+0000][2.130s][info][gc,marking  ] GC(5) Concurrent Clear Claimed Marks 0.122ms
[2025-12-24T05:22:59.126+0000][2.130s][info][gc,marking  ] GC(5) Concurrent Scan Root Regions
[2025-12-24T05:22:59.131+0000][2.135s][info][gc,marking  ] GC(5) Concurrent Scan Root Regions 4.261ms
[2025-12-24T05:22:59.131+0000][2.135s][info][gc,marking  ] GC(5) Concurrent Mark
[2025-12-24T05:22:59.131+0000][2.136s][info][gc,marking  ] GC(5) Concurrent Mark From Roots
[2025-12-24T05:22:59.132+0000][2.136s][info][gc,task     ] GC(5) Using 1 workers of 1 for marking
[2025-12-24T05:22:59.147+0000][2.151s][info][gc,marking  ] GC(5) Concurrent Mark From Roots 15.782ms
[2025-12-24T05:22:59.150+0000][2.154s][info][gc,marking  ] GC(5) Concurrent Preclean
[2025-12-24T05:22:59.150+0000][2.154s][info][gc,marking  ] GC(5) Concurrent Preclean 0.126ms
[2025-12-24T05:22:59.150+0000][2.154s][info][gc,start    ] GC(5) Pause Remark
[2025-12-24T05:22:59.155+0000][2.159s][info][gc          ] GC(5) Pause Remark 23M->23M(544M) 4.999ms
[2025-12-24T05:22:59.158+0000][2.162s][info][gc,cpu      ] GC(5) User=0.01s Sys=0.00s Real=0.00s
[2025-12-24T05:22:59.158+0000][2.162s][info][gc,marking  ] GC(5) Concurrent Mark 26.447ms
[2025-12-24T05:22:59.158+0000][2.162s][info][gc,marking  ] GC(5) Concurrent Rebuild Remembered Sets
[2025-12-24T05:22:59.163+0000][2.167s][info][gc,marking  ] GC(5) Concurrent Rebuild Remembered Sets 4.783ms
[2025-12-24T05:22:59.169+0000][2.173s][info][gc,start    ] GC(5) Pause Cleanup
[2025-12-24T05:22:59.169+0000][2.173s][info][gc          ] GC(5) Pause Cleanup 24M->24M(544M) 0.166ms
[2025-12-24T05:22:59.169+0000][2.173s][info][gc,cpu      ] GC(5) User=0.00s Sys=0.00s Real=0.00s
[2025-12-24T05:22:59.169+0000][2.173s][info][gc,marking  ] GC(5) Concurrent Cleanup for Next Mark
[2025-12-24T05:22:59.172+0000][2.176s][info][gc,marking  ] GC(5) Concurrent Cleanup for Next Mark 2.477ms
[2025-12-24T05:22:59.172+0000][2.176s][info][gc          ] GC(5) Concurrent Mark Cycle 47.043ms
[2025-12-24T05:23:01.220+0000][4.224s][info][gc,start    ] GC(6) Pause Young (Prepare Mixed) (Metadata GC Threshold)
[2025-12-24T05:23:01.220+0000][4.224s][info][gc,task     ] GC(6) Using 3 workers of 3 for evacuation
[2025-12-24T05:23:01.236+0000][4.240s][info][gc,phases   ] GC(6)   Pre Evacuate Collection Set: 0.0ms
[2025-12-24T05:23:01.236+0000][4.240s][info][gc,phases   ] GC(6)   Merge Heap Roots: 0.0ms
[2025-12-24T05:23:01.236+0000][4.241s][info][gc,phases   ] GC(6)   Evacuate Collection Set: 14.0ms
[2025-12-24T05:23:01.236+0000][4.241s][info][gc,phases   ] GC(6)   Post Evacuate Collection Set: 1.8ms
[2025-12-24T05:23:01.237+0000][4.241s][info][gc,phases   ] GC(6)   Other: 0.3ms
[2025-12-24T05:23:01.237+0000][4.241s][info][gc,heap     ] GC(6) Eden regions: 101->0(18)
[2025-12-24T05:23:01.237+0000][4.241s][info][gc,heap     ] GC(6) Survivor regions: 7->9(17)
[2025-12-24T05:23:01.237+0000][4.241s][info][gc,heap     ] GC(6) Old regions: 8->8
[2025-12-24T05:23:01.237+0000][4.241s][info][gc,heap     ] GC(6) Archive regions: 2->2
[2025-12-24T05:23:01.237+0000][4.241s][info][gc,heap     ] GC(6) Humongous regions: 11->11
[2025-12-24T05:23:01.237+0000][4.241s][info][gc,metaspace] GC(6) Metaspace: 35698K(35968K)->35698K(35968K) NonClass: 30991K(31104K)->30991K(31104K) Class: 4706K(4864K)->4706K(4864K)
[2025-12-24T05:23:01.237+0000][4.241s][info][gc          ] GC(6) Pause Young (Prepare Mixed) (Metadata GC Threshold) 126M->28M(544M) 16.815ms
[2025-12-24T05:23:01.237+0000][4.241s][info][gc,cpu      ] GC(6) User=0.01s Sys=0.01s Real=0.01s
[2025-12-24T05:23:01.250+0000][4.254s][info][gc,start    ] GC(7) Pause Young (Mixed) (Metadata GC Threshold)
[2025-12-24T05:23:01.250+0000][4.254s][info][gc,task     ] GC(7) Using 3 workers of 3 for evacuation
[2025-12-24T05:23:01.263+0000][4.267s][info][gc,phases   ] GC(7)   Pre Evacuate Collection Set: 0.0ms
[2025-12-24T05:23:01.264+0000][4.268s][info][gc,phases   ] GC(7)   Merge Heap Roots: 0.0ms
[2025-12-24T05:23:01.264+0000][4.268s][info][gc,phases   ] GC(7)   Evacuate Collection Set: 13.0ms
[2025-12-24T05:23:01.264+0000][4.268s][info][gc,phases   ] GC(7)   Post Evacuate Collection Set: 0.3ms
[2025-12-24T05:23:01.264+0000][4.268s][info][gc,phases   ] GC(7)   Other: 0.3ms
[2025-12-24T05:23:01.264+0000][4.268s][info][gc,heap     ] GC(7) Eden regions: 2->0(198)
[2025-12-24T05:23:01.264+0000][4.268s][info][gc,heap     ] GC(7) Survivor regions: 9->2(4)
[2025-12-24T05:23:01.264+0000][4.268s][info][gc,heap     ] GC(7) Old regions: 8->16
[2025-12-24T05:23:01.264+0000][4.268s][info][gc,heap     ] GC(7) Archive regions: 2->2
[2025-12-24T05:23:01.265+0000][4.269s][info][gc,heap     ] GC(7) Humongous regions: 11->11
[2025-12-24T05:23:01.268+0000][4.272s][info][gc,metaspace] GC(7) Metaspace: 36020K(36288K)->36020K(36288K) NonClass: 31251K(31360K)->31251K(31360K) Class: 4769K(4928K)->4769K(4928K)
[2025-12-24T05:23:01.268+0000][4.272s][info][gc          ] GC(7) Pause Young (Mixed) (Metadata GC Threshold) 29M->28M(544M) 18.010ms
[2025-12-24T05:23:01.268+0000][4.272s][info][gc,cpu      ] GC(7) User=0.01s Sys=0.00s Real=0.01s
[2025-12-24T05:23:01.333+0000][4.337s][info][gc,start    ] GC(8) Pause Young (Concurrent Start) (Metadata GC Threshold)
[2025-12-24T05:23:01.333+0000][4.337s][info][gc,task     ] GC(8) Using 3 workers of 3 for evacuation
[2025-12-24T05:23:01.336+0000][4.340s][info][gc,phases   ] GC(8)   Pre Evacuate Collection Set: 0.1ms
[2025-12-24T05:23:01.336+0000][4.340s][info][gc,phases   ] GC(8)   Merge Heap Roots: 0.0ms
[2025-12-24T05:23:01.336+0000][4.340s][info][gc,phases   ] GC(8)   Evacuate Collection Set: 2.0ms
[2025-12-24T05:23:01.336+0000][4.340s][info][gc,phases   ] GC(8)   Post Evacuate Collection Set: 0.5ms
[2025-12-24T05:23:01.336+0000][4.340s][info][gc,phases   ] GC(8)   Other: 0.3ms
[2025-12-24T05:23:01.336+0000][4.340s][info][gc,heap     ] GC(8) Eden regions: 5->0(256)
[2025-12-24T05:23:01.336+0000][4.340s][info][gc,heap     ] GC(8) Survivor regions: 2->2(25)
[2025-12-24T05:23:01.336+0000][4.340s][info][gc,heap     ] GC(8) Old regions: 16->16
[2025-12-24T05:23:01.336+0000][4.340s][info][gc,heap     ] GC(8) Archive regions: 2->2
[2025-12-24T05:23:01.336+0000][4.340s][info][gc,heap     ] GC(8) Humongous regions: 11->11
[2025-12-24T05:23:01.336+0000][4.340s][info][gc,metaspace] GC(8) Metaspace: 36268K(36608K)->36268K(36608K) NonClass: 31461K(31616K)->31461K(31616K) Class: 4806K(4992K)->4806K(4992K)
[2025-12-24T05:23:01.336+0000][4.340s][info][gc          ] GC(8) Pause Young (Concurrent Start) (Metadata GC Threshold) 33M->28M(544M) 3.411ms
[2025-12-24T05:23:01.337+0000][4.341s][info][gc,cpu      ] GC(8) User=0.00s Sys=0.00s Real=0.00s
[2025-12-24T05:23:01.337+0000][4.341s][info][gc          ] GC(9) Concurrent Mark Cycle
[2025-12-24T05:23:01.337+0000][4.341s][info][gc,marking  ] GC(9) Concurrent Clear Claimed Marks
[2025-12-24T05:23:01.337+0000][4.341s][info][gc,marking  ] GC(9) Concurrent Clear Claimed Marks 0.080ms
[2025-12-24T05:23:01.337+0000][4.341s][info][gc,marking  ] GC(9) Concurrent Scan Root Regions
[2025-12-24T05:23:01.339+0000][4.343s][info][gc,marking  ] GC(9) Concurrent Scan Root Regions 1.479ms
[2025-12-24T05:23:01.339+0000][4.343s][info][gc,marking  ] GC(9) Concurrent Mark
[2025-12-24T05:23:01.339+0000][4.343s][info][gc,marking  ] GC(9) Concurrent Mark From Roots
[2025-12-24T05:23:01.339+0000][4.343s][info][gc,task     ] GC(9) Using 1 workers of 1 for marking
[2025-12-24T05:23:01.374+0000][4.378s][info][gc,marking  ] GC(9) Concurrent Mark From Roots 34.652ms
[2025-12-24T05:23:01.374+0000][4.378s][info][gc,marking  ] GC(9) Concurrent Preclean
[2025-12-24T05:23:01.374+0000][4.378s][info][gc,marking  ] GC(9) Concurrent Preclean 0.097ms
[2025-12-24T05:23:01.377+0000][4.381s][info][gc,start    ] GC(9) Pause Remark
[2025-12-24T05:23:01.399+0000][4.403s][info][gc          ] GC(9) Pause Remark 31M->31M(544M) 22.647ms
[2025-12-24T05:23:01.399+0000][4.404s][info][gc,cpu      ] GC(9) User=0.01s Sys=0.00s Real=0.03s
[2025-12-24T05:23:01.407+0000][4.411s][info][gc,marking  ] GC(9) Concurrent Mark 67.722ms
[2025-12-24T05:23:01.407+0000][4.411s][info][gc,marking  ] GC(9) Concurrent Rebuild Remembered Sets
[2025-12-24T05:23:01.421+0000][4.425s][info][gc,marking  ] GC(9) Concurrent Rebuild Remembered Sets 13.791ms
[2025-12-24T05:23:01.421+0000][4.425s][info][gc,start    ] GC(9) Pause Cleanup
[2025-12-24T05:23:01.421+0000][4.425s][info][gc          ] GC(9) Pause Cleanup 32M->32M(544M) 0.087ms
[2025-12-24T05:23:01.421+0000][4.425s][info][gc,cpu      ] GC(9) User=0.00s Sys=0.00s Real=0.00s
[2025-12-24T05:23:01.421+0000][4.425s][info][gc,marking  ] GC(9) Concurrent Cleanup for Next Mark
[2025-12-24T05:23:01.422+0000][4.426s][info][gc,marking  ] GC(9) Concurrent Cleanup for Next Mark 1.036ms
[2025-12-24T05:23:01.422+0000][4.426s][info][gc          ] GC(9) Concurrent Mark Cycle 84.914ms
[2025-12-24T05:23:08.961+0000][11.965s][info][gc,start    ] GC(10) Pause Young (Normal) (G1 Evacuation Pause)
[2025-12-24T05:23:08.961+0000][11.965s][info][gc,task     ] GC(10) Using 3 workers of 3 for evacuation
[2025-12-24T05:23:08.969+0000][11.973s][info][gc,phases   ] GC(10)   Pre Evacuate Collection Set: 0.1ms
[2025-12-24T05:23:08.969+0000][11.973s][info][gc,phases   ] GC(10)   Merge Heap Roots: 0.0ms
[2025-12-24T05:23:08.969+0000][11.973s][info][gc,phases   ] GC(10)   Evacuate Collection Set: 6.9ms
[2025-12-24T05:23:08.969+0000][11.973s][info][gc,phases   ] GC(10)   Post Evacuate Collection Set: 0.8ms
[2025-12-24T05:23:08.969+0000][11.973s][info][gc,phases   ] GC(10)   Other: 0.6ms
[2025-12-24T05:23:08.969+0000][11.974s][info][gc,heap     ] GC(10) Eden regions: 256->0(315)
[2025-12-24T05:23:08.970+0000][11.974s][info][gc,heap     ] GC(10) Survivor regions: 2->11(33)
[2025-12-24T05:23:08.970+0000][11.974s][info][gc,heap     ] GC(10) Old regions: 16->16
[2025-12-24T05:23:08.970+0000][11.974s][info][gc,heap     ] GC(10) Archive regions: 2->2
[2025-12-24T05:23:08.970+0000][11.974s][info][gc,heap     ] GC(10) Humongous regions: 13->13
[2025-12-24T05:23:08.970+0000][11.974s][info][gc,metaspace] GC(10) Metaspace: 58201K(58624K)->58201K(58624K) NonClass: 50210K(50432K)->50210K(50432K) Class: 7990K(8192K)->7990K(8192K)
[2025-12-24T05:23:08.970+0000][11.974s][info][gc          ] GC(10) Pause Young (Normal) (G1 Evacuation Pause) 286M->39M(544M) 9.340ms
[2025-12-24T05:23:08.970+0000][11.974s][info][gc,cpu      ] GC(10) User=0.02s Sys=0.01s Real=0.01s
[2025-12-24T05:23:09.046+0000][12.051s][info][gc,start    ] GC(11) Pause Young (Concurrent Start) (Metadata GC Threshold)
[2025-12-24T05:23:09.047+0000][12.051s][info][gc,task     ] GC(11) Using 3 workers of 3 for evacuation
[2025-12-24T05:23:09.052+0000][12.057s][info][gc,phases   ] GC(11)   Pre Evacuate Collection Set: 0.1ms
[2025-12-24T05:23:09.053+0000][12.057s][info][gc,phases   ] GC(11)   Merge Heap Roots: 0.0ms
[2025-12-24T05:23:09.053+0000][12.057s][info][gc,phases   ] GC(11)   Evacuate Collection Set: 4.8ms
[2025-12-24T05:23:09.053+0000][12.057s][info][gc,phases   ] GC(11)   Post Evacuate Collection Set: 0.7ms
[2025-12-24T05:23:09.053+0000][12.057s][info][gc,phases   ] GC(11)   Other: 0.4ms
[2025-12-24T05:23:09.053+0000][12.057s][info][gc,heap     ] GC(11) Eden regions: 28->0(274)
[2025-12-24T05:23:09.053+0000][12.057s][info][gc,heap     ] GC(11) Survivor regions: 11->12(41)
[2025-12-24T05:23:09.053+0000][12.057s][info][gc,heap     ] GC(11) Old regions: 16->16
[2025-12-24T05:23:09.053+0000][12.058s][info][gc,heap     ] GC(11) Archive regions: 2->2
[2025-12-24T05:23:09.054+0000][12.058s][info][gc,heap     ] GC(11) Humongous regions: 14->14
[2025-12-24T05:23:09.054+0000][12.058s][info][gc,metaspace] GC(11) Metaspace: 60840K(61376K)->60840K(61376K) NonClass: 52450K(52736K)->52450K(52736K) Class: 8389K(8640K)->8389K(8640K)
[2025-12-24T05:23:09.054+0000][12.058s][info][gc          ] GC(11) Pause Young (Concurrent Start) (Metadata GC Threshold) 68M->41M(544M) 7.272ms
[2025-12-24T05:23:09.054+0000][12.058s][info][gc,cpu      ] GC(11) User=0.01s Sys=0.00s Real=0.01s
[2025-12-24T05:23:09.054+0000][12.058s][info][gc          ] GC(12) Concurrent Mark Cycle
[2025-12-24T05:23:09.054+0000][12.058s][info][gc,marking  ] GC(12) Concurrent Clear Claimed Marks
[2025-12-24T05:23:09.054+0000][12.058s][info][gc,marking  ] GC(12) Concurrent Clear Claimed Marks 0.065ms
[2025-12-24T05:23:09.054+0000][12.058s][info][gc,marking  ] GC(12) Concurrent Scan Root Regions
[2025-12-24T05:23:09.062+0000][12.066s][info][gc,marking  ] GC(12) Concurrent Scan Root Regions 7.344ms
[2025-12-24T05:23:09.063+0000][12.067s][info][gc,marking  ] GC(12) Concurrent Mark
[2025-12-24T05:23:09.065+0000][12.069s][info][gc,marking  ] GC(12) Concurrent Mark From Roots
[2025-12-24T05:23:09.065+0000][12.069s][info][gc,task     ] GC(12) Using 1 workers of 1 for marking
[2025-12-24T05:23:09.082+0000][12.086s][info][gc,marking  ] GC(12) Concurrent Mark From Roots 17.498ms
[2025-12-24T05:23:09.082+0000][12.086s][info][gc,marking  ] GC(12) Concurrent Preclean
[2025-12-24T05:23:09.083+0000][12.087s][info][gc,marking  ] GC(12) Concurrent Preclean 0.304ms
[2025-12-24T05:23:09.085+0000][12.089s][info][gc,start    ] GC(12) Pause Remark
[2025-12-24T05:23:09.088+0000][12.092s][info][gc          ] GC(12) Pause Remark 53M->53M(544M) 3.078ms
[2025-12-24T05:23:09.088+0000][12.092s][info][gc,cpu      ] GC(12) User=0.01s Sys=0.00s Real=0.00s
[2025-12-24T05:23:09.088+0000][12.092s][info][gc,marking  ] GC(12) Concurrent Mark 25.256ms
[2025-12-24T05:23:09.089+0000][12.093s][info][gc,marking  ] GC(12) Concurrent Rebuild Remembered Sets
[2025-12-24T05:23:09.096+0000][12.100s][info][gc,marking  ] GC(12) Concurrent Rebuild Remembered Sets 6.726ms
[2025-12-24T05:23:09.097+0000][12.101s][info][gc,start    ] GC(12) Pause Cleanup
[2025-12-24T05:23:09.097+0000][12.101s][info][gc          ] GC(12) Pause Cleanup 57M->57M(544M) 0.153ms
[2025-12-24T05:23:09.097+0000][12.101s][info][gc,cpu      ] GC(12) User=0.00s Sys=0.00s Real=0.00s
[2025-12-24T05:23:09.097+0000][12.101s][info][gc,marking  ] GC(12) Concurrent Cleanup for Next Mark
[2025-12-24T05:23:09.098+0000][12.103s][info][gc,marking  ] GC(12) Concurrent Cleanup for Next Mark 1.034ms
[2025-12-24T05:23:09.099+0000][12.103s][info][gc          ] GC(12) Concurrent Mark Cycle 44.556ms
[2025-12-24T05:23:09.590+0000][12.594s][info][gc,start    ] GC(13) Pause Young (Concurrent Start) (G1 Evacuation Pause)
[2025-12-24T05:23:09.590+0000][12.594s][info][gc,task     ] GC(13) Using 3 workers of 3 for evacuation
[2025-12-24T05:23:09.609+0000][12.613s][info][gc,phases   ] GC(13)   Pre Evacuate Collection Set: 0.2ms
[2025-12-24T05:23:09.609+0000][12.613s][info][gc,phases   ] GC(13)   Merge Heap Roots: 0.4ms
[2025-12-24T05:23:09.610+0000][12.614s][info][gc,phases   ] GC(13)   Evacuate Collection Set: 14.6ms
[2025-12-24T05:23:09.610+0000][12.614s][info][gc,phases   ] GC(13)   Post Evacuate Collection Set: 3.1ms
[2025-12-24T05:23:09.610+0000][12.614s][info][gc,phases   ] GC(13)   Other: 0.4ms
[2025-12-24T05:23:09.612+0000][12.616s][info][gc,heap     ] GC(13) Eden regions: 299->0(306)
[2025-12-24T05:23:09.612+0000][12.616s][info][gc,heap     ] GC(13) Survivor regions: 12->20(39)
[2025-12-24T05:23:09.612+0000][12.616s][info][gc,heap     ] GC(13) Old regions: 16->16
[2025-12-24T05:23:09.612+0000][12.616s][info][gc,heap     ] GC(13) Archive regions: 2->2
[2025-12-24T05:23:09.612+0000][12.616s][info][gc,heap     ] GC(13) Humongous regions: 14->14
[2025-12-24T05:23:09.612+0000][12.616s][info][gc,metaspace] GC(13) Metaspace: 75818K(76480K)->75818K(76480K) NonClass: 65696K(66048K)->65696K(66048K) Class: 10121K(10432K)->10121K(10432K)
[2025-12-24T05:23:09.613+0000][12.617s][info][gc          ] GC(13) Pause Young (Concurrent Start) (G1 Evacuation Pause) 340M->50M(544M) 22.744ms
[2025-12-24T05:23:09.613+0000][12.617s][info][gc,cpu      ] GC(13) User=0.03s Sys=0.01s Real=0.02s
[2025-12-24T05:23:09.614+0000][12.618s][info][gc          ] GC(14) Concurrent Mark Cycle
[2025-12-24T05:23:09.614+0000][12.618s][info][gc,marking  ] GC(14) Concurrent Clear Claimed Marks
[2025-12-24T05:23:09.614+0000][12.618s][info][gc,marking  ] GC(14) Concurrent Clear Claimed Marks 0.113ms
[2025-12-24T05:23:09.614+0000][12.618s][info][gc,marking  ] GC(14) Concurrent Scan Root Regions
[2025-12-24T05:23:09.636+0000][12.640s][info][gc,marking  ] GC(14) Concurrent Scan Root Regions 21.295ms
[2025-12-24T05:23:09.636+0000][12.640s][info][gc,marking  ] GC(14) Concurrent Mark
[2025-12-24T05:23:09.636+0000][12.640s][info][gc,marking  ] GC(14) Concurrent Mark From Roots
[2025-12-24T05:23:09.636+0000][12.641s][info][gc,task     ] GC(14) Using 1 workers of 1 for marking
[2025-12-24T05:23:09.664+0000][12.668s][info][gc,marking  ] GC(14) Concurrent Mark From Roots 27.587ms
[2025-12-24T05:23:09.664+0000][12.668s][info][gc,marking  ] GC(14) Concurrent Preclean
[2025-12-24T05:23:09.664+0000][12.668s][info][gc,marking  ] GC(14) Concurrent Preclean 0.146ms
[2025-12-24T05:23:09.665+0000][12.669s][info][gc,start    ] GC(14) Pause Remark
[2025-12-24T05:23:09.669+0000][12.673s][info][gc          ] GC(14) Pause Remark 75M->75M(544M) 3.935ms
[2025-12-24T05:23:09.669+0000][12.673s][info][gc,cpu      ] GC(14) User=0.01s Sys=0.00s Real=0.01s
[2025-12-24T05:23:09.670+0000][12.674s][info][gc,marking  ] GC(14) Concurrent Mark 33.415ms
[2025-12-24T05:23:09.672+0000][12.676s][info][gc,marking  ] GC(14) Concurrent Rebuild Remembered Sets
[2025-12-24T05:23:09.683+0000][12.687s][info][gc,marking  ] GC(14) Concurrent Rebuild Remembered Sets 11.141ms
[2025-12-24T05:23:09.684+0000][12.688s][info][gc,start    ] GC(14) Pause Cleanup
[2025-12-24T05:23:09.684+0000][12.688s][info][gc          ] GC(14) Pause Cleanup 86M->86M(544M) 0.502ms
[2025-12-24T05:23:09.684+0000][12.688s][info][gc,cpu      ] GC(14) User=0.00s Sys=0.00s Real=0.00s
[2025-12-24T05:23:09.685+0000][12.689s][info][gc,marking  ] GC(14) Concurrent Cleanup for Next Mark
[2025-12-24T05:23:09.686+0000][12.691s][info][gc,marking  ] GC(14) Concurrent Cleanup for Next Mark 1.561ms
[2025-12-24T05:23:09.686+0000][12.691s][info][gc          ] GC(14) Concurrent Mark Cycle 72.885ms
[2025-12-24T05:23:12.406+0000][15.410s][info][gc,start    ] GC(15) Pause Young (Prepare Mixed) (G1 Evacuation Pause)
[2025-12-24T05:23:12.407+0000][15.411s][info][gc,task     ] GC(15) Using 3 workers of 3 for evacuation
[2025-12-24T05:23:12.416+0000][15.420s][info][gc,phases   ] GC(15)   Pre Evacuate Collection Set: 0.1ms
[2025-12-24T05:23:12.416+0000][15.420s][info][gc,phases   ] GC(15)   Merge Heap Roots: 0.0ms
[2025-12-24T05:23:12.416+0000][15.421s][info][gc,phases   ] GC(15)   Evacuate Collection Set: 8.6ms
[2025-12-24T05:23:12.417+0000][15.421s][info][gc,phases   ] GC(15)   Post Evacuate Collection Set: 0.8ms
[2025-12-24T05:23:12.417+0000][15.421s][info][gc,phases   ] GC(15)   Other: 0.4ms
[2025-12-24T05:23:12.417+0000][15.421s][info][gc,heap     ] GC(15) Eden regions: 306->0(3)
[2025-12-24T05:23:12.417+0000][15.421s][info][gc,heap     ] GC(15) Survivor regions: 20->24(41)
[2025-12-24T05:23:12.417+0000][15.421s][info][gc,heap     ] GC(15) Old regions: 16->16
[2025-12-24T05:23:12.417+0000][15.421s][info][gc,heap     ] GC(15) Archive regions: 2->2
[2025-12-24T05:23:12.417+0000][15.421s][info][gc,heap     ] GC(15) Humongous regions: 14->14
[2025-12-24T05:23:12.417+0000][15.421s][info][gc,metaspace] GC(15) Metaspace: 78553K(79360K)->78553K(79360K) NonClass: 68097K(68480K)->68097K(68480K) Class: 10455K(10880K)->10455K(10880K)
[2025-12-24T05:23:12.417+0000][15.421s][info][gc          ] GC(15) Pause Young (Prepare Mixed) (G1 Evacuation Pause) 356M->53M(544M) 11.051ms
[2025-12-24T05:23:12.417+0000][15.422s][info][gc,cpu      ] GC(15) User=0.02s Sys=0.01s Real=0.01s
[2025-12-24T05:23:12.453+0000][15.457s][info][gc,start    ] GC(16) Pause Young (Mixed) (G1 Evacuation Pause)
[2025-12-24T05:23:12.453+0000][15.457s][info][gc,task     ] GC(16) Using 3 workers of 3 for evacuation
[2025-12-24T05:23:12.464+0000][15.468s][info][gc,phases   ] GC(16)   Pre Evacuate Collection Set: 0.1ms
[2025-12-24T05:23:12.464+0000][15.468s][info][gc,phases   ] GC(16)   Merge Heap Roots: 0.1ms
[2025-12-24T05:23:12.464+0000][15.468s][info][gc,phases   ] GC(16)   Evacuate Collection Set: 10.1ms
[2025-12-24T05:23:12.464+0000][15.468s][info][gc,phases   ] GC(16)   Post Evacuate Collection Set: 0.4ms
[2025-12-24T05:23:12.464+0000][15.469s][info][gc,phases   ] GC(16)   Other: 0.4ms
[2025-12-24T05:23:12.465+0000][15.469s][info][gc,heap     ] GC(16) Eden regions: 3->0(324)
[2025-12-24T05:23:12.465+0000][15.469s][info][gc,heap     ] GC(16) Survivor regions: 24->2(4)
[2025-12-24T05:23:12.465+0000][15.469s][info][gc,heap     ] GC(16) Old regions: 16->38
[2025-12-24T05:23:12.465+0000][15.469s][info][gc,heap     ] GC(16) Archive regions: 2->2
[2025-12-24T05:23:12.465+0000][15.469s][info][gc,heap     ] GC(16) Humongous regions: 14->14
[2025-12-24T05:23:12.465+0000][15.469s][info][gc,metaspace] GC(16) Metaspace: 78554K(79360K)->78554K(79360K) NonClass: 68098K(68480K)->68098K(68480K) Class: 10455K(10880K)->10455K(10880K)
[2025-12-24T05:23:12.465+0000][15.469s][info][gc          ] GC(16) Pause Young (Mixed) (G1 Evacuation Pause) 56M->54M(544M) 12.112ms
[2025-12-24T05:23:12.465+0000][15.469s][info][gc,cpu      ] GC(16) User=0.02s Sys=0.01s Real=0.01s
[2025-12-24T05:23:16.759+0000][19.763s][info][gc,start    ] GC(17) Pause Young (Normal) (G1 Evacuation Pause)
[2025-12-24T05:23:16.759+0000][19.763s][info][gc,task     ] GC(17) Using 3 workers of 3 for evacuation
[2025-12-24T05:23:16.760+0000][19.764s][info][gc,phases   ] GC(17)   Pre Evacuate Collection Set: 0.1ms
[2025-12-24T05:23:16.760+0000][19.765s][info][gc,phases   ] GC(17)   Merge Heap Roots: 0.1ms
[2025-12-24T05:23:16.761+0000][19.765s][info][gc,phases   ] GC(17)   Evacuate Collection Set: 1.0ms
[2025-12-24T05:23:16.761+0000][19.765s][info][gc,phases   ] GC(17)   Post Evacuate Collection Set: 0.3ms
[2025-12-24T05:23:16.761+0000][19.765s][info][gc,phases   ] GC(17)   Other: 0.4ms
[2025-12-24T05:23:16.761+0000][19.765s][info][gc,heap     ] GC(17) Eden regions: 324->0(325)
[2025-12-24T05:23:16.761+0000][19.765s][info][gc,heap     ] GC(17) Survivor regions: 2->1(41)
[2025-12-24T05:23:16.761+0000][19.765s][info][gc,heap     ] GC(17) Old regions: 38->38
[2025-12-24T05:23:16.761+0000][19.765s][info][gc,heap     ] GC(17) Archive regions: 2->2
[2025-12-24T05:23:16.761+0000][19.765s][info][gc,heap     ] GC(17) Humongous regions: 14->14
[2025-12-24T05:23:16.761+0000][19.765s][info][gc,metaspace] GC(17) Metaspace: 79438K(80192K)->79438K(80192K) NonClass: 68823K(69184K)->68823K(69184K) Class: 10615K(11008K)->10615K(11008K)
[2025-12-24T05:23:16.761+0000][19.765s][info][gc          ] GC(17) Pause Young (Normal) (G1 Evacuation Pause) 378M->53M(544M) 2.748ms
[2025-12-24T05:23:16.761+0000][19.765s][info][gc,cpu      ] GC(17) User=0.00s Sys=0.00s Real=0.01s
[2025-12-24T05:23:19.478+0000][22.483s][info][gc,start    ] GC(18) Pause Young (Normal) (G1 Evacuation Pause)
[2025-12-24T05:23:19.479+0000][22.483s][info][gc,task     ] GC(18) Using 3 workers of 3 for evacuation
[2025-12-24T05:23:19.480+0000][22.484s][info][gc,phases   ] GC(18)   Pre Evacuate Collection Set: 0.1ms
[2025-12-24T05:23:19.480+0000][22.484s][info][gc,phases   ] GC(18)   Merge Heap Roots: 0.1ms
[2025-12-24T05:23:19.481+0000][22.485s][info][gc,phases   ] GC(18)   Evacuate Collection Set: 1.0ms
[2025-12-24T05:23:19.481+0000][22.485s][info][gc,phases   ] GC(18)   Post Evacuate Collection Set: 0.3ms
[2025-12-24T05:23:19.481+0000][22.485s][info][gc,phases   ] GC(18)   Other: 0.3ms
[2025-12-24T05:23:19.481+0000][22.485s][info][gc,heap     ] GC(18) Eden regions: 325->0(325)
[2025-12-24T05:23:19.481+0000][22.485s][info][gc,heap     ] GC(18) Survivor regions: 1->1(41)
[2025-12-24T05:23:19.481+0000][22.485s][info][gc,heap     ] GC(18) Old regions: 38->38
[2025-12-24T05:23:19.481+0000][22.485s][info][gc,heap     ] GC(18) Archive regions: 2->2
[2025-12-24T05:23:19.481+0000][22.486s][info][gc,heap     ] GC(18) Humongous regions: 24->19
[2025-12-24T05:23:19.482+0000][22.486s][info][gc,metaspace] GC(18) Metaspace: 79759K(80576K)->79759K(80576K) NonClass: 69110K(69504K)->69110K(69504K) Class: 10648K(11072K)->10648K(11072K)
[2025-12-24T05:23:19.482+0000][22.486s][info][gc          ] GC(18) Pause Young (Normal) (G1 Evacuation Pause) 388M->58M(544M) 3.171ms
[2025-12-24T05:23:19.482+0000][22.486s][info][gc,cpu      ] GC(18) User=0.01s Sys=0.00s Real=0.01s
[2025-12-24T05:23:23.736+0000][26.740s][info][gc,start    ] GC(19) Pause Young (Normal) (G1 Evacuation Pause)
[2025-12-24T05:23:23.737+0000][26.741s][info][gc,task     ] GC(19) Using 3 workers of 3 for evacuation
[2025-12-24T05:23:23.739+0000][26.743s][info][gc,phases   ] GC(19)   Pre Evacuate Collection Set: 0.1ms
[2025-12-24T05:23:23.739+0000][26.743s][info][gc,phases   ] GC(19)   Merge Heap Roots: 0.1ms
[2025-12-24T05:23:23.739+0000][26.743s][info][gc,phases   ] GC(19)   Evacuate Collection Set: 0.9ms
[2025-12-24T05:23:23.739+0000][26.743s][info][gc,phases   ] GC(19)   Post Evacuate Collection Set: 0.3ms
[2025-12-24T05:23:23.739+0000][26.743s][info][gc,phases   ] GC(19)   Other: 1.2ms
[2025-12-24T05:23:23.739+0000][26.744s][info][gc,heap     ] GC(19) Eden regions: 325->0(324)
[2025-12-24T05:23:23.740+0000][26.744s][info][gc,heap     ] GC(19) Survivor regions: 1->2(41)
[2025-12-24T05:23:23.740+0000][26.744s][info][gc,heap     ] GC(19) Old regions: 38->38
[2025-12-24T05:23:23.740+0000][26.744s][info][gc,heap     ] GC(19) Archive regions: 2->2
[2025-12-24T05:23:23.740+0000][26.744s][info][gc,heap     ] GC(19) Humongous regions: 19->19
[2025-12-24T05:23:23.740+0000][26.744s][info][gc,metaspace] GC(19) Metaspace: 79789K(80640K)->79789K(80640K) NonClass: 69138K(69568K)->69138K(69568K) Class: 10650K(11072K)->10650K(11072K)
[2025-12-24T05:23:23.740+0000][26.744s][info][gc          ] GC(19) Pause Young (Normal) (G1 Evacuation Pause) 383M->58M(544M) 3.705ms
[2025-12-24T05:23:23.740+0000][26.744s][info][gc,cpu      ] GC(19) User=0.00s Sys=0.00s Real=0.01s
[2025-12-24T05:23:28.134+0000][31.138s][info][gc,start    ] GC(20) Pause Young (Normal) (G1 Evacuation Pause)
[2025-12-24T05:23:28.134+0000][31.138s][info][gc,task     ] GC(20) Using 3 workers of 3 for evacuation
[2025-12-24T05:23:28.136+0000][31.140s][info][gc,phases   ] GC(20)   Pre Evacuate Collection Set: 0.1ms
[2025-12-24T05:23:28.136+0000][31.140s][info][gc,phases   ] GC(20)   Merge Heap Roots: 0.1ms
[2025-12-24T05:23:28.136+0000][31.140s][info][gc,phases   ] GC(20)   Evacuate Collection Set: 1.0ms
[2025-12-24T05:23:28.136+0000][31.140s][info][gc,phases   ] GC(20)   Post Evacuate Collection Set: 0.3ms
[2025-12-24T05:23:28.136+0000][31.141s][info][gc,phases   ] GC(20)   Other: 0.5ms
[2025-12-24T05:23:28.136+0000][31.141s][info][gc,heap     ] GC(20) Eden regions: 324->0(324)
[2025-12-24T05:23:28.137+0000][31.141s][info][gc,heap     ] GC(20) Survivor regions: 2->2(41)
[2025-12-24T05:23:28.137+0000][31.141s][info][gc,heap     ] GC(20) Old regions: 38->38
[2025-12-24T05:23:28.137+0000][31.141s][info][gc,heap     ] GC(20) Archive regions: 2->2
[2025-12-24T05:23:28.137+0000][31.141s][info][gc,heap     ] GC(20) Humongous regions: 19->19
[2025-12-24T05:23:28.137+0000][31.141s][info][gc,metaspace] GC(20) Metaspace: 79875K(80640K)->79875K(80640K) NonClass: 69220K(69568K)->69220K(69568K) Class: 10654K(11072K)->10654K(11072K)
[2025-12-24T05:23:28.137+0000][31.141s][info][gc          ] GC(20) Pause Young (Normal) (G1 Evacuation Pause) 382M->58M(544M) 3.125ms
[2025-12-24T05:23:28.137+0000][31.141s][info][gc,cpu      ] GC(20) User=0.01s Sys=0.00s Real=0.00s
[2025-12-24T05:23:32.484+0000][35.488s][info][gc,start    ] GC(21) Pause Young (Normal) (G1 Evacuation Pause)
[2025-12-24T05:23:32.485+0000][35.489s][info][gc,task     ] GC(21) Using 3 workers of 3 for evacuation
[2025-12-24T05:23:32.487+0000][35.491s][info][gc,phases   ] GC(21)   Pre Evacuate Collection Set: 0.1ms
[2025-12-24T05:23:32.487+0000][35.491s][info][gc,phases   ] GC(21)   Merge Heap Roots: 0.1ms
[2025-12-24T05:23:32.487+0000][35.491s][info][gc,phases   ] GC(21)   Evacuate Collection Set: 1.1ms
[2025-12-24T05:23:32.487+0000][35.491s][info][gc,phases   ] GC(21)   Post Evacuate Collection Set: 0.4ms
[2025-12-24T05:23:32.487+0000][35.491s][info][gc,phases   ] GC(21)   Other: 0.5ms
[2025-12-24T05:23:32.487+0000][35.491s][info][gc,heap     ] GC(21) Eden regions: 324->0(324)
[2025-12-24T05:23:32.487+0000][35.491s][info][gc,heap     ] GC(21) Survivor regions: 2->2(41)
[2025-12-24T05:23:32.487+0000][35.491s][info][gc,heap     ] GC(21) Old regions: 38->38
[2025-12-24T05:23:32.487+0000][35.491s][info][gc,heap     ] GC(21) Archive regions: 2->2
[2025-12-24T05:23:32.487+0000][35.491s][info][gc,heap     ] GC(21) Humongous regions: 19->19
[2025-12-24T05:23:32.487+0000][35.491s][info][gc,metaspace] GC(21) Metaspace: 80000K(80832K)->80000K(80832K) NonClass: 69345K(69760K)->69345K(69760K) Class: 10654K(11072K)->10654K(11072K)
[2025-12-24T05:23:32.487+0000][35.492s][info][gc          ] GC(21) Pause Young (Normal) (G1 Evacuation Pause) 382M->58M(544M) 3.008ms
[2025-12-24T05:23:32.488+0000][35.492s][info][gc,cpu      ] GC(21) User=0.01s Sys=0.00s Real=0.00s
[2025-12-24T05:23:36.836+0000][39.840s][info][gc,start    ] GC(22) Pause Young (Normal) (G1 Evacuation Pause)
[2025-12-24T05:23:36.836+0000][39.840s][info][gc,task     ] GC(22) Using 3 workers of 3 for evacuation
[2025-12-24T05:23:36.838+0000][39.842s][info][gc,phases   ] GC(22)   Pre Evacuate Collection Set: 0.1ms
[2025-12-24T05:23:36.838+0000][39.842s][info][gc,phases   ] GC(22)   Merge Heap Roots: 0.1ms
[2025-12-24T05:23:36.838+0000][39.842s][info][gc,phases   ] GC(22)   Evacuate Collection Set: 1.0ms
[2025-12-24T05:23:36.838+0000][39.842s][info][gc,phases   ] GC(22)   Post Evacuate Collection Set: 0.3ms
[2025-12-24T05:23:36.838+0000][39.842s][info][gc,phases   ] GC(22)   Other: 0.8ms
[2025-12-24T05:23:36.838+0000][39.842s][info][gc,heap     ] GC(22) Eden regions: 324->0(324)
[2025-12-24T05:23:36.838+0000][39.843s][info][gc,heap     ] GC(22) Survivor regions: 2->2(41)
[2025-12-24T05:23:36.839+0000][39.843s][info][gc,heap     ] GC(22) Old regions: 38->38
[2025-12-24T05:23:36.839+0000][39.843s][info][gc,heap     ] GC(22) Archive regions: 2->2
[2025-12-24T05:23:36.839+0000][39.843s][info][gc,heap     ] GC(22) Humongous regions: 19->19
[2025-12-24T05:23:36.839+0000][39.843s][info][gc,metaspace] GC(22) Metaspace: 80140K(80960K)->80140K(80960K) NonClass: 69485K(69888K)->69485K(69888K) Class: 10654K(11072K)->10654K(11072K)
[2025-12-24T05:23:36.839+0000][39.843s][info][gc          ] GC(22) Pause Young (Normal) (G1 Evacuation Pause) 382M->58M(544M) 3.437ms
[2025-12-24T05:23:36.839+0000][39.843s][info][gc,cpu      ] GC(22) User=0.00s Sys=0.00s Real=0.01s
[2025-12-24T05:23:41.211+0000][44.215s][info][gc,start    ] GC(23) Pause Young (Normal) (G1 Evacuation Pause)
[2025-12-24T05:23:41.211+0000][44.215s][info][gc,task     ] GC(23) Using 3 workers of 3 for evacuation
[2025-12-24T05:23:41.213+0000][44.217s][info][gc,phases   ] GC(23)   Pre Evacuate Collection Set: 0.1ms
[2025-12-24T05:23:41.213+0000][44.217s][info][gc,phases   ] GC(23)   Merge Heap Roots: 0.1ms
[2025-12-24T05:23:41.213+0000][44.217s][info][gc,phases   ] GC(23)   Evacuate Collection Set: 1.3ms
[2025-12-24T05:23:41.213+0000][44.217s][info][gc,phases   ] GC(23)   Post Evacuate Collection Set: 0.4ms
[2025-12-24T05:23:41.213+0000][44.217s][info][gc,phases   ] GC(23)   Other: 0.5ms
[2025-12-24T05:23:41.213+0000][44.218s][info][gc,heap     ] GC(23) Eden regions: 324->0(324)
[2025-12-24T05:23:41.214+0000][44.218s][info][gc,heap     ] GC(23) Survivor regions: 2->2(41)
[2025-12-24T05:23:41.214+0000][44.218s][info][gc,heap     ] GC(23) Old regions: 38->38
[2025-12-24T05:23:41.214+0000][44.218s][info][gc,heap     ] GC(23) Archive regions: 2->2
[2025-12-24T05:23:41.214+0000][44.218s][info][gc,heap     ] GC(23) Humongous regions: 19->19
[2025-12-24T05:23:41.214+0000][44.218s][info][gc,metaspace] GC(23) Metaspace: 80239K(81088K)->80239K(81088K) NonClass: 69585K(70016K)->69585K(70016K) Class: 10654K(11072K)->10654K(11072K)
[2025-12-24T05:23:41.214+0000][44.218s][info][gc          ] GC(23) Pause Young (Normal) (G1 Evacuation Pause) 382M->58M(544M) 3.532ms
[2025-12-24T05:23:41.214+0000][44.218s][info][gc,cpu      ] GC(23) User=0.00s Sys=0.00s Real=0.00s
[2025-12-24T05:23:45.590+0000][48.594s][info][gc,start    ] GC(24) Pause Young (Normal) (G1 Evacuation Pause)
[2025-12-24T05:23:45.590+0000][48.594s][info][gc,task     ] GC(24) Using 3 workers of 3 for evacuation
[2025-12-24T05:23:45.591+0000][48.596s][info][gc,phases   ] GC(24)   Pre Evacuate Collection Set: 0.1ms
[2025-12-24T05:23:45.592+0000][48.596s][info][gc,phases   ] GC(24)   Merge Heap Roots: 0.1ms
[2025-12-24T05:23:45.592+0000][48.596s][info][gc,phases   ] GC(24)   Evacuate Collection Set: 1.1ms
[2025-12-24T05:23:45.592+0000][48.596s][info][gc,phases   ] GC(24)   Post Evacuate Collection Set: 0.3ms
[2025-12-24T05:23:45.592+0000][48.596s][info][gc,phases   ] GC(24)   Other: 0.4ms
[2025-12-24T05:23:45.592+0000][48.596s][info][gc,heap     ] GC(24) Eden regions: 324->0(324)
[2025-12-24T05:23:45.592+0000][48.596s][info][gc,heap     ] GC(24) Survivor regions: 2->2(41)
[2025-12-24T05:23:45.592+0000][48.596s][info][gc,heap     ] GC(24) Old regions: 38->38
[2025-12-24T05:23:45.592+0000][48.596s][info][gc,heap     ] GC(24) Archive regions: 2->2
[2025-12-24T05:23:45.592+0000][48.596s][info][gc,heap     ] GC(24) Humongous regions: 19->19
[2025-12-24T05:23:45.592+0000][48.596s][info][gc,metaspace] GC(24) Metaspace: 80356K(81152K)->80356K(81152K) NonClass: 69702K(70080K)->69702K(70080K) Class: 10654K(11072K)->10654K(11072K)
[2025-12-24T05:23:45.592+0000][48.596s][info][gc          ] GC(24) Pause Young (Normal) (G1 Evacuation Pause) 382M->58M(544M) 2.867ms
[2025-12-24T05:23:45.592+0000][48.597s][info][gc,cpu      ] GC(24) User=0.00s Sys=0.00s Real=0.00s
[2025-12-24T05:23:49.978+0000][52.983s][info][gc,start    ] GC(25) Pause Young (Normal) (G1 Evacuation Pause)
[2025-12-24T05:23:49.982+0000][52.987s][info][gc,task     ] GC(25) Using 3 workers of 3 for evacuation
[2025-12-24T05:23:49.984+0000][52.989s][info][gc,phases   ] GC(25)   Pre Evacuate Collection Set: 0.1ms
[2025-12-24T05:23:49.985+0000][52.989s][info][gc,phases   ] GC(25)   Merge Heap Roots: 0.1ms
[2025-12-24T05:23:49.985+0000][52.989s][info][gc,phases   ] GC(25)   Evacuate Collection Set: 1.3ms
[2025-12-24T05:23:49.985+0000][52.989s][info][gc,phases   ] GC(25)   Post Evacuate Collection Set: 0.3ms
[2025-12-24T05:23:49.985+0000][52.989s][info][gc,phases   ] GC(25)   Other: 4.2ms
[2025-12-24T05:23:49.985+0000][52.989s][info][gc,heap     ] GC(25) Eden regions: 324->0(324)
[2025-12-24T05:23:49.985+0000][52.989s][info][gc,heap     ] GC(25) Survivor regions: 2->2(41)
[2025-12-24T05:23:49.985+0000][52.989s][info][gc,heap     ] GC(25) Old regions: 38->38
[2025-12-24T05:23:49.985+0000][52.989s][info][gc,heap     ] GC(25) Archive regions: 2->2
[2025-12-24T05:23:49.985+0000][52.990s][info][gc,heap     ] GC(25) Humongous regions: 19->19
[2025-12-24T05:23:49.986+0000][52.990s][info][gc,metaspace] GC(25) Metaspace: 80411K(81216K)->80411K(81216K) NonClass: 69757K(70144K)->69757K(70144K) Class: 10654K(11072K)->10654K(11072K)
[2025-12-24T05:23:49.986+0000][52.990s][info][gc          ] GC(25) Pause Young (Normal) (G1 Evacuation Pause) 382M->58M(544M) 7.210ms
[2025-12-24T05:23:49.986+0000][52.990s][info][gc,cpu      ] GC(25) User=0.01s Sys=0.00s Real=0.01s
[2025-12-24T05:23:54.381+0000][57.386s][info][gc,start    ] GC(26) Pause Young (Normal) (G1 Evacuation Pause)
[2025-12-24T05:23:54.382+0000][57.386s][info][gc,task     ] GC(26) Using 3 workers of 3 for evacuation
[2025-12-24T05:23:54.385+0000][57.389s][info][gc,phases   ] GC(26)   Pre Evacuate Collection Set: 1.0ms
[2025-12-24T05:23:54.385+0000][57.389s][info][gc,phases   ] GC(26)   Merge Heap Roots: 0.1ms
[2025-12-24T05:23:54.385+0000][57.389s][info][gc,phases   ] GC(26)   Evacuate Collection Set: 1.3ms
[2025-12-24T05:23:54.385+0000][57.389s][info][gc,phases   ] GC(26)   Post Evacuate Collection Set: 0.4ms
[2025-12-24T05:23:54.385+0000][57.389s][info][gc,phases   ] GC(26)   Other: 0.4ms
[2025-12-24T05:23:54.385+0000][57.389s][info][gc,heap     ] GC(26) Eden regions: 324->0(324)
[2025-12-24T05:23:54.385+0000][57.389s][info][gc,heap     ] GC(26) Survivor regions: 2->2(41)
[2025-12-24T05:23:54.385+0000][57.389s][info][gc,heap     ] GC(26) Old regions: 38->38
[2025-12-24T05:23:54.385+0000][57.389s][info][gc,heap     ] GC(26) Archive regions: 2->2
[2025-12-24T05:23:54.385+0000][57.389s][info][gc,heap     ] GC(26) Humongous regions: 19->19
[2025-12-24T05:23:54.385+0000][57.389s][info][gc,metaspace] GC(26) Metaspace: 80541K(81344K)->80541K(81344K) NonClass: 69886K(70272K)->69886K(70272K) Class: 10654K(11072K)->10654K(11072K)
[2025-12-24T05:23:54.385+0000][57.390s][info][gc          ] GC(26) Pause Young (Normal) (G1 Evacuation Pause) 382M->58M(544M) 4.045ms
[2025-12-24T05:23:54.386+0000][57.390s][info][gc,cpu      ] GC(26) User=0.01s Sys=0.00s Real=0.00s
[2025-12-24T05:23:59.035+0000][62.040s][info][gc,start    ] GC(27) Pause Young (Normal) (G1 Evacuation Pause)
[2025-12-24T05:23:59.036+0000][62.040s][info][gc,task     ] GC(27) Using 3 workers of 3 for evacuation
[2025-12-24T05:23:59.038+0000][62.043s][info][gc,phases   ] GC(27)   Pre Evacuate Collection Set: 0.1ms
[2025-12-24T05:23:59.039+0000][62.043s][info][gc,phases   ] GC(27)   Merge Heap Roots: 0.1ms
[2025-12-24T05:23:59.039+0000][62.043s][info][gc,phases   ] GC(27)   Evacuate Collection Set: 1.9ms
[2025-12-24T05:23:59.039+0000][62.043s][info][gc,phases   ] GC(27)   Post Evacuate Collection Set: 0.3ms
[2025-12-24T05:23:59.039+0000][62.043s][info][gc,phases   ] GC(27)   Other: 0.7ms
[2025-12-24T05:23:59.039+0000][62.043s][info][gc,heap     ] GC(27) Eden regions: 324->0(323)
[2025-12-24T05:23:59.039+0000][62.043s][info][gc,heap     ] GC(27) Survivor regions: 2->3(41)
[2025-12-24T05:23:59.039+0000][62.043s][info][gc,heap     ] GC(27) Old regions: 38->38
[2025-12-24T05:23:59.039+0000][62.043s][info][gc,heap     ] GC(27) Archive regions: 2->2
[2025-12-24T05:23:59.039+0000][62.043s][info][gc,heap     ] GC(27) Humongous regions: 19->19
[2025-12-24T05:23:59.039+0000][62.043s][info][gc,metaspace] GC(27) Metaspace: 82625K(83520K)->82625K(83520K) NonClass: 71767K(72256K)->71767K(72256K) Class: 10858K(11264K)->10858K(11264K)
[2025-12-24T05:23:59.039+0000][62.043s][info][gc          ] GC(27) Pause Young (Normal) (G1 Evacuation Pause) 382M->60M(544M) 3.671ms
[2025-12-24T05:23:59.039+0000][62.043s][info][gc,cpu      ] GC(27) User=0.01s Sys=0.00s Real=0.01s
[2025-12-24T05:24:02.579+0000][65.583s][info][gc,start    ] GC(28) Pause Young (Normal) (G1 Evacuation Pause)
[2025-12-24T05:24:02.579+0000][65.583s][info][gc,task     ] GC(28) Using 3 workers of 3 for evacuation
[2025-12-24T05:24:02.590+0000][65.594s][info][gc,phases   ] GC(28)   Pre Evacuate Collection Set: 0.1ms
[2025-12-24T05:24:02.591+0000][65.595s][info][gc,phases   ] GC(28)   Merge Heap Roots: 0.0ms
[2025-12-24T05:24:02.592+0000][65.596s][info][gc,phases   ] GC(28)   Evacuate Collection Set: 9.7ms
[2025-12-24T05:24:02.592+0000][65.596s][info][gc,phases   ] GC(28)   Post Evacuate Collection Set: 0.6ms
[2025-12-24T05:24:02.592+0000][65.596s][info][gc,phases   ] GC(28)   Other: 1.1ms
[2025-12-24T05:24:02.592+0000][65.596s][info][gc,heap     ] GC(28) Eden regions: 323->0(317)
[2025-12-24T05:24:02.592+0000][65.596s][info][gc,heap     ] GC(28) Survivor regions: 3->9(41)
[2025-12-24T05:24:02.595+0000][65.599s][info][gc,heap     ] GC(28) Old regions: 38->38
[2025-12-24T05:24:02.596+0000][65.600s][info][gc,heap     ] GC(28) Archive regions: 2->2
[2025-12-24T05:24:02.596+0000][65.600s][info][gc,heap     ] GC(28) Humongous regions: 19->19
[2025-12-24T05:24:02.596+0000][65.600s][info][gc,metaspace] GC(28) Metaspace: 92296K(93248K)->92296K(93248K) NonClass: 79686K(80192K)->79686K(80192K) Class: 12610K(13056K)->12610K(13056K)
[2025-12-24T05:24:02.596+0000][65.600s][info][gc          ] GC(28) Pause Young (Normal) (G1 Evacuation Pause) 383M->66M(544M) 17.185ms
[2025-12-24T05:24:02.596+0000][65.600s][info][gc,cpu      ] GC(28) User=0.01s Sys=0.00s Real=0.01s
[2025-12-24T05:24:05.242+0000][68.246s][info][gc,start    ] GC(29) Pause Young (Normal) (G1 Evacuation Pause)
[2025-12-24T05:24:05.243+0000][68.247s][info][gc,task     ] GC(29) Using 3 workers of 3 for evacuation
[2025-12-24T05:24:05.282+0000][68.286s][info][gc,phases   ] GC(29)   Pre Evacuate Collection Set: 0.2ms
[2025-12-24T05:24:05.282+0000][68.286s][info][gc,phases   ] GC(29)   Merge Heap Roots: 0.1ms
[2025-12-24T05:24:05.282+0000][68.286s][info][gc,phases   ] GC(29)   Evacuate Collection Set: 30.9ms
[2025-12-24T05:24:05.282+0000][68.286s][info][gc,phases   ] GC(29)   Post Evacuate Collection Set: 7.0ms
[2025-12-24T05:24:05.282+0000][68.286s][info][gc,phases   ] GC(29)   Other: 1.7ms
[2025-12-24T05:24:05.282+0000][68.286s][info][gc,heap     ] GC(29) Eden regions: 317->0(309)
[2025-12-24T05:24:05.282+0000][68.286s][info][gc,heap     ] GC(29) Survivor regions: 9->17(41)
[2025-12-24T05:24:05.282+0000][68.286s][info][gc,heap     ] GC(29) Old regions: 38->38
[2025-12-24T05:24:05.282+0000][68.286s][info][gc,heap     ] GC(29) Archive regions: 2->2
[2025-12-24T05:24:05.282+0000][68.287s][info][gc,heap     ] GC(29) Humongous regions: 19->19
[2025-12-24T05:24:05.282+0000][68.287s][info][gc,metaspace] GC(29) Metaspace: 95177K(96384K)->95177K(96384K) NonClass: 82366K(82944K)->82366K(82944K) Class: 12810K(13440K)->12810K(13440K)
[2025-12-24T05:24:05.283+0000][68.287s][info][gc          ] GC(29) Pause Young (Normal) (G1 Evacuation Pause) 383M->74M(544M) 40.679ms
[2025-12-24T05:24:05.283+0000][68.287s][info][gc,cpu      ] GC(29) User=0.02s Sys=0.01s Real=0.04s
[2025-12-24T05:24:07.171+0000][70.175s][info][gc,start    ] GC(30) Pause Young (Normal) (G1 Evacuation Pause)
[2025-12-24T05:24:07.174+0000][70.178s][info][gc,task     ] GC(30) Using 3 workers of 3 for evacuation
[2025-12-24T05:24:07.208+0000][70.212s][info][gc,phases   ] GC(30)   Pre Evacuate Collection Set: 0.2ms
[2025-12-24T05:24:07.214+0000][70.218s][info][gc,phases   ] GC(30)   Merge Heap Roots: 0.1ms
[2025-12-24T05:24:07.214+0000][70.218s][info][gc,phases   ] GC(30)   Evacuate Collection Set: 29.0ms
[2025-12-24T05:24:07.214+0000][70.218s][info][gc,phases   ] GC(30)   Post Evacuate Collection Set: 5.2ms
[2025-12-24T05:24:07.214+0000][70.218s][info][gc,phases   ] GC(30)   Other: 3.0ms
[2025-12-24T05:24:07.214+0000][70.218s][info][gc,heap     ] GC(30) Eden regions: 309->0(307)
[2025-12-24T05:24:07.214+0000][70.218s][info][gc,heap     ] GC(30) Survivor regions: 17->19(41)
[2025-12-24T05:24:07.214+0000][70.218s][info][gc,heap     ] GC(30) Old regions: 38->38
[2025-12-24T05:24:07.214+0000][70.218s][info][gc,heap     ] GC(30) Archive regions: 2->2
[2025-12-24T05:24:07.214+0000][70.218s][info][gc,heap     ] GC(30) Humongous regions: 19->19
[2025-12-24T05:24:07.214+0000][70.218s][info][gc,metaspace] GC(30) Metaspace: 95588K(96768K)->95588K(96768K) NonClass: 82761K(83328K)->82761K(83328K) Class: 12827K(13440K)->12827K(13440K)
[2025-12-24T05:24:07.214+0000][70.219s][info][gc          ] GC(30) Pause Young (Normal) (G1 Evacuation Pause) 383M->76M(544M) 43.465ms
[2025-12-24T05:24:07.217+0000][70.221s][info][gc,cpu      ] GC(30) User=0.03s Sys=0.00s Real=0.04s
[2025-12-24T05:24:08.769+0000][71.773s][info][gc,start    ] GC(31) Pause Young (Normal) (G1 Evacuation Pause)
[2025-12-24T05:24:08.769+0000][71.774s][info][gc,task     ] GC(31) Using 3 workers of 3 for evacuation
[2025-12-24T05:24:08.808+0000][71.812s][info][gc,phases   ] GC(31)   Pre Evacuate Collection Set: 0.2ms
[2025-12-24T05:24:08.808+0000][71.812s][info][gc,phases   ] GC(31)   Merge Heap Roots: 0.1ms
[2025-12-24T05:24:08.808+0000][71.812s][info][gc,phases   ] GC(31)   Evacuate Collection Set: 35.3ms
[2025-12-24T05:24:08.808+0000][71.812s][info][gc,phases   ] GC(31)   Post Evacuate Collection Set: 2.2ms
[2025-12-24T05:24:08.808+0000][71.812s][info][gc,phases   ] GC(31)   Other: 0.6ms
[2025-12-24T05:24:08.808+0000][71.812s][info][gc,heap     ] GC(31) Eden regions: 307->0(307)
[2025-12-24T05:24:08.808+0000][71.812s][info][gc,heap     ] GC(31) Survivor regions: 19->19(41)
[2025-12-24T05:24:08.808+0000][71.812s][info][gc,heap     ] GC(31) Old regions: 38->38
[2025-12-24T05:24:08.808+0000][71.812s][info][gc,heap     ] GC(31) Archive regions: 2->2
[2025-12-24T05:24:08.808+0000][71.812s][info][gc,heap     ] GC(31) Humongous regions: 19->19
[2025-12-24T05:24:08.808+0000][71.812s][info][gc,metaspace] GC(31) Metaspace: 95695K(96896K)->95695K(96896K) NonClass: 82867K(83456K)->82867K(83456K) Class: 12827K(13440K)->12827K(13440K)
[2025-12-24T05:24:08.808+0000][71.812s][info][gc          ] GC(31) Pause Young (Normal) (G1 Evacuation Pause) 383M->76M(544M) 39.027ms
[2025-12-24T05:24:08.808+0000][71.813s][info][gc,cpu      ] GC(31) User=0.02s Sys=0.00s Real=0.03s
[2025-12-24T05:24:10.293+0000][73.297s][info][gc,start    ] GC(32) Pause Young (Normal) (G1 Evacuation Pause)
[2025-12-24T05:24:10.293+0000][73.297s][info][gc,task     ] GC(32) Using 3 workers of 3 for evacuation
[2025-12-24T05:24:10.313+0000][73.317s][info][gc,phases   ] GC(32)   Pre Evacuate Collection Set: 0.6ms
[2025-12-24T05:24:10.313+0000][73.317s][info][gc,phases   ] GC(32)   Merge Heap Roots: 0.9ms
[2025-12-24T05:24:10.313+0000][73.317s][info][gc,phases   ] GC(32)   Evacuate Collection Set: 15.8ms
[2025-12-24T05:24:10.313+0000][73.317s][info][gc,phases   ] GC(32)   Post Evacuate Collection Set: 2.0ms
[2025-12-24T05:24:10.314+0000][73.318s][info][gc,phases   ] GC(32)   Other: 0.8ms
[2025-12-24T05:24:10.314+0000][73.318s][info][gc,heap     ] GC(32) Eden regions: 307->0(308)
[2025-12-24T05:24:10.314+0000][73.318s][info][gc,heap     ] GC(32) Survivor regions: 19->18(41)
[2025-12-24T05:24:10.314+0000][73.318s][info][gc,heap     ] GC(32) Old regions: 38->39
[2025-12-24T05:24:10.315+0000][73.319s][info][gc,heap     ] GC(32) Archive regions: 2->2
[2025-12-24T05:24:10.315+0000][73.319s][info][gc,heap     ] GC(32) Humongous regions: 19->19
[2025-12-24T05:24:10.315+0000][73.319s][info][gc,metaspace] GC(32) Metaspace: 95736K(96960K)->95736K(96960K) NonClass: 82908K(83520K)->82908K(83520K) Class: 12827K(13440K)->12827K(13440K)
[2025-12-24T05:24:10.315+0000][73.319s][info][gc          ] GC(32) Pause Young (Normal) (G1 Evacuation Pause) 383M->76M(544M) 21.956ms
[2025-12-24T05:24:10.316+0000][73.320s][info][gc,cpu      ] GC(32) User=0.02s Sys=0.00s Real=0.02s
[2025-12-24T05:24:11.718+0000][74.722s][info][gc,start    ] GC(33) Pause Young (Normal) (G1 Evacuation Pause)
[2025-12-24T05:24:11.720+0000][74.724s][info][gc,task     ] GC(33) Using 3 workers of 3 for evacuation
[2025-12-24T05:24:11.754+0000][74.758s][info][gc,phases   ] GC(33)   Pre Evacuate Collection Set: 0.6ms
[2025-12-24T05:24:11.754+0000][74.758s][info][gc,phases   ] GC(33)   Merge Heap Roots: 0.1ms
[2025-12-24T05:24:11.754+0000][74.758s][info][gc,phases   ] GC(33)   Evacuate Collection Set: 30.0ms
[2025-12-24T05:24:11.754+0000][74.758s][info][gc,phases   ] GC(33)   Post Evacuate Collection Set: 3.5ms
[2025-12-24T05:24:11.754+0000][74.759s][info][gc,phases   ] GC(33)   Other: 1.7ms
[2025-12-24T05:24:11.755+0000][74.759s][info][gc,heap     ] GC(33) Eden regions: 308->0(307)
[2025-12-24T05:24:11.755+0000][74.759s][info][gc,heap     ] GC(33) Survivor regions: 18->19(41)
[2025-12-24T05:24:11.755+0000][74.759s][info][gc,heap     ] GC(33) Old regions: 39->39
[2025-12-24T05:24:11.755+0000][74.759s][info][gc,heap     ] GC(33) Archive regions: 2->2
[2025-12-24T05:24:11.755+0000][74.759s][info][gc,heap     ] GC(33) Humongous regions: 19->19
[2025-12-24T05:24:11.755+0000][74.759s][info][gc,metaspace] GC(33) Metaspace: 95769K(97024K)->95769K(97024K) NonClass: 82941K(83584K)->82941K(83584K) Class: 12827K(13440K)->12827K(13440K)
[2025-12-24T05:24:11.755+0000][74.759s][info][gc          ] GC(33) Pause Young (Normal) (G1 Evacuation Pause) 384M->76M(544M) 36.745ms
[2025-12-24T05:24:11.755+0000][74.759s][info][gc,cpu      ] GC(33) User=0.02s Sys=0.01s Real=0.04s
[2025-12-24T05:24:13.073+0000][76.077s][info][gc,start    ] GC(34) Pause Young (Normal) (G1 Evacuation Pause)
[2025-12-24T05:24:13.081+0000][76.086s][info][gc,task     ] GC(34) Using 3 workers of 3 for evacuation
[2025-12-24T05:24:13.131+0000][76.135s][info][gc,phases   ] GC(34)   Pre Evacuate Collection Set: 1.0ms
[2025-12-24T05:24:13.131+0000][76.135s][info][gc,phases   ] GC(34)   Merge Heap Roots: 0.6ms
[2025-12-24T05:24:13.131+0000][76.135s][info][gc,phases   ] GC(34)   Evacuate Collection Set: 34.9ms
[2025-12-24T05:24:13.131+0000][76.135s][info][gc,phases   ] GC(34)   Post Evacuate Collection Set: 12.1ms
[2025-12-24T05:24:13.131+0000][76.135s][info][gc,phases   ] GC(34)   Other: 9.6ms
[2025-12-24T05:24:13.131+0000][76.135s][info][gc,heap     ] GC(34) Eden regions: 307->0(307)
[2025-12-24T05:24:13.131+0000][76.136s][info][gc,heap     ] GC(34) Survivor regions: 19->19(41)
[2025-12-24T05:24:13.131+0000][76.136s][info][gc,heap     ] GC(34) Old regions: 39->39
[2025-12-24T05:24:13.132+0000][76.136s][info][gc,heap     ] GC(34) Archive regions: 2->2
[2025-12-24T05:24:13.132+0000][76.136s][info][gc,heap     ] GC(34) Humongous regions: 19->19
[2025-12-24T05:24:13.132+0000][76.136s][info][gc,metaspace] GC(34) Metaspace: 95941K(97152K)->95941K(97152K) NonClass: 83113K(83712K)->83113K(83712K) Class: 12827K(13440K)->12827K(13440K)
[2025-12-24T05:24:13.132+0000][76.136s][info][gc          ] GC(34) Pause Young (Normal) (G1 Evacuation Pause) 383M->77M(544M) 59.071ms
[2025-12-24T05:24:13.132+0000][76.136s][info][gc,cpu      ] GC(34) User=0.04s Sys=0.00s Real=0.06s
[2025-12-24T05:24:14.097+0000][77.101s][info][gc,start    ] GC(35) Pause Young (Normal) (G1 Evacuation Pause)
[2025-12-24T05:24:14.097+0000][77.101s][info][gc,task     ] GC(35) Using 3 workers of 3 for evacuation
[2025-12-24T05:24:14.122+0000][77.126s][info][gc,phases   ] GC(35)   Pre Evacuate Collection Set: 2.4ms
[2025-12-24T05:24:14.122+0000][77.126s][info][gc,phases   ] GC(35)   Merge Heap Roots: 0.2ms
[2025-12-24T05:24:14.122+0000][77.127s][info][gc,phases   ] GC(35)   Evacuate Collection Set: 20.3ms
[2025-12-24T05:24:14.122+0000][77.127s][info][gc,phases   ] GC(35)   Post Evacuate Collection Set: 2.2ms
[2025-12-24T05:24:14.123+0000][77.127s][info][gc,phases   ] GC(35)   Other: 0.9ms
[2025-12-24T05:24:14.123+0000][77.127s][info][gc,heap     ] GC(35) Eden regions: 307->0(306)
[2025-12-24T05:24:14.123+0000][77.127s][info][gc,heap     ] GC(35) Survivor regions: 19->20(41)
[2025-12-24T05:24:14.123+0000][77.127s][info][gc,heap     ] GC(35) Old regions: 39->39
[2025-12-24T05:24:14.123+0000][77.127s][info][gc,heap     ] GC(35) Archive regions: 2->2
[2025-12-24T05:24:14.123+0000][77.127s][info][gc,heap     ] GC(35) Humongous regions: 19->19
[2025-12-24T05:24:14.123+0000][77.127s][info][gc,metaspace] GC(35) Metaspace: 96028K(97216K)->96028K(97216K) NonClass: 83199K(83776K)->83199K(83776K) Class: 12828K(13440K)->12828K(13440K)
[2025-12-24T05:24:14.123+0000][77.127s][info][gc          ] GC(35) Pause Young (Normal) (G1 Evacuation Pause) 384M->78M(544M) 26.482ms
[2025-12-24T05:24:14.123+0000][77.127s][info][gc,cpu      ] GC(35) User=0.02s Sys=0.00s Real=0.03s
[2025-12-24T05:24:15.344+0000][78.348s][info][gc,start    ] GC(36) Pause Young (Normal) (G1 Evacuation Pause)
[2025-12-24T05:24:15.345+0000][78.349s][info][gc,task     ] GC(36) Using 3 workers of 3 for evacuation
[2025-12-24T05:24:15.371+0000][78.376s][info][gc,phases   ] GC(36)   Pre Evacuate Collection Set: 1.6ms
[2025-12-24T05:24:15.372+0000][78.376s][info][gc,phases   ] GC(36)   Merge Heap Roots: 0.1ms
[2025-12-24T05:24:15.372+0000][78.376s][info][gc,phases   ] GC(36)   Evacuate Collection Set: 22.0ms
[2025-12-24T05:24:15.372+0000][78.376s][info][gc,phases   ] GC(36)   Post Evacuate Collection Set: 2.8ms
[2025-12-24T05:24:15.372+0000][78.376s][info][gc,phases   ] GC(36)   Other: 1.4ms
[2025-12-24T05:24:15.373+0000][78.377s][info][gc,heap     ] GC(36) Eden regions: 306->0(306)
[2025-12-24T05:24:15.373+0000][78.377s][info][gc,heap     ] GC(36) Survivor regions: 20->20(41)
[2025-12-24T05:24:15.373+0000][78.377s][info][gc,heap     ] GC(36) Old regions: 39->39
[2025-12-24T05:24:15.373+0000][78.377s][info][gc,heap     ] GC(36) Archive regions: 2->2
[2025-12-24T05:24:15.373+0000][78.377s][info][gc,heap     ] GC(36) Humongous regions: 19->19
[2025-12-24T05:24:15.373+0000][78.377s][info][gc,metaspace] GC(36) Metaspace: 96182K(97344K)->96182K(97344K) NonClass: 83346K(83904K)->83346K(83904K) Class: 12836K(13440K)->12836K(13440K)
[2025-12-24T05:24:15.373+0000][78.377s][info][gc          ] GC(36) Pause Young (Normal) (G1 Evacuation Pause) 384M->78M(544M) 28.948ms
[2025-12-24T05:24:15.373+0000][78.377s][info][gc,cpu      ] GC(36) User=0.02s Sys=0.00s Real=0.03s
[2025-12-24T05:24:16.426+0000][79.430s][info][gc,start    ] GC(37) Pause Young (Normal) (G1 Evacuation Pause)
[2025-12-24T05:24:16.426+0000][79.430s][info][gc,task     ] GC(37) Using 3 workers of 3 for evacuation
[2025-12-24T05:24:16.483+0000][79.487s][info][gc,phases   ] GC(37)   Pre Evacuate Collection Set: 0.6ms
[2025-12-24T05:24:16.483+0000][79.488s][info][gc,phases   ] GC(37)   Merge Heap Roots: 0.1ms
[2025-12-24T05:24:16.484+0000][79.488s][info][gc,phases   ] GC(37)   Evacuate Collection Set: 53.4ms
[2025-12-24T05:24:16.484+0000][79.488s][info][gc,phases   ] GC(37)   Post Evacuate Collection Set: 2.8ms
[2025-12-24T05:24:16.485+0000][79.489s][info][gc,phases   ] GC(37)   Other: 0.5ms
[2025-12-24T05:24:16.485+0000][79.489s][info][gc,heap     ] GC(37) Eden regions: 306->0(306)
[2025-12-24T05:24:16.485+0000][79.489s][info][gc,heap     ] GC(37) Survivor regions: 20->20(41)
[2025-12-24T05:24:16.485+0000][79.489s][info][gc,heap     ] GC(37) Old regions: 39->39
[2025-12-24T05:24:16.485+0000][79.489s][info][gc,heap     ] GC(37) Archive regions: 2->2
[2025-12-24T05:24:16.485+0000][79.489s][info][gc,heap     ] GC(37) Humongous regions: 19->19
[2025-12-24T05:24:16.485+0000][79.489s][info][gc,metaspace] GC(37) Metaspace: 96244K(97344K)->96244K(97344K) NonClass: 83408K(83904K)->83408K(83904K) Class: 12836K(13440K)->12836K(13440K)
[2025-12-24T05:24:16.485+0000][79.489s][info][gc          ] GC(37) Pause Young (Normal) (G1 Evacuation Pause) 384M->78M(544M) 59.216ms
[2025-12-24T05:24:16.486+0000][79.490s][info][gc,cpu      ] GC(37) User=0.02s Sys=0.00s Real=0.06s
[2025-12-24T05:24:17.340+0000][80.344s][info][gc,start    ] GC(38) Pause Young (Normal) (G1 Evacuation Pause)
[2025-12-24T05:24:17.340+0000][80.344s][info][gc,task     ] GC(38) Using 3 workers of 3 for evacuation
[2025-12-24T05:24:17.364+0000][80.368s][info][gc,phases   ] GC(38)   Pre Evacuate Collection Set: 2.2ms
[2025-12-24T05:24:17.366+0000][80.370s][info][gc,phases   ] GC(38)   Merge Heap Roots: 0.1ms
[2025-12-24T05:24:17.366+0000][80.370s][info][gc,phases   ] GC(38)   Evacuate Collection Set: 18.5ms
[2025-12-24T05:24:17.366+0000][80.370s][info][gc,phases   ] GC(38)   Post Evacuate Collection Set: 3.1ms
[2025-12-24T05:24:17.366+0000][80.370s][info][gc,phases   ] GC(38)   Other: 1.8ms
[2025-12-24T05:24:17.366+0000][80.370s][info][gc,heap     ] GC(38) Eden regions: 306->0(306)
[2025-12-24T05:24:17.366+0000][80.370s][info][gc,heap     ] GC(38) Survivor regions: 20->20(41)
[2025-12-24T05:24:17.366+0000][80.370s][info][gc,heap     ] GC(38) Old regions: 39->39
[2025-12-24T05:24:17.366+0000][80.370s][info][gc,heap     ] GC(38) Archive regions: 2->2
[2025-12-24T05:24:17.366+0000][80.370s][info][gc,heap     ] GC(38) Humongous regions: 19->19
[2025-12-24T05:24:17.366+0000][80.370s][info][gc,metaspace] GC(38) Metaspace: 96279K(97408K)->96279K(97408K) NonClass: 83442K(83968K)->83442K(83968K) Class: 12837K(13440K)->12837K(13440K)
[2025-12-24T05:24:17.366+0000][80.371s][info][gc          ] GC(38) Pause Young (Normal) (G1 Evacuation Pause) 384M->78M(544M) 26.824ms
[2025-12-24T05:24:17.367+0000][80.371s][info][gc,cpu      ] GC(38) User=0.02s Sys=0.00s Real=0.02s
[2025-12-24T05:24:18.154+0000][81.158s][info][gc,start    ] GC(39) Pause Young (Normal) (G1 Evacuation Pause)
[2025-12-24T05:24:18.154+0000][81.158s][info][gc,task     ] GC(39) Using 3 workers of 3 for evacuation
[2025-12-24T05:24:18.189+0000][81.193s][info][gc,phases   ] GC(39)   Pre Evacuate Collection Set: 0.2ms
[2025-12-24T05:24:18.189+0000][81.194s][info][gc,phases   ] GC(39)   Merge Heap Roots: 0.1ms
[2025-12-24T05:24:18.190+0000][81.194s][info][gc,phases   ] GC(39)   Evacuate Collection Set: 32.6ms
[2025-12-24T05:24:18.190+0000][81.194s][info][gc,phases   ] GC(39)   Post Evacuate Collection Set: 2.0ms
[2025-12-24T05:24:18.190+0000][81.194s][info][gc,phases   ] GC(39)   Other: 0.6ms
[2025-12-24T05:24:18.190+0000][81.194s][info][gc,heap     ] GC(39) Eden regions: 306->0(303)
[2025-12-24T05:24:18.190+0000][81.194s][info][gc,heap     ] GC(39) Survivor regions: 20->23(41)
[2025-12-24T05:24:18.190+0000][81.194s][info][gc,heap     ] GC(39) Old regions: 39->39
[2025-12-24T05:24:18.190+0000][81.194s][info][gc,heap     ] GC(39) Archive regions: 2->2
[2025-12-24T05:24:18.190+0000][81.194s][info][gc,heap     ] GC(39) Humongous regions: 19->19
[2025-12-24T05:24:18.190+0000][81.194s][info][gc,metaspace] GC(39) Metaspace: 96293K(97408K)->96293K(97408K) NonClass: 83455K(83968K)->83455K(83968K) Class: 12837K(13440K)->12837K(13440K)
[2025-12-24T05:24:18.190+0000][81.194s][info][gc          ] GC(39) Pause Young (Normal) (G1 Evacuation Pause) 384M->81M(544M) 36.432ms
[2025-12-24T05:24:18.191+0000][81.195s][info][gc,cpu      ] GC(39) User=0.01s Sys=0.00s Real=0.04s
[2025-12-24T05:24:19.116+0000][82.120s][info][gc,start    ] GC(40) Pause Young (Normal) (G1 Evacuation Pause)
[2025-12-24T05:24:19.117+0000][82.121s][info][gc,task     ] GC(40) Using 3 workers of 3 for evacuation
[2025-12-24T05:24:19.152+0000][82.156s][info][gc,phases   ] GC(40)   Pre Evacuate Collection Set: 0.6ms
[2025-12-24T05:24:19.152+0000][82.156s][info][gc,phases   ] GC(40)   Merge Heap Roots: 0.3ms
[2025-12-24T05:24:19.152+0000][82.157s][info][gc,phases   ] GC(40)   Evacuate Collection Set: 30.0ms
[2025-12-24T05:24:19.152+0000][82.157s][info][gc,phases   ] GC(40)   Post Evacuate Collection Set: 4.4ms
[2025-12-24T05:24:19.153+0000][82.157s][info][gc,phases   ] GC(40)   Other: 1.3ms
[2025-12-24T05:24:19.153+0000][82.157s][info][gc,heap     ] GC(40) Eden regions: 303->0(310)
[2025-12-24T05:24:19.153+0000][82.157s][info][gc,heap     ] GC(40) Survivor regions: 23->16(41)
[2025-12-24T05:24:19.153+0000][82.157s][info][gc,heap     ] GC(40) Old regions: 39->45
[2025-12-24T05:24:19.153+0000][82.157s][info][gc,heap     ] GC(40) Archive regions: 2->2
[2025-12-24T05:24:19.153+0000][82.157s][info][gc,heap     ] GC(40) Humongous regions: 19->19
[2025-12-24T05:24:19.153+0000][82.157s][info][gc,metaspace] GC(40) Metaspace: 96316K(97408K)->96316K(97408K) NonClass: 83479K(83968K)->83479K(83968K) Class: 12837K(13440K)->12837K(13440K)
[2025-12-24T05:24:19.153+0000][82.157s][info][gc          ] GC(40) Pause Young (Normal) (G1 Evacuation Pause) 384M->80M(544M) 37.303ms
[2025-12-24T05:24:19.154+0000][82.158s][info][gc,cpu      ] GC(40) User=0.02s Sys=0.00s Real=0.04s
[2025-12-24T05:24:20.129+0000][83.133s][info][gc,start    ] GC(41) Pause Young (Normal) (G1 Evacuation Pause)
[2025-12-24T05:24:20.133+0000][83.137s][info][gc,task     ] GC(41) Using 3 workers of 3 for evacuation
[2025-12-24T05:24:20.172+0000][83.176s][info][gc,phases   ] GC(41)   Pre Evacuate Collection Set: 4.3ms
[2025-12-24T05:24:20.172+0000][83.177s][info][gc,phases   ] GC(41)   Merge Heap Roots: 1.9ms
[2025-12-24T05:24:20.173+0000][83.177s][info][gc,phases   ] GC(41)   Evacuate Collection Set: 22.1ms
[2025-12-24T05:24:20.177+0000][83.181s][info][gc,phases   ] GC(41)   Post Evacuate Collection Set: 8.3ms
[2025-12-24T05:24:20.177+0000][83.181s][info][gc,phases   ] GC(41)   Other: 6.4ms
[2025-12-24T05:24:20.177+0000][83.182s][info][gc,heap     ] GC(41) Eden regions: 310->0(309)
[2025-12-24T05:24:20.178+0000][83.182s][info][gc,heap     ] GC(41) Survivor regions: 16->17(41)
[2025-12-24T05:24:20.178+0000][83.182s][info][gc,heap     ] GC(41) Old regions: 45->45
[2025-12-24T05:24:20.178+0000][83.182s][info][gc,heap     ] GC(41) Archive regions: 2->2
[2025-12-24T05:24:20.180+0000][83.184s][info][gc,heap     ] GC(41) Humongous regions: 19->19
[2025-12-24T05:24:20.183+0000][83.187s][info][gc,metaspace] GC(41) Metaspace: 96361K(97472K)->96361K(97472K) NonClass: 83523K(84032K)->83523K(84032K) Class: 12837K(13440K)->12837K(13440K)
[2025-12-24T05:24:20.183+0000][83.187s][info][gc          ] GC(41) Pause Young (Normal) (G1 Evacuation Pause) 390M->80M(544M) 53.542ms
[2025-12-24T05:24:20.187+0000][83.192s][info][gc,cpu      ] GC(41) User=0.02s Sys=0.00s Real=0.05s
[2025-12-24T05:24:21.083+0000][84.087s][info][gc,start    ] GC(42) Pause Young (Normal) (G1 Evacuation Pause)
[2025-12-24T05:24:21.085+0000][84.089s][info][gc,task     ] GC(42) Using 3 workers of 3 for evacuation
[2025-12-24T05:24:21.114+0000][84.118s][info][gc,phases   ] GC(42)   Pre Evacuate Collection Set: 1.9ms
[2025-12-24T05:24:21.117+0000][84.121s][info][gc,phases   ] GC(42)   Merge Heap Roots: 0.1ms
[2025-12-24T05:24:21.117+0000][84.121s][info][gc,phases   ] GC(42)   Evacuate Collection Set: 25.7ms
[2025-12-24T05:24:21.117+0000][84.121s][info][gc,phases   ] GC(42)   Post Evacuate Collection Set: 1.6ms
[2025-12-24T05:24:21.117+0000][84.121s][info][gc,phases   ] GC(42)   Other: 1.9ms
[2025-12-24T05:24:21.117+0000][84.121s][info][gc,heap     ] GC(42) Eden regions: 309->0(309)
[2025-12-24T05:24:21.117+0000][84.121s][info][gc,heap     ] GC(42) Survivor regions: 17->17(41)
[2025-12-24T05:24:21.117+0000][84.121s][info][gc,heap     ] GC(42) Old regions: 45->45
[2025-12-24T05:24:21.117+0000][84.121s][info][gc,heap     ] GC(42) Archive regions: 2->2
[2025-12-24T05:24:21.117+0000][84.121s][info][gc,heap     ] GC(42) Humongous regions: 19->19
[2025-12-24T05:24:21.117+0000][84.121s][info][gc,metaspace] GC(42) Metaspace: 96368K(97536K)->96368K(97536K) NonClass: 83530K(84096K)->83530K(84096K) Class: 12837K(13440K)->12837K(13440K)
[2025-12-24T05:24:21.117+0000][84.122s][info][gc          ] GC(42) Pause Young (Normal) (G1 Evacuation Pause) 389M->80M(544M) 34.448ms
[2025-12-24T05:24:21.118+0000][84.122s][info][gc,cpu      ] GC(42) User=0.03s Sys=0.00s Real=0.03s
[2025-12-24T05:24:21.996+0000][85.000s][info][gc,start    ] GC(43) Pause Young (Normal) (G1 Evacuation Pause)
[2025-12-24T05:24:21.996+0000][85.000s][info][gc,task     ] GC(43) Using 3 workers of 3 for evacuation
[2025-12-24T05:24:22.012+0000][85.016s][info][gc,phases   ] GC(43)   Pre Evacuate Collection Set: 1.1ms
[2025-12-24T05:24:22.012+0000][85.017s][info][gc,phases   ] GC(43)   Merge Heap Roots: 0.1ms
[2025-12-24T05:24:22.013+0000][85.017s][info][gc,phases   ] GC(43)   Evacuate Collection Set: 12.4ms
[2025-12-24T05:24:22.013+0000][85.017s][info][gc,phases   ] GC(43)   Post Evacuate Collection Set: 1.7ms
[2025-12-24T05:24:22.013+0000][85.017s][info][gc,phases   ] GC(43)   Other: 0.7ms
[2025-12-24T05:24:22.013+0000][85.017s][info][gc,heap     ] GC(43) Eden regions: 309->0(308)
[2025-12-24T05:24:22.013+0000][85.017s][info][gc,heap     ] GC(43) Survivor regions: 17->18(41)
[2025-12-24T05:24:22.013+0000][85.017s][info][gc,heap     ] GC(43) Old regions: 45->45
[2025-12-24T05:24:22.013+0000][85.017s][info][gc,heap     ] GC(43) Archive regions: 2->2
[2025-12-24T05:24:22.013+0000][85.017s][info][gc,heap     ] GC(43) Humongous regions: 19->19
[2025-12-24T05:24:22.013+0000][85.017s][info][gc,metaspace] GC(43) Metaspace: 96372K(97536K)->96372K(97536K) NonClass: 83535K(84096K)->83535K(84096K) Class: 12837K(13440K)->12837K(13440K)
[2025-12-24T05:24:22.013+0000][85.017s][info][gc          ] GC(43) Pause Young (Normal) (G1 Evacuation Pause) 389M->81M(544M) 17.329ms
[2025-12-24T05:24:22.014+0000][85.018s][info][gc,cpu      ] GC(43) User=0.02s Sys=0.00s Real=0.02s
[2025-12-24T05:24:22.855+0000][85.859s][info][gc,start    ] GC(44) Pause Young (Normal) (G1 Evacuation Pause)
[2025-12-24T05:24:22.856+0000][85.860s][info][gc,task     ] GC(44) Using 3 workers of 3 for evacuation
[2025-12-24T05:24:22.863+0000][85.868s][info][gc,phases   ] GC(44)   Pre Evacuate Collection Set: 0.2ms
[2025-12-24T05:24:22.864+0000][85.868s][info][gc,phases   ] GC(44)   Merge Heap Roots: 0.1ms
[2025-12-24T05:24:22.864+0000][85.868s][info][gc,phases   ] GC(44)   Evacuate Collection Set: 6.5ms
[2025-12-24T05:24:22.864+0000][85.868s][info][gc,phases   ] GC(44)   Post Evacuate Collection Set: 1.0ms
[2025-12-24T05:24:22.864+0000][85.868s][info][gc,phases   ] GC(44)   Other: 0.8ms
[2025-12-24T05:24:22.865+0000][85.869s][info][gc,heap     ] GC(44) Eden regions: 308->0(316)
[2025-12-24T05:24:22.865+0000][85.869s][info][gc,heap     ] GC(44) Survivor regions: 18->10(41)
[2025-12-24T05:24:22.865+0000][85.869s][info][gc,heap     ] GC(44) Old regions: 45->52
[2025-12-24T05:24:22.865+0000][85.869s][info][gc,heap     ] GC(44) Archive regions: 2->2
[2025-12-24T05:24:22.865+0000][85.869s][info][gc,heap     ] GC(44) Humongous regions: 19->19
[2025-12-24T05:24:22.865+0000][85.869s][info][gc,metaspace] GC(44) Metaspace: 96380K(97536K)->96380K(97536K) NonClass: 83542K(84096K)->83542K(84096K) Class: 12837K(13440K)->12837K(13440K)
[2025-12-24T05:24:22.865+0000][85.869s][info][gc          ] GC(44) Pause Young (Normal) (G1 Evacuation Pause) 389M->81M(544M) 10.301ms
[2025-12-24T05:24:22.866+0000][85.870s][info][gc,cpu      ] GC(44) User=0.01s Sys=0.00s Real=0.01s
[2025-12-24T05:24:23.736+0000][86.740s][info][gc,start    ] GC(45) Pause Young (Normal) (G1 Evacuation Pause)
[2025-12-24T05:24:23.737+0000][86.741s][info][gc,task     ] GC(45) Using 3 workers of 3 for evacuation
[2025-12-24T05:24:23.754+0000][86.758s][info][gc,phases   ] GC(45)   Pre Evacuate Collection Set: 0.2ms
[2025-12-24T05:24:23.755+0000][86.759s][info][gc,phases   ] GC(45)   Merge Heap Roots: 0.2ms
[2025-12-24T05:24:23.755+0000][86.759s][info][gc,phases   ] GC(45)   Evacuate Collection Set: 10.3ms
[2025-12-24T05:24:23.755+0000][86.759s][info][gc,phases   ] GC(45)   Post Evacuate Collection Set: 6.3ms
[2025-12-24T05:24:23.755+0000][86.759s][info][gc,phases   ] GC(45)   Other: 1.4ms
[2025-12-24T05:24:23.755+0000][86.759s][info][gc,heap     ] GC(45) Eden regions: 316->0(318)
[2025-12-24T05:24:23.756+0000][86.760s][info][gc,heap     ] GC(45) Survivor regions: 10->8(41)
[2025-12-24T05:24:23.756+0000][86.760s][info][gc,heap     ] GC(45) Old regions: 52->54
[2025-12-24T05:24:23.756+0000][86.760s][info][gc,heap     ] GC(45) Archive regions: 2->2
[2025-12-24T05:24:23.756+0000][86.760s][info][gc,heap     ] GC(45) Humongous regions: 19->19
[2025-12-24T05:24:23.756+0000][86.760s][info][gc,metaspace] GC(45) Metaspace: 96406K(97536K)->96406K(97536K) NonClass: 83569K(84096K)->83569K(84096K) Class: 12837K(13440K)->12837K(13440K)
[2025-12-24T05:24:23.757+0000][86.761s][info][gc          ] GC(45) Pause Young (Normal) (G1 Evacuation Pause) 397M->81M(544M) 20.522ms
[2025-12-24T05:24:23.757+0000][86.761s][info][gc,cpu      ] GC(45) User=0.01s Sys=0.00s Real=0.02s
[2025-12-24T05:24:24.783+0000][87.787s][info][gc,start    ] GC(46) Pause Young (Normal) (G1 Evacuation Pause)
[2025-12-24T05:24:24.783+0000][87.787s][info][gc,task     ] GC(46) Using 3 workers of 3 for evacuation
[2025-12-24T05:24:24.807+0000][87.811s][info][gc,phases   ] GC(46)   Pre Evacuate Collection Set: 0.7ms
[2025-12-24T05:24:24.809+0000][87.813s][info][gc,phases   ] GC(46)   Merge Heap Roots: 0.2ms
[2025-12-24T05:24:24.809+0000][87.813s][info][gc,phases   ] GC(46)   Evacuate Collection Set: 18.9ms
[2025-12-24T05:24:24.809+0000][87.813s][info][gc,phases   ] GC(46)   Post Evacuate Collection Set: 3.6ms
[2025-12-24T05:24:24.809+0000][87.813s][info][gc,phases   ] GC(46)   Other: 0.7ms
[2025-12-24T05:24:24.809+0000][87.813s][info][gc,heap     ] GC(46) Eden regions: 318->0(318)
[2025-12-24T05:24:24.809+0000][87.813s][info][gc,heap     ] GC(46) Survivor regions: 8->8(41)
[2025-12-24T05:24:24.809+0000][87.813s][info][gc,heap     ] GC(46) Old regions: 54->54
[2025-12-24T05:24:24.809+0000][87.813s][info][gc,heap     ] GC(46) Archive regions: 2->2
[2025-12-24T05:24:24.809+0000][87.814s][info][gc,heap     ] GC(46) Humongous regions: 19->19
[2025-12-24T05:24:24.809+0000][87.814s][info][gc,metaspace] GC(46) Metaspace: 96435K(97600K)->96435K(97600K) NonClass: 83596K(84160K)->83596K(84160K) Class: 12839K(13440K)->12839K(13440K)
[2025-12-24T05:24:24.810+0000][87.814s][info][gc          ] GC(46) Pause Young (Normal) (G1 Evacuation Pause) 399M->81M(544M) 27.300ms
[2025-12-24T05:24:24.811+0000][87.815s][info][gc,cpu      ] GC(46) User=0.02s Sys=0.00s Real=0.03s
[2025-12-24T05:24:25.820+0000][88.824s][info][gc,start    ] GC(47) Pause Young (Normal) (G1 Evacuation Pause)
[2025-12-24T05:24:25.822+0000][88.826s][info][gc,task     ] GC(47) Using 3 workers of 3 for evacuation
[2025-12-24T05:24:25.834+0000][88.838s][info][gc,phases   ] GC(47)   Pre Evacuate Collection Set: 0.3ms
[2025-12-24T05:24:25.834+0000][88.838s][info][gc,phases   ] GC(47)   Merge Heap Roots: 0.2ms
[2025-12-24T05:24:25.834+0000][88.838s][info][gc,phases   ] GC(47)   Evacuate Collection Set: 10.6ms
[2025-12-24T05:24:25.834+0000][88.839s][info][gc,phases   ] GC(47)   Post Evacuate Collection Set: 0.8ms
[2025-12-24T05:24:25.834+0000][88.839s][info][gc,phases   ] GC(47)   Other: 1.7ms
[2025-12-24T05:24:25.835+0000][88.839s][info][gc,heap     ] GC(47) Eden regions: 318->0(316)
[2025-12-24T05:24:25.835+0000][88.839s][info][gc,heap     ] GC(47) Survivor regions: 8->10(41)
[2025-12-24T05:24:25.835+0000][88.839s][info][gc,heap     ] GC(47) Old regions: 54->55
[2025-12-24T05:24:25.835+0000][88.839s][info][gc,heap     ] GC(47) Archive regions: 2->2
[2025-12-24T05:24:25.835+0000][88.839s][info][gc,heap     ] GC(47) Humongous regions: 21->21
[2025-12-24T05:24:25.835+0000][88.839s][info][gc,metaspace] GC(47) Metaspace: 96448K(97600K)->96448K(97600K) NonClass: 83608K(84160K)->83608K(84160K) Class: 12840K(13440K)->12840K(13440K)
[2025-12-24T05:24:25.835+0000][88.839s][info][gc          ] GC(47) Pause Young (Normal) (G1 Evacuation Pause) 401M->85M(544M) 14.667ms
[2025-12-24T05:24:25.835+0000][88.839s][info][gc,cpu      ] GC(47) User=0.01s Sys=0.00s Real=0.01s
[2025-12-24T05:24:26.760+0000][89.764s][info][gc,start    ] GC(48) Pause Young (Normal) (G1 Evacuation Pause)
[2025-12-24T05:24:26.760+0000][89.764s][info][gc,task     ] GC(48) Using 3 workers of 3 for evacuation
[2025-12-24T05:24:26.797+0000][89.801s][info][gc,phases   ] GC(48)   Pre Evacuate Collection Set: 4.7ms
[2025-12-24T05:24:26.802+0000][89.806s][info][gc,phases   ] GC(48)   Merge Heap Roots: 0.2ms
[2025-12-24T05:24:26.802+0000][89.806s][info][gc,phases   ] GC(48)   Evacuate Collection Set: 29.3ms
[2025-12-24T05:24:26.802+0000][89.806s][info][gc,phases   ] GC(48)   Post Evacuate Collection Set: 2.0ms
[2025-12-24T05:24:26.802+0000][89.806s][info][gc,phases   ] GC(48)   Other: 1.0ms
[2025-12-24T05:24:26.802+0000][89.806s][info][gc,heap     ] GC(48) Eden regions: 316->0(314)
[2025-12-24T05:24:26.802+0000][89.806s][info][gc,heap     ] GC(48) Survivor regions: 10->12(41)
[2025-12-24T05:24:26.802+0000][89.806s][info][gc,heap     ] GC(48) Old regions: 55->55
[2025-12-24T05:24:26.802+0000][89.806s][info][gc,heap     ] GC(48) Archive regions: 2->2
[2025-12-24T05:24:26.802+0000][89.806s][info][gc,heap     ] GC(48) Humongous regions: 21->21
[2025-12-24T05:24:26.802+0000][89.807s][info][gc,metaspace] GC(48) Metaspace: 96476K(97600K)->96476K(97600K) NonClass: 83635K(84160K)->83635K(84160K) Class: 12840K(13440K)->12840K(13440K)
[2025-12-24T05:24:26.802+0000][89.807s][info][gc          ] GC(48) Pause Young (Normal) (G1 Evacuation Pause) 401M->88M(544M) 42.564ms
[2025-12-24T05:24:26.804+0000][89.808s][info][gc,cpu      ] GC(48) User=0.02s Sys=0.00s Real=0.04s
[2025-12-24T05:24:27.697+0000][90.701s][info][gc,start    ] GC(49) Pause Young (Normal) (G1 Evacuation Pause)
[2025-12-24T05:24:27.698+0000][90.702s][info][gc,task     ] GC(49) Using 3 workers of 3 for evacuation
[2025-12-24T05:24:27.705+0000][90.709s][info][gc,phases   ] GC(49)   Pre Evacuate Collection Set: 0.2ms
[2025-12-24T05:24:27.705+0000][90.709s][info][gc,phases   ] GC(49)   Merge Heap Roots: 0.2ms
[2025-12-24T05:24:27.705+0000][90.709s][info][gc,phases   ] GC(49)   Evacuate Collection Set: 5.6ms
[2025-12-24T05:24:27.705+0000][90.709s][info][gc,phases   ] GC(49)   Post Evacuate Collection Set: 1.0ms
[2025-12-24T05:24:27.705+0000][90.709s][info][gc,phases   ] GC(49)   Other: 0.6ms
[2025-12-24T05:24:27.705+0000][90.709s][info][gc,heap     ] GC(49) Eden regions: 314->0(315)
[2025-12-24T05:24:27.705+0000][90.709s][info][gc,heap     ] GC(49) Survivor regions: 12->11(41)
[2025-12-24T05:24:27.706+0000][90.710s][info][gc,heap     ] GC(49) Old regions: 55->55
[2025-12-24T05:24:27.706+0000][90.710s][info][gc,heap     ] GC(49) Archive regions: 2->2
[2025-12-24T05:24:27.706+0000][90.711s][info][gc,heap     ] GC(49) Humongous regions: 21->21
[2025-12-24T05:24:27.706+0000][90.711s][info][gc,metaspace] GC(49) Metaspace: 96539K(97664K)->96539K(97664K) NonClass: 83698K(84224K)->83698K(84224K) Class: 12840K(13440K)->12840K(13440K)
[2025-12-24T05:24:27.707+0000][90.711s][info][gc          ] GC(49) Pause Young (Normal) (G1 Evacuation Pause) 402M->86M(544M) 9.285ms
[2025-12-24T05:24:27.707+0000][90.711s][info][gc,cpu      ] GC(49) User=0.01s Sys=0.00s Real=0.01s
[2025-12-24T05:24:28.615+0000][91.619s][info][gc,start    ] GC(50) Pause Young (Normal) (G1 Evacuation Pause)
[2025-12-24T05:24:28.618+0000][91.622s][info][gc,task     ] GC(50) Using 3 workers of 3 for evacuation
[2025-12-24T05:24:28.628+0000][91.632s][info][gc,phases   ] GC(50)   Pre Evacuate Collection Set: 0.2ms
[2025-12-24T05:24:28.628+0000][91.632s][info][gc,phases   ] GC(50)   Merge Heap Roots: 0.6ms
[2025-12-24T05:24:28.628+0000][91.632s][info][gc,phases   ] GC(50)   Evacuate Collection Set: 8.5ms
[2025-12-24T05:24:28.628+0000][91.632s][info][gc,phases   ] GC(50)   Post Evacuate Collection Set: 0.6ms
[2025-12-24T05:24:28.628+0000][91.632s][info][gc,phases   ] GC(50)   Other: 2.7ms
[2025-12-24T05:24:28.628+0000][91.632s][info][gc,heap     ] GC(50) Eden regions: 315->0(316)
[2025-12-24T05:24:28.628+0000][91.632s][info][gc,heap     ] GC(50) Survivor regions: 11->10(41)
[2025-12-24T05:24:28.628+0000][91.632s][info][gc,heap     ] GC(50) Old regions: 55->56
[2025-12-24T05:24:28.628+0000][91.632s][info][gc,heap     ] GC(50) Archive regions: 2->2
[2025-12-24T05:24:28.628+0000][91.633s][info][gc,heap     ] GC(50) Humongous regions: 21->21
[2025-12-24T05:24:28.628+0000][91.633s][info][gc,metaspace] GC(50) Metaspace: 96545K(97664K)->96545K(97664K) NonClass: 83705K(84224K)->83705K(84224K) Class: 12840K(13440K)->12840K(13440K)
[2025-12-24T05:24:28.629+0000][91.633s][info][gc          ] GC(50) Pause Young (Normal) (G1 Evacuation Pause) 401M->87M(544M) 13.383ms
[2025-12-24T05:24:28.629+0000][91.633s][info][gc,cpu      ] GC(50) User=0.01s Sys=0.00s Real=0.02s
[2025-12-24T05:24:29.308+0000][92.312s][info][gc,start    ] GC(51) Pause Young (Normal) (G1 Evacuation Pause)
[2025-12-24T05:24:29.308+0000][92.312s][info][gc,task     ] GC(51) Using 3 workers of 3 for evacuation
[2025-12-24T05:24:29.322+0000][92.326s][info][gc,phases   ] GC(51)   Pre Evacuate Collection Set: 0.2ms
[2025-12-24T05:24:29.329+0000][92.333s][info][gc,phases   ] GC(51)   Merge Heap Roots: 0.1ms
[2025-12-24T05:24:29.330+0000][92.334s][info][gc,phases   ] GC(51)   Evacuate Collection Set: 10.2ms
[2025-12-24T05:24:29.330+0000][92.334s][info][gc,phases   ] GC(51)   Post Evacuate Collection Set: 3.4ms
[2025-12-24T05:24:29.330+0000][92.334s][info][gc,phases   ] GC(51)   Other: 0.4ms
[2025-12-24T05:24:29.330+0000][92.335s][info][gc,heap     ] GC(51) Eden regions: 316->0(314)
[2025-12-24T05:24:29.330+0000][92.335s][info][gc,heap     ] GC(51) Survivor regions: 10->12(41)
[2025-12-24T05:24:29.331+0000][92.335s][info][gc,heap     ] GC(51) Old regions: 56->56
[2025-12-24T05:24:29.331+0000][92.335s][info][gc,heap     ] GC(51) Archive regions: 2->2
[2025-12-24T05:24:29.331+0000][92.335s][info][gc,heap     ] GC(51) Humongous regions: 21->21
[2025-12-24T05:24:29.331+0000][92.335s][info][gc,metaspace] GC(51) Metaspace: 96554K(97664K)->96554K(97664K) NonClass: 83712K(84224K)->83712K(84224K) Class: 12841K(13440K)->12841K(13440K)
[2025-12-24T05:24:29.331+0000][92.335s][info][gc          ] GC(51) Pause Young (Normal) (G1 Evacuation Pause) 403M->89M(544M) 22.967ms
[2025-12-24T05:24:29.331+0000][92.335s][info][gc,cpu      ] GC(51) User=0.01s Sys=0.00s Real=0.03s
[2025-12-24T05:24:30.002+0000][93.006s][info][gc,start    ] GC(52) Pause Young (Normal) (G1 Evacuation Pause)
[2025-12-24T05:24:30.002+0000][93.006s][info][gc,task     ] GC(52) Using 3 workers of 3 for evacuation
[2025-12-24T05:24:30.011+0000][93.015s][info][gc,phases   ] GC(52)   Pre Evacuate Collection Set: 1.3ms
[2025-12-24T05:24:30.011+0000][93.015s][info][gc,phases   ] GC(52)   Merge Heap Roots: 0.2ms
[2025-12-24T05:24:30.011+0000][93.015s][info][gc,phases   ] GC(52)   Evacuate Collection Set: 6.0ms
[2025-12-24T05:24:30.011+0000][93.015s][info][gc,phases   ] GC(52)   Post Evacuate Collection Set: 1.0ms
[2025-12-24T05:24:30.011+0000][93.015s][info][gc,phases   ] GC(52)   Other: 0.9ms
[2025-12-24T05:24:30.011+0000][93.015s][info][gc,heap     ] GC(52) Eden regions: 314->0(314)
[2025-12-24T05:24:30.011+0000][93.015s][info][gc,heap     ] GC(52) Survivor regions: 12->12(41)
[2025-12-24T05:24:30.011+0000][93.015s][info][gc,heap     ] GC(52) Old regions: 56->56
[2025-12-24T05:24:30.011+0000][93.015s][info][gc,heap     ] GC(52) Archive regions: 2->2
[2025-12-24T05:24:30.011+0000][93.016s][info][gc,heap     ] GC(52) Humongous regions: 21->21
[2025-12-24T05:24:30.011+0000][93.016s][info][gc,metaspace] GC(52) Metaspace: 96575K(97664K)->96575K(97664K) NonClass: 83734K(84224K)->83734K(84224K) Class: 12841K(13440K)->12841K(13440K)
[2025-12-24T05:24:30.012+0000][93.016s][info][gc          ] GC(52) Pause Young (Normal) (G1 Evacuation Pause) 403M->89M(544M) 10.026ms
[2025-12-24T05:24:30.012+0000][93.016s][info][gc,cpu      ] GC(52) User=0.01s Sys=0.00s Real=0.01s
[2025-12-24T05:24:30.755+0000][93.759s][info][gc,start    ] GC(53) Pause Young (Normal) (G1 Evacuation Pause)
[2025-12-24T05:24:30.755+0000][93.759s][info][gc,task     ] GC(53) Using 3 workers of 3 for evacuation
[2025-12-24T05:24:30.766+0000][93.770s][info][gc,phases   ] GC(53)   Pre Evacuate Collection Set: 0.8ms
[2025-12-24T05:24:30.766+0000][93.770s][info][gc,phases   ] GC(53)   Merge Heap Roots: 0.2ms
[2025-12-24T05:24:30.766+0000][93.770s][info][gc,phases   ] GC(53)   Evacuate Collection Set: 7.8ms
[2025-12-24T05:24:30.766+0000][93.770s][info][gc,phases   ] GC(53)   Post Evacuate Collection Set: 1.4ms
[2025-12-24T05:24:30.766+0000][93.770s][info][gc,phases   ] GC(53)   Other: 1.1ms
[2025-12-24T05:24:30.766+0000][93.770s][info][gc,heap     ] GC(53) Eden regions: 314->0(311)
[2025-12-24T05:24:30.766+0000][93.770s][info][gc,heap     ] GC(53) Survivor regions: 12->15(41)
[2025-12-24T05:24:30.766+0000][93.770s][info][gc,heap     ] GC(53) Old regions: 56->56
[2025-12-24T05:24:30.766+0000][93.770s][info][gc,heap     ] GC(53) Archive regions: 2->2
[2025-12-24T05:24:30.766+0000][93.770s][info][gc,heap     ] GC(53) Humongous regions: 21->21
[2025-12-24T05:24:30.766+0000][93.770s][info][gc,metaspace] GC(53) Metaspace: 96577K(97664K)->96577K(97664K) NonClass: 83736K(84224K)->83736K(84224K) Class: 12841K(13440K)->12841K(13440K)
[2025-12-24T05:24:30.766+0000][93.771s][info][gc          ] GC(53) Pause Young (Normal) (G1 Evacuation Pause) 403M->91M(544M) 11.831ms
[2025-12-24T05:24:30.767+0000][93.771s][info][gc,cpu      ] GC(53) User=0.01s Sys=0.00s Real=0.01s
[2025-12-24T05:24:31.501+0000][94.505s][info][gc,start    ] GC(54) Pause Young (Normal) (G1 Evacuation Pause)
[2025-12-24T05:24:31.501+0000][94.505s][info][gc,task     ] GC(54) Using 3 workers of 3 for evacuation
[2025-12-24T05:24:31.515+0000][94.519s][info][gc,phases   ] GC(54)   Pre Evacuate Collection Set: 0.2ms
[2025-12-24T05:24:31.515+0000][94.519s][info][gc,phases   ] GC(54)   Merge Heap Roots: 0.1ms
[2025-12-24T05:24:31.515+0000][94.519s][info][gc,phases   ] GC(54)   Evacuate Collection Set: 12.1ms
[2025-12-24T05:24:31.515+0000][94.519s][info][gc,phases   ] GC(54)   Post Evacuate Collection Set: 1.1ms
[2025-12-24T05:24:31.515+0000][94.519s][info][gc,phases   ] GC(54)   Other: 1.7ms
[2025-12-24T05:24:31.515+0000][94.519s][info][gc,heap     ] GC(54) Eden regions: 311->0(313)
[2025-12-24T05:24:31.515+0000][94.519s][info][gc,heap     ] GC(54) Survivor regions: 15->13(41)
[2025-12-24T05:24:31.515+0000][94.519s][info][gc,heap     ] GC(54) Old regions: 56->56
[2025-12-24T05:24:31.515+0000][94.519s][info][gc,heap     ] GC(54) Archive regions: 2->2
[2025-12-24T05:24:31.515+0000][94.519s][info][gc,heap     ] GC(54) Humongous regions: 21->21
[2025-12-24T05:24:31.515+0000][94.520s][info][gc,metaspace] GC(54) Metaspace: 96599K(97728K)->96599K(97728K) NonClass: 83758K(84288K)->83758K(84288K) Class: 12841K(13440K)->12841K(13440K)
[2025-12-24T05:24:31.516+0000][94.520s][info][gc          ] GC(54) Pause Young (Normal) (G1 Evacuation Pause) 402M->90M(544M) 14.962ms
[2025-12-24T05:24:31.516+0000][94.520s][info][gc,cpu      ] GC(54) User=0.01s Sys=0.00s Real=0.01s
[2025-12-24T05:24:32.084+0000][95.089s][info][gc,start    ] GC(55) Pause Young (Normal) (G1 Evacuation Pause)
[2025-12-24T05:24:32.085+0000][95.089s][info][gc,task     ] GC(55) Using 3 workers of 3 for evacuation
[2025-12-24T05:24:32.098+0000][95.102s][info][gc,phases   ] GC(55)   Pre Evacuate Collection Set: 0.2ms
[2025-12-24T05:24:32.098+0000][95.102s][info][gc,phases   ] GC(55)   Merge Heap Roots: 0.2ms
[2025-12-24T05:24:32.098+0000][95.102s][info][gc,phases   ] GC(55)   Evacuate Collection Set: 11.6ms
[2025-12-24T05:24:32.098+0000][95.102s][info][gc,phases   ] GC(55)   Post Evacuate Collection Set: 0.7ms
[2025-12-24T05:24:32.098+0000][95.102s][info][gc,phases   ] GC(55)   Other: 0.7ms
[2025-12-24T05:24:32.098+0000][95.102s][info][gc,heap     ] GC(55) Eden regions: 313->0(312)
[2025-12-24T05:24:32.098+0000][95.102s][info][gc,heap     ] GC(55) Survivor regions: 13->14(41)
[2025-12-24T05:24:32.098+0000][95.102s][info][gc,heap     ] GC(55) Old regions: 56->57
[2025-12-24T05:24:32.098+0000][95.102s][info][gc,heap     ] GC(55) Archive regions: 2->2
[2025-12-24T05:24:32.098+0000][95.102s][info][gc,heap     ] GC(55) Humongous regions: 21->21
[2025-12-24T05:24:32.098+0000][95.102s][info][gc,metaspace] GC(55) Metaspace: 96612K(97792K)->96612K(97792K) NonClass: 83770K(84352K)->83770K(84352K) Class: 12841K(13440K)->12841K(13440K)
[2025-12-24T05:24:32.098+0000][95.103s][info][gc          ] GC(55) Pause Young (Normal) (G1 Evacuation Pause) 403M->92M(544M) 13.970ms
[2025-12-24T05:24:32.099+0000][95.103s][info][gc,cpu      ] GC(55) User=0.02s Sys=0.00s Real=0.02s
[2025-12-24T05:24:32.892+0000][95.896s][info][gc,start    ] GC(56) Pause Young (Normal) (G1 Evacuation Pause)
[2025-12-24T05:24:32.892+0000][95.896s][info][gc,task     ] GC(56) Using 3 workers of 3 for evacuation
[2025-12-24T05:24:32.907+0000][95.911s][info][gc,phases   ] GC(56)   Pre Evacuate Collection Set: 0.2ms
[2025-12-24T05:24:32.907+0000][95.912s][info][gc,phases   ] GC(56)   Merge Heap Roots: 0.7ms
[2025-12-24T05:24:32.908+0000][95.912s][info][gc,phases   ] GC(56)   Evacuate Collection Set: 13.3ms
[2025-12-24T05:24:32.908+0000][95.912s][info][gc,phases   ] GC(56)   Post Evacuate Collection Set: 0.6ms
[2025-12-24T05:24:32.908+0000][95.912s][info][gc,phases   ] GC(56)   Other: 0.5ms
[2025-12-24T05:24:32.908+0000][95.912s][info][gc,heap     ] GC(56) Eden regions: 312->0(314)
[2025-12-24T05:24:32.908+0000][95.912s][info][gc,heap     ] GC(56) Survivor regions: 14->12(41)
[2025-12-24T05:24:32.908+0000][95.912s][info][gc,heap     ] GC(56) Old regions: 57->58
[2025-12-24T05:24:32.908+0000][95.912s][info][gc,heap     ] GC(56) Archive regions: 2->2
[2025-12-24T05:24:32.908+0000][95.912s][info][gc,heap     ] GC(56) Humongous regions: 21->21
[2025-12-24T05:24:32.908+0000][95.912s][info][gc,metaspace] GC(56) Metaspace: 96613K(97792K)->96613K(97792K) NonClass: 83772K(84352K)->83772K(84352K) Class: 12841K(13440K)->12841K(13440K)
[2025-12-24T05:24:32.908+0000][95.912s][info][gc          ] GC(56) Pause Young (Normal) (G1 Evacuation Pause) 404M->90M(544M) 15.896ms
[2025-12-24T05:24:32.908+0000][95.912s][info][gc,cpu      ] GC(56) User=0.02s Sys=0.00s Real=0.01s
[2025-12-24T05:24:33.707+0000][96.711s][info][gc,start    ] GC(57) Pause Young (Normal) (G1 Evacuation Pause)
[2025-12-24T05:24:33.707+0000][96.712s][info][gc,task     ] GC(57) Using 3 workers of 3 for evacuation
[2025-12-24T05:24:33.724+0000][96.729s][info][gc,phases   ] GC(57)   Pre Evacuate Collection Set: 0.2ms
[2025-12-24T05:24:33.725+0000][96.729s][info][gc,phases   ] GC(57)   Merge Heap Roots: 0.1ms
[2025-12-24T05:24:33.725+0000][96.729s][info][gc,phases   ] GC(57)   Evacuate Collection Set: 12.8ms
[2025-12-24T05:24:33.725+0000][96.729s][info][gc,phases   ] GC(57)   Post Evacuate Collection Set: 0.7ms
[2025-12-24T05:24:33.725+0000][96.729s][info][gc,phases   ] GC(57)   Other: 4.5ms
[2025-12-24T05:24:33.725+0000][96.729s][info][gc,heap     ] GC(57) Eden regions: 314->0(315)
[2025-12-24T05:24:33.725+0000][96.729s][info][gc,heap     ] GC(57) Survivor regions: 12->11(41)
[2025-12-24T05:24:33.725+0000][96.729s][info][gc,heap     ] GC(57) Old regions: 58->58
[2025-12-24T05:24:33.725+0000][96.730s][info][gc,heap     ] GC(57) Archive regions: 2->2
[2025-12-24T05:24:33.725+0000][96.730s][info][gc,heap     ] GC(57) Humongous regions: 21->21
[2025-12-24T05:24:33.726+0000][96.730s][info][gc,metaspace] GC(57) Metaspace: 96622K(97792K)->96622K(97792K) NonClass: 83780K(84352K)->83780K(84352K) Class: 12841K(13440K)->12841K(13440K)
[2025-12-24T05:24:33.726+0000][96.730s][info][gc          ] GC(57) Pause Young (Normal) (G1 Evacuation Pause) 404M->90M(544M) 18.945ms
[2025-12-24T05:24:33.726+0000][96.730s][info][gc,cpu      ] GC(57) User=0.02s Sys=0.00s Real=0.02s
[2025-12-24T05:24:34.638+0000][97.642s][info][gc,start    ] GC(58) Pause Young (Normal) (G1 Evacuation Pause)
[2025-12-24T05:24:34.638+0000][97.642s][info][gc,task     ] GC(58) Using 3 workers of 3 for evacuation
[2025-12-24T05:24:34.644+0000][97.648s][info][gc,phases   ] GC(58)   Pre Evacuate Collection Set: 0.2ms
[2025-12-24T05:24:34.644+0000][97.649s][info][gc,phases   ] GC(58)   Merge Heap Roots: 0.6ms
[2025-12-24T05:24:34.645+0000][97.649s][info][gc,phases   ] GC(58)   Evacuate Collection Set: 4.2ms
[2025-12-24T05:24:34.645+0000][97.649s][info][gc,phases   ] GC(58)   Post Evacuate Collection Set: 0.9ms
[2025-12-24T05:24:34.645+0000][97.649s][info][gc,phases   ] GC(58)   Other: 0.5ms
[2025-12-24T05:24:34.645+0000][97.649s][info][gc,heap     ] GC(58) Eden regions: 315->0(314)
[2025-12-24T05:24:34.645+0000][97.649s][info][gc,heap     ] GC(58) Survivor regions: 11->12(41)
[2025-12-24T05:24:34.645+0000][97.649s][info][gc,heap     ] GC(58) Old regions: 58->58
[2025-12-24T05:24:34.645+0000][97.649s][info][gc,heap     ] GC(58) Archive regions: 2->2
[2025-12-24T05:24:34.645+0000][97.649s][info][gc,heap     ] GC(58) Humongous regions: 21->21
[2025-12-24T05:24:34.645+0000][97.649s][info][gc,metaspace] GC(58) Metaspace: 96713K(97856K)->96713K(97856K) NonClass: 83871K(84416K)->83871K(84416K) Class: 12841K(13440K)->12841K(13440K)
[2025-12-24T05:24:34.645+0000][97.649s][info][gc          ] GC(58) Pause Young (Normal) (G1 Evacuation Pause) 405M->90M(544M) 7.367ms
[2025-12-24T05:24:34.645+0000][97.650s][info][gc,cpu      ] GC(58) User=0.01s Sys=0.00s Real=0.01s
[2025-12-24T05:24:35.177+0000][98.181s][info][gc,start    ] GC(59) Pause Young (Normal) (G1 Evacuation Pause)
[2025-12-24T05:24:35.177+0000][98.181s][info][gc,task     ] GC(59) Using 3 workers of 3 for evacuation
[2025-12-24T05:24:35.187+0000][98.191s][info][gc,phases   ] GC(59)   Pre Evacuate Collection Set: 0.2ms
[2025-12-24T05:24:35.187+0000][98.191s][info][gc,phases   ] GC(59)   Merge Heap Roots: 3.4ms
[2025-12-24T05:24:35.187+0000][98.191s][info][gc,phases   ] GC(59)   Evacuate Collection Set: 5.6ms
[2025-12-24T05:24:35.187+0000][98.191s][info][gc,phases   ] GC(59)   Post Evacuate Collection Set: 0.6ms
[2025-12-24T05:24:35.187+0000][98.192s][info][gc,phases   ] GC(59)   Other: 0.5ms
[2025-12-24T05:24:35.187+0000][98.192s][info][gc,heap     ] GC(59) Eden regions: 314->0(314)
[2025-12-24T05:24:35.188+0000][98.192s][info][gc,heap     ] GC(59) Survivor regions: 12->12(41)
[2025-12-24T05:24:35.188+0000][98.192s][info][gc,heap     ] GC(59) Old regions: 58->58
[2025-12-24T05:24:35.188+0000][98.192s][info][gc,heap     ] GC(59) Archive regions: 2->2
[2025-12-24T05:24:35.188+0000][98.192s][info][gc,heap     ] GC(59) Humongous regions: 21->21
[2025-12-24T05:24:35.188+0000][98.192s][info][gc,metaspace] GC(59) Metaspace: 96714K(97856K)->96714K(97856K) NonClass: 83872K(84416K)->83872K(84416K) Class: 12841K(13440K)->12841K(13440K)
[2025-12-24T05:24:35.188+0000][98.192s][info][gc          ] GC(59) Pause Young (Normal) (G1 Evacuation Pause) 404M->90M(544M) 11.479ms
[2025-12-24T05:24:35.189+0000][98.193s][info][gc,cpu      ] GC(59) User=0.01s Sys=0.00s Real=0.02s
[2025-12-24T05:24:35.842+0000][98.846s][info][gc,start    ] GC(60) Pause Young (Normal) (G1 Evacuation Pause)
[2025-12-24T05:24:35.843+0000][98.847s][info][gc,task     ] GC(60) Using 3 workers of 3 for evacuation
[2025-12-24T05:24:35.859+0000][98.863s][info][gc,phases   ] GC(60)   Pre Evacuate Collection Set: 0.8ms
[2025-12-24T05:24:35.859+0000][98.863s][info][gc,phases   ] GC(60)   Merge Heap Roots: 0.1ms
[2025-12-24T05:24:35.859+0000][98.863s][info][gc,phases   ] GC(60)   Evacuate Collection Set: 13.4ms
[2025-12-24T05:24:35.859+0000][98.864s][info][gc,phases   ] GC(60)   Post Evacuate Collection Set: 1.4ms
[2025-12-24T05:24:35.860+0000][98.864s][info][gc,phases   ] GC(60)   Other: 1.8ms
[2025-12-24T05:24:35.860+0000][98.864s][info][gc,heap     ] GC(60) Eden regions: 314->0(315)
[2025-12-24T05:24:35.861+0000][98.865s][info][gc,heap     ] GC(60) Survivor regions: 12->11(41)
[2025-12-24T05:24:35.861+0000][98.865s][info][gc,heap     ] GC(60) Old regions: 58->58
[2025-12-24T05:24:35.861+0000][98.865s][info][gc,heap     ] GC(60) Archive regions: 2->2
[2025-12-24T05:24:35.861+0000][98.865s][info][gc,heap     ] GC(60) Humongous regions: 24->24
[2025-12-24T05:24:35.861+0000][98.865s][info][gc,metaspace] GC(60) Metaspace: 96715K(97856K)->96715K(97856K) NonClass: 83873K(84416K)->83873K(84416K) Class: 12841K(13440K)->12841K(13440K)
[2025-12-24T05:24:35.861+0000][98.865s][info][gc          ] GC(60) Pause Young (Normal) (G1 Evacuation Pause) 407M->93M(544M) 19.159ms
[2025-12-24T05:24:35.861+0000][98.865s][info][gc,cpu      ] GC(60) User=0.01s Sys=0.00s Real=0.02s
[2025-12-24T05:24:36.422+0000][99.426s][info][gc,start    ] GC(61) Pause Young (Normal) (G1 Evacuation Pause)
[2025-12-24T05:24:36.424+0000][99.428s][info][gc,task     ] GC(61) Using 3 workers of 3 for evacuation
[2025-12-24T05:24:36.442+0000][99.446s][info][gc,phases   ] GC(61)   Pre Evacuate Collection Set: 0.3ms
[2025-12-24T05:24:36.442+0000][99.446s][info][gc,phases   ] GC(61)   Merge Heap Roots: 0.2ms
[2025-12-24T05:24:36.442+0000][99.446s][info][gc,phases   ] GC(61)   Evacuate Collection Set: 14.4ms
[2025-12-24T05:24:36.442+0000][99.446s][info][gc,phases   ] GC(61)   Post Evacuate Collection Set: 3.2ms
[2025-12-24T05:24:36.442+0000][99.447s][info][gc,phases   ] GC(61)   Other: 1.7ms
[2025-12-24T05:24:36.442+0000][99.447s][info][gc,heap     ] GC(61) Eden regions: 315->0(315)
[2025-12-24T05:24:36.443+0000][99.447s][info][gc,heap     ] GC(61) Survivor regions: 11->11(41)
[2025-12-24T05:24:36.443+0000][99.447s][info][gc,heap     ] GC(61) Old regions: 58->58
[2025-12-24T05:24:36.443+0000][99.447s][info][gc,heap     ] GC(61) Archive regions: 2->2
[2025-12-24T05:24:36.443+0000][99.447s][info][gc,heap     ] GC(61) Humongous regions: 24->24
[2025-12-24T05:24:36.443+0000][99.447s][info][gc,metaspace] GC(61) Metaspace: 96716K(97856K)->96716K(97856K) NonClass: 83874K(84416K)->83874K(84416K) Class: 12841K(13440K)->12841K(13440K)
[2025-12-24T05:24:36.443+0000][99.447s][info][gc          ] GC(61) Pause Young (Normal) (G1 Evacuation Pause) 408M->93M(544M) 20.536ms
[2025-12-24T05:24:36.443+0000][99.447s][info][gc,cpu      ] GC(61) User=0.00s Sys=0.00s Real=0.02s
[2025-12-24T05:24:37.007+0000][100.011s][info][gc,start    ] GC(62) Pause Young (Normal) (G1 Evacuation Pause)
[2025-12-24T05:24:37.007+0000][100.011s][info][gc,task     ] GC(62) Using 3 workers of 3 for evacuation
[2025-12-24T05:24:37.021+0000][100.025s][info][gc,phases   ] GC(62)   Pre Evacuate Collection Set: 0.3ms
[2025-12-24T05:24:37.021+0000][100.026s][info][gc,phases   ] GC(62)   Merge Heap Roots: 0.3ms
[2025-12-24T05:24:37.022+0000][100.026s][info][gc,phases   ] GC(62)   Evacuate Collection Set: 12.4ms
[2025-12-24T05:24:37.022+0000][100.026s][info][gc,phases   ] GC(62)   Post Evacuate Collection Set: 0.7ms
[2025-12-24T05:24:37.022+0000][100.026s][info][gc,phases   ] GC(62)   Other: 0.5ms
[2025-12-24T05:24:37.022+0000][100.026s][info][gc,heap     ] GC(62) Eden regions: 315->0(314)
[2025-12-24T05:24:37.022+0000][100.026s][info][gc,heap     ] GC(62) Survivor regions: 11->12(41)
[2025-12-24T05:24:37.022+0000][100.026s][info][gc,heap     ] GC(62) Old regions: 58->59
[2025-12-24T05:24:37.022+0000][100.026s][info][gc,heap     ] GC(62) Archive regions: 2->2
[2025-12-24T05:24:37.022+0000][100.026s][info][gc,heap     ] GC(62) Humongous regions: 24->24
[2025-12-24T05:24:37.022+0000][100.026s][info][gc,metaspace] GC(62) Metaspace: 96719K(97856K)->96719K(97856K) NonClass: 83876K(84416K)->83876K(84416K) Class: 12842K(13440K)->12842K(13440K)
[2025-12-24T05:24:37.022+0000][100.026s][info][gc          ] GC(62) Pause Young (Normal) (G1 Evacuation Pause) 408M->94M(544M) 15.016ms
[2025-12-24T05:24:37.023+0000][100.027s][info][gc,cpu      ] GC(62) User=0.01s Sys=0.00s Real=0.02s
[2025-12-24T05:24:37.656+0000][100.660s][info][gc,start    ] GC(63) Pause Young (Normal) (G1 Evacuation Pause)
[2025-12-24T05:24:37.657+0000][100.661s][info][gc,task     ] GC(63) Using 3 workers of 3 for evacuation
[2025-12-24T05:24:37.673+0000][100.677s][info][gc,phases   ] GC(63)   Pre Evacuate Collection Set: 0.4ms
[2025-12-24T05:24:37.673+0000][100.677s][info][gc,phases   ] GC(63)   Merge Heap Roots: 0.1ms
[2025-12-24T05:24:37.673+0000][100.678s][info][gc,phases   ] GC(63)   Evacuate Collection Set: 14.1ms
[2025-12-24T05:24:37.674+0000][100.678s][info][gc,phases   ] GC(63)   Post Evacuate Collection Set: 1.2ms
[2025-12-24T05:24:37.674+0000][100.678s][info][gc,phases   ] GC(63)   Other: 1.1ms
[2025-12-24T05:24:37.674+0000][100.678s][info][gc,heap     ] GC(63) Eden regions: 314->0(316)
[2025-12-24T05:24:37.674+0000][100.678s][info][gc,heap     ] GC(63) Survivor regions: 12->10(41)
[2025-12-24T05:24:37.674+0000][100.679s][info][gc,heap     ] GC(63) Old regions: 59->61
[2025-12-24T05:24:37.674+0000][100.679s][info][gc,heap     ] GC(63) Archive regions: 2->2
[2025-12-24T05:24:37.675+0000][100.679s][info][gc,heap     ] GC(63) Humongous regions: 24->24
[2025-12-24T05:24:37.675+0000][100.679s][info][gc,metaspace] GC(63) Metaspace: 96749K(97856K)->96749K(97856K) NonClass: 83907K(84416K)->83907K(84416K) Class: 12842K(13440K)->12842K(13440K)
[2025-12-24T05:24:37.675+0000][100.679s][info][gc          ] GC(63) Pause Young (Normal) (G1 Evacuation Pause) 408M->95M(544M) 18.523ms
[2025-12-24T05:24:37.675+0000][100.679s][info][gc,cpu      ] GC(63) User=0.01s Sys=0.00s Real=0.02s
[2025-12-24T05:24:38.591+0000][101.595s][info][gc,start    ] GC(64) Pause Young (Normal) (G1 Evacuation Pause)
[2025-12-24T05:24:38.591+0000][101.595s][info][gc,task     ] GC(64) Using 3 workers of 3 for evacuation
[2025-12-24T05:24:38.607+0000][101.611s][info][gc,phases   ] GC(64)   Pre Evacuate Collection Set: 0.2ms
[2025-12-24T05:24:38.607+0000][101.611s][info][gc,phases   ] GC(64)   Merge Heap Roots: 0.1ms
[2025-12-24T05:24:38.607+0000][101.611s][info][gc,phases   ] GC(64)   Evacuate Collection Set: 11.7ms
[2025-12-24T05:24:38.607+0000][101.611s][info][gc,phases   ] GC(64)   Post Evacuate Collection Set: 3.7ms
[2025-12-24T05:24:38.607+0000][101.611s][info][gc,phases   ] GC(64)   Other: 0.5ms
[2025-12-24T05:24:38.607+0000][101.611s][info][gc,heap     ] GC(64) Eden regions: 316->0(315)
[2025-12-24T05:24:38.607+0000][101.611s][info][gc,heap     ] GC(64) Survivor regions: 10->11(41)
[2025-12-24T05:24:38.607+0000][101.611s][info][gc,heap     ] GC(64) Old regions: 61->61
[2025-12-24T05:24:38.607+0000][101.612s][info][gc,heap     ] GC(64) Archive regions: 2->2
[2025-12-24T05:24:38.607+0000][101.612s][info][gc,heap     ] GC(64) Humongous regions: 24->22
[2025-12-24T05:24:38.608+0000][101.612s][info][gc,metaspace] GC(64) Metaspace: 96756K(97856K)->96756K(97856K) NonClass: 83914K(84416K)->83914K(84416K) Class: 12842K(13440K)->12842K(13440K)
[2025-12-24T05:24:38.608+0000][101.612s][info][gc          ] GC(64) Pause Young (Normal) (G1 Evacuation Pause) 411M->93M(544M) 16.865ms
[2025-12-24T05:24:38.608+0000][101.612s][info][gc,cpu      ] GC(64) User=0.01s Sys=0.00s Real=0.01s
[2025-12-24T05:24:39.294+0000][102.298s][info][gc,start    ] GC(65) Pause Young (Normal) (G1 Evacuation Pause)
[2025-12-24T05:24:39.294+0000][102.298s][info][gc,task     ] GC(65) Using 3 workers of 3 for evacuation
[2025-12-24T05:24:39.317+0000][102.321s][info][gc,phases   ] GC(65)   Pre Evacuate Collection Set: 1.6ms
[2025-12-24T05:24:39.317+0000][102.321s][info][gc,phases   ] GC(65)   Merge Heap Roots: 1.3ms
[2025-12-24T05:24:39.317+0000][102.321s][info][gc,phases   ] GC(65)   Evacuate Collection Set: 19.2ms
[2025-12-24T05:24:39.317+0000][102.321s][info][gc,phases   ] GC(65)   Post Evacuate Collection Set: 0.8ms
[2025-12-24T05:24:39.317+0000][102.321s][info][gc,phases   ] GC(65)   Other: 1.4ms
[2025-12-24T05:24:39.318+0000][102.322s][info][gc,heap     ] GC(65) Eden regions: 315->0(314)
[2025-12-24T05:24:39.318+0000][102.322s][info][gc,heap     ] GC(65) Survivor regions: 11->12(41)
[2025-12-24T05:24:39.318+0000][102.322s][info][gc,heap     ] GC(65) Old regions: 61->61
[2025-12-24T05:24:39.320+0000][102.324s][info][gc,heap     ] GC(65) Archive regions: 2->2
[2025-12-24T05:24:39.320+0000][102.324s][info][gc,heap     ] GC(65) Humongous regions: 22->22
[2025-12-24T05:24:39.320+0000][102.324s][info][gc,metaspace] GC(65) Metaspace: 96763K(97920K)->96763K(97920K) NonClass: 83920K(84480K)->83920K(84480K) Class: 12842K(13440K)->12842K(13440K)
[2025-12-24T05:24:39.320+0000][102.324s][info][gc          ] GC(65) Pause Young (Normal) (G1 Evacuation Pause) 408M->95M(544M) 26.042ms
[2025-12-24T05:24:39.320+0000][102.324s][info][gc,cpu      ] GC(65) User=0.01s Sys=0.00s Real=0.03s
[2025-12-24T05:24:40.226+0000][103.230s][info][gc,start    ] GC(66) Pause Young (Normal) (G1 Evacuation Pause)
[2025-12-24T05:24:40.226+0000][103.230s][info][gc,task     ] GC(66) Using 3 workers of 3 for evacuation
[2025-12-24T05:24:40.249+0000][103.253s][info][gc,phases   ] GC(66)   Pre Evacuate Collection Set: 0.5ms
[2025-12-24T05:24:40.249+0000][103.253s][info][gc,phases   ] GC(66)   Merge Heap Roots: 0.3ms
[2025-12-24T05:24:40.249+0000][103.253s][info][gc,phases   ] GC(66)   Evacuate Collection Set: 18.5ms
[2025-12-24T05:24:40.249+0000][103.253s][info][gc,phases   ] GC(66)   Post Evacuate Collection Set: 3.4ms
[2025-12-24T05:24:40.249+0000][103.254s][info][gc,phases   ] GC(66)   Other: 0.9ms
[2025-12-24T05:24:40.250+0000][103.254s][info][gc,heap     ] GC(66) Eden regions: 314->0(313)
[2025-12-24T05:24:40.250+0000][103.254s][info][gc,heap     ] GC(66) Survivor regions: 12->13(41)
[2025-12-24T05:24:40.250+0000][103.254s][info][gc,heap     ] GC(66) Old regions: 61->62
[2025-12-24T05:24:40.250+0000][103.254s][info][gc,heap     ] GC(66) Archive regions: 2->2
[2025-12-24T05:24:40.250+0000][103.254s][info][gc,heap     ] GC(66) Humongous regions: 22->22
[2025-12-24T05:24:40.250+0000][103.254s][info][gc,metaspace] GC(66) Metaspace: 96798K(97920K)->96798K(97920K) NonClass: 83955K(84480K)->83955K(84480K) Class: 12842K(13440K)->12842K(13440K)
[2025-12-24T05:24:40.250+0000][103.254s][info][gc          ] GC(66) Pause Young (Normal) (G1 Evacuation Pause) 409M->96M(544M) 24.507ms
[2025-12-24T05:24:40.250+0000][103.254s][info][gc,cpu      ] GC(66) User=0.01s Sys=0.00s Real=0.03s
[2025-12-24T05:24:40.845+0000][103.849s][info][gc,start    ] GC(67) Pause Young (Normal) (G1 Evacuation Pause)
[2025-12-24T05:24:40.846+0000][103.850s][info][gc,task     ] GC(67) Using 3 workers of 3 for evacuation
[2025-12-24T05:24:40.861+0000][103.866s][info][gc,phases   ] GC(67)   Pre Evacuate Collection Set: 0.4ms
[2025-12-24T05:24:40.862+0000][103.866s][info][gc,phases   ] GC(67)   Merge Heap Roots: 0.1ms
[2025-12-24T05:24:40.862+0000][103.866s][info][gc,phases   ] GC(67)   Evacuate Collection Set: 13.6ms
[2025-12-24T05:24:40.862+0000][103.866s][info][gc,phases   ] GC(67)   Post Evacuate Collection Set: 1.4ms
[2025-12-24T05:24:40.862+0000][103.866s][info][gc,phases   ] GC(67)   Other: 0.8ms
[2025-12-24T05:24:40.862+0000][103.866s][info][gc,heap     ] GC(67) Eden regions: 313->0(315)
[2025-12-24T05:24:40.862+0000][103.866s][info][gc,heap     ] GC(67) Survivor regions: 13->11(41)
[2025-12-24T05:24:40.862+0000][103.866s][info][gc,heap     ] GC(67) Old regions: 62->63
[2025-12-24T05:24:40.862+0000][103.866s][info][gc,heap     ] GC(67) Archive regions: 2->2
[2025-12-24T05:24:40.862+0000][103.866s][info][gc,heap     ] GC(67) Humongous regions: 22->22
[2025-12-24T05:24:40.862+0000][103.866s][info][gc,metaspace] GC(67) Metaspace: 96804K(97920K)->96804K(97920K) NonClass: 83961K(84480K)->83961K(84480K) Class: 12842K(13440K)->12842K(13440K)
[2025-12-24T05:24:40.862+0000][103.866s][info][gc          ] GC(67) Pause Young (Normal) (G1 Evacuation Pause) 409M->95M(544M) 17.002ms
[2025-12-24T05:24:40.862+0000][103.867s][info][gc,cpu      ] GC(67) User=0.01s Sys=0.00s Real=0.02s
[2025-12-24T05:24:41.452+0000][104.456s][info][gc,start    ] GC(68) Pause Young (Normal) (G1 Evacuation Pause)
[2025-12-24T05:24:41.452+0000][104.456s][info][gc,task     ] GC(68) Using 3 workers of 3 for evacuation
[2025-12-24T05:24:41.461+0000][104.465s][info][gc,phases   ] GC(68)   Pre Evacuate Collection Set: 0.3ms
[2025-12-24T05:24:41.461+0000][104.465s][info][gc,phases   ] GC(68)   Merge Heap Roots: 0.2ms
[2025-12-24T05:24:41.461+0000][104.465s][info][gc,phases   ] GC(68)   Evacuate Collection Set: 7.0ms
[2025-12-24T05:24:41.461+0000][104.466s][info][gc,phases   ] GC(68)   Post Evacuate Collection Set: 1.0ms
[2025-12-24T05:24:41.462+0000][104.466s][info][gc,phases   ] GC(68)   Other: 0.5ms
[2025-12-24T05:24:41.462+0000][104.466s][info][gc,heap     ] GC(68) Eden regions: 315->0(313)
[2025-12-24T05:24:41.462+0000][104.466s][info][gc,heap     ] GC(68) Survivor regions: 11->13(41)
[2025-12-24T05:24:41.462+0000][104.466s][info][gc,heap     ] GC(68) Old regions: 63->63
[2025-12-24T05:24:41.462+0000][104.466s][info][gc,heap     ] GC(68) Archive regions: 2->2
[2025-12-24T05:24:41.462+0000][104.466s][info][gc,heap     ] GC(68) Humongous regions: 24->24
[2025-12-24T05:24:41.462+0000][104.466s][info][gc,metaspace] GC(68) Metaspace: 96804K(97920K)->96804K(97920K) NonClass: 83961K(84480K)->83961K(84480K) Class: 12842K(13440K)->12842K(13440K)
[2025-12-24T05:24:41.462+0000][104.466s][info][gc          ] GC(68) Pause Young (Normal) (G1 Evacuation Pause) 412M->100M(544M) 10.100ms
[2025-12-24T05:24:41.462+0000][104.466s][info][gc,cpu      ] GC(68) User=0.01s Sys=0.00s Real=0.01s
[2025-12-24T05:24:42.025+0000][105.029s][info][gc,start    ] GC(69) Pause Young (Normal) (G1 Evacuation Pause)
[2025-12-24T05:24:42.025+0000][105.029s][info][gc,task     ] GC(69) Using 3 workers of 3 for evacuation
[2025-12-24T05:24:42.042+0000][105.046s][info][gc,phases   ] GC(69)   Pre Evacuate Collection Set: 0.2ms
[2025-12-24T05:24:42.042+0000][105.046s][info][gc,phases   ] GC(69)   Merge Heap Roots: 0.8ms
[2025-12-24T05:24:42.042+0000][105.046s][info][gc,phases   ] GC(69)   Evacuate Collection Set: 14.4ms
[2025-12-24T05:24:42.042+0000][105.046s][info][gc,phases   ] GC(69)   Post Evacuate Collection Set: 1.1ms
[2025-12-24T05:24:42.042+0000][105.046s][info][gc,phases   ] GC(69)   Other: 0.4ms
[2025-12-24T05:24:42.042+0000][105.046s][info][gc,heap     ] GC(69) Eden regions: 313->0(311)
[2025-12-24T05:24:42.042+0000][105.047s][info][gc,heap     ] GC(69) Survivor regions: 13->15(41)
[2025-12-24T05:24:42.043+0000][105.047s][info][gc,heap     ] GC(69) Old regions: 63->63
[2025-12-24T05:24:42.043+0000][105.047s][info][gc,heap     ] GC(69) Archive regions: 2->2
[2025-12-24T05:24:42.043+0000][105.047s][info][gc,heap     ] GC(69) Humongous regions: 24->23
[2025-12-24T05:24:42.043+0000][105.047s][info][gc,metaspace] GC(69) Metaspace: 96804K(97920K)->96804K(97920K) NonClass: 83962K(84480K)->83962K(84480K) Class: 12842K(13440K)->12842K(13440K)
[2025-12-24T05:24:42.043+0000][105.047s][info][gc          ] GC(69) Pause Young (Normal) (G1 Evacuation Pause) 413M->101M(544M) 18.279ms
[2025-12-24T05:24:42.043+0000][105.047s][info][gc,cpu      ] GC(69) User=0.01s Sys=0.00s Real=0.02s
[2025-12-24T05:24:42.654+0000][105.658s][info][gc,start    ] GC(70) Pause Young (Normal) (G1 Evacuation Pause)
[2025-12-24T05:24:42.655+0000][105.659s][info][gc,task     ] GC(70) Using 3 workers of 3 for evacuation
[2025-12-24T05:24:42.677+0000][105.681s][info][gc,phases   ] GC(70)   Pre Evacuate Collection Set: 7.7ms
[2025-12-24T05:24:42.677+0000][105.682s][info][gc,phases   ] GC(70)   Merge Heap Roots: 0.4ms
[2025-12-24T05:24:42.678+0000][105.682s][info][gc,phases   ] GC(70)   Evacuate Collection Set: 11.9ms
[2025-12-24T05:24:42.678+0000][105.682s][info][gc,phases   ] GC(70)   Post Evacuate Collection Set: 2.1ms
[2025-12-24T05:24:42.678+0000][105.682s][info][gc,phases   ] GC(70)   Other: 0.9ms
[2025-12-24T05:24:42.678+0000][105.682s][info][gc,heap     ] GC(70) Eden regions: 311->0(312)
[2025-12-24T05:24:42.678+0000][105.682s][info][gc,heap     ] GC(70) Survivor regions: 15->14(41)
[2025-12-24T05:24:42.678+0000][105.682s][info][gc,heap     ] GC(70) Old regions: 63->63
[2025-12-24T05:24:42.678+0000][105.682s][info][gc,heap     ] GC(70) Archive regions: 2->2
[2025-12-24T05:24:42.678+0000][105.682s][info][gc,heap     ] GC(70) Humongous regions: 23->23
[2025-12-24T05:24:42.679+0000][105.683s][info][gc,metaspace] GC(70) Metaspace: 96813K(97920K)->96813K(97920K) NonClass: 83971K(84480K)->83971K(84480K) Class: 12842K(13440K)->12842K(13440K)
[2025-12-24T05:24:42.679+0000][105.683s][info][gc          ] GC(70) Pause Young (Normal) (G1 Evacuation Pause) 412M->100M(544M) 24.990ms
[2025-12-24T05:24:42.680+0000][105.684s][info][gc,cpu      ] GC(70) User=0.01s Sys=0.00s Real=0.03s
[2025-12-24T05:24:43.294+0000][106.298s][info][gc,start    ] GC(71) Pause Young (Normal) (G1 Evacuation Pause)
[2025-12-24T05:24:43.294+0000][106.298s][info][gc,task     ] GC(71) Using 3 workers of 3 for evacuation
[2025-12-24T05:24:43.305+0000][106.309s][info][gc,phases   ] GC(71)   Pre Evacuate Collection Set: 0.3ms
[2025-12-24T05:24:43.305+0000][106.309s][info][gc,phases   ] GC(71)   Merge Heap Roots: 0.1ms
[2025-12-24T05:24:43.305+0000][106.309s][info][gc,phases   ] GC(71)   Evacuate Collection Set: 8.5ms
[2025-12-24T05:24:43.305+0000][106.309s][info][gc,phases   ] GC(71)   Post Evacuate Collection Set: 1.8ms
[2025-12-24T05:24:43.305+0000][106.309s][info][gc,phases   ] GC(71)   Other: 0.5ms
[2025-12-24T05:24:43.305+0000][106.309s][info][gc,heap     ] GC(71) Eden regions: 312->0(310)
[2025-12-24T05:24:43.305+0000][106.309s][info][gc,heap     ] GC(71) Survivor regions: 14->16(41)
[2025-12-24T05:24:43.305+0000][106.310s][info][gc,heap     ] GC(71) Old regions: 63->63
[2025-12-24T05:24:43.306+0000][106.310s][info][gc,heap     ] GC(71) Archive regions: 2->2
[2025-12-24T05:24:43.306+0000][106.310s][info][gc,heap     ] GC(71) Humongous regions: 23->23
[2025-12-24T05:24:43.306+0000][106.310s][info][gc,metaspace] GC(71) Metaspace: 96817K(97984K)->96817K(97984K) NonClass: 83975K(84544K)->83975K(84544K) Class: 12842K(13440K)->12842K(13440K)
[2025-12-24T05:24:43.306+0000][106.310s][info][gc          ] GC(71) Pause Young (Normal) (G1 Evacuation Pause) 412M->101M(544M) 12.215ms
[2025-12-24T05:24:43.306+0000][106.310s][info][gc,cpu      ] GC(71) User=0.02s Sys=0.00s Real=0.01s
[2025-12-24T05:24:44.078+0000][107.082s][info][gc,start    ] GC(72) Pause Young (Normal) (G1 Evacuation Pause)
[2025-12-24T05:24:44.078+0000][107.083s][info][gc,task     ] GC(72) Using 3 workers of 3 for evacuation
[2025-12-24T05:24:44.095+0000][107.099s][info][gc,phases   ] GC(72)   Pre Evacuate Collection Set: 0.8ms
[2025-12-24T05:24:44.096+0000][107.100s][info][gc,phases   ] GC(72)   Merge Heap Roots: 0.6ms
[2025-12-24T05:24:44.096+0000][107.100s][info][gc,phases   ] GC(72)   Evacuate Collection Set: 13.0ms
[2025-12-24T05:24:44.096+0000][107.100s][info][gc,phases   ] GC(72)   Post Evacuate Collection Set: 1.8ms
[2025-12-24T05:24:44.096+0000][107.100s][info][gc,phases   ] GC(72)   Other: 0.8ms
[2025-12-24T05:24:44.096+0000][107.101s][info][gc,heap     ] GC(72) Eden regions: 310->0(310)
[2025-12-24T05:24:44.097+0000][107.101s][info][gc,heap     ] GC(72) Survivor regions: 16->16(41)
[2025-12-24T05:24:44.097+0000][107.101s][info][gc,heap     ] GC(72) Old regions: 63->63
[2025-12-24T05:24:44.097+0000][107.101s][info][gc,heap     ] GC(72) Archive regions: 2->2
[2025-12-24T05:24:44.097+0000][107.101s][info][gc,heap     ] GC(72) Humongous regions: 23->23
[2025-12-24T05:24:44.097+0000][107.101s][info][gc,metaspace] GC(72) Metaspace: 96819K(97984K)->96819K(97984K) NonClass: 83977K(84544K)->83977K(84544K) Class: 12842K(13440K)->12842K(13440K)
[2025-12-24T05:24:44.097+0000][107.102s][info][gc          ] GC(72) Pause Young (Normal) (G1 Evacuation Pause) 411M->101M(544M) 19.508ms
[2025-12-24T05:24:44.098+0000][107.102s][info][gc,cpu      ] GC(72) User=0.02s Sys=0.00s Real=0.02s
[2025-12-24T05:24:44.823+0000][107.827s][info][gc,start    ] GC(73) Pause Young (Normal) (G1 Evacuation Pause)
[2025-12-24T05:24:44.824+0000][107.828s][info][gc,task     ] GC(73) Using 3 workers of 3 for evacuation
[2025-12-24T05:24:44.831+0000][107.835s][info][gc,phases   ] GC(73)   Pre Evacuate Collection Set: 0.7ms
[2025-12-24T05:24:44.832+0000][107.836s][info][gc,phases   ] GC(73)   Merge Heap Roots: 0.2ms
[2025-12-24T05:24:44.832+0000][107.836s][info][gc,phases   ] GC(73)   Evacuate Collection Set: 5.7ms
[2025-12-24T05:24:44.832+0000][107.836s][info][gc,phases   ] GC(73)   Post Evacuate Collection Set: 0.8ms
[2025-12-24T05:24:44.832+0000][107.836s][info][gc,phases   ] GC(73)   Other: 1.2ms
[2025-12-24T05:24:44.832+0000][107.836s][info][gc,heap     ] GC(73) Eden regions: 310->0(310)
[2025-12-24T05:24:44.832+0000][107.836s][info][gc,heap     ] GC(73) Survivor regions: 16->16(41)
[2025-12-24T05:24:44.832+0000][107.836s][info][gc,heap     ] GC(73) Old regions: 63->63
[2025-12-24T05:24:44.832+0000][107.836s][info][gc,heap     ] GC(73) Archive regions: 2->2
[2025-12-24T05:24:44.832+0000][107.836s][info][gc,heap     ] GC(73) Humongous regions: 23->23
[2025-12-24T05:24:44.832+0000][107.836s][info][gc,metaspace] GC(73) Metaspace: 96867K(98048K)->96867K(98048K) NonClass: 84021K(84544K)->84021K(84544K) Class: 12845K(13504K)->12845K(13504K)
[2025-12-24T05:24:44.832+0000][107.836s][info][gc          ] GC(73) Pause Young (Normal) (G1 Evacuation Pause) 411M->102M(544M) 9.350ms
[2025-12-24T05:24:44.832+0000][107.836s][info][gc,cpu      ] GC(73) User=0.01s Sys=0.00s Real=0.01s
[2025-12-24T05:24:45.516+0000][108.520s][info][gc,start    ] GC(74) Pause Young (Normal) (G1 Evacuation Pause)
[2025-12-24T05:24:45.516+0000][108.521s][info][gc,task     ] GC(74) Using 3 workers of 3 for evacuation
[2025-12-24T05:24:45.529+0000][108.533s][info][gc,phases   ] GC(74)   Pre Evacuate Collection Set: 0.4ms
[2025-12-24T05:24:45.529+0000][108.534s][info][gc,phases   ] GC(74)   Merge Heap Roots: 0.1ms
[2025-12-24T05:24:45.530+0000][108.534s][info][gc,phases   ] GC(74)   Evacuate Collection Set: 11.6ms
[2025-12-24T05:24:45.530+0000][108.534s][info][gc,phases   ] GC(74)   Post Evacuate Collection Set: 0.6ms
[2025-12-24T05:24:45.530+0000][108.534s][info][gc,phases   ] GC(74)   Other: 0.5ms
[2025-12-24T05:24:45.530+0000][108.534s][info][gc,heap     ] GC(74) Eden regions: 310->0(311)
[2025-12-24T05:24:45.530+0000][108.534s][info][gc,heap     ] GC(74) Survivor regions: 16->15(41)
[2025-12-24T05:24:45.530+0000][108.534s][info][gc,heap     ] GC(74) Old regions: 63->63
[2025-12-24T05:24:45.530+0000][108.534s][info][gc,heap     ] GC(74) Archive regions: 2->2
[2025-12-24T05:24:45.530+0000][108.534s][info][gc,heap     ] GC(74) Humongous regions: 25->25
[2025-12-24T05:24:45.530+0000][108.534s][info][gc,metaspace] GC(74) Metaspace: 96867K(98048K)->96867K(98048K) NonClass: 84021K(84544K)->84021K(84544K) Class: 12845K(13504K)->12845K(13504K)
[2025-12-24T05:24:45.530+0000][108.535s][info][gc          ] GC(74) Pause Young (Normal) (G1 Evacuation Pause) 414M->102M(544M) 14.289ms
[2025-12-24T05:24:45.531+0000][108.535s][info][gc,cpu      ] GC(74) User=0.02s Sys=0.00s Real=0.02s
[2025-12-24T05:24:46.173+0000][109.177s][info][gc,start    ] GC(75) Pause Young (Normal) (G1 Evacuation Pause)
[2025-12-24T05:24:46.175+0000][109.179s][info][gc,task     ] GC(75) Using 3 workers of 3 for evacuation
[2025-12-24T05:24:46.192+0000][109.196s][info][gc,phases   ] GC(75)   Pre Evacuate Collection Set: 2.8ms
[2025-12-24T05:24:46.192+0000][109.196s][info][gc,phases   ] GC(75)   Merge Heap Roots: 0.9ms
[2025-12-24T05:24:46.192+0000][109.196s][info][gc,phases   ] GC(75)   Evacuate Collection Set: 10.1ms
[2025-12-24T05:24:46.192+0000][109.196s][info][gc,phases   ] GC(75)   Post Evacuate Collection Set: 2.8ms
[2025-12-24T05:24:46.192+0000][109.196s][info][gc,phases   ] GC(75)   Other: 4.0ms
[2025-12-24T05:24:46.192+0000][109.197s][info][gc,heap     ] GC(75) Eden regions: 311->0(309)
[2025-12-24T05:24:46.193+0000][109.197s][info][gc,heap     ] GC(75) Survivor regions: 15->17(41)
[2025-12-24T05:24:46.193+0000][109.197s][info][gc,heap     ] GC(75) Old regions: 63->63
[2025-12-24T05:24:46.193+0000][109.197s][info][gc,heap     ] GC(75) Archive regions: 2->2
[2025-12-24T05:24:46.193+0000][109.197s][info][gc,heap     ] GC(75) Humongous regions: 25->25
[2025-12-24T05:24:46.193+0000][109.197s][info][gc,metaspace] GC(75) Metaspace: 96893K(98048K)->96893K(98048K) NonClass: 84048K(84544K)->84048K(84544K) Class: 12845K(13504K)->12845K(13504K)
[2025-12-24T05:24:46.193+0000][109.197s][info][gc          ] GC(75) Pause Young (Normal) (G1 Evacuation Pause) 413M->105M(544M) 20.400ms
[2025-12-24T05:24:46.193+0000][109.197s][info][gc,cpu      ] GC(75) User=0.02s Sys=0.00s Real=0.02s
[2025-12-24T05:24:46.787+0000][109.791s][info][gc,start    ] GC(76) Pause Young (Normal) (G1 Evacuation Pause)
[2025-12-24T05:24:46.790+0000][109.795s][info][gc,task     ] GC(76) Using 3 workers of 3 for evacuation
[2025-12-24T05:24:46.800+0000][109.804s][info][gc,phases   ] GC(76)   Pre Evacuate Collection Set: 1.9ms
[2025-12-24T05:24:46.800+0000][109.804s][info][gc,phases   ] GC(76)   Merge Heap Roots: 0.2ms
[2025-12-24T05:24:46.801+0000][109.805s][info][gc,phases   ] GC(76)   Evacuate Collection Set: 5.7ms
[2025-12-24T05:24:46.801+0000][109.805s][info][gc,phases   ] GC(76)   Post Evacuate Collection Set: 0.8ms
[2025-12-24T05:24:46.801+0000][109.805s][info][gc,phases   ] GC(76)   Other: 4.5ms
[2025-12-24T05:24:46.802+0000][109.806s][info][gc,heap     ] GC(76) Eden regions: 309->0(310)
[2025-12-24T05:24:46.802+0000][109.806s][info][gc,heap     ] GC(76) Survivor regions: 17->16(41)
[2025-12-24T05:24:46.802+0000][109.806s][info][gc,heap     ] GC(76) Old regions: 63->63
[2025-12-24T05:24:46.803+0000][109.807s][info][gc,heap     ] GC(76) Archive regions: 2->2
[2025-12-24T05:24:46.803+0000][109.807s][info][gc,heap     ] GC(76) Humongous regions: 25->25
[2025-12-24T05:24:46.803+0000][109.807s][info][gc,metaspace] GC(76) Metaspace: 96893K(98048K)->96893K(98048K) NonClass: 84048K(84544K)->84048K(84544K) Class: 12845K(13504K)->12845K(13504K)
[2025-12-24T05:24:46.803+0000][109.808s][info][gc          ] GC(76) Pause Young (Normal) (G1 Evacuation Pause) 414M->104M(544M) 16.571ms
[2025-12-24T05:24:46.805+0000][109.810s][info][gc,cpu      ] GC(76) User=0.01s Sys=0.00s Real=0.02s
[2025-12-24T05:24:47.496+0000][110.501s][info][gc,start    ] GC(77) Pause Young (Normal) (G1 Evacuation Pause)
[2025-12-24T05:24:47.497+0000][110.501s][info][gc,task     ] GC(77) Using 3 workers of 3 for evacuation
[2025-12-24T05:24:47.503+0000][110.507s][info][gc,phases   ] GC(77)   Pre Evacuate Collection Set: 0.2ms
[2025-12-24T05:24:47.503+0000][110.507s][info][gc,phases   ] GC(77)   Merge Heap Roots: 0.2ms
[2025-12-24T05:24:47.503+0000][110.507s][info][gc,phases   ] GC(77)   Evacuate Collection Set: 4.9ms
[2025-12-24T05:24:47.503+0000][110.507s][info][gc,phases   ] GC(77)   Post Evacuate Collection Set: 0.7ms
[2025-12-24T05:24:47.503+0000][110.507s][info][gc,phases   ] GC(77)   Other: 0.7ms
[2025-12-24T05:24:47.503+0000][110.508s][info][gc,heap     ] GC(77) Eden regions: 310->0(311)
[2025-12-24T05:24:47.504+0000][110.508s][info][gc,heap     ] GC(77) Survivor regions: 16->15(41)
[2025-12-24T05:24:47.504+0000][110.508s][info][gc,heap     ] GC(77) Old regions: 63->64
[2025-12-24T05:24:47.504+0000][110.508s][info][gc,heap     ] GC(77) Archive regions: 2->2
[2025-12-24T05:24:47.504+0000][110.508s][info][gc,heap     ] GC(77) Humongous regions: 25->25
[2025-12-24T05:24:47.504+0000][110.508s][info][gc,metaspace] GC(77) Metaspace: 96895K(98048K)->96895K(98048K) NonClass: 84049K(84544K)->84049K(84544K) Class: 12845K(13504K)->12845K(13504K)
[2025-12-24T05:24:47.504+0000][110.508s][info][gc          ] GC(77) Pause Young (Normal) (G1 Evacuation Pause) 414M->104M(544M) 7.640ms
[2025-12-24T05:24:47.504+0000][110.508s][info][gc,cpu      ] GC(77) User=0.01s Sys=0.00s Real=0.01s
[2025-12-24T05:24:48.215+0000][111.219s][info][gc,start    ] GC(78) Pause Young (Normal) (G1 Evacuation Pause)
[2025-12-24T05:24:48.215+0000][111.220s][info][gc,task     ] GC(78) Using 3 workers of 3 for evacuation
[2025-12-24T05:24:48.229+0000][111.233s][info][gc,phases   ] GC(78)   Pre Evacuate Collection Set: 0.3ms
[2025-12-24T05:24:48.229+0000][111.233s][info][gc,phases   ] GC(78)   Merge Heap Roots: 0.1ms
[2025-12-24T05:24:48.229+0000][111.233s][info][gc,phases   ] GC(78)   Evacuate Collection Set: 12.2ms
[2025-12-24T05:24:48.229+0000][111.233s][info][gc,phases   ] GC(78)   Post Evacuate Collection Set: 0.6ms
[2025-12-24T05:24:48.230+0000][111.234s][info][gc,phases   ] GC(78)   Other: 0.6ms
[2025-12-24T05:24:48.230+0000][111.234s][info][gc,heap     ] GC(78) Eden regions: 311->0(314)
[2025-12-24T05:24:48.230+0000][111.234s][info][gc,heap     ] GC(78) Survivor regions: 15->12(41)
[2025-12-24T05:24:48.230+0000][111.234s][info][gc,heap     ] GC(78) Old regions: 64->66
[2025-12-24T05:24:48.230+0000][111.234s][info][gc,heap     ] GC(78) Archive regions: 2->2
[2025-12-24T05:24:48.230+0000][111.234s][info][gc,heap     ] GC(78) Humongous regions: 25->23
[2025-12-24T05:24:48.230+0000][111.234s][info][gc,metaspace] GC(78) Metaspace: 96895K(98048K)->96895K(98048K) NonClass: 84049K(84544K)->84049K(84544K) Class: 12845K(13504K)->12845K(13504K)
[2025-12-24T05:24:48.230+0000][111.234s][info][gc          ] GC(78) Pause Young (Normal) (G1 Evacuation Pause) 415M->101M(544M) 14.930ms
[2025-12-24T05:24:48.230+0000][111.234s][info][gc,cpu      ] GC(78) User=0.01s Sys=0.00s Real=0.02s
[2025-12-24T05:24:48.857+0000][111.861s][info][gc,start    ] GC(79) Pause Young (Normal) (G1 Evacuation Pause)
[2025-12-24T05:24:48.857+0000][111.862s][info][gc,task     ] GC(79) Using 3 workers of 3 for evacuation
[2025-12-24T05:24:48.867+0000][111.871s][info][gc,phases   ] GC(79)   Pre Evacuate Collection Set: 2.8ms
[2025-12-24T05:24:48.867+0000][111.871s][info][gc,phases   ] GC(79)   Merge Heap Roots: 0.6ms
[2025-12-24T05:24:48.867+0000][111.871s][info][gc,phases   ] GC(79)   Evacuate Collection Set: 4.1ms
[2025-12-24T05:24:48.867+0000][111.872s][info][gc,phases   ] GC(79)   Post Evacuate Collection Set: 0.6ms
[2025-12-24T05:24:48.868+0000][111.872s][info][gc,phases   ] GC(79)   Other: 2.7ms
[2025-12-24T05:24:48.868+0000][111.872s][info][gc,heap     ] GC(79) Eden regions: 314->0(311)
[2025-12-24T05:24:48.868+0000][111.872s][info][gc,heap     ] GC(79) Survivor regions: 12->15(41)
[2025-12-24T05:24:48.868+0000][111.872s][info][gc,heap     ] GC(79) Old regions: 66->66
[2025-12-24T05:24:48.868+0000][111.872s][info][gc,heap     ] GC(79) Archive regions: 2->2
[2025-12-24T05:24:48.868+0000][111.872s][info][gc,heap     ] GC(79) Humongous regions: 25->25
[2025-12-24T05:24:48.868+0000][111.872s][info][gc,metaspace] GC(79) Metaspace: 96910K(98112K)->96910K(98112K) NonClass: 84063K(84608K)->84063K(84608K) Class: 12846K(13504K)->12846K(13504K)
[2025-12-24T05:24:48.868+0000][111.872s][info][gc          ] GC(79) Pause Young (Normal) (G1 Evacuation Pause) 417M->106M(544M) 11.639ms
[2025-12-24T05:24:48.869+0000][111.873s][info][gc,cpu      ] GC(79) User=0.01s Sys=0.00s Real=0.01s
[2025-12-24T05:24:49.618+0000][112.622s][info][gc,start    ] GC(80) Pause Young (Normal) (G1 Evacuation Pause)
[2025-12-24T05:24:49.619+0000][112.623s][info][gc,task     ] GC(80) Using 3 workers of 3 for evacuation
[2025-12-24T05:24:49.628+0000][112.632s][info][gc,phases   ] GC(80)   Pre Evacuate Collection Set: 0.3ms
[2025-12-24T05:24:49.628+0000][112.632s][info][gc,phases   ] GC(80)   Merge Heap Roots: 0.2ms
[2025-12-24T05:24:49.628+0000][112.632s][info][gc,phases   ] GC(80)   Evacuate Collection Set: 7.4ms
[2025-12-24T05:24:49.628+0000][112.633s][info][gc,phases   ] GC(80)   Post Evacuate Collection Set: 0.7ms
[2025-12-24T05:24:49.629+0000][112.633s][info][gc,phases   ] GC(80)   Other: 0.9ms
[2025-12-24T05:24:49.629+0000][112.633s][info][gc,heap     ] GC(80) Eden regions: 311->0(314)
[2025-12-24T05:24:49.629+0000][112.633s][info][gc,heap     ] GC(80) Survivor regions: 15->12(41)
[2025-12-24T05:24:49.629+0000][112.633s][info][gc,heap     ] GC(80) Old regions: 66->67
[2025-12-24T05:24:49.629+0000][112.633s][info][gc,heap     ] GC(80) Archive regions: 2->2
[2025-12-24T05:24:49.629+0000][112.633s][info][gc,heap     ] GC(80) Humongous regions: 25->25
[2025-12-24T05:24:49.629+0000][112.633s][info][gc,metaspace] GC(80) Metaspace: 97014K(98176K)->97014K(98176K) NonClass: 84159K(84672K)->84159K(84672K) Class: 12855K(13504K)->12855K(13504K)
[2025-12-24T05:24:49.629+0000][112.634s][info][gc          ] GC(80) Pause Young (Normal) (G1 Evacuation Pause) 417M->104M(544M) 11.061ms
[2025-12-24T05:24:49.630+0000][112.634s][info][gc,cpu      ] GC(80) User=0.01s Sys=0.00s Real=0.02s
[2025-12-24T05:24:50.203+0000][113.207s][info][gc,start    ] GC(81) Pause Young (Normal) (G1 Evacuation Pause)
[2025-12-24T05:24:50.204+0000][113.208s][info][gc,task     ] GC(81) Using 3 workers of 3 for evacuation
[2025-12-24T05:24:50.211+0000][113.216s][info][gc,phases   ] GC(81)   Pre Evacuate Collection Set: 0.2ms
[2025-12-24T05:24:50.212+0000][113.216s][info][gc,phases   ] GC(81)   Merge Heap Roots: 0.2ms
[2025-12-24T05:24:50.212+0000][113.216s][info][gc,phases   ] GC(81)   Evacuate Collection Set: 6.3ms
[2025-12-24T05:24:50.212+0000][113.216s][info][gc,phases   ] GC(81)   Post Evacuate Collection Set: 1.0ms
[2025-12-24T05:24:50.212+0000][113.216s][info][gc,phases   ] GC(81)   Other: 0.7ms
[2025-12-24T05:24:50.212+0000][113.216s][info][gc,heap     ] GC(81) Eden regions: 314->0(314)
[2025-12-24T05:24:50.212+0000][113.216s][info][gc,heap     ] GC(81) Survivor regions: 12->12(41)
[2025-12-24T05:24:50.212+0000][113.216s][info][gc,heap     ] GC(81) Old regions: 67->68
[2025-12-24T05:24:50.212+0000][113.216s][info][gc,heap     ] GC(81) Archive regions: 2->2
[2025-12-24T05:24:50.212+0000][113.217s][info][gc,heap     ] GC(81) Humongous regions: 25->25
[2025-12-24T05:24:50.213+0000][113.217s][info][gc,metaspace] GC(81) Metaspace: 97014K(98176K)->97014K(98176K) NonClass: 84159K(84672K)->84159K(84672K) Class: 12855K(13504K)->12855K(13504K)
[2025-12-24T05:24:50.213+0000][113.217s][info][gc          ] GC(81) Pause Young (Normal) (G1 Evacuation Pause) 418M->104M(544M) 9.501ms
[2025-12-24T05:24:50.213+0000][113.217s][info][gc,cpu      ] GC(81) User=0.01s Sys=0.00s Real=0.01s
[2025-12-24T05:24:50.810+0000][113.814s][info][gc,start    ] GC(82) Pause Young (Normal) (G1 Evacuation Pause)
[2025-12-24T05:24:50.811+0000][113.815s][info][gc,task     ] GC(82) Using 3 workers of 3 for evacuation
[2025-12-24T05:24:50.819+0000][113.823s][info][gc,phases   ] GC(82)   Pre Evacuate Collection Set: 0.2ms
[2025-12-24T05:24:50.819+0000][113.823s][info][gc,phases   ] GC(82)   Merge Heap Roots: 0.2ms
[2025-12-24T05:24:50.819+0000][113.823s][info][gc,phases   ] GC(82)   Evacuate Collection Set: 7.0ms
[2025-12-24T05:24:50.819+0000][113.824s][info][gc,phases   ] GC(82)   Post Evacuate Collection Set: 0.8ms
[2025-12-24T05:24:50.820+0000][113.824s][info][gc,phases   ] GC(82)   Other: 0.6ms
[2025-12-24T05:24:50.820+0000][113.824s][info][gc,heap     ] GC(82) Eden regions: 314->0(315)
[2025-12-24T05:24:50.820+0000][113.824s][info][gc,heap     ] GC(82) Survivor regions: 12->11(41)
[2025-12-24T05:24:50.820+0000][113.824s][info][gc,heap     ] GC(82) Old regions: 68->69
[2025-12-24T05:24:50.820+0000][113.824s][info][gc,heap     ] GC(82) Archive regions: 2->2
[2025-12-24T05:24:50.820+0000][113.824s][info][gc,heap     ] GC(82) Humongous regions: 25->23
[2025-12-24T05:24:50.820+0000][113.824s][info][gc,metaspace] GC(82) Metaspace: 97039K(98176K)->97039K(98176K) NonClass: 84184K(84672K)->84184K(84672K) Class: 12855K(13504K)->12855K(13504K)
[2025-12-24T05:24:50.820+0000][113.824s][info][gc          ] GC(82) Pause Young (Normal) (G1 Evacuation Pause) 418M->102M(544M) 10.015ms
[2025-12-24T05:24:50.821+0000][113.825s][info][gc,cpu      ] GC(82) User=0.02s Sys=0.00s Real=0.01s
[2025-12-24T05:24:51.505+0000][114.509s][info][gc,start    ] GC(83) Pause Young (Normal) (G1 Evacuation Pause)
[2025-12-24T05:24:51.505+0000][114.510s][info][gc,task     ] GC(83) Using 3 workers of 3 for evacuation
[2025-12-24T05:24:51.516+0000][114.520s][info][gc,phases   ] GC(83)   Pre Evacuate Collection Set: 2.0ms
[2025-12-24T05:24:51.516+0000][114.520s][info][gc,phases   ] GC(83)   Merge Heap Roots: 0.1ms
[2025-12-24T05:24:51.516+0000][114.521s][info][gc,phases   ] GC(83)   Evacuate Collection Set: 7.6ms
[2025-12-24T05:24:51.517+0000][114.521s][info][gc,phases   ] GC(83)   Post Evacuate Collection Set: 0.6ms
[2025-12-24T05:24:51.517+0000][114.521s][info][gc,phases   ] GC(83)   Other: 0.6ms
[2025-12-24T05:24:51.517+0000][114.521s][info][gc,heap     ] GC(83) Eden regions: 315->0(312)
[2025-12-24T05:24:51.517+0000][114.521s][info][gc,heap     ] GC(83) Survivor regions: 11->14(41)
[2025-12-24T05:24:51.517+0000][114.521s][info][gc,heap     ] GC(83) Old regions: 69->69
[2025-12-24T05:24:51.517+0000][114.521s][info][gc,heap     ] GC(83) Archive regions: 2->2
[2025-12-24T05:24:51.517+0000][114.521s][info][gc,heap     ] GC(83) Humongous regions: 23->23
[2025-12-24T05:24:51.517+0000][114.521s][info][gc,metaspace] GC(83) Metaspace: 97039K(98176K)->97039K(98176K) NonClass: 84184K(84672K)->84184K(84672K) Class: 12855K(13504K)->12855K(13504K)
[2025-12-24T05:24:51.517+0000][114.521s][info][gc          ] GC(83) Pause Young (Normal) (G1 Evacuation Pause) 417M->106M(544M) 12.117ms
[2025-12-24T05:24:51.517+0000][114.522s][info][gc,cpu      ] GC(83) User=0.01s Sys=0.00s Real=0.01s
[2025-12-24T05:24:51.969+0000][114.973s][info][gc,start    ] GC(84) Pause Young (Normal) (G1 Evacuation Pause)
[2025-12-24T05:24:51.969+0000][114.973s][info][gc,task     ] GC(84) Using 3 workers of 3 for evacuation
[2025-12-24T05:24:51.980+0000][114.984s][info][gc,phases   ] GC(84)   Pre Evacuate Collection Set: 0.2ms
[2025-12-24T05:24:51.980+0000][114.984s][info][gc,phases   ] GC(84)   Merge Heap Roots: 0.2ms
[2025-12-24T05:24:51.980+0000][114.984s][info][gc,phases   ] GC(84)   Evacuate Collection Set: 8.6ms
[2025-12-24T05:24:51.981+0000][114.985s][info][gc,phases   ] GC(84)   Post Evacuate Collection Set: 1.0ms
[2025-12-24T05:24:51.981+0000][114.985s][info][gc,phases   ] GC(84)   Other: 0.5ms
[2025-12-24T05:24:51.981+0000][114.985s][info][gc,heap     ] GC(84) Eden regions: 312->0(310)
[2025-12-24T05:24:51.981+0000][114.985s][info][gc,heap     ] GC(84) Survivor regions: 14->16(41)
[2025-12-24T05:24:51.981+0000][114.985s][info][gc,heap     ] GC(84) Old regions: 69->69
[2025-12-24T05:24:51.981+0000][114.985s][info][gc,heap     ] GC(84) Archive regions: 2->2
[2025-12-24T05:24:51.981+0000][114.986s][info][gc,heap     ] GC(84) Humongous regions: 25->23
[2025-12-24T05:24:51.982+0000][114.986s][info][gc,metaspace] GC(84) Metaspace: 97048K(98176K)->97048K(98176K) NonClass: 84193K(84672K)->84193K(84672K) Class: 12855K(13504K)->12855K(13504K)
[2025-12-24T05:24:51.982+0000][114.986s][info][gc          ] GC(84) Pause Young (Normal) (G1 Evacuation Pause) 420M->108M(544M) 12.485ms
[2025-12-24T05:24:51.982+0000][114.986s][info][gc,cpu      ] GC(84) User=0.01s Sys=0.00s Real=0.01s
[2025-12-24T05:24:52.745+0000][115.750s][info][gc,start    ] GC(85) Pause Young (Normal) (G1 Evacuation Pause)
[2025-12-24T05:24:52.746+0000][115.750s][info][gc,task     ] GC(85) Using 3 workers of 3 for evacuation
[2025-12-24T05:24:52.753+0000][115.757s][info][gc,phases   ] GC(85)   Pre Evacuate Collection Set: 0.7ms
[2025-12-24T05:24:52.754+0000][115.758s][info][gc,phases   ] GC(85)   Merge Heap Roots: 0.1ms
[2025-12-24T05:24:52.754+0000][115.758s][info][gc,phases   ] GC(85)   Evacuate Collection Set: 5.5ms
[2025-12-24T05:24:52.754+0000][115.758s][info][gc,phases   ] GC(85)   Post Evacuate Collection Set: 1.0ms
[2025-12-24T05:24:52.754+0000][115.758s][info][gc,phases   ] GC(85)   Other: 0.6ms
[2025-12-24T05:24:52.754+0000][115.758s][info][gc,heap     ] GC(85) Eden regions: 310->0(314)
[2025-12-24T05:24:52.754+0000][115.758s][info][gc,heap     ] GC(85) Survivor regions: 16->12(41)
[2025-12-24T05:24:52.754+0000][115.758s][info][gc,heap     ] GC(85) Old regions: 69->72
[2025-12-24T05:24:52.754+0000][115.758s][info][gc,heap     ] GC(85) Archive regions: 2->2
[2025-12-24T05:24:52.754+0000][115.758s][info][gc,heap     ] GC(85) Humongous regions: 23->23
[2025-12-24T05:24:52.754+0000][115.758s][info][gc,metaspace] GC(85) Metaspace: 97051K(98176K)->97051K(98176K) NonClass: 84195K(84672K)->84195K(84672K) Class: 12855K(13504K)->12855K(13504K)
[2025-12-24T05:24:52.754+0000][115.759s][info][gc          ] GC(85) Pause Young (Normal) (G1 Evacuation Pause) 418M->106M(544M) 8.975ms
[2025-12-24T05:24:52.755+0000][115.759s][info][gc,cpu      ] GC(85) User=0.01s Sys=0.00s Real=0.01s
[2025-12-24T05:24:53.323+0000][116.327s][info][gc,start    ] GC(86) Pause Young (Normal) (G1 Evacuation Pause)
[2025-12-24T05:24:53.326+0000][116.330s][info][gc,task     ] GC(86) Using 3 workers of 3 for evacuation
[2025-12-24T05:24:53.338+0000][116.342s][info][gc,phases   ] GC(86)   Pre Evacuate Collection Set: 0.2ms
[2025-12-24T05:24:53.338+0000][116.342s][info][gc,phases   ] GC(86)   Merge Heap Roots: 0.1ms
[2025-12-24T05:24:53.338+0000][116.342s][info][gc,phases   ] GC(86)   Evacuate Collection Set: 10.9ms
[2025-12-24T05:24:53.338+0000][116.342s][info][gc,phases   ] GC(86)   Post Evacuate Collection Set: 0.6ms
[2025-12-24T05:24:53.338+0000][116.342s][info][gc,phases   ] GC(86)   Other: 2.9ms
[2025-12-24T05:24:53.338+0000][116.342s][info][gc,heap     ] GC(86) Eden regions: 314->0(313)
[2025-12-24T05:24:53.338+0000][116.342s][info][gc,heap     ] GC(86) Survivor regions: 12->13(41)
[2025-12-24T05:24:53.338+0000][116.342s][info][gc,heap     ] GC(86) Old regions: 72->72
[2025-12-24T05:24:53.338+0000][116.342s][info][gc,heap     ] GC(86) Archive regions: 2->2
[2025-12-24T05:24:53.338+0000][116.343s][info][gc,heap     ] GC(86) Humongous regions: 23->23
[2025-12-24T05:24:53.338+0000][116.343s][info][gc,metaspace] GC(86) Metaspace: 97051K(98176K)->97051K(98176K) NonClass: 84195K(84672K)->84195K(84672K) Class: 12855K(13504K)->12855K(13504K)
[2025-12-24T05:24:53.339+0000][116.343s][info][gc          ] GC(86) Pause Young (Normal) (G1 Evacuation Pause) 420M->108M(544M) 15.569ms
[2025-12-24T05:24:53.339+0000][116.343s][info][gc,cpu      ] GC(86) User=0.02s Sys=0.00s Real=0.02s
[2025-12-24T05:24:53.812+0000][116.817s][info][gc,start    ] GC(87) Pause Young (Normal) (G1 Evacuation Pause)
[2025-12-24T05:24:53.813+0000][116.817s][info][gc,task     ] GC(87) Using 3 workers of 3 for evacuation
[2025-12-24T05:24:53.821+0000][116.825s][info][gc,phases   ] GC(87)   Pre Evacuate Collection Set: 0.2ms
[2025-12-24T05:24:53.821+0000][116.825s][info][gc,phases   ] GC(87)   Merge Heap Roots: 0.5ms
[2025-12-24T05:24:53.821+0000][116.825s][info][gc,phases   ] GC(87)   Evacuate Collection Set: 4.7ms
[2025-12-24T05:24:53.821+0000][116.825s][info][gc,phases   ] GC(87)   Post Evacuate Collection Set: 0.6ms
[2025-12-24T05:24:53.821+0000][116.826s][info][gc,phases   ] GC(87)   Other: 2.5ms
[2025-12-24T05:24:53.822+0000][116.826s][info][gc,heap     ] GC(87) Eden regions: 313->0(313)
[2025-12-24T05:24:53.822+0000][116.826s][info][gc,heap     ] GC(87) Survivor regions: 13->13(41)
[2025-12-24T05:24:53.822+0000][116.826s][info][gc,heap     ] GC(87) Old regions: 72->72
[2025-12-24T05:24:53.822+0000][116.826s][info][gc,heap     ] GC(87) Archive regions: 2->2
[2025-12-24T05:24:53.822+0000][116.826s][info][gc,heap     ] GC(87) Humongous regions: 25->25
[2025-12-24T05:24:53.822+0000][116.826s][info][gc,metaspace] GC(87) Metaspace: 97051K(98176K)->97051K(98176K) NonClass: 84195K(84672K)->84195K(84672K) Class: 12855K(13504K)->12855K(13504K)
[2025-12-24T05:24:53.822+0000][116.826s][info][gc          ] GC(87) Pause Young (Normal) (G1 Evacuation Pause) 423M->110M(544M) 9.693ms
[2025-12-24T05:24:53.822+0000][116.826s][info][gc,cpu      ] GC(87) User=0.01s Sys=0.00s Real=0.01s
[2025-12-24T05:24:54.499+0000][117.503s][info][gc,start    ] GC(88) Pause Young (Normal) (G1 Evacuation Pause)
[2025-12-24T05:24:54.502+0000][117.506s][info][gc,task     ] GC(88) Using 3 workers of 3 for evacuation
[2025-12-24T05:24:54.511+0000][117.515s][info][gc,phases   ] GC(88)   Pre Evacuate Collection Set: 0.2ms
[2025-12-24T05:24:54.511+0000][117.515s][info][gc,phases   ] GC(88)   Merge Heap Roots: 0.1ms
[2025-12-24T05:24:54.511+0000][117.516s][info][gc,phases   ] GC(88)   Evacuate Collection Set: 7.0ms
[2025-12-24T05:24:54.511+0000][117.516s][info][gc,phases   ] GC(88)   Post Evacuate Collection Set: 0.5ms
[2025-12-24T05:24:54.512+0000][117.516s][info][gc,phases   ] GC(88)   Other: 4.7ms
[2025-12-24T05:24:54.512+0000][117.516s][info][gc,heap     ] GC(88) Eden regions: 313->0(314)
[2025-12-24T05:24:54.512+0000][117.516s][info][gc,heap     ] GC(88) Survivor regions: 13->12(41)
[2025-12-24T05:24:54.512+0000][117.516s][info][gc,heap     ] GC(88) Old regions: 72->73
[2025-12-24T05:24:54.512+0000][117.516s][info][gc,heap     ] GC(88) Archive regions: 2->2
[2025-12-24T05:24:54.512+0000][117.516s][info][gc,heap     ] GC(88) Humongous regions: 25->23
[2025-12-24T05:24:54.512+0000][117.516s][info][gc,metaspace] GC(88) Metaspace: 97082K(98240K)->97082K(98240K) NonClass: 84227K(84736K)->84227K(84736K) Class: 12855K(13504K)->12855K(13504K)
[2025-12-24T05:24:54.512+0000][117.516s][info][gc          ] GC(88) Pause Young (Normal) (G1 Evacuation Pause) 423M->107M(544M) 13.299ms
[2025-12-24T05:24:54.512+0000][117.516s][info][gc,cpu      ] GC(88) User=0.01s Sys=0.01s Real=0.01s
[2025-12-24T05:24:55.078+0000][118.082s][info][gc,start    ] GC(89) Pause Young (Normal) (G1 Evacuation Pause)
[2025-12-24T05:24:55.079+0000][118.083s][info][gc,task     ] GC(89) Using 3 workers of 3 for evacuation
[2025-12-24T05:24:55.086+0000][118.090s][info][gc,phases   ] GC(89)   Pre Evacuate Collection Set: 1.4ms
[2025-12-24T05:24:55.087+0000][118.091s][info][gc,phases   ] GC(89)   Merge Heap Roots: 0.2ms
[2025-12-24T05:24:55.087+0000][118.091s][info][gc,phases   ] GC(89)   Evacuate Collection Set: 4.6ms
[2025-12-24T05:24:55.087+0000][118.091s][info][gc,phases   ] GC(89)   Post Evacuate Collection Set: 0.5ms
[2025-12-24T05:24:55.087+0000][118.091s][info][gc,phases   ] GC(89)   Other: 2.0ms
[2025-12-24T05:24:55.087+0000][118.091s][info][gc,heap     ] GC(89) Eden regions: 314->0(313)
[2025-12-24T05:24:55.087+0000][118.091s][info][gc,heap     ] GC(89) Survivor regions: 12->13(41)
[2025-12-24T05:24:55.087+0000][118.091s][info][gc,heap     ] GC(89) Old regions: 73->73
[2025-12-24T05:24:55.087+0000][118.092s][info][gc,heap     ] GC(89) Archive regions: 2->2
[2025-12-24T05:24:55.088+0000][118.092s][info][gc,heap     ] GC(89) Humongous regions: 25->25
[2025-12-24T05:24:55.088+0000][118.092s][info][gc,metaspace] GC(89) Metaspace: 97082K(98240K)->97082K(98240K) NonClass: 84227K(84736K)->84227K(84736K) Class: 12855K(13504K)->12855K(13504K)
[2025-12-24T05:24:55.088+0000][118.092s][info][gc          ] GC(89) Pause Young (Normal) (G1 Evacuation Pause) 423M->111M(544M) 10.026ms
[2025-12-24T05:24:55.088+0000][118.092s][info][gc,cpu      ] GC(89) User=0.01s Sys=0.00s Real=0.01s
[2025-12-24T05:24:55.722+0000][118.726s][info][gc,start    ] GC(90) Pause Young (Normal) (G1 Evacuation Pause)
[2025-12-24T05:24:55.722+0000][118.726s][info][gc,task     ] GC(90) Using 3 workers of 3 for evacuation
[2025-12-24T05:24:55.731+0000][118.735s][info][gc,phases   ] GC(90)   Pre Evacuate Collection Set: 0.2ms
[2025-12-24T05:24:55.731+0000][118.735s][info][gc,phases   ] GC(90)   Merge Heap Roots: 0.1ms
[2025-12-24T05:24:55.731+0000][118.735s][info][gc,phases   ] GC(90)   Evacuate Collection Set: 4.6ms
[2025-12-24T05:24:55.731+0000][118.735s][info][gc,phases   ] GC(90)   Post Evacuate Collection Set: 2.7ms
[2025-12-24T05:24:55.731+0000][118.736s][info][gc,phases   ] GC(90)   Other: 2.1ms
[2025-12-24T05:24:55.732+0000][118.736s][info][gc,heap     ] GC(90) Eden regions: 313->0(314)
[2025-12-24T05:24:55.732+0000][118.736s][info][gc,heap     ] GC(90) Survivor regions: 13->12(41)
[2025-12-24T05:24:55.732+0000][118.736s][info][gc,heap     ] GC(90) Old regions: 73->73
[2025-12-24T05:24:55.732+0000][118.736s][info][gc,heap     ] GC(90) Archive regions: 2->2
[2025-12-24T05:24:55.732+0000][118.736s][info][gc,heap     ] GC(90) Humongous regions: 25->25
[2025-12-24T05:24:55.732+0000][118.736s][info][gc,metaspace] GC(90) Metaspace: 97129K(98304K)->97129K(98304K) NonClass: 84274K(84800K)->84274K(84800K) Class: 12855K(13504K)->12855K(13504K)
[2025-12-24T05:24:55.732+0000][118.736s][info][gc          ] GC(90) Pause Young (Normal) (G1 Evacuation Pause) 424M->110M(544M) 10.594ms
[2025-12-24T05:24:55.732+0000][118.736s][info][gc,cpu      ] GC(90) User=0.01s Sys=0.00s Real=0.01s
[2025-12-24T05:24:56.218+0000][119.222s][info][gc,start    ] GC(91) Pause Young (Normal) (G1 Evacuation Pause)
[2025-12-24T05:24:56.218+0000][119.222s][info][gc,task     ] GC(91) Using 3 workers of 3 for evacuation
[2025-12-24T05:24:56.225+0000][119.230s][info][gc,phases   ] GC(91)   Pre Evacuate Collection Set: 0.5ms
[2025-12-24T05:24:56.226+0000][119.230s][info][gc,phases   ] GC(91)   Merge Heap Roots: 0.4ms
[2025-12-24T05:24:56.226+0000][119.230s][info][gc,phases   ] GC(91)   Evacuate Collection Set: 5.2ms
[2025-12-24T05:24:56.227+0000][119.231s][info][gc,phases   ] GC(91)   Post Evacuate Collection Set: 0.6ms
[2025-12-24T05:24:56.227+0000][119.231s][info][gc,phases   ] GC(91)   Other: 1.4ms
[2025-12-24T05:24:56.227+0000][119.232s][info][gc,heap     ] GC(91) Eden regions: 314->0(315)
[2025-12-24T05:24:56.228+0000][119.232s][info][gc,heap     ] GC(91) Survivor regions: 12->11(41)
[2025-12-24T05:24:56.228+0000][119.232s][info][gc,heap     ] GC(91) Old regions: 73->73
[2025-12-24T05:24:56.228+0000][119.232s][info][gc,heap     ] GC(91) Archive regions: 2->2
[2025-12-24T05:24:56.228+0000][119.232s][info][gc,heap     ] GC(91) Humongous regions: 25->23
[2025-12-24T05:24:56.228+0000][119.232s][info][gc,metaspace] GC(91) Metaspace: 97136K(98368K)->97136K(98368K) NonClass: 84281K(84864K)->84281K(84864K) Class: 12855K(13504K)->12855K(13504K)
[2025-12-24T05:24:56.228+0000][119.232s][info][gc          ] GC(91) Pause Young (Normal) (G1 Evacuation Pause) 424M->107M(544M) 9.641ms
[2025-12-24T05:24:56.228+0000][119.232s][info][gc,cpu      ] GC(91) User=0.00s Sys=0.00s Real=0.01s
[2025-12-24T05:24:56.682+0000][119.686s][info][gc,start    ] GC(92) Pause Young (Normal) (G1 Evacuation Pause)
[2025-12-24T05:24:56.682+0000][119.686s][info][gc,task     ] GC(92) Using 3 workers of 3 for evacuation
[2025-12-24T05:24:56.699+0000][119.703s][info][gc,phases   ] GC(92)   Pre Evacuate Collection Set: 0.2ms
[2025-12-24T05:24:56.699+0000][119.703s][info][gc,phases   ] GC(92)   Merge Heap Roots: 0.1ms
[2025-12-24T05:24:56.699+0000][119.704s][info][gc,phases   ] GC(92)   Evacuate Collection Set: 14.0ms
[2025-12-24T05:24:56.699+0000][119.704s][info][gc,phases   ] GC(92)   Post Evacuate Collection Set: 2.6ms
[2025-12-24T05:24:56.700+0000][119.704s][info][gc,phases   ] GC(92)   Other: 0.4ms
[2025-12-24T05:24:56.700+0000][119.704s][info][gc,heap     ] GC(92) Eden regions: 315->0(314)
[2025-12-24T05:24:56.700+0000][119.704s][info][gc,heap     ] GC(92) Survivor regions: 11->12(41)
[2025-12-24T05:24:56.700+0000][119.704s][info][gc,heap     ] GC(92) Old regions: 73->73
[2025-12-24T05:24:56.700+0000][119.704s][info][gc,heap     ] GC(92) Archive regions: 2->2
[2025-12-24T05:24:56.700+0000][119.704s][info][gc,heap     ] GC(92) Humongous regions: 25->25
[2025-12-24T05:24:56.700+0000][119.704s][info][gc,metaspace] GC(92) Metaspace: 97136K(98368K)->97136K(98368K) NonClass: 84281K(84864K)->84281K(84864K) Class: 12855K(13504K)->12855K(13504K)
[2025-12-24T05:24:56.700+0000][119.704s][info][gc          ] GC(92) Pause Young (Normal) (G1 Evacuation Pause) 424M->109M(544M) 17.954ms
[2025-12-24T05:24:56.700+0000][119.704s][info][gc,cpu      ] GC(92) User=0.01s Sys=0.00s Real=0.02s
[2025-12-24T05:24:57.131+0000][120.136s][info][gc,start    ] GC(93) Pause Young (Normal) (G1 Evacuation Pause)
[2025-12-24T05:24:57.132+0000][120.136s][info][gc,task     ] GC(93) Using 3 workers of 3 for evacuation
[2025-12-24T05:24:57.138+0000][120.142s][info][gc,phases   ] GC(93)   Pre Evacuate Collection Set: 0.2ms
[2025-12-24T05:24:57.138+0000][120.142s][info][gc,phases   ] GC(93)   Merge Heap Roots: 0.1ms
[2025-12-24T05:24:57.138+0000][120.142s][info][gc,phases   ] GC(93)   Evacuate Collection Set: 5.1ms
[2025-12-24T05:24:57.138+0000][120.142s][info][gc,phases   ] GC(93)   Post Evacuate Collection Set: 0.6ms
[2025-12-24T05:24:57.138+0000][120.143s][info][gc,phases   ] GC(93)   Other: 0.6ms
[2025-12-24T05:24:57.139+0000][120.143s][info][gc,heap     ] GC(93) Eden regions: 314->0(311)
[2025-12-24T05:24:57.139+0000][120.143s][info][gc,heap     ] GC(93) Survivor regions: 12->15(41)
[2025-12-24T05:24:57.139+0000][120.143s][info][gc,heap     ] GC(93) Old regions: 73->73
[2025-12-24T05:24:57.139+0000][120.143s][info][gc,heap     ] GC(93) Archive regions: 2->2
[2025-12-24T05:24:57.139+0000][120.143s][info][gc,heap     ] GC(93) Humongous regions: 27->25
[2025-12-24T05:24:57.140+0000][120.144s][info][gc,metaspace] GC(93) Metaspace: 97136K(98368K)->97136K(98368K) NonClass: 84281K(84864K)->84281K(84864K) Class: 12855K(13504K)->12855K(13504K)
[2025-12-24T05:24:57.140+0000][120.144s][info][gc          ] GC(93) Pause Young (Normal) (G1 Evacuation Pause) 425M->112M(544M) 8.687ms
[2025-12-24T05:24:57.140+0000][120.144s][info][gc,cpu      ] GC(93) User=0.01s Sys=0.00s Real=0.01s
[2025-12-24T05:24:57.602+0000][120.606s][info][gc,start    ] GC(94) Pause Young (Normal) (G1 Evacuation Pause)
[2025-12-24T05:24:57.603+0000][120.607s][info][gc,task     ] GC(94) Using 3 workers of 3 for evacuation
[2025-12-24T05:24:57.616+0000][120.620s][info][gc,phases   ] GC(94)   Pre Evacuate Collection Set: 0.2ms
[2025-12-24T05:24:57.617+0000][120.621s][info][gc,phases   ] GC(94)   Merge Heap Roots: 0.4ms
[2025-12-24T05:24:57.617+0000][120.621s][info][gc,phases   ] GC(94)   Evacuate Collection Set: 11.7ms
[2025-12-24T05:24:57.617+0000][120.621s][info][gc,phases   ] GC(94)   Post Evacuate Collection Set: 1.1ms
[2025-12-24T05:24:57.617+0000][120.621s][info][gc,phases   ] GC(94)   Other: 0.8ms
[2025-12-24T05:24:57.617+0000][120.621s][info][gc,heap     ] GC(94) Eden regions: 311->0(314)
[2025-12-24T05:24:57.617+0000][120.621s][info][gc,heap     ] GC(94) Survivor regions: 15->12(41)
[2025-12-24T05:24:57.617+0000][120.621s][info][gc,heap     ] GC(94) Old regions: 73->74
[2025-12-24T05:24:57.617+0000][120.621s][info][gc,heap     ] GC(94) Archive regions: 2->2
[2025-12-24T05:24:57.617+0000][120.621s][info][gc,heap     ] GC(94) Humongous regions: 25->23
[2025-12-24T05:24:57.617+0000][120.621s][info][gc,metaspace] GC(94) Metaspace: 97144K(98368K)->97144K(98368K) NonClass: 84289K(84864K)->84289K(84864K) Class: 12855K(13504K)->12855K(13504K)
[2025-12-24T05:24:57.617+0000][120.622s][info][gc          ] GC(94) Pause Young (Normal) (G1 Evacuation Pause) 423M->108M(544M) 15.084ms
[2025-12-24T05:24:57.618+0000][120.622s][info][gc,cpu      ] GC(94) User=0.01s Sys=0.00s Real=0.01s
[2025-12-24T05:24:58.095+0000][121.099s][info][gc,start    ] GC(95) Pause Young (Normal) (G1 Evacuation Pause)
[2025-12-24T05:24:58.097+0000][121.101s][info][gc,task     ] GC(95) Using 3 workers of 3 for evacuation
[2025-12-24T05:24:58.103+0000][121.107s][info][gc,phases   ] GC(95)   Pre Evacuate Collection Set: 0.2ms
[2025-12-24T05:24:58.104+0000][121.108s][info][gc,phases   ] GC(95)   Merge Heap Roots: 0.1ms
[2025-12-24T05:24:58.104+0000][121.108s][info][gc,phases   ] GC(95)   Evacuate Collection Set: 4.7ms
[2025-12-24T05:24:58.104+0000][121.108s][info][gc,phases   ] GC(95)   Post Evacuate Collection Set: 1.0ms
[2025-12-24T05:24:58.104+0000][121.108s][info][gc,phases   ] GC(95)   Other: 2.5ms
[2025-12-24T05:24:58.104+0000][121.108s][info][gc,heap     ] GC(95) Eden regions: 314->0(314)
[2025-12-24T05:24:58.104+0000][121.108s][info][gc,heap     ] GC(95) Survivor regions: 12->12(41)
[2025-12-24T05:24:58.104+0000][121.108s][info][gc,heap     ] GC(95) Old regions: 74->74
[2025-12-24T05:24:58.104+0000][121.108s][info][gc,heap     ] GC(95) Archive regions: 2->2
[2025-12-24T05:24:58.104+0000][121.108s][info][gc,heap     ] GC(95) Humongous regions: 23->23
[2025-12-24T05:24:58.104+0000][121.108s][info][gc,metaspace] GC(95) Metaspace: 97205K(98432K)->97205K(98432K) NonClass: 84346K(84928K)->84346K(84928K) Class: 12859K(13504K)->12859K(13504K)
[2025-12-24T05:24:58.104+0000][121.108s][info][gc          ] GC(95) Pause Young (Normal) (G1 Evacuation Pause) 422M->108M(544M) 9.294ms
[2025-12-24T05:24:58.104+0000][121.109s][info][gc,cpu      ] GC(95) User=0.01s Sys=0.00s Real=0.01s
[2025-12-24T05:24:58.540+0000][121.544s][info][gc,start    ] GC(96) Pause Young (Normal) (G1 Evacuation Pause)
[2025-12-24T05:24:58.542+0000][121.547s][info][gc,task     ] GC(96) Using 3 workers of 3 for evacuation
[2025-12-24T05:24:58.558+0000][121.562s][info][gc,phases   ] GC(96)   Pre Evacuate Collection Set: 0.2ms
[2025-12-24T05:24:58.558+0000][121.562s][info][gc,phases   ] GC(96)   Merge Heap Roots: 0.9ms
[2025-12-24T05:24:58.558+0000][121.562s][info][gc,phases   ] GC(96)   Evacuate Collection Set: 13.0ms
[2025-12-24T05:24:58.558+0000][121.562s][info][gc,phases   ] GC(96)   Post Evacuate Collection Set: 1.0ms
[2025-12-24T05:24:58.558+0000][121.562s][info][gc,phases   ] GC(96)   Other: 2.5ms
[2025-12-24T05:24:58.559+0000][121.563s][info][gc,heap     ] GC(96) Eden regions: 314->0(309)
[2025-12-24T05:24:58.559+0000][121.563s][info][gc,heap     ] GC(96) Survivor regions: 12->17(41)
[2025-12-24T05:24:58.559+0000][121.563s][info][gc,heap     ] GC(96) Old regions: 74->74
[2025-12-24T05:24:58.559+0000][121.564s][info][gc,heap     ] GC(96) Archive regions: 2->2
[2025-12-24T05:24:58.559+0000][121.564s][info][gc,heap     ] GC(96) Humongous regions: 23->23
[2025-12-24T05:24:58.560+0000][121.564s][info][gc,metaspace] GC(96) Metaspace: 97205K(98432K)->97205K(98432K) NonClass: 84346K(84928K)->84346K(84928K) Class: 12859K(13504K)->12859K(13504K)
[2025-12-24T05:24:58.560+0000][121.564s][info][gc          ] GC(96) Pause Young (Normal) (G1 Evacuation Pause) 422M->113M(544M) 19.355ms
[2025-12-24T05:24:58.560+0000][121.564s][info][gc,cpu      ] GC(96) User=0.01s Sys=0.00s Real=0.02s
[2025-12-24T05:24:59.050+0000][122.054s][info][gc,start    ] GC(97) Pause Young (Normal) (G1 Evacuation Pause)
[2025-12-24T05:24:59.050+0000][122.054s][info][gc,task     ] GC(97) Using 3 workers of 3 for evacuation
[2025-12-24T05:24:59.067+0000][122.071s][info][gc,phases   ] GC(97)   Pre Evacuate Collection Set: 0.2ms
[2025-12-24T05:24:59.068+0000][122.072s][info][gc,phases   ] GC(97)   Merge Heap Roots: 1.0ms
[2025-12-24T05:24:59.068+0000][122.072s][info][gc,phases   ] GC(97)   Evacuate Collection Set: 13.5ms
[2025-12-24T05:24:59.068+0000][122.073s][info][gc,phases   ] GC(97)   Post Evacuate Collection Set: 2.2ms
[2025-12-24T05:24:59.068+0000][122.073s][info][gc,phases   ] GC(97)   Other: 0.7ms
[2025-12-24T05:24:59.069+0000][122.073s][info][gc,heap     ] GC(97) Eden regions: 309->0(313)
[2025-12-24T05:24:59.069+0000][122.073s][info][gc,heap     ] GC(97) Survivor regions: 17->13(41)
[2025-12-24T05:24:59.069+0000][122.073s][info][gc,heap     ] GC(97) Old regions: 74->74
[2025-12-24T05:24:59.069+0000][122.073s][info][gc,heap     ] GC(97) Archive regions: 2->2
[2025-12-24T05:24:59.069+0000][122.073s][info][gc,heap     ] GC(97) Humongous regions: 25->23
[2025-12-24T05:24:59.069+0000][122.073s][info][gc,metaspace] GC(97) Metaspace: 97206K(98432K)->97206K(98432K) NonClass: 84347K(84928K)->84347K(84928K) Class: 12859K(13504K)->12859K(13504K)
[2025-12-24T05:24:59.069+0000][122.073s][info][gc          ] GC(97) Pause Young (Normal) (G1 Evacuation Pause) 424M->110M(544M) 18.867ms
[2025-12-24T05:24:59.069+0000][122.073s][info][gc,cpu      ] GC(97) User=0.02s Sys=0.00s Real=0.02s
[2025-12-24T05:24:59.836+0000][122.840s][info][gc,start    ] GC(98) Pause Young (Normal) (G1 Evacuation Pause)
[2025-12-24T05:24:59.837+0000][122.841s][info][gc,task     ] GC(98) Using 3 workers of 3 for evacuation
[2025-12-24T05:24:59.851+0000][122.856s][info][gc,phases   ] GC(98)   Pre Evacuate Collection Set: 2.6ms
[2025-12-24T05:24:59.852+0000][122.856s][info][gc,phases   ] GC(98)   Merge Heap Roots: 0.2ms
[2025-12-24T05:24:59.852+0000][122.856s][info][gc,phases   ] GC(98)   Evacuate Collection Set: 8.5ms
[2025-12-24T05:24:59.852+0000][122.856s][info][gc,phases   ] GC(98)   Post Evacuate Collection Set: 1.1ms
[2025-12-24T05:24:59.852+0000][122.856s][info][gc,phases   ] GC(98)   Other: 3.6ms
[2025-12-24T05:24:59.852+0000][122.856s][info][gc,heap     ] GC(98) Eden regions: 313->0(314)
[2025-12-24T05:24:59.852+0000][122.856s][info][gc,heap     ] GC(98) Survivor regions: 13->12(41)
[2025-12-24T05:24:59.852+0000][122.857s][info][gc,heap     ] GC(98) Old regions: 74->76
[2025-12-24T05:24:59.853+0000][122.857s][info][gc,heap     ] GC(98) Archive regions: 2->2
[2025-12-24T05:24:59.853+0000][122.857s][info][gc,heap     ] GC(98) Humongous regions: 23->21
[2025-12-24T05:24:59.853+0000][122.857s][info][gc,metaspace] GC(98) Metaspace: 97256K(98496K)->97256K(98496K) NonClass: 84389K(84992K)->84389K(84992K) Class: 12867K(13504K)->12867K(13504K)
[2025-12-24T05:24:59.853+0000][122.857s][info][gc          ] GC(98) Pause Young (Normal) (G1 Evacuation Pause) 423M->108M(544M) 17.372ms
[2025-12-24T05:24:59.853+0000][122.857s][info][gc,cpu      ] GC(98) User=0.01s Sys=0.00s Real=0.02s
[2025-12-24T05:25:00.439+0000][123.443s][info][gc,start    ] GC(99) Pause Young (Normal) (G1 Evacuation Pause)
[2025-12-24T05:25:00.439+0000][123.444s][info][gc,task     ] GC(99) Using 3 workers of 3 for evacuation
[2025-12-24T05:25:00.456+0000][123.460s][info][gc,phases   ] GC(99)   Pre Evacuate Collection Set: 2.0ms
[2025-12-24T05:25:00.456+0000][123.460s][info][gc,phases   ] GC(99)   Merge Heap Roots: 0.2ms
[2025-12-24T05:25:00.456+0000][123.460s][info][gc,phases   ] GC(99)   Evacuate Collection Set: 13.5ms
[2025-12-24T05:25:00.456+0000][123.460s][info][gc,phases   ] GC(99)   Post Evacuate Collection Set: 0.6ms
[2025-12-24T05:25:00.456+0000][123.460s][info][gc,phases   ] GC(99)   Other: 0.7ms
[2025-12-24T05:25:00.456+0000][123.460s][info][gc,heap     ] GC(99) Eden regions: 314->0(317)
[2025-12-24T05:25:00.456+0000][123.460s][info][gc,heap     ] GC(99) Survivor regions: 12->9(41)
[2025-12-24T05:25:00.456+0000][123.460s][info][gc,heap     ] GC(99) Old regions: 76->77
[2025-12-24T05:25:00.456+0000][123.461s][info][gc,heap     ] GC(99) Archive regions: 2->2
[2025-12-24T05:25:00.456+0000][123.461s][info][gc,heap     ] GC(99) Humongous regions: 21->21
[2025-12-24T05:25:00.457+0000][123.461s][info][gc,metaspace] GC(99) Metaspace: 97256K(98496K)->97256K(98496K) NonClass: 84389K(84992K)->84389K(84992K) Class: 12867K(13504K)->12867K(13504K)
[2025-12-24T05:25:00.457+0000][123.461s][info][gc          ] GC(99) Pause Young (Normal) (G1 Evacuation Pause) 422M->107M(544M) 17.382ms
[2025-12-24T05:25:00.457+0000][123.461s][info][gc,cpu      ] GC(99) User=0.02s Sys=0.00s Real=0.01s
[2025-12-24T05:25:00.945+0000][123.949s][info][gc,start    ] GC(100) Pause Young (Normal) (G1 Evacuation Pause)
[2025-12-24T05:25:00.946+0000][123.950s][info][gc,task     ] GC(100) Using 3 workers of 3 for evacuation
[2025-12-24T05:25:00.976+0000][123.980s][info][gc,phases   ] GC(100)   Pre Evacuate Collection Set: 0.2ms
[2025-12-24T05:25:00.976+0000][123.980s][info][gc,phases   ] GC(100)   Merge Heap Roots: 0.2ms
[2025-12-24T05:25:00.976+0000][123.981s][info][gc,phases   ] GC(100)   Evacuate Collection Set: 28.5ms
[2025-12-24T05:25:00.977+0000][123.981s][info][gc,phases   ] GC(100)   Post Evacuate Collection Set: 0.6ms
[2025-12-24T05:25:00.977+0000][123.981s][info][gc,phases   ] GC(100)   Other: 1.7ms
[2025-12-24T05:25:00.977+0000][123.981s][info][gc,heap     ] GC(100) Eden regions: 317->0(316)
[2025-12-24T05:25:00.977+0000][123.981s][info][gc,heap     ] GC(100) Survivor regions: 9->10(41)
[2025-12-24T05:25:00.977+0000][123.981s][info][gc,heap     ] GC(100) Old regions: 77->77
[2025-12-24T05:25:00.977+0000][123.981s][info][gc,heap     ] GC(100) Archive regions: 2->2
[2025-12-24T05:25:00.977+0000][123.981s][info][gc,heap     ] GC(100) Humongous regions: 23->23
[2025-12-24T05:25:00.977+0000][123.981s][info][gc,metaspace] GC(100) Metaspace: 97256K(98496K)->97256K(98496K) NonClass: 84389K(84992K)->84389K(84992K) Class: 12867K(13504K)->12867K(13504K)
[2025-12-24T05:25:00.977+0000][123.981s][info][gc          ] GC(100) Pause Young (Normal) (G1 Evacuation Pause) 426M->110M(544M) 31.878ms
[2025-12-24T05:25:00.977+0000][123.981s][info][gc,cpu      ] GC(100) User=0.04s Sys=0.00s Real=0.03s
[2025-12-24T05:25:01.419+0000][124.423s][info][gc,start    ] GC(101) Pause Young (Normal) (G1 Evacuation Pause)
[2025-12-24T05:25:01.420+0000][124.425s][info][gc,task     ] GC(101) Using 3 workers of 3 for evacuation
[2025-12-24T05:25:01.431+0000][124.435s][info][gc,phases   ] GC(101)   Pre Evacuate Collection Set: 0.5ms
[2025-12-24T05:25:01.431+0000][124.435s][info][gc,phases   ] GC(101)   Merge Heap Roots: 0.2ms
[2025-12-24T05:25:01.431+0000][124.435s][info][gc,phases   ] GC(101)   Evacuate Collection Set: 7.3ms
[2025-12-24T05:25:01.431+0000][124.435s][info][gc,phases   ] GC(101)   Post Evacuate Collection Set: 2.2ms
[2025-12-24T05:25:01.431+0000][124.435s][info][gc,phases   ] GC(101)   Other: 1.5ms
[2025-12-24T05:25:01.431+0000][124.435s][info][gc,heap     ] GC(101) Eden regions: 316->0(315)
[2025-12-24T05:25:01.431+0000][124.436s][info][gc,heap     ] GC(101) Survivor regions: 10->11(41)
[2025-12-24T05:25:01.431+0000][124.436s][info][gc,heap     ] GC(101) Old regions: 77->78
[2025-12-24T05:25:01.432+0000][124.436s][info][gc,heap     ] GC(101) Archive regions: 2->2
[2025-12-24T05:25:01.432+0000][124.436s][info][gc,heap     ] GC(101) Humongous regions: 23->21
[2025-12-24T05:25:01.432+0000][124.436s][info][gc,metaspace] GC(101) Metaspace: 97269K(98496K)->97269K(98496K) NonClass: 84402K(84992K)->84402K(84992K) Class: 12867K(13504K)->12867K(13504K)
[2025-12-24T05:25:01.432+0000][124.436s][info][gc          ] GC(101) Pause Young (Normal) (G1 Evacuation Pause) 426M->109M(544M) 12.425ms
[2025-12-24T05:25:01.432+0000][124.436s][info][gc,cpu      ] GC(101) User=0.02s Sys=0.00s Real=0.01s
[2025-12-24T05:25:01.855+0000][124.859s][info][gc,start    ] GC(102) Pause Young (Normal) (G1 Evacuation Pause)
[2025-12-24T05:25:01.855+0000][124.860s][info][gc,task     ] GC(102) Using 3 workers of 3 for evacuation
[2025-12-24T05:25:01.861+0000][124.865s][info][gc,phases   ] GC(102)   Pre Evacuate Collection Set: 0.4ms
[2025-12-24T05:25:01.861+0000][124.865s][info][gc,phases   ] GC(102)   Merge Heap Roots: 0.2ms
[2025-12-24T05:25:01.861+0000][124.865s][info][gc,phases   ] GC(102)   Evacuate Collection Set: 4.0ms
[2025-12-24T05:25:01.862+0000][124.866s][info][gc,phases   ] GC(102)   Post Evacuate Collection Set: 0.7ms
[2025-12-24T05:25:01.862+0000][124.866s][info][gc,phases   ] GC(102)   Other: 1.1ms
[2025-12-24T05:25:01.862+0000][124.866s][info][gc,heap     ] GC(102) Eden regions: 315->0(314)
[2025-12-24T05:25:01.862+0000][124.866s][info][gc,heap     ] GC(102) Survivor regions: 11->12(41)
[2025-12-24T05:25:01.862+0000][124.866s][info][gc,heap     ] GC(102) Old regions: 78->78
[2025-12-24T05:25:01.862+0000][124.866s][info][gc,heap     ] GC(102) Archive regions: 2->2
[2025-12-24T05:25:01.862+0000][124.866s][info][gc,heap     ] GC(102) Humongous regions: 23->21
[2025-12-24T05:25:01.862+0000][124.866s][info][gc,metaspace] GC(102) Metaspace: 97269K(98496K)->97269K(98496K) NonClass: 84402K(84992K)->84402K(84992K) Class: 12867K(13504K)->12867K(13504K)
[2025-12-24T05:25:01.862+0000][124.866s][info][gc          ] GC(102) Pause Young (Normal) (G1 Evacuation Pause) 426M->110M(544M) 7.542ms
[2025-12-24T05:25:01.862+0000][124.866s][info][gc,cpu      ] GC(102) User=0.01s Sys=0.00s Real=0.01s
[2025-12-24T05:25:02.195+0000][125.199s][info][gc,start    ] GC(103) Pause Young (Normal) (G1 Evacuation Pause)
[2025-12-24T05:25:02.195+0000][125.199s][info][gc,task     ] GC(103) Using 3 workers of 3 for evacuation
[2025-12-24T05:25:02.202+0000][125.206s][info][gc,phases   ] GC(103)   Pre Evacuate Collection Set: 0.2ms
[2025-12-24T05:25:02.202+0000][125.206s][info][gc,phases   ] GC(103)   Merge Heap Roots: 0.2ms
[2025-12-24T05:25:02.202+0000][125.206s][info][gc,phases   ] GC(103)   Evacuate Collection Set: 5.2ms
[2025-12-24T05:25:02.202+0000][125.206s][info][gc,phases   ] GC(103)   Post Evacuate Collection Set: 0.6ms
[2025-12-24T05:25:02.202+0000][125.206s][info][gc,phases   ] GC(103)   Other: 0.5ms
[2025-12-24T05:25:02.202+0000][125.206s][info][gc,heap     ] GC(103) Eden regions: 314->0(314)
[2025-12-24T05:25:02.202+0000][125.206s][info][gc,heap     ] GC(103) Survivor regions: 12->12(41)
[2025-12-24T05:25:02.202+0000][125.206s][info][gc,heap     ] GC(103) Old regions: 78->78
[2025-12-24T05:25:02.202+0000][125.206s][info][gc,heap     ] GC(103) Archive regions: 2->2
[2025-12-24T05:25:02.202+0000][125.207s][info][gc,heap     ] GC(103) Humongous regions: 23->21
[2025-12-24T05:25:02.203+0000][125.207s][info][gc,metaspace] GC(103) Metaspace: 97269K(98496K)->97269K(98496K) NonClass: 84402K(84992K)->84402K(84992K) Class: 12867K(13504K)->12867K(13504K)
[2025-12-24T05:25:02.203+0000][125.207s][info][gc          ] GC(103) Pause Young (Normal) (G1 Evacuation Pause) 426M->111M(544M) 7.624ms
[2025-12-24T05:25:02.203+0000][125.207s][info][gc,cpu      ] GC(103) User=0.01s Sys=0.00s Real=0.01s
[2025-12-24T05:25:02.484+0000][125.488s][info][gc,start    ] GC(104) Pause Young (Normal) (G1 Evacuation Pause)
[2025-12-24T05:25:02.484+0000][125.488s][info][gc,task     ] GC(104) Using 3 workers of 3 for evacuation
[2025-12-24T05:25:02.488+0000][125.492s][info][gc,phases   ] GC(104)   Pre Evacuate Collection Set: 0.2ms
[2025-12-24T05:25:02.488+0000][125.492s][info][gc,phases   ] GC(104)   Merge Heap Roots: 0.1ms
[2025-12-24T05:25:02.488+0000][125.492s][info][gc,phases   ] GC(104)   Evacuate Collection Set: 2.9ms
[2025-12-24T05:25:02.488+0000][125.492s][info][gc,phases   ] GC(104)   Post Evacuate Collection Set: 0.5ms
[2025-12-24T05:25:02.488+0000][125.492s][info][gc,phases   ] GC(104)   Other: 0.5ms
[2025-12-24T05:25:02.488+0000][125.492s][info][gc,heap     ] GC(104) Eden regions: 314->0(314)
[2025-12-24T05:25:02.488+0000][125.493s][info][gc,heap     ] GC(104) Survivor regions: 12->12(41)
[2025-12-24T05:25:02.488+0000][125.493s][info][gc,heap     ] GC(104) Old regions: 78->78
[2025-12-24T05:25:02.489+0000][125.493s][info][gc,heap     ] GC(104) Archive regions: 2->2
[2025-12-24T05:25:02.489+0000][125.493s][info][gc,heap     ] GC(104) Humongous regions: 23->21
[2025-12-24T05:25:02.489+0000][125.493s][info][gc,metaspace] GC(104) Metaspace: 97269K(98496K)->97269K(98496K) NonClass: 84402K(84992K)->84402K(84992K) Class: 12867K(13504K)->12867K(13504K)
[2025-12-24T05:25:02.489+0000][125.493s][info][gc          ] GC(104) Pause Young (Normal) (G1 Evacuation Pause) 427M->110M(544M) 4.934ms
[2025-12-24T05:25:02.489+0000][125.493s][info][gc,cpu      ] GC(104) User=0.01s Sys=0.00s Real=0.01s
[2025-12-24T05:25:02.751+0000][125.756s][info][gc,start    ] GC(105) Pause Young (Normal) (G1 Evacuation Pause)
[2025-12-24T05:25:02.752+0000][125.756s][info][gc,task     ] GC(105) Using 3 workers of 3 for evacuation
[2025-12-24T05:25:02.755+0000][125.759s][info][gc,phases   ] GC(105)   Pre Evacuate Collection Set: 0.2ms
[2025-12-24T05:25:02.755+0000][125.760s][info][gc,phases   ] GC(105)   Merge Heap Roots: 0.1ms
[2025-12-24T05:25:02.756+0000][125.760s][info][gc,phases   ] GC(105)   Evacuate Collection Set: 2.7ms
[2025-12-24T05:25:02.756+0000][125.760s][info][gc,phases   ] GC(105)   Post Evacuate Collection Set: 0.5ms
[2025-12-24T05:25:02.756+0000][125.760s][info][gc,phases   ] GC(105)   Other: 0.5ms
[2025-12-24T05:25:02.756+0000][125.760s][info][gc,heap     ] GC(105) Eden regions: 314->0(314)
[2025-12-24T05:25:02.756+0000][125.760s][info][gc,heap     ] GC(105) Survivor regions: 12->12(41)
[2025-12-24T05:25:02.756+0000][125.760s][info][gc,heap     ] GC(105) Old regions: 78->78
[2025-12-24T05:25:02.756+0000][125.760s][info][gc,heap     ] GC(105) Archive regions: 2->2
[2025-12-24T05:25:02.756+0000][125.760s][info][gc,heap     ] GC(105) Humongous regions: 23->21
[2025-12-24T05:25:02.756+0000][125.760s][info][gc,metaspace] GC(105) Metaspace: 97269K(98496K)->97269K(98496K) NonClass: 84402K(84992K)->84402K(84992K) Class: 12867K(13504K)->12867K(13504K)
[2025-12-24T05:25:02.756+0000][125.760s][info][gc          ] GC(105) Pause Young (Normal) (G1 Evacuation Pause) 426M->111M(544M) 4.623ms
[2025-12-24T05:25:02.756+0000][125.760s][info][gc,cpu      ] GC(105) User=0.01s Sys=0.00s Real=0.00s
[2025-12-24T05:25:03.025+0000][126.029s][info][gc,start    ] GC(106) Pause Young (Normal) (G1 Evacuation Pause)
[2025-12-24T05:25:03.025+0000][126.030s][info][gc,task     ] GC(106) Using 3 workers of 3 for evacuation
[2025-12-24T05:25:03.031+0000][126.035s][info][gc,phases   ] GC(106)   Pre Evacuate Collection Set: 0.2ms
[2025-12-24T05:25:03.031+0000][126.035s][info][gc,phases   ] GC(106)   Merge Heap Roots: 0.1ms
[2025-12-24T05:25:03.031+0000][126.036s][info][gc,phases   ] GC(106)   Evacuate Collection Set: 4.1ms
[2025-12-24T05:25:03.032+0000][126.036s][info][gc,phases   ] GC(106)   Post Evacuate Collection Set: 1.1ms
[2025-12-24T05:25:03.032+0000][126.036s][info][gc,phases   ] GC(106)   Other: 0.5ms
[2025-12-24T05:25:03.032+0000][126.036s][info][gc,heap     ] GC(106) Eden regions: 314->0(313)
[2025-12-24T05:25:03.032+0000][126.036s][info][gc,heap     ] GC(106) Survivor regions: 12->13(41)
[2025-12-24T05:25:03.032+0000][126.036s][info][gc,heap     ] GC(106) Old regions: 78->78
[2025-12-24T05:25:03.032+0000][126.036s][info][gc,heap     ] GC(106) Archive regions: 2->2
[2025-12-24T05:25:03.032+0000][126.036s][info][gc,heap     ] GC(106) Humongous regions: 23->21
[2025-12-24T05:25:03.032+0000][126.036s][info][gc,metaspace] GC(106) Metaspace: 97271K(98496K)->97271K(98496K) NonClass: 84404K(84992K)->84404K(84992K) Class: 12867K(13504K)->12867K(13504K)
[2025-12-24T05:25:03.032+0000][126.036s][info][gc          ] GC(106) Pause Young (Normal) (G1 Evacuation Pause) 427M->112M(544M) 6.859ms
[2025-12-24T05:25:03.032+0000][126.036s][info][gc,cpu      ] GC(106) User=0.01s Sys=0.00s Real=0.01s
[2025-12-24T05:25:03.873+0000][126.877s][info][gc,start    ] GC(107) Pause Young (Normal) (G1 Evacuation Pause)
[2025-12-24T05:25:03.873+0000][126.877s][info][gc,task     ] GC(107) Using 3 workers of 3 for evacuation
[2025-12-24T05:25:03.876+0000][126.880s][info][gc,phases   ] GC(107)   Pre Evacuate Collection Set: 0.2ms
[2025-12-24T05:25:03.876+0000][126.880s][info][gc,phases   ] GC(107)   Merge Heap Roots: 0.1ms
[2025-12-24T05:25:03.876+0000][126.880s][info][gc,phases   ] GC(107)   Evacuate Collection Set: 2.1ms
[2025-12-24T05:25:03.876+0000][126.880s][info][gc,phases   ] GC(107)   Post Evacuate Collection Set: 0.5ms
[2025-12-24T05:25:03.876+0000][126.881s][info][gc,phases   ] GC(107)   Other: 0.5ms
[2025-12-24T05:25:03.877+0000][126.881s][info][gc,heap     ] GC(107) Eden regions: 313->0(316)
[2025-12-24T05:25:03.877+0000][126.881s][info][gc,heap     ] GC(107) Survivor regions: 13->10(41)
[2025-12-24T05:25:03.877+0000][126.881s][info][gc,heap     ] GC(107) Old regions: 78->78
[2025-12-24T05:25:03.877+0000][126.881s][info][gc,heap     ] GC(107) Archive regions: 2->2
[2025-12-24T05:25:03.877+0000][126.881s][info][gc,heap     ] GC(107) Humongous regions: 21->19
[2025-12-24T05:25:03.877+0000][126.881s][info][gc,metaspace] GC(107) Metaspace: 97277K(98496K)->97277K(98496K) NonClass: 84410K(84992K)->84410K(84992K) Class: 12867K(13504K)->12867K(13504K)
[2025-12-24T05:25:03.877+0000][126.881s][info][gc          ] GC(107) Pause Young (Normal) (G1 Evacuation Pause) 425M->107M(544M) 4.407ms
[2025-12-24T05:25:03.877+0000][126.881s][info][gc,cpu      ] GC(107) User=0.00s Sys=0.00s Real=0.00s
[2025-12-24T05:25:08.137+0000][131.141s][info][gc,start    ] GC(108) Pause Young (Normal) (G1 Evacuation Pause)
[2025-12-24T05:25:08.137+0000][131.141s][info][gc,task     ] GC(108) Using 3 workers of 3 for evacuation
[2025-12-24T05:25:08.140+0000][131.144s][info][gc,phases   ] GC(108)   Pre Evacuate Collection Set: 0.1ms
[2025-12-24T05:25:08.140+0000][131.144s][info][gc,phases   ] GC(108)   Merge Heap Roots: 0.1ms
[2025-12-24T05:25:08.140+0000][131.144s][info][gc,phases   ] GC(108)   Evacuate Collection Set: 1.9ms
[2025-12-24T05:25:08.140+0000][131.144s][info][gc,phases   ] GC(108)   Post Evacuate Collection Set: 0.5ms
[2025-12-24T05:25:08.140+0000][131.145s][info][gc,phases   ] GC(108)   Other: 0.5ms
[2025-12-24T05:25:08.140+0000][131.145s][info][gc,heap     ] GC(108) Eden regions: 316->0(316)
[2025-12-24T05:25:08.141+0000][131.145s][info][gc,heap     ] GC(108) Survivor regions: 10->10(41)
[2025-12-24T05:25:08.141+0000][131.145s][info][gc,heap     ] GC(108) Old regions: 78->79
[2025-12-24T05:25:08.141+0000][131.145s][info][gc,heap     ] GC(108) Archive regions: 2->2
[2025-12-24T05:25:08.141+0000][131.145s][info][gc,heap     ] GC(108) Humongous regions: 19->19
[2025-12-24T05:25:08.141+0000][131.145s][info][gc,metaspace] GC(108) Metaspace: 97293K(98496K)->97293K(98496K) NonClass: 84426K(84992K)->84426K(84992K) Class: 12867K(13504K)->12867K(13504K)
[2025-12-24T05:25:08.141+0000][131.145s][info][gc          ] GC(108) Pause Young (Normal) (G1 Evacuation Pause) 423M->107M(544M) 4.103ms
[2025-12-24T05:25:08.141+0000][131.145s][info][gc,cpu      ] GC(108) User=0.01s Sys=0.00s Real=0.01s
[2025-12-24T05:25:12.309+0000][135.313s][info][gc,start    ] GC(109) Pause Young (Normal) (G1 Evacuation Pause)
[2025-12-24T05:25:12.309+0000][135.313s][info][gc,task     ] GC(109) Using 3 workers of 3 for evacuation
[2025-12-24T05:25:12.312+0000][135.316s][info][gc,phases   ] GC(109)   Pre Evacuate Collection Set: 0.1ms
[2025-12-24T05:25:12.312+0000][135.316s][info][gc,phases   ] GC(109)   Merge Heap Roots: 0.1ms
[2025-12-24T05:25:12.312+0000][135.316s][info][gc,phases   ] GC(109)   Evacuate Collection Set: 2.1ms
[2025-12-24T05:25:12.312+0000][135.317s][info][gc,phases   ] GC(109)   Post Evacuate Collection Set: 0.5ms
[2025-12-24T05:25:12.313+0000][135.317s][info][gc,phases   ] GC(109)   Other: 0.8ms
[2025-12-24T05:25:12.313+0000][135.317s][info][gc,heap     ] GC(109) Eden regions: 316->0(317)
[2025-12-24T05:25:12.313+0000][135.317s][info][gc,heap     ] GC(109) Survivor regions: 10->9(41)
[2025-12-24T05:25:12.313+0000][135.317s][info][gc,heap     ] GC(109) Old regions: 79->79
[2025-12-24T05:25:12.313+0000][135.317s][info][gc,heap     ] GC(109) Archive regions: 2->2
[2025-12-24T05:25:12.313+0000][135.317s][info][gc,heap     ] GC(109) Humongous regions: 19->19
[2025-12-24T05:25:12.313+0000][135.317s][info][gc,metaspace] GC(109) Metaspace: 97391K(98560K)->97391K(98560K) NonClass: 84524K(85056K)->84524K(85056K) Class: 12867K(13504K)->12867K(13504K)
[2025-12-24T05:25:12.313+0000][135.317s][info][gc          ] GC(109) Pause Young (Normal) (G1 Evacuation Pause) 423M->107M(544M) 4.365ms
[2025-12-24T05:25:12.313+0000][135.317s][info][gc,cpu      ] GC(109) User=0.01s Sys=0.00s Real=0.01s
[2025-12-24T05:25:16.572+0000][139.576s][info][gc,start    ] GC(110) Pause Young (Normal) (G1 Evacuation Pause)
[2025-12-24T05:25:16.572+0000][139.576s][info][gc,task     ] GC(110) Using 3 workers of 3 for evacuation
[2025-12-24T05:25:16.577+0000][139.581s][info][gc,phases   ] GC(110)   Pre Evacuate Collection Set: 0.3ms
[2025-12-24T05:25:16.577+0000][139.582s][info][gc,phases   ] GC(110)   Merge Heap Roots: 0.1ms
[2025-12-24T05:25:16.578+0000][139.582s][info][gc,phases   ] GC(110)   Evacuate Collection Set: 3.6ms
[2025-12-24T05:25:16.578+0000][139.582s][info][gc,phases   ] GC(110)   Post Evacuate Collection Set: 0.8ms
[2025-12-24T05:25:16.578+0000][139.582s][info][gc,phases   ] GC(110)   Other: 0.7ms
[2025-12-24T05:25:16.578+0000][139.582s][info][gc,heap     ] GC(110) Eden regions: 317->0(318)
[2025-12-24T05:25:16.578+0000][139.582s][info][gc,heap     ] GC(110) Survivor regions: 9->8(41)
[2025-12-24T05:25:16.578+0000][139.582s][info][gc,heap     ] GC(110) Old regions: 79->80
[2025-12-24T05:25:16.578+0000][139.582s][info][gc,heap     ] GC(110) Archive regions: 2->2
[2025-12-24T05:25:16.578+0000][139.582s][info][gc,heap     ] GC(110) Humongous regions: 19->19
[2025-12-24T05:25:16.578+0000][139.582s][info][gc,metaspace] GC(110) Metaspace: 97439K(98624K)->97439K(98624K) NonClass: 84572K(85120K)->84572K(85120K) Class: 12867K(13504K)->12867K(13504K)
[2025-12-24T05:25:16.578+0000][139.582s][info][gc          ] GC(110) Pause Young (Normal) (G1 Evacuation Pause) 424M->106M(544M) 6.163ms
[2025-12-24T05:25:16.578+0000][139.582s][info][gc,cpu      ] GC(110) User=0.01s Sys=0.01s Real=0.00s
[2025-12-24T05:25:20.818+0000][143.822s][info][gc,start    ] GC(111) Pause Young (Normal) (G1 Evacuation Pause)
[2025-12-24T05:25:20.819+0000][143.823s][info][gc,task     ] GC(111) Using 3 workers of 3 for evacuation
[2025-12-24T05:25:20.822+0000][143.826s][info][gc,phases   ] GC(111)   Pre Evacuate Collection Set: 0.1ms
[2025-12-24T05:25:20.823+0000][143.827s][info][gc,phases   ] GC(111)   Merge Heap Roots: 0.1ms
[2025-12-24T05:25:20.823+0000][143.827s][info][gc,phases   ] GC(111)   Evacuate Collection Set: 2.3ms
[2025-12-24T05:25:20.823+0000][143.827s][info][gc,phases   ] GC(111)   Post Evacuate Collection Set: 0.6ms
[2025-12-24T05:25:20.823+0000][143.827s][info][gc,phases   ] GC(111)   Other: 1.0ms
[2025-12-24T05:25:20.823+0000][143.827s][info][gc,heap     ] GC(111) Eden regions: 318->0(319)
[2025-12-24T05:25:20.823+0000][143.827s][info][gc,heap     ] GC(111) Survivor regions: 8->7(41)
[2025-12-24T05:25:20.823+0000][143.827s][info][gc,heap     ] GC(111) Old regions: 80->81
[2025-12-24T05:25:20.823+0000][143.827s][info][gc,heap     ] GC(111) Archive regions: 2->2
[2025-12-24T05:25:20.823+0000][143.828s][info][gc,heap     ] GC(111) Humongous regions: 19->19
[2025-12-24T05:25:20.824+0000][143.828s][info][gc,metaspace] GC(111) Metaspace: 97460K(98624K)->97460K(98624K) NonClass: 84592K(85120K)->84592K(85120K) Class: 12867K(13504K)->12867K(13504K)
[2025-12-24T05:25:20.824+0000][143.828s][info][gc          ] GC(111) Pause Young (Normal) (G1 Evacuation Pause) 424M->107M(544M) 5.348ms
[2025-12-24T05:25:20.824+0000][143.828s][info][gc,cpu      ] GC(111) User=0.00s Sys=0.00s Real=0.01s
[2025-12-24T05:25:25.037+0000][148.042s][info][gc,start    ] GC(112) Pause Young (Normal) (G1 Evacuation Pause)
[2025-12-24T05:25:25.038+0000][148.042s][info][gc,task     ] GC(112) Using 3 workers of 3 for evacuation
[2025-12-24T05:25:25.040+0000][148.044s][info][gc,phases   ] GC(112)   Pre Evacuate Collection Set: 0.1ms
[2025-12-24T05:25:25.040+0000][148.044s][info][gc,phases   ] GC(112)   Merge Heap Roots: 0.1ms
[2025-12-24T05:25:25.040+0000][148.044s][info][gc,phases   ] GC(112)   Evacuate Collection Set: 1.6ms
[2025-12-24T05:25:25.040+0000][148.045s][info][gc,phases   ] GC(112)   Post Evacuate Collection Set: 0.4ms
[2025-12-24T05:25:25.041+0000][148.045s][info][gc,phases   ] GC(112)   Other: 0.5ms
[2025-12-24T05:25:25.041+0000][148.045s][info][gc,heap     ] GC(112) Eden regions: 319->0(320)
[2025-12-24T05:25:25.041+0000][148.045s][info][gc,heap     ] GC(112) Survivor regions: 7->6(41)
[2025-12-24T05:25:25.041+0000][148.045s][info][gc,heap     ] GC(112) Old regions: 81->81
[2025-12-24T05:25:25.041+0000][148.045s][info][gc,heap     ] GC(112) Archive regions: 2->2
[2025-12-24T05:25:25.041+0000][148.045s][info][gc,heap     ] GC(112) Humongous regions: 19->19
[2025-12-24T05:25:25.041+0000][148.045s][info][gc,metaspace] GC(112) Metaspace: 97466K(98624K)->97466K(98624K) NonClass: 84599K(85120K)->84599K(85120K) Class: 12867K(13504K)->12867K(13504K)
[2025-12-24T05:25:25.041+0000][148.045s][info][gc          ] GC(112) Pause Young (Normal) (G1 Evacuation Pause) 426M->106M(544M) 3.675ms
[2025-12-24T05:25:25.041+0000][148.045s][info][gc,cpu      ] GC(112) User=0.01s Sys=0.00s Real=0.01s
[2025-12-24T05:25:29.354+0000][152.358s][info][gc,start    ] GC(113) Pause Young (Normal) (G1 Evacuation Pause)
[2025-12-24T05:25:29.355+0000][152.359s][info][gc,task     ] GC(113) Using 3 workers of 3 for evacuation
[2025-12-24T05:25:29.357+0000][152.361s][info][gc,phases   ] GC(113)   Pre Evacuate Collection Set: 0.1ms
[2025-12-24T05:25:29.357+0000][152.361s][info][gc,phases   ] GC(113)   Merge Heap Roots: 0.1ms
[2025-12-24T05:25:29.357+0000][152.361s][info][gc,phases   ] GC(113)   Evacuate Collection Set: 1.7ms
[2025-12-24T05:25:29.357+0000][152.362s][info][gc,phases   ] GC(113)   Post Evacuate Collection Set: 0.4ms
[2025-12-24T05:25:29.358+0000][152.362s][info][gc,phases   ] GC(113)   Other: 0.7ms
[2025-12-24T05:25:29.358+0000][152.362s][info][gc,heap     ] GC(113) Eden regions: 320->0(320)
[2025-12-24T05:25:29.358+0000][152.362s][info][gc,heap     ] GC(113) Survivor regions: 6->6(41)
[2025-12-24T05:25:29.358+0000][152.362s][info][gc,heap     ] GC(113) Old regions: 81->81
[2025-12-24T05:25:29.358+0000][152.362s][info][gc,heap     ] GC(113) Archive regions: 2->2
[2025-12-24T05:25:29.358+0000][152.362s][info][gc,heap     ] GC(113) Humongous regions: 19->19
[2025-12-24T05:25:29.358+0000][152.362s][info][gc,metaspace] GC(113) Metaspace: 97504K(98688K)->97504K(98688K) NonClass: 84637K(85184K)->84637K(85184K) Class: 12867K(13504K)->12867K(13504K)
[2025-12-24T05:25:29.358+0000][152.362s][info][gc          ] GC(113) Pause Young (Normal) (G1 Evacuation Pause) 426M->106M(544M) 3.819ms
[2025-12-24T05:25:29.358+0000][152.362s][info][gc,cpu      ] GC(113) User=0.00s Sys=0.00s Real=0.00s
[2025-12-24T05:25:33.707+0000][156.711s][info][gc,start    ] GC(114) Pause Young (Normal) (G1 Evacuation Pause)
[2025-12-24T05:25:33.707+0000][156.711s][info][gc,task     ] GC(114) Using 3 workers of 3 for evacuation
[2025-12-24T05:25:33.710+0000][156.714s][info][gc,phases   ] GC(114)   Pre Evacuate Collection Set: 0.1ms
[2025-12-24T05:25:33.710+0000][156.714s][info][gc,phases   ] GC(114)   Merge Heap Roots: 0.1ms
[2025-12-24T05:25:33.710+0000][156.714s][info][gc,phases   ] GC(114)   Evacuate Collection Set: 1.8ms
[2025-12-24T05:25:33.710+0000][156.715s][info][gc,phases   ] GC(114)   Post Evacuate Collection Set: 0.6ms
[2025-12-24T05:25:33.711+0000][156.715s][info][gc,phases   ] GC(114)   Other: 0.5ms
[2025-12-24T05:25:33.711+0000][156.715s][info][gc,heap     ] GC(114) Eden regions: 320->0(320)
[2025-12-24T05:25:33.711+0000][156.715s][info][gc,heap     ] GC(114) Survivor regions: 6->6(41)
[2025-12-24T05:25:33.711+0000][156.715s][info][gc,heap     ] GC(114) Old regions: 81->82
[2025-12-24T05:25:33.711+0000][156.715s][info][gc,heap     ] GC(114) Archive regions: 2->2
[2025-12-24T05:25:33.711+0000][156.715s][info][gc,heap     ] GC(114) Humongous regions: 19->19
[2025-12-24T05:25:33.711+0000][156.715s][info][gc,metaspace] GC(114) Metaspace: 97509K(98688K)->97509K(98688K) NonClass: 84641K(85184K)->84641K(85184K) Class: 12867K(13504K)->12867K(13504K)
[2025-12-24T05:25:33.711+0000][156.715s][info][gc          ] GC(114) Pause Young (Normal) (G1 Evacuation Pause) 426M->106M(544M) 4.119ms
[2025-12-24T05:25:33.711+0000][156.716s][info][gc,cpu      ] GC(114) User=0.00s Sys=0.00s Real=0.01s
[2025-12-24T05:25:37.985+0000][160.989s][info][gc,start    ] GC(115) Pause Young (Normal) (G1 Evacuation Pause)
[2025-12-24T05:25:37.985+0000][160.990s][info][gc,task     ] GC(115) Using 3 workers of 3 for evacuation
[2025-12-24T05:25:37.988+0000][160.992s][info][gc,phases   ] GC(115)   Pre Evacuate Collection Set: 0.1ms
[2025-12-24T05:25:37.988+0000][160.992s][info][gc,phases   ] GC(115)   Merge Heap Roots: 0.1ms
[2025-12-24T05:25:37.988+0000][160.993s][info][gc,phases   ] GC(115)   Evacuate Collection Set: 1.9ms
[2025-12-24T05:25:37.988+0000][160.993s][info][gc,phases   ] GC(115)   Post Evacuate Collection Set: 0.5ms
[2025-12-24T05:25:37.989+0000][160.993s][info][gc,phases   ] GC(115)   Other: 0.7ms
[2025-12-24T05:25:37.989+0000][160.993s][info][gc,heap     ] GC(115) Eden regions: 320->0(320)
[2025-12-24T05:25:37.989+0000][160.993s][info][gc,heap     ] GC(115) Survivor regions: 6->6(41)
[2025-12-24T05:25:37.989+0000][160.993s][info][gc,heap     ] GC(115) Old regions: 82->82
[2025-12-24T05:25:37.989+0000][160.993s][info][gc,heap     ] GC(115) Archive regions: 2->2
[2025-12-24T05:25:37.989+0000][160.993s][info][gc,heap     ] GC(115) Humongous regions: 19->19
[2025-12-24T05:25:37.989+0000][160.993s][info][gc,metaspace] GC(115) Metaspace: 97511K(98688K)->97511K(98688K) NonClass: 84644K(85184K)->84644K(85184K) Class: 12867K(13504K)->12867K(13504K)
[2025-12-24T05:25:37.989+0000][160.993s][info][gc          ] GC(115) Pause Young (Normal) (G1 Evacuation Pause) 426M->106M(544M) 3.912ms
[2025-12-24T05:25:37.989+0000][160.993s][info][gc,cpu      ] GC(115) User=0.01s Sys=0.00s Real=0.01s
[2025-12-24T05:25:42.226+0000][165.231s][info][gc,start    ] GC(116) Pause Young (Normal) (G1 Evacuation Pause)
[2025-12-24T05:25:42.227+0000][165.231s][info][gc,task     ] GC(116) Using 3 workers of 3 for evacuation
[2025-12-24T05:25:42.230+0000][165.234s][info][gc,phases   ] GC(116)   Pre Evacuate Collection Set: 0.1ms
[2025-12-24T05:25:42.230+0000][165.234s][info][gc,phases   ] GC(116)   Merge Heap Roots: 0.1ms
[2025-12-24T05:25:42.230+0000][165.234s][info][gc,phases   ] GC(116)   Evacuate Collection Set: 2.1ms
[2025-12-24T05:25:42.230+0000][165.234s][info][gc,phases   ] GC(116)   Post Evacuate Collection Set: 0.5ms
[2025-12-24T05:25:42.230+0000][165.234s][info][gc,phases   ] GC(116)   Other: 0.7ms
[2025-12-24T05:25:42.230+0000][165.235s][info][gc,heap     ] GC(116) Eden regions: 320->0(321)
[2025-12-24T05:25:42.231+0000][165.235s][info][gc,heap     ] GC(116) Survivor regions: 6->5(41)
[2025-12-24T05:25:42.231+0000][165.235s][info][gc,heap     ] GC(116) Old regions: 82->83
[2025-12-24T05:25:42.231+0000][165.235s][info][gc,heap     ] GC(116) Archive regions: 2->2
[2025-12-24T05:25:42.231+0000][165.235s][info][gc,heap     ] GC(116) Humongous regions: 19->19
[2025-12-24T05:25:42.231+0000][165.235s][info][gc,metaspace] GC(116) Metaspace: 97521K(98688K)->97521K(98688K) NonClass: 84653K(85184K)->84653K(85184K) Class: 12868K(13504K)->12868K(13504K)
[2025-12-24T05:25:42.231+0000][165.235s][info][gc          ] GC(116) Pause Young (Normal) (G1 Evacuation Pause) 426M->106M(544M) 4.659ms
[2025-12-24T05:25:42.231+0000][165.235s][info][gc,cpu      ] GC(116) User=0.01s Sys=0.00s Real=0.01s
[2025-12-24T05:25:46.510+0000][169.514s][info][gc,start    ] GC(117) Pause Young (Normal) (G1 Evacuation Pause)
[2025-12-24T05:25:46.511+0000][169.515s][info][gc,task     ] GC(117) Using 3 workers of 3 for evacuation
[2025-12-24T05:25:46.513+0000][169.517s][info][gc,phases   ] GC(117)   Pre Evacuate Collection Set: 0.1ms
[2025-12-24T05:25:46.513+0000][169.517s][info][gc,phases   ] GC(117)   Merge Heap Roots: 0.1ms
[2025-12-24T05:25:46.513+0000][169.517s][info][gc,phases   ] GC(117)   Evacuate Collection Set: 1.6ms
[2025-12-24T05:25:46.513+0000][169.517s][info][gc,phases   ] GC(117)   Post Evacuate Collection Set: 0.4ms
[2025-12-24T05:25:46.513+0000][169.517s][info][gc,phases   ] GC(117)   Other: 0.6ms
[2025-12-24T05:25:46.513+0000][169.517s][info][gc,heap     ] GC(117) Eden regions: 321->0(322)
[2025-12-24T05:25:46.513+0000][169.517s][info][gc,heap     ] GC(117) Survivor regions: 5->4(41)
[2025-12-24T05:25:46.513+0000][169.517s][info][gc,heap     ] GC(117) Old regions: 83->83
[2025-12-24T05:25:46.513+0000][169.518s][info][gc,heap     ] GC(117) Archive regions: 2->2
[2025-12-24T05:25:46.513+0000][169.518s][info][gc,heap     ] GC(117) Humongous regions: 19->19
[2025-12-24T05:25:46.514+0000][169.518s][info][gc,metaspace] GC(117) Metaspace: 97530K(98688K)->97530K(98688K) NonClass: 84661K(85184K)->84661K(85184K) Class: 12868K(13504K)->12868K(13504K)
[2025-12-24T05:25:46.514+0000][169.518s][info][gc          ] GC(117) Pause Young (Normal) (G1 Evacuation Pause) 427M->106M(544M) 3.355ms
[2025-12-24T05:25:46.514+0000][169.518s][info][gc,cpu      ] GC(117) User=0.01s Sys=0.00s Real=0.00s
[2025-12-24T05:25:50.810+0000][173.814s][info][gc,start    ] GC(118) Pause Young (Normal) (G1 Evacuation Pause)
[2025-12-24T05:25:50.810+0000][173.814s][info][gc,task     ] GC(118) Using 3 workers of 3 for evacuation
[2025-12-24T05:25:50.812+0000][173.816s][info][gc,phases   ] GC(118)   Pre Evacuate Collection Set: 0.1ms
[2025-12-24T05:25:50.812+0000][173.816s][info][gc,phases   ] GC(118)   Merge Heap Roots: 0.1ms
[2025-12-24T05:25:50.812+0000][173.817s][info][gc,phases   ] GC(118)   Evacuate Collection Set: 1.9ms
[2025-12-24T05:25:50.812+0000][173.817s][info][gc,phases   ] GC(118)   Post Evacuate Collection Set: 0.4ms
[2025-12-24T05:25:50.813+0000][173.817s][info][gc,phases   ] GC(118)   Other: 0.4ms
[2025-12-24T05:25:50.813+0000][173.817s][info][gc,heap     ] GC(118) Eden regions: 322->0(322)
[2025-12-24T05:25:50.813+0000][173.817s][info][gc,heap     ] GC(118) Survivor regions: 4->4(41)
[2025-12-24T05:25:50.813+0000][173.817s][info][gc,heap     ] GC(118) Old regions: 83->83
[2025-12-24T05:25:50.813+0000][173.817s][info][gc,heap     ] GC(118) Archive regions: 2->2
[2025-12-24T05:25:50.813+0000][173.817s][info][gc,heap     ] GC(118) Humongous regions: 19->19
[2025-12-24T05:25:50.813+0000][173.817s][info][gc,metaspace] GC(118) Metaspace: 97595K(98752K)->97595K(98752K) NonClass: 84726K(85248K)->84726K(85248K) Class: 12869K(13504K)->12869K(13504K)
[2025-12-24T05:25:50.813+0000][173.817s][info][gc          ] GC(118) Pause Young (Normal) (G1 Evacuation Pause) 428M->106M(544M) 3.606ms
[2025-12-24T05:25:50.813+0000][173.817s][info][gc,cpu      ] GC(118) User=0.00s Sys=0.00s Real=0.00s
[2025-12-24T05:26:06.133+0000][189.137s][info][gc,start    ] GC(119) Pause Young (Normal) (G1 Evacuation Pause)
[2025-12-24T05:26:06.134+0000][189.138s][info][gc,task     ] GC(119) Using 3 workers of 3 for evacuation
[2025-12-24T05:26:06.139+0000][189.143s][info][gc,phases   ] GC(119)   Pre Evacuate Collection Set: 0.2ms
[2025-12-24T05:26:06.140+0000][189.144s][info][gc,phases   ] GC(119)   Merge Heap Roots: 0.2ms
[2025-12-24T05:26:06.140+0000][189.144s][info][gc,phases   ] GC(119)   Evacuate Collection Set: 4.2ms
[2025-12-24T05:26:06.140+0000][189.144s][info][gc,phases   ] GC(119)   Post Evacuate Collection Set: 0.7ms
[2025-12-24T05:26:06.140+0000][189.144s][info][gc,phases   ] GC(119)   Other: 1.5ms
[2025-12-24T05:26:06.140+0000][189.144s][info][gc,heap     ] GC(119) Eden regions: 322->0(323)
[2025-12-24T05:26:06.140+0000][189.144s][info][gc,heap     ] GC(119) Survivor regions: 4->3(41)
[2025-12-24T05:26:06.140+0000][189.144s][info][gc,heap     ] GC(119) Old regions: 83->83
[2025-12-24T05:26:06.140+0000][189.144s][info][gc,heap     ] GC(119) Archive regions: 2->2
[2025-12-24T05:26:06.140+0000][189.144s][info][gc,heap     ] GC(119) Humongous regions: 19->19
[2025-12-24T05:26:06.140+0000][189.144s][info][gc,metaspace] GC(119) Metaspace: 97664K(98880K)->97664K(98880K) NonClass: 84795K(85376K)->84795K(85376K) Class: 12869K(13504K)->12869K(13504K)
[2025-12-24T05:26:06.140+0000][189.145s][info][gc          ] GC(119) Pause Young (Normal) (G1 Evacuation Pause) 428M->105M(544M) 7.712ms
[2025-12-24T05:26:06.141+0000][189.145s][info][gc,cpu      ] GC(119) User=0.01s Sys=0.00s Real=0.01s
[2025-12-24T05:26:10.409+0000][193.413s][info][gc,start    ] GC(120) Pause Young (Normal) (G1 Evacuation Pause)
[2025-12-24T05:26:10.409+0000][193.413s][info][gc,task     ] GC(120) Using 3 workers of 3 for evacuation
[2025-12-24T05:26:10.412+0000][193.416s][info][gc,phases   ] GC(120)   Pre Evacuate Collection Set: 0.1ms
[2025-12-24T05:26:10.412+0000][193.416s][info][gc,phases   ] GC(120)   Merge Heap Roots: 0.1ms
[2025-12-24T05:26:10.412+0000][193.416s][info][gc,phases   ] GC(120)   Evacuate Collection Set: 2.0ms
[2025-12-24T05:26:10.412+0000][193.416s][info][gc,phases   ] GC(120)   Post Evacuate Collection Set: 0.5ms
[2025-12-24T05:26:10.412+0000][193.416s][info][gc,phases   ] GC(120)   Other: 0.5ms
[2025-12-24T05:26:10.412+0000][193.417s][info][gc,heap     ] GC(120) Eden regions: 323->0(323)
[2025-12-24T05:26:10.412+0000][193.417s][info][gc,heap     ] GC(120) Survivor regions: 3->3(41)
[2025-12-24T05:26:10.413+0000][193.417s][info][gc,heap     ] GC(120) Old regions: 83->84
[2025-12-24T05:26:10.413+0000][193.417s][info][gc,heap     ] GC(120) Archive regions: 2->2
[2025-12-24T05:26:10.413+0000][193.417s][info][gc,heap     ] GC(120) Humongous regions: 19->19
[2025-12-24T05:26:10.413+0000][193.417s][info][gc,metaspace] GC(120) Metaspace: 97672K(98880K)->97672K(98880K) NonClass: 84803K(85376K)->84803K(85376K) Class: 12869K(13504K)->12869K(13504K)
[2025-12-24T05:26:10.413+0000][193.417s][info][gc          ] GC(120) Pause Young (Normal) (G1 Evacuation Pause) 428M->105M(544M) 3.835ms
[2025-12-24T05:26:10.413+0000][193.417s][info][gc,cpu      ] GC(120) User=0.01s Sys=0.00s Real=0.00s
[2025-12-24T05:26:14.718+0000][197.722s][info][gc,start    ] GC(121) Pause Young (Normal) (G1 Evacuation Pause)
[2025-12-24T05:26:14.719+0000][197.723s][info][gc,task     ] GC(121) Using 3 workers of 3 for evacuation
[2025-12-24T05:26:14.721+0000][197.725s][info][gc,phases   ] GC(121)   Pre Evacuate Collection Set: 0.1ms
[2025-12-24T05:26:14.721+0000][197.725s][info][gc,phases   ] GC(121)   Merge Heap Roots: 0.1ms
[2025-12-24T05:26:14.721+0000][197.726s][info][gc,phases   ] GC(121)   Evacuate Collection Set: 2.0ms
[2025-12-24T05:26:14.721+0000][197.726s][info][gc,phases   ] GC(121)   Post Evacuate Collection Set: 0.4ms
[2025-12-24T05:26:14.722+0000][197.726s][info][gc,phases   ] GC(121)   Other: 0.8ms
[2025-12-24T05:26:14.722+0000][197.726s][info][gc,heap     ] GC(121) Eden regions: 323->0(323)
[2025-12-24T05:26:14.722+0000][197.726s][info][gc,heap     ] GC(121) Survivor regions: 3->3(41)
[2025-12-24T05:26:14.722+0000][197.726s][info][gc,heap     ] GC(121) Old regions: 84->84
[2025-12-24T05:26:14.722+0000][197.726s][info][gc,heap     ] GC(121) Archive regions: 2->2
[2025-12-24T05:26:14.722+0000][197.726s][info][gc,heap     ] GC(121) Humongous regions: 19->19
[2025-12-24T05:26:14.722+0000][197.726s][info][gc,metaspace] GC(121) Metaspace: 97686K(98880K)->97686K(98880K) NonClass: 84817K(85376K)->84817K(85376K) Class: 12869K(13504K)->12869K(13504K)
[2025-12-24T05:26:14.722+0000][197.726s][info][gc          ] GC(121) Pause Young (Normal) (G1 Evacuation Pause) 428M->105M(544M) 4.208ms
[2025-12-24T05:26:14.722+0000][197.726s][info][gc,cpu      ] GC(121) User=0.00s Sys=0.00s Real=0.01s
[2025-12-24T05:26:19.158+0000][202.162s][info][gc,start    ] GC(122) Pause Young (Normal) (G1 Evacuation Pause)
[2025-12-24T05:26:19.159+0000][202.163s][info][gc,task     ] GC(122) Using 3 workers of 3 for evacuation
[2025-12-24T05:26:19.161+0000][202.166s][info][gc,phases   ] GC(122)   Pre Evacuate Collection Set: 0.1ms
[2025-12-24T05:26:19.162+0000][202.166s][info][gc,phases   ] GC(122)   Merge Heap Roots: 0.1ms
[2025-12-24T05:26:19.162+0000][202.166s][info][gc,phases   ] GC(122)   Evacuate Collection Set: 1.9ms
[2025-12-24T05:26:19.162+0000][202.166s][info][gc,phases   ] GC(122)   Post Evacuate Collection Set: 0.5ms
[2025-12-24T05:26:19.162+0000][202.166s][info][gc,phases   ] GC(122)   Other: 0.8ms
[2025-12-24T05:26:19.162+0000][202.166s][info][gc,heap     ] GC(122) Eden regions: 323->0(325)
[2025-12-24T05:26:19.162+0000][202.166s][info][gc,heap     ] GC(122) Survivor regions: 3->1(41)
[2025-12-24T05:26:19.162+0000][202.166s][info][gc,heap     ] GC(122) Old regions: 84->85
[2025-12-24T05:26:19.162+0000][202.166s][info][gc,heap     ] GC(122) Archive regions: 2->2
[2025-12-24T05:26:19.162+0000][202.166s][info][gc,heap     ] GC(122) Humongous regions: 19->19
[2025-12-24T05:26:19.162+0000][202.166s][info][gc,metaspace] GC(122) Metaspace: 97687K(98880K)->97687K(98880K) NonClass: 84818K(85376K)->84818K(85376K) Class: 12869K(13504K)->12869K(13504K)
[2025-12-24T05:26:19.162+0000][202.166s][info][gc          ] GC(122) Pause Young (Normal) (G1 Evacuation Pause) 428M->105M(544M) 4.021ms
[2025-12-24T05:26:19.162+0000][202.166s][info][gc,cpu      ] GC(122) User=0.00s Sys=0.00s Real=0.01s
[2025-12-24T05:26:21.884+0000][204.888s][info][gc,start    ] GC(123) Pause Young (Normal) (G1 Evacuation Pause)
[2025-12-24T05:26:21.884+0000][204.888s][info][gc,task     ] GC(123) Using 3 workers of 3 for evacuation
[2025-12-24T05:26:21.886+0000][204.890s][info][gc,phases   ] GC(123)   Pre Evacuate Collection Set: 0.1ms
[2025-12-24T05:26:21.886+0000][204.890s][info][gc,phases   ] GC(123)   Merge Heap Roots: 0.1ms
[2025-12-24T05:26:21.886+0000][204.890s][info][gc,phases   ] GC(123)   Evacuate Collection Set: 1.3ms
[2025-12-24T05:26:21.886+0000][204.890s][info][gc,phases   ] GC(123)   Post Evacuate Collection Set: 0.5ms
[2025-12-24T05:26:21.886+0000][204.891s][info][gc,phases   ] GC(123)   Other: 0.5ms
[2025-12-24T05:26:21.886+0000][204.891s][info][gc,heap     ] GC(123) Eden regions: 325->0(325)
[2025-12-24T05:26:21.887+0000][204.891s][info][gc,heap     ] GC(123) Survivor regions: 1->1(41)
[2025-12-24T05:26:21.887+0000][204.891s][info][gc,heap     ] GC(123) Old regions: 85->85
[2025-12-24T05:26:21.887+0000][204.891s][info][gc,heap     ] GC(123) Archive regions: 2->2
[2025-12-24T05:26:21.887+0000][204.891s][info][gc,heap     ] GC(123) Humongous regions: 29->24
[2025-12-24T05:26:21.887+0000][204.891s][info][gc,metaspace] GC(123) Metaspace: 97707K(98880K)->97707K(98880K) NonClass: 84837K(85376K)->84837K(85376K) Class: 12869K(13504K)->12869K(13504K)
[2025-12-24T05:26:21.887+0000][204.891s][info][gc          ] GC(123) Pause Young (Normal) (G1 Evacuation Pause) 440M->110M(544M) 3.380ms
[2025-12-24T05:26:21.887+0000][204.891s][info][gc,cpu      ] GC(123) User=0.00s Sys=0.00s Real=0.00s
[2025-12-24T05:26:26.198+0000][209.202s][info][gc,start    ] GC(124) Pause Young (Normal) (G1 Evacuation Pause)
[2025-12-24T05:26:26.199+0000][209.203s][info][gc,task     ] GC(124) Using 3 workers of 3 for evacuation
[2025-12-24T05:26:26.201+0000][209.205s][info][gc,phases   ] GC(124)   Pre Evacuate Collection Set: 0.1ms
[2025-12-24T05:26:26.201+0000][209.205s][info][gc,phases   ] GC(124)   Merge Heap Roots: 0.1ms
[2025-12-24T05:26:26.201+0000][209.205s][info][gc,phases   ] GC(124)   Evacuate Collection Set: 1.2ms
[2025-12-24T05:26:26.201+0000][209.205s][info][gc,phases   ] GC(124)   Post Evacuate Collection Set: 0.4ms
[2025-12-24T05:26:26.201+0000][209.205s][info][gc,phases   ] GC(124)   Other: 1.3ms
[2025-12-24T05:26:26.201+0000][209.206s][info][gc,heap     ] GC(124) Eden regions: 325->0(325)
[2025-12-24T05:26:26.202+0000][209.206s][info][gc,heap     ] GC(124) Survivor regions: 1->1(41)
[2025-12-24T05:26:26.202+0000][209.206s][info][gc,heap     ] GC(124) Old regions: 85->86
[2025-12-24T05:26:26.202+0000][209.206s][info][gc,heap     ] GC(124) Archive regions: 2->2
[2025-12-24T05:26:26.202+0000][209.206s][info][gc,heap     ] GC(124) Humongous regions: 24->24
[2025-12-24T05:26:26.202+0000][209.206s][info][gc,metaspace] GC(124) Metaspace: 97709K(98880K)->97709K(98880K) NonClass: 84839K(85376K)->84839K(85376K) Class: 12869K(13504K)->12869K(13504K)
[2025-12-24T05:26:26.202+0000][209.206s][info][gc          ] GC(124) Pause Young (Normal) (G1 Evacuation Pause) 435M->110M(544M) 4.071ms
[2025-12-24T05:26:26.202+0000][209.206s][info][gc,cpu      ] GC(124) User=0.01s Sys=0.00s Real=0.01s
[2025-12-24T05:26:30.595+0000][213.599s][info][gc,start    ] GC(125) Pause Young (Normal) (G1 Evacuation Pause)
[2025-12-24T05:26:30.595+0000][213.600s][info][gc,task     ] GC(125) Using 3 workers of 3 for evacuation
[2025-12-24T05:26:30.600+0000][213.604s][info][gc,phases   ] GC(125)   Pre Evacuate Collection Set: 0.2ms
[2025-12-24T05:26:30.600+0000][213.605s][info][gc,phases   ] GC(125)   Merge Heap Roots: 0.2ms
[2025-12-24T05:26:30.601+0000][213.605s][info][gc,phases   ] GC(125)   Evacuate Collection Set: 3.1ms
[2025-12-24T05:26:30.601+0000][213.605s][info][gc,phases   ] GC(125)   Post Evacuate Collection Set: 0.9ms
[2025-12-24T05:26:30.601+0000][213.605s][info][gc,phases   ] GC(125)   Other: 1.4ms
[2025-12-24T05:26:30.601+0000][213.605s][info][gc,heap     ] GC(125) Eden regions: 325->0(325)
[2025-12-24T05:26:30.601+0000][213.605s][info][gc,heap     ] GC(125) Survivor regions: 1->1(41)
[2025-12-24T05:26:30.601+0000][213.605s][info][gc,heap     ] GC(125) Old regions: 86->86
[2025-12-24T05:26:30.602+0000][213.606s][info][gc,heap     ] GC(125) Archive regions: 2->2
[2025-12-24T05:26:30.602+0000][213.606s][info][gc,heap     ] GC(125) Humongous regions: 24->24
[2025-12-24T05:26:30.602+0000][213.606s][info][gc,metaspace] GC(125) Metaspace: 97712K(98880K)->97712K(98880K) NonClass: 84842K(85376K)->84842K(85376K) Class: 12869K(13504K)->12869K(13504K)
[2025-12-24T05:26:30.602+0000][213.606s][info][gc          ] GC(125) Pause Young (Normal) (G1 Evacuation Pause) 435M->110M(544M) 7.089ms
[2025-12-24T05:26:30.602+0000][213.606s][info][gc,cpu      ] GC(125) User=0.01s Sys=0.00s Real=0.01s
[2025-12-24T05:26:35.475+0000][218.480s][info][gc,start    ] GC(126) Pause Young (Normal) (G1 Evacuation Pause)
[2025-12-24T05:26:35.476+0000][218.480s][info][gc,task     ] GC(126) Using 3 workers of 3 for evacuation
[2025-12-24T05:26:35.480+0000][218.484s][info][gc,phases   ] GC(126)   Pre Evacuate Collection Set: 0.2ms
[2025-12-24T05:26:35.480+0000][218.484s][info][gc,phases   ] GC(126)   Merge Heap Roots: 0.1ms
[2025-12-24T05:26:35.480+0000][218.484s][info][gc,phases   ] GC(126)   Evacuate Collection Set: 2.8ms
[2025-12-24T05:26:35.480+0000][218.485s][info][gc,phases   ] GC(126)   Post Evacuate Collection Set: 0.8ms
[2025-12-24T05:26:35.481+0000][218.485s][info][gc,phases   ] GC(126)   Other: 0.8ms
[2025-12-24T05:26:35.481+0000][218.485s][info][gc,heap     ] GC(126) Eden regions: 325->0(325)
[2025-12-24T05:26:35.481+0000][218.485s][info][gc,heap     ] GC(126) Survivor regions: 1->1(41)
[2025-12-24T05:26:35.481+0000][218.485s][info][gc,heap     ] GC(126) Old regions: 86->86
[2025-12-24T05:26:35.481+0000][218.485s][info][gc,heap     ] GC(126) Archive regions: 2->2
[2025-12-24T05:26:35.481+0000][218.485s][info][gc,heap     ] GC(126) Humongous regions: 24->24
[2025-12-24T05:26:35.481+0000][218.486s][info][gc,metaspace] GC(126) Metaspace: 97714K(98880K)->97714K(98880K) NonClass: 84844K(85376K)->84844K(85376K) Class: 12869K(13504K)->12869K(13504K)
[2025-12-24T05:26:35.482+0000][218.486s][info][gc          ] GC(126) Pause Young (Normal) (G1 Evacuation Pause) 435M->110M(544M) 6.133ms
[2025-12-24T05:26:35.482+0000][218.486s][info][gc,cpu      ] GC(126) User=0.01s Sys=0.00s Real=0.01s
[2025-12-24T05:26:38.732+0000][221.737s][info][gc,start    ] GC(127) Pause Young (Normal) (G1 Evacuation Pause)
[2025-12-24T05:26:38.733+0000][221.737s][info][gc,task     ] GC(127) Using 3 workers of 3 for evacuation
[2025-12-24T05:26:38.735+0000][221.739s][info][gc,phases   ] GC(127)   Pre Evacuate Collection Set: 0.1ms
[2025-12-24T05:26:38.736+0000][221.740s][info][gc,phases   ] GC(127)   Merge Heap Roots: 0.1ms
[2025-12-24T05:26:38.736+0000][221.740s][info][gc,phases   ] GC(127)   Evacuate Collection Set: 1.6ms
[2025-12-24T05:26:38.736+0000][221.740s][info][gc,phases   ] GC(127)   Post Evacuate Collection Set: 0.6ms
[2025-12-24T05:26:38.736+0000][221.740s][info][gc,phases   ] GC(127)   Other: 0.7ms
[2025-12-24T05:26:38.736+0000][221.740s][info][gc,heap     ] GC(127) Eden regions: 325->0(325)
[2025-12-24T05:26:38.736+0000][221.740s][info][gc,heap     ] GC(127) Survivor regions: 1->1(41)
[2025-12-24T05:26:38.736+0000][221.740s][info][gc,heap     ] GC(127) Old regions: 86->86
[2025-12-24T05:26:38.736+0000][221.740s][info][gc,heap     ] GC(127) Archive regions: 2->2
[2025-12-24T05:26:38.736+0000][221.741s][info][gc,heap     ] GC(127) Humongous regions: 34->29
[2025-12-24T05:26:38.737+0000][221.741s][info][gc,metaspace] GC(127) Metaspace: 97728K(98880K)->97728K(98880K) NonClass: 84858K(85376K)->84858K(85376K) Class: 12869K(13504K)->12869K(13504K)
[2025-12-24T05:26:38.737+0000][221.741s][info][gc          ] GC(127) Pause Young (Normal) (G1 Evacuation Pause) 445M->115M(544M) 4.247ms
[2025-12-24T05:26:38.737+0000][221.741s][info][gc,cpu      ] GC(127) User=0.00s Sys=0.00s Real=0.00s
[2025-12-24T05:26:43.824+0000][226.828s][info][gc,start    ] GC(128) Pause Young (Normal) (G1 Evacuation Pause)
[2025-12-24T05:26:43.824+0000][226.828s][info][gc,task     ] GC(128) Using 3 workers of 3 for evacuation
[2025-12-24T05:26:43.826+0000][226.831s][info][gc,phases   ] GC(128)   Pre Evacuate Collection Set: 0.1ms
[2025-12-24T05:26:43.827+0000][226.831s][info][gc,phases   ] GC(128)   Merge Heap Roots: 0.1ms
[2025-12-24T05:26:43.827+0000][226.831s][info][gc,phases   ] GC(128)   Evacuate Collection Set: 1.5ms
[2025-12-24T05:26:43.827+0000][226.831s][info][gc,phases   ] GC(128)   Post Evacuate Collection Set: 0.4ms
[2025-12-24T05:26:43.827+0000][226.831s][info][gc,phases   ] GC(128)   Other: 0.5ms
[2025-12-24T05:26:43.827+0000][226.831s][info][gc,heap     ] GC(128) Eden regions: 325->0(325)
[2025-12-24T05:26:43.827+0000][226.831s][info][gc,heap     ] GC(128) Survivor regions: 1->1(41)
[2025-12-24T05:26:43.827+0000][226.831s][info][gc,heap     ] GC(128) Old regions: 86->86
[2025-12-24T05:26:43.827+0000][226.831s][info][gc,heap     ] GC(128) Archive regions: 2->2
[2025-12-24T05:26:43.827+0000][226.831s][info][gc,heap     ] GC(128) Humongous regions: 29->29
[2025-12-24T05:26:43.827+0000][226.831s][info][gc,metaspace] GC(128) Metaspace: 97728K(98880K)->97728K(98880K) NonClass: 84858K(85376K)->84858K(85376K) Class: 12869K(13504K)->12869K(13504K)
[2025-12-24T05:26:43.827+0000][226.831s][info][gc          ] GC(128) Pause Young (Normal) (G1 Evacuation Pause) 440M->115M(544M) 3.034ms
[2025-12-24T05:26:43.827+0000][226.831s][info][gc,cpu      ] GC(128) User=0.00s Sys=0.00s Real=0.00s
[2025-12-24T05:26:48.735+0000][231.739s][info][gc,start    ] GC(129) Pause Young (Normal) (G1 Evacuation Pause)
[2025-12-24T05:26:48.736+0000][231.740s][info][gc,task     ] GC(129) Using 3 workers of 3 for evacuation
[2025-12-24T05:26:48.743+0000][231.747s][info][gc,phases   ] GC(129)   Pre Evacuate Collection Set: 0.5ms
[2025-12-24T05:26:48.743+0000][231.747s][info][gc,phases   ] GC(129)   Merge Heap Roots: 0.2ms
[2025-12-24T05:26:48.744+0000][231.748s][info][gc,phases   ] GC(129)   Evacuate Collection Set: 3.8ms
[2025-12-24T05:26:48.744+0000][231.748s][info][gc,phases   ] GC(129)   Post Evacuate Collection Set: 1.2ms
[2025-12-24T05:26:48.744+0000][231.748s][info][gc,phases   ] GC(129)   Other: 2.2ms
[2025-12-24T05:26:48.744+0000][231.748s][info][gc,heap     ] GC(129) Eden regions: 325->0(325)
[2025-12-24T05:26:48.744+0000][231.749s][info][gc,heap     ] GC(129) Survivor regions: 1->1(41)
[2025-12-24T05:26:48.745+0000][231.749s][info][gc,heap     ] GC(129) Old regions: 86->86
[2025-12-24T05:26:48.745+0000][231.749s][info][gc,heap     ] GC(129) Archive regions: 2->2
[2025-12-24T05:26:48.745+0000][231.749s][info][gc,heap     ] GC(129) Humongous regions: 29->29
[2025-12-24T05:26:48.745+0000][231.749s][info][gc,metaspace] GC(129) Metaspace: 97730K(98880K)->97730K(98880K) NonClass: 84860K(85376K)->84860K(85376K) Class: 12869K(13504K)->12869K(13504K)
[2025-12-24T05:26:48.745+0000][231.749s][info][gc          ] GC(129) Pause Young (Normal) (G1 Evacuation Pause) 440M->115M(544M) 9.948ms
[2025-12-24T05:26:48.746+0000][231.750s][info][gc,cpu      ] GC(129) User=0.01s Sys=0.00s Real=0.01s
[2025-12-24T05:26:51.915+0000][234.919s][info][gc,start    ] GC(130) Pause Young (Normal) (G1 Evacuation Pause)
[2025-12-24T05:26:51.915+0000][234.919s][info][gc,task     ] GC(130) Using 3 workers of 3 for evacuation
[2025-12-24T05:26:51.917+0000][234.921s][info][gc,phases   ] GC(130)   Pre Evacuate Collection Set: 0.1ms
[2025-12-24T05:26:51.917+0000][234.922s][info][gc,phases   ] GC(130)   Merge Heap Roots: 0.1ms
[2025-12-24T05:26:51.918+0000][234.922s][info][gc,phases   ] GC(130)   Evacuate Collection Set: 1.5ms
[2025-12-24T05:26:51.918+0000][234.922s][info][gc,phases   ] GC(130)   Post Evacuate Collection Set: 0.5ms
[2025-12-24T05:26:51.918+0000][234.922s][info][gc,phases   ] GC(130)   Other: 0.5ms
[2025-12-24T05:26:51.918+0000][234.922s][info][gc,heap     ] GC(130) Eden regions: 325->0(325)
[2025-12-24T05:26:51.918+0000][234.922s][info][gc,heap     ] GC(130) Survivor regions: 1->1(41)
[2025-12-24T05:26:51.918+0000][234.922s][info][gc,heap     ] GC(130) Old regions: 86->86
[2025-12-24T05:26:51.918+0000][234.922s][info][gc,heap     ] GC(130) Archive regions: 2->2
[2025-12-24T05:26:51.918+0000][234.922s][info][gc,heap     ] GC(130) Humongous regions: 37->32
[2025-12-24T05:26:51.918+0000][234.922s][info][gc,metaspace] GC(130) Metaspace: 97745K(98880K)->97745K(98880K) NonClass: 84875K(85376K)->84875K(85376K) Class: 12869K(13504K)->12869K(13504K)
[2025-12-24T05:26:51.918+0000][234.922s][info][gc          ] GC(130) Pause Young (Normal) (G1 Evacuation Pause) 448M->118M(544M) 3.409ms
[2025-12-24T05:26:51.918+0000][234.923s][info][gc,cpu      ] GC(130) User=0.00s Sys=0.00s Real=0.00s
[2025-12-24T05:26:56.957+0000][239.961s][info][gc,start    ] GC(131) Pause Young (Normal) (G1 Evacuation Pause)
[2025-12-24T05:26:56.959+0000][239.963s][info][gc,task     ] GC(131) Using 3 workers of 3 for evacuation
[2025-12-24T05:26:56.967+0000][239.971s][info][gc,phases   ] GC(131)   Pre Evacuate Collection Set: 0.5ms
[2025-12-24T05:26:56.967+0000][239.971s][info][gc,phases   ] GC(131)   Merge Heap Roots: 0.2ms
[2025-12-24T05:26:56.967+0000][239.971s][info][gc,phases   ] GC(131)   Evacuate Collection Set: 4.8ms
[2025-12-24T05:26:56.967+0000][239.971s][info][gc,phases   ] GC(131)   Post Evacuate Collection Set: 1.2ms
[2025-12-24T05:26:56.967+0000][239.972s][info][gc,phases   ] GC(131)   Other: 3.2ms
[2025-12-24T05:26:56.968+0000][239.972s][info][gc,heap     ] GC(131) Eden regions: 325->0(325)
[2025-12-24T05:26:56.968+0000][239.972s][info][gc,heap     ] GC(131) Survivor regions: 1->1(41)
[2025-12-24T05:26:56.968+0000][239.972s][info][gc,heap     ] GC(131) Old regions: 86->86
[2025-12-24T05:26:56.968+0000][239.972s][info][gc,heap     ] GC(131) Archive regions: 2->2
[2025-12-24T05:26:56.968+0000][239.972s][info][gc,heap     ] GC(131) Humongous regions: 32->32
[2025-12-24T05:26:56.968+0000][239.972s][info][gc,metaspace] GC(131) Metaspace: 97778K(98944K)->97778K(98944K) NonClass: 84908K(85440K)->84908K(85440K) Class: 12869K(13504K)->12869K(13504K)
[2025-12-24T05:26:56.969+0000][239.973s][info][gc          ] GC(131) Pause Young (Normal) (G1 Evacuation Pause) 443M->118M(544M) 11.363ms
[2025-12-24T05:26:56.969+0000][239.973s][info][gc,cpu      ] GC(131) User=0.02s Sys=0.00s Real=0.02s
[2025-12-24T05:27:01.622+0000][244.626s][info][gc,start    ] GC(132) Pause Young (Normal) (G1 Evacuation Pause)
[2025-12-24T05:27:01.622+0000][244.626s][info][gc,task     ] GC(132) Using 3 workers of 3 for evacuation
[2025-12-24T05:27:01.627+0000][244.632s][info][gc,phases   ] GC(132)   Pre Evacuate Collection Set: 0.2ms
[2025-12-24T05:27:01.628+0000][244.632s][info][gc,phases   ] GC(132)   Merge Heap Roots: 0.2ms
[2025-12-24T05:27:01.628+0000][244.632s][info][gc,phases   ] GC(132)   Evacuate Collection Set: 3.7ms
[2025-12-24T05:27:01.628+0000][244.632s][info][gc,phases   ] GC(132)   Post Evacuate Collection Set: 0.9ms
[2025-12-24T05:27:01.628+0000][244.632s][info][gc,phases   ] GC(132)   Other: 0.8ms
[2025-12-24T05:27:01.628+0000][244.632s][info][gc,heap     ] GC(132) Eden regions: 325->0(325)
[2025-12-24T05:27:01.628+0000][244.632s][info][gc,heap     ] GC(132) Survivor regions: 1->1(41)
[2025-12-24T05:27:01.628+0000][244.633s][info][gc,heap     ] GC(132) Old regions: 86->86
[2025-12-24T05:27:01.629+0000][244.633s][info][gc,heap     ] GC(132) Archive regions: 2->2
[2025-12-24T05:27:01.629+0000][244.633s][info][gc,heap     ] GC(132) Humongous regions: 32->32
[2025-12-24T05:27:01.629+0000][244.633s][info][gc,metaspace] GC(132) Metaspace: 97786K(98944K)->97786K(98944K) NonClass: 84916K(85440K)->84916K(85440K) Class: 12869K(13504K)->12869K(13504K)
[2025-12-24T05:27:01.629+0000][244.633s][info][gc          ] GC(132) Pause Young (Normal) (G1 Evacuation Pause) 443M->118M(544M) 7.039ms
[2025-12-24T05:27:01.629+0000][244.633s][info][gc,cpu      ] GC(132) User=0.01s Sys=0.00s Real=0.01s
[2025-12-24T05:27:06.631+0000][249.636s][info][gc,start    ] GC(133) Pause Young (Normal) (G1 Evacuation Pause)
[2025-12-24T05:27:06.632+0000][249.636s][info][gc,task     ] GC(133) Using 3 workers of 3 for evacuation
[2025-12-24T05:27:06.636+0000][249.640s][info][gc,phases   ] GC(133)   Pre Evacuate Collection Set: 0.2ms
[2025-12-24T05:27:06.636+0000][249.640s][info][gc,phases   ] GC(133)   Merge Heap Roots: 0.1ms
[2025-12-24T05:27:06.637+0000][249.641s][info][gc,phases   ] GC(133)   Evacuate Collection Set: 2.6ms
[2025-12-24T05:27:06.637+0000][249.641s][info][gc,phases   ] GC(133)   Post Evacuate Collection Set: 0.9ms
[2025-12-24T05:27:06.637+0000][249.641s][info][gc,phases   ] GC(133)   Other: 1.0ms
[2025-12-24T05:27:06.637+0000][249.641s][info][gc,heap     ] GC(133) Eden regions: 325->0(325)
[2025-12-24T05:27:06.637+0000][249.641s][info][gc,heap     ] GC(133) Survivor regions: 1->1(41)
[2025-12-24T05:27:06.637+0000][249.642s][info][gc,heap     ] GC(133) Old regions: 86->86
[2025-12-24T05:27:06.638+0000][249.642s][info][gc,heap     ] GC(133) Archive regions: 2->2
[2025-12-24T05:27:06.638+0000][249.642s][info][gc,heap     ] GC(133) Humongous regions: 32->32
[2025-12-24T05:27:06.638+0000][249.642s][info][gc,metaspace] GC(133) Metaspace: 97786K(98944K)->97786K(98944K) NonClass: 84916K(85440K)->84916K(85440K) Class: 12869K(13504K)->12869K(13504K)
[2025-12-24T05:27:06.638+0000][249.642s][info][gc          ] GC(133) Pause Young (Normal) (G1 Evacuation Pause) 443M->118M(544M) 6.913ms
[2025-12-24T05:27:06.639+0000][249.643s][info][gc,cpu      ] GC(133) User=0.01s Sys=0.00s Real=0.01s
[2025-12-24T05:27:09.821+0000][252.825s][info][gc,start    ] GC(134) Pause Young (Normal) (G1 Evacuation Pause)
[2025-12-24T05:27:09.821+0000][252.825s][info][gc,task     ] GC(134) Using 3 workers of 3 for evacuation
[2025-12-24T05:27:09.825+0000][252.829s][info][gc,phases   ] GC(134)   Pre Evacuate Collection Set: 0.1ms
[2025-12-24T05:27:09.825+0000][252.829s][info][gc,phases   ] GC(134)   Merge Heap Roots: 0.1ms
[2025-12-24T05:27:09.825+0000][252.829s][info][gc,phases   ] GC(134)   Evacuate Collection Set: 2.2ms
[2025-12-24T05:27:09.825+0000][252.829s][info][gc,phases   ] GC(134)   Post Evacuate Collection Set: 0.7ms
[2025-12-24T05:27:09.825+0000][252.829s][info][gc,phases   ] GC(134)   Other: 1.0ms
[2025-12-24T05:27:09.825+0000][252.830s][info][gc,heap     ] GC(134) Eden regions: 325->0(325)
[2025-12-24T05:27:09.826+0000][252.830s][info][gc,heap     ] GC(134) Survivor regions: 1->1(41)
[2025-12-24T05:27:09.826+0000][252.830s][info][gc,heap     ] GC(134) Old regions: 86->86
[2025-12-24T05:27:09.826+0000][252.830s][info][gc,heap     ] GC(134) Archive regions: 2->2
[2025-12-24T05:27:09.826+0000][252.830s][info][gc,heap     ] GC(134) Humongous regions: 32->32
[2025-12-24T05:27:09.826+0000][252.830s][info][gc,metaspace] GC(134) Metaspace: 97803K(98944K)->97803K(98944K) NonClass: 84932K(85440K)->84932K(85440K) Class: 12870K(13504K)->12870K(13504K)
[2025-12-24T05:27:09.826+0000][252.831s][info][gc          ] GC(134) Pause Young (Normal) (G1 Evacuation Pause) 443M->118M(544M) 5.829ms
[2025-12-24T05:27:09.827+0000][252.831s][info][gc,cpu      ] GC(134) User=0.01s Sys=0.00s Real=0.00s
[2025-12-24T05:27:14.742+0000][257.746s][info][gc,start    ] GC(135) Pause Young (Normal) (G1 Evacuation Pause)
[2025-12-24T05:27:14.742+0000][257.746s][info][gc,task     ] GC(135) Using 3 workers of 3 for evacuation
[2025-12-24T05:27:14.745+0000][257.749s][info][gc,phases   ] GC(135)   Pre Evacuate Collection Set: 0.2ms
[2025-12-24T05:27:14.745+0000][257.749s][info][gc,phases   ] GC(135)   Merge Heap Roots: 0.1ms
[2025-12-24T05:27:14.745+0000][257.749s][info][gc,phases   ] GC(135)   Evacuate Collection Set: 1.6ms
[2025-12-24T05:27:14.745+0000][257.750s][info][gc,phases   ] GC(135)   Post Evacuate Collection Set: 0.6ms
[2025-12-24T05:27:14.746+0000][257.750s][info][gc,phases   ] GC(135)   Other: 0.7ms
[2025-12-24T05:27:14.746+0000][257.750s][info][gc,heap     ] GC(135) Eden regions: 325->0(325)
[2025-12-24T05:27:14.746+0000][257.750s][info][gc,heap     ] GC(135) Survivor regions: 1->1(41)
[2025-12-24T05:27:14.746+0000][257.750s][info][gc,heap     ] GC(135) Old regions: 86->86
[2025-12-24T05:27:14.746+0000][257.750s][info][gc,heap     ] GC(135) Archive regions: 2->2
[2025-12-24T05:27:14.746+0000][257.750s][info][gc,heap     ] GC(135) Humongous regions: 32->32
[2025-12-24T05:27:14.746+0000][257.750s][info][gc,metaspace] GC(135) Metaspace: 97825K(98944K)->97825K(98944K) NonClass: 84955K(85440K)->84955K(85440K) Class: 12870K(13504K)->12870K(13504K)
[2025-12-24T05:27:14.747+0000][257.751s][info][gc          ] GC(135) Pause Young (Normal) (G1 Evacuation Pause) 443M->118M(544M) 4.532ms
[2025-12-24T05:27:14.747+0000][257.751s][info][gc,cpu      ] GC(135) User=0.01s Sys=0.00s Real=0.00s
[2025-12-24T05:27:19.981+0000][262.985s][info][gc,start    ] GC(136) Pause Young (Normal) (G1 Evacuation Pause)
[2025-12-24T05:27:19.982+0000][262.986s][info][gc,task     ] GC(136) Using 3 workers of 3 for evacuation
[2025-12-24T05:27:19.984+0000][262.988s][info][gc,phases   ] GC(136)   Pre Evacuate Collection Set: 0.1ms
[2025-12-24T05:27:19.984+0000][262.989s][info][gc,phases   ] GC(136)   Merge Heap Roots: 0.0ms
[2025-12-24T05:27:19.985+0000][262.989s][info][gc,phases   ] GC(136)   Evacuate Collection Set: 1.7ms
[2025-12-24T05:27:19.985+0000][262.989s][info][gc,phases   ] GC(136)   Post Evacuate Collection Set: 0.3ms
[2025-12-24T05:27:19.985+0000][262.989s][info][gc,phases   ] GC(136)   Other: 1.3ms
[2025-12-24T05:27:19.985+0000][262.989s][info][gc,heap     ] GC(136) Eden regions: 325->0(325)
[2025-12-24T05:27:19.985+0000][262.989s][info][gc,heap     ] GC(136) Survivor regions: 1->1(41)
[2025-12-24T05:27:19.985+0000][262.989s][info][gc,heap     ] GC(136) Old regions: 86->86
[2025-12-24T05:27:19.985+0000][262.989s][info][gc,heap     ] GC(136) Archive regions: 2->2
[2025-12-24T05:27:19.985+0000][262.989s][info][gc,heap     ] GC(136) Humongous regions: 32->32
[2025-12-24T05:27:19.985+0000][262.989s][info][gc,metaspace] GC(136) Metaspace: 97843K(99008K)->97843K(99008K) NonClass: 84972K(85504K)->84972K(85504K) Class: 12870K(13504K)->12870K(13504K)
[2025-12-24T05:27:19.985+0000][262.989s][info][gc          ] GC(136) Pause Young (Normal) (G1 Evacuation Pause) 443M->118M(544M) 4.034ms
[2025-12-24T05:27:19.985+0000][262.989s][info][gc,cpu      ] GC(136) User=0.01s Sys=0.00s Real=0.00s
[2025-12-24T05:27:23.315+0000][266.319s][info][gc,start    ] GC(137) Pause Young (Normal) (G1 Evacuation Pause)
[2025-12-24T05:27:23.316+0000][266.320s][info][gc,task     ] GC(137) Using 3 workers of 3 for evacuation
[2025-12-24T05:27:23.322+0000][266.326s][info][gc,phases   ] GC(137)   Pre Evacuate Collection Set: 0.4ms
[2025-12-24T05:27:23.322+0000][266.326s][info][gc,phases   ] GC(137)   Merge Heap Roots: 0.2ms
[2025-12-24T05:27:23.322+0000][266.326s][info][gc,phases   ] GC(137)   Evacuate Collection Set: 3.3ms
[2025-12-24T05:27:23.322+0000][266.327s][info][gc,phases   ] GC(137)   Post Evacuate Collection Set: 1.2ms
[2025-12-24T05:27:23.323+0000][266.327s][info][gc,phases   ] GC(137)   Other: 1.7ms
[2025-12-24T05:27:23.323+0000][266.327s][info][gc,heap     ] GC(137) Eden regions: 325->0(325)
[2025-12-24T05:27:23.323+0000][266.327s][info][gc,heap     ] GC(137) Survivor regions: 1->1(41)
[2025-12-24T05:27:23.323+0000][266.327s][info][gc,heap     ] GC(137) Old regions: 86->86
[2025-12-24T05:27:23.323+0000][266.327s][info][gc,heap     ] GC(137) Archive regions: 2->2
[2025-12-24T05:27:23.323+0000][266.327s][info][gc,heap     ] GC(137) Humongous regions: 42->37
[2025-12-24T05:27:23.323+0000][266.328s][info][gc,metaspace] GC(137) Metaspace: 97857K(99008K)->97857K(99008K) NonClass: 84987K(85504K)->84987K(85504K) Class: 12870K(13504K)->12870K(13504K)
[2025-12-24T05:27:23.324+0000][266.328s][info][gc          ] GC(137) Pause Young (Normal) (G1 Evacuation Pause) 453M->123M(544M) 8.336ms
[2025-12-24T05:27:23.324+0000][266.328s][info][gc,cpu      ] GC(137) User=0.01s Sys=0.00s Real=0.01s
[2025-12-24T05:27:28.395+0000][271.399s][info][gc,start    ] GC(138) Pause Young (Normal) (G1 Evacuation Pause)
[2025-12-24T05:27:28.396+0000][271.400s][info][gc,task     ] GC(138) Using 3 workers of 3 for evacuation
[2025-12-24T05:27:28.401+0000][271.405s][info][gc,phases   ] GC(138)   Pre Evacuate Collection Set: 0.2ms
[2025-12-24T05:27:28.401+0000][271.405s][info][gc,phases   ] GC(138)   Merge Heap Roots: 0.2ms
[2025-12-24T05:27:28.401+0000][271.405s][info][gc,phases   ] GC(138)   Evacuate Collection Set: 2.8ms
[2025-12-24T05:27:28.401+0000][271.405s][info][gc,phases   ] GC(138)   Post Evacuate Collection Set: 1.1ms
[2025-12-24T05:27:28.402+0000][271.406s][info][gc,phases   ] GC(138)   Other: 1.2ms
[2025-12-24T05:27:28.402+0000][271.406s][info][gc,heap     ] GC(138) Eden regions: 325->0(325)
[2025-12-24T05:27:28.402+0000][271.406s][info][gc,heap     ] GC(138) Survivor regions: 1->1(41)
[2025-12-24T05:27:28.402+0000][271.406s][info][gc,heap     ] GC(138) Old regions: 86->86
[2025-12-24T05:27:28.402+0000][271.407s][info][gc,heap     ] GC(138) Archive regions: 2->2
[2025-12-24T05:27:28.403+0000][271.407s][info][gc,heap     ] GC(138) Humongous regions: 37->37
[2025-12-24T05:27:28.403+0000][271.407s][info][gc,metaspace] GC(138) Metaspace: 97873K(99008K)->97873K(99008K) NonClass: 85003K(85504K)->85003K(85504K) Class: 12870K(13504K)->12870K(13504K)
[2025-12-24T05:27:28.403+0000][271.407s][info][gc          ] GC(138) Pause Young (Normal) (G1 Evacuation Pause) 448M->123M(544M) 7.826ms
[2025-12-24T05:27:28.404+0000][271.408s][info][gc,cpu      ] GC(138) User=0.01s Sys=0.00s Real=0.01s
[2025-12-24T05:27:33.189+0000][276.193s][info][gc,start    ] GC(139) Pause Young (Normal) (G1 Evacuation Pause)
[2025-12-24T05:27:33.190+0000][276.194s][info][gc,task     ] GC(139) Using 3 workers of 3 for evacuation
[2025-12-24T05:27:33.195+0000][276.199s][info][gc,phases   ] GC(139)   Pre Evacuate Collection Set: 0.3ms
[2025-12-24T05:27:33.196+0000][276.200s][info][gc,phases   ] GC(139)   Merge Heap Roots: 0.2ms
[2025-12-24T05:27:33.196+0000][276.200s][info][gc,phases   ] GC(139)   Evacuate Collection Set: 3.8ms
[2025-12-24T05:27:33.196+0000][276.200s][info][gc,phases   ] GC(139)   Post Evacuate Collection Set: 1.0ms
[2025-12-24T05:27:33.196+0000][276.200s][info][gc,phases   ] GC(139)   Other: 1.2ms
[2025-12-24T05:27:33.197+0000][276.201s][info][gc,heap     ] GC(139) Eden regions: 325->0(325)
[2025-12-24T05:27:33.197+0000][276.201s][info][gc,heap     ] GC(139) Survivor regions: 1->1(41)
[2025-12-24T05:27:33.197+0000][276.201s][info][gc,heap     ] GC(139) Old regions: 86->86
[2025-12-24T05:27:33.197+0000][276.201s][info][gc,heap     ] GC(139) Archive regions: 2->2
[2025-12-24T05:27:33.197+0000][276.202s][info][gc,heap     ] GC(139) Humongous regions: 37->37
[2025-12-24T05:27:33.198+0000][276.202s][info][gc,metaspace] GC(139) Metaspace: 97884K(99008K)->97884K(99008K) NonClass: 85014K(85504K)->85014K(85504K) Class: 12870K(13504K)->12870K(13504K)
[2025-12-24T05:27:33.198+0000][276.202s][info][gc          ] GC(139) Pause Young (Normal) (G1 Evacuation Pause) 448M->123M(544M) 8.505ms
[2025-12-24T05:27:33.198+0000][276.202s][info][gc,cpu      ] GC(139) User=0.01s Sys=0.00s Real=0.00s
[2025-12-24T05:27:36.814+0000][279.818s][info][gc,start    ] GC(140) Pause Young (Normal) (G1 Evacuation Pause)
[2025-12-24T05:27:36.814+0000][279.818s][info][gc,task     ] GC(140) Using 3 workers of 3 for evacuation
[2025-12-24T05:27:36.817+0000][279.821s][info][gc,phases   ] GC(140)   Pre Evacuate Collection Set: 0.1ms
[2025-12-24T05:27:36.817+0000][279.821s][info][gc,phases   ] GC(140)   Merge Heap Roots: 0.1ms
[2025-12-24T05:27:36.817+0000][279.821s][info][gc,phases   ] GC(140)   Evacuate Collection Set: 1.8ms
[2025-12-24T05:27:36.817+0000][279.821s][info][gc,phases   ] GC(140)   Post Evacuate Collection Set: 0.6ms
[2025-12-24T05:27:36.817+0000][279.821s][info][gc,phases   ] GC(140)   Other: 0.6ms
[2025-12-24T05:27:36.818+0000][279.822s][info][gc,heap     ] GC(140) Eden regions: 325->0(325)
[2025-12-24T05:27:36.818+0000][279.822s][info][gc,heap     ] GC(140) Survivor regions: 1->1(41)
[2025-12-24T05:27:36.818+0000][279.822s][info][gc,heap     ] GC(140) Old regions: 86->86
[2025-12-24T05:27:36.818+0000][279.822s][info][gc,heap     ] GC(140) Archive regions: 2->2
[2025-12-24T05:27:36.818+0000][279.822s][info][gc,heap     ] GC(140) Humongous regions: 37->37
[2025-12-24T05:27:36.818+0000][279.822s][info][gc,metaspace] GC(140) Metaspace: 97895K(99008K)->97895K(99008K) NonClass: 85024K(85504K)->85024K(85504K) Class: 12871K(13504K)->12871K(13504K)
[2025-12-24T05:27:36.818+0000][279.822s][info][gc          ] GC(140) Pause Young (Normal) (G1 Evacuation Pause) 448M->123M(544M) 4.737ms
[2025-12-24T05:27:36.819+0000][279.823s][info][gc,cpu      ] GC(140) User=0.01s Sys=0.00s Real=0.00s
[2025-12-24T05:27:41.377+0000][284.381s][info][gc,start    ] GC(141) Pause Young (Normal) (G1 Evacuation Pause)
[2025-12-24T05:27:41.377+0000][284.381s][info][gc,task     ] GC(141) Using 3 workers of 3 for evacuation
[2025-12-24T05:27:41.380+0000][284.384s][info][gc,phases   ] GC(141)   Pre Evacuate Collection Set: 0.1ms
[2025-12-24T05:27:41.380+0000][284.384s][info][gc,phases   ] GC(141)   Merge Heap Roots: 0.1ms
[2025-12-24T05:27:41.380+0000][284.384s][info][gc,phases   ] GC(141)   Evacuate Collection Set: 1.8ms
[2025-12-24T05:27:41.380+0000][284.385s][info][gc,phases   ] GC(141)   Post Evacuate Collection Set: 0.6ms
[2025-12-24T05:27:41.381+0000][284.385s][info][gc,phases   ] GC(141)   Other: 0.6ms
[2025-12-24T05:27:41.381+0000][284.385s][info][gc,heap     ] GC(141) Eden regions: 325->0(325)
[2025-12-24T05:27:41.381+0000][284.385s][info][gc,heap     ] GC(141) Survivor regions: 1->1(41)
[2025-12-24T05:27:41.381+0000][284.385s][info][gc,heap     ] GC(141) Old regions: 86->86
[2025-12-24T05:27:41.381+0000][284.385s][info][gc,heap     ] GC(141) Archive regions: 2->2
[2025-12-24T05:27:41.381+0000][284.385s][info][gc,heap     ] GC(141) Humongous regions: 37->37
[2025-12-24T05:27:41.381+0000][284.385s][info][gc,metaspace] GC(141) Metaspace: 97899K(99072K)->97899K(99072K) NonClass: 85027K(85568K)->85027K(85568K) Class: 12871K(13504K)->12871K(13504K)
[2025-12-24T05:27:41.382+0000][284.386s][info][gc          ] GC(141) Pause Young (Normal) (G1 Evacuation Pause) 448M->123M(544M) 4.540ms
[2025-12-24T05:27:41.382+0000][284.386s][info][gc,cpu      ] GC(141) User=0.01s Sys=0.00s Real=0.01s
[2025-12-24T05:27:46.159+0000][289.163s][info][gc,start    ] GC(142) Pause Young (Normal) (G1 Evacuation Pause)
[2025-12-24T05:27:46.159+0000][289.163s][info][gc,task     ] GC(142) Using 3 workers of 3 for evacuation
[2025-12-24T05:27:46.164+0000][289.168s][info][gc,phases   ] GC(142)   Pre Evacuate Collection Set: 0.2ms
[2025-12-24T05:27:46.164+0000][289.168s][info][gc,phases   ] GC(142)   Merge Heap Roots: 0.1ms
[2025-12-24T05:27:46.164+0000][289.168s][info][gc,phases   ] GC(142)   Evacuate Collection Set: 2.9ms
[2025-12-24T05:27:46.165+0000][289.169s][info][gc,phases   ] GC(142)   Post Evacuate Collection Set: 1.0ms
[2025-12-24T05:27:46.165+0000][289.169s][info][gc,phases   ] GC(142)   Other: 1.2ms
[2025-12-24T05:27:46.165+0000][289.169s][info][gc,heap     ] GC(142) Eden regions: 325->0(325)
[2025-12-24T05:27:46.165+0000][289.169s][info][gc,heap     ] GC(142) Survivor regions: 1->1(41)
[2025-12-24T05:27:46.165+0000][289.169s][info][gc,heap     ] GC(142) Old regions: 86->86
[2025-12-24T05:27:46.165+0000][289.170s][info][gc,heap     ] GC(142) Archive regions: 2->2
[2025-12-24T05:27:46.166+0000][289.170s][info][gc,heap     ] GC(142) Humongous regions: 37->37
[2025-12-24T05:27:46.166+0000][289.170s][info][gc,metaspace] GC(142) Metaspace: 97904K(99072K)->97904K(99072K) NonClass: 85032K(85568K)->85032K(85568K) Class: 12871K(13504K)->12871K(13504K)
[2025-12-24T05:27:46.166+0000][289.170s][info][gc          ] GC(142) Pause Young (Normal) (G1 Evacuation Pause) 448M->123M(544M) 7.179ms
[2025-12-24T05:27:46.166+0000][289.170s][info][gc,cpu      ] GC(142) User=0.01s Sys=0.00s Real=0.00s
[2025-12-24T05:27:51.283+0000][294.287s][info][gc,start    ] GC(143) Pause Young (Normal) (G1 Evacuation Pause)
[2025-12-24T05:27:51.284+0000][294.288s][info][gc,task     ] GC(143) Using 3 workers of 3 for evacuation
[2025-12-24T05:27:51.289+0000][294.293s][info][gc,phases   ] GC(143)   Pre Evacuate Collection Set: 0.3ms
[2025-12-24T05:27:51.289+0000][294.293s][info][gc,phases   ] GC(143)   Merge Heap Roots: 0.2ms
[2025-12-24T05:27:51.290+0000][294.294s][info][gc,phases   ] GC(143)   Evacuate Collection Set: 2.9ms
[2025-12-24T05:27:51.290+0000][294.294s][info][gc,phases   ] GC(143)   Post Evacuate Collection Set: 1.0ms
[2025-12-24T05:27:51.290+0000][294.294s][info][gc,phases   ] GC(143)   Other: 1.8ms
[2025-12-24T05:27:51.290+0000][294.294s][info][gc,heap     ] GC(143) Eden regions: 325->0(325)
[2025-12-24T05:27:51.291+0000][294.295s][info][gc,heap     ] GC(143) Survivor regions: 1->1(41)
[2025-12-24T05:27:51.291+0000][294.295s][info][gc,heap     ] GC(143) Old regions: 86->86
[2025-12-24T05:27:51.291+0000][294.295s][info][gc,heap     ] GC(143) Archive regions: 2->2
[2025-12-24T05:27:51.291+0000][294.295s][info][gc,heap     ] GC(143) Humongous regions: 37->37
[2025-12-24T05:27:51.291+0000][294.295s][info][gc,metaspace] GC(143) Metaspace: 97905K(99072K)->97905K(99072K) NonClass: 85033K(85568K)->85033K(85568K) Class: 12871K(13504K)->12871K(13504K)
[2025-12-24T05:27:51.292+0000][294.296s][info][gc          ] GC(143) Pause Young (Normal) (G1 Evacuation Pause) 448M->123M(544M) 8.367ms
[2025-12-24T05:27:51.292+0000][294.296s][info][gc,cpu      ] GC(143) User=0.01s Sys=0.00s Real=0.01s
[2025-12-24T05:27:54.299+0000][297.303s][info][gc,start    ] GC(144) Pause Young (Normal) (G1 Evacuation Pause)
[2025-12-24T05:27:54.299+0000][297.303s][info][gc,task     ] GC(144) Using 3 workers of 3 for evacuation
[2025-12-24T05:27:54.302+0000][297.306s][info][gc,phases   ] GC(144)   Pre Evacuate Collection Set: 0.2ms
[2025-12-24T05:27:54.303+0000][297.307s][info][gc,phases   ] GC(144)   Merge Heap Roots: 0.1ms
[2025-12-24T05:27:54.303+0000][297.307s][info][gc,phases   ] GC(144)   Evacuate Collection Set: 2.0ms
[2025-12-24T05:27:54.303+0000][297.307s][info][gc,phases   ] GC(144)   Post Evacuate Collection Set: 0.6ms
[2025-12-24T05:27:54.303+0000][297.307s][info][gc,phases   ] GC(144)   Other: 0.8ms
[2025-12-24T05:27:54.303+0000][297.307s][info][gc,heap     ] GC(144) Eden regions: 325->0(325)
[2025-12-24T05:27:54.303+0000][297.307s][info][gc,heap     ] GC(144) Survivor regions: 1->1(41)
[2025-12-24T05:27:54.303+0000][297.308s][info][gc,heap     ] GC(144) Old regions: 86->86
[2025-12-24T05:27:54.304+0000][297.308s][info][gc,heap     ] GC(144) Archive regions: 2->2
[2025-12-24T05:27:54.304+0000][297.308s][info][gc,heap     ] GC(144) Humongous regions: 37->37
[2025-12-24T05:27:54.304+0000][297.308s][info][gc,metaspace] GC(144) Metaspace: 97924K(99072K)->97924K(99072K) NonClass: 85052K(85568K)->85052K(85568K) Class: 12871K(13504K)->12871K(13504K)
[2025-12-24T05:27:54.304+0000][297.308s][info][gc          ] GC(144) Pause Young (Normal) (G1 Evacuation Pause) 448M->123M(544M) 5.282ms
[2025-12-24T05:27:54.304+0000][297.308s][info][gc,cpu      ] GC(144) User=0.01s Sys=0.00s Real=0.00s
[2025-12-24T05:27:59.246+0000][302.250s][info][gc,start    ] GC(145) Pause Young (Normal) (G1 Evacuation Pause)
[2025-12-24T05:27:59.247+0000][302.251s][info][gc,task     ] GC(145) Using 3 workers of 3 for evacuation
[2025-12-24T05:27:59.251+0000][302.255s][info][gc,phases   ] GC(145)   Pre Evacuate Collection Set: 0.1ms
[2025-12-24T05:27:59.251+0000][302.255s][info][gc,phases   ] GC(145)   Merge Heap Roots: 0.7ms
[2025-12-24T05:27:59.251+0000][302.255s][info][gc,phases   ] GC(145)   Evacuate Collection Set: 1.8ms
[2025-12-24T05:27:59.251+0000][302.255s][info][gc,phases   ] GC(145)   Post Evacuate Collection Set: 1.3ms
[2025-12-24T05:27:59.251+0000][302.255s][info][gc,phases   ] GC(145)   Other: 1.0ms
[2025-12-24T05:27:59.251+0000][302.255s][info][gc,heap     ] GC(145) Eden regions: 325->0(325)
[2025-12-24T05:27:59.251+0000][302.255s][info][gc,heap     ] GC(145) Survivor regions: 1->1(41)
[2025-12-24T05:27:59.251+0000][302.255s][info][gc,heap     ] GC(145) Old regions: 86->86
[2025-12-24T05:27:59.251+0000][302.255s][info][gc,heap     ] GC(145) Archive regions: 2->2
[2025-12-24T05:27:59.251+0000][302.256s][info][gc,heap     ] GC(145) Humongous regions: 37->37
[2025-12-24T05:27:59.252+0000][302.256s][info][gc,metaspace] GC(145) Metaspace: 97928K(99072K)->97928K(99072K) NonClass: 85056K(85568K)->85056K(85568K) Class: 12871K(13504K)->12871K(13504K)
[2025-12-24T05:27:59.252+0000][302.256s][info][gc          ] GC(145) Pause Young (Normal) (G1 Evacuation Pause) 448M->123M(544M) 5.765ms
[2025-12-24T05:27:59.252+0000][302.256s][info][gc,cpu      ] GC(145) User=0.00s Sys=0.00s Real=0.01s
[2025-12-24T05:28:04.284+0000][307.288s][info][gc,start    ] GC(146) Pause Young (Normal) (G1 Evacuation Pause)
[2025-12-24T05:28:04.285+0000][307.289s][info][gc,task     ] GC(146) Using 3 workers of 3 for evacuation
[2025-12-24T05:28:04.288+0000][307.292s][info][gc,phases   ] GC(146)   Pre Evacuate Collection Set: 0.2ms
[2025-12-24T05:28:04.288+0000][307.292s][info][gc,phases   ] GC(146)   Merge Heap Roots: 0.1ms
[2025-12-24T05:28:04.288+0000][307.292s][info][gc,phases   ] GC(146)   Evacuate Collection Set: 1.7ms
[2025-12-24T05:28:04.288+0000][307.292s][info][gc,phases   ] GC(146)   Post Evacuate Collection Set: 0.5ms
[2025-12-24T05:28:04.288+0000][307.292s][info][gc,phases   ] GC(146)   Other: 1.2ms
[2025-12-24T05:28:04.288+0000][307.293s][info][gc,heap     ] GC(146) Eden regions: 325->0(325)
[2025-12-24T05:28:04.289+0000][307.293s][info][gc,heap     ] GC(146) Survivor regions: 1->1(41)
[2025-12-24T05:28:04.289+0000][307.293s][info][gc,heap     ] GC(146) Old regions: 86->86
[2025-12-24T05:28:04.289+0000][307.293s][info][gc,heap     ] GC(146) Archive regions: 2->2
[2025-12-24T05:28:04.289+0000][307.293s][info][gc,heap     ] GC(146) Humongous regions: 37->37
[2025-12-24T05:28:04.289+0000][307.293s][info][gc,metaspace] GC(146) Metaspace: 97929K(99072K)->97929K(99072K) NonClass: 85057K(85568K)->85057K(85568K) Class: 12871K(13504K)->12871K(13504K)
[2025-12-24T05:28:04.289+0000][307.293s][info][gc          ] GC(146) Pause Young (Normal) (G1 Evacuation Pause) 448M->123M(544M) 4.859ms
[2025-12-24T05:28:04.289+0000][307.293s][info][gc,cpu      ] GC(146) User=0.00s Sys=0.00s Real=0.01s
[2025-12-24T05:28:07.667+0000][310.671s][info][gc,start    ] GC(147) Pause Young (Normal) (G1 Evacuation Pause)
[2025-12-24T05:28:07.667+0000][310.671s][info][gc,task     ] GC(147) Using 3 workers of 3 for evacuation
[2025-12-24T05:28:07.674+0000][310.678s][info][gc,phases   ] GC(147)   Pre Evacuate Collection Set: 0.3ms
[2025-12-24T05:28:07.675+0000][310.679s][info][gc,phases   ] GC(147)   Merge Heap Roots: 0.2ms
[2025-12-24T05:28:07.675+0000][310.679s][info][gc,phases   ] GC(147)   Evacuate Collection Set: 4.8ms
[2025-12-24T05:28:07.675+0000][310.679s][info][gc,phases   ] GC(147)   Post Evacuate Collection Set: 1.3ms
[2025-12-24T05:28:07.675+0000][310.679s][info][gc,phases   ] GC(147)   Other: 1.7ms
[2025-12-24T05:28:07.675+0000][310.680s][info][gc,heap     ] GC(147) Eden regions: 325->0(325)
[2025-12-24T05:28:07.676+0000][310.680s][info][gc,heap     ] GC(147) Survivor regions: 1->1(41)
[2025-12-24T05:28:07.676+0000][310.680s][info][gc,heap     ] GC(147) Old regions: 86->86
[2025-12-24T05:28:07.676+0000][310.680s][info][gc,heap     ] GC(147) Archive regions: 2->2
[2025-12-24T05:28:07.676+0000][310.680s][info][gc,heap     ] GC(147) Humongous regions: 37->37
[2025-12-24T05:28:07.676+0000][310.680s][info][gc,metaspace] GC(147) Metaspace: 97930K(99072K)->97930K(99072K) NonClass: 85058K(85568K)->85058K(85568K) Class: 12871K(13504K)->12871K(13504K)
[2025-12-24T05:28:07.677+0000][310.681s][info][gc          ] GC(147) Pause Young (Normal) (G1 Evacuation Pause) 448M->123M(544M) 9.930ms
[2025-12-24T05:28:07.677+0000][310.681s][info][gc,cpu      ] GC(147) User=0.02s Sys=0.00s Real=0.01s
[2025-12-24T05:28:12.070+0000][315.075s][info][gc,start    ] GC(148) Pause Young (Normal) (G1 Evacuation Pause)
[2025-12-24T05:28:12.071+0000][315.075s][info][gc,task     ] GC(148) Using 3 workers of 3 for evacuation
[2025-12-24T05:28:12.076+0000][315.080s][info][gc,phases   ] GC(148)   Pre Evacuate Collection Set: 0.3ms
[2025-12-24T05:28:12.077+0000][315.081s][info][gc,phases   ] GC(148)   Merge Heap Roots: 0.2ms
[2025-12-24T05:28:12.077+0000][315.081s][info][gc,phases   ] GC(148)   Evacuate Collection Set: 3.6ms
[2025-12-24T05:28:12.077+0000][315.081s][info][gc,phases   ] GC(148)   Post Evacuate Collection Set: 0.8ms
[2025-12-24T05:28:12.077+0000][315.081s][info][gc,phases   ] GC(148)   Other: 1.3ms
[2025-12-24T05:28:12.077+0000][315.081s][info][gc,heap     ] GC(148) Eden regions: 325->0(325)
[2025-12-24T05:28:12.078+0000][315.082s][info][gc,heap     ] GC(148) Survivor regions: 1->1(41)
[2025-12-24T05:28:12.078+0000][315.082s][info][gc,heap     ] GC(148) Old regions: 86->86
[2025-12-24T05:28:12.078+0000][315.082s][info][gc,heap     ] GC(148) Archive regions: 2->2
[2025-12-24T05:28:12.078+0000][315.082s][info][gc,heap     ] GC(148) Humongous regions: 37->37
[2025-12-24T05:28:12.078+0000][315.082s][info][gc,metaspace] GC(148) Metaspace: 97946K(99072K)->97946K(99072K) NonClass: 85074K(85568K)->85074K(85568K) Class: 12871K(13504K)->12871K(13504K)
[2025-12-24T05:28:12.079+0000][315.083s][info][gc          ] GC(148) Pause Young (Normal) (G1 Evacuation Pause) 448M->124M(544M) 8.083ms
[2025-12-24T05:28:12.079+0000][315.083s][info][gc,cpu      ] GC(148) User=0.02s Sys=0.00s Real=0.01s
[2025-12-24T05:28:16.819+0000][319.823s][info][gc,start    ] GC(149) Pause Young (Normal) (G1 Evacuation Pause)
[2025-12-24T05:28:16.820+0000][319.824s][info][gc,task     ] GC(149) Using 3 workers of 3 for evacuation
[2025-12-24T05:28:16.822+0000][319.826s][info][gc,phases   ] GC(149)   Pre Evacuate Collection Set: 0.1ms
[2025-12-24T05:28:16.822+0000][319.827s][info][gc,phases   ] GC(149)   Merge Heap Roots: 0.1ms
[2025-12-24T05:28:16.823+0000][319.827s][info][gc,phases   ] GC(149)   Evacuate Collection Set: 1.8ms
[2025-12-24T05:28:16.823+0000][319.827s][info][gc,phases   ] GC(149)   Post Evacuate Collection Set: 0.6ms
[2025-12-24T05:28:16.823+0000][319.827s][info][gc,phases   ] GC(149)   Other: 1.4ms
[2025-12-24T05:28:16.823+0000][319.827s][info][gc,heap     ] GC(149) Eden regions: 325->0(325)
[2025-12-24T05:28:16.823+0000][319.828s][info][gc,heap     ] GC(149) Survivor regions: 1->1(41)
[2025-12-24T05:28:16.824+0000][319.828s][info][gc,heap     ] GC(149) Old regions: 86->86
[2025-12-24T05:28:16.824+0000][319.828s][info][gc,heap     ] GC(149) Archive regions: 2->2
[2025-12-24T05:28:16.824+0000][319.828s][info][gc,heap     ] GC(149) Humongous regions: 37->37
[2025-12-24T05:28:16.824+0000][319.828s][info][gc,metaspace] GC(149) Metaspace: 97947K(99072K)->97947K(99072K) NonClass: 85075K(85568K)->85075K(85568K) Class: 12871K(13504K)->12871K(13504K)
[2025-12-24T05:28:16.824+0000][319.828s][info][gc          ] GC(149) Pause Young (Normal) (G1 Evacuation Pause) 449M->124M(544M) 5.567ms
[2025-12-24T05:28:16.824+0000][319.828s][info][gc,cpu      ] GC(149) User=0.01s Sys=0.00s Real=0.01s
[2025-12-24T05:28:21.384+0000][324.388s][info][gc,start    ] GC(150) Pause Young (Normal) (G1 Evacuation Pause)
[2025-12-24T05:28:21.385+0000][324.389s][info][gc,task     ] GC(150) Using 3 workers of 3 for evacuation
[2025-12-24T05:28:21.389+0000][324.393s][info][gc,phases   ] GC(150)   Pre Evacuate Collection Set: 0.1ms
[2025-12-24T05:28:21.389+0000][324.393s][info][gc,phases   ] GC(150)   Merge Heap Roots: 0.1ms
[2025-12-24T05:28:21.389+0000][324.393s][info][gc,phases   ] GC(150)   Evacuate Collection Set: 3.3ms
[2025-12-24T05:28:21.389+0000][324.393s][info][gc,phases   ] GC(150)   Post Evacuate Collection Set: 0.6ms
[2025-12-24T05:28:21.389+0000][324.394s][info][gc,phases   ] GC(150)   Other: 1.1ms
[2025-12-24T05:28:21.390+0000][324.394s][info][gc,heap     ] GC(150) Eden regions: 325->0(325)
[2025-12-24T05:28:21.390+0000][324.394s][info][gc,heap     ] GC(150) Survivor regions: 1->1(41)
[2025-12-24T05:28:21.390+0000][324.394s][info][gc,heap     ] GC(150) Old regions: 86->86
[2025-12-24T05:28:21.390+0000][324.394s][info][gc,heap     ] GC(150) Archive regions: 2->2
[2025-12-24T05:28:21.390+0000][324.394s][info][gc,heap     ] GC(150) Humongous regions: 37->37
[2025-12-24T05:28:21.390+0000][324.394s][info][gc,metaspace] GC(150) Metaspace: 97959K(99136K)->97959K(99136K) NonClass: 85087K(85632K)->85087K(85632K) Class: 12871K(13504K)->12871K(13504K)
[2025-12-24T05:28:21.390+0000][324.394s][info][gc          ] GC(150) Pause Young (Normal) (G1 Evacuation Pause) 449M->124M(544M) 5.853ms
[2025-12-24T05:28:21.390+0000][324.394s][info][gc,cpu      ] GC(150) User=0.01s Sys=0.00s Real=0.01s
[2025-12-24T05:28:24.169+0000][327.173s][info][gc,start    ] GC(151) Pause Young (Normal) (G1 Evacuation Pause)
[2025-12-24T05:28:24.169+0000][327.173s][info][gc,task     ] GC(151) Using 3 workers of 3 for evacuation
[2025-12-24T05:28:24.172+0000][327.176s][info][gc,phases   ] GC(151)   Pre Evacuate Collection Set: 0.2ms
[2025-12-24T05:28:24.173+0000][327.177s][info][gc,phases   ] GC(151)   Merge Heap Roots: 0.1ms
[2025-12-24T05:28:24.173+0000][327.177s][info][gc,phases   ] GC(151)   Evacuate Collection Set: 2.1ms
[2025-12-24T05:28:24.173+0000][327.177s][info][gc,phases   ] GC(151)   Post Evacuate Collection Set: 0.5ms
[2025-12-24T05:28:24.173+0000][327.177s][info][gc,phases   ] GC(151)   Other: 0.9ms
[2025-12-24T05:28:24.173+0000][327.177s][info][gc,heap     ] GC(151) Eden regions: 325->0(324)
[2025-12-24T05:28:24.173+0000][327.177s][info][gc,heap     ] GC(151) Survivor regions: 1->2(41)
[2025-12-24T05:28:24.173+0000][327.177s][info][gc,heap     ] GC(151) Old regions: 86->86
[2025-12-24T05:28:24.173+0000][327.177s][info][gc,heap     ] GC(151) Archive regions: 2->2
[2025-12-24T05:28:24.173+0000][327.177s][info][gc,heap     ] GC(151) Humongous regions: 37->37
[2025-12-24T05:28:24.173+0000][327.177s][info][gc,metaspace] GC(151) Metaspace: 97960K(99136K)->97960K(99136K) NonClass: 85088K(85632K)->85088K(85632K) Class: 12871K(13504K)->12871K(13504K)
[2025-12-24T05:28:24.173+0000][327.177s][info][gc          ] GC(151) Pause Young (Normal) (G1 Evacuation Pause) 449M->124M(544M) 4.519ms
[2025-12-24T05:28:24.174+0000][327.178s][info][gc,cpu      ] GC(151) User=0.00s Sys=0.00s Real=0.00s
[2025-12-24T05:28:28.628+0000][331.632s][info][gc,start    ] GC(152) Pause Young (Normal) (G1 Evacuation Pause)
[2025-12-24T05:28:28.628+0000][331.632s][info][gc,task     ] GC(152) Using 3 workers of 3 for evacuation
[2025-12-24T05:28:28.631+0000][331.635s][info][gc,phases   ] GC(152)   Pre Evacuate Collection Set: 0.1ms
[2025-12-24T05:28:28.631+0000][331.635s][info][gc,phases   ] GC(152)   Merge Heap Roots: 0.1ms
[2025-12-24T05:28:28.631+0000][331.635s][info][gc,phases   ] GC(152)   Evacuate Collection Set: 1.9ms
[2025-12-24T05:28:28.631+0000][331.635s][info][gc,phases   ] GC(152)   Post Evacuate Collection Set: 0.5ms
[2025-12-24T05:28:28.631+0000][331.635s][info][gc,phases   ] GC(152)   Other: 0.6ms
[2025-12-24T05:28:28.631+0000][331.636s][info][gc,heap     ] GC(152) Eden regions: 324->0(325)
[2025-12-24T05:28:28.632+0000][331.636s][info][gc,heap     ] GC(152) Survivor regions: 2->1(41)
[2025-12-24T05:28:28.632+0000][331.636s][info][gc,heap     ] GC(152) Old regions: 86->86
[2025-12-24T05:28:28.632+0000][331.636s][info][gc,heap     ] GC(152) Archive regions: 2->2
[2025-12-24T05:28:28.632+0000][331.636s][info][gc,heap     ] GC(152) Humongous regions: 37->37
[2025-12-24T05:28:28.632+0000][331.636s][info][gc,metaspace] GC(152) Metaspace: 97960K(99136K)->97960K(99136K) NonClass: 85088K(85632K)->85088K(85632K) Class: 12871K(13504K)->12871K(13504K)
[2025-12-24T05:28:28.632+0000][331.636s][info][gc          ] GC(152) Pause Young (Normal) (G1 Evacuation Pause) 448M->124M(544M) 3.953ms
[2025-12-24T05:28:28.632+0000][331.636s][info][gc,cpu      ] GC(152) User=0.01s Sys=0.00s Real=0.01s
[2025-12-24T05:28:32.962+0000][335.966s][info][gc,start    ] GC(153) Pause Young (Normal) (G1 Evacuation Pause)
[2025-12-24T05:28:32.963+0000][335.967s][info][gc,task     ] GC(153) Using 3 workers of 3 for evacuation
[2025-12-24T05:28:32.965+0000][335.969s][info][gc,phases   ] GC(153)   Pre Evacuate Collection Set: 0.2ms
[2025-12-24T05:28:32.965+0000][335.969s][info][gc,phases   ] GC(153)   Merge Heap Roots: 0.1ms
[2025-12-24T05:28:32.965+0000][335.970s][info][gc,phases   ] GC(153)   Evacuate Collection Set: 1.6ms
[2025-12-24T05:28:32.966+0000][335.970s][info][gc,phases   ] GC(153)   Post Evacuate Collection Set: 0.5ms
[2025-12-24T05:28:32.966+0000][335.970s][info][gc,phases   ] GC(153)   Other: 1.4ms
[2025-12-24T05:28:32.966+0000][335.970s][info][gc,heap     ] GC(153) Eden regions: 325->0(325)
[2025-12-24T05:28:32.966+0000][335.970s][info][gc,heap     ] GC(153) Survivor regions: 1->1(41)
[2025-12-24T05:28:32.966+0000][335.970s][info][gc,heap     ] GC(153) Old regions: 86->86
[2025-12-24T05:28:32.966+0000][335.970s][info][gc,heap     ] GC(153) Archive regions: 2->2
[2025-12-24T05:28:32.966+0000][335.970s][info][gc,heap     ] GC(153) Humongous regions: 37->37
[2025-12-24T05:28:32.966+0000][335.970s][info][gc,metaspace] GC(153) Metaspace: 97985K(99200K)->97985K(99200K) NonClass: 85113K(85696K)->85113K(85696K) Class: 12871K(13504K)->12871K(13504K)
[2025-12-24T05:28:32.966+0000][335.970s][info][gc          ] GC(153) Pause Young (Normal) (G1 Evacuation Pause) 449M->124M(544M) 4.669ms
[2025-12-24T05:28:32.966+0000][335.971s][info][gc,cpu      ] GC(153) User=0.00s Sys=0.01s Real=0.00s
[2025-12-24T05:28:36.791+0000][339.795s][info][gc,start    ] GC(154) Pause Young (Normal) (G1 Evacuation Pause)
[2025-12-24T05:28:36.791+0000][339.795s][info][gc,task     ] GC(154) Using 3 workers of 3 for evacuation
[2025-12-24T05:28:36.794+0000][339.798s][info][gc,phases   ] GC(154)   Pre Evacuate Collection Set: 0.1ms
[2025-12-24T05:28:36.794+0000][339.798s][info][gc,phases   ] GC(154)   Merge Heap Roots: 0.1ms
[2025-12-24T05:28:36.794+0000][339.798s][info][gc,phases   ] GC(154)   Evacuate Collection Set: 1.7ms
[2025-12-24T05:28:36.794+0000][339.798s][info][gc,phases   ] GC(154)   Post Evacuate Collection Set: 0.5ms
[2025-12-24T05:28:36.794+0000][339.798s][info][gc,phases   ] GC(154)   Other: 0.5ms
[2025-12-24T05:28:36.794+0000][339.798s][info][gc,heap     ] GC(154) Eden regions: 325->0(325)
[2025-12-24T05:28:36.794+0000][339.798s][info][gc,heap     ] GC(154) Survivor regions: 1->1(41)
[2025-12-24T05:28:36.794+0000][339.799s][info][gc,heap     ] GC(154) Old regions: 86->86
[2025-12-24T05:28:36.795+0000][339.799s][info][gc,heap     ] GC(154) Archive regions: 2->2
[2025-12-24T05:28:36.795+0000][339.799s][info][gc,heap     ] GC(154) Humongous regions: 37->37
[2025-12-24T05:28:36.795+0000][339.799s][info][gc,metaspace] GC(154) Metaspace: 98021K(99200K)->98021K(99200K) NonClass: 85149K(85696K)->85149K(85696K) Class: 12871K(13504K)->12871K(13504K)
[2025-12-24T05:28:36.795+0000][339.799s][info][gc          ] GC(154) Pause Young (Normal) (G1 Evacuation Pause) 449M->124M(544M) 4.044ms
[2025-12-24T05:28:36.795+0000][339.799s][info][gc,cpu      ] GC(154) User=0.00s Sys=0.00s Real=0.00s
[2025-12-24T05:28:40.057+0000][343.061s][info][gc,start    ] GC(155) Pause Young (Normal) (G1 Evacuation Pause)
[2025-12-24T05:28:40.058+0000][343.062s][info][gc,task     ] GC(155) Using 3 workers of 3 for evacuation
[2025-12-24T05:28:40.060+0000][343.065s][info][gc,phases   ] GC(155)   Pre Evacuate Collection Set: 0.1ms
[2025-12-24T05:28:40.061+0000][343.065s][info][gc,phases   ] GC(155)   Merge Heap Roots: 0.1ms
[2025-12-24T05:28:40.061+0000][343.065s][info][gc,phases   ] GC(155)   Evacuate Collection Set: 2.0ms
[2025-12-24T05:28:40.061+0000][343.065s][info][gc,phases   ] GC(155)   Post Evacuate Collection Set: 0.5ms
[2025-12-24T05:28:40.061+0000][343.065s][info][gc,phases   ] GC(155)   Other: 0.5ms
[2025-12-24T05:28:40.061+0000][343.065s][info][gc,heap     ] GC(155) Eden regions: 325->0(325)
[2025-12-24T05:28:40.061+0000][343.065s][info][gc,heap     ] GC(155) Survivor regions: 1->1(41)
[2025-12-24T05:28:40.061+0000][343.065s][info][gc,heap     ] GC(155) Old regions: 86->86
[2025-12-24T05:28:40.061+0000][343.065s][info][gc,heap     ] GC(155) Archive regions: 2->2
[2025-12-24T05:28:40.061+0000][343.065s][info][gc,heap     ] GC(155) Humongous regions: 37->37
[2025-12-24T05:28:40.061+0000][343.066s][info][gc,metaspace] GC(155) Metaspace: 98036K(99200K)->98036K(99200K) NonClass: 85164K(85696K)->85164K(85696K) Class: 12871K(13504K)->12871K(13504K)
[2025-12-24T05:28:40.062+0000][343.066s][info][gc          ] GC(155) Pause Young (Normal) (G1 Evacuation Pause) 449M->124M(544M) 4.266ms
[2025-12-24T05:28:40.062+0000][343.066s][info][gc,cpu      ] GC(155) User=0.00s Sys=0.00s Real=0.01s
[2025-12-24T05:28:44.424+0000][347.428s][info][gc,start    ] GC(156) Pause Young (Normal) (G1 Evacuation Pause)
[2025-12-24T05:28:44.424+0000][347.428s][info][gc,task     ] GC(156) Using 3 workers of 3 for evacuation
[2025-12-24T05:28:44.427+0000][347.431s][info][gc,phases   ] GC(156)   Pre Evacuate Collection Set: 0.1ms
[2025-12-24T05:28:44.427+0000][347.431s][info][gc,phases   ] GC(156)   Merge Heap Roots: 0.1ms
[2025-12-24T05:28:44.427+0000][347.431s][info][gc,phases   ] GC(156)   Evacuate Collection Set: 1.8ms
[2025-12-24T05:28:44.427+0000][347.431s][info][gc,phases   ] GC(156)   Post Evacuate Collection Set: 0.5ms
[2025-12-24T05:28:44.427+0000][347.431s][info][gc,phases   ] GC(156)   Other: 0.5ms
[2025-12-24T05:28:44.427+0000][347.431s][info][gc,heap     ] GC(156) Eden regions: 325->0(325)
[2025-12-24T05:28:44.427+0000][347.431s][info][gc,heap     ] GC(156) Survivor regions: 1->1(41)
[2025-12-24T05:28:44.427+0000][347.431s][info][gc,heap     ] GC(156) Old regions: 86->86
[2025-12-24T05:28:44.427+0000][347.431s][info][gc,heap     ] GC(156) Archive regions: 2->2
[2025-12-24T05:28:44.427+0000][347.431s][info][gc,heap     ] GC(156) Humongous regions: 37->37
[2025-12-24T05:28:44.427+0000][347.431s][info][gc,metaspace] GC(156) Metaspace: 98039K(99200K)->98039K(99200K) NonClass: 85167K(85696K)->85167K(85696K) Class: 12871K(13504K)->12871K(13504K)
[2025-12-24T05:28:44.427+0000][347.431s][info][gc          ] GC(156) Pause Young (Normal) (G1 Evacuation Pause) 449M->124M(544M) 3.512ms
[2025-12-24T05:28:44.427+0000][347.431s][info][gc,cpu      ] GC(156) User=0.00s Sys=0.00s Real=0.00s
[2025-12-24T05:28:48.898+0000][351.902s][info][gc,start    ] GC(157) Pause Young (Normal) (G1 Evacuation Pause)
[2025-12-24T05:28:48.899+0000][351.903s][info][gc,task     ] GC(157) Using 3 workers of 3 for evacuation
[2025-12-24T05:28:48.901+0000][351.905s][info][gc,phases   ] GC(157)   Pre Evacuate Collection Set: 0.1ms
[2025-12-24T05:28:48.901+0000][351.905s][info][gc,phases   ] GC(157)   Merge Heap Roots: 0.1ms
[2025-12-24T05:28:48.901+0000][351.905s][info][gc,phases   ] GC(157)   Evacuate Collection Set: 1.6ms
[2025-12-24T05:28:48.901+0000][351.906s][info][gc,phases   ] GC(157)   Post Evacuate Collection Set: 0.5ms
[2025-12-24T05:28:48.902+0000][351.906s][info][gc,phases   ] GC(157)   Other: 0.6ms
[2025-12-24T05:28:48.902+0000][351.906s][info][gc,heap     ] GC(157) Eden regions: 325->0(325)
[2025-12-24T05:28:48.902+0000][351.906s][info][gc,heap     ] GC(157) Survivor regions: 1->1(41)
[2025-12-24T05:28:48.902+0000][351.906s][info][gc,heap     ] GC(157) Old regions: 86->86
[2025-12-24T05:28:48.902+0000][351.906s][info][gc,heap     ] GC(157) Archive regions: 2->2
[2025-12-24T05:28:48.902+0000][351.906s][info][gc,heap     ] GC(157) Humongous regions: 37->37
[2025-12-24T05:28:48.902+0000][351.906s][info][gc,metaspace] GC(157) Metaspace: 98039K(99200K)->98039K(99200K) NonClass: 85167K(85696K)->85167K(85696K) Class: 12871K(13504K)->12871K(13504K)
[2025-12-24T05:28:48.902+0000][351.907s][info][gc          ] GC(157) Pause Young (Normal) (G1 Evacuation Pause) 449M->124M(544M) 4.263ms
[2025-12-24T05:28:48.903+0000][351.907s][info][gc,cpu      ] GC(157) User=0.01s Sys=0.00s Real=0.01s
[2025-12-24T05:28:52.007+0000][355.011s][info][gc,start    ] GC(158) Pause Young (Normal) (G1 Evacuation Pause)
[2025-12-24T05:28:52.008+0000][355.012s][info][gc,task     ] GC(158) Using 3 workers of 3 for evacuation
[2025-12-24T05:28:52.011+0000][355.016s][info][gc,phases   ] GC(158)   Pre Evacuate Collection Set: 0.2ms
[2025-12-24T05:28:52.012+0000][355.016s][info][gc,phases   ] GC(158)   Merge Heap Roots: 0.1ms
[2025-12-24T05:28:52.012+0000][355.016s][info][gc,phases   ] GC(158)   Evacuate Collection Set: 2.3ms
[2025-12-24T05:28:52.012+0000][355.016s][info][gc,phases   ] GC(158)   Post Evacuate Collection Set: 0.7ms
[2025-12-24T05:28:52.012+0000][355.016s][info][gc,phases   ] GC(158)   Other: 1.0ms
[2025-12-24T05:28:52.012+0000][355.016s][info][gc,heap     ] GC(158) Eden regions: 325->0(325)
[2025-12-24T05:28:52.012+0000][355.016s][info][gc,heap     ] GC(158) Survivor regions: 1->1(41)
[2025-12-24T05:28:52.012+0000][355.016s][info][gc,heap     ] GC(158) Old regions: 86->86
[2025-12-24T05:28:52.012+0000][355.016s][info][gc,heap     ] GC(158) Archive regions: 2->2
[2025-12-24T05:28:52.012+0000][355.017s][info][gc,heap     ] GC(158) Humongous regions: 37->37
[2025-12-24T05:28:52.013+0000][355.017s][info][gc,metaspace] GC(158) Metaspace: 98050K(99200K)->98050K(99200K) NonClass: 85178K(85696K)->85178K(85696K) Class: 12871K(13504K)->12871K(13504K)
[2025-12-24T05:28:52.013+0000][355.017s][info][gc          ] GC(158) Pause Young (Normal) (G1 Evacuation Pause) 449M->124M(544M) 5.238ms
[2025-12-24T05:28:52.013+0000][355.017s][info][gc,cpu      ] GC(158) User=0.01s Sys=0.00s Real=0.01s
[2025-12-24T05:28:56.735+0000][359.739s][info][gc,start    ] GC(159) Pause Young (Normal) (G1 Evacuation Pause)
[2025-12-24T05:28:56.736+0000][359.740s][info][gc,task     ] GC(159) Using 3 workers of 3 for evacuation
[2025-12-24T05:28:56.740+0000][359.744s][info][gc,phases   ] GC(159)   Pre Evacuate Collection Set: 0.2ms
[2025-12-24T05:28:56.740+0000][359.744s][info][gc,phases   ] GC(159)   Merge Heap Roots: 0.1ms
[2025-12-24T05:28:56.740+0000][359.744s][info][gc,phases   ] GC(159)   Evacuate Collection Set: 2.3ms
[2025-12-24T05:28:56.740+0000][359.744s][info][gc,phases   ] GC(159)   Post Evacuate Collection Set: 0.7ms
[2025-12-24T05:28:56.740+0000][359.744s][info][gc,phases   ] GC(159)   Other: 1.3ms
[2025-12-24T05:28:56.740+0000][359.744s][info][gc,heap     ] GC(159) Eden regions: 325->0(325)
[2025-12-24T05:28:56.740+0000][359.744s][info][gc,heap     ] GC(159) Survivor regions: 1->1(41)
[2025-12-24T05:28:56.740+0000][359.744s][info][gc,heap     ] GC(159) Old regions: 86->86
[2025-12-24T05:28:56.740+0000][359.744s][info][gc,heap     ] GC(159) Archive regions: 2->2
[2025-12-24T05:28:56.740+0000][359.744s][info][gc,heap     ] GC(159) Humongous regions: 37->37
[2025-12-24T05:28:56.740+0000][359.744s][info][gc,metaspace] GC(159) Metaspace: 98050K(99200K)->98050K(99200K) NonClass: 85178K(85696K)->85178K(85696K) Class: 12871K(13504K)->12871K(13504K)
[2025-12-24T05:28:56.741+0000][359.745s][info][gc          ] GC(159) Pause Young (Normal) (G1 Evacuation Pause) 449M->124M(544M) 5.478ms
[2025-12-24T05:28:56.741+0000][359.745s][info][gc,cpu      ] GC(159) User=0.00s Sys=0.01s Real=0.01s
[2025-12-24T05:29:04.996+0000][368.000s][info][gc,start    ] GC(160) Pause Young (Normal) (G1 Evacuation Pause)
[2025-12-24T05:29:04.996+0000][368.000s][info][gc,task     ] GC(160) Using 3 workers of 3 for evacuation
[2025-12-24T05:29:04.999+0000][368.003s][info][gc,phases   ] GC(160)   Pre Evacuate Collection Set: 0.1ms
[2025-12-24T05:29:04.999+0000][368.003s][info][gc,phases   ] GC(160)   Merge Heap Roots: 0.1ms
[2025-12-24T05:29:04.999+0000][368.003s][info][gc,phases   ] GC(160)   Evacuate Collection Set: 1.7ms
[2025-12-24T05:29:04.999+0000][368.003s][info][gc,phases   ] GC(160)   Post Evacuate Collection Set: 0.6ms
[2025-12-24T05:29:04.999+0000][368.003s][info][gc,phases   ] GC(160)   Other: 0.8ms
[2025-12-24T05:29:04.999+0000][368.003s][info][gc,heap     ] GC(160) Eden regions: 325->0(324)
[2025-12-24T05:29:04.999+0000][368.003s][info][gc,heap     ] GC(160) Survivor regions: 1->2(41)
[2025-12-24T05:29:04.999+0000][368.003s][info][gc,heap     ] GC(160) Old regions: 86->87
[2025-12-24T05:29:04.999+0000][368.003s][info][gc,heap     ] GC(160) Archive regions: 2->2
[2025-12-24T05:29:04.999+0000][368.003s][info][gc,heap     ] GC(160) Humongous regions: 37->37
[2025-12-24T05:29:04.999+0000][368.004s][info][gc,metaspace] GC(160) Metaspace: 98066K(99264K)->98066K(99264K) NonClass: 85194K(85760K)->85194K(85760K) Class: 12872K(13504K)->12872K(13504K)
[2025-12-24T05:29:04.999+0000][368.004s][info][gc          ] GC(160) Pause Young (Normal) (G1 Evacuation Pause) 449M->125M(544M) 3.881ms
[2025-12-24T05:29:05.000+0000][368.004s][info][gc,cpu      ] GC(160) User=0.01s Sys=0.00s Real=0.01s
[2025-12-24T05:29:07.834+0000][370.838s][info][gc,start    ] GC(161) Pause Young (Normal) (G1 Evacuation Pause)
[2025-12-24T05:29:07.834+0000][370.838s][info][gc,task     ] GC(161) Using 3 workers of 3 for evacuation
[2025-12-24T05:29:07.837+0000][370.841s][info][gc,phases   ] GC(161)   Pre Evacuate Collection Set: 0.1ms
[2025-12-24T05:29:07.837+0000][370.841s][info][gc,phases   ] GC(161)   Merge Heap Roots: 0.1ms
[2025-12-24T05:29:07.837+0000][370.841s][info][gc,phases   ] GC(161)   Evacuate Collection Set: 1.5ms
[2025-12-24T05:29:07.837+0000][370.841s][info][gc,phases   ] GC(161)   Post Evacuate Collection Set: 0.5ms
[2025-12-24T05:29:07.837+0000][370.841s][info][gc,phases   ] GC(161)   Other: 0.5ms
[2025-12-24T05:29:07.837+0000][370.841s][info][gc,heap     ] GC(161) Eden regions: 324->0(324)
[2025-12-24T05:29:07.837+0000][370.841s][info][gc,heap     ] GC(161) Survivor regions: 2->2(41)
[2025-12-24T05:29:07.837+0000][370.842s][info][gc,heap     ] GC(161) Old regions: 87->87
[2025-12-24T05:29:07.837+0000][370.842s][info][gc,heap     ] GC(161) Archive regions: 2->2
[2025-12-24T05:29:07.838+0000][370.842s][info][gc,heap     ] GC(161) Humongous regions: 37->37
[2025-12-24T05:29:07.838+0000][370.842s][info][gc,metaspace] GC(161) Metaspace: 98066K(99264K)->98066K(99264K) NonClass: 85194K(85760K)->85194K(85760K) Class: 12872K(13504K)->12872K(13504K)
[2025-12-24T05:29:07.838+0000][370.842s][info][gc          ] GC(161) Pause Young (Normal) (G1 Evacuation Pause) 449M->125M(544M) 3.685ms
[2025-12-24T05:29:07.838+0000][370.842s][info][gc,cpu      ] GC(161) User=0.01s Sys=0.00s Real=0.00s
[2025-12-24T05:29:12.204+0000][375.208s][info][gc,start    ] GC(162) Pause Young (Normal) (G1 Evacuation Pause)
[2025-12-24T05:29:12.204+0000][375.208s][info][gc,task     ] GC(162) Using 3 workers of 3 for evacuation
[2025-12-24T05:29:12.207+0000][375.211s][info][gc,phases   ] GC(162)   Pre Evacuate Collection Set: 0.1ms
[2025-12-24T05:29:12.208+0000][375.212s][info][gc,phases   ] GC(162)   Merge Heap Roots: 0.1ms
[2025-12-24T05:29:12.208+0000][375.212s][info][gc,phases   ] GC(162)   Evacuate Collection Set: 2.1ms
[2025-12-24T05:29:12.208+0000][375.212s][info][gc,phases   ] GC(162)   Post Evacuate Collection Set: 0.6ms
[2025-12-24T05:29:12.208+0000][375.212s][info][gc,phases   ] GC(162)   Other: 0.7ms
[2025-12-24T05:29:12.208+0000][375.212s][info][gc,heap     ] GC(162) Eden regions: 324->0(325)
[2025-12-24T05:29:12.208+0000][375.212s][info][gc,heap     ] GC(162) Survivor regions: 2->1(41)
[2025-12-24T05:29:12.208+0000][375.212s][info][gc,heap     ] GC(162) Old regions: 87->87
[2025-12-24T05:29:12.208+0000][375.212s][info][gc,heap     ] GC(162) Archive regions: 2->2
[2025-12-24T05:29:12.208+0000][375.213s][info][gc,heap     ] GC(162) Humongous regions: 37->37
[2025-12-24T05:29:12.209+0000][375.213s][info][gc,metaspace] GC(162) Metaspace: 98067K(99264K)->98067K(99264K) NonClass: 85194K(85760K)->85194K(85760K) Class: 12872K(13504K)->12872K(13504K)
[2025-12-24T05:29:12.209+0000][375.213s][info][gc          ] GC(162) Pause Young (Normal) (G1 Evacuation Pause) 449M->125M(544M) 4.623ms
[2025-12-24T05:29:12.209+0000][375.213s][info][gc,cpu      ] GC(162) User=0.01s Sys=0.00s Real=0.01s
[2025-12-24T05:29:16.597+0000][379.601s][info][gc,start    ] GC(163) Pause Young (Normal) (G1 Evacuation Pause)
[2025-12-24T05:29:16.598+0000][379.602s][info][gc,task     ] GC(163) Using 3 workers of 3 for evacuation
[2025-12-24T05:29:16.600+0000][379.604s][info][gc,phases   ] GC(163)   Pre Evacuate Collection Set: 0.1ms
[2025-12-24T05:29:16.600+0000][379.604s][info][gc,phases   ] GC(163)   Merge Heap Roots: 0.1ms
[2025-12-24T05:29:16.600+0000][379.604s][info][gc,phases   ] GC(163)   Evacuate Collection Set: 1.2ms
[2025-12-24T05:29:16.600+0000][379.604s][info][gc,phases   ] GC(163)   Post Evacuate Collection Set: 0.5ms
[2025-12-24T05:29:16.600+0000][379.604s][info][gc,phases   ] GC(163)   Other: 1.3ms
[2025-12-24T05:29:16.600+0000][379.604s][info][gc,heap     ] GC(163) Eden regions: 325->0(325)
[2025-12-24T05:29:16.600+0000][379.604s][info][gc,heap     ] GC(163) Survivor regions: 1->1(41)
[2025-12-24T05:29:16.600+0000][379.604s][info][gc,heap     ] GC(163) Old regions: 87->87
[2025-12-24T05:29:16.600+0000][379.605s][info][gc,heap     ] GC(163) Archive regions: 2->2
[2025-12-24T05:29:16.601+0000][379.605s][info][gc,heap     ] GC(163) Humongous regions: 37->37
[2025-12-24T05:29:16.601+0000][379.605s][info][gc,metaspace] GC(163) Metaspace: 98067K(99264K)->98067K(99264K) NonClass: 85194K(85760K)->85194K(85760K) Class: 12872K(13504K)->12872K(13504K)
[2025-12-24T05:29:16.601+0000][379.605s][info][gc          ] GC(163) Pause Young (Normal) (G1 Evacuation Pause) 450M->125M(544M) 4.189ms
[2025-12-24T05:29:16.601+0000][379.605s][info][gc,cpu      ] GC(163) User=0.00s Sys=0.00s Real=0.01s
[2025-12-24T05:29:21.268+0000][384.272s][info][gc,start    ] GC(164) Pause Young (Normal) (G1 Evacuation Pause)
[2025-12-24T05:29:21.268+0000][384.272s][info][gc,task     ] GC(164) Using 3 workers of 3 for evacuation
[2025-12-24T05:29:21.270+0000][384.274s][info][gc,phases   ] GC(164)   Pre Evacuate Collection Set: 0.2ms
[2025-12-24T05:29:21.270+0000][384.274s][info][gc,phases   ] GC(164)   Merge Heap Roots: 0.0ms
[2025-12-24T05:29:21.270+0000][384.274s][info][gc,phases   ] GC(164)   Evacuate Collection Set: 1.3ms
[2025-12-24T05:29:21.270+0000][384.275s][info][gc,phases   ] GC(164)   Post Evacuate Collection Set: 0.7ms
[2025-12-24T05:29:21.271+0000][384.275s][info][gc,phases   ] GC(164)   Other: 0.5ms
[2025-12-24T05:29:21.271+0000][384.275s][info][gc,heap     ] GC(164) Eden regions: 325->0(325)
[2025-12-24T05:29:21.271+0000][384.275s][info][gc,heap     ] GC(164) Survivor regions: 1->1(41)
[2025-12-24T05:29:21.271+0000][384.275s][info][gc,heap     ] GC(164) Old regions: 87->87
[2025-12-24T05:29:21.271+0000][384.275s][info][gc,heap     ] GC(164) Archive regions: 2->2
[2025-12-24T05:29:21.271+0000][384.275s][info][gc,heap     ] GC(164) Humongous regions: 37->37
[2025-12-24T05:29:21.271+0000][384.275s][info][gc,metaspace] GC(164) Metaspace: 98071K(99264K)->98071K(99264K) NonClass: 85198K(85760K)->85198K(85760K) Class: 12872K(13504K)->12872K(13504K)
[2025-12-24T05:29:21.271+0000][384.275s][info][gc          ] GC(164) Pause Young (Normal) (G1 Evacuation Pause) 450M->125M(544M) 3.482ms
[2025-12-24T05:29:21.271+0000][384.275s][info][gc,cpu      ] GC(164) User=0.00s Sys=0.00s Real=0.01s
[2025-12-24T05:29:24.159+0000][387.163s][info][gc,start    ] GC(165) Pause Young (Normal) (G1 Evacuation Pause)
[2025-12-24T05:29:24.159+0000][387.163s][info][gc,task     ] GC(165) Using 3 workers of 3 for evacuation
[2025-12-24T05:29:24.161+0000][387.165s][info][gc,phases   ] GC(165)   Pre Evacuate Collection Set: 0.1ms
[2025-12-24T05:29:24.161+0000][387.165s][info][gc,phases   ] GC(165)   Merge Heap Roots: 0.1ms
[2025-12-24T05:29:24.161+0000][387.166s][info][gc,phases   ] GC(165)   Evacuate Collection Set: 1.5ms
[2025-12-24T05:29:24.162+0000][387.166s][info][gc,phases   ] GC(165)   Post Evacuate Collection Set: 0.5ms
[2025-12-24T05:29:24.162+0000][387.166s][info][gc,phases   ] GC(165)   Other: 0.7ms
[2025-12-24T05:29:24.162+0000][387.166s][info][gc,heap     ] GC(165) Eden regions: 325->0(325)
[2025-12-24T05:29:24.162+0000][387.166s][info][gc,heap     ] GC(165) Survivor regions: 1->1(41)
[2025-12-24T05:29:24.162+0000][387.166s][info][gc,heap     ] GC(165) Old regions: 87->87
[2025-12-24T05:29:24.162+0000][387.166s][info][gc,heap     ] GC(165) Archive regions: 2->2
[2025-12-24T05:29:24.162+0000][387.166s][info][gc,heap     ] GC(165) Humongous regions: 37->37
[2025-12-24T05:29:24.162+0000][387.166s][info][gc,metaspace] GC(165) Metaspace: 98072K(99264K)->98072K(99264K) NonClass: 85199K(85760K)->85199K(85760K) Class: 12872K(13504K)->12872K(13504K)
[2025-12-24T05:29:24.162+0000][387.166s][info][gc          ] GC(165) Pause Young (Normal) (G1 Evacuation Pause) 450M->125M(544M) 3.651ms
[2025-12-24T05:29:24.162+0000][387.166s][info][gc,cpu      ] GC(165) User=0.00s Sys=0.00s Real=0.01s
[2025-12-24T05:29:26.679+0000][389.684s][info][gc,start    ] GC(166) Pause Young (Normal) (G1 Evacuation Pause)
[2025-12-24T05:29:26.680+0000][389.684s][info][gc,task     ] GC(166) Using 3 workers of 3 for evacuation
[2025-12-24T05:29:26.688+0000][389.692s][info][gc,phases   ] GC(166)   Pre Evacuate Collection Set: 0.3ms
[2025-12-24T05:29:26.688+0000][389.692s][info][gc,phases   ] GC(166)   Merge Heap Roots: 0.1ms
[2025-12-24T05:29:26.688+0000][389.692s][info][gc,phases   ] GC(166)   Evacuate Collection Set: 4.9ms
[2025-12-24T05:29:26.688+0000][389.693s][info][gc,phases   ] GC(166)   Post Evacuate Collection Set: 2.9ms
[2025-12-24T05:29:26.688+0000][389.693s][info][gc,phases   ] GC(166)   Other: 0.5ms
[2025-12-24T05:29:26.689+0000][389.693s][info][gc,heap     ] GC(166) Eden regions: 325->0(324)
[2025-12-24T05:29:26.689+0000][389.693s][info][gc,heap     ] GC(166) Survivor regions: 1->2(41)
[2025-12-24T05:29:26.689+0000][389.693s][info][gc,heap     ] GC(166) Old regions: 87->87
[2025-12-24T05:29:26.689+0000][389.693s][info][gc,heap     ] GC(166) Archive regions: 2->2
[2025-12-24T05:29:26.689+0000][389.693s][info][gc,heap     ] GC(166) Humongous regions: 37->37
[2025-12-24T05:29:26.689+0000][389.693s][info][gc,metaspace] GC(166) Metaspace: 98090K(99264K)->98090K(99264K) NonClass: 85215K(85760K)->85215K(85760K) Class: 12874K(13504K)->12874K(13504K)
[2025-12-24T05:29:26.689+0000][389.693s][info][gc          ] GC(166) Pause Young (Normal) (G1 Evacuation Pause) 450M->125M(544M) 9.524ms
[2025-12-24T05:29:26.689+0000][389.693s][info][gc,cpu      ] GC(166) User=0.01s Sys=0.00s Real=0.01s
[2025-12-24T05:29:28.019+0000][391.023s][info][gc,start    ] GC(167) Pause Young (Normal) (G1 Evacuation Pause)
[2025-12-24T05:29:28.021+0000][391.025s][info][gc,task     ] GC(167) Using 3 workers of 3 for evacuation
[2025-12-24T05:29:28.033+0000][391.037s][info][gc,phases   ] GC(167)   Pre Evacuate Collection Set: 0.3ms
[2025-12-24T05:29:28.033+0000][391.037s][info][gc,phases   ] GC(167)   Merge Heap Roots: 0.2ms
[2025-12-24T05:29:28.033+0000][391.037s][info][gc,phases   ] GC(167)   Evacuate Collection Set: 10.8ms
[2025-12-24T05:29:28.033+0000][391.038s][info][gc,phases   ] GC(167)   Post Evacuate Collection Set: 1.0ms
[2025-12-24T05:29:28.034+0000][391.038s][info][gc,phases   ] GC(167)   Other: 2.1ms
[2025-12-24T05:29:28.034+0000][391.038s][info][gc,heap     ] GC(167) Eden regions: 324->0(323)
[2025-12-24T05:29:28.034+0000][391.038s][info][gc,heap     ] GC(167) Survivor regions: 2->3(41)
[2025-12-24T05:29:28.034+0000][391.038s][info][gc,heap     ] GC(167) Old regions: 87->87
[2025-12-24T05:29:28.034+0000][391.038s][info][gc,heap     ] GC(167) Archive regions: 2->2
[2025-12-24T05:29:28.034+0000][391.038s][info][gc,heap     ] GC(167) Humongous regions: 37->37
[2025-12-24T05:29:28.034+0000][391.038s][info][gc,metaspace] GC(167) Metaspace: 98092K(99264K)->98092K(99264K) NonClass: 85217K(85760K)->85217K(85760K) Class: 12875K(13504K)->12875K(13504K)
[2025-12-24T05:29:28.034+0000][391.038s][info][gc          ] GC(167) Pause Young (Normal) (G1 Evacuation Pause) 449M->126M(544M) 15.355ms
[2025-12-24T05:29:28.034+0000][391.039s][info][gc,cpu      ] GC(167) User=0.02s Sys=0.00s Real=0.01s
[2025-12-24T05:29:29.124+0000][392.128s][info][gc,start    ] GC(168) Pause Young (Normal) (G1 Evacuation Pause)
[2025-12-24T05:29:29.124+0000][392.128s][info][gc,task     ] GC(168) Using 3 workers of 3 for evacuation
[2025-12-24T05:29:29.132+0000][392.136s][info][gc,phases   ] GC(168)   Pre Evacuate Collection Set: 0.2ms
[2025-12-24T05:29:29.133+0000][392.137s][info][gc,phases   ] GC(168)   Merge Heap Roots: 0.4ms
[2025-12-24T05:29:29.133+0000][392.137s][info][gc,phases   ] GC(168)   Evacuate Collection Set: 6.6ms
[2025-12-24T05:29:29.133+0000][392.137s][info][gc,phases   ] GC(168)   Post Evacuate Collection Set: 0.7ms
[2025-12-24T05:29:29.133+0000][392.137s][info][gc,phases   ] GC(168)   Other: 2.7ms
[2025-12-24T05:29:29.133+0000][392.137s][info][gc,heap     ] GC(168) Eden regions: 323->0(324)
[2025-12-24T05:29:29.133+0000][392.137s][info][gc,heap     ] GC(168) Survivor regions: 3->2(41)
[2025-12-24T05:29:29.133+0000][392.137s][info][gc,heap     ] GC(168) Old regions: 87->87
[2025-12-24T05:29:29.133+0000][392.137s][info][gc,heap     ] GC(168) Archive regions: 2->2
[2025-12-24T05:29:29.133+0000][392.137s][info][gc,heap     ] GC(168) Humongous regions: 37->37
[2025-12-24T05:29:29.133+0000][392.138s][info][gc,metaspace] GC(168) Metaspace: 98092K(99264K)->98092K(99264K) NonClass: 85217K(85760K)->85217K(85760K) Class: 12875K(13504K)->12875K(13504K)
[2025-12-24T05:29:29.134+0000][392.138s][info][gc          ] GC(168) Pause Young (Normal) (G1 Evacuation Pause) 449M->125M(544M) 9.505ms
[2025-12-24T05:29:29.134+0000][392.138s][info][gc,cpu      ] GC(168) User=0.01s Sys=0.00s Real=0.01s
[2025-12-24T05:29:30.115+0000][393.119s][info][gc,start    ] GC(169) Pause Young (Normal) (G1 Evacuation Pause)
[2025-12-24T05:29:30.116+0000][393.120s][info][gc,task     ] GC(169) Using 3 workers of 3 for evacuation
[2025-12-24T05:29:30.133+0000][393.137s][info][gc,phases   ] GC(169)   Pre Evacuate Collection Set: 0.5ms
[2025-12-24T05:29:30.133+0000][393.138s][info][gc,phases   ] GC(169)   Merge Heap Roots: 0.6ms
[2025-12-24T05:29:30.134+0000][393.138s][info][gc,phases   ] GC(169)   Evacuate Collection Set: 12.7ms
[2025-12-24T05:29:30.134+0000][393.138s][info][gc,phases   ] GC(169)   Post Evacuate Collection Set: 3.3ms
[2025-12-24T05:29:30.134+0000][393.139s][info][gc,phases   ] GC(169)   Other: 0.9ms
[2025-12-24T05:29:30.135+0000][393.139s][info][gc,heap     ] GC(169) Eden regions: 324->0(324)
[2025-12-24T05:29:30.135+0000][393.139s][info][gc,heap     ] GC(169) Survivor regions: 2->2(41)
[2025-12-24T05:29:30.135+0000][393.139s][info][gc,heap     ] GC(169) Old regions: 87->87
[2025-12-24T05:29:30.135+0000][393.139s][info][gc,heap     ] GC(169) Archive regions: 2->2
[2025-12-24T05:29:30.135+0000][393.139s][info][gc,heap     ] GC(169) Humongous regions: 37->37
[2025-12-24T05:29:30.135+0000][393.140s][info][gc,metaspace] GC(169) Metaspace: 98093K(99264K)->98093K(99264K) NonClass: 85217K(85760K)->85217K(85760K) Class: 12876K(13504K)->12876K(13504K)
[2025-12-24T05:29:30.136+0000][393.140s][info][gc          ] GC(169) Pause Young (Normal) (G1 Evacuation Pause) 449M->126M(544M) 20.475ms
[2025-12-24T05:29:30.136+0000][393.140s][info][gc,cpu      ] GC(169) User=0.01s Sys=0.00s Real=0.02s
[2025-12-24T05:29:30.795+0000][393.800s][info][gc,start    ] GC(170) Pause Young (Normal) (G1 Evacuation Pause)
[2025-12-24T05:29:30.796+0000][393.800s][info][gc,task     ] GC(170) Using 3 workers of 3 for evacuation
[2025-12-24T05:29:30.810+0000][393.814s][info][gc,phases   ] GC(170)   Pre Evacuate Collection Set: 0.2ms
[2025-12-24T05:29:30.810+0000][393.814s][info][gc,phases   ] GC(170)   Merge Heap Roots: 0.7ms
[2025-12-24T05:29:30.810+0000][393.814s][info][gc,phases   ] GC(170)   Evacuate Collection Set: 10.0ms
[2025-12-24T05:29:30.810+0000][393.815s][info][gc,phases   ] GC(170)   Post Evacuate Collection Set: 3.4ms
[2025-12-24T05:29:30.810+0000][393.815s][info][gc,phases   ] GC(170)   Other: 0.7ms
[2025-12-24T05:29:30.811+0000][393.815s][info][gc,heap     ] GC(170) Eden regions: 324->0(323)
[2025-12-24T05:29:30.811+0000][393.815s][info][gc,heap     ] GC(170) Survivor regions: 2->3(41)
[2025-12-24T05:29:30.811+0000][393.815s][info][gc,heap     ] GC(170) Old regions: 87->87
[2025-12-24T05:29:30.811+0000][393.815s][info][gc,heap     ] GC(170) Archive regions: 2->2
[2025-12-24T05:29:30.811+0000][393.815s][info][gc,heap     ] GC(170) Humongous regions: 37->37
[2025-12-24T05:29:30.811+0000][393.815s][info][gc,metaspace] GC(170) Metaspace: 98093K(99264K)->98093K(99264K) NonClass: 85217K(85760K)->85217K(85760K) Class: 12876K(13504K)->12876K(13504K)
[2025-12-24T05:29:30.811+0000][393.815s][info][gc          ] GC(170) Pause Young (Normal) (G1 Evacuation Pause) 450M->126M(544M) 15.472ms
[2025-12-24T05:29:30.811+0000][393.815s][info][gc,cpu      ] GC(170) User=0.01s Sys=0.00s Real=0.02s
[2025-12-24T05:29:31.511+0000][394.515s][info][gc,start    ] GC(171) Pause Young (Normal) (G1 Evacuation Pause)
[2025-12-24T05:29:31.511+0000][394.515s][info][gc,task     ] GC(171) Using 3 workers of 3 for evacuation
[2025-12-24T05:29:31.522+0000][394.526s][info][gc,phases   ] GC(171)   Pre Evacuate Collection Set: 0.5ms
[2025-12-24T05:29:31.522+0000][394.527s][info][gc,phases   ] GC(171)   Merge Heap Roots: 0.5ms
[2025-12-24T05:29:31.523+0000][394.527s][info][gc,phases   ] GC(171)   Evacuate Collection Set: 6.7ms
[2025-12-24T05:29:31.523+0000][394.527s][info][gc,phases   ] GC(171)   Post Evacuate Collection Set: 0.9ms
[2025-12-24T05:29:31.523+0000][394.527s][info][gc,phases   ] GC(171)   Other: 3.1ms
[2025-12-24T05:29:31.523+0000][394.527s][info][gc,heap     ] GC(171) Eden regions: 323->0(323)
[2025-12-24T05:29:31.523+0000][394.527s][info][gc,heap     ] GC(171) Survivor regions: 3->3(41)
[2025-12-24T05:29:31.523+0000][394.527s][info][gc,heap     ] GC(171) Old regions: 87->87
[2025-12-24T05:29:31.523+0000][394.527s][info][gc,heap     ] GC(171) Archive regions: 2->2
[2025-12-24T05:29:31.523+0000][394.527s][info][gc,heap     ] GC(171) Humongous regions: 37->37
[2025-12-24T05:29:31.523+0000][394.527s][info][gc,metaspace] GC(171) Metaspace: 98094K(99264K)->98094K(99264K) NonClass: 85218K(85760K)->85218K(85760K) Class: 12876K(13504K)->12876K(13504K)
[2025-12-24T05:29:31.523+0000][394.527s][info][gc          ] GC(171) Pause Young (Normal) (G1 Evacuation Pause) 449M->126M(544M) 12.579ms
[2025-12-24T05:29:31.523+0000][394.528s][info][gc,cpu      ] GC(171) User=0.01s Sys=0.00s Real=0.01s
[2025-12-24T05:29:32.107+0000][395.111s][info][gc,start    ] GC(172) Pause Young (Normal) (G1 Evacuation Pause)
[2025-12-24T05:29:32.107+0000][395.111s][info][gc,task     ] GC(172) Using 3 workers of 3 for evacuation
[2025-12-24T05:29:32.118+0000][395.122s][info][gc,phases   ] GC(172)   Pre Evacuate Collection Set: 1.4ms
[2025-12-24T05:29:32.118+0000][395.123s][info][gc,phases   ] GC(172)   Merge Heap Roots: 0.4ms
[2025-12-24T05:29:32.119+0000][395.123s][info][gc,phases   ] GC(172)   Evacuate Collection Set: 8.8ms
[2025-12-24T05:29:32.119+0000][395.123s][info][gc,phases   ] GC(172)   Post Evacuate Collection Set: 0.7ms
[2025-12-24T05:29:32.119+0000][395.123s][info][gc,phases   ] GC(172)   Other: 0.5ms
[2025-12-24T05:29:32.119+0000][395.123s][info][gc,heap     ] GC(172) Eden regions: 323->0(323)
[2025-12-24T05:29:32.119+0000][395.123s][info][gc,heap     ] GC(172) Survivor regions: 3->3(41)
[2025-12-24T05:29:32.119+0000][395.123s][info][gc,heap     ] GC(172) Old regions: 87->87
[2025-12-24T05:29:32.119+0000][395.123s][info][gc,heap     ] GC(172) Archive regions: 2->2
[2025-12-24T05:29:32.119+0000][395.123s][info][gc,heap     ] GC(172) Humongous regions: 37->37
[2025-12-24T05:29:32.121+0000][395.125s][info][gc,metaspace] GC(172) Metaspace: 98095K(99264K)->98095K(99264K) NonClass: 85219K(85760K)->85219K(85760K) Class: 12876K(13504K)->12876K(13504K)
[2025-12-24T05:29:32.121+0000][395.125s][info][gc          ] GC(172) Pause Young (Normal) (G1 Evacuation Pause) 449M->126M(544M) 14.601ms
[2025-12-24T05:29:32.121+0000][395.126s][info][gc,cpu      ] GC(172) User=0.01s Sys=0.00s Real=0.02s
[2025-12-24T05:29:32.754+0000][395.758s][info][gc,start    ] GC(173) Pause Young (Normal) (G1 Evacuation Pause)
[2025-12-24T05:29:32.754+0000][395.758s][info][gc,task     ] GC(173) Using 3 workers of 3 for evacuation
[2025-12-24T05:29:32.763+0000][395.767s][info][gc,phases   ] GC(173)   Pre Evacuate Collection Set: 0.4ms
[2025-12-24T05:29:32.763+0000][395.767s][info][gc,phases   ] GC(173)   Merge Heap Roots: 0.4ms
[2025-12-24T05:29:32.763+0000][395.767s][info][gc,phases   ] GC(173)   Evacuate Collection Set: 7.2ms
[2025-12-24T05:29:32.763+0000][395.767s][info][gc,phases   ] GC(173)   Post Evacuate Collection Set: 0.7ms
[2025-12-24T05:29:32.763+0000][395.767s][info][gc,phases   ] GC(173)   Other: 0.8ms
[2025-12-24T05:29:32.763+0000][395.768s][info][gc,heap     ] GC(173) Eden regions: 323->0(323)
[2025-12-24T05:29:32.764+0000][395.768s][info][gc,heap     ] GC(173) Survivor regions: 3->3(41)
[2025-12-24T05:29:32.764+0000][395.768s][info][gc,heap     ] GC(173) Old regions: 87->87
[2025-12-24T05:29:32.764+0000][395.768s][info][gc,heap     ] GC(173) Archive regions: 2->2
[2025-12-24T05:29:32.764+0000][395.768s][info][gc,heap     ] GC(173) Humongous regions: 37->37
[2025-12-24T05:29:32.764+0000][395.768s][info][gc,metaspace] GC(173) Metaspace: 98095K(99264K)->98095K(99264K) NonClass: 85219K(85760K)->85219K(85760K) Class: 12876K(13504K)->12876K(13504K)
[2025-12-24T05:29:32.764+0000][395.768s][info][gc          ] GC(173) Pause Young (Normal) (G1 Evacuation Pause) 449M->126M(544M) 10.400ms
[2025-12-24T05:29:32.764+0000][395.768s][info][gc,cpu      ] GC(173) User=0.01s Sys=0.00s Real=0.01s
[2025-12-24T05:29:33.338+0000][396.342s][info][gc,start    ] GC(174) Pause Young (Normal) (G1 Evacuation Pause)
[2025-12-24T05:29:33.338+0000][396.342s][info][gc,task     ] GC(174) Using 3 workers of 3 for evacuation
[2025-12-24T05:29:33.350+0000][396.354s][info][gc,phases   ] GC(174)   Pre Evacuate Collection Set: 1.0ms
[2025-12-24T05:29:33.351+0000][396.355s][info][gc,phases   ] GC(174)   Merge Heap Roots: 0.3ms
[2025-12-24T05:29:33.351+0000][396.355s][info][gc,phases   ] GC(174)   Evacuate Collection Set: 7.4ms
[2025-12-24T05:29:33.351+0000][396.355s][info][gc,phases   ] GC(174)   Post Evacuate Collection Set: 2.9ms
[2025-12-24T05:29:33.351+0000][396.355s][info][gc,phases   ] GC(174)   Other: 0.8ms
[2025-12-24T05:29:33.351+0000][396.355s][info][gc,heap     ] GC(174) Eden regions: 323->0(323)
[2025-12-24T05:29:33.351+0000][396.355s][info][gc,heap     ] GC(174) Survivor regions: 3->3(41)
[2025-12-24T05:29:33.351+0000][396.355s][info][gc,heap     ] GC(174) Old regions: 87->87
[2025-12-24T05:29:33.351+0000][396.356s][info][gc,heap     ] GC(174) Archive regions: 2->2
[2025-12-24T05:29:33.352+0000][396.356s][info][gc,heap     ] GC(174) Humongous regions: 37->37
[2025-12-24T05:29:33.352+0000][396.356s][info][gc,metaspace] GC(174) Metaspace: 98095K(99264K)->98095K(99264K) NonClass: 85219K(85760K)->85219K(85760K) Class: 12876K(13504K)->12876K(13504K)
[2025-12-24T05:29:33.352+0000][396.356s][info][gc          ] GC(174) Pause Young (Normal) (G1 Evacuation Pause) 449M->127M(544M) 14.152ms
[2025-12-24T05:29:33.353+0000][396.357s][info][gc,cpu      ] GC(174) User=0.01s Sys=0.00s Real=0.02s
[2025-12-24T05:29:33.857+0000][396.861s][info][gc,start    ] GC(175) Pause Young (Normal) (G1 Evacuation Pause)
[2025-12-24T05:29:33.857+0000][396.861s][info][gc,task     ] GC(175) Using 3 workers of 3 for evacuation
[2025-12-24T05:29:33.867+0000][396.871s][info][gc,phases   ] GC(175)   Pre Evacuate Collection Set: 0.2ms
[2025-12-24T05:29:33.868+0000][396.872s][info][gc,phases   ] GC(175)   Merge Heap Roots: 0.2ms
[2025-12-24T05:29:33.868+0000][396.872s][info][gc,phases   ] GC(175)   Evacuate Collection Set: 8.7ms
[2025-12-24T05:29:33.868+0000][396.872s][info][gc,phases   ] GC(175)   Post Evacuate Collection Set: 0.6ms
[2025-12-24T05:29:33.868+0000][396.872s][info][gc,phases   ] GC(175)   Other: 0.7ms
[2025-12-24T05:29:33.868+0000][396.872s][info][gc,heap     ] GC(175) Eden regions: 323->0(323)
[2025-12-24T05:29:33.868+0000][396.872s][info][gc,heap     ] GC(175) Survivor regions: 3->3(41)
[2025-12-24T05:29:33.868+0000][396.872s][info][gc,heap     ] GC(175) Old regions: 87->88
[2025-12-24T05:29:33.868+0000][396.873s][info][gc,heap     ] GC(175) Archive regions: 2->2
[2025-12-24T05:29:33.868+0000][396.873s][info][gc,heap     ] GC(175) Humongous regions: 37->37
[2025-12-24T05:29:33.869+0000][396.873s][info][gc,metaspace] GC(175) Metaspace: 98095K(99264K)->98095K(99264K) NonClass: 85219K(85760K)->85219K(85760K) Class: 12876K(13504K)->12876K(13504K)
[2025-12-24T05:29:33.869+0000][396.873s][info][gc          ] GC(175) Pause Young (Normal) (G1 Evacuation Pause) 450M->127M(544M) 11.700ms
[2025-12-24T05:29:33.869+0000][396.873s][info][gc,cpu      ] GC(175) User=0.01s Sys=0.00s Real=0.02s
[2025-12-24T05:29:34.473+0000][397.477s][info][gc,start    ] GC(176) Pause Young (Normal) (G1 Evacuation Pause)
[2025-12-24T05:29:34.473+0000][397.477s][info][gc,task     ] GC(176) Using 3 workers of 3 for evacuation
[2025-12-24T05:29:34.480+0000][397.484s][info][gc,phases   ] GC(176)   Pre Evacuate Collection Set: 0.2ms
[2025-12-24T05:29:34.480+0000][397.484s][info][gc,phases   ] GC(176)   Merge Heap Roots: 0.2ms
[2025-12-24T05:29:34.480+0000][397.484s][info][gc,phases   ] GC(176)   Evacuate Collection Set: 5.7ms
[2025-12-24T05:29:34.480+0000][397.485s][info][gc,phases   ] GC(176)   Post Evacuate Collection Set: 0.5ms
[2025-12-24T05:29:34.480+0000][397.485s][info][gc,phases   ] GC(176)   Other: 0.6ms
[2025-12-24T05:29:34.481+0000][397.485s][info][gc,heap     ] GC(176) Eden regions: 323->0(324)
[2025-12-24T05:29:34.481+0000][397.485s][info][gc,heap     ] GC(176) Survivor regions: 3->2(41)
[2025-12-24T05:29:34.481+0000][397.485s][info][gc,heap     ] GC(176) Old regions: 88->88
[2025-12-24T05:29:34.481+0000][397.486s][info][gc,heap     ] GC(176) Archive regions: 2->2
[2025-12-24T05:29:34.482+0000][397.486s][info][gc,heap     ] GC(176) Humongous regions: 37->37
[2025-12-24T05:29:34.482+0000][397.486s][info][gc,metaspace] GC(176) Metaspace: 98135K(99328K)->98135K(99328K) NonClass: 85250K(85824K)->85250K(85824K) Class: 12884K(13504K)->12884K(13504K)
[2025-12-24T05:29:34.482+0000][397.486s][info][gc          ] GC(176) Pause Young (Normal) (G1 Evacuation Pause) 450M->126M(544M) 8.848ms
[2025-12-24T05:29:34.482+0000][397.486s][info][gc,cpu      ] GC(176) User=0.01s Sys=0.00s Real=0.01s
[2025-12-24T05:29:35.182+0000][398.186s][info][gc,start    ] GC(177) Pause Young (Normal) (G1 Evacuation Pause)
[2025-12-24T05:29:35.183+0000][398.187s][info][gc,task     ] GC(177) Using 3 workers of 3 for evacuation
[2025-12-24T05:29:35.195+0000][398.199s][info][gc,phases   ] GC(177)   Pre Evacuate Collection Set: 0.4ms
[2025-12-24T05:29:35.195+0000][398.199s][info][gc,phases   ] GC(177)   Merge Heap Roots: 0.5ms
[2025-12-24T05:29:35.195+0000][398.199s][info][gc,phases   ] GC(177)   Evacuate Collection Set: 7.5ms
[2025-12-24T05:29:35.195+0000][398.199s][info][gc,phases   ] GC(177)   Post Evacuate Collection Set: 3.4ms
[2025-12-24T05:29:35.195+0000][398.199s][info][gc,phases   ] GC(177)   Other: 1.0ms
[2025-12-24T05:29:35.195+0000][398.199s][info][gc,heap     ] GC(177) Eden regions: 324->0(324)
[2025-12-24T05:29:35.195+0000][398.199s][info][gc,heap     ] GC(177) Survivor regions: 2->2(41)
[2025-12-24T05:29:35.195+0000][398.199s][info][gc,heap     ] GC(177) Old regions: 88->88
[2025-12-24T05:29:35.195+0000][398.199s][info][gc,heap     ] GC(177) Archive regions: 2->2
[2025-12-24T05:29:35.195+0000][398.200s][info][gc,heap     ] GC(177) Humongous regions: 37->37
[2025-12-24T05:29:35.195+0000][398.200s][info][gc,metaspace] GC(177) Metaspace: 98136K(99328K)->98136K(99328K) NonClass: 85251K(85824K)->85251K(85824K) Class: 12884K(13504K)->12884K(13504K)
[2025-12-24T05:29:35.196+0000][398.200s][info][gc          ] GC(177) Pause Young (Normal) (G1 Evacuation Pause) 450M->126M(544M) 13.624ms
[2025-12-24T05:29:35.196+0000][398.200s][info][gc,cpu      ] GC(177) User=0.00s Sys=0.00s Real=0.01s
[2025-12-24T05:29:35.750+0000][398.754s][info][gc,start    ] GC(178) Pause Young (Normal) (G1 Evacuation Pause)
[2025-12-24T05:29:35.750+0000][398.755s][info][gc,task     ] GC(178) Using 3 workers of 3 for evacuation
[2025-12-24T05:29:35.758+0000][398.762s][info][gc,phases   ] GC(178)   Pre Evacuate Collection Set: 0.2ms
[2025-12-24T05:29:35.758+0000][398.763s][info][gc,phases   ] GC(178)   Merge Heap Roots: 0.1ms
[2025-12-24T05:29:35.759+0000][398.763s][info][gc,phases   ] GC(178)   Evacuate Collection Set: 6.3ms
[2025-12-24T05:29:35.759+0000][398.763s][info][gc,phases   ] GC(178)   Post Evacuate Collection Set: 1.1ms
[2025-12-24T05:29:35.759+0000][398.763s][info][gc,phases   ] GC(178)   Other: 0.4ms
[2025-12-24T05:29:35.759+0000][398.763s][info][gc,heap     ] GC(178) Eden regions: 324->0(324)
[2025-12-24T05:29:35.759+0000][398.763s][info][gc,heap     ] GC(178) Survivor regions: 2->2(41)
[2025-12-24T05:29:35.759+0000][398.763s][info][gc,heap     ] GC(178) Old regions: 88->88
[2025-12-24T05:29:35.759+0000][398.763s][info][gc,heap     ] GC(178) Archive regions: 2->2
[2025-12-24T05:29:35.759+0000][398.763s][info][gc,heap     ] GC(178) Humongous regions: 37->37
[2025-12-24T05:29:35.759+0000][398.763s][info][gc,metaspace] GC(178) Metaspace: 98136K(99328K)->98136K(99328K) NonClass: 85251K(85824K)->85251K(85824K) Class: 12884K(13504K)->12884K(13504K)
[2025-12-24T05:29:35.759+0000][398.763s][info][gc          ] GC(178) Pause Young (Normal) (G1 Evacuation Pause) 450M->127M(544M) 8.670ms
[2025-12-24T05:29:35.759+0000][398.763s][info][gc,cpu      ] GC(178) User=0.01s Sys=0.00s Real=0.01s
[2025-12-24T05:29:36.289+0000][399.293s][info][gc,start    ] GC(179) Pause Young (Normal) (G1 Evacuation Pause)
[2025-12-24T05:29:36.290+0000][399.294s][info][gc,task     ] GC(179) Using 3 workers of 3 for evacuation
[2025-12-24T05:29:36.301+0000][399.305s][info][gc,phases   ] GC(179)   Pre Evacuate Collection Set: 0.8ms
[2025-12-24T05:29:36.301+0000][399.305s][info][gc,phases   ] GC(179)   Merge Heap Roots: 0.6ms
[2025-12-24T05:29:36.301+0000][399.305s][info][gc,phases   ] GC(179)   Evacuate Collection Set: 7.7ms
[2025-12-24T05:29:36.301+0000][399.305s][info][gc,phases   ] GC(179)   Post Evacuate Collection Set: 1.6ms
[2025-12-24T05:29:36.301+0000][399.305s][info][gc,phases   ] GC(179)   Other: 0.8ms
[2025-12-24T05:29:36.301+0000][399.305s][info][gc,heap     ] GC(179) Eden regions: 324->0(324)
[2025-12-24T05:29:36.301+0000][399.305s][info][gc,heap     ] GC(179) Survivor regions: 2->2(41)
[2025-12-24T05:29:36.301+0000][399.306s][info][gc,heap     ] GC(179) Old regions: 88->88
[2025-12-24T05:29:36.301+0000][399.306s][info][gc,heap     ] GC(179) Archive regions: 2->2
[2025-12-24T05:29:36.302+0000][399.306s][info][gc,heap     ] GC(179) Humongous regions: 37->37
[2025-12-24T05:29:36.302+0000][399.306s][info][gc,metaspace] GC(179) Metaspace: 98136K(99328K)->98136K(99328K) NonClass: 85251K(85824K)->85251K(85824K) Class: 12884K(13504K)->12884K(13504K)
[2025-12-24T05:29:36.302+0000][399.306s][info][gc          ] GC(179) Pause Young (Normal) (G1 Evacuation Pause) 451M->126M(544M) 12.612ms
[2025-12-24T05:29:36.302+0000][399.306s][info][gc,cpu      ] GC(179) User=0.01s Sys=0.00s Real=0.01s
[2025-12-24T05:29:36.750+0000][399.754s][info][gc,start    ] GC(180) Pause Young (Normal) (G1 Evacuation Pause)
[2025-12-24T05:29:36.751+0000][399.755s][info][gc,task     ] GC(180) Using 3 workers of 3 for evacuation
[2025-12-24T05:29:36.760+0000][399.765s][info][gc,phases   ] GC(180)   Pre Evacuate Collection Set: 1.0ms
[2025-12-24T05:29:36.761+0000][399.765s][info][gc,phases   ] GC(180)   Merge Heap Roots: 0.5ms
[2025-12-24T05:29:36.761+0000][399.765s][info][gc,phases   ] GC(180)   Evacuate Collection Set: 7.0ms
[2025-12-24T05:29:36.761+0000][399.765s][info][gc,phases   ] GC(180)   Post Evacuate Collection Set: 0.8ms
[2025-12-24T05:29:36.761+0000][399.765s][info][gc,phases   ] GC(180)   Other: 1.5ms
[2025-12-24T05:29:36.762+0000][399.766s][info][gc,heap     ] GC(180) Eden regions: 324->0(324)
[2025-12-24T05:29:36.762+0000][399.766s][info][gc,heap     ] GC(180) Survivor regions: 2->2(41)
[2025-12-24T05:29:36.762+0000][399.766s][info][gc,heap     ] GC(180) Old regions: 88->88
[2025-12-24T05:29:36.762+0000][399.766s][info][gc,heap     ] GC(180) Archive regions: 2->2
[2025-12-24T05:29:36.762+0000][399.766s][info][gc,heap     ] GC(180) Humongous regions: 37->37
[2025-12-24T05:29:36.763+0000][399.767s][info][gc,metaspace] GC(180) Metaspace: 98139K(99328K)->98139K(99328K) NonClass: 85254K(85824K)->85254K(85824K) Class: 12884K(13504K)->12884K(13504K)
[2025-12-24T05:29:36.763+0000][399.767s][info][gc          ] GC(180) Pause Young (Normal) (G1 Evacuation Pause) 450M->126M(544M) 12.979ms
[2025-12-24T05:29:36.763+0000][399.767s][info][gc,cpu      ] GC(180) User=0.01s Sys=0.00s Real=0.01s
[2025-12-24T05:29:37.071+0000][400.075s][info][gc,start    ] GC(181) Pause Young (Normal) (G1 Evacuation Pause)
[2025-12-24T05:29:37.071+0000][400.075s][info][gc,task     ] GC(181) Using 3 workers of 3 for evacuation
[2025-12-24T05:29:37.080+0000][400.084s][info][gc,phases   ] GC(181)   Pre Evacuate Collection Set: 0.7ms
[2025-12-24T05:29:37.080+0000][400.084s][info][gc,phases   ] GC(181)   Merge Heap Roots: 0.1ms
[2025-12-24T05:29:37.080+0000][400.084s][info][gc,phases   ] GC(181)   Evacuate Collection Set: 6.5ms
[2025-12-24T05:29:37.080+0000][400.084s][info][gc,phases   ] GC(181)   Post Evacuate Collection Set: 0.9ms
[2025-12-24T05:29:37.080+0000][400.084s][info][gc,phases   ] GC(181)   Other: 1.1ms
[2025-12-24T05:29:37.080+0000][400.085s][info][gc,heap     ] GC(181) Eden regions: 324->0(323)
[2025-12-24T05:29:37.081+0000][400.085s][info][gc,heap     ] GC(181) Survivor regions: 2->3(41)
[2025-12-24T05:29:37.081+0000][400.085s][info][gc,heap     ] GC(181) Old regions: 88->88
[2025-12-24T05:29:37.081+0000][400.085s][info][gc,heap     ] GC(181) Archive regions: 2->2
[2025-12-24T05:29:37.081+0000][400.085s][info][gc,heap     ] GC(181) Humongous regions: 37->37
[2025-12-24T05:29:37.081+0000][400.085s][info][gc,metaspace] GC(181) Metaspace: 98139K(99328K)->98139K(99328K) NonClass: 85254K(85824K)->85254K(85824K) Class: 12884K(13504K)->12884K(13504K)
[2025-12-24T05:29:37.081+0000][400.085s][info][gc          ] GC(181) Pause Young (Normal) (G1 Evacuation Pause) 450M->127M(544M) 10.083ms
[2025-12-24T05:29:37.081+0000][400.085s][info][gc,cpu      ] GC(181) User=0.00s Sys=0.00s Real=0.01s
[2025-12-24T05:29:37.522+0000][400.526s][info][gc,start    ] GC(182) Pause Young (Normal) (G1 Evacuation Pause)
[2025-12-24T05:29:37.522+0000][400.526s][info][gc,task     ] GC(182) Using 3 workers of 3 for evacuation
[2025-12-24T05:29:37.531+0000][400.535s][info][gc,phases   ] GC(182)   Pre Evacuate Collection Set: 0.7ms
[2025-12-24T05:29:37.531+0000][400.536s][info][gc,phases   ] GC(182)   Merge Heap Roots: 0.6ms
[2025-12-24T05:29:37.532+0000][400.536s][info][gc,phases   ] GC(182)   Evacuate Collection Set: 6.3ms
[2025-12-24T05:29:37.532+0000][400.536s][info][gc,phases   ] GC(182)   Post Evacuate Collection Set: 1.0ms
[2025-12-24T05:29:37.532+0000][400.536s][info][gc,phases   ] GC(182)   Other: 1.0ms
[2025-12-24T05:29:37.532+0000][400.536s][info][gc,heap     ] GC(182) Eden regions: 323->0(324)
[2025-12-24T05:29:37.532+0000][400.536s][info][gc,heap     ] GC(182) Survivor regions: 3->2(41)
[2025-12-24T05:29:37.532+0000][400.536s][info][gc,heap     ] GC(182) Old regions: 88->88
[2025-12-24T05:29:37.532+0000][400.536s][info][gc,heap     ] GC(182) Archive regions: 2->2
[2025-12-24T05:29:37.532+0000][400.536s][info][gc,heap     ] GC(182) Humongous regions: 37->37
[2025-12-24T05:29:37.532+0000][400.536s][info][gc,metaspace] GC(182) Metaspace: 98139K(99328K)->98139K(99328K) NonClass: 85254K(85824K)->85254K(85824K) Class: 12884K(13504K)->12884K(13504K)
[2025-12-24T05:29:37.532+0000][400.536s][info][gc          ] GC(182) Pause Young (Normal) (G1 Evacuation Pause) 450M->126M(544M) 10.104ms
[2025-12-24T05:29:37.532+0000][400.536s][info][gc,cpu      ] GC(182) User=0.00s Sys=0.00s Real=0.01s
[2025-12-24T05:29:37.906+0000][400.911s][info][gc,start    ] GC(183) Pause Young (Normal) (G1 Evacuation Pause)
[2025-12-24T05:29:37.907+0000][400.911s][info][gc,task     ] GC(183) Using 3 workers of 3 for evacuation
[2025-12-24T05:29:37.914+0000][400.918s][info][gc,phases   ] GC(183)   Pre Evacuate Collection Set: 0.3ms
[2025-12-24T05:29:37.915+0000][400.919s][info][gc,phases   ] GC(183)   Merge Heap Roots: 0.1ms
[2025-12-24T05:29:37.915+0000][400.919s][info][gc,phases   ] GC(183)   Evacuate Collection Set: 5.5ms
[2025-12-24T05:29:37.915+0000][400.919s][info][gc,phases   ] GC(183)   Post Evacuate Collection Set: 1.6ms
[2025-12-24T05:29:37.915+0000][400.919s][info][gc,phases   ] GC(183)   Other: 0.5ms
[2025-12-24T05:29:37.915+0000][400.919s][info][gc,heap     ] GC(183) Eden regions: 324->0(324)
[2025-12-24T05:29:37.915+0000][400.919s][info][gc,heap     ] GC(183) Survivor regions: 2->2(41)
[2025-12-24T05:29:37.915+0000][400.919s][info][gc,heap     ] GC(183) Old regions: 88->88
[2025-12-24T05:29:37.915+0000][400.919s][info][gc,heap     ] GC(183) Archive regions: 2->2
[2025-12-24T05:29:37.915+0000][400.919s][info][gc,heap     ] GC(183) Humongous regions: 37->37
[2025-12-24T05:29:37.915+0000][400.919s][info][gc,metaspace] GC(183) Metaspace: 98139K(99328K)->98139K(99328K) NonClass: 85255K(85824K)->85255K(85824K) Class: 12884K(13504K)->12884K(13504K)
[2025-12-24T05:29:37.915+0000][400.919s][info][gc          ] GC(183) Pause Young (Normal) (G1 Evacuation Pause) 450M->127M(544M) 8.858ms
[2025-12-24T05:29:37.916+0000][400.920s][info][gc,cpu      ] GC(183) User=0.01s Sys=0.00s Real=0.01s
[2025-12-24T05:29:38.428+0000][401.432s][info][gc,start    ] GC(184) Pause Young (Normal) (G1 Evacuation Pause)
[2025-12-24T05:29:38.428+0000][401.432s][info][gc,task     ] GC(184) Using 3 workers of 3 for evacuation
[2025-12-24T05:29:38.443+0000][401.447s][info][gc,phases   ] GC(184)   Pre Evacuate Collection Set: 0.5ms
[2025-12-24T05:29:38.443+0000][401.447s][info][gc,phases   ] GC(184)   Merge Heap Roots: 0.2ms
[2025-12-24T05:29:38.443+0000][401.447s][info][gc,phases   ] GC(184)   Evacuate Collection Set: 12.2ms
[2025-12-24T05:29:38.443+0000][401.447s][info][gc,phases   ] GC(184)   Post Evacuate Collection Set: 1.1ms
[2025-12-24T05:29:38.443+0000][401.447s][info][gc,phases   ] GC(184)   Other: 0.8ms
[2025-12-24T05:29:38.443+0000][401.447s][info][gc,heap     ] GC(184) Eden regions: 324->0(324)
[2025-12-24T05:29:38.443+0000][401.447s][info][gc,heap     ] GC(184) Survivor regions: 2->2(41)
[2025-12-24T05:29:38.443+0000][401.447s][info][gc,heap     ] GC(184) Old regions: 88->88
[2025-12-24T05:29:38.443+0000][401.448s][info][gc,heap     ] GC(184) Archive regions: 2->2
[2025-12-24T05:29:38.443+0000][401.448s][info][gc,heap     ] GC(184) Humongous regions: 37->37
[2025-12-24T05:29:38.443+0000][401.448s][info][gc,metaspace] GC(184) Metaspace: 98139K(99328K)->98139K(99328K) NonClass: 85255K(85824K)->85255K(85824K) Class: 12884K(13504K)->12884K(13504K)
[2025-12-24T05:29:38.444+0000][401.448s][info][gc          ] GC(184) Pause Young (Normal) (G1 Evacuation Pause) 451M->126M(544M) 15.358ms
[2025-12-24T05:29:38.444+0000][401.448s][info][gc,cpu      ] GC(184) User=0.00s Sys=0.00s Real=0.02s
[2025-12-24T05:29:38.913+0000][401.917s][info][gc,start    ] GC(185) Pause Young (Normal) (G1 Evacuation Pause)
[2025-12-24T05:29:38.913+0000][401.918s][info][gc,task     ] GC(185) Using 3 workers of 3 for evacuation
[2025-12-24T05:29:38.921+0000][401.925s][info][gc,phases   ] GC(185)   Pre Evacuate Collection Set: 0.2ms
[2025-12-24T05:29:38.922+0000][401.926s][info][gc,phases   ] GC(185)   Merge Heap Roots: 0.1ms
[2025-12-24T05:29:38.922+0000][401.926s][info][gc,phases   ] GC(185)   Evacuate Collection Set: 5.1ms
[2025-12-24T05:29:38.922+0000][401.926s][info][gc,phases   ] GC(185)   Post Evacuate Collection Set: 2.3ms
[2025-12-24T05:29:38.922+0000][401.926s][info][gc,phases   ] GC(185)   Other: 1.2ms
[2025-12-24T05:29:38.922+0000][401.926s][info][gc,heap     ] GC(185) Eden regions: 324->0(324)
[2025-12-24T05:29:38.922+0000][401.926s][info][gc,heap     ] GC(185) Survivor regions: 2->2(41)
[2025-12-24T05:29:38.922+0000][401.926s][info][gc,heap     ] GC(185) Old regions: 88->88
[2025-12-24T05:29:38.922+0000][401.926s][info][gc,heap     ] GC(185) Archive regions: 2->2
[2025-12-24T05:29:38.922+0000][401.926s][info][gc,heap     ] GC(185) Humongous regions: 37->37
[2025-12-24T05:29:38.922+0000][401.926s][info][gc,metaspace] GC(185) Metaspace: 98139K(99328K)->98139K(99328K) NonClass: 85255K(85824K)->85255K(85824K) Class: 12884K(13504K)->12884K(13504K)
[2025-12-24T05:29:38.922+0000][401.926s][info][gc          ] GC(185) Pause Young (Normal) (G1 Evacuation Pause) 450M->127M(544M) 9.257ms
[2025-12-24T05:29:38.922+0000][401.926s][info][gc,cpu      ] GC(185) User=0.01s Sys=0.00s Real=0.01s
[2025-12-24T05:29:39.404+0000][402.409s][info][gc,start    ] GC(186) Pause Young (Normal) (G1 Evacuation Pause)
[2025-12-24T05:29:39.405+0000][402.409s][info][gc,task     ] GC(186) Using 3 workers of 3 for evacuation
[2025-12-24T05:29:39.412+0000][402.416s][info][gc,phases   ] GC(186)   Pre Evacuate Collection Set: 0.8ms
[2025-12-24T05:29:39.412+0000][402.416s][info][gc,phases   ] GC(186)   Merge Heap Roots: 0.2ms
[2025-12-24T05:29:39.413+0000][402.417s][info][gc,phases   ] GC(186)   Evacuate Collection Set: 5.1ms
[2025-12-24T05:29:39.414+0000][402.418s][info][gc,phases   ] GC(186)   Post Evacuate Collection Set: 0.6ms
[2025-12-24T05:29:39.414+0000][402.418s][info][gc,phases   ] GC(186)   Other: 0.8ms
[2025-12-24T05:29:39.414+0000][402.418s][info][gc,heap     ] GC(186) Eden regions: 324->0(324)
[2025-12-24T05:29:39.414+0000][402.418s][info][gc,heap     ] GC(186) Survivor regions: 2->2(41)
[2025-12-24T05:29:39.414+0000][402.418s][info][gc,heap     ] GC(186) Old regions: 88->88
[2025-12-24T05:29:39.414+0000][402.418s][info][gc,heap     ] GC(186) Archive regions: 2->2
[2025-12-24T05:29:39.414+0000][402.418s][info][gc,heap     ] GC(186) Humongous regions: 37->37
[2025-12-24T05:29:39.414+0000][402.418s][info][gc,metaspace] GC(186) Metaspace: 98141K(99328K)->98141K(99328K) NonClass: 85257K(85824K)->85257K(85824K) Class: 12884K(13504K)->12884K(13504K)
[2025-12-24T05:29:39.414+0000][402.418s][info][gc          ] GC(186) Pause Young (Normal) (G1 Evacuation Pause) 451M->127M(544M) 9.498ms
[2025-12-24T05:29:39.414+0000][402.418s][info][gc,cpu      ] GC(186) User=0.01s Sys=0.00s Real=0.01s
[2025-12-24T05:29:39.912+0000][402.916s][info][gc,start    ] GC(187) Pause Young (Normal) (G1 Evacuation Pause)
[2025-12-24T05:29:39.912+0000][402.916s][info][gc,task     ] GC(187) Using 3 workers of 3 for evacuation
[2025-12-24T05:29:39.922+0000][402.926s][info][gc,phases   ] GC(187)   Pre Evacuate Collection Set: 0.6ms
[2025-12-24T05:29:39.922+0000][402.926s][info][gc,phases   ] GC(187)   Merge Heap Roots: 0.1ms
[2025-12-24T05:29:39.922+0000][402.926s][info][gc,phases   ] GC(187)   Evacuate Collection Set: 7.2ms
[2025-12-24T05:29:39.922+0000][402.926s][info][gc,phases   ] GC(187)   Post Evacuate Collection Set: 1.9ms
[2025-12-24T05:29:39.923+0000][402.927s][info][gc,phases   ] GC(187)   Other: 0.5ms
[2025-12-24T05:29:39.923+0000][402.927s][info][gc,heap     ] GC(187) Eden regions: 324->0(324)
[2025-12-24T05:29:39.923+0000][402.927s][info][gc,heap     ] GC(187) Survivor regions: 2->2(41)
[2025-12-24T05:29:39.923+0000][402.927s][info][gc,heap     ] GC(187) Old regions: 88->88
[2025-12-24T05:29:39.923+0000][402.927s][info][gc,heap     ] GC(187) Archive regions: 2->2
[2025-12-24T05:29:39.923+0000][402.927s][info][gc,heap     ] GC(187) Humongous regions: 37->37
[2025-12-24T05:29:39.923+0000][402.927s][info][gc,metaspace] GC(187) Metaspace: 98147K(99328K)->98147K(99328K) NonClass: 85263K(85824K)->85263K(85824K) Class: 12884K(13504K)->12884K(13504K)
[2025-12-24T05:29:39.923+0000][402.927s][info][gc          ] GC(187) Pause Young (Normal) (G1 Evacuation Pause) 451M->127M(544M) 11.593ms
[2025-12-24T05:29:39.923+0000][402.928s][info][gc,cpu      ] GC(187) User=0.01s Sys=0.00s Real=0.01s
[2025-12-24T05:29:40.437+0000][403.441s][info][gc,start    ] GC(188) Pause Young (Normal) (G1 Evacuation Pause)
[2025-12-24T05:29:40.438+0000][403.442s][info][gc,task     ] GC(188) Using 3 workers of 3 for evacuation
[2025-12-24T05:29:40.447+0000][403.451s][info][gc,phases   ] GC(188)   Pre Evacuate Collection Set: 0.2ms
[2025-12-24T05:29:40.447+0000][403.451s][info][gc,phases   ] GC(188)   Merge Heap Roots: 0.6ms
[2025-12-24T05:29:40.447+0000][403.451s][info][gc,phases   ] GC(188)   Evacuate Collection Set: 6.9ms
[2025-12-24T05:29:40.447+0000][403.451s][info][gc,phases   ] GC(188)   Post Evacuate Collection Set: 1.0ms
[2025-12-24T05:29:40.447+0000][403.451s][info][gc,phases   ] GC(188)   Other: 1.1ms
[2025-12-24T05:29:40.447+0000][403.451s][info][gc,heap     ] GC(188) Eden regions: 324->0(323)
[2025-12-24T05:29:40.447+0000][403.451s][info][gc,heap     ] GC(188) Survivor regions: 2->3(41)
[2025-12-24T05:29:40.447+0000][403.451s][info][gc,heap     ] GC(188) Old regions: 88->88
[2025-12-24T05:29:40.447+0000][403.452s][info][gc,heap     ] GC(188) Archive regions: 2->2
[2025-12-24T05:29:40.447+0000][403.452s][info][gc,heap     ] GC(188) Humongous regions: 37->37
[2025-12-24T05:29:40.448+0000][403.452s][info][gc,metaspace] GC(188) Metaspace: 98147K(99328K)->98147K(99328K) NonClass: 85263K(85824K)->85263K(85824K) Class: 12884K(13504K)->12884K(13504K)
[2025-12-24T05:29:40.448+0000][403.452s][info][gc          ] GC(188) Pause Young (Normal) (G1 Evacuation Pause) 451M->127M(544M) 10.762ms
[2025-12-24T05:29:40.448+0000][403.452s][info][gc,cpu      ] GC(188) User=0.01s Sys=0.00s Real=0.01s
[2025-12-24T05:29:40.836+0000][403.840s][info][gc,start    ] GC(189) Pause Young (Normal) (G1 Evacuation Pause)
[2025-12-24T05:29:40.836+0000][403.840s][info][gc,task     ] GC(189) Using 3 workers of 3 for evacuation
[2025-12-24T05:29:40.838+0000][403.843s][info][gc,phases   ] GC(189)   Pre Evacuate Collection Set: 0.2ms
[2025-12-24T05:29:40.839+0000][403.843s][info][gc,phases   ] GC(189)   Merge Heap Roots: 0.1ms
[2025-12-24T05:29:40.839+0000][403.843s][info][gc,phases   ] GC(189)   Evacuate Collection Set: 1.5ms
[2025-12-24T05:29:40.839+0000][403.843s][info][gc,phases   ] GC(189)   Post Evacuate Collection Set: 0.5ms
[2025-12-24T05:29:40.839+0000][403.843s][info][gc,phases   ] GC(189)   Other: 0.5ms
[2025-12-24T05:29:40.839+0000][403.843s][info][gc,heap     ] GC(189) Eden regions: 323->0(322)
[2025-12-24T05:29:40.839+0000][403.843s][info][gc,heap     ] GC(189) Survivor regions: 3->4(41)
[2025-12-24T05:29:40.839+0000][403.843s][info][gc,heap     ] GC(189) Old regions: 88->88
[2025-12-24T05:29:40.839+0000][403.843s][info][gc,heap     ] GC(189) Archive regions: 2->2
[2025-12-24T05:29:40.839+0000][403.843s][info][gc,heap     ] GC(189) Humongous regions: 37->37
[2025-12-24T05:29:40.839+0000][403.843s][info][gc,metaspace] GC(189) Metaspace: 98147K(99328K)->98147K(99328K) NonClass: 85263K(85824K)->85263K(85824K) Class: 12884K(13504K)->12884K(13504K)
[2025-12-24T05:29:40.839+0000][403.844s][info][gc          ] GC(189) Pause Young (Normal) (G1 Evacuation Pause) 450M->129M(544M) 3.702ms
[2025-12-24T05:29:40.840+0000][403.844s][info][gc,cpu      ] GC(189) User=0.00s Sys=0.00s Real=0.01s
[2025-12-24T05:29:41.164+0000][404.168s][info][gc,start    ] GC(190) Pause Young (Normal) (G1 Evacuation Pause)
[2025-12-24T05:29:41.167+0000][404.171s][info][gc,task     ] GC(190) Using 3 workers of 3 for evacuation
[2025-12-24T05:29:41.172+0000][404.176s][info][gc,phases   ] GC(190)   Pre Evacuate Collection Set: 0.2ms
[2025-12-24T05:29:41.172+0000][404.176s][info][gc,phases   ] GC(190)   Merge Heap Roots: 0.6ms
[2025-12-24T05:29:41.172+0000][404.176s][info][gc,phases   ] GC(190)   Evacuate Collection Set: 3.7ms
[2025-12-24T05:29:41.172+0000][404.176s][info][gc,phases   ] GC(190)   Post Evacuate Collection Set: 0.5ms
[2025-12-24T05:29:41.172+0000][404.176s][info][gc,phases   ] GC(190)   Other: 3.1ms
[2025-12-24T05:29:41.172+0000][404.176s][info][gc,heap     ] GC(190) Eden regions: 322->0(322)
[2025-12-24T05:29:41.172+0000][404.176s][info][gc,heap     ] GC(190) Survivor regions: 4->4(41)
[2025-12-24T05:29:41.172+0000][404.176s][info][gc,heap     ] GC(190) Old regions: 88->88
[2025-12-24T05:29:41.172+0000][404.176s][info][gc,heap     ] GC(190) Archive regions: 2->2
[2025-12-24T05:29:41.172+0000][404.176s][info][gc,heap     ] GC(190) Humongous regions: 37->37
[2025-12-24T05:29:41.172+0000][404.177s][info][gc,metaspace] GC(190) Metaspace: 98147K(99328K)->98147K(99328K) NonClass: 85263K(85824K)->85263K(85824K) Class: 12884K(13504K)->12884K(13504K)
[2025-12-24T05:29:41.172+0000][404.177s][info][gc          ] GC(190) Pause Young (Normal) (G1 Evacuation Pause) 451M->128M(544M) 8.565ms
[2025-12-24T05:29:41.173+0000][404.177s][info][gc,cpu      ] GC(190) User=0.00s Sys=0.00s Real=0.01s
[2025-12-24T05:29:41.532+0000][404.536s][info][gc,start    ] GC(191) Pause Young (Normal) (G1 Evacuation Pause)
[2025-12-24T05:29:41.532+0000][404.537s][info][gc,task     ] GC(191) Using 3 workers of 3 for evacuation
[2025-12-24T05:29:41.537+0000][404.541s][info][gc,phases   ] GC(191)   Pre Evacuate Collection Set: 0.2ms
[2025-12-24T05:29:41.540+0000][404.544s][info][gc,phases   ] GC(191)   Merge Heap Roots: 0.1ms
[2025-12-24T05:29:41.540+0000][404.544s][info][gc,phases   ] GC(191)   Evacuate Collection Set: 3.8ms
[2025-12-24T05:29:41.540+0000][404.544s][info][gc,phases   ] GC(191)   Post Evacuate Collection Set: 0.5ms
[2025-12-24T05:29:41.540+0000][404.544s][info][gc,phases   ] GC(191)   Other: 0.5ms
[2025-12-24T05:29:41.540+0000][404.544s][info][gc,heap     ] GC(191) Eden regions: 322->0(322)
[2025-12-24T05:29:41.540+0000][404.544s][info][gc,heap     ] GC(191) Survivor regions: 4->4(41)
[2025-12-24T05:29:41.540+0000][404.545s][info][gc,heap     ] GC(191) Old regions: 88->88
[2025-12-24T05:29:41.541+0000][404.545s][info][gc,heap     ] GC(191) Archive regions: 2->2
[2025-12-24T05:29:41.541+0000][404.545s][info][gc,heap     ] GC(191) Humongous regions: 37->37
[2025-12-24T05:29:41.541+0000][404.545s][info][gc,metaspace] GC(191) Metaspace: 98147K(99328K)->98147K(99328K) NonClass: 85263K(85824K)->85263K(85824K) Class: 12884K(13504K)->12884K(13504K)
[2025-12-24T05:29:41.541+0000][404.545s][info][gc          ] GC(191) Pause Young (Normal) (G1 Evacuation Pause) 450M->128M(544M) 8.477ms
[2025-12-24T05:29:41.541+0000][404.545s][info][gc,cpu      ] GC(191) User=0.01s Sys=0.00s Real=0.01s
[2025-12-24T05:29:41.938+0000][404.942s][info][gc,start    ] GC(192) Pause Young (Normal) (G1 Evacuation Pause)
[2025-12-24T05:29:41.938+0000][404.942s][info][gc,task     ] GC(192) Using 3 workers of 3 for evacuation
[2025-12-24T05:29:41.945+0000][404.950s][info][gc,phases   ] GC(192)   Pre Evacuate Collection Set: 0.2ms
[2025-12-24T05:29:41.946+0000][404.950s][info][gc,phases   ] GC(192)   Merge Heap Roots: 0.1ms
[2025-12-24T05:29:41.946+0000][404.950s][info][gc,phases   ] GC(192)   Evacuate Collection Set: 6.1ms
[2025-12-24T05:29:41.946+0000][404.950s][info][gc,phases   ] GC(192)   Post Evacuate Collection Set: 0.6ms
[2025-12-24T05:29:41.946+0000][404.950s][info][gc,phases   ] GC(192)   Other: 0.6ms
[2025-12-24T05:29:41.946+0000][404.951s][info][gc,heap     ] GC(192) Eden regions: 322->0(322)
[2025-12-24T05:29:41.946+0000][404.951s][info][gc,heap     ] GC(192) Survivor regions: 4->4(41)
[2025-12-24T05:29:41.947+0000][404.951s][info][gc,heap     ] GC(192) Old regions: 88->88
[2025-12-24T05:29:41.947+0000][404.951s][info][gc,heap     ] GC(192) Archive regions: 2->2
[2025-12-24T05:29:41.947+0000][404.951s][info][gc,heap     ] GC(192) Humongous regions: 37->37
[2025-12-24T05:29:41.947+0000][404.951s][info][gc,metaspace] GC(192) Metaspace: 98147K(99328K)->98147K(99328K) NonClass: 85263K(85824K)->85263K(85824K) Class: 12884K(13504K)->12884K(13504K)
[2025-12-24T05:29:41.947+0000][404.951s][info][gc          ] GC(192) Pause Young (Normal) (G1 Evacuation Pause) 450M->128M(544M) 8.925ms
[2025-12-24T05:29:41.947+0000][404.951s][info][gc,cpu      ] GC(192) User=0.01s Sys=0.00s Real=0.01s
[2025-12-24T05:29:42.418+0000][405.422s][info][gc,start    ] GC(193) Pause Young (Normal) (G1 Evacuation Pause)
[2025-12-24T05:29:42.419+0000][405.423s][info][gc,task     ] GC(193) Using 3 workers of 3 for evacuation
[2025-12-24T05:29:42.425+0000][405.429s][info][gc,phases   ] GC(193)   Pre Evacuate Collection Set: 0.2ms
[2025-12-24T05:29:42.425+0000][405.429s][info][gc,phases   ] GC(193)   Merge Heap Roots: 1.6ms
[2025-12-24T05:29:42.425+0000][405.429s][info][gc,phases   ] GC(193)   Evacuate Collection Set: 4.1ms
[2025-12-24T05:29:42.425+0000][405.429s][info][gc,phases   ] GC(193)   Post Evacuate Collection Set: 0.5ms
[2025-12-24T05:29:42.425+0000][405.430s][info][gc,phases   ] GC(193)   Other: 0.8ms
[2025-12-24T05:29:42.426+0000][405.430s][info][gc,heap     ] GC(193) Eden regions: 322->0(321)
[2025-12-24T05:29:42.426+0000][405.430s][info][gc,heap     ] GC(193) Survivor regions: 4->5(41)
[2025-12-24T05:29:42.426+0000][405.430s][info][gc,heap     ] GC(193) Old regions: 88->88
[2025-12-24T05:29:42.426+0000][405.430s][info][gc,heap     ] GC(193) Archive regions: 2->2
[2025-12-24T05:29:42.426+0000][405.430s][info][gc,heap     ] GC(193) Humongous regions: 37->37
[2025-12-24T05:29:42.426+0000][405.430s][info][gc,metaspace] GC(193) Metaspace: 98147K(99328K)->98147K(99328K) NonClass: 85263K(85824K)->85263K(85824K) Class: 12884K(13504K)->12884K(13504K)
[2025-12-24T05:29:42.426+0000][405.430s][info][gc          ] GC(193) Pause Young (Normal) (G1 Evacuation Pause) 450M->129M(544M) 7.780ms
[2025-12-24T05:29:42.426+0000][405.430s][info][gc,cpu      ] GC(193) User=0.00s Sys=0.00s Real=0.01s
[2025-12-24T05:29:42.805+0000][405.809s][info][gc,start    ] GC(194) Pause Young (Normal) (G1 Evacuation Pause)
[2025-12-24T05:29:42.805+0000][405.809s][info][gc,task     ] GC(194) Using 3 workers of 3 for evacuation
[2025-12-24T05:29:42.812+0000][405.816s][info][gc,phases   ] GC(194)   Pre Evacuate Collection Set: 0.2ms
[2025-12-24T05:29:42.812+0000][405.816s][info][gc,phases   ] GC(194)   Merge Heap Roots: 0.1ms
[2025-12-24T05:29:42.812+0000][405.816s][info][gc,phases   ] GC(194)   Evacuate Collection Set: 5.1ms
[2025-12-24T05:29:42.812+0000][405.816s][info][gc,phases   ] GC(194)   Post Evacuate Collection Set: 0.6ms
[2025-12-24T05:29:42.812+0000][405.816s][info][gc,phases   ] GC(194)   Other: 0.6ms
[2025-12-24T05:29:42.812+0000][405.816s][info][gc,heap     ] GC(194) Eden regions: 321->0(322)
[2025-12-24T05:29:42.812+0000][405.816s][info][gc,heap     ] GC(194) Survivor regions: 5->4(41)
[2025-12-24T05:29:42.812+0000][405.816s][info][gc,heap     ] GC(194) Old regions: 88->88
[2025-12-24T05:29:42.812+0000][405.816s][info][gc,heap     ] GC(194) Archive regions: 2->2
[2025-12-24T05:29:42.812+0000][405.816s][info][gc,heap     ] GC(194) Humongous regions: 37->37
[2025-12-24T05:29:42.812+0000][405.817s][info][gc,metaspace] GC(194) Metaspace: 98147K(99328K)->98147K(99328K) NonClass: 85263K(85824K)->85263K(85824K) Class: 12884K(13504K)->12884K(13504K)
[2025-12-24T05:29:42.813+0000][405.817s][info][gc          ] GC(194) Pause Young (Normal) (G1 Evacuation Pause) 450M->129M(544M) 7.371ms
[2025-12-24T05:29:42.813+0000][405.817s][info][gc,cpu      ] GC(194) User=0.00s Sys=0.01s Real=0.01s
[2025-12-24T05:29:43.246+0000][406.250s][info][gc,start    ] GC(195) Pause Young (Normal) (G1 Evacuation Pause)
[2025-12-24T05:29:43.246+0000][406.250s][info][gc,task     ] GC(195) Using 3 workers of 3 for evacuation
[2025-12-24T05:29:43.251+0000][406.255s][info][gc,phases   ] GC(195)   Pre Evacuate Collection Set: 0.3ms
[2025-12-24T05:29:43.251+0000][406.255s][info][gc,phases   ] GC(195)   Merge Heap Roots: 0.2ms
[2025-12-24T05:29:43.252+0000][406.256s][info][gc,phases   ] GC(195)   Evacuate Collection Set: 3.4ms
[2025-12-24T05:29:43.252+0000][406.256s][info][gc,phases   ] GC(195)   Post Evacuate Collection Set: 0.6ms
[2025-12-24T05:29:43.252+0000][406.256s][info][gc,phases   ] GC(195)   Other: 0.7ms
[2025-12-24T05:29:43.252+0000][406.256s][info][gc,heap     ] GC(195) Eden regions: 322->0(322)
[2025-12-24T05:29:43.252+0000][406.256s][info][gc,heap     ] GC(195) Survivor regions: 4->4(41)
[2025-12-24T05:29:43.252+0000][406.256s][info][gc,heap     ] GC(195) Old regions: 88->88
[2025-12-24T05:29:43.252+0000][406.256s][info][gc,heap     ] GC(195) Archive regions: 2->2
[2025-12-24T05:29:43.252+0000][406.256s][info][gc,heap     ] GC(195) Humongous regions: 37->37
[2025-12-24T05:29:43.252+0000][406.256s][info][gc,metaspace] GC(195) Metaspace: 98147K(99328K)->98147K(99328K) NonClass: 85263K(85824K)->85263K(85824K) Class: 12884K(13504K)->12884K(13504K)
[2025-12-24T05:29:43.253+0000][406.257s][info][gc          ] GC(195) Pause Young (Normal) (G1 Evacuation Pause) 451M->128M(544M) 6.607ms
[2025-12-24T05:29:43.253+0000][406.257s][info][gc,cpu      ] GC(195) User=0.00s Sys=0.00s Real=0.01s
[2025-12-24T05:29:43.633+0000][406.637s][info][gc,start    ] GC(196) Pause Young (Normal) (G1 Evacuation Pause)
[2025-12-24T05:29:43.634+0000][406.638s][info][gc,task     ] GC(196) Using 3 workers of 3 for evacuation
[2025-12-24T05:29:43.642+0000][406.646s][info][gc,phases   ] GC(196)   Pre Evacuate Collection Set: 0.6ms
[2025-12-24T05:29:43.643+0000][406.647s][info][gc,phases   ] GC(196)   Merge Heap Roots: 0.1ms
[2025-12-24T05:29:43.643+0000][406.647s][info][gc,phases   ] GC(196)   Evacuate Collection Set: 7.2ms
[2025-12-24T05:29:43.643+0000][406.647s][info][gc,phases   ] GC(196)   Post Evacuate Collection Set: 0.6ms
[2025-12-24T05:29:43.644+0000][406.648s][info][gc,phases   ] GC(196)   Other: 0.6ms
[2025-12-24T05:29:43.644+0000][406.648s][info][gc,heap     ] GC(196) Eden regions: 322->0(321)
[2025-12-24T05:29:43.644+0000][406.648s][info][gc,heap     ] GC(196) Survivor regions: 4->5(41)
[2025-12-24T05:29:43.644+0000][406.648s][info][gc,heap     ] GC(196) Old regions: 88->88
[2025-12-24T05:29:43.644+0000][406.648s][info][gc,heap     ] GC(196) Archive regions: 2->2
[2025-12-24T05:29:43.644+0000][406.648s][info][gc,heap     ] GC(196) Humongous regions: 37->37
[2025-12-24T05:29:43.644+0000][406.648s][info][gc,metaspace] GC(196) Metaspace: 98160K(99328K)->98160K(99328K) NonClass: 85276K(85824K)->85276K(85824K) Class: 12884K(13504K)->12884K(13504K)
[2025-12-24T05:29:43.644+0000][406.648s][info][gc          ] GC(196) Pause Young (Normal) (G1 Evacuation Pause) 450M->130M(544M) 10.972ms
[2025-12-24T05:29:43.644+0000][406.648s][info][gc,cpu      ] GC(196) User=0.01s Sys=0.00s Real=0.01s
[2025-12-24T05:29:44.001+0000][407.005s][info][gc,start    ] GC(197) Pause Young (Normal) (G1 Evacuation Pause)
[2025-12-24T05:29:44.002+0000][407.006s][info][gc,task     ] GC(197) Using 3 workers of 3 for evacuation
[2025-12-24T05:29:44.007+0000][407.011s][info][gc,phases   ] GC(197)   Pre Evacuate Collection Set: 0.3ms
[2025-12-24T05:29:44.007+0000][407.011s][info][gc,phases   ] GC(197)   Merge Heap Roots: 0.1ms
[2025-12-24T05:29:44.007+0000][407.012s][info][gc,phases   ] GC(197)   Evacuate Collection Set: 4.6ms
[2025-12-24T05:29:44.008+0000][407.012s][info][gc,phases   ] GC(197)   Post Evacuate Collection Set: 0.6ms
[2025-12-24T05:29:44.008+0000][407.012s][info][gc,phases   ] GC(197)   Other: 0.5ms
[2025-12-24T05:29:44.008+0000][407.012s][info][gc,heap     ] GC(197) Eden regions: 321->0(321)
[2025-12-24T05:29:44.008+0000][407.012s][info][gc,heap     ] GC(197) Survivor regions: 5->5(41)
[2025-12-24T05:29:44.008+0000][407.012s][info][gc,heap     ] GC(197) Old regions: 88->88
[2025-12-24T05:29:44.008+0000][407.012s][info][gc,heap     ] GC(197) Archive regions: 2->2
[2025-12-24T05:29:44.008+0000][407.012s][info][gc,heap     ] GC(197) Humongous regions: 37->37
[2025-12-24T05:29:44.008+0000][407.012s][info][gc,metaspace] GC(197) Metaspace: 98160K(99328K)->98160K(99328K) NonClass: 85276K(85824K)->85276K(85824K) Class: 12884K(13504K)->12884K(13504K)
[2025-12-24T05:29:44.008+0000][407.012s][info][gc          ] GC(197) Pause Young (Normal) (G1 Evacuation Pause) 451M->129M(544M) 6.901ms
[2025-12-24T05:29:44.008+0000][407.012s][info][gc,cpu      ] GC(197) User=0.01s Sys=0.00s Real=0.00s
[2025-12-24T05:29:44.418+0000][407.422s][info][gc,start    ] GC(198) Pause Young (Normal) (G1 Evacuation Pause)
[2025-12-24T05:29:44.418+0000][407.422s][info][gc,task     ] GC(198) Using 3 workers of 3 for evacuation
[2025-12-24T05:29:44.424+0000][407.429s][info][gc,phases   ] GC(198)   Pre Evacuate Collection Set: 0.3ms
[2025-12-24T05:29:44.425+0000][407.429s][info][gc,phases   ] GC(198)   Merge Heap Roots: 1.1ms
[2025-12-24T05:29:44.425+0000][407.429s][info][gc,phases   ] GC(198)   Evacuate Collection Set: 4.0ms
[2025-12-24T05:29:44.425+0000][407.429s][info][gc,phases   ] GC(198)   Post Evacuate Collection Set: 0.9ms
[2025-12-24T05:29:44.425+0000][407.429s][info][gc,phases   ] GC(198)   Other: 0.6ms
[2025-12-24T05:29:44.425+0000][407.429s][info][gc,heap     ] GC(198) Eden regions: 321->0(322)
[2025-12-24T05:29:44.425+0000][407.429s][info][gc,heap     ] GC(198) Survivor regions: 5->4(41)
[2025-12-24T05:29:44.425+0000][407.429s][info][gc,heap     ] GC(198) Old regions: 88->88
[2025-12-24T05:29:44.426+0000][407.430s][info][gc,heap     ] GC(198) Archive regions: 2->2
[2025-12-24T05:29:44.426+0000][407.430s][info][gc,heap     ] GC(198) Humongous regions: 37->37
[2025-12-24T05:29:44.426+0000][407.430s][info][gc,metaspace] GC(198) Metaspace: 98161K(99328K)->98161K(99328K) NonClass: 85276K(85824K)->85276K(85824K) Class: 12884K(13504K)->12884K(13504K)
[2025-12-24T05:29:44.426+0000][407.430s][info][gc          ] GC(198) Pause Young (Normal) (G1 Evacuation Pause) 450M->128M(544M) 8.491ms
[2025-12-24T05:29:44.426+0000][407.431s][info][gc,cpu      ] GC(198) User=0.01s Sys=0.00s Real=0.01s
[2025-12-24T05:29:44.885+0000][407.889s][info][gc,start    ] GC(199) Pause Young (Normal) (G1 Evacuation Pause)
[2025-12-24T05:29:44.886+0000][407.890s][info][gc,task     ] GC(199) Using 3 workers of 3 for evacuation
[2025-12-24T05:29:44.892+0000][407.896s][info][gc,phases   ] GC(199)   Pre Evacuate Collection Set: 0.5ms
[2025-12-24T05:29:44.892+0000][407.896s][info][gc,phases   ] GC(199)   Merge Heap Roots: 0.2ms
[2025-12-24T05:29:44.892+0000][407.896s][info][gc,phases   ] GC(199)   Evacuate Collection Set: 4.8ms
[2025-12-24T05:29:44.892+0000][407.897s][info][gc,phases   ] GC(199)   Post Evacuate Collection Set: 0.5ms
[2025-12-24T05:29:44.892+0000][407.897s][info][gc,phases   ] GC(199)   Other: 1.2ms
[2025-12-24T05:29:44.893+0000][407.897s][info][gc,heap     ] GC(199) Eden regions: 322->0(323)
[2025-12-24T05:29:44.893+0000][407.897s][info][gc,heap     ] GC(199) Survivor regions: 4->3(41)
[2025-12-24T05:29:44.893+0000][407.897s][info][gc,heap     ] GC(199) Old regions: 88->88
[2025-12-24T05:29:44.893+0000][407.897s][info][gc,heap     ] GC(199) Archive regions: 2->2
[2025-12-24T05:29:44.893+0000][407.897s][info][gc,heap     ] GC(199) Humongous regions: 37->37
[2025-12-24T05:29:44.893+0000][407.897s][info][gc,metaspace] GC(199) Metaspace: 98161K(99328K)->98161K(99328K) NonClass: 85276K(85824K)->85276K(85824K) Class: 12884K(13504K)->12884K(13504K)
[2025-12-24T05:29:44.893+0000][407.897s][info][gc          ] GC(199) Pause Young (Normal) (G1 Evacuation Pause) 450M->128M(544M) 8.068ms
[2025-12-24T05:29:44.893+0000][407.897s][info][gc,cpu      ] GC(199) User=0.01s Sys=0.00s Real=0.01s
[2025-12-24T05:29:45.429+0000][408.433s][info][gc,start    ] GC(200) Pause Young (Normal) (G1 Evacuation Pause)
[2025-12-24T05:29:45.429+0000][408.433s][info][gc,task     ] GC(200) Using 3 workers of 3 for evacuation
[2025-12-24T05:29:45.435+0000][408.439s][info][gc,phases   ] GC(200)   Pre Evacuate Collection Set: 0.3ms
[2025-12-24T05:29:45.435+0000][408.439s][info][gc,phases   ] GC(200)   Merge Heap Roots: 0.1ms
[2025-12-24T05:29:45.435+0000][408.439s][info][gc,phases   ] GC(200)   Evacuate Collection Set: 4.0ms
[2025-12-24T05:29:45.435+0000][408.439s][info][gc,phases   ] GC(200)   Post Evacuate Collection Set: 1.0ms
[2025-12-24T05:29:45.435+0000][408.439s][info][gc,phases   ] GC(200)   Other: 0.6ms
[2025-12-24T05:29:45.435+0000][408.440s][info][gc,heap     ] GC(200) Eden regions: 323->0(322)
[2025-12-24T05:29:45.436+0000][408.440s][info][gc,heap     ] GC(200) Survivor regions: 3->4(41)
[2025-12-24T05:29:45.436+0000][408.440s][info][gc,heap     ] GC(200) Old regions: 88->88
[2025-12-24T05:29:45.436+0000][408.440s][info][gc,heap     ] GC(200) Archive regions: 2->2
[2025-12-24T05:29:45.436+0000][408.440s][info][gc,heap     ] GC(200) Humongous regions: 37->37
[2025-12-24T05:29:45.436+0000][408.440s][info][gc,metaspace] GC(200) Metaspace: 98161K(99328K)->98161K(99328K) NonClass: 85276K(85824K)->85276K(85824K) Class: 12884K(13504K)->12884K(13504K)
[2025-12-24T05:29:45.436+0000][408.440s][info][gc          ] GC(200) Pause Young (Normal) (G1 Evacuation Pause) 451M->128M(544M) 7.312ms
[2025-12-24T05:29:45.436+0000][408.440s][info][gc,cpu      ] GC(200) User=0.01s Sys=0.00s Real=0.00s
[2025-12-24T05:29:45.904+0000][408.908s][info][gc,start    ] GC(201) Pause Young (Normal) (G1 Evacuation Pause)
[2025-12-24T05:29:45.905+0000][408.909s][info][gc,task     ] GC(201) Using 3 workers of 3 for evacuation
[2025-12-24T05:29:45.914+0000][408.918s][info][gc,phases   ] GC(201)   Pre Evacuate Collection Set: 0.3ms
[2025-12-24T05:29:45.914+0000][408.918s][info][gc,phases   ] GC(201)   Merge Heap Roots: 0.2ms
[2025-12-24T05:29:45.914+0000][408.919s][info][gc,phases   ] GC(201)   Evacuate Collection Set: 6.6ms
[2025-12-24T05:29:45.914+0000][408.919s][info][gc,phases   ] GC(201)   Post Evacuate Collection Set: 2.3ms
[2025-12-24T05:29:45.915+0000][408.919s][info][gc,phases   ] GC(201)   Other: 0.6ms
[2025-12-24T05:29:45.915+0000][408.919s][info][gc,heap     ] GC(201) Eden regions: 322->0(323)
[2025-12-24T05:29:45.915+0000][408.919s][info][gc,heap     ] GC(201) Survivor regions: 4->3(41)
[2025-12-24T05:29:45.915+0000][408.919s][info][gc,heap     ] GC(201) Old regions: 88->88
[2025-12-24T05:29:45.915+0000][408.919s][info][gc,heap     ] GC(201) Archive regions: 2->2
[2025-12-24T05:29:45.915+0000][408.919s][info][gc,heap     ] GC(201) Humongous regions: 37->37
[2025-12-24T05:29:45.915+0000][408.919s][info][gc,metaspace] GC(201) Metaspace: 98166K(99328K)->98166K(99328K) NonClass: 85282K(85824K)->85282K(85824K) Class: 12884K(13504K)->12884K(13504K)
[2025-12-24T05:29:45.915+0000][408.919s][info][gc          ] GC(201) Pause Young (Normal) (G1 Evacuation Pause) 450M->127M(544M) 10.935ms
[2025-12-24T05:29:45.915+0000][408.920s][info][gc,cpu      ] GC(201) User=0.01s Sys=0.00s Real=0.01s
[2025-12-24T05:29:46.330+0000][409.335s][info][gc,start    ] GC(202) Pause Young (Normal) (G1 Evacuation Pause)
[2025-12-24T05:29:46.331+0000][409.335s][info][gc,task     ] GC(202) Using 3 workers of 3 for evacuation
[2025-12-24T05:29:46.344+0000][409.348s][info][gc,phases   ] GC(202)   Pre Evacuate Collection Set: 0.2ms
[2025-12-24T05:29:46.344+0000][409.348s][info][gc,phases   ] GC(202)   Merge Heap Roots: 0.1ms
[2025-12-24T05:29:46.344+0000][409.348s][info][gc,phases   ] GC(202)   Evacuate Collection Set: 10.7ms
[2025-12-24T05:29:46.344+0000][409.348s][info][gc,phases   ] GC(202)   Post Evacuate Collection Set: 1.7ms
[2025-12-24T05:29:46.344+0000][409.348s][info][gc,phases   ] GC(202)   Other: 1.1ms
[2025-12-24T05:29:46.344+0000][409.348s][info][gc,heap     ] GC(202) Eden regions: 323->0(323)
[2025-12-24T05:29:46.344+0000][409.348s][info][gc,heap     ] GC(202) Survivor regions: 3->3(41)
[2025-12-24T05:29:46.344+0000][409.348s][info][gc,heap     ] GC(202) Old regions: 88->88
[2025-12-24T05:29:46.344+0000][409.348s][info][gc,heap     ] GC(202) Archive regions: 2->2
[2025-12-24T05:29:46.344+0000][409.348s][info][gc,heap     ] GC(202) Humongous regions: 37->37
[2025-12-24T05:29:46.344+0000][409.349s][info][gc,metaspace] GC(202) Metaspace: 98166K(99328K)->98166K(99328K) NonClass: 85282K(85824K)->85282K(85824K) Class: 12884K(13504K)->12884K(13504K)
[2025-12-24T05:29:46.345+0000][409.349s][info][gc          ] GC(202) Pause Young (Normal) (G1 Evacuation Pause) 450M->128M(544M) 14.198ms
[2025-12-24T05:29:46.345+0000][409.349s][info][gc,cpu      ] GC(202) User=0.01s Sys=0.00s Real=0.01s
[2025-12-24T05:29:46.775+0000][409.779s][info][gc,start    ] GC(203) Pause Young (Normal) (G1 Evacuation Pause)
[2025-12-24T05:29:46.775+0000][409.779s][info][gc,task     ] GC(203) Using 3 workers of 3 for evacuation
[2025-12-24T05:29:46.783+0000][409.787s][info][gc,phases   ] GC(203)   Pre Evacuate Collection Set: 0.6ms
[2025-12-24T05:29:46.783+0000][409.787s][info][gc,phases   ] GC(203)   Merge Heap Roots: 0.1ms
[2025-12-24T05:29:46.783+0000][409.787s][info][gc,phases   ] GC(203)   Evacuate Collection Set: 5.2ms
[2025-12-24T05:29:46.783+0000][409.787s][info][gc,phases   ] GC(203)   Post Evacuate Collection Set: 1.6ms
[2025-12-24T05:29:46.783+0000][409.787s][info][gc,phases   ] GC(203)   Other: 0.7ms
[2025-12-24T05:29:46.783+0000][409.787s][info][gc,heap     ] GC(203) Eden regions: 323->0(323)
[2025-12-24T05:29:46.783+0000][409.788s][info][gc,heap     ] GC(203) Survivor regions: 3->3(41)
[2025-12-24T05:29:46.783+0000][409.788s][info][gc,heap     ] GC(203) Old regions: 88->88
[2025-12-24T05:29:46.784+0000][409.788s][info][gc,heap     ] GC(203) Archive regions: 2->2
[2025-12-24T05:29:46.784+0000][409.788s][info][gc,heap     ] GC(203) Humongous regions: 37->37
[2025-12-24T05:29:46.784+0000][409.788s][info][gc,metaspace] GC(203) Metaspace: 98166K(99328K)->98166K(99328K) NonClass: 85282K(85824K)->85282K(85824K) Class: 12884K(13504K)->12884K(13504K)
[2025-12-24T05:29:46.784+0000][409.789s][info][gc          ] GC(203) Pause Young (Normal) (G1 Evacuation Pause) 451M->128M(544M) 9.687ms
[2025-12-24T05:29:46.785+0000][409.789s][info][gc,cpu      ] GC(203) User=0.00s Sys=0.00s Real=0.01s
[2025-12-24T05:29:47.119+0000][410.123s][info][gc,start    ] GC(204) Pause Young (Normal) (G1 Evacuation Pause)
[2025-12-24T05:29:47.119+0000][410.123s][info][gc,task     ] GC(204) Using 3 workers of 3 for evacuation
[2025-12-24T05:29:47.127+0000][410.131s][info][gc,phases   ] GC(204)   Pre Evacuate Collection Set: 0.2ms
[2025-12-24T05:29:47.127+0000][410.131s][info][gc,phases   ] GC(204)   Merge Heap Roots: 0.9ms
[2025-12-24T05:29:47.127+0000][410.131s][info][gc,phases   ] GC(204)   Evacuate Collection Set: 5.8ms
[2025-12-24T05:29:47.127+0000][410.131s][info][gc,phases   ] GC(204)   Post Evacuate Collection Set: 0.6ms
[2025-12-24T05:29:47.127+0000][410.131s][info][gc,phases   ] GC(204)   Other: 0.7ms
[2025-12-24T05:29:47.127+0000][410.131s][info][gc,heap     ] GC(204) Eden regions: 323->0(323)
[2025-12-24T05:29:47.127+0000][410.131s][info][gc,heap     ] GC(204) Survivor regions: 3->3(41)
[2025-12-24T05:29:47.127+0000][410.131s][info][gc,heap     ] GC(204) Old regions: 88->88
[2025-12-24T05:29:47.127+0000][410.131s][info][gc,heap     ] GC(204) Archive regions: 2->2
[2025-12-24T05:29:47.127+0000][410.131s][info][gc,heap     ] GC(204) Humongous regions: 37->37
[2025-12-24T05:29:47.127+0000][410.132s][info][gc,metaspace] GC(204) Metaspace: 98179K(99328K)->98179K(99328K) NonClass: 85295K(85824K)->85295K(85824K) Class: 12884K(13504K)->12884K(13504K)
[2025-12-24T05:29:47.127+0000][410.132s][info][gc          ] GC(204) Pause Young (Normal) (G1 Evacuation Pause) 451M->127M(544M) 8.781ms
[2025-12-24T05:29:47.128+0000][410.132s][info][gc,cpu      ] GC(204) User=0.00s Sys=0.00s Real=0.00s
[2025-12-24T05:29:47.512+0000][410.516s][info][gc,start    ] GC(205) Pause Young (Normal) (G1 Evacuation Pause)
[2025-12-24T05:29:47.512+0000][410.516s][info][gc,task     ] GC(205) Using 3 workers of 3 for evacuation
[2025-12-24T05:29:47.521+0000][410.525s][info][gc,phases   ] GC(205)   Pre Evacuate Collection Set: 1.7ms
[2025-12-24T05:29:47.522+0000][410.526s][info][gc,phases   ] GC(205)   Merge Heap Roots: 0.2ms
[2025-12-24T05:29:47.522+0000][410.526s][info][gc,phases   ] GC(205)   Evacuate Collection Set: 6.7ms
[2025-12-24T05:29:47.522+0000][410.526s][info][gc,phases   ] GC(205)   Post Evacuate Collection Set: 0.7ms
[2025-12-24T05:29:47.522+0000][410.526s][info][gc,phases   ] GC(205)   Other: 0.7ms
[2025-12-24T05:29:47.522+0000][410.526s][info][gc,heap     ] GC(205) Eden regions: 323->0(323)
[2025-12-24T05:29:47.522+0000][410.526s][info][gc,heap     ] GC(205) Survivor regions: 3->3(41)
[2025-12-24T05:29:47.522+0000][410.526s][info][gc,heap     ] GC(205) Old regions: 88->88
[2025-12-24T05:29:47.522+0000][410.526s][info][gc,heap     ] GC(205) Archive regions: 2->2
[2025-12-24T05:29:47.522+0000][410.526s][info][gc,heap     ] GC(205) Humongous regions: 37->37
[2025-12-24T05:29:47.522+0000][410.527s][info][gc,metaspace] GC(205) Metaspace: 98179K(99328K)->98179K(99328K) NonClass: 85295K(85824K)->85295K(85824K) Class: 12884K(13504K)->12884K(13504K)
[2025-12-24T05:29:47.522+0000][410.527s][info][gc          ] GC(205) Pause Young (Normal) (G1 Evacuation Pause) 450M->127M(544M) 10.829ms
[2025-12-24T05:29:47.523+0000][410.527s][info][gc,cpu      ] GC(205) User=0.00s Sys=0.00s Real=0.01s
[2025-12-24T05:29:47.936+0000][410.940s][info][gc,start    ] GC(206) Pause Young (Normal) (G1 Evacuation Pause)
[2025-12-24T05:29:47.937+0000][410.941s][info][gc,task     ] GC(206) Using 3 workers of 3 for evacuation
[2025-12-24T05:29:47.949+0000][410.953s][info][gc,phases   ] GC(206)   Pre Evacuate Collection Set: 0.2ms
[2025-12-24T05:29:47.949+0000][410.953s][info][gc,phases   ] GC(206)   Merge Heap Roots: 0.1ms
[2025-12-24T05:29:47.949+0000][410.953s][info][gc,phases   ] GC(206)   Evacuate Collection Set: 11.0ms
[2025-12-24T05:29:47.949+0000][410.953s][info][gc,phases   ] GC(206)   Post Evacuate Collection Set: 0.9ms
[2025-12-24T05:29:47.949+0000][410.953s][info][gc,phases   ] GC(206)   Other: 1.0ms
[2025-12-24T05:29:47.949+0000][410.953s][info][gc,heap     ] GC(206) Eden regions: 323->0(324)
[2025-12-24T05:29:47.949+0000][410.954s][info][gc,heap     ] GC(206) Survivor regions: 3->2(41)
[2025-12-24T05:29:47.950+0000][410.954s][info][gc,heap     ] GC(206) Old regions: 88->88
[2025-12-24T05:29:47.950+0000][410.954s][info][gc,heap     ] GC(206) Archive regions: 2->2
[2025-12-24T05:29:47.950+0000][410.954s][info][gc,heap     ] GC(206) Humongous regions: 37->37
[2025-12-24T05:29:47.950+0000][410.954s][info][gc,metaspace] GC(206) Metaspace: 98179K(99328K)->98179K(99328K) NonClass: 85295K(85824K)->85295K(85824K) Class: 12884K(13504K)->12884K(13504K)
[2025-12-24T05:29:47.950+0000][410.954s][info][gc          ] GC(206) Pause Young (Normal) (G1 Evacuation Pause) 450M->127M(544M) 13.819ms
[2025-12-24T05:29:47.950+0000][410.954s][info][gc,cpu      ] GC(206) User=0.01s Sys=0.00s Real=0.02s
[2025-12-24T05:29:48.309+0000][411.313s][info][gc,start    ] GC(207) Pause Young (Normal) (G1 Evacuation Pause)
[2025-12-24T05:29:48.309+0000][411.313s][info][gc,task     ] GC(207) Using 3 workers of 3 for evacuation
[2025-12-24T05:29:48.323+0000][411.327s][info][gc,phases   ] GC(207)   Pre Evacuate Collection Set: 1.0ms
[2025-12-24T05:29:48.323+0000][411.327s][info][gc,phases   ] GC(207)   Merge Heap Roots: 0.2ms
[2025-12-24T05:29:48.323+0000][411.327s][info][gc,phases   ] GC(207)   Evacuate Collection Set: 10.8ms
[2025-12-24T05:29:48.323+0000][411.327s][info][gc,phases   ] GC(207)   Post Evacuate Collection Set: 1.7ms
[2025-12-24T05:29:48.323+0000][411.327s][info][gc,phases   ] GC(207)   Other: 0.6ms
[2025-12-24T05:29:48.323+0000][411.327s][info][gc,heap     ] GC(207) Eden regions: 324->0(323)
[2025-12-24T05:29:48.323+0000][411.327s][info][gc,heap     ] GC(207) Survivor regions: 2->3(41)
[2025-12-24T05:29:48.323+0000][411.328s][info][gc,heap     ] GC(207) Old regions: 88->88
[2025-12-24T05:29:48.323+0000][411.328s][info][gc,heap     ] GC(207) Archive regions: 2->2
[2025-12-24T05:29:48.324+0000][411.328s][info][gc,heap     ] GC(207) Humongous regions: 37->37
[2025-12-24T05:29:48.324+0000][411.328s][info][gc,metaspace] GC(207) Metaspace: 98179K(99328K)->98179K(99328K) NonClass: 85295K(85824K)->85295K(85824K) Class: 12884K(13504K)->12884K(13504K)
[2025-12-24T05:29:48.324+0000][411.328s][info][gc          ] GC(207) Pause Young (Normal) (G1 Evacuation Pause) 451M->127M(544M) 14.643ms
[2025-12-24T05:29:48.324+0000][411.328s][info][gc,cpu      ] GC(207) User=0.00s Sys=0.00s Real=0.01s
[2025-12-24T05:29:48.661+0000][411.665s][info][gc,start    ] GC(208) Pause Young (Normal) (G1 Evacuation Pause)
[2025-12-24T05:29:48.661+0000][411.665s][info][gc,task     ] GC(208) Using 3 workers of 3 for evacuation
[2025-12-24T05:29:48.674+0000][411.678s][info][gc,phases   ] GC(208)   Pre Evacuate Collection Set: 0.2ms
[2025-12-24T05:29:48.674+0000][411.678s][info][gc,phases   ] GC(208)   Merge Heap Roots: 0.1ms
[2025-12-24T05:29:48.674+0000][411.678s][info][gc,phases   ] GC(208)   Evacuate Collection Set: 10.2ms
[2025-12-24T05:29:48.674+0000][411.678s][info][gc,phases   ] GC(208)   Post Evacuate Collection Set: 1.4ms
[2025-12-24T05:29:48.674+0000][411.678s][info][gc,phases   ] GC(208)   Other: 0.5ms
[2025-12-24T05:29:48.674+0000][411.678s][info][gc,heap     ] GC(208) Eden regions: 323->0(323)
[2025-12-24T05:29:48.674+0000][411.678s][info][gc,heap     ] GC(208) Survivor regions: 3->3(41)
[2025-12-24T05:29:48.674+0000][411.678s][info][gc,heap     ] GC(208) Old regions: 88->88
[2025-12-24T05:29:48.674+0000][411.678s][info][gc,heap     ] GC(208) Archive regions: 2->2
[2025-12-24T05:29:48.674+0000][411.678s][info][gc,heap     ] GC(208) Humongous regions: 37->37
[2025-12-24T05:29:48.674+0000][411.678s][info][gc,metaspace] GC(208) Metaspace: 98179K(99328K)->98179K(99328K) NonClass: 85295K(85824K)->85295K(85824K) Class: 12884K(13504K)->12884K(13504K)
[2025-12-24T05:29:48.674+0000][411.678s][info][gc          ] GC(208) Pause Young (Normal) (G1 Evacuation Pause) 450M->127M(544M) 13.220ms
[2025-12-24T05:29:48.675+0000][411.679s][info][gc,cpu      ] GC(208) User=0.01s Sys=0.00s Real=0.01s
[2025-12-24T05:29:49.077+0000][412.081s][info][gc,start    ] GC(209) Pause Young (Normal) (G1 Evacuation Pause)
[2025-12-24T05:29:49.077+0000][412.081s][info][gc,task     ] GC(209) Using 3 workers of 3 for evacuation
[2025-12-24T05:29:49.089+0000][412.093s][info][gc,phases   ] GC(209)   Pre Evacuate Collection Set: 0.3ms
[2025-12-24T05:29:49.090+0000][412.094s][info][gc,phases   ] GC(209)   Merge Heap Roots: 0.2ms
[2025-12-24T05:29:49.090+0000][412.094s][info][gc,phases   ] GC(209)   Evacuate Collection Set: 10.8ms
[2025-12-24T05:29:49.090+0000][412.094s][info][gc,phases   ] GC(209)   Post Evacuate Collection Set: 0.9ms
[2025-12-24T05:29:49.090+0000][412.095s][info][gc,phases   ] GC(209)   Other: 0.6ms
[2025-12-24T05:29:49.091+0000][412.095s][info][gc,heap     ] GC(209) Eden regions: 323->0(322)
[2025-12-24T05:29:49.091+0000][412.095s][info][gc,heap     ] GC(209) Survivor regions: 3->4(41)
[2025-12-24T05:29:49.091+0000][412.095s][info][gc,heap     ] GC(209) Old regions: 88->88
[2025-12-24T05:29:49.091+0000][412.095s][info][gc,heap     ] GC(209) Archive regions: 2->2
[2025-12-24T05:29:49.091+0000][412.095s][info][gc,heap     ] GC(209) Humongous regions: 37->37
[2025-12-24T05:29:49.091+0000][412.095s][info][gc,metaspace] GC(209) Metaspace: 98179K(99328K)->98179K(99328K) NonClass: 85295K(85824K)->85295K(85824K) Class: 12884K(13504K)->12884K(13504K)
[2025-12-24T05:29:49.091+0000][412.095s][info][gc          ] GC(209) Pause Young (Normal) (G1 Evacuation Pause) 450M->128M(544M) 14.516ms
[2025-12-24T05:29:49.091+0000][412.096s][info][gc,cpu      ] GC(209) User=0.01s Sys=0.00s Real=0.02s
[2025-12-24T05:29:49.555+0000][412.559s][info][gc,start    ] GC(210) Pause Young (Normal) (G1 Evacuation Pause)
[2025-12-24T05:29:49.555+0000][412.559s][info][gc,task     ] GC(210) Using 3 workers of 3 for evacuation
[2025-12-24T05:29:49.571+0000][412.575s][info][gc,phases   ] GC(210)   Pre Evacuate Collection Set: 1.2ms
[2025-12-24T05:29:49.572+0000][412.576s][info][gc,phases   ] GC(210)   Merge Heap Roots: 0.2ms
[2025-12-24T05:29:49.573+0000][412.577s][info][gc,phases   ] GC(210)   Evacuate Collection Set: 7.9ms
[2025-12-24T05:29:49.573+0000][412.577s][info][gc,phases   ] GC(210)   Post Evacuate Collection Set: 5.5ms
[2025-12-24T05:29:49.574+0000][412.578s][info][gc,phases   ] GC(210)   Other: 0.6ms
[2025-12-24T05:29:49.574+0000][412.578s][info][gc,heap     ] GC(210) Eden regions: 322->0(322)
[2025-12-24T05:29:49.574+0000][412.578s][info][gc,heap     ] GC(210) Survivor regions: 4->4(41)
[2025-12-24T05:29:49.575+0000][412.579s][info][gc,heap     ] GC(210) Old regions: 88->88
[2025-12-24T05:29:49.575+0000][412.579s][info][gc,heap     ] GC(210) Archive regions: 2->2
[2025-12-24T05:29:49.575+0000][412.580s][info][gc,heap     ] GC(210) Humongous regions: 37->37
[2025-12-24T05:29:49.576+0000][412.580s][info][gc,metaspace] GC(210) Metaspace: 98180K(99328K)->98180K(99328K) NonClass: 85296K(85824K)->85296K(85824K) Class: 12884K(13504K)->12884K(13504K)
[2025-12-24T05:29:49.576+0000][412.580s][info][gc          ] GC(210) Pause Young (Normal) (G1 Evacuation Pause) 450M->129M(544M) 21.031ms
[2025-12-24T05:29:49.576+0000][412.581s][info][gc,cpu      ] GC(210) User=0.01s Sys=0.00s Real=0.02s
[2025-12-24T05:29:50.005+0000][413.009s][info][gc,start    ] GC(211) Pause Young (Normal) (G1 Evacuation Pause)
[2025-12-24T05:29:50.006+0000][413.010s][info][gc,task     ] GC(211) Using 3 workers of 3 for evacuation
[2025-12-24T05:29:50.014+0000][413.018s][info][gc,phases   ] GC(211)   Pre Evacuate Collection Set: 0.4ms
[2025-12-24T05:29:50.014+0000][413.018s][info][gc,phases   ] GC(211)   Merge Heap Roots: 0.2ms
[2025-12-24T05:29:50.014+0000][413.018s][info][gc,phases   ] GC(211)   Evacuate Collection Set: 6.6ms
[2025-12-24T05:29:50.014+0000][413.019s][info][gc,phases   ] GC(211)   Post Evacuate Collection Set: 1.0ms
[2025-12-24T05:29:50.015+0000][413.019s][info][gc,phases   ] GC(211)   Other: 1.0ms
[2025-12-24T05:29:50.015+0000][413.019s][info][gc,heap     ] GC(211) Eden regions: 322->0(321)
[2025-12-24T05:29:50.015+0000][413.019s][info][gc,heap     ] GC(211) Survivor regions: 4->5(41)
[2025-12-24T05:29:50.015+0000][413.019s][info][gc,heap     ] GC(211) Old regions: 88->88
[2025-12-24T05:29:50.015+0000][413.019s][info][gc,heap     ] GC(211) Archive regions: 2->2
[2025-12-24T05:29:50.015+0000][413.019s][info][gc,heap     ] GC(211) Humongous regions: 37->37
[2025-12-24T05:29:50.015+0000][413.019s][info][gc,metaspace] GC(211) Metaspace: 98181K(99328K)->98181K(99328K) NonClass: 85297K(85824K)->85297K(85824K) Class: 12884K(13504K)->12884K(13504K)
[2025-12-24T05:29:50.015+0000][413.019s][info][gc          ] GC(211) Pause Young (Normal) (G1 Evacuation Pause) 451M->129M(544M) 9.970ms
[2025-12-24T05:29:50.015+0000][413.019s][info][gc,cpu      ] GC(211) User=0.01s Sys=0.00s Real=0.01s
[2025-12-24T05:29:50.422+0000][413.426s][info][gc,start    ] GC(212) Pause Young (Normal) (G1 Evacuation Pause)
[2025-12-24T05:29:50.422+0000][413.427s][info][gc,task     ] GC(212) Using 3 workers of 3 for evacuation
[2025-12-24T05:29:50.439+0000][413.443s][info][gc,phases   ] GC(212)   Pre Evacuate Collection Set: 0.6ms
[2025-12-24T05:29:50.441+0000][413.445s][info][gc,phases   ] GC(212)   Merge Heap Roots: 0.3ms
[2025-12-24T05:29:50.441+0000][413.445s][info][gc,phases   ] GC(212)   Evacuate Collection Set: 13.8ms
[2025-12-24T05:29:50.441+0000][413.445s][info][gc,phases   ] GC(212)   Post Evacuate Collection Set: 1.3ms
[2025-12-24T05:29:50.441+0000][413.445s][info][gc,phases   ] GC(212)   Other: 0.7ms
[2025-12-24T05:29:50.441+0000][413.445s][info][gc,heap     ] GC(212) Eden regions: 321->0(323)
[2025-12-24T05:29:50.441+0000][413.445s][info][gc,heap     ] GC(212) Survivor regions: 5->3(41)
[2025-12-24T05:29:50.441+0000][413.445s][info][gc,heap     ] GC(212) Old regions: 88->88
[2025-12-24T05:29:50.441+0000][413.446s][info][gc,heap     ] GC(212) Archive regions: 2->2
[2025-12-24T05:29:50.442+0000][413.446s][info][gc,heap     ] GC(212) Humongous regions: 37->37
[2025-12-24T05:29:50.442+0000][413.446s][info][gc,metaspace] GC(212) Metaspace: 98181K(99328K)->98181K(99328K) NonClass: 85297K(85824K)->85297K(85824K) Class: 12884K(13504K)->12884K(13504K)
[2025-12-24T05:29:50.442+0000][413.446s][info][gc          ] GC(212) Pause Young (Normal) (G1 Evacuation Pause) 450M->128M(544M) 19.587ms
[2025-12-24T05:29:50.442+0000][413.446s][info][gc,cpu      ] GC(212) User=0.00s Sys=0.00s Real=0.02s
[2025-12-24T05:29:50.871+0000][413.875s][info][gc,start    ] GC(213) Pause Young (Normal) (G1 Evacuation Pause)
[2025-12-24T05:29:50.874+0000][413.878s][info][gc,task     ] GC(213) Using 3 workers of 3 for evacuation
[2025-12-24T05:29:50.888+0000][413.892s][info][gc,phases   ] GC(213)   Pre Evacuate Collection Set: 4.1ms
[2025-12-24T05:29:50.890+0000][413.894s][info][gc,phases   ] GC(213)   Merge Heap Roots: 0.2ms
[2025-12-24T05:29:50.890+0000][413.894s][info][gc,phases   ] GC(213)   Evacuate Collection Set: 7.3ms
[2025-12-24T05:29:50.891+0000][413.895s][info][gc,phases   ] GC(213)   Post Evacuate Collection Set: 1.6ms
[2025-12-24T05:29:50.891+0000][413.895s][info][gc,phases   ] GC(213)   Other: 3.6ms
[2025-12-24T05:29:50.892+0000][413.896s][info][gc,heap     ] GC(213) Eden regions: 323->0(323)
[2025-12-24T05:29:50.892+0000][413.896s][info][gc,heap     ] GC(213) Survivor regions: 3->3(41)
[2025-12-24T05:29:50.893+0000][413.897s][info][gc,heap     ] GC(213) Old regions: 88->88
[2025-12-24T05:29:50.893+0000][413.897s][info][gc,heap     ] GC(213) Archive regions: 2->2
[2025-12-24T05:29:50.893+0000][413.897s][info][gc,heap     ] GC(213) Humongous regions: 37->37
[2025-12-24T05:29:50.894+0000][413.898s][info][gc,metaspace] GC(213) Metaspace: 98181K(99328K)->98181K(99328K) NonClass: 85297K(85824K)->85297K(85824K) Class: 12884K(13504K)->12884K(13504K)
[2025-12-24T05:29:50.894+0000][413.898s][info][gc          ] GC(213) Pause Young (Normal) (G1 Evacuation Pause) 451M->127M(544M) 22.771ms
[2025-12-24T05:29:50.896+0000][413.900s][info][gc,cpu      ] GC(213) User=0.01s Sys=0.00s Real=0.02s
[2025-12-24T05:29:51.334+0000][414.338s][info][gc,start    ] GC(214) Pause Young (Normal) (G1 Evacuation Pause)
[2025-12-24T05:29:51.336+0000][414.340s][info][gc,task     ] GC(214) Using 3 workers of 3 for evacuation
[2025-12-24T05:29:51.357+0000][414.361s][info][gc,phases   ] GC(214)   Pre Evacuate Collection Set: 0.8ms
[2025-12-24T05:29:51.357+0000][414.361s][info][gc,phases   ] GC(214)   Merge Heap Roots: 0.1ms
[2025-12-24T05:29:51.358+0000][414.362s][info][gc,phases   ] GC(214)   Evacuate Collection Set: 16.2ms
[2025-12-24T05:29:51.358+0000][414.362s][info][gc,phases   ] GC(214)   Post Evacuate Collection Set: 3.1ms
[2025-12-24T05:29:51.358+0000][414.362s][info][gc,phases   ] GC(214)   Other: 3.0ms
[2025-12-24T05:29:51.358+0000][414.362s][info][gc,heap     ] GC(214) Eden regions: 323->0(322)
[2025-12-24T05:29:51.358+0000][414.362s][info][gc,heap     ] GC(214) Survivor regions: 3->4(41)
[2025-12-24T05:29:51.358+0000][414.362s][info][gc,heap     ] GC(214) Old regions: 88->88
[2025-12-24T05:29:51.359+0000][414.363s][info][gc,heap     ] GC(214) Archive regions: 2->2
[2025-12-24T05:29:51.359+0000][414.363s][info][gc,heap     ] GC(214) Humongous regions: 37->37
[2025-12-24T05:29:51.359+0000][414.363s][info][gc,metaspace] GC(214) Metaspace: 98181K(99328K)->98181K(99328K) NonClass: 85297K(85824K)->85297K(85824K) Class: 12884K(13504K)->12884K(13504K)
[2025-12-24T05:29:51.359+0000][414.363s][info][gc          ] GC(214) Pause Young (Normal) (G1 Evacuation Pause) 450M->128M(544M) 25.190ms
[2025-12-24T05:29:51.360+0000][414.364s][info][gc,cpu      ] GC(214) User=0.01s Sys=0.01s Real=0.03s
[2025-12-24T05:29:51.760+0000][414.764s][info][gc,start    ] GC(215) Pause Young (Normal) (G1 Evacuation Pause)
[2025-12-24T05:29:51.761+0000][414.765s][info][gc,task     ] GC(215) Using 3 workers of 3 for evacuation
[2025-12-24T05:29:51.786+0000][414.790s][info][gc,phases   ] GC(215)   Pre Evacuate Collection Set: 1.1ms
[2025-12-24T05:29:51.787+0000][414.791s][info][gc,phases   ] GC(215)   Merge Heap Roots: 0.2ms
[2025-12-24T05:29:51.787+0000][414.791s][info][gc,phases   ] GC(215)   Evacuate Collection Set: 19.3ms
[2025-12-24T05:29:51.787+0000][414.791s][info][gc,phases   ] GC(215)   Post Evacuate Collection Set: 4.0ms
[2025-12-24T05:29:51.787+0000][414.791s][info][gc,phases   ] GC(215)   Other: 1.5ms
[2025-12-24T05:29:51.787+0000][414.791s][info][gc,heap     ] GC(215) Eden regions: 322->0(323)
[2025-12-24T05:29:51.787+0000][414.792s][info][gc,heap     ] GC(215) Survivor regions: 4->3(41)
[2025-12-24T05:29:51.788+0000][414.792s][info][gc,heap     ] GC(215) Old regions: 88->88
[2025-12-24T05:29:51.788+0000][414.792s][info][gc,heap     ] GC(215) Archive regions: 2->2
[2025-12-24T05:29:51.788+0000][414.792s][info][gc,heap     ] GC(215) Humongous regions: 37->37
[2025-12-24T05:29:51.789+0000][414.793s][info][gc,metaspace] GC(215) Metaspace: 98181K(99328K)->98181K(99328K) NonClass: 85297K(85824K)->85297K(85824K) Class: 12884K(13504K)->12884K(13504K)
[2025-12-24T05:29:51.789+0000][414.793s][info][gc          ] GC(215) Pause Young (Normal) (G1 Evacuation Pause) 450M->128M(544M) 28.666ms
[2025-12-24T05:29:51.790+0000][414.794s][info][gc,cpu      ] GC(215) User=0.01s Sys=0.00s Real=0.03s
[2025-12-24T05:29:52.089+0000][415.093s][info][gc,start    ] GC(216) Pause Young (Normal) (G1 Evacuation Pause)
[2025-12-24T05:29:52.091+0000][415.095s][info][gc,task     ] GC(216) Using 3 workers of 3 for evacuation
[2025-12-24T05:29:52.107+0000][415.111s][info][gc,phases   ] GC(216)   Pre Evacuate Collection Set: 1.4ms
[2025-12-24T05:29:52.108+0000][415.112s][info][gc,phases   ] GC(216)   Merge Heap Roots: 0.2ms
[2025-12-24T05:29:52.108+0000][415.112s][info][gc,phases   ] GC(216)   Evacuate Collection Set: 13.5ms
[2025-12-24T05:29:52.108+0000][415.112s][info][gc,phases   ] GC(216)   Post Evacuate Collection Set: 0.8ms
[2025-12-24T05:29:52.108+0000][415.112s][info][gc,phases   ] GC(216)   Other: 1.9ms
[2025-12-24T05:29:52.108+0000][415.112s][info][gc,heap     ] GC(216) Eden regions: 323->0(323)
[2025-12-24T05:29:52.108+0000][415.112s][info][gc,heap     ] GC(216) Survivor regions: 3->3(41)
[2025-12-24T05:29:52.108+0000][415.112s][info][gc,heap     ] GC(216) Old regions: 88->88
[2025-12-24T05:29:52.109+0000][415.113s][info][gc,heap     ] GC(216) Archive regions: 2->2
[2025-12-24T05:29:52.109+0000][415.113s][info][gc,heap     ] GC(216) Humongous regions: 37->37
[2025-12-24T05:29:52.109+0000][415.113s][info][gc,metaspace] GC(216) Metaspace: 98204K(99392K)->98204K(99392K) NonClass: 85320K(85888K)->85320K(85888K) Class: 12884K(13504K)->12884K(13504K)
[2025-12-24T05:29:52.109+0000][415.113s][info][gc          ] GC(216) Pause Young (Normal) (G1 Evacuation Pause) 451M->128M(544M) 19.741ms
[2025-12-24T05:29:52.109+0000][415.113s][info][gc,cpu      ] GC(216) User=0.00s Sys=0.00s Real=0.02s
[2025-12-24T05:29:52.585+0000][415.589s][info][gc,start    ] GC(217) Pause Young (Normal) (G1 Evacuation Pause)
[2025-12-24T05:29:52.585+0000][415.589s][info][gc,task     ] GC(217) Using 3 workers of 3 for evacuation
[2025-12-24T05:29:52.609+0000][415.613s][info][gc,phases   ] GC(217)   Pre Evacuate Collection Set: 1.4ms
[2025-12-24T05:29:52.609+0000][415.613s][info][gc,phases   ] GC(217)   Merge Heap Roots: 0.2ms
[2025-12-24T05:29:52.609+0000][415.613s][info][gc,phases   ] GC(217)   Evacuate Collection Set: 18.5ms
[2025-12-24T05:29:52.609+0000][415.613s][info][gc,phases   ] GC(217)   Post Evacuate Collection Set: 3.5ms
[2025-12-24T05:29:52.611+0000][415.615s][info][gc,phases   ] GC(217)   Other: 0.6ms
[2025-12-24T05:29:52.611+0000][415.615s][info][gc,heap     ] GC(217) Eden regions: 323->0(323)
[2025-12-24T05:29:52.611+0000][415.615s][info][gc,heap     ] GC(217) Survivor regions: 3->3(41)
[2025-12-24T05:29:52.611+0000][415.615s][info][gc,heap     ] GC(217) Old regions: 88->88
[2025-12-24T05:29:52.611+0000][415.615s][info][gc,heap     ] GC(217) Archive regions: 2->2
[2025-12-24T05:29:52.611+0000][415.616s][info][gc,heap     ] GC(217) Humongous regions: 37->37
[2025-12-24T05:29:52.612+0000][415.616s][info][gc,metaspace] GC(217) Metaspace: 98205K(99392K)->98205K(99392K) NonClass: 85320K(85888K)->85320K(85888K) Class: 12884K(13504K)->12884K(13504K)
[2025-12-24T05:29:52.612+0000][415.616s][info][gc          ] GC(217) Pause Young (Normal) (G1 Evacuation Pause) 451M->127M(544M) 26.776ms
[2025-12-24T05:29:52.612+0000][415.616s][info][gc,cpu      ] GC(217) User=0.00s Sys=0.00s Real=0.03s
[2025-12-24T05:29:53.122+0000][416.126s][info][gc,start    ] GC(218) Pause Young (Normal) (G1 Evacuation Pause)
[2025-12-24T05:29:53.125+0000][416.129s][info][gc,task     ] GC(218) Using 3 workers of 3 for evacuation
[2025-12-24T05:29:53.134+0000][416.138s][info][gc,phases   ] GC(218)   Pre Evacuate Collection Set: 3.9ms
[2025-12-24T05:29:53.134+0000][416.138s][info][gc,phases   ] GC(218)   Merge Heap Roots: 0.1ms
[2025-12-24T05:29:53.134+0000][416.138s][info][gc,phases   ] GC(218)   Evacuate Collection Set: 4.2ms
[2025-12-24T05:29:53.134+0000][416.138s][info][gc,phases   ] GC(218)   Post Evacuate Collection Set: 0.7ms
[2025-12-24T05:29:53.134+0000][416.138s][info][gc,phases   ] GC(218)   Other: 2.8ms
[2025-12-24T05:29:53.134+0000][416.138s][info][gc,heap     ] GC(218) Eden regions: 323->0(323)
[2025-12-24T05:29:53.134+0000][416.138s][info][gc,heap     ] GC(218) Survivor regions: 3->3(41)
[2025-12-24T05:29:53.134+0000][416.138s][info][gc,heap     ] GC(218) Old regions: 88->88
[2025-12-24T05:29:53.134+0000][416.139s][info][gc,heap     ] GC(218) Archive regions: 2->2
[2025-12-24T05:29:53.134+0000][416.139s][info][gc,heap     ] GC(218) Humongous regions: 37->37
[2025-12-24T05:29:53.135+0000][416.139s][info][gc,metaspace] GC(218) Metaspace: 98205K(99392K)->98205K(99392K) NonClass: 85320K(85888K)->85320K(85888K) Class: 12884K(13504K)->12884K(13504K)
[2025-12-24T05:29:53.135+0000][416.139s][info][gc          ] GC(218) Pause Young (Normal) (G1 Evacuation Pause) 450M->128M(544M) 12.470ms
[2025-12-24T05:29:53.135+0000][416.139s][info][gc,cpu      ] GC(218) User=0.00s Sys=0.00s Real=0.01s
[2025-12-24T05:29:53.579+0000][416.583s][info][gc,start    ] GC(219) Pause Young (Normal) (G1 Evacuation Pause)
[2025-12-24T05:29:53.579+0000][416.583s][info][gc,task     ] GC(219) Using 3 workers of 3 for evacuation
[2025-12-24T05:29:53.590+0000][416.594s][info][gc,phases   ] GC(219)   Pre Evacuate Collection Set: 0.2ms
[2025-12-24T05:29:53.593+0000][416.597s][info][gc,phases   ] GC(219)   Merge Heap Roots: 0.1ms
[2025-12-24T05:29:53.593+0000][416.597s][info][gc,phases   ] GC(219)   Evacuate Collection Set: 5.4ms
[2025-12-24T05:29:53.593+0000][416.597s][info][gc,phases   ] GC(219)   Post Evacuate Collection Set: 5.3ms
[2025-12-24T05:29:53.593+0000][416.597s][info][gc,phases   ] GC(219)   Other: 0.5ms
[2025-12-24T05:29:53.593+0000][416.597s][info][gc,heap     ] GC(219) Eden regions: 323->0(323)
[2025-12-24T05:29:53.593+0000][416.597s][info][gc,heap     ] GC(219) Survivor regions: 3->3(41)
[2025-12-24T05:29:53.593+0000][416.597s][info][gc,heap     ] GC(219) Old regions: 88->88
[2025-12-24T05:29:53.593+0000][416.597s][info][gc,heap     ] GC(219) Archive regions: 2->2
[2025-12-24T05:29:53.593+0000][416.597s][info][gc,heap     ] GC(219) Humongous regions: 37->37
[2025-12-24T05:29:53.593+0000][416.597s][info][gc,metaspace] GC(219) Metaspace: 98205K(99392K)->98205K(99392K) NonClass: 85320K(85888K)->85320K(85888K) Class: 12884K(13504K)->12884K(13504K)
[2025-12-24T05:29:53.593+0000][416.597s][info][gc          ] GC(219) Pause Young (Normal) (G1 Evacuation Pause) 451M->127M(544M) 14.385ms
[2025-12-24T05:29:53.593+0000][416.598s][info][gc,cpu      ] GC(219) User=0.01s Sys=0.00s Real=0.01s
[2025-12-24T05:29:54.053+0000][417.057s][info][gc,start    ] GC(220) Pause Young (Normal) (G1 Evacuation Pause)
[2025-12-24T05:29:54.054+0000][417.058s][info][gc,task     ] GC(220) Using 3 workers of 3 for evacuation
[2025-12-24T05:29:54.061+0000][417.065s][info][gc,phases   ] GC(220)   Pre Evacuate Collection Set: 0.3ms
[2025-12-24T05:29:54.061+0000][417.065s][info][gc,phases   ] GC(220)   Merge Heap Roots: 0.1ms
[2025-12-24T05:29:54.061+0000][417.065s][info][gc,phases   ] GC(220)   Evacuate Collection Set: 5.8ms
[2025-12-24T05:29:54.061+0000][417.065s][info][gc,phases   ] GC(220)   Post Evacuate Collection Set: 0.8ms
[2025-12-24T05:29:54.061+0000][417.065s][info][gc,phases   ] GC(220)   Other: 0.7ms
[2025-12-24T05:29:54.061+0000][417.065s][info][gc,heap     ] GC(220) Eden regions: 323->0(323)
[2025-12-24T05:29:54.061+0000][417.066s][info][gc,heap     ] GC(220) Survivor regions: 3->3(41)
[2025-12-24T05:29:54.061+0000][417.066s][info][gc,heap     ] GC(220) Old regions: 88->88
[2025-12-24T05:29:54.061+0000][417.066s][info][gc,heap     ] GC(220) Archive regions: 2->2
[2025-12-24T05:29:54.062+0000][417.066s][info][gc,heap     ] GC(220) Humongous regions: 37->37
[2025-12-24T05:29:54.062+0000][417.066s][info][gc,metaspace] GC(220) Metaspace: 98205K(99392K)->98205K(99392K) NonClass: 85320K(85888K)->85320K(85888K) Class: 12884K(13504K)->12884K(13504K)
[2025-12-24T05:29:54.062+0000][417.066s][info][gc          ] GC(220) Pause Young (Normal) (G1 Evacuation Pause) 450M->127M(544M) 8.456ms
[2025-12-24T05:29:54.062+0000][417.066s][info][gc,cpu      ] GC(220) User=0.01s Sys=0.00s Real=0.01s
[2025-12-24T05:29:54.610+0000][417.614s][info][gc,start    ] GC(221) Pause Young (Normal) (G1 Evacuation Pause)
[2025-12-24T05:29:54.610+0000][417.615s][info][gc,task     ] GC(221) Using 3 workers of 3 for evacuation
[2025-12-24T05:29:54.616+0000][417.620s][info][gc,phases   ] GC(221)   Pre Evacuate Collection Set: 0.3ms
[2025-12-24T05:29:54.616+0000][417.620s][info][gc,phases   ] GC(221)   Merge Heap Roots: 0.3ms
[2025-12-24T05:29:54.616+0000][417.620s][info][gc,phases   ] GC(221)   Evacuate Collection Set: 3.7ms
[2025-12-24T05:29:54.616+0000][417.620s][info][gc,phases   ] GC(221)   Post Evacuate Collection Set: 0.9ms
[2025-12-24T05:29:54.616+0000][417.620s][info][gc,phases   ] GC(221)   Other: 0.6ms
[2025-12-24T05:29:54.616+0000][417.621s][info][gc,heap     ] GC(221) Eden regions: 323->0(323)
[2025-12-24T05:29:54.616+0000][417.621s][info][gc,heap     ] GC(221) Survivor regions: 3->3(41)
[2025-12-24T05:29:54.617+0000][417.621s][info][gc,heap     ] GC(221) Old regions: 88->88
[2025-12-24T05:29:54.617+0000][417.621s][info][gc,heap     ] GC(221) Archive regions: 2->2
[2025-12-24T05:29:54.617+0000][417.621s][info][gc,heap     ] GC(221) Humongous regions: 37->37
[2025-12-24T05:29:54.617+0000][417.621s][info][gc,metaspace] GC(221) Metaspace: 98215K(99392K)->98215K(99392K) NonClass: 85330K(85888K)->85330K(85888K) Class: 12884K(13504K)->12884K(13504K)
[2025-12-24T05:29:54.617+0000][417.621s][info][gc          ] GC(221) Pause Young (Normal) (G1 Evacuation Pause) 450M->128M(544M) 7.005ms
[2025-12-24T05:29:54.618+0000][417.622s][info][gc,cpu      ] GC(221) User=0.01s Sys=0.00s Real=0.00s
[2025-12-24T05:29:55.128+0000][418.132s][info][gc,start    ] GC(222) Pause Young (Normal) (G1 Evacuation Pause)
[2025-12-24T05:29:55.129+0000][418.133s][info][gc,task     ] GC(222) Using 3 workers of 3 for evacuation
[2025-12-24T05:29:55.137+0000][418.141s][info][gc,phases   ] GC(222)   Pre Evacuate Collection Set: 0.2ms
[2025-12-24T05:29:55.137+0000][418.141s][info][gc,phases   ] GC(222)   Merge Heap Roots: 0.2ms
[2025-12-24T05:29:55.138+0000][418.142s][info][gc,phases   ] GC(222)   Evacuate Collection Set: 5.7ms
[2025-12-24T05:29:55.138+0000][418.142s][info][gc,phases   ] GC(222)   Post Evacuate Collection Set: 1.5ms
[2025-12-24T05:29:55.138+0000][418.142s][info][gc,phases   ] GC(222)   Other: 1.4ms
[2025-12-24T05:29:55.139+0000][418.143s][info][gc,heap     ] GC(222) Eden regions: 323->0(323)
[2025-12-24T05:29:55.139+0000][418.143s][info][gc,heap     ] GC(222) Survivor regions: 3->3(41)
[2025-12-24T05:29:55.139+0000][418.143s][info][gc,heap     ] GC(222) Old regions: 88->88
[2025-12-24T05:29:55.139+0000][418.143s][info][gc,heap     ] GC(222) Archive regions: 2->2
[2025-12-24T05:29:55.139+0000][418.143s][info][gc,heap     ] GC(222) Humongous regions: 37->37
[2025-12-24T05:29:55.139+0000][418.144s][info][gc,metaspace] GC(222) Metaspace: 98215K(99392K)->98215K(99392K) NonClass: 85330K(85888K)->85330K(85888K) Class: 12884K(13504K)->12884K(13504K)
[2025-12-24T05:29:55.140+0000][418.144s][info][gc          ] GC(222) Pause Young (Normal) (G1 Evacuation Pause) 451M->128M(544M) 11.308ms
[2025-12-24T05:29:55.140+0000][418.144s][info][gc,cpu      ] GC(222) User=0.01s Sys=0.00s Real=0.02s
[2025-12-24T05:29:55.545+0000][418.549s][info][gc,start    ] GC(223) Pause Young (Normal) (G1 Evacuation Pause)
[2025-12-24T05:29:55.547+0000][418.551s][info][gc,task     ] GC(223) Using 3 workers of 3 for evacuation
[2025-12-24T05:29:55.552+0000][418.556s][info][gc,phases   ] GC(223)   Pre Evacuate Collection Set: 0.3ms
[2025-12-24T05:29:55.552+0000][418.556s][info][gc,phases   ] GC(223)   Merge Heap Roots: 1.5ms
[2025-12-24T05:29:55.552+0000][418.556s][info][gc,phases   ] GC(223)   Evacuate Collection Set: 2.2ms
[2025-12-24T05:29:55.552+0000][418.556s][info][gc,phases   ] GC(223)   Post Evacuate Collection Set: 0.7ms
[2025-12-24T05:29:55.552+0000][418.556s][info][gc,phases   ] GC(223)   Other: 1.9ms
[2025-12-24T05:29:55.552+0000][418.556s][info][gc,heap     ] GC(223) Eden regions: 323->0(323)
[2025-12-24T05:29:55.552+0000][418.556s][info][gc,heap     ] GC(223) Survivor regions: 3->3(41)
[2025-12-24T05:29:55.552+0000][418.556s][info][gc,heap     ] GC(223) Old regions: 88->88
[2025-12-24T05:29:55.552+0000][418.557s][info][gc,heap     ] GC(223) Archive regions: 2->2
[2025-12-24T05:29:55.553+0000][418.557s][info][gc,heap     ] GC(223) Humongous regions: 37->37
[2025-12-24T05:29:55.553+0000][418.557s][info][gc,metaspace] GC(223) Metaspace: 98215K(99392K)->98215K(99392K) NonClass: 85330K(85888K)->85330K(85888K) Class: 12884K(13504K)->12884K(13504K)
[2025-12-24T05:29:55.553+0000][418.557s][info][gc          ] GC(223) Pause Young (Normal) (G1 Evacuation Pause) 451M->128M(544M) 7.631ms
[2025-12-24T05:29:55.553+0000][418.557s][info][gc,cpu      ] GC(223) User=0.01s Sys=0.00s Real=0.01s
[2025-12-24T05:29:55.925+0000][418.929s][info][gc,start    ] GC(224) Pause Young (Normal) (G1 Evacuation Pause)
[2025-12-24T05:29:55.925+0000][418.929s][info][gc,task     ] GC(224) Using 3 workers of 3 for evacuation
[2025-12-24T05:29:55.931+0000][418.935s][info][gc,phases   ] GC(224)   Pre Evacuate Collection Set: 0.2ms
[2025-12-24T05:29:55.931+0000][418.935s][info][gc,phases   ] GC(224)   Merge Heap Roots: 0.4ms
[2025-12-24T05:29:55.931+0000][418.935s][info][gc,phases   ] GC(224)   Evacuate Collection Set: 4.3ms
[2025-12-24T05:29:55.931+0000][418.935s][info][gc,phases   ] GC(224)   Post Evacuate Collection Set: 0.6ms
[2025-12-24T05:29:55.931+0000][418.935s][info][gc,phases   ] GC(224)   Other: 0.6ms
[2025-12-24T05:29:55.931+0000][418.935s][info][gc,heap     ] GC(224) Eden regions: 323->0(323)
[2025-12-24T05:29:55.931+0000][418.935s][info][gc,heap     ] GC(224) Survivor regions: 3->3(41)
[2025-12-24T05:29:55.931+0000][418.935s][info][gc,heap     ] GC(224) Old regions: 88->88
[2025-12-24T05:29:55.931+0000][418.936s][info][gc,heap     ] GC(224) Archive regions: 2->2
[2025-12-24T05:29:55.931+0000][418.936s][info][gc,heap     ] GC(224) Humongous regions: 37->37
[2025-12-24T05:29:55.932+0000][418.936s][info][gc,metaspace] GC(224) Metaspace: 98215K(99392K)->98215K(99392K) NonClass: 85330K(85888K)->85330K(85888K) Class: 12884K(13504K)->12884K(13504K)
[2025-12-24T05:29:55.932+0000][418.936s][info][gc          ] GC(224) Pause Young (Normal) (G1 Evacuation Pause) 451M->128M(544M) 6.787ms
[2025-12-24T05:29:55.932+0000][418.936s][info][gc,cpu      ] GC(224) User=0.00s Sys=0.00s Real=0.01s
[2025-12-24T05:29:56.251+0000][419.255s][info][gc,start    ] GC(225) Pause Young (Normal) (G1 Evacuation Pause)
[2025-12-24T05:29:56.252+0000][419.256s][info][gc,task     ] GC(225) Using 3 workers of 3 for evacuation
[2025-12-24T05:29:56.264+0000][419.268s][info][gc,phases   ] GC(225)   Pre Evacuate Collection Set: 0.2ms
[2025-12-24T05:29:56.264+0000][419.268s][info][gc,phases   ] GC(225)   Merge Heap Roots: 0.1ms
[2025-12-24T05:29:56.264+0000][419.268s][info][gc,phases   ] GC(225)   Evacuate Collection Set: 9.6ms
[2025-12-24T05:29:56.264+0000][419.268s][info][gc,phases   ] GC(225)   Post Evacuate Collection Set: 1.5ms
[2025-12-24T05:29:56.264+0000][419.268s][info][gc,phases   ] GC(225)   Other: 1.3ms
[2025-12-24T05:29:56.264+0000][419.268s][info][gc,heap     ] GC(225) Eden regions: 323->0(322)
[2025-12-24T05:29:56.264+0000][419.268s][info][gc,heap     ] GC(225) Survivor regions: 3->4(41)
[2025-12-24T05:29:56.264+0000][419.268s][info][gc,heap     ] GC(225) Old regions: 88->88
[2025-12-24T05:29:56.264+0000][419.268s][info][gc,heap     ] GC(225) Archive regions: 2->2
[2025-12-24T05:29:56.264+0000][419.269s][info][gc,heap     ] GC(225) Humongous regions: 37->37
[2025-12-24T05:29:56.264+0000][419.269s][info][gc,metaspace] GC(225) Metaspace: 98215K(99392K)->98215K(99392K) NonClass: 85330K(85888K)->85330K(85888K) Class: 12884K(13504K)->12884K(13504K)
[2025-12-24T05:29:56.266+0000][419.270s][info][gc          ] GC(225) Pause Young (Normal) (G1 Evacuation Pause) 451M->128M(544M) 14.491ms
[2025-12-24T05:29:56.266+0000][419.270s][info][gc,cpu      ] GC(225) User=0.01s Sys=0.00s Real=0.01s
[2025-12-24T05:29:56.594+0000][419.598s][info][gc,start    ] GC(226) Pause Young (Normal) (G1 Evacuation Pause)
[2025-12-24T05:29:56.595+0000][419.599s][info][gc,task     ] GC(226) Using 3 workers of 3 for evacuation
[2025-12-24T05:29:56.598+0000][419.602s][info][gc,phases   ] GC(226)   Pre Evacuate Collection Set: 0.2ms
[2025-12-24T05:29:56.598+0000][419.603s][info][gc,phases   ] GC(226)   Merge Heap Roots: 0.1ms
[2025-12-24T05:29:56.598+0000][419.603s][info][gc,phases   ] GC(226)   Evacuate Collection Set: 2.6ms
[2025-12-24T05:29:56.599+0000][419.603s][info][gc,phases   ] GC(226)   Post Evacuate Collection Set: 0.6ms
[2025-12-24T05:29:56.599+0000][419.603s][info][gc,phases   ] GC(226)   Other: 0.7ms
[2025-12-24T05:29:56.599+0000][419.603s][info][gc,heap     ] GC(226) Eden regions: 322->0(320)
[2025-12-24T05:29:56.599+0000][419.603s][info][gc,heap     ] GC(226) Survivor regions: 4->6(41)
[2025-12-24T05:29:56.599+0000][419.603s][info][gc,heap     ] GC(226) Old regions: 88->88
[2025-12-24T05:29:56.599+0000][419.603s][info][gc,heap     ] GC(226) Archive regions: 2->2
[2025-12-24T05:29:56.599+0000][419.603s][info][gc,heap     ] GC(226) Humongous regions: 37->37
[2025-12-24T05:29:56.599+0000][419.603s][info][gc,metaspace] GC(226) Metaspace: 98216K(99392K)->98216K(99392K) NonClass: 85331K(85888K)->85331K(85888K) Class: 12884K(13504K)->12884K(13504K)
[2025-12-24T05:29:56.599+0000][419.603s][info][gc          ] GC(226) Pause Young (Normal) (G1 Evacuation Pause) 450M->130M(544M) 4.992ms
[2025-12-24T05:29:56.599+0000][419.603s][info][gc,cpu      ] GC(226) User=0.00s Sys=0.00s Real=0.01s
[2025-12-24T05:29:56.909+0000][419.913s][info][gc,start    ] GC(227) Pause Young (Normal) (G1 Evacuation Pause)
[2025-12-24T05:29:56.910+0000][419.914s][info][gc,task     ] GC(227) Using 3 workers of 3 for evacuation
[2025-12-24T05:29:56.913+0000][419.917s][info][gc,phases   ] GC(227)   Pre Evacuate Collection Set: 0.6ms
[2025-12-24T05:29:56.914+0000][419.918s][info][gc,phases   ] GC(227)   Merge Heap Roots: 0.1ms
[2025-12-24T05:29:56.914+0000][419.918s][info][gc,phases   ] GC(227)   Evacuate Collection Set: 1.5ms
[2025-12-24T05:29:56.914+0000][419.918s][info][gc,phases   ] GC(227)   Post Evacuate Collection Set: 0.7ms
[2025-12-24T05:29:56.914+0000][419.918s][info][gc,phases   ] GC(227)   Other: 1.3ms
[2025-12-24T05:29:56.914+0000][419.918s][info][gc,heap     ] GC(227) Eden regions: 320->0(322)
[2025-12-24T05:29:56.914+0000][419.918s][info][gc,heap     ] GC(227) Survivor regions: 6->4(41)
[2025-12-24T05:29:56.914+0000][419.918s][info][gc,heap     ] GC(227) Old regions: 88->88
[2025-12-24T05:29:56.914+0000][419.918s][info][gc,heap     ] GC(227) Archive regions: 2->2
[2025-12-24T05:29:56.914+0000][419.918s][info][gc,heap     ] GC(227) Humongous regions: 37->37
[2025-12-24T05:29:56.914+0000][419.918s][info][gc,metaspace] GC(227) Metaspace: 98216K(99392K)->98216K(99392K) NonClass: 85331K(85888K)->85331K(85888K) Class: 12884K(13504K)->12884K(13504K)
[2025-12-24T05:29:56.914+0000][419.919s][info][gc          ] GC(227) Pause Young (Normal) (G1 Evacuation Pause) 450M->129M(544M) 5.123ms
[2025-12-24T05:29:56.915+0000][419.919s][info][gc,cpu      ] GC(227) User=0.01s Sys=0.00s Real=0.00s
[2025-12-24T05:29:57.314+0000][420.318s][info][gc,start    ] GC(228) Pause Young (Normal) (G1 Evacuation Pause)
[2025-12-24T05:29:57.315+0000][420.319s][info][gc,task     ] GC(228) Using 3 workers of 3 for evacuation
[2025-12-24T05:29:57.318+0000][420.322s][info][gc,phases   ] GC(228)   Pre Evacuate Collection Set: 0.2ms
[2025-12-24T05:29:57.318+0000][420.322s][info][gc,phases   ] GC(228)   Merge Heap Roots: 0.2ms
[2025-12-24T05:29:57.318+0000][420.322s][info][gc,phases   ] GC(228)   Evacuate Collection Set: 1.6ms
[2025-12-24T05:29:57.318+0000][420.322s][info][gc,phases   ] GC(228)   Post Evacuate Collection Set: 1.0ms
[2025-12-24T05:29:57.318+0000][420.323s][info][gc,phases   ] GC(228)   Other: 0.9ms
[2025-12-24T05:29:57.319+0000][420.323s][info][gc,heap     ] GC(228) Eden regions: 322->0(323)
[2025-12-24T05:29:57.319+0000][420.323s][info][gc,heap     ] GC(228) Survivor regions: 4->3(41)
[2025-12-24T05:29:57.319+0000][420.323s][info][gc,heap     ] GC(228) Old regions: 88->88
[2025-12-24T05:29:57.319+0000][420.323s][info][gc,heap     ] GC(228) Archive regions: 2->2
[2025-12-24T05:29:57.319+0000][420.323s][info][gc,heap     ] GC(228) Humongous regions: 37->37
[2025-12-24T05:29:57.319+0000][420.323s][info][gc,metaspace] GC(228) Metaspace: 98220K(99392K)->98220K(99392K) NonClass: 85336K(85888K)->85336K(85888K) Class: 12884K(13504K)->12884K(13504K)
[2025-12-24T05:29:57.319+0000][420.323s][info][gc          ] GC(228) Pause Young (Normal) (G1 Evacuation Pause) 451M->128M(544M) 5.164ms
[2025-12-24T05:29:57.319+0000][420.324s][info][gc,cpu      ] GC(228) User=0.01s Sys=0.00s Real=0.01s
[2025-12-24T05:29:57.733+0000][420.737s][info][gc,start    ] GC(229) Pause Young (Normal) (G1 Evacuation Pause)
[2025-12-24T05:29:57.734+0000][420.738s][info][gc,task     ] GC(229) Using 3 workers of 3 for evacuation
[2025-12-24T05:29:57.737+0000][420.741s][info][gc,phases   ] GC(229)   Pre Evacuate Collection Set: 0.2ms
[2025-12-24T05:29:57.737+0000][420.741s][info][gc,phases   ] GC(229)   Merge Heap Roots: 0.1ms
[2025-12-24T05:29:57.737+0000][420.741s][info][gc,phases   ] GC(229)   Evacuate Collection Set: 2.0ms
[2025-12-24T05:29:57.737+0000][420.741s][info][gc,phases   ] GC(229)   Post Evacuate Collection Set: 0.5ms
[2025-12-24T05:29:57.737+0000][420.741s][info][gc,phases   ] GC(229)   Other: 0.7ms
[2025-12-24T05:29:57.737+0000][420.741s][info][gc,heap     ] GC(229) Eden regions: 323->0(321)
[2025-12-24T05:29:57.737+0000][420.742s][info][gc,heap     ] GC(229) Survivor regions: 3->5(41)
[2025-12-24T05:29:57.738+0000][420.742s][info][gc,heap     ] GC(229) Old regions: 88->88
[2025-12-24T05:29:57.738+0000][420.742s][info][gc,heap     ] GC(229) Archive regions: 2->2
[2025-12-24T05:29:57.738+0000][420.742s][info][gc,heap     ] GC(229) Humongous regions: 37->37
[2025-12-24T05:29:57.738+0000][420.742s][info][gc,metaspace] GC(229) Metaspace: 98234K(99392K)->98234K(99392K) NonClass: 85349K(85888K)->85349K(85888K) Class: 12884K(13504K)->12884K(13504K)
[2025-12-24T05:29:57.738+0000][420.742s][info][gc          ] GC(229) Pause Young (Normal) (G1 Evacuation Pause) 451M->130M(544M) 5.088ms
[2025-12-24T05:29:57.739+0000][420.743s][info][gc,cpu      ] GC(229) User=0.01s Sys=0.00s Real=0.00s
[2025-12-24T05:29:58.149+0000][421.153s][info][gc,start    ] GC(230) Pause Young (Normal) (G1 Evacuation Pause)
[2025-12-24T05:29:58.153+0000][421.157s][info][gc,task     ] GC(230) Using 3 workers of 3 for evacuation
[2025-12-24T05:29:58.161+0000][421.166s][info][gc,phases   ] GC(230)   Pre Evacuate Collection Set: 2.4ms
[2025-12-24T05:29:58.162+0000][421.166s][info][gc,phases   ] GC(230)   Merge Heap Roots: 0.2ms
[2025-12-24T05:29:58.162+0000][421.166s][info][gc,phases   ] GC(230)   Evacuate Collection Set: 4.5ms
[2025-12-24T05:29:58.162+0000][421.166s][info][gc,phases   ] GC(230)   Post Evacuate Collection Set: 0.8ms
[2025-12-24T05:29:58.162+0000][421.166s][info][gc,phases   ] GC(230)   Other: 4.8ms
[2025-12-24T05:29:58.162+0000][421.166s][info][gc,heap     ] GC(230) Eden regions: 321->0(322)
[2025-12-24T05:29:58.162+0000][421.166s][info][gc,heap     ] GC(230) Survivor regions: 5->4(41)
[2025-12-24T05:29:58.162+0000][421.166s][info][gc,heap     ] GC(230) Old regions: 88->88
[2025-12-24T05:29:58.162+0000][421.166s][info][gc,heap     ] GC(230) Archive regions: 2->2
[2025-12-24T05:29:58.162+0000][421.166s][info][gc,heap     ] GC(230) Humongous regions: 37->37
[2025-12-24T05:29:58.162+0000][421.166s][info][gc,metaspace] GC(230) Metaspace: 98234K(99392K)->98234K(99392K) NonClass: 85349K(85888K)->85349K(85888K) Class: 12884K(13504K)->12884K(13504K)
[2025-12-24T05:29:58.162+0000][421.166s][info][gc          ] GC(230) Pause Young (Normal) (G1 Evacuation Pause) 451M->128M(544M) 13.456ms
[2025-12-24T05:29:58.163+0000][421.167s][info][gc,cpu      ] GC(230) User=0.00s Sys=0.00s Real=0.01s
[2025-12-24T05:29:58.583+0000][421.587s][info][gc,start    ] GC(231) Pause Young (Normal) (G1 Evacuation Pause)
[2025-12-24T05:29:58.584+0000][421.588s][info][gc,task     ] GC(231) Using 3 workers of 3 for evacuation
[2025-12-24T05:29:58.591+0000][421.595s][info][gc,phases   ] GC(231)   Pre Evacuate Collection Set: 0.2ms
[2025-12-24T05:29:58.591+0000][421.595s][info][gc,phases   ] GC(231)   Merge Heap Roots: 0.3ms
[2025-12-24T05:29:58.591+0000][421.595s][info][gc,phases   ] GC(231)   Evacuate Collection Set: 4.4ms
[2025-12-24T05:29:58.591+0000][421.595s][info][gc,phases   ] GC(231)   Post Evacuate Collection Set: 1.6ms
[2025-12-24T05:29:58.591+0000][421.595s][info][gc,phases   ] GC(231)   Other: 0.9ms
[2025-12-24T05:29:58.592+0000][421.596s][info][gc,heap     ] GC(231) Eden regions: 322->0(321)
[2025-12-24T05:29:58.592+0000][421.596s][info][gc,heap     ] GC(231) Survivor regions: 4->5(41)
[2025-12-24T05:29:58.592+0000][421.596s][info][gc,heap     ] GC(231) Old regions: 88->88
[2025-12-24T05:29:58.592+0000][421.596s][info][gc,heap     ] GC(231) Archive regions: 2->2
[2025-12-24T05:29:58.592+0000][421.596s][info][gc,heap     ] GC(231) Humongous regions: 37->37
[2025-12-24T05:29:58.592+0000][421.596s][info][gc,metaspace] GC(231) Metaspace: 98234K(99392K)->98234K(99392K) NonClass: 85349K(85888K)->85349K(85888K) Class: 12884K(13504K)->12884K(13504K)
[2025-12-24T05:29:58.592+0000][421.596s][info][gc          ] GC(231) Pause Young (Normal) (G1 Evacuation Pause) 450M->130M(544M) 8.991ms
[2025-12-24T05:29:58.593+0000][421.597s][info][gc,cpu      ] GC(231) User=0.01s Sys=0.00s Real=0.01s
[2025-12-24T05:29:58.995+0000][422.000s][info][gc,start    ] GC(232) Pause Young (Normal) (G1 Evacuation Pause)
[2025-12-24T05:29:58.996+0000][422.000s][info][gc,task     ] GC(232) Using 3 workers of 3 for evacuation
[2025-12-24T05:29:59.000+0000][422.004s][info][gc,phases   ] GC(232)   Pre Evacuate Collection Set: 0.2ms
[2025-12-24T05:29:59.000+0000][422.004s][info][gc,phases   ] GC(232)   Merge Heap Roots: 0.1ms
[2025-12-24T05:29:59.000+0000][422.004s][info][gc,phases   ] GC(232)   Evacuate Collection Set: 2.9ms
[2025-12-24T05:29:59.000+0000][422.004s][info][gc,phases   ] GC(232)   Post Evacuate Collection Set: 0.5ms
[2025-12-24T05:29:59.000+0000][422.004s][info][gc,phases   ] GC(232)   Other: 0.6ms
[2025-12-24T05:29:59.000+0000][422.004s][info][gc,heap     ] GC(232) Eden regions: 321->0(321)
[2025-12-24T05:29:59.000+0000][422.004s][info][gc,heap     ] GC(232) Survivor regions: 5->5(41)
[2025-12-24T05:29:59.000+0000][422.004s][info][gc,heap     ] GC(232) Old regions: 88->88
[2025-12-24T05:29:59.000+0000][422.004s][info][gc,heap     ] GC(232) Archive regions: 2->2
[2025-12-24T05:29:59.000+0000][422.004s][info][gc,heap     ] GC(232) Humongous regions: 37->37
[2025-12-24T05:29:59.000+0000][422.004s][info][gc,metaspace] GC(232) Metaspace: 98234K(99392K)->98234K(99392K) NonClass: 85349K(85888K)->85349K(85888K) Class: 12884K(13504K)->12884K(13504K)
[2025-12-24T05:29:59.000+0000][422.005s][info][gc          ] GC(232) Pause Young (Normal) (G1 Evacuation Pause) 451M->130M(544M) 4.978ms
[2025-12-24T05:29:59.001+0000][422.005s][info][gc,cpu      ] GC(232) User=0.00s Sys=0.00s Real=0.01s
[2025-12-24T05:29:59.359+0000][422.363s][info][gc,start    ] GC(233) Pause Young (Normal) (G1 Evacuation Pause)
[2025-12-24T05:29:59.361+0000][422.365s][info][gc,task     ] GC(233) Using 3 workers of 3 for evacuation
[2025-12-24T05:29:59.366+0000][422.370s][info][gc,phases   ] GC(233)   Pre Evacuate Collection Set: 0.2ms
[2025-12-24T05:29:59.366+0000][422.371s][info][gc,phases   ] GC(233)   Merge Heap Roots: 0.1ms
[2025-12-24T05:29:59.367+0000][422.371s][info][gc,phases   ] GC(233)   Evacuate Collection Set: 3.9ms
[2025-12-24T05:29:59.367+0000][422.371s][info][gc,phases   ] GC(233)   Post Evacuate Collection Set: 0.5ms
[2025-12-24T05:29:59.367+0000][422.371s][info][gc,phases   ] GC(233)   Other: 2.9ms
[2025-12-24T05:29:59.367+0000][422.371s][info][gc,heap     ] GC(233) Eden regions: 321->0(320)
[2025-12-24T05:29:59.367+0000][422.371s][info][gc,heap     ] GC(233) Survivor regions: 5->6(41)
[2025-12-24T05:29:59.367+0000][422.371s][info][gc,heap     ] GC(233) Old regions: 88->88
[2025-12-24T05:29:59.367+0000][422.371s][info][gc,heap     ] GC(233) Archive regions: 2->2
[2025-12-24T05:29:59.367+0000][422.371s][info][gc,heap     ] GC(233) Humongous regions: 37->37
[2025-12-24T05:29:59.367+0000][422.371s][info][gc,metaspace] GC(233) Metaspace: 98235K(99392K)->98235K(99392K) NonClass: 85350K(85888K)->85350K(85888K) Class: 12884K(13504K)->12884K(13504K)
[2025-12-24T05:29:59.367+0000][422.371s][info][gc          ] GC(233) Pause Young (Normal) (G1 Evacuation Pause) 451M->131M(544M) 8.404ms
[2025-12-24T05:29:59.367+0000][422.371s][info][gc,cpu      ] GC(233) User=0.00s Sys=0.00s Real=0.00s
[2025-12-24T05:29:59.731+0000][422.735s][info][gc,start    ] GC(234) Pause Young (Normal) (G1 Evacuation Pause)
[2025-12-24T05:29:59.731+0000][422.735s][info][gc,task     ] GC(234) Using 3 workers of 3 for evacuation
[2025-12-24T05:29:59.736+0000][422.740s][info][gc,phases   ] GC(234)   Pre Evacuate Collection Set: 0.2ms
[2025-12-24T05:29:59.736+0000][422.740s][info][gc,phases   ] GC(234)   Merge Heap Roots: 0.1ms
[2025-12-24T05:29:59.736+0000][422.740s][info][gc,phases   ] GC(234)   Evacuate Collection Set: 3.4ms
[2025-12-24T05:29:59.736+0000][422.740s][info][gc,phases   ] GC(234)   Post Evacuate Collection Set: 1.0ms
[2025-12-24T05:29:59.736+0000][422.741s][info][gc,phases   ] GC(234)   Other: 0.5ms
[2025-12-24T05:29:59.736+0000][422.741s][info][gc,heap     ] GC(234) Eden regions: 320->0(320)
[2025-12-24T05:29:59.737+0000][422.741s][info][gc,heap     ] GC(234) Survivor regions: 6->6(41)
[2025-12-24T05:29:59.737+0000][422.741s][info][gc,heap     ] GC(234) Old regions: 88->88
[2025-12-24T05:29:59.737+0000][422.741s][info][gc,heap     ] GC(234) Archive regions: 2->2
[2025-12-24T05:29:59.737+0000][422.741s][info][gc,heap     ] GC(234) Humongous regions: 37->37
[2025-12-24T05:29:59.737+0000][422.741s][info][gc,metaspace] GC(234) Metaspace: 98235K(99392K)->98235K(99392K) NonClass: 85350K(85888K)->85350K(85888K) Class: 12884K(13504K)->12884K(13504K)
[2025-12-24T05:29:59.737+0000][422.741s][info][gc          ] GC(234) Pause Young (Normal) (G1 Evacuation Pause) 451M->130M(544M) 6.104ms
[2025-12-24T05:29:59.737+0000][422.741s][info][gc,cpu      ] GC(234) User=0.01s Sys=0.00s Real=0.00s
[2025-12-24T05:30:00.104+0000][423.108s][info][gc,start    ] GC(235) Pause Young (Normal) (G1 Evacuation Pause)
[2025-12-24T05:30:00.105+0000][423.109s][info][gc,task     ] GC(235) Using 3 workers of 3 for evacuation
[2025-12-24T05:30:00.113+0000][423.117s][info][gc,phases   ] GC(235)   Pre Evacuate Collection Set: 0.6ms
[2025-12-24T05:30:00.113+0000][423.117s][info][gc,phases   ] GC(235)   Merge Heap Roots: 0.2ms
[2025-12-24T05:30:00.113+0000][423.117s][info][gc,phases   ] GC(235)   Evacuate Collection Set: 5.5ms
[2025-12-24T05:30:00.113+0000][423.117s][info][gc,phases   ] GC(235)   Post Evacuate Collection Set: 0.8ms
[2025-12-24T05:30:00.113+0000][423.118s][info][gc,phases   ] GC(235)   Other: 1.6ms
[2025-12-24T05:30:00.114+0000][423.118s][info][gc,heap     ] GC(235) Eden regions: 320->0(321)
[2025-12-24T05:30:00.114+0000][423.118s][info][gc,heap     ] GC(235) Survivor regions: 6->5(41)
[2025-12-24T05:30:00.114+0000][423.118s][info][gc,heap     ] GC(235) Old regions: 88->88
[2025-12-24T05:30:00.114+0000][423.118s][info][gc,heap     ] GC(235) Archive regions: 2->2
[2025-12-24T05:30:00.114+0000][423.118s][info][gc,heap     ] GC(235) Humongous regions: 37->37
[2025-12-24T05:30:00.114+0000][423.118s][info][gc,metaspace] GC(235) Metaspace: 98235K(99392K)->98235K(99392K) NonClass: 85350K(85888K)->85350K(85888K) Class: 12884K(13504K)->12884K(13504K)
[2025-12-24T05:30:00.114+0000][423.118s][info][gc          ] GC(235) Pause Young (Normal) (G1 Evacuation Pause) 450M->130M(544M) 10.053ms
[2025-12-24T05:30:00.115+0000][423.119s][info][gc,cpu      ] GC(235) User=0.01s Sys=0.00s Real=0.01s
[2025-12-24T05:30:00.487+0000][423.491s][info][gc,start    ] GC(236) Pause Young (Normal) (G1 Evacuation Pause)
[2025-12-24T05:30:00.487+0000][423.491s][info][gc,task     ] GC(236) Using 3 workers of 3 for evacuation
[2025-12-24T05:30:00.492+0000][423.496s][info][gc,phases   ] GC(236)   Pre Evacuate Collection Set: 0.3ms
[2025-12-24T05:30:00.492+0000][423.496s][info][gc,phases   ] GC(236)   Merge Heap Roots: 0.2ms
[2025-12-24T05:30:00.492+0000][423.496s][info][gc,phases   ] GC(236)   Evacuate Collection Set: 3.4ms
[2025-12-24T05:30:00.492+0000][423.496s][info][gc,phases   ] GC(236)   Post Evacuate Collection Set: 0.9ms
[2025-12-24T05:30:00.492+0000][423.496s][info][gc,phases   ] GC(236)   Other: 0.6ms
[2025-12-24T05:30:00.492+0000][423.497s][info][gc,heap     ] GC(236) Eden regions: 321->0(319)
[2025-12-24T05:30:00.493+0000][423.497s][info][gc,heap     ] GC(236) Survivor regions: 5->7(41)
[2025-12-24T05:30:00.493+0000][423.497s][info][gc,heap     ] GC(236) Old regions: 88->88
[2025-12-24T05:30:00.493+0000][423.497s][info][gc,heap     ] GC(236) Archive regions: 2->2
[2025-12-24T05:30:00.493+0000][423.497s][info][gc,heap     ] GC(236) Humongous regions: 37->37
[2025-12-24T05:30:00.493+0000][423.497s][info][gc,metaspace] GC(236) Metaspace: 98235K(99392K)->98235K(99392K) NonClass: 85350K(85888K)->85350K(85888K) Class: 12884K(13504K)->12884K(13504K)
[2025-12-24T05:30:00.493+0000][423.497s][info][gc          ] GC(236) Pause Young (Normal) (G1 Evacuation Pause) 451M->132M(544M) 6.541ms
[2025-12-24T05:30:00.493+0000][423.497s][info][gc,cpu      ] GC(236) User=0.00s Sys=0.00s Real=0.01s
[2025-12-24T05:30:00.860+0000][423.864s][info][gc,start    ] GC(237) Pause Young (Normal) (G1 Evacuation Pause)
[2025-12-24T05:30:00.860+0000][423.864s][info][gc,task     ] GC(237) Using 3 workers of 3 for evacuation
[2025-12-24T05:30:00.864+0000][423.868s][info][gc,phases   ] GC(237)   Pre Evacuate Collection Set: 0.2ms
[2025-12-24T05:30:00.865+0000][423.869s][info][gc,phases   ] GC(237)   Merge Heap Roots: 0.1ms
[2025-12-24T05:30:00.865+0000][423.869s][info][gc,phases   ] GC(237)   Evacuate Collection Set: 3.2ms
[2025-12-24T05:30:00.865+0000][423.869s][info][gc,phases   ] GC(237)   Post Evacuate Collection Set: 0.5ms
[2025-12-24T05:30:00.865+0000][423.869s][info][gc,phases   ] GC(237)   Other: 0.5ms
[2025-12-24T05:30:00.865+0000][423.869s][info][gc,heap     ] GC(237) Eden regions: 319->0(320)
[2025-12-24T05:30:00.865+0000][423.869s][info][gc,heap     ] GC(237) Survivor regions: 7->6(41)
[2025-12-24T05:30:00.865+0000][423.869s][info][gc,heap     ] GC(237) Old regions: 88->88
[2025-12-24T05:30:00.865+0000][423.870s][info][gc,heap     ] GC(237) Archive regions: 2->2
[2025-12-24T05:30:00.866+0000][423.870s][info][gc,heap     ] GC(237) Humongous regions: 37->37
[2025-12-24T05:30:00.866+0000][423.870s][info][gc,metaspace] GC(237) Metaspace: 98235K(99392K)->98235K(99392K) NonClass: 85350K(85888K)->85350K(85888K) Class: 12884K(13504K)->12884K(13504K)
[2025-12-24T05:30:00.866+0000][423.870s][info][gc          ] GC(237) Pause Young (Normal) (G1 Evacuation Pause) 451M->131M(544M) 6.239ms
[2025-12-24T05:30:00.866+0000][423.870s][info][gc,cpu      ] GC(237) User=0.01s Sys=0.00s Real=0.00s
[2025-12-24T05:30:01.365+0000][424.369s][info][gc,start    ] GC(238) Pause Young (Normal) (G1 Evacuation Pause)
[2025-12-24T05:30:01.365+0000][424.369s][info][gc,task     ] GC(238) Using 3 workers of 3 for evacuation
[2025-12-24T05:30:01.371+0000][424.375s][info][gc,phases   ] GC(238)   Pre Evacuate Collection Set: 0.8ms
[2025-12-24T05:30:01.372+0000][424.376s][info][gc,phases   ] GC(238)   Merge Heap Roots: 1.0ms
[2025-12-24T05:30:01.372+0000][424.376s][info][gc,phases   ] GC(238)   Evacuate Collection Set: 2.8ms
[2025-12-24T05:30:01.372+0000][424.376s][info][gc,phases   ] GC(238)   Post Evacuate Collection Set: 1.1ms
[2025-12-24T05:30:01.372+0000][424.376s][info][gc,phases   ] GC(238)   Other: 1.2ms
[2025-12-24T05:30:01.372+0000][424.376s][info][gc,heap     ] GC(238) Eden regions: 320->0(321)
[2025-12-24T05:30:01.372+0000][424.377s][info][gc,heap     ] GC(238) Survivor regions: 6->5(41)
[2025-12-24T05:30:01.372+0000][424.377s][info][gc,heap     ] GC(238) Old regions: 88->88
[2025-12-24T05:30:01.373+0000][424.377s][info][gc,heap     ] GC(238) Archive regions: 2->2
[2025-12-24T05:30:01.373+0000][424.377s][info][gc,heap     ] GC(238) Humongous regions: 37->37
[2025-12-24T05:30:01.373+0000][424.377s][info][gc,metaspace] GC(238) Metaspace: 98235K(99392K)->98235K(99392K) NonClass: 85350K(85888K)->85350K(85888K) Class: 12884K(13504K)->12884K(13504K)
[2025-12-24T05:30:01.373+0000][424.377s][info][gc          ] GC(238) Pause Young (Normal) (G1 Evacuation Pause) 451M->129M(544M) 8.263ms
[2025-12-24T05:30:01.373+0000][424.377s][info][gc,cpu      ] GC(238) User=0.01s Sys=0.00s Real=0.01s
[2025-12-24T05:30:01.810+0000][424.814s][info][gc,start    ] GC(239) Pause Young (Normal) (G1 Evacuation Pause)
[2025-12-24T05:30:01.810+0000][424.814s][info][gc,task     ] GC(239) Using 3 workers of 3 for evacuation
[2025-12-24T05:30:01.817+0000][424.821s][info][gc,phases   ] GC(239)   Pre Evacuate Collection Set: 0.2ms
[2025-12-24T05:30:01.818+0000][424.822s][info][gc,phases   ] GC(239)   Merge Heap Roots: 0.2ms
[2025-12-24T05:30:01.818+0000][424.822s][info][gc,phases   ] GC(239)   Evacuate Collection Set: 5.0ms
[2025-12-24T05:30:01.819+0000][424.823s][info][gc,phases   ] GC(239)   Post Evacuate Collection Set: 1.3ms
[2025-12-24T05:30:01.819+0000][424.823s][info][gc,phases   ] GC(239)   Other: 0.5ms
[2025-12-24T05:30:01.819+0000][424.823s][info][gc,heap     ] GC(239) Eden regions: 321->0(321)
[2025-12-24T05:30:01.819+0000][424.824s][info][gc,heap     ] GC(239) Survivor regions: 5->5(41)
[2025-12-24T05:30:01.819+0000][424.824s][info][gc,heap     ] GC(239) Old regions: 88->88
[2025-12-24T05:30:01.820+0000][424.824s][info][gc,heap     ] GC(239) Archive regions: 2->2
[2025-12-24T05:30:01.820+0000][424.824s][info][gc,heap     ] GC(239) Humongous regions: 37->37
[2025-12-24T05:30:01.820+0000][424.824s][info][gc,metaspace] GC(239) Metaspace: 98235K(99392K)->98235K(99392K) NonClass: 85350K(85888K)->85350K(85888K) Class: 12884K(13504K)->12884K(13504K)
[2025-12-24T05:30:01.820+0000][424.824s][info][gc          ] GC(239) Pause Young (Normal) (G1 Evacuation Pause) 450M->129M(544M) 10.356ms
[2025-12-24T05:30:01.821+0000][424.825s][info][gc,cpu      ] GC(239) User=0.01s Sys=0.00s Real=0.01s
[2025-12-24T05:30:02.227+0000][425.231s][info][gc,start    ] GC(240) Pause Young (Normal) (G1 Evacuation Pause)
[2025-12-24T05:30:02.228+0000][425.232s][info][gc,task     ] GC(240) Using 3 workers of 3 for evacuation
[2025-12-24T05:30:02.236+0000][425.240s][info][gc,phases   ] GC(240)   Pre Evacuate Collection Set: 0.7ms
[2025-12-24T05:30:02.237+0000][425.241s][info][gc,phases   ] GC(240)   Merge Heap Roots: 0.2ms
[2025-12-24T05:30:02.237+0000][425.241s][info][gc,phases   ] GC(240)   Evacuate Collection Set: 5.2ms
[2025-12-24T05:30:02.238+0000][425.242s][info][gc,phases   ] GC(240)   Post Evacuate Collection Set: 1.3ms
[2025-12-24T05:30:02.238+0000][425.242s][info][gc,phases   ] GC(240)   Other: 1.6ms
[2025-12-24T05:30:02.238+0000][425.243s][info][gc,heap     ] GC(240) Eden regions: 321->0(320)
[2025-12-24T05:30:02.239+0000][425.243s][info][gc,heap     ] GC(240) Survivor regions: 5->6(41)
[2025-12-24T05:30:02.239+0000][425.243s][info][gc,heap     ] GC(240) Old regions: 88->88
[2025-12-24T05:30:02.239+0000][425.244s][info][gc,heap     ] GC(240) Archive regions: 2->2
[2025-12-24T05:30:02.240+0000][425.244s][info][gc,heap     ] GC(240) Humongous regions: 37->37
[2025-12-24T05:30:02.240+0000][425.244s][info][gc,metaspace] GC(240) Metaspace: 98235K(99392K)->98235K(99392K) NonClass: 85350K(85888K)->85350K(85888K) Class: 12884K(13504K)->12884K(13504K)
[2025-12-24T05:30:02.240+0000][425.244s][info][gc          ] GC(240) Pause Young (Normal) (G1 Evacuation Pause) 450M->130M(544M) 12.861ms
[2025-12-24T05:30:02.240+0000][425.244s][info][gc,cpu      ] GC(240) User=0.01s Sys=0.00s Real=0.02s
[2025-12-24T05:30:02.634+0000][425.638s][info][gc,start    ] GC(241) Pause Young (Normal) (G1 Evacuation Pause)
[2025-12-24T05:30:02.635+0000][425.639s][info][gc,task     ] GC(241) Using 3 workers of 3 for evacuation
[2025-12-24T05:30:02.641+0000][425.645s][info][gc,phases   ] GC(241)   Pre Evacuate Collection Set: 0.2ms
[2025-12-24T05:30:02.642+0000][425.646s][info][gc,phases   ] GC(241)   Merge Heap Roots: 0.2ms
[2025-12-24T05:30:02.642+0000][425.646s][info][gc,phases   ] GC(241)   Evacuate Collection Set: 4.0ms
[2025-12-24T05:30:02.642+0000][425.646s][info][gc,phases   ] GC(241)   Post Evacuate Collection Set: 1.9ms
[2025-12-24T05:30:02.642+0000][425.646s][info][gc,phases   ] GC(241)   Other: 1.6ms
[2025-12-24T05:30:02.642+0000][425.646s][info][gc,heap     ] GC(241) Eden regions: 320->0(320)
[2025-12-24T05:30:02.642+0000][425.646s][info][gc,heap     ] GC(241) Survivor regions: 6->6(41)
[2025-12-24T05:30:02.644+0000][425.648s][info][gc,heap     ] GC(241) Old regions: 88->88
[2025-12-24T05:30:02.646+0000][425.650s][info][gc,heap     ] GC(241) Archive regions: 2->2
[2025-12-24T05:30:02.646+0000][425.651s][info][gc,heap     ] GC(241) Humongous regions: 37->37
[2025-12-24T05:30:02.647+0000][425.651s][info][gc,metaspace] GC(241) Metaspace: 98235K(99392K)->98235K(99392K) NonClass: 85350K(85888K)->85350K(85888K) Class: 12884K(13504K)->12884K(13504K)
[2025-12-24T05:30:02.648+0000][425.652s][info][gc          ] GC(241) Pause Young (Normal) (G1 Evacuation Pause) 450M->131M(544M) 14.628ms
[2025-12-24T05:30:02.650+0000][425.654s][info][gc,cpu      ] GC(241) User=0.01s Sys=0.00s Real=0.02s
[2025-12-24T05:30:03.079+0000][426.083s][info][gc,start    ] GC(242) Pause Young (Normal) (G1 Evacuation Pause)
[2025-12-24T05:30:03.079+0000][426.083s][info][gc,task     ] GC(242) Using 3 workers of 3 for evacuation
[2025-12-24T05:30:03.083+0000][426.087s][info][gc,phases   ] GC(242)   Pre Evacuate Collection Set: 0.4ms
[2025-12-24T05:30:03.083+0000][426.088s][info][gc,phases   ] GC(242)   Merge Heap Roots: 0.5ms
[2025-12-24T05:30:03.083+0000][426.088s][info][gc,phases   ] GC(242)   Evacuate Collection Set: 2.5ms
[2025-12-24T05:30:03.084+0000][426.088s][info][gc,phases   ] GC(242)   Post Evacuate Collection Set: 0.9ms
[2025-12-24T05:30:03.084+0000][426.088s][info][gc,phases   ] GC(242)   Other: 0.6ms
[2025-12-24T05:30:03.084+0000][426.088s][info][gc,heap     ] GC(242) Eden regions: 320->0(320)
[2025-12-24T05:30:03.084+0000][426.088s][info][gc,heap     ] GC(242) Survivor regions: 6->6(41)
[2025-12-24T05:30:03.084+0000][426.088s][info][gc,heap     ] GC(242) Old regions: 88->88
[2025-12-24T05:30:03.084+0000][426.088s][info][gc,heap     ] GC(242) Archive regions: 2->2
[2025-12-24T05:30:03.084+0000][426.088s][info][gc,heap     ] GC(242) Humongous regions: 37->37
[2025-12-24T05:30:03.084+0000][426.088s][info][gc,metaspace] GC(242) Metaspace: 98235K(99392K)->98235K(99392K) NonClass: 85350K(85888K)->85350K(85888K) Class: 12884K(13504K)->12884K(13504K)
[2025-12-24T05:30:03.084+0000][426.088s][info][gc          ] GC(242) Pause Young (Normal) (G1 Evacuation Pause) 451M->131M(544M) 5.760ms
[2025-12-24T05:30:03.084+0000][426.089s][info][gc,cpu      ] GC(242) User=0.01s Sys=0.00s Real=0.01s
[2025-12-24T05:30:03.493+0000][426.497s][info][gc,start    ] GC(243) Pause Young (Normal) (G1 Evacuation Pause)
[2025-12-24T05:30:03.494+0000][426.498s][info][gc,task     ] GC(243) Using 3 workers of 3 for evacuation
[2025-12-24T05:30:03.501+0000][426.505s][info][gc,phases   ] GC(243)   Pre Evacuate Collection Set: 0.8ms
[2025-12-24T05:30:03.501+0000][426.505s][info][gc,phases   ] GC(243)   Merge Heap Roots: 0.3ms
[2025-12-24T05:30:03.501+0000][426.505s][info][gc,phases   ] GC(243)   Evacuate Collection Set: 5.3ms
[2025-12-24T05:30:03.501+0000][426.505s][info][gc,phases   ] GC(243)   Post Evacuate Collection Set: 0.7ms
[2025-12-24T05:30:03.501+0000][426.506s][info][gc,phases   ] GC(243)   Other: 0.9ms
[2025-12-24T05:30:03.501+0000][426.506s][info][gc,heap     ] GC(243) Eden regions: 320->0(320)
[2025-12-24T05:30:03.502+0000][426.506s][info][gc,heap     ] GC(243) Survivor regions: 6->6(41)
[2025-12-24T05:30:03.502+0000][426.506s][info][gc,heap     ] GC(243) Old regions: 88->88
[2025-12-24T05:30:03.502+0000][426.506s][info][gc,heap     ] GC(243) Archive regions: 2->2
[2025-12-24T05:30:03.502+0000][426.506s][info][gc,heap     ] GC(243) Humongous regions: 37->37
[2025-12-24T05:30:03.502+0000][426.506s][info][gc,metaspace] GC(243) Metaspace: 98235K(99392K)->98235K(99392K) NonClass: 85350K(85888K)->85350K(85888K) Class: 12884K(13504K)->12884K(13504K)
[2025-12-24T05:30:03.502+0000][426.506s][info][gc          ] GC(243) Pause Young (Normal) (G1 Evacuation Pause) 451M->131M(544M) 9.053ms
[2025-12-24T05:30:03.502+0000][426.507s][info][gc,cpu      ] GC(243) User=0.01s Sys=0.00s Real=0.01s
[2025-12-24T05:30:03.855+0000][426.859s][info][gc,start    ] GC(244) Pause Young (Normal) (G1 Evacuation Pause)
[2025-12-24T05:30:03.856+0000][426.860s][info][gc,task     ] GC(244) Using 3 workers of 3 for evacuation
[2025-12-24T05:30:03.863+0000][426.867s][info][gc,phases   ] GC(244)   Pre Evacuate Collection Set: 0.9ms
[2025-12-24T05:30:03.864+0000][426.868s][info][gc,phases   ] GC(244)   Merge Heap Roots: 1.0ms
[2025-12-24T05:30:03.864+0000][426.868s][info][gc,phases   ] GC(244)   Evacuate Collection Set: 4.6ms
[2025-12-24T05:30:03.864+0000][426.868s][info][gc,phases   ] GC(244)   Post Evacuate Collection Set: 0.9ms
[2025-12-24T05:30:03.864+0000][426.868s][info][gc,phases   ] GC(244)   Other: 0.8ms
[2025-12-24T05:30:03.864+0000][426.868s][info][gc,heap     ] GC(244) Eden regions: 320->0(319)
[2025-12-24T05:30:03.864+0000][426.868s][info][gc,heap     ] GC(244) Survivor regions: 6->7(41)
[2025-12-24T05:30:03.864+0000][426.868s][info][gc,heap     ] GC(244) Old regions: 88->89
[2025-12-24T05:30:03.864+0000][426.868s][info][gc,heap     ] GC(244) Archive regions: 2->2
[2025-12-24T05:30:03.864+0000][426.868s][info][gc,heap     ] GC(244) Humongous regions: 37->37
[2025-12-24T05:30:03.864+0000][426.869s][info][gc,metaspace] GC(244) Metaspace: 98235K(99392K)->98235K(99392K) NonClass: 85350K(85888K)->85350K(85888K) Class: 12884K(13504K)->12884K(13504K)
[2025-12-24T05:30:03.865+0000][426.869s][info][gc          ] GC(244) Pause Young (Normal) (G1 Evacuation Pause) 451M->132M(544M) 9.312ms
[2025-12-24T05:30:03.865+0000][426.869s][info][gc,cpu      ] GC(244) User=0.01s Sys=0.00s Real=0.01s
[2025-12-24T05:30:04.221+0000][427.225s][info][gc,start    ] GC(245) Pause Young (Normal) (G1 Evacuation Pause)
[2025-12-24T05:30:04.221+0000][427.225s][info][gc,task     ] GC(245) Using 3 workers of 3 for evacuation
[2025-12-24T05:30:04.228+0000][427.232s][info][gc,phases   ] GC(245)   Pre Evacuate Collection Set: 0.2ms
[2025-12-24T05:30:04.228+0000][427.232s][info][gc,phases   ] GC(245)   Merge Heap Roots: 0.2ms
[2025-12-24T05:30:04.228+0000][427.232s][info][gc,phases   ] GC(245)   Evacuate Collection Set: 5.5ms
[2025-12-24T05:30:04.228+0000][427.232s][info][gc,phases   ] GC(245)   Post Evacuate Collection Set: 0.7ms
[2025-12-24T05:30:04.228+0000][427.232s][info][gc,phases   ] GC(245)   Other: 0.5ms
[2025-12-24T05:30:04.228+0000][427.232s][info][gc,heap     ] GC(245) Eden regions: 319->0(321)
[2025-12-24T05:30:04.228+0000][427.232s][info][gc,heap     ] GC(245) Survivor regions: 7->5(41)
[2025-12-24T05:30:04.228+0000][427.232s][info][gc,heap     ] GC(245) Old regions: 89->89
[2025-12-24T05:30:04.228+0000][427.232s][info][gc,heap     ] GC(245) Archive regions: 2->2
[2025-12-24T05:30:04.228+0000][427.232s][info][gc,heap     ] GC(245) Humongous regions: 37->37
[2025-12-24T05:30:04.228+0000][427.232s][info][gc,metaspace] GC(245) Metaspace: 98254K(99392K)->98254K(99392K) NonClass: 85366K(85888K)->85366K(85888K) Class: 12888K(13504K)->12888K(13504K)
[2025-12-24T05:30:04.228+0000][427.233s][info][gc          ] GC(245) Pause Young (Normal) (G1 Evacuation Pause) 451M->130M(544M) 7.515ms
[2025-12-24T05:30:04.229+0000][427.233s][info][gc,cpu      ] GC(245) User=0.01s Sys=0.00s Real=0.01s
[2025-12-24T05:30:04.823+0000][427.828s][info][gc,start    ] GC(246) Pause Young (Normal) (G1 Evacuation Pause)
[2025-12-24T05:30:04.824+0000][427.828s][info][gc,task     ] GC(246) Using 3 workers of 3 for evacuation
[2025-12-24T05:30:04.836+0000][427.840s][info][gc,phases   ] GC(246)   Pre Evacuate Collection Set: 0.3ms
[2025-12-24T05:30:04.839+0000][427.843s][info][gc,phases   ] GC(246)   Merge Heap Roots: 0.1ms
[2025-12-24T05:30:04.842+0000][427.846s][info][gc,phases   ] GC(246)   Evacuate Collection Set: 6.2ms
[2025-12-24T05:30:04.842+0000][427.846s][info][gc,phases   ] GC(246)   Post Evacuate Collection Set: 5.5ms
[2025-12-24T05:30:04.844+0000][427.848s][info][gc,phases   ] GC(246)   Other: 1.3ms
[2025-12-24T05:30:04.844+0000][427.848s][info][gc,heap     ] GC(246) Eden regions: 321->0(321)
[2025-12-24T05:30:04.844+0000][427.848s][info][gc,heap     ] GC(246) Survivor regions: 5->5(41)
[2025-12-24T05:30:04.844+0000][427.848s][info][gc,heap     ] GC(246) Old regions: 89->89
[2025-12-24T05:30:04.844+0000][427.849s][info][gc,heap     ] GC(246) Archive regions: 2->2
[2025-12-24T05:30:04.845+0000][427.849s][info][gc,heap     ] GC(246) Humongous regions: 37->37
[2025-12-24T05:30:04.845+0000][427.849s][info][gc,metaspace] GC(246) Metaspace: 98254K(99392K)->98254K(99392K) NonClass: 85366K(85888K)->85366K(85888K) Class: 12888K(13504K)->12888K(13504K)
[2025-12-24T05:30:04.845+0000][427.849s][info][gc          ] GC(246) Pause Young (Normal) (G1 Evacuation Pause) 451M->130M(544M) 21.365ms
[2025-12-24T05:30:04.845+0000][427.849s][info][gc,cpu      ] GC(246) User=0.01s Sys=0.00s Real=0.02s
[2025-12-24T05:30:05.459+0000][428.463s][info][gc,start    ] GC(247) Pause Young (Normal) (G1 Evacuation Pause)
[2025-12-24T05:30:05.460+0000][428.464s][info][gc,task     ] GC(247) Using 3 workers of 3 for evacuation
[2025-12-24T05:30:05.471+0000][428.475s][info][gc,phases   ] GC(247)   Pre Evacuate Collection Set: 0.8ms
[2025-12-24T05:30:05.472+0000][428.476s][info][gc,phases   ] GC(247)   Merge Heap Roots: 0.1ms
[2025-12-24T05:30:05.473+0000][428.477s][info][gc,phases   ] GC(247)   Evacuate Collection Set: 7.5ms
[2025-12-24T05:30:05.473+0000][428.477s][info][gc,phases   ] GC(247)   Post Evacuate Collection Set: 2.4ms
[2025-12-24T05:30:05.473+0000][428.477s][info][gc,phases   ] GC(247)   Other: 1.3ms
[2025-12-24T05:30:05.473+0000][428.477s][info][gc,heap     ] GC(247) Eden regions: 321->0(322)
[2025-12-24T05:30:05.473+0000][428.477s][info][gc,heap     ] GC(247) Survivor regions: 5->4(41)
[2025-12-24T05:30:05.473+0000][428.477s][info][gc,heap     ] GC(247) Old regions: 89->89
[2025-12-24T05:30:05.473+0000][428.477s][info][gc,heap     ] GC(247) Archive regions: 2->2
[2025-12-24T05:30:05.473+0000][428.477s][info][gc,heap     ] GC(247) Humongous regions: 37->37
[2025-12-24T05:30:05.473+0000][428.477s][info][gc,metaspace] GC(247) Metaspace: 98254K(99392K)->98254K(99392K) NonClass: 85366K(85888K)->85366K(85888K) Class: 12888K(13504K)->12888K(13504K)
[2025-12-24T05:30:05.473+0000][428.477s][info][gc          ] GC(247) Pause Young (Normal) (G1 Evacuation Pause) 451M->130M(544M) 14.154ms
[2025-12-24T05:30:05.473+0000][428.478s][info][gc,cpu      ] GC(247) User=0.01s Sys=0.00s Real=0.01s
[2025-12-24T05:30:06.083+0000][429.087s][info][gc,start    ] GC(248) Pause Young (Normal) (G1 Evacuation Pause)
[2025-12-24T05:30:06.086+0000][429.090s][info][gc,task     ] GC(248) Using 3 workers of 3 for evacuation
[2025-12-24T05:30:06.090+0000][429.094s][info][gc,phases   ] GC(248)   Pre Evacuate Collection Set: 0.4ms
[2025-12-24T05:30:06.091+0000][429.095s][info][gc,phases   ] GC(248)   Merge Heap Roots: 0.2ms
[2025-12-24T05:30:06.091+0000][429.095s][info][gc,phases   ] GC(248)   Evacuate Collection Set: 2.5ms
[2025-12-24T05:30:06.092+0000][429.096s][info][gc,phases   ] GC(248)   Post Evacuate Collection Set: 0.6ms
[2025-12-24T05:30:06.092+0000][429.096s][info][gc,phases   ] GC(248)   Other: 3.0ms
[2025-12-24T05:30:06.092+0000][429.096s][info][gc,heap     ] GC(248) Eden regions: 322->0(321)
[2025-12-24T05:30:06.092+0000][429.096s][info][gc,heap     ] GC(248) Survivor regions: 4->5(41)
[2025-12-24T05:30:06.092+0000][429.096s][info][gc,heap     ] GC(248) Old regions: 89->89
[2025-12-24T05:30:06.092+0000][429.096s][info][gc,heap     ] GC(248) Archive regions: 2->2
[2025-12-24T05:30:06.092+0000][429.096s][info][gc,heap     ] GC(248) Humongous regions: 37->37
[2025-12-24T05:30:06.092+0000][429.096s][info][gc,metaspace] GC(248) Metaspace: 98254K(99392K)->98254K(99392K) NonClass: 85366K(85888K)->85366K(85888K) Class: 12888K(13504K)->12888K(13504K)
[2025-12-24T05:30:06.092+0000][429.097s][info][gc          ] GC(248) Pause Young (Normal) (G1 Evacuation Pause) 452M->130M(544M) 9.116ms
[2025-12-24T05:30:06.093+0000][429.097s][info][gc,cpu      ] GC(248) User=0.01s Sys=0.00s Real=0.01s
[2025-12-24T05:30:06.685+0000][429.689s][info][gc,start    ] GC(249) Pause Young (Normal) (G1 Evacuation Pause)
[2025-12-24T05:30:06.685+0000][429.689s][info][gc,task     ] GC(249) Using 3 workers of 3 for evacuation
[2025-12-24T05:30:06.691+0000][429.695s][info][gc,phases   ] GC(249)   Pre Evacuate Collection Set: 0.4ms
[2025-12-24T05:30:06.691+0000][429.696s][info][gc,phases   ] GC(249)   Merge Heap Roots: 0.1ms
[2025-12-24T05:30:06.692+0000][429.696s][info][gc,phases   ] GC(249)   Evacuate Collection Set: 4.7ms
[2025-12-24T05:30:06.692+0000][429.696s][info][gc,phases   ] GC(249)   Post Evacuate Collection Set: 0.8ms
[2025-12-24T05:30:06.692+0000][429.696s][info][gc,phases   ] GC(249)   Other: 0.6ms
[2025-12-24T05:30:06.694+0000][429.698s][info][gc,heap     ] GC(249) Eden regions: 321->0(321)
[2025-12-24T05:30:06.694+0000][429.698s][info][gc,heap     ] GC(249) Survivor regions: 5->5(41)
[2025-12-24T05:30:06.694+0000][429.698s][info][gc,heap     ] GC(249) Old regions: 89->89
[2025-12-24T05:30:06.694+0000][429.698s][info][gc,heap     ] GC(249) Archive regions: 2->2
[2025-12-24T05:30:06.694+0000][429.698s][info][gc,heap     ] GC(249) Humongous regions: 37->37
[2025-12-24T05:30:06.694+0000][429.698s][info][gc,metaspace] GC(249) Metaspace: 98254K(99392K)->98254K(99392K) NonClass: 85366K(85888K)->85366K(85888K) Class: 12888K(13504K)->12888K(13504K)
[2025-12-24T05:30:06.694+0000][429.698s][info][gc          ] GC(249) Pause Young (Normal) (G1 Evacuation Pause) 451M->130M(544M) 9.489ms
[2025-12-24T05:30:06.695+0000][429.699s][info][gc,cpu      ] GC(249) User=0.01s Sys=0.00s Real=0.01s
[2025-12-24T05:30:07.150+0000][430.154s][info][gc,start    ] GC(250) Pause Young (Normal) (G1 Evacuation Pause)
[2025-12-24T05:30:07.150+0000][430.154s][info][gc,task     ] GC(250) Using 3 workers of 3 for evacuation
[2025-12-24T05:30:07.158+0000][430.162s][info][gc,phases   ] GC(250)   Pre Evacuate Collection Set: 0.4ms
[2025-12-24T05:30:07.158+0000][430.162s][info][gc,phases   ] GC(250)   Merge Heap Roots: 0.1ms
[2025-12-24T05:30:07.158+0000][430.162s][info][gc,phases   ] GC(250)   Evacuate Collection Set: 6.0ms
[2025-12-24T05:30:07.158+0000][430.163s][info][gc,phases   ] GC(250)   Post Evacuate Collection Set: 1.2ms
[2025-12-24T05:30:07.159+0000][430.163s][info][gc,phases   ] GC(250)   Other: 0.7ms
[2025-12-24T05:30:07.159+0000][430.163s][info][gc,heap     ] GC(250) Eden regions: 321->0(321)
[2025-12-24T05:30:07.159+0000][430.163s][info][gc,heap     ] GC(250) Survivor regions: 5->5(41)
[2025-12-24T05:30:07.159+0000][430.163s][info][gc,heap     ] GC(250) Old regions: 89->89
[2025-12-24T05:30:07.159+0000][430.163s][info][gc,heap     ] GC(250) Archive regions: 2->2
[2025-12-24T05:30:07.159+0000][430.163s][info][gc,heap     ] GC(250) Humongous regions: 37->37
[2025-12-24T05:30:07.159+0000][430.163s][info][gc,metaspace] GC(250) Metaspace: 98255K(99392K)->98255K(99392K) NonClass: 85367K(85888K)->85367K(85888K) Class: 12888K(13504K)->12888K(13504K)
[2025-12-24T05:30:07.159+0000][430.163s][info][gc          ] GC(250) Pause Young (Normal) (G1 Evacuation Pause) 451M->130M(544M) 9.020ms
[2025-12-24T05:30:07.159+0000][430.163s][info][gc,cpu      ] GC(250) User=0.01s Sys=0.00s Real=0.01s
[2025-12-24T05:30:07.721+0000][430.725s][info][gc,start    ] GC(251) Pause Young (Normal) (G1 Evacuation Pause)
[2025-12-24T05:30:07.723+0000][430.727s][info][gc,task     ] GC(251) Using 3 workers of 3 for evacuation
[2025-12-24T05:30:07.730+0000][430.734s][info][gc,phases   ] GC(251)   Pre Evacuate Collection Set: 4.2ms
[2025-12-24T05:30:07.730+0000][430.735s][info][gc,phases   ] GC(251)   Merge Heap Roots: 0.1ms
[2025-12-24T05:30:07.731+0000][430.735s][info][gc,phases   ] GC(251)   Evacuate Collection Set: 1.8ms
[2025-12-24T05:30:07.731+0000][430.735s][info][gc,phases   ] GC(251)   Post Evacuate Collection Set: 0.7ms
[2025-12-24T05:30:07.731+0000][430.735s][info][gc,phases   ] GC(251)   Other: 2.8ms
[2025-12-24T05:30:07.731+0000][430.735s][info][gc,heap     ] GC(251) Eden regions: 321->0(322)
[2025-12-24T05:30:07.731+0000][430.735s][info][gc,heap     ] GC(251) Survivor regions: 5->4(41)
[2025-12-24T05:30:07.731+0000][430.735s][info][gc,heap     ] GC(251) Old regions: 89->89
[2025-12-24T05:30:07.732+0000][430.736s][info][gc,heap     ] GC(251) Archive regions: 2->2
[2025-12-24T05:30:07.732+0000][430.736s][info][gc,heap     ] GC(251) Humongous regions: 37->37
[2025-12-24T05:30:07.732+0000][430.736s][info][gc,metaspace] GC(251) Metaspace: 98255K(99392K)->98255K(99392K) NonClass: 85367K(85888K)->85367K(85888K) Class: 12888K(13504K)->12888K(13504K)
[2025-12-24T05:30:07.732+0000][430.736s][info][gc          ] GC(251) Pause Young (Normal) (G1 Evacuation Pause) 451M->129M(544M) 11.071ms
[2025-12-24T05:30:07.732+0000][430.736s][info][gc,cpu      ] GC(251) User=0.01s Sys=0.00s Real=0.01s
[2025-12-24T05:30:08.276+0000][431.280s][info][gc,start    ] GC(252) Pause Young (Normal) (G1 Evacuation Pause)
[2025-12-24T05:30:08.276+0000][431.280s][info][gc,task     ] GC(252) Using 3 workers of 3 for evacuation
[2025-12-24T05:30:08.280+0000][431.284s][info][gc,phases   ] GC(252)   Pre Evacuate Collection Set: 1.2ms
[2025-12-24T05:30:08.281+0000][431.285s][info][gc,phases   ] GC(252)   Merge Heap Roots: 0.2ms
[2025-12-24T05:30:08.281+0000][431.285s][info][gc,phases   ] GC(252)   Evacuate Collection Set: 1.8ms
[2025-12-24T05:30:08.281+0000][431.285s][info][gc,phases   ] GC(252)   Post Evacuate Collection Set: 0.5ms
[2025-12-24T05:30:08.281+0000][431.285s][info][gc,phases   ] GC(252)   Other: 1.6ms
[2025-12-24T05:30:08.281+0000][431.285s][info][gc,heap     ] GC(252) Eden regions: 322->0(322)
[2025-12-24T05:30:08.281+0000][431.285s][info][gc,heap     ] GC(252) Survivor regions: 4->4(41)
[2025-12-24T05:30:08.281+0000][431.285s][info][gc,heap     ] GC(252) Old regions: 89->89
[2025-12-24T05:30:08.281+0000][431.286s][info][gc,heap     ] GC(252) Archive regions: 2->2
[2025-12-24T05:30:08.282+0000][431.286s][info][gc,heap     ] GC(252) Humongous regions: 37->37
[2025-12-24T05:30:08.282+0000][431.286s][info][gc,metaspace] GC(252) Metaspace: 98255K(99392K)->98255K(99392K) NonClass: 85367K(85888K)->85367K(85888K) Class: 12888K(13504K)->12888K(13504K)
[2025-12-24T05:30:08.284+0000][431.288s][info][gc          ] GC(252) Pause Young (Normal) (G1 Evacuation Pause) 451M->129M(544M) 8.196ms
[2025-12-24T05:30:08.284+0000][431.289s][info][gc,cpu      ] GC(252) User=0.01s Sys=0.00s Real=0.01s
[2025-12-24T05:30:08.866+0000][431.870s][info][gc,start    ] GC(253) Pause Young (Normal) (G1 Evacuation Pause)
[2025-12-24T05:30:08.867+0000][431.872s][info][gc,task     ] GC(253) Using 3 workers of 3 for evacuation
[2025-12-24T05:30:08.871+0000][431.876s][info][gc,phases   ] GC(253)   Pre Evacuate Collection Set: 0.4ms
[2025-12-24T05:30:08.872+0000][431.876s][info][gc,phases   ] GC(253)   Merge Heap Roots: 0.1ms
[2025-12-24T05:30:08.873+0000][431.877s][info][gc,phases   ] GC(253)   Evacuate Collection Set: 2.3ms
[2025-12-24T05:30:08.873+0000][431.877s][info][gc,phases   ] GC(253)   Post Evacuate Collection Set: 0.9ms
[2025-12-24T05:30:08.873+0000][431.877s][info][gc,phases   ] GC(253)   Other: 1.6ms
[2025-12-24T05:30:08.873+0000][431.877s][info][gc,heap     ] GC(253) Eden regions: 322->0(323)
[2025-12-24T05:30:08.874+0000][431.878s][info][gc,heap     ] GC(253) Survivor regions: 4->3(41)
[2025-12-24T05:30:08.874+0000][431.878s][info][gc,heap     ] GC(253) Old regions: 89->89
[2025-12-24T05:30:08.874+0000][431.878s][info][gc,heap     ] GC(253) Archive regions: 2->2
[2025-12-24T05:30:08.874+0000][431.878s][info][gc,heap     ] GC(253) Humongous regions: 37->37
[2025-12-24T05:30:08.875+0000][431.879s][info][gc,metaspace] GC(253) Metaspace: 98255K(99392K)->98255K(99392K) NonClass: 85367K(85888K)->85367K(85888K) Class: 12888K(13504K)->12888K(13504K)
[2025-12-24T05:30:08.875+0000][431.879s][info][gc          ] GC(253) Pause Young (Normal) (G1 Evacuation Pause) 451M->128M(544M) 8.488ms
[2025-12-24T05:30:08.875+0000][431.879s][info][gc,cpu      ] GC(253) User=0.00s Sys=0.00s Real=0.01s
[2025-12-24T05:30:09.414+0000][432.418s][info][gc,start    ] GC(254) Pause Young (Normal) (G1 Evacuation Pause)
[2025-12-24T05:30:09.414+0000][432.419s][info][gc,task     ] GC(254) Using 3 workers of 3 for evacuation
[2025-12-24T05:30:09.421+0000][432.425s][info][gc,phases   ] GC(254)   Pre Evacuate Collection Set: 0.2ms
[2025-12-24T05:30:09.421+0000][432.425s][info][gc,phases   ] GC(254)   Merge Heap Roots: 0.1ms
[2025-12-24T05:30:09.424+0000][432.428s][info][gc,phases   ] GC(254)   Evacuate Collection Set: 4.7ms
[2025-12-24T05:30:09.424+0000][432.428s][info][gc,phases   ] GC(254)   Post Evacuate Collection Set: 1.3ms
[2025-12-24T05:30:09.424+0000][432.428s][info][gc,phases   ] GC(254)   Other: 0.5ms
[2025-12-24T05:30:09.424+0000][432.428s][info][gc,heap     ] GC(254) Eden regions: 323->0(323)
[2025-12-24T05:30:09.424+0000][432.428s][info][gc,heap     ] GC(254) Survivor regions: 3->3(41)
[2025-12-24T05:30:09.424+0000][432.428s][info][gc,heap     ] GC(254) Old regions: 89->89
[2025-12-24T05:30:09.424+0000][432.428s][info][gc,heap     ] GC(254) Archive regions: 2->2
[2025-12-24T05:30:09.424+0000][432.428s][info][gc,heap     ] GC(254) Humongous regions: 37->37
[2025-12-24T05:30:09.424+0000][432.428s][info][gc,metaspace] GC(254) Metaspace: 98255K(99392K)->98255K(99392K) NonClass: 85367K(85888K)->85367K(85888K) Class: 12888K(13504K)->12888K(13504K)
[2025-12-24T05:30:09.424+0000][432.428s][info][gc          ] GC(254) Pause Young (Normal) (G1 Evacuation Pause) 451M->129M(544M) 9.833ms
[2025-12-24T05:30:09.424+0000][432.428s][info][gc,cpu      ] GC(254) User=0.01s Sys=0.00s Real=0.01s
[2025-12-24T05:30:10.064+0000][433.069s][info][gc,start    ] GC(255) Pause Young (Normal) (G1 Evacuation Pause)
[2025-12-24T05:30:10.065+0000][433.069s][info][gc,task     ] GC(255) Using 3 workers of 3 for evacuation
[2025-12-24T05:30:10.074+0000][433.078s][info][gc,phases   ] GC(255)   Pre Evacuate Collection Set: 0.4ms
[2025-12-24T05:30:10.074+0000][433.078s][info][gc,phases   ] GC(255)   Merge Heap Roots: 0.6ms
[2025-12-24T05:30:10.074+0000][433.078s][info][gc,phases   ] GC(255)   Evacuate Collection Set: 3.6ms
[2025-12-24T05:30:10.074+0000][433.079s][info][gc,phases   ] GC(255)   Post Evacuate Collection Set: 4.4ms
[2025-12-24T05:30:10.075+0000][433.079s][info][gc,phases   ] GC(255)   Other: 0.5ms
[2025-12-24T05:30:10.075+0000][433.079s][info][gc,heap     ] GC(255) Eden regions: 323->0(323)
[2025-12-24T05:30:10.075+0000][433.079s][info][gc,heap     ] GC(255) Survivor regions: 3->3(41)
[2025-12-24T05:30:10.075+0000][433.079s][info][gc,heap     ] GC(255) Old regions: 89->89
[2025-12-24T05:30:10.075+0000][433.079s][info][gc,heap     ] GC(255) Archive regions: 2->2
[2025-12-24T05:30:10.075+0000][433.079s][info][gc,heap     ] GC(255) Humongous regions: 37->37
[2025-12-24T05:30:10.075+0000][433.079s][info][gc,metaspace] GC(255) Metaspace: 98255K(99392K)->98255K(99392K) NonClass: 85367K(85888K)->85367K(85888K) Class: 12888K(13504K)->12888K(13504K)
[2025-12-24T05:30:10.075+0000][433.079s][info][gc          ] GC(255) Pause Young (Normal) (G1 Evacuation Pause) 452M->128M(544M) 10.836ms
[2025-12-24T05:30:10.076+0000][433.080s][info][gc,cpu      ] GC(255) User=0.00s Sys=0.00s Real=0.01s
[2025-12-24T05:30:10.638+0000][433.642s][info][gc,start    ] GC(256) Pause Young (Normal) (G1 Evacuation Pause)
[2025-12-24T05:30:10.639+0000][433.643s][info][gc,task     ] GC(256) Using 3 workers of 3 for evacuation
[2025-12-24T05:30:10.643+0000][433.647s][info][gc,phases   ] GC(256)   Pre Evacuate Collection Set: 0.2ms
[2025-12-24T05:30:10.643+0000][433.647s][info][gc,phases   ] GC(256)   Merge Heap Roots: 0.1ms
[2025-12-24T05:30:10.643+0000][433.647s][info][gc,phases   ] GC(256)   Evacuate Collection Set: 2.6ms
[2025-12-24T05:30:10.643+0000][433.647s][info][gc,phases   ] GC(256)   Post Evacuate Collection Set: 1.0ms
[2025-12-24T05:30:10.643+0000][433.647s][info][gc,phases   ] GC(256)   Other: 0.7ms
[2025-12-24T05:30:10.643+0000][433.648s][info][gc,heap     ] GC(256) Eden regions: 323->0(323)
[2025-12-24T05:30:10.644+0000][433.648s][info][gc,heap     ] GC(256) Survivor regions: 3->3(41)
[2025-12-24T05:30:10.644+0000][433.648s][info][gc,heap     ] GC(256) Old regions: 89->89
[2025-12-24T05:30:10.644+0000][433.648s][info][gc,heap     ] GC(256) Archive regions: 2->2
[2025-12-24T05:30:10.644+0000][433.648s][info][gc,heap     ] GC(256) Humongous regions: 37->37
[2025-12-24T05:30:10.644+0000][433.648s][info][gc,metaspace] GC(256) Metaspace: 98255K(99392K)->98255K(99392K) NonClass: 85367K(85888K)->85367K(85888K) Class: 12888K(13504K)->12888K(13504K)
[2025-12-24T05:30:10.644+0000][433.648s][info][gc          ] GC(256) Pause Young (Normal) (G1 Evacuation Pause) 451M->128M(544M) 5.879ms
[2025-12-24T05:30:10.644+0000][433.648s][info][gc,cpu      ] GC(256) User=0.00s Sys=0.00s Real=0.01s
[2025-12-24T05:30:11.134+0000][434.138s][info][gc,start    ] GC(257) Pause Young (Normal) (G1 Evacuation Pause)
[2025-12-24T05:30:11.134+0000][434.138s][info][gc,task     ] GC(257) Using 3 workers of 3 for evacuation
[2025-12-24T05:30:11.141+0000][434.145s][info][gc,phases   ] GC(257)   Pre Evacuate Collection Set: 0.3ms
[2025-12-24T05:30:11.142+0000][434.146s][info][gc,phases   ] GC(257)   Merge Heap Roots: 0.8ms
[2025-12-24T05:30:11.142+0000][434.146s][info][gc,phases   ] GC(257)   Evacuate Collection Set: 3.2ms
[2025-12-24T05:30:11.142+0000][434.147s][info][gc,phases   ] GC(257)   Post Evacuate Collection Set: 2.3ms
[2025-12-24T05:30:11.142+0000][434.147s][info][gc,phases   ] GC(257)   Other: 1.0ms
[2025-12-24T05:30:11.143+0000][434.147s][info][gc,heap     ] GC(257) Eden regions: 323->0(323)
[2025-12-24T05:30:11.143+0000][434.147s][info][gc,heap     ] GC(257) Survivor regions: 3->3(41)
[2025-12-24T05:30:11.143+0000][434.147s][info][gc,heap     ] GC(257) Old regions: 89->89
[2025-12-24T05:30:11.143+0000][434.147s][info][gc,heap     ] GC(257) Archive regions: 2->2
[2025-12-24T05:30:11.143+0000][434.147s][info][gc,heap     ] GC(257) Humongous regions: 37->37
[2025-12-24T05:30:11.143+0000][434.147s][info][gc,metaspace] GC(257) Metaspace: 98256K(99392K)->98256K(99392K) NonClass: 85368K(85888K)->85368K(85888K) Class: 12888K(13504K)->12888K(13504K)
[2025-12-24T05:30:11.143+0000][434.147s][info][gc          ] GC(257) Pause Young (Normal) (G1 Evacuation Pause) 451M->128M(544M) 8.956ms
[2025-12-24T05:30:11.143+0000][434.147s][info][gc,cpu      ] GC(257) User=0.00s Sys=0.00s Real=0.01s
[2025-12-24T05:30:11.759+0000][434.763s][info][gc,start    ] GC(258) Pause Young (Normal) (G1 Evacuation Pause)
[2025-12-24T05:30:11.760+0000][434.765s][info][gc,task     ] GC(258) Using 3 workers of 3 for evacuation
[2025-12-24T05:30:11.769+0000][434.773s][info][gc,phases   ] GC(258)   Pre Evacuate Collection Set: 0.2ms
[2025-12-24T05:30:11.769+0000][434.773s][info][gc,phases   ] GC(258)   Merge Heap Roots: 0.1ms
[2025-12-24T05:30:11.769+0000][434.773s][info][gc,phases   ] GC(258)   Evacuate Collection Set: 6.3ms
[2025-12-24T05:30:11.769+0000][434.774s][info][gc,phases   ] GC(258)   Post Evacuate Collection Set: 1.6ms
[2025-12-24T05:30:11.770+0000][434.774s][info][gc,phases   ] GC(258)   Other: 1.3ms
[2025-12-24T05:30:11.770+0000][434.774s][info][gc,heap     ] GC(258) Eden regions: 323->0(324)
[2025-12-24T05:30:11.770+0000][434.774s][info][gc,heap     ] GC(258) Survivor regions: 3->2(41)
[2025-12-24T05:30:11.770+0000][434.774s][info][gc,heap     ] GC(258) Old regions: 89->89
[2025-12-24T05:30:11.770+0000][434.774s][info][gc,heap     ] GC(258) Archive regions: 2->2
[2025-12-24T05:30:11.770+0000][434.774s][info][gc,heap     ] GC(258) Humongous regions: 37->37
[2025-12-24T05:30:11.770+0000][434.774s][info][gc,metaspace] GC(258) Metaspace: 98256K(99392K)->98256K(99392K) NonClass: 85368K(85888K)->85368K(85888K) Class: 12888K(13504K)->12888K(13504K)
[2025-12-24T05:30:11.770+0000][434.774s][info][gc          ] GC(258) Pause Young (Normal) (G1 Evacuation Pause) 451M->128M(544M) 10.687ms
[2025-12-24T05:30:11.770+0000][434.774s][info][gc,cpu      ] GC(258) User=0.01s Sys=0.00s Real=0.01s
[2025-12-24T05:30:12.253+0000][435.257s][info][gc,start    ] GC(259) Pause Young (Normal) (G1 Evacuation Pause)
[2025-12-24T05:30:12.253+0000][435.257s][info][gc,task     ] GC(259) Using 3 workers of 3 for evacuation
[2025-12-24T05:30:12.262+0000][435.266s][info][gc,phases   ] GC(259)   Pre Evacuate Collection Set: 0.2ms
[2025-12-24T05:30:12.263+0000][435.267s][info][gc,phases   ] GC(259)   Merge Heap Roots: 0.3ms
[2025-12-24T05:30:12.263+0000][435.267s][info][gc,phases   ] GC(259)   Evacuate Collection Set: 6.6ms
[2025-12-24T05:30:12.263+0000][435.267s][info][gc,phases   ] GC(259)   Post Evacuate Collection Set: 1.5ms
[2025-12-24T05:30:12.264+0000][435.268s][info][gc,phases   ] GC(259)   Other: 0.6ms
[2025-12-24T05:30:12.264+0000][435.268s][info][gc,heap     ] GC(259) Eden regions: 324->0(323)
[2025-12-24T05:30:12.265+0000][435.269s][info][gc,heap     ] GC(259) Survivor regions: 2->3(41)
[2025-12-24T05:30:12.265+0000][435.269s][info][gc,heap     ] GC(259) Old regions: 89->89
[2025-12-24T05:30:12.265+0000][435.269s][info][gc,heap     ] GC(259) Archive regions: 2->2
[2025-12-24T05:30:12.266+0000][435.270s][info][gc,heap     ] GC(259) Humongous regions: 37->37
[2025-12-24T05:30:12.266+0000][435.270s][info][gc,metaspace] GC(259) Metaspace: 98256K(99392K)->98256K(99392K) NonClass: 85368K(85888K)->85368K(85888K) Class: 12888K(13504K)->12888K(13504K)
[2025-12-24T05:30:12.266+0000][435.271s][info][gc          ] GC(259) Pause Young (Normal) (G1 Evacuation Pause) 452M->128M(544M) 13.427ms
[2025-12-24T05:30:12.267+0000][435.271s][info][gc,cpu      ] GC(259) User=0.01s Sys=0.00s Real=0.01s
[2025-12-24T05:30:12.810+0000][435.814s][info][gc,start    ] GC(260) Pause Young (Normal) (G1 Evacuation Pause)
[2025-12-24T05:30:12.811+0000][435.815s][info][gc,task     ] GC(260) Using 3 workers of 3 for evacuation
[2025-12-24T05:30:12.824+0000][435.828s][info][gc,phases   ] GC(260)   Pre Evacuate Collection Set: 2.5ms
[2025-12-24T05:30:12.824+0000][435.829s][info][gc,phases   ] GC(260)   Merge Heap Roots: 0.5ms
[2025-12-24T05:30:12.825+0000][435.829s][info][gc,phases   ] GC(260)   Evacuate Collection Set: 9.5ms
[2025-12-24T05:30:12.825+0000][435.829s][info][gc,phases   ] GC(260)   Post Evacuate Collection Set: 0.6ms
[2025-12-24T05:30:12.825+0000][435.829s][info][gc,phases   ] GC(260)   Other: 1.6ms
[2025-12-24T05:30:12.825+0000][435.829s][info][gc,heap     ] GC(260) Eden regions: 323->0(322)
[2025-12-24T05:30:12.825+0000][435.829s][info][gc,heap     ] GC(260) Survivor regions: 3->4(41)
[2025-12-24T05:30:12.825+0000][435.829s][info][gc,heap     ] GC(260) Old regions: 89->89
[2025-12-24T05:30:12.825+0000][435.829s][info][gc,heap     ] GC(260) Archive regions: 2->2
[2025-12-24T05:30:12.825+0000][435.829s][info][gc,heap     ] GC(260) Humongous regions: 37->37
[2025-12-24T05:30:12.826+0000][435.830s][info][gc,metaspace] GC(260) Metaspace: 98256K(99392K)->98256K(99392K) NonClass: 85368K(85888K)->85368K(85888K) Class: 12888K(13504K)->12888K(13504K)
[2025-12-24T05:30:12.826+0000][435.830s][info][gc          ] GC(260) Pause Young (Normal) (G1 Evacuation Pause) 451M->129M(544M) 16.057ms
[2025-12-24T05:30:12.826+0000][435.830s][info][gc,cpu      ] GC(260) User=0.01s Sys=0.01s Real=0.01s
[2025-12-24T05:30:13.349+0000][436.354s][info][gc,start    ] GC(261) Pause Young (Normal) (G1 Evacuation Pause)
[2025-12-24T05:30:13.350+0000][436.354s][info][gc,task     ] GC(261) Using 3 workers of 3 for evacuation
[2025-12-24T05:30:13.357+0000][436.361s][info][gc,phases   ] GC(261)   Pre Evacuate Collection Set: 3.6ms
[2025-12-24T05:30:13.357+0000][436.361s][info][gc,phases   ] GC(261)   Merge Heap Roots: 0.2ms
[2025-12-24T05:30:13.357+0000][436.361s][info][gc,phases   ] GC(261)   Evacuate Collection Set: 2.2ms
[2025-12-24T05:30:13.357+0000][436.362s][info][gc,phases   ] GC(261)   Post Evacuate Collection Set: 1.0ms
[2025-12-24T05:30:13.357+0000][436.362s][info][gc,phases   ] GC(261)   Other: 0.7ms
[2025-12-24T05:30:13.358+0000][436.362s][info][gc,heap     ] GC(261) Eden regions: 322->0(323)
[2025-12-24T05:30:13.358+0000][436.362s][info][gc,heap     ] GC(261) Survivor regions: 4->3(41)
[2025-12-24T05:30:13.358+0000][436.362s][info][gc,heap     ] GC(261) Old regions: 89->89
[2025-12-24T05:30:13.358+0000][436.362s][info][gc,heap     ] GC(261) Archive regions: 2->2
[2025-12-24T05:30:13.358+0000][436.362s][info][gc,heap     ] GC(261) Humongous regions: 37->37
[2025-12-24T05:30:13.358+0000][436.362s][info][gc,metaspace] GC(261) Metaspace: 98256K(99392K)->98256K(99392K) NonClass: 85368K(85888K)->85368K(85888K) Class: 12888K(13504K)->12888K(13504K)
[2025-12-24T05:30:13.358+0000][436.362s][info][gc          ] GC(261) Pause Young (Normal) (G1 Evacuation Pause) 451M->128M(544M) 8.732ms
[2025-12-24T05:30:13.358+0000][436.363s][info][gc,cpu      ] GC(261) User=0.00s Sys=0.00s Real=0.00s
[2025-12-24T05:30:13.913+0000][436.917s][info][gc,start    ] GC(262) Pause Young (Normal) (G1 Evacuation Pause)
[2025-12-24T05:30:13.914+0000][436.918s][info][gc,task     ] GC(262) Using 3 workers of 3 for evacuation
[2025-12-24T05:30:13.919+0000][436.923s][info][gc,phases   ] GC(262)   Pre Evacuate Collection Set: 0.2ms
[2025-12-24T05:30:13.919+0000][436.923s][info][gc,phases   ] GC(262)   Merge Heap Roots: 0.1ms
[2025-12-24T05:30:13.919+0000][436.923s][info][gc,phases   ] GC(262)   Evacuate Collection Set: 2.3ms
[2025-12-24T05:30:13.919+0000][436.923s][info][gc,phases   ] GC(262)   Post Evacuate Collection Set: 2.6ms
[2025-12-24T05:30:13.919+0000][436.923s][info][gc,phases   ] GC(262)   Other: 0.4ms
[2025-12-24T05:30:13.919+0000][436.923s][info][gc,heap     ] GC(262) Eden regions: 323->0(324)
[2025-12-24T05:30:13.919+0000][436.923s][info][gc,heap     ] GC(262) Survivor regions: 3->2(41)
[2025-12-24T05:30:13.919+0000][436.923s][info][gc,heap     ] GC(262) Old regions: 89->89
[2025-12-24T05:30:13.919+0000][436.923s][info][gc,heap     ] GC(262) Archive regions: 2->2
[2025-12-24T05:30:13.919+0000][436.924s][info][gc,heap     ] GC(262) Humongous regions: 37->37
[2025-12-24T05:30:13.919+0000][436.924s][info][gc,metaspace] GC(262) Metaspace: 98256K(99392K)->98256K(99392K) NonClass: 85368K(85888K)->85368K(85888K) Class: 12888K(13504K)->12888K(13504K)
[2025-12-24T05:30:13.920+0000][436.924s][info][gc          ] GC(262) Pause Young (Normal) (G1 Evacuation Pause) 451M->128M(544M) 6.203ms
[2025-12-24T05:30:13.920+0000][436.924s][info][gc,cpu      ] GC(262) User=0.00s Sys=0.00s Real=0.01s
[2025-12-24T05:30:14.451+0000][437.455s][info][gc,start    ] GC(263) Pause Young (Normal) (G1 Evacuation Pause)
[2025-12-24T05:30:14.451+0000][437.455s][info][gc,task     ] GC(263) Using 3 workers of 3 for evacuation
[2025-12-24T05:30:14.455+0000][437.459s][info][gc,phases   ] GC(263)   Pre Evacuate Collection Set: 0.3ms
[2025-12-24T05:30:14.455+0000][437.460s][info][gc,phases   ] GC(263)   Merge Heap Roots: 0.1ms
[2025-12-24T05:30:14.456+0000][437.460s][info][gc,phases   ] GC(263)   Evacuate Collection Set: 2.5ms
[2025-12-24T05:30:14.456+0000][437.460s][info][gc,phases   ] GC(263)   Post Evacuate Collection Set: 0.6ms
[2025-12-24T05:30:14.456+0000][437.460s][info][gc,phases   ] GC(263)   Other: 1.0ms
[2025-12-24T05:30:14.456+0000][437.460s][info][gc,heap     ] GC(263) Eden regions: 324->0(324)
[2025-12-24T05:30:14.456+0000][437.460s][info][gc,heap     ] GC(263) Survivor regions: 2->2(41)
[2025-12-24T05:30:14.456+0000][437.460s][info][gc,heap     ] GC(263) Old regions: 89->89
[2025-12-24T05:30:14.456+0000][437.460s][info][gc,heap     ] GC(263) Archive regions: 2->2
[2025-12-24T05:30:14.456+0000][437.460s][info][gc,heap     ] GC(263) Humongous regions: 37->37
[2025-12-24T05:30:14.457+0000][437.461s][info][gc,metaspace] GC(263) Metaspace: 98259K(99392K)->98259K(99392K) NonClass: 85371K(85888K)->85371K(85888K) Class: 12888K(13504K)->12888K(13504K)
[2025-12-24T05:30:14.457+0000][437.461s][info][gc          ] GC(263) Pause Young (Normal) (G1 Evacuation Pause) 452M->128M(544M) 5.940ms
[2025-12-24T05:30:14.457+0000][437.461s][info][gc,cpu      ] GC(263) User=0.00s Sys=0.01s Real=0.00s
[2025-12-24T05:30:15.150+0000][438.155s][info][gc,start    ] GC(264) Pause Young (Normal) (G1 Evacuation Pause)
[2025-12-24T05:30:15.151+0000][438.155s][info][gc,task     ] GC(264) Using 3 workers of 3 for evacuation
[2025-12-24T05:30:15.156+0000][438.160s][info][gc,phases   ] GC(264)   Pre Evacuate Collection Set: 0.2ms
[2025-12-24T05:30:15.156+0000][438.160s][info][gc,phases   ] GC(264)   Merge Heap Roots: 0.1ms
[2025-12-24T05:30:15.156+0000][438.161s][info][gc,phases   ] GC(264)   Evacuate Collection Set: 2.3ms
[2025-12-24T05:30:15.156+0000][438.161s][info][gc,phases   ] GC(264)   Post Evacuate Collection Set: 2.7ms
[2025-12-24T05:30:15.157+0000][438.161s][info][gc,phases   ] GC(264)   Other: 0.5ms
[2025-12-24T05:30:15.157+0000][438.161s][info][gc,heap     ] GC(264) Eden regions: 324->0(323)
[2025-12-24T05:30:15.157+0000][438.161s][info][gc,heap     ] GC(264) Survivor regions: 2->3(41)
[2025-12-24T05:30:15.157+0000][438.161s][info][gc,heap     ] GC(264) Old regions: 89->89
[2025-12-24T05:30:15.157+0000][438.161s][info][gc,heap     ] GC(264) Archive regions: 2->2
[2025-12-24T05:30:15.157+0000][438.161s][info][gc,heap     ] GC(264) Humongous regions: 37->37
[2025-12-24T05:30:15.157+0000][438.161s][info][gc,metaspace] GC(264) Metaspace: 98265K(99392K)->98265K(99392K) NonClass: 85377K(85888K)->85377K(85888K) Class: 12888K(13504K)->12888K(13504K)
[2025-12-24T05:30:15.157+0000][438.161s][info][gc          ] GC(264) Pause Young (Normal) (G1 Evacuation Pause) 452M->128M(544M) 6.646ms
[2025-12-24T05:30:15.157+0000][438.161s][info][gc,cpu      ] GC(264) User=0.01s Sys=0.00s Real=0.00s
[2025-12-24T05:30:15.714+0000][438.718s][info][gc,start    ] GC(265) Pause Young (Normal) (G1 Evacuation Pause)
[2025-12-24T05:30:15.714+0000][438.718s][info][gc,task     ] GC(265) Using 3 workers of 3 for evacuation
[2025-12-24T05:30:15.721+0000][438.725s][info][gc,phases   ] GC(265)   Pre Evacuate Collection Set: 0.2ms
[2025-12-24T05:30:15.721+0000][438.725s][info][gc,phases   ] GC(265)   Merge Heap Roots: 2.0ms
[2025-12-24T05:30:15.721+0000][438.725s][info][gc,phases   ] GC(265)   Evacuate Collection Set: 2.9ms
[2025-12-24T05:30:15.721+0000][438.725s][info][gc,phases   ] GC(265)   Post Evacuate Collection Set: 1.4ms
[2025-12-24T05:30:15.721+0000][438.725s][info][gc,phases   ] GC(265)   Other: 0.5ms
[2025-12-24T05:30:15.721+0000][438.725s][info][gc,heap     ] GC(265) Eden regions: 323->0(324)
[2025-12-24T05:30:15.721+0000][438.725s][info][gc,heap     ] GC(265) Survivor regions: 3->2(41)
[2025-12-24T05:30:15.721+0000][438.725s][info][gc,heap     ] GC(265) Old regions: 89->89
[2025-12-24T05:30:15.721+0000][438.725s][info][gc,heap     ] GC(265) Archive regions: 2->2
[2025-12-24T05:30:15.721+0000][438.725s][info][gc,heap     ] GC(265) Humongous regions: 37->37
[2025-12-24T05:30:15.721+0000][438.725s][info][gc,metaspace] GC(265) Metaspace: 98271K(99392K)->98271K(99392K) NonClass: 85383K(85888K)->85383K(85888K) Class: 12888K(13504K)->12888K(13504K)
[2025-12-24T05:30:15.721+0000][438.725s][info][gc          ] GC(265) Pause Young (Normal) (G1 Evacuation Pause) 451M->128M(544M) 7.309ms
[2025-12-24T05:30:15.722+0000][438.726s][info][gc,cpu      ] GC(265) User=0.00s Sys=0.00s Real=0.01s
[2025-12-24T05:30:16.233+0000][439.237s][info][gc,start    ] GC(266) Pause Young (Normal) (G1 Evacuation Pause)
[2025-12-24T05:30:16.233+0000][439.237s][info][gc,task     ] GC(266) Using 3 workers of 3 for evacuation
[2025-12-24T05:30:16.238+0000][439.242s][info][gc,phases   ] GC(266)   Pre Evacuate Collection Set: 0.6ms
[2025-12-24T05:30:16.238+0000][439.242s][info][gc,phases   ] GC(266)   Merge Heap Roots: 0.2ms
[2025-12-24T05:30:16.238+0000][439.242s][info][gc,phases   ] GC(266)   Evacuate Collection Set: 3.1ms
[2025-12-24T05:30:16.238+0000][439.243s][info][gc,phases   ] GC(266)   Post Evacuate Collection Set: 0.7ms
[2025-12-24T05:30:16.239+0000][439.243s][info][gc,phases   ] GC(266)   Other: 1.1ms
[2025-12-24T05:30:16.239+0000][439.243s][info][gc,heap     ] GC(266) Eden regions: 324->0(324)
[2025-12-24T05:30:16.239+0000][439.243s][info][gc,heap     ] GC(266) Survivor regions: 2->2(41)
[2025-12-24T05:30:16.239+0000][439.243s][info][gc,heap     ] GC(266) Old regions: 89->89
[2025-12-24T05:30:16.239+0000][439.243s][info][gc,heap     ] GC(266) Archive regions: 2->2
[2025-12-24T05:30:16.239+0000][439.243s][info][gc,heap     ] GC(266) Humongous regions: 37->37
[2025-12-24T05:30:16.239+0000][439.243s][info][gc,metaspace] GC(266) Metaspace: 98271K(99392K)->98271K(99392K) NonClass: 85383K(85888K)->85383K(85888K) Class: 12888K(13504K)->12888K(13504K)
[2025-12-24T05:30:16.239+0000][439.244s][info][gc          ] GC(266) Pause Young (Normal) (G1 Evacuation Pause) 452M->127M(544M) 6.866ms
[2025-12-24T05:30:16.240+0000][439.244s][info][gc,cpu      ] GC(266) User=0.01s Sys=0.00s Real=0.01s
[2025-12-24T05:30:16.776+0000][439.780s][info][gc,start    ] GC(267) Pause Young (Normal) (G1 Evacuation Pause)
[2025-12-24T05:30:16.776+0000][439.781s][info][gc,task     ] GC(267) Using 3 workers of 3 for evacuation
[2025-12-24T05:30:16.782+0000][439.786s][info][gc,phases   ] GC(267)   Pre Evacuate Collection Set: 0.3ms
[2025-12-24T05:30:16.782+0000][439.786s][info][gc,phases   ] GC(267)   Merge Heap Roots: 0.3ms
[2025-12-24T05:30:16.782+0000][439.786s][info][gc,phases   ] GC(267)   Evacuate Collection Set: 2.9ms
[2025-12-24T05:30:16.782+0000][439.786s][info][gc,phases   ] GC(267)   Post Evacuate Collection Set: 1.5ms
[2025-12-24T05:30:16.782+0000][439.786s][info][gc,phases   ] GC(267)   Other: 1.0ms
[2025-12-24T05:30:16.782+0000][439.786s][info][gc,heap     ] GC(267) Eden regions: 324->0(323)
[2025-12-24T05:30:16.782+0000][439.786s][info][gc,heap     ] GC(267) Survivor regions: 2->3(41)
[2025-12-24T05:30:16.782+0000][439.786s][info][gc,heap     ] GC(267) Old regions: 89->89
[2025-12-24T05:30:16.782+0000][439.786s][info][gc,heap     ] GC(267) Archive regions: 2->2
[2025-12-24T05:30:16.782+0000][439.786s][info][gc,heap     ] GC(267) Humongous regions: 37->37
[2025-12-24T05:30:16.782+0000][439.787s][info][gc,metaspace] GC(267) Metaspace: 98271K(99392K)->98271K(99392K) NonClass: 85383K(85888K)->85383K(85888K) Class: 12888K(13504K)->12888K(13504K)
[2025-12-24T05:30:16.783+0000][439.787s][info][gc          ] GC(267) Pause Young (Normal) (G1 Evacuation Pause) 451M->129M(544M) 6.871ms
[2025-12-24T05:30:16.783+0000][439.787s][info][gc,cpu      ] GC(267) User=0.01s Sys=0.00s Real=0.01s
[2025-12-24T05:30:17.338+0000][440.342s][info][gc,start    ] GC(268) Pause Young (Normal) (G1 Evacuation Pause)
[2025-12-24T05:30:17.338+0000][440.342s][info][gc,task     ] GC(268) Using 3 workers of 3 for evacuation
[2025-12-24T05:30:17.343+0000][440.347s][info][gc,phases   ] GC(268)   Pre Evacuate Collection Set: 0.5ms
[2025-12-24T05:30:17.343+0000][440.347s][info][gc,phases   ] GC(268)   Merge Heap Roots: 0.2ms
[2025-12-24T05:30:17.343+0000][440.347s][info][gc,phases   ] GC(268)   Evacuate Collection Set: 2.9ms
[2025-12-24T05:30:17.343+0000][440.347s][info][gc,phases   ] GC(268)   Post Evacuate Collection Set: 0.6ms
[2025-12-24T05:30:17.343+0000][440.347s][info][gc,phases   ] GC(268)   Other: 1.2ms
[2025-12-24T05:30:17.343+0000][440.347s][info][gc,heap     ] GC(268) Eden regions: 323->0(323)
[2025-12-24T05:30:17.343+0000][440.347s][info][gc,heap     ] GC(268) Survivor regions: 3->3(41)
[2025-12-24T05:30:17.343+0000][440.347s][info][gc,heap     ] GC(268) Old regions: 89->89
[2025-12-24T05:30:17.343+0000][440.347s][info][gc,heap     ] GC(268) Archive regions: 2->2
[2025-12-24T05:30:17.343+0000][440.347s][info][gc,heap     ] GC(268) Humongous regions: 37->37
[2025-12-24T05:30:17.343+0000][440.347s][info][gc,metaspace] GC(268) Metaspace: 98271K(99392K)->98271K(99392K) NonClass: 85383K(85888K)->85383K(85888K) Class: 12888K(13504K)->12888K(13504K)
[2025-12-24T05:30:17.343+0000][440.348s][info][gc          ] GC(268) Pause Young (Normal) (G1 Evacuation Pause) 452M->129M(544M) 5.743ms
[2025-12-24T05:30:17.344+0000][440.348s][info][gc,cpu      ] GC(268) User=0.00s Sys=0.00s Real=0.01s
[2025-12-24T05:30:17.857+0000][440.861s][info][gc,start    ] GC(269) Pause Young (Normal) (G1 Evacuation Pause)
[2025-12-24T05:30:17.857+0000][440.862s][info][gc,task     ] GC(269) Using 3 workers of 3 for evacuation
[2025-12-24T05:30:17.866+0000][440.870s][info][gc,phases   ] GC(269)   Pre Evacuate Collection Set: 0.4ms
[2025-12-24T05:30:17.866+0000][440.870s][info][gc,phases   ] GC(269)   Merge Heap Roots: 0.2ms
[2025-12-24T05:30:17.866+0000][440.870s][info][gc,phases   ] GC(269)   Evacuate Collection Set: 4.6ms
[2025-12-24T05:30:17.866+0000][440.870s][info][gc,phases   ] GC(269)   Post Evacuate Collection Set: 3.0ms
[2025-12-24T05:30:17.866+0000][440.870s][info][gc,phases   ] GC(269)   Other: 1.2ms
[2025-12-24T05:30:17.866+0000][440.871s][info][gc,heap     ] GC(269) Eden regions: 323->0(323)
[2025-12-24T05:30:17.866+0000][440.871s][info][gc,heap     ] GC(269) Survivor regions: 3->3(41)
[2025-12-24T05:30:17.867+0000][440.871s][info][gc,heap     ] GC(269) Old regions: 89->89
[2025-12-24T05:30:17.867+0000][440.871s][info][gc,heap     ] GC(269) Archive regions: 2->2
[2025-12-24T05:30:17.867+0000][440.871s][info][gc,heap     ] GC(269) Humongous regions: 37->37
[2025-12-24T05:30:17.867+0000][440.871s][info][gc,metaspace] GC(269) Metaspace: 98271K(99392K)->98271K(99392K) NonClass: 85383K(85888K)->85383K(85888K) Class: 12888K(13504K)->12888K(13504K)
[2025-12-24T05:30:17.867+0000][440.871s][info][gc          ] GC(269) Pause Young (Normal) (G1 Evacuation Pause) 452M->128M(544M) 9.939ms
[2025-12-24T05:30:17.867+0000][440.871s][info][gc,cpu      ] GC(269) User=0.01s Sys=0.00s Real=0.01s
[2025-12-24T05:30:18.452+0000][441.456s][info][gc,start    ] GC(270) Pause Young (Normal) (G1 Evacuation Pause)
[2025-12-24T05:30:18.452+0000][441.457s][info][gc,task     ] GC(270) Using 3 workers of 3 for evacuation
[2025-12-24T05:30:18.471+0000][441.475s][info][gc,phases   ] GC(270)   Pre Evacuate Collection Set: 2.1ms
[2025-12-24T05:30:18.471+0000][441.475s][info][gc,phases   ] GC(270)   Merge Heap Roots: 0.2ms
[2025-12-24T05:30:18.471+0000][441.475s][info][gc,phases   ] GC(270)   Evacuate Collection Set: 14.3ms
[2025-12-24T05:30:18.471+0000][441.475s][info][gc,phases   ] GC(270)   Post Evacuate Collection Set: 2.0ms
[2025-12-24T05:30:18.471+0000][441.476s][info][gc,phases   ] GC(270)   Other: 0.7ms
[2025-12-24T05:30:18.471+0000][441.476s][info][gc,heap     ] GC(270) Eden regions: 323->0(323)
[2025-12-24T05:30:18.472+0000][441.476s][info][gc,heap     ] GC(270) Survivor regions: 3->3(41)
[2025-12-24T05:30:18.472+0000][441.476s][info][gc,heap     ] GC(270) Old regions: 89->89
[2025-12-24T05:30:18.472+0000][441.476s][info][gc,heap     ] GC(270) Archive regions: 2->2
[2025-12-24T05:30:18.472+0000][441.476s][info][gc,heap     ] GC(270) Humongous regions: 37->37
[2025-12-24T05:30:18.472+0000][441.476s][info][gc,metaspace] GC(270) Metaspace: 98271K(99392K)->98271K(99392K) NonClass: 85383K(85888K)->85383K(85888K) Class: 12888K(13504K)->12888K(13504K)
[2025-12-24T05:30:18.472+0000][441.476s][info][gc          ] GC(270) Pause Young (Normal) (G1 Evacuation Pause) 451M->129M(544M) 19.892ms
[2025-12-24T05:30:18.472+0000][441.476s][info][gc,cpu      ] GC(270) User=0.00s Sys=0.00s Real=0.02s
[2025-12-24T05:30:19.118+0000][442.122s][info][gc,start    ] GC(271) Pause Young (Normal) (G1 Evacuation Pause)
[2025-12-24T05:30:19.118+0000][442.122s][info][gc,task     ] GC(271) Using 3 workers of 3 for evacuation
[2025-12-24T05:30:19.125+0000][442.129s][info][gc,phases   ] GC(271)   Pre Evacuate Collection Set: 1.0ms
[2025-12-24T05:30:19.127+0000][442.131s][info][gc,phases   ] GC(271)   Merge Heap Roots: 0.3ms
[2025-12-24T05:30:19.127+0000][442.131s][info][gc,phases   ] GC(271)   Evacuate Collection Set: 5.2ms
[2025-12-24T05:30:19.127+0000][442.131s][info][gc,phases   ] GC(271)   Post Evacuate Collection Set: 0.7ms
[2025-12-24T05:30:19.127+0000][442.132s][info][gc,phases   ] GC(271)   Other: 0.5ms
[2025-12-24T05:30:19.127+0000][442.132s][info][gc,heap     ] GC(271) Eden regions: 323->0(324)
[2025-12-24T05:30:19.128+0000][442.132s][info][gc,heap     ] GC(271) Survivor regions: 3->2(41)
[2025-12-24T05:30:19.128+0000][442.132s][info][gc,heap     ] GC(271) Old regions: 89->89
[2025-12-24T05:30:19.128+0000][442.132s][info][gc,heap     ] GC(271) Archive regions: 2->2
[2025-12-24T05:30:19.128+0000][442.132s][info][gc,heap     ] GC(271) Humongous regions: 37->37
[2025-12-24T05:30:19.130+0000][442.134s][info][gc,metaspace] GC(271) Metaspace: 98271K(99392K)->98271K(99392K) NonClass: 85383K(85888K)->85383K(85888K) Class: 12888K(13504K)->12888K(13504K)
[2025-12-24T05:30:19.130+0000][442.134s][info][gc          ] GC(271) Pause Young (Normal) (G1 Evacuation Pause) 452M->128M(544M) 11.866ms
[2025-12-24T05:30:19.130+0000][442.134s][info][gc,cpu      ] GC(271) User=0.01s Sys=0.00s Real=0.02s
[2025-12-24T05:30:19.710+0000][442.714s][info][gc,start    ] GC(272) Pause Young (Normal) (G1 Evacuation Pause)
[2025-12-24T05:30:19.710+0000][442.714s][info][gc,task     ] GC(272) Using 3 workers of 3 for evacuation
[2025-12-24T05:30:19.720+0000][442.724s][info][gc,phases   ] GC(272)   Pre Evacuate Collection Set: 0.6ms
[2025-12-24T05:30:19.720+0000][442.724s][info][gc,phases   ] GC(272)   Merge Heap Roots: 0.4ms
[2025-12-24T05:30:19.720+0000][442.724s][info][gc,phases   ] GC(272)   Evacuate Collection Set: 6.2ms
[2025-12-24T05:30:19.720+0000][442.724s][info][gc,phases   ] GC(272)   Post Evacuate Collection Set: 0.8ms
[2025-12-24T05:30:19.721+0000][442.725s][info][gc,phases   ] GC(272)   Other: 2.2ms
[2025-12-24T05:30:19.721+0000][442.725s][info][gc,heap     ] GC(272) Eden regions: 324->0(323)
[2025-12-24T05:30:19.721+0000][442.725s][info][gc,heap     ] GC(272) Survivor regions: 2->3(41)
[2025-12-24T05:30:19.721+0000][442.726s][info][gc,heap     ] GC(272) Old regions: 89->89
[2025-12-24T05:30:19.721+0000][442.726s][info][gc,heap     ] GC(272) Archive regions: 2->2
[2025-12-24T05:30:19.722+0000][442.726s][info][gc,heap     ] GC(272) Humongous regions: 37->37
[2025-12-24T05:30:19.722+0000][442.726s][info][gc,metaspace] GC(272) Metaspace: 98271K(99392K)->98271K(99392K) NonClass: 85383K(85888K)->85383K(85888K) Class: 12888K(13504K)->12888K(13504K)
[2025-12-24T05:30:19.722+0000][442.726s][info][gc          ] GC(272) Pause Young (Normal) (G1 Evacuation Pause) 452M->129M(544M) 12.019ms
[2025-12-24T05:30:19.724+0000][442.728s][info][gc,cpu      ] GC(272) User=0.01s Sys=0.00s Real=0.01s
[2025-12-24T05:30:20.206+0000][443.210s][info][gc,start    ] GC(273) Pause Young (Normal) (G1 Evacuation Pause)
[2025-12-24T05:30:20.207+0000][443.211s][info][gc,task     ] GC(273) Using 3 workers of 3 for evacuation
[2025-12-24T05:30:20.211+0000][443.215s][info][gc,phases   ] GC(273)   Pre Evacuate Collection Set: 0.2ms
[2025-12-24T05:30:20.212+0000][443.216s][info][gc,phases   ] GC(273)   Merge Heap Roots: 0.4ms
[2025-12-24T05:30:20.214+0000][443.218s][info][gc,phases   ] GC(273)   Evacuate Collection Set: 2.8ms
[2025-12-24T05:30:20.214+0000][443.218s][info][gc,phases   ] GC(273)   Post Evacuate Collection Set: 0.6ms
[2025-12-24T05:30:20.214+0000][443.218s][info][gc,phases   ] GC(273)   Other: 1.1ms
[2025-12-24T05:30:20.214+0000][443.218s][info][gc,heap     ] GC(273) Eden regions: 323->0(323)
[2025-12-24T05:30:20.214+0000][443.218s][info][gc,heap     ] GC(273) Survivor regions: 3->3(41)
[2025-12-24T05:30:20.214+0000][443.218s][info][gc,heap     ] GC(273) Old regions: 89->89
[2025-12-24T05:30:20.214+0000][443.218s][info][gc,heap     ] GC(273) Archive regions: 2->2
[2025-12-24T05:30:20.214+0000][443.218s][info][gc,heap     ] GC(273) Humongous regions: 37->37
[2025-12-24T05:30:20.214+0000][443.219s][info][gc,metaspace] GC(273) Metaspace: 98271K(99392K)->98271K(99392K) NonClass: 85383K(85888K)->85383K(85888K) Class: 12888K(13504K)->12888K(13504K)
[2025-12-24T05:30:20.214+0000][443.219s][info][gc          ] GC(273) Pause Young (Normal) (G1 Evacuation Pause) 452M->129M(544M) 8.506ms
[2025-12-24T05:30:20.216+0000][443.220s][info][gc,cpu      ] GC(273) User=0.00s Sys=0.00s Real=0.01s
[2025-12-24T05:30:20.750+0000][443.754s][info][gc,start    ] GC(274) Pause Young (Normal) (G1 Evacuation Pause)
[2025-12-24T05:30:20.751+0000][443.755s][info][gc,task     ] GC(274) Using 3 workers of 3 for evacuation
[2025-12-24T05:30:20.754+0000][443.758s][info][gc,phases   ] GC(274)   Pre Evacuate Collection Set: 0.8ms
[2025-12-24T05:30:20.754+0000][443.758s][info][gc,phases   ] GC(274)   Merge Heap Roots: 0.2ms
[2025-12-24T05:30:20.754+0000][443.758s][info][gc,phases   ] GC(274)   Evacuate Collection Set: 1.5ms
[2025-12-24T05:30:20.754+0000][443.759s][info][gc,phases   ] GC(274)   Post Evacuate Collection Set: 0.8ms
[2025-12-24T05:30:20.755+0000][443.759s][info][gc,phases   ] GC(274)   Other: 0.9ms
[2025-12-24T05:30:20.755+0000][443.759s][info][gc,heap     ] GC(274) Eden regions: 323->0(322)
[2025-12-24T05:30:20.755+0000][443.759s][info][gc,heap     ] GC(274) Survivor regions: 3->4(41)
[2025-12-24T05:30:20.755+0000][443.759s][info][gc,heap     ] GC(274) Old regions: 89->89
[2025-12-24T05:30:20.755+0000][443.759s][info][gc,heap     ] GC(274) Archive regions: 2->2
[2025-12-24T05:30:20.756+0000][443.760s][info][gc,heap     ] GC(274) Humongous regions: 37->37
[2025-12-24T05:30:20.756+0000][443.760s][info][gc,metaspace] GC(274) Metaspace: 98271K(99392K)->98271K(99392K) NonClass: 85383K(85888K)->85383K(85888K) Class: 12888K(13504K)->12888K(13504K)
[2025-12-24T05:30:20.756+0000][443.760s][info][gc          ] GC(274) Pause Young (Normal) (G1 Evacuation Pause) 452M->129M(544M) 6.033ms
[2025-12-24T05:30:20.756+0000][443.760s][info][gc,cpu      ] GC(274) User=0.00s Sys=0.00s Real=0.00s
[2025-12-24T05:30:21.249+0000][444.253s][info][gc,start    ] GC(275) Pause Young (Normal) (G1 Evacuation Pause)
[2025-12-24T05:30:21.249+0000][444.253s][info][gc,task     ] GC(275) Using 3 workers of 3 for evacuation
[2025-12-24T05:30:21.256+0000][444.260s][info][gc,phases   ] GC(275)   Pre Evacuate Collection Set: 0.2ms
[2025-12-24T05:30:21.256+0000][444.260s][info][gc,phases   ] GC(275)   Merge Heap Roots: 0.1ms
[2025-12-24T05:30:21.256+0000][444.260s][info][gc,phases   ] GC(275)   Evacuate Collection Set: 3.6ms
[2025-12-24T05:30:21.259+0000][444.263s][info][gc,phases   ] GC(275)   Post Evacuate Collection Set: 3.0ms
[2025-12-24T05:30:21.259+0000][444.263s][info][gc,phases   ] GC(275)   Other: 0.5ms
[2025-12-24T05:30:21.259+0000][444.263s][info][gc,heap     ] GC(275) Eden regions: 322->0(324)
[2025-12-24T05:30:21.259+0000][444.263s][info][gc,heap     ] GC(275) Survivor regions: 4->2(41)
[2025-12-24T05:30:21.259+0000][444.263s][info][gc,heap     ] GC(275) Old regions: 89->89
[2025-12-24T05:30:21.259+0000][444.263s][info][gc,heap     ] GC(275) Archive regions: 2->2
[2025-12-24T05:30:21.259+0000][444.263s][info][gc,heap     ] GC(275) Humongous regions: 37->37
[2025-12-24T05:30:21.259+0000][444.263s][info][gc,metaspace] GC(275) Metaspace: 98271K(99392K)->98271K(99392K) NonClass: 85383K(85888K)->85383K(85888K) Class: 12888K(13504K)->12888K(13504K)
[2025-12-24T05:30:21.259+0000][444.263s][info][gc          ] GC(275) Pause Young (Normal) (G1 Evacuation Pause) 451M->128M(544M) 10.482ms
[2025-12-24T05:30:21.259+0000][444.263s][info][gc,cpu      ] GC(275) User=0.01s Sys=0.00s Real=0.01s
[2025-12-24T05:30:21.750+0000][444.754s][info][gc,start    ] GC(276) Pause Young (Normal) (G1 Evacuation Pause)
[2025-12-24T05:30:21.750+0000][444.754s][info][gc,task     ] GC(276) Using 3 workers of 3 for evacuation
[2025-12-24T05:30:21.754+0000][444.758s][info][gc,phases   ] GC(276)   Pre Evacuate Collection Set: 0.2ms
[2025-12-24T05:30:21.754+0000][444.758s][info][gc,phases   ] GC(276)   Merge Heap Roots: 0.1ms
[2025-12-24T05:30:21.754+0000][444.758s][info][gc,phases   ] GC(276)   Evacuate Collection Set: 2.7ms
[2025-12-24T05:30:21.754+0000][444.758s][info][gc,phases   ] GC(276)   Post Evacuate Collection Set: 0.5ms
[2025-12-24T05:30:21.754+0000][444.758s][info][gc,phases   ] GC(276)   Other: 0.6ms
[2025-12-24T05:30:21.754+0000][444.759s][info][gc,heap     ] GC(276) Eden regions: 324->0(323)
[2025-12-24T05:30:21.755+0000][444.759s][info][gc,heap     ] GC(276) Survivor regions: 2->3(41)
[2025-12-24T05:30:21.755+0000][444.759s][info][gc,heap     ] GC(276) Old regions: 89->89
[2025-12-24T05:30:21.755+0000][444.759s][info][gc,heap     ] GC(276) Archive regions: 2->2
[2025-12-24T05:30:21.755+0000][444.759s][info][gc,heap     ] GC(276) Humongous regions: 37->37
[2025-12-24T05:30:21.755+0000][444.759s][info][gc,metaspace] GC(276) Metaspace: 98271K(99392K)->98271K(99392K) NonClass: 85383K(85888K)->85383K(85888K) Class: 12888K(13504K)->12888K(13504K)
[2025-12-24T05:30:21.755+0000][444.759s][info][gc          ] GC(276) Pause Young (Normal) (G1 Evacuation Pause) 452M->128M(544M) 5.453ms
[2025-12-24T05:30:21.755+0000][444.759s][info][gc,cpu      ] GC(276) User=0.00s Sys=0.00s Real=0.00s
[2025-12-24T05:30:22.058+0000][445.062s][info][gc,start    ] GC(277) Pause Young (Normal) (G1 Evacuation Pause)
[2025-12-24T05:30:22.059+0000][445.063s][info][gc,task     ] GC(277) Using 3 workers of 3 for evacuation
[2025-12-24T05:30:22.062+0000][445.066s][info][gc,phases   ] GC(277)   Pre Evacuate Collection Set: 0.2ms
[2025-12-24T05:30:22.063+0000][445.067s][info][gc,phases   ] GC(277)   Merge Heap Roots: 0.1ms
[2025-12-24T05:30:22.063+0000][445.067s][info][gc,phases   ] GC(277)   Evacuate Collection Set: 2.7ms
[2025-12-24T05:30:22.063+0000][445.067s][info][gc,phases   ] GC(277)   Post Evacuate Collection Set: 0.6ms
[2025-12-24T05:30:22.063+0000][445.067s][info][gc,phases   ] GC(277)   Other: 1.1ms
[2025-12-24T05:30:22.063+0000][445.067s][info][gc,heap     ] GC(277) Eden regions: 323->0(324)
[2025-12-24T05:30:22.063+0000][445.067s][info][gc,heap     ] GC(277) Survivor regions: 3->2(41)
[2025-12-24T05:30:22.063+0000][445.067s][info][gc,heap     ] GC(277) Old regions: 89->89
[2025-12-24T05:30:22.063+0000][445.067s][info][gc,heap     ] GC(277) Archive regions: 2->2
[2025-12-24T05:30:22.063+0000][445.067s][info][gc,heap     ] GC(277) Humongous regions: 37->37
[2025-12-24T05:30:22.063+0000][445.067s][info][gc,metaspace] GC(277) Metaspace: 98271K(99392K)->98271K(99392K) NonClass: 85383K(85888K)->85383K(85888K) Class: 12888K(13504K)->12888K(13504K)
[2025-12-24T05:30:22.063+0000][445.067s][info][gc          ] GC(277) Pause Young (Normal) (G1 Evacuation Pause) 451M->127M(544M) 5.397ms
[2025-12-24T05:30:22.064+0000][445.068s][info][gc,cpu      ] GC(277) User=0.00s Sys=0.00s Real=0.01s
[2025-12-24T05:30:22.650+0000][445.654s][info][gc,start    ] GC(278) Pause Young (Normal) (G1 Evacuation Pause)
[2025-12-24T05:30:22.651+0000][445.655s][info][gc,task     ] GC(278) Using 3 workers of 3 for evacuation
[2025-12-24T05:30:22.655+0000][445.659s][info][gc,phases   ] GC(278)   Pre Evacuate Collection Set: 0.2ms
[2025-12-24T05:30:22.658+0000][445.662s][info][gc,phases   ] GC(278)   Merge Heap Roots: 0.1ms
[2025-12-24T05:30:22.658+0000][445.662s][info][gc,phases   ] GC(278)   Evacuate Collection Set: 3.6ms
[2025-12-24T05:30:22.658+0000][445.662s][info][gc,phases   ] GC(278)   Post Evacuate Collection Set: 0.4ms
[2025-12-24T05:30:22.658+0000][445.662s][info][gc,phases   ] GC(278)   Other: 0.5ms
[2025-12-24T05:30:22.658+0000][445.662s][info][gc,heap     ] GC(278) Eden regions: 324->0(324)
[2025-12-24T05:30:22.658+0000][445.662s][info][gc,heap     ] GC(278) Survivor regions: 2->2(41)
[2025-12-24T05:30:22.658+0000][445.662s][info][gc,heap     ] GC(278) Old regions: 89->89
[2025-12-24T05:30:22.658+0000][445.662s][info][gc,heap     ] GC(278) Archive regions: 2->2
[2025-12-24T05:30:22.658+0000][445.662s][info][gc,heap     ] GC(278) Humongous regions: 37->37
[2025-12-24T05:30:22.658+0000][445.662s][info][gc,metaspace] GC(278) Metaspace: 98271K(99392K)->98271K(99392K) NonClass: 85383K(85888K)->85383K(85888K) Class: 12888K(13504K)->12888K(13504K)
[2025-12-24T05:30:22.658+0000][445.662s][info][gc          ] GC(278) Pause Young (Normal) (G1 Evacuation Pause) 451M->128M(544M) 7.934ms
[2025-12-24T05:30:22.658+0000][445.663s][info][gc,cpu      ] GC(278) User=0.01s Sys=0.00s Real=0.00s
[2025-12-24T05:30:23.153+0000][446.157s][info][gc,start    ] GC(279) Pause Young (Normal) (G1 Evacuation Pause)
[2025-12-24T05:30:23.157+0000][446.161s][info][gc,task     ] GC(279) Using 3 workers of 3 for evacuation
[2025-12-24T05:30:23.159+0000][446.163s][info][gc,phases   ] GC(279)   Pre Evacuate Collection Set: 0.2ms
[2025-12-24T05:30:23.159+0000][446.164s][info][gc,phases   ] GC(279)   Merge Heap Roots: 0.1ms
[2025-12-24T05:30:23.160+0000][446.164s][info][gc,phases   ] GC(279)   Evacuate Collection Set: 1.7ms
[2025-12-24T05:30:23.160+0000][446.164s][info][gc,phases   ] GC(279)   Post Evacuate Collection Set: 0.4ms
[2025-12-24T05:30:23.160+0000][446.164s][info][gc,phases   ] GC(279)   Other: 4.5ms
[2025-12-24T05:30:23.160+0000][446.164s][info][gc,heap     ] GC(279) Eden regions: 324->0(324)
[2025-12-24T05:30:23.160+0000][446.164s][info][gc,heap     ] GC(279) Survivor regions: 2->2(41)
[2025-12-24T05:30:23.160+0000][446.164s][info][gc,heap     ] GC(279) Old regions: 89->89
[2025-12-24T05:30:23.160+0000][446.164s][info][gc,heap     ] GC(279) Archive regions: 2->2
[2025-12-24T05:30:23.160+0000][446.165s][info][gc,heap     ] GC(279) Humongous regions: 37->37
[2025-12-24T05:30:23.160+0000][446.165s][info][gc,metaspace] GC(279) Metaspace: 98271K(99392K)->98271K(99392K) NonClass: 85383K(85888K)->85383K(85888K) Class: 12888K(13504K)->12888K(13504K)
[2025-12-24T05:30:23.161+0000][446.165s][info][gc          ] GC(279) Pause Young (Normal) (G1 Evacuation Pause) 452M->128M(544M) 7.637ms
[2025-12-24T05:30:23.161+0000][446.165s][info][gc,cpu      ] GC(279) User=0.01s Sys=0.00s Real=0.01s
[2025-12-24T05:30:23.677+0000][446.681s][info][gc,start    ] GC(280) Pause Young (Normal) (G1 Evacuation Pause)
[2025-12-24T05:30:23.677+0000][446.681s][info][gc,task     ] GC(280) Using 3 workers of 3 for evacuation
[2025-12-24T05:30:23.680+0000][446.684s][info][gc,phases   ] GC(280)   Pre Evacuate Collection Set: 0.3ms
[2025-12-24T05:30:23.680+0000][446.684s][info][gc,phases   ] GC(280)   Merge Heap Roots: 0.1ms
[2025-12-24T05:30:23.680+0000][446.684s][info][gc,phases   ] GC(280)   Evacuate Collection Set: 1.7ms
[2025-12-24T05:30:23.682+0000][446.686s][info][gc,phases   ] GC(280)   Post Evacuate Collection Set: 0.5ms
[2025-12-24T05:30:23.682+0000][446.686s][info][gc,phases   ] GC(280)   Other: 0.6ms
[2025-12-24T05:30:23.682+0000][446.686s][info][gc,heap     ] GC(280) Eden regions: 324->0(323)
[2025-12-24T05:30:23.682+0000][446.686s][info][gc,heap     ] GC(280) Survivor regions: 2->3(41)
[2025-12-24T05:30:23.683+0000][446.687s][info][gc,heap     ] GC(280) Old regions: 89->89
[2025-12-24T05:30:23.683+0000][446.687s][info][gc,heap     ] GC(280) Archive regions: 2->2
[2025-12-24T05:30:23.683+0000][446.687s][info][gc,heap     ] GC(280) Humongous regions: 37->37
[2025-12-24T05:30:23.683+0000][446.687s][info][gc,metaspace] GC(280) Metaspace: 98271K(99392K)->98271K(99392K) NonClass: 85383K(85888K)->85383K(85888K) Class: 12888K(13504K)->12888K(13504K)
[2025-12-24T05:30:23.683+0000][446.687s][info][gc          ] GC(280) Pause Young (Normal) (G1 Evacuation Pause) 452M->128M(544M) 6.361ms
[2025-12-24T05:30:23.683+0000][446.687s][info][gc,cpu      ] GC(280) User=0.00s Sys=0.00s Real=0.01s
[2025-12-24T05:30:24.194+0000][447.198s][info][gc,start    ] GC(281) Pause Young (Normal) (G1 Evacuation Pause)
[2025-12-24T05:30:24.194+0000][447.198s][info][gc,task     ] GC(281) Using 3 workers of 3 for evacuation
[2025-12-24T05:30:24.198+0000][447.202s][info][gc,phases   ] GC(281)   Pre Evacuate Collection Set: 0.2ms
[2025-12-24T05:30:24.198+0000][447.202s][info][gc,phases   ] GC(281)   Merge Heap Roots: 0.4ms
[2025-12-24T05:30:24.198+0000][447.203s][info][gc,phases   ] GC(281)   Evacuate Collection Set: 2.4ms
[2025-12-24T05:30:24.199+0000][447.203s][info][gc,phases   ] GC(281)   Post Evacuate Collection Set: 1.1ms
[2025-12-24T05:30:24.199+0000][447.203s][info][gc,phases   ] GC(281)   Other: 0.6ms
[2025-12-24T05:30:24.199+0000][447.203s][info][gc,heap     ] GC(281) Eden regions: 323->0(323)
[2025-12-24T05:30:24.199+0000][447.203s][info][gc,heap     ] GC(281) Survivor regions: 3->3(41)
[2025-12-24T05:30:24.199+0000][447.203s][info][gc,heap     ] GC(281) Old regions: 89->89
[2025-12-24T05:30:24.200+0000][447.204s][info][gc,heap     ] GC(281) Archive regions: 2->2
[2025-12-24T05:30:24.200+0000][447.204s][info][gc,heap     ] GC(281) Humongous regions: 37->37
[2025-12-24T05:30:24.200+0000][447.204s][info][gc,metaspace] GC(281) Metaspace: 98272K(99392K)->98272K(99392K) NonClass: 85383K(85888K)->85383K(85888K) Class: 12888K(13504K)->12888K(13504K)
[2025-12-24T05:30:24.200+0000][447.205s][info][gc          ] GC(281) Pause Young (Normal) (G1 Evacuation Pause) 451M->128M(544M) 6.915ms
[2025-12-24T05:30:24.201+0000][447.205s][info][gc,cpu      ] GC(281) User=0.00s Sys=0.00s Real=0.01s
[2025-12-24T05:30:24.762+0000][447.766s][info][gc,start    ] GC(282) Pause Young (Normal) (G1 Evacuation Pause)
[2025-12-24T05:30:24.762+0000][447.766s][info][gc,task     ] GC(282) Using 3 workers of 3 for evacuation
[2025-12-24T05:30:24.767+0000][447.771s][info][gc,phases   ] GC(282)   Pre Evacuate Collection Set: 0.3ms
[2025-12-24T05:30:24.768+0000][447.772s][info][gc,phases   ] GC(282)   Merge Heap Roots: 0.2ms
[2025-12-24T05:30:24.768+0000][447.772s][info][gc,phases   ] GC(282)   Evacuate Collection Set: 3.4ms
[2025-12-24T05:30:24.768+0000][447.772s][info][gc,phases   ] GC(282)   Post Evacuate Collection Set: 1.0ms
[2025-12-24T05:30:24.768+0000][447.772s][info][gc,phases   ] GC(282)   Other: 0.8ms
[2025-12-24T05:30:24.768+0000][447.772s][info][gc,heap     ] GC(282) Eden regions: 323->0(323)
[2025-12-24T05:30:24.768+0000][447.772s][info][gc,heap     ] GC(282) Survivor regions: 3->3(41)
[2025-12-24T05:30:24.768+0000][447.772s][info][gc,heap     ] GC(282) Old regions: 89->89
[2025-12-24T05:30:24.768+0000][447.773s][info][gc,heap     ] GC(282) Archive regions: 2->2
[2025-12-24T05:30:24.769+0000][447.773s][info][gc,heap     ] GC(282) Humongous regions: 37->37
[2025-12-24T05:30:24.769+0000][447.773s][info][gc,metaspace] GC(282) Metaspace: 98272K(99392K)->98272K(99392K) NonClass: 85383K(85888K)->85383K(85888K) Class: 12888K(13504K)->12888K(13504K)
[2025-12-24T05:30:24.769+0000][447.773s][info][gc          ] GC(282) Pause Young (Normal) (G1 Evacuation Pause) 451M->128M(544M) 7.072ms
[2025-12-24T05:30:24.769+0000][447.773s][info][gc,cpu      ] GC(282) User=0.01s Sys=0.00s Real=0.01s
[2025-12-24T05:30:25.858+0000][448.863s][info][gc,start    ] GC(283) Pause Young (Normal) (G1 Evacuation Pause)
[2025-12-24T05:30:25.859+0000][448.863s][info][gc,task     ] GC(283) Using 3 workers of 3 for evacuation
[2025-12-24T05:30:25.861+0000][448.865s][info][gc,phases   ] GC(283)   Pre Evacuate Collection Set: 0.2ms
[2025-12-24T05:30:25.861+0000][448.865s][info][gc,phases   ] GC(283)   Merge Heap Roots: 0.1ms
[2025-12-24T05:30:25.861+0000][448.865s][info][gc,phases   ] GC(283)   Evacuate Collection Set: 1.3ms
[2025-12-24T05:30:25.861+0000][448.865s][info][gc,phases   ] GC(283)   Post Evacuate Collection Set: 0.4ms
[2025-12-24T05:30:25.861+0000][448.865s][info][gc,phases   ] GC(283)   Other: 0.5ms
[2025-12-24T05:30:25.861+0000][448.865s][info][gc,heap     ] GC(283) Eden regions: 323->0(324)
[2025-12-24T05:30:25.861+0000][448.865s][info][gc,heap     ] GC(283) Survivor regions: 3->2(41)
[2025-12-24T05:30:25.861+0000][448.865s][info][gc,heap     ] GC(283) Old regions: 89->89
[2025-12-24T05:30:25.861+0000][448.865s][info][gc,heap     ] GC(283) Archive regions: 2->2
[2025-12-24T05:30:25.861+0000][448.865s][info][gc,heap     ] GC(283) Humongous regions: 37->37
[2025-12-24T05:30:25.861+0000][448.866s][info][gc,metaspace] GC(283) Metaspace: 98272K(99392K)->98272K(99392K) NonClass: 85383K(85888K)->85383K(85888K) Class: 12888K(13504K)->12888K(13504K)
[2025-12-24T05:30:25.861+0000][448.866s][info][gc          ] GC(283) Pause Young (Normal) (G1 Evacuation Pause) 451M->128M(544M) 3.061ms
[2025-12-24T05:30:25.862+0000][448.866s][info][gc,cpu      ] GC(283) User=0.01s Sys=0.00s Real=0.01s
[2025-12-24T05:30:30.203+0000][453.207s][info][gc,start    ] GC(284) Pause Young (Normal) (G1 Evacuation Pause)
[2025-12-24T05:30:30.204+0000][453.208s][info][gc,task     ] GC(284) Using 3 workers of 3 for evacuation
[2025-12-24T05:30:30.206+0000][453.210s][info][gc,phases   ] GC(284)   Pre Evacuate Collection Set: 0.1ms
[2025-12-24T05:30:30.206+0000][453.210s][info][gc,phases   ] GC(284)   Merge Heap Roots: 0.1ms
[2025-12-24T05:30:30.206+0000][453.210s][info][gc,phases   ] GC(284)   Evacuate Collection Set: 1.3ms
[2025-12-24T05:30:30.206+0000][453.210s][info][gc,phases   ] GC(284)   Post Evacuate Collection Set: 0.5ms
[2025-12-24T05:30:30.206+0000][453.210s][info][gc,phases   ] GC(284)   Other: 1.2ms
[2025-12-24T05:30:30.206+0000][453.210s][info][gc,heap     ] GC(284) Eden regions: 324->0(324)
[2025-12-24T05:30:30.206+0000][453.210s][info][gc,heap     ] GC(284) Survivor regions: 2->2(41)
[2025-12-24T05:30:30.206+0000][453.210s][info][gc,heap     ] GC(284) Old regions: 89->89
[2025-12-24T05:30:30.207+0000][453.211s][info][gc,heap     ] GC(284) Archive regions: 2->2
[2025-12-24T05:30:30.207+0000][453.211s][info][gc,heap     ] GC(284) Humongous regions: 37->37
[2025-12-24T05:30:30.207+0000][453.211s][info][gc,metaspace] GC(284) Metaspace: 98272K(99392K)->98272K(99392K) NonClass: 85383K(85888K)->85383K(85888K) Class: 12888K(13504K)->12888K(13504K)
[2025-12-24T05:30:30.207+0000][453.211s][info][gc          ] GC(284) Pause Young (Normal) (G1 Evacuation Pause) 452M->127M(544M) 3.870ms
[2025-12-24T05:30:30.207+0000][453.211s][info][gc,cpu      ] GC(284) User=0.01s Sys=0.00s Real=0.00s
[2025-12-24T05:30:34.486+0000][457.490s][info][gc,start    ] GC(285) Pause Young (Normal) (G1 Evacuation Pause)
[2025-12-24T05:30:34.486+0000][457.490s][info][gc,task     ] GC(285) Using 3 workers of 3 for evacuation
[2025-12-24T05:30:34.488+0000][457.492s][info][gc,phases   ] GC(285)   Pre Evacuate Collection Set: 0.1ms
[2025-12-24T05:30:34.488+0000][457.493s][info][gc,phases   ] GC(285)   Merge Heap Roots: 0.1ms
[2025-12-24T05:30:34.489+0000][457.493s][info][gc,phases   ] GC(285)   Evacuate Collection Set: 1.2ms
[2025-12-24T05:30:34.489+0000][457.493s][info][gc,phases   ] GC(285)   Post Evacuate Collection Set: 0.5ms
[2025-12-24T05:30:34.489+0000][457.493s][info][gc,phases   ] GC(285)   Other: 0.5ms
[2025-12-24T05:30:34.489+0000][457.493s][info][gc,heap     ] GC(285) Eden regions: 324->0(324)
[2025-12-24T05:30:34.489+0000][457.493s][info][gc,heap     ] GC(285) Survivor regions: 2->2(41)
[2025-12-24T05:30:34.489+0000][457.493s][info][gc,heap     ] GC(285) Old regions: 89->89
[2025-12-24T05:30:34.489+0000][457.493s][info][gc,heap     ] GC(285) Archive regions: 2->2
[2025-12-24T05:30:34.489+0000][457.493s][info][gc,heap     ] GC(285) Humongous regions: 37->37
[2025-12-24T05:30:34.489+0000][457.494s][info][gc,metaspace] GC(285) Metaspace: 98407K(99520K)->98407K(99520K) NonClass: 85519K(86016K)->85519K(86016K) Class: 12888K(13504K)->12888K(13504K)
[2025-12-24T05:30:34.490+0000][457.494s][info][gc          ] GC(285) Pause Young (Normal) (G1 Evacuation Pause) 451M->127M(544M) 3.443ms
[2025-12-24T05:30:34.490+0000][457.494s][info][gc,cpu      ] GC(285) User=0.00s Sys=0.01s Real=0.01s
[2025-12-24T05:30:37.335+0000][460.339s][info][gc,start    ] GC(286) Pause Young (Normal) (G1 Evacuation Pause)
[2025-12-24T05:30:37.336+0000][460.340s][info][gc,task     ] GC(286) Using 3 workers of 3 for evacuation
[2025-12-24T05:30:37.339+0000][460.343s][info][gc,phases   ] GC(286)   Pre Evacuate Collection Set: 0.1ms
[2025-12-24T05:30:37.339+0000][460.343s][info][gc,phases   ] GC(286)   Merge Heap Roots: 0.1ms
[2025-12-24T05:30:37.339+0000][460.343s][info][gc,phases   ] GC(286)   Evacuate Collection Set: 1.9ms
[2025-12-24T05:30:37.339+0000][460.343s][info][gc,phases   ] GC(286)   Post Evacuate Collection Set: 0.6ms
[2025-12-24T05:30:37.339+0000][460.343s][info][gc,phases   ] GC(286)   Other: 1.3ms
[2025-12-24T05:30:37.339+0000][460.344s][info][gc,heap     ] GC(286) Eden regions: 324->0(324)
[2025-12-24T05:30:37.339+0000][460.344s][info][gc,heap     ] GC(286) Survivor regions: 2->2(41)
[2025-12-24T05:30:37.340+0000][460.344s][info][gc,heap     ] GC(286) Old regions: 89->89
[2025-12-24T05:30:37.340+0000][460.344s][info][gc,heap     ] GC(286) Archive regions: 2->2
[2025-12-24T05:30:37.340+0000][460.344s][info][gc,heap     ] GC(286) Humongous regions: 37->37
[2025-12-24T05:30:37.340+0000][460.344s][info][gc,metaspace] GC(286) Metaspace: 98407K(99520K)->98407K(99520K) NonClass: 85519K(86016K)->85519K(86016K) Class: 12888K(13504K)->12888K(13504K)
[2025-12-24T05:30:37.340+0000][460.344s][info][gc          ] GC(286) Pause Young (Normal) (G1 Evacuation Pause) 451M->127M(544M) 5.050ms
[2025-12-24T05:30:37.340+0000][460.344s][info][gc,cpu      ] GC(286) User=0.01s Sys=0.00s Real=0.01s
[2025-12-24T05:30:41.679+0000][464.683s][info][gc,start    ] GC(287) Pause Young (Normal) (G1 Evacuation Pause)
[2025-12-24T05:30:41.679+0000][464.683s][info][gc,task     ] GC(287) Using 3 workers of 3 for evacuation
[2025-12-24T05:30:41.681+0000][464.685s][info][gc,phases   ] GC(287)   Pre Evacuate Collection Set: 0.1ms
[2025-12-24T05:30:41.681+0000][464.685s][info][gc,phases   ] GC(287)   Merge Heap Roots: 0.1ms
[2025-12-24T05:30:41.681+0000][464.686s][info][gc,phases   ] GC(287)   Evacuate Collection Set: 1.4ms
[2025-12-24T05:30:41.682+0000][464.686s][info][gc,phases   ] GC(287)   Post Evacuate Collection Set: 0.4ms
[2025-12-24T05:30:41.682+0000][464.686s][info][gc,phases   ] GC(287)   Other: 0.5ms
[2025-12-24T05:30:41.682+0000][464.686s][info][gc,heap     ] GC(287) Eden regions: 324->0(325)
[2025-12-24T05:30:41.682+0000][464.686s][info][gc,heap     ] GC(287) Survivor regions: 2->1(41)
[2025-12-24T05:30:41.682+0000][464.686s][info][gc,heap     ] GC(287) Old regions: 89->89
[2025-12-24T05:30:41.682+0000][464.686s][info][gc,heap     ] GC(287) Archive regions: 2->2
[2025-12-24T05:30:41.682+0000][464.686s][info][gc,heap     ] GC(287) Humongous regions: 37->37
[2025-12-24T05:30:41.682+0000][464.686s][info][gc,metaspace] GC(287) Metaspace: 98416K(99584K)->98416K(99584K) NonClass: 85528K(86080K)->85528K(86080K) Class: 12888K(13504K)->12888K(13504K)
[2025-12-24T05:30:41.682+0000][464.686s][info][gc          ] GC(287) Pause Young (Normal) (G1 Evacuation Pause) 451M->127M(544M) 3.462ms
[2025-12-24T05:30:41.682+0000][464.686s][info][gc,cpu      ] GC(287) User=0.01s Sys=0.00s Real=0.00s
[2025-12-24T05:30:45.952+0000][468.956s][info][gc,start    ] GC(288) Pause Young (Normal) (G1 Evacuation Pause)
[2025-12-24T05:30:45.952+0000][468.956s][info][gc,task     ] GC(288) Using 3 workers of 3 for evacuation
[2025-12-24T05:30:45.955+0000][468.959s][info][gc,phases   ] GC(288)   Pre Evacuate Collection Set: 0.1ms
[2025-12-24T05:30:45.955+0000][468.959s][info][gc,phases   ] GC(288)   Merge Heap Roots: 0.1ms
[2025-12-24T05:30:45.955+0000][468.959s][info][gc,phases   ] GC(288)   Evacuate Collection Set: 1.4ms
[2025-12-24T05:30:45.955+0000][468.959s][info][gc,phases   ] GC(288)   Post Evacuate Collection Set: 0.5ms
[2025-12-24T05:30:45.955+0000][468.959s][info][gc,phases   ] GC(288)   Other: 0.5ms
[2025-12-24T05:30:45.955+0000][468.959s][info][gc,heap     ] GC(288) Eden regions: 325->0(324)
[2025-12-24T05:30:45.955+0000][468.959s][info][gc,heap     ] GC(288) Survivor regions: 1->2(41)
[2025-12-24T05:30:45.955+0000][468.959s][info][gc,heap     ] GC(288) Old regions: 89->89
[2025-12-24T05:30:45.955+0000][468.959s][info][gc,heap     ] GC(288) Archive regions: 2->2
[2025-12-24T05:30:45.955+0000][468.959s][info][gc,heap     ] GC(288) Humongous regions: 37->37
[2025-12-24T05:30:45.955+0000][468.959s][info][gc,metaspace] GC(288) Metaspace: 98422K(99584K)->98422K(99584K) NonClass: 85534K(86080K)->85534K(86080K) Class: 12888K(13504K)->12888K(13504K)
[2025-12-24T05:30:45.955+0000][468.959s][info][gc          ] GC(288) Pause Young (Normal) (G1 Evacuation Pause) 452M->127M(544M) 3.164ms
[2025-12-24T05:30:45.955+0000][468.960s][info][gc,cpu      ] GC(288) User=0.01s Sys=0.00s Real=0.00s
[2025-12-24T05:30:50.240+0000][473.244s][info][gc,start    ] GC(289) Pause Young (Normal) (G1 Evacuation Pause)
[2025-12-24T05:30:50.240+0000][473.244s][info][gc,task     ] GC(289) Using 3 workers of 3 for evacuation
[2025-12-24T05:30:50.243+0000][473.248s][info][gc,phases   ] GC(289)   Pre Evacuate Collection Set: 0.1ms
[2025-12-24T05:30:50.244+0000][473.248s][info][gc,phases   ] GC(289)   Merge Heap Roots: 0.1ms
[2025-12-24T05:30:50.244+0000][473.248s][info][gc,phases   ] GC(289)   Evacuate Collection Set: 2.1ms
[2025-12-24T05:30:50.244+0000][473.248s][info][gc,phases   ] GC(289)   Post Evacuate Collection Set: 0.7ms
[2025-12-24T05:30:50.244+0000][473.248s][info][gc,phases   ] GC(289)   Other: 1.3ms
[2025-12-24T05:30:50.244+0000][473.248s][info][gc,heap     ] GC(289) Eden regions: 324->0(325)
[2025-12-24T05:30:50.244+0000][473.248s][info][gc,heap     ] GC(289) Survivor regions: 2->1(41)
[2025-12-24T05:30:50.244+0000][473.248s][info][gc,heap     ] GC(289) Old regions: 89->89
[2025-12-24T05:30:50.244+0000][473.248s][info][gc,heap     ] GC(289) Archive regions: 2->2
[2025-12-24T05:30:50.244+0000][473.248s][info][gc,heap     ] GC(289) Humongous regions: 37->37
[2025-12-24T05:30:50.244+0000][473.249s][info][gc,metaspace] GC(289) Metaspace: 98422K(99584K)->98422K(99584K) NonClass: 85534K(86080K)->85534K(86080K) Class: 12888K(13504K)->12888K(13504K)
[2025-12-24T05:30:50.245+0000][473.249s][info][gc          ] GC(289) Pause Young (Normal) (G1 Evacuation Pause) 451M->127M(544M) 4.872ms
[2025-12-24T05:30:50.245+0000][473.249s][info][gc,cpu      ] GC(289) User=0.01s Sys=0.00s Real=0.00s
[2025-12-24T05:30:53.129+0000][476.134s][info][gc,start    ] GC(290) Pause Young (Normal) (G1 Evacuation Pause)
[2025-12-24T05:30:53.130+0000][476.134s][info][gc,task     ] GC(290) Using 3 workers of 3 for evacuation
[2025-12-24T05:30:53.132+0000][476.136s][info][gc,phases   ] GC(290)   Pre Evacuate Collection Set: 0.1ms
[2025-12-24T05:30:53.132+0000][476.136s][info][gc,phases   ] GC(290)   Merge Heap Roots: 0.1ms
[2025-12-24T05:30:53.132+0000][476.136s][info][gc,phases   ] GC(290)   Evacuate Collection Set: 1.3ms
[2025-12-24T05:30:53.132+0000][476.136s][info][gc,phases   ] GC(290)   Post Evacuate Collection Set: 0.5ms
[2025-12-24T05:30:53.132+0000][476.136s][info][gc,phases   ] GC(290)   Other: 0.5ms
[2025-12-24T05:30:53.132+0000][476.136s][info][gc,heap     ] GC(290) Eden regions: 325->0(324)
[2025-12-24T05:30:53.132+0000][476.136s][info][gc,heap     ] GC(290) Survivor regions: 1->2(41)
[2025-12-24T05:30:53.132+0000][476.137s][info][gc,heap     ] GC(290) Old regions: 89->89
[2025-12-24T05:30:53.133+0000][476.137s][info][gc,heap     ] GC(290) Archive regions: 2->2
[2025-12-24T05:30:53.133+0000][476.137s][info][gc,heap     ] GC(290) Humongous regions: 37->37
[2025-12-24T05:30:53.133+0000][476.137s][info][gc,metaspace] GC(290) Metaspace: 98423K(99584K)->98423K(99584K) NonClass: 85535K(86080K)->85535K(86080K) Class: 12888K(13504K)->12888K(13504K)
[2025-12-24T05:30:53.133+0000][476.137s][info][gc          ] GC(290) Pause Young (Normal) (G1 Evacuation Pause) 452M->127M(544M) 3.358ms
[2025-12-24T05:30:53.133+0000][476.137s][info][gc,cpu      ] GC(290) User=0.01s Sys=0.00s Real=0.00s
[2025-12-24T05:30:57.429+0000][480.433s][info][gc,start    ] GC(291) Pause Young (Normal) (G1 Evacuation Pause)
[2025-12-24T05:30:57.430+0000][480.434s][info][gc,task     ] GC(291) Using 3 workers of 3 for evacuation
[2025-12-24T05:30:57.432+0000][480.436s][info][gc,phases   ] GC(291)   Pre Evacuate Collection Set: 0.1ms
[2025-12-24T05:30:57.432+0000][480.436s][info][gc,phases   ] GC(291)   Merge Heap Roots: 0.1ms
[2025-12-24T05:30:57.432+0000][480.436s][info][gc,phases   ] GC(291)   Evacuate Collection Set: 1.3ms
[2025-12-24T05:30:57.432+0000][480.436s][info][gc,phases   ] GC(291)   Post Evacuate Collection Set: 0.5ms
[2025-12-24T05:30:57.432+0000][480.437s][info][gc,phases   ] GC(291)   Other: 0.7ms
[2025-12-24T05:30:57.433+0000][480.437s][info][gc,heap     ] GC(291) Eden regions: 324->0(324)
[2025-12-24T05:30:57.433+0000][480.437s][info][gc,heap     ] GC(291) Survivor regions: 2->2(41)
[2025-12-24T05:30:57.433+0000][480.437s][info][gc,heap     ] GC(291) Old regions: 89->89
[2025-12-24T05:30:57.433+0000][480.437s][info][gc,heap     ] GC(291) Archive regions: 2->2
[2025-12-24T05:30:57.433+0000][480.437s][info][gc,heap     ] GC(291) Humongous regions: 37->37
[2025-12-24T05:30:57.433+0000][480.437s][info][gc,metaspace] GC(291) Metaspace: 98423K(99584K)->98423K(99584K) NonClass: 85535K(86080K)->85535K(86080K) Class: 12888K(13504K)->12888K(13504K)
[2025-12-24T05:30:57.433+0000][480.437s][info][gc          ] GC(291) Pause Young (Normal) (G1 Evacuation Pause) 451M->127M(544M) 3.805ms
[2025-12-24T05:30:57.433+0000][480.437s][info][gc,cpu      ] GC(291) User=0.00s Sys=0.00s Real=0.00s
[2025-12-24T05:31:01.618+0000][484.622s][info][gc,start    ] GC(292) Pause Young (Normal) (G1 Evacuation Pause)
[2025-12-24T05:31:01.618+0000][484.622s][info][gc,task     ] GC(292) Using 3 workers of 3 for evacuation
[2025-12-24T05:31:01.621+0000][484.625s][info][gc,phases   ] GC(292)   Pre Evacuate Collection Set: 0.1ms
[2025-12-24T05:31:01.621+0000][484.625s][info][gc,phases   ] GC(292)   Merge Heap Roots: 0.1ms
[2025-12-24T05:31:01.621+0000][484.625s][info][gc,phases   ] GC(292)   Evacuate Collection Set: 1.5ms
[2025-12-24T05:31:01.621+0000][484.625s][info][gc,phases   ] GC(292)   Post Evacuate Collection Set: 0.5ms
[2025-12-24T05:31:01.621+0000][484.625s][info][gc,phases   ] GC(292)   Other: 0.7ms
[2025-12-24T05:31:01.621+0000][484.625s][info][gc,heap     ] GC(292) Eden regions: 324->0(324)
[2025-12-24T05:31:01.621+0000][484.625s][info][gc,heap     ] GC(292) Survivor regions: 2->2(41)
[2025-12-24T05:31:01.621+0000][484.625s][info][gc,heap     ] GC(292) Old regions: 89->89
[2025-12-24T05:31:01.621+0000][484.625s][info][gc,heap     ] GC(292) Archive regions: 2->2
[2025-12-24T05:31:01.621+0000][484.626s][info][gc,heap     ] GC(292) Humongous regions: 37->37
[2025-12-24T05:31:01.622+0000][484.626s][info][gc,metaspace] GC(292) Metaspace: 98426K(99584K)->98426K(99584K) NonClass: 85538K(86080K)->85538K(86080K) Class: 12888K(13504K)->12888K(13504K)
[2025-12-24T05:31:01.622+0000][484.626s][info][gc          ] GC(292) Pause Young (Normal) (G1 Evacuation Pause) 451M->128M(544M) 3.862ms
[2025-12-24T05:31:01.622+0000][484.626s][info][gc,cpu      ] GC(292) User=0.00s Sys=0.00s Real=0.01s
[2025-12-24T05:31:05.901+0000][488.905s][info][gc,start    ] GC(293) Pause Young (Normal) (G1 Evacuation Pause)
[2025-12-24T05:31:05.901+0000][488.905s][info][gc,task     ] GC(293) Using 3 workers of 3 for evacuation
[2025-12-24T05:31:05.903+0000][488.907s][info][gc,phases   ] GC(293)   Pre Evacuate Collection Set: 0.1ms
[2025-12-24T05:31:05.903+0000][488.907s][info][gc,phases   ] GC(293)   Merge Heap Roots: 0.1ms
[2025-12-24T05:31:05.903+0000][488.907s][info][gc,phases   ] GC(293)   Evacuate Collection Set: 1.3ms
[2025-12-24T05:31:05.903+0000][488.907s][info][gc,phases   ] GC(293)   Post Evacuate Collection Set: 0.4ms
[2025-12-24T05:31:05.903+0000][488.907s][info][gc,phases   ] GC(293)   Other: 0.5ms
[2025-12-24T05:31:05.903+0000][488.907s][info][gc,heap     ] GC(293) Eden regions: 324->0(324)
[2025-12-24T05:31:05.903+0000][488.907s][info][gc,heap     ] GC(293) Survivor regions: 2->2(41)
[2025-12-24T05:31:05.903+0000][488.907s][info][gc,heap     ] GC(293) Old regions: 89->89
[2025-12-24T05:31:05.903+0000][488.907s][info][gc,heap     ] GC(293) Archive regions: 2->2
[2025-12-24T05:31:05.903+0000][488.907s][info][gc,heap     ] GC(293) Humongous regions: 37->37
[2025-12-24T05:31:05.903+0000][488.908s][info][gc,metaspace] GC(293) Metaspace: 98426K(99584K)->98426K(99584K) NonClass: 85538K(86080K)->85538K(86080K) Class: 12888K(13504K)->12888K(13504K)
[2025-12-24T05:31:05.903+0000][488.908s][info][gc          ] GC(293) Pause Young (Normal) (G1 Evacuation Pause) 452M->128M(544M) 2.902ms
[2025-12-24T05:31:05.904+0000][488.908s][info][gc,cpu      ] GC(293) User=0.00s Sys=0.00s Real=0.00s
[2025-12-24T05:31:08.680+0000][491.684s][info][gc,start    ] GC(294) Pause Young (Normal) (G1 Evacuation Pause)
[2025-12-24T05:31:08.680+0000][491.684s][info][gc,task     ] GC(294) Using 3 workers of 3 for evacuation
[2025-12-24T05:31:08.682+0000][491.686s][info][gc,phases   ] GC(294)   Pre Evacuate Collection Set: 0.1ms
[2025-12-24T05:31:08.682+0000][491.686s][info][gc,phases   ] GC(294)   Merge Heap Roots: 0.1ms
[2025-12-24T05:31:08.682+0000][491.686s][info][gc,phases   ] GC(294)   Evacuate Collection Set: 1.1ms
[2025-12-24T05:31:08.682+0000][491.686s][info][gc,phases   ] GC(294)   Post Evacuate Collection Set: 0.4ms
[2025-12-24T05:31:08.682+0000][491.686s][info][gc,phases   ] GC(294)   Other: 0.5ms
[2025-12-24T05:31:08.682+0000][491.686s][info][gc,heap     ] GC(294) Eden regions: 324->0(324)
[2025-12-24T05:31:08.682+0000][491.686s][info][gc,heap     ] GC(294) Survivor regions: 2->2(41)
[2025-12-24T05:31:08.682+0000][491.686s][info][gc,heap     ] GC(294) Old regions: 89->89
[2025-12-24T05:31:08.682+0000][491.686s][info][gc,heap     ] GC(294) Archive regions: 2->2
[2025-12-24T05:31:08.682+0000][491.687s][info][gc,heap     ] GC(294) Humongous regions: 37->37
[2025-12-24T05:31:08.683+0000][491.687s][info][gc,metaspace] GC(294) Metaspace: 98427K(99584K)->98427K(99584K) NonClass: 85538K(86080K)->85538K(86080K) Class: 12888K(13504K)->12888K(13504K)
[2025-12-24T05:31:08.683+0000][491.687s][info][gc          ] GC(294) Pause Young (Normal) (G1 Evacuation Pause) 452M->128M(544M) 3.103ms
[2025-12-24T05:31:08.683+0000][491.687s][info][gc,cpu      ] GC(294) User=0.00s Sys=0.00s Real=0.00s
[2025-12-24T05:31:12.898+0000][495.902s][info][gc,start    ] GC(295) Pause Young (Normal) (G1 Evacuation Pause)
[2025-12-24T05:31:12.899+0000][495.903s][info][gc,task     ] GC(295) Using 3 workers of 3 for evacuation
[2025-12-24T05:31:12.901+0000][495.905s][info][gc,phases   ] GC(295)   Pre Evacuate Collection Set: 0.1ms
[2025-12-24T05:31:12.901+0000][495.905s][info][gc,phases   ] GC(295)   Merge Heap Roots: 0.1ms
[2025-12-24T05:31:12.901+0000][495.905s][info][gc,phases   ] GC(295)   Evacuate Collection Set: 1.6ms
[2025-12-24T05:31:12.901+0000][495.906s][info][gc,phases   ] GC(295)   Post Evacuate Collection Set: 0.5ms
[2025-12-24T05:31:12.902+0000][495.906s][info][gc,phases   ] GC(295)   Other: 0.8ms
[2025-12-24T05:31:12.902+0000][495.906s][info][gc,heap     ] GC(295) Eden regions: 324->0(324)
[2025-12-24T05:31:12.902+0000][495.906s][info][gc,heap     ] GC(295) Survivor regions: 2->2(41)
[2025-12-24T05:31:12.902+0000][495.906s][info][gc,heap     ] GC(295) Old regions: 89->89
[2025-12-24T05:31:12.902+0000][495.906s][info][gc,heap     ] GC(295) Archive regions: 2->2
[2025-12-24T05:31:12.902+0000][495.906s][info][gc,heap     ] GC(295) Humongous regions: 37->37
[2025-12-24T05:31:12.902+0000][495.906s][info][gc,metaspace] GC(295) Metaspace: 98427K(99584K)->98427K(99584K) NonClass: 85538K(86080K)->85538K(86080K) Class: 12888K(13504K)->12888K(13504K)
[2025-12-24T05:31:12.902+0000][495.906s][info][gc          ] GC(295) Pause Young (Normal) (G1 Evacuation Pause) 452M->128M(544M) 4.261ms
[2025-12-24T05:31:12.903+0000][495.907s][info][gc,cpu      ] GC(295) User=0.01s Sys=0.00s Real=0.01s
[2025-12-24T05:31:17.166+0000][500.170s][info][gc,start    ] GC(296) Pause Young (Normal) (G1 Evacuation Pause)
[2025-12-24T05:31:17.167+0000][500.171s][info][gc,task     ] GC(296) Using 3 workers of 3 for evacuation
[2025-12-24T05:31:17.169+0000][500.173s][info][gc,phases   ] GC(296)   Pre Evacuate Collection Set: 0.1ms
[2025-12-24T05:31:17.169+0000][500.173s][info][gc,phases   ] GC(296)   Merge Heap Roots: 0.1ms
[2025-12-24T05:31:17.169+0000][500.173s][info][gc,phases   ] GC(296)   Evacuate Collection Set: 1.2ms
[2025-12-24T05:31:17.169+0000][500.173s][info][gc,phases   ] GC(296)   Post Evacuate Collection Set: 0.4ms
[2025-12-24T05:31:17.169+0000][500.173s][info][gc,phases   ] GC(296)   Other: 0.5ms
[2025-12-24T05:31:17.169+0000][500.173s][info][gc,heap     ] GC(296) Eden regions: 324->0(324)
[2025-12-24T05:31:17.169+0000][500.173s][info][gc,heap     ] GC(296) Survivor regions: 2->2(41)
[2025-12-24T05:31:17.169+0000][500.173s][info][gc,heap     ] GC(296) Old regions: 89->89
[2025-12-24T05:31:17.169+0000][500.173s][info][gc,heap     ] GC(296) Archive regions: 2->2
[2025-12-24T05:31:17.169+0000][500.173s][info][gc,heap     ] GC(296) Humongous regions: 37->37
[2025-12-24T05:31:17.169+0000][500.173s][info][gc,metaspace] GC(296) Metaspace: 98427K(99584K)->98427K(99584K) NonClass: 85538K(86080K)->85538K(86080K) Class: 12888K(13504K)->12888K(13504K)
[2025-12-24T05:31:17.169+0000][500.174s][info][gc          ] GC(296) Pause Young (Normal) (G1 Evacuation Pause) 452M->128M(544M) 3.128ms
[2025-12-24T05:31:17.170+0000][500.174s][info][gc,cpu      ] GC(296) User=0.01s Sys=0.00s Real=0.01s
[2025-12-24T05:31:21.373+0000][504.377s][info][gc,start    ] GC(297) Pause Young (Normal) (G1 Evacuation Pause)
[2025-12-24T05:31:21.373+0000][504.377s][info][gc,task     ] GC(297) Using 3 workers of 3 for evacuation
[2025-12-24T05:31:21.376+0000][504.380s][info][gc,phases   ] GC(297)   Pre Evacuate Collection Set: 0.1ms
[2025-12-24T05:31:21.376+0000][504.380s][info][gc,phases   ] GC(297)   Merge Heap Roots: 0.1ms
[2025-12-24T05:31:21.376+0000][504.380s][info][gc,phases   ] GC(297)   Evacuate Collection Set: 1.6ms
[2025-12-24T05:31:21.376+0000][504.380s][info][gc,phases   ] GC(297)   Post Evacuate Collection Set: 0.5ms
[2025-12-24T05:31:21.376+0000][504.380s][info][gc,phases   ] GC(297)   Other: 0.8ms
[2025-12-24T05:31:21.376+0000][504.380s][info][gc,heap     ] GC(297) Eden regions: 324->0(324)
[2025-12-24T05:31:21.376+0000][504.381s][info][gc,heap     ] GC(297) Survivor regions: 2->2(41)
[2025-12-24T05:31:21.377+0000][504.381s][info][gc,heap     ] GC(297) Old regions: 89->90
[2025-12-24T05:31:21.377+0000][504.381s][info][gc,heap     ] GC(297) Archive regions: 2->2
[2025-12-24T05:31:21.377+0000][504.381s][info][gc,heap     ] GC(297) Humongous regions: 37->37
[2025-12-24T05:31:21.377+0000][504.381s][info][gc,metaspace] GC(297) Metaspace: 98427K(99584K)->98427K(99584K) NonClass: 85538K(86080K)->85538K(86080K) Class: 12888K(13504K)->12888K(13504K)
[2025-12-24T05:31:21.377+0000][504.381s][info][gc          ] GC(297) Pause Young (Normal) (G1 Evacuation Pause) 452M->128M(544M) 4.074ms
[2025-12-24T05:31:21.377+0000][504.381s][info][gc,cpu      ] GC(297) User=0.00s Sys=0.00s Real=0.00s
[2025-12-24T05:31:24.161+0000][507.165s][info][gc,start    ] GC(298) Pause Young (Normal) (G1 Evacuation Pause)
[2025-12-24T05:31:24.161+0000][507.165s][info][gc,task     ] GC(298) Using 3 workers of 3 for evacuation
[2025-12-24T05:31:24.164+0000][507.168s][info][gc,phases   ] GC(298)   Pre Evacuate Collection Set: 0.1ms
[2025-12-24T05:31:24.164+0000][507.169s][info][gc,phases   ] GC(298)   Merge Heap Roots: 0.1ms
[2025-12-24T05:31:24.165+0000][507.169s][info][gc,phases   ] GC(298)   Evacuate Collection Set: 2.1ms
[2025-12-24T05:31:24.165+0000][507.169s][info][gc,phases   ] GC(298)   Post Evacuate Collection Set: 0.5ms
[2025-12-24T05:31:24.165+0000][507.169s][info][gc,phases   ] GC(298)   Other: 0.7ms
[2025-12-24T05:31:24.165+0000][507.169s][info][gc,heap     ] GC(298) Eden regions: 324->0(324)
[2025-12-24T05:31:24.165+0000][507.169s][info][gc,heap     ] GC(298) Survivor regions: 2->2(41)
[2025-12-24T05:31:24.165+0000][507.169s][info][gc,heap     ] GC(298) Old regions: 90->90
[2025-12-24T05:31:24.165+0000][507.169s][info][gc,heap     ] GC(298) Archive regions: 2->2
[2025-12-24T05:31:24.165+0000][507.169s][info][gc,heap     ] GC(298) Humongous regions: 37->37
[2025-12-24T05:31:24.165+0000][507.169s][info][gc,metaspace] GC(298) Metaspace: 98428K(99584K)->98428K(99584K) NonClass: 85540K(86080K)->85540K(86080K) Class: 12888K(13504K)->12888K(13504K)
[2025-12-24T05:31:24.165+0000][507.169s][info][gc          ] GC(298) Pause Young (Normal) (G1 Evacuation Pause) 452M->128M(544M) 4.118ms
[2025-12-24T05:31:24.165+0000][507.169s][info][gc,cpu      ] GC(298) User=0.00s Sys=0.01s Real=0.00s
[2025-12-24T05:31:28.471+0000][511.475s][info][gc,start    ] GC(299) Pause Young (Normal) (G1 Evacuation Pause)
[2025-12-24T05:31:28.471+0000][511.475s][info][gc,task     ] GC(299) Using 3 workers of 3 for evacuation
[2025-12-24T05:31:28.473+0000][511.477s][info][gc,phases   ] GC(299)   Pre Evacuate Collection Set: 0.1ms
[2025-12-24T05:31:28.473+0000][511.478s][info][gc,phases   ] GC(299)   Merge Heap Roots: 0.1ms
[2025-12-24T05:31:28.473+0000][511.478s][info][gc,phases   ] GC(299)   Evacuate Collection Set: 1.2ms
[2025-12-24T05:31:28.474+0000][511.478s][info][gc,phases   ] GC(299)   Post Evacuate Collection Set: 0.6ms
[2025-12-24T05:31:28.474+0000][511.478s][info][gc,phases   ] GC(299)   Other: 0.5ms
[2025-12-24T05:31:28.474+0000][511.478s][info][gc,heap     ] GC(299) Eden regions: 324->0(325)
[2025-12-24T05:31:28.474+0000][511.478s][info][gc,heap     ] GC(299) Survivor regions: 2->1(41)
[2025-12-24T05:31:28.474+0000][511.478s][info][gc,heap     ] GC(299) Old regions: 90->90
[2025-12-24T05:31:28.474+0000][511.478s][info][gc,heap     ] GC(299) Archive regions: 2->2
[2025-12-24T05:31:28.474+0000][511.478s][info][gc,heap     ] GC(299) Humongous regions: 37->37
[2025-12-24T05:31:28.474+0000][511.478s][info][gc,metaspace] GC(299) Metaspace: 98429K(99584K)->98429K(99584K) NonClass: 85540K(86080K)->85540K(86080K) Class: 12888K(13504K)->12888K(13504K)
[2025-12-24T05:31:28.474+0000][511.478s][info][gc          ] GC(299) Pause Young (Normal) (G1 Evacuation Pause) 452M->128M(544M) 2.965ms
[2025-12-24T05:31:28.474+0000][511.478s][info][gc,cpu      ] GC(299) User=0.01s Sys=0.00s Real=0.00s
[2025-12-24T05:31:32.744+0000][515.749s][info][gc,start    ] GC(300) Pause Young (Normal) (G1 Evacuation Pause)
[2025-12-24T05:31:32.745+0000][515.749s][info][gc,task     ] GC(300) Using 3 workers of 3 for evacuation
[2025-12-24T05:31:32.747+0000][515.751s][info][gc,phases   ] GC(300)   Pre Evacuate Collection Set: 0.1ms
[2025-12-24T05:31:32.748+0000][515.752s][info][gc,phases   ] GC(300)   Merge Heap Roots: 0.1ms
[2025-12-24T05:31:32.748+0000][515.752s][info][gc,phases   ] GC(300)   Evacuate Collection Set: 1.5ms
[2025-12-24T05:31:32.748+0000][515.752s][info][gc,phases   ] GC(300)   Post Evacuate Collection Set: 0.5ms
[2025-12-24T05:31:32.748+0000][515.752s][info][gc,phases   ] GC(300)   Other: 0.9ms
[2025-12-24T05:31:32.748+0000][515.752s][info][gc,heap     ] GC(300) Eden regions: 325->0(325)
[2025-12-24T05:31:32.748+0000][515.752s][info][gc,heap     ] GC(300) Survivor regions: 1->1(41)
[2025-12-24T05:31:32.748+0000][515.752s][info][gc,heap     ] GC(300) Old regions: 90->90
[2025-12-24T05:31:32.748+0000][515.752s][info][gc,heap     ] GC(300) Archive regions: 2->2
[2025-12-24T05:31:32.748+0000][515.752s][info][gc,heap     ] GC(300) Humongous regions: 37->37
[2025-12-24T05:31:32.748+0000][515.753s][info][gc,metaspace] GC(300) Metaspace: 98429K(99584K)->98429K(99584K) NonClass: 85540K(86080K)->85540K(86080K) Class: 12888K(13504K)->12888K(13504K)
[2025-12-24T05:31:32.749+0000][515.753s][info][gc          ] GC(300) Pause Young (Normal) (G1 Evacuation Pause) 453M->128M(544M) 4.141ms
[2025-12-24T05:31:32.749+0000][515.753s][info][gc,cpu      ] GC(300) User=0.00s Sys=0.00s Real=0.01s
[2025-12-24T05:31:36.787+0000][519.791s][info][gc,start    ] GC(301) Pause Young (Normal) (G1 Evacuation Pause)
[2025-12-24T05:31:36.787+0000][519.792s][info][gc,task     ] GC(301) Using 3 workers of 3 for evacuation
[2025-12-24T05:31:36.789+0000][519.793s][info][gc,phases   ] GC(301)   Pre Evacuate Collection Set: 0.1ms
[2025-12-24T05:31:36.789+0000][519.794s][info][gc,phases   ] GC(301)   Merge Heap Roots: 0.1ms
[2025-12-24T05:31:36.789+0000][519.794s][info][gc,phases   ] GC(301)   Evacuate Collection Set: 1.1ms
[2025-12-24T05:31:36.790+0000][519.794s][info][gc,phases   ] GC(301)   Post Evacuate Collection Set: 0.4ms
[2025-12-24T05:31:36.790+0000][519.794s][info][gc,phases   ] GC(301)   Other: 0.4ms
[2025-12-24T05:31:36.790+0000][519.794s][info][gc,heap     ] GC(301) Eden regions: 325->0(325)
[2025-12-24T05:31:36.790+0000][519.794s][info][gc,heap     ] GC(301) Survivor regions: 1->1(41)
[2025-12-24T05:31:36.790+0000][519.794s][info][gc,heap     ] GC(301) Old regions: 90->90
[2025-12-24T05:31:36.790+0000][519.794s][info][gc,heap     ] GC(301) Archive regions: 2->2
[2025-12-24T05:31:36.790+0000][519.794s][info][gc,heap     ] GC(301) Humongous regions: 37->37
[2025-12-24T05:31:36.790+0000][519.794s][info][gc,metaspace] GC(301) Metaspace: 98429K(99584K)->98429K(99584K) NonClass: 85540K(86080K)->85540K(86080K) Class: 12888K(13504K)->12888K(13504K)
[2025-12-24T05:31:36.790+0000][519.794s][info][gc          ] GC(301) Pause Young (Normal) (G1 Evacuation Pause) 453M->128M(544M) 2.780ms
[2025-12-24T05:31:36.790+0000][519.794s][info][gc,cpu      ] GC(301) User=0.01s Sys=0.00s Real=0.01s
[2025-12-24T05:31:39.728+0000][522.732s][info][gc,start    ] GC(302) Pause Young (Normal) (G1 Evacuation Pause)
[2025-12-24T05:31:39.729+0000][522.733s][info][gc,task     ] GC(302) Using 3 workers of 3 for evacuation
[2025-12-24T05:31:39.731+0000][522.735s][info][gc,phases   ] GC(302)   Pre Evacuate Collection Set: 0.1ms
[2025-12-24T05:31:39.731+0000][522.735s][info][gc,phases   ] GC(302)   Merge Heap Roots: 0.1ms
[2025-12-24T05:31:39.731+0000][522.735s][info][gc,phases   ] GC(302)   Evacuate Collection Set: 1.6ms
[2025-12-24T05:31:39.731+0000][522.735s][info][gc,phases   ] GC(302)   Post Evacuate Collection Set: 0.5ms
[2025-12-24T05:31:39.731+0000][522.736s][info][gc,phases   ] GC(302)   Other: 0.5ms
[2025-12-24T05:31:39.732+0000][522.736s][info][gc,heap     ] GC(302) Eden regions: 325->0(325)
[2025-12-24T05:31:39.732+0000][522.736s][info][gc,heap     ] GC(302) Survivor regions: 1->1(41)
[2025-12-24T05:31:39.732+0000][522.736s][info][gc,heap     ] GC(302) Old regions: 90->90
[2025-12-24T05:31:39.732+0000][522.736s][info][gc,heap     ] GC(302) Archive regions: 2->2
[2025-12-24T05:31:39.732+0000][522.736s][info][gc,heap     ] GC(302) Humongous regions: 37->37
[2025-12-24T05:31:39.732+0000][522.736s][info][gc,metaspace] GC(302) Metaspace: 98431K(99584K)->98431K(99584K) NonClass: 85542K(86080K)->85542K(86080K) Class: 12888K(13504K)->12888K(13504K)
[2025-12-24T05:31:39.732+0000][522.736s][info][gc          ] GC(302) Pause Young (Normal) (G1 Evacuation Pause) 453M->128M(544M) 3.802ms
[2025-12-24T05:31:39.732+0000][522.736s][info][gc,cpu      ] GC(302) User=0.00s Sys=0.00s Real=0.01s
[2025-12-24T05:31:44.064+0000][527.068s][info][gc,start    ] GC(303) Pause Young (Normal) (G1 Evacuation Pause)
[2025-12-24T05:31:44.065+0000][527.069s][info][gc,task     ] GC(303) Using 3 workers of 3 for evacuation
[2025-12-24T05:31:44.066+0000][527.071s][info][gc,phases   ] GC(303)   Pre Evacuate Collection Set: 0.1ms
[2025-12-24T05:31:44.067+0000][527.071s][info][gc,phases   ] GC(303)   Merge Heap Roots: 0.1ms
[2025-12-24T05:31:44.067+0000][527.071s][info][gc,phases   ] GC(303)   Evacuate Collection Set: 1.0ms
[2025-12-24T05:31:44.067+0000][527.071s][info][gc,phases   ] GC(303)   Post Evacuate Collection Set: 0.5ms
[2025-12-24T05:31:44.067+0000][527.071s][info][gc,phases   ] GC(303)   Other: 0.6ms
[2025-12-24T05:31:44.067+0000][527.071s][info][gc,heap     ] GC(303) Eden regions: 325->0(325)
[2025-12-24T05:31:44.067+0000][527.071s][info][gc,heap     ] GC(303) Survivor regions: 1->1(41)
[2025-12-24T05:31:44.067+0000][527.071s][info][gc,heap     ] GC(303) Old regions: 90->90
[2025-12-24T05:31:44.067+0000][527.071s][info][gc,heap     ] GC(303) Archive regions: 2->2
[2025-12-24T05:31:44.067+0000][527.071s][info][gc,heap     ] GC(303) Humongous regions: 37->37
[2025-12-24T05:31:44.067+0000][527.072s][info][gc,metaspace] GC(303) Metaspace: 98431K(99584K)->98431K(99584K) NonClass: 85542K(86080K)->85542K(86080K) Class: 12888K(13504K)->12888K(13504K)
[2025-12-24T05:31:44.068+0000][527.072s][info][gc          ] GC(303) Pause Young (Normal) (G1 Evacuation Pause) 453M->128M(544M) 3.178ms
[2025-12-24T05:31:44.068+0000][527.072s][info][gc,cpu      ] GC(303) User=0.01s Sys=0.00s Real=0.00s
[2025-12-24T05:31:48.335+0000][531.339s][info][gc,start    ] GC(304) Pause Young (Normal) (G1 Evacuation Pause)
[2025-12-24T05:31:48.335+0000][531.339s][info][gc,task     ] GC(304) Using 3 workers of 3 for evacuation
[2025-12-24T05:31:48.337+0000][531.341s][info][gc,phases   ] GC(304)   Pre Evacuate Collection Set: 0.1ms
[2025-12-24T05:31:48.337+0000][531.341s][info][gc,phases   ] GC(304)   Merge Heap Roots: 0.1ms
[2025-12-24T05:31:48.337+0000][531.341s][info][gc,phases   ] GC(304)   Evacuate Collection Set: 1.1ms
[2025-12-24T05:31:48.337+0000][531.341s][info][gc,phases   ] GC(304)   Post Evacuate Collection Set: 0.4ms
[2025-12-24T05:31:48.337+0000][531.341s][info][gc,phases   ] GC(304)   Other: 0.5ms
[2025-12-24T05:31:48.337+0000][531.341s][info][gc,heap     ] GC(304) Eden regions: 325->0(325)
[2025-12-24T05:31:48.337+0000][531.341s][info][gc,heap     ] GC(304) Survivor regions: 1->1(41)
[2025-12-24T05:31:48.337+0000][531.342s][info][gc,heap     ] GC(304) Old regions: 90->90
[2025-12-24T05:31:48.338+0000][531.342s][info][gc,heap     ] GC(304) Archive regions: 2->2
[2025-12-24T05:31:48.338+0000][531.342s][info][gc,heap     ] GC(304) Humongous regions: 37->37
[2025-12-24T05:31:48.338+0000][531.342s][info][gc,metaspace] GC(304) Metaspace: 98432K(99584K)->98432K(99584K) NonClass: 85544K(86080K)->85544K(86080K) Class: 12888K(13504K)->12888K(13504K)
[2025-12-24T05:31:48.338+0000][531.342s][info][gc          ] GC(304) Pause Young (Normal) (G1 Evacuation Pause) 453M->128M(544M) 3.006ms
[2025-12-24T05:31:48.338+0000][531.342s][info][gc,cpu      ] GC(304) User=0.01s Sys=0.00s Real=0.00s
[2025-12-24T05:31:51.792+0000][534.797s][info][gc,start    ] GC(305) Pause Young (Normal) (G1 Evacuation Pause)
[2025-12-24T05:31:51.793+0000][534.797s][info][gc,task     ] GC(305) Using 3 workers of 3 for evacuation
[2025-12-24T05:31:51.795+0000][534.799s][info][gc,phases   ] GC(305)   Pre Evacuate Collection Set: 0.1ms
[2025-12-24T05:31:51.795+0000][534.799s][info][gc,phases   ] GC(305)   Merge Heap Roots: 0.1ms
[2025-12-24T05:31:51.795+0000][534.799s][info][gc,phases   ] GC(305)   Evacuate Collection Set: 1.1ms
[2025-12-24T05:31:51.795+0000][534.799s][info][gc,phases   ] GC(305)   Post Evacuate Collection Set: 0.4ms
[2025-12-24T05:31:51.795+0000][534.799s][info][gc,phases   ] GC(305)   Other: 0.6ms
[2025-12-24T05:31:51.795+0000][534.799s][info][gc,heap     ] GC(305) Eden regions: 325->0(325)
[2025-12-24T05:31:51.795+0000][534.799s][info][gc,heap     ] GC(305) Survivor regions: 1->1(41)
[2025-12-24T05:31:51.795+0000][534.799s][info][gc,heap     ] GC(305) Old regions: 90->90
[2025-12-24T05:31:51.795+0000][534.799s][info][gc,heap     ] GC(305) Archive regions: 2->2
[2025-12-24T05:31:51.795+0000][534.799s][info][gc,heap     ] GC(305) Humongous regions: 37->37
[2025-12-24T05:31:51.795+0000][534.800s][info][gc,metaspace] GC(305) Metaspace: 98439K(99584K)->98439K(99584K) NonClass: 85550K(86080K)->85550K(86080K) Class: 12888K(13504K)->12888K(13504K)
[2025-12-24T05:31:51.795+0000][534.800s][info][gc          ] GC(305) Pause Young (Normal) (G1 Evacuation Pause) 453M->128M(544M) 3.005ms
[2025-12-24T05:31:51.796+0000][534.800s][info][gc,cpu      ] GC(305) User=0.01s Sys=0.00s Real=0.00s
[2025-12-24T05:31:55.259+0000][538.263s][info][gc,start    ] GC(306) Pause Young (Normal) (G1 Evacuation Pause)
[2025-12-24T05:31:55.259+0000][538.263s][info][gc,task     ] GC(306) Using 3 workers of 3 for evacuation
[2025-12-24T05:31:55.262+0000][538.266s][info][gc,phases   ] GC(306)   Pre Evacuate Collection Set: 0.1ms
[2025-12-24T05:31:55.262+0000][538.266s][info][gc,phases   ] GC(306)   Merge Heap Roots: 0.1ms
[2025-12-24T05:31:55.262+0000][538.266s][info][gc,phases   ] GC(306)   Evacuate Collection Set: 1.5ms
[2025-12-24T05:31:55.262+0000][538.266s][info][gc,phases   ] GC(306)   Post Evacuate Collection Set: 0.5ms
[2025-12-24T05:31:55.262+0000][538.266s][info][gc,phases   ] GC(306)   Other: 0.7ms
[2025-12-24T05:31:55.262+0000][538.266s][info][gc,heap     ] GC(306) Eden regions: 325->0(325)
[2025-12-24T05:31:55.262+0000][538.266s][info][gc,heap     ] GC(306) Survivor regions: 1->1(41)
[2025-12-24T05:31:55.262+0000][538.267s][info][gc,heap     ] GC(306) Old regions: 90->90
[2025-12-24T05:31:55.263+0000][538.267s][info][gc,heap     ] GC(306) Archive regions: 2->2
[2025-12-24T05:31:55.263+0000][538.267s][info][gc,heap     ] GC(306) Humongous regions: 37->37
[2025-12-24T05:31:55.263+0000][538.267s][info][gc,metaspace] GC(306) Metaspace: 98441K(99584K)->98441K(99584K) NonClass: 85552K(86080K)->85552K(86080K) Class: 12888K(13504K)->12888K(13504K)
[2025-12-24T05:31:55.263+0000][538.267s][info][gc          ] GC(306) Pause Young (Normal) (G1 Evacuation Pause) 453M->128M(544M) 3.838ms
[2025-12-24T05:31:55.263+0000][538.267s][info][gc,cpu      ] GC(306) User=0.00s Sys=0.00s Real=0.00s
[2025-12-24T05:31:59.528+0000][542.532s][info][gc,start    ] GC(307) Pause Young (Normal) (G1 Evacuation Pause)
[2025-12-24T05:31:59.528+0000][542.532s][info][gc,task     ] GC(307) Using 3 workers of 3 for evacuation
[2025-12-24T05:31:59.533+0000][542.537s][info][gc,phases   ] GC(307)   Pre Evacuate Collection Set: 0.1ms
[2025-12-24T05:31:59.533+0000][542.537s][info][gc,phases   ] GC(307)   Merge Heap Roots: 0.1ms
[2025-12-24T05:31:59.533+0000][542.537s][info][gc,phases   ] GC(307)   Evacuate Collection Set: 3.6ms
[2025-12-24T05:31:59.533+0000][542.537s][info][gc,phases   ] GC(307)   Post Evacuate Collection Set: 0.5ms
[2025-12-24T05:31:59.533+0000][542.537s][info][gc,phases   ] GC(307)   Other: 0.6ms
[2025-12-24T05:31:59.533+0000][542.537s][info][gc,heap     ] GC(307) Eden regions: 325->0(325)
[2025-12-24T05:31:59.533+0000][542.538s][info][gc,heap     ] GC(307) Survivor regions: 1->1(41)
[2025-12-24T05:31:59.534+0000][542.538s][info][gc,heap     ] GC(307) Old regions: 90->91
[2025-12-24T05:31:59.534+0000][542.538s][info][gc,heap     ] GC(307) Archive regions: 2->2
[2025-12-24T05:31:59.534+0000][542.538s][info][gc,heap     ] GC(307) Humongous regions: 37->37
[2025-12-24T05:31:59.534+0000][542.538s][info][gc,metaspace] GC(307) Metaspace: 98442K(99584K)->98442K(99584K) NonClass: 85554K(86080K)->85554K(86080K) Class: 12888K(13504K)->12888K(13504K)
[2025-12-24T05:31:59.534+0000][542.538s][info][gc          ] GC(307) Pause Young (Normal) (G1 Evacuation Pause) 453M->128M(544M) 6.130ms
[2025-12-24T05:31:59.534+0000][542.538s][info][gc,cpu      ] GC(307) User=0.02s Sys=0.00s Real=0.01s
[2025-12-24T05:32:03.903+0000][546.907s][info][gc,start    ] GC(308) Pause Young (Normal) (G1 Evacuation Pause)
[2025-12-24T05:32:03.903+0000][546.907s][info][gc,task     ] GC(308) Using 3 workers of 3 for evacuation
[2025-12-24T05:32:03.905+0000][546.909s][info][gc,phases   ] GC(308)   Pre Evacuate Collection Set: 0.1ms
[2025-12-24T05:32:03.905+0000][546.909s][info][gc,phases   ] GC(308)   Merge Heap Roots: 0.1ms
[2025-12-24T05:32:03.905+0000][546.909s][info][gc,phases   ] GC(308)   Evacuate Collection Set: 0.9ms
[2025-12-24T05:32:03.905+0000][546.910s][info][gc,phases   ] GC(308)   Post Evacuate Collection Set: 0.4ms
[2025-12-24T05:32:03.906+0000][546.910s][info][gc,phases   ] GC(308)   Other: 0.8ms
[2025-12-24T05:32:03.906+0000][546.910s][info][gc,heap     ] GC(308) Eden regions: 325->0(325)
[2025-12-24T05:32:03.906+0000][546.910s][info][gc,heap     ] GC(308) Survivor regions: 1->1(41)
[2025-12-24T05:32:03.906+0000][546.910s][info][gc,heap     ] GC(308) Old regions: 91->91
[2025-12-24T05:32:03.906+0000][546.910s][info][gc,heap     ] GC(308) Archive regions: 2->2
[2025-12-24T05:32:03.906+0000][546.910s][info][gc,heap     ] GC(308) Humongous regions: 37->37
[2025-12-24T05:32:03.906+0000][546.910s][info][gc,metaspace] GC(308) Metaspace: 98442K(99584K)->98442K(99584K) NonClass: 85554K(86080K)->85554K(86080K) Class: 12888K(13504K)->12888K(13504K)
[2025-12-24T05:32:03.906+0000][546.910s][info][gc          ] GC(308) Pause Young (Normal) (G1 Evacuation Pause) 453M->128M(544M) 3.516ms
[2025-12-24T05:32:03.907+0000][546.911s][info][gc,cpu      ] GC(308) User=0.01s Sys=0.00s Real=0.00s
[2025-12-24T05:32:06.798+0000][549.803s][info][gc,start    ] GC(309) Pause Young (Normal) (G1 Evacuation Pause)
[2025-12-24T05:32:06.799+0000][549.803s][info][gc,task     ] GC(309) Using 3 workers of 3 for evacuation
[2025-12-24T05:32:06.800+0000][549.804s][info][gc,phases   ] GC(309)   Pre Evacuate Collection Set: 0.1ms
[2025-12-24T05:32:06.800+0000][549.805s][info][gc,phases   ] GC(309)   Merge Heap Roots: 0.1ms
[2025-12-24T05:32:06.801+0000][549.805s][info][gc,phases   ] GC(309)   Evacuate Collection Set: 1.0ms
[2025-12-24T05:32:06.801+0000][549.805s][info][gc,phases   ] GC(309)   Post Evacuate Collection Set: 0.4ms
[2025-12-24T05:32:06.801+0000][549.805s][info][gc,phases   ] GC(309)   Other: 0.4ms
[2025-12-24T05:32:06.801+0000][549.805s][info][gc,heap     ] GC(309) Eden regions: 325->0(325)
[2025-12-24T05:32:06.801+0000][549.805s][info][gc,heap     ] GC(309) Survivor regions: 1->1(41)
[2025-12-24T05:32:06.801+0000][549.805s][info][gc,heap     ] GC(309) Old regions: 91->91
[2025-12-24T05:32:06.801+0000][549.805s][info][gc,heap     ] GC(309) Archive regions: 2->2
[2025-12-24T05:32:06.801+0000][549.805s][info][gc,heap     ] GC(309) Humongous regions: 37->37
[2025-12-24T05:32:06.801+0000][549.805s][info][gc,metaspace] GC(309) Metaspace: 98444K(99584K)->98444K(99584K) NonClass: 85555K(86080K)->85555K(86080K) Class: 12888K(13504K)->12888K(13504K)
[2025-12-24T05:32:06.801+0000][549.805s][info][gc          ] GC(309) Pause Young (Normal) (G1 Evacuation Pause) 453M->128M(544M) 2.600ms
[2025-12-24T05:32:06.801+0000][549.805s][info][gc,cpu      ] GC(309) User=0.01s Sys=0.00s Real=0.01s
[2025-12-24T05:32:10.889+0000][553.893s][info][gc,start    ] GC(310) Pause Young (Normal) (G1 Evacuation Pause)
[2025-12-24T05:32:10.890+0000][553.894s][info][gc,task     ] GC(310) Using 3 workers of 3 for evacuation
[2025-12-24T05:32:10.893+0000][553.897s][info][gc,phases   ] GC(310)   Pre Evacuate Collection Set: 0.2ms
[2025-12-24T05:32:10.893+0000][553.897s][info][gc,phases   ] GC(310)   Merge Heap Roots: 0.1ms
[2025-12-24T05:32:10.893+0000][553.897s][info][gc,phases   ] GC(310)   Evacuate Collection Set: 2.0ms
[2025-12-24T05:32:10.893+0000][553.897s][info][gc,phases   ] GC(310)   Post Evacuate Collection Set: 0.6ms
[2025-12-24T05:32:10.893+0000][553.897s][info][gc,phases   ] GC(310)   Other: 0.7ms
[2025-12-24T05:32:10.893+0000][553.898s][info][gc,heap     ] GC(310) Eden regions: 325->0(325)
[2025-12-24T05:32:10.894+0000][553.898s][info][gc,heap     ] GC(310) Survivor regions: 1->1(41)
[2025-12-24T05:32:10.894+0000][553.898s][info][gc,heap     ] GC(310) Old regions: 91->91
[2025-12-24T05:32:10.894+0000][553.898s][info][gc,heap     ] GC(310) Archive regions: 2->2
[2025-12-24T05:32:10.894+0000][553.898s][info][gc,heap     ] GC(310) Humongous regions: 37->37
[2025-12-24T05:32:10.894+0000][553.898s][info][gc,metaspace] GC(310) Metaspace: 98460K(99584K)->98460K(99584K) NonClass: 85566K(86080K)->85566K(86080K) Class: 12894K(13504K)->12894K(13504K)
[2025-12-24T05:32:10.894+0000][553.898s][info][gc          ] GC(310) Pause Young (Normal) (G1 Evacuation Pause) 453M->128M(544M) 4.850ms
[2025-12-24T05:32:10.894+0000][553.898s][info][gc,cpu      ] GC(310) User=0.01s Sys=0.00s Real=0.00s
[2025-12-24T05:32:15.085+0000][558.089s][info][gc,start    ] GC(311) Pause Young (Normal) (G1 Evacuation Pause)
[2025-12-24T05:32:15.085+0000][558.090s][info][gc,task     ] GC(311) Using 3 workers of 3 for evacuation
[2025-12-24T05:32:15.088+0000][558.092s][info][gc,phases   ] GC(311)   Pre Evacuate Collection Set: 0.1ms
[2025-12-24T05:32:15.088+0000][558.092s][info][gc,phases   ] GC(311)   Merge Heap Roots: 0.1ms
[2025-12-24T05:32:15.088+0000][558.092s][info][gc,phases   ] GC(311)   Evacuate Collection Set: 1.4ms
[2025-12-24T05:32:15.088+0000][558.092s][info][gc,phases   ] GC(311)   Post Evacuate Collection Set: 0.4ms
[2025-12-24T05:32:15.088+0000][558.092s][info][gc,phases   ] GC(311)   Other: 0.7ms
[2025-12-24T05:32:15.088+0000][558.092s][info][gc,heap     ] GC(311) Eden regions: 325->0(325)
[2025-12-24T05:32:15.088+0000][558.092s][info][gc,heap     ] GC(311) Survivor regions: 1->1(41)
[2025-12-24T05:32:15.088+0000][558.092s][info][gc,heap     ] GC(311) Old regions: 91->91
[2025-12-24T05:32:15.088+0000][558.092s][info][gc,heap     ] GC(311) Archive regions: 2->2
[2025-12-24T05:32:15.088+0000][558.092s][info][gc,heap     ] GC(311) Humongous regions: 37->37
[2025-12-24T05:32:15.088+0000][558.092s][info][gc,metaspace] GC(311) Metaspace: 98460K(99584K)->98460K(99584K) NonClass: 85566K(86080K)->85566K(86080K) Class: 12894K(13504K)->12894K(13504K)
[2025-12-24T05:32:15.088+0000][558.092s][info][gc          ] GC(311) Pause Young (Normal) (G1 Evacuation Pause) 453M->128M(544M) 3.301ms
[2025-12-24T05:32:15.088+0000][558.093s][info][gc,cpu      ] GC(311) User=0.01s Sys=0.00s Real=0.00s
[2025-12-24T05:32:19.299+0000][562.303s][info][gc,start    ] GC(312) Pause Young (Normal) (G1 Evacuation Pause)
[2025-12-24T05:32:19.299+0000][562.304s][info][gc,task     ] GC(312) Using 3 workers of 3 for evacuation
[2025-12-24T05:32:19.302+0000][562.306s][info][gc,phases   ] GC(312)   Pre Evacuate Collection Set: 0.1ms
[2025-12-24T05:32:19.302+0000][562.306s][info][gc,phases   ] GC(312)   Merge Heap Roots: 0.1ms
[2025-12-24T05:32:19.302+0000][562.306s][info][gc,phases   ] GC(312)   Evacuate Collection Set: 1.2ms
[2025-12-24T05:32:19.302+0000][562.306s][info][gc,phases   ] GC(312)   Post Evacuate Collection Set: 0.5ms
[2025-12-24T05:32:19.302+0000][562.306s][info][gc,phases   ] GC(312)   Other: 0.6ms
[2025-12-24T05:32:19.302+0000][562.306s][info][gc,heap     ] GC(312) Eden regions: 325->0(325)
[2025-12-24T05:32:19.302+0000][562.306s][info][gc,heap     ] GC(312) Survivor regions: 1->1(41)
[2025-12-24T05:32:19.302+0000][562.307s][info][gc,heap     ] GC(312) Old regions: 91->91
[2025-12-24T05:32:19.303+0000][562.307s][info][gc,heap     ] GC(312) Archive regions: 2->2
[2025-12-24T05:32:19.303+0000][562.307s][info][gc,heap     ] GC(312) Humongous regions: 37->37
[2025-12-24T05:32:19.303+0000][562.307s][info][gc,metaspace] GC(312) Metaspace: 98460K(99584K)->98460K(99584K) NonClass: 85566K(86080K)->85566K(86080K) Class: 12894K(13504K)->12894K(13504K)
[2025-12-24T05:32:19.303+0000][562.307s][info][gc          ] GC(312) Pause Young (Normal) (G1 Evacuation Pause) 453M->128M(544M) 3.787ms
[2025-12-24T05:32:19.303+0000][562.307s][info][gc,cpu      ] GC(312) User=0.01s Sys=0.00s Real=0.00s
[2025-12-24T05:32:22.066+0000][565.070s][info][gc,start    ] GC(313) Pause Young (Normal) (G1 Evacuation Pause)
[2025-12-24T05:32:22.066+0000][565.070s][info][gc,task     ] GC(313) Using 3 workers of 3 for evacuation
[2025-12-24T05:32:22.068+0000][565.072s][info][gc,phases   ] GC(313)   Pre Evacuate Collection Set: 0.1ms
[2025-12-24T05:32:22.068+0000][565.072s][info][gc,phases   ] GC(313)   Merge Heap Roots: 0.1ms
[2025-12-24T05:32:22.068+0000][565.072s][info][gc,phases   ] GC(313)   Evacuate Collection Set: 1.0ms
[2025-12-24T05:32:22.068+0000][565.072s][info][gc,phases   ] GC(313)   Post Evacuate Collection Set: 0.4ms
[2025-12-24T05:32:22.068+0000][565.072s][info][gc,phases   ] GC(313)   Other: 0.4ms
[2025-12-24T05:32:22.068+0000][565.072s][info][gc,heap     ] GC(313) Eden regions: 325->0(325)
[2025-12-24T05:32:22.068+0000][565.072s][info][gc,heap     ] GC(313) Survivor regions: 1->1(41)
[2025-12-24T05:32:22.068+0000][565.072s][info][gc,heap     ] GC(313) Old regions: 91->91
[2025-12-24T05:32:22.068+0000][565.072s][info][gc,heap     ] GC(313) Archive regions: 2->2
[2025-12-24T05:32:22.068+0000][565.073s][info][gc,heap     ] GC(313) Humongous regions: 37->37
[2025-12-24T05:32:22.068+0000][565.073s][info][gc,metaspace] GC(313) Metaspace: 98461K(99584K)->98461K(99584K) NonClass: 85567K(86080K)->85567K(86080K) Class: 12894K(13504K)->12894K(13504K)
[2025-12-24T05:32:22.069+0000][565.073s][info][gc          ] GC(313) Pause Young (Normal) (G1 Evacuation Pause) 453M->128M(544M) 2.459ms
[2025-12-24T05:32:22.069+0000][565.073s][info][gc,cpu      ] GC(313) User=0.00s Sys=0.00s Real=0.01s
[2025-12-24T05:32:26.245+0000][569.250s][info][gc,start    ] GC(314) Pause Young (Normal) (G1 Evacuation Pause)
[2025-12-24T05:32:26.246+0000][569.250s][info][gc,task     ] GC(314) Using 3 workers of 3 for evacuation
[2025-12-24T05:32:26.248+0000][569.252s][info][gc,phases   ] GC(314)   Pre Evacuate Collection Set: 0.1ms
[2025-12-24T05:32:26.249+0000][569.253s][info][gc,phases   ] GC(314)   Merge Heap Roots: 0.1ms
[2025-12-24T05:32:26.249+0000][569.253s][info][gc,phases   ] GC(314)   Evacuate Collection Set: 1.6ms
[2025-12-24T05:32:26.249+0000][569.253s][info][gc,phases   ] GC(314)   Post Evacuate Collection Set: 0.5ms
[2025-12-24T05:32:26.249+0000][569.253s][info][gc,phases   ] GC(314)   Other: 0.6ms
[2025-12-24T05:32:26.249+0000][569.253s][info][gc,heap     ] GC(314) Eden regions: 325->0(325)
[2025-12-24T05:32:26.249+0000][569.253s][info][gc,heap     ] GC(314) Survivor regions: 1->1(41)
[2025-12-24T05:32:26.249+0000][569.253s][info][gc,heap     ] GC(314) Old regions: 91->91
[2025-12-24T05:32:26.249+0000][569.253s][info][gc,heap     ] GC(314) Archive regions: 2->2
[2025-12-24T05:32:26.249+0000][569.253s][info][gc,heap     ] GC(314) Humongous regions: 37->37
[2025-12-24T05:32:26.249+0000][569.253s][info][gc,metaspace] GC(314) Metaspace: 98469K(99584K)->98469K(99584K) NonClass: 85575K(86080K)->85575K(86080K) Class: 12894K(13504K)->12894K(13504K)
[2025-12-24T05:32:26.249+0000][569.253s][info][gc          ] GC(314) Pause Young (Normal) (G1 Evacuation Pause) 453M->128M(544M) 3.795ms
[2025-12-24T05:32:26.249+0000][569.254s][info][gc,cpu      ] GC(314) User=0.00s Sys=0.00s Real=0.01s
[2025-12-24T05:32:30.482+0000][573.486s][info][gc,start    ] GC(315) Pause Young (Normal) (G1 Evacuation Pause)
[2025-12-24T05:32:30.482+0000][573.486s][info][gc,task     ] GC(315) Using 3 workers of 3 for evacuation
[2025-12-24T05:32:30.484+0000][573.489s][info][gc,phases   ] GC(315)   Pre Evacuate Collection Set: 0.1ms
[2025-12-24T05:32:30.485+0000][573.489s][info][gc,phases   ] GC(315)   Merge Heap Roots: 0.1ms
[2025-12-24T05:32:30.485+0000][573.489s][info][gc,phases   ] GC(315)   Evacuate Collection Set: 1.2ms
[2025-12-24T05:32:30.485+0000][573.489s][info][gc,phases   ] GC(315)   Post Evacuate Collection Set: 0.5ms
[2025-12-24T05:32:30.485+0000][573.489s][info][gc,phases   ] GC(315)   Other: 0.6ms
[2025-12-24T05:32:30.485+0000][573.489s][info][gc,heap     ] GC(315) Eden regions: 325->0(325)
[2025-12-24T05:32:30.485+0000][573.489s][info][gc,heap     ] GC(315) Survivor regions: 1->1(41)
[2025-12-24T05:32:30.485+0000][573.489s][info][gc,heap     ] GC(315) Old regions: 91->91
[2025-12-24T05:32:30.485+0000][573.490s][info][gc,heap     ] GC(315) Archive regions: 2->2
[2025-12-24T05:32:30.486+0000][573.490s][info][gc,heap     ] GC(315) Humongous regions: 37->37
[2025-12-24T05:32:30.486+0000][573.490s][info][gc,metaspace] GC(315) Metaspace: 98469K(99584K)->98469K(99584K) NonClass: 85575K(86080K)->85575K(86080K) Class: 12894K(13504K)->12894K(13504K)
[2025-12-24T05:32:30.486+0000][573.490s][info][gc          ] GC(315) Pause Young (Normal) (G1 Evacuation Pause) 453M->128M(544M) 3.784ms
[2025-12-24T05:32:30.486+0000][573.490s][info][gc,cpu      ] GC(315) User=0.00s Sys=0.00s Real=0.00s
[2025-12-24T05:32:34.675+0000][577.679s][info][gc,start    ] GC(316) Pause Young (Normal) (G1 Evacuation Pause)
[2025-12-24T05:32:34.675+0000][577.679s][info][gc,task     ] GC(316) Using 3 workers of 3 for evacuation
[2025-12-24T05:32:34.677+0000][577.681s][info][gc,phases   ] GC(316)   Pre Evacuate Collection Set: 0.1ms
[2025-12-24T05:32:34.677+0000][577.681s][info][gc,phases   ] GC(316)   Merge Heap Roots: 0.1ms
[2025-12-24T05:32:34.677+0000][577.681s][info][gc,phases   ] GC(316)   Evacuate Collection Set: 1.1ms
[2025-12-24T05:32:34.677+0000][577.682s][info][gc,phases   ] GC(316)   Post Evacuate Collection Set: 0.4ms
[2025-12-24T05:32:34.678+0000][577.682s][info][gc,phases   ] GC(316)   Other: 0.5ms
[2025-12-24T05:32:34.678+0000][577.682s][info][gc,heap     ] GC(316) Eden regions: 325->0(325)
[2025-12-24T05:32:34.678+0000][577.682s][info][gc,heap     ] GC(316) Survivor regions: 1->1(41)
[2025-12-24T05:32:34.678+0000][577.682s][info][gc,heap     ] GC(316) Old regions: 91->91
[2025-12-24T05:32:34.678+0000][577.682s][info][gc,heap     ] GC(316) Archive regions: 2->2
[2025-12-24T05:32:34.678+0000][577.682s][info][gc,heap     ] GC(316) Humongous regions: 37->37
[2025-12-24T05:32:34.678+0000][577.682s][info][gc,metaspace] GC(316) Metaspace: 98470K(99584K)->98470K(99584K) NonClass: 85576K(86080K)->85576K(86080K) Class: 12894K(13504K)->12894K(13504K)
[2025-12-24T05:32:34.678+0000][577.682s][info][gc          ] GC(316) Pause Young (Normal) (G1 Evacuation Pause) 453M->128M(544M) 3.204ms
[2025-12-24T05:32:34.678+0000][577.682s][info][gc,cpu      ] GC(316) User=0.00s Sys=0.00s Real=0.00s
[2025-12-24T05:32:37.463+0000][580.467s][info][gc,start    ] GC(317) Pause Young (Normal) (G1 Evacuation Pause)
[2025-12-24T05:32:37.464+0000][580.468s][info][gc,task     ] GC(317) Using 3 workers of 3 for evacuation
[2025-12-24T05:32:37.467+0000][580.471s][info][gc,phases   ] GC(317)   Pre Evacuate Collection Set: 0.1ms
[2025-12-24T05:32:37.467+0000][580.471s][info][gc,phases   ] GC(317)   Merge Heap Roots: 0.1ms
[2025-12-24T05:32:37.467+0000][580.471s][info][gc,phases   ] GC(317)   Evacuate Collection Set: 1.6ms
[2025-12-24T05:32:37.467+0000][580.471s][info][gc,phases   ] GC(317)   Post Evacuate Collection Set: 0.5ms
[2025-12-24T05:32:37.467+0000][580.471s][info][gc,phases   ] GC(317)   Other: 1.3ms
[2025-12-24T05:32:37.467+0000][580.471s][info][gc,heap     ] GC(317) Eden regions: 325->0(325)
[2025-12-24T05:32:37.467+0000][580.472s][info][gc,heap     ] GC(317) Survivor regions: 1->1(41)
[2025-12-24T05:32:37.468+0000][580.472s][info][gc,heap     ] GC(317) Old regions: 91->91
[2025-12-24T05:32:37.468+0000][580.472s][info][gc,heap     ] GC(317) Archive regions: 2->2
[2025-12-24T05:32:37.468+0000][580.472s][info][gc,heap     ] GC(317) Humongous regions: 37->37
[2025-12-24T05:32:37.468+0000][580.472s][info][gc,metaspace] GC(317) Metaspace: 98471K(99584K)->98471K(99584K) NonClass: 85577K(86080K)->85577K(86080K) Class: 12894K(13504K)->12894K(13504K)
[2025-12-24T05:32:37.468+0000][580.472s][info][gc          ] GC(317) Pause Young (Normal) (G1 Evacuation Pause) 453M->128M(544M) 5.254ms
[2025-12-24T05:32:37.469+0000][580.473s][info][gc,cpu      ] GC(317) User=0.01s Sys=0.00s Real=0.00s
[2025-12-24T05:32:41.663+0000][584.667s][info][gc,start    ] GC(318) Pause Young (Normal) (G1 Evacuation Pause)
[2025-12-24T05:32:41.664+0000][584.668s][info][gc,task     ] GC(318) Using 3 workers of 3 for evacuation
[2025-12-24T05:32:41.666+0000][584.670s][info][gc,phases   ] GC(318)   Pre Evacuate Collection Set: 0.1ms
[2025-12-24T05:32:41.666+0000][584.670s][info][gc,phases   ] GC(318)   Merge Heap Roots: 0.1ms
[2025-12-24T05:32:41.666+0000][584.670s][info][gc,phases   ] GC(318)   Evacuate Collection Set: 1.5ms
[2025-12-24T05:32:41.666+0000][584.671s][info][gc,phases   ] GC(318)   Post Evacuate Collection Set: 0.5ms
[2025-12-24T05:32:41.667+0000][584.671s][info][gc,phases   ] GC(318)   Other: 0.8ms
[2025-12-24T05:32:41.667+0000][584.671s][info][gc,heap     ] GC(318) Eden regions: 325->0(325)
[2025-12-24T05:32:41.667+0000][584.671s][info][gc,heap     ] GC(318) Survivor regions: 1->1(41)
[2025-12-24T05:32:41.667+0000][584.671s][info][gc,heap     ] GC(318) Old regions: 91->91
[2025-12-24T05:32:41.667+0000][584.671s][info][gc,heap     ] GC(318) Archive regions: 2->2
[2025-12-24T05:32:41.667+0000][584.671s][info][gc,heap     ] GC(318) Humongous regions: 37->37
[2025-12-24T05:32:41.667+0000][584.671s][info][gc,metaspace] GC(318) Metaspace: 98471K(99584K)->98471K(99584K) NonClass: 85577K(86080K)->85577K(86080K) Class: 12894K(13504K)->12894K(13504K)
[2025-12-24T05:32:41.667+0000][584.671s][info][gc          ] GC(318) Pause Young (Normal) (G1 Evacuation Pause) 453M->128M(544M) 4.138ms
[2025-12-24T05:32:41.668+0000][584.672s][info][gc,cpu      ] GC(318) User=0.01s Sys=0.00s Real=0.00s
[2025-12-24T05:32:45.869+0000][588.873s][info][gc,start    ] GC(319) Pause Young (Normal) (G1 Evacuation Pause)
[2025-12-24T05:32:45.869+0000][588.873s][info][gc,task     ] GC(319) Using 3 workers of 3 for evacuation
[2025-12-24T05:32:45.871+0000][588.875s][info][gc,phases   ] GC(319)   Pre Evacuate Collection Set: 0.1ms
[2025-12-24T05:32:45.871+0000][588.875s][info][gc,phases   ] GC(319)   Merge Heap Roots: 0.1ms
[2025-12-24T05:32:45.871+0000][588.875s][info][gc,phases   ] GC(319)   Evacuate Collection Set: 1.1ms
[2025-12-24T05:32:45.871+0000][588.875s][info][gc,phases   ] GC(319)   Post Evacuate Collection Set: 0.4ms
[2025-12-24T05:32:45.871+0000][588.876s][info][gc,phases   ] GC(319)   Other: 0.8ms
[2025-12-24T05:32:45.872+0000][588.876s][info][gc,heap     ] GC(319) Eden regions: 325->0(325)
[2025-12-24T05:32:45.872+0000][588.876s][info][gc,heap     ] GC(319) Survivor regions: 1->1(41)
[2025-12-24T05:32:45.872+0000][588.876s][info][gc,heap     ] GC(319) Old regions: 91->91
[2025-12-24T05:32:45.872+0000][588.876s][info][gc,heap     ] GC(319) Archive regions: 2->2
[2025-12-24T05:32:45.872+0000][588.876s][info][gc,heap     ] GC(319) Humongous regions: 37->37
[2025-12-24T05:32:45.872+0000][588.876s][info][gc,metaspace] GC(319) Metaspace: 98472K(99584K)->98472K(99584K) NonClass: 85578K(86080K)->85578K(86080K) Class: 12894K(13504K)->12894K(13504K)
[2025-12-24T05:32:45.872+0000][588.876s][info][gc          ] GC(319) Pause Young (Normal) (G1 Evacuation Pause) 453M->128M(544M) 3.202ms
[2025-12-24T05:32:45.872+0000][588.876s][info][gc,cpu      ] GC(319) User=0.01s Sys=0.00s Real=0.00s
[2025-12-24T05:32:50.074+0000][593.078s][info][gc,start    ] GC(320) Pause Young (Normal) (G1 Evacuation Pause)
[2025-12-24T05:32:50.074+0000][593.078s][info][gc,task     ] GC(320) Using 3 workers of 3 for evacuation
[2025-12-24T05:32:50.077+0000][593.081s][info][gc,phases   ] GC(320)   Pre Evacuate Collection Set: 0.1ms
[2025-12-24T05:32:50.077+0000][593.081s][info][gc,phases   ] GC(320)   Merge Heap Roots: 0.1ms
[2025-12-24T05:32:50.077+0000][593.081s][info][gc,phases   ] GC(320)   Evacuate Collection Set: 1.6ms
[2025-12-24T05:32:50.077+0000][593.081s][info][gc,phases   ] GC(320)   Post Evacuate Collection Set: 0.8ms
[2025-12-24T05:32:50.077+0000][593.082s][info][gc,phases   ] GC(320)   Other: 0.6ms
[2025-12-24T05:32:50.078+0000][593.082s][info][gc,heap     ] GC(320) Eden regions: 325->0(325)
[2025-12-24T05:32:50.078+0000][593.082s][info][gc,heap     ] GC(320) Survivor regions: 1->1(41)
[2025-12-24T05:32:50.078+0000][593.082s][info][gc,heap     ] GC(320) Old regions: 91->91
[2025-12-24T05:32:50.078+0000][593.082s][info][gc,heap     ] GC(320) Archive regions: 2->2
[2025-12-24T05:32:50.078+0000][593.082s][info][gc,heap     ] GC(320) Humongous regions: 37->37
[2025-12-24T05:32:50.078+0000][593.082s][info][gc,metaspace] GC(320) Metaspace: 98472K(99584K)->98472K(99584K) NonClass: 85578K(86080K)->85578K(86080K) Class: 12894K(13504K)->12894K(13504K)
[2025-12-24T05:32:50.078+0000][593.082s][info][gc          ] GC(320) Pause Young (Normal) (G1 Evacuation Pause) 453M->128M(544M) 4.338ms
[2025-12-24T05:32:50.078+0000][593.082s][info][gc,cpu      ] GC(320) User=0.00s Sys=0.00s Real=0.00s
[2025-12-24T05:32:52.904+0000][595.909s][info][gc,start    ] GC(321) Pause Young (Normal) (G1 Evacuation Pause)
[2025-12-24T05:32:52.905+0000][595.909s][info][gc,task     ] GC(321) Using 3 workers of 3 for evacuation
[2025-12-24T05:32:52.907+0000][595.911s][info][gc,phases   ] GC(321)   Pre Evacuate Collection Set: 0.1ms
[2025-12-24T05:32:52.907+0000][595.911s][info][gc,phases   ] GC(321)   Merge Heap Roots: 0.1ms
[2025-12-24T05:32:52.907+0000][595.911s][info][gc,phases   ] GC(321)   Evacuate Collection Set: 1.2ms
[2025-12-24T05:32:52.907+0000][595.911s][info][gc,phases   ] GC(321)   Post Evacuate Collection Set: 0.5ms
[2025-12-24T05:32:52.907+0000][595.911s][info][gc,phases   ] GC(321)   Other: 0.5ms
[2025-12-24T05:32:52.907+0000][595.911s][info][gc,heap     ] GC(321) Eden regions: 325->0(325)
[2025-12-24T05:32:52.907+0000][595.911s][info][gc,heap     ] GC(321) Survivor regions: 1->1(41)
[2025-12-24T05:32:52.907+0000][595.911s][info][gc,heap     ] GC(321) Old regions: 91->91
[2025-12-24T05:32:52.907+0000][595.911s][info][gc,heap     ] GC(321) Archive regions: 2->2
[2025-12-24T05:32:52.907+0000][595.911s][info][gc,heap     ] GC(321) Humongous regions: 37->37
[2025-12-24T05:32:52.907+0000][595.912s][info][gc,metaspace] GC(321) Metaspace: 98480K(99648K)->98480K(99648K) NonClass: 85586K(86144K)->85586K(86144K) Class: 12894K(13504K)->12894K(13504K)
[2025-12-24T05:32:52.908+0000][595.912s][info][gc          ] GC(321) Pause Young (Normal) (G1 Evacuation Pause) 453M->128M(544M) 3.083ms
[2025-12-24T05:32:52.908+0000][595.912s][info][gc,cpu      ] GC(321) User=0.00s Sys=0.00s Real=0.00s
[2025-12-24T05:32:57.105+0000][600.109s][info][gc,start    ] GC(322) Pause Young (Normal) (G1 Evacuation Pause)
[2025-12-24T05:32:57.105+0000][600.109s][info][gc,task     ] GC(322) Using 3 workers of 3 for evacuation
[2025-12-24T05:32:57.107+0000][600.111s][info][gc,phases   ] GC(322)   Pre Evacuate Collection Set: 0.1ms
[2025-12-24T05:32:57.107+0000][600.111s][info][gc,phases   ] GC(322)   Merge Heap Roots: 0.1ms
[2025-12-24T05:32:57.107+0000][600.112s][info][gc,phases   ] GC(322)   Evacuate Collection Set: 1.2ms
[2025-12-24T05:32:57.108+0000][600.112s][info][gc,phases   ] GC(322)   Post Evacuate Collection Set: 0.5ms
[2025-12-24T05:32:57.108+0000][600.112s][info][gc,phases   ] GC(322)   Other: 0.9ms
[2025-12-24T05:32:57.108+0000][600.112s][info][gc,heap     ] GC(322) Eden regions: 325->0(325)
[2025-12-24T05:32:57.108+0000][600.112s][info][gc,heap     ] GC(322) Survivor regions: 1->1(41)
[2025-12-24T05:32:57.108+0000][600.112s][info][gc,heap     ] GC(322) Old regions: 91->91
[2025-12-24T05:32:57.108+0000][600.112s][info][gc,heap     ] GC(322) Archive regions: 2->2
[2025-12-24T05:32:57.108+0000][600.112s][info][gc,heap     ] GC(322) Humongous regions: 37->37
[2025-12-24T05:32:57.108+0000][600.112s][info][gc,metaspace] GC(322) Metaspace: 98480K(99648K)->98480K(99648K) NonClass: 85586K(86144K)->85586K(86144K) Class: 12894K(13504K)->12894K(13504K)
[2025-12-24T05:32:57.108+0000][600.113s][info][gc          ] GC(322) Pause Young (Normal) (G1 Evacuation Pause) 453M->128M(544M) 3.969ms
[2025-12-24T05:32:57.109+0000][600.113s][info][gc,cpu      ] GC(322) User=0.01s Sys=0.00s Real=0.01s
[2025-12-24T05:33:01.280+0000][604.284s][info][gc,start    ] GC(323) Pause Young (Normal) (G1 Evacuation Pause)
[2025-12-24T05:33:01.281+0000][604.285s][info][gc,task     ] GC(323) Using 3 workers of 3 for evacuation
[2025-12-24T05:33:01.283+0000][604.287s][info][gc,phases   ] GC(323)   Pre Evacuate Collection Set: 0.1ms
[2025-12-24T05:33:01.283+0000][604.287s][info][gc,phases   ] GC(323)   Merge Heap Roots: 0.1ms
[2025-12-24T05:33:01.283+0000][604.288s][info][gc,phases   ] GC(323)   Evacuate Collection Set: 2.0ms
[2025-12-24T05:33:01.283+0000][604.288s][info][gc,phases   ] GC(323)   Post Evacuate Collection Set: 0.4ms
[2025-12-24T05:33:01.284+0000][604.288s][info][gc,phases   ] GC(323)   Other: 0.5ms
[2025-12-24T05:33:01.284+0000][604.288s][info][gc,heap     ] GC(323) Eden regions: 325->0(325)
[2025-12-24T05:33:01.284+0000][604.288s][info][gc,heap     ] GC(323) Survivor regions: 1->1(41)
[2025-12-24T05:33:01.284+0000][604.288s][info][gc,heap     ] GC(323) Old regions: 91->91
[2025-12-24T05:33:01.284+0000][604.288s][info][gc,heap     ] GC(323) Archive regions: 2->2
[2025-12-24T05:33:01.284+0000][604.288s][info][gc,heap     ] GC(323) Humongous regions: 37->37
[2025-12-24T05:33:01.284+0000][604.288s][info][gc,metaspace] GC(323) Metaspace: 98482K(99648K)->98482K(99648K) NonClass: 85588K(86144K)->85588K(86144K) Class: 12894K(13504K)->12894K(13504K)
[2025-12-24T05:33:01.284+0000][604.288s][info][gc          ] GC(323) Pause Young (Normal) (G1 Evacuation Pause) 453M->129M(544M) 3.761ms
[2025-12-24T05:33:01.284+0000][604.288s][info][gc,cpu      ] GC(323) User=0.01s Sys=0.00s Real=0.00s
[2025-12-24T05:33:05.507+0000][608.511s][info][gc,start    ] GC(324) Pause Young (Normal) (G1 Evacuation Pause)
[2025-12-24T05:33:05.507+0000][608.511s][info][gc,task     ] GC(324) Using 3 workers of 3 for evacuation
[2025-12-24T05:33:05.509+0000][608.513s][info][gc,phases   ] GC(324)   Pre Evacuate Collection Set: 0.1ms
[2025-12-24T05:33:05.509+0000][608.513s][info][gc,phases   ] GC(324)   Merge Heap Roots: 0.1ms
[2025-12-24T05:33:05.509+0000][608.513s][info][gc,phases   ] GC(324)   Evacuate Collection Set: 1.7ms
[2025-12-24T05:33:05.509+0000][608.514s][info][gc,phases   ] GC(324)   Post Evacuate Collection Set: 0.5ms
[2025-12-24T05:33:05.510+0000][608.514s][info][gc,phases   ] GC(324)   Other: 0.5ms
[2025-12-24T05:33:05.510+0000][608.514s][info][gc,heap     ] GC(324) Eden regions: 325->0(325)
[2025-12-24T05:33:05.510+0000][608.514s][info][gc,heap     ] GC(324) Survivor regions: 1->1(41)
[2025-12-24T05:33:05.510+0000][608.514s][info][gc,heap     ] GC(324) Old regions: 91->91
[2025-12-24T05:33:05.510+0000][608.514s][info][gc,heap     ] GC(324) Archive regions: 2->2
[2025-12-24T05:33:05.510+0000][608.514s][info][gc,heap     ] GC(324) Humongous regions: 37->37
[2025-12-24T05:33:05.510+0000][608.514s][info][gc,metaspace] GC(324) Metaspace: 98482K(99648K)->98482K(99648K) NonClass: 85588K(86144K)->85588K(86144K) Class: 12894K(13504K)->12894K(13504K)
[2025-12-24T05:33:05.510+0000][608.514s][info][gc          ] GC(324) Pause Young (Normal) (G1 Evacuation Pause) 454M->129M(544M) 3.745ms
[2025-12-24T05:33:05.510+0000][608.515s][info][gc,cpu      ] GC(324) User=0.01s Sys=0.00s Real=0.01s
[2025-12-24T05:33:08.243+0000][611.247s][info][gc,start    ] GC(325) Pause Young (Normal) (G1 Evacuation Pause)
[2025-12-24T05:33:08.244+0000][611.248s][info][gc,task     ] GC(325) Using 3 workers of 3 for evacuation
[2025-12-24T05:33:08.246+0000][611.250s][info][gc,phases   ] GC(325)   Pre Evacuate Collection Set: 0.1ms
[2025-12-24T05:33:08.246+0000][611.250s][info][gc,phases   ] GC(325)   Merge Heap Roots: 0.1ms
[2025-12-24T05:33:08.246+0000][611.250s][info][gc,phases   ] GC(325)   Evacuate Collection Set: 1.2ms
[2025-12-24T05:33:08.246+0000][611.250s][info][gc,phases   ] GC(325)   Post Evacuate Collection Set: 0.4ms
[2025-12-24T05:33:08.246+0000][611.250s][info][gc,phases   ] GC(325)   Other: 0.7ms
[2025-12-24T05:33:08.246+0000][611.250s][info][gc,heap     ] GC(325) Eden regions: 325->0(325)
[2025-12-24T05:33:08.246+0000][611.250s][info][gc,heap     ] GC(325) Survivor regions: 1->1(41)
[2025-12-24T05:33:08.246+0000][611.251s][info][gc,heap     ] GC(325) Old regions: 91->91
[2025-12-24T05:33:08.246+0000][611.251s][info][gc,heap     ] GC(325) Archive regions: 2->2
[2025-12-24T05:33:08.247+0000][611.251s][info][gc,heap     ] GC(325) Humongous regions: 37->37
[2025-12-24T05:33:08.247+0000][611.251s][info][gc,metaspace] GC(325) Metaspace: 98486K(99648K)->98486K(99648K) NonClass: 85592K(86144K)->85592K(86144K) Class: 12894K(13504K)->12894K(13504K)
[2025-12-24T05:33:08.247+0000][611.251s][info][gc          ] GC(325) Pause Young (Normal) (G1 Evacuation Pause) 454M->129M(544M) 3.510ms
[2025-12-24T05:33:08.247+0000][611.251s][info][gc,cpu      ] GC(325) User=0.00s Sys=0.00s Real=0.00s
[2025-12-24T05:33:12.452+0000][615.456s][info][gc,start    ] GC(326) Pause Young (Normal) (G1 Evacuation Pause)
[2025-12-24T05:33:12.452+0000][615.456s][info][gc,task     ] GC(326) Using 3 workers of 3 for evacuation
[2025-12-24T05:33:12.454+0000][615.458s][info][gc,phases   ] GC(326)   Pre Evacuate Collection Set: 0.1ms
[2025-12-24T05:33:12.454+0000][615.458s][info][gc,phases   ] GC(326)   Merge Heap Roots: 0.1ms
[2025-12-24T05:33:12.454+0000][615.458s][info][gc,phases   ] GC(326)   Evacuate Collection Set: 1.2ms
[2025-12-24T05:33:12.454+0000][615.459s][info][gc,phases   ] GC(326)   Post Evacuate Collection Set: 0.4ms
[2025-12-24T05:33:12.455+0000][615.459s][info][gc,phases   ] GC(326)   Other: 0.5ms
[2025-12-24T05:33:12.455+0000][615.459s][info][gc,heap     ] GC(326) Eden regions: 325->0(325)
[2025-12-24T05:33:12.455+0000][615.459s][info][gc,heap     ] GC(326) Survivor regions: 1->1(41)
[2025-12-24T05:33:12.455+0000][615.459s][info][gc,heap     ] GC(326) Old regions: 91->91
[2025-12-24T05:33:12.455+0000][615.459s][info][gc,heap     ] GC(326) Archive regions: 2->2
[2025-12-24T05:33:12.455+0000][615.459s][info][gc,heap     ] GC(326) Humongous regions: 37->37
[2025-12-24T05:33:12.455+0000][615.459s][info][gc,metaspace] GC(326) Metaspace: 98486K(99648K)->98486K(99648K) NonClass: 85592K(86144K)->85592K(86144K) Class: 12894K(13504K)->12894K(13504K)
[2025-12-24T05:33:12.455+0000][615.459s][info][gc          ] GC(326) Pause Young (Normal) (G1 Evacuation Pause) 454M->129M(544M) 3.364ms
[2025-12-24T05:33:12.455+0000][615.459s][info][gc,cpu      ] GC(326) User=0.01s Sys=0.00s Real=0.00s
[2025-12-24T05:33:16.632+0000][619.636s][info][gc,start    ] GC(327) Pause Young (Normal) (G1 Evacuation Pause)
[2025-12-24T05:33:16.632+0000][619.637s][info][gc,task     ] GC(327) Using 3 workers of 3 for evacuation
[2025-12-24T05:33:16.636+0000][619.640s][info][gc,phases   ] GC(327)   Pre Evacuate Collection Set: 0.2ms
[2025-12-24T05:33:16.636+0000][619.640s][info][gc,phases   ] GC(327)   Merge Heap Roots: 0.1ms
[2025-12-24T05:33:16.636+0000][619.640s][info][gc,phases   ] GC(327)   Evacuate Collection Set: 1.9ms
[2025-12-24T05:33:16.636+0000][619.640s][info][gc,phases   ] GC(327)   Post Evacuate Collection Set: 0.6ms
[2025-12-24T05:33:16.636+0000][619.640s][info][gc,phases   ] GC(327)   Other: 0.6ms
[2025-12-24T05:33:16.636+0000][619.640s][info][gc,heap     ] GC(327) Eden regions: 325->0(325)
[2025-12-24T05:33:16.636+0000][619.640s][info][gc,heap     ] GC(327) Survivor regions: 1->1(41)
[2025-12-24T05:33:16.636+0000][619.641s][info][gc,heap     ] GC(327) Old regions: 91->91
[2025-12-24T05:33:16.637+0000][619.641s][info][gc,heap     ] GC(327) Archive regions: 2->2
[2025-12-24T05:33:16.637+0000][619.641s][info][gc,heap     ] GC(327) Humongous regions: 37->37
[2025-12-24T05:33:16.637+0000][619.641s][info][gc,metaspace] GC(327) Metaspace: 98486K(99648K)->98486K(99648K) NonClass: 85592K(86144K)->85592K(86144K) Class: 12894K(13504K)->12894K(13504K)
[2025-12-24T05:33:16.637+0000][619.641s][info][gc          ] GC(327) Pause Young (Normal) (G1 Evacuation Pause) 454M->129M(544M) 4.697ms
[2025-12-24T05:33:16.637+0000][619.641s][info][gc,cpu      ] GC(327) User=0.01s Sys=0.00s Real=0.00s
[2025-12-24T05:33:20.815+0000][623.819s][info][gc,start    ] GC(328) Pause Young (Normal) (G1 Evacuation Pause)
[2025-12-24T05:33:20.816+0000][623.820s][info][gc,task     ] GC(328) Using 3 workers of 3 for evacuation
[2025-12-24T05:33:20.818+0000][623.822s][info][gc,phases   ] GC(328)   Pre Evacuate Collection Set: 0.1ms
[2025-12-24T05:33:20.818+0000][623.822s][info][gc,phases   ] GC(328)   Merge Heap Roots: 0.1ms
[2025-12-24T05:33:20.818+0000][623.822s][info][gc,phases   ] GC(328)   Evacuate Collection Set: 1.3ms
[2025-12-24T05:33:20.818+0000][623.822s][info][gc,phases   ] GC(328)   Post Evacuate Collection Set: 0.4ms
[2025-12-24T05:33:20.818+0000][623.822s][info][gc,phases   ] GC(328)   Other: 0.8ms
[2025-12-24T05:33:20.818+0000][623.822s][info][gc,heap     ] GC(328) Eden regions: 325->0(325)
[2025-12-24T05:33:20.818+0000][623.822s][info][gc,heap     ] GC(328) Survivor regions: 1->1(41)
[2025-12-24T05:33:20.818+0000][623.822s][info][gc,heap     ] GC(328) Old regions: 91->91
[2025-12-24T05:33:20.818+0000][623.822s][info][gc,heap     ] GC(328) Archive regions: 2->2
[2025-12-24T05:33:20.818+0000][623.822s][info][gc,heap     ] GC(328) Humongous regions: 37->37
[2025-12-24T05:33:20.818+0000][623.823s][info][gc,metaspace] GC(328) Metaspace: 98486K(99648K)->98486K(99648K) NonClass: 85592K(86144K)->85592K(86144K) Class: 12894K(13504K)->12894K(13504K)
[2025-12-24T05:33:20.818+0000][623.823s][info][gc          ] GC(328) Pause Young (Normal) (G1 Evacuation Pause) 454M->129M(544M) 3.438ms
[2025-12-24T05:33:20.819+0000][623.823s][info][gc,cpu      ] GC(328) User=0.00s Sys=0.00s Real=0.01s
[2025-12-24T05:33:23.620+0000][626.624s][info][gc,start    ] GC(329) Pause Young (Normal) (G1 Evacuation Pause)
[2025-12-24T05:33:23.620+0000][626.624s][info][gc,task     ] GC(329) Using 3 workers of 3 for evacuation
[2025-12-24T05:33:23.622+0000][626.626s][info][gc,phases   ] GC(329)   Pre Evacuate Collection Set: 0.1ms
[2025-12-24T05:33:23.622+0000][626.627s][info][gc,phases   ] GC(329)   Merge Heap Roots: 0.1ms
[2025-12-24T05:33:23.623+0000][626.627s][info][gc,phases   ] GC(329)   Evacuate Collection Set: 1.3ms
[2025-12-24T05:33:23.623+0000][626.627s][info][gc,phases   ] GC(329)   Post Evacuate Collection Set: 0.5ms
[2025-12-24T05:33:23.623+0000][626.627s][info][gc,phases   ] GC(329)   Other: 0.6ms
[2025-12-24T05:33:23.623+0000][626.627s][info][gc,heap     ] GC(329) Eden regions: 325->0(325)
[2025-12-24T05:33:23.623+0000][626.627s][info][gc,heap     ] GC(329) Survivor regions: 1->1(41)
[2025-12-24T05:33:23.623+0000][626.627s][info][gc,heap     ] GC(329) Old regions: 91->91
[2025-12-24T05:33:23.623+0000][626.627s][info][gc,heap     ] GC(329) Archive regions: 2->2
[2025-12-24T05:33:23.623+0000][626.627s][info][gc,heap     ] GC(329) Humongous regions: 37->37
[2025-12-24T05:33:23.623+0000][626.628s][info][gc,metaspace] GC(329) Metaspace: 98489K(99648K)->98489K(99648K) NonClass: 85595K(86144K)->85595K(86144K) Class: 12894K(13504K)->12894K(13504K)
[2025-12-24T05:33:23.624+0000][626.628s][info][gc          ] GC(329) Pause Young (Normal) (G1 Evacuation Pause) 454M->129M(544M) 3.785ms
[2025-12-24T05:33:23.624+0000][626.628s][info][gc,cpu      ] GC(329) User=0.01s Sys=0.00s Real=0.00s
[2025-12-24T05:33:27.812+0000][630.816s][info][gc,start    ] GC(330) Pause Young (Normal) (G1 Evacuation Pause)
[2025-12-24T05:33:27.812+0000][630.816s][info][gc,task     ] GC(330) Using 3 workers of 3 for evacuation
[2025-12-24T05:33:27.815+0000][630.819s][info][gc,phases   ] GC(330)   Pre Evacuate Collection Set: 0.1ms
[2025-12-24T05:33:27.815+0000][630.819s][info][gc,phases   ] GC(330)   Merge Heap Roots: 0.1ms
[2025-12-24T05:33:27.815+0000][630.819s][info][gc,phases   ] GC(330)   Evacuate Collection Set: 1.6ms
[2025-12-24T05:33:27.815+0000][630.819s][info][gc,phases   ] GC(330)   Post Evacuate Collection Set: 0.5ms
[2025-12-24T05:33:27.815+0000][630.819s][info][gc,phases   ] GC(330)   Other: 0.6ms
[2025-12-24T05:33:27.815+0000][630.819s][info][gc,heap     ] GC(330) Eden regions: 325->0(325)
[2025-12-24T05:33:27.815+0000][630.819s][info][gc,heap     ] GC(330) Survivor regions: 1->1(41)
[2025-12-24T05:33:27.815+0000][630.819s][info][gc,heap     ] GC(330) Old regions: 91->91
[2025-12-24T05:33:27.815+0000][630.820s][info][gc,heap     ] GC(330) Archive regions: 2->2
[2025-12-24T05:33:27.816+0000][630.820s][info][gc,heap     ] GC(330) Humongous regions: 37->37
[2025-12-24T05:33:27.816+0000][630.820s][info][gc,metaspace] GC(330) Metaspace: 98489K(99648K)->98489K(99648K) NonClass: 85595K(86144K)->85595K(86144K) Class: 12894K(13504K)->12894K(13504K)
[2025-12-24T05:33:27.816+0000][630.820s][info][gc          ] GC(330) Pause Young (Normal) (G1 Evacuation Pause) 454M->129M(544M) 3.517ms
[2025-12-24T05:33:27.816+0000][630.820s][info][gc,cpu      ] GC(330) User=0.01s Sys=0.00s Real=0.00s
[2025-12-24T05:33:31.987+0000][634.991s][info][gc,start    ] GC(331) Pause Young (Normal) (G1 Evacuation Pause)
[2025-12-24T05:33:31.987+0000][634.991s][info][gc,task     ] GC(331) Using 3 workers of 3 for evacuation
[2025-12-24T05:33:31.990+0000][634.994s][info][gc,phases   ] GC(331)   Pre Evacuate Collection Set: 0.1ms
[2025-12-24T05:33:31.990+0000][634.994s][info][gc,phases   ] GC(331)   Merge Heap Roots: 0.1ms
[2025-12-24T05:33:31.990+0000][634.994s][info][gc,phases   ] GC(331)   Evacuate Collection Set: 1.7ms
[2025-12-24T05:33:31.990+0000][634.994s][info][gc,phases   ] GC(331)   Post Evacuate Collection Set: 0.5ms
[2025-12-24T05:33:31.990+0000][634.994s][info][gc,phases   ] GC(331)   Other: 0.5ms
[2025-12-24T05:33:31.990+0000][634.994s][info][gc,heap     ] GC(331) Eden regions: 325->0(325)
[2025-12-24T05:33:31.990+0000][634.994s][info][gc,heap     ] GC(331) Survivor regions: 1->1(41)
[2025-12-24T05:33:31.990+0000][634.994s][info][gc,heap     ] GC(331) Old regions: 91->91
[2025-12-24T05:33:31.990+0000][634.995s][info][gc,heap     ] GC(331) Archive regions: 2->2
[2025-12-24T05:33:31.991+0000][634.995s][info][gc,heap     ] GC(331) Humongous regions: 37->37
[2025-12-24T05:33:31.991+0000][634.995s][info][gc,metaspace] GC(331) Metaspace: 98489K(99648K)->98489K(99648K) NonClass: 85595K(86144K)->85595K(86144K) Class: 12894K(13504K)->12894K(13504K)
[2025-12-24T05:33:31.991+0000][634.995s][info][gc          ] GC(331) Pause Young (Normal) (G1 Evacuation Pause) 454M->129M(544M) 3.456ms
[2025-12-24T05:33:31.991+0000][634.995s][info][gc,cpu      ] GC(331) User=0.01s Sys=0.00s Real=0.01s
[2025-12-24T05:33:36.209+0000][639.213s][info][gc,start    ] GC(332) Pause Young (Normal) (G1 Evacuation Pause)
[2025-12-24T05:33:36.210+0000][639.214s][info][gc,task     ] GC(332) Using 3 workers of 3 for evacuation
[2025-12-24T05:33:36.212+0000][639.216s][info][gc,phases   ] GC(332)   Pre Evacuate Collection Set: 0.1ms
[2025-12-24T05:33:36.212+0000][639.216s][info][gc,phases   ] GC(332)   Merge Heap Roots: 0.1ms
[2025-12-24T05:33:36.212+0000][639.216s][info][gc,phases   ] GC(332)   Evacuate Collection Set: 1.2ms
[2025-12-24T05:33:36.212+0000][639.216s][info][gc,phases   ] GC(332)   Post Evacuate Collection Set: 0.5ms
[2025-12-24T05:33:36.212+0000][639.216s][info][gc,phases   ] GC(332)   Other: 0.8ms
[2025-12-24T05:33:36.212+0000][639.217s][info][gc,heap     ] GC(332) Eden regions: 325->0(325)
[2025-12-24T05:33:36.213+0000][639.217s][info][gc,heap     ] GC(332) Survivor regions: 1->1(41)
[2025-12-24T05:33:36.213+0000][639.217s][info][gc,heap     ] GC(332) Old regions: 91->91
[2025-12-24T05:33:36.213+0000][639.217s][info][gc,heap     ] GC(332) Archive regions: 2->2
[2025-12-24T05:33:36.213+0000][639.217s][info][gc,heap     ] GC(332) Humongous regions: 37->37
[2025-12-24T05:33:36.213+0000][639.217s][info][gc,metaspace] GC(332) Metaspace: 98489K(99648K)->98489K(99648K) NonClass: 85595K(86144K)->85595K(86144K) Class: 12894K(13504K)->12894K(13504K)
[2025-12-24T05:33:36.213+0000][639.217s][info][gc          ] GC(332) Pause Young (Normal) (G1 Evacuation Pause) 454M->129M(544M) 3.863ms
[2025-12-24T05:33:36.213+0000][639.217s][info][gc,cpu      ] GC(332) User=0.00s Sys=0.00s Real=0.00s
[2025-12-24T05:33:38.984+0000][641.988s][info][gc,start    ] GC(333) Pause Young (Normal) (G1 Evacuation Pause)
[2025-12-24T05:33:38.984+0000][641.988s][info][gc,task     ] GC(333) Using 3 workers of 3 for evacuation
[2025-12-24T05:33:38.986+0000][641.990s][info][gc,phases   ] GC(333)   Pre Evacuate Collection Set: 0.1ms
[2025-12-24T05:33:38.986+0000][641.990s][info][gc,phases   ] GC(333)   Merge Heap Roots: 0.1ms
[2025-12-24T05:33:38.986+0000][641.990s][info][gc,phases   ] GC(333)   Evacuate Collection Set: 1.1ms
[2025-12-24T05:33:38.986+0000][641.991s][info][gc,phases   ] GC(333)   Post Evacuate Collection Set: 0.5ms
[2025-12-24T05:33:38.987+0000][641.991s][info][gc,phases   ] GC(333)   Other: 0.5ms
[2025-12-24T05:33:38.987+0000][641.991s][info][gc,heap     ] GC(333) Eden regions: 325->0(325)
[2025-12-24T05:33:38.987+0000][641.991s][info][gc,heap     ] GC(333) Survivor regions: 1->1(41)
[2025-12-24T05:33:38.987+0000][641.991s][info][gc,heap     ] GC(333) Old regions: 91->91
[2025-12-24T05:33:38.987+0000][641.991s][info][gc,heap     ] GC(333) Archive regions: 2->2
[2025-12-24T05:33:38.987+0000][641.991s][info][gc,heap     ] GC(333) Humongous regions: 37->37
[2025-12-24T05:33:38.987+0000][641.991s][info][gc,metaspace] GC(333) Metaspace: 98489K(99648K)->98489K(99648K) NonClass: 85595K(86144K)->85595K(86144K) Class: 12894K(13504K)->12894K(13504K)
[2025-12-24T05:33:38.987+0000][641.991s][info][gc          ] GC(333) Pause Young (Normal) (G1 Evacuation Pause) 454M->129M(544M) 3.219ms
[2025-12-24T05:33:38.987+0000][641.991s][info][gc,cpu      ] GC(333) User=0.01s Sys=0.00s Real=0.00s
[2025-12-24T05:33:43.194+0000][646.198s][info][gc,start    ] GC(334) Pause Young (Normal) (G1 Evacuation Pause)
[2025-12-24T05:33:43.194+0000][646.198s][info][gc,task     ] GC(334) Using 3 workers of 3 for evacuation
[2025-12-24T05:33:43.196+0000][646.200s][info][gc,phases   ] GC(334)   Pre Evacuate Collection Set: 0.1ms
[2025-12-24T05:33:43.196+0000][646.201s][info][gc,phases   ] GC(334)   Merge Heap Roots: 0.1ms
[2025-12-24T05:33:43.197+0000][646.201s][info][gc,phases   ] GC(334)   Evacuate Collection Set: 1.2ms
[2025-12-24T05:33:43.197+0000][646.201s][info][gc,phases   ] GC(334)   Post Evacuate Collection Set: 0.5ms
[2025-12-24T05:33:43.197+0000][646.201s][info][gc,phases   ] GC(334)   Other: 0.6ms
[2025-12-24T05:33:43.197+0000][646.201s][info][gc,heap     ] GC(334) Eden regions: 325->0(325)
[2025-12-24T05:33:43.197+0000][646.201s][info][gc,heap     ] GC(334) Survivor regions: 1->1(41)
[2025-12-24T05:33:43.197+0000][646.201s][info][gc,heap     ] GC(334) Old regions: 91->91
[2025-12-24T05:33:43.197+0000][646.201s][info][gc,heap     ] GC(334) Archive regions: 2->2
[2025-12-24T05:33:43.197+0000][646.201s][info][gc,heap     ] GC(334) Humongous regions: 37->37
[2025-12-24T05:33:43.197+0000][646.201s][info][gc,metaspace] GC(334) Metaspace: 98489K(99648K)->98489K(99648K) NonClass: 85595K(86144K)->85595K(86144K) Class: 12894K(13504K)->12894K(13504K)
[2025-12-24T05:33:43.197+0000][646.202s][info][gc          ] GC(334) Pause Young (Normal) (G1 Evacuation Pause) 454M->129M(544M) 3.419ms
[2025-12-24T05:33:43.198+0000][646.202s][info][gc,cpu      ] GC(334) User=0.01s Sys=0.00s Real=0.00s
[2025-12-24T05:33:47.401+0000][650.406s][info][gc,start    ] GC(335) Pause Young (Normal) (G1 Evacuation Pause)
[2025-12-24T05:33:47.402+0000][650.406s][info][gc,task     ] GC(335) Using 3 workers of 3 for evacuation
[2025-12-24T05:33:47.404+0000][650.408s][info][gc,phases   ] GC(335)   Pre Evacuate Collection Set: 0.1ms
[2025-12-24T05:33:47.404+0000][650.408s][info][gc,phases   ] GC(335)   Merge Heap Roots: 0.1ms
[2025-12-24T05:33:47.404+0000][650.408s][info][gc,phases   ] GC(335)   Evacuate Collection Set: 1.1ms
[2025-12-24T05:33:47.404+0000][650.408s][info][gc,phases   ] GC(335)   Post Evacuate Collection Set: 0.5ms
[2025-12-24T05:33:47.404+0000][650.408s][info][gc,phases   ] GC(335)   Other: 0.6ms
[2025-12-24T05:33:47.404+0000][650.408s][info][gc,heap     ] GC(335) Eden regions: 325->0(325)
[2025-12-24T05:33:47.404+0000][650.408s][info][gc,heap     ] GC(335) Survivor regions: 1->1(41)
[2025-12-24T05:33:47.404+0000][650.409s][info][gc,heap     ] GC(335) Old regions: 91->91
[2025-12-24T05:33:47.405+0000][650.409s][info][gc,heap     ] GC(335) Archive regions: 2->2
[2025-12-24T05:33:47.405+0000][650.409s][info][gc,heap     ] GC(335) Humongous regions: 37->37
[2025-12-24T05:33:47.405+0000][650.409s][info][gc,metaspace] GC(335) Metaspace: 98489K(99648K)->98489K(99648K) NonClass: 85595K(86144K)->85595K(86144K) Class: 12894K(13504K)->12894K(13504K)
[2025-12-24T05:33:47.405+0000][650.409s][info][gc          ] GC(335) Pause Young (Normal) (G1 Evacuation Pause) 454M->129M(544M) 3.589ms
[2025-12-24T05:33:47.405+0000][650.409s][info][gc,cpu      ] GC(335) User=0.01s Sys=0.00s Real=0.00s
[2025-12-24T05:33:51.601+0000][654.605s][info][gc,start    ] GC(336) Pause Young (Normal) (G1 Evacuation Pause)
[2025-12-24T05:33:51.601+0000][654.605s][info][gc,task     ] GC(336) Using 3 workers of 3 for evacuation
[2025-12-24T05:33:51.603+0000][654.607s][info][gc,phases   ] GC(336)   Pre Evacuate Collection Set: 0.1ms
[2025-12-24T05:33:51.603+0000][654.607s][info][gc,phases   ] GC(336)   Merge Heap Roots: 0.1ms
[2025-12-24T05:33:51.603+0000][654.608s][info][gc,phases   ] GC(336)   Evacuate Collection Set: 1.5ms
[2025-12-24T05:33:51.604+0000][654.608s][info][gc,phases   ] GC(336)   Post Evacuate Collection Set: 0.4ms
[2025-12-24T05:33:51.604+0000][654.608s][info][gc,phases   ] GC(336)   Other: 0.5ms
[2025-12-24T05:33:51.604+0000][654.608s][info][gc,heap     ] GC(336) Eden regions: 325->0(325)
[2025-12-24T05:33:51.604+0000][654.608s][info][gc,heap     ] GC(336) Survivor regions: 1->1(41)
[2025-12-24T05:33:51.604+0000][654.608s][info][gc,heap     ] GC(336) Old regions: 91->91
[2025-12-24T05:33:51.604+0000][654.608s][info][gc,heap     ] GC(336) Archive regions: 2->2
[2025-12-24T05:33:51.604+0000][654.608s][info][gc,heap     ] GC(336) Humongous regions: 37->37
[2025-12-24T05:33:51.604+0000][654.608s][info][gc,metaspace] GC(336) Metaspace: 98491K(99648K)->98491K(99648K) NonClass: 85596K(86144K)->85596K(86144K) Class: 12894K(13504K)->12894K(13504K)
[2025-12-24T05:33:51.604+0000][654.608s][info][gc          ] GC(336) Pause Young (Normal) (G1 Evacuation Pause) 454M->129M(544M) 3.468ms
[2025-12-24T05:33:51.604+0000][654.609s][info][gc,cpu      ] GC(336) User=0.00s Sys=0.00s Real=0.00s
[2025-12-24T05:33:54.299+0000][657.303s][info][gc,start    ] GC(337) Pause Young (Normal) (G1 Evacuation Pause)
[2025-12-24T05:33:54.300+0000][657.304s][info][gc,task     ] GC(337) Using 3 workers of 3 for evacuation
[2025-12-24T05:33:54.303+0000][657.307s][info][gc,phases   ] GC(337)   Pre Evacuate Collection Set: 0.1ms
[2025-12-24T05:33:54.303+0000][657.307s][info][gc,phases   ] GC(337)   Merge Heap Roots: 0.1ms
[2025-12-24T05:33:54.303+0000][657.307s][info][gc,phases   ] GC(337)   Evacuate Collection Set: 1.8ms
[2025-12-24T05:33:54.303+0000][657.307s][info][gc,phases   ] GC(337)   Post Evacuate Collection Set: 0.6ms
[2025-12-24T05:33:54.303+0000][657.308s][info][gc,phases   ] GC(337)   Other: 1.4ms
[2025-12-24T05:33:54.303+0000][657.308s][info][gc,heap     ] GC(337) Eden regions: 325->0(325)
[2025-12-24T05:33:54.304+0000][657.308s][info][gc,heap     ] GC(337) Survivor regions: 1->1(41)
[2025-12-24T05:33:54.304+0000][657.308s][info][gc,heap     ] GC(337) Old regions: 91->91
[2025-12-24T05:33:54.304+0000][657.308s][info][gc,heap     ] GC(337) Archive regions: 2->2
[2025-12-24T05:33:54.304+0000][657.308s][info][gc,heap     ] GC(337) Humongous regions: 37->37
[2025-12-24T05:33:54.304+0000][657.308s][info][gc,metaspace] GC(337) Metaspace: 98502K(99648K)->98502K(99648K) NonClass: 85608K(86144K)->85608K(86144K) Class: 12894K(13504K)->12894K(13504K)
[2025-12-24T05:33:54.304+0000][657.308s][info][gc          ] GC(337) Pause Young (Normal) (G1 Evacuation Pause) 454M->129M(544M) 4.702ms
[2025-12-24T05:33:54.304+0000][657.308s][info][gc,cpu      ] GC(337) User=0.00s Sys=0.01s Real=0.00s
[2025-12-24T05:33:58.703+0000][661.708s][info][gc,start    ] GC(338) Pause Young (Normal) (G1 Evacuation Pause)
[2025-12-24T05:33:58.704+0000][661.708s][info][gc,task     ] GC(338) Using 3 workers of 3 for evacuation
[2025-12-24T05:33:58.706+0000][661.710s][info][gc,phases   ] GC(338)   Pre Evacuate Collection Set: 0.1ms
[2025-12-24T05:33:58.706+0000][661.710s][info][gc,phases   ] GC(338)   Merge Heap Roots: 0.1ms
[2025-12-24T05:33:58.706+0000][661.710s][info][gc,phases   ] GC(338)   Evacuate Collection Set: 1.4ms
[2025-12-24T05:33:58.706+0000][661.710s][info][gc,phases   ] GC(338)   Post Evacuate Collection Set: 0.4ms
[2025-12-24T05:33:58.706+0000][661.710s][info][gc,phases   ] GC(338)   Other: 0.5ms
[2025-12-24T05:33:58.706+0000][661.711s][info][gc,heap     ] GC(338) Eden regions: 325->0(325)
[2025-12-24T05:33:58.707+0000][661.711s][info][gc,heap     ] GC(338) Survivor regions: 1->1(41)
[2025-12-24T05:33:58.707+0000][661.711s][info][gc,heap     ] GC(338) Old regions: 91->92
[2025-12-24T05:33:58.707+0000][661.711s][info][gc,heap     ] GC(338) Archive regions: 2->2
[2025-12-24T05:33:58.707+0000][661.711s][info][gc,heap     ] GC(338) Humongous regions: 37->37
[2025-12-24T05:33:58.707+0000][661.711s][info][gc,metaspace] GC(338) Metaspace: 98509K(99648K)->98509K(99648K) NonClass: 85614K(86144K)->85614K(86144K) Class: 12894K(13504K)->12894K(13504K)
[2025-12-24T05:33:58.707+0000][661.711s][info][gc          ] GC(338) Pause Young (Normal) (G1 Evacuation Pause) 454M->129M(544M) 3.580ms
[2025-12-24T05:33:58.707+0000][661.711s][info][gc,cpu      ] GC(338) User=0.01s Sys=0.00s Real=0.00s
[2025-12-24T05:34:02.950+0000][665.955s][info][gc,start    ] GC(339) Pause Young (Normal) (G1 Evacuation Pause)
[2025-12-24T05:34:02.951+0000][665.955s][info][gc,task     ] GC(339) Using 3 workers of 3 for evacuation
[2025-12-24T05:34:02.954+0000][665.958s][info][gc,phases   ] GC(339)   Pre Evacuate Collection Set: 0.1ms
[2025-12-24T05:34:02.954+0000][665.958s][info][gc,phases   ] GC(339)   Merge Heap Roots: 0.1ms
[2025-12-24T05:34:02.954+0000][665.958s][info][gc,phases   ] GC(339)   Evacuate Collection Set: 2.0ms
[2025-12-24T05:34:02.954+0000][665.958s][info][gc,phases   ] GC(339)   Post Evacuate Collection Set: 0.6ms
[2025-12-24T05:34:02.954+0000][665.958s][info][gc,phases   ] GC(339)   Other: 0.8ms
[2025-12-24T05:34:02.954+0000][665.958s][info][gc,heap     ] GC(339) Eden regions: 325->0(325)
[2025-12-24T05:34:02.954+0000][665.958s][info][gc,heap     ] GC(339) Survivor regions: 1->1(41)
[2025-12-24T05:34:02.954+0000][665.958s][info][gc,heap     ] GC(339) Old regions: 92->92
[2025-12-24T05:34:02.954+0000][665.958s][info][gc,heap     ] GC(339) Archive regions: 2->2
[2025-12-24T05:34:02.954+0000][665.958s][info][gc,heap     ] GC(339) Humongous regions: 37->37
[2025-12-24T05:34:02.954+0000][665.958s][info][gc,metaspace] GC(339) Metaspace: 98509K(99648K)->98509K(99648K) NonClass: 85614K(86144K)->85614K(86144K) Class: 12894K(13504K)->12894K(13504K)
[2025-12-24T05:34:02.954+0000][665.959s][info][gc          ] GC(339) Pause Young (Normal) (G1 Evacuation Pause) 454M->129M(544M) 3.997ms
[2025-12-24T05:34:02.955+0000][665.959s][info][gc,cpu      ] GC(339) User=0.01s Sys=0.00s Real=0.00s
[2025-12-24T05:34:06.789+0000][669.793s][info][gc,start    ] GC(340) Pause Young (Normal) (G1 Evacuation Pause)
[2025-12-24T05:34:06.789+0000][669.793s][info][gc,task     ] GC(340) Using 3 workers of 3 for evacuation
[2025-12-24T05:34:06.791+0000][669.795s][info][gc,phases   ] GC(340)   Pre Evacuate Collection Set: 0.1ms
[2025-12-24T05:34:06.791+0000][669.795s][info][gc,phases   ] GC(340)   Merge Heap Roots: 0.1ms
[2025-12-24T05:34:06.791+0000][669.796s][info][gc,phases   ] GC(340)   Evacuate Collection Set: 1.4ms
[2025-12-24T05:34:06.792+0000][669.796s][info][gc,phases   ] GC(340)   Post Evacuate Collection Set: 0.4ms
[2025-12-24T05:34:06.792+0000][669.796s][info][gc,phases   ] GC(340)   Other: 0.5ms
[2025-12-24T05:34:06.792+0000][669.796s][info][gc,heap     ] GC(340) Eden regions: 325->0(325)
[2025-12-24T05:34:06.792+0000][669.796s][info][gc,heap     ] GC(340) Survivor regions: 1->1(41)
[2025-12-24T05:34:06.792+0000][669.796s][info][gc,heap     ] GC(340) Old regions: 92->92
[2025-12-24T05:34:06.792+0000][669.796s][info][gc,heap     ] GC(340) Archive regions: 2->2
[2025-12-24T05:34:06.792+0000][669.796s][info][gc,heap     ] GC(340) Humongous regions: 37->37
[2025-12-24T05:34:06.792+0000][669.796s][info][gc,metaspace] GC(340) Metaspace: 98511K(99648K)->98511K(99648K) NonClass: 85617K(86144K)->85617K(86144K) Class: 12894K(13504K)->12894K(13504K)
[2025-12-24T05:34:06.792+0000][669.796s][info][gc          ] GC(340) Pause Young (Normal) (G1 Evacuation Pause) 454M->129M(544M) 3.509ms
[2025-12-24T05:34:06.792+0000][669.797s][info][gc,cpu      ] GC(340) User=0.01s Sys=0.00s Real=0.00s
[2025-12-24T05:34:09.873+0000][672.877s][info][gc,start    ] GC(341) Pause Young (Normal) (G1 Evacuation Pause)
[2025-12-24T05:34:09.873+0000][672.878s][info][gc,task     ] GC(341) Using 3 workers of 3 for evacuation
[2025-12-24T05:34:09.875+0000][672.879s][info][gc,phases   ] GC(341)   Pre Evacuate Collection Set: 0.1ms
[2025-12-24T05:34:09.875+0000][672.880s][info][gc,phases   ] GC(341)   Merge Heap Roots: 0.1ms
[2025-12-24T05:34:09.876+0000][672.880s][info][gc,phases   ] GC(341)   Evacuate Collection Set: 1.1ms
[2025-12-24T05:34:09.876+0000][672.880s][info][gc,phases   ] GC(341)   Post Evacuate Collection Set: 0.5ms
[2025-12-24T05:34:09.876+0000][672.880s][info][gc,phases   ] GC(341)   Other: 0.5ms
[2025-12-24T05:34:09.876+0000][672.880s][info][gc,heap     ] GC(341) Eden regions: 325->0(325)
[2025-12-24T05:34:09.876+0000][672.880s][info][gc,heap     ] GC(341) Survivor regions: 1->1(41)
[2025-12-24T05:34:09.876+0000][672.880s][info][gc,heap     ] GC(341) Old regions: 92->92
[2025-12-24T05:34:09.876+0000][672.880s][info][gc,heap     ] GC(341) Archive regions: 2->2
[2025-12-24T05:34:09.876+0000][672.880s][info][gc,heap     ] GC(341) Humongous regions: 37->37
[2025-12-24T05:34:09.876+0000][672.880s][info][gc,metaspace] GC(341) Metaspace: 98511K(99648K)->98511K(99648K) NonClass: 85617K(86144K)->85617K(86144K) Class: 12894K(13504K)->12894K(13504K)
[2025-12-24T05:34:09.876+0000][672.881s][info][gc          ] GC(341) Pause Young (Normal) (G1 Evacuation Pause) 454M->129M(544M) 3.221ms
[2025-12-24T05:34:09.877+0000][672.881s][info][gc,cpu      ] GC(341) User=0.00s Sys=0.00s Real=0.00s
[2025-12-24T05:34:14.156+0000][677.161s][info][gc,start    ] GC(342) Pause Young (Normal) (G1 Evacuation Pause)
[2025-12-24T05:34:14.157+0000][677.161s][info][gc,task     ] GC(342) Using 3 workers of 3 for evacuation
[2025-12-24T05:34:14.159+0000][677.163s][info][gc,phases   ] GC(342)   Pre Evacuate Collection Set: 0.1ms
[2025-12-24T05:34:14.159+0000][677.163s][info][gc,phases   ] GC(342)   Merge Heap Roots: 0.1ms
[2025-12-24T05:34:14.159+0000][677.164s][info][gc,phases   ] GC(342)   Evacuate Collection Set: 1.3ms
[2025-12-24T05:34:14.160+0000][677.164s][info][gc,phases   ] GC(342)   Post Evacuate Collection Set: 0.4ms
[2025-12-24T05:34:14.160+0000][677.164s][info][gc,phases   ] GC(342)   Other: 1.1ms
[2025-12-24T05:34:14.160+0000][677.164s][info][gc,heap     ] GC(342) Eden regions: 325->0(325)
[2025-12-24T05:34:14.160+0000][677.164s][info][gc,heap     ] GC(342) Survivor regions: 1->1(41)
[2025-12-24T05:34:14.160+0000][677.164s][info][gc,heap     ] GC(342) Old regions: 92->92
[2025-12-24T05:34:14.160+0000][677.164s][info][gc,heap     ] GC(342) Archive regions: 2->2
[2025-12-24T05:34:14.160+0000][677.164s][info][gc,heap     ] GC(342) Humongous regions: 37->37
[2025-12-24T05:34:14.160+0000][677.164s][info][gc,metaspace] GC(342) Metaspace: 98511K(99648K)->98511K(99648K) NonClass: 85617K(86144K)->85617K(86144K) Class: 12894K(13504K)->12894K(13504K)
[2025-12-24T05:34:14.160+0000][677.164s][info][gc          ] GC(342) Pause Young (Normal) (G1 Evacuation Pause) 454M->130M(544M) 3.884ms
[2025-12-24T05:34:14.161+0000][677.165s][info][gc,cpu      ] GC(342) User=0.00s Sys=0.00s Real=0.01s
[2025-12-24T05:34:18.376+0000][681.380s][info][gc,start    ] GC(343) Pause Young (Normal) (G1 Evacuation Pause)
[2025-12-24T05:34:18.376+0000][681.380s][info][gc,task     ] GC(343) Using 3 workers of 3 for evacuation
[2025-12-24T05:34:18.378+0000][681.382s][info][gc,phases   ] GC(343)   Pre Evacuate Collection Set: 0.1ms
[2025-12-24T05:34:18.378+0000][681.382s][info][gc,phases   ] GC(343)   Merge Heap Roots: 0.1ms
[2025-12-24T05:34:18.378+0000][681.382s][info][gc,phases   ] GC(343)   Evacuate Collection Set: 1.2ms
[2025-12-24T05:34:18.378+0000][681.382s][info][gc,phases   ] GC(343)   Post Evacuate Collection Set: 0.4ms
[2025-12-24T05:34:18.378+0000][681.382s][info][gc,phases   ] GC(343)   Other: 0.5ms
[2025-12-24T05:34:18.378+0000][681.382s][info][gc,heap     ] GC(343) Eden regions: 325->0(325)
[2025-12-24T05:34:18.378+0000][681.382s][info][gc,heap     ] GC(343) Survivor regions: 1->1(41)
[2025-12-24T05:34:18.378+0000][681.382s][info][gc,heap     ] GC(343) Old regions: 92->92
[2025-12-24T05:34:18.378+0000][681.382s][info][gc,heap     ] GC(343) Archive regions: 2->2
[2025-12-24T05:34:18.378+0000][681.383s][info][gc,heap     ] GC(343) Humongous regions: 37->37
[2025-12-24T05:34:18.379+0000][681.383s][info][gc,metaspace] GC(343) Metaspace: 98511K(99648K)->98511K(99648K) NonClass: 85617K(86144K)->85617K(86144K) Class: 12894K(13504K)->12894K(13504K)
[2025-12-24T05:34:18.379+0000][681.383s][info][gc          ] GC(343) Pause Young (Normal) (G1 Evacuation Pause) 455M->129M(544M) 2.934ms
[2025-12-24T05:34:18.379+0000][681.383s][info][gc,cpu      ] GC(343) User=0.00s Sys=0.00s Real=0.01s
[2025-12-24T05:34:21.792+0000][684.796s][info][gc,start    ] GC(344) Pause Young (Normal) (G1 Evacuation Pause)
[2025-12-24T05:34:21.792+0000][684.796s][info][gc,task     ] GC(344) Using 3 workers of 3 for evacuation
[2025-12-24T05:34:21.794+0000][684.798s][info][gc,phases   ] GC(344)   Pre Evacuate Collection Set: 0.1ms
[2025-12-24T05:34:21.794+0000][684.798s][info][gc,phases   ] GC(344)   Merge Heap Roots: 0.1ms
[2025-12-24T05:34:21.794+0000][684.798s][info][gc,phases   ] GC(344)   Evacuate Collection Set: 1.3ms
[2025-12-24T05:34:21.794+0000][684.799s][info][gc,phases   ] GC(344)   Post Evacuate Collection Set: 0.4ms
[2025-12-24T05:34:21.795+0000][684.799s][info][gc,phases   ] GC(344)   Other: 0.5ms
[2025-12-24T05:34:21.795+0000][684.799s][info][gc,heap     ] GC(344) Eden regions: 325->0(325)
[2025-12-24T05:34:21.795+0000][684.799s][info][gc,heap     ] GC(344) Survivor regions: 1->1(41)
[2025-12-24T05:34:21.795+0000][684.799s][info][gc,heap     ] GC(344) Old regions: 92->92
[2025-12-24T05:34:21.795+0000][684.799s][info][gc,heap     ] GC(344) Archive regions: 2->2
[2025-12-24T05:34:21.795+0000][684.799s][info][gc,heap     ] GC(344) Humongous regions: 37->37
[2025-12-24T05:34:21.795+0000][684.799s][info][gc,metaspace] GC(344) Metaspace: 98511K(99648K)->98511K(99648K) NonClass: 85617K(86144K)->85617K(86144K) Class: 12894K(13504K)->12894K(13504K)
[2025-12-24T05:34:21.795+0000][684.799s][info][gc          ] GC(344) Pause Young (Normal) (G1 Evacuation Pause) 454M->129M(544M) 3.321ms
[2025-12-24T05:34:21.795+0000][684.799s][info][gc,cpu      ] GC(344) User=0.01s Sys=0.00s Real=0.00s
[2025-12-24T05:34:25.903+0000][688.907s][info][gc,start    ] GC(345) Pause Young (Normal) (G1 Evacuation Pause)
[2025-12-24T05:34:25.903+0000][688.907s][info][gc,task     ] GC(345) Using 3 workers of 3 for evacuation
[2025-12-24T05:34:25.906+0000][688.910s][info][gc,phases   ] GC(345)   Pre Evacuate Collection Set: 0.1ms
[2025-12-24T05:34:25.906+0000][688.910s][info][gc,phases   ] GC(345)   Merge Heap Roots: 0.1ms
[2025-12-24T05:34:25.906+0000][688.910s][info][gc,phases   ] GC(345)   Evacuate Collection Set: 1.8ms
[2025-12-24T05:34:25.906+0000][688.910s][info][gc,phases   ] GC(345)   Post Evacuate Collection Set: 0.6ms
[2025-12-24T05:34:25.907+0000][688.911s][info][gc,phases   ] GC(345)   Other: 0.6ms
[2025-12-24T05:34:25.907+0000][688.911s][info][gc,heap     ] GC(345) Eden regions: 325->0(325)
[2025-12-24T05:34:25.907+0000][688.911s][info][gc,heap     ] GC(345) Survivor regions: 1->1(41)
[2025-12-24T05:34:25.907+0000][688.911s][info][gc,heap     ] GC(345) Old regions: 92->92
[2025-12-24T05:34:25.907+0000][688.911s][info][gc,heap     ] GC(345) Archive regions: 2->2
[2025-12-24T05:34:25.907+0000][688.911s][info][gc,heap     ] GC(345) Humongous regions: 37->37
[2025-12-24T05:34:25.907+0000][688.912s][info][gc,metaspace] GC(345) Metaspace: 98512K(99648K)->98512K(99648K) NonClass: 85618K(86144K)->85618K(86144K) Class: 12894K(13504K)->12894K(13504K)
[2025-12-24T05:34:25.908+0000][688.912s][info][gc          ] GC(345) Pause Young (Normal) (G1 Evacuation Pause) 454M->129M(544M) 4.759ms
[2025-12-24T05:34:25.908+0000][688.912s][info][gc,cpu      ] GC(345) User=0.01s Sys=0.00s Real=0.00s
[2025-12-24T05:34:30.504+0000][693.508s][info][gc,start    ] GC(346) Pause Young (Normal) (G1 Evacuation Pause)
[2025-12-24T05:34:30.505+0000][693.509s][info][gc,task     ] GC(346) Using 3 workers of 3 for evacuation
[2025-12-24T05:34:30.509+0000][693.513s][info][gc,phases   ] GC(346)   Pre Evacuate Collection Set: 0.1ms
[2025-12-24T05:34:30.509+0000][693.513s][info][gc,phases   ] GC(346)   Merge Heap Roots: 0.1ms
[2025-12-24T05:34:30.509+0000][693.513s][info][gc,phases   ] GC(346)   Evacuate Collection Set: 2.7ms
[2025-12-24T05:34:30.509+0000][693.513s][info][gc,phases   ] GC(346)   Post Evacuate Collection Set: 0.9ms
[2025-12-24T05:34:30.509+0000][693.513s][info][gc,phases   ] GC(346)   Other: 0.8ms
[2025-12-24T05:34:30.509+0000][693.514s][info][gc,heap     ] GC(346) Eden regions: 325->0(325)
[2025-12-24T05:34:30.510+0000][693.514s][info][gc,heap     ] GC(346) Survivor regions: 1->1(41)
[2025-12-24T05:34:30.510+0000][693.514s][info][gc,heap     ] GC(346) Old regions: 92->92
[2025-12-24T05:34:30.510+0000][693.514s][info][gc,heap     ] GC(346) Archive regions: 2->2
[2025-12-24T05:34:30.510+0000][693.514s][info][gc,heap     ] GC(346) Humongous regions: 37->37
[2025-12-24T05:34:30.510+0000][693.514s][info][gc,metaspace] GC(346) Metaspace: 98512K(99648K)->98512K(99648K) NonClass: 85618K(86144K)->85618K(86144K) Class: 12894K(13504K)->12894K(13504K)
[2025-12-24T05:34:30.510+0000][693.514s][info][gc          ] GC(346) Pause Young (Normal) (G1 Evacuation Pause) 454M->130M(544M) 6.022ms
[2025-12-24T05:34:30.511+0000][693.515s][info][gc,cpu      ] GC(346) User=0.01s Sys=0.00s Real=0.01s
[2025-12-24T05:34:35.348+0000][698.352s][info][gc,start    ] GC(347) Pause Young (Normal) (G1 Evacuation Pause)
[2025-12-24T05:34:35.348+0000][698.352s][info][gc,task     ] GC(347) Using 3 workers of 3 for evacuation
[2025-12-24T05:34:35.350+0000][698.354s][info][gc,phases   ] GC(347)   Pre Evacuate Collection Set: 0.1ms
[2025-12-24T05:34:35.350+0000][698.354s][info][gc,phases   ] GC(347)   Merge Heap Roots: 0.1ms
[2025-12-24T05:34:35.350+0000][698.354s][info][gc,phases   ] GC(347)   Evacuate Collection Set: 1.3ms
[2025-12-24T05:34:35.350+0000][698.355s][info][gc,phases   ] GC(347)   Post Evacuate Collection Set: 0.5ms
[2025-12-24T05:34:35.350+0000][698.355s][info][gc,phases   ] GC(347)   Other: 0.5ms
[2025-12-24T05:34:35.351+0000][698.355s][info][gc,heap     ] GC(347) Eden regions: 325->0(325)
[2025-12-24T05:34:35.351+0000][698.355s][info][gc,heap     ] GC(347) Survivor regions: 1->1(41)
[2025-12-24T05:34:35.351+0000][698.355s][info][gc,heap     ] GC(347) Old regions: 92->92
[2025-12-24T05:34:35.351+0000][698.355s][info][gc,heap     ] GC(347) Archive regions: 2->2
[2025-12-24T05:34:35.351+0000][698.355s][info][gc,heap     ] GC(347) Humongous regions: 37->37
[2025-12-24T05:34:35.351+0000][698.355s][info][gc,metaspace] GC(347) Metaspace: 98512K(99648K)->98512K(99648K) NonClass: 85618K(86144K)->85618K(86144K) Class: 12894K(13504K)->12894K(13504K)
[2025-12-24T05:34:35.351+0000][698.355s][info][gc          ] GC(347) Pause Young (Normal) (G1 Evacuation Pause) 455M->129M(544M) 3.547ms
[2025-12-24T05:34:35.351+0000][698.356s][info][gc,cpu      ] GC(347) User=0.01s Sys=0.00s Real=0.01s
[2025-12-24T05:34:38.324+0000][701.328s][info][gc,start    ] GC(348) Pause Young (Normal) (G1 Evacuation Pause)
[2025-12-24T05:34:38.325+0000][701.329s][info][gc,task     ] GC(348) Using 3 workers of 3 for evacuation
[2025-12-24T05:34:38.330+0000][701.334s][info][gc,phases   ] GC(348)   Pre Evacuate Collection Set: 0.3ms
[2025-12-24T05:34:38.330+0000][701.334s][info][gc,phases   ] GC(348)   Merge Heap Roots: 0.1ms
[2025-12-24T05:34:38.330+0000][701.334s][info][gc,phases   ] GC(348)   Evacuate Collection Set: 2.8ms
[2025-12-24T05:34:38.330+0000][701.335s][info][gc,phases   ] GC(348)   Post Evacuate Collection Set: 1.0ms
[2025-12-24T05:34:38.331+0000][701.335s][info][gc,phases   ] GC(348)   Other: 1.8ms
[2025-12-24T05:34:38.331+0000][701.335s][info][gc,heap     ] GC(348) Eden regions: 325->0(325)
[2025-12-24T05:34:38.331+0000][701.335s][info][gc,heap     ] GC(348) Survivor regions: 1->1(41)
[2025-12-24T05:34:38.331+0000][701.335s][info][gc,heap     ] GC(348) Old regions: 92->92
[2025-12-24T05:34:38.331+0000][701.336s][info][gc,heap     ] GC(348) Archive regions: 2->2
[2025-12-24T05:34:38.332+0000][701.336s][info][gc,heap     ] GC(348) Humongous regions: 37->37
[2025-12-24T05:34:38.332+0000][701.336s][info][gc,metaspace] GC(348) Metaspace: 98513K(99648K)->98513K(99648K) NonClass: 85618K(86144K)->85618K(86144K) Class: 12894K(13504K)->12894K(13504K)
[2025-12-24T05:34:38.332+0000][701.336s][info][gc          ] GC(348) Pause Young (Normal) (G1 Evacuation Pause) 454M->129M(544M) 7.899ms
[2025-12-24T05:34:38.332+0000][701.337s][info][gc,cpu      ] GC(348) User=0.01s Sys=0.01s Real=0.01s
[2025-12-24T05:34:43.188+0000][706.193s][info][gc,start    ] GC(349) Pause Young (Normal) (G1 Evacuation Pause)
[2025-12-24T05:34:43.189+0000][706.193s][info][gc,task     ] GC(349) Using 3 workers of 3 for evacuation
[2025-12-24T05:34:43.195+0000][706.199s][info][gc,phases   ] GC(349)   Pre Evacuate Collection Set: 0.3ms
[2025-12-24T05:34:43.195+0000][706.199s][info][gc,phases   ] GC(349)   Merge Heap Roots: 0.2ms
[2025-12-24T05:34:43.195+0000][706.199s][info][gc,phases   ] GC(349)   Evacuate Collection Set: 3.8ms
[2025-12-24T05:34:43.195+0000][706.200s][info][gc,phases   ] GC(349)   Post Evacuate Collection Set: 1.0ms
[2025-12-24T05:34:43.196+0000][706.200s][info][gc,phases   ] GC(349)   Other: 1.4ms
[2025-12-24T05:34:43.196+0000][706.200s][info][gc,heap     ] GC(349) Eden regions: 325->0(325)
[2025-12-24T05:34:43.196+0000][706.200s][info][gc,heap     ] GC(349) Survivor regions: 1->1(41)
[2025-12-24T05:34:43.196+0000][706.200s][info][gc,heap     ] GC(349) Old regions: 92->92
[2025-12-24T05:34:43.196+0000][706.201s][info][gc,heap     ] GC(349) Archive regions: 2->2
[2025-12-24T05:34:43.197+0000][706.201s][info][gc,heap     ] GC(349) Humongous regions: 37->37
[2025-12-24T05:34:43.197+0000][706.201s][info][gc,metaspace] GC(349) Metaspace: 98513K(99648K)->98513K(99648K) NonClass: 85618K(86144K)->85618K(86144K) Class: 12894K(13504K)->12894K(13504K)
[2025-12-24T05:34:43.197+0000][706.201s][info][gc          ] GC(349) Pause Young (Normal) (G1 Evacuation Pause) 454M->129M(544M) 8.546ms
[2025-12-24T05:34:43.197+0000][706.201s][info][gc,cpu      ] GC(349) User=0.01s Sys=0.00s Real=0.01s
[2025-12-24T05:34:47.996+0000][711.000s][info][gc,start    ] GC(350) Pause Young (Normal) (G1 Evacuation Pause)
[2025-12-24T05:34:47.997+0000][711.001s][info][gc,task     ] GC(350) Using 3 workers of 3 for evacuation
[2025-12-24T05:34:48.000+0000][711.004s][info][gc,phases   ] GC(350)   Pre Evacuate Collection Set: 0.1ms
[2025-12-24T05:34:48.000+0000][711.004s][info][gc,phases   ] GC(350)   Merge Heap Roots: 0.1ms
[2025-12-24T05:34:48.000+0000][711.004s][info][gc,phases   ] GC(350)   Evacuate Collection Set: 1.6ms
[2025-12-24T05:34:48.000+0000][711.004s][info][gc,phases   ] GC(350)   Post Evacuate Collection Set: 0.6ms
[2025-12-24T05:34:48.000+0000][711.004s][info][gc,phases   ] GC(350)   Other: 1.5ms
[2025-12-24T05:34:48.000+0000][711.004s][info][gc,heap     ] GC(350) Eden regions: 325->0(325)
[2025-12-24T05:34:48.000+0000][711.004s][info][gc,heap     ] GC(350) Survivor regions: 1->1(41)
[2025-12-24T05:34:48.000+0000][711.005s][info][gc,heap     ] GC(350) Old regions: 92->92
[2025-12-24T05:34:48.001+0000][711.005s][info][gc,heap     ] GC(350) Archive regions: 2->2
[2025-12-24T05:34:48.001+0000][711.005s][info][gc,heap     ] GC(350) Humongous regions: 37->37
[2025-12-24T05:34:48.001+0000][711.005s][info][gc,metaspace] GC(350) Metaspace: 98513K(99648K)->98513K(99648K) NonClass: 85618K(86144K)->85618K(86144K) Class: 12894K(13504K)->12894K(13504K)
[2025-12-24T05:34:48.001+0000][711.005s][info][gc          ] GC(350) Pause Young (Normal) (G1 Evacuation Pause) 454M->129M(544M) 5.051ms
[2025-12-24T05:34:48.001+0000][711.005s][info][gc,cpu      ] GC(350) User=0.01s Sys=0.00s Real=0.01s
[2025-12-24T05:34:51.811+0000][714.815s][info][gc,start    ] GC(351) Pause Young (Normal) (G1 Evacuation Pause)
[2025-12-24T05:34:51.811+0000][714.815s][info][gc,task     ] GC(351) Using 3 workers of 3 for evacuation
[2025-12-24T05:34:51.814+0000][714.818s][info][gc,phases   ] GC(351)   Pre Evacuate Collection Set: 0.2ms
[2025-12-24T05:34:51.815+0000][714.819s][info][gc,phases   ] GC(351)   Merge Heap Roots: 0.1ms
[2025-12-24T05:34:51.815+0000][714.819s][info][gc,phases   ] GC(351)   Evacuate Collection Set: 2.2ms
[2025-12-24T05:34:51.815+0000][714.819s][info][gc,phases   ] GC(351)   Post Evacuate Collection Set: 0.8ms
[2025-12-24T05:34:51.815+0000][714.819s][info][gc,phases   ] GC(351)   Other: 0.6ms
[2025-12-24T05:34:51.815+0000][714.819s][info][gc,heap     ] GC(351) Eden regions: 325->0(325)
[2025-12-24T05:34:51.815+0000][714.819s][info][gc,heap     ] GC(351) Survivor regions: 1->1(41)
[2025-12-24T05:34:51.815+0000][714.819s][info][gc,heap     ] GC(351) Old regions: 92->92
[2025-12-24T05:34:51.815+0000][714.819s][info][gc,heap     ] GC(351) Archive regions: 2->2
[2025-12-24T05:34:51.815+0000][714.819s][info][gc,heap     ] GC(351) Humongous regions: 37->37
[2025-12-24T05:34:51.815+0000][714.820s][info][gc,metaspace] GC(351) Metaspace: 98514K(99648K)->98514K(99648K) NonClass: 85619K(86144K)->85619K(86144K) Class: 12894K(13504K)->12894K(13504K)
[2025-12-24T05:34:51.816+0000][714.820s][info][gc          ] GC(351) Pause Young (Normal) (G1 Evacuation Pause) 454M->130M(544M) 5.067ms
[2025-12-24T05:34:51.816+0000][714.820s][info][gc,cpu      ] GC(351) User=0.01s Sys=0.00s Real=0.00s
[2025-12-24T05:34:55.774+0000][718.778s][info][gc,start    ] GC(352) Pause Young (Normal) (G1 Evacuation Pause)
[2025-12-24T05:34:55.774+0000][718.779s][info][gc,task     ] GC(352) Using 3 workers of 3 for evacuation
[2025-12-24T05:34:55.777+0000][718.781s][info][gc,phases   ] GC(352)   Pre Evacuate Collection Set: 0.1ms
[2025-12-24T05:34:55.777+0000][718.781s][info][gc,phases   ] GC(352)   Merge Heap Roots: 0.1ms
[2025-12-24T05:34:55.777+0000][718.781s][info][gc,phases   ] GC(352)   Evacuate Collection Set: 1.3ms
[2025-12-24T05:34:55.777+0000][718.781s][info][gc,phases   ] GC(352)   Post Evacuate Collection Set: 0.4ms
[2025-12-24T05:34:55.777+0000][718.781s][info][gc,phases   ] GC(352)   Other: 0.5ms
[2025-12-24T05:34:55.777+0000][718.781s][info][gc,heap     ] GC(352) Eden regions: 325->0(325)
[2025-12-24T05:34:55.777+0000][718.781s][info][gc,heap     ] GC(352) Survivor regions: 1->1(41)
[2025-12-24T05:34:55.777+0000][718.781s][info][gc,heap     ] GC(352) Old regions: 92->92
[2025-12-24T05:34:55.777+0000][718.782s][info][gc,heap     ] GC(352) Archive regions: 2->2
[2025-12-24T05:34:55.778+0000][718.782s][info][gc,heap     ] GC(352) Humongous regions: 37->37
[2025-12-24T05:34:55.778+0000][718.782s][info][gc,metaspace] GC(352) Metaspace: 98514K(99648K)->98514K(99648K) NonClass: 85619K(86144K)->85619K(86144K) Class: 12894K(13504K)->12894K(13504K)
[2025-12-24T05:34:55.778+0000][718.782s][info][gc          ] GC(352) Pause Young (Normal) (G1 Evacuation Pause) 455M->130M(544M) 3.505ms
[2025-12-24T05:34:55.778+0000][718.782s][info][gc,cpu      ] GC(352) User=0.00s Sys=0.00s Real=0.00s
[2025-12-24T05:35:00.443+0000][723.447s][info][gc,start    ] GC(353) Pause Young (Normal) (G1 Evacuation Pause)
[2025-12-24T05:35:00.443+0000][723.447s][info][gc,task     ] GC(353) Using 3 workers of 3 for evacuation
[2025-12-24T05:35:00.446+0000][723.451s][info][gc,phases   ] GC(353)   Pre Evacuate Collection Set: 0.1ms
[2025-12-24T05:35:00.448+0000][723.452s][info][gc,phases   ] GC(353)   Merge Heap Roots: 0.1ms
[2025-12-24T05:35:00.448+0000][723.452s][info][gc,phases   ] GC(353)   Evacuate Collection Set: 2.2ms
[2025-12-24T05:35:00.448+0000][723.452s][info][gc,phases   ] GC(353)   Post Evacuate Collection Set: 0.5ms
[2025-12-24T05:35:00.448+0000][723.452s][info][gc,phases   ] GC(353)   Other: 0.9ms
[2025-12-24T05:35:00.448+0000][723.452s][info][gc,heap     ] GC(353) Eden regions: 325->0(325)
[2025-12-24T05:35:00.448+0000][723.452s][info][gc,heap     ] GC(353) Survivor regions: 1->1(41)
[2025-12-24T05:35:00.448+0000][723.452s][info][gc,heap     ] GC(353) Old regions: 92->92
[2025-12-24T05:35:00.448+0000][723.452s][info][gc,heap     ] GC(353) Archive regions: 2->2
[2025-12-24T05:35:00.448+0000][723.452s][info][gc,heap     ] GC(353) Humongous regions: 37->37
[2025-12-24T05:35:00.448+0000][723.452s][info][gc,metaspace] GC(353) Metaspace: 98518K(99648K)->98518K(99648K) NonClass: 85624K(86144K)->85624K(86144K) Class: 12894K(13504K)->12894K(13504K)
[2025-12-24T05:35:00.448+0000][723.453s][info][gc          ] GC(353) Pause Young (Normal) (G1 Evacuation Pause) 455M->130M(544M) 5.570ms
[2025-12-24T05:35:00.449+0000][723.453s][info][gc,cpu      ] GC(353) User=0.01s Sys=0.00s Real=0.00s
[2025-12-24T05:35:05.238+0000][728.242s][info][gc,start    ] GC(354) Pause Young (Normal) (G1 Evacuation Pause)
[2025-12-24T05:35:05.238+0000][728.242s][info][gc,task     ] GC(354) Using 3 workers of 3 for evacuation
[2025-12-24T05:35:05.245+0000][728.249s][info][gc,phases   ] GC(354)   Pre Evacuate Collection Set: 0.4ms
[2025-12-24T05:35:05.246+0000][728.250s][info][gc,phases   ] GC(354)   Merge Heap Roots: 0.1ms
[2025-12-24T05:35:05.246+0000][728.250s][info][gc,phases   ] GC(354)   Evacuate Collection Set: 4.8ms
[2025-12-24T05:35:05.246+0000][728.250s][info][gc,phases   ] GC(354)   Post Evacuate Collection Set: 1.2ms
[2025-12-24T05:35:05.246+0000][728.250s][info][gc,phases   ] GC(354)   Other: 1.5ms
[2025-12-24T05:35:05.247+0000][728.251s][info][gc,heap     ] GC(354) Eden regions: 325->0(325)
[2025-12-24T05:35:05.247+0000][728.251s][info][gc,heap     ] GC(354) Survivor regions: 1->1(41)
[2025-12-24T05:35:05.247+0000][728.251s][info][gc,heap     ] GC(354) Old regions: 92->92
[2025-12-24T05:35:05.247+0000][728.251s][info][gc,heap     ] GC(354) Archive regions: 2->2
[2025-12-24T05:35:05.247+0000][728.251s][info][gc,heap     ] GC(354) Humongous regions: 37->37
[2025-12-24T05:35:05.247+0000][728.251s][info][gc,metaspace] GC(354) Metaspace: 98518K(99648K)->98518K(99648K) NonClass: 85624K(86144K)->85624K(86144K) Class: 12894K(13504K)->12894K(13504K)
[2025-12-24T05:35:05.247+0000][728.251s][info][gc          ] GC(354) Pause Young (Normal) (G1 Evacuation Pause) 455M->130M(544M) 9.767ms
[2025-12-24T05:35:05.248+0000][728.252s][info][gc,cpu      ] GC(354) User=0.01s Sys=0.00s Real=0.01s
[2025-12-24T05:35:08.498+0000][731.502s][info][gc,start    ] GC(355) Pause Young (Normal) (G1 Evacuation Pause)
[2025-12-24T05:35:08.498+0000][731.502s][info][gc,task     ] GC(355) Using 3 workers of 3 for evacuation
[2025-12-24T05:35:08.501+0000][731.505s][info][gc,phases   ] GC(355)   Pre Evacuate Collection Set: 0.1ms
[2025-12-24T05:35:08.501+0000][731.505s][info][gc,phases   ] GC(355)   Merge Heap Roots: 0.1ms
[2025-12-24T05:35:08.501+0000][731.505s][info][gc,phases   ] GC(355)   Evacuate Collection Set: 1.9ms
[2025-12-24T05:35:08.501+0000][731.505s][info][gc,phases   ] GC(355)   Post Evacuate Collection Set: 0.6ms
[2025-12-24T05:35:08.501+0000][731.505s][info][gc,phases   ] GC(355)   Other: 0.6ms
[2025-12-24T05:35:08.501+0000][731.505s][info][gc,heap     ] GC(355) Eden regions: 325->0(325)
[2025-12-24T05:35:08.501+0000][731.505s][info][gc,heap     ] GC(355) Survivor regions: 1->1(41)
[2025-12-24T05:35:08.501+0000][731.505s][info][gc,heap     ] GC(355) Old regions: 92->92
[2025-12-24T05:35:08.501+0000][731.505s][info][gc,heap     ] GC(355) Archive regions: 2->2
[2025-12-24T05:35:08.501+0000][731.506s][info][gc,heap     ] GC(355) Humongous regions: 37->37
[2025-12-24T05:35:08.501+0000][731.506s][info][gc,metaspace] GC(355) Metaspace: 98520K(99648K)->98520K(99648K) NonClass: 85625K(86144K)->85625K(86144K) Class: 12894K(13504K)->12894K(13504K)
[2025-12-24T05:35:08.502+0000][731.506s][info][gc          ] GC(355) Pause Young (Normal) (G1 Evacuation Pause) 455M->130M(544M) 3.982ms
[2025-12-24T05:35:08.502+0000][731.506s][info][gc,cpu      ] GC(355) User=0.00s Sys=0.00s Real=0.01s
[2025-12-24T05:35:13.091+0000][736.095s][info][gc,start    ] GC(356) Pause Young (Normal) (G1 Evacuation Pause)
[2025-12-24T05:35:13.091+0000][736.095s][info][gc,task     ] GC(356) Using 3 workers of 3 for evacuation
[2025-12-24T05:35:13.094+0000][736.099s][info][gc,phases   ] GC(356)   Pre Evacuate Collection Set: 0.2ms
[2025-12-24T05:35:13.095+0000][736.099s][info][gc,phases   ] GC(356)   Merge Heap Roots: 0.1ms
[2025-12-24T05:35:13.095+0000][736.099s][info][gc,phases   ] GC(356)   Evacuate Collection Set: 1.9ms
[2025-12-24T05:35:13.095+0000][736.099s][info][gc,phases   ] GC(356)   Post Evacuate Collection Set: 0.7ms
[2025-12-24T05:35:13.095+0000][736.099s][info][gc,phases   ] GC(356)   Other: 0.7ms
[2025-12-24T05:35:13.095+0000][736.099s][info][gc,heap     ] GC(356) Eden regions: 325->0(325)
[2025-12-24T05:35:13.095+0000][736.100s][info][gc,heap     ] GC(356) Survivor regions: 1->1(41)
[2025-12-24T05:35:13.096+0000][736.100s][info][gc,heap     ] GC(356) Old regions: 92->92
[2025-12-24T05:35:13.096+0000][736.100s][info][gc,heap     ] GC(356) Archive regions: 2->2
[2025-12-24T05:35:13.096+0000][736.100s][info][gc,heap     ] GC(356) Humongous regions: 37->37
[2025-12-24T05:35:13.096+0000][736.100s][info][gc,metaspace] GC(356) Metaspace: 98520K(99648K)->98520K(99648K) NonClass: 85625K(86144K)->85625K(86144K) Class: 12894K(13504K)->12894K(13504K)
[2025-12-24T05:35:13.096+0000][736.100s][info][gc          ] GC(356) Pause Young (Normal) (G1 Evacuation Pause) 455M->130M(544M) 5.213ms
[2025-12-24T05:35:13.096+0000][736.100s][info][gc,cpu      ] GC(356) User=0.00s Sys=0.00s Real=0.00s
[2025-12-24T05:35:17.654+0000][740.658s][info][gc,start    ] GC(357) Pause Young (Normal) (G1 Evacuation Pause)
[2025-12-24T05:35:17.654+0000][740.659s][info][gc,task     ] GC(357) Using 3 workers of 3 for evacuation
[2025-12-24T05:35:17.659+0000][740.663s][info][gc,phases   ] GC(357)   Pre Evacuate Collection Set: 0.2ms
[2025-12-24T05:35:17.659+0000][740.663s][info][gc,phases   ] GC(357)   Merge Heap Roots: 0.1ms
[2025-12-24T05:35:17.659+0000][740.663s][info][gc,phases   ] GC(357)   Evacuate Collection Set: 2.4ms
[2025-12-24T05:35:17.659+0000][740.664s][info][gc,phases   ] GC(357)   Post Evacuate Collection Set: 1.0ms
[2025-12-24T05:35:17.660+0000][740.664s][info][gc,phases   ] GC(357)   Other: 1.2ms
[2025-12-24T05:35:17.660+0000][740.664s][info][gc,heap     ] GC(357) Eden regions: 325->0(325)
[2025-12-24T05:35:17.660+0000][740.664s][info][gc,heap     ] GC(357) Survivor regions: 1->1(41)
[2025-12-24T05:35:17.660+0000][740.664s][info][gc,heap     ] GC(357) Old regions: 92->92
[2025-12-24T05:35:17.661+0000][740.665s][info][gc,heap     ] GC(357) Archive regions: 2->2
[2025-12-24T05:35:17.661+0000][740.665s][info][gc,heap     ] GC(357) Humongous regions: 37->37
[2025-12-24T05:35:17.661+0000][740.665s][info][gc,metaspace] GC(357) Metaspace: 98520K(99648K)->98520K(99648K) NonClass: 85625K(86144K)->85625K(86144K) Class: 12894K(13504K)->12894K(13504K)
[2025-12-24T05:35:17.661+0000][740.665s][info][gc          ] GC(357) Pause Young (Normal) (G1 Evacuation Pause) 455M->130M(544M) 7.087ms
[2025-12-24T05:35:17.661+0000][740.666s][info][gc,cpu      ] GC(357) User=0.01s Sys=0.00s Real=0.01s
[2025-12-24T05:35:21.794+0000][744.798s][info][gc,start    ] GC(358) Pause Young (Normal) (G1 Evacuation Pause)
[2025-12-24T05:35:21.795+0000][744.799s][info][gc,task     ] GC(358) Using 3 workers of 3 for evacuation
[2025-12-24T05:35:21.798+0000][744.802s][info][gc,phases   ] GC(358)   Pre Evacuate Collection Set: 0.2ms
[2025-12-24T05:35:21.798+0000][744.802s][info][gc,phases   ] GC(358)   Merge Heap Roots: 0.1ms
[2025-12-24T05:35:21.798+0000][744.802s][info][gc,phases   ] GC(358)   Evacuate Collection Set: 1.8ms
[2025-12-24T05:35:21.798+0000][744.803s][info][gc,phases   ] GC(358)   Post Evacuate Collection Set: 0.7ms
[2025-12-24T05:35:21.799+0000][744.803s][info][gc,phases   ] GC(358)   Other: 1.1ms
[2025-12-24T05:35:21.799+0000][744.803s][info][gc,heap     ] GC(358) Eden regions: 325->0(325)
[2025-12-24T05:35:21.799+0000][744.803s][info][gc,heap     ] GC(358) Survivor regions: 1->1(41)
[2025-12-24T05:35:21.799+0000][744.803s][info][gc,heap     ] GC(358) Old regions: 92->92
[2025-12-24T05:35:21.799+0000][744.803s][info][gc,heap     ] GC(358) Archive regions: 2->2
[2025-12-24T05:35:21.799+0000][744.804s][info][gc,heap     ] GC(358) Humongous regions: 37->37
[2025-12-24T05:35:21.800+0000][744.804s][info][gc,metaspace] GC(358) Metaspace: 98521K(99648K)->98521K(99648K) NonClass: 85626K(86144K)->85626K(86144K) Class: 12894K(13504K)->12894K(13504K)
[2025-12-24T05:35:21.800+0000][744.804s][info][gc          ] GC(358) Pause Young (Normal) (G1 Evacuation Pause) 455M->130M(544M) 5.488ms
[2025-12-24T05:35:21.800+0000][744.804s][info][gc,cpu      ] GC(358) User=0.00s Sys=0.01s Real=0.01s
[2025-12-24T05:35:25.164+0000][748.168s][info][gc,start    ] GC(359) Pause Young (Normal) (G1 Evacuation Pause)
[2025-12-24T05:35:25.164+0000][748.168s][info][gc,task     ] GC(359) Using 3 workers of 3 for evacuation
[2025-12-24T05:35:25.168+0000][748.172s][info][gc,phases   ] GC(359)   Pre Evacuate Collection Set: 0.3ms
[2025-12-24T05:35:25.169+0000][748.173s][info][gc,phases   ] GC(359)   Merge Heap Roots: 0.1ms
[2025-12-24T05:35:25.169+0000][748.173s][info][gc,phases   ] GC(359)   Evacuate Collection Set: 2.4ms
[2025-12-24T05:35:25.169+0000][748.173s][info][gc,phases   ] GC(359)   Post Evacuate Collection Set: 1.0ms
[2025-12-24T05:35:25.169+0000][748.173s][info][gc,phases   ] GC(359)   Other: 1.4ms
[2025-12-24T05:35:25.169+0000][748.174s][info][gc,heap     ] GC(359) Eden regions: 325->0(325)
[2025-12-24T05:35:25.170+0000][748.174s][info][gc,heap     ] GC(359) Survivor regions: 1->1(41)
[2025-12-24T05:35:25.170+0000][748.174s][info][gc,heap     ] GC(359) Old regions: 92->92
[2025-12-24T05:35:25.170+0000][748.174s][info][gc,heap     ] GC(359) Archive regions: 2->2
[2025-12-24T05:35:25.170+0000][748.174s][info][gc,heap     ] GC(359) Humongous regions: 37->37
[2025-12-24T05:35:25.170+0000][748.174s][info][gc,metaspace] GC(359) Metaspace: 98522K(99648K)->98522K(99648K) NonClass: 85627K(86144K)->85627K(86144K) Class: 12894K(13504K)->12894K(13504K)
[2025-12-24T05:35:25.171+0000][748.175s][info][gc          ] GC(359) Pause Young (Normal) (G1 Evacuation Pause) 455M->130M(544M) 7.073ms
[2025-12-24T05:35:25.171+0000][748.175s][info][gc,cpu      ] GC(359) User=0.01s Sys=0.00s Real=0.01s
[2025-12-24T05:35:29.746+0000][752.750s][info][gc,start    ] GC(360) Pause Young (Normal) (G1 Evacuation Pause)
[2025-12-24T05:35:29.746+0000][752.750s][info][gc,task     ] GC(360) Using 3 workers of 3 for evacuation
[2025-12-24T05:35:29.748+0000][752.752s][info][gc,phases   ] GC(360)   Pre Evacuate Collection Set: 0.1ms
[2025-12-24T05:35:29.748+0000][752.752s][info][gc,phases   ] GC(360)   Merge Heap Roots: 0.1ms
[2025-12-24T05:35:29.748+0000][752.752s][info][gc,phases   ] GC(360)   Evacuate Collection Set: 1.3ms
[2025-12-24T05:35:29.748+0000][752.752s][info][gc,phases   ] GC(360)   Post Evacuate Collection Set: 0.5ms
[2025-12-24T05:35:29.748+0000][752.752s][info][gc,phases   ] GC(360)   Other: 0.5ms
[2025-12-24T05:35:29.748+0000][752.752s][info][gc,heap     ] GC(360) Eden regions: 325->0(325)
[2025-12-24T05:35:29.748+0000][752.752s][info][gc,heap     ] GC(360) Survivor regions: 1->1(41)
[2025-12-24T05:35:29.748+0000][752.753s][info][gc,heap     ] GC(360) Old regions: 92->92
[2025-12-24T05:35:29.748+0000][752.753s][info][gc,heap     ] GC(360) Archive regions: 2->2
[2025-12-24T05:35:29.749+0000][752.753s][info][gc,heap     ] GC(360) Humongous regions: 37->37
[2025-12-24T05:35:29.749+0000][752.753s][info][gc,metaspace] GC(360) Metaspace: 98522K(99648K)->98522K(99648K) NonClass: 85627K(86144K)->85627K(86144K) Class: 12894K(13504K)->12894K(13504K)
[2025-12-24T05:35:29.749+0000][752.753s][info][gc          ] GC(360) Pause Young (Normal) (G1 Evacuation Pause) 455M->130M(544M) 3.186ms
[2025-12-24T05:35:29.749+0000][752.753s][info][gc,cpu      ] GC(360) User=0.00s Sys=0.00s Real=0.01s
[2025-12-24T05:35:34.160+0000][757.164s][info][gc,start    ] GC(361) Pause Young (Normal) (G1 Evacuation Pause)
[2025-12-24T05:35:34.160+0000][757.164s][info][gc,task     ] GC(361) Using 3 workers of 3 for evacuation
[2025-12-24T05:35:34.163+0000][757.167s][info][gc,phases   ] GC(361)   Pre Evacuate Collection Set: 0.1ms
[2025-12-24T05:35:34.163+0000][757.167s][info][gc,phases   ] GC(361)   Merge Heap Roots: 0.1ms
[2025-12-24T05:35:34.163+0000][757.167s][info][gc,phases   ] GC(361)   Evacuate Collection Set: 1.7ms
[2025-12-24T05:35:34.163+0000][757.167s][info][gc,phases   ] GC(361)   Post Evacuate Collection Set: 0.4ms
[2025-12-24T05:35:34.163+0000][757.167s][info][gc,phases   ] GC(361)   Other: 0.6ms
[2025-12-24T05:35:34.163+0000][757.167s][info][gc,heap     ] GC(361) Eden regions: 325->0(324)
[2025-12-24T05:35:34.163+0000][757.167s][info][gc,heap     ] GC(361) Survivor regions: 1->2(41)
[2025-12-24T05:35:34.163+0000][757.167s][info][gc,heap     ] GC(361) Old regions: 92->92
[2025-12-24T05:35:34.163+0000][757.168s][info][gc,heap     ] GC(361) Archive regions: 2->2
[2025-12-24T05:35:34.164+0000][757.168s][info][gc,heap     ] GC(361) Humongous regions: 37->37
[2025-12-24T05:35:34.164+0000][757.168s][info][gc,metaspace] GC(361) Metaspace: 98522K(99648K)->98522K(99648K) NonClass: 85627K(86144K)->85627K(86144K) Class: 12894K(13504K)->12894K(13504K)
[2025-12-24T05:35:34.164+0000][757.168s][info][gc          ] GC(361) Pause Young (Normal) (G1 Evacuation Pause) 455M->130M(544M) 4.022ms
[2025-12-24T05:35:34.164+0000][757.168s][info][gc,cpu      ] GC(361) User=0.00s Sys=0.00s Real=0.00s
[2025-12-24T05:35:36.922+0000][759.926s][info][gc,start    ] GC(362) Pause Young (Normal) (G1 Evacuation Pause)
[2025-12-24T05:35:36.922+0000][759.926s][info][gc,task     ] GC(362) Using 3 workers of 3 for evacuation
[2025-12-24T05:35:36.925+0000][759.929s][info][gc,phases   ] GC(362)   Pre Evacuate Collection Set: 0.1ms
[2025-12-24T05:35:36.925+0000][759.929s][info][gc,phases   ] GC(362)   Merge Heap Roots: 0.1ms
[2025-12-24T05:35:36.925+0000][759.929s][info][gc,phases   ] GC(362)   Evacuate Collection Set: 1.7ms
[2025-12-24T05:35:36.925+0000][759.929s][info][gc,phases   ] GC(362)   Post Evacuate Collection Set: 0.6ms
[2025-12-24T05:35:36.925+0000][759.930s][info][gc,phases   ] GC(362)   Other: 0.6ms
[2025-12-24T05:35:36.926+0000][759.930s][info][gc,heap     ] GC(362) Eden regions: 324->0(325)
[2025-12-24T05:35:36.926+0000][759.930s][info][gc,heap     ] GC(362) Survivor regions: 2->1(41)
[2025-12-24T05:35:36.926+0000][759.930s][info][gc,heap     ] GC(362) Old regions: 92->92
[2025-12-24T05:35:36.926+0000][759.930s][info][gc,heap     ] GC(362) Archive regions: 2->2
[2025-12-24T05:35:36.926+0000][759.930s][info][gc,heap     ] GC(362) Humongous regions: 37->37
[2025-12-24T05:35:36.926+0000][759.930s][info][gc,metaspace] GC(362) Metaspace: 98523K(99648K)->98523K(99648K) NonClass: 85629K(86144K)->85629K(86144K) Class: 12894K(13504K)->12894K(13504K)
[2025-12-24T05:35:36.926+0000][759.930s][info][gc          ] GC(362) Pause Young (Normal) (G1 Evacuation Pause) 454M->130M(544M) 4.171ms
[2025-12-24T05:35:36.926+0000][759.931s][info][gc,cpu      ] GC(362) User=0.00s Sys=0.00s Real=0.00s
[2025-12-24T05:35:41.124+0000][764.128s][info][gc,start    ] GC(363) Pause Young (Normal) (G1 Evacuation Pause)
[2025-12-24T05:35:41.125+0000][764.129s][info][gc,task     ] GC(363) Using 3 workers of 3 for evacuation
[2025-12-24T05:35:41.127+0000][764.131s][info][gc,phases   ] GC(363)   Pre Evacuate Collection Set: 0.1ms
[2025-12-24T05:35:41.127+0000][764.131s][info][gc,phases   ] GC(363)   Merge Heap Roots: 0.1ms
[2025-12-24T05:35:41.127+0000][764.131s][info][gc,phases   ] GC(363)   Evacuate Collection Set: 1.4ms
[2025-12-24T05:35:41.127+0000][764.131s][info][gc,phases   ] GC(363)   Post Evacuate Collection Set: 0.5ms
[2025-12-24T05:35:41.127+0000][764.132s][info][gc,phases   ] GC(363)   Other: 0.8ms
[2025-12-24T05:35:41.128+0000][764.132s][info][gc,heap     ] GC(363) Eden regions: 325->0(325)
[2025-12-24T05:35:41.128+0000][764.132s][info][gc,heap     ] GC(363) Survivor regions: 1->1(41)
[2025-12-24T05:35:41.128+0000][764.132s][info][gc,heap     ] GC(363) Old regions: 92->92
[2025-12-24T05:35:41.128+0000][764.132s][info][gc,heap     ] GC(363) Archive regions: 2->2
[2025-12-24T05:35:41.128+0000][764.132s][info][gc,heap     ] GC(363) Humongous regions: 37->37
[2025-12-24T05:35:41.128+0000][764.132s][info][gc,metaspace] GC(363) Metaspace: 98523K(99648K)->98523K(99648K) NonClass: 85629K(86144K)->85629K(86144K) Class: 12894K(13504K)->12894K(13504K)
[2025-12-24T05:35:41.128+0000][764.132s][info][gc          ] GC(363) Pause Young (Normal) (G1 Evacuation Pause) 455M->130M(544M) 3.969ms
[2025-12-24T05:35:41.128+0000][764.132s][info][gc,cpu      ] GC(363) User=0.00s Sys=0.00s Real=0.00s
[2025-12-24T05:35:45.394+0000][768.398s][info][gc,start    ] GC(364) Pause Young (Normal) (G1 Evacuation Pause)
[2025-12-24T05:35:45.395+0000][768.399s][info][gc,task     ] GC(364) Using 3 workers of 3 for evacuation
[2025-12-24T05:35:45.397+0000][768.401s][info][gc,phases   ] GC(364)   Pre Evacuate Collection Set: 0.2ms
[2025-12-24T05:35:45.397+0000][768.401s][info][gc,phases   ] GC(364)   Merge Heap Roots: 0.1ms
[2025-12-24T05:35:45.397+0000][768.401s][info][gc,phases   ] GC(364)   Evacuate Collection Set: 1.6ms
[2025-12-24T05:35:45.397+0000][768.402s][info][gc,phases   ] GC(364)   Post Evacuate Collection Set: 0.5ms
[2025-12-24T05:35:45.398+0000][768.402s][info][gc,phases   ] GC(364)   Other: 0.5ms
[2025-12-24T05:35:45.398+0000][768.402s][info][gc,heap     ] GC(364) Eden regions: 325->0(325)
[2025-12-24T05:35:45.398+0000][768.402s][info][gc,heap     ] GC(364) Survivor regions: 1->1(41)
[2025-12-24T05:35:45.398+0000][768.402s][info][gc,heap     ] GC(364) Old regions: 92->92
[2025-12-24T05:35:45.398+0000][768.402s][info][gc,heap     ] GC(364) Archive regions: 2->2
[2025-12-24T05:35:45.398+0000][768.402s][info][gc,heap     ] GC(364) Humongous regions: 37->37
[2025-12-24T05:35:45.398+0000][768.402s][info][gc,metaspace] GC(364) Metaspace: 98523K(99648K)->98523K(99648K) NonClass: 85629K(86144K)->85629K(86144K) Class: 12894K(13504K)->12894K(13504K)
[2025-12-24T05:35:45.398+0000][768.402s][info][gc          ] GC(364) Pause Young (Normal) (G1 Evacuation Pause) 455M->130M(544M) 3.910ms
[2025-12-24T05:35:45.398+0000][768.403s][info][gc,cpu      ] GC(364) User=0.01s Sys=0.00s Real=0.00s
[2025-12-24T05:35:49.990+0000][772.995s][info][gc,start    ] GC(365) Pause Young (Normal) (G1 Evacuation Pause)
[2025-12-24T05:35:49.991+0000][772.995s][info][gc,task     ] GC(365) Using 3 workers of 3 for evacuation
[2025-12-24T05:35:49.994+0000][772.998s][info][gc,phases   ] GC(365)   Pre Evacuate Collection Set: 0.1ms
[2025-12-24T05:35:49.994+0000][772.998s][info][gc,phases   ] GC(365)   Merge Heap Roots: 0.1ms
[2025-12-24T05:35:49.994+0000][772.998s][info][gc,phases   ] GC(365)   Evacuate Collection Set: 1.7ms
[2025-12-24T05:35:49.994+0000][772.998s][info][gc,phases   ] GC(365)   Post Evacuate Collection Set: 0.7ms
[2025-12-24T05:35:49.994+0000][772.998s][info][gc,phases   ] GC(365)   Other: 0.7ms
[2025-12-24T05:35:49.994+0000][772.998s][info][gc,heap     ] GC(365) Eden regions: 325->0(325)
[2025-12-24T05:35:49.994+0000][772.999s][info][gc,heap     ] GC(365) Survivor regions: 1->1(41)
[2025-12-24T05:35:49.995+0000][772.999s][info][gc,heap     ] GC(365) Old regions: 92->92
[2025-12-24T05:35:49.995+0000][772.999s][info][gc,heap     ] GC(365) Archive regions: 2->2
[2025-12-24T05:35:49.995+0000][772.999s][info][gc,heap     ] GC(365) Humongous regions: 37->37
[2025-12-24T05:35:49.995+0000][772.999s][info][gc,metaspace] GC(365) Metaspace: 98523K(99648K)->98523K(99648K) NonClass: 85629K(86144K)->85629K(86144K) Class: 12894K(13504K)->12894K(13504K)
[2025-12-24T05:35:49.995+0000][772.999s][info][gc          ] GC(365) Pause Young (Normal) (G1 Evacuation Pause) 455M->130M(544M) 4.533ms
[2025-12-24T05:35:49.995+0000][772.999s][info][gc,cpu      ] GC(365) User=0.00s Sys=0.00s Real=0.00s
[2025-12-24T05:35:52.968+0000][775.972s][info][gc,start    ] GC(366) Pause Young (Normal) (G1 Evacuation Pause)
[2025-12-24T05:35:52.969+0000][775.973s][info][gc,task     ] GC(366) Using 3 workers of 3 for evacuation
[2025-12-24T05:35:52.974+0000][775.978s][info][gc,phases   ] GC(366)   Pre Evacuate Collection Set: 0.2ms
[2025-12-24T05:35:52.974+0000][775.978s][info][gc,phases   ] GC(366)   Merge Heap Roots: 0.1ms
[2025-12-24T05:35:52.974+0000][775.978s][info][gc,phases   ] GC(366)   Evacuate Collection Set: 2.5ms
[2025-12-24T05:35:52.974+0000][775.978s][info][gc,phases   ] GC(366)   Post Evacuate Collection Set: 0.9ms
[2025-12-24T05:35:52.975+0000][775.979s][info][gc,phases   ] GC(366)   Other: 2.0ms
[2025-12-24T05:35:52.975+0000][775.979s][info][gc,heap     ] GC(366) Eden regions: 325->0(325)
[2025-12-24T05:35:52.975+0000][775.979s][info][gc,heap     ] GC(366) Survivor regions: 1->1(41)
[2025-12-24T05:35:52.975+0000][775.979s][info][gc,heap     ] GC(366) Old regions: 92->92
[2025-12-24T05:35:52.975+0000][775.979s][info][gc,heap     ] GC(366) Archive regions: 2->2
[2025-12-24T05:35:52.975+0000][775.980s][info][gc,heap     ] GC(366) Humongous regions: 37->37
[2025-12-24T05:35:52.976+0000][775.980s][info][gc,metaspace] GC(366) Metaspace: 98537K(99648K)->98537K(99648K) NonClass: 85641K(86144K)->85641K(86144K) Class: 12895K(13504K)->12895K(13504K)
[2025-12-24T05:35:52.976+0000][775.980s][info][gc          ] GC(366) Pause Young (Normal) (G1 Evacuation Pause) 455M->130M(544M) 7.808ms
[2025-12-24T05:35:52.976+0000][775.980s][info][gc,cpu      ] GC(366) User=0.01s Sys=0.00s Real=0.01s
[2025-12-24T05:35:57.452+0000][780.456s][info][gc,start    ] GC(367) Pause Young (Normal) (G1 Evacuation Pause)
[2025-12-24T05:35:57.453+0000][780.457s][info][gc,task     ] GC(367) Using 3 workers of 3 for evacuation
[2025-12-24T05:35:57.455+0000][780.459s][info][gc,phases   ] GC(367)   Pre Evacuate Collection Set: 0.1ms
[2025-12-24T05:35:57.456+0000][780.460s][info][gc,phases   ] GC(367)   Merge Heap Roots: 0.1ms
[2025-12-24T05:35:57.456+0000][780.460s][info][gc,phases   ] GC(367)   Evacuate Collection Set: 1.7ms
[2025-12-24T05:35:57.456+0000][780.460s][info][gc,phases   ] GC(367)   Post Evacuate Collection Set: 0.7ms
[2025-12-24T05:35:57.456+0000][780.460s][info][gc,phases   ] GC(367)   Other: 0.7ms
[2025-12-24T05:35:57.456+0000][780.460s][info][gc,heap     ] GC(367) Eden regions: 325->0(325)
[2025-12-24T05:35:57.456+0000][780.460s][info][gc,heap     ] GC(367) Survivor regions: 1->1(41)
[2025-12-24T05:35:57.456+0000][780.461s][info][gc,heap     ] GC(367) Old regions: 92->92
[2025-12-24T05:35:57.457+0000][780.461s][info][gc,heap     ] GC(367) Archive regions: 2->2
[2025-12-24T05:35:57.457+0000][780.461s][info][gc,heap     ] GC(367) Humongous regions: 37->37
[2025-12-24T05:35:57.457+0000][780.461s][info][gc,metaspace] GC(367) Metaspace: 98537K(99648K)->98537K(99648K) NonClass: 85641K(86144K)->85641K(86144K) Class: 12895K(13504K)->12895K(13504K)
[2025-12-24T05:35:57.457+0000][780.461s][info][gc          ] GC(367) Pause Young (Normal) (G1 Evacuation Pause) 455M->130M(544M) 4.764ms
[2025-12-24T05:35:57.457+0000][780.461s][info][gc,cpu      ] GC(367) User=0.00s Sys=0.00s Real=0.00s
[2025-12-24T05:36:02.001+0000][785.005s][info][gc,start    ] GC(368) Pause Young (Normal) (G1 Evacuation Pause)
[2025-12-24T05:36:02.002+0000][785.006s][info][gc,task     ] GC(368) Using 3 workers of 3 for evacuation
[2025-12-24T05:36:02.007+0000][785.011s][info][gc,phases   ] GC(368)   Pre Evacuate Collection Set: 0.2ms
[2025-12-24T05:36:02.007+0000][785.011s][info][gc,phases   ] GC(368)   Merge Heap Roots: 0.2ms
[2025-12-24T05:36:02.007+0000][785.012s][info][gc,phases   ] GC(368)   Evacuate Collection Set: 3.4ms
[2025-12-24T05:36:02.008+0000][785.012s][info][gc,phases   ] GC(368)   Post Evacuate Collection Set: 0.9ms
[2025-12-24T05:36:02.008+0000][785.012s][info][gc,phases   ] GC(368)   Other: 1.3ms
[2025-12-24T05:36:02.008+0000][785.012s][info][gc,heap     ] GC(368) Eden regions: 325->0(325)
[2025-12-24T05:36:02.008+0000][785.012s][info][gc,heap     ] GC(368) Survivor regions: 1->1(41)
[2025-12-24T05:36:02.008+0000][785.012s][info][gc,heap     ] GC(368) Old regions: 92->92
[2025-12-24T05:36:02.008+0000][785.012s][info][gc,heap     ] GC(368) Archive regions: 2->2
[2025-12-24T05:36:02.008+0000][785.013s][info][gc,heap     ] GC(368) Humongous regions: 37->37
[2025-12-24T05:36:02.009+0000][785.013s][info][gc,metaspace] GC(368) Metaspace: 98537K(99648K)->98537K(99648K) NonClass: 85641K(86144K)->85641K(86144K) Class: 12895K(13504K)->12895K(13504K)
[2025-12-24T05:36:02.009+0000][785.013s][info][gc          ] GC(368) Pause Young (Normal) (G1 Evacuation Pause) 455M->130M(544M) 7.465ms
[2025-12-24T05:36:02.009+0000][785.013s][info][gc,cpu      ] GC(368) User=0.01s Sys=0.01s Real=0.01s
[2025-12-24T05:36:06.677+0000][789.681s][info][gc,start    ] GC(369) Pause Young (Normal) (G1 Evacuation Pause)
[2025-12-24T05:36:06.677+0000][789.681s][info][gc,task     ] GC(369) Using 3 workers of 3 for evacuation
[2025-12-24T05:36:06.681+0000][789.685s][info][gc,phases   ] GC(369)   Pre Evacuate Collection Set: 0.2ms
[2025-12-24T05:36:06.681+0000][789.686s][info][gc,phases   ] GC(369)   Merge Heap Roots: 0.1ms
[2025-12-24T05:36:06.682+0000][789.686s][info][gc,phases   ] GC(369)   Evacuate Collection Set: 2.5ms
[2025-12-24T05:36:06.682+0000][789.686s][info][gc,phases   ] GC(369)   Post Evacuate Collection Set: 0.9ms
[2025-12-24T05:36:06.682+0000][789.686s][info][gc,phases   ] GC(369)   Other: 1.0ms
[2025-12-24T05:36:06.682+0000][789.686s][info][gc,heap     ] GC(369) Eden regions: 325->0(325)
[2025-12-24T05:36:06.682+0000][789.687s][info][gc,heap     ] GC(369) Survivor regions: 1->1(41)
[2025-12-24T05:36:06.683+0000][789.687s][info][gc,heap     ] GC(369) Old regions: 92->92
[2025-12-24T05:36:06.683+0000][789.687s][info][gc,heap     ] GC(369) Archive regions: 2->2
[2025-12-24T05:36:06.683+0000][789.687s][info][gc,heap     ] GC(369) Humongous regions: 37->37
[2025-12-24T05:36:06.683+0000][789.687s][info][gc,metaspace] GC(369) Metaspace: 98537K(99648K)->98537K(99648K) NonClass: 85641K(86144K)->85641K(86144K) Class: 12895K(13504K)->12895K(13504K)
[2025-12-24T05:36:06.683+0000][789.687s][info][gc          ] GC(369) Pause Young (Normal) (G1 Evacuation Pause) 455M->130M(544M) 6.591ms
[2025-12-24T05:36:06.684+0000][789.688s][info][gc,cpu      ] GC(369) User=0.01s Sys=0.00s Real=0.01s
[2025-12-24T05:36:09.655+0000][792.659s][info][gc,start    ] GC(370) Pause Young (Normal) (G1 Evacuation Pause)
[2025-12-24T05:36:09.655+0000][792.659s][info][gc,task     ] GC(370) Using 3 workers of 3 for evacuation
[2025-12-24T05:36:09.658+0000][792.662s][info][gc,phases   ] GC(370)   Pre Evacuate Collection Set: 0.1ms
[2025-12-24T05:36:09.658+0000][792.662s][info][gc,phases   ] GC(370)   Merge Heap Roots: 0.1ms
[2025-12-24T05:36:09.658+0000][792.662s][info][gc,phases   ] GC(370)   Evacuate Collection Set: 1.4ms
[2025-12-24T05:36:09.658+0000][792.662s][info][gc,phases   ] GC(370)   Post Evacuate Collection Set: 0.5ms
[2025-12-24T05:36:09.658+0000][792.662s][info][gc,phases   ] GC(370)   Other: 0.6ms
[2025-12-24T05:36:09.658+0000][792.662s][info][gc,heap     ] GC(370) Eden regions: 325->0(325)
[2025-12-24T05:36:09.658+0000][792.663s][info][gc,heap     ] GC(370) Survivor regions: 1->1(41)
[2025-12-24T05:36:09.659+0000][792.663s][info][gc,heap     ] GC(370) Old regions: 92->92
[2025-12-24T05:36:09.659+0000][792.663s][info][gc,heap     ] GC(370) Archive regions: 2->2
[2025-12-24T05:36:09.659+0000][792.663s][info][gc,heap     ] GC(370) Humongous regions: 37->37
[2025-12-24T05:36:09.659+0000][792.663s][info][gc,metaspace] GC(370) Metaspace: 98537K(99648K)->98537K(99648K) NonClass: 85641K(86144K)->85641K(86144K) Class: 12895K(13504K)->12895K(13504K)
[2025-12-24T05:36:09.659+0000][792.663s][info][gc          ] GC(370) Pause Young (Normal) (G1 Evacuation Pause) 455M->130M(544M) 3.902ms
[2025-12-24T05:36:09.659+0000][792.663s][info][gc,cpu      ] GC(370) User=0.00s Sys=0.00s Real=0.01s
[2025-12-24T05:36:14.317+0000][797.321s][info][gc,start    ] GC(371) Pause Young (Normal) (G1 Evacuation Pause)
[2025-12-24T05:36:14.318+0000][797.322s][info][gc,task     ] GC(371) Using 3 workers of 3 for evacuation
[2025-12-24T05:36:14.321+0000][797.326s][info][gc,phases   ] GC(371)   Pre Evacuate Collection Set: 0.2ms
[2025-12-24T05:36:14.322+0000][797.326s][info][gc,phases   ] GC(371)   Merge Heap Roots: 0.1ms
[2025-12-24T05:36:14.322+0000][797.326s][info][gc,phases   ] GC(371)   Evacuate Collection Set: 2.3ms
[2025-12-24T05:36:14.322+0000][797.326s][info][gc,phases   ] GC(371)   Post Evacuate Collection Set: 0.9ms
[2025-12-24T05:36:14.322+0000][797.326s][info][gc,phases   ] GC(371)   Other: 1.0ms
[2025-12-24T05:36:14.323+0000][797.327s][info][gc,heap     ] GC(371) Eden regions: 325->0(325)
[2025-12-24T05:36:14.323+0000][797.327s][info][gc,heap     ] GC(371) Survivor regions: 1->1(41)
[2025-12-24T05:36:14.323+0000][797.327s][info][gc,heap     ] GC(371) Old regions: 92->92
[2025-12-24T05:36:14.323+0000][797.327s][info][gc,heap     ] GC(371) Archive regions: 2->2
[2025-12-24T05:36:14.323+0000][797.327s][info][gc,heap     ] GC(371) Humongous regions: 37->37
[2025-12-24T05:36:14.324+0000][797.328s][info][gc,metaspace] GC(371) Metaspace: 98537K(99648K)->98537K(99648K) NonClass: 85641K(86144K)->85641K(86144K) Class: 12895K(13504K)->12895K(13504K)
[2025-12-24T05:36:14.324+0000][797.328s][info][gc          ] GC(371) Pause Young (Normal) (G1 Evacuation Pause) 455M->130M(544M) 6.549ms
[2025-12-24T05:36:14.324+0000][797.328s][info][gc,cpu      ] GC(371) User=0.01s Sys=0.00s Real=0.01s
[2025-12-24T05:36:18.761+0000][801.765s][info][gc,start    ] GC(372) Pause Young (Normal) (G1 Evacuation Pause)
[2025-12-24T05:36:18.761+0000][801.765s][info][gc,task     ] GC(372) Using 3 workers of 3 for evacuation
[2025-12-24T05:36:18.763+0000][801.767s][info][gc,phases   ] GC(372)   Pre Evacuate Collection Set: 0.1ms
[2025-12-24T05:36:18.763+0000][801.767s][info][gc,phases   ] GC(372)   Merge Heap Roots: 0.1ms
[2025-12-24T05:36:18.763+0000][801.767s][info][gc,phases   ] GC(372)   Evacuate Collection Set: 1.1ms
[2025-12-24T05:36:18.764+0000][801.768s][info][gc,phases   ] GC(372)   Post Evacuate Collection Set: 0.7ms
[2025-12-24T05:36:18.764+0000][801.768s][info][gc,phases   ] GC(372)   Other: 0.5ms
[2025-12-24T05:36:18.764+0000][801.768s][info][gc,heap     ] GC(372) Eden regions: 325->0(325)
[2025-12-24T05:36:18.764+0000][801.768s][info][gc,heap     ] GC(372) Survivor regions: 1->1(41)
[2025-12-24T05:36:18.764+0000][801.768s][info][gc,heap     ] GC(372) Old regions: 92->92
[2025-12-24T05:36:18.764+0000][801.768s][info][gc,heap     ] GC(372) Archive regions: 2->2
[2025-12-24T05:36:18.764+0000][801.768s][info][gc,heap     ] GC(372) Humongous regions: 37->37
[2025-12-24T05:36:18.764+0000][801.768s][info][gc,metaspace] GC(372) Metaspace: 98537K(99648K)->98537K(99648K) NonClass: 85641K(86144K)->85641K(86144K) Class: 12895K(13504K)->12895K(13504K)
[2025-12-24T05:36:18.764+0000][801.769s][info][gc          ] GC(372) Pause Young (Normal) (G1 Evacuation Pause) 455M->130M(544M) 3.869ms
[2025-12-24T05:36:18.765+0000][801.769s][info][gc,cpu      ] GC(372) User=0.00s Sys=0.01s Real=0.00s
[2025-12-24T05:36:21.799+0000][804.803s][info][gc,start    ] GC(373) Pause Young (Normal) (G1 Evacuation Pause)
[2025-12-24T05:36:21.799+0000][804.803s][info][gc,task     ] GC(373) Using 3 workers of 3 for evacuation
[2025-12-24T05:36:21.801+0000][804.806s][info][gc,phases   ] GC(373)   Pre Evacuate Collection Set: 0.1ms
[2025-12-24T05:36:21.802+0000][804.806s][info][gc,phases   ] GC(373)   Merge Heap Roots: 0.1ms
[2025-12-24T05:36:21.802+0000][804.806s][info][gc,phases   ] GC(373)   Evacuate Collection Set: 1.5ms
[2025-12-24T05:36:21.802+0000][804.806s][info][gc,phases   ] GC(373)   Post Evacuate Collection Set: 0.5ms
[2025-12-24T05:36:21.802+0000][804.806s][info][gc,phases   ] GC(373)   Other: 0.6ms
[2025-12-24T05:36:21.802+0000][804.806s][info][gc,heap     ] GC(373) Eden regions: 325->0(325)
[2025-12-24T05:36:21.802+0000][804.806s][info][gc,heap     ] GC(373) Survivor regions: 1->1(41)
[2025-12-24T05:36:21.802+0000][804.806s][info][gc,heap     ] GC(373) Old regions: 92->92
[2025-12-24T05:36:21.802+0000][804.807s][info][gc,heap     ] GC(373) Archive regions: 2->2
[2025-12-24T05:36:21.803+0000][804.807s][info][gc,heap     ] GC(373) Humongous regions: 37->37
[2025-12-24T05:36:21.803+0000][804.807s][info][gc,metaspace] GC(373) Metaspace: 98542K(99648K)->98542K(99648K) NonClass: 85646K(86144K)->85646K(86144K) Class: 12895K(13504K)->12895K(13504K)
[2025-12-24T05:36:21.803+0000][804.807s][info][gc          ] GC(373) Pause Young (Normal) (G1 Evacuation Pause) 455M->130M(544M) 3.963ms
[2025-12-24T05:36:21.803+0000][804.807s][info][gc,cpu      ] GC(373) User=0.01s Sys=0.00s Real=0.00s
[2025-12-24T05:36:25.763+0000][808.767s][info][gc,start    ] GC(374) Pause Young (Normal) (G1 Evacuation Pause)
[2025-12-24T05:36:25.763+0000][808.767s][info][gc,task     ] GC(374) Using 3 workers of 3 for evacuation
[2025-12-24T05:36:25.766+0000][808.770s][info][gc,phases   ] GC(374)   Pre Evacuate Collection Set: 0.1ms
[2025-12-24T05:36:25.766+0000][808.770s][info][gc,phases   ] GC(374)   Merge Heap Roots: 0.1ms
[2025-12-24T05:36:25.766+0000][808.770s][info][gc,phases   ] GC(374)   Evacuate Collection Set: 1.9ms
[2025-12-24T05:36:25.766+0000][808.770s][info][gc,phases   ] GC(374)   Post Evacuate Collection Set: 0.6ms
[2025-12-24T05:36:25.766+0000][808.770s][info][gc,phases   ] GC(374)   Other: 0.5ms
[2025-12-24T05:36:25.766+0000][808.770s][info][gc,heap     ] GC(374) Eden regions: 325->0(325)
[2025-12-24T05:36:25.766+0000][808.771s][info][gc,heap     ] GC(374) Survivor regions: 1->1(41)
[2025-12-24T05:36:25.766+0000][808.771s][info][gc,heap     ] GC(374) Old regions: 92->92
[2025-12-24T05:36:25.767+0000][808.771s][info][gc,heap     ] GC(374) Archive regions: 2->2
[2025-12-24T05:36:25.767+0000][808.771s][info][gc,heap     ] GC(374) Humongous regions: 37->37
[2025-12-24T05:36:25.767+0000][808.771s][info][gc,metaspace] GC(374) Metaspace: 98542K(99648K)->98542K(99648K) NonClass: 85646K(86144K)->85646K(86144K) Class: 12895K(13504K)->12895K(13504K)
[2025-12-24T05:36:25.767+0000][808.771s][info][gc          ] GC(374) Pause Young (Normal) (G1 Evacuation Pause) 455M->130M(544M) 4.302ms
[2025-12-24T05:36:25.767+0000][808.771s][info][gc,cpu      ] GC(374) User=0.00s Sys=0.01s Real=0.00s
[2025-12-24T05:36:30.005+0000][813.009s][info][gc,start    ] GC(375) Pause Young (Normal) (G1 Evacuation Pause)
[2025-12-24T05:36:30.005+0000][813.009s][info][gc,task     ] GC(375) Using 3 workers of 3 for evacuation
[2025-12-24T05:36:30.007+0000][813.011s][info][gc,phases   ] GC(375)   Pre Evacuate Collection Set: 0.1ms
[2025-12-24T05:36:30.007+0000][813.011s][info][gc,phases   ] GC(375)   Merge Heap Roots: 0.1ms
[2025-12-24T05:36:30.007+0000][813.011s][info][gc,phases   ] GC(375)   Evacuate Collection Set: 1.5ms
[2025-12-24T05:36:30.007+0000][813.011s][info][gc,phases   ] GC(375)   Post Evacuate Collection Set: 0.4ms
[2025-12-24T05:36:30.007+0000][813.011s][info][gc,phases   ] GC(375)   Other: 0.4ms
[2025-12-24T05:36:30.007+0000][813.012s][info][gc,heap     ] GC(375) Eden regions: 325->0(325)
[2025-12-24T05:36:30.008+0000][813.012s][info][gc,heap     ] GC(375) Survivor regions: 1->1(41)
[2025-12-24T05:36:30.008+0000][813.012s][info][gc,heap     ] GC(375) Old regions: 92->92
[2025-12-24T05:36:30.008+0000][813.012s][info][gc,heap     ] GC(375) Archive regions: 2->2
[2025-12-24T05:36:30.008+0000][813.012s][info][gc,heap     ] GC(375) Humongous regions: 37->37
[2025-12-24T05:36:30.008+0000][813.012s][info][gc,metaspace] GC(375) Metaspace: 98542K(99648K)->98542K(99648K) NonClass: 85646K(86144K)->85646K(86144K) Class: 12895K(13504K)->12895K(13504K)
[2025-12-24T05:36:30.008+0000][813.012s][info][gc          ] GC(375) Pause Young (Normal) (G1 Evacuation Pause) 455M->130M(544M) 3.325ms
[2025-12-24T05:36:30.008+0000][813.012s][info][gc,cpu      ] GC(375) User=0.00s Sys=0.00s Real=0.00s
[2025-12-24T05:36:34.259+0000][817.263s][info][gc,start    ] GC(376) Pause Young (Normal) (G1 Evacuation Pause)
[2025-12-24T05:36:34.259+0000][817.264s][info][gc,task     ] GC(376) Using 3 workers of 3 for evacuation
[2025-12-24T05:36:34.261+0000][817.265s][info][gc,phases   ] GC(376)   Pre Evacuate Collection Set: 0.1ms
[2025-12-24T05:36:34.261+0000][817.266s][info][gc,phases   ] GC(376)   Merge Heap Roots: 0.1ms
[2025-12-24T05:36:34.262+0000][817.266s][info][gc,phases   ] GC(376)   Evacuate Collection Set: 1.0ms
[2025-12-24T05:36:34.262+0000][817.266s][info][gc,phases   ] GC(376)   Post Evacuate Collection Set: 0.4ms
[2025-12-24T05:36:34.262+0000][817.266s][info][gc,phases   ] GC(376)   Other: 0.5ms
[2025-12-24T05:36:34.262+0000][817.266s][info][gc,heap     ] GC(376) Eden regions: 325->0(325)
[2025-12-24T05:36:34.262+0000][817.266s][info][gc,heap     ] GC(376) Survivor regions: 1->1(41)
[2025-12-24T05:36:34.262+0000][817.266s][info][gc,heap     ] GC(376) Old regions: 92->92
[2025-12-24T05:36:34.262+0000][817.266s][info][gc,heap     ] GC(376) Archive regions: 2->2
[2025-12-24T05:36:34.262+0000][817.266s][info][gc,heap     ] GC(376) Humongous regions: 37->37
[2025-12-24T05:36:34.262+0000][817.267s][info][gc,metaspace] GC(376) Metaspace: 98542K(99648K)->98542K(99648K) NonClass: 85646K(86144K)->85646K(86144K) Class: 12895K(13504K)->12895K(13504K)
[2025-12-24T05:36:34.263+0000][817.267s][info][gc          ] GC(376) Pause Young (Normal) (G1 Evacuation Pause) 455M->130M(544M) 3.299ms
[2025-12-24T05:36:34.263+0000][817.267s][info][gc,cpu      ] GC(376) User=0.00s Sys=0.00s Real=0.00s
[2025-12-24T05:36:37.032+0000][820.036s][info][gc,start    ] GC(377) Pause Young (Normal) (G1 Evacuation Pause)
[2025-12-24T05:36:37.032+0000][820.036s][info][gc,task     ] GC(377) Using 3 workers of 3 for evacuation
[2025-12-24T05:36:37.034+0000][820.038s][info][gc,phases   ] GC(377)   Pre Evacuate Collection Set: 0.1ms
[2025-12-24T05:36:37.034+0000][820.038s][info][gc,phases   ] GC(377)   Merge Heap Roots: 0.1ms
[2025-12-24T05:36:37.034+0000][820.038s][info][gc,phases   ] GC(377)   Evacuate Collection Set: 0.9ms
[2025-12-24T05:36:37.034+0000][820.038s][info][gc,phases   ] GC(377)   Post Evacuate Collection Set: 0.4ms
[2025-12-24T05:36:37.034+0000][820.038s][info][gc,phases   ] GC(377)   Other: 0.5ms
[2025-12-24T05:36:37.034+0000][820.038s][info][gc,heap     ] GC(377) Eden regions: 325->0(325)
[2025-12-24T05:36:37.034+0000][820.038s][info][gc,heap     ] GC(377) Survivor regions: 1->1(41)
[2025-12-24T05:36:37.034+0000][820.038s][info][gc,heap     ] GC(377) Old regions: 92->92
[2025-12-24T05:36:37.034+0000][820.038s][info][gc,heap     ] GC(377) Archive regions: 2->2
[2025-12-24T05:36:37.034+0000][820.039s][info][gc,heap     ] GC(377) Humongous regions: 37->37
[2025-12-24T05:36:37.035+0000][820.039s][info][gc,metaspace] GC(377) Metaspace: 98542K(99648K)->98542K(99648K) NonClass: 85646K(86144K)->85646K(86144K) Class: 12895K(13504K)->12895K(13504K)
[2025-12-24T05:36:37.035+0000][820.039s][info][gc          ] GC(377) Pause Young (Normal) (G1 Evacuation Pause) 455M->130M(544M) 3.007ms
[2025-12-24T05:36:37.035+0000][820.039s][info][gc,cpu      ] GC(377) User=0.00s Sys=0.00s Real=0.00s
[2025-12-24T05:36:41.250+0000][824.254s][info][gc,start    ] GC(378) Pause Young (Normal) (G1 Evacuation Pause)
[2025-12-24T05:36:41.250+0000][824.254s][info][gc,task     ] GC(378) Using 3 workers of 3 for evacuation
[2025-12-24T05:36:41.252+0000][824.256s][info][gc,phases   ] GC(378)   Pre Evacuate Collection Set: 0.1ms
[2025-12-24T05:36:41.252+0000][824.256s][info][gc,phases   ] GC(378)   Merge Heap Roots: 0.1ms
[2025-12-24T05:36:41.252+0000][824.256s][info][gc,phases   ] GC(378)   Evacuate Collection Set: 1.2ms
[2025-12-24T05:36:41.252+0000][824.257s][info][gc,phases   ] GC(378)   Post Evacuate Collection Set: 0.5ms
[2025-12-24T05:36:41.253+0000][824.257s][info][gc,phases   ] GC(378)   Other: 0.5ms
[2025-12-24T05:36:41.253+0000][824.257s][info][gc,heap     ] GC(378) Eden regions: 325->0(325)
[2025-12-24T05:36:41.253+0000][824.257s][info][gc,heap     ] GC(378) Survivor regions: 1->1(41)
[2025-12-24T05:36:41.253+0000][824.257s][info][gc,heap     ] GC(378) Old regions: 92->92
[2025-12-24T05:36:41.253+0000][824.257s][info][gc,heap     ] GC(378) Archive regions: 2->2
[2025-12-24T05:36:41.253+0000][824.257s][info][gc,heap     ] GC(378) Humongous regions: 37->37
[2025-12-24T05:36:41.253+0000][824.257s][info][gc,metaspace] GC(378) Metaspace: 98542K(99648K)->98542K(99648K) NonClass: 85646K(86144K)->85646K(86144K) Class: 12895K(13504K)->12895K(13504K)
[2025-12-24T05:36:41.253+0000][824.257s][info][gc          ] GC(378) Pause Young (Normal) (G1 Evacuation Pause) 455M->130M(544M) 3.468ms
[2025-12-24T05:36:41.253+0000][824.258s][info][gc,cpu      ] GC(378) User=0.01s Sys=0.00s Real=0.00s
[2025-12-24T05:36:45.481+0000][828.485s][info][gc,start    ] GC(379) Pause Young (Normal) (G1 Evacuation Pause)
[2025-12-24T05:36:45.482+0000][828.486s][info][gc,task     ] GC(379) Using 3 workers of 3 for evacuation
[2025-12-24T05:36:45.486+0000][828.490s][info][gc,phases   ] GC(379)   Pre Evacuate Collection Set: 0.3ms
[2025-12-24T05:36:45.486+0000][828.490s][info][gc,phases   ] GC(379)   Merge Heap Roots: 0.1ms
[2025-12-24T05:36:45.486+0000][828.490s][info][gc,phases   ] GC(379)   Evacuate Collection Set: 2.4ms
[2025-12-24T05:36:45.486+0000][828.490s][info][gc,phases   ] GC(379)   Post Evacuate Collection Set: 0.7ms
[2025-12-24T05:36:45.486+0000][828.490s][info][gc,phases   ] GC(379)   Other: 1.5ms
[2025-12-24T05:36:45.486+0000][828.491s][info][gc,heap     ] GC(379) Eden regions: 325->0(325)
[2025-12-24T05:36:45.487+0000][828.491s][info][gc,heap     ] GC(379) Survivor regions: 1->1(41)
[2025-12-24T05:36:45.487+0000][828.491s][info][gc,heap     ] GC(379) Old regions: 92->92
[2025-12-24T05:36:45.487+0000][828.491s][info][gc,heap     ] GC(379) Archive regions: 2->2
[2025-12-24T05:36:45.487+0000][828.491s][info][gc,heap     ] GC(379) Humongous regions: 37->37
[2025-12-24T05:36:45.487+0000][828.491s][info][gc,metaspace] GC(379) Metaspace: 98542K(99648K)->98542K(99648K) NonClass: 85646K(86144K)->85646K(86144K) Class: 12895K(13504K)->12895K(13504K)
[2025-12-24T05:36:45.487+0000][828.491s][info][gc          ] GC(379) Pause Young (Normal) (G1 Evacuation Pause) 455M->130M(544M) 5.820ms
[2025-12-24T05:36:45.487+0000][828.491s][info][gc,cpu      ] GC(379) User=0.01s Sys=0.00s Real=0.00s
[2025-12-24T05:36:50.186+0000][833.190s][info][gc,start    ] GC(380) Pause Young (Normal) (G1 Evacuation Pause)
[2025-12-24T05:36:50.187+0000][833.191s][info][gc,task     ] GC(380) Using 3 workers of 3 for evacuation
[2025-12-24T05:36:50.190+0000][833.194s][info][gc,phases   ] GC(380)   Pre Evacuate Collection Set: 0.2ms
[2025-12-24T05:36:50.190+0000][833.194s][info][gc,phases   ] GC(380)   Merge Heap Roots: 0.1ms
[2025-12-24T05:36:50.190+0000][833.194s][info][gc,phases   ] GC(380)   Evacuate Collection Set: 2.2ms
[2025-12-24T05:36:50.190+0000][833.194s][info][gc,phases   ] GC(380)   Post Evacuate Collection Set: 0.6ms
[2025-12-24T05:36:50.190+0000][833.194s][info][gc,phases   ] GC(380)   Other: 0.9ms
[2025-12-24T05:36:50.190+0000][833.194s][info][gc,heap     ] GC(380) Eden regions: 325->0(325)
[2025-12-24T05:36:50.190+0000][833.195s][info][gc,heap     ] GC(380) Survivor regions: 1->1(41)
[2025-12-24T05:36:50.190+0000][833.195s][info][gc,heap     ] GC(380) Old regions: 92->92
[2025-12-24T05:36:50.191+0000][833.195s][info][gc,heap     ] GC(380) Archive regions: 2->2
[2025-12-24T05:36:50.191+0000][833.195s][info][gc,heap     ] GC(380) Humongous regions: 37->37
[2025-12-24T05:36:50.191+0000][833.195s][info][gc,metaspace] GC(380) Metaspace: 98543K(99648K)->98543K(99648K) NonClass: 85646K(86144K)->85646K(86144K) Class: 12896K(13504K)->12896K(13504K)
[2025-12-24T05:36:50.191+0000][833.195s][info][gc          ] GC(380) Pause Young (Normal) (G1 Evacuation Pause) 455M->130M(544M) 4.555ms
[2025-12-24T05:36:50.191+0000][833.195s][info][gc,cpu      ] GC(380) User=0.01s Sys=0.00s Real=0.01s
[2025-12-24T05:36:53.071+0000][836.075s][info][gc,start    ] GC(381) Pause Young (Normal) (G1 Evacuation Pause)
[2025-12-24T05:36:53.072+0000][836.076s][info][gc,task     ] GC(381) Using 3 workers of 3 for evacuation
[2025-12-24T05:36:53.076+0000][836.080s][info][gc,phases   ] GC(381)   Pre Evacuate Collection Set: 0.1ms
[2025-12-24T05:36:53.076+0000][836.080s][info][gc,phases   ] GC(381)   Merge Heap Roots: 0.1ms
[2025-12-24T05:36:53.076+0000][836.080s][info][gc,phases   ] GC(381)   Evacuate Collection Set: 2.5ms
[2025-12-24T05:36:53.076+0000][836.080s][info][gc,phases   ] GC(381)   Post Evacuate Collection Set: 0.7ms
[2025-12-24T05:36:53.076+0000][836.080s][info][gc,phases   ] GC(381)   Other: 1.3ms
[2025-12-24T05:36:53.076+0000][836.080s][info][gc,heap     ] GC(381) Eden regions: 325->0(325)
[2025-12-24T05:36:53.076+0000][836.080s][info][gc,heap     ] GC(381) Survivor regions: 1->1(41)
[2025-12-24T05:36:53.076+0000][836.080s][info][gc,heap     ] GC(381) Old regions: 92->92
[2025-12-24T05:36:53.076+0000][836.081s][info][gc,heap     ] GC(381) Archive regions: 2->2
[2025-12-24T05:36:53.077+0000][836.081s][info][gc,heap     ] GC(381) Humongous regions: 37->37
[2025-12-24T05:36:53.077+0000][836.081s][info][gc,metaspace] GC(381) Metaspace: 98544K(99648K)->98544K(99648K) NonClass: 85648K(86144K)->85648K(86144K) Class: 12896K(13504K)->12896K(13504K)
[2025-12-24T05:36:53.077+0000][836.081s][info][gc          ] GC(381) Pause Young (Normal) (G1 Evacuation Pause) 455M->130M(544M) 5.831ms
[2025-12-24T05:36:53.077+0000][836.081s][info][gc,cpu      ] GC(381) User=0.01s Sys=0.00s Real=0.00s
[2025-12-24T05:36:57.389+0000][840.393s][info][gc,start    ] GC(382) Pause Young (Normal) (G1 Evacuation Pause)
[2025-12-24T05:36:57.389+0000][840.393s][info][gc,task     ] GC(382) Using 3 workers of 3 for evacuation
[2025-12-24T05:36:57.391+0000][840.395s][info][gc,phases   ] GC(382)   Pre Evacuate Collection Set: 0.1ms
[2025-12-24T05:36:57.391+0000][840.396s][info][gc,phases   ] GC(382)   Merge Heap Roots: 0.1ms
[2025-12-24T05:36:57.392+0000][840.396s][info][gc,phases   ] GC(382)   Evacuate Collection Set: 1.3ms
[2025-12-24T05:36:57.392+0000][840.396s][info][gc,phases   ] GC(382)   Post Evacuate Collection Set: 0.5ms
[2025-12-24T05:36:57.392+0000][840.396s][info][gc,phases   ] GC(382)   Other: 0.5ms
[2025-12-24T05:36:57.392+0000][840.396s][info][gc,heap     ] GC(382) Eden regions: 325->0(325)
[2025-12-24T05:36:57.392+0000][840.396s][info][gc,heap     ] GC(382) Survivor regions: 1->1(41)
[2025-12-24T05:36:57.392+0000][840.396s][info][gc,heap     ] GC(382) Old regions: 92->92
[2025-12-24T05:36:57.392+0000][840.396s][info][gc,heap     ] GC(382) Archive regions: 2->2
[2025-12-24T05:36:57.392+0000][840.396s][info][gc,heap     ] GC(382) Humongous regions: 37->37
[2025-12-24T05:36:57.392+0000][840.396s][info][gc,metaspace] GC(382) Metaspace: 98545K(99648K)->98545K(99648K) NonClass: 85649K(86144K)->85649K(86144K) Class: 12896K(13504K)->12896K(13504K)
[2025-12-24T05:36:57.392+0000][840.397s][info][gc          ] GC(382) Pause Young (Normal) (G1 Evacuation Pause) 455M->130M(544M) 3.446ms
[2025-12-24T05:36:57.393+0000][840.397s][info][gc,cpu      ] GC(382) User=0.00s Sys=0.00s Real=0.00s
[2025-12-24T05:37:01.705+0000][844.709s][info][gc,start    ] GC(383) Pause Young (Normal) (G1 Evacuation Pause)
[2025-12-24T05:37:01.706+0000][844.710s][info][gc,task     ] GC(383) Using 3 workers of 3 for evacuation
[2025-12-24T05:37:01.709+0000][844.713s][info][gc,phases   ] GC(383)   Pre Evacuate Collection Set: 0.1ms
[2025-12-24T05:37:01.709+0000][844.713s][info][gc,phases   ] GC(383)   Merge Heap Roots: 0.1ms
[2025-12-24T05:37:01.709+0000][844.713s][info][gc,phases   ] GC(383)   Evacuate Collection Set: 1.7ms
[2025-12-24T05:37:01.709+0000][844.713s][info][gc,phases   ] GC(383)   Post Evacuate Collection Set: 0.5ms
[2025-12-24T05:37:01.709+0000][844.713s][info][gc,phases   ] GC(383)   Other: 1.3ms
[2025-12-24T05:37:01.709+0000][844.713s][info][gc,heap     ] GC(383) Eden regions: 325->0(325)
[2025-12-24T05:37:01.709+0000][844.713s][info][gc,heap     ] GC(383) Survivor regions: 1->1(41)
[2025-12-24T05:37:01.709+0000][844.714s][info][gc,heap     ] GC(383) Old regions: 92->92
[2025-12-24T05:37:01.710+0000][844.714s][info][gc,heap     ] GC(383) Archive regions: 2->2
[2025-12-24T05:37:01.710+0000][844.714s][info][gc,heap     ] GC(383) Humongous regions: 37->37
[2025-12-24T05:37:01.710+0000][844.714s][info][gc,metaspace] GC(383) Metaspace: 98552K(99648K)->98552K(99648K) NonClass: 85656K(86144K)->85656K(86144K) Class: 12896K(13504K)->12896K(13504K)
[2025-12-24T05:37:01.710+0000][844.714s][info][gc          ] GC(383) Pause Young (Normal) (G1 Evacuation Pause) 455M->130M(544M) 4.673ms
[2025-12-24T05:37:01.710+0000][844.714s][info][gc,cpu      ] GC(383) User=0.00s Sys=0.00s Real=0.01s
[2025-12-24T05:37:05.922+0000][848.926s][info][gc,start    ] GC(384) Pause Young (Normal) (G1 Evacuation Pause)
[2025-12-24T05:37:05.922+0000][848.926s][info][gc,task     ] GC(384) Using 3 workers of 3 for evacuation
[2025-12-24T05:37:05.925+0000][848.929s][info][gc,phases   ] GC(384)   Pre Evacuate Collection Set: 0.1ms
[2025-12-24T05:37:05.925+0000][848.929s][info][gc,phases   ] GC(384)   Merge Heap Roots: 0.1ms
[2025-12-24T05:37:05.925+0000][848.929s][info][gc,phases   ] GC(384)   Evacuate Collection Set: 1.6ms
[2025-12-24T05:37:05.925+0000][848.929s][info][gc,phases   ] GC(384)   Post Evacuate Collection Set: 0.5ms
[2025-12-24T05:37:05.925+0000][848.929s][info][gc,phases   ] GC(384)   Other: 0.5ms
[2025-12-24T05:37:05.925+0000][848.929s][info][gc,heap     ] GC(384) Eden regions: 325->0(325)
[2025-12-24T05:37:05.925+0000][848.929s][info][gc,heap     ] GC(384) Survivor regions: 1->1(41)
[2025-12-24T05:37:05.925+0000][848.929s][info][gc,heap     ] GC(384) Old regions: 92->92
[2025-12-24T05:37:05.925+0000][848.930s][info][gc,heap     ] GC(384) Archive regions: 2->2
[2025-12-24T05:37:05.926+0000][848.930s][info][gc,heap     ] GC(384) Humongous regions: 37->37
[2025-12-24T05:37:05.926+0000][848.930s][info][gc,metaspace] GC(384) Metaspace: 98552K(99648K)->98552K(99648K) NonClass: 85656K(86144K)->85656K(86144K) Class: 12896K(13504K)->12896K(13504K)
[2025-12-24T05:37:05.926+0000][848.930s][info][gc          ] GC(384) Pause Young (Normal) (G1 Evacuation Pause) 455M->130M(544M) 3.705ms
[2025-12-24T05:37:05.926+0000][848.930s][info][gc,cpu      ] GC(384) User=0.00s Sys=0.00s Real=0.00s
[2025-12-24T05:37:08.786+0000][851.790s][info][gc,start    ] GC(385) Pause Young (Normal) (G1 Evacuation Pause)
[2025-12-24T05:37:08.787+0000][851.791s][info][gc,task     ] GC(385) Using 3 workers of 3 for evacuation
[2025-12-24T05:37:08.789+0000][851.793s][info][gc,phases   ] GC(385)   Pre Evacuate Collection Set: 0.1ms
[2025-12-24T05:37:08.789+0000][851.794s][info][gc,phases   ] GC(385)   Merge Heap Roots: 0.1ms
[2025-12-24T05:37:08.790+0000][851.794s][info][gc,phases   ] GC(385)   Evacuate Collection Set: 1.4ms
[2025-12-24T05:37:08.790+0000][851.794s][info][gc,phases   ] GC(385)   Post Evacuate Collection Set: 0.6ms
[2025-12-24T05:37:08.790+0000][851.794s][info][gc,phases   ] GC(385)   Other: 1.3ms
[2025-12-24T05:37:08.790+0000][851.794s][info][gc,heap     ] GC(385) Eden regions: 325->0(325)
[2025-12-24T05:37:08.790+0000][851.794s][info][gc,heap     ] GC(385) Survivor regions: 1->1(41)
[2025-12-24T05:37:08.790+0000][851.794s][info][gc,heap     ] GC(385) Old regions: 92->92
[2025-12-24T05:37:08.790+0000][851.794s][info][gc,heap     ] GC(385) Archive regions: 2->2
[2025-12-24T05:37:08.790+0000][851.794s][info][gc,heap     ] GC(385) Humongous regions: 37->37
[2025-12-24T05:37:08.790+0000][851.794s][info][gc,metaspace] GC(385) Metaspace: 98556K(99648K)->98556K(99648K) NonClass: 85659K(86144K)->85659K(86144K) Class: 12896K(13504K)->12896K(13504K)
[2025-12-24T05:37:08.790+0000][851.794s][info][gc          ] GC(385) Pause Young (Normal) (G1 Evacuation Pause) 455M->130M(544M) 4.126ms
[2025-12-24T05:37:08.790+0000][851.794s][info][gc,cpu      ] GC(385) User=0.00s Sys=0.00s Real=0.01s
[2025-12-24T05:37:13.090+0000][856.094s][info][gc,start    ] GC(386) Pause Young (Normal) (G1 Evacuation Pause)
[2025-12-24T05:37:13.090+0000][856.094s][info][gc,task     ] GC(386) Using 3 workers of 3 for evacuation
[2025-12-24T05:37:13.092+0000][856.096s][info][gc,phases   ] GC(386)   Pre Evacuate Collection Set: 0.1ms
[2025-12-24T05:37:13.093+0000][856.097s][info][gc,phases   ] GC(386)   Merge Heap Roots: 0.1ms
[2025-12-24T05:37:13.093+0000][856.097s][info][gc,phases   ] GC(386)   Evacuate Collection Set: 1.2ms
[2025-12-24T05:37:13.093+0000][856.097s][info][gc,phases   ] GC(386)   Post Evacuate Collection Set: 0.5ms
[2025-12-24T05:37:13.093+0000][856.097s][info][gc,phases   ] GC(386)   Other: 0.5ms
[2025-12-24T05:37:13.093+0000][856.097s][info][gc,heap     ] GC(386) Eden regions: 325->0(325)
[2025-12-24T05:37:13.093+0000][856.097s][info][gc,heap     ] GC(386) Survivor regions: 1->1(41)
[2025-12-24T05:37:13.093+0000][856.097s][info][gc,heap     ] GC(386) Old regions: 92->92
[2025-12-24T05:37:13.093+0000][856.097s][info][gc,heap     ] GC(386) Archive regions: 2->2
[2025-12-24T05:37:13.093+0000][856.097s][info][gc,heap     ] GC(386) Humongous regions: 37->37
[2025-12-24T05:37:13.093+0000][856.098s][info][gc,metaspace] GC(386) Metaspace: 98563K(99648K)->98563K(99648K) NonClass: 85667K(86144K)->85667K(86144K) Class: 12896K(13504K)->12896K(13504K)
[2025-12-24T05:37:13.094+0000][856.098s][info][gc          ] GC(386) Pause Young (Normal) (G1 Evacuation Pause) 455M->130M(544M) 3.545ms
[2025-12-24T05:37:13.094+0000][856.098s][info][gc,cpu      ] GC(386) User=0.00s Sys=0.00s Real=0.00s
[2025-12-24T05:37:17.359+0000][860.363s][info][gc,start    ] GC(387) Pause Young (Normal) (G1 Evacuation Pause)
[2025-12-24T05:37:17.360+0000][860.364s][info][gc,task     ] GC(387) Using 3 workers of 3 for evacuation
[2025-12-24T05:37:17.362+0000][860.366s][info][gc,phases   ] GC(387)   Pre Evacuate Collection Set: 0.2ms
[2025-12-24T05:37:17.362+0000][860.366s][info][gc,phases   ] GC(387)   Merge Heap Roots: 0.1ms
[2025-12-24T05:37:17.362+0000][860.366s][info][gc,phases   ] GC(387)   Evacuate Collection Set: 1.5ms
[2025-12-24T05:37:17.362+0000][860.366s][info][gc,phases   ] GC(387)   Post Evacuate Collection Set: 0.5ms
[2025-12-24T05:37:17.362+0000][860.367s][info][gc,phases   ] GC(387)   Other: 0.9ms
[2025-12-24T05:37:17.363+0000][860.367s][info][gc,heap     ] GC(387) Eden regions: 325->0(325)
[2025-12-24T05:37:17.363+0000][860.367s][info][gc,heap     ] GC(387) Survivor regions: 1->1(41)
[2025-12-24T05:37:17.363+0000][860.367s][info][gc,heap     ] GC(387) Old regions: 92->92
[2025-12-24T05:37:17.363+0000][860.367s][info][gc,heap     ] GC(387) Archive regions: 2->2
[2025-12-24T05:37:17.363+0000][860.367s][info][gc,heap     ] GC(387) Humongous regions: 37->37
[2025-12-24T05:37:17.363+0000][860.367s][info][gc,metaspace] GC(387) Metaspace: 98563K(99648K)->98563K(99648K) NonClass: 85667K(86144K)->85667K(86144K) Class: 12896K(13504K)->12896K(13504K)
[2025-12-24T05:37:17.363+0000][860.367s][info][gc          ] GC(387) Pause Young (Normal) (G1 Evacuation Pause) 455M->130M(544M) 3.898ms
[2025-12-24T05:37:17.363+0000][860.367s][info][gc,cpu      ] GC(387) User=0.00s Sys=0.00s Real=0.00s
[2025-12-24T05:37:21.556+0000][864.560s][info][gc,start    ] GC(388) Pause Young (Normal) (G1 Evacuation Pause)
[2025-12-24T05:37:21.556+0000][864.560s][info][gc,task     ] GC(388) Using 3 workers of 3 for evacuation
[2025-12-24T05:37:21.558+0000][864.562s][info][gc,phases   ] GC(388)   Pre Evacuate Collection Set: 0.1ms
[2025-12-24T05:37:21.558+0000][864.562s][info][gc,phases   ] GC(388)   Merge Heap Roots: 0.1ms
[2025-12-24T05:37:21.558+0000][864.562s][info][gc,phases   ] GC(388)   Evacuate Collection Set: 1.1ms
[2025-12-24T05:37:21.558+0000][864.562s][info][gc,phases   ] GC(388)   Post Evacuate Collection Set: 0.4ms
[2025-12-24T05:37:21.558+0000][864.562s][info][gc,phases   ] GC(388)   Other: 0.5ms
[2025-12-24T05:37:21.558+0000][864.562s][info][gc,heap     ] GC(388) Eden regions: 325->0(325)
[2025-12-24T05:37:21.558+0000][864.562s][info][gc,heap     ] GC(388) Survivor regions: 1->1(41)
[2025-12-24T05:37:21.558+0000][864.563s][info][gc,heap     ] GC(388) Old regions: 92->92
[2025-12-24T05:37:21.558+0000][864.563s][info][gc,heap     ] GC(388) Archive regions: 2->2
[2025-12-24T05:37:21.559+0000][864.563s][info][gc,heap     ] GC(388) Humongous regions: 37->37
[2025-12-24T05:37:21.559+0000][864.563s][info][gc,metaspace] GC(388) Metaspace: 98564K(99648K)->98564K(99648K) NonClass: 85667K(86144K)->85667K(86144K) Class: 12896K(13504K)->12896K(13504K)
[2025-12-24T05:37:21.559+0000][864.563s][info][gc          ] GC(388) Pause Young (Normal) (G1 Evacuation Pause) 455M->130M(544M) 2.638ms
[2025-12-24T05:37:21.559+0000][864.563s][info][gc,cpu      ] GC(388) User=0.00s Sys=0.00s Real=0.01s
[2025-12-24T05:37:24.293+0000][867.297s][info][gc,start    ] GC(389) Pause Young (Normal) (G1 Evacuation Pause)
[2025-12-24T05:37:24.294+0000][867.298s][info][gc,task     ] GC(389) Using 3 workers of 3 for evacuation
[2025-12-24T05:37:24.295+0000][867.300s][info][gc,phases   ] GC(389)   Pre Evacuate Collection Set: 0.1ms
[2025-12-24T05:37:24.296+0000][867.300s][info][gc,phases   ] GC(389)   Merge Heap Roots: 0.1ms
[2025-12-24T05:37:24.296+0000][867.300s][info][gc,phases   ] GC(389)   Evacuate Collection Set: 1.1ms
[2025-12-24T05:37:24.296+0000][867.300s][info][gc,phases   ] GC(389)   Post Evacuate Collection Set: 0.4ms
[2025-12-24T05:37:24.296+0000][867.300s][info][gc,phases   ] GC(389)   Other: 1.3ms
[2025-12-24T05:37:24.296+0000][867.300s][info][gc,heap     ] GC(389) Eden regions: 325->0(325)
[2025-12-24T05:37:24.296+0000][867.300s][info][gc,heap     ] GC(389) Survivor regions: 1->1(41)
[2025-12-24T05:37:24.296+0000][867.300s][info][gc,heap     ] GC(389) Old regions: 92->92
[2025-12-24T05:37:24.296+0000][867.300s][info][gc,heap     ] GC(389) Archive regions: 2->2
[2025-12-24T05:37:24.296+0000][867.300s][info][gc,heap     ] GC(389) Humongous regions: 37->37
[2025-12-24T05:37:24.296+0000][867.300s][info][gc,metaspace] GC(389) Metaspace: 98566K(99648K)->98566K(99648K) NonClass: 85670K(86144K)->85670K(86144K) Class: 12896K(13504K)->12896K(13504K)
[2025-12-24T05:37:24.296+0000][867.300s][info][gc          ] GC(389) Pause Young (Normal) (G1 Evacuation Pause) 455M->130M(544M) 3.765ms
[2025-12-24T05:37:24.296+0000][867.301s][info][gc,cpu      ] GC(389) User=0.00s Sys=0.00s Real=0.00s
[2025-12-24T05:37:28.656+0000][871.660s][info][gc,start    ] GC(390) Pause Young (Normal) (G1 Evacuation Pause)
[2025-12-24T05:37:28.656+0000][871.660s][info][gc,task     ] GC(390) Using 3 workers of 3 for evacuation
[2025-12-24T05:37:28.658+0000][871.662s][info][gc,phases   ] GC(390)   Pre Evacuate Collection Set: 0.1ms
[2025-12-24T05:37:28.658+0000][871.662s][info][gc,phases   ] GC(390)   Merge Heap Roots: 0.1ms
[2025-12-24T05:37:28.658+0000][871.662s][info][gc,phases   ] GC(390)   Evacuate Collection Set: 1.0ms
[2025-12-24T05:37:28.658+0000][871.662s][info][gc,phases   ] GC(390)   Post Evacuate Collection Set: 0.5ms
[2025-12-24T05:37:28.658+0000][871.662s][info][gc,phases   ] GC(390)   Other: 0.5ms
[2025-12-24T05:37:28.658+0000][871.662s][info][gc,heap     ] GC(390) Eden regions: 325->0(325)
[2025-12-24T05:37:28.658+0000][871.662s][info][gc,heap     ] GC(390) Survivor regions: 1->1(41)
[2025-12-24T05:37:28.658+0000][871.662s][info][gc,heap     ] GC(390) Old regions: 92->92
[2025-12-24T05:37:28.658+0000][871.662s][info][gc,heap     ] GC(390) Archive regions: 2->2
[2025-12-24T05:37:28.658+0000][871.662s][info][gc,heap     ] GC(390) Humongous regions: 37->37
[2025-12-24T05:37:28.658+0000][871.662s][info][gc,metaspace] GC(390) Metaspace: 98567K(99712K)->98567K(99712K) NonClass: 85671K(86208K)->85671K(86208K) Class: 12896K(13504K)->12896K(13504K)
[2025-12-24T05:37:28.658+0000][871.663s][info][gc          ] GC(390) Pause Young (Normal) (G1 Evacuation Pause) 455M->130M(544M) 2.813ms
[2025-12-24T05:37:28.659+0000][871.663s][info][gc,cpu      ] GC(390) User=0.00s Sys=0.01s Real=0.01s
[2025-12-24T05:37:32.948+0000][875.952s][info][gc,start    ] GC(391) Pause Young (Normal) (G1 Evacuation Pause)
[2025-12-24T05:37:32.949+0000][875.953s][info][gc,task     ] GC(391) Using 3 workers of 3 for evacuation
[2025-12-24T05:37:32.951+0000][875.955s][info][gc,phases   ] GC(391)   Pre Evacuate Collection Set: 0.1ms
[2025-12-24T05:37:32.951+0000][875.956s][info][gc,phases   ] GC(391)   Merge Heap Roots: 0.1ms
[2025-12-24T05:37:32.952+0000][875.956s][info][gc,phases   ] GC(391)   Evacuate Collection Set: 1.5ms
[2025-12-24T05:37:32.952+0000][875.956s][info][gc,phases   ] GC(391)   Post Evacuate Collection Set: 0.5ms
[2025-12-24T05:37:32.952+0000][875.956s][info][gc,phases   ] GC(391)   Other: 0.8ms
[2025-12-24T05:37:32.952+0000][875.956s][info][gc,heap     ] GC(391) Eden regions: 325->0(325)
[2025-12-24T05:37:32.952+0000][875.956s][info][gc,heap     ] GC(391) Survivor regions: 1->1(41)
[2025-12-24T05:37:32.952+0000][875.956s][info][gc,heap     ] GC(391) Old regions: 92->92
[2025-12-24T05:37:32.952+0000][875.956s][info][gc,heap     ] GC(391) Archive regions: 2->2
[2025-12-24T05:37:32.952+0000][875.956s][info][gc,heap     ] GC(391) Humongous regions: 37->37
[2025-12-24T05:37:32.952+0000][875.956s][info][gc,metaspace] GC(391) Metaspace: 98574K(99712K)->98574K(99712K) NonClass: 85678K(86208K)->85678K(86208K) Class: 12896K(13504K)->12896K(13504K)
[2025-12-24T05:37:32.953+0000][875.957s][info][gc          ] GC(391) Pause Young (Normal) (G1 Evacuation Pause) 455M->130M(544M) 4.345ms
[2025-12-24T05:37:32.953+0000][875.957s][info][gc,cpu      ] GC(391) User=0.01s Sys=0.00s Real=0.01s
[2025-12-24T05:37:36.788+0000][879.793s][info][gc,start    ] GC(392) Pause Young (Normal) (G1 Evacuation Pause)
[2025-12-24T05:37:36.789+0000][879.794s][info][gc,task     ] GC(392) Using 3 workers of 3 for evacuation
[2025-12-24T05:37:36.791+0000][879.796s][info][gc,phases   ] GC(392)   Pre Evacuate Collection Set: 0.1ms
[2025-12-24T05:37:36.792+0000][879.796s][info][gc,phases   ] GC(392)   Merge Heap Roots: 0.1ms
[2025-12-24T05:37:36.792+0000][879.796s][info][gc,phases   ] GC(392)   Evacuate Collection Set: 1.1ms
[2025-12-24T05:37:36.792+0000][879.796s][info][gc,phases   ] GC(392)   Post Evacuate Collection Set: 0.4ms
[2025-12-24T05:37:36.792+0000][879.796s][info][gc,phases   ] GC(392)   Other: 1.3ms
[2025-12-24T05:37:36.792+0000][879.796s][info][gc,heap     ] GC(392) Eden regions: 325->0(325)
[2025-12-24T05:37:36.792+0000][879.796s][info][gc,heap     ] GC(392) Survivor regions: 1->1(41)
[2025-12-24T05:37:36.792+0000][879.796s][info][gc,heap     ] GC(392) Old regions: 92->92
[2025-12-24T05:37:36.792+0000][879.796s][info][gc,heap     ] GC(392) Archive regions: 2->2
[2025-12-24T05:37:36.792+0000][879.797s][info][gc,heap     ] GC(392) Humongous regions: 37->37
[2025-12-24T05:37:36.793+0000][879.797s][info][gc,metaspace] GC(392) Metaspace: 98577K(99712K)->98577K(99712K) NonClass: 85680K(86208K)->85680K(86208K) Class: 12896K(13504K)->12896K(13504K)
[2025-12-24T05:37:36.793+0000][879.797s][info][gc          ] GC(392) Pause Young (Normal) (G1 Evacuation Pause) 455M->130M(544M) 4.142ms
[2025-12-24T05:37:36.793+0000][879.797s][info][gc,cpu      ] GC(392) User=0.00s Sys=0.00s Real=0.01s
[2025-12-24T05:37:39.850+0000][882.854s][info][gc,start    ] GC(393) Pause Young (Normal) (G1 Evacuation Pause)
[2025-12-24T05:37:39.851+0000][882.855s][info][gc,task     ] GC(393) Using 3 workers of 3 for evacuation
[2025-12-24T05:37:39.853+0000][882.857s][info][gc,phases   ] GC(393)   Pre Evacuate Collection Set: 0.1ms
[2025-12-24T05:37:39.854+0000][882.858s][info][gc,phases   ] GC(393)   Merge Heap Roots: 0.1ms
[2025-12-24T05:37:39.854+0000][882.858s][info][gc,phases   ] GC(393)   Evacuate Collection Set: 1.8ms
[2025-12-24T05:37:39.854+0000][882.858s][info][gc,phases   ] GC(393)   Post Evacuate Collection Set: 0.5ms
[2025-12-24T05:37:39.854+0000][882.858s][info][gc,phases   ] GC(393)   Other: 0.9ms
[2025-12-24T05:37:39.854+0000][882.858s][info][gc,heap     ] GC(393) Eden regions: 325->0(325)
[2025-12-24T05:37:39.854+0000][882.858s][info][gc,heap     ] GC(393) Survivor regions: 1->1(41)
[2025-12-24T05:37:39.854+0000][882.858s][info][gc,heap     ] GC(393) Old regions: 92->92
[2025-12-24T05:37:39.854+0000][882.858s][info][gc,heap     ] GC(393) Archive regions: 2->2
[2025-12-24T05:37:39.854+0000][882.858s][info][gc,heap     ] GC(393) Humongous regions: 37->37
[2025-12-24T05:37:39.854+0000][882.858s][info][gc,metaspace] GC(393) Metaspace: 98581K(99776K)->98581K(99776K) NonClass: 85685K(86272K)->85685K(86272K) Class: 12896K(13504K)->12896K(13504K)
[2025-12-24T05:37:39.854+0000][882.859s][info][gc          ] GC(393) Pause Young (Normal) (G1 Evacuation Pause) 455M->130M(544M) 4.357ms
[2025-12-24T05:37:39.855+0000][882.859s][info][gc,cpu      ] GC(393) User=0.00s Sys=0.00s Real=0.00s
[2025-12-24T05:37:44.160+0000][887.164s][info][gc,start    ] GC(394) Pause Young (Normal) (G1 Evacuation Pause)
[2025-12-24T05:37:44.160+0000][887.165s][info][gc,task     ] GC(394) Using 3 workers of 3 for evacuation
[2025-12-24T05:37:44.163+0000][887.167s][info][gc,phases   ] GC(394)   Pre Evacuate Collection Set: 0.1ms
[2025-12-24T05:37:44.164+0000][887.168s][info][gc,phases   ] GC(394)   Merge Heap Roots: 0.1ms
[2025-12-24T05:37:44.164+0000][887.168s][info][gc,phases   ] GC(394)   Evacuate Collection Set: 1.9ms
[2025-12-24T05:37:44.164+0000][887.168s][info][gc,phases   ] GC(394)   Post Evacuate Collection Set: 0.5ms
[2025-12-24T05:37:44.164+0000][887.168s][info][gc,phases   ] GC(394)   Other: 0.6ms
[2025-12-24T05:37:44.164+0000][887.168s][info][gc,heap     ] GC(394) Eden regions: 325->0(324)
[2025-12-24T05:37:44.164+0000][887.168s][info][gc,heap     ] GC(394) Survivor regions: 1->2(41)
[2025-12-24T05:37:44.164+0000][887.168s][info][gc,heap     ] GC(394) Old regions: 92->92
[2025-12-24T05:37:44.164+0000][887.168s][info][gc,heap     ] GC(394) Archive regions: 2->2
[2025-12-24T05:37:44.164+0000][887.168s][info][gc,heap     ] GC(394) Humongous regions: 37->37
[2025-12-24T05:37:44.164+0000][887.168s][info][gc,metaspace] GC(394) Metaspace: 98581K(99776K)->98581K(99776K) NonClass: 85685K(86272K)->85685K(86272K) Class: 12896K(13504K)->12896K(13504K)
[2025-12-24T05:37:44.164+0000][887.168s][info][gc          ] GC(394) Pause Young (Normal) (G1 Evacuation Pause) 455M->130M(544M) 4.196ms
[2025-12-24T05:37:44.165+0000][887.169s][info][gc,cpu      ] GC(394) User=0.01s Sys=0.00s Real=0.00s
[2025-12-24T05:37:48.485+0000][891.489s][info][gc,start    ] GC(395) Pause Young (Normal) (G1 Evacuation Pause)
[2025-12-24T05:37:48.485+0000][891.489s][info][gc,task     ] GC(395) Using 3 workers of 3 for evacuation
[2025-12-24T05:37:48.487+0000][891.491s][info][gc,phases   ] GC(395)   Pre Evacuate Collection Set: 0.1ms
[2025-12-24T05:37:48.487+0000][891.492s][info][gc,phases   ] GC(395)   Merge Heap Roots: 0.1ms
[2025-12-24T05:37:48.488+0000][891.492s][info][gc,phases   ] GC(395)   Evacuate Collection Set: 1.5ms
[2025-12-24T05:37:48.488+0000][891.492s][info][gc,phases   ] GC(395)   Post Evacuate Collection Set: 0.4ms
[2025-12-24T05:37:48.488+0000][891.492s][info][gc,phases   ] GC(395)   Other: 0.5ms
[2025-12-24T05:37:48.488+0000][891.492s][info][gc,heap     ] GC(395) Eden regions: 324->0(325)
[2025-12-24T05:37:48.488+0000][891.492s][info][gc,heap     ] GC(395) Survivor regions: 2->1(41)
[2025-12-24T05:37:48.488+0000][891.492s][info][gc,heap     ] GC(395) Old regions: 92->92
[2025-12-24T05:37:48.488+0000][891.492s][info][gc,heap     ] GC(395) Archive regions: 2->2
[2025-12-24T05:37:48.488+0000][891.492s][info][gc,heap     ] GC(395) Humongous regions: 37->37
[2025-12-24T05:37:48.488+0000][891.492s][info][gc,metaspace] GC(395) Metaspace: 98581K(99776K)->98581K(99776K) NonClass: 85685K(86272K)->85685K(86272K) Class: 12896K(13504K)->12896K(13504K)
[2025-12-24T05:37:48.488+0000][891.493s][info][gc          ] GC(395) Pause Young (Normal) (G1 Evacuation Pause) 454M->130M(544M) 3.605ms
[2025-12-24T05:37:48.489+0000][891.493s][info][gc,cpu      ] GC(395) User=0.00s Sys=0.00s Real=0.01s
[2025-12-24T05:37:51.793+0000][894.797s][info][gc,start    ] GC(396) Pause Young (Normal) (G1 Evacuation Pause)
[2025-12-24T05:37:51.793+0000][894.797s][info][gc,task     ] GC(396) Using 3 workers of 3 for evacuation
[2025-12-24T05:37:51.795+0000][894.799s][info][gc,phases   ] GC(396)   Pre Evacuate Collection Set: 0.1ms
[2025-12-24T05:37:51.795+0000][894.799s][info][gc,phases   ] GC(396)   Merge Heap Roots: 0.1ms
[2025-12-24T05:37:51.795+0000][894.799s][info][gc,phases   ] GC(396)   Evacuate Collection Set: 1.4ms
[2025-12-24T05:37:51.796+0000][894.800s][info][gc,phases   ] GC(396)   Post Evacuate Collection Set: 0.4ms
[2025-12-24T05:37:51.796+0000][894.800s][info][gc,phases   ] GC(396)   Other: 0.6ms
[2025-12-24T05:37:51.796+0000][894.800s][info][gc,heap     ] GC(396) Eden regions: 325->0(325)
[2025-12-24T05:37:51.796+0000][894.800s][info][gc,heap     ] GC(396) Survivor regions: 1->1(41)
[2025-12-24T05:37:51.796+0000][894.800s][info][gc,heap     ] GC(396) Old regions: 92->92
[2025-12-24T05:37:51.796+0000][894.800s][info][gc,heap     ] GC(396) Archive regions: 2->2
[2025-12-24T05:37:51.796+0000][894.800s][info][gc,heap     ] GC(396) Humongous regions: 37->37
[2025-12-24T05:37:51.796+0000][894.800s][info][gc,metaspace] GC(396) Metaspace: 98585K(99776K)->98585K(99776K) NonClass: 85688K(86272K)->85688K(86272K) Class: 12896K(13504K)->12896K(13504K)
[2025-12-24T05:37:51.796+0000][894.800s][info][gc          ] GC(396) Pause Young (Normal) (G1 Evacuation Pause) 455M->130M(544M) 3.585ms
[2025-12-24T05:37:51.797+0000][894.801s][info][gc,cpu      ] GC(396) User=0.00s Sys=0.00s Real=0.00s
[2025-12-24T05:37:55.441+0000][898.445s][info][gc,start    ] GC(397) Pause Young (Normal) (G1 Evacuation Pause)
[2025-12-24T05:37:55.441+0000][898.445s][info][gc,task     ] GC(397) Using 3 workers of 3 for evacuation
[2025-12-24T05:37:55.444+0000][898.449s][info][gc,phases   ] GC(397)   Pre Evacuate Collection Set: 0.2ms
[2025-12-24T05:37:55.445+0000][898.449s][info][gc,phases   ] GC(397)   Merge Heap Roots: 0.1ms
[2025-12-24T05:37:55.445+0000][898.449s][info][gc,phases   ] GC(397)   Evacuate Collection Set: 2.0ms
[2025-12-24T05:37:55.445+0000][898.449s][info][gc,phases   ] GC(397)   Post Evacuate Collection Set: 0.7ms
[2025-12-24T05:37:55.445+0000][898.449s][info][gc,phases   ] GC(397)   Other: 0.5ms
[2025-12-24T05:37:55.445+0000][898.449s][info][gc,heap     ] GC(397) Eden regions: 325->0(325)
[2025-12-24T05:37:55.445+0000][898.449s][info][gc,heap     ] GC(397) Survivor regions: 1->1(41)
[2025-12-24T05:37:55.445+0000][898.449s][info][gc,heap     ] GC(397) Old regions: 92->92
[2025-12-24T05:37:55.445+0000][898.449s][info][gc,heap     ] GC(397) Archive regions: 2->2
[2025-12-24T05:37:55.445+0000][898.449s][info][gc,heap     ] GC(397) Humongous regions: 40->38
[2025-12-24T05:37:55.445+0000][898.449s][info][gc,metaspace] GC(397) Metaspace: 98688K(99840K)->98688K(99840K) NonClass: 85778K(86336K)->85778K(86336K) Class: 12909K(13504K)->12909K(13504K)
[2025-12-24T05:37:55.445+0000][898.450s][info][gc          ] GC(397) Pause Young (Normal) (G1 Evacuation Pause) 458M->131M(544M) 4.286ms
[2025-12-24T05:37:55.446+0000][898.450s][info][gc,cpu      ] GC(397) User=0.01s Sys=0.00s Real=0.00s
[2025-12-24T05:37:59.737+0000][902.741s][info][gc,start    ] GC(398) Pause Young (Normal) (G1 Evacuation Pause)
[2025-12-24T05:37:59.738+0000][902.742s][info][gc,task     ] GC(398) Using 3 workers of 3 for evacuation
[2025-12-24T05:37:59.740+0000][902.744s][info][gc,phases   ] GC(398)   Pre Evacuate Collection Set: 0.1ms
[2025-12-24T05:37:59.740+0000][902.745s][info][gc,phases   ] GC(398)   Merge Heap Roots: 0.1ms
[2025-12-24T05:37:59.741+0000][902.745s][info][gc,phases   ] GC(398)   Evacuate Collection Set: 1.9ms
[2025-12-24T05:37:59.741+0000][902.745s][info][gc,phases   ] GC(398)   Post Evacuate Collection Set: 0.5ms
[2025-12-24T05:37:59.741+0000][902.745s][info][gc,phases   ] GC(398)   Other: 0.5ms
[2025-12-24T05:37:59.741+0000][902.745s][info][gc,heap     ] GC(398) Eden regions: 325->0(325)
[2025-12-24T05:37:59.741+0000][902.745s][info][gc,heap     ] GC(398) Survivor regions: 1->1(41)
[2025-12-24T05:37:59.741+0000][902.745s][info][gc,heap     ] GC(398) Old regions: 92->92
[2025-12-24T05:37:59.741+0000][902.745s][info][gc,heap     ] GC(398) Archive regions: 2->2
[2025-12-24T05:37:59.741+0000][902.745s][info][gc,heap     ] GC(398) Humongous regions: 38->38
[2025-12-24T05:37:59.741+0000][902.746s][info][gc,metaspace] GC(398) Metaspace: 98691K(99840K)->98691K(99840K) NonClass: 85781K(86336K)->85781K(86336K) Class: 12909K(13504K)->12909K(13504K)
[2025-12-24T05:37:59.742+0000][902.746s][info][gc          ] GC(398) Pause Young (Normal) (G1 Evacuation Pause) 456M->131M(544M) 4.211ms
[2025-12-24T05:37:59.742+0000][902.746s][info][gc,cpu      ] GC(398) User=0.00s Sys=0.00s Real=0.01s
[2025-12-24T05:38:04.076+0000][907.080s][info][gc,start    ] GC(399) Pause Young (Normal) (G1 Evacuation Pause)
[2025-12-24T05:38:04.077+0000][907.081s][info][gc,task     ] GC(399) Using 3 workers of 3 for evacuation
[2025-12-24T05:38:04.079+0000][907.083s][info][gc,phases   ] GC(399)   Pre Evacuate Collection Set: 0.1ms
[2025-12-24T05:38:04.079+0000][907.083s][info][gc,phases   ] GC(399)   Merge Heap Roots: 0.1ms
[2025-12-24T05:38:04.079+0000][907.083s][info][gc,phases   ] GC(399)   Evacuate Collection Set: 1.3ms
[2025-12-24T05:38:04.079+0000][907.083s][info][gc,phases   ] GC(399)   Post Evacuate Collection Set: 0.6ms
[2025-12-24T05:38:04.079+0000][907.083s][info][gc,phases   ] GC(399)   Other: 0.6ms
[2025-12-24T05:38:04.079+0000][907.084s][info][gc,heap     ] GC(399) Eden regions: 325->0(325)
[2025-12-24T05:38:04.080+0000][907.084s][info][gc,heap     ] GC(399) Survivor regions: 1->1(41)
[2025-12-24T05:38:04.080+0000][907.084s][info][gc,heap     ] GC(399) Old regions: 92->92
[2025-12-24T05:38:04.080+0000][907.084s][info][gc,heap     ] GC(399) Archive regions: 2->2
[2025-12-24T05:38:04.080+0000][907.084s][info][gc,heap     ] GC(399) Humongous regions: 38->38
[2025-12-24T05:38:04.080+0000][907.084s][info][gc,metaspace] GC(399) Metaspace: 98691K(99840K)->98691K(99840K) NonClass: 85781K(86336K)->85781K(86336K) Class: 12909K(13504K)->12909K(13504K)
[2025-12-24T05:38:04.080+0000][907.084s][info][gc          ] GC(399) Pause Young (Normal) (G1 Evacuation Pause) 456M->131M(544M) 3.915ms
[2025-12-24T05:38:04.080+0000][907.085s][info][gc,cpu      ] GC(399) User=0.00s Sys=0.01s Real=0.01s
[2025-12-24T05:38:06.912+0000][909.916s][info][gc,start    ] GC(400) Pause Young (Normal) (G1 Evacuation Pause)
[2025-12-24T05:38:06.913+0000][909.917s][info][gc,task     ] GC(400) Using 3 workers of 3 for evacuation
[2025-12-24T05:38:06.915+0000][909.919s][info][gc,phases   ] GC(400)   Pre Evacuate Collection Set: 0.1ms
[2025-12-24T05:38:06.915+0000][909.919s][info][gc,phases   ] GC(400)   Merge Heap Roots: 0.1ms
[2025-12-24T05:38:06.915+0000][909.920s][info][gc,phases   ] GC(400)   Evacuate Collection Set: 1.6ms
[2025-12-24T05:38:06.916+0000][909.920s][info][gc,phases   ] GC(400)   Post Evacuate Collection Set: 0.5ms
[2025-12-24T05:38:06.916+0000][909.920s][info][gc,phases   ] GC(400)   Other: 1.2ms
[2025-12-24T05:38:06.916+0000][909.920s][info][gc,heap     ] GC(400) Eden regions: 325->0(325)
[2025-12-24T05:38:06.916+0000][909.920s][info][gc,heap     ] GC(400) Survivor regions: 1->1(41)
[2025-12-24T05:38:06.916+0000][909.920s][info][gc,heap     ] GC(400) Old regions: 92->92
[2025-12-24T05:38:06.916+0000][909.920s][info][gc,heap     ] GC(400) Archive regions: 2->2
[2025-12-24T05:38:06.916+0000][909.920s][info][gc,heap     ] GC(400) Humongous regions: 38->38
[2025-12-24T05:38:06.916+0000][909.920s][info][gc,metaspace] GC(400) Metaspace: 98691K(99840K)->98691K(99840K) NonClass: 85782K(86336K)->85782K(86336K) Class: 12909K(13504K)->12909K(13504K)
[2025-12-24T05:38:06.916+0000][909.920s][info][gc          ] GC(400) Pause Young (Normal) (G1 Evacuation Pause) 456M->131M(544M) 4.395ms
[2025-12-24T05:38:06.917+0000][909.921s][info][gc,cpu      ] GC(400) User=0.01s Sys=0.00s Real=0.00s
[2025-12-24T05:38:11.204+0000][914.208s][info][gc,start    ] GC(401) Pause Young (Normal) (G1 Evacuation Pause)
[2025-12-24T05:38:11.204+0000][914.208s][info][gc,task     ] GC(401) Using 3 workers of 3 for evacuation
[2025-12-24T05:38:11.206+0000][914.211s][info][gc,phases   ] GC(401)   Pre Evacuate Collection Set: 0.1ms
[2025-12-24T05:38:11.207+0000][914.211s][info][gc,phases   ] GC(401)   Merge Heap Roots: 0.1ms
[2025-12-24T05:38:11.207+0000][914.211s][info][gc,phases   ] GC(401)   Evacuate Collection Set: 1.3ms
[2025-12-24T05:38:11.207+0000][914.211s][info][gc,phases   ] GC(401)   Post Evacuate Collection Set: 0.5ms
[2025-12-24T05:38:11.207+0000][914.211s][info][gc,phases   ] GC(401)   Other: 0.5ms
[2025-12-24T05:38:11.207+0000][914.211s][info][gc,heap     ] GC(401) Eden regions: 325->0(325)
[2025-12-24T05:38:11.207+0000][914.211s][info][gc,heap     ] GC(401) Survivor regions: 1->1(41)
[2025-12-24T05:38:11.207+0000][914.211s][info][gc,heap     ] GC(401) Old regions: 92->92
[2025-12-24T05:38:11.207+0000][914.211s][info][gc,heap     ] GC(401) Archive regions: 2->2
[2025-12-24T05:38:11.207+0000][914.211s][info][gc,heap     ] GC(401) Humongous regions: 38->38
[2025-12-24T05:38:11.207+0000][914.212s][info][gc,metaspace] GC(401) Metaspace: 98692K(99840K)->98692K(99840K) NonClass: 85782K(86336K)->85782K(86336K) Class: 12909K(13504K)->12909K(13504K)
[2025-12-24T05:38:11.208+0000][914.212s][info][gc          ] GC(401) Pause Young (Normal) (G1 Evacuation Pause) 456M->131M(544M) 3.599ms
[2025-12-24T05:38:11.208+0000][914.212s][info][gc,cpu      ] GC(401) User=0.01s Sys=0.00s Real=0.00s
[2025-12-24T05:38:15.548+0000][918.552s][info][gc,start    ] GC(402) Pause Young (Normal) (G1 Evacuation Pause)
[2025-12-24T05:38:15.549+0000][918.553s][info][gc,task     ] GC(402) Using 3 workers of 3 for evacuation
[2025-12-24T05:38:15.551+0000][918.555s][info][gc,phases   ] GC(402)   Pre Evacuate Collection Set: 0.1ms
[2025-12-24T05:38:15.551+0000][918.555s][info][gc,phases   ] GC(402)   Merge Heap Roots: 0.2ms
[2025-12-24T05:38:15.551+0000][918.555s][info][gc,phases   ] GC(402)   Evacuate Collection Set: 1.6ms
[2025-12-24T05:38:15.551+0000][918.556s][info][gc,phases   ] GC(402)   Post Evacuate Collection Set: 0.5ms
[2025-12-24T05:38:15.552+0000][918.556s][info][gc,phases   ] GC(402)   Other: 0.9ms
[2025-12-24T05:38:15.552+0000][918.556s][info][gc,heap     ] GC(402) Eden regions: 325->0(325)
[2025-12-24T05:38:15.552+0000][918.556s][info][gc,heap     ] GC(402) Survivor regions: 1->1(41)
[2025-12-24T05:38:15.552+0000][918.556s][info][gc,heap     ] GC(402) Old regions: 92->92
[2025-12-24T05:38:15.552+0000][918.556s][info][gc,heap     ] GC(402) Archive regions: 2->2
[2025-12-24T05:38:15.552+0000][918.556s][info][gc,heap     ] GC(402) Humongous regions: 38->38
[2025-12-24T05:38:15.552+0000][918.556s][info][gc,metaspace] GC(402) Metaspace: 98693K(99840K)->98693K(99840K) NonClass: 85783K(86336K)->85783K(86336K) Class: 12909K(13504K)->12909K(13504K)
[2025-12-24T05:38:15.552+0000][918.556s][info][gc          ] GC(402) Pause Young (Normal) (G1 Evacuation Pause) 456M->131M(544M) 4.101ms
[2025-12-24T05:38:15.552+0000][918.556s][info][gc,cpu      ] GC(402) User=0.00s Sys=0.00s Real=0.01s
[2025-12-24T05:38:19.921+0000][922.925s][info][gc,start    ] GC(403) Pause Young (Normal) (G1 Evacuation Pause)
[2025-12-24T05:38:19.921+0000][922.926s][info][gc,task     ] GC(403) Using 3 workers of 3 for evacuation
[2025-12-24T05:38:19.923+0000][922.927s][info][gc,phases   ] GC(403)   Pre Evacuate Collection Set: 0.1ms
[2025-12-24T05:38:19.923+0000][922.928s][info][gc,phases   ] GC(403)   Merge Heap Roots: 0.1ms
[2025-12-24T05:38:19.924+0000][922.928s][info][gc,phases   ] GC(403)   Evacuate Collection Set: 1.1ms
[2025-12-24T05:38:19.924+0000][922.928s][info][gc,phases   ] GC(403)   Post Evacuate Collection Set: 0.4ms
[2025-12-24T05:38:19.924+0000][922.928s][info][gc,phases   ] GC(403)   Other: 0.5ms
[2025-12-24T05:38:19.924+0000][922.928s][info][gc,heap     ] GC(403) Eden regions: 325->0(325)
[2025-12-24T05:38:19.924+0000][922.928s][info][gc,heap     ] GC(403) Survivor regions: 1->1(41)
[2025-12-24T05:38:19.924+0000][922.928s][info][gc,heap     ] GC(403) Old regions: 92->93
[2025-12-24T05:38:19.924+0000][922.928s][info][gc,heap     ] GC(403) Archive regions: 2->2
[2025-12-24T05:38:19.924+0000][922.928s][info][gc,heap     ] GC(403) Humongous regions: 38->38
[2025-12-24T05:38:19.924+0000][922.928s][info][gc,metaspace] GC(403) Metaspace: 98693K(99840K)->98693K(99840K) NonClass: 85783K(86336K)->85783K(86336K) Class: 12909K(13504K)->12909K(13504K)
[2025-12-24T05:38:19.924+0000][922.929s][info][gc          ] GC(403) Pause Young (Normal) (G1 Evacuation Pause) 456M->131M(544M) 3.191ms
[2025-12-24T05:38:19.925+0000][922.929s][info][gc,cpu      ] GC(403) User=0.01s Sys=0.00s Real=0.00s
[2025-12-24T05:38:22.745+0000][925.749s][info][gc,start    ] GC(404) Pause Young (Normal) (G1 Evacuation Pause)
[2025-12-24T05:38:22.745+0000][925.749s][info][gc,task     ] GC(404) Using 3 workers of 3 for evacuation
[2025-12-24T05:38:22.747+0000][925.751s][info][gc,phases   ] GC(404)   Pre Evacuate Collection Set: 0.1ms
[2025-12-24T05:38:22.748+0000][925.752s][info][gc,phases   ] GC(404)   Merge Heap Roots: 0.1ms
[2025-12-24T05:38:22.748+0000][925.752s][info][gc,phases   ] GC(404)   Evacuate Collection Set: 1.5ms
[2025-12-24T05:38:22.748+0000][925.752s][info][gc,phases   ] GC(404)   Post Evacuate Collection Set: 0.5ms
[2025-12-24T05:38:22.748+0000][925.752s][info][gc,phases   ] GC(404)   Other: 0.5ms
[2025-12-24T05:38:22.748+0000][925.752s][info][gc,heap     ] GC(404) Eden regions: 325->0(325)
[2025-12-24T05:38:22.748+0000][925.752s][info][gc,heap     ] GC(404) Survivor regions: 1->1(41)
[2025-12-24T05:38:22.748+0000][925.752s][info][gc,heap     ] GC(404) Old regions: 93->93
[2025-12-24T05:38:22.748+0000][925.752s][info][gc,heap     ] GC(404) Archive regions: 2->2
[2025-12-24T05:38:22.748+0000][925.752s][info][gc,heap     ] GC(404) Humongous regions: 38->38
[2025-12-24T05:38:22.748+0000][925.753s][info][gc,metaspace] GC(404) Metaspace: 98697K(99840K)->98697K(99840K) NonClass: 85787K(86336K)->85787K(86336K) Class: 12909K(13504K)->12909K(13504K)
[2025-12-24T05:38:22.749+0000][925.753s][info][gc          ] GC(404) Pause Young (Normal) (G1 Evacuation Pause) 456M->131M(544M) 3.778ms
[2025-12-24T05:38:22.749+0000][925.753s][info][gc,cpu      ] GC(404) User=0.00s Sys=0.00s Real=0.01s
[2025-12-24T05:38:26.966+0000][929.970s][info][gc,start    ] GC(405) Pause Young (Normal) (G1 Evacuation Pause)
[2025-12-24T05:38:26.966+0000][929.970s][info][gc,task     ] GC(405) Using 3 workers of 3 for evacuation
[2025-12-24T05:38:26.969+0000][929.973s][info][gc,phases   ] GC(405)   Pre Evacuate Collection Set: 0.1ms
[2025-12-24T05:38:26.969+0000][929.973s][info][gc,phases   ] GC(405)   Merge Heap Roots: 0.1ms
[2025-12-24T05:38:26.969+0000][929.973s][info][gc,phases   ] GC(405)   Evacuate Collection Set: 2.0ms
[2025-12-24T05:38:26.969+0000][929.973s][info][gc,phases   ] GC(405)   Post Evacuate Collection Set: 0.4ms
[2025-12-24T05:38:26.969+0000][929.973s][info][gc,phases   ] GC(405)   Other: 0.5ms
[2025-12-24T05:38:26.969+0000][929.973s][info][gc,heap     ] GC(405) Eden regions: 325->0(325)
[2025-12-24T05:38:26.969+0000][929.973s][info][gc,heap     ] GC(405) Survivor regions: 1->1(41)
[2025-12-24T05:38:26.969+0000][929.973s][info][gc,heap     ] GC(405) Old regions: 93->93
[2025-12-24T05:38:26.969+0000][929.973s][info][gc,heap     ] GC(405) Archive regions: 2->2
[2025-12-24T05:38:26.969+0000][929.974s][info][gc,heap     ] GC(405) Humongous regions: 38->38
[2025-12-24T05:38:26.970+0000][929.974s][info][gc,metaspace] GC(405) Metaspace: 98697K(99840K)->98697K(99840K) NonClass: 85787K(86336K)->85787K(86336K) Class: 12909K(13504K)->12909K(13504K)
[2025-12-24T05:38:26.970+0000][929.974s][info][gc          ] GC(405) Pause Young (Normal) (G1 Evacuation Pause) 456M->131M(544M) 4.474ms
[2025-12-24T05:38:26.970+0000][929.974s][info][gc,cpu      ] GC(405) User=0.00s Sys=0.00s Real=0.01s
[2025-12-24T05:38:31.247+0000][934.251s][info][gc,start    ] GC(406) Pause Young (Normal) (G1 Evacuation Pause)
[2025-12-24T05:38:31.247+0000][934.251s][info][gc,task     ] GC(406) Using 3 workers of 3 for evacuation
[2025-12-24T05:38:31.250+0000][934.254s][info][gc,phases   ] GC(406)   Pre Evacuate Collection Set: 0.1ms
[2025-12-24T05:38:31.250+0000][934.254s][info][gc,phases   ] GC(406)   Merge Heap Roots: 0.1ms
[2025-12-24T05:38:31.250+0000][934.254s][info][gc,phases   ] GC(406)   Evacuate Collection Set: 1.6ms
[2025-12-24T05:38:31.250+0000][934.254s][info][gc,phases   ] GC(406)   Post Evacuate Collection Set: 0.5ms
[2025-12-24T05:38:31.250+0000][934.254s][info][gc,phases   ] GC(406)   Other: 0.6ms
[2025-12-24T05:38:31.250+0000][934.255s][info][gc,heap     ] GC(406) Eden regions: 325->0(325)
[2025-12-24T05:38:31.251+0000][934.255s][info][gc,heap     ] GC(406) Survivor regions: 1->1(41)
[2025-12-24T05:38:31.251+0000][934.255s][info][gc,heap     ] GC(406) Old regions: 93->93
[2025-12-24T05:38:31.251+0000][934.255s][info][gc,heap     ] GC(406) Archive regions: 2->2
[2025-12-24T05:38:31.251+0000][934.255s][info][gc,heap     ] GC(406) Humongous regions: 38->38
[2025-12-24T05:38:31.251+0000][934.255s][info][gc,metaspace] GC(406) Metaspace: 98697K(99840K)->98697K(99840K) NonClass: 85787K(86336K)->85787K(86336K) Class: 12909K(13504K)->12909K(13504K)
[2025-12-24T05:38:31.251+0000][934.255s][info][gc          ] GC(406) Pause Young (Normal) (G1 Evacuation Pause) 456M->131M(544M) 3.946ms
[2025-12-24T05:38:31.251+0000][934.255s][info][gc,cpu      ] GC(406) User=0.00s Sys=0.00s Real=0.01s
[2025-12-24T05:38:35.543+0000][938.548s][info][gc,start    ] GC(407) Pause Young (Normal) (G1 Evacuation Pause)
[2025-12-24T05:38:35.544+0000][938.548s][info][gc,task     ] GC(407) Using 3 workers of 3 for evacuation
[2025-12-24T05:38:35.547+0000][938.551s][info][gc,phases   ] GC(407)   Pre Evacuate Collection Set: 0.1ms
[2025-12-24T05:38:35.547+0000][938.552s][info][gc,phases   ] GC(407)   Merge Heap Roots: 0.1ms
[2025-12-24T05:38:35.548+0000][938.552s][info][gc,phases   ] GC(407)   Evacuate Collection Set: 2.2ms
[2025-12-24T05:38:35.548+0000][938.552s][info][gc,phases   ] GC(407)   Post Evacuate Collection Set: 0.6ms
[2025-12-24T05:38:35.548+0000][938.552s][info][gc,phases   ] GC(407)   Other: 0.9ms
[2025-12-24T05:38:35.548+0000][938.552s][info][gc,heap     ] GC(407) Eden regions: 325->0(325)
[2025-12-24T05:38:35.548+0000][938.552s][info][gc,heap     ] GC(407) Survivor regions: 1->1(41)
[2025-12-24T05:38:35.548+0000][938.552s][info][gc,heap     ] GC(407) Old regions: 93->93
[2025-12-24T05:38:35.548+0000][938.552s][info][gc,heap     ] GC(407) Archive regions: 2->2
[2025-12-24T05:38:35.548+0000][938.552s][info][gc,heap     ] GC(407) Humongous regions: 38->38
[2025-12-24T05:38:35.548+0000][938.552s][info][gc,metaspace] GC(407) Metaspace: 98697K(99840K)->98697K(99840K) NonClass: 85787K(86336K)->85787K(86336K) Class: 12909K(13504K)->12909K(13504K)
[2025-12-24T05:38:35.548+0000][938.552s][info][gc          ] GC(407) Pause Young (Normal) (G1 Evacuation Pause) 456M->131M(544M) 4.857ms
[2025-12-24T05:38:35.548+0000][938.553s][info][gc,cpu      ] GC(407) User=0.00s Sys=0.00s Real=0.00s
[2025-12-24T05:38:38.411+0000][941.415s][info][gc,start    ] GC(408) Pause Young (Normal) (G1 Evacuation Pause)
[2025-12-24T05:38:38.411+0000][941.415s][info][gc,task     ] GC(408) Using 3 workers of 3 for evacuation
[2025-12-24T05:38:38.413+0000][941.417s][info][gc,phases   ] GC(408)   Pre Evacuate Collection Set: 0.1ms
[2025-12-24T05:38:38.413+0000][941.417s][info][gc,phases   ] GC(408)   Merge Heap Roots: 0.1ms
[2025-12-24T05:38:38.413+0000][941.417s][info][gc,phases   ] GC(408)   Evacuate Collection Set: 1.0ms
[2025-12-24T05:38:38.413+0000][941.417s][info][gc,phases   ] GC(408)   Post Evacuate Collection Set: 0.4ms
[2025-12-24T05:38:38.413+0000][941.417s][info][gc,phases   ] GC(408)   Other: 0.5ms
[2025-12-24T05:38:38.413+0000][941.417s][info][gc,heap     ] GC(408) Eden regions: 325->0(325)
[2025-12-24T05:38:38.413+0000][941.417s][info][gc,heap     ] GC(408) Survivor regions: 1->1(41)
[2025-12-24T05:38:38.413+0000][941.418s][info][gc,heap     ] GC(408) Old regions: 93->93
[2025-12-24T05:38:38.414+0000][941.418s][info][gc,heap     ] GC(408) Archive regions: 2->2
[2025-12-24T05:38:38.414+0000][941.418s][info][gc,heap     ] GC(408) Humongous regions: 38->38
[2025-12-24T05:38:38.414+0000][941.418s][info][gc,metaspace] GC(408) Metaspace: 98699K(99840K)->98699K(99840K) NonClass: 85789K(86336K)->85789K(86336K) Class: 12909K(13504K)->12909K(13504K)
[2025-12-24T05:38:38.414+0000][941.418s][info][gc          ] GC(408) Pause Young (Normal) (G1 Evacuation Pause) 456M->131M(544M) 3.039ms
[2025-12-24T05:38:38.414+0000][941.418s][info][gc,cpu      ] GC(408) User=0.00s Sys=0.00s Real=0.00s
[2025-12-24T05:38:42.654+0000][945.658s][info][gc,start    ] GC(409) Pause Young (Normal) (G1 Evacuation Pause)
[2025-12-24T05:38:42.655+0000][945.659s][info][gc,task     ] GC(409) Using 3 workers of 3 for evacuation
[2025-12-24T05:38:42.658+0000][945.662s][info][gc,phases   ] GC(409)   Pre Evacuate Collection Set: 0.1ms
[2025-12-24T05:38:42.658+0000][945.662s][info][gc,phases   ] GC(409)   Merge Heap Roots: 0.1ms
[2025-12-24T05:38:42.658+0000][945.662s][info][gc,phases   ] GC(409)   Evacuate Collection Set: 2.1ms
[2025-12-24T05:38:42.658+0000][945.662s][info][gc,phases   ] GC(409)   Post Evacuate Collection Set: 0.5ms
[2025-12-24T05:38:42.658+0000][945.662s][info][gc,phases   ] GC(409)   Other: 0.9ms
[2025-12-24T05:38:42.658+0000][945.662s][info][gc,heap     ] GC(409) Eden regions: 325->0(325)
[2025-12-24T05:38:42.658+0000][945.662s][info][gc,heap     ] GC(409) Survivor regions: 1->1(41)
[2025-12-24T05:38:42.658+0000][945.662s][info][gc,heap     ] GC(409) Old regions: 93->93
[2025-12-24T05:38:42.658+0000][945.662s][info][gc,heap     ] GC(409) Archive regions: 2->2
[2025-12-24T05:38:42.658+0000][945.662s][info][gc,heap     ] GC(409) Humongous regions: 38->38
[2025-12-24T05:38:42.658+0000][945.662s][info][gc,metaspace] GC(409) Metaspace: 98699K(99840K)->98699K(99840K) NonClass: 85789K(86336K)->85789K(86336K) Class: 12909K(13504K)->12909K(13504K)
[2025-12-24T05:38:42.658+0000][945.663s][info][gc          ] GC(409) Pause Young (Normal) (G1 Evacuation Pause) 456M->131M(544M) 4.272ms
[2025-12-24T05:38:42.659+0000][945.663s][info][gc,cpu      ] GC(409) User=0.01s Sys=0.00s Real=0.01s
[2025-12-24T05:38:46.929+0000][949.933s][info][gc,start    ] GC(410) Pause Young (Normal) (G1 Evacuation Pause)
[2025-12-24T05:38:46.930+0000][949.934s][info][gc,task     ] GC(410) Using 3 workers of 3 for evacuation
[2025-12-24T05:38:46.932+0000][949.936s][info][gc,phases   ] GC(410)   Pre Evacuate Collection Set: 0.1ms
[2025-12-24T05:38:46.932+0000][949.936s][info][gc,phases   ] GC(410)   Merge Heap Roots: 0.1ms
[2025-12-24T05:38:46.932+0000][949.936s][info][gc,phases   ] GC(410)   Evacuate Collection Set: 1.2ms
[2025-12-24T05:38:46.932+0000][949.936s][info][gc,phases   ] GC(410)   Post Evacuate Collection Set: 0.5ms
[2025-12-24T05:38:46.932+0000][949.936s][info][gc,phases   ] GC(410)   Other: 0.5ms
[2025-12-24T05:38:46.932+0000][949.936s][info][gc,heap     ] GC(410) Eden regions: 325->0(325)
[2025-12-24T05:38:46.932+0000][949.936s][info][gc,heap     ] GC(410) Survivor regions: 1->1(41)
[2025-12-24T05:38:46.932+0000][949.936s][info][gc,heap     ] GC(410) Old regions: 93->93
[2025-12-24T05:38:46.932+0000][949.937s][info][gc,heap     ] GC(410) Archive regions: 2->2
[2025-12-24T05:38:46.933+0000][949.937s][info][gc,heap     ] GC(410) Humongous regions: 38->38
[2025-12-24T05:38:46.933+0000][949.937s][info][gc,metaspace] GC(410) Metaspace: 98699K(99840K)->98699K(99840K) NonClass: 85789K(86336K)->85789K(86336K) Class: 12909K(13504K)->12909K(13504K)
[2025-12-24T05:38:46.933+0000][949.937s][info][gc          ] GC(410) Pause Young (Normal) (G1 Evacuation Pause) 456M->131M(544M) 3.429ms
[2025-12-24T05:38:46.933+0000][949.937s][info][gc,cpu      ] GC(410) User=0.01s Sys=0.00s Real=0.00s
[2025-12-24T05:38:51.201+0000][954.205s][info][gc,start    ] GC(411) Pause Young (Normal) (G1 Evacuation Pause)
[2025-12-24T05:38:51.202+0000][954.206s][info][gc,task     ] GC(411) Using 3 workers of 3 for evacuation
[2025-12-24T05:38:51.205+0000][954.210s][info][gc,phases   ] GC(411)   Pre Evacuate Collection Set: 0.1ms
[2025-12-24T05:38:51.206+0000][954.210s][info][gc,phases   ] GC(411)   Merge Heap Roots: 0.1ms
[2025-12-24T05:38:51.206+0000][954.210s][info][gc,phases   ] GC(411)   Evacuate Collection Set: 2.8ms
[2025-12-24T05:38:51.206+0000][954.210s][info][gc,phases   ] GC(411)   Post Evacuate Collection Set: 0.5ms
[2025-12-24T05:38:51.206+0000][954.210s][info][gc,phases   ] GC(411)   Other: 1.4ms
[2025-12-24T05:38:51.206+0000][954.210s][info][gc,heap     ] GC(411) Eden regions: 325->0(325)
[2025-12-24T05:38:51.206+0000][954.210s][info][gc,heap     ] GC(411) Survivor regions: 1->1(41)
[2025-12-24T05:38:51.206+0000][954.210s][info][gc,heap     ] GC(411) Old regions: 93->93
[2025-12-24T05:38:51.206+0000][954.210s][info][gc,heap     ] GC(411) Archive regions: 2->2
[2025-12-24T05:38:51.206+0000][954.210s][info][gc,heap     ] GC(411) Humongous regions: 38->38
[2025-12-24T05:38:51.206+0000][954.210s][info][gc,metaspace] GC(411) Metaspace: 98699K(99840K)->98699K(99840K) NonClass: 85789K(86336K)->85789K(86336K) Class: 12909K(13504K)->12909K(13504K)
[2025-12-24T05:38:51.206+0000][954.210s][info][gc          ] GC(411) Pause Young (Normal) (G1 Evacuation Pause) 456M->131M(544M) 5.326ms
[2025-12-24T05:38:51.207+0000][954.211s][info][gc,cpu      ] GC(411) User=0.01s Sys=0.00s Real=0.00s
[2025-12-24T05:38:54.023+0000][957.027s][info][gc,start    ] GC(412) Pause Young (Normal) (G1 Evacuation Pause)
[2025-12-24T05:38:54.023+0000][957.027s][info][gc,task     ] GC(412) Using 3 workers of 3 for evacuation
[2025-12-24T05:38:54.026+0000][957.030s][info][gc,phases   ] GC(412)   Pre Evacuate Collection Set: 0.2ms
[2025-12-24T05:38:54.026+0000][957.030s][info][gc,phases   ] GC(412)   Merge Heap Roots: 0.1ms
[2025-12-24T05:38:54.026+0000][957.030s][info][gc,phases   ] GC(412)   Evacuate Collection Set: 1.8ms
[2025-12-24T05:38:54.026+0000][957.030s][info][gc,phases   ] GC(412)   Post Evacuate Collection Set: 0.7ms
[2025-12-24T05:38:54.026+0000][957.031s][info][gc,phases   ] GC(412)   Other: 0.7ms
[2025-12-24T05:38:54.027+0000][957.031s][info][gc,heap     ] GC(412) Eden regions: 325->0(325)
[2025-12-24T05:38:54.027+0000][957.031s][info][gc,heap     ] GC(412) Survivor regions: 1->1(41)
[2025-12-24T05:38:54.027+0000][957.031s][info][gc,heap     ] GC(412) Old regions: 93->93
[2025-12-24T05:38:54.027+0000][957.031s][info][gc,heap     ] GC(412) Archive regions: 2->2
[2025-12-24T05:38:54.027+0000][957.031s][info][gc,heap     ] GC(412) Humongous regions: 38->38
[2025-12-24T05:38:54.027+0000][957.031s][info][gc,metaspace] GC(412) Metaspace: 98699K(99840K)->98699K(99840K) NonClass: 85789K(86336K)->85789K(86336K) Class: 12909K(13504K)->12909K(13504K)
[2025-12-24T05:38:54.027+0000][957.031s][info][gc          ] GC(412) Pause Young (Normal) (G1 Evacuation Pause) 456M->131M(544M) 4.551ms
[2025-12-24T05:38:54.027+0000][957.031s][info][gc,cpu      ] GC(412) User=0.01s Sys=0.00s Real=0.00s
[2025-12-24T05:38:58.259+0000][961.263s][info][gc,start    ] GC(413) Pause Young (Normal) (G1 Evacuation Pause)
[2025-12-24T05:38:58.260+0000][961.264s][info][gc,task     ] GC(413) Using 3 workers of 3 for evacuation
[2025-12-24T05:38:58.262+0000][961.266s][info][gc,phases   ] GC(413)   Pre Evacuate Collection Set: 0.1ms
[2025-12-24T05:38:58.262+0000][961.266s][info][gc,phases   ] GC(413)   Merge Heap Roots: 0.1ms
[2025-12-24T05:38:58.262+0000][961.266s][info][gc,phases   ] GC(413)   Evacuate Collection Set: 1.5ms
[2025-12-24T05:38:58.262+0000][961.266s][info][gc,phases   ] GC(413)   Post Evacuate Collection Set: 0.4ms
[2025-12-24T05:38:58.262+0000][961.266s][info][gc,phases   ] GC(413)   Other: 0.6ms
[2025-12-24T05:38:58.262+0000][961.266s][info][gc,heap     ] GC(413) Eden regions: 325->0(325)
[2025-12-24T05:38:58.262+0000][961.266s][info][gc,heap     ] GC(413) Survivor regions: 1->1(41)
[2025-12-24T05:38:58.262+0000][961.266s][info][gc,heap     ] GC(413) Old regions: 93->93
[2025-12-24T05:38:58.262+0000][961.266s][info][gc,heap     ] GC(413) Archive regions: 2->2
[2025-12-24T05:38:58.262+0000][961.267s][info][gc,heap     ] GC(413) Humongous regions: 38->38
[2025-12-24T05:38:58.262+0000][961.267s][info][gc,metaspace] GC(413) Metaspace: 98718K(99904K)->98718K(99904K) NonClass: 85807K(86336K)->85807K(86336K) Class: 12910K(13568K)->12910K(13568K)
[2025-12-24T05:38:58.263+0000][961.267s][info][gc          ] GC(413) Pause Young (Normal) (G1 Evacuation Pause) 456M->131M(544M) 3.260ms
[2025-12-24T05:38:58.263+0000][961.267s][info][gc,cpu      ] GC(413) User=0.00s Sys=0.00s Real=0.00s
[2025-12-24T05:39:02.547+0000][965.551s][info][gc,start    ] GC(414) Pause Young (Normal) (G1 Evacuation Pause)
[2025-12-24T05:39:02.548+0000][965.552s][info][gc,task     ] GC(414) Using 3 workers of 3 for evacuation
[2025-12-24T05:39:02.550+0000][965.554s][info][gc,phases   ] GC(414)   Pre Evacuate Collection Set: 0.1ms
[2025-12-24T05:39:02.550+0000][965.554s][info][gc,phases   ] GC(414)   Merge Heap Roots: 0.1ms
[2025-12-24T05:39:02.550+0000][965.554s][info][gc,phases   ] GC(414)   Evacuate Collection Set: 1.4ms
[2025-12-24T05:39:02.550+0000][965.554s][info][gc,phases   ] GC(414)   Post Evacuate Collection Set: 0.5ms
[2025-12-24T05:39:02.550+0000][965.554s][info][gc,phases   ] GC(414)   Other: 0.6ms
[2025-12-24T05:39:02.550+0000][965.555s][info][gc,heap     ] GC(414) Eden regions: 325->0(325)
[2025-12-24T05:39:02.551+0000][965.555s][info][gc,heap     ] GC(414) Survivor regions: 1->1(41)
[2025-12-24T05:39:02.551+0000][965.555s][info][gc,heap     ] GC(414) Old regions: 93->93
[2025-12-24T05:39:02.551+0000][965.555s][info][gc,heap     ] GC(414) Archive regions: 2->2
[2025-12-24T05:39:02.551+0000][965.555s][info][gc,heap     ] GC(414) Humongous regions: 38->38
[2025-12-24T05:39:02.551+0000][965.555s][info][gc,metaspace] GC(414) Metaspace: 98718K(99904K)->98718K(99904K) NonClass: 85807K(86336K)->85807K(86336K) Class: 12910K(13568K)->12910K(13568K)
[2025-12-24T05:39:02.551+0000][965.555s][info][gc          ] GC(414) Pause Young (Normal) (G1 Evacuation Pause) 456M->131M(544M) 3.836ms
[2025-12-24T05:39:02.551+0000][965.555s][info][gc,cpu      ] GC(414) User=0.00s Sys=0.01s Real=0.01s
[2025-12-24T05:39:06.783+0000][969.787s][info][gc,start    ] GC(415) Pause Young (Normal) (G1 Evacuation Pause)
[2025-12-24T05:39:06.784+0000][969.788s][info][gc,task     ] GC(415) Using 3 workers of 3 for evacuation
[2025-12-24T05:39:06.785+0000][969.789s][info][gc,phases   ] GC(415)   Pre Evacuate Collection Set: 0.1ms
[2025-12-24T05:39:06.785+0000][969.790s][info][gc,phases   ] GC(415)   Merge Heap Roots: 0.1ms
[2025-12-24T05:39:06.786+0000][969.790s][info][gc,phases   ] GC(415)   Evacuate Collection Set: 1.0ms
[2025-12-24T05:39:06.786+0000][969.790s][info][gc,phases   ] GC(415)   Post Evacuate Collection Set: 0.4ms
[2025-12-24T05:39:06.786+0000][969.790s][info][gc,phases   ] GC(415)   Other: 0.5ms
[2025-12-24T05:39:06.786+0000][969.790s][info][gc,heap     ] GC(415) Eden regions: 325->0(325)
[2025-12-24T05:39:06.786+0000][969.790s][info][gc,heap     ] GC(415) Survivor regions: 1->1(41)
[2025-12-24T05:39:06.786+0000][969.790s][info][gc,heap     ] GC(415) Old regions: 93->93
[2025-12-24T05:39:06.786+0000][969.790s][info][gc,heap     ] GC(415) Archive regions: 2->2
[2025-12-24T05:39:06.786+0000][969.790s][info][gc,heap     ] GC(415) Humongous regions: 38->38
[2025-12-24T05:39:06.786+0000][969.790s][info][gc,metaspace] GC(415) Metaspace: 98718K(99904K)->98718K(99904K) NonClass: 85807K(86336K)->85807K(86336K) Class: 12910K(13568K)->12910K(13568K)
[2025-12-24T05:39:06.786+0000][969.791s][info][gc          ] GC(415) Pause Young (Normal) (G1 Evacuation Pause) 456M->131M(544M) 3.107ms
[2025-12-24T05:39:06.787+0000][969.791s][info][gc,cpu      ] GC(415) User=0.00s Sys=0.00s Real=0.00s
[2025-12-24T05:39:09.502+0000][972.506s][info][gc,start    ] GC(416) Pause Young (Normal) (G1 Evacuation Pause)
[2025-12-24T05:39:09.502+0000][972.506s][info][gc,task     ] GC(416) Using 3 workers of 3 for evacuation
[2025-12-24T05:39:09.504+0000][972.508s][info][gc,phases   ] GC(416)   Pre Evacuate Collection Set: 0.1ms
[2025-12-24T05:39:09.504+0000][972.508s][info][gc,phases   ] GC(416)   Merge Heap Roots: 0.1ms
[2025-12-24T05:39:09.504+0000][972.508s][info][gc,phases   ] GC(416)   Evacuate Collection Set: 1.1ms
[2025-12-24T05:39:09.504+0000][972.508s][info][gc,phases   ] GC(416)   Post Evacuate Collection Set: 0.4ms
[2025-12-24T05:39:09.504+0000][972.508s][info][gc,phases   ] GC(416)   Other: 0.5ms
[2025-12-24T05:39:09.504+0000][972.508s][info][gc,heap     ] GC(416) Eden regions: 325->0(325)
[2025-12-24T05:39:09.504+0000][972.508s][info][gc,heap     ] GC(416) Survivor regions: 1->1(41)
[2025-12-24T05:39:09.504+0000][972.509s][info][gc,heap     ] GC(416) Old regions: 93->93
[2025-12-24T05:39:09.505+0000][972.509s][info][gc,heap     ] GC(416) Archive regions: 2->2
[2025-12-24T05:39:09.505+0000][972.509s][info][gc,heap     ] GC(416) Humongous regions: 38->38
[2025-12-24T05:39:09.505+0000][972.509s][info][gc,metaspace] GC(416) Metaspace: 98718K(99904K)->98718K(99904K) NonClass: 85808K(86336K)->85808K(86336K) Class: 12910K(13568K)->12910K(13568K)
[2025-12-24T05:39:09.505+0000][972.509s][info][gc          ] GC(416) Pause Young (Normal) (G1 Evacuation Pause) 456M->131M(544M) 2.906ms
[2025-12-24T05:39:09.505+0000][972.509s][info][gc,cpu      ] GC(416) User=0.01s Sys=0.00s Real=0.00s
[2025-12-24T05:39:14.056+0000][977.060s][info][gc,start    ] GC(417) Pause Young (Normal) (G1 Evacuation Pause)
[2025-12-24T05:39:14.057+0000][977.061s][info][gc,task     ] GC(417) Using 3 workers of 3 for evacuation
[2025-12-24T05:39:14.060+0000][977.064s][info][gc,phases   ] GC(417)   Pre Evacuate Collection Set: 0.1ms
[2025-12-24T05:39:14.060+0000][977.064s][info][gc,phases   ] GC(417)   Merge Heap Roots: 0.1ms
[2025-12-24T05:39:14.060+0000][977.064s][info][gc,phases   ] GC(417)   Evacuate Collection Set: 2.4ms
[2025-12-24T05:39:14.060+0000][977.064s][info][gc,phases   ] GC(417)   Post Evacuate Collection Set: 0.8ms
[2025-12-24T05:39:14.060+0000][977.065s][info][gc,phases   ] GC(417)   Other: 1.3ms
[2025-12-24T05:39:14.060+0000][977.065s][info][gc,heap     ] GC(417) Eden regions: 325->0(325)
[2025-12-24T05:39:14.061+0000][977.065s][info][gc,heap     ] GC(417) Survivor regions: 1->1(41)
[2025-12-24T05:39:14.061+0000][977.065s][info][gc,heap     ] GC(417) Old regions: 93->93
[2025-12-24T05:39:14.061+0000][977.065s][info][gc,heap     ] GC(417) Archive regions: 2->2
[2025-12-24T05:39:14.061+0000][977.065s][info][gc,heap     ] GC(417) Humongous regions: 38->38
[2025-12-24T05:39:14.061+0000][977.065s][info][gc,metaspace] GC(417) Metaspace: 98718K(99904K)->98718K(99904K) NonClass: 85808K(86336K)->85808K(86336K) Class: 12910K(13568K)->12910K(13568K)
[2025-12-24T05:39:14.061+0000][977.065s][info][gc          ] GC(417) Pause Young (Normal) (G1 Evacuation Pause) 456M->131M(544M) 5.554ms
[2025-12-24T05:39:14.061+0000][977.065s][info][gc,cpu      ] GC(417) User=0.00s Sys=0.00s Real=0.01s
[2025-12-24T05:39:18.784+0000][981.788s][info][gc,start    ] GC(418) Pause Young (Normal) (G1 Evacuation Pause)
[2025-12-24T05:39:18.784+0000][981.788s][info][gc,task     ] GC(418) Using 3 workers of 3 for evacuation
[2025-12-24T05:39:18.790+0000][981.794s][info][gc,phases   ] GC(418)   Pre Evacuate Collection Set: 0.3ms
[2025-12-24T05:39:18.790+0000][981.794s][info][gc,phases   ] GC(418)   Merge Heap Roots: 0.3ms
[2025-12-24T05:39:18.790+0000][981.794s][info][gc,phases   ] GC(418)   Evacuate Collection Set: 3.6ms
[2025-12-24T05:39:18.790+0000][981.794s][info][gc,phases   ] GC(418)   Post Evacuate Collection Set: 0.6ms
[2025-12-24T05:39:18.790+0000][981.794s][info][gc,phases   ] GC(418)   Other: 0.8ms
[2025-12-24T05:39:18.790+0000][981.794s][info][gc,heap     ] GC(418) Eden regions: 325->0(325)
[2025-12-24T05:39:18.790+0000][981.795s][info][gc,heap     ] GC(418) Survivor regions: 1->1(41)
[2025-12-24T05:39:18.791+0000][981.795s][info][gc,heap     ] GC(418) Old regions: 93->93
[2025-12-24T05:39:18.791+0000][981.795s][info][gc,heap     ] GC(418) Archive regions: 2->2
[2025-12-24T05:39:18.791+0000][981.795s][info][gc,heap     ] GC(418) Humongous regions: 38->38
[2025-12-24T05:39:18.791+0000][981.795s][info][gc,metaspace] GC(418) Metaspace: 98718K(99904K)->98718K(99904K) NonClass: 85808K(86336K)->85808K(86336K) Class: 12910K(13568K)->12910K(13568K)
[2025-12-24T05:39:18.791+0000][981.795s][info][gc          ] GC(418) Pause Young (Normal) (G1 Evacuation Pause) 456M->131M(544M) 6.893ms
[2025-12-24T05:39:18.791+0000][981.795s][info][gc,cpu      ] GC(418) User=0.00s Sys=0.00s Real=0.01s
[2025-12-24T05:39:21.816+0000][984.820s][info][gc,start    ] GC(419) Pause Young (Normal) (G1 Evacuation Pause)
[2025-12-24T05:39:21.816+0000][984.820s][info][gc,task     ] GC(419) Using 3 workers of 3 for evacuation
[2025-12-24T05:39:21.829+0000][984.834s][info][gc,phases   ] GC(419)   Pre Evacuate Collection Set: 1.2ms
[2025-12-24T05:39:21.830+0000][984.834s][info][gc,phases   ] GC(419)   Merge Heap Roots: 0.1ms
[2025-12-24T05:39:21.830+0000][984.834s][info][gc,phases   ] GC(419)   Evacuate Collection Set: 11.0ms
[2025-12-24T05:39:21.830+0000][984.834s][info][gc,phases   ] GC(419)   Post Evacuate Collection Set: 0.8ms
[2025-12-24T05:39:21.830+0000][984.834s][info][gc,phases   ] GC(419)   Other: 2.7ms
[2025-12-24T05:39:21.830+0000][984.834s][info][gc,heap     ] GC(419) Eden regions: 325->0(323)
[2025-12-24T05:39:21.830+0000][984.834s][info][gc,heap     ] GC(419) Survivor regions: 1->3(41)
[2025-12-24T05:39:21.830+0000][984.834s][info][gc,heap     ] GC(419) Old regions: 93->93
[2025-12-24T05:39:21.830+0000][984.834s][info][gc,heap     ] GC(419) Archive regions: 2->2
[2025-12-24T05:39:21.830+0000][984.834s][info][gc,heap     ] GC(419) Humongous regions: 38->38
[2025-12-24T05:39:21.830+0000][984.834s][info][gc,metaspace] GC(419) Metaspace: 98724K(99904K)->98724K(99904K) NonClass: 85813K(86336K)->85813K(86336K) Class: 12910K(13568K)->12910K(13568K)
[2025-12-24T05:39:21.830+0000][984.834s][info][gc          ] GC(419) Pause Young (Normal) (G1 Evacuation Pause) 456M->133M(544M) 14.613ms
[2025-12-24T05:39:21.830+0000][984.835s][info][gc,cpu      ] GC(419) User=0.01s Sys=0.00s Real=0.02s
[2025-12-24T05:39:22.364+0000][985.368s][info][gc,start    ] GC(420) Pause Young (Normal) (G1 Evacuation Pause)
[2025-12-24T05:39:22.365+0000][985.369s][info][gc,task     ] GC(420) Using 3 workers of 3 for evacuation
[2025-12-24T05:39:22.371+0000][985.375s][info][gc,phases   ] GC(420)   Pre Evacuate Collection Set: 0.3ms
[2025-12-24T05:39:22.372+0000][985.376s][info][gc,phases   ] GC(420)   Merge Heap Roots: 0.1ms
[2025-12-24T05:39:22.372+0000][985.376s][info][gc,phases   ] GC(420)   Evacuate Collection Set: 5.6ms
[2025-12-24T05:39:22.372+0000][985.376s][info][gc,phases   ] GC(420)   Post Evacuate Collection Set: 0.6ms
[2025-12-24T05:39:22.372+0000][985.376s][info][gc,phases   ] GC(420)   Other: 0.6ms
[2025-12-24T05:39:22.372+0000][985.376s][info][gc,heap     ] GC(420) Eden regions: 323->0(323)
[2025-12-24T05:39:22.372+0000][985.376s][info][gc,heap     ] GC(420) Survivor regions: 3->3(41)
[2025-12-24T05:39:22.372+0000][985.376s][info][gc,heap     ] GC(420) Old regions: 93->93
[2025-12-24T05:39:22.372+0000][985.376s][info][gc,heap     ] GC(420) Archive regions: 2->2
[2025-12-24T05:39:22.372+0000][985.376s][info][gc,heap     ] GC(420) Humongous regions: 38->38
[2025-12-24T05:39:22.372+0000][985.376s][info][gc,metaspace] GC(420) Metaspace: 98724K(99904K)->98724K(99904K) NonClass: 85813K(86336K)->85813K(86336K) Class: 12910K(13568K)->12910K(13568K)
[2025-12-24T05:39:22.372+0000][985.376s][info][gc          ] GC(420) Pause Young (Normal) (G1 Evacuation Pause) 456M->134M(544M) 8.024ms
[2025-12-24T05:39:22.373+0000][985.377s][info][gc,cpu      ] GC(420) User=0.01s Sys=0.01s Real=0.01s
[2025-12-24T05:39:23.008+0000][986.012s][info][gc,start    ] GC(421) Pause Young (Normal) (G1 Evacuation Pause)
[2025-12-24T05:39:23.008+0000][986.012s][info][gc,task     ] GC(421) Using 3 workers of 3 for evacuation
[2025-12-24T05:39:23.027+0000][986.031s][info][gc,phases   ] GC(421)   Pre Evacuate Collection Set: 0.2ms
[2025-12-24T05:39:23.027+0000][986.031s][info][gc,phases   ] GC(421)   Merge Heap Roots: 1.5ms
[2025-12-24T05:39:23.027+0000][986.031s][info][gc,phases   ] GC(421)   Evacuate Collection Set: 16.5ms
[2025-12-24T05:39:23.027+0000][986.031s][info][gc,phases   ] GC(421)   Post Evacuate Collection Set: 0.7ms
[2025-12-24T05:39:23.027+0000][986.031s][info][gc,phases   ] GC(421)   Other: 1.5ms
[2025-12-24T05:39:23.027+0000][986.031s][info][gc,heap     ] GC(421) Eden regions: 323->0(321)
[2025-12-24T05:39:23.027+0000][986.031s][info][gc,heap     ] GC(421) Survivor regions: 3->5(41)
[2025-12-24T05:39:23.027+0000][986.032s][info][gc,heap     ] GC(421) Old regions: 93->93
[2025-12-24T05:39:23.027+0000][986.032s][info][gc,heap     ] GC(421) Archive regions: 2->2
[2025-12-24T05:39:23.028+0000][986.032s][info][gc,heap     ] GC(421) Humongous regions: 38->38
[2025-12-24T05:39:23.028+0000][986.032s][info][gc,metaspace] GC(421) Metaspace: 98724K(99904K)->98724K(99904K) NonClass: 85813K(86336K)->85813K(86336K) Class: 12910K(13568K)->12910K(13568K)
[2025-12-24T05:39:23.028+0000][986.032s][info][gc          ] GC(421) Pause Young (Normal) (G1 Evacuation Pause) 457M->135M(544M) 20.081ms
[2025-12-24T05:39:23.028+0000][986.032s][info][gc,cpu      ] GC(421) User=0.01s Sys=0.01s Real=0.02s
[2025-12-24T05:39:23.837+0000][986.841s][info][gc,start    ] GC(422) Pause Young (Normal) (G1 Evacuation Pause)
[2025-12-24T05:39:23.837+0000][986.841s][info][gc,task     ] GC(422) Using 3 workers of 3 for evacuation
[2025-12-24T05:39:23.849+0000][986.853s][info][gc,phases   ] GC(422)   Pre Evacuate Collection Set: 1.8ms
[2025-12-24T05:39:23.849+0000][986.853s][info][gc,phases   ] GC(422)   Merge Heap Roots: 0.2ms
[2025-12-24T05:39:23.849+0000][986.853s][info][gc,phases   ] GC(422)   Evacuate Collection Set: 8.1ms
[2025-12-24T05:39:23.849+0000][986.853s][info][gc,phases   ] GC(422)   Post Evacuate Collection Set: 1.3ms
[2025-12-24T05:39:23.849+0000][986.854s][info][gc,phases   ] GC(422)   Other: 0.7ms
[2025-12-24T05:39:23.850+0000][986.854s][info][gc,heap     ] GC(422) Eden regions: 321->0(322)
[2025-12-24T05:39:23.850+0000][986.854s][info][gc,heap     ] GC(422) Survivor regions: 5->4(41)
[2025-12-24T05:39:23.850+0000][986.854s][info][gc,heap     ] GC(422) Old regions: 93->93
[2025-12-24T05:39:23.850+0000][986.854s][info][gc,heap     ] GC(422) Archive regions: 2->2
[2025-12-24T05:39:23.850+0000][986.854s][info][gc,heap     ] GC(422) Humongous regions: 38->38
[2025-12-24T05:39:23.850+0000][986.854s][info][gc,metaspace] GC(422) Metaspace: 98724K(99904K)->98724K(99904K) NonClass: 85813K(86336K)->85813K(86336K) Class: 12910K(13568K)->12910K(13568K)
[2025-12-24T05:39:23.850+0000][986.854s][info][gc          ] GC(422) Pause Young (Normal) (G1 Evacuation Pause) 456M->135M(544M) 13.277ms
[2025-12-24T05:39:23.850+0000][986.854s][info][gc,cpu      ] GC(422) User=0.01s Sys=0.00s Real=0.02s
[2025-12-24T05:39:24.517+0000][987.521s][info][gc,start    ] GC(423) Pause Young (Normal) (G1 Evacuation Pause)
[2025-12-24T05:39:24.518+0000][987.523s][info][gc,task     ] GC(423) Using 3 workers of 3 for evacuation
[2025-12-24T05:39:24.534+0000][987.539s][info][gc,phases   ] GC(423)   Pre Evacuate Collection Set: 0.2ms
[2025-12-24T05:39:24.535+0000][987.539s][info][gc,phases   ] GC(423)   Merge Heap Roots: 0.2ms
[2025-12-24T05:39:24.535+0000][987.539s][info][gc,phases   ] GC(423)   Evacuate Collection Set: 14.5ms
[2025-12-24T05:39:24.535+0000][987.539s][info][gc,phases   ] GC(423)   Post Evacuate Collection Set: 0.8ms
[2025-12-24T05:39:24.535+0000][987.539s][info][gc,phases   ] GC(423)   Other: 1.6ms
[2025-12-24T05:39:24.535+0000][987.539s][info][gc,heap     ] GC(423) Eden regions: 322->0(322)
[2025-12-24T05:39:24.535+0000][987.539s][info][gc,heap     ] GC(423) Survivor regions: 4->4(41)
[2025-12-24T05:39:24.535+0000][987.539s][info][gc,heap     ] GC(423) Old regions: 93->93
[2025-12-24T05:39:24.535+0000][987.539s][info][gc,heap     ] GC(423) Archive regions: 2->2
[2025-12-24T05:39:24.535+0000][987.539s][info][gc,heap     ] GC(423) Humongous regions: 38->38
[2025-12-24T05:39:24.535+0000][987.539s][info][gc,metaspace] GC(423) Metaspace: 98724K(99904K)->98724K(99904K) NonClass: 85813K(86336K)->85813K(86336K) Class: 12910K(13568K)->12910K(13568K)
[2025-12-24T05:39:24.535+0000][987.539s][info][gc          ] GC(423) Pause Young (Normal) (G1 Evacuation Pause) 457M->135M(544M) 18.109ms
[2025-12-24T05:39:24.536+0000][987.540s][info][gc,cpu      ] GC(423) User=0.01s Sys=0.00s Real=0.02s
[2025-12-24T05:39:25.172+0000][988.176s][info][gc,start    ] GC(424) Pause Young (Normal) (G1 Evacuation Pause)
[2025-12-24T05:39:25.174+0000][988.178s][info][gc,task     ] GC(424) Using 3 workers of 3 for evacuation
[2025-12-24T05:39:25.179+0000][988.183s][info][gc,phases   ] GC(424)   Pre Evacuate Collection Set: 0.2ms
[2025-12-24T05:39:25.179+0000][988.183s][info][gc,phases   ] GC(424)   Merge Heap Roots: 0.1ms
[2025-12-24T05:39:25.179+0000][988.183s][info][gc,phases   ] GC(424)   Evacuate Collection Set: 3.6ms
[2025-12-24T05:39:25.179+0000][988.183s][info][gc,phases   ] GC(424)   Post Evacuate Collection Set: 0.8ms
[2025-12-24T05:39:25.179+0000][988.183s][info][gc,phases   ] GC(424)   Other: 1.9ms
[2025-12-24T05:39:25.179+0000][988.183s][info][gc,heap     ] GC(424) Eden regions: 322->0(321)
[2025-12-24T05:39:25.179+0000][988.183s][info][gc,heap     ] GC(424) Survivor regions: 4->5(41)
[2025-12-24T05:39:25.179+0000][988.183s][info][gc,heap     ] GC(424) Old regions: 93->93
[2025-12-24T05:39:25.179+0000][988.183s][info][gc,heap     ] GC(424) Archive regions: 2->2
[2025-12-24T05:39:25.179+0000][988.183s][info][gc,heap     ] GC(424) Humongous regions: 38->38
[2025-12-24T05:39:25.179+0000][988.183s][info][gc,metaspace] GC(424) Metaspace: 98724K(99904K)->98724K(99904K) NonClass: 85813K(86336K)->85813K(86336K) Class: 12910K(13568K)->12910K(13568K)
[2025-12-24T05:39:25.179+0000][988.183s][info][gc          ] GC(424) Pause Young (Normal) (G1 Evacuation Pause) 457M->135M(544M) 7.247ms
[2025-12-24T05:39:25.180+0000][988.184s][info][gc,cpu      ] GC(424) User=0.01s Sys=0.00s Real=0.01s
[2025-12-24T05:39:25.857+0000][988.861s][info][gc,start    ] GC(425) Pause Young (Normal) (G1 Evacuation Pause)
[2025-12-24T05:39:25.861+0000][988.865s][info][gc,task     ] GC(425) Using 3 workers of 3 for evacuation
[2025-12-24T05:39:25.875+0000][988.879s][info][gc,phases   ] GC(425)   Pre Evacuate Collection Set: 0.9ms
[2025-12-24T05:39:25.875+0000][988.879s][info][gc,phases   ] GC(425)   Merge Heap Roots: 1.1ms
[2025-12-24T05:39:25.875+0000][988.880s][info][gc,phases   ] GC(425)   Evacuate Collection Set: 5.6ms
[2025-12-24T05:39:25.876+0000][988.880s][info][gc,phases   ] GC(425)   Post Evacuate Collection Set: 6.2ms
[2025-12-24T05:39:25.876+0000][988.880s][info][gc,phases   ] GC(425)   Other: 5.0ms
[2025-12-24T05:39:25.876+0000][988.880s][info][gc,heap     ] GC(425) Eden regions: 321->0(321)
[2025-12-24T05:39:25.876+0000][988.880s][info][gc,heap     ] GC(425) Survivor regions: 5->5(41)
[2025-12-24T05:39:25.876+0000][988.881s][info][gc,heap     ] GC(425) Old regions: 93->93
[2025-12-24T05:39:25.877+0000][988.881s][info][gc,heap     ] GC(425) Archive regions: 2->2
[2025-12-24T05:39:25.877+0000][988.881s][info][gc,heap     ] GC(425) Humongous regions: 38->38
[2025-12-24T05:39:25.877+0000][988.881s][info][gc,metaspace] GC(425) Metaspace: 98724K(99904K)->98724K(99904K) NonClass: 85813K(86336K)->85813K(86336K) Class: 12910K(13568K)->12910K(13568K)
[2025-12-24T05:39:25.877+0000][988.881s][info][gc          ] GC(425) Pause Young (Normal) (G1 Evacuation Pause) 456M->136M(544M) 20.722ms
[2025-12-24T05:39:25.878+0000][988.882s][info][gc,cpu      ] GC(425) User=0.00s Sys=0.00s Real=0.02s
[2025-12-24T05:39:27.001+0000][990.005s][info][gc,start    ] GC(426) Pause Young (Normal) (G1 Evacuation Pause)
[2025-12-24T05:39:27.001+0000][990.005s][info][gc,task     ] GC(426) Using 3 workers of 3 for evacuation
[2025-12-24T05:39:27.005+0000][990.009s][info][gc,phases   ] GC(426)   Pre Evacuate Collection Set: 0.3ms
[2025-12-24T05:39:27.005+0000][990.009s][info][gc,phases   ] GC(426)   Merge Heap Roots: 0.1ms
[2025-12-24T05:39:27.005+0000][990.009s][info][gc,phases   ] GC(426)   Evacuate Collection Set: 2.2ms
[2025-12-24T05:39:27.005+0000][990.009s][info][gc,phases   ] GC(426)   Post Evacuate Collection Set: 0.6ms
[2025-12-24T05:39:27.005+0000][990.009s][info][gc,phases   ] GC(426)   Other: 0.5ms
[2025-12-24T05:39:27.005+0000][990.010s][info][gc,heap     ] GC(426) Eden regions: 321->0(321)
[2025-12-24T05:39:27.006+0000][990.010s][info][gc,heap     ] GC(426) Survivor regions: 5->5(41)
[2025-12-24T05:39:27.006+0000][990.010s][info][gc,heap     ] GC(426) Old regions: 93->93
[2025-12-24T05:39:27.006+0000][990.010s][info][gc,heap     ] GC(426) Archive regions: 2->2
[2025-12-24T05:39:27.006+0000][990.010s][info][gc,heap     ] GC(426) Humongous regions: 38->38
[2025-12-24T05:39:27.006+0000][990.010s][info][gc,metaspace] GC(426) Metaspace: 98724K(99904K)->98724K(99904K) NonClass: 85813K(86336K)->85813K(86336K) Class: 12910K(13568K)->12910K(13568K)
[2025-12-24T05:39:27.006+0000][990.010s][info][gc          ] GC(426) Pause Young (Normal) (G1 Evacuation Pause) 457M->135M(544M) 4.914ms
[2025-12-24T05:39:27.006+0000][990.010s][info][gc,cpu      ] GC(426) User=0.01s Sys=0.00s Real=0.00s
[2025-12-24T05:39:31.200+0000][994.204s][info][gc,start    ] GC(427) Pause Young (Normal) (G1 Evacuation Pause)
[2025-12-24T05:39:31.201+0000][994.205s][info][gc,task     ] GC(427) Using 3 workers of 3 for evacuation
[2025-12-24T05:39:31.204+0000][994.208s][info][gc,phases   ] GC(427)   Pre Evacuate Collection Set: 0.1ms
[2025-12-24T05:39:31.204+0000][994.208s][info][gc,phases   ] GC(427)   Merge Heap Roots: 0.1ms
[2025-12-24T05:39:31.204+0000][994.208s][info][gc,phases   ] GC(427)   Evacuate Collection Set: 1.6ms
[2025-12-24T05:39:31.204+0000][994.208s][info][gc,phases   ] GC(427)   Post Evacuate Collection Set: 0.6ms
[2025-12-24T05:39:31.204+0000][994.208s][info][gc,phases   ] GC(427)   Other: 1.3ms
[2025-12-24T05:39:31.204+0000][994.208s][info][gc,heap     ] GC(427) Eden regions: 321->0(321)
[2025-12-24T05:39:31.204+0000][994.208s][info][gc,heap     ] GC(427) Survivor regions: 5->5(41)
[2025-12-24T05:39:31.204+0000][994.208s][info][gc,heap     ] GC(427) Old regions: 93->93
[2025-12-24T05:39:31.204+0000][994.208s][info][gc,heap     ] GC(427) Archive regions: 2->2
[2025-12-24T05:39:31.204+0000][994.208s][info][gc,heap     ] GC(427) Humongous regions: 38->38
[2025-12-24T05:39:31.204+0000][994.208s][info][gc,metaspace] GC(427) Metaspace: 98724K(99904K)->98724K(99904K) NonClass: 85813K(86336K)->85813K(86336K) Class: 12910K(13568K)->12910K(13568K)
[2025-12-24T05:39:31.204+0000][994.208s][info][gc          ] GC(427) Pause Young (Normal) (G1 Evacuation Pause) 456M->135M(544M) 4.269ms
[2025-12-24T05:39:31.205+0000][994.209s][info][gc,cpu      ] GC(427) User=0.00s Sys=0.00s Real=0.00s
[2025-12-24T05:39:35.464+0000][998.468s][info][gc,start    ] GC(428) Pause Young (Normal) (G1 Evacuation Pause)
[2025-12-24T05:39:35.464+0000][998.468s][info][gc,task     ] GC(428) Using 3 workers of 3 for evacuation
[2025-12-24T05:39:35.467+0000][998.471s][info][gc,phases   ] GC(428)   Pre Evacuate Collection Set: 0.2ms
[2025-12-24T05:39:35.467+0000][998.471s][info][gc,phases   ] GC(428)   Merge Heap Roots: 0.1ms
[2025-12-24T05:39:35.467+0000][998.472s][info][gc,phases   ] GC(428)   Evacuate Collection Set: 2.3ms
[2025-12-24T05:39:35.468+0000][998.472s][info][gc,phases   ] GC(428)   Post Evacuate Collection Set: 0.6ms
[2025-12-24T05:39:35.468+0000][998.472s][info][gc,phases   ] GC(428)   Other: 0.6ms
[2025-12-24T05:39:35.468+0000][998.472s][info][gc,heap     ] GC(428) Eden regions: 321->0(322)
[2025-12-24T05:39:35.468+0000][998.472s][info][gc,heap     ] GC(428) Survivor regions: 5->4(41)
[2025-12-24T05:39:35.468+0000][998.472s][info][gc,heap     ] GC(428) Old regions: 93->93
[2025-12-24T05:39:35.468+0000][998.472s][info][gc,heap     ] GC(428) Archive regions: 2->2
[2025-12-24T05:39:35.468+0000][998.472s][info][gc,heap     ] GC(428) Humongous regions: 38->38
[2025-12-24T05:39:35.468+0000][998.472s][info][gc,metaspace] GC(428) Metaspace: 98724K(99904K)->98724K(99904K) NonClass: 85813K(86336K)->85813K(86336K) Class: 12910K(13568K)->12910K(13568K)
[2025-12-24T05:39:35.468+0000][998.472s][info][gc          ] GC(428) Pause Young (Normal) (G1 Evacuation Pause) 456M->135M(544M) 4.751ms
[2025-12-24T05:39:35.469+0000][998.473s][info][gc,cpu      ] GC(428) User=0.00s Sys=0.01s Real=0.01s
[2025-12-24T05:39:38.231+0000][1001.235s][info][gc,start    ] GC(429) Pause Young (Normal) (G1 Evacuation Pause)
[2025-12-24T05:39:38.231+0000][1001.235s][info][gc,task     ] GC(429) Using 3 workers of 3 for evacuation
[2025-12-24T05:39:38.234+0000][1001.238s][info][gc,phases   ] GC(429)   Pre Evacuate Collection Set: 0.1ms
[2025-12-24T05:39:38.234+0000][1001.238s][info][gc,phases   ] GC(429)   Merge Heap Roots: 0.1ms
[2025-12-24T05:39:38.234+0000][1001.238s][info][gc,phases   ] GC(429)   Evacuate Collection Set: 1.5ms
[2025-12-24T05:39:38.234+0000][1001.238s][info][gc,phases   ] GC(429)   Post Evacuate Collection Set: 0.6ms
[2025-12-24T05:39:38.234+0000][1001.238s][info][gc,phases   ] GC(429)   Other: 0.6ms
[2025-12-24T05:39:38.234+0000][1001.238s][info][gc,heap     ] GC(429) Eden regions: 322->0(322)
[2025-12-24T05:39:38.234+0000][1001.239s][info][gc,heap     ] GC(429) Survivor regions: 4->4(41)
[2025-12-24T05:39:38.235+0000][1001.239s][info][gc,heap     ] GC(429) Old regions: 93->93
[2025-12-24T05:39:38.235+0000][1001.239s][info][gc,heap     ] GC(429) Archive regions: 2->2
[2025-12-24T05:39:38.235+0000][1001.239s][info][gc,heap     ] GC(429) Humongous regions: 38->38
[2025-12-24T05:39:38.235+0000][1001.239s][info][gc,metaspace] GC(429) Metaspace: 98724K(99904K)->98724K(99904K) NonClass: 85813K(86336K)->85813K(86336K) Class: 12910K(13568K)->12910K(13568K)
[2025-12-24T05:39:38.235+0000][1001.239s][info][gc          ] GC(429) Pause Young (Normal) (G1 Evacuation Pause) 457M->135M(544M) 4.289ms
[2025-12-24T05:39:38.236+0000][1001.240s][info][gc,cpu      ] GC(429) User=0.01s Sys=0.00s Real=0.00s
[2025-12-24T05:39:42.426+0000][1005.430s][info][gc,start    ] GC(430) Pause Young (Normal) (G1 Evacuation Pause)
[2025-12-24T05:39:42.426+0000][1005.430s][info][gc,task     ] GC(430) Using 3 workers of 3 for evacuation
[2025-12-24T05:39:42.428+0000][1005.432s][info][gc,phases   ] GC(430)   Pre Evacuate Collection Set: 0.1ms
[2025-12-24T05:39:42.428+0000][1005.432s][info][gc,phases   ] GC(430)   Merge Heap Roots: 0.1ms
[2025-12-24T05:39:42.428+0000][1005.432s][info][gc,phases   ] GC(430)   Evacuate Collection Set: 1.3ms
[2025-12-24T05:39:42.428+0000][1005.432s][info][gc,phases   ] GC(430)   Post Evacuate Collection Set: 0.5ms
[2025-12-24T05:39:42.428+0000][1005.433s][info][gc,phases   ] GC(430)   Other: 0.7ms
[2025-12-24T05:39:42.429+0000][1005.433s][info][gc,heap     ] GC(430) Eden regions: 322->0(322)
[2025-12-24T05:39:42.429+0000][1005.433s][info][gc,heap     ] GC(430) Survivor regions: 4->4(41)
[2025-12-24T05:39:42.429+0000][1005.433s][info][gc,heap     ] GC(430) Old regions: 93->93
[2025-12-24T05:39:42.429+0000][1005.433s][info][gc,heap     ] GC(430) Archive regions: 2->2
[2025-12-24T05:39:42.429+0000][1005.433s][info][gc,heap     ] GC(430) Humongous regions: 38->38
[2025-12-24T05:39:42.429+0000][1005.433s][info][gc,metaspace] GC(430) Metaspace: 98725K(99904K)->98725K(99904K) NonClass: 85814K(86336K)->85814K(86336K) Class: 12910K(13568K)->12910K(13568K)
[2025-12-24T05:39:42.429+0000][1005.433s][info][gc          ] GC(430) Pause Young (Normal) (G1 Evacuation Pause) 457M->135M(544M) 3.665ms
[2025-12-24T05:39:42.429+0000][1005.434s][info][gc,cpu      ] GC(430) User=0.00s Sys=0.00s Real=0.01s
[2025-12-24T05:39:46.689+0000][1009.693s][info][gc,start    ] GC(431) Pause Young (Normal) (G1 Evacuation Pause)
[2025-12-24T05:39:46.690+0000][1009.694s][info][gc,task     ] GC(431) Using 3 workers of 3 for evacuation
[2025-12-24T05:39:46.692+0000][1009.696s][info][gc,phases   ] GC(431)   Pre Evacuate Collection Set: 0.1ms
[2025-12-24T05:39:46.692+0000][1009.696s][info][gc,phases   ] GC(431)   Merge Heap Roots: 0.1ms
[2025-12-24T05:39:46.692+0000][1009.696s][info][gc,phases   ] GC(431)   Evacuate Collection Set: 1.3ms
[2025-12-24T05:39:46.692+0000][1009.697s][info][gc,phases   ] GC(431)   Post Evacuate Collection Set: 0.5ms
[2025-12-24T05:39:46.692+0000][1009.697s][info][gc,phases   ] GC(431)   Other: 1.2ms
[2025-12-24T05:39:46.693+0000][1009.697s][info][gc,heap     ] GC(431) Eden regions: 322->0(322)
[2025-12-24T05:39:46.693+0000][1009.697s][info][gc,heap     ] GC(431) Survivor regions: 4->4(41)
[2025-12-24T05:39:46.693+0000][1009.697s][info][gc,heap     ] GC(431) Old regions: 93->93
[2025-12-24T05:39:46.693+0000][1009.697s][info][gc,heap     ] GC(431) Archive regions: 2->2
[2025-12-24T05:39:46.693+0000][1009.697s][info][gc,heap     ] GC(431) Humongous regions: 38->38
[2025-12-24T05:39:46.693+0000][1009.697s][info][gc,metaspace] GC(431) Metaspace: 98726K(99904K)->98726K(99904K) NonClass: 85815K(86336K)->85815K(86336K) Class: 12910K(13568K)->12910K(13568K)
[2025-12-24T05:39:46.693+0000][1009.697s][info][gc          ] GC(431) Pause Young (Normal) (G1 Evacuation Pause) 457M->135M(544M) 3.625ms
[2025-12-24T05:39:46.693+0000][1009.697s][info][gc,cpu      ] GC(431) User=0.00s Sys=0.00s Real=0.00s
[2025-12-24T05:39:51.016+0000][1014.020s][info][gc,start    ] GC(432) Pause Young (Normal) (G1 Evacuation Pause)
[2025-12-24T05:39:51.017+0000][1014.021s][info][gc,task     ] GC(432) Using 3 workers of 3 for evacuation
[2025-12-24T05:39:51.020+0000][1014.024s][info][gc,phases   ] GC(432)   Pre Evacuate Collection Set: 0.2ms
[2025-12-24T05:39:51.020+0000][1014.024s][info][gc,phases   ] GC(432)   Merge Heap Roots: 0.1ms
[2025-12-24T05:39:51.020+0000][1014.024s][info][gc,phases   ] GC(432)   Evacuate Collection Set: 2.3ms
[2025-12-24T05:39:51.020+0000][1014.024s][info][gc,phases   ] GC(432)   Post Evacuate Collection Set: 0.7ms
[2025-12-24T05:39:51.020+0000][1014.024s][info][gc,phases   ] GC(432)   Other: 0.7ms
[2025-12-24T05:39:51.020+0000][1014.025s][info][gc,heap     ] GC(432) Eden regions: 322->0(322)
[2025-12-24T05:39:51.020+0000][1014.025s][info][gc,heap     ] GC(432) Survivor regions: 4->4(41)
[2025-12-24T05:39:51.021+0000][1014.025s][info][gc,heap     ] GC(432) Old regions: 93->93
[2025-12-24T05:39:51.021+0000][1014.025s][info][gc,heap     ] GC(432) Archive regions: 2->2
[2025-12-24T05:39:51.021+0000][1014.025s][info][gc,heap     ] GC(432) Humongous regions: 38->38
[2025-12-24T05:39:51.021+0000][1014.025s][info][gc,metaspace] GC(432) Metaspace: 98726K(99904K)->98726K(99904K) NonClass: 85815K(86336K)->85815K(86336K) Class: 12910K(13568K)->12910K(13568K)
[2025-12-24T05:39:51.021+0000][1014.025s][info][gc          ] GC(432) Pause Young (Normal) (G1 Evacuation Pause) 457M->135M(544M) 4.496ms
[2025-12-24T05:39:51.021+0000][1014.025s][info][gc,cpu      ] GC(432) User=0.01s Sys=0.00s Real=0.01s
[2025-12-24T05:39:53.800+0000][1016.804s][info][gc,start    ] GC(433) Pause Young (Normal) (G1 Evacuation Pause)
[2025-12-24T05:39:53.801+0000][1016.805s][info][gc,task     ] GC(433) Using 3 workers of 3 for evacuation
[2025-12-24T05:39:53.804+0000][1016.808s][info][gc,phases   ] GC(433)   Pre Evacuate Collection Set: 0.1ms
[2025-12-24T05:39:53.804+0000][1016.808s][info][gc,phases   ] GC(433)   Merge Heap Roots: 0.1ms
[2025-12-24T05:39:53.804+0000][1016.808s][info][gc,phases   ] GC(433)   Evacuate Collection Set: 2.1ms
[2025-12-24T05:39:53.804+0000][1016.808s][info][gc,phases   ] GC(433)   Post Evacuate Collection Set: 0.5ms
[2025-12-24T05:39:53.804+0000][1016.808s][info][gc,phases   ] GC(433)   Other: 1.4ms
[2025-12-24T05:39:53.804+0000][1016.808s][info][gc,heap     ] GC(433) Eden regions: 322->0(322)
[2025-12-24T05:39:53.804+0000][1016.808s][info][gc,heap     ] GC(433) Survivor regions: 4->4(41)
[2025-12-24T05:39:53.804+0000][1016.809s][info][gc,heap     ] GC(433) Old regions: 93->93
[2025-12-24T05:39:53.805+0000][1016.809s][info][gc,heap     ] GC(433) Archive regions: 2->2
[2025-12-24T05:39:53.805+0000][1016.809s][info][gc,heap     ] GC(433) Humongous regions: 38->38
[2025-12-24T05:39:53.805+0000][1016.809s][info][gc,metaspace] GC(433) Metaspace: 98726K(99904K)->98726K(99904K) NonClass: 85815K(86336K)->85815K(86336K) Class: 12910K(13568K)->12910K(13568K)
[2025-12-24T05:39:53.805+0000][1016.809s][info][gc          ] GC(433) Pause Young (Normal) (G1 Evacuation Pause) 457M->135M(544M) 5.181ms
[2025-12-24T05:39:53.805+0000][1016.809s][info][gc,cpu      ] GC(433) User=0.01s Sys=0.00s Real=0.00s
[2025-12-24T05:39:58.447+0000][1021.451s][info][gc,start    ] GC(434) Pause Young (Normal) (G1 Evacuation Pause)
[2025-12-24T05:39:58.447+0000][1021.451s][info][gc,task     ] GC(434) Using 3 workers of 3 for evacuation
[2025-12-24T05:39:58.453+0000][1021.457s][info][gc,phases   ] GC(434)   Pre Evacuate Collection Set: 0.2ms
[2025-12-24T05:39:58.453+0000][1021.457s][info][gc,phases   ] GC(434)   Merge Heap Roots: 0.1ms
[2025-12-24T05:39:58.453+0000][1021.457s][info][gc,phases   ] GC(434)   Evacuate Collection Set: 4.2ms
[2025-12-24T05:39:58.453+0000][1021.457s][info][gc,phases   ] GC(434)   Post Evacuate Collection Set: 0.5ms
[2025-12-24T05:39:58.453+0000][1021.457s][info][gc,phases   ] GC(434)   Other: 0.4ms
[2025-12-24T05:39:58.453+0000][1021.457s][info][gc,heap     ] GC(434) Eden regions: 322->0(322)
[2025-12-24T05:39:58.453+0000][1021.457s][info][gc,heap     ] GC(434) Survivor regions: 4->4(41)
[2025-12-24T05:39:58.453+0000][1021.457s][info][gc,heap     ] GC(434) Old regions: 93->94
[2025-12-24T05:39:58.453+0000][1021.457s][info][gc,heap     ] GC(434) Archive regions: 2->2
[2025-12-24T05:39:58.453+0000][1021.457s][info][gc,heap     ] GC(434) Humongous regions: 38->38
[2025-12-24T05:39:58.453+0000][1021.457s][info][gc,metaspace] GC(434) Metaspace: 98726K(99904K)->98726K(99904K) NonClass: 85815K(86336K)->85815K(86336K) Class: 12910K(13568K)->12910K(13568K)
[2025-12-24T05:39:58.453+0000][1021.458s][info][gc          ] GC(434) Pause Young (Normal) (G1 Evacuation Pause) 457M->135M(544M) 6.317ms
[2025-12-24T05:39:58.454+0000][1021.458s][info][gc,cpu      ] GC(434) User=0.01s Sys=0.00s Real=0.01s
[2025-12-24T05:40:03.072+0000][1026.077s][info][gc,start    ] GC(435) Pause Young (Normal) (G1 Evacuation Pause)
[2025-12-24T05:40:03.073+0000][1026.077s][info][gc,task     ] GC(435) Using 3 workers of 3 for evacuation
[2025-12-24T05:40:03.093+0000][1026.097s][info][gc,phases   ] GC(435)   Pre Evacuate Collection Set: 0.3ms
[2025-12-24T05:40:03.093+0000][1026.097s][info][gc,phases   ] GC(435)   Merge Heap Roots: 0.1ms
[2025-12-24T05:40:03.093+0000][1026.097s][info][gc,phases   ] GC(435)   Evacuate Collection Set: 15.8ms
[2025-12-24T05:40:03.093+0000][1026.097s][info][gc,phases   ] GC(435)   Post Evacuate Collection Set: 3.1ms
[2025-12-24T05:40:03.093+0000][1026.097s][info][gc,phases   ] GC(435)   Other: 1.1ms
[2025-12-24T05:40:03.093+0000][1026.098s][info][gc,heap     ] GC(435) Eden regions: 322->0(322)
[2025-12-24T05:40:03.094+0000][1026.098s][info][gc,heap     ] GC(435) Survivor regions: 4->4(41)
[2025-12-24T05:40:03.094+0000][1026.098s][info][gc,heap     ] GC(435) Old regions: 94->94
[2025-12-24T05:40:03.094+0000][1026.098s][info][gc,heap     ] GC(435) Archive regions: 2->2
[2025-12-24T05:40:03.094+0000][1026.098s][info][gc,heap     ] GC(435) Humongous regions: 38->38
[2025-12-24T05:40:03.094+0000][1026.098s][info][gc,metaspace] GC(435) Metaspace: 98726K(99904K)->98726K(99904K) NonClass: 85815K(86336K)->85815K(86336K) Class: 12910K(13568K)->12910K(13568K)
[2025-12-24T05:40:03.094+0000][1026.098s][info][gc          ] GC(435) Pause Young (Normal) (G1 Evacuation Pause) 457M->135M(544M) 21.606ms
[2025-12-24T05:40:03.094+0000][1026.098s][info][gc,cpu      ] GC(435) User=0.05s Sys=0.01s Real=0.02s
[2025-12-24T05:40:04.510+0000][1027.514s][info][gc,start    ] GC(436) Pause Young (Normal) (G1 Evacuation Pause)
[2025-12-24T05:40:04.511+0000][1027.515s][info][gc,task     ] GC(436) Using 3 workers of 3 for evacuation
[2025-12-24T05:40:04.534+0000][1027.538s][info][gc,phases   ] GC(436)   Pre Evacuate Collection Set: 1.0ms
[2025-12-24T05:40:04.534+0000][1027.538s][info][gc,phases   ] GC(436)   Merge Heap Roots: 0.2ms
[2025-12-24T05:40:04.534+0000][1027.538s][info][gc,phases   ] GC(436)   Evacuate Collection Set: 18.3ms
[2025-12-24T05:40:04.534+0000][1027.539s][info][gc,phases   ] GC(436)   Post Evacuate Collection Set: 3.1ms
[2025-12-24T05:40:04.536+0000][1027.540s][info][gc,phases   ] GC(436)   Other: 2.0ms
[2025-12-24T05:40:04.537+0000][1027.541s][info][gc,heap     ] GC(436) Eden regions: 322->0(320)
[2025-12-24T05:40:04.537+0000][1027.541s][info][gc,heap     ] GC(436) Survivor regions: 4->6(41)
[2025-12-24T05:40:04.537+0000][1027.541s][info][gc,heap     ] GC(436) Old regions: 94->94
[2025-12-24T05:40:04.537+0000][1027.541s][info][gc,heap     ] GC(436) Archive regions: 2->2
[2025-12-24T05:40:04.537+0000][1027.542s][info][gc,heap     ] GC(436) Humongous regions: 38->38
[2025-12-24T05:40:04.538+0000][1027.542s][info][gc,metaspace] GC(436) Metaspace: 98726K(99904K)->98726K(99904K) NonClass: 85815K(86336K)->85815K(86336K) Class: 12910K(13568K)->12910K(13568K)
[2025-12-24T05:40:04.539+0000][1027.544s][info][gc          ] GC(436) Pause Young (Normal) (G1 Evacuation Pause) 457M->137M(544M) 29.784ms
[2025-12-24T05:40:04.540+0000][1027.544s][info][gc,cpu      ] GC(436) User=0.01s Sys=0.00s Real=0.03s
[2025-12-24T05:40:05.664+0000][1028.668s][info][gc,start    ] GC(437) Pause Young (Normal) (G1 Evacuation Pause)
[2025-12-24T05:40:05.664+0000][1028.668s][info][gc,task     ] GC(437) Using 3 workers of 3 for evacuation
[2025-12-24T05:40:05.680+0000][1028.684s][info][gc,phases   ] GC(437)   Pre Evacuate Collection Set: 1.2ms
[2025-12-24T05:40:05.680+0000][1028.684s][info][gc,phases   ] GC(437)   Merge Heap Roots: 0.7ms
[2025-12-24T05:40:05.681+0000][1028.685s][info][gc,phases   ] GC(437)   Evacuate Collection Set: 9.7ms
[2025-12-24T05:40:05.681+0000][1028.685s][info][gc,phases   ] GC(437)   Post Evacuate Collection Set: 3.5ms
[2025-12-24T05:40:05.681+0000][1028.685s][info][gc,phases   ] GC(437)   Other: 1.4ms
[2025-12-24T05:40:05.681+0000][1028.685s][info][gc,heap     ] GC(437) Eden regions: 320->0(320)
[2025-12-24T05:40:05.681+0000][1028.685s][info][gc,heap     ] GC(437) Survivor regions: 6->6(41)
[2025-12-24T05:40:05.681+0000][1028.685s][info][gc,heap     ] GC(437) Old regions: 94->94
[2025-12-24T05:40:05.681+0000][1028.685s][info][gc,heap     ] GC(437) Archive regions: 2->2
[2025-12-24T05:40:05.681+0000][1028.685s][info][gc,heap     ] GC(437) Humongous regions: 38->38
[2025-12-24T05:40:05.682+0000][1028.686s][info][gc,metaspace] GC(437) Metaspace: 98726K(99904K)->98726K(99904K) NonClass: 85815K(86336K)->85815K(86336K) Class: 12910K(13568K)->12910K(13568K)
[2025-12-24T05:40:05.682+0000][1028.686s][info][gc          ] GC(437) Pause Young (Normal) (G1 Evacuation Pause) 457M->137M(544M) 18.308ms
[2025-12-24T05:40:05.682+0000][1028.686s][info][gc,cpu      ] GC(437) User=0.01s Sys=0.01s Real=0.02s
[2025-12-24T05:40:06.737+0000][1029.742s][info][gc,start    ] GC(438) Pause Young (Normal) (G1 Evacuation Pause)
[2025-12-24T05:40:06.739+0000][1029.743s][info][gc,task     ] GC(438) Using 3 workers of 3 for evacuation
[2025-12-24T05:40:06.761+0000][1029.765s][info][gc,phases   ] GC(438)   Pre Evacuate Collection Set: 1.5ms
[2025-12-24T05:40:06.762+0000][1029.766s][info][gc,phases   ] GC(438)   Merge Heap Roots: 1.3ms
[2025-12-24T05:40:06.762+0000][1029.766s][info][gc,phases   ] GC(438)   Evacuate Collection Set: 11.5ms
[2025-12-24T05:40:06.762+0000][1029.766s][info][gc,phases   ] GC(438)   Post Evacuate Collection Set: 7.9ms
[2025-12-24T05:40:06.762+0000][1029.766s][info][gc,phases   ] GC(438)   Other: 1.9ms
[2025-12-24T05:40:06.762+0000][1029.766s][info][gc,heap     ] GC(438) Eden regions: 320->0(320)
[2025-12-24T05:40:06.763+0000][1029.767s][info][gc,heap     ] GC(438) Survivor regions: 6->6(41)
[2025-12-24T05:40:06.763+0000][1029.767s][info][gc,heap     ] GC(438) Old regions: 94->94
[2025-12-24T05:40:06.763+0000][1029.767s][info][gc,heap     ] GC(438) Archive regions: 2->2
[2025-12-24T05:40:06.763+0000][1029.767s][info][gc,heap     ] GC(438) Humongous regions: 38->38
[2025-12-24T05:40:06.764+0000][1029.768s][info][gc,metaspace] GC(438) Metaspace: 98726K(99904K)->98726K(99904K) NonClass: 85815K(86336K)->85815K(86336K) Class: 12910K(13568K)->12910K(13568K)
[2025-12-24T05:40:06.764+0000][1029.768s][info][gc          ] GC(438) Pause Young (Normal) (G1 Evacuation Pause) 457M->137M(544M) 26.624ms
[2025-12-24T05:40:06.764+0000][1029.769s][info][gc,cpu      ] GC(438) User=0.01s Sys=0.00s Real=0.03s
[2025-12-24T05:40:07.343+0000][1030.348s][info][gc,start    ] GC(439) Pause Young (Normal) (G1 Evacuation Pause)
[2025-12-24T05:40:07.345+0000][1030.349s][info][gc,task     ] GC(439) Using 3 workers of 3 for evacuation
[2025-12-24T05:40:07.364+0000][1030.368s][info][gc,phases   ] GC(439)   Pre Evacuate Collection Set: 2.8ms
[2025-12-24T05:40:07.364+0000][1030.368s][info][gc,phases   ] GC(439)   Merge Heap Roots: 0.4ms
[2025-12-24T05:40:07.364+0000][1030.369s][info][gc,phases   ] GC(439)   Evacuate Collection Set: 13.5ms
[2025-12-24T05:40:07.365+0000][1030.369s][info][gc,phases   ] GC(439)   Post Evacuate Collection Set: 1.9ms
[2025-12-24T05:40:07.365+0000][1030.369s][info][gc,phases   ] GC(439)   Other: 1.8ms
[2025-12-24T05:40:07.365+0000][1030.369s][info][gc,heap     ] GC(439) Eden regions: 320->0(321)
[2025-12-24T05:40:07.365+0000][1030.370s][info][gc,heap     ] GC(439) Survivor regions: 6->5(41)
[2025-12-24T05:40:07.365+0000][1030.370s][info][gc,heap     ] GC(439) Old regions: 94->94
[2025-12-24T05:40:07.366+0000][1030.370s][info][gc,heap     ] GC(439) Archive regions: 2->2
[2025-12-24T05:40:07.366+0000][1030.370s][info][gc,heap     ] GC(439) Humongous regions: 38->38
[2025-12-24T05:40:07.366+0000][1030.370s][info][gc,metaspace] GC(439) Metaspace: 98726K(99904K)->98726K(99904K) NonClass: 85815K(86336K)->85815K(86336K) Class: 12910K(13568K)->12910K(13568K)
[2025-12-24T05:40:07.366+0000][1030.370s][info][gc          ] GC(439) Pause Young (Normal) (G1 Evacuation Pause) 457M->137M(544M) 22.955ms
[2025-12-24T05:40:07.367+0000][1030.371s][info][gc,cpu      ] GC(439) User=0.01s Sys=0.00s Real=0.02s
[2025-12-24T05:40:08.290+0000][1031.294s][info][gc,start    ] GC(440) Pause Young (Normal) (G1 Evacuation Pause)
[2025-12-24T05:40:08.290+0000][1031.294s][info][gc,task     ] GC(440) Using 3 workers of 3 for evacuation
[2025-12-24T05:40:08.303+0000][1031.307s][info][gc,phases   ] GC(440)   Pre Evacuate Collection Set: 0.3ms
[2025-12-24T05:40:08.304+0000][1031.308s][info][gc,phases   ] GC(440)   Merge Heap Roots: 0.1ms
[2025-12-24T05:40:08.304+0000][1031.308s][info][gc,phases   ] GC(440)   Evacuate Collection Set: 10.4ms
[2025-12-24T05:40:08.304+0000][1031.308s][info][gc,phases   ] GC(440)   Post Evacuate Collection Set: 0.9ms
[2025-12-24T05:40:08.304+0000][1031.308s][info][gc,phases   ] GC(440)   Other: 2.4ms
[2025-12-24T05:40:08.304+0000][1031.308s][info][gc,heap     ] GC(440) Eden regions: 321->0(320)
[2025-12-24T05:40:08.304+0000][1031.308s][info][gc,heap     ] GC(440) Survivor regions: 5->6(41)
[2025-12-24T05:40:08.304+0000][1031.308s][info][gc,heap     ] GC(440) Old regions: 94->95
[2025-12-24T05:40:08.304+0000][1031.308s][info][gc,heap     ] GC(440) Archive regions: 2->2
[2025-12-24T05:40:08.304+0000][1031.308s][info][gc,heap     ] GC(440) Humongous regions: 38->38
[2025-12-24T05:40:08.305+0000][1031.309s][info][gc,metaspace] GC(440) Metaspace: 98726K(99904K)->98726K(99904K) NonClass: 85815K(86336K)->85815K(86336K) Class: 12910K(13568K)->12910K(13568K)
[2025-12-24T05:40:08.305+0000][1031.309s][info][gc          ] GC(440) Pause Young (Normal) (G1 Evacuation Pause) 458M->138M(544M) 15.134ms
[2025-12-24T05:40:08.305+0000][1031.309s][info][gc,cpu      ] GC(440) User=0.01s Sys=0.00s Real=0.01s
[2025-12-24T05:40:09.028+0000][1032.032s][info][gc,start    ] GC(441) Pause Young (Normal) (G1 Evacuation Pause)
[2025-12-24T05:40:09.031+0000][1032.035s][info][gc,task     ] GC(441) Using 3 workers of 3 for evacuation
[2025-12-24T05:40:09.043+0000][1032.047s][info][gc,phases   ] GC(441)   Pre Evacuate Collection Set: 0.3ms
[2025-12-24T05:40:09.043+0000][1032.047s][info][gc,phases   ] GC(441)   Merge Heap Roots: 0.2ms
[2025-12-24T05:40:09.043+0000][1032.047s][info][gc,phases   ] GC(441)   Evacuate Collection Set: 9.7ms
[2025-12-24T05:40:09.043+0000][1032.047s][info][gc,phases   ] GC(441)   Post Evacuate Collection Set: 0.8ms
[2025-12-24T05:40:09.043+0000][1032.047s][info][gc,phases   ] GC(441)   Other: 8.2ms
[2025-12-24T05:40:09.043+0000][1032.047s][info][gc,heap     ] GC(441) Eden regions: 320->0(321)
[2025-12-24T05:40:09.043+0000][1032.047s][info][gc,heap     ] GC(441) Survivor regions: 6->5(41)
[2025-12-24T05:40:09.043+0000][1032.047s][info][gc,heap     ] GC(441) Old regions: 95->96
[2025-12-24T05:40:09.043+0000][1032.047s][info][gc,heap     ] GC(441) Archive regions: 2->2
[2025-12-24T05:40:09.043+0000][1032.047s][info][gc,heap     ] GC(441) Humongous regions: 38->38
[2025-12-24T05:40:09.043+0000][1032.048s][info][gc,metaspace] GC(441) Metaspace: 98726K(99904K)->98726K(99904K) NonClass: 85815K(86336K)->85815K(86336K) Class: 12910K(13568K)->12910K(13568K)
[2025-12-24T05:40:09.044+0000][1032.048s][info][gc          ] GC(441) Pause Young (Normal) (G1 Evacuation Pause) 458M->139M(544M) 15.919ms
[2025-12-24T05:40:09.044+0000][1032.048s][info][gc,cpu      ] GC(441) User=0.02s Sys=0.00s Real=0.02s
[2025-12-24T05:40:09.828+0000][1032.832s][info][gc,start    ] GC(442) Pause Young (Normal) (G1 Evacuation Pause)
[2025-12-24T05:40:09.829+0000][1032.833s][info][gc,task     ] GC(442) Using 3 workers of 3 for evacuation
[2025-12-24T05:40:09.841+0000][1032.845s][info][gc,phases   ] GC(442)   Pre Evacuate Collection Set: 0.8ms
[2025-12-24T05:40:09.841+0000][1032.845s][info][gc,phases   ] GC(442)   Merge Heap Roots: 0.1ms
[2025-12-24T05:40:09.841+0000][1032.845s][info][gc,phases   ] GC(442)   Evacuate Collection Set: 9.7ms
[2025-12-24T05:40:09.841+0000][1032.846s][info][gc,phases   ] GC(442)   Post Evacuate Collection Set: 1.1ms
[2025-12-24T05:40:09.842+0000][1032.846s][info][gc,phases   ] GC(442)   Other: 1.0ms
[2025-12-24T05:40:09.842+0000][1032.846s][info][gc,heap     ] GC(442) Eden regions: 321->0(321)
[2025-12-24T05:40:09.842+0000][1032.846s][info][gc,heap     ] GC(442) Survivor regions: 5->5(41)
[2025-12-24T05:40:09.842+0000][1032.846s][info][gc,heap     ] GC(442) Old regions: 96->96
[2025-12-24T05:40:09.842+0000][1032.846s][info][gc,heap     ] GC(442) Archive regions: 2->2
[2025-12-24T05:40:09.842+0000][1032.846s][info][gc,heap     ] GC(442) Humongous regions: 38->38
[2025-12-24T05:40:09.842+0000][1032.847s][info][gc,metaspace] GC(442) Metaspace: 98778K(99968K)->98778K(99968K) NonClass: 85859K(86400K)->85859K(86400K) Class: 12919K(13568K)->12919K(13568K)
[2025-12-24T05:40:09.843+0000][1032.847s][info][gc          ] GC(442) Pause Young (Normal) (G1 Evacuation Pause) 460M->138M(544M) 14.476ms
[2025-12-24T05:40:09.843+0000][1032.847s][info][gc,cpu      ] GC(442) User=0.01s Sys=0.00s Real=0.02s
[2025-12-24T05:40:10.889+0000][1033.894s][info][gc,start    ] GC(443) Pause Young (Normal) (G1 Evacuation Pause)
[2025-12-24T05:40:10.890+0000][1033.894s][info][gc,task     ] GC(443) Using 3 workers of 3 for evacuation
[2025-12-24T05:40:10.901+0000][1033.905s][info][gc,phases   ] GC(443)   Pre Evacuate Collection Set: 0.9ms
[2025-12-24T05:40:10.901+0000][1033.905s][info][gc,phases   ] GC(443)   Merge Heap Roots: 0.5ms
[2025-12-24T05:40:10.901+0000][1033.905s][info][gc,phases   ] GC(443)   Evacuate Collection Set: 8.7ms
[2025-12-24T05:40:10.901+0000][1033.905s][info][gc,phases   ] GC(443)   Post Evacuate Collection Set: 1.0ms
[2025-12-24T05:40:10.901+0000][1033.905s][info][gc,phases   ] GC(443)   Other: 0.5ms
[2025-12-24T05:40:10.902+0000][1033.906s][info][gc,heap     ] GC(443) Eden regions: 321->0(320)
[2025-12-24T05:40:10.902+0000][1033.906s][info][gc,heap     ] GC(443) Survivor regions: 5->6(41)
[2025-12-24T05:40:10.902+0000][1033.906s][info][gc,heap     ] GC(443) Old regions: 96->96
[2025-12-24T05:40:10.902+0000][1033.906s][info][gc,heap     ] GC(443) Archive regions: 2->2
[2025-12-24T05:40:10.902+0000][1033.906s][info][gc,heap     ] GC(443) Humongous regions: 38->38
[2025-12-24T05:40:10.902+0000][1033.906s][info][gc,metaspace] GC(443) Metaspace: 98778K(99968K)->98778K(99968K) NonClass: 85859K(86400K)->85859K(86400K) Class: 12919K(13568K)->12919K(13568K)
[2025-12-24T05:40:10.903+0000][1033.907s][info][gc          ] GC(443) Pause Young (Normal) (G1 Evacuation Pause) 459M->139M(544M) 13.234ms
[2025-12-24T05:40:10.903+0000][1033.907s][info][gc,cpu      ] GC(443) User=0.01s Sys=0.00s Real=0.01s
[2025-12-24T05:40:11.970+0000][1034.974s][info][gc,start    ] GC(444) Pause Young (Normal) (G1 Evacuation Pause)
[2025-12-24T05:40:11.971+0000][1034.975s][info][gc,task     ] GC(444) Using 3 workers of 3 for evacuation
[2025-12-24T05:40:11.991+0000][1034.995s][info][gc,phases   ] GC(444)   Pre Evacuate Collection Set: 0.4ms
[2025-12-24T05:40:11.991+0000][1034.995s][info][gc,phases   ] GC(444)   Merge Heap Roots: 0.3ms
[2025-12-24T05:40:11.991+0000][1034.995s][info][gc,phases   ] GC(444)   Evacuate Collection Set: 18.0ms
[2025-12-24T05:40:11.991+0000][1034.995s][info][gc,phases   ] GC(444)   Post Evacuate Collection Set: 1.3ms
[2025-12-24T05:40:11.991+0000][1034.996s][info][gc,phases   ] GC(444)   Other: 1.0ms
[2025-12-24T05:40:11.992+0000][1034.996s][info][gc,heap     ] GC(444) Eden regions: 320->0(320)
[2025-12-24T05:40:11.992+0000][1034.996s][info][gc,heap     ] GC(444) Survivor regions: 6->6(41)
[2025-12-24T05:40:11.992+0000][1034.996s][info][gc,heap     ] GC(444) Old regions: 96->96
[2025-12-24T05:40:11.992+0000][1034.996s][info][gc,heap     ] GC(444) Archive regions: 2->2
[2025-12-24T05:40:11.992+0000][1034.996s][info][gc,heap     ] GC(444) Humongous regions: 38->38
[2025-12-24T05:40:11.992+0000][1034.996s][info][gc,metaspace] GC(444) Metaspace: 98778K(99968K)->98778K(99968K) NonClass: 85859K(86400K)->85859K(86400K) Class: 12919K(13568K)->12919K(13568K)
[2025-12-24T05:40:11.992+0000][1034.996s][info][gc          ] GC(444) Pause Young (Normal) (G1 Evacuation Pause) 459M->140M(544M) 21.602ms
[2025-12-24T05:40:11.992+0000][1034.996s][info][gc,cpu      ] GC(444) User=0.01s Sys=0.00s Real=0.02s
[2025-12-24T05:40:12.767+0000][1035.771s][info][gc,start    ] GC(445) Pause Young (Normal) (G1 Evacuation Pause)
[2025-12-24T05:40:12.768+0000][1035.772s][info][gc,task     ] GC(445) Using 3 workers of 3 for evacuation
[2025-12-24T05:40:12.781+0000][1035.785s][info][gc,phases   ] GC(445)   Pre Evacuate Collection Set: 0.2ms
[2025-12-24T05:40:12.782+0000][1035.786s][info][gc,phases   ] GC(445)   Merge Heap Roots: 0.1ms
[2025-12-24T05:40:12.782+0000][1035.786s][info][gc,phases   ] GC(445)   Evacuate Collection Set: 5.5ms
[2025-12-24T05:40:12.783+0000][1035.787s][info][gc,phases   ] GC(445)   Post Evacuate Collection Set: 7.5ms
[2025-12-24T05:40:12.783+0000][1035.787s][info][gc,phases   ] GC(445)   Other: 0.8ms
[2025-12-24T05:40:12.783+0000][1035.787s][info][gc,heap     ] GC(445) Eden regions: 320->0(320)
[2025-12-24T05:40:12.783+0000][1035.787s][info][gc,heap     ] GC(445) Survivor regions: 6->6(41)
[2025-12-24T05:40:12.783+0000][1035.787s][info][gc,heap     ] GC(445) Old regions: 96->96
[2025-12-24T05:40:12.783+0000][1035.787s][info][gc,heap     ] GC(445) Archive regions: 2->2
[2025-12-24T05:40:12.783+0000][1035.787s][info][gc,heap     ] GC(445) Humongous regions: 38->38
[2025-12-24T05:40:12.783+0000][1035.788s][info][gc,metaspace] GC(445) Metaspace: 98778K(99968K)->98778K(99968K) NonClass: 85859K(86400K)->85859K(86400K) Class: 12919K(13568K)->12919K(13568K)
[2025-12-24T05:40:12.784+0000][1035.788s][info][gc          ] GC(445) Pause Young (Normal) (G1 Evacuation Pause) 460M->140M(544M) 16.573ms
[2025-12-24T05:40:12.784+0000][1035.788s][info][gc,cpu      ] GC(445) User=0.01s Sys=0.00s Real=0.02s
[2025-12-24T05:40:13.416+0000][1036.420s][info][gc,start    ] GC(446) Pause Young (Normal) (G1 Evacuation Pause)
[2025-12-24T05:40:13.417+0000][1036.421s][info][gc,task     ] GC(446) Using 3 workers of 3 for evacuation
[2025-12-24T05:40:13.438+0000][1036.442s][info][gc,phases   ] GC(446)   Pre Evacuate Collection Set: 0.7ms
[2025-12-24T05:40:13.438+0000][1036.442s][info][gc,phases   ] GC(446)   Merge Heap Roots: 0.1ms
[2025-12-24T05:40:13.438+0000][1036.442s][info][gc,phases   ] GC(446)   Evacuate Collection Set: 17.9ms
[2025-12-24T05:40:13.438+0000][1036.443s][info][gc,phases   ] GC(446)   Post Evacuate Collection Set: 1.7ms
[2025-12-24T05:40:13.439+0000][1036.443s][info][gc,phases   ] GC(446)   Other: 1.7ms
[2025-12-24T05:40:13.439+0000][1036.443s][info][gc,heap     ] GC(446) Eden regions: 320->0(316)
[2025-12-24T05:40:13.440+0000][1036.444s][info][gc,heap     ] GC(446) Survivor regions: 6->10(41)
[2025-12-24T05:40:13.440+0000][1036.444s][info][gc,heap     ] GC(446) Old regions: 96->96
[2025-12-24T05:40:13.441+0000][1036.445s][info][gc,heap     ] GC(446) Archive regions: 2->2
[2025-12-24T05:40:13.441+0000][1036.446s][info][gc,heap     ] GC(446) Humongous regions: 38->38
[2025-12-24T05:40:13.442+0000][1036.446s][info][gc,metaspace] GC(446) Metaspace: 98778K(99968K)->98778K(99968K) NonClass: 85859K(86400K)->85859K(86400K) Class: 12919K(13568K)->12919K(13568K)
[2025-12-24T05:40:13.442+0000][1036.446s][info][gc          ] GC(446) Pause Young (Normal) (G1 Evacuation Pause) 460M->144M(544M) 25.681ms
[2025-12-24T05:40:13.442+0000][1036.446s][info][gc,cpu      ] GC(446) User=0.03s Sys=0.00s Real=0.03s
[2025-12-24T05:40:17.147+0000][1040.151s][info][gc,start    ] GC(447) Pause Young (Normal) (G1 Evacuation Pause)
[2025-12-24T05:40:17.147+0000][1040.151s][info][gc,task     ] GC(447) Using 3 workers of 3 for evacuation
[2025-12-24T05:40:17.151+0000][1040.155s][info][gc,phases   ] GC(447)   Pre Evacuate Collection Set: 0.3ms
[2025-12-24T05:40:17.151+0000][1040.155s][info][gc,phases   ] GC(447)   Merge Heap Roots: 0.2ms
[2025-12-24T05:40:17.151+0000][1040.155s][info][gc,phases   ] GC(447)   Evacuate Collection Set: 2.2ms
[2025-12-24T05:40:17.151+0000][1040.155s][info][gc,phases   ] GC(447)   Post Evacuate Collection Set: 0.6ms
[2025-12-24T05:40:17.151+0000][1040.155s][info][gc,phases   ] GC(447)   Other: 0.6ms
[2025-12-24T05:40:17.151+0000][1040.155s][info][gc,heap     ] GC(447) Eden regions: 316->0(320)
[2025-12-24T05:40:17.151+0000][1040.155s][info][gc,heap     ] GC(447) Survivor regions: 10->6(41)
[2025-12-24T05:40:17.151+0000][1040.156s][info][gc,heap     ] GC(447) Old regions: 96->96
[2025-12-24T05:40:17.152+0000][1040.156s][info][gc,heap     ] GC(447) Archive regions: 2->2
[2025-12-24T05:40:17.152+0000][1040.156s][info][gc,heap     ] GC(447) Humongous regions: 38->38
[2025-12-24T05:40:17.152+0000][1040.156s][info][gc,metaspace] GC(447) Metaspace: 98778K(99968K)->98778K(99968K) NonClass: 85859K(86400K)->85859K(86400K) Class: 12919K(13568K)->12919K(13568K)
[2025-12-24T05:40:17.152+0000][1040.156s][info][gc          ] GC(447) Pause Young (Normal) (G1 Evacuation Pause) 460M->139M(544M) 4.785ms
[2025-12-24T05:40:17.152+0000][1040.156s][info][gc,cpu      ] GC(447) User=0.01s Sys=0.00s Real=0.01s
[2025-12-24T05:40:21.429+0000][1044.433s][info][gc,start    ] GC(448) Pause Young (Normal) (G1 Evacuation Pause)
[2025-12-24T05:40:21.430+0000][1044.434s][info][gc,task     ] GC(448) Using 3 workers of 3 for evacuation
[2025-12-24T05:40:21.433+0000][1044.437s][info][gc,phases   ] GC(448)   Pre Evacuate Collection Set: 0.1ms
[2025-12-24T05:40:21.433+0000][1044.437s][info][gc,phases   ] GC(448)   Merge Heap Roots: 0.0ms
[2025-12-24T05:40:21.433+0000][1044.437s][info][gc,phases   ] GC(448)   Evacuate Collection Set: 2.1ms
[2025-12-24T05:40:21.433+0000][1044.437s][info][gc,phases   ] GC(448)   Post Evacuate Collection Set: 0.6ms
[2025-12-24T05:40:21.433+0000][1044.438s][info][gc,phases   ] GC(448)   Other: 0.9ms
[2025-12-24T05:40:21.434+0000][1044.438s][info][gc,heap     ] GC(448) Eden regions: 320->0(321)
[2025-12-24T05:40:21.434+0000][1044.438s][info][gc,heap     ] GC(448) Survivor regions: 6->5(41)
[2025-12-24T05:40:21.434+0000][1044.438s][info][gc,heap     ] GC(448) Old regions: 96->96
[2025-12-24T05:40:21.434+0000][1044.438s][info][gc,heap     ] GC(448) Archive regions: 2->2
[2025-12-24T05:40:21.434+0000][1044.438s][info][gc,heap     ] GC(448) Humongous regions: 38->38
[2025-12-24T05:40:21.434+0000][1044.438s][info][gc,metaspace] GC(448) Metaspace: 98778K(99968K)->98778K(99968K) NonClass: 85859K(86400K)->85859K(86400K) Class: 12919K(13568K)->12919K(13568K)
[2025-12-24T05:40:21.434+0000][1044.438s][info][gc          ] GC(448) Pause Young (Normal) (G1 Evacuation Pause) 459M->139M(544M) 4.747ms
[2025-12-24T05:40:21.434+0000][1044.438s][info][gc,cpu      ] GC(448) User=0.00s Sys=0.00s Real=0.00s
[2025-12-24T05:40:24.159+0000][1047.163s][info][gc,start    ] GC(449) Pause Young (Normal) (G1 Evacuation Pause)
[2025-12-24T05:40:24.159+0000][1047.163s][info][gc,task     ] GC(449) Using 3 workers of 3 for evacuation
[2025-12-24T05:40:24.163+0000][1047.167s][info][gc,phases   ] GC(449)   Pre Evacuate Collection Set: 0.2ms
[2025-12-24T05:40:24.163+0000][1047.168s][info][gc,phases   ] GC(449)   Merge Heap Roots: 0.1ms
[2025-12-24T05:40:24.164+0000][1047.168s][info][gc,phases   ] GC(449)   Evacuate Collection Set: 2.8ms
[2025-12-24T05:40:24.164+0000][1047.168s][info][gc,phases   ] GC(449)   Post Evacuate Collection Set: 0.5ms
[2025-12-24T05:40:24.164+0000][1047.168s][info][gc,phases   ] GC(449)   Other: 0.6ms
[2025-12-24T05:40:24.164+0000][1047.168s][info][gc,heap     ] GC(449) Eden regions: 321->0(321)
[2025-12-24T05:40:24.164+0000][1047.168s][info][gc,heap     ] GC(449) Survivor regions: 5->5(41)
[2025-12-24T05:40:24.164+0000][1047.168s][info][gc,heap     ] GC(449) Old regions: 96->97
[2025-12-24T05:40:24.164+0000][1047.168s][info][gc,heap     ] GC(449) Archive regions: 2->2
[2025-12-24T05:40:24.164+0000][1047.168s][info][gc,heap     ] GC(449) Humongous regions: 38->38
[2025-12-24T05:40:24.164+0000][1047.168s][info][gc,metaspace] GC(449) Metaspace: 98778K(99968K)->98778K(99968K) NonClass: 85859K(86400K)->85859K(86400K) Class: 12919K(13568K)->12919K(13568K)
[2025-12-24T05:40:24.164+0000][1047.168s][info][gc          ] GC(449) Pause Young (Normal) (G1 Evacuation Pause) 460M->140M(544M) 5.152ms
[2025-12-24T05:40:24.165+0000][1047.169s][info][gc,cpu      ] GC(449) User=0.01s Sys=0.00s Real=0.00s
[2025-12-24T05:40:28.449+0000][1051.453s][info][gc,start    ] GC(450) Pause Young (Normal) (G1 Evacuation Pause)
[2025-12-24T05:40:28.449+0000][1051.453s][info][gc,task     ] GC(450) Using 3 workers of 3 for evacuation
[2025-12-24T05:40:28.452+0000][1051.456s][info][gc,phases   ] GC(450)   Pre Evacuate Collection Set: 0.1ms
[2025-12-24T05:40:28.453+0000][1051.457s][info][gc,phases   ] GC(450)   Merge Heap Roots: 0.1ms
[2025-12-24T05:40:28.453+0000][1051.457s][info][gc,phases   ] GC(450)   Evacuate Collection Set: 2.3ms
[2025-12-24T05:40:28.453+0000][1051.457s][info][gc,phases   ] GC(450)   Post Evacuate Collection Set: 0.6ms
[2025-12-24T05:40:28.453+0000][1051.457s][info][gc,phases   ] GC(450)   Other: 0.8ms
[2025-12-24T05:40:28.453+0000][1051.457s][info][gc,heap     ] GC(450) Eden regions: 321->0(322)
[2025-12-24T05:40:28.453+0000][1051.457s][info][gc,heap     ] GC(450) Survivor regions: 5->4(41)
[2025-12-24T05:40:28.453+0000][1051.457s][info][gc,heap     ] GC(450) Old regions: 97->97
[2025-12-24T05:40:28.453+0000][1051.457s][info][gc,heap     ] GC(450) Archive regions: 2->2
[2025-12-24T05:40:28.453+0000][1051.457s][info][gc,heap     ] GC(450) Humongous regions: 38->38
[2025-12-24T05:40:28.453+0000][1051.457s][info][gc,metaspace] GC(450) Metaspace: 98778K(99968K)->98778K(99968K) NonClass: 85859K(86400K)->85859K(86400K) Class: 12919K(13568K)->12919K(13568K)
[2025-12-24T05:40:28.453+0000][1051.457s][info][gc          ] GC(450) Pause Young (Normal) (G1 Evacuation Pause) 461M->139M(544M) 4.575ms
[2025-12-24T05:40:28.453+0000][1051.457s][info][gc,cpu      ] GC(450) User=0.01s Sys=0.01s Real=0.00s
[2025-12-24T05:40:32.667+0000][1055.671s][info][gc,start    ] GC(451) Pause Young (Normal) (G1 Evacuation Pause)
[2025-12-24T05:40:32.667+0000][1055.671s][info][gc,task     ] GC(451) Using 3 workers of 3 for evacuation
[2025-12-24T05:40:32.670+0000][1055.674s][info][gc,phases   ] GC(451)   Pre Evacuate Collection Set: 0.1ms
[2025-12-24T05:40:32.670+0000][1055.674s][info][gc,phases   ] GC(451)   Merge Heap Roots: 0.1ms
[2025-12-24T05:40:32.670+0000][1055.674s][info][gc,phases   ] GC(451)   Evacuate Collection Set: 2.1ms
[2025-12-24T05:40:32.670+0000][1055.674s][info][gc,phases   ] GC(451)   Post Evacuate Collection Set: 0.6ms
[2025-12-24T05:40:32.670+0000][1055.675s][info][gc,phases   ] GC(451)   Other: 0.6ms
[2025-12-24T05:40:32.671+0000][1055.675s][info][gc,heap     ] GC(451) Eden regions: 322->0(321)
[2025-12-24T05:40:32.671+0000][1055.675s][info][gc,heap     ] GC(451) Survivor regions: 4->5(41)
[2025-12-24T05:40:32.671+0000][1055.675s][info][gc,heap     ] GC(451) Old regions: 97->97
[2025-12-24T05:40:32.671+0000][1055.675s][info][gc,heap     ] GC(451) Archive regions: 2->2
[2025-12-24T05:40:32.671+0000][1055.675s][info][gc,heap     ] GC(451) Humongous regions: 38->38
[2025-12-24T05:40:32.671+0000][1055.675s][info][gc,metaspace] GC(451) Metaspace: 98778K(99968K)->98778K(99968K) NonClass: 85859K(86400K)->85859K(86400K) Class: 12919K(13568K)->12919K(13568K)
[2025-12-24T05:40:32.671+0000][1055.675s][info][gc          ] GC(451) Pause Young (Normal) (G1 Evacuation Pause) 461M->139M(544M) 4.263ms
[2025-12-24T05:40:32.671+0000][1055.675s][info][gc,cpu      ] GC(451) User=0.00s Sys=0.00s Real=0.01s
[2025-12-24T05:40:36.788+0000][1059.792s][info][gc,start    ] GC(452) Pause Young (Normal) (G1 Evacuation Pause)
[2025-12-24T05:40:36.789+0000][1059.793s][info][gc,task     ] GC(452) Using 3 workers of 3 for evacuation
[2025-12-24T05:40:36.795+0000][1059.799s][info][gc,phases   ] GC(452)   Pre Evacuate Collection Set: 0.1ms
[2025-12-24T05:40:36.795+0000][1059.799s][info][gc,phases   ] GC(452)   Merge Heap Roots: 0.1ms
[2025-12-24T05:40:36.795+0000][1059.799s][info][gc,phases   ] GC(452)   Evacuate Collection Set: 4.6ms
[2025-12-24T05:40:36.795+0000][1059.799s][info][gc,phases   ] GC(452)   Post Evacuate Collection Set: 1.0ms
[2025-12-24T05:40:36.795+0000][1059.799s][info][gc,phases   ] GC(452)   Other: 1.1ms
[2025-12-24T05:40:36.795+0000][1059.799s][info][gc,heap     ] GC(452) Eden regions: 321->0(322)
[2025-12-24T05:40:36.795+0000][1059.799s][info][gc,heap     ] GC(452) Survivor regions: 5->4(41)
[2025-12-24T05:40:36.795+0000][1059.800s][info][gc,heap     ] GC(452) Old regions: 97->97
[2025-12-24T05:40:36.796+0000][1059.800s][info][gc,heap     ] GC(452) Archive regions: 2->2
[2025-12-24T05:40:36.796+0000][1059.800s][info][gc,heap     ] GC(452) Humongous regions: 38->38
[2025-12-24T05:40:36.796+0000][1059.800s][info][gc,metaspace] GC(452) Metaspace: 98778K(99968K)->98778K(99968K) NonClass: 85859K(86400K)->85859K(86400K) Class: 12919K(13568K)->12919K(13568K)
[2025-12-24T05:40:36.796+0000][1059.800s][info][gc          ] GC(452) Pause Young (Normal) (G1 Evacuation Pause) 460M->139M(544M) 7.465ms
[2025-12-24T05:40:36.796+0000][1059.800s][info][gc,cpu      ] GC(452) User=0.01s Sys=0.00s Real=0.01s
[2025-12-24T05:40:39.491+0000][1062.495s][info][gc,start    ] GC(453) Pause Young (Normal) (G1 Evacuation Pause)
[2025-12-24T05:40:39.491+0000][1062.495s][info][gc,task     ] GC(453) Using 3 workers of 3 for evacuation
[2025-12-24T05:40:39.493+0000][1062.497s][info][gc,phases   ] GC(453)   Pre Evacuate Collection Set: 0.1ms
[2025-12-24T05:40:39.493+0000][1062.497s][info][gc,phases   ] GC(453)   Merge Heap Roots: 0.1ms
[2025-12-24T05:40:39.493+0000][1062.497s][info][gc,phases   ] GC(453)   Evacuate Collection Set: 1.4ms
[2025-12-24T05:40:39.493+0000][1062.497s][info][gc,phases   ] GC(453)   Post Evacuate Collection Set: 0.5ms
[2025-12-24T05:40:39.493+0000][1062.498s][info][gc,phases   ] GC(453)   Other: 0.5ms
[2025-12-24T05:40:39.494+0000][1062.498s][info][gc,heap     ] GC(453) Eden regions: 322->0(322)
[2025-12-24T05:40:39.494+0000][1062.498s][info][gc,heap     ] GC(453) Survivor regions: 4->4(41)
[2025-12-24T05:40:39.494+0000][1062.498s][info][gc,heap     ] GC(453) Old regions: 97->97
[2025-12-24T05:40:39.494+0000][1062.498s][info][gc,heap     ] GC(453) Archive regions: 2->2
[2025-12-24T05:40:39.494+0000][1062.498s][info][gc,heap     ] GC(453) Humongous regions: 38->38
[2025-12-24T05:40:39.494+0000][1062.498s][info][gc,metaspace] GC(453) Metaspace: 98778K(99968K)->98778K(99968K) NonClass: 85859K(86400K)->85859K(86400K) Class: 12919K(13568K)->12919K(13568K)
[2025-12-24T05:40:39.494+0000][1062.498s][info][gc          ] GC(453) Pause Young (Normal) (G1 Evacuation Pause) 461M->139M(544M) 3.550ms
[2025-12-24T05:40:39.494+0000][1062.498s][info][gc,cpu      ] GC(453) User=0.00s Sys=0.00s Real=0.00s
[2025-12-24T05:40:43.806+0000][1066.810s][info][gc,start    ] GC(454) Pause Young (Normal) (G1 Evacuation Pause)
[2025-12-24T05:40:43.806+0000][1066.810s][info][gc,task     ] GC(454) Using 3 workers of 3 for evacuation
[2025-12-24T05:40:43.808+0000][1066.812s][info][gc,phases   ] GC(454)   Pre Evacuate Collection Set: 0.1ms
[2025-12-24T05:40:43.808+0000][1066.813s][info][gc,phases   ] GC(454)   Merge Heap Roots: 0.0ms
[2025-12-24T05:40:43.809+0000][1066.813s][info][gc,phases   ] GC(454)   Evacuate Collection Set: 1.2ms
[2025-12-24T05:40:43.809+0000][1066.813s][info][gc,phases   ] GC(454)   Post Evacuate Collection Set: 0.4ms
[2025-12-24T05:40:43.809+0000][1066.813s][info][gc,phases   ] GC(454)   Other: 0.6ms
[2025-12-24T05:40:43.809+0000][1066.813s][info][gc,heap     ] GC(454) Eden regions: 322->0(322)
[2025-12-24T05:40:43.809+0000][1066.813s][info][gc,heap     ] GC(454) Survivor regions: 4->4(41)
[2025-12-24T05:40:43.809+0000][1066.813s][info][gc,heap     ] GC(454) Old regions: 97->97
[2025-12-24T05:40:43.809+0000][1066.813s][info][gc,heap     ] GC(454) Archive regions: 2->2
[2025-12-24T05:40:43.809+0000][1066.813s][info][gc,heap     ] GC(454) Humongous regions: 38->38
[2025-12-24T05:40:43.809+0000][1066.813s][info][gc,metaspace] GC(454) Metaspace: 98778K(99968K)->98778K(99968K) NonClass: 85859K(86400K)->85859K(86400K) Class: 12919K(13568K)->12919K(13568K)
[2025-12-24T05:40:43.809+0000][1066.813s][info][gc          ] GC(454) Pause Young (Normal) (G1 Evacuation Pause) 461M->139M(544M) 3.187ms
[2025-12-24T05:40:43.809+0000][1066.813s][info][gc,cpu      ] GC(454) User=0.00s Sys=0.00s Real=0.01s
[2025-12-24T05:40:48.017+0000][1071.021s][info][gc,start    ] GC(455) Pause Young (Normal) (G1 Evacuation Pause)
[2025-12-24T05:40:48.017+0000][1071.021s][info][gc,task     ] GC(455) Using 3 workers of 3 for evacuation
[2025-12-24T05:40:48.020+0000][1071.024s][info][gc,phases   ] GC(455)   Pre Evacuate Collection Set: 0.1ms
[2025-12-24T05:40:48.020+0000][1071.024s][info][gc,phases   ] GC(455)   Merge Heap Roots: 0.1ms
[2025-12-24T05:40:48.020+0000][1071.024s][info][gc,phases   ] GC(455)   Evacuate Collection Set: 2.0ms
[2025-12-24T05:40:48.020+0000][1071.024s][info][gc,phases   ] GC(455)   Post Evacuate Collection Set: 0.5ms
[2025-12-24T05:40:48.020+0000][1071.024s][info][gc,phases   ] GC(455)   Other: 0.6ms
[2025-12-24T05:40:48.020+0000][1071.024s][info][gc,heap     ] GC(455) Eden regions: 322->0(322)
[2025-12-24T05:40:48.020+0000][1071.025s][info][gc,heap     ] GC(455) Survivor regions: 4->4(41)
[2025-12-24T05:40:48.021+0000][1071.025s][info][gc,heap     ] GC(455) Old regions: 97->97
[2025-12-24T05:40:48.021+0000][1071.025s][info][gc,heap     ] GC(455) Archive regions: 2->2
[2025-12-24T05:40:48.021+0000][1071.025s][info][gc,heap     ] GC(455) Humongous regions: 38->38
[2025-12-24T05:40:48.021+0000][1071.025s][info][gc,metaspace] GC(455) Metaspace: 98778K(99968K)->98778K(99968K) NonClass: 85859K(86400K)->85859K(86400K) Class: 12919K(13568K)->12919K(13568K)
[2025-12-24T05:40:48.021+0000][1071.025s][info][gc          ] GC(455) Pause Young (Normal) (G1 Evacuation Pause) 461M->139M(544M) 4.362ms
[2025-12-24T05:40:48.021+0000][1071.025s][info][gc,cpu      ] GC(455) User=0.00s Sys=0.00s Real=0.01s
[2025-12-24T05:40:51.789+0000][1074.793s][info][gc,start    ] GC(456) Pause Young (Normal) (G1 Evacuation Pause)
[2025-12-24T05:40:51.790+0000][1074.794s][info][gc,task     ] GC(456) Using 3 workers of 3 for evacuation
[2025-12-24T05:40:51.793+0000][1074.797s][info][gc,phases   ] GC(456)   Pre Evacuate Collection Set: 0.1ms
[2025-12-24T05:40:51.793+0000][1074.797s][info][gc,phases   ] GC(456)   Merge Heap Roots: 0.1ms
[2025-12-24T05:40:51.793+0000][1074.797s][info][gc,phases   ] GC(456)   Evacuate Collection Set: 2.2ms
[2025-12-24T05:40:51.793+0000][1074.797s][info][gc,phases   ] GC(456)   Post Evacuate Collection Set: 0.5ms
[2025-12-24T05:40:51.793+0000][1074.797s][info][gc,phases   ] GC(456)   Other: 0.6ms
[2025-12-24T05:40:51.793+0000][1074.797s][info][gc,heap     ] GC(456) Eden regions: 322->0(323)
[2025-12-24T05:40:51.793+0000][1074.797s][info][gc,heap     ] GC(456) Survivor regions: 4->3(41)
[2025-12-24T05:40:51.793+0000][1074.797s][info][gc,heap     ] GC(456) Old regions: 97->98
[2025-12-24T05:40:51.793+0000][1074.797s][info][gc,heap     ] GC(456) Archive regions: 2->2
[2025-12-24T05:40:51.793+0000][1074.798s][info][gc,heap     ] GC(456) Humongous regions: 38->38
[2025-12-24T05:40:51.793+0000][1074.798s][info][gc,metaspace] GC(456) Metaspace: 98778K(99968K)->98778K(99968K) NonClass: 85859K(86400K)->85859K(86400K) Class: 12919K(13568K)->12919K(13568K)
[2025-12-24T05:40:51.794+0000][1074.798s][info][gc          ] GC(456) Pause Young (Normal) (G1 Evacuation Pause) 461M->139M(544M) 4.260ms
[2025-12-24T05:40:51.794+0000][1074.798s][info][gc,cpu      ] GC(456) User=0.00s Sys=0.00s Real=0.00s
[2025-12-24T05:40:54.885+0000][1077.889s][info][gc,start    ] GC(457) Pause Young (Normal) (G1 Evacuation Pause)
[2025-12-24T05:40:54.885+0000][1077.889s][info][gc,task     ] GC(457) Using 3 workers of 3 for evacuation
[2025-12-24T05:40:54.887+0000][1077.891s][info][gc,phases   ] GC(457)   Pre Evacuate Collection Set: 0.1ms
[2025-12-24T05:40:54.887+0000][1077.891s][info][gc,phases   ] GC(457)   Merge Heap Roots: 0.1ms
[2025-12-24T05:40:54.887+0000][1077.892s][info][gc,phases   ] GC(457)   Evacuate Collection Set: 1.4ms
[2025-12-24T05:40:54.888+0000][1077.892s][info][gc,phases   ] GC(457)   Post Evacuate Collection Set: 0.5ms
[2025-12-24T05:40:54.888+0000][1077.892s][info][gc,phases   ] GC(457)   Other: 0.5ms
[2025-12-24T05:40:54.888+0000][1077.892s][info][gc,heap     ] GC(457) Eden regions: 323->0(323)
[2025-12-24T05:40:54.888+0000][1077.892s][info][gc,heap     ] GC(457) Survivor regions: 3->3(41)
[2025-12-24T05:40:54.888+0000][1077.892s][info][gc,heap     ] GC(457) Old regions: 98->98
[2025-12-24T05:40:54.888+0000][1077.892s][info][gc,heap     ] GC(457) Archive regions: 2->2
[2025-12-24T05:40:54.888+0000][1077.892s][info][gc,heap     ] GC(457) Humongous regions: 38->38
[2025-12-24T05:40:54.888+0000][1077.892s][info][gc,metaspace] GC(457) Metaspace: 98778K(99968K)->98778K(99968K) NonClass: 85859K(86400K)->85859K(86400K) Class: 12919K(13568K)->12919K(13568K)
[2025-12-24T05:40:54.888+0000][1077.892s][info][gc          ] GC(457) Pause Young (Normal) (G1 Evacuation Pause) 462M->139M(544M) 3.472ms
[2025-12-24T05:40:54.888+0000][1077.893s][info][gc,cpu      ] GC(457) User=0.01s Sys=0.00s Real=0.00s
[2025-12-24T05:40:59.157+0000][1082.161s][info][gc,start    ] GC(458) Pause Young (Normal) (G1 Evacuation Pause)
[2025-12-24T05:40:59.157+0000][1082.161s][info][gc,task     ] GC(458) Using 3 workers of 3 for evacuation
[2025-12-24T05:40:59.161+0000][1082.165s][info][gc,phases   ] GC(458)   Pre Evacuate Collection Set: 0.1ms
[2025-12-24T05:40:59.161+0000][1082.165s][info][gc,phases   ] GC(458)   Merge Heap Roots: 0.1ms
[2025-12-24T05:40:59.161+0000][1082.166s][info][gc,phases   ] GC(458)   Evacuate Collection Set: 2.8ms
[2025-12-24T05:40:59.162+0000][1082.166s][info][gc,phases   ] GC(458)   Post Evacuate Collection Set: 0.7ms
[2025-12-24T05:40:59.162+0000][1082.166s][info][gc,phases   ] GC(458)   Other: 0.6ms
[2025-12-24T05:40:59.162+0000][1082.166s][info][gc,heap     ] GC(458) Eden regions: 323->0(323)
[2025-12-24T05:40:59.162+0000][1082.166s][info][gc,heap     ] GC(458) Survivor regions: 3->3(41)
[2025-12-24T05:40:59.162+0000][1082.166s][info][gc,heap     ] GC(458) Old regions: 98->99
[2025-12-24T05:40:59.162+0000][1082.166s][info][gc,heap     ] GC(458) Archive regions: 2->2
[2025-12-24T05:40:59.162+0000][1082.166s][info][gc,heap     ] GC(458) Humongous regions: 38->38
[2025-12-24T05:40:59.162+0000][1082.167s][info][gc,metaspace] GC(458) Metaspace: 98780K(99968K)->98780K(99968K) NonClass: 85861K(86400K)->85861K(86400K) Class: 12919K(13568K)->12919K(13568K)
[2025-12-24T05:40:59.163+0000][1082.167s][info][gc          ] GC(458) Pause Young (Normal) (G1 Evacuation Pause) 462M->140M(544M) 5.853ms
[2025-12-24T05:40:59.163+0000][1082.167s][info][gc,cpu      ] GC(458) User=0.01s Sys=0.00s Real=0.01s
[2025-12-24T05:41:03.478+0000][1086.482s][info][gc,start    ] GC(459) Pause Young (Normal) (G1 Evacuation Pause)
[2025-12-24T05:41:03.479+0000][1086.483s][info][gc,task     ] GC(459) Using 3 workers of 3 for evacuation
[2025-12-24T05:41:03.481+0000][1086.485s][info][gc,phases   ] GC(459)   Pre Evacuate Collection Set: 0.1ms
[2025-12-24T05:41:03.481+0000][1086.485s][info][gc,phases   ] GC(459)   Merge Heap Roots: 0.1ms
[2025-12-24T05:41:03.481+0000][1086.485s][info][gc,phases   ] GC(459)   Evacuate Collection Set: 1.3ms
[2025-12-24T05:41:03.481+0000][1086.485s][info][gc,phases   ] GC(459)   Post Evacuate Collection Set: 0.4ms
[2025-12-24T05:41:03.481+0000][1086.485s][info][gc,phases   ] GC(459)   Other: 0.7ms
[2025-12-24T05:41:03.481+0000][1086.485s][info][gc,heap     ] GC(459) Eden regions: 323->0(323)
[2025-12-24T05:41:03.481+0000][1086.485s][info][gc,heap     ] GC(459) Survivor regions: 3->3(41)
[2025-12-24T05:41:03.481+0000][1086.485s][info][gc,heap     ] GC(459) Old regions: 99->99
[2025-12-24T05:41:03.481+0000][1086.485s][info][gc,heap     ] GC(459) Archive regions: 2->2
[2025-12-24T05:41:03.481+0000][1086.485s][info][gc,heap     ] GC(459) Humongous regions: 38->38
[2025-12-24T05:41:03.481+0000][1086.486s][info][gc,metaspace] GC(459) Metaspace: 98780K(99968K)->98780K(99968K) NonClass: 85861K(86400K)->85861K(86400K) Class: 12919K(13568K)->12919K(13568K)
[2025-12-24T05:41:03.481+0000][1086.486s][info][gc          ] GC(459) Pause Young (Normal) (G1 Evacuation Pause) 463M->139M(544M) 3.431ms
[2025-12-24T05:41:03.482+0000][1086.486s][info][gc,cpu      ] GC(459) User=0.01s Sys=0.00s Real=0.01s
[2025-12-24T05:41:06.793+0000][1089.797s][info][gc,start    ] GC(460) Pause Young (Normal) (G1 Evacuation Pause)
[2025-12-24T05:41:06.793+0000][1089.797s][info][gc,task     ] GC(460) Using 3 workers of 3 for evacuation
[2025-12-24T05:41:06.795+0000][1089.799s][info][gc,phases   ] GC(460)   Pre Evacuate Collection Set: 0.1ms
[2025-12-24T05:41:06.795+0000][1089.799s][info][gc,phases   ] GC(460)   Merge Heap Roots: 0.1ms
[2025-12-24T05:41:06.795+0000][1089.800s][info][gc,phases   ] GC(460)   Evacuate Collection Set: 1.3ms
[2025-12-24T05:41:06.796+0000][1089.800s][info][gc,phases   ] GC(460)   Post Evacuate Collection Set: 0.5ms
[2025-12-24T05:41:06.796+0000][1089.800s][info][gc,phases   ] GC(460)   Other: 0.6ms
[2025-12-24T05:41:06.796+0000][1089.800s][info][gc,heap     ] GC(460) Eden regions: 323->0(323)
[2025-12-24T05:41:06.796+0000][1089.800s][info][gc,heap     ] GC(460) Survivor regions: 3->3(41)
[2025-12-24T05:41:06.796+0000][1089.800s][info][gc,heap     ] GC(460) Old regions: 99->99
[2025-12-24T05:41:06.796+0000][1089.800s][info][gc,heap     ] GC(460) Archive regions: 2->2
[2025-12-24T05:41:06.796+0000][1089.800s][info][gc,heap     ] GC(460) Humongous regions: 38->38
[2025-12-24T05:41:06.796+0000][1089.800s][info][gc,metaspace] GC(460) Metaspace: 98780K(99968K)->98780K(99968K) NonClass: 85861K(86400K)->85861K(86400K) Class: 12919K(13568K)->12919K(13568K)
[2025-12-24T05:41:06.796+0000][1089.800s][info][gc          ] GC(460) Pause Young (Normal) (G1 Evacuation Pause) 462M->139M(544M) 3.547ms
[2025-12-24T05:41:06.797+0000][1089.801s][info][gc,cpu      ] GC(460) User=0.01s Sys=0.00s Real=0.00s
[2025-12-24T05:41:10.310+0000][1093.314s][info][gc,start    ] GC(461) Pause Young (Normal) (G1 Evacuation Pause)
[2025-12-24T05:41:10.311+0000][1093.315s][info][gc,task     ] GC(461) Using 3 workers of 3 for evacuation
[2025-12-24T05:41:10.314+0000][1093.318s][info][gc,phases   ] GC(461)   Pre Evacuate Collection Set: 0.1ms
[2025-12-24T05:41:10.314+0000][1093.318s][info][gc,phases   ] GC(461)   Merge Heap Roots: 0.1ms
[2025-12-24T05:41:10.314+0000][1093.318s][info][gc,phases   ] GC(461)   Evacuate Collection Set: 1.7ms
[2025-12-24T05:41:10.314+0000][1093.318s][info][gc,phases   ] GC(461)   Post Evacuate Collection Set: 0.5ms
[2025-12-24T05:41:10.314+0000][1093.318s][info][gc,phases   ] GC(461)   Other: 1.4ms
[2025-12-24T05:41:10.314+0000][1093.318s][info][gc,heap     ] GC(461) Eden regions: 323->0(324)
[2025-12-24T05:41:10.314+0000][1093.318s][info][gc,heap     ] GC(461) Survivor regions: 3->2(41)
[2025-12-24T05:41:10.314+0000][1093.319s][info][gc,heap     ] GC(461) Old regions: 99->100
[2025-12-24T05:41:10.315+0000][1093.319s][info][gc,heap     ] GC(461) Archive regions: 2->2
[2025-12-24T05:41:10.315+0000][1093.319s][info][gc,heap     ] GC(461) Humongous regions: 38->38
[2025-12-24T05:41:10.315+0000][1093.319s][info][gc,metaspace] GC(461) Metaspace: 98788K(99968K)->98788K(99968K) NonClass: 85869K(86400K)->85869K(86400K) Class: 12919K(13568K)->12919K(13568K)
[2025-12-24T05:41:10.315+0000][1093.319s][info][gc          ] GC(461) Pause Young (Normal) (G1 Evacuation Pause) 462M->139M(544M) 4.781ms
[2025-12-24T05:41:10.315+0000][1093.319s][info][gc,cpu      ] GC(461) User=0.00s Sys=0.00s Real=0.00s
[2025-12-24T05:41:14.640+0000][1097.644s][info][gc,start    ] GC(462) Pause Young (Normal) (G1 Evacuation Pause)
[2025-12-24T05:41:14.640+0000][1097.644s][info][gc,task     ] GC(462) Using 3 workers of 3 for evacuation
[2025-12-24T05:41:14.642+0000][1097.646s][info][gc,phases   ] GC(462)   Pre Evacuate Collection Set: 0.1ms
[2025-12-24T05:41:14.642+0000][1097.646s][info][gc,phases   ] GC(462)   Merge Heap Roots: 0.1ms
[2025-12-24T05:41:14.642+0000][1097.646s][info][gc,phases   ] GC(462)   Evacuate Collection Set: 1.2ms
[2025-12-24T05:41:14.642+0000][1097.646s][info][gc,phases   ] GC(462)   Post Evacuate Collection Set: 0.4ms
[2025-12-24T05:41:14.642+0000][1097.646s][info][gc,phases   ] GC(462)   Other: 0.5ms
[2025-12-24T05:41:14.642+0000][1097.646s][info][gc,heap     ] GC(462) Eden regions: 324->0(325)
[2025-12-24T05:41:14.642+0000][1097.647s][info][gc,heap     ] GC(462) Survivor regions: 2->1(41)
[2025-12-24T05:41:14.642+0000][1097.647s][info][gc,heap     ] GC(462) Old regions: 100->101
[2025-12-24T05:41:14.643+0000][1097.647s][info][gc,heap     ] GC(462) Archive regions: 2->2
[2025-12-24T05:41:14.643+0000][1097.647s][info][gc,heap     ] GC(462) Humongous regions: 38->38
[2025-12-24T05:41:14.643+0000][1097.647s][info][gc,metaspace] GC(462) Metaspace: 98791K(99968K)->98791K(99968K) NonClass: 85872K(86400K)->85872K(86400K) Class: 12919K(13568K)->12919K(13568K)
[2025-12-24T05:41:14.643+0000][1097.647s][info][gc          ] GC(462) Pause Young (Normal) (G1 Evacuation Pause) 463M->139M(544M) 2.848ms
[2025-12-24T05:41:14.643+0000][1097.647s][info][gc,cpu      ] GC(462) User=0.01s Sys=0.00s Real=0.00s
[2025-12-24T05:41:18.990+0000][1101.994s][info][gc,start    ] GC(463) Pause Young (Normal) (G1 Evacuation Pause)
[2025-12-24T05:41:18.990+0000][1101.994s][info][gc,task     ] GC(463) Using 3 workers of 3 for evacuation
[2025-12-24T05:41:18.992+0000][1101.996s][info][gc,phases   ] GC(463)   Pre Evacuate Collection Set: 0.1ms
[2025-12-24T05:41:18.992+0000][1101.996s][info][gc,phases   ] GC(463)   Merge Heap Roots: 0.1ms
[2025-12-24T05:41:18.992+0000][1101.996s][info][gc,phases   ] GC(463)   Evacuate Collection Set: 1.0ms
[2025-12-24T05:41:18.992+0000][1101.996s][info][gc,phases   ] GC(463)   Post Evacuate Collection Set: 0.4ms
[2025-12-24T05:41:18.992+0000][1101.996s][info][gc,phases   ] GC(463)   Other: 0.5ms
[2025-12-24T05:41:18.992+0000][1101.996s][info][gc,heap     ] GC(463) Eden regions: 325->0(325)
[2025-12-24T05:41:18.992+0000][1101.996s][info][gc,heap     ] GC(463) Survivor regions: 1->1(41)
[2025-12-24T05:41:18.992+0000][1101.996s][info][gc,heap     ] GC(463) Old regions: 101->101
[2025-12-24T05:41:18.992+0000][1101.996s][info][gc,heap     ] GC(463) Archive regions: 2->2
[2025-12-24T05:41:18.992+0000][1101.996s][info][gc,heap     ] GC(463) Humongous regions: 38->38
[2025-12-24T05:41:18.992+0000][1101.997s][info][gc,metaspace] GC(463) Metaspace: 98791K(99968K)->98791K(99968K) NonClass: 85872K(86400K)->85872K(86400K) Class: 12919K(13568K)->12919K(13568K)
[2025-12-24T05:41:18.993+0000][1101.997s][info][gc          ] GC(463) Pause Young (Normal) (G1 Evacuation Pause) 464M->139M(544M) 2.644ms
[2025-12-24T05:41:18.993+0000][1101.997s][info][gc,cpu      ] GC(463) User=0.01s Sys=0.00s Real=0.00s
[2025-12-24T05:41:21.803+0000][1104.807s][info][gc,start    ] GC(464) Pause Young (Normal) (G1 Evacuation Pause)
[2025-12-24T05:41:21.803+0000][1104.807s][info][gc,task     ] GC(464) Using 3 workers of 3 for evacuation
[2025-12-24T05:41:21.806+0000][1104.810s][info][gc,phases   ] GC(464)   Pre Evacuate Collection Set: 0.2ms
[2025-12-24T05:41:21.806+0000][1104.810s][info][gc,phases   ] GC(464)   Merge Heap Roots: 0.1ms
[2025-12-24T05:41:21.806+0000][1104.810s][info][gc,phases   ] GC(464)   Evacuate Collection Set: 2.0ms
[2025-12-24T05:41:21.806+0000][1104.810s][info][gc,phases   ] GC(464)   Post Evacuate Collection Set: 0.4ms
[2025-12-24T05:41:21.806+0000][1104.810s][info][gc,phases   ] GC(464)   Other: 0.7ms
[2025-12-24T05:41:21.806+0000][1104.810s][info][gc,heap     ] GC(464) Eden regions: 325->0(325)
[2025-12-24T05:41:21.806+0000][1104.810s][info][gc,heap     ] GC(464) Survivor regions: 1->1(41)
[2025-12-24T05:41:21.806+0000][1104.810s][info][gc,heap     ] GC(464) Old regions: 101->101
[2025-12-24T05:41:21.806+0000][1104.810s][info][gc,heap     ] GC(464) Archive regions: 2->2
[2025-12-24T05:41:21.806+0000][1104.811s][info][gc,heap     ] GC(464) Humongous regions: 38->38
[2025-12-24T05:41:21.806+0000][1104.811s][info][gc,metaspace] GC(464) Metaspace: 98797K(99968K)->98797K(99968K) NonClass: 85878K(86400K)->85878K(86400K) Class: 12919K(13568K)->12919K(13568K)
[2025-12-24T05:41:21.807+0000][1104.811s][info][gc          ] GC(464) Pause Young (Normal) (G1 Evacuation Pause) 464M->139M(544M) 3.814ms
[2025-12-24T05:41:21.807+0000][1104.811s][info][gc,cpu      ] GC(464) User=0.00s Sys=0.00s Real=0.00s
[2025-12-24T05:41:26.013+0000][1109.017s][info][gc,start    ] GC(465) Pause Young (Normal) (G1 Evacuation Pause)
[2025-12-24T05:41:26.014+0000][1109.018s][info][gc,task     ] GC(465) Using 3 workers of 3 for evacuation
[2025-12-24T05:41:26.016+0000][1109.021s][info][gc,phases   ] GC(465)   Pre Evacuate Collection Set: 0.2ms
[2025-12-24T05:41:26.017+0000][1109.021s][info][gc,phases   ] GC(465)   Merge Heap Roots: 0.1ms
[2025-12-24T05:41:26.017+0000][1109.021s][info][gc,phases   ] GC(465)   Evacuate Collection Set: 1.7ms
[2025-12-24T05:41:26.017+0000][1109.021s][info][gc,phases   ] GC(465)   Post Evacuate Collection Set: 0.5ms
[2025-12-24T05:41:26.017+0000][1109.021s][info][gc,phases   ] GC(465)   Other: 0.9ms
[2025-12-24T05:41:26.017+0000][1109.021s][info][gc,heap     ] GC(465) Eden regions: 325->0(325)
[2025-12-24T05:41:26.017+0000][1109.021s][info][gc,heap     ] GC(465) Survivor regions: 1->1(41)
[2025-12-24T05:41:26.017+0000][1109.021s][info][gc,heap     ] GC(465) Old regions: 101->101
[2025-12-24T05:41:26.017+0000][1109.021s][info][gc,heap     ] GC(465) Archive regions: 2->2
[2025-12-24T05:41:26.017+0000][1109.021s][info][gc,heap     ] GC(465) Humongous regions: 38->38
[2025-12-24T05:41:26.017+0000][1109.021s][info][gc,metaspace] GC(465) Metaspace: 98797K(99968K)->98797K(99968K) NonClass: 85878K(86400K)->85878K(86400K) Class: 12919K(13568K)->12919K(13568K)
[2025-12-24T05:41:26.018+0000][1109.022s][info][gc          ] GC(465) Pause Young (Normal) (G1 Evacuation Pause) 464M->139M(544M) 4.280ms
[2025-12-24T05:41:26.018+0000][1109.022s][info][gc,cpu      ] GC(465) User=0.00s Sys=0.00s Real=0.00s
[2025-12-24T05:41:30.270+0000][1113.275s][info][gc,start    ] GC(466) Pause Young (Normal) (G1 Evacuation Pause)
[2025-12-24T05:41:30.271+0000][1113.275s][info][gc,task     ] GC(466) Using 3 workers of 3 for evacuation
[2025-12-24T05:41:30.274+0000][1113.278s][info][gc,phases   ] GC(466)   Pre Evacuate Collection Set: 0.1ms
[2025-12-24T05:41:30.274+0000][1113.278s][info][gc,phases   ] GC(466)   Merge Heap Roots: 0.1ms
[2025-12-24T05:41:30.274+0000][1113.278s][info][gc,phases   ] GC(466)   Evacuate Collection Set: 1.7ms
[2025-12-24T05:41:30.274+0000][1113.278s][info][gc,phases   ] GC(466)   Post Evacuate Collection Set: 0.5ms
[2025-12-24T05:41:30.274+0000][1113.278s][info][gc,phases   ] GC(466)   Other: 0.8ms
[2025-12-24T05:41:30.274+0000][1113.278s][info][gc,heap     ] GC(466) Eden regions: 325->0(325)
[2025-12-24T05:41:30.274+0000][1113.278s][info][gc,heap     ] GC(466) Survivor regions: 1->1(41)
[2025-12-24T05:41:30.274+0000][1113.278s][info][gc,heap     ] GC(466) Old regions: 101->101
[2025-12-24T05:41:30.274+0000][1113.278s][info][gc,heap     ] GC(466) Archive regions: 2->2
[2025-12-24T05:41:30.274+0000][1113.278s][info][gc,heap     ] GC(466) Humongous regions: 38->38
[2025-12-24T05:41:30.274+0000][1113.278s][info][gc,metaspace] GC(466) Metaspace: 98797K(99968K)->98797K(99968K) NonClass: 85878K(86400K)->85878K(86400K) Class: 12919K(13568K)->12919K(13568K)
[2025-12-24T05:41:30.274+0000][1113.279s][info][gc          ] GC(466) Pause Young (Normal) (G1 Evacuation Pause) 464M->139M(544M) 3.957ms
[2025-12-24T05:41:30.275+0000][1113.279s][info][gc,cpu      ] GC(466) User=0.00s Sys=0.00s Real=0.00s
[2025-12-24T05:41:34.464+0000][1117.468s][info][gc,start    ] GC(467) Pause Young (Normal) (G1 Evacuation Pause)
[2025-12-24T05:41:34.464+0000][1117.468s][info][gc,task     ] GC(467) Using 3 workers of 3 for evacuation
[2025-12-24T05:41:34.466+0000][1117.470s][info][gc,phases   ] GC(467)   Pre Evacuate Collection Set: 0.1ms
[2025-12-24T05:41:34.466+0000][1117.470s][info][gc,phases   ] GC(467)   Merge Heap Roots: 0.1ms
[2025-12-24T05:41:34.466+0000][1117.470s][info][gc,phases   ] GC(467)   Evacuate Collection Set: 1.1ms
[2025-12-24T05:41:34.466+0000][1117.470s][info][gc,phases   ] GC(467)   Post Evacuate Collection Set: 0.4ms
[2025-12-24T05:41:34.466+0000][1117.470s][info][gc,phases   ] GC(467)   Other: 0.5ms
[2025-12-24T05:41:34.466+0000][1117.470s][info][gc,heap     ] GC(467) Eden regions: 325->0(325)
[2025-12-24T05:41:34.466+0000][1117.470s][info][gc,heap     ] GC(467) Survivor regions: 1->1(41)
[2025-12-24T05:41:34.466+0000][1117.470s][info][gc,heap     ] GC(467) Old regions: 101->101
[2025-12-24T05:41:34.466+0000][1117.471s][info][gc,heap     ] GC(467) Archive regions: 2->2
[2025-12-24T05:41:34.466+0000][1117.471s][info][gc,heap     ] GC(467) Humongous regions: 38->38
[2025-12-24T05:41:34.467+0000][1117.471s][info][gc,metaspace] GC(467) Metaspace: 98797K(99968K)->98797K(99968K) NonClass: 85878K(86400K)->85878K(86400K) Class: 12919K(13568K)->12919K(13568K)
[2025-12-24T05:41:34.467+0000][1117.471s][info][gc          ] GC(467) Pause Young (Normal) (G1 Evacuation Pause) 464M->139M(544M) 2.760ms
[2025-12-24T05:41:34.467+0000][1117.471s][info][gc,cpu      ] GC(467) User=0.00s Sys=0.00s Real=0.00s
[2025-12-24T05:41:37.350+0000][1120.354s][info][gc,start    ] GC(468) Pause Young (Normal) (G1 Evacuation Pause)
[2025-12-24T05:41:37.351+0000][1120.355s][info][gc,task     ] GC(468) Using 3 workers of 3 for evacuation
[2025-12-24T05:41:37.352+0000][1120.356s][info][gc,phases   ] GC(468)   Pre Evacuate Collection Set: 0.1ms
[2025-12-24T05:41:37.352+0000][1120.356s][info][gc,phases   ] GC(468)   Merge Heap Roots: 0.1ms
[2025-12-24T05:41:37.352+0000][1120.357s][info][gc,phases   ] GC(468)   Evacuate Collection Set: 1.0ms
[2025-12-24T05:41:37.352+0000][1120.357s][info][gc,phases   ] GC(468)   Post Evacuate Collection Set: 0.4ms
[2025-12-24T05:41:37.353+0000][1120.357s][info][gc,phases   ] GC(468)   Other: 1.2ms
[2025-12-24T05:41:37.353+0000][1120.357s][info][gc,heap     ] GC(468) Eden regions: 325->0(325)
[2025-12-24T05:41:37.353+0000][1120.357s][info][gc,heap     ] GC(468) Survivor regions: 1->1(41)
[2025-12-24T05:41:37.353+0000][1120.357s][info][gc,heap     ] GC(468) Old regions: 101->101
[2025-12-24T05:41:37.353+0000][1120.357s][info][gc,heap     ] GC(468) Archive regions: 2->2
[2025-12-24T05:41:37.353+0000][1120.357s][info][gc,heap     ] GC(468) Humongous regions: 38->38
[2025-12-24T05:41:37.353+0000][1120.357s][info][gc,metaspace] GC(468) Metaspace: 98798K(99968K)->98798K(99968K) NonClass: 85879K(86400K)->85879K(86400K) Class: 12919K(13568K)->12919K(13568K)
[2025-12-24T05:41:37.353+0000][1120.357s][info][gc          ] GC(468) Pause Young (Normal) (G1 Evacuation Pause) 464M->139M(544M) 3.349ms
[2025-12-24T05:41:37.353+0000][1120.357s][info][gc,cpu      ] GC(468) User=0.01s Sys=0.01s Real=0.00s
[2025-12-24T05:41:41.582+0000][1124.586s][info][gc,start    ] GC(469) Pause Young (Normal) (G1 Evacuation Pause)
[2025-12-24T05:41:41.582+0000][1124.586s][info][gc,task     ] GC(469) Using 3 workers of 3 for evacuation
[2025-12-24T05:41:41.585+0000][1124.589s][info][gc,phases   ] GC(469)   Pre Evacuate Collection Set: 0.1ms
[2025-12-24T05:41:41.585+0000][1124.589s][info][gc,phases   ] GC(469)   Merge Heap Roots: 0.1ms
[2025-12-24T05:41:41.585+0000][1124.589s][info][gc,phases   ] GC(469)   Evacuate Collection Set: 1.5ms
[2025-12-24T05:41:41.585+0000][1124.589s][info][gc,phases   ] GC(469)   Post Evacuate Collection Set: 0.5ms
[2025-12-24T05:41:41.585+0000][1124.589s][info][gc,phases   ] GC(469)   Other: 0.5ms
[2025-12-24T05:41:41.585+0000][1124.589s][info][gc,heap     ] GC(469) Eden regions: 325->0(325)
[2025-12-24T05:41:41.585+0000][1124.589s][info][gc,heap     ] GC(469) Survivor regions: 1->1(41)
[2025-12-24T05:41:41.585+0000][1124.590s][info][gc,heap     ] GC(469) Old regions: 101->101
[2025-12-24T05:41:41.585+0000][1124.590s][info][gc,heap     ] GC(469) Archive regions: 2->2
[2025-12-24T05:41:41.586+0000][1124.590s][info][gc,heap     ] GC(469) Humongous regions: 38->38
[2025-12-24T05:41:41.586+0000][1124.590s][info][gc,metaspace] GC(469) Metaspace: 98798K(99968K)->98798K(99968K) NonClass: 85879K(86400K)->85879K(86400K) Class: 12919K(13568K)->12919K(13568K)
[2025-12-24T05:41:41.586+0000][1124.590s][info][gc          ] GC(469) Pause Young (Normal) (G1 Evacuation Pause) 464M->139M(544M) 3.635ms
[2025-12-24T05:41:41.586+0000][1124.590s][info][gc,cpu      ] GC(469) User=0.01s Sys=0.00s Real=0.00s
[2025-12-24T05:41:46.309+0000][1129.313s][info][gc,start    ] GC(470) Pause Young (Normal) (G1 Evacuation Pause)
[2025-12-24T05:41:46.309+0000][1129.313s][info][gc,task     ] GC(470) Using 3 workers of 3 for evacuation
[2025-12-24T05:41:46.315+0000][1129.319s][info][gc,phases   ] GC(470)   Pre Evacuate Collection Set: 0.1ms
[2025-12-24T05:41:46.315+0000][1129.319s][info][gc,phases   ] GC(470)   Merge Heap Roots: 0.1ms
[2025-12-24T05:41:46.315+0000][1129.319s][info][gc,phases   ] GC(470)   Evacuate Collection Set: 4.3ms
[2025-12-24T05:41:46.315+0000][1129.319s][info][gc,phases   ] GC(470)   Post Evacuate Collection Set: 0.5ms
[2025-12-24T05:41:46.315+0000][1129.319s][info][gc,phases   ] GC(470)   Other: 0.9ms
[2025-12-24T05:41:46.315+0000][1129.319s][info][gc,heap     ] GC(470) Eden regions: 325->0(325)
[2025-12-24T05:41:46.315+0000][1129.319s][info][gc,heap     ] GC(470) Survivor regions: 1->1(41)
[2025-12-24T05:41:46.315+0000][1129.320s][info][gc,heap     ] GC(470) Old regions: 101->101
[2025-12-24T05:41:46.316+0000][1129.320s][info][gc,heap     ] GC(470) Archive regions: 2->2
[2025-12-24T05:41:46.316+0000][1129.320s][info][gc,heap     ] GC(470) Humongous regions: 38->38
[2025-12-24T05:41:46.316+0000][1129.320s][info][gc,metaspace] GC(470) Metaspace: 98798K(99968K)->98798K(99968K) NonClass: 85879K(86400K)->85879K(86400K) Class: 12919K(13568K)->12919K(13568K)
[2025-12-24T05:41:46.316+0000][1129.320s][info][gc          ] GC(470) Pause Young (Normal) (G1 Evacuation Pause) 464M->139M(544M) 6.920ms
[2025-12-24T05:41:46.316+0000][1129.320s][info][gc,cpu      ] GC(470) User=0.00s Sys=0.00s Real=0.00s
[2025-12-24T05:41:50.989+0000][1133.993s][info][gc,start    ] GC(471) Pause Young (Normal) (G1 Evacuation Pause)
[2025-12-24T05:41:50.989+0000][1133.994s][info][gc,task     ] GC(471) Using 3 workers of 3 for evacuation
[2025-12-24T05:41:50.992+0000][1133.996s][info][gc,phases   ] GC(471)   Pre Evacuate Collection Set: 0.1ms
[2025-12-24T05:41:50.992+0000][1133.996s][info][gc,phases   ] GC(471)   Merge Heap Roots: 0.1ms
[2025-12-24T05:41:50.992+0000][1133.996s][info][gc,phases   ] GC(471)   Evacuate Collection Set: 1.3ms
[2025-12-24T05:41:50.992+0000][1133.996s][info][gc,phases   ] GC(471)   Post Evacuate Collection Set: 0.5ms
[2025-12-24T05:41:50.992+0000][1133.996s][info][gc,phases   ] GC(471)   Other: 0.5ms
[2025-12-24T05:41:50.992+0000][1133.996s][info][gc,heap     ] GC(471) Eden regions: 325->0(325)
[2025-12-24T05:41:50.992+0000][1133.996s][info][gc,heap     ] GC(471) Survivor regions: 1->1(41)
[2025-12-24T05:41:50.992+0000][1133.996s][info][gc,heap     ] GC(471) Old regions: 101->101
[2025-12-24T05:41:50.992+0000][1133.997s][info][gc,heap     ] GC(471) Archive regions: 2->2
[2025-12-24T05:41:50.993+0000][1133.997s][info][gc,heap     ] GC(471) Humongous regions: 38->38
[2025-12-24T05:41:50.993+0000][1133.997s][info][gc,metaspace] GC(471) Metaspace: 98798K(99968K)->98798K(99968K) NonClass: 85879K(86400K)->85879K(86400K) Class: 12919K(13568K)->12919K(13568K)
[2025-12-24T05:41:50.993+0000][1133.997s][info][gc          ] GC(471) Pause Young (Normal) (G1 Evacuation Pause) 464M->139M(544M) 3.592ms
[2025-12-24T05:41:50.993+0000][1133.997s][info][gc,cpu      ] GC(471) User=0.01s Sys=0.00s Real=0.00s
[2025-12-24T05:41:54.179+0000][1137.183s][info][gc,start    ] GC(472) Pause Young (Normal) (G1 Evacuation Pause)
[2025-12-24T05:41:54.180+0000][1137.184s][info][gc,task     ] GC(472) Using 3 workers of 3 for evacuation
[2025-12-24T05:41:54.183+0000][1137.187s][info][gc,phases   ] GC(472)   Pre Evacuate Collection Set: 0.1ms
[2025-12-24T05:41:54.184+0000][1137.188s][info][gc,phases   ] GC(472)   Merge Heap Roots: 0.1ms
[2025-12-24T05:41:54.184+0000][1137.188s][info][gc,phases   ] GC(472)   Evacuate Collection Set: 2.5ms
[2025-12-24T05:41:54.184+0000][1137.188s][info][gc,phases   ] GC(472)   Post Evacuate Collection Set: 0.7ms
[2025-12-24T05:41:54.184+0000][1137.188s][info][gc,phases   ] GC(472)   Other: 0.7ms
[2025-12-24T05:41:54.184+0000][1137.188s][info][gc,heap     ] GC(472) Eden regions: 325->0(325)
[2025-12-24T05:41:54.184+0000][1137.188s][info][gc,heap     ] GC(472) Survivor regions: 1->1(41)
[2025-12-24T05:41:54.184+0000][1137.189s][info][gc,heap     ] GC(472) Old regions: 101->101
[2025-12-24T05:41:54.185+0000][1137.189s][info][gc,heap     ] GC(472) Archive regions: 2->2
[2025-12-24T05:41:54.185+0000][1137.189s][info][gc,heap     ] GC(472) Humongous regions: 38->38
[2025-12-24T05:41:54.185+0000][1137.189s][info][gc,metaspace] GC(472) Metaspace: 98800K(99968K)->98800K(99968K) NonClass: 85881K(86400K)->85881K(86400K) Class: 12919K(13568K)->12919K(13568K)
[2025-12-24T05:41:54.185+0000][1137.189s][info][gc          ] GC(472) Pause Young (Normal) (G1 Evacuation Pause) 464M->139M(544M) 5.558ms
[2025-12-24T05:41:54.185+0000][1137.189s][info][gc,cpu      ] GC(472) User=0.01s Sys=0.00s Real=0.00s
[2025-12-24T05:41:58.968+0000][1141.972s][info][gc,start    ] GC(473) Pause Young (Normal) (G1 Evacuation Pause)
[2025-12-24T05:41:58.968+0000][1141.972s][info][gc,task     ] GC(473) Using 3 workers of 3 for evacuation
[2025-12-24T05:41:58.970+0000][1141.975s][info][gc,phases   ] GC(473)   Pre Evacuate Collection Set: 0.1ms
[2025-12-24T05:41:58.971+0000][1141.975s][info][gc,phases   ] GC(473)   Merge Heap Roots: 0.1ms
[2025-12-24T05:41:58.971+0000][1141.975s][info][gc,phases   ] GC(473)   Evacuate Collection Set: 1.7ms
[2025-12-24T05:41:58.971+0000][1141.975s][info][gc,phases   ] GC(473)   Post Evacuate Collection Set: 0.5ms
[2025-12-24T05:41:58.971+0000][1141.975s][info][gc,phases   ] GC(473)   Other: 0.6ms
[2025-12-24T05:41:58.971+0000][1141.975s][info][gc,heap     ] GC(473) Eden regions: 325->0(325)
[2025-12-24T05:41:58.971+0000][1141.975s][info][gc,heap     ] GC(473) Survivor regions: 1->1(41)
[2025-12-24T05:41:58.971+0000][1141.975s][info][gc,heap     ] GC(473) Old regions: 101->101
[2025-12-24T05:41:58.971+0000][1141.975s][info][gc,heap     ] GC(473) Archive regions: 2->2
[2025-12-24T05:41:58.971+0000][1141.975s][info][gc,heap     ] GC(473) Humongous regions: 38->38
[2025-12-24T05:41:58.971+0000][1141.975s][info][gc,metaspace] GC(473) Metaspace: 98800K(99968K)->98800K(99968K) NonClass: 85881K(86400K)->85881K(86400K) Class: 12919K(13568K)->12919K(13568K)
[2025-12-24T05:41:58.971+0000][1141.975s][info][gc          ] GC(473) Pause Young (Normal) (G1 Evacuation Pause) 464M->140M(544M) 3.779ms
[2025-12-24T05:41:58.971+0000][1141.976s][info][gc,cpu      ] GC(473) User=0.01s Sys=0.00s Real=0.01s
[2025-12-24T05:42:03.900+0000][1146.904s][info][gc,start    ] GC(474) Pause Young (Normal) (G1 Evacuation Pause)
[2025-12-24T05:42:03.901+0000][1146.905s][info][gc,task     ] GC(474) Using 3 workers of 3 for evacuation
[2025-12-24T05:42:03.905+0000][1146.909s][info][gc,phases   ] GC(474)   Pre Evacuate Collection Set: 0.3ms
[2025-12-24T05:42:03.906+0000][1146.910s][info][gc,phases   ] GC(474)   Merge Heap Roots: 0.2ms
[2025-12-24T05:42:03.906+0000][1146.910s][info][gc,phases   ] GC(474)   Evacuate Collection Set: 2.8ms
[2025-12-24T05:42:03.906+0000][1146.910s][info][gc,phases   ] GC(474)   Post Evacuate Collection Set: 1.1ms
[2025-12-24T05:42:03.906+0000][1146.910s][info][gc,phases   ] GC(474)   Other: 1.2ms
[2025-12-24T05:42:03.906+0000][1146.910s][info][gc,heap     ] GC(474) Eden regions: 325->0(325)
[2025-12-24T05:42:03.906+0000][1146.911s][info][gc,heap     ] GC(474) Survivor regions: 1->1(41)
[2025-12-24T05:42:03.907+0000][1146.911s][info][gc,heap     ] GC(474) Old regions: 101->101
[2025-12-24T05:42:03.907+0000][1146.911s][info][gc,heap     ] GC(474) Archive regions: 2->2
[2025-12-24T05:42:03.907+0000][1146.911s][info][gc,heap     ] GC(474) Humongous regions: 38->38
[2025-12-24T05:42:03.907+0000][1146.911s][info][gc,metaspace] GC(474) Metaspace: 98800K(99968K)->98800K(99968K) NonClass: 85881K(86400K)->85881K(86400K) Class: 12919K(13568K)->12919K(13568K)
[2025-12-24T05:42:03.907+0000][1146.911s][info][gc          ] GC(474) Pause Young (Normal) (G1 Evacuation Pause) 465M->140M(544M) 7.098ms
[2025-12-24T05:42:03.908+0000][1146.912s][info][gc,cpu      ] GC(474) User=0.01s Sys=0.00s Real=0.00s
[2025-12-24T05:42:06.961+0000][1149.965s][info][gc,start    ] GC(475) Pause Young (Normal) (G1 Evacuation Pause)
[2025-12-24T05:42:06.962+0000][1149.966s][info][gc,task     ] GC(475) Using 3 workers of 3 for evacuation
[2025-12-24T05:42:06.963+0000][1149.968s][info][gc,phases   ] GC(475)   Pre Evacuate Collection Set: 0.1ms
[2025-12-24T05:42:06.964+0000][1149.968s][info][gc,phases   ] GC(475)   Merge Heap Roots: 0.1ms
[2025-12-24T05:42:06.964+0000][1149.968s][info][gc,phases   ] GC(475)   Evacuate Collection Set: 1.1ms
[2025-12-24T05:42:06.964+0000][1149.968s][info][gc,phases   ] GC(475)   Post Evacuate Collection Set: 0.4ms
[2025-12-24T05:42:06.964+0000][1149.968s][info][gc,phases   ] GC(475)   Other: 0.5ms
[2025-12-24T05:42:06.964+0000][1149.968s][info][gc,heap     ] GC(475) Eden regions: 325->0(325)
[2025-12-24T05:42:06.964+0000][1149.968s][info][gc,heap     ] GC(475) Survivor regions: 1->1(41)
[2025-12-24T05:42:06.964+0000][1149.968s][info][gc,heap     ] GC(475) Old regions: 101->101
[2025-12-24T05:42:06.964+0000][1149.968s][info][gc,heap     ] GC(475) Archive regions: 2->2
[2025-12-24T05:42:06.964+0000][1149.968s][info][gc,heap     ] GC(475) Humongous regions: 38->38
[2025-12-24T05:42:06.964+0000][1149.969s][info][gc,metaspace] GC(475) Metaspace: 98800K(99968K)->98800K(99968K) NonClass: 85881K(86400K)->85881K(86400K) Class: 12919K(13568K)->12919K(13568K)
[2025-12-24T05:42:06.965+0000][1149.969s][info][gc          ] GC(475) Pause Young (Normal) (G1 Evacuation Pause) 465M->140M(544M) 3.158ms
[2025-12-24T05:42:06.965+0000][1149.969s][info][gc,cpu      ] GC(475) User=0.00s Sys=0.00s Real=0.00s
[2025-12-24T05:42:11.751+0000][1154.755s][info][gc,start    ] GC(476) Pause Young (Normal) (G1 Evacuation Pause)
[2025-12-24T05:42:11.751+0000][1154.755s][info][gc,task     ] GC(476) Using 3 workers of 3 for evacuation
[2025-12-24T05:42:11.753+0000][1154.757s][info][gc,phases   ] GC(476)   Pre Evacuate Collection Set: 0.1ms
[2025-12-24T05:42:11.753+0000][1154.757s][info][gc,phases   ] GC(476)   Merge Heap Roots: 0.1ms
[2025-12-24T05:42:11.753+0000][1154.757s][info][gc,phases   ] GC(476)   Evacuate Collection Set: 1.3ms
[2025-12-24T05:42:11.753+0000][1154.757s][info][gc,phases   ] GC(476)   Post Evacuate Collection Set: 0.5ms
[2025-12-24T05:42:11.753+0000][1154.757s][info][gc,phases   ] GC(476)   Other: 0.5ms
[2025-12-24T05:42:11.753+0000][1154.757s][info][gc,heap     ] GC(476) Eden regions: 325->0(325)
[2025-12-24T05:42:11.753+0000][1154.757s][info][gc,heap     ] GC(476) Survivor regions: 1->1(41)
[2025-12-24T05:42:11.753+0000][1154.758s][info][gc,heap     ] GC(476) Old regions: 101->101
[2025-12-24T05:42:11.753+0000][1154.758s][info][gc,heap     ] GC(476) Archive regions: 2->2
[2025-12-24T05:42:11.754+0000][1154.758s][info][gc,heap     ] GC(476) Humongous regions: 38->38
[2025-12-24T05:42:11.754+0000][1154.758s][info][gc,metaspace] GC(476) Metaspace: 98801K(99968K)->98801K(99968K) NonClass: 85882K(86400K)->85882K(86400K) Class: 12919K(13568K)->12919K(13568K)
[2025-12-24T05:42:11.754+0000][1154.758s][info][gc          ] GC(476) Pause Young (Normal) (G1 Evacuation Pause) 465M->140M(544M) 3.032ms
[2025-12-24T05:42:11.754+0000][1154.758s][info][gc,cpu      ] GC(476) User=0.00s Sys=0.00s Real=0.00s
[2025-12-24T05:42:16.749+0000][1159.753s][info][gc,start    ] GC(477) Pause Young (Normal) (G1 Evacuation Pause)
[2025-12-24T05:42:16.749+0000][1159.753s][info][gc,task     ] GC(477) Using 3 workers of 3 for evacuation
[2025-12-24T05:42:16.755+0000][1159.759s][info][gc,phases   ] GC(477)   Pre Evacuate Collection Set: 0.2ms
[2025-12-24T05:42:16.755+0000][1159.759s][info][gc,phases   ] GC(477)   Merge Heap Roots: 0.1ms
[2025-12-24T05:42:16.755+0000][1159.759s][info][gc,phases   ] GC(477)   Evacuate Collection Set: 4.6ms
[2025-12-24T05:42:16.755+0000][1159.759s][info][gc,phases   ] GC(477)   Post Evacuate Collection Set: 0.4ms
[2025-12-24T05:42:16.755+0000][1159.759s][info][gc,phases   ] GC(477)   Other: 0.8ms
[2025-12-24T05:42:16.755+0000][1159.759s][info][gc,heap     ] GC(477) Eden regions: 325->0(325)
[2025-12-24T05:42:16.755+0000][1159.760s][info][gc,heap     ] GC(477) Survivor regions: 1->1(41)
[2025-12-24T05:42:16.755+0000][1159.760s][info][gc,heap     ] GC(477) Old regions: 101->102
[2025-12-24T05:42:16.756+0000][1159.760s][info][gc,heap     ] GC(477) Archive regions: 2->2
[2025-12-24T05:42:16.756+0000][1159.760s][info][gc,heap     ] GC(477) Humongous regions: 38->38
[2025-12-24T05:42:16.756+0000][1159.760s][info][gc,metaspace] GC(477) Metaspace: 98801K(99968K)->98801K(99968K) NonClass: 85882K(86400K)->85882K(86400K) Class: 12919K(13568K)->12919K(13568K)
[2025-12-24T05:42:16.756+0000][1159.760s][info][gc          ] GC(477) Pause Young (Normal) (G1 Evacuation Pause) 465M->140M(544M) 6.752ms
[2025-12-24T05:42:16.756+0000][1159.760s][info][gc,cpu      ] GC(477) User=0.01s Sys=0.00s Real=0.00s
[2025-12-24T05:42:21.601+0000][1164.605s][info][gc,start    ] GC(478) Pause Young (Normal) (G1 Evacuation Pause)
[2025-12-24T05:42:21.602+0000][1164.606s][info][gc,task     ] GC(478) Using 3 workers of 3 for evacuation
[2025-12-24T05:42:21.606+0000][1164.611s][info][gc,phases   ] GC(478)   Pre Evacuate Collection Set: 0.2ms
[2025-12-24T05:42:21.607+0000][1164.611s][info][gc,phases   ] GC(478)   Merge Heap Roots: 0.2ms
[2025-12-24T05:42:21.607+0000][1164.611s][info][gc,phases   ] GC(478)   Evacuate Collection Set: 2.8ms
[2025-12-24T05:42:21.607+0000][1164.611s][info][gc,phases   ] GC(478)   Post Evacuate Collection Set: 1.0ms
[2025-12-24T05:42:21.607+0000][1164.611s][info][gc,phases   ] GC(478)   Other: 1.6ms
[2025-12-24T05:42:21.608+0000][1164.612s][info][gc,heap     ] GC(478) Eden regions: 325->0(325)
[2025-12-24T05:42:21.608+0000][1164.612s][info][gc,heap     ] GC(478) Survivor regions: 1->1(41)
[2025-12-24T05:42:21.608+0000][1164.612s][info][gc,heap     ] GC(478) Old regions: 102->102
[2025-12-24T05:42:21.608+0000][1164.612s][info][gc,heap     ] GC(478) Archive regions: 2->2
[2025-12-24T05:42:21.608+0000][1164.612s][info][gc,heap     ] GC(478) Humongous regions: 38->38
[2025-12-24T05:42:21.608+0000][1164.613s][info][gc,metaspace] GC(478) Metaspace: 98802K(99968K)->98802K(99968K) NonClass: 85883K(86400K)->85883K(86400K) Class: 12919K(13568K)->12919K(13568K)
[2025-12-24T05:42:21.609+0000][1164.613s][info][gc          ] GC(478) Pause Young (Normal) (G1 Evacuation Pause) 465M->140M(544M) 7.752ms
[2025-12-24T05:42:21.609+0000][1164.613s][info][gc,cpu      ] GC(478) User=0.01s Sys=0.00s Real=0.01s
[2025-12-24T05:42:24.797+0000][1167.801s][info][gc,start    ] GC(479) Pause Young (Normal) (G1 Evacuation Pause)
[2025-12-24T05:42:24.797+0000][1167.801s][info][gc,task     ] GC(479) Using 3 workers of 3 for evacuation
[2025-12-24T05:42:24.802+0000][1167.806s][info][gc,phases   ] GC(479)   Pre Evacuate Collection Set: 0.2ms
[2025-12-24T05:42:24.802+0000][1167.807s][info][gc,phases   ] GC(479)   Merge Heap Roots: 0.1ms
[2025-12-24T05:42:24.803+0000][1167.807s][info][gc,phases   ] GC(479)   Evacuate Collection Set: 3.2ms
[2025-12-24T05:42:24.803+0000][1167.807s][info][gc,phases   ] GC(479)   Post Evacuate Collection Set: 1.2ms
[2025-12-24T05:42:24.803+0000][1167.807s][info][gc,phases   ] GC(479)   Other: 1.0ms
[2025-12-24T05:42:24.803+0000][1167.807s][info][gc,heap     ] GC(479) Eden regions: 325->0(325)
[2025-12-24T05:42:24.803+0000][1167.807s][info][gc,heap     ] GC(479) Survivor regions: 1->1(41)
[2025-12-24T05:42:24.804+0000][1167.808s][info][gc,heap     ] GC(479) Old regions: 102->102
[2025-12-24T05:42:24.804+0000][1167.808s][info][gc,heap     ] GC(479) Archive regions: 2->2
[2025-12-24T05:42:24.804+0000][1167.808s][info][gc,heap     ] GC(479) Humongous regions: 38->38
[2025-12-24T05:42:24.804+0000][1167.808s][info][gc,metaspace] GC(479) Metaspace: 98802K(99968K)->98802K(99968K) NonClass: 85883K(86400K)->85883K(86400K) Class: 12919K(13568K)->12919K(13568K)
[2025-12-24T05:42:24.804+0000][1167.808s][info][gc          ] GC(479) Pause Young (Normal) (G1 Evacuation Pause) 465M->140M(544M) 7.605ms
[2025-12-24T05:42:24.805+0000][1167.809s][info][gc,cpu      ] GC(479) User=0.01s Sys=0.00s Real=0.01s
[2025-12-24T05:42:29.659+0000][1172.663s][info][gc,start    ] GC(480) Pause Young (Normal) (G1 Evacuation Pause)
[2025-12-24T05:42:29.660+0000][1172.664s][info][gc,task     ] GC(480) Using 3 workers of 3 for evacuation
[2025-12-24T05:42:29.663+0000][1172.667s][info][gc,phases   ] GC(480)   Pre Evacuate Collection Set: 0.1ms
[2025-12-24T05:42:29.663+0000][1172.668s][info][gc,phases   ] GC(480)   Merge Heap Roots: 0.1ms
[2025-12-24T05:42:29.664+0000][1172.668s][info][gc,phases   ] GC(480)   Evacuate Collection Set: 2.0ms
[2025-12-24T05:42:29.664+0000][1172.668s][info][gc,phases   ] GC(480)   Post Evacuate Collection Set: 0.5ms
[2025-12-24T05:42:29.664+0000][1172.668s][info][gc,phases   ] GC(480)   Other: 1.8ms
[2025-12-24T05:42:29.664+0000][1172.668s][info][gc,heap     ] GC(480) Eden regions: 325->0(325)
[2025-12-24T05:42:29.664+0000][1172.668s][info][gc,heap     ] GC(480) Survivor regions: 1->1(41)
[2025-12-24T05:42:29.664+0000][1172.668s][info][gc,heap     ] GC(480) Old regions: 102->102
[2025-12-24T05:42:29.664+0000][1172.668s][info][gc,heap     ] GC(480) Archive regions: 2->2
[2025-12-24T05:42:29.664+0000][1172.668s][info][gc,heap     ] GC(480) Humongous regions: 38->38
[2025-12-24T05:42:29.664+0000][1172.669s][info][gc,metaspace] GC(480) Metaspace: 98802K(99968K)->98802K(99968K) NonClass: 85883K(86400K)->85883K(86400K) Class: 12919K(13568K)->12919K(13568K)
[2025-12-24T05:42:29.665+0000][1172.669s][info][gc          ] GC(480) Pause Young (Normal) (G1 Evacuation Pause) 465M->140M(544M) 5.522ms
[2025-12-24T05:42:29.665+0000][1172.669s][info][gc,cpu      ] GC(480) User=0.01s Sys=0.01s Real=0.00s
[2025-12-24T05:42:34.640+0000][1177.644s][info][gc,start    ] GC(481) Pause Young (Normal) (G1 Evacuation Pause)
[2025-12-24T05:42:34.641+0000][1177.645s][info][gc,task     ] GC(481) Using 3 workers of 3 for evacuation
[2025-12-24T05:42:34.644+0000][1177.648s][info][gc,phases   ] GC(481)   Pre Evacuate Collection Set: 0.1ms
[2025-12-24T05:42:34.644+0000][1177.648s][info][gc,phases   ] GC(481)   Merge Heap Roots: 0.1ms
[2025-12-24T05:42:34.644+0000][1177.648s][info][gc,phases   ] GC(481)   Evacuate Collection Set: 2.0ms
[2025-12-24T05:42:34.644+0000][1177.648s][info][gc,phases   ] GC(481)   Post Evacuate Collection Set: 0.6ms
[2025-12-24T05:42:34.644+0000][1177.648s][info][gc,phases   ] GC(481)   Other: 0.6ms
[2025-12-24T05:42:34.644+0000][1177.648s][info][gc,heap     ] GC(481) Eden regions: 325->0(325)
[2025-12-24T05:42:34.644+0000][1177.649s][info][gc,heap     ] GC(481) Survivor regions: 1->1(41)
[2025-12-24T05:42:34.645+0000][1177.649s][info][gc,heap     ] GC(481) Old regions: 102->102
[2025-12-24T05:42:34.645+0000][1177.649s][info][gc,heap     ] GC(481) Archive regions: 2->2
[2025-12-24T05:42:34.645+0000][1177.649s][info][gc,heap     ] GC(481) Humongous regions: 38->38
[2025-12-24T05:42:34.645+0000][1177.649s][info][gc,metaspace] GC(481) Metaspace: 98802K(99968K)->98802K(99968K) NonClass: 85883K(86400K)->85883K(86400K) Class: 12919K(13568K)->12919K(13568K)
[2025-12-24T05:42:34.645+0000][1177.649s][info][gc          ] GC(481) Pause Young (Normal) (G1 Evacuation Pause) 465M->140M(544M) 4.859ms
[2025-12-24T05:42:34.645+0000][1177.650s][info][gc,cpu      ] GC(481) User=0.00s Sys=0.00s Real=0.00s
[2025-12-24T05:42:37.854+0000][1180.858s][info][gc,start    ] GC(482) Pause Young (Normal) (G1 Evacuation Pause)
[2025-12-24T05:42:37.854+0000][1180.858s][info][gc,task     ] GC(482) Using 3 workers of 3 for evacuation
[2025-12-24T05:42:37.856+0000][1180.860s][info][gc,phases   ] GC(482)   Pre Evacuate Collection Set: 0.1ms
[2025-12-24T05:42:37.856+0000][1180.860s][info][gc,phases   ] GC(482)   Merge Heap Roots: 0.1ms
[2025-12-24T05:42:37.856+0000][1180.860s][info][gc,phases   ] GC(482)   Evacuate Collection Set: 1.1ms
[2025-12-24T05:42:37.856+0000][1180.860s][info][gc,phases   ] GC(482)   Post Evacuate Collection Set: 0.3ms
[2025-12-24T05:42:37.856+0000][1180.860s][info][gc,phases   ] GC(482)   Other: 0.6ms
[2025-12-24T05:42:37.856+0000][1180.860s][info][gc,heap     ] GC(482) Eden regions: 325->0(325)
[2025-12-24T05:42:37.856+0000][1180.860s][info][gc,heap     ] GC(482) Survivor regions: 1->1(41)
[2025-12-24T05:42:37.856+0000][1180.860s][info][gc,heap     ] GC(482) Old regions: 102->102
[2025-12-24T05:42:37.856+0000][1180.860s][info][gc,heap     ] GC(482) Archive regions: 2->2
[2025-12-24T05:42:37.856+0000][1180.860s][info][gc,heap     ] GC(482) Humongous regions: 38->38
[2025-12-24T05:42:37.856+0000][1180.860s][info][gc,metaspace] GC(482) Metaspace: 98802K(99968K)->98802K(99968K) NonClass: 85883K(86400K)->85883K(86400K) Class: 12919K(13568K)->12919K(13568K)
[2025-12-24T05:42:37.856+0000][1180.861s][info][gc          ] GC(482) Pause Young (Normal) (G1 Evacuation Pause) 465M->140M(544M) 2.719ms
[2025-12-24T05:42:37.857+0000][1180.861s][info][gc,cpu      ] GC(482) User=0.01s Sys=0.00s Real=0.00s
[2025-12-24T05:42:42.754+0000][1185.758s][info][gc,start    ] GC(483) Pause Young (Normal) (G1 Evacuation Pause)
[2025-12-24T05:42:42.754+0000][1185.758s][info][gc,task     ] GC(483) Using 3 workers of 3 for evacuation
[2025-12-24T05:42:42.757+0000][1185.761s][info][gc,phases   ] GC(483)   Pre Evacuate Collection Set: 0.2ms
[2025-12-24T05:42:42.757+0000][1185.761s][info][gc,phases   ] GC(483)   Merge Heap Roots: 0.1ms
[2025-12-24T05:42:42.757+0000][1185.761s][info][gc,phases   ] GC(483)   Evacuate Collection Set: 1.8ms
[2025-12-24T05:42:42.757+0000][1185.761s][info][gc,phases   ] GC(483)   Post Evacuate Collection Set: 0.6ms
[2025-12-24T05:42:42.757+0000][1185.762s][info][gc,phases   ] GC(483)   Other: 0.6ms
[2025-12-24T05:42:42.757+0000][1185.762s][info][gc,heap     ] GC(483) Eden regions: 325->0(325)
[2025-12-24T05:42:42.758+0000][1185.762s][info][gc,heap     ] GC(483) Survivor regions: 1->1(41)
[2025-12-24T05:42:42.758+0000][1185.762s][info][gc,heap     ] GC(483) Old regions: 102->102
[2025-12-24T05:42:42.758+0000][1185.762s][info][gc,heap     ] GC(483) Archive regions: 2->2
[2025-12-24T05:42:42.758+0000][1185.762s][info][gc,heap     ] GC(483) Humongous regions: 38->38
[2025-12-24T05:42:42.758+0000][1185.762s][info][gc,metaspace] GC(483) Metaspace: 98802K(99968K)->98802K(99968K) NonClass: 85883K(86400K)->85883K(86400K) Class: 12919K(13568K)->12919K(13568K)
[2025-12-24T05:42:42.758+0000][1185.762s][info][gc          ] GC(483) Pause Young (Normal) (G1 Evacuation Pause) 465M->140M(544M) 4.111ms
[2025-12-24T05:42:42.758+0000][1185.762s][info][gc,cpu      ] GC(483) User=0.01s Sys=0.01s Real=0.00s
[2025-12-24T05:42:47.571+0000][1190.575s][info][gc,start    ] GC(484) Pause Young (Normal) (G1 Evacuation Pause)
[2025-12-24T05:42:47.572+0000][1190.576s][info][gc,task     ] GC(484) Using 3 workers of 3 for evacuation
[2025-12-24T05:42:47.574+0000][1190.578s][info][gc,phases   ] GC(484)   Pre Evacuate Collection Set: 0.1ms
[2025-12-24T05:42:47.574+0000][1190.578s][info][gc,phases   ] GC(484)   Merge Heap Roots: 0.1ms
[2025-12-24T05:42:47.574+0000][1190.578s][info][gc,phases   ] GC(484)   Evacuate Collection Set: 1.7ms
[2025-12-24T05:42:47.574+0000][1190.579s][info][gc,phases   ] GC(484)   Post Evacuate Collection Set: 0.5ms
[2025-12-24T05:42:47.575+0000][1190.579s][info][gc,phases   ] GC(484)   Other: 0.6ms
[2025-12-24T05:42:47.575+0000][1190.579s][info][gc,heap     ] GC(484) Eden regions: 325->0(325)
[2025-12-24T05:42:47.575+0000][1190.579s][info][gc,heap     ] GC(484) Survivor regions: 1->1(41)
[2025-12-24T05:42:47.575+0000][1190.579s][info][gc,heap     ] GC(484) Old regions: 102->102
[2025-12-24T05:42:47.575+0000][1190.579s][info][gc,heap     ] GC(484) Archive regions: 2->2
[2025-12-24T05:42:47.575+0000][1190.579s][info][gc,heap     ] GC(484) Humongous regions: 38->38
[2025-12-24T05:42:47.575+0000][1190.579s][info][gc,metaspace] GC(484) Metaspace: 98802K(99968K)->98802K(99968K) NonClass: 85883K(86400K)->85883K(86400K) Class: 12919K(13568K)->12919K(13568K)
[2025-12-24T05:42:47.575+0000][1190.579s][info][gc          ] GC(484) Pause Young (Normal) (G1 Evacuation Pause) 465M->140M(544M) 3.736ms
[2025-12-24T05:42:47.575+0000][1190.579s][info][gc,cpu      ] GC(484) User=0.01s Sys=0.00s Real=0.00s
[2025-12-24T05:42:51.791+0000][1194.795s][info][gc,start    ] GC(485) Pause Young (Normal) (G1 Evacuation Pause)
[2025-12-24T05:42:51.791+0000][1194.795s][info][gc,task     ] GC(485) Using 3 workers of 3 for evacuation
[2025-12-24T05:42:51.793+0000][1194.797s][info][gc,phases   ] GC(485)   Pre Evacuate Collection Set: 0.1ms
[2025-12-24T05:42:51.793+0000][1194.797s][info][gc,phases   ] GC(485)   Merge Heap Roots: 0.1ms
[2025-12-24T05:42:51.793+0000][1194.797s][info][gc,phases   ] GC(485)   Evacuate Collection Set: 1.4ms
[2025-12-24T05:42:51.793+0000][1194.798s][info][gc,phases   ] GC(485)   Post Evacuate Collection Set: 0.5ms
[2025-12-24T05:42:51.794+0000][1194.798s][info][gc,phases   ] GC(485)   Other: 0.4ms
[2025-12-24T05:42:51.794+0000][1194.798s][info][gc,heap     ] GC(485) Eden regions: 325->0(325)
[2025-12-24T05:42:51.794+0000][1194.798s][info][gc,heap     ] GC(485) Survivor regions: 1->1(41)
[2025-12-24T05:42:51.794+0000][1194.798s][info][gc,heap     ] GC(485) Old regions: 102->102
[2025-12-24T05:42:51.794+0000][1194.798s][info][gc,heap     ] GC(485) Archive regions: 2->2
[2025-12-24T05:42:51.794+0000][1194.798s][info][gc,heap     ] GC(485) Humongous regions: 38->38
[2025-12-24T05:42:51.794+0000][1194.798s][info][gc,metaspace] GC(485) Metaspace: 98802K(99968K)->98802K(99968K) NonClass: 85883K(86400K)->85883K(86400K) Class: 12919K(13568K)->12919K(13568K)
[2025-12-24T05:42:51.794+0000][1194.799s][info][gc          ] GC(485) Pause Young (Normal) (G1 Evacuation Pause) 465M->140M(544M) 3.677ms
[2025-12-24T05:42:51.795+0000][1194.799s][info][gc,cpu      ] GC(485) User=0.01s Sys=0.00s Real=0.00s
[2025-12-24T05:42:55.437+0000][1198.441s][info][gc,start    ] GC(486) Pause Young (Normal) (G1 Evacuation Pause)
[2025-12-24T05:42:55.438+0000][1198.442s][info][gc,task     ] GC(486) Using 3 workers of 3 for evacuation
[2025-12-24T05:42:55.442+0000][1198.446s][info][gc,phases   ] GC(486)   Pre Evacuate Collection Set: 0.1ms
[2025-12-24T05:42:55.442+0000][1198.446s][info][gc,phases   ] GC(486)   Merge Heap Roots: 0.1ms
[2025-12-24T05:42:55.442+0000][1198.446s][info][gc,phases   ] GC(486)   Evacuate Collection Set: 2.7ms
[2025-12-24T05:42:55.443+0000][1198.447s][info][gc,phases   ] GC(486)   Post Evacuate Collection Set: 0.7ms
[2025-12-24T05:42:55.443+0000][1198.447s][info][gc,phases   ] GC(486)   Other: 1.2ms
[2025-12-24T05:42:55.443+0000][1198.447s][info][gc,heap     ] GC(486) Eden regions: 325->0(325)
[2025-12-24T05:42:55.443+0000][1198.447s][info][gc,heap     ] GC(486) Survivor regions: 1->1(41)
[2025-12-24T05:42:55.444+0000][1198.448s][info][gc,heap     ] GC(486) Old regions: 102->102
[2025-12-24T05:42:55.444+0000][1198.448s][info][gc,heap     ] GC(486) Archive regions: 2->2
[2025-12-24T05:42:55.444+0000][1198.448s][info][gc,heap     ] GC(486) Humongous regions: 38->38
[2025-12-24T05:42:55.444+0000][1198.448s][info][gc,metaspace] GC(486) Metaspace: 98802K(99968K)->98802K(99968K) NonClass: 85883K(86400K)->85883K(86400K) Class: 12919K(13568K)->12919K(13568K)
[2025-12-24T05:42:55.444+0000][1198.448s][info][gc          ] GC(486) Pause Young (Normal) (G1 Evacuation Pause) 465M->140M(544M) 7.100ms
[2025-12-24T05:42:55.445+0000][1198.449s][info][gc,cpu      ] GC(486) User=0.00s Sys=0.00s Real=0.01s
[2025-12-24T05:43:00.112+0000][1203.116s][info][gc,start    ] GC(487) Pause Young (Normal) (G1 Evacuation Pause)
[2025-12-24T05:43:00.113+0000][1203.117s][info][gc,task     ] GC(487) Using 3 workers of 3 for evacuation
[2025-12-24T05:43:00.118+0000][1203.122s][info][gc,phases   ] GC(487)   Pre Evacuate Collection Set: 0.3ms
[2025-12-24T05:43:00.118+0000][1203.122s][info][gc,phases   ] GC(487)   Merge Heap Roots: 0.2ms
[2025-12-24T05:43:00.118+0000][1203.123s][info][gc,phases   ] GC(487)   Evacuate Collection Set: 3.5ms
[2025-12-24T05:43:00.119+0000][1203.123s][info][gc,phases   ] GC(487)   Post Evacuate Collection Set: 1.0ms
[2025-12-24T05:43:00.119+0000][1203.123s][info][gc,phases   ] GC(487)   Other: 1.2ms
[2025-12-24T05:43:00.119+0000][1203.123s][info][gc,heap     ] GC(487) Eden regions: 325->0(325)
[2025-12-24T05:43:00.119+0000][1203.123s][info][gc,heap     ] GC(487) Survivor regions: 1->1(41)
[2025-12-24T05:43:00.120+0000][1203.124s][info][gc,heap     ] GC(487) Old regions: 102->102
[2025-12-24T05:43:00.120+0000][1203.124s][info][gc,heap     ] GC(487) Archive regions: 2->2
[2025-12-24T05:43:00.120+0000][1203.124s][info][gc,heap     ] GC(487) Humongous regions: 38->38
[2025-12-24T05:43:00.120+0000][1203.124s][info][gc,metaspace] GC(487) Metaspace: 98804K(99968K)->98804K(99968K) NonClass: 85885K(86400K)->85885K(86400K) Class: 12919K(13568K)->12919K(13568K)
[2025-12-24T05:43:00.120+0000][1203.125s][info][gc          ] GC(487) Pause Young (Normal) (G1 Evacuation Pause) 465M->140M(544M) 8.434ms
[2025-12-24T05:43:00.121+0000][1203.125s][info][gc,cpu      ] GC(487) User=0.01s Sys=0.00s Real=0.01s
[2025-12-24T05:43:04.932+0000][1207.936s][info][gc,start    ] GC(488) Pause Young (Normal) (G1 Evacuation Pause)
[2025-12-24T05:43:04.933+0000][1207.937s][info][gc,task     ] GC(488) Using 3 workers of 3 for evacuation
[2025-12-24T05:43:04.938+0000][1207.942s][info][gc,phases   ] GC(488)   Pre Evacuate Collection Set: 0.4ms
[2025-12-24T05:43:04.938+0000][1207.942s][info][gc,phases   ] GC(488)   Merge Heap Roots: 0.1ms
[2025-12-24T05:43:04.939+0000][1207.943s][info][gc,phases   ] GC(488)   Evacuate Collection Set: 2.9ms
[2025-12-24T05:43:04.939+0000][1207.943s][info][gc,phases   ] GC(488)   Post Evacuate Collection Set: 1.1ms
[2025-12-24T05:43:04.939+0000][1207.943s][info][gc,phases   ] GC(488)   Other: 1.3ms
[2025-12-24T05:43:04.939+0000][1207.943s][info][gc,heap     ] GC(488) Eden regions: 325->0(325)
[2025-12-24T05:43:04.939+0000][1207.943s][info][gc,heap     ] GC(488) Survivor regions: 1->1(41)
[2025-12-24T05:43:04.940+0000][1207.944s][info][gc,heap     ] GC(488) Old regions: 102->102
[2025-12-24T05:43:04.940+0000][1207.944s][info][gc,heap     ] GC(488) Archive regions: 2->2
[2025-12-24T05:43:04.940+0000][1207.944s][info][gc,heap     ] GC(488) Humongous regions: 38->38
[2025-12-24T05:43:04.940+0000][1207.944s][info][gc,metaspace] GC(488) Metaspace: 98804K(99968K)->98804K(99968K) NonClass: 85885K(86400K)->85885K(86400K) Class: 12919K(13568K)->12919K(13568K)
[2025-12-24T05:43:04.940+0000][1207.944s][info][gc          ] GC(488) Pause Young (Normal) (G1 Evacuation Pause) 465M->140M(544M) 8.000ms
[2025-12-24T05:43:04.941+0000][1207.945s][info][gc,cpu      ] GC(488) User=0.02s Sys=0.00s Real=0.01s
[2025-12-24T05:43:08.190+0000][1211.194s][info][gc,start    ] GC(489) Pause Young (Normal) (G1 Evacuation Pause)
[2025-12-24T05:43:08.191+0000][1211.195s][info][gc,task     ] GC(489) Using 3 workers of 3 for evacuation
[2025-12-24T05:43:08.195+0000][1211.200s][info][gc,phases   ] GC(489)   Pre Evacuate Collection Set: 0.2ms
[2025-12-24T05:43:08.196+0000][1211.200s][info][gc,phases   ] GC(489)   Merge Heap Roots: 0.2ms
[2025-12-24T05:43:08.196+0000][1211.200s][info][gc,phases   ] GC(489)   Evacuate Collection Set: 2.5ms
[2025-12-24T05:43:08.196+0000][1211.200s][info][gc,phases   ] GC(489)   Post Evacuate Collection Set: 1.0ms
[2025-12-24T05:43:08.196+0000][1211.200s][info][gc,phases   ] GC(489)   Other: 1.5ms
[2025-12-24T05:43:08.196+0000][1211.201s][info][gc,heap     ] GC(489) Eden regions: 325->0(325)
[2025-12-24T05:43:08.197+0000][1211.201s][info][gc,heap     ] GC(489) Survivor regions: 1->1(41)
[2025-12-24T05:43:08.197+0000][1211.201s][info][gc,heap     ] GC(489) Old regions: 102->102
[2025-12-24T05:43:08.197+0000][1211.201s][info][gc,heap     ] GC(489) Archive regions: 2->2
[2025-12-24T05:43:08.197+0000][1211.201s][info][gc,heap     ] GC(489) Humongous regions: 38->38
[2025-12-24T05:43:08.197+0000][1211.201s][info][gc,metaspace] GC(489) Metaspace: 98804K(99968K)->98804K(99968K) NonClass: 85885K(86400K)->85885K(86400K) Class: 12919K(13568K)->12919K(13568K)
[2025-12-24T05:43:08.197+0000][1211.202s][info][gc          ] GC(489) Pause Young (Normal) (G1 Evacuation Pause) 465M->140M(544M) 7.115ms
[2025-12-24T05:43:08.198+0000][1211.202s][info][gc,cpu      ] GC(489) User=0.01s Sys=0.00s Real=0.00s
[2025-12-24T05:43:13.178+0000][1216.182s][info][gc,start    ] GC(490) Pause Young (Normal) (G1 Evacuation Pause)
[2025-12-24T05:43:13.178+0000][1216.182s][info][gc,task     ] GC(490) Using 3 workers of 3 for evacuation
[2025-12-24T05:43:13.181+0000][1216.185s][info][gc,phases   ] GC(490)   Pre Evacuate Collection Set: 0.1ms
[2025-12-24T05:43:13.181+0000][1216.185s][info][gc,phases   ] GC(490)   Merge Heap Roots: 0.0ms
[2025-12-24T05:43:13.181+0000][1216.186s][info][gc,phases   ] GC(490)   Evacuate Collection Set: 2.2ms
[2025-12-24T05:43:13.182+0000][1216.186s][info][gc,phases   ] GC(490)   Post Evacuate Collection Set: 0.5ms
[2025-12-24T05:43:13.182+0000][1216.186s][info][gc,phases   ] GC(490)   Other: 0.6ms
[2025-12-24T05:43:13.182+0000][1216.186s][info][gc,heap     ] GC(490) Eden regions: 325->0(325)
[2025-12-24T05:43:13.182+0000][1216.186s][info][gc,heap     ] GC(490) Survivor regions: 1->1(41)
[2025-12-24T05:43:13.182+0000][1216.186s][info][gc,heap     ] GC(490) Old regions: 102->102
[2025-12-24T05:43:13.182+0000][1216.186s][info][gc,heap     ] GC(490) Archive regions: 2->2
[2025-12-24T05:43:13.182+0000][1216.186s][info][gc,heap     ] GC(490) Humongous regions: 38->38
[2025-12-24T05:43:13.182+0000][1216.186s][info][gc,metaspace] GC(490) Metaspace: 98805K(99968K)->98805K(99968K) NonClass: 85886K(86400K)->85886K(86400K) Class: 12919K(13568K)->12919K(13568K)
[2025-12-24T05:43:13.182+0000][1216.186s][info][gc          ] GC(490) Pause Young (Normal) (G1 Evacuation Pause) 465M->140M(544M) 4.335ms
[2025-12-24T05:43:13.182+0000][1216.187s][info][gc,cpu      ] GC(490) User=0.00s Sys=0.00s Real=0.01s
[2025-12-24T05:43:17.924+0000][1220.928s][info][gc,start    ] GC(491) Pause Young (Normal) (G1 Evacuation Pause)
[2025-12-24T05:43:17.924+0000][1220.928s][info][gc,task     ] GC(491) Using 3 workers of 3 for evacuation
[2025-12-24T05:43:17.928+0000][1220.932s][info][gc,phases   ] GC(491)   Pre Evacuate Collection Set: 0.2ms
[2025-12-24T05:43:17.929+0000][1220.933s][info][gc,phases   ] GC(491)   Merge Heap Roots: 0.1ms
[2025-12-24T05:43:17.929+0000][1220.933s][info][gc,phases   ] GC(491)   Evacuate Collection Set: 2.3ms
[2025-12-24T05:43:17.929+0000][1220.933s][info][gc,phases   ] GC(491)   Post Evacuate Collection Set: 1.2ms
[2025-12-24T05:43:17.929+0000][1220.933s][info][gc,phases   ] GC(491)   Other: 1.1ms
[2025-12-24T05:43:17.929+0000][1220.933s][info][gc,heap     ] GC(491) Eden regions: 325->0(325)
[2025-12-24T05:43:17.929+0000][1220.934s][info][gc,heap     ] GC(491) Survivor regions: 1->1(41)
[2025-12-24T05:43:17.930+0000][1220.934s][info][gc,heap     ] GC(491) Old regions: 102->102
[2025-12-24T05:43:17.930+0000][1220.934s][info][gc,heap     ] GC(491) Archive regions: 2->2
[2025-12-24T05:43:17.930+0000][1220.934s][info][gc,heap     ] GC(491) Humongous regions: 38->38
[2025-12-24T05:43:17.930+0000][1220.934s][info][gc,metaspace] GC(491) Metaspace: 98805K(99968K)->98805K(99968K) NonClass: 85886K(86400K)->85886K(86400K) Class: 12919K(13568K)->12919K(13568K)
[2025-12-24T05:43:17.930+0000][1220.934s][info][gc          ] GC(491) Pause Young (Normal) (G1 Evacuation Pause) 465M->140M(544M) 6.537ms
[2025-12-24T05:43:17.930+0000][1220.935s][info][gc,cpu      ] GC(491) User=0.01s Sys=0.00s Real=0.01s
[2025-12-24T05:43:21.802+0000][1224.806s][info][gc,start    ] GC(492) Pause Young (Normal) (G1 Evacuation Pause)
[2025-12-24T05:43:21.802+0000][1224.806s][info][gc,task     ] GC(492) Using 3 workers of 3 for evacuation
[2025-12-24T05:43:21.804+0000][1224.809s][info][gc,phases   ] GC(492)   Pre Evacuate Collection Set: 0.1ms
[2025-12-24T05:43:21.805+0000][1224.809s][info][gc,phases   ] GC(492)   Merge Heap Roots: 0.1ms
[2025-12-24T05:43:21.805+0000][1224.809s][info][gc,phases   ] GC(492)   Evacuate Collection Set: 1.7ms
[2025-12-24T05:43:21.805+0000][1224.809s][info][gc,phases   ] GC(492)   Post Evacuate Collection Set: 0.5ms
[2025-12-24T05:43:21.805+0000][1224.809s][info][gc,phases   ] GC(492)   Other: 0.4ms
[2025-12-24T05:43:21.805+0000][1224.809s][info][gc,heap     ] GC(492) Eden regions: 325->0(325)
[2025-12-24T05:43:21.805+0000][1224.809s][info][gc,heap     ] GC(492) Survivor regions: 1->1(41)
[2025-12-24T05:43:21.805+0000][1224.809s][info][gc,heap     ] GC(492) Old regions: 102->102
[2025-12-24T05:43:21.805+0000][1224.810s][info][gc,heap     ] GC(492) Archive regions: 2->2
[2025-12-24T05:43:21.806+0000][1224.810s][info][gc,heap     ] GC(492) Humongous regions: 38->38
[2025-12-24T05:43:21.806+0000][1224.810s][info][gc,metaspace] GC(492) Metaspace: 98805K(99968K)->98805K(99968K) NonClass: 85886K(86400K)->85886K(86400K) Class: 12919K(13568K)->12919K(13568K)
[2025-12-24T05:43:21.806+0000][1224.810s][info][gc          ] GC(492) Pause Young (Normal) (G1 Evacuation Pause) 465M->140M(544M) 4.099ms
[2025-12-24T05:43:21.806+0000][1224.810s][info][gc,cpu      ] GC(492) User=0.00s Sys=0.00s Real=0.00s
[2025-12-24T05:43:26.328+0000][1229.332s][info][gc,start    ] GC(493) Pause Young (Normal) (G1 Evacuation Pause)
[2025-12-24T05:43:26.330+0000][1229.334s][info][gc,task     ] GC(493) Using 3 workers of 3 for evacuation
[2025-12-24T05:43:26.337+0000][1229.341s][info][gc,phases   ] GC(493)   Pre Evacuate Collection Set: 0.5ms
[2025-12-24T05:43:26.337+0000][1229.341s][info][gc,phases   ] GC(493)   Merge Heap Roots: 0.2ms
[2025-12-24T05:43:26.337+0000][1229.341s][info][gc,phases   ] GC(493)   Evacuate Collection Set: 4.3ms
[2025-12-24T05:43:26.337+0000][1229.341s][info][gc,phases   ] GC(493)   Post Evacuate Collection Set: 1.6ms
[2025-12-24T05:43:26.337+0000][1229.341s][info][gc,phases   ] GC(493)   Other: 2.1ms
[2025-12-24T05:43:26.337+0000][1229.341s][info][gc,heap     ] GC(493) Eden regions: 325->0(325)
[2025-12-24T05:43:26.337+0000][1229.341s][info][gc,heap     ] GC(493) Survivor regions: 1->1(41)
[2025-12-24T05:43:26.337+0000][1229.341s][info][gc,heap     ] GC(493) Old regions: 102->102
[2025-12-24T05:43:26.337+0000][1229.341s][info][gc,heap     ] GC(493) Archive regions: 2->2
[2025-12-24T05:43:26.337+0000][1229.342s][info][gc,heap     ] GC(493) Humongous regions: 38->38
[2025-12-24T05:43:26.337+0000][1229.342s][info][gc,metaspace] GC(493) Metaspace: 98805K(99968K)->98805K(99968K) NonClass: 85886K(86400K)->85886K(86400K) Class: 12919K(13568K)->12919K(13568K)
[2025-12-24T05:43:26.338+0000][1229.342s][info][gc          ] GC(493) Pause Young (Normal) (G1 Evacuation Pause) 465M->140M(544M) 9.196ms
[2025-12-24T05:43:26.338+0000][1229.342s][info][gc,cpu      ] GC(493) User=0.02s Sys=0.00s Real=0.01s
[2025-12-24T05:43:31.163+0000][1234.167s][info][gc,start    ] GC(494) Pause Young (Normal) (G1 Evacuation Pause)
[2025-12-24T05:43:31.164+0000][1234.168s][info][gc,task     ] GC(494) Using 3 workers of 3 for evacuation
[2025-12-24T05:43:31.169+0000][1234.173s][info][gc,phases   ] GC(494)   Pre Evacuate Collection Set: 0.3ms
[2025-12-24T05:43:31.169+0000][1234.173s][info][gc,phases   ] GC(494)   Merge Heap Roots: 0.2ms
[2025-12-24T05:43:31.169+0000][1234.174s][info][gc,phases   ] GC(494)   Evacuate Collection Set: 3.1ms
[2025-12-24T05:43:31.170+0000][1234.174s][info][gc,phases   ] GC(494)   Post Evacuate Collection Set: 1.1ms
[2025-12-24T05:43:31.170+0000][1234.174s][info][gc,phases   ] GC(494)   Other: 1.6ms
[2025-12-24T05:43:31.170+0000][1234.174s][info][gc,heap     ] GC(494) Eden regions: 325->0(325)
[2025-12-24T05:43:31.170+0000][1234.174s][info][gc,heap     ] GC(494) Survivor regions: 1->1(41)
[2025-12-24T05:43:31.170+0000][1234.174s][info][gc,heap     ] GC(494) Old regions: 102->102
[2025-12-24T05:43:31.170+0000][1234.174s][info][gc,heap     ] GC(494) Archive regions: 2->2
[2025-12-24T05:43:31.170+0000][1234.174s][info][gc,heap     ] GC(494) Humongous regions: 38->38
[2025-12-24T05:43:31.170+0000][1234.174s][info][gc,metaspace] GC(494) Metaspace: 98805K(99968K)->98805K(99968K) NonClass: 85886K(86400K)->85886K(86400K) Class: 12919K(13568K)->12919K(13568K)
[2025-12-24T05:43:31.170+0000][1234.174s][info][gc          ] GC(494) Pause Young (Normal) (G1 Evacuation Pause) 465M->140M(544M) 7.162ms
[2025-12-24T05:43:31.171+0000][1234.175s][info][gc,cpu      ] GC(494) User=0.02s Sys=0.00s Real=0.01s
[2025-12-24T05:43:36.234+0000][1239.238s][info][gc,start    ] GC(495) Pause Young (Normal) (G1 Evacuation Pause)
[2025-12-24T05:43:36.235+0000][1239.239s][info][gc,task     ] GC(495) Using 3 workers of 3 for evacuation
[2025-12-24T05:43:36.239+0000][1239.244s][info][gc,phases   ] GC(495)   Pre Evacuate Collection Set: 0.2ms
[2025-12-24T05:43:36.240+0000][1239.244s][info][gc,phases   ] GC(495)   Merge Heap Roots: 0.2ms
[2025-12-24T05:43:36.240+0000][1239.244s][info][gc,phases   ] GC(495)   Evacuate Collection Set: 2.9ms
[2025-12-24T05:43:36.240+0000][1239.244s][info][gc,phases   ] GC(495)   Post Evacuate Collection Set: 1.1ms
[2025-12-24T05:43:36.240+0000][1239.245s][info][gc,phases   ] GC(495)   Other: 1.4ms
[2025-12-24T05:43:36.241+0000][1239.245s][info][gc,heap     ] GC(495) Eden regions: 325->0(325)
[2025-12-24T05:43:36.241+0000][1239.245s][info][gc,heap     ] GC(495) Survivor regions: 1->1(41)
[2025-12-24T05:43:36.241+0000][1239.245s][info][gc,heap     ] GC(495) Old regions: 102->102
[2025-12-24T05:43:36.241+0000][1239.245s][info][gc,heap     ] GC(495) Archive regions: 2->2
[2025-12-24T05:43:36.242+0000][1239.246s][info][gc,heap     ] GC(495) Humongous regions: 38->38
[2025-12-24T05:43:36.242+0000][1239.246s][info][gc,metaspace] GC(495) Metaspace: 98805K(99968K)->98805K(99968K) NonClass: 85886K(86400K)->85886K(86400K) Class: 12919K(13568K)->12919K(13568K)
[2025-12-24T05:43:36.242+0000][1239.246s][info][gc          ] GC(495) Pause Young (Normal) (G1 Evacuation Pause) 465M->140M(544M) 8.185ms
[2025-12-24T05:43:36.242+0000][1239.247s][info][gc,cpu      ] GC(495) User=0.01s Sys=0.00s Real=0.01s
[2025-12-24T05:43:39.370+0000][1242.374s][info][gc,start    ] GC(496) Pause Young (Normal) (G1 Evacuation Pause)
[2025-12-24T05:43:39.370+0000][1242.374s][info][gc,task     ] GC(496) Using 3 workers of 3 for evacuation
[2025-12-24T05:43:39.374+0000][1242.378s][info][gc,phases   ] GC(496)   Pre Evacuate Collection Set: 0.2ms
[2025-12-24T05:43:39.375+0000][1242.379s][info][gc,phases   ] GC(496)   Merge Heap Roots: 0.1ms
[2025-12-24T05:43:39.375+0000][1242.379s][info][gc,phases   ] GC(496)   Evacuate Collection Set: 2.6ms
[2025-12-24T05:43:39.375+0000][1242.379s][info][gc,phases   ] GC(496)   Post Evacuate Collection Set: 1.0ms
[2025-12-24T05:43:39.375+0000][1242.379s][info][gc,phases   ] GC(496)   Other: 0.9ms
[2025-12-24T05:43:39.375+0000][1242.379s][info][gc,heap     ] GC(496) Eden regions: 325->0(325)
[2025-12-24T05:43:39.376+0000][1242.380s][info][gc,heap     ] GC(496) Survivor regions: 1->1(41)
[2025-12-24T05:43:39.376+0000][1242.380s][info][gc,heap     ] GC(496) Old regions: 102->102
[2025-12-24T05:43:39.376+0000][1242.380s][info][gc,heap     ] GC(496) Archive regions: 2->2
[2025-12-24T05:43:39.376+0000][1242.380s][info][gc,heap     ] GC(496) Humongous regions: 38->38
[2025-12-24T05:43:39.376+0000][1242.380s][info][gc,metaspace] GC(496) Metaspace: 98805K(99968K)->98805K(99968K) NonClass: 85886K(86400K)->85886K(86400K) Class: 12919K(13568K)->12919K(13568K)
[2025-12-24T05:43:39.376+0000][1242.381s][info][gc          ] GC(496) Pause Young (Normal) (G1 Evacuation Pause) 465M->140M(544M) 6.860ms
[2025-12-24T05:43:39.377+0000][1242.381s][info][gc,cpu      ] GC(496) User=0.01s Sys=0.01s Real=0.00s
[2025-12-24T05:43:44.367+0000][1247.371s][info][gc,start    ] GC(497) Pause Young (Normal) (G1 Evacuation Pause)
[2025-12-24T05:43:44.367+0000][1247.371s][info][gc,task     ] GC(497) Using 3 workers of 3 for evacuation
[2025-12-24T05:43:44.371+0000][1247.375s][info][gc,phases   ] GC(497)   Pre Evacuate Collection Set: 0.3ms
[2025-12-24T05:43:44.371+0000][1247.376s][info][gc,phases   ] GC(497)   Merge Heap Roots: 0.1ms
[2025-12-24T05:43:44.372+0000][1247.376s][info][gc,phases   ] GC(497)   Evacuate Collection Set: 2.4ms
[2025-12-24T05:43:44.372+0000][1247.376s][info][gc,phases   ] GC(497)   Post Evacuate Collection Set: 0.8ms
[2025-12-24T05:43:44.372+0000][1247.376s][info][gc,phases   ] GC(497)   Other: 1.1ms
[2025-12-24T05:43:44.372+0000][1247.376s][info][gc,heap     ] GC(497) Eden regions: 325->0(325)
[2025-12-24T05:43:44.372+0000][1247.377s][info][gc,heap     ] GC(497) Survivor regions: 1->1(41)
[2025-12-24T05:43:44.373+0000][1247.377s][info][gc,heap     ] GC(497) Old regions: 102->102
[2025-12-24T05:43:44.373+0000][1247.377s][info][gc,heap     ] GC(497) Archive regions: 2->2
[2025-12-24T05:43:44.373+0000][1247.377s][info][gc,heap     ] GC(497) Humongous regions: 38->38
[2025-12-24T05:43:44.373+0000][1247.377s][info][gc,metaspace] GC(497) Metaspace: 98805K(99968K)->98805K(99968K) NonClass: 85886K(86400K)->85886K(86400K) Class: 12919K(13568K)->12919K(13568K)
[2025-12-24T05:43:44.373+0000][1247.377s][info][gc          ] GC(497) Pause Young (Normal) (G1 Evacuation Pause) 465M->140M(544M) 6.670ms
[2025-12-24T05:43:44.374+0000][1247.378s][info][gc,cpu      ] GC(497) User=0.01s Sys=0.00s Real=0.01s
[2025-12-24T05:43:49.218+0000][1252.222s][info][gc,start    ] GC(498) Pause Young (Normal) (G1 Evacuation Pause)
[2025-12-24T05:43:49.219+0000][1252.223s][info][gc,task     ] GC(498) Using 3 workers of 3 for evacuation
[2025-12-24T05:43:49.224+0000][1252.228s][info][gc,phases   ] GC(498)   Pre Evacuate Collection Set: 0.2ms
[2025-12-24T05:43:49.224+0000][1252.228s][info][gc,phases   ] GC(498)   Merge Heap Roots: 0.1ms
[2025-12-24T05:43:49.224+0000][1252.228s][info][gc,phases   ] GC(498)   Evacuate Collection Set: 3.5ms
[2025-12-24T05:43:49.224+0000][1252.228s][info][gc,phases   ] GC(498)   Post Evacuate Collection Set: 0.8ms
[2025-12-24T05:43:49.224+0000][1252.228s][info][gc,phases   ] GC(498)   Other: 0.8ms
[2025-12-24T05:43:49.224+0000][1252.229s][info][gc,heap     ] GC(498) Eden regions: 325->0(325)
[2025-12-24T05:43:49.225+0000][1252.229s][info][gc,heap     ] GC(498) Survivor regions: 1->1(41)
[2025-12-24T05:43:49.225+0000][1252.229s][info][gc,heap     ] GC(498) Old regions: 102->102
[2025-12-24T05:43:49.225+0000][1252.229s][info][gc,heap     ] GC(498) Archive regions: 2->2
[2025-12-24T05:43:49.225+0000][1252.229s][info][gc,heap     ] GC(498) Humongous regions: 38->38
[2025-12-24T05:43:49.225+0000][1252.229s][info][gc,metaspace] GC(498) Metaspace: 98805K(99968K)->98805K(99968K) NonClass: 85886K(86400K)->85886K(86400K) Class: 12919K(13568K)->12919K(13568K)
[2025-12-24T05:43:49.225+0000][1252.229s][info][gc          ] GC(498) Pause Young (Normal) (G1 Evacuation Pause) 465M->140M(544M) 6.892ms
[2025-12-24T05:43:49.226+0000][1252.230s][info][gc,cpu      ] GC(498) User=0.01s Sys=0.00s Real=0.01s
[2025-12-24T05:43:52.410+0000][1255.414s][info][gc,start    ] GC(499) Pause Young (Normal) (G1 Evacuation Pause)
[2025-12-24T05:43:52.411+0000][1255.415s][info][gc,task     ] GC(499) Using 3 workers of 3 for evacuation
[2025-12-24T05:43:52.416+0000][1255.420s][info][gc,phases   ] GC(499)   Pre Evacuate Collection Set: 0.2ms
[2025-12-24T05:43:52.416+0000][1255.420s][info][gc,phases   ] GC(499)   Merge Heap Roots: 0.1ms
[2025-12-24T05:43:52.416+0000][1255.420s][info][gc,phases   ] GC(499)   Evacuate Collection Set: 2.6ms
[2025-12-24T05:43:52.416+0000][1255.420s][info][gc,phases   ] GC(499)   Post Evacuate Collection Set: 0.9ms
[2025-12-24T05:43:52.416+0000][1255.421s][info][gc,phases   ] GC(499)   Other: 2.0ms
[2025-12-24T05:43:52.417+0000][1255.421s][info][gc,heap     ] GC(499) Eden regions: 325->0(325)
[2025-12-24T05:43:52.417+0000][1255.421s][info][gc,heap     ] GC(499) Survivor regions: 1->1(41)
[2025-12-24T05:43:52.417+0000][1255.421s][info][gc,heap     ] GC(499) Old regions: 102->102
[2025-12-24T05:43:52.417+0000][1255.421s][info][gc,heap     ] GC(499) Archive regions: 2->2
[2025-12-24T05:43:52.417+0000][1255.422s][info][gc,heap     ] GC(499) Humongous regions: 38->38
[2025-12-24T05:43:52.418+0000][1255.422s][info][gc,metaspace] GC(499) Metaspace: 98811K(99968K)->98811K(99968K) NonClass: 85892K(86400K)->85892K(86400K) Class: 12919K(13568K)->12919K(13568K)
[2025-12-24T05:43:52.418+0000][1255.422s][info][gc          ] GC(499) Pause Young (Normal) (G1 Evacuation Pause) 465M->140M(544M) 7.907ms
[2025-12-24T05:43:52.418+0000][1255.422s][info][gc,cpu      ] GC(499) User=0.01s Sys=0.00s Real=0.00s
[2025-12-24T05:43:57.401+0000][1260.405s][info][gc,start    ] GC(500) Pause Young (Normal) (G1 Evacuation Pause)
[2025-12-24T05:43:57.402+0000][1260.406s][info][gc,task     ] GC(500) Using 3 workers of 3 for evacuation
[2025-12-24T05:43:57.407+0000][1260.411s][info][gc,phases   ] GC(500)   Pre Evacuate Collection Set: 0.2ms
[2025-12-24T05:43:57.407+0000][1260.411s][info][gc,phases   ] GC(500)   Merge Heap Roots: 0.1ms
[2025-12-24T05:43:57.407+0000][1260.411s][info][gc,phases   ] GC(500)   Evacuate Collection Set: 3.5ms
[2025-12-24T05:43:57.407+0000][1260.411s][info][gc,phases   ] GC(500)   Post Evacuate Collection Set: 0.8ms
[2025-12-24T05:43:57.407+0000][1260.411s][info][gc,phases   ] GC(500)   Other: 1.4ms
[2025-12-24T05:43:57.407+0000][1260.411s][info][gc,heap     ] GC(500) Eden regions: 325->0(325)
[2025-12-24T05:43:57.407+0000][1260.411s][info][gc,heap     ] GC(500) Survivor regions: 1->1(41)
[2025-12-24T05:43:57.407+0000][1260.412s][info][gc,heap     ] GC(500) Old regions: 102->102
[2025-12-24T05:43:57.408+0000][1260.412s][info][gc,heap     ] GC(500) Archive regions: 2->2
[2025-12-24T05:43:57.408+0000][1260.412s][info][gc,heap     ] GC(500) Humongous regions: 38->38
[2025-12-24T05:43:57.408+0000][1260.412s][info][gc,metaspace] GC(500) Metaspace: 98811K(99968K)->98811K(99968K) NonClass: 85892K(86400K)->85892K(86400K) Class: 12919K(13568K)->12919K(13568K)
[2025-12-24T05:43:57.408+0000][1260.412s][info][gc          ] GC(500) Pause Young (Normal) (G1 Evacuation Pause) 465M->140M(544M) 6.772ms
[2025-12-24T05:43:57.408+0000][1260.412s][info][gc,cpu      ] GC(500) User=0.01s Sys=0.00s Real=0.00s
[2025-12-24T05:44:02.101+0000][1265.105s][info][gc,start    ] GC(501) Pause Young (Normal) (G1 Evacuation Pause)
[2025-12-24T05:44:02.102+0000][1265.106s][info][gc,task     ] GC(501) Using 3 workers of 3 for evacuation
[2025-12-24T05:44:02.107+0000][1265.112s][info][gc,phases   ] GC(501)   Pre Evacuate Collection Set: 0.2ms
[2025-12-24T05:44:02.108+0000][1265.112s][info][gc,phases   ] GC(501)   Merge Heap Roots: 0.2ms
[2025-12-24T05:44:02.108+0000][1265.112s][info][gc,phases   ] GC(501)   Evacuate Collection Set: 3.8ms
[2025-12-24T05:44:02.108+0000][1265.112s][info][gc,phases   ] GC(501)   Post Evacuate Collection Set: 1.2ms
[2025-12-24T05:44:02.108+0000][1265.112s][info][gc,phases   ] GC(501)   Other: 1.0ms
[2025-12-24T05:44:02.108+0000][1265.112s][info][gc,heap     ] GC(501) Eden regions: 325->0(324)
[2025-12-24T05:44:02.109+0000][1265.113s][info][gc,heap     ] GC(501) Survivor regions: 1->2(41)
[2025-12-24T05:44:02.109+0000][1265.113s][info][gc,heap     ] GC(501) Old regions: 102->102
[2025-12-24T05:44:02.109+0000][1265.113s][info][gc,heap     ] GC(501) Archive regions: 2->2
[2025-12-24T05:44:02.109+0000][1265.113s][info][gc,heap     ] GC(501) Humongous regions: 38->38
[2025-12-24T05:44:02.109+0000][1265.113s][info][gc,metaspace] GC(501) Metaspace: 98814K(100032K)->98814K(100032K) NonClass: 85895K(86464K)->85895K(86464K) Class: 12919K(13568K)->12919K(13568K)
[2025-12-24T05:44:02.109+0000][1265.113s][info][gc          ] GC(501) Pause Young (Normal) (G1 Evacuation Pause) 465M->141M(544M) 7.855ms
[2025-12-24T05:44:02.109+0000][1265.114s][info][gc,cpu      ] GC(501) User=0.01s Sys=0.00s Real=0.01s
[2025-12-24T05:44:06.789+0000][1269.793s][info][gc,start    ] GC(502) Pause Young (Normal) (G1 Evacuation Pause)
[2025-12-24T05:44:06.790+0000][1269.794s][info][gc,task     ] GC(502) Using 3 workers of 3 for evacuation
[2025-12-24T05:44:06.793+0000][1269.797s][info][gc,phases   ] GC(502)   Pre Evacuate Collection Set: 0.1ms
[2025-12-24T05:44:06.793+0000][1269.797s][info][gc,phases   ] GC(502)   Merge Heap Roots: 0.1ms
[2025-12-24T05:44:06.793+0000][1269.797s][info][gc,phases   ] GC(502)   Evacuate Collection Set: 1.7ms
[2025-12-24T05:44:06.793+0000][1269.797s][info][gc,phases   ] GC(502)   Post Evacuate Collection Set: 0.6ms
[2025-12-24T05:44:06.793+0000][1269.797s][info][gc,phases   ] GC(502)   Other: 1.2ms
[2025-12-24T05:44:06.793+0000][1269.798s][info][gc,heap     ] GC(502) Eden regions: 324->0(325)
[2025-12-24T05:44:06.794+0000][1269.798s][info][gc,heap     ] GC(502) Survivor regions: 2->1(41)
[2025-12-24T05:44:06.794+0000][1269.798s][info][gc,heap     ] GC(502) Old regions: 102->102
[2025-12-24T05:44:06.794+0000][1269.798s][info][gc,heap     ] GC(502) Archive regions: 2->2
[2025-12-24T05:44:06.794+0000][1269.798s][info][gc,heap     ] GC(502) Humongous regions: 38->38
[2025-12-24T05:44:06.794+0000][1269.798s][info][gc,metaspace] GC(502) Metaspace: 98814K(100032K)->98814K(100032K) NonClass: 85895K(86464K)->85895K(86464K) Class: 12919K(13568K)->12919K(13568K)
[2025-12-24T05:44:06.794+0000][1269.798s][info][gc          ] GC(502) Pause Young (Normal) (G1 Evacuation Pause) 465M->141M(544M) 4.934ms
[2025-12-24T05:44:06.794+0000][1269.798s][info][gc,cpu      ] GC(502) User=0.00s Sys=0.00s Real=0.00s
[2025-12-24T05:44:10.415+0000][1273.420s][info][gc,start    ] GC(503) Pause Young (Normal) (G1 Evacuation Pause)
[2025-12-24T05:44:10.418+0000][1273.422s][info][gc,task     ] GC(503) Using 3 workers of 3 for evacuation
[2025-12-24T05:44:10.424+0000][1273.428s][info][gc,phases   ] GC(503)   Pre Evacuate Collection Set: 0.3ms
[2025-12-24T05:44:10.425+0000][1273.429s][info][gc,phases   ] GC(503)   Merge Heap Roots: 0.2ms
[2025-12-24T05:44:10.425+0000][1273.429s][info][gc,phases   ] GC(503)   Evacuate Collection Set: 3.8ms
[2025-12-24T05:44:10.425+0000][1273.429s][info][gc,phases   ] GC(503)   Post Evacuate Collection Set: 1.4ms
[2025-12-24T05:44:10.426+0000][1273.430s][info][gc,phases   ] GC(503)   Other: 3.6ms
[2025-12-24T05:44:10.426+0000][1273.430s][info][gc,heap     ] GC(503) Eden regions: 325->0(325)
[2025-12-24T05:44:10.426+0000][1273.430s][info][gc,heap     ] GC(503) Survivor regions: 1->1(41)
[2025-12-24T05:44:10.426+0000][1273.430s][info][gc,heap     ] GC(503) Old regions: 102->102
[2025-12-24T05:44:10.426+0000][1273.430s][info][gc,heap     ] GC(503) Archive regions: 2->2
[2025-12-24T05:44:10.426+0000][1273.431s][info][gc,heap     ] GC(503) Humongous regions: 38->38
[2025-12-24T05:44:10.427+0000][1273.431s][info][gc,metaspace] GC(503) Metaspace: 98814K(100032K)->98814K(100032K) NonClass: 85895K(86464K)->85895K(86464K) Class: 12919K(13568K)->12919K(13568K)
[2025-12-24T05:44:10.427+0000][1273.431s][info][gc          ] GC(503) Pause Young (Normal) (G1 Evacuation Pause) 466M->141M(544M) 11.327ms
[2025-12-24T05:44:10.427+0000][1273.431s][info][gc,cpu      ] GC(503) User=0.01s Sys=0.00s Real=0.01s
[2025-12-24T05:44:15.340+0000][1278.344s][info][gc,start    ] GC(504) Pause Young (Normal) (G1 Evacuation Pause)
[2025-12-24T05:44:15.342+0000][1278.346s][info][gc,task     ] GC(504) Using 3 workers of 3 for evacuation
[2025-12-24T05:44:15.347+0000][1278.351s][info][gc,phases   ] GC(504)   Pre Evacuate Collection Set: 0.2ms
[2025-12-24T05:44:15.347+0000][1278.352s][info][gc,phases   ] GC(504)   Merge Heap Roots: 0.2ms
[2025-12-24T05:44:15.348+0000][1278.352s][info][gc,phases   ] GC(504)   Evacuate Collection Set: 2.5ms
[2025-12-24T05:44:15.348+0000][1278.352s][info][gc,phases   ] GC(504)   Post Evacuate Collection Set: 1.0ms
[2025-12-24T05:44:15.348+0000][1278.352s][info][gc,phases   ] GC(504)   Other: 3.0ms
[2025-12-24T05:44:15.349+0000][1278.353s][info][gc,heap     ] GC(504) Eden regions: 325->0(325)
[2025-12-24T05:44:15.349+0000][1278.353s][info][gc,heap     ] GC(504) Survivor regions: 1->1(41)
[2025-12-24T05:44:15.349+0000][1278.353s][info][gc,heap     ] GC(504) Old regions: 102->102
[2025-12-24T05:44:15.349+0000][1278.353s][info][gc,heap     ] GC(504) Archive regions: 2->2
[2025-12-24T05:44:15.349+0000][1278.354s][info][gc,heap     ] GC(504) Humongous regions: 38->38
[2025-12-24T05:44:15.350+0000][1278.354s][info][gc,metaspace] GC(504) Metaspace: 98817K(100032K)->98817K(100032K) NonClass: 85898K(86464K)->85898K(86464K) Class: 12919K(13568K)->12919K(13568K)
[2025-12-24T05:44:15.350+0000][1278.354s][info][gc          ] GC(504) Pause Young (Normal) (G1 Evacuation Pause) 466M->141M(544M) 9.607ms
[2025-12-24T05:44:15.350+0000][1278.354s][info][gc,cpu      ] GC(504) User=0.01s Sys=0.00s Real=0.01s
[2025-12-24T05:44:20.213+0000][1283.217s][info][gc,start    ] GC(505) Pause Young (Normal) (G1 Evacuation Pause)
[2025-12-24T05:44:20.215+0000][1283.219s][info][gc,task     ] GC(505) Using 3 workers of 3 for evacuation
[2025-12-24T05:44:20.220+0000][1283.224s][info][gc,phases   ] GC(505)   Pre Evacuate Collection Set: 0.3ms
[2025-12-24T05:44:20.221+0000][1283.225s][info][gc,phases   ] GC(505)   Merge Heap Roots: 0.3ms
[2025-12-24T05:44:20.221+0000][1283.225s][info][gc,phases   ] GC(505)   Evacuate Collection Set: 3.0ms
[2025-12-24T05:44:20.221+0000][1283.225s][info][gc,phases   ] GC(505)   Post Evacuate Collection Set: 1.0ms
[2025-12-24T05:44:20.221+0000][1283.225s][info][gc,phases   ] GC(505)   Other: 2.8ms
[2025-12-24T05:44:20.221+0000][1283.226s][info][gc,heap     ] GC(505) Eden regions: 325->0(325)
[2025-12-24T05:44:20.222+0000][1283.226s][info][gc,heap     ] GC(505) Survivor regions: 1->1(41)
[2025-12-24T05:44:20.222+0000][1283.226s][info][gc,heap     ] GC(505) Old regions: 102->102
[2025-12-24T05:44:20.222+0000][1283.226s][info][gc,heap     ] GC(505) Archive regions: 2->2
[2025-12-24T05:44:20.222+0000][1283.226s][info][gc,heap     ] GC(505) Humongous regions: 38->38
[2025-12-24T05:44:20.222+0000][1283.226s][info][gc,metaspace] GC(505) Metaspace: 98819K(100096K)->98819K(100096K) NonClass: 85900K(86528K)->85900K(86528K) Class: 12919K(13568K)->12919K(13568K)
[2025-12-24T05:44:20.223+0000][1283.227s][info][gc          ] GC(505) Pause Young (Normal) (G1 Evacuation Pause) 466M->141M(544M) 9.337ms
[2025-12-24T05:44:20.223+0000][1283.227s][info][gc,cpu      ] GC(505) User=0.01s Sys=0.01s Real=0.01s
[2025-12-24T05:44:23.561+0000][1286.565s][info][gc,start    ] GC(506) Pause Young (Normal) (G1 Evacuation Pause)
[2025-12-24T05:44:23.562+0000][1286.566s][info][gc,task     ] GC(506) Using 3 workers of 3 for evacuation
[2025-12-24T05:44:23.566+0000][1286.570s][info][gc,phases   ] GC(506)   Pre Evacuate Collection Set: 0.3ms
[2025-12-24T05:44:23.567+0000][1286.571s][info][gc,phases   ] GC(506)   Merge Heap Roots: 0.3ms
[2025-12-24T05:44:23.567+0000][1286.571s][info][gc,phases   ] GC(506)   Evacuate Collection Set: 2.6ms
[2025-12-24T05:44:23.567+0000][1286.571s][info][gc,phases   ] GC(506)   Post Evacuate Collection Set: 0.9ms
[2025-12-24T05:44:23.567+0000][1286.571s][info][gc,phases   ] GC(506)   Other: 1.9ms
[2025-12-24T05:44:23.567+0000][1286.572s][info][gc,heap     ] GC(506) Eden regions: 325->0(325)
[2025-12-24T05:44:23.568+0000][1286.572s][info][gc,heap     ] GC(506) Survivor regions: 1->1(41)
[2025-12-24T05:44:23.568+0000][1286.572s][info][gc,heap     ] GC(506) Old regions: 102->102
[2025-12-24T05:44:23.568+0000][1286.572s][info][gc,heap     ] GC(506) Archive regions: 2->2
[2025-12-24T05:44:23.568+0000][1286.572s][info][gc,heap     ] GC(506) Humongous regions: 38->38
[2025-12-24T05:44:23.568+0000][1286.572s][info][gc,metaspace] GC(506) Metaspace: 98831K(100096K)->98831K(100096K) NonClass: 85912K(86528K)->85912K(86528K) Class: 12919K(13568K)->12919K(13568K)
[2025-12-24T05:44:23.569+0000][1286.573s][info][gc          ] GC(506) Pause Young (Normal) (G1 Evacuation Pause) 466M->141M(544M) 7.776ms
[2025-12-24T05:44:23.569+0000][1286.573s][info][gc,cpu      ] GC(506) User=0.01s Sys=0.00s Real=0.01s
[2025-12-24T05:44:28.238+0000][1291.242s][info][gc,start    ] GC(507) Pause Young (Normal) (G1 Evacuation Pause)
[2025-12-24T05:44:28.238+0000][1291.243s][info][gc,task     ] GC(507) Using 3 workers of 3 for evacuation
[2025-12-24T05:44:28.241+0000][1291.245s][info][gc,phases   ] GC(507)   Pre Evacuate Collection Set: 0.1ms
[2025-12-24T05:44:28.241+0000][1291.245s][info][gc,phases   ] GC(507)   Merge Heap Roots: 0.1ms
[2025-12-24T05:44:28.241+0000][1291.245s][info][gc,phases   ] GC(507)   Evacuate Collection Set: 1.5ms
[2025-12-24T05:44:28.241+0000][1291.245s][info][gc,phases   ] GC(507)   Post Evacuate Collection Set: 0.5ms
[2025-12-24T05:44:28.241+0000][1291.245s][info][gc,phases   ] GC(507)   Other: 0.6ms
[2025-12-24T05:44:28.241+0000][1291.245s][info][gc,heap     ] GC(507) Eden regions: 325->0(325)
[2025-12-24T05:44:28.241+0000][1291.246s][info][gc,heap     ] GC(507) Survivor regions: 1->1(41)
[2025-12-24T05:44:28.242+0000][1291.246s][info][gc,heap     ] GC(507) Old regions: 102->102
[2025-12-24T05:44:28.242+0000][1291.246s][info][gc,heap     ] GC(507) Archive regions: 2->2
[2025-12-24T05:44:28.242+0000][1291.246s][info][gc,heap     ] GC(507) Humongous regions: 38->38
[2025-12-24T05:44:28.242+0000][1291.246s][info][gc,metaspace] GC(507) Metaspace: 98831K(100096K)->98831K(100096K) NonClass: 85912K(86528K)->85912K(86528K) Class: 12919K(13568K)->12919K(13568K)
[2025-12-24T05:44:28.242+0000][1291.246s][info][gc          ] GC(507) Pause Young (Normal) (G1 Evacuation Pause) 466M->141M(544M) 3.861ms
[2025-12-24T05:44:28.242+0000][1291.246s][info][gc,cpu      ] GC(507) User=0.00s Sys=0.00s Real=0.01s
[2025-12-24T05:44:32.728+0000][1295.732s][info][gc,start    ] GC(508) Pause Young (Normal) (G1 Evacuation Pause)
[2025-12-24T05:44:32.729+0000][1295.733s][info][gc,task     ] GC(508) Using 3 workers of 3 for evacuation
[2025-12-24T05:44:32.731+0000][1295.735s][info][gc,phases   ] GC(508)   Pre Evacuate Collection Set: 0.1ms
[2025-12-24T05:44:32.731+0000][1295.735s][info][gc,phases   ] GC(508)   Merge Heap Roots: 0.1ms
[2025-12-24T05:44:32.731+0000][1295.735s][info][gc,phases   ] GC(508)   Evacuate Collection Set: 1.5ms
[2025-12-24T05:44:32.731+0000][1295.735s][info][gc,phases   ] GC(508)   Post Evacuate Collection Set: 0.5ms
[2025-12-24T05:44:32.731+0000][1295.736s][info][gc,phases   ] GC(508)   Other: 0.8ms
[2025-12-24T05:44:32.732+0000][1295.736s][info][gc,heap     ] GC(508) Eden regions: 325->0(325)
[2025-12-24T05:44:32.732+0000][1295.736s][info][gc,heap     ] GC(508) Survivor regions: 1->1(41)
[2025-12-24T05:44:32.732+0000][1295.736s][info][gc,heap     ] GC(508) Old regions: 102->102
[2025-12-24T05:44:32.732+0000][1295.736s][info][gc,heap     ] GC(508) Archive regions: 2->2
[2025-12-24T05:44:32.732+0000][1295.736s][info][gc,heap     ] GC(508) Humongous regions: 38->38
[2025-12-24T05:44:32.732+0000][1295.736s][info][gc,metaspace] GC(508) Metaspace: 98842K(100096K)->98842K(100096K) NonClass: 85923K(86528K)->85923K(86528K) Class: 12919K(13568K)->12919K(13568K)
[2025-12-24T05:44:32.732+0000][1295.736s][info][gc          ] GC(508) Pause Young (Normal) (G1 Evacuation Pause) 466M->141M(544M) 4.110ms
[2025-12-24T05:44:32.732+0000][1295.736s][info][gc,cpu      ] GC(508) User=0.01s Sys=0.00s Real=0.01s
[2025-12-24T05:44:36.797+0000][1299.801s][info][gc,start    ] GC(509) Pause Young (Normal) (G1 Evacuation Pause)
[2025-12-24T05:44:36.798+0000][1299.802s][info][gc,task     ] GC(509) Using 3 workers of 3 for evacuation
[2025-12-24T05:44:36.801+0000][1299.805s][info][gc,phases   ] GC(509)   Pre Evacuate Collection Set: 0.1ms
[2025-12-24T05:44:36.801+0000][1299.805s][info][gc,phases   ] GC(509)   Merge Heap Roots: 0.1ms
[2025-12-24T05:44:36.801+0000][1299.805s][info][gc,phases   ] GC(509)   Evacuate Collection Set: 1.8ms
[2025-12-24T05:44:36.801+0000][1299.805s][info][gc,phases   ] GC(509)   Post Evacuate Collection Set: 0.6ms
[2025-12-24T05:44:36.801+0000][1299.805s][info][gc,phases   ] GC(509)   Other: 0.7ms
[2025-12-24T05:44:36.801+0000][1299.805s][info][gc,heap     ] GC(509) Eden regions: 325->0(325)
[2025-12-24T05:44:36.801+0000][1299.806s][info][gc,heap     ] GC(509) Survivor regions: 1->1(41)
[2025-12-24T05:44:36.802+0000][1299.806s][info][gc,heap     ] GC(509) Old regions: 102->102
[2025-12-24T05:44:36.802+0000][1299.806s][info][gc,heap     ] GC(509) Archive regions: 2->2
[2025-12-24T05:44:36.802+0000][1299.806s][info][gc,heap     ] GC(509) Humongous regions: 38->38
[2025-12-24T05:44:36.802+0000][1299.806s][info][gc,metaspace] GC(509) Metaspace: 98842K(100096K)->98842K(100096K) NonClass: 85923K(86528K)->85923K(86528K) Class: 12919K(13568K)->12919K(13568K)
[2025-12-24T05:44:36.802+0000][1299.806s][info][gc          ] GC(509) Pause Young (Normal) (G1 Evacuation Pause) 466M->141M(544M) 5.022ms
[2025-12-24T05:44:36.803+0000][1299.807s][info][gc,cpu      ] GC(509) User=0.01s Sys=0.00s Real=0.01s
[2025-12-24T05:44:40.189+0000][1303.193s][info][gc,start    ] GC(510) Pause Young (Normal) (G1 Evacuation Pause)
[2025-12-24T05:44:40.189+0000][1303.193s][info][gc,task     ] GC(510) Using 3 workers of 3 for evacuation
[2025-12-24T05:44:40.192+0000][1303.196s][info][gc,phases   ] GC(510)   Pre Evacuate Collection Set: 0.1ms
[2025-12-24T05:44:40.192+0000][1303.196s][info][gc,phases   ] GC(510)   Merge Heap Roots: 0.1ms
[2025-12-24T05:44:40.192+0000][1303.196s][info][gc,phases   ] GC(510)   Evacuate Collection Set: 2.3ms
[2025-12-24T05:44:40.192+0000][1303.197s][info][gc,phases   ] GC(510)   Post Evacuate Collection Set: 0.4ms
[2025-12-24T05:44:40.193+0000][1303.197s][info][gc,phases   ] GC(510)   Other: 0.5ms
[2025-12-24T05:44:40.193+0000][1303.197s][info][gc,heap     ] GC(510) Eden regions: 325->0(325)
[2025-12-24T05:44:40.193+0000][1303.197s][info][gc,heap     ] GC(510) Survivor regions: 1->1(41)
[2025-12-24T05:44:40.193+0000][1303.197s][info][gc,heap     ] GC(510) Old regions: 102->102
[2025-12-24T05:44:40.193+0000][1303.197s][info][gc,heap     ] GC(510) Archive regions: 2->2
[2025-12-24T05:44:40.193+0000][1303.197s][info][gc,heap     ] GC(510) Humongous regions: 38->38
[2025-12-24T05:44:40.193+0000][1303.197s][info][gc,metaspace] GC(510) Metaspace: 98842K(100096K)->98842K(100096K) NonClass: 85923K(86528K)->85923K(86528K) Class: 12919K(13568K)->12919K(13568K)
[2025-12-24T05:44:40.193+0000][1303.197s][info][gc          ] GC(510) Pause Young (Normal) (G1 Evacuation Pause) 466M->141M(544M) 4.305ms
[2025-12-24T05:44:40.193+0000][1303.197s][info][gc,cpu      ] GC(510) User=0.00s Sys=0.00s Real=0.00s
[2025-12-24T05:44:44.529+0000][1307.533s][info][gc,start    ] GC(511) Pause Young (Normal) (G1 Evacuation Pause)
[2025-12-24T05:44:44.529+0000][1307.534s][info][gc,task     ] GC(511) Using 3 workers of 3 for evacuation
[2025-12-24T05:44:44.532+0000][1307.536s][info][gc,phases   ] GC(511)   Pre Evacuate Collection Set: 0.1ms
[2025-12-24T05:44:44.532+0000][1307.536s][info][gc,phases   ] GC(511)   Merge Heap Roots: 0.1ms
[2025-12-24T05:44:44.532+0000][1307.536s][info][gc,phases   ] GC(511)   Evacuate Collection Set: 1.7ms
[2025-12-24T05:44:44.532+0000][1307.537s][info][gc,phases   ] GC(511)   Post Evacuate Collection Set: 0.5ms
[2025-12-24T05:44:44.533+0000][1307.537s][info][gc,phases   ] GC(511)   Other: 0.9ms
[2025-12-24T05:44:44.533+0000][1307.537s][info][gc,heap     ] GC(511) Eden regions: 325->0(325)
[2025-12-24T05:44:44.533+0000][1307.537s][info][gc,heap     ] GC(511) Survivor regions: 1->1(41)
[2025-12-24T05:44:44.533+0000][1307.537s][info][gc,heap     ] GC(511) Old regions: 102->102
[2025-12-24T05:44:44.533+0000][1307.537s][info][gc,heap     ] GC(511) Archive regions: 2->2
[2025-12-24T05:44:44.533+0000][1307.537s][info][gc,heap     ] GC(511) Humongous regions: 38->38
[2025-12-24T05:44:44.533+0000][1307.537s][info][gc,metaspace] GC(511) Metaspace: 98842K(100096K)->98842K(100096K) NonClass: 85923K(86528K)->85923K(86528K) Class: 12919K(13568K)->12919K(13568K)
[2025-12-24T05:44:44.533+0000][1307.537s][info][gc          ] GC(511) Pause Young (Normal) (G1 Evacuation Pause) 466M->141M(544M) 4.468ms
[2025-12-24T05:44:44.534+0000][1307.538s][info][gc,cpu      ] GC(511) User=0.01s Sys=0.00s Real=0.00s
[2025-12-24T05:44:49.018+0000][1312.022s][info][gc,start    ] GC(512) Pause Young (Normal) (G1 Evacuation Pause)
[2025-12-24T05:44:49.018+0000][1312.022s][info][gc,task     ] GC(512) Using 3 workers of 3 for evacuation
[2025-12-24T05:44:49.020+0000][1312.025s][info][gc,phases   ] GC(512)   Pre Evacuate Collection Set: 0.1ms
[2025-12-24T05:44:49.021+0000][1312.025s][info][gc,phases   ] GC(512)   Merge Heap Roots: 0.1ms
[2025-12-24T05:44:49.021+0000][1312.025s][info][gc,phases   ] GC(512)   Evacuate Collection Set: 1.1ms
[2025-12-24T05:44:49.021+0000][1312.025s][info][gc,phases   ] GC(512)   Post Evacuate Collection Set: 0.5ms
[2025-12-24T05:44:49.021+0000][1312.025s][info][gc,phases   ] GC(512)   Other: 0.6ms
[2025-12-24T05:44:49.021+0000][1312.025s][info][gc,heap     ] GC(512) Eden regions: 325->0(325)
[2025-12-24T05:44:49.021+0000][1312.025s][info][gc,heap     ] GC(512) Survivor regions: 1->1(41)
[2025-12-24T05:44:49.021+0000][1312.025s][info][gc,heap     ] GC(512) Old regions: 102->102
[2025-12-24T05:44:49.021+0000][1312.025s][info][gc,heap     ] GC(512) Archive regions: 2->2
[2025-12-24T05:44:49.021+0000][1312.026s][info][gc,heap     ] GC(512) Humongous regions: 38->38
[2025-12-24T05:44:49.021+0000][1312.026s][info][gc,metaspace] GC(512) Metaspace: 98842K(100096K)->98842K(100096K) NonClass: 85923K(86528K)->85923K(86528K) Class: 12919K(13568K)->12919K(13568K)
[2025-12-24T05:44:49.022+0000][1312.026s][info][gc          ] GC(512) Pause Young (Normal) (G1 Evacuation Pause) 466M->141M(544M) 3.476ms
[2025-12-24T05:44:49.022+0000][1312.026s][info][gc,cpu      ] GC(512) User=0.00s Sys=0.00s Real=0.01s
[2025-12-24T05:44:51.805+0000][1314.809s][info][gc,start    ] GC(513) Pause Young (Normal) (G1 Evacuation Pause)
[2025-12-24T05:44:51.805+0000][1314.809s][info][gc,task     ] GC(513) Using 3 workers of 3 for evacuation
[2025-12-24T05:44:51.808+0000][1314.812s][info][gc,phases   ] GC(513)   Pre Evacuate Collection Set: 0.1ms
[2025-12-24T05:44:51.808+0000][1314.812s][info][gc,phases   ] GC(513)   Merge Heap Roots: 0.1ms
[2025-12-24T05:44:51.808+0000][1314.812s][info][gc,phases   ] GC(513)   Evacuate Collection Set: 1.7ms
[2025-12-24T05:44:51.808+0000][1314.812s][info][gc,phases   ] GC(513)   Post Evacuate Collection Set: 0.5ms
[2025-12-24T05:44:51.808+0000][1314.812s][info][gc,phases   ] GC(513)   Other: 0.9ms
[2025-12-24T05:44:51.808+0000][1314.813s][info][gc,heap     ] GC(513) Eden regions: 325->0(325)
[2025-12-24T05:44:51.809+0000][1314.813s][info][gc,heap     ] GC(513) Survivor regions: 1->1(41)
[2025-12-24T05:44:51.809+0000][1314.813s][info][gc,heap     ] GC(513) Old regions: 102->102
[2025-12-24T05:44:51.809+0000][1314.813s][info][gc,heap     ] GC(513) Archive regions: 2->2
[2025-12-24T05:44:51.809+0000][1314.813s][info][gc,heap     ] GC(513) Humongous regions: 38->38
[2025-12-24T05:44:51.809+0000][1314.813s][info][gc,metaspace] GC(513) Metaspace: 98842K(100096K)->98842K(100096K) NonClass: 85923K(86528K)->85923K(86528K) Class: 12919K(13568K)->12919K(13568K)
[2025-12-24T05:44:51.809+0000][1314.813s][info][gc          ] GC(513) Pause Young (Normal) (G1 Evacuation Pause) 466M->141M(544M) 4.440ms
[2025-12-24T05:44:51.809+0000][1314.813s][info][gc,cpu      ] GC(513) User=0.01s Sys=0.00s Real=0.01s
[2025-12-24T05:44:56.091+0000][1319.095s][info][gc,start    ] GC(514) Pause Young (Normal) (G1 Evacuation Pause)
[2025-12-24T05:44:56.092+0000][1319.096s][info][gc,task     ] GC(514) Using 3 workers of 3 for evacuation
[2025-12-24T05:44:56.094+0000][1319.098s][info][gc,phases   ] GC(514)   Pre Evacuate Collection Set: 0.1ms
[2025-12-24T05:44:56.094+0000][1319.099s][info][gc,phases   ] GC(514)   Merge Heap Roots: 0.1ms
[2025-12-24T05:44:56.094+0000][1319.099s][info][gc,phases   ] GC(514)   Evacuate Collection Set: 1.5ms
[2025-12-24T05:44:56.095+0000][1319.099s][info][gc,phases   ] GC(514)   Post Evacuate Collection Set: 0.5ms
[2025-12-24T05:44:56.095+0000][1319.099s][info][gc,phases   ] GC(514)   Other: 0.9ms
[2025-12-24T05:44:56.095+0000][1319.099s][info][gc,heap     ] GC(514) Eden regions: 325->0(325)
[2025-12-24T05:44:56.095+0000][1319.099s][info][gc,heap     ] GC(514) Survivor regions: 1->1(41)
[2025-12-24T05:44:56.095+0000][1319.099s][info][gc,heap     ] GC(514) Old regions: 102->102
[2025-12-24T05:44:56.095+0000][1319.099s][info][gc,heap     ] GC(514) Archive regions: 2->2
[2025-12-24T05:44:56.095+0000][1319.099s][info][gc,heap     ] GC(514) Humongous regions: 38->38
[2025-12-24T05:44:56.095+0000][1319.099s][info][gc,metaspace] GC(514) Metaspace: 98842K(100096K)->98842K(100096K) NonClass: 85923K(86528K)->85923K(86528K) Class: 12919K(13568K)->12919K(13568K)
[2025-12-24T05:44:56.095+0000][1319.099s][info][gc          ] GC(514) Pause Young (Normal) (G1 Evacuation Pause) 466M->141M(544M) 3.787ms
[2025-12-24T05:44:56.095+0000][1319.099s][info][gc,cpu      ] GC(514) User=0.01s Sys=0.00s Real=0.00s
[2025-12-24T05:45:00.404+0000][1323.408s][info][gc,start    ] GC(515) Pause Young (Normal) (G1 Evacuation Pause)
[2025-12-24T05:45:00.405+0000][1323.409s][info][gc,task     ] GC(515) Using 3 workers of 3 for evacuation
[2025-12-24T05:45:00.408+0000][1323.412s][info][gc,phases   ] GC(515)   Pre Evacuate Collection Set: 0.2ms
[2025-12-24T05:45:00.408+0000][1323.412s][info][gc,phases   ] GC(515)   Merge Heap Roots: 0.1ms
[2025-12-24T05:45:00.408+0000][1323.412s][info][gc,phases   ] GC(515)   Evacuate Collection Set: 2.0ms
[2025-12-24T05:45:00.408+0000][1323.412s][info][gc,phases   ] GC(515)   Post Evacuate Collection Set: 0.6ms
[2025-12-24T05:45:00.408+0000][1323.412s][info][gc,phases   ] GC(515)   Other: 1.0ms
[2025-12-24T05:45:00.408+0000][1323.413s][info][gc,heap     ] GC(515) Eden regions: 325->0(325)
[2025-12-24T05:45:00.408+0000][1323.413s][info][gc,heap     ] GC(515) Survivor regions: 1->1(41)
[2025-12-24T05:45:00.409+0000][1323.413s][info][gc,heap     ] GC(515) Old regions: 102->102
[2025-12-24T05:45:00.409+0000][1323.413s][info][gc,heap     ] GC(515) Archive regions: 2->2
[2025-12-24T05:45:00.409+0000][1323.413s][info][gc,heap     ] GC(515) Humongous regions: 38->38
[2025-12-24T05:45:00.409+0000][1323.413s][info][gc,metaspace] GC(515) Metaspace: 98844K(100096K)->98844K(100096K) NonClass: 85925K(86528K)->85925K(86528K) Class: 12919K(13568K)->12919K(13568K)
[2025-12-24T05:45:00.409+0000][1323.413s][info][gc          ] GC(515) Pause Young (Normal) (G1 Evacuation Pause) 466M->141M(544M) 4.779ms
[2025-12-24T05:45:00.409+0000][1323.413s][info][gc,cpu      ] GC(515) User=0.00s Sys=0.00s Real=0.01s
[2025-12-24T05:45:04.762+0000][1327.766s][info][gc,start    ] GC(516) Pause Young (Normal) (G1 Evacuation Pause)
[2025-12-24T05:45:04.763+0000][1327.767s][info][gc,task     ] GC(516) Using 3 workers of 3 for evacuation
[2025-12-24T05:45:04.765+0000][1327.769s][info][gc,phases   ] GC(516)   Pre Evacuate Collection Set: 0.1ms
[2025-12-24T05:45:04.765+0000][1327.769s][info][gc,phases   ] GC(516)   Merge Heap Roots: 0.1ms
[2025-12-24T05:45:04.765+0000][1327.770s][info][gc,phases   ] GC(516)   Evacuate Collection Set: 1.6ms
[2025-12-24T05:45:04.766+0000][1327.770s][info][gc,phases   ] GC(516)   Post Evacuate Collection Set: 0.6ms
[2025-12-24T05:45:04.766+0000][1327.770s][info][gc,phases   ] GC(516)   Other: 0.6ms
[2025-12-24T05:45:04.766+0000][1327.770s][info][gc,heap     ] GC(516) Eden regions: 325->0(325)
[2025-12-24T05:45:04.766+0000][1327.770s][info][gc,heap     ] GC(516) Survivor regions: 1->1(41)
[2025-12-24T05:45:04.766+0000][1327.770s][info][gc,heap     ] GC(516) Old regions: 102->102
[2025-12-24T05:45:04.766+0000][1327.770s][info][gc,heap     ] GC(516) Archive regions: 2->2
[2025-12-24T05:45:04.766+0000][1327.770s][info][gc,heap     ] GC(516) Humongous regions: 38->38
[2025-12-24T05:45:04.766+0000][1327.770s][info][gc,metaspace] GC(516) Metaspace: 98844K(100096K)->98844K(100096K) NonClass: 85925K(86528K)->85925K(86528K) Class: 12919K(13568K)->12919K(13568K)
[2025-12-24T05:45:04.766+0000][1327.771s][info][gc          ] GC(516) Pause Young (Normal) (G1 Evacuation Pause) 466M->141M(544M) 4.061ms
[2025-12-24T05:45:04.767+0000][1327.771s][info][gc,cpu      ] GC(516) User=0.00s Sys=0.00s Real=0.00s
[2025-12-24T05:45:07.583+0000][1330.587s][info][gc,start    ] GC(517) Pause Young (Normal) (G1 Evacuation Pause)
[2025-12-24T05:45:07.584+0000][1330.588s][info][gc,task     ] GC(517) Using 3 workers of 3 for evacuation
[2025-12-24T05:45:07.585+0000][1330.589s][info][gc,phases   ] GC(517)   Pre Evacuate Collection Set: 0.1ms
[2025-12-24T05:45:07.585+0000][1330.589s][info][gc,phases   ] GC(517)   Merge Heap Roots: 0.1ms
[2025-12-24T05:45:07.585+0000][1330.589s][info][gc,phases   ] GC(517)   Evacuate Collection Set: 0.9ms
[2025-12-24T05:45:07.585+0000][1330.589s][info][gc,phases   ] GC(517)   Post Evacuate Collection Set: 0.4ms
[2025-12-24T05:45:07.585+0000][1330.589s][info][gc,phases   ] GC(517)   Other: 0.5ms
[2025-12-24T05:45:07.585+0000][1330.590s][info][gc,heap     ] GC(517) Eden regions: 325->0(325)
[2025-12-24T05:45:07.585+0000][1330.590s][info][gc,heap     ] GC(517) Survivor regions: 1->1(41)
[2025-12-24T05:45:07.585+0000][1330.590s][info][gc,heap     ] GC(517) Old regions: 102->102
[2025-12-24T05:45:07.586+0000][1330.590s][info][gc,heap     ] GC(517) Archive regions: 2->2
[2025-12-24T05:45:07.586+0000][1330.590s][info][gc,heap     ] GC(517) Humongous regions: 38->38
[2025-12-24T05:45:07.586+0000][1330.590s][info][gc,metaspace] GC(517) Metaspace: 98844K(100096K)->98844K(100096K) NonClass: 85925K(86528K)->85925K(86528K) Class: 12919K(13568K)->12919K(13568K)
[2025-12-24T05:45:07.586+0000][1330.590s][info][gc          ] GC(517) Pause Young (Normal) (G1 Evacuation Pause) 466M->141M(544M) 2.349ms
[2025-12-24T05:45:07.586+0000][1330.590s][info][gc,cpu      ] GC(517) User=0.00s Sys=0.00s Real=0.00s
[2025-12-24T05:45:11.853+0000][1334.857s][info][gc,start    ] GC(518) Pause Young (Normal) (G1 Evacuation Pause)
[2025-12-24T05:45:11.854+0000][1334.858s][info][gc,task     ] GC(518) Using 3 workers of 3 for evacuation
[2025-12-24T05:45:11.856+0000][1334.860s][info][gc,phases   ] GC(518)   Pre Evacuate Collection Set: 0.2ms
[2025-12-24T05:45:11.856+0000][1334.861s][info][gc,phases   ] GC(518)   Merge Heap Roots: 0.1ms
[2025-12-24T05:45:11.857+0000][1334.861s][info][gc,phases   ] GC(518)   Evacuate Collection Set: 1.7ms
[2025-12-24T05:45:11.857+0000][1334.861s][info][gc,phases   ] GC(518)   Post Evacuate Collection Set: 0.5ms
[2025-12-24T05:45:11.857+0000][1334.861s][info][gc,phases   ] GC(518)   Other: 0.6ms
[2025-12-24T05:45:11.857+0000][1334.861s][info][gc,heap     ] GC(518) Eden regions: 325->0(325)
[2025-12-24T05:45:11.857+0000][1334.861s][info][gc,heap     ] GC(518) Survivor regions: 1->1(41)
[2025-12-24T05:45:11.857+0000][1334.861s][info][gc,heap     ] GC(518) Old regions: 102->102
[2025-12-24T05:45:11.857+0000][1334.861s][info][gc,heap     ] GC(518) Archive regions: 2->2
[2025-12-24T05:45:11.857+0000][1334.861s][info][gc,heap     ] GC(518) Humongous regions: 38->38
[2025-12-24T05:45:11.857+0000][1334.862s][info][gc,metaspace] GC(518) Metaspace: 98845K(100096K)->98845K(100096K) NonClass: 85926K(86528K)->85926K(86528K) Class: 12919K(13568K)->12919K(13568K)
[2025-12-24T05:45:11.858+0000][1334.862s][info][gc          ] GC(518) Pause Young (Normal) (G1 Evacuation Pause) 466M->141M(544M) 4.300ms
[2025-12-24T05:45:11.858+0000][1334.862s][info][gc,cpu      ] GC(518) User=0.01s Sys=0.00s Real=0.00s
[2025-12-24T05:45:16.130+0000][1339.134s][info][gc,start    ] GC(519) Pause Young (Normal) (G1 Evacuation Pause)
[2025-12-24T05:45:16.130+0000][1339.135s][info][gc,task     ] GC(519) Using 3 workers of 3 for evacuation
[2025-12-24T05:45:16.133+0000][1339.138s][info][gc,phases   ] GC(519)   Pre Evacuate Collection Set: 0.1ms
[2025-12-24T05:45:16.134+0000][1339.138s][info][gc,phases   ] GC(519)   Merge Heap Roots: 0.1ms
[2025-12-24T05:45:16.134+0000][1339.138s][info][gc,phases   ] GC(519)   Evacuate Collection Set: 1.8ms
[2025-12-24T05:45:16.134+0000][1339.138s][info][gc,phases   ] GC(519)   Post Evacuate Collection Set: 0.6ms
[2025-12-24T05:45:16.134+0000][1339.138s][info][gc,phases   ] GC(519)   Other: 0.9ms
[2025-12-24T05:45:16.134+0000][1339.138s][info][gc,heap     ] GC(519) Eden regions: 325->0(325)
[2025-12-24T05:45:16.134+0000][1339.138s][info][gc,heap     ] GC(519) Survivor regions: 1->1(41)
[2025-12-24T05:45:16.134+0000][1339.139s][info][gc,heap     ] GC(519) Old regions: 102->102
[2025-12-24T05:45:16.135+0000][1339.139s][info][gc,heap     ] GC(519) Archive regions: 2->2
[2025-12-24T05:45:16.135+0000][1339.139s][info][gc,heap     ] GC(519) Humongous regions: 38->38
[2025-12-24T05:45:16.135+0000][1339.139s][info][gc,metaspace] GC(519) Metaspace: 98845K(100096K)->98845K(100096K) NonClass: 85926K(86528K)->85926K(86528K) Class: 12919K(13568K)->12919K(13568K)
[2025-12-24T05:45:16.135+0000][1339.139s][info][gc          ] GC(519) Pause Young (Normal) (G1 Evacuation Pause) 466M->141M(544M) 4.945ms
[2025-12-24T05:45:16.135+0000][1339.139s][info][gc,cpu      ] GC(519) User=0.01s Sys=0.00s Real=0.00s
[2025-12-24T05:45:20.376+0000][1343.380s][info][gc,start    ] GC(520) Pause Young (Normal) (G1 Evacuation Pause)
[2025-12-24T05:45:20.376+0000][1343.380s][info][gc,task     ] GC(520) Using 3 workers of 3 for evacuation
[2025-12-24T05:45:20.378+0000][1343.382s][info][gc,phases   ] GC(520)   Pre Evacuate Collection Set: 0.1ms
[2025-12-24T05:45:20.378+0000][1343.382s][info][gc,phases   ] GC(520)   Merge Heap Roots: 0.1ms
[2025-12-24T05:45:20.378+0000][1343.383s][info][gc,phases   ] GC(520)   Evacuate Collection Set: 1.1ms
[2025-12-24T05:45:20.379+0000][1343.383s][info][gc,phases   ] GC(520)   Post Evacuate Collection Set: 0.5ms
[2025-12-24T05:45:20.379+0000][1343.383s][info][gc,phases   ] GC(520)   Other: 0.5ms
[2025-12-24T05:45:20.379+0000][1343.383s][info][gc,heap     ] GC(520) Eden regions: 325->0(325)
[2025-12-24T05:45:20.379+0000][1343.383s][info][gc,heap     ] GC(520) Survivor regions: 1->1(41)
[2025-12-24T05:45:20.379+0000][1343.383s][info][gc,heap     ] GC(520) Old regions: 102->102
[2025-12-24T05:45:20.379+0000][1343.383s][info][gc,heap     ] GC(520) Archive regions: 2->2
[2025-12-24T05:45:20.379+0000][1343.383s][info][gc,heap     ] GC(520) Humongous regions: 38->38
[2025-12-24T05:45:20.379+0000][1343.383s][info][gc,metaspace] GC(520) Metaspace: 98845K(100096K)->98845K(100096K) NonClass: 85926K(86528K)->85926K(86528K) Class: 12919K(13568K)->12919K(13568K)
[2025-12-24T05:45:20.380+0000][1343.384s][info][gc          ] GC(520) Pause Young (Normal) (G1 Evacuation Pause) 466M->141M(544M) 3.481ms
[2025-12-24T05:45:20.380+0000][1343.384s][info][gc,cpu      ] GC(520) User=0.00s Sys=0.01s Real=0.01s
[2025-12-24T05:45:23.221+0000][1346.225s][info][gc,start    ] GC(521) Pause Young (Normal) (G1 Evacuation Pause)
[2025-12-24T05:45:23.222+0000][1346.226s][info][gc,task     ] GC(521) Using 3 workers of 3 for evacuation
[2025-12-24T05:45:23.227+0000][1346.232s][info][gc,phases   ] GC(521)   Pre Evacuate Collection Set: 0.2ms
[2025-12-24T05:45:23.228+0000][1346.232s][info][gc,phases   ] GC(521)   Merge Heap Roots: 0.0ms
[2025-12-24T05:45:23.228+0000][1346.232s][info][gc,phases   ] GC(521)   Evacuate Collection Set: 4.3ms
[2025-12-24T05:45:23.228+0000][1346.232s][info][gc,phases   ] GC(521)   Post Evacuate Collection Set: 0.7ms
[2025-12-24T05:45:23.228+0000][1346.232s][info][gc,phases   ] GC(521)   Other: 1.0ms
[2025-12-24T05:45:23.228+0000][1346.232s][info][gc,heap     ] GC(521) Eden regions: 325->0(325)
[2025-12-24T05:45:23.228+0000][1346.232s][info][gc,heap     ] GC(521) Survivor regions: 1->1(41)
[2025-12-24T05:45:23.228+0000][1346.232s][info][gc,heap     ] GC(521) Old regions: 102->102
[2025-12-24T05:45:23.228+0000][1346.233s][info][gc,heap     ] GC(521) Archive regions: 2->2
[2025-12-24T05:45:23.228+0000][1346.233s][info][gc,heap     ] GC(521) Humongous regions: 38->38
[2025-12-24T05:45:23.229+0000][1346.233s][info][gc,metaspace] GC(521) Metaspace: 98864K(100096K)->98864K(100096K) NonClass: 85945K(86528K)->85945K(86528K) Class: 12919K(13568K)->12919K(13568K)
[2025-12-24T05:45:23.229+0000][1346.233s][info][gc          ] GC(521) Pause Young (Normal) (G1 Evacuation Pause) 466M->141M(544M) 7.364ms
[2025-12-24T05:45:23.229+0000][1346.233s][info][gc,cpu      ] GC(521) User=0.00s Sys=0.00s Real=0.01s
[2025-12-24T05:45:27.510+0000][1350.514s][info][gc,start    ] GC(522) Pause Young (Normal) (G1 Evacuation Pause)
[2025-12-24T05:45:27.511+0000][1350.515s][info][gc,task     ] GC(522) Using 3 workers of 3 for evacuation
[2025-12-24T05:45:27.513+0000][1350.517s][info][gc,phases   ] GC(522)   Pre Evacuate Collection Set: 0.1ms
[2025-12-24T05:45:27.513+0000][1350.517s][info][gc,phases   ] GC(522)   Merge Heap Roots: 0.1ms
[2025-12-24T05:45:27.513+0000][1350.517s][info][gc,phases   ] GC(522)   Evacuate Collection Set: 1.2ms
[2025-12-24T05:45:27.513+0000][1350.517s][info][gc,phases   ] GC(522)   Post Evacuate Collection Set: 0.5ms
[2025-12-24T05:45:27.513+0000][1350.517s][info][gc,phases   ] GC(522)   Other: 0.5ms
[2025-12-24T05:45:27.513+0000][1350.517s][info][gc,heap     ] GC(522) Eden regions: 325->0(325)
[2025-12-24T05:45:27.513+0000][1350.517s][info][gc,heap     ] GC(522) Survivor regions: 1->1(41)
[2025-12-24T05:45:27.513+0000][1350.517s][info][gc,heap     ] GC(522) Old regions: 102->103
[2025-12-24T05:45:27.513+0000][1350.517s][info][gc,heap     ] GC(522) Archive regions: 2->2
[2025-12-24T05:45:27.513+0000][1350.517s][info][gc,heap     ] GC(522) Humongous regions: 38->38
[2025-12-24T05:45:27.513+0000][1350.517s][info][gc,metaspace] GC(522) Metaspace: 98864K(100096K)->98864K(100096K) NonClass: 85945K(86528K)->85945K(86528K) Class: 12919K(13568K)->12919K(13568K)
[2025-12-24T05:45:27.513+0000][1350.517s][info][gc          ] GC(522) Pause Young (Normal) (G1 Evacuation Pause) 466M->141M(544M) 3.036ms
[2025-12-24T05:45:27.513+0000][1350.518s][info][gc,cpu      ] GC(522) User=0.01s Sys=0.00s Real=0.00s
[2025-12-24T05:45:31.788+0000][1354.792s][info][gc,start    ] GC(523) Pause Young (Normal) (G1 Evacuation Pause)
[2025-12-24T05:45:31.789+0000][1354.793s][info][gc,task     ] GC(523) Using 3 workers of 3 for evacuation
[2025-12-24T05:45:31.791+0000][1354.795s][info][gc,phases   ] GC(523)   Pre Evacuate Collection Set: 0.1ms
[2025-12-24T05:45:31.791+0000][1354.795s][info][gc,phases   ] GC(523)   Merge Heap Roots: 0.1ms
[2025-12-24T05:45:31.791+0000][1354.795s][info][gc,phases   ] GC(523)   Evacuate Collection Set: 1.3ms
[2025-12-24T05:45:31.791+0000][1354.795s][info][gc,phases   ] GC(523)   Post Evacuate Collection Set: 0.5ms
[2025-12-24T05:45:31.791+0000][1354.795s][info][gc,phases   ] GC(523)   Other: 0.5ms
[2025-12-24T05:45:31.791+0000][1354.795s][info][gc,heap     ] GC(523) Eden regions: 325->0(325)
[2025-12-24T05:45:31.791+0000][1354.796s][info][gc,heap     ] GC(523) Survivor regions: 1->1(41)
[2025-12-24T05:45:31.792+0000][1354.796s][info][gc,heap     ] GC(523) Old regions: 103->103
[2025-12-24T05:45:31.792+0000][1354.796s][info][gc,heap     ] GC(523) Archive regions: 2->2
[2025-12-24T05:45:31.792+0000][1354.796s][info][gc,heap     ] GC(523) Humongous regions: 38->38
[2025-12-24T05:45:31.792+0000][1354.796s][info][gc,metaspace] GC(523) Metaspace: 98865K(100096K)->98865K(100096K) NonClass: 85946K(86528K)->85946K(86528K) Class: 12919K(13568K)->12919K(13568K)
[2025-12-24T05:45:31.792+0000][1354.796s][info][gc          ] GC(523) Pause Young (Normal) (G1 Evacuation Pause) 466M->141M(544M) 3.667ms
[2025-12-24T05:45:31.792+0000][1354.796s][info][gc,cpu      ] GC(523) User=0.01s Sys=0.00s Real=0.01s
[2025-12-24T05:45:36.104+0000][1359.108s][info][gc,start    ] GC(524) Pause Young (Normal) (G1 Evacuation Pause)
[2025-12-24T05:45:36.104+0000][1359.108s][info][gc,task     ] GC(524) Using 3 workers of 3 for evacuation
[2025-12-24T05:45:36.106+0000][1359.110s][info][gc,phases   ] GC(524)   Pre Evacuate Collection Set: 0.1ms
[2025-12-24T05:45:36.106+0000][1359.110s][info][gc,phases   ] GC(524)   Merge Heap Roots: 0.1ms
[2025-12-24T05:45:36.106+0000][1359.110s][info][gc,phases   ] GC(524)   Evacuate Collection Set: 1.2ms
[2025-12-24T05:45:36.106+0000][1359.110s][info][gc,phases   ] GC(524)   Post Evacuate Collection Set: 0.6ms
[2025-12-24T05:45:36.106+0000][1359.111s][info][gc,phases   ] GC(524)   Other: 0.6ms
[2025-12-24T05:45:36.107+0000][1359.111s][info][gc,heap     ] GC(524) Eden regions: 325->0(325)
[2025-12-24T05:45:36.107+0000][1359.111s][info][gc,heap     ] GC(524) Survivor regions: 1->1(41)
[2025-12-24T05:45:36.107+0000][1359.111s][info][gc,heap     ] GC(524) Old regions: 103->103
[2025-12-24T05:45:36.107+0000][1359.111s][info][gc,heap     ] GC(524) Archive regions: 2->2
[2025-12-24T05:45:36.107+0000][1359.111s][info][gc,heap     ] GC(524) Humongous regions: 38->38
[2025-12-24T05:45:36.107+0000][1359.111s][info][gc,metaspace] GC(524) Metaspace: 98865K(100096K)->98865K(100096K) NonClass: 85946K(86528K)->85946K(86528K) Class: 12919K(13568K)->12919K(13568K)
[2025-12-24T05:45:36.107+0000][1359.111s][info][gc          ] GC(524) Pause Young (Normal) (G1 Evacuation Pause) 466M->141M(544M) 3.682ms
[2025-12-24T05:45:36.107+0000][1359.112s][info][gc,cpu      ] GC(524) User=0.00s Sys=0.00s Real=0.00s
[2025-12-24T05:45:38.906+0000][1361.910s][info][gc,start    ] GC(525) Pause Young (Normal) (G1 Evacuation Pause)
[2025-12-24T05:45:38.906+0000][1361.910s][info][gc,task     ] GC(525) Using 3 workers of 3 for evacuation
[2025-12-24T05:45:38.908+0000][1361.912s][info][gc,phases   ] GC(525)   Pre Evacuate Collection Set: 0.1ms
[2025-12-24T05:45:38.908+0000][1361.912s][info][gc,phases   ] GC(525)   Merge Heap Roots: 0.1ms
[2025-12-24T05:45:38.908+0000][1361.912s][info][gc,phases   ] GC(525)   Evacuate Collection Set: 1.1ms
[2025-12-24T05:45:38.908+0000][1361.912s][info][gc,phases   ] GC(525)   Post Evacuate Collection Set: 0.5ms
[2025-12-24T05:45:38.908+0000][1361.912s][info][gc,phases   ] GC(525)   Other: 0.6ms
[2025-12-24T05:45:38.908+0000][1361.913s][info][gc,heap     ] GC(525) Eden regions: 325->0(325)
[2025-12-24T05:45:38.909+0000][1361.913s][info][gc,heap     ] GC(525) Survivor regions: 1->1(41)
[2025-12-24T05:45:38.909+0000][1361.913s][info][gc,heap     ] GC(525) Old regions: 103->103
[2025-12-24T05:45:38.909+0000][1361.913s][info][gc,heap     ] GC(525) Archive regions: 2->2
[2025-12-24T05:45:38.909+0000][1361.913s][info][gc,heap     ] GC(525) Humongous regions: 38->38
[2025-12-24T05:45:38.909+0000][1361.913s][info][gc,metaspace] GC(525) Metaspace: 98865K(100096K)->98865K(100096K) NonClass: 85946K(86528K)->85946K(86528K) Class: 12919K(13568K)->12919K(13568K)
[2025-12-24T05:45:38.909+0000][1361.913s][info][gc          ] GC(525) Pause Young (Normal) (G1 Evacuation Pause) 466M->141M(544M) 3.653ms
[2025-12-24T05:45:38.909+0000][1361.914s][info][gc,cpu      ] GC(525) User=0.00s Sys=0.00s Real=0.01s
[2025-12-24T05:45:43.163+0000][1366.168s][info][gc,start    ] GC(526) Pause Young (Normal) (G1 Evacuation Pause)
[2025-12-24T05:45:43.165+0000][1366.169s][info][gc,task     ] GC(526) Using 3 workers of 3 for evacuation
[2025-12-24T05:45:43.167+0000][1366.171s][info][gc,phases   ] GC(526)   Pre Evacuate Collection Set: 0.1ms
[2025-12-24T05:45:43.167+0000][1366.171s][info][gc,phases   ] GC(526)   Merge Heap Roots: 0.1ms
[2025-12-24T05:45:43.167+0000][1366.171s][info][gc,phases   ] GC(526)   Evacuate Collection Set: 1.2ms
[2025-12-24T05:45:43.167+0000][1366.171s][info][gc,phases   ] GC(526)   Post Evacuate Collection Set: 0.5ms
[2025-12-24T05:45:43.167+0000][1366.171s][info][gc,phases   ] GC(526)   Other: 1.5ms
[2025-12-24T05:45:43.167+0000][1366.171s][info][gc,heap     ] GC(526) Eden regions: 325->0(325)
[2025-12-24T05:45:43.167+0000][1366.172s][info][gc,heap     ] GC(526) Survivor regions: 1->1(41)
[2025-12-24T05:45:43.168+0000][1366.172s][info][gc,heap     ] GC(526) Old regions: 103->103
[2025-12-24T05:45:43.168+0000][1366.172s][info][gc,heap     ] GC(526) Archive regions: 2->2
[2025-12-24T05:45:43.168+0000][1366.172s][info][gc,heap     ] GC(526) Humongous regions: 38->38
[2025-12-24T05:45:43.168+0000][1366.172s][info][gc,metaspace] GC(526) Metaspace: 98865K(100096K)->98865K(100096K) NonClass: 85946K(86528K)->85946K(86528K) Class: 12919K(13568K)->12919K(13568K)
[2025-12-24T05:45:43.168+0000][1366.172s][info][gc          ] GC(526) Pause Young (Normal) (G1 Evacuation Pause) 466M->141M(544M) 4.687ms
[2025-12-24T05:45:43.168+0000][1366.172s][info][gc,cpu      ] GC(526) User=0.01s Sys=0.00s Real=0.00s
[2025-12-24T05:45:47.411+0000][1370.416s][info][gc,start    ] GC(527) Pause Young (Normal) (G1 Evacuation Pause)
[2025-12-24T05:45:47.412+0000][1370.416s][info][gc,task     ] GC(527) Using 3 workers of 3 for evacuation
[2025-12-24T05:45:47.414+0000][1370.418s][info][gc,phases   ] GC(527)   Pre Evacuate Collection Set: 0.1ms
[2025-12-24T05:45:47.414+0000][1370.418s][info][gc,phases   ] GC(527)   Merge Heap Roots: 0.1ms
[2025-12-24T05:45:47.414+0000][1370.418s][info][gc,phases   ] GC(527)   Evacuate Collection Set: 1.3ms
[2025-12-24T05:45:47.414+0000][1370.419s][info][gc,phases   ] GC(527)   Post Evacuate Collection Set: 0.5ms
[2025-12-24T05:45:47.415+0000][1370.419s][info][gc,phases   ] GC(527)   Other: 0.7ms
[2025-12-24T05:45:47.415+0000][1370.419s][info][gc,heap     ] GC(527) Eden regions: 325->0(325)
[2025-12-24T05:45:47.415+0000][1370.419s][info][gc,heap     ] GC(527) Survivor regions: 1->1(41)
[2025-12-24T05:45:47.415+0000][1370.419s][info][gc,heap     ] GC(527) Old regions: 103->103
[2025-12-24T05:45:47.415+0000][1370.419s][info][gc,heap     ] GC(527) Archive regions: 2->2
[2025-12-24T05:45:47.415+0000][1370.419s][info][gc,heap     ] GC(527) Humongous regions: 38->38
[2025-12-24T05:45:47.415+0000][1370.419s][info][gc,metaspace] GC(527) Metaspace: 98865K(100096K)->98865K(100096K) NonClass: 85946K(86528K)->85946K(86528K) Class: 12919K(13568K)->12919K(13568K)
[2025-12-24T05:45:47.415+0000][1370.419s][info][gc          ] GC(527) Pause Young (Normal) (G1 Evacuation Pause) 466M->141M(544M) 3.942ms
[2025-12-24T05:45:47.416+0000][1370.420s][info][gc,cpu      ] GC(527) User=0.01s Sys=0.00s Real=0.00s
[2025-12-24T05:45:51.673+0000][1374.677s][info][gc,start    ] GC(528) Pause Young (Normal) (G1 Evacuation Pause)
[2025-12-24T05:45:51.673+0000][1374.677s][info][gc,task     ] GC(528) Using 3 workers of 3 for evacuation
[2025-12-24T05:45:51.676+0000][1374.680s][info][gc,phases   ] GC(528)   Pre Evacuate Collection Set: 0.1ms
[2025-12-24T05:45:51.676+0000][1374.680s][info][gc,phases   ] GC(528)   Merge Heap Roots: 0.1ms
[2025-12-24T05:45:51.676+0000][1374.680s][info][gc,phases   ] GC(528)   Evacuate Collection Set: 1.6ms
[2025-12-24T05:45:51.676+0000][1374.680s][info][gc,phases   ] GC(528)   Post Evacuate Collection Set: 0.5ms
[2025-12-24T05:45:51.676+0000][1374.680s][info][gc,phases   ] GC(528)   Other: 0.8ms
[2025-12-24T05:45:51.676+0000][1374.680s][info][gc,heap     ] GC(528) Eden regions: 325->0(325)
[2025-12-24T05:45:51.676+0000][1374.680s][info][gc,heap     ] GC(528) Survivor regions: 1->1(41)
[2025-12-24T05:45:51.676+0000][1374.680s][info][gc,heap     ] GC(528) Old regions: 103->103
[2025-12-24T05:45:51.676+0000][1374.680s][info][gc,heap     ] GC(528) Archive regions: 2->2
[2025-12-24T05:45:51.676+0000][1374.680s][info][gc,heap     ] GC(528) Humongous regions: 38->38
[2025-12-24T05:45:51.676+0000][1374.681s][info][gc,metaspace] GC(528) Metaspace: 98865K(100096K)->98865K(100096K) NonClass: 85946K(86528K)->85946K(86528K) Class: 12919K(13568K)->12919K(13568K)
[2025-12-24T05:45:51.676+0000][1374.681s][info][gc          ] GC(528) Pause Young (Normal) (G1 Evacuation Pause) 466M->141M(544M) 3.987ms
[2025-12-24T05:45:51.677+0000][1374.681s][info][gc,cpu      ] GC(528) User=0.01s Sys=0.00s Real=0.00s
[2025-12-24T05:45:54.316+0000][1377.320s][info][gc,start    ] GC(529) Pause Young (Normal) (G1 Evacuation Pause)
[2025-12-24T05:45:54.316+0000][1377.320s][info][gc,task     ] GC(529) Using 3 workers of 3 for evacuation
[2025-12-24T05:45:54.318+0000][1377.322s][info][gc,phases   ] GC(529)   Pre Evacuate Collection Set: 0.1ms
[2025-12-24T05:45:54.318+0000][1377.323s][info][gc,phases   ] GC(529)   Merge Heap Roots: 0.1ms
[2025-12-24T05:45:54.319+0000][1377.323s][info][gc,phases   ] GC(529)   Evacuate Collection Set: 1.2ms
[2025-12-24T05:45:54.319+0000][1377.323s][info][gc,phases   ] GC(529)   Post Evacuate Collection Set: 0.5ms
[2025-12-24T05:45:54.319+0000][1377.323s][info][gc,phases   ] GC(529)   Other: 0.5ms
[2025-12-24T05:45:54.319+0000][1377.323s][info][gc,heap     ] GC(529) Eden regions: 325->0(325)
[2025-12-24T05:45:54.319+0000][1377.323s][info][gc,heap     ] GC(529) Survivor regions: 1->1(41)
[2025-12-24T05:45:54.319+0000][1377.323s][info][gc,heap     ] GC(529) Old regions: 103->103
[2025-12-24T05:45:54.319+0000][1377.323s][info][gc,heap     ] GC(529) Archive regions: 2->2
[2025-12-24T05:45:54.319+0000][1377.323s][info][gc,heap     ] GC(529) Humongous regions: 38->38
[2025-12-24T05:45:54.319+0000][1377.323s][info][gc,metaspace] GC(529) Metaspace: 98867K(100096K)->98867K(100096K) NonClass: 85948K(86528K)->85948K(86528K) Class: 12919K(13568K)->12919K(13568K)
[2025-12-24T05:45:54.319+0000][1377.323s][info][gc          ] GC(529) Pause Young (Normal) (G1 Evacuation Pause) 466M->141M(544M) 2.956ms
[2025-12-24T05:45:54.319+0000][1377.323s][info][gc,cpu      ] GC(529) User=0.01s Sys=0.00s Real=0.01s
[2025-12-24T05:45:58.709+0000][1381.713s][info][gc,start    ] GC(530) Pause Young (Normal) (G1 Evacuation Pause)
[2025-12-24T05:45:58.711+0000][1381.716s][info][gc,task     ] GC(530) Using 3 workers of 3 for evacuation
[2025-12-24T05:45:58.714+0000][1381.718s][info][gc,phases   ] GC(530)   Pre Evacuate Collection Set: 0.1ms
[2025-12-24T05:45:58.714+0000][1381.718s][info][gc,phases   ] GC(530)   Merge Heap Roots: 0.1ms
[2025-12-24T05:45:58.714+0000][1381.718s][info][gc,phases   ] GC(530)   Evacuate Collection Set: 1.6ms
[2025-12-24T05:45:58.714+0000][1381.718s][info][gc,phases   ] GC(530)   Post Evacuate Collection Set: 0.5ms
[2025-12-24T05:45:58.714+0000][1381.718s][info][gc,phases   ] GC(530)   Other: 2.5ms
[2025-12-24T05:45:58.714+0000][1381.719s][info][gc,heap     ] GC(530) Eden regions: 325->0(325)
[2025-12-24T05:45:58.715+0000][1381.719s][info][gc,heap     ] GC(530) Survivor regions: 1->1(41)
[2025-12-24T05:45:58.715+0000][1381.719s][info][gc,heap     ] GC(530) Old regions: 103->103
[2025-12-24T05:45:58.715+0000][1381.719s][info][gc,heap     ] GC(530) Archive regions: 2->2
[2025-12-24T05:45:58.715+0000][1381.719s][info][gc,heap     ] GC(530) Humongous regions: 38->38
[2025-12-24T05:45:58.715+0000][1381.719s][info][gc,metaspace] GC(530) Metaspace: 98870K(100096K)->98870K(100096K) NonClass: 85951K(86528K)->85951K(86528K) Class: 12919K(13568K)->12919K(13568K)
[2025-12-24T05:45:58.715+0000][1381.719s][info][gc          ] GC(530) Pause Young (Normal) (G1 Evacuation Pause) 466M->141M(544M) 5.663ms
[2025-12-24T05:45:58.715+0000][1381.719s][info][gc,cpu      ] GC(530) User=0.00s Sys=0.00s Real=0.00s
[2025-12-24T05:46:02.944+0000][1385.948s][info][gc,start    ] GC(531) Pause Young (Normal) (G1 Evacuation Pause)
[2025-12-24T05:46:02.945+0000][1385.949s][info][gc,task     ] GC(531) Using 3 workers of 3 for evacuation
[2025-12-24T05:46:02.947+0000][1385.951s][info][gc,phases   ] GC(531)   Pre Evacuate Collection Set: 0.1ms
[2025-12-24T05:46:02.947+0000][1385.951s][info][gc,phases   ] GC(531)   Merge Heap Roots: 0.1ms
[2025-12-24T05:46:02.947+0000][1385.951s][info][gc,phases   ] GC(531)   Evacuate Collection Set: 1.4ms
[2025-12-24T05:46:02.947+0000][1385.951s][info][gc,phases   ] GC(531)   Post Evacuate Collection Set: 0.5ms
[2025-12-24T05:46:02.947+0000][1385.951s][info][gc,phases   ] GC(531)   Other: 0.8ms
[2025-12-24T05:46:02.947+0000][1385.951s][info][gc,heap     ] GC(531) Eden regions: 325->0(325)
[2025-12-24T05:46:02.947+0000][1385.951s][info][gc,heap     ] GC(531) Survivor regions: 1->1(41)
[2025-12-24T05:46:02.947+0000][1385.951s][info][gc,heap     ] GC(531) Old regions: 103->103
[2025-12-24T05:46:02.947+0000][1385.952s][info][gc,heap     ] GC(531) Archive regions: 2->2
[2025-12-24T05:46:02.947+0000][1385.952s][info][gc,heap     ] GC(531) Humongous regions: 38->38
[2025-12-24T05:46:02.948+0000][1385.952s][info][gc,metaspace] GC(531) Metaspace: 98870K(100096K)->98870K(100096K) NonClass: 85951K(86528K)->85951K(86528K) Class: 12919K(13568K)->12919K(13568K)
[2025-12-24T05:46:02.948+0000][1385.952s][info][gc          ] GC(531) Pause Young (Normal) (G1 Evacuation Pause) 466M->141M(544M) 3.647ms
[2025-12-24T05:46:02.948+0000][1385.952s][info][gc,cpu      ] GC(531) User=0.00s Sys=0.00s Real=0.00s
[2025-12-24T05:46:06.788+0000][1389.792s][info][gc,start    ] GC(532) Pause Young (Normal) (G1 Evacuation Pause)
[2025-12-24T05:46:06.789+0000][1389.793s][info][gc,task     ] GC(532) Using 3 workers of 3 for evacuation
[2025-12-24T05:46:06.791+0000][1389.795s][info][gc,phases   ] GC(532)   Pre Evacuate Collection Set: 0.1ms
[2025-12-24T05:46:06.791+0000][1389.795s][info][gc,phases   ] GC(532)   Merge Heap Roots: 0.1ms
[2025-12-24T05:46:06.791+0000][1389.795s][info][gc,phases   ] GC(532)   Evacuate Collection Set: 1.4ms
[2025-12-24T05:46:06.791+0000][1389.795s][info][gc,phases   ] GC(532)   Post Evacuate Collection Set: 0.4ms
[2025-12-24T05:46:06.791+0000][1389.795s][info][gc,phases   ] GC(532)   Other: 0.8ms
[2025-12-24T05:46:06.791+0000][1389.795s][info][gc,heap     ] GC(532) Eden regions: 325->0(325)
[2025-12-24T05:46:06.791+0000][1389.795s][info][gc,heap     ] GC(532) Survivor regions: 1->1(41)
[2025-12-24T05:46:06.791+0000][1389.795s][info][gc,heap     ] GC(532) Old regions: 103->103
[2025-12-24T05:46:06.791+0000][1389.796s][info][gc,heap     ] GC(532) Archive regions: 2->2
[2025-12-24T05:46:06.791+0000][1389.796s][info][gc,heap     ] GC(532) Humongous regions: 38->38
[2025-12-24T05:46:06.792+0000][1389.796s][info][gc,metaspace] GC(532) Metaspace: 98870K(100096K)->98870K(100096K) NonClass: 85951K(86528K)->85951K(86528K) Class: 12919K(13568K)->12919K(13568K)
[2025-12-24T05:46:06.792+0000][1389.796s][info][gc          ] GC(532) Pause Young (Normal) (G1 Evacuation Pause) 466M->141M(544M) 3.541ms
[2025-12-24T05:46:06.792+0000][1389.796s][info][gc,cpu      ] GC(532) User=0.00s Sys=0.00s Real=0.01s
[2025-12-24T05:46:09.884+0000][1392.889s][info][gc,start    ] GC(533) Pause Young (Normal) (G1 Evacuation Pause)
[2025-12-24T05:46:09.885+0000][1392.889s][info][gc,task     ] GC(533) Using 3 workers of 3 for evacuation
[2025-12-24T05:46:09.887+0000][1392.891s][info][gc,phases   ] GC(533)   Pre Evacuate Collection Set: 0.1ms
[2025-12-24T05:46:09.887+0000][1392.891s][info][gc,phases   ] GC(533)   Merge Heap Roots: 0.1ms
[2025-12-24T05:46:09.887+0000][1392.891s][info][gc,phases   ] GC(533)   Evacuate Collection Set: 1.1ms
[2025-12-24T05:46:09.887+0000][1392.891s][info][gc,phases   ] GC(533)   Post Evacuate Collection Set: 0.4ms
[2025-12-24T05:46:09.887+0000][1392.891s][info][gc,phases   ] GC(533)   Other: 0.6ms
[2025-12-24T05:46:09.887+0000][1392.891s][info][gc,heap     ] GC(533) Eden regions: 325->0(325)
[2025-12-24T05:46:09.887+0000][1392.891s][info][gc,heap     ] GC(533) Survivor regions: 1->1(41)
[2025-12-24T05:46:09.887+0000][1392.891s][info][gc,heap     ] GC(533) Old regions: 103->103
[2025-12-24T05:46:09.888+0000][1392.892s][info][gc,heap     ] GC(533) Archive regions: 2->2
[2025-12-24T05:46:09.888+0000][1392.892s][info][gc,heap     ] GC(533) Humongous regions: 38->38
[2025-12-24T05:46:09.888+0000][1392.892s][info][gc,metaspace] GC(533) Metaspace: 98870K(100096K)->98870K(100096K) NonClass: 85951K(86528K)->85951K(86528K) Class: 12919K(13568K)->12919K(13568K)
[2025-12-24T05:46:09.888+0000][1392.892s][info][gc          ] GC(533) Pause Young (Normal) (G1 Evacuation Pause) 466M->141M(544M) 3.366ms
[2025-12-24T05:46:09.888+0000][1392.892s][info][gc,cpu      ] GC(533) User=0.00s Sys=0.00s Real=0.00s
[2025-12-24T05:46:14.157+0000][1397.161s][info][gc,start    ] GC(534) Pause Young (Normal) (G1 Evacuation Pause)
[2025-12-24T05:46:14.157+0000][1397.161s][info][gc,task     ] GC(534) Using 3 workers of 3 for evacuation
[2025-12-24T05:46:14.159+0000][1397.163s][info][gc,phases   ] GC(534)   Pre Evacuate Collection Set: 0.1ms
[2025-12-24T05:46:14.159+0000][1397.163s][info][gc,phases   ] GC(534)   Merge Heap Roots: 0.1ms
[2025-12-24T05:46:14.159+0000][1397.163s][info][gc,phases   ] GC(534)   Evacuate Collection Set: 1.3ms
[2025-12-24T05:46:14.159+0000][1397.163s][info][gc,phases   ] GC(534)   Post Evacuate Collection Set: 0.5ms
[2025-12-24T05:46:14.159+0000][1397.163s][info][gc,phases   ] GC(534)   Other: 0.5ms
[2025-12-24T05:46:14.159+0000][1397.163s][info][gc,heap     ] GC(534) Eden regions: 325->0(324)
[2025-12-24T05:46:14.159+0000][1397.163s][info][gc,heap     ] GC(534) Survivor regions: 1->2(41)
[2025-12-24T05:46:14.159+0000][1397.163s][info][gc,heap     ] GC(534) Old regions: 103->103
[2025-12-24T05:46:14.159+0000][1397.164s][info][gc,heap     ] GC(534) Archive regions: 2->2
[2025-12-24T05:46:14.159+0000][1397.164s][info][gc,heap     ] GC(534) Humongous regions: 38->38
[2025-12-24T05:46:14.160+0000][1397.164s][info][gc,metaspace] GC(534) Metaspace: 98870K(100096K)->98870K(100096K) NonClass: 85951K(86528K)->85951K(86528K) Class: 12919K(13568K)->12919K(13568K)
[2025-12-24T05:46:14.160+0000][1397.164s][info][gc          ] GC(534) Pause Young (Normal) (G1 Evacuation Pause) 466M->142M(544M) 2.928ms
[2025-12-24T05:46:14.160+0000][1397.164s][info][gc,cpu      ] GC(534) User=0.00s Sys=0.00s Real=0.01s
[2025-12-24T05:46:18.509+0000][1401.513s][info][gc,start    ] GC(535) Pause Young (Normal) (G1 Evacuation Pause)
[2025-12-24T05:46:18.509+0000][1401.513s][info][gc,task     ] GC(535) Using 3 workers of 3 for evacuation
[2025-12-24T05:46:18.511+0000][1401.516s][info][gc,phases   ] GC(535)   Pre Evacuate Collection Set: 0.2ms
[2025-12-24T05:46:18.512+0000][1401.516s][info][gc,phases   ] GC(535)   Merge Heap Roots: 0.1ms
[2025-12-24T05:46:18.512+0000][1401.516s][info][gc,phases   ] GC(535)   Evacuate Collection Set: 1.5ms
[2025-12-24T05:46:18.512+0000][1401.516s][info][gc,phases   ] GC(535)   Post Evacuate Collection Set: 0.5ms
[2025-12-24T05:46:18.512+0000][1401.516s][info][gc,phases   ] GC(535)   Other: 0.6ms
[2025-12-24T05:46:18.512+0000][1401.516s][info][gc,heap     ] GC(535) Eden regions: 324->0(325)
[2025-12-24T05:46:18.512+0000][1401.516s][info][gc,heap     ] GC(535) Survivor regions: 2->1(41)
[2025-12-24T05:46:18.512+0000][1401.516s][info][gc,heap     ] GC(535) Old regions: 103->103
[2025-12-24T05:46:18.512+0000][1401.516s][info][gc,heap     ] GC(535) Archive regions: 2->2
[2025-12-24T05:46:18.512+0000][1401.516s][info][gc,heap     ] GC(535) Humongous regions: 38->38
[2025-12-24T05:46:18.512+0000][1401.516s][info][gc,metaspace] GC(535) Metaspace: 98870K(100096K)->98870K(100096K) NonClass: 85951K(86528K)->85951K(86528K) Class: 12919K(13568K)->12919K(13568K)
[2025-12-24T05:46:18.512+0000][1401.517s][info][gc          ] GC(535) Pause Young (Normal) (G1 Evacuation Pause) 466M->141M(544M) 3.762ms
[2025-12-24T05:46:18.513+0000][1401.517s][info][gc,cpu      ] GC(535) User=0.01s Sys=0.00s Real=0.00s
[2025-12-24T05:46:21.795+0000][1404.799s][info][gc,start    ] GC(536) Pause Young (Normal) (G1 Evacuation Pause)
[2025-12-24T05:46:21.795+0000][1404.800s][info][gc,task     ] GC(536) Using 3 workers of 3 for evacuation
[2025-12-24T05:46:21.797+0000][1404.802s][info][gc,phases   ] GC(536)   Pre Evacuate Collection Set: 0.1ms
[2025-12-24T05:46:21.798+0000][1404.802s][info][gc,phases   ] GC(536)   Merge Heap Roots: 0.1ms
[2025-12-24T05:46:21.798+0000][1404.802s][info][gc,phases   ] GC(536)   Evacuate Collection Set: 1.1ms
[2025-12-24T05:46:21.798+0000][1404.802s][info][gc,phases   ] GC(536)   Post Evacuate Collection Set: 0.5ms
[2025-12-24T05:46:21.798+0000][1404.802s][info][gc,phases   ] GC(536)   Other: 0.9ms
[2025-12-24T05:46:21.798+0000][1404.802s][info][gc,heap     ] GC(536) Eden regions: 325->0(325)
[2025-12-24T05:46:21.798+0000][1404.802s][info][gc,heap     ] GC(536) Survivor regions: 1->1(41)
[2025-12-24T05:46:21.798+0000][1404.802s][info][gc,heap     ] GC(536) Old regions: 103->103
[2025-12-24T05:46:21.798+0000][1404.802s][info][gc,heap     ] GC(536) Archive regions: 2->2
[2025-12-24T05:46:21.798+0000][1404.803s][info][gc,heap     ] GC(536) Humongous regions: 38->38
[2025-12-24T05:46:21.798+0000][1404.803s][info][gc,metaspace] GC(536) Metaspace: 98870K(100096K)->98870K(100096K) NonClass: 85951K(86528K)->85951K(86528K) Class: 12919K(13568K)->12919K(13568K)
[2025-12-24T05:46:21.799+0000][1404.803s][info][gc          ] GC(536) Pause Young (Normal) (G1 Evacuation Pause) 466M->141M(544M) 3.733ms
[2025-12-24T05:46:21.799+0000][1404.803s][info][gc,cpu      ] GC(536) User=0.01s Sys=0.00s Real=0.01s
[2025-12-24T05:46:25.419+0000][1408.423s][info][gc,start    ] GC(537) Pause Young (Normal) (G1 Evacuation Pause)
[2025-12-24T05:46:25.420+0000][1408.424s][info][gc,task     ] GC(537) Using 3 workers of 3 for evacuation
[2025-12-24T05:46:25.422+0000][1408.426s][info][gc,phases   ] GC(537)   Pre Evacuate Collection Set: 0.1ms
[2025-12-24T05:46:25.422+0000][1408.426s][info][gc,phases   ] GC(537)   Merge Heap Roots: 0.1ms
[2025-12-24T05:46:25.422+0000][1408.427s][info][gc,phases   ] GC(537)   Evacuate Collection Set: 1.5ms
[2025-12-24T05:46:25.423+0000][1408.427s][info][gc,phases   ] GC(537)   Post Evacuate Collection Set: 0.5ms
[2025-12-24T05:46:25.423+0000][1408.427s][info][gc,phases   ] GC(537)   Other: 0.6ms
[2025-12-24T05:46:25.423+0000][1408.427s][info][gc,heap     ] GC(537) Eden regions: 325->0(325)
[2025-12-24T05:46:25.423+0000][1408.427s][info][gc,heap     ] GC(537) Survivor regions: 1->1(41)
[2025-12-24T05:46:25.423+0000][1408.427s][info][gc,heap     ] GC(537) Old regions: 103->103
[2025-12-24T05:46:25.423+0000][1408.427s][info][gc,heap     ] GC(537) Archive regions: 2->2
[2025-12-24T05:46:25.423+0000][1408.427s][info][gc,heap     ] GC(537) Humongous regions: 38->38
[2025-12-24T05:46:25.423+0000][1408.427s][info][gc,metaspace] GC(537) Metaspace: 98870K(100096K)->98870K(100096K) NonClass: 85951K(86528K)->85951K(86528K) Class: 12919K(13568K)->12919K(13568K)
[2025-12-24T05:46:25.423+0000][1408.427s][info][gc          ] GC(537) Pause Young (Normal) (G1 Evacuation Pause) 466M->141M(544M) 3.984ms
[2025-12-24T05:46:25.424+0000][1408.428s][info][gc,cpu      ] GC(537) User=0.00s Sys=0.01s Real=0.00s
[2025-12-24T05:46:29.708+0000][1412.713s][info][gc,start    ] GC(538) Pause Young (Normal) (G1 Evacuation Pause)
[2025-12-24T05:46:29.709+0000][1412.713s][info][gc,task     ] GC(538) Using 3 workers of 3 for evacuation
[2025-12-24T05:46:29.711+0000][1412.716s][info][gc,phases   ] GC(538)   Pre Evacuate Collection Set: 0.1ms
[2025-12-24T05:46:29.712+0000][1412.716s][info][gc,phases   ] GC(538)   Merge Heap Roots: 0.1ms
[2025-12-24T05:46:29.712+0000][1412.716s][info][gc,phases   ] GC(538)   Evacuate Collection Set: 1.7ms
[2025-12-24T05:46:29.712+0000][1412.716s][info][gc,phases   ] GC(538)   Post Evacuate Collection Set: 0.5ms
[2025-12-24T05:46:29.712+0000][1412.716s][info][gc,phases   ] GC(538)   Other: 0.8ms
[2025-12-24T05:46:29.712+0000][1412.716s][info][gc,heap     ] GC(538) Eden regions: 325->0(325)
[2025-12-24T05:46:29.712+0000][1412.716s][info][gc,heap     ] GC(538) Survivor regions: 1->1(41)
[2025-12-24T05:46:29.712+0000][1412.716s][info][gc,heap     ] GC(538) Old regions: 103->103
[2025-12-24T05:46:29.712+0000][1412.716s][info][gc,heap     ] GC(538) Archive regions: 2->2
[2025-12-24T05:46:29.712+0000][1412.716s][info][gc,heap     ] GC(538) Humongous regions: 38->38
[2025-12-24T05:46:29.712+0000][1412.716s][info][gc,metaspace] GC(538) Metaspace: 98870K(100096K)->98870K(100096K) NonClass: 85951K(86528K)->85951K(86528K) Class: 12919K(13568K)->12919K(13568K)
[2025-12-24T05:46:29.712+0000][1412.716s][info][gc          ] GC(538) Pause Young (Normal) (G1 Evacuation Pause) 466M->141M(544M) 3.789ms
[2025-12-24T05:46:29.712+0000][1412.716s][info][gc,cpu      ] GC(538) User=0.01s Sys=0.00s Real=0.01s
[2025-12-24T05:46:33.999+0000][1417.003s][info][gc,start    ] GC(539) Pause Young (Normal) (G1 Evacuation Pause)
[2025-12-24T05:46:33.999+0000][1417.003s][info][gc,task     ] GC(539) Using 3 workers of 3 for evacuation
[2025-12-24T05:46:34.001+0000][1417.005s][info][gc,phases   ] GC(539)   Pre Evacuate Collection Set: 0.1ms
[2025-12-24T05:46:34.001+0000][1417.005s][info][gc,phases   ] GC(539)   Merge Heap Roots: 0.1ms
[2025-12-24T05:46:34.001+0000][1417.005s][info][gc,phases   ] GC(539)   Evacuate Collection Set: 1.3ms
[2025-12-24T05:46:34.001+0000][1417.005s][info][gc,phases   ] GC(539)   Post Evacuate Collection Set: 0.4ms
[2025-12-24T05:46:34.001+0000][1417.005s][info][gc,phases   ] GC(539)   Other: 0.5ms
[2025-12-24T05:46:34.001+0000][1417.006s][info][gc,heap     ] GC(539) Eden regions: 325->0(325)
[2025-12-24T05:46:34.002+0000][1417.006s][info][gc,heap     ] GC(539) Survivor regions: 1->1(41)
[2025-12-24T05:46:34.002+0000][1417.006s][info][gc,heap     ] GC(539) Old regions: 103->103
[2025-12-24T05:46:34.002+0000][1417.006s][info][gc,heap     ] GC(539) Archive regions: 2->2
[2025-12-24T05:46:34.002+0000][1417.006s][info][gc,heap     ] GC(539) Humongous regions: 38->38
[2025-12-24T05:46:34.002+0000][1417.006s][info][gc,metaspace] GC(539) Metaspace: 98870K(100096K)->98870K(100096K) NonClass: 85951K(86528K)->85951K(86528K) Class: 12919K(13568K)->12919K(13568K)
[2025-12-24T05:46:34.002+0000][1417.006s][info][gc          ] GC(539) Pause Young (Normal) (G1 Evacuation Pause) 466M->141M(544M) 2.981ms
[2025-12-24T05:46:34.002+0000][1417.006s][info][gc,cpu      ] GC(539) User=0.00s Sys=0.00s Real=0.00s
[2025-12-24T05:46:36.801+0000][1419.806s][info][gc,start    ] GC(540) Pause Young (Normal) (G1 Evacuation Pause)
[2025-12-24T05:46:36.802+0000][1419.806s][info][gc,task     ] GC(540) Using 3 workers of 3 for evacuation
[2025-12-24T05:46:36.804+0000][1419.808s][info][gc,phases   ] GC(540)   Pre Evacuate Collection Set: 0.1ms
[2025-12-24T05:46:36.804+0000][1419.808s][info][gc,phases   ] GC(540)   Merge Heap Roots: 0.1ms
[2025-12-24T05:46:36.804+0000][1419.808s][info][gc,phases   ] GC(540)   Evacuate Collection Set: 1.1ms
[2025-12-24T05:46:36.804+0000][1419.808s][info][gc,phases   ] GC(540)   Post Evacuate Collection Set: 0.4ms
[2025-12-24T05:46:36.804+0000][1419.808s][info][gc,phases   ] GC(540)   Other: 0.6ms
[2025-12-24T05:46:36.804+0000][1419.808s][info][gc,heap     ] GC(540) Eden regions: 325->0(325)
[2025-12-24T05:46:36.804+0000][1419.808s][info][gc,heap     ] GC(540) Survivor regions: 1->1(41)
[2025-12-24T05:46:36.804+0000][1419.809s][info][gc,heap     ] GC(540) Old regions: 103->103
[2025-12-24T05:46:36.805+0000][1419.809s][info][gc,heap     ] GC(540) Archive regions: 2->2
[2025-12-24T05:46:36.805+0000][1419.809s][info][gc,heap     ] GC(540) Humongous regions: 38->38
[2025-12-24T05:46:36.805+0000][1419.809s][info][gc,metaspace] GC(540) Metaspace: 98871K(100096K)->98871K(100096K) NonClass: 85952K(86528K)->85952K(86528K) Class: 12919K(13568K)->12919K(13568K)
[2025-12-24T05:46:36.805+0000][1419.809s][info][gc          ] GC(540) Pause Young (Normal) (G1 Evacuation Pause) 466M->141M(544M) 3.380ms
[2025-12-24T05:46:36.805+0000][1419.809s][info][gc,cpu      ] GC(540) User=0.01s Sys=0.00s Real=0.00s
[2025-12-24T05:46:40.948+0000][1423.952s][info][gc,start    ] GC(541) Pause Young (Normal) (G1 Evacuation Pause)
[2025-12-24T05:46:40.950+0000][1423.954s][info][gc,task     ] GC(541) Using 3 workers of 3 for evacuation
[2025-12-24T05:46:40.952+0000][1423.956s][info][gc,phases   ] GC(541)   Pre Evacuate Collection Set: 0.1ms
[2025-12-24T05:46:40.953+0000][1423.957s][info][gc,phases   ] GC(541)   Merge Heap Roots: 0.1ms
[2025-12-24T05:46:40.953+0000][1423.957s][info][gc,phases   ] GC(541)   Evacuate Collection Set: 1.8ms
[2025-12-24T05:46:40.953+0000][1423.957s][info][gc,phases   ] GC(541)   Post Evacuate Collection Set: 0.6ms
[2025-12-24T05:46:40.953+0000][1423.957s][info][gc,phases   ] GC(541)   Other: 1.7ms
[2025-12-24T05:46:40.953+0000][1423.957s][info][gc,heap     ] GC(541) Eden regions: 325->0(325)
[2025-12-24T05:46:40.953+0000][1423.957s][info][gc,heap     ] GC(541) Survivor regions: 1->1(41)
[2025-12-24T05:46:40.953+0000][1423.957s][info][gc,heap     ] GC(541) Old regions: 103->103
[2025-12-24T05:46:40.953+0000][1423.957s][info][gc,heap     ] GC(541) Archive regions: 2->2
[2025-12-24T05:46:40.953+0000][1423.958s][info][gc,heap     ] GC(541) Humongous regions: 38->38
[2025-12-24T05:46:40.954+0000][1423.958s][info][gc,metaspace] GC(541) Metaspace: 98872K(100096K)->98872K(100096K) NonClass: 85953K(86528K)->85953K(86528K) Class: 12919K(13568K)->12919K(13568K)
[2025-12-24T05:46:40.954+0000][1423.958s][info][gc          ] GC(541) Pause Young (Normal) (G1 Evacuation Pause) 466M->141M(544M) 5.521ms
[2025-12-24T05:46:40.954+0000][1423.958s][info][gc,cpu      ] GC(541) User=0.01s Sys=0.00s Real=0.01s
[2025-12-24T05:46:45.145+0000][1428.149s][info][gc,start    ] GC(542) Pause Young (Normal) (G1 Evacuation Pause)
[2025-12-24T05:46:45.146+0000][1428.150s][info][gc,task     ] GC(542) Using 3 workers of 3 for evacuation
[2025-12-24T05:46:45.149+0000][1428.153s][info][gc,phases   ] GC(542)   Pre Evacuate Collection Set: 0.1ms
[2025-12-24T05:46:45.149+0000][1428.153s][info][gc,phases   ] GC(542)   Merge Heap Roots: 0.1ms
[2025-12-24T05:46:45.149+0000][1428.153s][info][gc,phases   ] GC(542)   Evacuate Collection Set: 2.1ms
[2025-12-24T05:46:45.149+0000][1428.153s][info][gc,phases   ] GC(542)   Post Evacuate Collection Set: 0.5ms
[2025-12-24T05:46:45.149+0000][1428.153s][info][gc,phases   ] GC(542)   Other: 1.0ms
[2025-12-24T05:46:45.149+0000][1428.153s][info][gc,heap     ] GC(542) Eden regions: 325->0(325)
[2025-12-24T05:46:45.149+0000][1428.153s][info][gc,heap     ] GC(542) Survivor regions: 1->1(41)
[2025-12-24T05:46:45.149+0000][1428.153s][info][gc,heap     ] GC(542) Old regions: 103->103
[2025-12-24T05:46:45.149+0000][1428.153s][info][gc,heap     ] GC(542) Archive regions: 2->2
[2025-12-24T05:46:45.149+0000][1428.154s][info][gc,heap     ] GC(542) Humongous regions: 38->38
[2025-12-24T05:46:45.150+0000][1428.154s][info][gc,metaspace] GC(542) Metaspace: 98872K(100096K)->98872K(100096K) NonClass: 85953K(86528K)->85953K(86528K) Class: 12919K(13568K)->12919K(13568K)
[2025-12-24T05:46:45.150+0000][1428.154s][info][gc          ] GC(542) Pause Young (Normal) (G1 Evacuation Pause) 466M->141M(544M) 4.356ms
[2025-12-24T05:46:45.150+0000][1428.154s][info][gc,cpu      ] GC(542) User=0.01s Sys=0.00s Real=0.01s
[2025-12-24T05:46:49.361+0000][1432.365s][info][gc,start    ] GC(543) Pause Young (Normal) (G1 Evacuation Pause)
[2025-12-24T05:46:49.361+0000][1432.365s][info][gc,task     ] GC(543) Using 3 workers of 3 for evacuation
[2025-12-24T05:46:49.364+0000][1432.368s][info][gc,phases   ] GC(543)   Pre Evacuate Collection Set: 0.1ms
[2025-12-24T05:46:49.364+0000][1432.368s][info][gc,phases   ] GC(543)   Merge Heap Roots: 0.1ms
[2025-12-24T05:46:49.364+0000][1432.368s][info][gc,phases   ] GC(543)   Evacuate Collection Set: 1.6ms
[2025-12-24T05:46:49.364+0000][1432.368s][info][gc,phases   ] GC(543)   Post Evacuate Collection Set: 0.5ms
[2025-12-24T05:46:49.364+0000][1432.368s][info][gc,phases   ] GC(543)   Other: 0.9ms
[2025-12-24T05:46:49.364+0000][1432.368s][info][gc,heap     ] GC(543) Eden regions: 325->0(325)
[2025-12-24T05:46:49.364+0000][1432.368s][info][gc,heap     ] GC(543) Survivor regions: 1->1(41)
[2025-12-24T05:46:49.364+0000][1432.369s][info][gc,heap     ] GC(543) Old regions: 103->103
[2025-12-24T05:46:49.365+0000][1432.369s][info][gc,heap     ] GC(543) Archive regions: 2->2
[2025-12-24T05:46:49.365+0000][1432.369s][info][gc,heap     ] GC(543) Humongous regions: 38->38
[2025-12-24T05:46:49.365+0000][1432.369s][info][gc,metaspace] GC(543) Metaspace: 98872K(100096K)->98872K(100096K) NonClass: 85953K(86528K)->85953K(86528K) Class: 12919K(13568K)->12919K(13568K)
[2025-12-24T05:46:49.365+0000][1432.369s][info][gc          ] GC(543) Pause Young (Normal) (G1 Evacuation Pause) 466M->141M(544M) 4.218ms
[2025-12-24T05:46:49.365+0000][1432.369s][info][gc,cpu      ] GC(543) User=0.01s Sys=0.00s Real=0.00s
[2025-12-24T05:46:52.197+0000][1435.201s][info][gc,start    ] GC(544) Pause Young (Normal) (G1 Evacuation Pause)
[2025-12-24T05:46:52.197+0000][1435.201s][info][gc,task     ] GC(544) Using 3 workers of 3 for evacuation
[2025-12-24T05:46:52.199+0000][1435.203s][info][gc,phases   ] GC(544)   Pre Evacuate Collection Set: 0.1ms
[2025-12-24T05:46:52.199+0000][1435.203s][info][gc,phases   ] GC(544)   Merge Heap Roots: 0.1ms
[2025-12-24T05:46:52.199+0000][1435.203s][info][gc,phases   ] GC(544)   Evacuate Collection Set: 1.0ms
[2025-12-24T05:46:52.199+0000][1435.204s][info][gc,phases   ] GC(544)   Post Evacuate Collection Set: 0.4ms
[2025-12-24T05:46:52.200+0000][1435.204s][info][gc,phases   ] GC(544)   Other: 0.6ms
[2025-12-24T05:46:52.200+0000][1435.204s][info][gc,heap     ] GC(544) Eden regions: 325->0(325)
[2025-12-24T05:46:52.200+0000][1435.204s][info][gc,heap     ] GC(544) Survivor regions: 1->1(41)
[2025-12-24T05:46:52.200+0000][1435.204s][info][gc,heap     ] GC(544) Old regions: 103->103
[2025-12-24T05:46:52.200+0000][1435.204s][info][gc,heap     ] GC(544) Archive regions: 2->2
[2025-12-24T05:46:52.200+0000][1435.204s][info][gc,heap     ] GC(544) Humongous regions: 38->38
[2025-12-24T05:46:52.200+0000][1435.204s][info][gc,metaspace] GC(544) Metaspace: 98882K(100096K)->98882K(100096K) NonClass: 85963K(86528K)->85963K(86528K) Class: 12919K(13568K)->12919K(13568K)
[2025-12-24T05:46:52.200+0000][1435.204s][info][gc          ] GC(544) Pause Young (Normal) (G1 Evacuation Pause) 466M->141M(544M) 3.116ms
[2025-12-24T05:46:52.200+0000][1435.205s][info][gc,cpu      ] GC(544) User=0.00s Sys=0.00s Real=0.01s
[2025-12-24T05:46:56.402+0000][1439.406s][info][gc,start    ] GC(545) Pause Young (Normal) (G1 Evacuation Pause)
[2025-12-24T05:46:56.402+0000][1439.407s][info][gc,task     ] GC(545) Using 3 workers of 3 for evacuation
[2025-12-24T05:46:56.405+0000][1439.409s][info][gc,phases   ] GC(545)   Pre Evacuate Collection Set: 0.1ms
[2025-12-24T05:46:56.405+0000][1439.409s][info][gc,phases   ] GC(545)   Merge Heap Roots: 0.1ms
[2025-12-24T05:46:56.405+0000][1439.409s][info][gc,phases   ] GC(545)   Evacuate Collection Set: 1.5ms
[2025-12-24T05:46:56.405+0000][1439.409s][info][gc,phases   ] GC(545)   Post Evacuate Collection Set: 0.5ms
[2025-12-24T05:46:56.405+0000][1439.409s][info][gc,phases   ] GC(545)   Other: 0.8ms
[2025-12-24T05:46:56.405+0000][1439.409s][info][gc,heap     ] GC(545) Eden regions: 325->0(325)
[2025-12-24T05:46:56.405+0000][1439.410s][info][gc,heap     ] GC(545) Survivor regions: 1->1(41)
[2025-12-24T05:46:56.406+0000][1439.410s][info][gc,heap     ] GC(545) Old regions: 103->103
[2025-12-24T05:46:56.406+0000][1439.410s][info][gc,heap     ] GC(545) Archive regions: 2->2
[2025-12-24T05:46:56.406+0000][1439.410s][info][gc,heap     ] GC(545) Humongous regions: 38->38
[2025-12-24T05:46:56.406+0000][1439.410s][info][gc,metaspace] GC(545) Metaspace: 98882K(100096K)->98882K(100096K) NonClass: 85963K(86528K)->85963K(86528K) Class: 12919K(13568K)->12919K(13568K)
[2025-12-24T05:46:56.406+0000][1439.410s][info][gc          ] GC(545) Pause Young (Normal) (G1 Evacuation Pause) 466M->141M(544M) 3.951ms
[2025-12-24T05:46:56.406+0000][1439.410s][info][gc,cpu      ] GC(545) User=0.00s Sys=0.00s Real=0.00s
[2025-12-24T05:47:00.632+0000][1443.637s][info][gc,start    ] GC(546) Pause Young (Normal) (G1 Evacuation Pause)
[2025-12-24T05:47:00.633+0000][1443.637s][info][gc,task     ] GC(546) Using 3 workers of 3 for evacuation
[2025-12-24T05:47:00.636+0000][1443.640s][info][gc,phases   ] GC(546)   Pre Evacuate Collection Set: 0.1ms
[2025-12-24T05:47:00.636+0000][1443.640s][info][gc,phases   ] GC(546)   Merge Heap Roots: 0.1ms
[2025-12-24T05:47:00.636+0000][1443.640s][info][gc,phases   ] GC(546)   Evacuate Collection Set: 1.9ms
[2025-12-24T05:47:00.636+0000][1443.640s][info][gc,phases   ] GC(546)   Post Evacuate Collection Set: 0.5ms
[2025-12-24T05:47:00.636+0000][1443.640s][info][gc,phases   ] GC(546)   Other: 0.7ms
[2025-12-24T05:47:00.636+0000][1443.640s][info][gc,heap     ] GC(546) Eden regions: 325->0(325)
[2025-12-24T05:47:00.636+0000][1443.640s][info][gc,heap     ] GC(546) Survivor regions: 1->1(41)
[2025-12-24T05:47:00.636+0000][1443.640s][info][gc,heap     ] GC(546) Old regions: 103->103
[2025-12-24T05:47:00.636+0000][1443.640s][info][gc,heap     ] GC(546) Archive regions: 2->2
[2025-12-24T05:47:00.636+0000][1443.640s][info][gc,heap     ] GC(546) Humongous regions: 38->38
[2025-12-24T05:47:00.636+0000][1443.640s][info][gc,metaspace] GC(546) Metaspace: 98883K(100096K)->98883K(100096K) NonClass: 85964K(86528K)->85964K(86528K) Class: 12919K(13568K)->12919K(13568K)
[2025-12-24T05:47:00.636+0000][1443.640s][info][gc          ] GC(546) Pause Young (Normal) (G1 Evacuation Pause) 466M->142M(544M) 3.879ms
[2025-12-24T05:47:00.636+0000][1443.641s][info][gc,cpu      ] GC(546) User=0.01s Sys=0.00s Real=0.00s
[2025-12-24T05:47:05.147+0000][1448.151s][info][gc,start    ] GC(547) Pause Young (Normal) (G1 Evacuation Pause)
[2025-12-24T05:47:05.148+0000][1448.152s][info][gc,task     ] GC(547) Using 3 workers of 3 for evacuation
[2025-12-24T05:47:05.150+0000][1448.154s][info][gc,phases   ] GC(547)   Pre Evacuate Collection Set: 0.1ms
[2025-12-24T05:47:05.150+0000][1448.154s][info][gc,phases   ] GC(547)   Merge Heap Roots: 0.1ms
[2025-12-24T05:47:05.150+0000][1448.154s][info][gc,phases   ] GC(547)   Evacuate Collection Set: 1.4ms
[2025-12-24T05:47:05.150+0000][1448.154s][info][gc,phases   ] GC(547)   Post Evacuate Collection Set: 0.5ms
[2025-12-24T05:47:05.150+0000][1448.155s][info][gc,phases   ] GC(547)   Other: 1.2ms
[2025-12-24T05:47:05.150+0000][1448.155s][info][gc,heap     ] GC(547) Eden regions: 325->0(325)
[2025-12-24T05:47:05.151+0000][1448.155s][info][gc,heap     ] GC(547) Survivor regions: 1->1(41)
[2025-12-24T05:47:05.151+0000][1448.155s][info][gc,heap     ] GC(547) Old regions: 103->103
[2025-12-24T05:47:05.151+0000][1448.155s][info][gc,heap     ] GC(547) Archive regions: 2->2
[2025-12-24T05:47:05.151+0000][1448.155s][info][gc,heap     ] GC(547) Humongous regions: 38->38
[2025-12-24T05:47:05.151+0000][1448.155s][info][gc,metaspace] GC(547) Metaspace: 98883K(100096K)->98883K(100096K) NonClass: 85964K(86528K)->85964K(86528K) Class: 12919K(13568K)->12919K(13568K)
[2025-12-24T05:47:05.151+0000][1448.155s][info][gc          ] GC(547) Pause Young (Normal) (G1 Evacuation Pause) 467M->142M(544M) 4.153ms
[2025-12-24T05:47:05.151+0000][1448.155s][info][gc,cpu      ] GC(547) User=0.01s Sys=0.00s Real=0.01s
[2025-12-24T05:47:07.979+0000][1450.983s][info][gc,start    ] GC(548) Pause Young (Normal) (G1 Evacuation Pause)
[2025-12-24T05:47:07.979+0000][1450.983s][info][gc,task     ] GC(548) Using 3 workers of 3 for evacuation
[2025-12-24T05:47:07.981+0000][1450.985s][info][gc,phases   ] GC(548)   Pre Evacuate Collection Set: 0.1ms
[2025-12-24T05:47:07.981+0000][1450.985s][info][gc,phases   ] GC(548)   Merge Heap Roots: 0.1ms
[2025-12-24T05:47:07.981+0000][1450.985s][info][gc,phases   ] GC(548)   Evacuate Collection Set: 0.9ms
[2025-12-24T05:47:07.981+0000][1450.985s][info][gc,phases   ] GC(548)   Post Evacuate Collection Set: 0.4ms
[2025-12-24T05:47:07.981+0000][1450.985s][info][gc,phases   ] GC(548)   Other: 0.5ms
[2025-12-24T05:47:07.981+0000][1450.985s][info][gc,heap     ] GC(548) Eden regions: 325->0(325)
[2025-12-24T05:47:07.981+0000][1450.985s][info][gc,heap     ] GC(548) Survivor regions: 1->1(41)
[2025-12-24T05:47:07.981+0000][1450.986s][info][gc,heap     ] GC(548) Old regions: 103->103
[2025-12-24T05:47:07.982+0000][1450.986s][info][gc,heap     ] GC(548) Archive regions: 2->2
[2025-12-24T05:47:07.982+0000][1450.986s][info][gc,heap     ] GC(548) Humongous regions: 38->38
[2025-12-24T05:47:07.982+0000][1450.986s][info][gc,metaspace] GC(548) Metaspace: 98889K(100096K)->98889K(100096K) NonClass: 85970K(86528K)->85970K(86528K) Class: 12919K(13568K)->12919K(13568K)
[2025-12-24T05:47:07.982+0000][1450.986s][info][gc          ] GC(548) Pause Young (Normal) (G1 Evacuation Pause) 467M->142M(544M) 2.953ms
[2025-12-24T05:47:07.982+0000][1450.986s][info][gc,cpu      ] GC(548) User=0.01s Sys=0.00s Real=0.00s
[2025-12-24T05:47:12.258+0000][1455.262s][info][gc,start    ] GC(549) Pause Young (Normal) (G1 Evacuation Pause)
[2025-12-24T05:47:12.259+0000][1455.263s][info][gc,task     ] GC(549) Using 3 workers of 3 for evacuation
[2025-12-24T05:47:12.261+0000][1455.265s][info][gc,phases   ] GC(549)   Pre Evacuate Collection Set: 0.1ms
[2025-12-24T05:47:12.261+0000][1455.265s][info][gc,phases   ] GC(549)   Merge Heap Roots: 0.1ms
[2025-12-24T05:47:12.261+0000][1455.265s][info][gc,phases   ] GC(549)   Evacuate Collection Set: 1.2ms
[2025-12-24T05:47:12.261+0000][1455.265s][info][gc,phases   ] GC(549)   Post Evacuate Collection Set: 0.5ms
[2025-12-24T05:47:12.261+0000][1455.265s][info][gc,phases   ] GC(549)   Other: 1.3ms
[2025-12-24T05:47:12.261+0000][1455.265s][info][gc,heap     ] GC(549) Eden regions: 325->0(325)
[2025-12-24T05:47:12.261+0000][1455.265s][info][gc,heap     ] GC(549) Survivor regions: 1->1(41)
[2025-12-24T05:47:12.261+0000][1455.265s][info][gc,heap     ] GC(549) Old regions: 103->103
[2025-12-24T05:47:12.261+0000][1455.265s][info][gc,heap     ] GC(549) Archive regions: 2->2
[2025-12-24T05:47:12.261+0000][1455.265s][info][gc,heap     ] GC(549) Humongous regions: 38->38
[2025-12-24T05:47:12.261+0000][1455.266s][info][gc,metaspace] GC(549) Metaspace: 98890K(100096K)->98890K(100096K) NonClass: 85970K(86528K)->85970K(86528K) Class: 12919K(13568K)->12919K(13568K)
[2025-12-24T05:47:12.261+0000][1455.266s][info][gc          ] GC(549) Pause Young (Normal) (G1 Evacuation Pause) 467M->142M(544M) 3.675ms
[2025-12-24T05:47:12.262+0000][1455.266s][info][gc,cpu      ] GC(549) User=0.01s Sys=0.00s Real=0.01s
[2025-12-24T05:47:16.526+0000][1459.530s][info][gc,start    ] GC(550) Pause Young (Normal) (G1 Evacuation Pause)
[2025-12-24T05:47:16.527+0000][1459.531s][info][gc,task     ] GC(550) Using 3 workers of 3 for evacuation
[2025-12-24T05:47:16.529+0000][1459.533s][info][gc,phases   ] GC(550)   Pre Evacuate Collection Set: 0.1ms
[2025-12-24T05:47:16.529+0000][1459.533s][info][gc,phases   ] GC(550)   Merge Heap Roots: 0.1ms
[2025-12-24T05:47:16.529+0000][1459.534s][info][gc,phases   ] GC(550)   Evacuate Collection Set: 1.5ms
[2025-12-24T05:47:16.529+0000][1459.534s][info][gc,phases   ] GC(550)   Post Evacuate Collection Set: 0.6ms
[2025-12-24T05:47:16.530+0000][1459.534s][info][gc,phases   ] GC(550)   Other: 1.3ms
[2025-12-24T05:47:16.530+0000][1459.534s][info][gc,heap     ] GC(550) Eden regions: 325->0(325)
[2025-12-24T05:47:16.530+0000][1459.534s][info][gc,heap     ] GC(550) Survivor regions: 1->1(41)
[2025-12-24T05:47:16.530+0000][1459.534s][info][gc,heap     ] GC(550) Old regions: 103->103
[2025-12-24T05:47:16.530+0000][1459.534s][info][gc,heap     ] GC(550) Archive regions: 2->2
[2025-12-24T05:47:16.530+0000][1459.534s][info][gc,heap     ] GC(550) Humongous regions: 38->38
[2025-12-24T05:47:16.530+0000][1459.534s][info][gc,metaspace] GC(550) Metaspace: 98890K(100096K)->98890K(100096K) NonClass: 85970K(86528K)->85970K(86528K) Class: 12919K(13568K)->12919K(13568K)
[2025-12-24T05:47:16.530+0000][1459.534s][info][gc          ] GC(550) Pause Young (Normal) (G1 Evacuation Pause) 467M->142M(544M) 4.653ms
[2025-12-24T05:47:16.531+0000][1459.535s][info][gc,cpu      ] GC(550) User=0.01s Sys=0.00s Real=0.01s
[2025-12-24T05:47:20.754+0000][1463.758s][info][gc,start    ] GC(551) Pause Young (Normal) (G1 Evacuation Pause)
[2025-12-24T05:47:20.754+0000][1463.758s][info][gc,task     ] GC(551) Using 3 workers of 3 for evacuation
[2025-12-24T05:47:20.757+0000][1463.761s][info][gc,phases   ] GC(551)   Pre Evacuate Collection Set: 0.1ms
[2025-12-24T05:47:20.757+0000][1463.761s][info][gc,phases   ] GC(551)   Merge Heap Roots: 0.1ms
[2025-12-24T05:47:20.757+0000][1463.761s][info][gc,phases   ] GC(551)   Evacuate Collection Set: 1.6ms
[2025-12-24T05:47:20.757+0000][1463.761s][info][gc,phases   ] GC(551)   Post Evacuate Collection Set: 0.6ms
[2025-12-24T05:47:20.757+0000][1463.761s][info][gc,phases   ] GC(551)   Other: 0.8ms
[2025-12-24T05:47:20.757+0000][1463.761s][info][gc,heap     ] GC(551) Eden regions: 325->0(325)
[2025-12-24T05:47:20.757+0000][1463.761s][info][gc,heap     ] GC(551) Survivor regions: 1->1(41)
[2025-12-24T05:47:20.757+0000][1463.761s][info][gc,heap     ] GC(551) Old regions: 103->103
[2025-12-24T05:47:20.757+0000][1463.762s][info][gc,heap     ] GC(551) Archive regions: 2->2
[2025-12-24T05:47:20.757+0000][1463.762s][info][gc,heap     ] GC(551) Humongous regions: 38->38
[2025-12-24T05:47:20.758+0000][1463.762s][info][gc,metaspace] GC(551) Metaspace: 98890K(100096K)->98890K(100096K) NonClass: 85970K(86528K)->85970K(86528K) Class: 12919K(13568K)->12919K(13568K)
[2025-12-24T05:47:20.758+0000][1463.762s][info][gc          ] GC(551) Pause Young (Normal) (G1 Evacuation Pause) 467M->142M(544M) 4.139ms
[2025-12-24T05:47:20.758+0000][1463.762s][info][gc,cpu      ] GC(551) User=0.01s Sys=0.00s Real=0.00s
[2025-12-24T05:47:23.594+0000][1466.598s][info][gc,start    ] GC(552) Pause Young (Normal) (G1 Evacuation Pause)
[2025-12-24T05:47:23.594+0000][1466.598s][info][gc,task     ] GC(552) Using 3 workers of 3 for evacuation
[2025-12-24T05:47:23.596+0000][1466.600s][info][gc,phases   ] GC(552)   Pre Evacuate Collection Set: 0.1ms
[2025-12-24T05:47:23.596+0000][1466.600s][info][gc,phases   ] GC(552)   Merge Heap Roots: 0.1ms
[2025-12-24T05:47:23.596+0000][1466.600s][info][gc,phases   ] GC(552)   Evacuate Collection Set: 1.0ms
[2025-12-24T05:47:23.596+0000][1466.600s][info][gc,phases   ] GC(552)   Post Evacuate Collection Set: 0.4ms
[2025-12-24T05:47:23.596+0000][1466.601s][info][gc,phases   ] GC(552)   Other: 0.4ms
[2025-12-24T05:47:23.597+0000][1466.601s][info][gc,heap     ] GC(552) Eden regions: 325->0(325)
[2025-12-24T05:47:23.597+0000][1466.601s][info][gc,heap     ] GC(552) Survivor regions: 1->1(41)
[2025-12-24T05:47:23.597+0000][1466.601s][info][gc,heap     ] GC(552) Old regions: 103->103
[2025-12-24T05:47:23.597+0000][1466.601s][info][gc,heap     ] GC(552) Archive regions: 2->2
[2025-12-24T05:47:23.597+0000][1466.601s][info][gc,heap     ] GC(552) Humongous regions: 38->38
[2025-12-24T05:47:23.597+0000][1466.601s][info][gc,metaspace] GC(552) Metaspace: 98890K(100096K)->98890K(100096K) NonClass: 85970K(86528K)->85970K(86528K) Class: 12919K(13568K)->12919K(13568K)
[2025-12-24T05:47:23.597+0000][1466.601s][info][gc          ] GC(552) Pause Young (Normal) (G1 Evacuation Pause) 467M->142M(544M) 2.939ms
[2025-12-24T05:47:23.597+0000][1466.601s][info][gc,cpu      ] GC(552) User=0.00s Sys=0.00s Real=0.00s
[2025-12-24T05:47:27.985+0000][1470.989s][info][gc,start    ] GC(553) Pause Young (Normal) (G1 Evacuation Pause)
[2025-12-24T05:47:27.985+0000][1470.989s][info][gc,task     ] GC(553) Using 3 workers of 3 for evacuation
[2025-12-24T05:47:27.987+0000][1470.991s][info][gc,phases   ] GC(553)   Pre Evacuate Collection Set: 0.1ms
[2025-12-24T05:47:27.987+0000][1470.992s][info][gc,phases   ] GC(553)   Merge Heap Roots: 0.1ms
[2025-12-24T05:47:27.988+0000][1470.992s][info][gc,phases   ] GC(553)   Evacuate Collection Set: 1.3ms
[2025-12-24T05:47:27.988+0000][1470.992s][info][gc,phases   ] GC(553)   Post Evacuate Collection Set: 0.5ms
[2025-12-24T05:47:27.988+0000][1470.992s][info][gc,phases   ] GC(553)   Other: 0.7ms
[2025-12-24T05:47:27.988+0000][1470.992s][info][gc,heap     ] GC(553) Eden regions: 325->0(325)
[2025-12-24T05:47:27.988+0000][1470.992s][info][gc,heap     ] GC(553) Survivor regions: 1->1(41)
[2025-12-24T05:47:27.988+0000][1470.992s][info][gc,heap     ] GC(553) Old regions: 103->103
[2025-12-24T05:47:27.988+0000][1470.992s][info][gc,heap     ] GC(553) Archive regions: 2->2
[2025-12-24T05:47:27.988+0000][1470.992s][info][gc,heap     ] GC(553) Humongous regions: 38->38
[2025-12-24T05:47:27.988+0000][1470.992s][info][gc,metaspace] GC(553) Metaspace: 98890K(100096K)->98890K(100096K) NonClass: 85970K(86528K)->85970K(86528K) Class: 12919K(13568K)->12919K(13568K)
[2025-12-24T05:47:27.988+0000][1470.992s][info][gc          ] GC(553) Pause Young (Normal) (G1 Evacuation Pause) 467M->142M(544M) 3.145ms
[2025-12-24T05:47:27.988+0000][1470.992s][info][gc,cpu      ] GC(553) User=0.00s Sys=0.00s Real=0.00s
[2025-12-24T05:47:32.228+0000][1475.232s][info][gc,start    ] GC(554) Pause Young (Normal) (G1 Evacuation Pause)
[2025-12-24T05:47:32.228+0000][1475.232s][info][gc,task     ] GC(554) Using 3 workers of 3 for evacuation
[2025-12-24T05:47:32.230+0000][1475.234s][info][gc,phases   ] GC(554)   Pre Evacuate Collection Set: 0.1ms
[2025-12-24T05:47:32.231+0000][1475.235s][info][gc,phases   ] GC(554)   Merge Heap Roots: 0.1ms
[2025-12-24T05:47:32.231+0000][1475.235s][info][gc,phases   ] GC(554)   Evacuate Collection Set: 1.2ms
[2025-12-24T05:47:32.231+0000][1475.235s][info][gc,phases   ] GC(554)   Post Evacuate Collection Set: 0.5ms
[2025-12-24T05:47:32.231+0000][1475.235s][info][gc,phases   ] GC(554)   Other: 0.6ms
[2025-12-24T05:47:32.231+0000][1475.235s][info][gc,heap     ] GC(554) Eden regions: 325->0(325)
[2025-12-24T05:47:32.231+0000][1475.235s][info][gc,heap     ] GC(554) Survivor regions: 1->1(41)
[2025-12-24T05:47:32.231+0000][1475.235s][info][gc,heap     ] GC(554) Old regions: 103->103
[2025-12-24T05:47:32.231+0000][1475.235s][info][gc,heap     ] GC(554) Archive regions: 2->2
[2025-12-24T05:47:32.231+0000][1475.235s][info][gc,heap     ] GC(554) Humongous regions: 38->38
[2025-12-24T05:47:32.231+0000][1475.236s][info][gc,metaspace] GC(554) Metaspace: 98890K(100096K)->98890K(100096K) NonClass: 85970K(86528K)->85970K(86528K) Class: 12919K(13568K)->12919K(13568K)
[2025-12-24T05:47:32.232+0000][1475.236s][info][gc          ] GC(554) Pause Young (Normal) (G1 Evacuation Pause) 467M->142M(544M) 3.574ms
[2025-12-24T05:47:32.232+0000][1475.236s][info][gc,cpu      ] GC(554) User=0.01s Sys=0.00s Real=0.01s
[2025-12-24T05:47:36.703+0000][1479.707s][info][gc,start    ] GC(555) Pause Young (Normal) (G1 Evacuation Pause)
[2025-12-24T05:47:36.703+0000][1479.707s][info][gc,task     ] GC(555) Using 3 workers of 3 for evacuation
[2025-12-24T05:47:36.707+0000][1479.711s][info][gc,phases   ] GC(555)   Pre Evacuate Collection Set: 0.2ms
[2025-12-24T05:47:36.707+0000][1479.711s][info][gc,phases   ] GC(555)   Merge Heap Roots: 0.1ms
[2025-12-24T05:47:36.707+0000][1479.711s][info][gc,phases   ] GC(555)   Evacuate Collection Set: 2.3ms
[2025-12-24T05:47:36.707+0000][1479.711s][info][gc,phases   ] GC(555)   Post Evacuate Collection Set: 0.6ms
[2025-12-24T05:47:36.707+0000][1479.711s][info][gc,phases   ] GC(555)   Other: 1.0ms
[2025-12-24T05:47:36.707+0000][1479.711s][info][gc,heap     ] GC(555) Eden regions: 325->0(325)
[2025-12-24T05:47:36.707+0000][1479.711s][info][gc,heap     ] GC(555) Survivor regions: 1->1(41)
[2025-12-24T05:47:36.707+0000][1479.711s][info][gc,heap     ] GC(555) Old regions: 103->103
[2025-12-24T05:47:36.707+0000][1479.711s][info][gc,heap     ] GC(555) Archive regions: 2->2
[2025-12-24T05:47:36.707+0000][1479.712s][info][gc,heap     ] GC(555) Humongous regions: 38->38
[2025-12-24T05:47:36.708+0000][1479.712s][info][gc,metaspace] GC(555) Metaspace: 98890K(100096K)->98890K(100096K) NonClass: 85970K(86528K)->85970K(86528K) Class: 12919K(13568K)->12919K(13568K)
[2025-12-24T05:47:36.708+0000][1479.712s][info][gc          ] GC(555) Pause Young (Normal) (G1 Evacuation Pause) 467M->142M(544M) 4.786ms
[2025-12-24T05:47:36.708+0000][1479.712s][info][gc,cpu      ] GC(555) User=0.01s Sys=0.00s Real=0.00s
[2025-12-24T05:47:39.378+0000][1482.382s][info][gc,start    ] GC(556) Pause Young (Normal) (G1 Evacuation Pause)
[2025-12-24T05:47:39.378+0000][1482.382s][info][gc,task     ] GC(556) Using 3 workers of 3 for evacuation
[2025-12-24T05:47:39.380+0000][1482.384s][info][gc,phases   ] GC(556)   Pre Evacuate Collection Set: 0.1ms
[2025-12-24T05:47:39.380+0000][1482.384s][info][gc,phases   ] GC(556)   Merge Heap Roots: 0.1ms
[2025-12-24T05:47:39.380+0000][1482.384s][info][gc,phases   ] GC(556)   Evacuate Collection Set: 1.2ms
[2025-12-24T05:47:39.380+0000][1482.385s][info][gc,phases   ] GC(556)   Post Evacuate Collection Set: 0.4ms
[2025-12-24T05:47:39.381+0000][1482.385s][info][gc,phases   ] GC(556)   Other: 0.5ms
[2025-12-24T05:47:39.381+0000][1482.385s][info][gc,heap     ] GC(556) Eden regions: 325->0(325)
[2025-12-24T05:47:39.381+0000][1482.385s][info][gc,heap     ] GC(556) Survivor regions: 1->1(41)
[2025-12-24T05:47:39.381+0000][1482.385s][info][gc,heap     ] GC(556) Old regions: 103->103
[2025-12-24T05:47:39.381+0000][1482.385s][info][gc,heap     ] GC(556) Archive regions: 2->2
[2025-12-24T05:47:39.381+0000][1482.385s][info][gc,heap     ] GC(556) Humongous regions: 38->38
[2025-12-24T05:47:39.381+0000][1482.385s][info][gc,metaspace] GC(556) Metaspace: 98890K(100096K)->98890K(100096K) NonClass: 85970K(86528K)->85970K(86528K) Class: 12919K(13568K)->12919K(13568K)
[2025-12-24T05:47:39.381+0000][1482.385s][info][gc          ] GC(556) Pause Young (Normal) (G1 Evacuation Pause) 467M->142M(544M) 3.266ms
[2025-12-24T05:47:39.381+0000][1482.386s][info][gc,cpu      ] GC(556) User=0.01s Sys=0.00s Real=0.01s
[2025-12-24T05:47:43.681+0000][1486.685s][info][gc,start    ] GC(557) Pause Young (Normal) (G1 Evacuation Pause)
[2025-12-24T05:47:43.681+0000][1486.685s][info][gc,task     ] GC(557) Using 3 workers of 3 for evacuation
[2025-12-24T05:47:43.684+0000][1486.688s][info][gc,phases   ] GC(557)   Pre Evacuate Collection Set: 0.1ms
[2025-12-24T05:47:43.684+0000][1486.688s][info][gc,phases   ] GC(557)   Merge Heap Roots: 0.0ms
[2025-12-24T05:47:43.684+0000][1486.689s][info][gc,phases   ] GC(557)   Evacuate Collection Set: 2.2ms
[2025-12-24T05:47:43.684+0000][1486.689s][info][gc,phases   ] GC(557)   Post Evacuate Collection Set: 0.5ms
[2025-12-24T05:47:43.685+0000][1486.689s][info][gc,phases   ] GC(557)   Other: 1.0ms
[2025-12-24T05:47:43.685+0000][1486.689s][info][gc,heap     ] GC(557) Eden regions: 325->0(325)
[2025-12-24T05:47:43.685+0000][1486.689s][info][gc,heap     ] GC(557) Survivor regions: 1->1(41)
[2025-12-24T05:47:43.685+0000][1486.689s][info][gc,heap     ] GC(557) Old regions: 103->103
[2025-12-24T05:47:43.685+0000][1486.689s][info][gc,heap     ] GC(557) Archive regions: 2->2
[2025-12-24T05:47:43.685+0000][1486.689s][info][gc,heap     ] GC(557) Humongous regions: 38->38
[2025-12-24T05:47:43.685+0000][1486.689s][info][gc,metaspace] GC(557) Metaspace: 98890K(100096K)->98890K(100096K) NonClass: 85970K(86528K)->85970K(86528K) Class: 12919K(13568K)->12919K(13568K)
[2025-12-24T05:47:43.685+0000][1486.689s][info][gc          ] GC(557) Pause Young (Normal) (G1 Evacuation Pause) 467M->142M(544M) 4.508ms
[2025-12-24T05:47:43.685+0000][1486.689s][info][gc,cpu      ] GC(557) User=0.01s Sys=0.00s Real=0.00s
[2025-12-24T05:47:48.339+0000][1491.343s][info][gc,start    ] GC(558) Pause Young (Normal) (G1 Evacuation Pause)
[2025-12-24T05:47:48.339+0000][1491.343s][info][gc,task     ] GC(558) Using 3 workers of 3 for evacuation
[2025-12-24T05:47:48.344+0000][1491.348s][info][gc,phases   ] GC(558)   Pre Evacuate Collection Set: 0.2ms
[2025-12-24T05:47:48.344+0000][1491.348s][info][gc,phases   ] GC(558)   Merge Heap Roots: 0.1ms
[2025-12-24T05:47:48.344+0000][1491.348s][info][gc,phases   ] GC(558)   Evacuate Collection Set: 2.3ms
[2025-12-24T05:47:48.344+0000][1491.348s][info][gc,phases   ] GC(558)   Post Evacuate Collection Set: 1.5ms
[2025-12-24T05:47:48.344+0000][1491.348s][info][gc,phases   ] GC(558)   Other: 0.7ms
[2025-12-24T05:47:48.344+0000][1491.348s][info][gc,heap     ] GC(558) Eden regions: 325->0(325)
[2025-12-24T05:47:48.344+0000][1491.348s][info][gc,heap     ] GC(558) Survivor regions: 1->1(41)
[2025-12-24T05:47:48.344+0000][1491.348s][info][gc,heap     ] GC(558) Old regions: 103->103
[2025-12-24T05:47:48.344+0000][1491.348s][info][gc,heap     ] GC(558) Archive regions: 2->2
[2025-12-24T05:47:48.344+0000][1491.349s][info][gc,heap     ] GC(558) Humongous regions: 38->38
[2025-12-24T05:47:48.344+0000][1491.349s][info][gc,metaspace] GC(558) Metaspace: 98892K(100096K)->98892K(100096K) NonClass: 85972K(86528K)->85972K(86528K) Class: 12919K(13568K)->12919K(13568K)
[2025-12-24T05:47:48.345+0000][1491.349s][info][gc          ] GC(558) Pause Young (Normal) (G1 Evacuation Pause) 467M->142M(544M) 5.569ms
[2025-12-24T05:47:48.345+0000][1491.349s][info][gc,cpu      ] GC(558) User=0.01s Sys=0.00s Real=0.00s
[2025-12-24T05:47:51.796+0000][1494.800s][info][gc,start    ] GC(559) Pause Young (Normal) (G1 Evacuation Pause)
[2025-12-24T05:47:51.797+0000][1494.801s][info][gc,task     ] GC(559) Using 3 workers of 3 for evacuation
[2025-12-24T05:47:51.799+0000][1494.803s][info][gc,phases   ] GC(559)   Pre Evacuate Collection Set: 0.1ms
[2025-12-24T05:47:51.799+0000][1494.803s][info][gc,phases   ] GC(559)   Merge Heap Roots: 0.1ms
[2025-12-24T05:47:51.799+0000][1494.803s][info][gc,phases   ] GC(559)   Evacuate Collection Set: 1.2ms
[2025-12-24T05:47:51.799+0000][1494.803s][info][gc,phases   ] GC(559)   Post Evacuate Collection Set: 0.5ms
[2025-12-24T05:47:51.799+0000][1494.803s][info][gc,phases   ] GC(559)   Other: 0.7ms
[2025-12-24T05:47:51.799+0000][1494.803s][info][gc,heap     ] GC(559) Eden regions: 325->0(325)
[2025-12-24T05:47:51.799+0000][1494.803s][info][gc,heap     ] GC(559) Survivor regions: 1->1(41)
[2025-12-24T05:47:51.799+0000][1494.803s][info][gc,heap     ] GC(559) Old regions: 103->103
[2025-12-24T05:47:51.799+0000][1494.804s][info][gc,heap     ] GC(559) Archive regions: 2->2
[2025-12-24T05:47:51.800+0000][1494.804s][info][gc,heap     ] GC(559) Humongous regions: 38->38
[2025-12-24T05:47:51.800+0000][1494.804s][info][gc,metaspace] GC(559) Metaspace: 98892K(100096K)->98892K(100096K) NonClass: 85972K(86528K)->85972K(86528K) Class: 12919K(13568K)->12919K(13568K)
[2025-12-24T05:47:51.800+0000][1494.804s][info][gc          ] GC(559) Pause Young (Normal) (G1 Evacuation Pause) 467M->142M(544M) 3.479ms
[2025-12-24T05:47:51.800+0000][1494.804s][info][gc,cpu      ] GC(559) User=0.00s Sys=0.00s Real=0.01s
[2025-12-24T05:47:55.469+0000][1498.473s][info][gc,start    ] GC(560) Pause Young (Normal) (G1 Evacuation Pause)
[2025-12-24T05:47:55.469+0000][1498.473s][info][gc,task     ] GC(560) Using 3 workers of 3 for evacuation
[2025-12-24T05:47:55.472+0000][1498.477s][info][gc,phases   ] GC(560)   Pre Evacuate Collection Set: 0.1ms
[2025-12-24T05:47:55.473+0000][1498.477s][info][gc,phases   ] GC(560)   Merge Heap Roots: 0.1ms
[2025-12-24T05:47:55.473+0000][1498.477s][info][gc,phases   ] GC(560)   Evacuate Collection Set: 2.3ms
[2025-12-24T05:47:55.473+0000][1498.477s][info][gc,phases   ] GC(560)   Post Evacuate Collection Set: 0.7ms
[2025-12-24T05:47:55.473+0000][1498.477s][info][gc,phases   ] GC(560)   Other: 0.8ms
[2025-12-24T05:47:55.473+0000][1498.477s][info][gc,heap     ] GC(560) Eden regions: 325->0(325)
[2025-12-24T05:47:55.473+0000][1498.477s][info][gc,heap     ] GC(560) Survivor regions: 1->1(41)
[2025-12-24T05:47:55.473+0000][1498.477s][info][gc,heap     ] GC(560) Old regions: 103->103
[2025-12-24T05:47:55.473+0000][1498.477s][info][gc,heap     ] GC(560) Archive regions: 2->2
[2025-12-24T05:47:55.473+0000][1498.477s][info][gc,heap     ] GC(560) Humongous regions: 38->38
[2025-12-24T05:47:55.473+0000][1498.477s][info][gc,metaspace] GC(560) Metaspace: 98892K(100096K)->98892K(100096K) NonClass: 85972K(86528K)->85972K(86528K) Class: 12919K(13568K)->12919K(13568K)
[2025-12-24T05:47:55.473+0000][1498.477s][info][gc          ] GC(560) Pause Young (Normal) (G1 Evacuation Pause) 467M->142M(544M) 4.648ms
[2025-12-24T05:47:55.473+0000][1498.478s][info][gc,cpu      ] GC(560) User=0.01s Sys=0.00s Real=0.00s
[2025-12-24T05:47:59.679+0000][1502.683s][info][gc,start    ] GC(561) Pause Young (Normal) (G1 Evacuation Pause)
[2025-12-24T05:47:59.679+0000][1502.683s][info][gc,task     ] GC(561) Using 3 workers of 3 for evacuation
[2025-12-24T05:47:59.682+0000][1502.686s][info][gc,phases   ] GC(561)   Pre Evacuate Collection Set: 0.1ms
[2025-12-24T05:47:59.683+0000][1502.687s][info][gc,phases   ] GC(561)   Merge Heap Roots: 0.1ms
[2025-12-24T05:47:59.683+0000][1502.687s][info][gc,phases   ] GC(561)   Evacuate Collection Set: 2.4ms
[2025-12-24T05:47:59.683+0000][1502.687s][info][gc,phases   ] GC(561)   Post Evacuate Collection Set: 0.5ms
[2025-12-24T05:47:59.683+0000][1502.687s][info][gc,phases   ] GC(561)   Other: 0.5ms
[2025-12-24T05:47:59.683+0000][1502.687s][info][gc,heap     ] GC(561) Eden regions: 325->0(325)
[2025-12-24T05:47:59.683+0000][1502.687s][info][gc,heap     ] GC(561) Survivor regions: 1->1(41)
[2025-12-24T05:47:59.683+0000][1502.687s][info][gc,heap     ] GC(561) Old regions: 103->104
[2025-12-24T05:47:59.683+0000][1502.687s][info][gc,heap     ] GC(561) Archive regions: 2->2
[2025-12-24T05:47:59.683+0000][1502.687s][info][gc,heap     ] GC(561) Humongous regions: 38->38
[2025-12-24T05:47:59.683+0000][1502.688s][info][gc,metaspace] GC(561) Metaspace: 98892K(100096K)->98892K(100096K) NonClass: 85972K(86528K)->85972K(86528K) Class: 12919K(13568K)->12919K(13568K)
[2025-12-24T05:47:59.684+0000][1502.688s][info][gc          ] GC(561) Pause Young (Normal) (G1 Evacuation Pause) 467M->142M(544M) 4.705ms
[2025-12-24T05:47:59.684+0000][1502.688s][info][gc,cpu      ] GC(561) User=0.00s Sys=0.00s Real=0.00s
[2025-12-24T05:48:04.015+0000][1507.020s][info][gc,start    ] GC(562) Pause Young (Normal) (G1 Evacuation Pause)
[2025-12-24T05:48:04.016+0000][1507.020s][info][gc,task     ] GC(562) Using 3 workers of 3 for evacuation
[2025-12-24T05:48:04.018+0000][1507.022s][info][gc,phases   ] GC(562)   Pre Evacuate Collection Set: 0.1ms
[2025-12-24T05:48:04.018+0000][1507.022s][info][gc,phases   ] GC(562)   Merge Heap Roots: 0.1ms
[2025-12-24T05:48:04.018+0000][1507.022s][info][gc,phases   ] GC(562)   Evacuate Collection Set: 1.4ms
[2025-12-24T05:48:04.018+0000][1507.022s][info][gc,phases   ] GC(562)   Post Evacuate Collection Set: 0.4ms
[2025-12-24T05:48:04.018+0000][1507.022s][info][gc,phases   ] GC(562)   Other: 0.5ms
[2025-12-24T05:48:04.018+0000][1507.022s][info][gc,heap     ] GC(562) Eden regions: 325->0(325)
[2025-12-24T05:48:04.018+0000][1507.023s][info][gc,heap     ] GC(562) Survivor regions: 1->1(41)
[2025-12-24T05:48:04.019+0000][1507.023s][info][gc,heap     ] GC(562) Old regions: 104->104
[2025-12-24T05:48:04.019+0000][1507.023s][info][gc,heap     ] GC(562) Archive regions: 2->2
[2025-12-24T05:48:04.019+0000][1507.023s][info][gc,heap     ] GC(562) Humongous regions: 38->38
[2025-12-24T05:48:04.019+0000][1507.023s][info][gc,metaspace] GC(562) Metaspace: 98892K(100096K)->98892K(100096K) NonClass: 85972K(86528K)->85972K(86528K) Class: 12919K(13568K)->12919K(13568K)
[2025-12-24T05:48:04.019+0000][1507.023s][info][gc          ] GC(562) Pause Young (Normal) (G1 Evacuation Pause) 467M->143M(544M) 3.504ms
[2025-12-24T05:48:04.019+0000][1507.023s][info][gc,cpu      ] GC(562) User=0.01s Sys=0.00s Real=0.01s
[2025-12-24T05:48:06.798+0000][1509.802s][info][gc,start    ] GC(563) Pause Young (Normal) (G1 Evacuation Pause)
[2025-12-24T05:48:06.798+0000][1509.803s][info][gc,task     ] GC(563) Using 3 workers of 3 for evacuation
[2025-12-24T05:48:06.800+0000][1509.804s][info][gc,phases   ] GC(563)   Pre Evacuate Collection Set: 0.1ms
[2025-12-24T05:48:06.801+0000][1509.805s][info][gc,phases   ] GC(563)   Merge Heap Roots: 0.1ms
[2025-12-24T05:48:06.801+0000][1509.805s][info][gc,phases   ] GC(563)   Evacuate Collection Set: 1.1ms
[2025-12-24T05:48:06.801+0000][1509.805s][info][gc,phases   ] GC(563)   Post Evacuate Collection Set: 0.4ms
[2025-12-24T05:48:06.801+0000][1509.805s][info][gc,phases   ] GC(563)   Other: 0.4ms
[2025-12-24T05:48:06.801+0000][1509.805s][info][gc,heap     ] GC(563) Eden regions: 325->0(325)
[2025-12-24T05:48:06.801+0000][1509.805s][info][gc,heap     ] GC(563) Survivor regions: 1->1(41)
[2025-12-24T05:48:06.801+0000][1509.805s][info][gc,heap     ] GC(563) Old regions: 104->104
[2025-12-24T05:48:06.801+0000][1509.805s][info][gc,heap     ] GC(563) Archive regions: 2->2
[2025-12-24T05:48:06.801+0000][1509.805s][info][gc,heap     ] GC(563) Humongous regions: 38->38
[2025-12-24T05:48:06.801+0000][1509.805s][info][gc,metaspace] GC(563) Metaspace: 98893K(100096K)->98893K(100096K) NonClass: 85973K(86528K)->85973K(86528K) Class: 12919K(13568K)->12919K(13568K)
[2025-12-24T05:48:06.802+0000][1509.806s][info][gc          ] GC(563) Pause Young (Normal) (G1 Evacuation Pause) 468M->143M(544M) 3.202ms
[2025-12-24T05:48:06.802+0000][1509.806s][info][gc,cpu      ] GC(563) User=0.00s Sys=0.00s Real=0.01s
[2025-12-24T05:48:10.928+0000][1513.932s][info][gc,start    ] GC(564) Pause Young (Normal) (G1 Evacuation Pause)
[2025-12-24T05:48:10.928+0000][1513.933s][info][gc,task     ] GC(564) Using 3 workers of 3 for evacuation
[2025-12-24T05:48:10.930+0000][1513.935s][info][gc,phases   ] GC(564)   Pre Evacuate Collection Set: 0.1ms
[2025-12-24T05:48:10.931+0000][1513.935s][info][gc,phases   ] GC(564)   Merge Heap Roots: 0.1ms
[2025-12-24T05:48:10.931+0000][1513.935s][info][gc,phases   ] GC(564)   Evacuate Collection Set: 1.2ms
[2025-12-24T05:48:10.931+0000][1513.935s][info][gc,phases   ] GC(564)   Post Evacuate Collection Set: 0.5ms
[2025-12-24T05:48:10.931+0000][1513.935s][info][gc,phases   ] GC(564)   Other: 0.5ms
[2025-12-24T05:48:10.931+0000][1513.935s][info][gc,heap     ] GC(564) Eden regions: 325->0(325)
[2025-12-24T05:48:10.931+0000][1513.935s][info][gc,heap     ] GC(564) Survivor regions: 1->1(41)
[2025-12-24T05:48:10.931+0000][1513.935s][info][gc,heap     ] GC(564) Old regions: 104->104
[2025-12-24T05:48:10.931+0000][1513.935s][info][gc,heap     ] GC(564) Archive regions: 2->2
[2025-12-24T05:48:10.931+0000][1513.935s][info][gc,heap     ] GC(564) Humongous regions: 38->38
[2025-12-24T05:48:10.931+0000][1513.935s][info][gc,metaspace] GC(564) Metaspace: 98894K(100096K)->98894K(100096K) NonClass: 85975K(86528K)->85975K(86528K) Class: 12919K(13568K)->12919K(13568K)
[2025-12-24T05:48:10.931+0000][1513.935s][info][gc          ] GC(564) Pause Young (Normal) (G1 Evacuation Pause) 468M->143M(544M) 2.909ms
[2025-12-24T05:48:10.931+0000][1513.935s][info][gc,cpu      ] GC(564) User=0.00s Sys=0.00s Real=0.01s
[2025-12-24T05:48:15.104+0000][1518.108s][info][gc,start    ] GC(565) Pause Young (Normal) (G1 Evacuation Pause)
[2025-12-24T05:48:15.104+0000][1518.108s][info][gc,task     ] GC(565) Using 3 workers of 3 for evacuation
[2025-12-24T05:48:15.106+0000][1518.110s][info][gc,phases   ] GC(565)   Pre Evacuate Collection Set: 0.1ms
[2025-12-24T05:48:15.107+0000][1518.111s][info][gc,phases   ] GC(565)   Merge Heap Roots: 0.1ms
[2025-12-24T05:48:15.107+0000][1518.111s][info][gc,phases   ] GC(565)   Evacuate Collection Set: 1.2ms
[2025-12-24T05:48:15.107+0000][1518.111s][info][gc,phases   ] GC(565)   Post Evacuate Collection Set: 0.5ms
[2025-12-24T05:48:15.107+0000][1518.111s][info][gc,phases   ] GC(565)   Other: 0.7ms
[2025-12-24T05:48:15.107+0000][1518.111s][info][gc,heap     ] GC(565) Eden regions: 325->0(325)
[2025-12-24T05:48:15.107+0000][1518.111s][info][gc,heap     ] GC(565) Survivor regions: 1->1(41)
[2025-12-24T05:48:15.107+0000][1518.111s][info][gc,heap     ] GC(565) Old regions: 104->104
[2025-12-24T05:48:15.107+0000][1518.111s][info][gc,heap     ] GC(565) Archive regions: 2->2
[2025-12-24T05:48:15.107+0000][1518.111s][info][gc,heap     ] GC(565) Humongous regions: 38->38
[2025-12-24T05:48:15.107+0000][1518.112s][info][gc,metaspace] GC(565) Metaspace: 98894K(100096K)->98894K(100096K) NonClass: 85975K(86528K)->85975K(86528K) Class: 12919K(13568K)->12919K(13568K)
[2025-12-24T05:48:15.108+0000][1518.112s][info][gc          ] GC(565) Pause Young (Normal) (G1 Evacuation Pause) 468M->143M(544M) 3.600ms
[2025-12-24T05:48:15.108+0000][1518.112s][info][gc,cpu      ] GC(565) User=0.01s Sys=0.00s Real=0.00s
[2025-12-24T05:48:19.353+0000][1522.357s][info][gc,start    ] GC(566) Pause Young (Normal) (G1 Evacuation Pause)
[2025-12-24T05:48:19.353+0000][1522.357s][info][gc,task     ] GC(566) Using 3 workers of 3 for evacuation
[2025-12-24T05:48:19.355+0000][1522.359s][info][gc,phases   ] GC(566)   Pre Evacuate Collection Set: 0.1ms
[2025-12-24T05:48:19.355+0000][1522.359s][info][gc,phases   ] GC(566)   Merge Heap Roots: 0.1ms
[2025-12-24T05:48:19.355+0000][1522.359s][info][gc,phases   ] GC(566)   Evacuate Collection Set: 1.1ms
[2025-12-24T05:48:19.355+0000][1522.359s][info][gc,phases   ] GC(566)   Post Evacuate Collection Set: 0.4ms
[2025-12-24T05:48:19.355+0000][1522.359s][info][gc,phases   ] GC(566)   Other: 0.7ms
[2025-12-24T05:48:19.355+0000][1522.360s][info][gc,heap     ] GC(566) Eden regions: 325->0(325)
[2025-12-24T05:48:19.355+0000][1522.360s][info][gc,heap     ] GC(566) Survivor regions: 1->1(41)
[2025-12-24T05:48:19.356+0000][1522.360s][info][gc,heap     ] GC(566) Old regions: 104->104
[2025-12-24T05:48:19.356+0000][1522.360s][info][gc,heap     ] GC(566) Archive regions: 2->2
[2025-12-24T05:48:19.356+0000][1522.360s][info][gc,heap     ] GC(566) Humongous regions: 38->38
[2025-12-24T05:48:19.356+0000][1522.360s][info][gc,metaspace] GC(566) Metaspace: 98894K(100096K)->98894K(100096K) NonClass: 85975K(86528K)->85975K(86528K) Class: 12919K(13568K)->12919K(13568K)
[2025-12-24T05:48:19.356+0000][1522.360s][info][gc          ] GC(566) Pause Young (Normal) (G1 Evacuation Pause) 468M->143M(544M) 2.954ms
[2025-12-24T05:48:19.356+0000][1522.360s][info][gc,cpu      ] GC(566) User=0.00s Sys=0.00s Real=0.00s
[2025-12-24T05:48:22.374+0000][1525.378s][info][gc,start    ] GC(567) Pause Young (Normal) (G1 Evacuation Pause)
[2025-12-24T05:48:22.375+0000][1525.379s][info][gc,task     ] GC(567) Using 3 workers of 3 for evacuation
[2025-12-24T05:48:22.379+0000][1525.383s][info][gc,phases   ] GC(567)   Pre Evacuate Collection Set: 0.1ms
[2025-12-24T05:48:22.379+0000][1525.383s][info][gc,phases   ] GC(567)   Merge Heap Roots: 0.1ms
[2025-12-24T05:48:22.379+0000][1525.383s][info][gc,phases   ] GC(567)   Evacuate Collection Set: 2.5ms
[2025-12-24T05:48:22.379+0000][1525.383s][info][gc,phases   ] GC(567)   Post Evacuate Collection Set: 0.6ms
[2025-12-24T05:48:22.379+0000][1525.383s][info][gc,phases   ] GC(567)   Other: 1.3ms
[2025-12-24T05:48:22.379+0000][1525.383s][info][gc,heap     ] GC(567) Eden regions: 325->0(325)
[2025-12-24T05:48:22.379+0000][1525.383s][info][gc,heap     ] GC(567) Survivor regions: 1->1(41)
[2025-12-24T05:48:22.379+0000][1525.383s][info][gc,heap     ] GC(567) Old regions: 104->104
[2025-12-24T05:48:22.379+0000][1525.383s][info][gc,heap     ] GC(567) Archive regions: 2->2
[2025-12-24T05:48:22.379+0000][1525.383s][info][gc,heap     ] GC(567) Humongous regions: 38->38
[2025-12-24T05:48:22.379+0000][1525.383s][info][gc,metaspace] GC(567) Metaspace: 98894K(100096K)->98894K(100096K) NonClass: 85975K(86528K)->85975K(86528K) Class: 12919K(13568K)->12919K(13568K)
[2025-12-24T05:48:22.379+0000][1525.384s][info][gc          ] GC(567) Pause Young (Normal) (G1 Evacuation Pause) 468M->143M(544M) 5.441ms
[2025-12-24T05:48:22.380+0000][1525.384s][info][gc,cpu      ] GC(567) User=0.00s Sys=0.00s Real=0.01s
[2025-12-24T05:48:26.844+0000][1529.848s][info][gc,start    ] GC(568) Pause Young (Normal) (G1 Evacuation Pause)
[2025-12-24T05:48:26.844+0000][1529.848s][info][gc,task     ] GC(568) Using 3 workers of 3 for evacuation
[2025-12-24T05:48:26.848+0000][1529.852s][info][gc,phases   ] GC(568)   Pre Evacuate Collection Set: 0.2ms
[2025-12-24T05:48:26.848+0000][1529.852s][info][gc,phases   ] GC(568)   Merge Heap Roots: 0.1ms
[2025-12-24T05:48:26.848+0000][1529.852s][info][gc,phases   ] GC(568)   Evacuate Collection Set: 2.2ms
[2025-12-24T05:48:26.848+0000][1529.852s][info][gc,phases   ] GC(568)   Post Evacuate Collection Set: 0.6ms
[2025-12-24T05:48:26.848+0000][1529.852s][info][gc,phases   ] GC(568)   Other: 0.7ms
[2025-12-24T05:48:26.848+0000][1529.852s][info][gc,heap     ] GC(568) Eden regions: 325->0(325)
[2025-12-24T05:48:26.848+0000][1529.852s][info][gc,heap     ] GC(568) Survivor regions: 1->1(41)
[2025-12-24T05:48:26.848+0000][1529.852s][info][gc,heap     ] GC(568) Old regions: 104->104
[2025-12-24T05:48:26.848+0000][1529.852s][info][gc,heap     ] GC(568) Archive regions: 2->2
[2025-12-24T05:48:26.848+0000][1529.852s][info][gc,heap     ] GC(568) Humongous regions: 38->38
[2025-12-24T05:48:26.848+0000][1529.852s][info][gc,metaspace] GC(568) Metaspace: 98894K(100096K)->98894K(100096K) NonClass: 85975K(86528K)->85975K(86528K) Class: 12919K(13568K)->12919K(13568K)
[2025-12-24T05:48:26.848+0000][1529.853s][info][gc          ] GC(568) Pause Young (Normal) (G1 Evacuation Pause) 468M->143M(544M) 4.530ms
[2025-12-24T05:48:26.849+0000][1529.853s][info][gc,cpu      ] GC(568) User=0.01s Sys=0.01s Real=0.01s
[2025-12-24T05:48:29.544+0000][1532.548s][info][gc,start    ] GC(569) Pause Young (Normal) (G1 Evacuation Pause)
[2025-12-24T05:48:29.544+0000][1532.548s][info][gc,task     ] GC(569) Using 3 workers of 3 for evacuation
[2025-12-24T05:48:29.554+0000][1532.558s][info][gc,phases   ] GC(569)   Pre Evacuate Collection Set: 0.2ms
[2025-12-24T05:48:29.554+0000][1532.558s][info][gc,phases   ] GC(569)   Merge Heap Roots: 0.9ms
[2025-12-24T05:48:29.554+0000][1532.559s][info][gc,phases   ] GC(569)   Evacuate Collection Set: 7.8ms
[2025-12-24T05:48:29.554+0000][1532.559s][info][gc,phases   ] GC(569)   Post Evacuate Collection Set: 0.8ms
[2025-12-24T05:48:29.555+0000][1532.559s][info][gc,phases   ] GC(569)   Other: 0.7ms
[2025-12-24T05:48:29.555+0000][1532.559s][info][gc,heap     ] GC(569) Eden regions: 325->0(323)
[2025-12-24T05:48:29.555+0000][1532.559s][info][gc,heap     ] GC(569) Survivor regions: 1->3(41)
[2025-12-24T05:48:29.555+0000][1532.559s][info][gc,heap     ] GC(569) Old regions: 104->104
[2025-12-24T05:48:29.555+0000][1532.559s][info][gc,heap     ] GC(569) Archive regions: 2->2
[2025-12-24T05:48:29.555+0000][1532.559s][info][gc,heap     ] GC(569) Humongous regions: 38->38
[2025-12-24T05:48:29.555+0000][1532.559s][info][gc,metaspace] GC(569) Metaspace: 98895K(100096K)->98895K(100096K) NonClass: 85975K(86528K)->85975K(86528K) Class: 12919K(13568K)->12919K(13568K)
[2025-12-24T05:48:29.555+0000][1532.559s][info][gc          ] GC(569) Pause Young (Normal) (G1 Evacuation Pause) 468M->144M(544M) 11.222ms
[2025-12-24T05:48:29.555+0000][1532.559s][info][gc,cpu      ] GC(569) User=0.01s Sys=0.00s Real=0.01s
[2025-12-24T05:48:30.705+0000][1533.709s][info][gc,start    ] GC(570) Pause Young (Normal) (G1 Evacuation Pause)
[2025-12-24T05:48:30.705+0000][1533.709s][info][gc,task     ] GC(570) Using 3 workers of 3 for evacuation
[2025-12-24T05:48:30.724+0000][1533.728s][info][gc,phases   ] GC(570)   Pre Evacuate Collection Set: 0.5ms
[2025-12-24T05:48:30.730+0000][1533.734s][info][gc,phases   ] GC(570)   Merge Heap Roots: 0.1ms
[2025-12-24T05:48:30.730+0000][1533.734s][info][gc,phases   ] GC(570)   Evacuate Collection Set: 14.6ms
[2025-12-24T05:48:30.730+0000][1533.734s][info][gc,phases   ] GC(570)   Post Evacuate Collection Set: 3.9ms
[2025-12-24T05:48:30.730+0000][1533.734s][info][gc,phases   ] GC(570)   Other: 0.6ms
[2025-12-24T05:48:30.730+0000][1533.734s][info][gc,heap     ] GC(570) Eden regions: 323->0(323)
[2025-12-24T05:48:30.730+0000][1533.734s][info][gc,heap     ] GC(570) Survivor regions: 3->3(41)
[2025-12-24T05:48:30.730+0000][1533.735s][info][gc,heap     ] GC(570) Old regions: 104->104
[2025-12-24T05:48:30.730+0000][1533.735s][info][gc,heap     ] GC(570) Archive regions: 2->2
[2025-12-24T05:48:30.731+0000][1533.735s][info][gc,heap     ] GC(570) Humongous regions: 38->38
[2025-12-24T05:48:30.731+0000][1533.735s][info][gc,metaspace] GC(570) Metaspace: 98895K(100096K)->98895K(100096K) NonClass: 85975K(86528K)->85975K(86528K) Class: 12919K(13568K)->12919K(13568K)
[2025-12-24T05:48:30.731+0000][1533.735s][info][gc          ] GC(570) Pause Young (Normal) (G1 Evacuation Pause) 467M->144M(544M) 25.959ms
[2025-12-24T05:48:30.731+0000][1533.735s][info][gc,cpu      ] GC(570) User=0.01s Sys=0.00s Real=0.03s
[2025-12-24T05:48:31.697+0000][1534.701s][info][gc,start    ] GC(571) Pause Young (Normal) (G1 Evacuation Pause)
[2025-12-24T05:48:31.698+0000][1534.702s][info][gc,task     ] GC(571) Using 3 workers of 3 for evacuation
[2025-12-24T05:48:31.724+0000][1534.729s][info][gc,phases   ] GC(571)   Pre Evacuate Collection Set: 0.6ms
[2025-12-24T05:48:31.725+0000][1534.729s][info][gc,phases   ] GC(571)   Merge Heap Roots: 0.2ms
[2025-12-24T05:48:31.725+0000][1534.729s][info][gc,phases   ] GC(571)   Evacuate Collection Set: 19.8ms
[2025-12-24T05:48:31.725+0000][1534.729s][info][gc,phases   ] GC(571)   Post Evacuate Collection Set: 5.4ms
[2025-12-24T05:48:31.725+0000][1534.729s][info][gc,phases   ] GC(571)   Other: 2.0ms
[2025-12-24T05:48:31.725+0000][1534.729s][info][gc,heap     ] GC(571) Eden regions: 323->0(323)
[2025-12-24T05:48:31.725+0000][1534.729s][info][gc,heap     ] GC(571) Survivor regions: 3->3(41)
[2025-12-24T05:48:31.725+0000][1534.729s][info][gc,heap     ] GC(571) Old regions: 104->104
[2025-12-24T05:48:31.726+0000][1534.731s][info][gc,heap     ] GC(571) Archive regions: 2->2
[2025-12-24T05:48:31.727+0000][1534.731s][info][gc,heap     ] GC(571) Humongous regions: 38->38
[2025-12-24T05:48:31.727+0000][1534.731s][info][gc,metaspace] GC(571) Metaspace: 98895K(100096K)->98895K(100096K) NonClass: 85975K(86528K)->85975K(86528K) Class: 12919K(13568K)->12919K(13568K)
[2025-12-24T05:48:31.727+0000][1534.731s][info][gc          ] GC(571) Pause Young (Normal) (G1 Evacuation Pause) 467M->145M(544M) 30.174ms
[2025-12-24T05:48:31.727+0000][1534.731s][info][gc,cpu      ] GC(571) User=0.01s Sys=0.00s Real=0.03s
[2025-12-24T05:48:32.561+0000][1535.565s][info][gc,start    ] GC(572) Pause Young (Normal) (G1 Evacuation Pause)
[2025-12-24T05:48:32.561+0000][1535.565s][info][gc,task     ] GC(572) Using 3 workers of 3 for evacuation
[2025-12-24T05:48:32.576+0000][1535.581s][info][gc,phases   ] GC(572)   Pre Evacuate Collection Set: 0.4ms
[2025-12-24T05:48:32.577+0000][1535.581s][info][gc,phases   ] GC(572)   Merge Heap Roots: 0.2ms
[2025-12-24T05:48:32.577+0000][1535.581s][info][gc,phases   ] GC(572)   Evacuate Collection Set: 13.2ms
[2025-12-24T05:48:32.577+0000][1535.581s][info][gc,phases   ] GC(572)   Post Evacuate Collection Set: 1.3ms
[2025-12-24T05:48:32.577+0000][1535.581s][info][gc,phases   ] GC(572)   Other: 1.0ms
[2025-12-24T05:48:32.577+0000][1535.581s][info][gc,heap     ] GC(572) Eden regions: 323->0(322)
[2025-12-24T05:48:32.577+0000][1535.581s][info][gc,heap     ] GC(572) Survivor regions: 3->4(41)
[2025-12-24T05:48:32.577+0000][1535.581s][info][gc,heap     ] GC(572) Old regions: 104->104
[2025-12-24T05:48:32.577+0000][1535.581s][info][gc,heap     ] GC(572) Archive regions: 2->2
[2025-12-24T05:48:32.577+0000][1535.581s][info][gc,heap     ] GC(572) Humongous regions: 38->38
[2025-12-24T05:48:32.577+0000][1535.581s][info][gc,metaspace] GC(572) Metaspace: 98895K(100096K)->98895K(100096K) NonClass: 85975K(86528K)->85975K(86528K) Class: 12919K(13568K)->12919K(13568K)
[2025-12-24T05:48:32.577+0000][1535.581s][info][gc          ] GC(572) Pause Young (Normal) (G1 Evacuation Pause) 468M->145M(544M) 16.630ms
[2025-12-24T05:48:32.577+0000][1535.581s][info][gc,cpu      ] GC(572) User=0.00s Sys=0.00s Real=0.01s
[2025-12-24T05:48:35.742+0000][1538.746s][info][gc,start    ] GC(573) Pause Young (Normal) (G1 Evacuation Pause)
[2025-12-24T05:48:35.743+0000][1538.748s][info][gc,task     ] GC(573) Using 3 workers of 3 for evacuation
[2025-12-24T05:48:35.751+0000][1538.755s][info][gc,phases   ] GC(573)   Pre Evacuate Collection Set: 0.2ms
[2025-12-24T05:48:35.751+0000][1538.755s][info][gc,phases   ] GC(573)   Merge Heap Roots: 0.1ms
[2025-12-24T05:48:35.751+0000][1538.755s][info][gc,phases   ] GC(573)   Evacuate Collection Set: 5.9ms
[2025-12-24T05:48:35.752+0000][1538.756s][info][gc,phases   ] GC(573)   Post Evacuate Collection Set: 0.8ms
[2025-12-24T05:48:35.752+0000][1538.756s][info][gc,phases   ] GC(573)   Other: 1.7ms
[2025-12-24T05:48:35.752+0000][1538.756s][info][gc,heap     ] GC(573) Eden regions: 322->0(323)
[2025-12-24T05:48:35.752+0000][1538.756s][info][gc,heap     ] GC(573) Survivor regions: 4->3(41)
[2025-12-24T05:48:35.752+0000][1538.756s][info][gc,heap     ] GC(573) Old regions: 104->104
[2025-12-24T05:48:35.752+0000][1538.757s][info][gc,heap     ] GC(573) Archive regions: 2->2
[2025-12-24T05:48:35.752+0000][1538.757s][info][gc,heap     ] GC(573) Humongous regions: 38->38
[2025-12-24T05:48:35.753+0000][1538.757s][info][gc,metaspace] GC(573) Metaspace: 98895K(100096K)->98895K(100096K) NonClass: 85975K(86528K)->85975K(86528K) Class: 12919K(13568K)->12919K(13568K)
[2025-12-24T05:48:35.753+0000][1538.757s][info][gc          ] GC(573) Pause Young (Normal) (G1 Evacuation Pause) 467M->144M(544M) 10.974ms
[2025-12-24T05:48:35.753+0000][1538.757s][info][gc,cpu      ] GC(573) User=0.00s Sys=0.00s Real=0.01s
[2025-12-24T05:48:38.701+0000][1541.705s][info][gc,start    ] GC(574) Pause Young (Normal) (G1 Evacuation Pause)
[2025-12-24T05:48:38.701+0000][1541.705s][info][gc,task     ] GC(574) Using 3 workers of 3 for evacuation
[2025-12-24T05:48:38.703+0000][1541.708s][info][gc,phases   ] GC(574)   Pre Evacuate Collection Set: 0.1ms
[2025-12-24T05:48:38.704+0000][1541.708s][info][gc,phases   ] GC(574)   Merge Heap Roots: 0.1ms
[2025-12-24T05:48:38.704+0000][1541.708s][info][gc,phases   ] GC(574)   Evacuate Collection Set: 1.4ms
[2025-12-24T05:48:38.704+0000][1541.708s][info][gc,phases   ] GC(574)   Post Evacuate Collection Set: 0.5ms
[2025-12-24T05:48:38.704+0000][1541.708s][info][gc,phases   ] GC(574)   Other: 0.7ms
[2025-12-24T05:48:38.704+0000][1541.708s][info][gc,heap     ] GC(574) Eden regions: 323->0(324)
[2025-12-24T05:48:38.704+0000][1541.708s][info][gc,heap     ] GC(574) Survivor regions: 3->2(41)
[2025-12-24T05:48:38.704+0000][1541.708s][info][gc,heap     ] GC(574) Old regions: 104->104
[2025-12-24T05:48:38.704+0000][1541.708s][info][gc,heap     ] GC(574) Archive regions: 2->2
[2025-12-24T05:48:38.704+0000][1541.708s][info][gc,heap     ] GC(574) Humongous regions: 38->38
[2025-12-24T05:48:38.704+0000][1541.708s][info][gc,metaspace] GC(574) Metaspace: 98895K(100096K)->98895K(100096K) NonClass: 85975K(86528K)->85975K(86528K) Class: 12919K(13568K)->12919K(13568K)
[2025-12-24T05:48:38.704+0000][1541.708s][info][gc          ] GC(574) Pause Young (Normal) (G1 Evacuation Pause) 467M->144M(544M) 3.390ms
[2025-12-24T05:48:38.704+0000][1541.709s][info][gc,cpu      ] GC(574) User=0.01s Sys=0.00s Real=0.00s
[2025-12-24T05:48:43.089+0000][1546.093s][info][gc,start    ] GC(575) Pause Young (Normal) (G1 Evacuation Pause)
[2025-12-24T05:48:43.089+0000][1546.093s][info][gc,task     ] GC(575) Using 3 workers of 3 for evacuation
[2025-12-24T05:48:43.091+0000][1546.095s][info][gc,phases   ] GC(575)   Pre Evacuate Collection Set: 0.1ms
[2025-12-24T05:48:43.091+0000][1546.096s][info][gc,phases   ] GC(575)   Merge Heap Roots: 0.1ms
[2025-12-24T05:48:43.091+0000][1546.096s][info][gc,phases   ] GC(575)   Evacuate Collection Set: 1.3ms
[2025-12-24T05:48:43.092+0000][1546.096s][info][gc,phases   ] GC(575)   Post Evacuate Collection Set: 0.5ms
[2025-12-24T05:48:43.092+0000][1546.096s][info][gc,phases   ] GC(575)   Other: 0.5ms
[2025-12-24T05:48:43.092+0000][1546.096s][info][gc,heap     ] GC(575) Eden regions: 324->0(324)
[2025-12-24T05:48:43.092+0000][1546.096s][info][gc,heap     ] GC(575) Survivor regions: 2->2(41)
[2025-12-24T05:48:43.092+0000][1546.096s][info][gc,heap     ] GC(575) Old regions: 104->104
[2025-12-24T05:48:43.092+0000][1546.096s][info][gc,heap     ] GC(575) Archive regions: 2->2
[2025-12-24T05:48:43.092+0000][1546.096s][info][gc,heap     ] GC(575) Humongous regions: 38->38
[2025-12-24T05:48:43.092+0000][1546.096s][info][gc,metaspace] GC(575) Metaspace: 98895K(100096K)->98895K(100096K) NonClass: 85975K(86528K)->85975K(86528K) Class: 12919K(13568K)->12919K(13568K)
[2025-12-24T05:48:43.092+0000][1546.096s][info][gc          ] GC(575) Pause Young (Normal) (G1 Evacuation Pause) 468M->144M(544M) 3.071ms
[2025-12-24T05:48:43.092+0000][1546.096s][info][gc,cpu      ] GC(575) User=0.00s Sys=0.00s Real=0.00s
[2025-12-24T05:48:44.715+0000][1547.719s][info][gc,start    ] GC(576) Pause Young (Normal) (G1 Evacuation Pause)
[2025-12-24T05:48:44.716+0000][1547.720s][info][gc,task     ] GC(576) Using 3 workers of 3 for evacuation
[2025-12-24T05:48:44.727+0000][1547.731s][info][gc,phases   ] GC(576)   Pre Evacuate Collection Set: 0.9ms
[2025-12-24T05:48:44.727+0000][1547.731s][info][gc,phases   ] GC(576)   Merge Heap Roots: 0.2ms
[2025-12-24T05:48:44.727+0000][1547.731s][info][gc,phases   ] GC(576)   Evacuate Collection Set: 8.9ms
[2025-12-24T05:48:44.727+0000][1547.731s][info][gc,phases   ] GC(576)   Post Evacuate Collection Set: 1.0ms
[2025-12-24T05:48:44.727+0000][1547.732s][info][gc,phases   ] GC(576)   Other: 1.1ms
[2025-12-24T05:48:44.728+0000][1547.732s][info][gc,heap     ] GC(576) Eden regions: 324->0(320)
[2025-12-24T05:48:44.728+0000][1547.732s][info][gc,heap     ] GC(576) Survivor regions: 2->6(41)
[2025-12-24T05:48:44.728+0000][1547.732s][info][gc,heap     ] GC(576) Old regions: 104->105
[2025-12-24T05:48:44.728+0000][1547.732s][info][gc,heap     ] GC(576) Archive regions: 2->2
[2025-12-24T05:48:44.728+0000][1547.732s][info][gc,heap     ] GC(576) Humongous regions: 38->38
[2025-12-24T05:48:44.728+0000][1547.732s][info][gc,metaspace] GC(576) Metaspace: 99421K(100800K)->99421K(100800K) NonClass: 86404K(87040K)->86404K(87040K) Class: 13017K(13760K)->13017K(13760K)
[2025-12-24T05:48:44.728+0000][1547.732s][info][gc          ] GC(576) Pause Young (Normal) (G1 Evacuation Pause) 468M->148M(544M) 13.011ms
[2025-12-24T05:48:44.728+0000][1547.732s][info][gc,cpu      ] GC(576) User=0.01s Sys=0.00s Real=0.01s
[2025-12-24T05:48:45.551+0000][1548.555s][info][gc,start    ] GC(577) Pause Young (Normal) (G1 Evacuation Pause)
[2025-12-24T05:48:45.551+0000][1548.556s][info][gc,task     ] GC(577) Using 3 workers of 3 for evacuation
[2025-12-24T05:48:45.570+0000][1548.575s][info][gc,phases   ] GC(577)   Pre Evacuate Collection Set: 1.2ms
[2025-12-24T05:48:45.572+0000][1548.576s][info][gc,phases   ] GC(577)   Merge Heap Roots: 0.5ms
[2025-12-24T05:48:45.572+0000][1548.576s][info][gc,phases   ] GC(577)   Evacuate Collection Set: 15.9ms
[2025-12-24T05:48:45.572+0000][1548.576s][info][gc,phases   ] GC(577)   Post Evacuate Collection Set: 1.2ms
[2025-12-24T05:48:45.572+0000][1548.576s][info][gc,phases   ] GC(577)   Other: 1.0ms
[2025-12-24T05:48:45.572+0000][1548.576s][info][gc,heap     ] GC(577) Eden regions: 320->0(319)
[2025-12-24T05:48:45.572+0000][1548.576s][info][gc,heap     ] GC(577) Survivor regions: 6->7(41)
[2025-12-24T05:48:45.572+0000][1548.576s][info][gc,heap     ] GC(577) Old regions: 105->105
[2025-12-24T05:48:45.572+0000][1548.576s][info][gc,heap     ] GC(577) Archive regions: 2->2
[2025-12-24T05:48:45.573+0000][1548.577s][info][gc,heap     ] GC(577) Humongous regions: 38->38
[2025-12-24T05:48:45.573+0000][1548.577s][info][gc,metaspace] GC(577) Metaspace: 99422K(100800K)->99422K(100800K) NonClass: 86405K(87040K)->86405K(87040K) Class: 13017K(13760K)->13017K(13760K)
[2025-12-24T05:48:45.573+0000][1548.577s][info][gc          ] GC(577) Pause Young (Normal) (G1 Evacuation Pause) 468M->149M(544M) 22.127ms
[2025-12-24T05:48:45.574+0000][1548.578s][info][gc,cpu      ] GC(577) User=0.01s Sys=0.01s Real=0.02s
[2025-12-24T05:48:46.323+0000][1549.327s][info][gc,start    ] GC(578) Pause Young (Normal) (G1 Evacuation Pause)
[2025-12-24T05:48:46.323+0000][1549.327s][info][gc,task     ] GC(578) Using 3 workers of 3 for evacuation
[2025-12-24T05:48:46.333+0000][1549.337s][info][gc,phases   ] GC(578)   Pre Evacuate Collection Set: 0.2ms
[2025-12-24T05:48:46.333+0000][1549.337s][info][gc,phases   ] GC(578)   Merge Heap Roots: 0.1ms
[2025-12-24T05:48:46.333+0000][1549.338s][info][gc,phases   ] GC(578)   Evacuate Collection Set: 8.6ms
[2025-12-24T05:48:46.333+0000][1549.338s][info][gc,phases   ] GC(578)   Post Evacuate Collection Set: 0.9ms
[2025-12-24T05:48:46.334+0000][1549.338s][info][gc,phases   ] GC(578)   Other: 0.6ms
[2025-12-24T05:48:46.334+0000][1549.338s][info][gc,heap     ] GC(578) Eden regions: 319->0(319)
[2025-12-24T05:48:46.334+0000][1549.338s][info][gc,heap     ] GC(578) Survivor regions: 7->7(41)
[2025-12-24T05:48:46.334+0000][1549.338s][info][gc,heap     ] GC(578) Old regions: 105->105
[2025-12-24T05:48:46.334+0000][1549.338s][info][gc,heap     ] GC(578) Archive regions: 2->2
[2025-12-24T05:48:46.334+0000][1549.338s][info][gc,heap     ] GC(578) Humongous regions: 38->38
[2025-12-24T05:48:46.335+0000][1549.339s][info][gc,metaspace] GC(578) Metaspace: 99422K(100800K)->99422K(100800K) NonClass: 86405K(87040K)->86405K(87040K) Class: 13017K(13760K)->13017K(13760K)
[2025-12-24T05:48:46.335+0000][1549.339s][info][gc          ] GC(578) Pause Young (Normal) (G1 Evacuation Pause) 468M->149M(544M) 12.274ms
[2025-12-24T05:48:46.335+0000][1549.340s][info][gc,cpu      ] GC(578) User=0.01s Sys=0.00s Real=0.01s
[2025-12-24T05:48:47.094+0000][1550.098s][info][gc,start    ] GC(579) Pause Young (Normal) (G1 Evacuation Pause)
[2025-12-24T05:48:47.095+0000][1550.099s][info][gc,task     ] GC(579) Using 3 workers of 3 for evacuation
[2025-12-24T05:48:47.109+0000][1550.113s][info][gc,phases   ] GC(579)   Pre Evacuate Collection Set: 0.3ms
[2025-12-24T05:48:47.109+0000][1550.113s][info][gc,phases   ] GC(579)   Merge Heap Roots: 0.2ms
[2025-12-24T05:48:47.109+0000][1550.113s][info][gc,phases   ] GC(579)   Evacuate Collection Set: 12.4ms
[2025-12-24T05:48:47.109+0000][1550.113s][info][gc,phases   ] GC(579)   Post Evacuate Collection Set: 1.0ms
[2025-12-24T05:48:47.109+0000][1550.113s][info][gc,phases   ] GC(579)   Other: 0.7ms
[2025-12-24T05:48:47.109+0000][1550.113s][info][gc,heap     ] GC(579) Eden regions: 319->0(319)
[2025-12-24T05:48:47.109+0000][1550.113s][info][gc,heap     ] GC(579) Survivor regions: 7->7(41)
[2025-12-24T05:48:47.109+0000][1550.113s][info][gc,heap     ] GC(579) Old regions: 105->105
[2025-12-24T05:48:47.109+0000][1550.114s][info][gc,heap     ] GC(579) Archive regions: 2->2
[2025-12-24T05:48:47.110+0000][1550.114s][info][gc,heap     ] GC(579) Humongous regions: 38->38
[2025-12-24T05:48:47.110+0000][1550.114s][info][gc,metaspace] GC(579) Metaspace: 99434K(100800K)->99434K(100800K) NonClass: 86416K(87040K)->86416K(87040K) Class: 13017K(13760K)->13017K(13760K)
[2025-12-24T05:48:47.110+0000][1550.114s][info][gc          ] GC(579) Pause Young (Normal) (G1 Evacuation Pause) 468M->150M(544M) 15.386ms
[2025-12-24T05:48:47.110+0000][1550.114s][info][gc,cpu      ] GC(579) User=0.01s Sys=0.00s Real=0.02s
[2025-12-24T05:48:47.764+0000][1550.768s][info][gc,start    ] GC(580) Pause Young (Normal) (G1 Evacuation Pause)
[2025-12-24T05:48:47.765+0000][1550.769s][info][gc,task     ] GC(580) Using 3 workers of 3 for evacuation
[2025-12-24T05:48:47.777+0000][1550.781s][info][gc,phases   ] GC(580)   Pre Evacuate Collection Set: 0.6ms
[2025-12-24T05:48:47.777+0000][1550.781s][info][gc,phases   ] GC(580)   Merge Heap Roots: 0.5ms
[2025-12-24T05:48:47.777+0000][1550.782s][info][gc,phases   ] GC(580)   Evacuate Collection Set: 8.4ms
[2025-12-24T05:48:47.778+0000][1550.782s][info][gc,phases   ] GC(580)   Post Evacuate Collection Set: 2.2ms
[2025-12-24T05:48:47.778+0000][1550.782s][info][gc,phases   ] GC(580)   Other: 1.5ms
[2025-12-24T05:48:47.778+0000][1550.782s][info][gc,heap     ] GC(580) Eden regions: 319->0(318)
[2025-12-24T05:48:47.778+0000][1550.782s][info][gc,heap     ] GC(580) Survivor regions: 7->8(41)
[2025-12-24T05:48:47.778+0000][1550.782s][info][gc,heap     ] GC(580) Old regions: 105->105
[2025-12-24T05:48:47.778+0000][1550.782s][info][gc,heap     ] GC(580) Archive regions: 2->2
[2025-12-24T05:48:47.778+0000][1550.782s][info][gc,heap     ] GC(580) Humongous regions: 38->38
[2025-12-24T05:48:47.778+0000][1550.782s][info][gc,metaspace] GC(580) Metaspace: 99446K(100800K)->99446K(100800K) NonClass: 86429K(87040K)->86429K(87040K) Class: 13017K(13760K)->13017K(13760K)
[2025-12-24T05:48:47.778+0000][1550.783s][info][gc          ] GC(580) Pause Young (Normal) (G1 Evacuation Pause) 469M->150M(544M) 14.288ms
[2025-12-24T05:48:47.779+0000][1550.783s][info][gc,cpu      ] GC(580) User=0.01s Sys=0.00s Real=0.02s
[2025-12-24T05:48:48.684+0000][1551.688s][info][gc,start    ] GC(581) Pause Young (Normal) (G1 Evacuation Pause)
[2025-12-24T05:48:48.684+0000][1551.689s][info][gc,task     ] GC(581) Using 3 workers of 3 for evacuation
[2025-12-24T05:48:48.705+0000][1551.710s][info][gc,phases   ] GC(581)   Pre Evacuate Collection Set: 3.4ms
[2025-12-24T05:48:48.706+0000][1551.710s][info][gc,phases   ] GC(581)   Merge Heap Roots: 0.2ms
[2025-12-24T05:48:48.706+0000][1551.710s][info][gc,phases   ] GC(581)   Evacuate Collection Set: 13.2ms
[2025-12-24T05:48:48.706+0000][1551.710s][info][gc,phases   ] GC(581)   Post Evacuate Collection Set: 3.9ms
[2025-12-24T05:48:48.706+0000][1551.710s][info][gc,phases   ] GC(581)   Other: 1.0ms
[2025-12-24T05:48:48.706+0000][1551.710s][info][gc,heap     ] GC(581) Eden regions: 318->0(318)
[2025-12-24T05:48:48.706+0000][1551.710s][info][gc,heap     ] GC(581) Survivor regions: 8->8(41)
[2025-12-24T05:48:48.706+0000][1551.710s][info][gc,heap     ] GC(581) Old regions: 105->105
[2025-12-24T05:48:48.706+0000][1551.710s][info][gc,heap     ] GC(581) Archive regions: 2->2
[2025-12-24T05:48:48.706+0000][1551.710s][info][gc,heap     ] GC(581) Humongous regions: 38->38
[2025-12-24T05:48:48.706+0000][1551.710s][info][gc,metaspace] GC(581) Metaspace: 99480K(100800K)->99480K(100800K) NonClass: 86463K(87040K)->86463K(87040K) Class: 13017K(13760K)->13017K(13760K)
[2025-12-24T05:48:48.706+0000][1551.710s][info][gc          ] GC(581) Pause Young (Normal) (G1 Evacuation Pause) 468M->150M(544M) 22.192ms
[2025-12-24T05:48:48.707+0000][1551.711s][info][gc,cpu      ] GC(581) User=0.01s Sys=0.00s Real=0.02s
[2025-12-24T05:48:51.788+0000][1554.793s][info][gc,start    ] GC(582) Pause Young (Normal) (G1 Evacuation Pause)
[2025-12-24T05:48:51.789+0000][1554.793s][info][gc,task     ] GC(582) Using 3 workers of 3 for evacuation
[2025-12-24T05:48:51.794+0000][1554.799s][info][gc,phases   ] GC(582)   Pre Evacuate Collection Set: 0.5ms
[2025-12-24T05:48:51.795+0000][1554.799s][info][gc,phases   ] GC(582)   Merge Heap Roots: 0.1ms
[2025-12-24T05:48:51.795+0000][1554.799s][info][gc,phases   ] GC(582)   Evacuate Collection Set: 4.0ms
[2025-12-24T05:48:51.795+0000][1554.799s][info][gc,phases   ] GC(582)   Post Evacuate Collection Set: 0.8ms
[2025-12-24T05:48:51.795+0000][1554.799s][info][gc,phases   ] GC(582)   Other: 0.7ms
[2025-12-24T05:48:51.795+0000][1554.799s][info][gc,heap     ] GC(582) Eden regions: 318->0(319)
[2025-12-24T05:48:51.795+0000][1554.799s][info][gc,heap     ] GC(582) Survivor regions: 8->7(41)
[2025-12-24T05:48:51.795+0000][1554.799s][info][gc,heap     ] GC(582) Old regions: 105->105
[2025-12-24T05:48:51.795+0000][1554.799s][info][gc,heap     ] GC(582) Archive regions: 2->2
[2025-12-24T05:48:51.795+0000][1554.799s][info][gc,heap     ] GC(582) Humongous regions: 38->38
[2025-12-24T05:48:51.795+0000][1554.799s][info][gc,metaspace] GC(582) Metaspace: 99480K(100800K)->99480K(100800K) NonClass: 86463K(87040K)->86463K(87040K) Class: 13017K(13760K)->13017K(13760K)
[2025-12-24T05:48:51.795+0000][1554.799s][info][gc          ] GC(582) Pause Young (Normal) (G1 Evacuation Pause) 468M->150M(544M) 6.573ms
[2025-12-24T05:48:51.795+0000][1554.799s][info][gc,cpu      ] GC(582) User=0.01s Sys=0.00s Real=0.01s
[2025-12-24T05:48:55.117+0000][1558.122s][info][gc,start    ] GC(583) Pause Young (Normal) (G1 Evacuation Pause)
[2025-12-24T05:48:55.118+0000][1558.122s][info][gc,task     ] GC(583) Using 3 workers of 3 for evacuation
[2025-12-24T05:48:55.125+0000][1558.129s][info][gc,phases   ] GC(583)   Pre Evacuate Collection Set: 0.2ms
[2025-12-24T05:48:55.125+0000][1558.129s][info][gc,phases   ] GC(583)   Merge Heap Roots: 0.1ms
[2025-12-24T05:48:55.125+0000][1558.129s][info][gc,phases   ] GC(583)   Evacuate Collection Set: 5.1ms
[2025-12-24T05:48:55.125+0000][1558.129s][info][gc,phases   ] GC(583)   Post Evacuate Collection Set: 1.4ms
[2025-12-24T05:48:55.125+0000][1558.129s][info][gc,phases   ] GC(583)   Other: 0.6ms
[2025-12-24T05:48:55.125+0000][1558.129s][info][gc,heap     ] GC(583) Eden regions: 319->0(319)
[2025-12-24T05:48:55.125+0000][1558.130s][info][gc,heap     ] GC(583) Survivor regions: 7->7(41)
[2025-12-24T05:48:55.125+0000][1558.130s][info][gc,heap     ] GC(583) Old regions: 105->105
[2025-12-24T05:48:55.126+0000][1558.130s][info][gc,heap     ] GC(583) Archive regions: 2->2
[2025-12-24T05:48:55.126+0000][1558.130s][info][gc,heap     ] GC(583) Humongous regions: 38->38
[2025-12-24T05:48:55.126+0000][1558.130s][info][gc,metaspace] GC(583) Metaspace: 99480K(100800K)->99480K(100800K) NonClass: 86463K(87040K)->86463K(87040K) Class: 13017K(13760K)->13017K(13760K)
[2025-12-24T05:48:55.126+0000][1558.130s][info][gc          ] GC(583) Pause Young (Normal) (G1 Evacuation Pause) 469M->149M(544M) 8.419ms
[2025-12-24T05:48:55.126+0000][1558.130s][info][gc,cpu      ] GC(583) User=0.01s Sys=0.00s Real=0.01s
[2025-12-24T05:48:59.172+0000][1562.177s][info][gc,start    ] GC(584) Pause Young (Normal) (G1 Evacuation Pause)
[2025-12-24T05:48:59.176+0000][1562.180s][info][gc,task     ] GC(584) Using 3 workers of 3 for evacuation
[2025-12-24T05:48:59.192+0000][1562.196s][info][gc,phases   ] GC(584)   Pre Evacuate Collection Set: 0.8ms
[2025-12-24T05:48:59.192+0000][1562.196s][info][gc,phases   ] GC(584)   Merge Heap Roots: 0.5ms
[2025-12-24T05:48:59.192+0000][1562.196s][info][gc,phases   ] GC(584)   Evacuate Collection Set: 13.0ms
[2025-12-24T05:48:59.192+0000][1562.196s][info][gc,phases   ] GC(584)   Post Evacuate Collection Set: 0.8ms
[2025-12-24T05:48:59.192+0000][1562.196s][info][gc,phases   ] GC(584)   Other: 4.2ms
[2025-12-24T05:48:59.192+0000][1562.196s][info][gc,heap     ] GC(584) Eden regions: 319->0(318)
[2025-12-24T05:48:59.192+0000][1562.196s][info][gc,heap     ] GC(584) Survivor regions: 7->8(41)
[2025-12-24T05:48:59.192+0000][1562.196s][info][gc,heap     ] GC(584) Old regions: 105->105
[2025-12-24T05:48:59.192+0000][1562.196s][info][gc,heap     ] GC(584) Archive regions: 2->2
[2025-12-24T05:48:59.192+0000][1562.196s][info][gc,heap     ] GC(584) Humongous regions: 38->38
[2025-12-24T05:48:59.192+0000][1562.196s][info][gc,metaspace] GC(584) Metaspace: 99483K(100800K)->99483K(100800K) NonClass: 86466K(87040K)->86466K(87040K) Class: 13017K(13760K)->13017K(13760K)
[2025-12-24T05:48:59.192+0000][1562.196s][info][gc          ] GC(584) Pause Young (Normal) (G1 Evacuation Pause) 468M->151M(544M) 19.976ms
[2025-12-24T05:48:59.193+0000][1562.197s][info][gc,cpu      ] GC(584) User=0.01s Sys=0.00s Real=0.02s
[2025-12-24T05:48:59.926+0000][1562.930s][info][gc,start    ] GC(585) Pause Young (Normal) (G1 Evacuation Pause)
[2025-12-24T05:48:59.926+0000][1562.931s][info][gc,task     ] GC(585) Using 3 workers of 3 for evacuation
[2025-12-24T05:48:59.943+0000][1562.947s][info][gc,phases   ] GC(585)   Pre Evacuate Collection Set: 1.4ms
[2025-12-24T05:48:59.943+0000][1562.947s][info][gc,phases   ] GC(585)   Merge Heap Roots: 0.2ms
[2025-12-24T05:48:59.943+0000][1562.947s][info][gc,phases   ] GC(585)   Evacuate Collection Set: 12.2ms
[2025-12-24T05:48:59.943+0000][1562.947s][info][gc,phases   ] GC(585)   Post Evacuate Collection Set: 1.1ms
[2025-12-24T05:48:59.943+0000][1562.947s][info][gc,phases   ] GC(585)   Other: 0.6ms
[2025-12-24T05:48:59.943+0000][1562.947s][info][gc,heap     ] GC(585) Eden regions: 318->0(317)
[2025-12-24T05:48:59.943+0000][1562.947s][info][gc,heap     ] GC(585) Survivor regions: 8->9(41)
[2025-12-24T05:48:59.943+0000][1562.947s][info][gc,heap     ] GC(585) Old regions: 105->105
[2025-12-24T05:48:59.943+0000][1562.947s][info][gc,heap     ] GC(585) Archive regions: 2->2
[2025-12-24T05:48:59.944+0000][1562.948s][info][gc,heap     ] GC(585) Humongous regions: 38->38
[2025-12-24T05:48:59.944+0000][1562.948s][info][gc,metaspace] GC(585) Metaspace: 99608K(100928K)->99608K(100928K) NonClass: 86572K(87168K)->86572K(87168K) Class: 13035K(13760K)->13035K(13760K)
[2025-12-24T05:48:59.944+0000][1562.948s][info][gc          ] GC(585) Pause Young (Normal) (G1 Evacuation Pause) 469M->151M(544M) 17.404ms
[2025-12-24T05:48:59.945+0000][1562.950s][info][gc,cpu      ] GC(585) User=0.01s Sys=0.00s Real=0.02s
[2025-12-24T05:49:00.566+0000][1563.571s][info][gc,start    ] GC(586) Pause Young (Normal) (G1 Evacuation Pause)
[2025-12-24T05:49:00.567+0000][1563.571s][info][gc,task     ] GC(586) Using 3 workers of 3 for evacuation
[2025-12-24T05:49:00.580+0000][1563.584s][info][gc,phases   ] GC(586)   Pre Evacuate Collection Set: 0.3ms
[2025-12-24T05:49:00.580+0000][1563.584s][info][gc,phases   ] GC(586)   Merge Heap Roots: 0.1ms
[2025-12-24T05:49:00.580+0000][1563.584s][info][gc,phases   ] GC(586)   Evacuate Collection Set: 5.7ms
[2025-12-24T05:49:00.580+0000][1563.584s][info][gc,phases   ] GC(586)   Post Evacuate Collection Set: 3.5ms
[2025-12-24T05:49:00.580+0000][1563.585s][info][gc,phases   ] GC(586)   Other: 4.2ms
[2025-12-24T05:49:00.580+0000][1563.585s][info][gc,heap     ] GC(586) Eden regions: 317->0(317)
[2025-12-24T05:49:00.581+0000][1563.585s][info][gc,heap     ] GC(586) Survivor regions: 9->9(41)
[2025-12-24T05:49:00.581+0000][1563.585s][info][gc,heap     ] GC(586) Old regions: 105->105
[2025-12-24T05:49:00.581+0000][1563.585s][info][gc,heap     ] GC(586) Archive regions: 2->2
[2025-12-24T05:49:00.581+0000][1563.585s][info][gc,heap     ] GC(586) Humongous regions: 38->38
[2025-12-24T05:49:00.581+0000][1563.585s][info][gc,metaspace] GC(586) Metaspace: 99616K(100928K)->99616K(100928K) NonClass: 86580K(87168K)->86580K(87168K) Class: 13035K(13760K)->13035K(13760K)
[2025-12-24T05:49:00.581+0000][1563.585s][info][gc          ] GC(586) Pause Young (Normal) (G1 Evacuation Pause) 468M->152M(544M) 14.693ms
[2025-12-24T05:49:00.581+0000][1563.585s][info][gc,cpu      ] GC(586) User=0.02s Sys=0.00s Real=0.02s
[2025-12-24T05:49:01.150+0000][1564.155s][info][gc,start    ] GC(587) Pause Young (Normal) (G1 Evacuation Pause)
[2025-12-24T05:49:01.151+0000][1564.155s][info][gc,task     ] GC(587) Using 3 workers of 3 for evacuation
[2025-12-24T05:49:01.168+0000][1564.173s][info][gc,phases   ] GC(587)   Pre Evacuate Collection Set: 0.2ms
[2025-12-24T05:49:01.169+0000][1564.173s][info][gc,phases   ] GC(587)   Merge Heap Roots: 0.1ms
[2025-12-24T05:49:01.169+0000][1564.173s][info][gc,phases   ] GC(587)   Evacuate Collection Set: 15.7ms
[2025-12-24T05:49:01.169+0000][1564.173s][info][gc,phases   ] GC(587)   Post Evacuate Collection Set: 1.4ms
[2025-12-24T05:49:01.169+0000][1564.173s][info][gc,phases   ] GC(587)   Other: 0.6ms
[2025-12-24T05:49:01.169+0000][1564.173s][info][gc,heap     ] GC(587) Eden regions: 317->0(317)
[2025-12-24T05:49:01.169+0000][1564.173s][info][gc,heap     ] GC(587) Survivor regions: 9->9(41)
[2025-12-24T05:49:01.169+0000][1564.173s][info][gc,heap     ] GC(587) Old regions: 105->105
[2025-12-24T05:49:01.169+0000][1564.173s][info][gc,heap     ] GC(587) Archive regions: 2->2
[2025-12-24T05:49:01.169+0000][1564.173s][info][gc,heap     ] GC(587) Humongous regions: 38->38
[2025-12-24T05:49:01.169+0000][1564.174s][info][gc,metaspace] GC(587) Metaspace: 99621K(100928K)->99621K(100928K) NonClass: 86586K(87168K)->86586K(87168K) Class: 13035K(13760K)->13035K(13760K)
[2025-12-24T05:49:01.169+0000][1564.174s][info][gc          ] GC(587) Pause Young (Normal) (G1 Evacuation Pause) 469M->151M(544M) 19.007ms
[2025-12-24T05:49:01.170+0000][1564.174s][info][gc,cpu      ] GC(587) User=0.02s Sys=0.00s Real=0.02s
[2025-12-24T05:49:01.885+0000][1564.889s][info][gc,start    ] GC(588) Pause Young (Normal) (G1 Evacuation Pause)
[2025-12-24T05:49:01.886+0000][1564.890s][info][gc,task     ] GC(588) Using 3 workers of 3 for evacuation
[2025-12-24T05:49:01.910+0000][1564.914s][info][gc,phases   ] GC(588)   Pre Evacuate Collection Set: 0.3ms
[2025-12-24T05:49:01.911+0000][1564.915s][info][gc,phases   ] GC(588)   Merge Heap Roots: 0.1ms
[2025-12-24T05:49:01.911+0000][1564.915s][info][gc,phases   ] GC(588)   Evacuate Collection Set: 21.8ms
[2025-12-24T05:49:01.911+0000][1564.915s][info][gc,phases   ] GC(588)   Post Evacuate Collection Set: 0.9ms
[2025-12-24T05:49:01.911+0000][1564.915s][info][gc,phases   ] GC(588)   Other: 2.0ms
[2025-12-24T05:49:01.911+0000][1564.915s][info][gc,heap     ] GC(588) Eden regions: 317->0(317)
[2025-12-24T05:49:01.911+0000][1564.915s][info][gc,heap     ] GC(588) Survivor regions: 9->9(41)
[2025-12-24T05:49:01.911+0000][1564.916s][info][gc,heap     ] GC(588) Old regions: 105->105
[2025-12-24T05:49:01.911+0000][1564.916s][info][gc,heap     ] GC(588) Archive regions: 2->2
[2025-12-24T05:49:01.912+0000][1564.916s][info][gc,heap     ] GC(588) Humongous regions: 38->38
[2025-12-24T05:49:01.912+0000][1564.916s][info][gc,metaspace] GC(588) Metaspace: 99649K(100928K)->99649K(100928K) NonClass: 86614K(87168K)->86614K(87168K) Class: 13035K(13760K)->13035K(13760K)
[2025-12-24T05:49:01.912+0000][1564.916s][info][gc          ] GC(588) Pause Young (Normal) (G1 Evacuation Pause) 468M->151M(544M) 26.937ms
[2025-12-24T05:49:01.913+0000][1564.917s][info][gc,cpu      ] GC(588) User=0.01s Sys=0.00s Real=0.03s
[2025-12-24T05:49:02.518+0000][1565.522s][info][gc,start    ] GC(589) Pause Young (Normal) (G1 Evacuation Pause)
[2025-12-24T05:49:02.518+0000][1565.522s][info][gc,task     ] GC(589) Using 3 workers of 3 for evacuation
[2025-12-24T05:49:02.539+0000][1565.543s][info][gc,phases   ] GC(589)   Pre Evacuate Collection Set: 0.7ms
[2025-12-24T05:49:02.540+0000][1565.544s][info][gc,phases   ] GC(589)   Merge Heap Roots: 1.1ms
[2025-12-24T05:49:02.540+0000][1565.544s][info][gc,phases   ] GC(589)   Evacuate Collection Set: 17.5ms
[2025-12-24T05:49:02.540+0000][1565.544s][info][gc,phases   ] GC(589)   Post Evacuate Collection Set: 1.9ms
[2025-12-24T05:49:02.540+0000][1565.544s][info][gc,phases   ] GC(589)   Other: 0.6ms
[2025-12-24T05:49:02.540+0000][1565.544s][info][gc,heap     ] GC(589) Eden regions: 317->0(318)
[2025-12-24T05:49:02.540+0000][1565.544s][info][gc,heap     ] GC(589) Survivor regions: 9->8(41)
[2025-12-24T05:49:02.540+0000][1565.545s][info][gc,heap     ] GC(589) Old regions: 105->105
[2025-12-24T05:49:02.541+0000][1565.545s][info][gc,heap     ] GC(589) Archive regions: 2->2
[2025-12-24T05:49:02.541+0000][1565.545s][info][gc,heap     ] GC(589) Humongous regions: 38->38
[2025-12-24T05:49:02.541+0000][1565.545s][info][gc,metaspace] GC(589) Metaspace: 99664K(100992K)->99664K(100992K) NonClass: 86628K(87232K)->86628K(87232K) Class: 13035K(13760K)->13035K(13760K)
[2025-12-24T05:49:02.541+0000][1565.545s][info][gc          ] GC(589) Pause Young (Normal) (G1 Evacuation Pause) 468M->151M(544M) 23.046ms
[2025-12-24T05:49:02.541+0000][1565.545s][info][gc,cpu      ] GC(589) User=0.01s Sys=0.00s Real=0.03s
[2025-12-24T05:49:03.156+0000][1566.160s][info][gc,start    ] GC(590) Pause Young (Normal) (G1 Evacuation Pause)
[2025-12-24T05:49:03.160+0000][1566.164s][info][gc,task     ] GC(590) Using 3 workers of 3 for evacuation
[2025-12-24T05:49:03.177+0000][1566.181s][info][gc,phases   ] GC(590)   Pre Evacuate Collection Set: 0.6ms
[2025-12-24T05:49:03.178+0000][1566.182s][info][gc,phases   ] GC(590)   Merge Heap Roots: 0.2ms
[2025-12-24T05:49:03.178+0000][1566.182s][info][gc,phases   ] GC(590)   Evacuate Collection Set: 13.5ms
[2025-12-24T05:49:03.178+0000][1566.182s][info][gc,phases   ] GC(590)   Post Evacuate Collection Set: 2.9ms
[2025-12-24T05:49:03.178+0000][1566.182s][info][gc,phases   ] GC(590)   Other: 4.4ms
[2025-12-24T05:49:03.178+0000][1566.182s][info][gc,heap     ] GC(590) Eden regions: 318->0(317)
[2025-12-24T05:49:03.178+0000][1566.182s][info][gc,heap     ] GC(590) Survivor regions: 8->9(41)
[2025-12-24T05:49:03.178+0000][1566.182s][info][gc,heap     ] GC(590) Old regions: 105->105
[2025-12-24T05:49:03.178+0000][1566.182s][info][gc,heap     ] GC(590) Archive regions: 2->2
[2025-12-24T05:49:03.178+0000][1566.182s][info][gc,heap     ] GC(590) Humongous regions: 38->38
[2025-12-24T05:49:03.178+0000][1566.182s][info][gc,metaspace] GC(590) Metaspace: 99672K(100992K)->99672K(100992K) NonClass: 86636K(87232K)->86636K(87232K) Class: 13035K(13760K)->13035K(13760K)
[2025-12-24T05:49:03.178+0000][1566.183s][info][gc          ] GC(590) Pause Young (Normal) (G1 Evacuation Pause) 469M->151M(544M) 22.751ms
[2025-12-24T05:49:03.179+0000][1566.183s][info][gc,cpu      ] GC(590) User=0.01s Sys=0.00s Real=0.03s
[2025-12-24T05:49:03.897+0000][1566.901s][info][gc,start    ] GC(591) Pause Young (Normal) (G1 Evacuation Pause)
[2025-12-24T05:49:03.897+0000][1566.901s][info][gc,task     ] GC(591) Using 3 workers of 3 for evacuation
[2025-12-24T05:49:03.932+0000][1566.936s][info][gc,phases   ] GC(591)   Pre Evacuate Collection Set: 0.3ms
[2025-12-24T05:49:03.932+0000][1566.936s][info][gc,phases   ] GC(591)   Merge Heap Roots: 0.2ms
[2025-12-24T05:49:03.932+0000][1566.936s][info][gc,phases   ] GC(591)   Evacuate Collection Set: 30.2ms
[2025-12-24T05:49:03.932+0000][1566.936s][info][gc,phases   ] GC(591)   Post Evacuate Collection Set: 4.0ms
[2025-12-24T05:49:03.932+0000][1566.936s][info][gc,phases   ] GC(591)   Other: 0.5ms
[2025-12-24T05:49:03.932+0000][1566.936s][info][gc,heap     ] GC(591) Eden regions: 317->0(320)
[2025-12-24T05:49:03.932+0000][1566.936s][info][gc,heap     ] GC(591) Survivor regions: 9->6(41)
[2025-12-24T05:49:03.932+0000][1566.936s][info][gc,heap     ] GC(591) Old regions: 105->108
[2025-12-24T05:49:03.932+0000][1566.936s][info][gc,heap     ] GC(591) Archive regions: 2->2
[2025-12-24T05:49:03.932+0000][1566.937s][info][gc,heap     ] GC(591) Humongous regions: 38->38
[2025-12-24T05:49:03.933+0000][1566.937s][info][gc,metaspace] GC(591) Metaspace: 99672K(100992K)->99672K(100992K) NonClass: 86636K(87232K)->86636K(87232K) Class: 13035K(13760K)->13035K(13760K)
[2025-12-24T05:49:03.933+0000][1566.937s][info][gc          ] GC(591) Pause Young (Normal) (G1 Evacuation Pause) 468M->151M(544M) 35.905ms
[2025-12-24T05:49:03.933+0000][1566.937s][info][gc,cpu      ] GC(591) User=0.01s Sys=0.00s Real=0.04s
[2025-12-24T05:49:06.787+0000][1569.791s][info][gc,start    ] GC(592) Pause Young (Normal) (G1 Evacuation Pause)
[2025-12-24T05:49:06.787+0000][1569.791s][info][gc,task     ] GC(592) Using 3 workers of 3 for evacuation
[2025-12-24T05:49:06.791+0000][1569.795s][info][gc,phases   ] GC(592)   Pre Evacuate Collection Set: 0.3ms
[2025-12-24T05:49:06.791+0000][1569.795s][info][gc,phases   ] GC(592)   Merge Heap Roots: 0.1ms
[2025-12-24T05:49:06.791+0000][1569.795s][info][gc,phases   ] GC(592)   Evacuate Collection Set: 2.3ms
[2025-12-24T05:49:06.791+0000][1569.795s][info][gc,phases   ] GC(592)   Post Evacuate Collection Set: 0.7ms
[2025-12-24T05:49:06.791+0000][1569.795s][info][gc,phases   ] GC(592)   Other: 0.4ms
[2025-12-24T05:49:06.791+0000][1569.795s][info][gc,heap     ] GC(592) Eden regions: 320->0(321)
[2025-12-24T05:49:06.791+0000][1569.795s][info][gc,heap     ] GC(592) Survivor regions: 6->5(41)
[2025-12-24T05:49:06.791+0000][1569.795s][info][gc,heap     ] GC(592) Old regions: 108->108
[2025-12-24T05:49:06.791+0000][1569.795s][info][gc,heap     ] GC(592) Archive regions: 2->2
[2025-12-24T05:49:06.791+0000][1569.796s][info][gc,heap     ] GC(592) Humongous regions: 38->38
[2025-12-24T05:49:06.792+0000][1569.796s][info][gc,metaspace] GC(592) Metaspace: 99672K(100992K)->99672K(100992K) NonClass: 86636K(87232K)->86636K(87232K) Class: 13035K(13760K)->13035K(13760K)
[2025-12-24T05:49:06.792+0000][1569.796s][info][gc          ] GC(592) Pause Young (Normal) (G1 Evacuation Pause) 471M->151M(544M) 4.794ms
[2025-12-24T05:49:06.792+0000][1569.796s][info][gc,cpu      ] GC(592) User=0.01s Sys=0.00s Real=0.01s
[2025-12-24T05:49:09.697+0000][1572.701s][info][gc,start    ] GC(593) Pause Young (Normal) (G1 Evacuation Pause)
[2025-12-24T05:49:09.697+0000][1572.701s][info][gc,task     ] GC(593) Using 3 workers of 3 for evacuation
[2025-12-24T05:49:09.701+0000][1572.705s][info][gc,phases   ] GC(593)   Pre Evacuate Collection Set: 0.2ms
[2025-12-24T05:49:09.701+0000][1572.706s][info][gc,phases   ] GC(593)   Merge Heap Roots: 0.1ms
[2025-12-24T05:49:09.702+0000][1572.706s][info][gc,phases   ] GC(593)   Evacuate Collection Set: 3.1ms
[2025-12-24T05:49:09.702+0000][1572.706s][info][gc,phases   ] GC(593)   Post Evacuate Collection Set: 0.7ms
[2025-12-24T05:49:09.702+0000][1572.706s][info][gc,phases   ] GC(593)   Other: 1.0ms
[2025-12-24T05:49:09.702+0000][1572.706s][info][gc,heap     ] GC(593) Eden regions: 321->0(322)
[2025-12-24T05:49:09.702+0000][1572.706s][info][gc,heap     ] GC(593) Survivor regions: 5->4(41)
[2025-12-24T05:49:09.702+0000][1572.706s][info][gc,heap     ] GC(593) Old regions: 108->108
[2025-12-24T05:49:09.702+0000][1572.706s][info][gc,heap     ] GC(593) Archive regions: 2->2
[2025-12-24T05:49:09.702+0000][1572.706s][info][gc,heap     ] GC(593) Humongous regions: 38->38
[2025-12-24T05:49:09.702+0000][1572.706s][info][gc,metaspace] GC(593) Metaspace: 99672K(100992K)->99672K(100992K) NonClass: 86636K(87232K)->86636K(87232K) Class: 13035K(13760K)->13035K(13760K)
[2025-12-24T05:49:09.702+0000][1572.706s][info][gc          ] GC(593) Pause Young (Normal) (G1 Evacuation Pause) 472M->150M(544M) 5.507ms
[2025-12-24T05:49:09.702+0000][1572.706s][info][gc,cpu      ] GC(593) User=0.00s Sys=0.00s Real=0.01s
[2025-12-24T05:49:13.999+0000][1577.003s][info][gc,start    ] GC(594) Pause Young (Normal) (G1 Evacuation Pause)
[2025-12-24T05:49:13.999+0000][1577.003s][info][gc,task     ] GC(594) Using 3 workers of 3 for evacuation
[2025-12-24T05:49:14.002+0000][1577.006s][info][gc,phases   ] GC(594)   Pre Evacuate Collection Set: 0.1ms
[2025-12-24T05:49:14.002+0000][1577.006s][info][gc,phases   ] GC(594)   Merge Heap Roots: 0.1ms
[2025-12-24T05:49:14.002+0000][1577.006s][info][gc,phases   ] GC(594)   Evacuate Collection Set: 1.7ms
[2025-12-24T05:49:14.002+0000][1577.006s][info][gc,phases   ] GC(594)   Post Evacuate Collection Set: 0.7ms
[2025-12-24T05:49:14.002+0000][1577.006s][info][gc,phases   ] GC(594)   Other: 0.7ms
[2025-12-24T05:49:14.002+0000][1577.006s][info][gc,heap     ] GC(594) Eden regions: 322->0(322)
[2025-12-24T05:49:14.002+0000][1577.006s][info][gc,heap     ] GC(594) Survivor regions: 4->4(41)
[2025-12-24T05:49:14.002+0000][1577.007s][info][gc,heap     ] GC(594) Old regions: 108->108
[2025-12-24T05:49:14.003+0000][1577.007s][info][gc,heap     ] GC(594) Archive regions: 2->2
[2025-12-24T05:49:14.003+0000][1577.007s][info][gc,heap     ] GC(594) Humongous regions: 38->38
[2025-12-24T05:49:14.003+0000][1577.007s][info][gc,metaspace] GC(594) Metaspace: 99672K(100992K)->99672K(100992K) NonClass: 86636K(87232K)->86636K(87232K) Class: 13035K(13760K)->13035K(13760K)
[2025-12-24T05:49:14.003+0000][1577.007s][info][gc          ] GC(594) Pause Young (Normal) (G1 Evacuation Pause) 472M->150M(544M) 4.241ms
[2025-12-24T05:49:14.003+0000][1577.007s][info][gc,cpu      ] GC(594) User=0.01s Sys=0.00s Real=0.01s
[2025-12-24T05:49:18.249+0000][1581.253s][info][gc,start    ] GC(595) Pause Young (Normal) (G1 Evacuation Pause)
[2025-12-24T05:49:18.249+0000][1581.254s][info][gc,task     ] GC(595) Using 3 workers of 3 for evacuation
[2025-12-24T05:49:18.253+0000][1581.257s][info][gc,phases   ] GC(595)   Pre Evacuate Collection Set: 0.1ms
[2025-12-24T05:49:18.253+0000][1581.257s][info][gc,phases   ] GC(595)   Merge Heap Roots: 0.1ms
[2025-12-24T05:49:18.253+0000][1581.258s][info][gc,phases   ] GC(595)   Evacuate Collection Set: 2.5ms
[2025-12-24T05:49:18.253+0000][1581.258s][info][gc,phases   ] GC(595)   Post Evacuate Collection Set: 1.0ms
[2025-12-24T05:49:18.254+0000][1581.258s][info][gc,phases   ] GC(595)   Other: 0.6ms
[2025-12-24T05:49:18.254+0000][1581.258s][info][gc,heap     ] GC(595) Eden regions: 322->0(322)
[2025-12-24T05:49:18.254+0000][1581.258s][info][gc,heap     ] GC(595) Survivor regions: 4->4(41)
[2025-12-24T05:49:18.254+0000][1581.258s][info][gc,heap     ] GC(595) Old regions: 108->108
[2025-12-24T05:49:18.254+0000][1581.258s][info][gc,heap     ] GC(595) Archive regions: 2->2
[2025-12-24T05:49:18.254+0000][1581.258s][info][gc,heap     ] GC(595) Humongous regions: 38->38
[2025-12-24T05:49:18.254+0000][1581.258s][info][gc,metaspace] GC(595) Metaspace: 99672K(100992K)->99672K(100992K) NonClass: 86636K(87232K)->86636K(87232K) Class: 13035K(13760K)->13035K(13760K)
[2025-12-24T05:49:18.254+0000][1581.258s][info][gc          ] GC(595) Pause Young (Normal) (G1 Evacuation Pause) 472M->150M(544M) 4.617ms
[2025-12-24T05:49:18.254+0000][1581.258s][info][gc,cpu      ] GC(595) User=0.01s Sys=0.00s Real=0.00s
[2025-12-24T05:49:21.792+0000][1584.796s][info][gc,start    ] GC(596) Pause Young (Normal) (G1 Evacuation Pause)
[2025-12-24T05:49:21.792+0000][1584.796s][info][gc,task     ] GC(596) Using 3 workers of 3 for evacuation
[2025-12-24T05:49:21.795+0000][1584.799s][info][gc,phases   ] GC(596)   Pre Evacuate Collection Set: 0.1ms
[2025-12-24T05:49:21.795+0000][1584.799s][info][gc,phases   ] GC(596)   Merge Heap Roots: 0.1ms
[2025-12-24T05:49:21.795+0000][1584.800s][info][gc,phases   ] GC(596)   Evacuate Collection Set: 1.8ms
[2025-12-24T05:49:21.796+0000][1584.800s][info][gc,phases   ] GC(596)   Post Evacuate Collection Set: 0.6ms
[2025-12-24T05:49:21.796+0000][1584.800s][info][gc,phases   ] GC(596)   Other: 0.9ms
[2025-12-24T05:49:21.796+0000][1584.800s][info][gc,heap     ] GC(596) Eden regions: 322->0(322)
[2025-12-24T05:49:21.796+0000][1584.800s][info][gc,heap     ] GC(596) Survivor regions: 4->4(41)
[2025-12-24T05:49:21.796+0000][1584.800s][info][gc,heap     ] GC(596) Old regions: 108->109
[2025-12-24T05:49:21.796+0000][1584.800s][info][gc,heap     ] GC(596) Archive regions: 2->2
[2025-12-24T05:49:21.796+0000][1584.800s][info][gc,heap     ] GC(596) Humongous regions: 38->38
[2025-12-24T05:49:21.796+0000][1584.800s][info][gc,metaspace] GC(596) Metaspace: 99672K(100992K)->99672K(100992K) NonClass: 86636K(87232K)->86636K(87232K) Class: 13035K(13760K)->13035K(13760K)
[2025-12-24T05:49:21.796+0000][1584.800s][info][gc          ] GC(596) Pause Young (Normal) (G1 Evacuation Pause) 472M->150M(544M) 4.461ms
[2025-12-24T05:49:21.797+0000][1584.801s][info][gc,cpu      ] GC(596) User=0.01s Sys=0.01s Real=0.00s
[2025-12-24T05:49:25.011+0000][1588.015s][info][gc,start    ] GC(597) Pause Young (Normal) (G1 Evacuation Pause)
[2025-12-24T05:49:25.011+0000][1588.015s][info][gc,task     ] GC(597) Using 3 workers of 3 for evacuation
[2025-12-24T05:49:25.014+0000][1588.018s][info][gc,phases   ] GC(597)   Pre Evacuate Collection Set: 0.1ms
[2025-12-24T05:49:25.014+0000][1588.018s][info][gc,phases   ] GC(597)   Merge Heap Roots: 0.1ms
[2025-12-24T05:49:25.014+0000][1588.019s][info][gc,phases   ] GC(597)   Evacuate Collection Set: 1.9ms
[2025-12-24T05:49:25.015+0000][1588.019s][info][gc,phases   ] GC(597)   Post Evacuate Collection Set: 0.6ms
[2025-12-24T05:49:25.015+0000][1588.019s][info][gc,phases   ] GC(597)   Other: 0.6ms
[2025-12-24T05:49:25.015+0000][1588.019s][info][gc,heap     ] GC(597) Eden regions: 322->0(322)
[2025-12-24T05:49:25.015+0000][1588.019s][info][gc,heap     ] GC(597) Survivor regions: 4->4(41)
[2025-12-24T05:49:25.015+0000][1588.019s][info][gc,heap     ] GC(597) Old regions: 109->109
[2025-12-24T05:49:25.015+0000][1588.019s][info][gc,heap     ] GC(597) Archive regions: 2->2
[2025-12-24T05:49:25.015+0000][1588.019s][info][gc,heap     ] GC(597) Humongous regions: 38->38
[2025-12-24T05:49:25.015+0000][1588.019s][info][gc,metaspace] GC(597) Metaspace: 99672K(100992K)->99672K(100992K) NonClass: 86637K(87232K)->86637K(87232K) Class: 13035K(13760K)->13035K(13760K)
[2025-12-24T05:49:25.015+0000][1588.019s][info][gc          ] GC(597) Pause Young (Normal) (G1 Evacuation Pause) 472M->150M(544M) 4.253ms
[2025-12-24T05:49:25.016+0000][1588.020s][info][gc,cpu      ] GC(597) User=0.00s Sys=0.00s Real=0.00s
[2025-12-24T05:49:29.246+0000][1592.250s][info][gc,start    ] GC(598) Pause Young (Normal) (G1 Evacuation Pause)
[2025-12-24T05:49:29.246+0000][1592.250s][info][gc,task     ] GC(598) Using 3 workers of 3 for evacuation
[2025-12-24T05:49:29.249+0000][1592.253s][info][gc,phases   ] GC(598)   Pre Evacuate Collection Set: 0.1ms
[2025-12-24T05:49:29.250+0000][1592.254s][info][gc,phases   ] GC(598)   Merge Heap Roots: 0.1ms
[2025-12-24T05:49:29.250+0000][1592.254s][info][gc,phases   ] GC(598)   Evacuate Collection Set: 2.0ms
[2025-12-24T05:49:29.250+0000][1592.254s][info][gc,phases   ] GC(598)   Post Evacuate Collection Set: 0.7ms
[2025-12-24T05:49:29.250+0000][1592.254s][info][gc,phases   ] GC(598)   Other: 0.6ms
[2025-12-24T05:49:29.250+0000][1592.254s][info][gc,heap     ] GC(598) Eden regions: 322->0(322)
[2025-12-24T05:49:29.250+0000][1592.254s][info][gc,heap     ] GC(598) Survivor regions: 4->4(41)
[2025-12-24T05:49:29.250+0000][1592.254s][info][gc,heap     ] GC(598) Old regions: 109->109
[2025-12-24T05:49:29.250+0000][1592.254s][info][gc,heap     ] GC(598) Archive regions: 2->2
[2025-12-24T05:49:29.250+0000][1592.254s][info][gc,heap     ] GC(598) Humongous regions: 38->38
[2025-12-24T05:49:29.250+0000][1592.254s][info][gc,metaspace] GC(598) Metaspace: 99672K(100992K)->99672K(100992K) NonClass: 86637K(87232K)->86637K(87232K) Class: 13035K(13760K)->13035K(13760K)
[2025-12-24T05:49:29.250+0000][1592.254s][info][gc          ] GC(598) Pause Young (Normal) (G1 Evacuation Pause) 472M->150M(544M) 4.281ms
[2025-12-24T05:49:29.250+0000][1592.255s][info][gc,cpu      ] GC(598) User=0.01s Sys=0.00s Real=0.01s
[2025-12-24T05:49:33.516+0000][1596.520s][info][gc,start    ] GC(599) Pause Young (Normal) (G1 Evacuation Pause)
[2025-12-24T05:49:33.517+0000][1596.521s][info][gc,task     ] GC(599) Using 3 workers of 3 for evacuation
[2025-12-24T05:49:33.520+0000][1596.525s][info][gc,phases   ] GC(599)   Pre Evacuate Collection Set: 0.1ms
[2025-12-24T05:49:33.521+0000][1596.525s][info][gc,phases   ] GC(599)   Merge Heap Roots: 0.1ms
[2025-12-24T05:49:33.521+0000][1596.525s][info][gc,phases   ] GC(599)   Evacuate Collection Set: 2.4ms
[2025-12-24T05:49:33.521+0000][1596.525s][info][gc,phases   ] GC(599)   Post Evacuate Collection Set: 0.7ms
[2025-12-24T05:49:33.521+0000][1596.525s][info][gc,phases   ] GC(599)   Other: 1.1ms
[2025-12-24T05:49:33.521+0000][1596.525s][info][gc,heap     ] GC(599) Eden regions: 322->0(323)
[2025-12-24T05:49:33.521+0000][1596.525s][info][gc,heap     ] GC(599) Survivor regions: 4->3(41)
[2025-12-24T05:49:33.521+0000][1596.525s][info][gc,heap     ] GC(599) Old regions: 109->109
[2025-12-24T05:49:33.521+0000][1596.525s][info][gc,heap     ] GC(599) Archive regions: 2->2
[2025-12-24T05:49:33.521+0000][1596.525s][info][gc,heap     ] GC(599) Humongous regions: 38->38
[2025-12-24T05:49:33.521+0000][1596.525s][info][gc,metaspace] GC(599) Metaspace: 99672K(100992K)->99672K(100992K) NonClass: 86637K(87232K)->86637K(87232K) Class: 13035K(13760K)->13035K(13760K)
[2025-12-24T05:49:33.521+0000][1596.525s][info][gc          ] GC(599) Pause Young (Normal) (G1 Evacuation Pause) 472M->150M(544M) 4.728ms
[2025-12-24T05:49:33.521+0000][1596.525s][info][gc,cpu      ] GC(599) User=0.01s Sys=0.00s Real=0.01s
[2025-12-24T05:49:36.794+0000][1599.798s][info][gc,start    ] GC(600) Pause Young (Normal) (G1 Evacuation Pause)
[2025-12-24T05:49:36.794+0000][1599.798s][info][gc,task     ] GC(600) Using 3 workers of 3 for evacuation
[2025-12-24T05:49:36.797+0000][1599.801s][info][gc,phases   ] GC(600)   Pre Evacuate Collection Set: 0.1ms
[2025-12-24T05:49:36.797+0000][1599.801s][info][gc,phases   ] GC(600)   Merge Heap Roots: 0.1ms
[2025-12-24T05:49:36.797+0000][1599.801s][info][gc,phases   ] GC(600)   Evacuate Collection Set: 1.7ms
[2025-12-24T05:49:36.797+0000][1599.801s][info][gc,phases   ] GC(600)   Post Evacuate Collection Set: 0.6ms
[2025-12-24T05:49:36.797+0000][1599.801s][info][gc,phases   ] GC(600)   Other: 0.6ms
[2025-12-24T05:49:36.797+0000][1599.801s][info][gc,heap     ] GC(600) Eden regions: 323->0(323)
[2025-12-24T05:49:36.797+0000][1599.801s][info][gc,heap     ] GC(600) Survivor regions: 3->3(41)
[2025-12-24T05:49:36.797+0000][1599.802s][info][gc,heap     ] GC(600) Old regions: 109->110
[2025-12-24T05:49:36.798+0000][1599.802s][info][gc,heap     ] GC(600) Archive regions: 2->2
[2025-12-24T05:49:36.798+0000][1599.802s][info][gc,heap     ] GC(600) Humongous regions: 38->38
[2025-12-24T05:49:36.798+0000][1599.802s][info][gc,metaspace] GC(600) Metaspace: 99672K(100992K)->99672K(100992K) NonClass: 86637K(87232K)->86637K(87232K) Class: 13035K(13760K)->13035K(13760K)
[2025-12-24T05:49:36.798+0000][1599.802s][info][gc          ] GC(600) Pause Young (Normal) (G1 Evacuation Pause) 473M->150M(544M) 4.009ms
[2025-12-24T05:49:36.798+0000][1599.802s][info][gc,cpu      ] GC(600) User=0.00s Sys=0.00s Real=0.00s
[2025-12-24T05:49:40.348+0000][1603.352s][info][gc,start    ] GC(601) Pause Young (Normal) (G1 Evacuation Pause)
[2025-12-24T05:49:40.348+0000][1603.352s][info][gc,task     ] GC(601) Using 3 workers of 3 for evacuation
[2025-12-24T05:49:40.351+0000][1603.355s][info][gc,phases   ] GC(601)   Pre Evacuate Collection Set: 0.1ms
[2025-12-24T05:49:40.351+0000][1603.355s][info][gc,phases   ] GC(601)   Merge Heap Roots: 0.1ms
[2025-12-24T05:49:40.351+0000][1603.355s][info][gc,phases   ] GC(601)   Evacuate Collection Set: 1.7ms
[2025-12-24T05:49:40.351+0000][1603.355s][info][gc,phases   ] GC(601)   Post Evacuate Collection Set: 0.7ms
[2025-12-24T05:49:40.351+0000][1603.356s][info][gc,phases   ] GC(601)   Other: 0.6ms
[2025-12-24T05:49:40.352+0000][1603.356s][info][gc,heap     ] GC(601) Eden regions: 323->0(323)
[2025-12-24T05:49:40.352+0000][1603.356s][info][gc,heap     ] GC(601) Survivor regions: 3->3(41)
[2025-12-24T05:49:40.352+0000][1603.356s][info][gc,heap     ] GC(601) Old regions: 110->110
[2025-12-24T05:49:40.352+0000][1603.356s][info][gc,heap     ] GC(601) Archive regions: 2->2
[2025-12-24T05:49:40.352+0000][1603.356s][info][gc,heap     ] GC(601) Humongous regions: 38->38
[2025-12-24T05:49:40.352+0000][1603.356s][info][gc,metaspace] GC(601) Metaspace: 99673K(100992K)->99673K(100992K) NonClass: 86637K(87232K)->86637K(87232K) Class: 13035K(13760K)->13035K(13760K)
[2025-12-24T05:49:40.352+0000][1603.356s][info][gc          ] GC(601) Pause Young (Normal) (G1 Evacuation Pause) 473M->150M(544M) 4.147ms
[2025-12-24T05:49:40.352+0000][1603.357s][info][gc,cpu      ] GC(601) User=0.01s Sys=0.00s Real=0.01s
[2025-12-24T05:49:44.560+0000][1607.564s][info][gc,start    ] GC(602) Pause Young (Normal) (G1 Evacuation Pause)
[2025-12-24T05:49:44.561+0000][1607.565s][info][gc,task     ] GC(602) Using 3 workers of 3 for evacuation
[2025-12-24T05:49:44.565+0000][1607.569s][info][gc,phases   ] GC(602)   Pre Evacuate Collection Set: 0.2ms
[2025-12-24T05:49:44.566+0000][1607.570s][info][gc,phases   ] GC(602)   Merge Heap Roots: 0.1ms
[2025-12-24T05:49:44.566+0000][1607.570s][info][gc,phases   ] GC(602)   Evacuate Collection Set: 3.0ms
[2025-12-24T05:49:44.566+0000][1607.570s][info][gc,phases   ] GC(602)   Post Evacuate Collection Set: 0.6ms
[2025-12-24T05:49:44.566+0000][1607.570s][info][gc,phases   ] GC(602)   Other: 1.3ms
[2025-12-24T05:49:44.566+0000][1607.571s][info][gc,heap     ] GC(602) Eden regions: 323->0(324)
[2025-12-24T05:49:44.567+0000][1607.571s][info][gc,heap     ] GC(602) Survivor regions: 3->2(41)
[2025-12-24T05:49:44.567+0000][1607.571s][info][gc,heap     ] GC(602) Old regions: 110->110
[2025-12-24T05:49:44.567+0000][1607.571s][info][gc,heap     ] GC(602) Archive regions: 2->2
[2025-12-24T05:49:44.567+0000][1607.571s][info][gc,heap     ] GC(602) Humongous regions: 38->38
[2025-12-24T05:49:44.567+0000][1607.571s][info][gc,metaspace] GC(602) Metaspace: 99673K(100992K)->99673K(100992K) NonClass: 86637K(87232K)->86637K(87232K) Class: 13035K(13760K)->13035K(13760K)
[2025-12-24T05:49:44.567+0000][1607.571s][info][gc          ] GC(602) Pause Young (Normal) (G1 Evacuation Pause) 473M->150M(544M) 7.083ms
[2025-12-24T05:49:44.568+0000][1607.572s][info][gc,cpu      ] GC(602) User=0.02s Sys=0.00s Real=0.00s
[2025-12-24T05:49:48.982+0000][1611.986s][info][gc,start    ] GC(603) Pause Young (Normal) (G1 Evacuation Pause)
[2025-12-24T05:49:48.982+0000][1611.987s][info][gc,task     ] GC(603) Using 3 workers of 3 for evacuation
[2025-12-24T05:49:48.986+0000][1611.990s][info][gc,phases   ] GC(603)   Pre Evacuate Collection Set: 0.1ms
[2025-12-24T05:49:48.986+0000][1611.991s][info][gc,phases   ] GC(603)   Merge Heap Roots: 0.1ms
[2025-12-24T05:49:48.987+0000][1611.991s][info][gc,phases   ] GC(603)   Evacuate Collection Set: 2.7ms
[2025-12-24T05:49:48.987+0000][1611.991s][info][gc,phases   ] GC(603)   Post Evacuate Collection Set: 0.7ms
[2025-12-24T05:49:48.987+0000][1611.991s][info][gc,phases   ] GC(603)   Other: 0.8ms
[2025-12-24T05:49:48.987+0000][1611.991s][info][gc,heap     ] GC(603) Eden regions: 324->0(324)
[2025-12-24T05:49:48.987+0000][1611.991s][info][gc,heap     ] GC(603) Survivor regions: 2->2(41)
[2025-12-24T05:49:48.987+0000][1611.991s][info][gc,heap     ] GC(603) Old regions: 110->110
[2025-12-24T05:49:48.987+0000][1611.991s][info][gc,heap     ] GC(603) Archive regions: 2->2
[2025-12-24T05:49:48.987+0000][1611.991s][info][gc,heap     ] GC(603) Humongous regions: 38->38
[2025-12-24T05:49:48.987+0000][1611.991s][info][gc,metaspace] GC(603) Metaspace: 99673K(100992K)->99673K(100992K) NonClass: 86637K(87232K)->86637K(87232K) Class: 13035K(13760K)->13035K(13760K)
[2025-12-24T05:49:48.987+0000][1611.991s][info][gc          ] GC(603) Pause Young (Normal) (G1 Evacuation Pause) 474M->150M(544M) 4.812ms
[2025-12-24T05:49:48.987+0000][1611.991s][info][gc,cpu      ] GC(603) User=0.01s Sys=0.00s Real=0.00s
[2025-12-24T05:49:51.800+0000][1614.804s][info][gc,start    ] GC(604) Pause Young (Normal) (G1 Evacuation Pause)
[2025-12-24T05:49:51.800+0000][1614.805s][info][gc,task     ] GC(604) Using 3 workers of 3 for evacuation
[2025-12-24T05:49:51.803+0000][1614.807s][info][gc,phases   ] GC(604)   Pre Evacuate Collection Set: 0.1ms
[2025-12-24T05:49:51.803+0000][1614.807s][info][gc,phases   ] GC(604)   Merge Heap Roots: 0.1ms
[2025-12-24T05:49:51.803+0000][1614.807s][info][gc,phases   ] GC(604)   Evacuate Collection Set: 1.7ms
[2025-12-24T05:49:51.803+0000][1614.808s][info][gc,phases   ] GC(604)   Post Evacuate Collection Set: 0.6ms
[2025-12-24T05:49:51.804+0000][1614.808s][info][gc,phases   ] GC(604)   Other: 1.2ms
[2025-12-24T05:49:51.804+0000][1614.808s][info][gc,heap     ] GC(604) Eden regions: 324->0(324)
[2025-12-24T05:49:51.804+0000][1614.808s][info][gc,heap     ] GC(604) Survivor regions: 2->2(41)
[2025-12-24T05:49:51.804+0000][1614.808s][info][gc,heap     ] GC(604) Old regions: 110->111
[2025-12-24T05:49:51.804+0000][1614.808s][info][gc,heap     ] GC(604) Archive regions: 2->2
[2025-12-24T05:49:51.804+0000][1614.808s][info][gc,heap     ] GC(604) Humongous regions: 38->38
[2025-12-24T05:49:51.804+0000][1614.808s][info][gc,metaspace] GC(604) Metaspace: 99673K(100992K)->99673K(100992K) NonClass: 86637K(87232K)->86637K(87232K) Class: 13035K(13760K)->13035K(13760K)
[2025-12-24T05:49:51.804+0000][1614.808s][info][gc          ] GC(604) Pause Young (Normal) (G1 Evacuation Pause) 474M->150M(544M) 4.697ms
[2025-12-24T05:49:51.804+0000][1614.809s][info][gc,cpu      ] GC(604) User=0.01s Sys=0.00s Real=0.00s
[2025-12-24T05:49:55.821+0000][1618.825s][info][gc,start    ] GC(605) Pause Young (Normal) (G1 Evacuation Pause)
[2025-12-24T05:49:55.821+0000][1618.826s][info][gc,task     ] GC(605) Using 3 workers of 3 for evacuation
[2025-12-24T05:49:55.825+0000][1618.829s][info][gc,phases   ] GC(605)   Pre Evacuate Collection Set: 0.2ms
[2025-12-24T05:49:55.825+0000][1618.830s][info][gc,phases   ] GC(605)   Merge Heap Roots: 0.1ms
[2025-12-24T05:49:55.826+0000][1618.830s][info][gc,phases   ] GC(605)   Evacuate Collection Set: 2.6ms
[2025-12-24T05:49:55.826+0000][1618.830s][info][gc,phases   ] GC(605)   Post Evacuate Collection Set: 0.7ms
[2025-12-24T05:49:55.826+0000][1618.830s][info][gc,phases   ] GC(605)   Other: 0.8ms
[2025-12-24T05:49:55.826+0000][1618.830s][info][gc,heap     ] GC(605) Eden regions: 324->0(325)
[2025-12-24T05:49:55.826+0000][1618.830s][info][gc,heap     ] GC(605) Survivor regions: 2->1(41)
[2025-12-24T05:49:55.826+0000][1618.830s][info][gc,heap     ] GC(605) Old regions: 111->111
[2025-12-24T05:49:55.826+0000][1618.830s][info][gc,heap     ] GC(605) Archive regions: 2->2
[2025-12-24T05:49:55.826+0000][1618.830s][info][gc,heap     ] GC(605) Humongous regions: 38->38
[2025-12-24T05:49:55.826+0000][1618.830s][info][gc,metaspace] GC(605) Metaspace: 99673K(100992K)->99673K(100992K) NonClass: 86637K(87232K)->86637K(87232K) Class: 13035K(13760K)->13035K(13760K)
[2025-12-24T05:49:55.826+0000][1618.831s][info][gc          ] GC(605) Pause Young (Normal) (G1 Evacuation Pause) 474M->150M(544M) 5.262ms
[2025-12-24T05:49:55.827+0000][1618.831s][info][gc,cpu      ] GC(605) User=0.01s Sys=0.00s Real=0.00s
[2025-12-24T05:50:00.131+0000][1623.135s][info][gc,start    ] GC(606) Pause Young (Normal) (G1 Evacuation Pause)
[2025-12-24T05:50:00.132+0000][1623.136s][info][gc,task     ] GC(606) Using 3 workers of 3 for evacuation
[2025-12-24T05:50:00.135+0000][1623.140s][info][gc,phases   ] GC(606)   Pre Evacuate Collection Set: 0.1ms
[2025-12-24T05:50:00.136+0000][1623.140s][info][gc,phases   ] GC(606)   Merge Heap Roots: 0.1ms
[2025-12-24T05:50:00.136+0000][1623.140s][info][gc,phases   ] GC(606)   Evacuate Collection Set: 2.8ms
[2025-12-24T05:50:00.136+0000][1623.140s][info][gc,phases   ] GC(606)   Post Evacuate Collection Set: 0.7ms
[2025-12-24T05:50:00.136+0000][1623.140s][info][gc,phases   ] GC(606)   Other: 0.7ms
[2025-12-24T05:50:00.136+0000][1623.140s][info][gc,heap     ] GC(606) Eden regions: 325->0(324)
[2025-12-24T05:50:00.136+0000][1623.140s][info][gc,heap     ] GC(606) Survivor regions: 1->2(41)
[2025-12-24T05:50:00.136+0000][1623.140s][info][gc,heap     ] GC(606) Old regions: 111->112
[2025-12-24T05:50:00.136+0000][1623.140s][info][gc,heap     ] GC(606) Archive regions: 2->2
[2025-12-24T05:50:00.136+0000][1623.140s][info][gc,heap     ] GC(606) Humongous regions: 38->38
[2025-12-24T05:50:00.136+0000][1623.140s][info][gc,metaspace] GC(606) Metaspace: 99673K(100992K)->99673K(100992K) NonClass: 86637K(87232K)->86637K(87232K) Class: 13035K(13760K)->13035K(13760K)
[2025-12-24T05:50:00.136+0000][1623.140s][info][gc          ] GC(606) Pause Young (Normal) (G1 Evacuation Pause) 475M->151M(544M) 5.085ms
[2025-12-24T05:50:00.137+0000][1623.141s][info][gc,cpu      ] GC(606) User=0.01s Sys=0.00s Real=0.00s
[2025-12-24T05:50:04.684+0000][1627.688s][info][gc,start    ] GC(607) Pause Young (Normal) (G1 Evacuation Pause)
[2025-12-24T05:50:04.684+0000][1627.689s][info][gc,task     ] GC(607) Using 3 workers of 3 for evacuation
[2025-12-24T05:50:04.687+0000][1627.691s][info][gc,phases   ] GC(607)   Pre Evacuate Collection Set: 0.1ms
[2025-12-24T05:50:04.687+0000][1627.691s][info][gc,phases   ] GC(607)   Merge Heap Roots: 0.2ms
[2025-12-24T05:50:04.687+0000][1627.691s][info][gc,phases   ] GC(607)   Evacuate Collection Set: 1.6ms
[2025-12-24T05:50:04.687+0000][1627.691s][info][gc,phases   ] GC(607)   Post Evacuate Collection Set: 0.6ms
[2025-12-24T05:50:04.687+0000][1627.691s][info][gc,phases   ] GC(607)   Other: 0.7ms
[2025-12-24T05:50:04.687+0000][1627.691s][info][gc,heap     ] GC(607) Eden regions: 324->0(325)
[2025-12-24T05:50:04.687+0000][1627.692s][info][gc,heap     ] GC(607) Survivor regions: 2->1(41)
[2025-12-24T05:50:04.687+0000][1627.692s][info][gc,heap     ] GC(607) Old regions: 112->112
[2025-12-24T05:50:04.688+0000][1627.692s][info][gc,heap     ] GC(607) Archive regions: 2->2
[2025-12-24T05:50:04.688+0000][1627.692s][info][gc,heap     ] GC(607) Humongous regions: 38->38
[2025-12-24T05:50:04.688+0000][1627.692s][info][gc,metaspace] GC(607) Metaspace: 99673K(100992K)->99673K(100992K) NonClass: 86637K(87232K)->86637K(87232K) Class: 13035K(13760K)->13035K(13760K)
[2025-12-24T05:50:04.688+0000][1627.692s][info][gc          ] GC(607) Pause Young (Normal) (G1 Evacuation Pause) 475M->151M(544M) 3.659ms
[2025-12-24T05:50:04.688+0000][1627.692s][info][gc,cpu      ] GC(607) User=0.01s Sys=0.00s Real=0.00s
[2025-12-24T05:50:07.749+0000][1630.753s][info][gc,start    ] GC(608) Pause Young (Normal) (G1 Evacuation Pause)
[2025-12-24T05:50:07.750+0000][1630.754s][info][gc,task     ] GC(608) Using 3 workers of 3 for evacuation
[2025-12-24T05:50:07.754+0000][1630.758s][info][gc,phases   ] GC(608)   Pre Evacuate Collection Set: 0.2ms
[2025-12-24T05:50:07.754+0000][1630.758s][info][gc,phases   ] GC(608)   Merge Heap Roots: 0.1ms
[2025-12-24T05:50:07.754+0000][1630.758s][info][gc,phases   ] GC(608)   Evacuate Collection Set: 2.5ms
[2025-12-24T05:50:07.754+0000][1630.758s][info][gc,phases   ] GC(608)   Post Evacuate Collection Set: 0.7ms
[2025-12-24T05:50:07.754+0000][1630.759s][info][gc,phases   ] GC(608)   Other: 1.4ms
[2025-12-24T05:50:07.755+0000][1630.759s][info][gc,heap     ] GC(608) Eden regions: 325->0(325)
[2025-12-24T05:50:07.755+0000][1630.759s][info][gc,heap     ] GC(608) Survivor regions: 1->1(41)
[2025-12-24T05:50:07.755+0000][1630.759s][info][gc,heap     ] GC(608) Old regions: 112->112
[2025-12-24T05:50:07.755+0000][1630.759s][info][gc,heap     ] GC(608) Archive regions: 2->2
[2025-12-24T05:50:07.755+0000][1630.759s][info][gc,heap     ] GC(608) Humongous regions: 38->38
[2025-12-24T05:50:07.755+0000][1630.759s][info][gc,metaspace] GC(608) Metaspace: 99673K(100992K)->99673K(100992K) NonClass: 86637K(87232K)->86637K(87232K) Class: 13035K(13760K)->13035K(13760K)
[2025-12-24T05:50:07.755+0000][1630.759s][info][gc          ] GC(608) Pause Young (Normal) (G1 Evacuation Pause) 476M->151M(544M) 5.779ms
[2025-12-24T05:50:07.755+0000][1630.759s][info][gc,cpu      ] GC(608) User=0.01s Sys=0.00s Real=0.00s
[2025-12-24T05:50:10.509+0000][1633.513s][info][gc,start    ] GC(609) Pause Young (Normal) (G1 Evacuation Pause)
[2025-12-24T05:50:10.509+0000][1633.513s][info][gc,task     ] GC(609) Using 3 workers of 3 for evacuation
[2025-12-24T05:50:10.528+0000][1633.532s][info][gc,phases   ] GC(609)   Pre Evacuate Collection Set: 2.2ms
[2025-12-24T05:50:10.528+0000][1633.533s][info][gc,phases   ] GC(609)   Merge Heap Roots: 0.2ms
[2025-12-24T05:50:10.529+0000][1633.533s][info][gc,phases   ] GC(609)   Evacuate Collection Set: 13.0ms
[2025-12-24T05:50:10.529+0000][1633.533s][info][gc,phases   ] GC(609)   Post Evacuate Collection Set: 2.7ms
[2025-12-24T05:50:10.529+0000][1633.533s][info][gc,phases   ] GC(609)   Other: 1.0ms
[2025-12-24T05:50:10.529+0000][1633.533s][info][gc,heap     ] GC(609) Eden regions: 325->0(323)
[2025-12-24T05:50:10.529+0000][1633.533s][info][gc,heap     ] GC(609) Survivor regions: 1->3(41)
[2025-12-24T05:50:10.529+0000][1633.533s][info][gc,heap     ] GC(609) Old regions: 112->112
[2025-12-24T05:50:10.529+0000][1633.533s][info][gc,heap     ] GC(609) Archive regions: 2->2
[2025-12-24T05:50:10.529+0000][1633.533s][info][gc,heap     ] GC(609) Humongous regions: 38->38
[2025-12-24T05:50:10.529+0000][1633.534s][info][gc,metaspace] GC(609) Metaspace: 99673K(100992K)->99673K(100992K) NonClass: 86637K(87232K)->86637K(87232K) Class: 13035K(13760K)->13035K(13760K)
[2025-12-24T05:50:10.530+0000][1633.534s][info][gc          ] GC(609) Pause Young (Normal) (G1 Evacuation Pause) 476M->152M(544M) 20.865ms
[2025-12-24T05:50:10.530+0000][1633.534s][info][gc,cpu      ] GC(609) User=0.01s Sys=0.00s Real=0.02s
[2025-12-24T05:50:11.404+0000][1634.408s][info][gc,start    ] GC(610) Pause Young (Normal) (G1 Evacuation Pause)
[2025-12-24T05:50:11.405+0000][1634.410s][info][gc,task     ] GC(610) Using 3 workers of 3 for evacuation
[2025-12-24T05:50:11.413+0000][1634.417s][info][gc,phases   ] GC(610)   Pre Evacuate Collection Set: 0.6ms
[2025-12-24T05:50:11.413+0000][1634.417s][info][gc,phases   ] GC(610)   Merge Heap Roots: 0.1ms
[2025-12-24T05:50:11.414+0000][1634.418s][info][gc,phases   ] GC(610)   Evacuate Collection Set: 5.2ms
[2025-12-24T05:50:11.414+0000][1634.418s][info][gc,phases   ] GC(610)   Post Evacuate Collection Set: 0.9ms
[2025-12-24T05:50:11.415+0000][1634.420s][info][gc,phases   ] GC(610)   Other: 2.3ms
[2025-12-24T05:50:11.415+0000][1634.420s][info][gc,heap     ] GC(610) Eden regions: 323->0(322)
[2025-12-24T05:50:11.416+0000][1634.420s][info][gc,heap     ] GC(610) Survivor regions: 3->4(41)
[2025-12-24T05:50:11.416+0000][1634.420s][info][gc,heap     ] GC(610) Old regions: 112->112
[2025-12-24T05:50:11.416+0000][1634.420s][info][gc,heap     ] GC(610) Archive regions: 2->2
[2025-12-24T05:50:11.416+0000][1634.420s][info][gc,heap     ] GC(610) Humongous regions: 38->38
[2025-12-24T05:50:11.416+0000][1634.420s][info][gc,metaspace] GC(610) Metaspace: 99673K(100992K)->99673K(100992K) NonClass: 86637K(87232K)->86637K(87232K) Class: 13035K(13760K)->13035K(13760K)
[2025-12-24T05:50:11.416+0000][1634.420s][info][gc          ] GC(610) Pause Young (Normal) (G1 Evacuation Pause) 475M->153M(544M) 12.354ms
[2025-12-24T05:50:11.418+0000][1634.422s][info][gc,cpu      ] GC(610) User=0.00s Sys=0.00s Real=0.01s
[2025-12-24T05:50:12.369+0000][1635.373s][info][gc,start    ] GC(611) Pause Young (Normal) (G1 Evacuation Pause)
[2025-12-24T05:50:12.369+0000][1635.373s][info][gc,task     ] GC(611) Using 3 workers of 3 for evacuation
[2025-12-24T05:50:12.383+0000][1635.387s][info][gc,phases   ] GC(611)   Pre Evacuate Collection Set: 0.3ms
[2025-12-24T05:50:12.383+0000][1635.387s][info][gc,phases   ] GC(611)   Merge Heap Roots: 0.2ms
[2025-12-24T05:50:12.383+0000][1635.387s][info][gc,phases   ] GC(611)   Evacuate Collection Set: 10.6ms
[2025-12-24T05:50:12.383+0000][1635.387s][info][gc,phases   ] GC(611)   Post Evacuate Collection Set: 1.4ms
[2025-12-24T05:50:12.383+0000][1635.387s][info][gc,phases   ] GC(611)   Other: 1.3ms
[2025-12-24T05:50:12.383+0000][1635.388s][info][gc,heap     ] GC(611) Eden regions: 322->0(322)
[2025-12-24T05:50:12.383+0000][1635.388s][info][gc,heap     ] GC(611) Survivor regions: 4->4(41)
[2025-12-24T05:50:12.384+0000][1635.388s][info][gc,heap     ] GC(611) Old regions: 112->112
[2025-12-24T05:50:12.384+0000][1635.388s][info][gc,heap     ] GC(611) Archive regions: 2->2
[2025-12-24T05:50:12.384+0000][1635.388s][info][gc,heap     ] GC(611) Humongous regions: 38->38
[2025-12-24T05:50:12.384+0000][1635.388s][info][gc,metaspace] GC(611) Metaspace: 99673K(100992K)->99673K(100992K) NonClass: 86637K(87232K)->86637K(87232K) Class: 13035K(13760K)->13035K(13760K)
[2025-12-24T05:50:12.384+0000][1635.389s][info][gc          ] GC(611) Pause Young (Normal) (G1 Evacuation Pause) 475M->153M(544M) 15.298ms
[2025-12-24T05:50:12.385+0000][1635.389s][info][gc,cpu      ] GC(611) User=0.01s Sys=0.00s Real=0.01s
[2025-12-24T05:50:13.222+0000][1636.226s][info][gc,start    ] GC(612) Pause Young (Normal) (G1 Evacuation Pause)
[2025-12-24T05:50:13.226+0000][1636.230s][info][gc,task     ] GC(612) Using 3 workers of 3 for evacuation
[2025-12-24T05:50:13.243+0000][1636.247s][info][gc,phases   ] GC(612)   Pre Evacuate Collection Set: 2.7ms
[2025-12-24T05:50:13.244+0000][1636.248s][info][gc,phases   ] GC(612)   Merge Heap Roots: 0.4ms
[2025-12-24T05:50:13.244+0000][1636.248s][info][gc,phases   ] GC(612)   Evacuate Collection Set: 11.7ms
[2025-12-24T05:50:13.244+0000][1636.248s][info][gc,phases   ] GC(612)   Post Evacuate Collection Set: 2.2ms
[2025-12-24T05:50:13.244+0000][1636.248s][info][gc,phases   ] GC(612)   Other: 4.9ms
[2025-12-24T05:50:13.244+0000][1636.248s][info][gc,heap     ] GC(612) Eden regions: 322->0(323)
[2025-12-24T05:50:13.244+0000][1636.248s][info][gc,heap     ] GC(612) Survivor regions: 4->3(41)
[2025-12-24T05:50:13.244+0000][1636.248s][info][gc,heap     ] GC(612) Old regions: 112->112
[2025-12-24T05:50:13.245+0000][1636.249s][info][gc,heap     ] GC(612) Archive regions: 2->2
[2025-12-24T05:50:13.245+0000][1636.249s][info][gc,heap     ] GC(612) Humongous regions: 38->38
[2025-12-24T05:50:13.245+0000][1636.249s][info][gc,metaspace] GC(612) Metaspace: 99673K(100992K)->99673K(100992K) NonClass: 86637K(87232K)->86637K(87232K) Class: 13035K(13760K)->13035K(13760K)
[2025-12-24T05:50:13.245+0000][1636.250s][info][gc          ] GC(612) Pause Young (Normal) (G1 Evacuation Pause) 475M->153M(544M) 23.812ms
[2025-12-24T05:50:13.246+0000][1636.250s][info][gc,cpu      ] GC(612) User=0.01s Sys=0.00s Real=0.02s
[2025-12-24T05:50:14.251+0000][1637.255s][info][gc,start    ] GC(613) Pause Young (Normal) (G1 Evacuation Pause)
[2025-12-24T05:50:14.255+0000][1637.259s][info][gc,task     ] GC(613) Using 3 workers of 3 for evacuation
[2025-12-24T05:50:14.277+0000][1637.281s][info][gc,phases   ] GC(613)   Pre Evacuate Collection Set: 5.6ms
[2025-12-24T05:50:14.280+0000][1637.284s][info][gc,phases   ] GC(613)   Merge Heap Roots: 4.6ms
[2025-12-24T05:50:14.280+0000][1637.284s][info][gc,phases   ] GC(613)   Evacuate Collection Set: 10.3ms
[2025-12-24T05:50:14.280+0000][1637.284s][info][gc,phases   ] GC(613)   Post Evacuate Collection Set: 1.7ms
[2025-12-24T05:50:14.280+0000][1637.284s][info][gc,phases   ] GC(613)   Other: 4.1ms
[2025-12-24T05:50:14.280+0000][1637.284s][info][gc,heap     ] GC(613) Eden regions: 323->0(322)
[2025-12-24T05:50:14.280+0000][1637.284s][info][gc,heap     ] GC(613) Survivor regions: 3->4(41)
[2025-12-24T05:50:14.280+0000][1637.285s][info][gc,heap     ] GC(613) Old regions: 112->112
[2025-12-24T05:50:14.280+0000][1637.285s][info][gc,heap     ] GC(613) Archive regions: 2->2
[2025-12-24T05:50:14.281+0000][1637.285s][info][gc,heap     ] GC(613) Humongous regions: 38->38
[2025-12-24T05:50:14.281+0000][1637.285s][info][gc,metaspace] GC(613) Metaspace: 99673K(100992K)->99673K(100992K) NonClass: 86637K(87232K)->86637K(87232K) Class: 13035K(13760K)->13035K(13760K)
[2025-12-24T05:50:14.281+0000][1637.285s][info][gc          ] GC(613) Pause Young (Normal) (G1 Evacuation Pause) 476M->153M(544M) 29.614ms
[2025-12-24T05:50:14.281+0000][1637.285s][info][gc,cpu      ] GC(613) User=0.01s Sys=0.00s Real=0.03s
[2025-12-24T05:50:15.789+0000][1638.793s][info][gc,start    ] GC(614) Pause Young (Normal) (G1 Evacuation Pause)
[2025-12-24T05:50:15.790+0000][1638.794s][info][gc,task     ] GC(614) Using 3 workers of 3 for evacuation
[2025-12-24T05:50:15.794+0000][1638.798s][info][gc,phases   ] GC(614)   Pre Evacuate Collection Set: 0.3ms
[2025-12-24T05:50:15.794+0000][1638.798s][info][gc,phases   ] GC(614)   Merge Heap Roots: 0.1ms
[2025-12-24T05:50:15.794+0000][1638.798s][info][gc,phases   ] GC(614)   Evacuate Collection Set: 2.6ms
[2025-12-24T05:50:15.794+0000][1638.798s][info][gc,phases   ] GC(614)   Post Evacuate Collection Set: 0.7ms
[2025-12-24T05:50:15.794+0000][1638.798s][info][gc,phases   ] GC(614)   Other: 0.9ms
[2025-12-24T05:50:15.794+0000][1638.798s][info][gc,heap     ] GC(614) Eden regions: 322->0(323)
[2025-12-24T05:50:15.794+0000][1638.798s][info][gc,heap     ] GC(614) Survivor regions: 4->3(41)
[2025-12-24T05:50:15.794+0000][1638.799s][info][gc,heap     ] GC(614) Old regions: 112->112
[2025-12-24T05:50:15.795+0000][1638.799s][info][gc,heap     ] GC(614) Archive regions: 2->2
[2025-12-24T05:50:15.795+0000][1638.799s][info][gc,heap     ] GC(614) Humongous regions: 38->38
[2025-12-24T05:50:15.795+0000][1638.799s][info][gc,metaspace] GC(614) Metaspace: 99673K(100992K)->99673K(100992K) NonClass: 86637K(87232K)->86637K(87232K) Class: 13035K(13760K)->13035K(13760K)
[2025-12-24T05:50:15.795+0000][1638.799s][info][gc          ] GC(614) Pause Young (Normal) (G1 Evacuation Pause) 475M->153M(544M) 5.457ms
[2025-12-24T05:50:15.795+0000][1638.799s][info][gc,cpu      ] GC(614) User=0.01s Sys=0.00s Real=0.00s
[2025-12-24T05:50:20.397+0000][1643.401s][info][gc,start    ] GC(615) Pause Young (Normal) (G1 Evacuation Pause)
[2025-12-24T05:50:20.397+0000][1643.401s][info][gc,task     ] GC(615) Using 3 workers of 3 for evacuation
[2025-12-24T05:50:20.404+0000][1643.408s][info][gc,phases   ] GC(615)   Pre Evacuate Collection Set: 0.2ms
[2025-12-24T05:50:20.404+0000][1643.409s][info][gc,phases   ] GC(615)   Merge Heap Roots: 0.2ms
[2025-12-24T05:50:20.405+0000][1643.409s][info][gc,phases   ] GC(615)   Evacuate Collection Set: 5.6ms
[2025-12-24T05:50:20.405+0000][1643.409s][info][gc,phases   ] GC(615)   Post Evacuate Collection Set: 0.9ms
[2025-12-24T05:50:20.405+0000][1643.409s][info][gc,phases   ] GC(615)   Other: 1.1ms
[2025-12-24T05:50:20.405+0000][1643.409s][info][gc,heap     ] GC(615) Eden regions: 323->0(323)
[2025-12-24T05:50:20.405+0000][1643.409s][info][gc,heap     ] GC(615) Survivor regions: 3->3(41)
[2025-12-24T05:50:20.405+0000][1643.409s][info][gc,heap     ] GC(615) Old regions: 112->112
[2025-12-24T05:50:20.405+0000][1643.409s][info][gc,heap     ] GC(615) Archive regions: 2->2
[2025-12-24T05:50:20.405+0000][1643.410s][info][gc,heap     ] GC(615) Humongous regions: 38->38
[2025-12-24T05:50:20.406+0000][1643.410s][info][gc,metaspace] GC(615) Metaspace: 99673K(100992K)->99673K(100992K) NonClass: 86637K(87232K)->86637K(87232K) Class: 13035K(13760K)->13035K(13760K)
[2025-12-24T05:50:20.406+0000][1643.410s][info][gc          ] GC(615) Pause Young (Normal) (G1 Evacuation Pause) 476M->153M(544M) 9.007ms
[2025-12-24T05:50:20.406+0000][1643.410s][info][gc,cpu      ] GC(615) User=0.01s Sys=0.00s Real=0.01s
[2025-12-24T05:50:23.480+0000][1646.484s][info][gc,start    ] GC(616) Pause Young (Normal) (G1 Evacuation Pause)
[2025-12-24T05:50:23.480+0000][1646.484s][info][gc,task     ] GC(616) Using 3 workers of 3 for evacuation
[2025-12-24T05:50:23.482+0000][1646.486s][info][gc,phases   ] GC(616)   Pre Evacuate Collection Set: 0.1ms
[2025-12-24T05:50:23.482+0000][1646.487s][info][gc,phases   ] GC(616)   Merge Heap Roots: 0.1ms
[2025-12-24T05:50:23.483+0000][1646.487s][info][gc,phases   ] GC(616)   Evacuate Collection Set: 1.7ms
[2025-12-24T05:50:23.483+0000][1646.487s][info][gc,phases   ] GC(616)   Post Evacuate Collection Set: 0.6ms
[2025-12-24T05:50:23.483+0000][1646.487s][info][gc,phases   ] GC(616)   Other: 0.6ms
[2025-12-24T05:50:23.483+0000][1646.487s][info][gc,heap     ] GC(616) Eden regions: 323->0(323)
[2025-12-24T05:50:23.483+0000][1646.487s][info][gc,heap     ] GC(616) Survivor regions: 3->3(41)
[2025-12-24T05:50:23.483+0000][1646.487s][info][gc,heap     ] GC(616) Old regions: 112->112
[2025-12-24T05:50:23.483+0000][1646.487s][info][gc,heap     ] GC(616) Archive regions: 2->2
[2025-12-24T05:50:23.483+0000][1646.487s][info][gc,heap     ] GC(616) Humongous regions: 38->38
[2025-12-24T05:50:23.483+0000][1646.487s][info][gc,metaspace] GC(616) Metaspace: 99673K(100992K)->99673K(100992K) NonClass: 86637K(87232K)->86637K(87232K) Class: 13035K(13760K)->13035K(13760K)
[2025-12-24T05:50:23.483+0000][1646.487s][info][gc          ] GC(616) Pause Young (Normal) (G1 Evacuation Pause) 476M->152M(544M) 3.595ms
[2025-12-24T05:50:23.483+0000][1646.487s][info][gc,cpu      ] GC(616) User=0.01s Sys=0.00s Real=0.00s
[2025-12-24T05:50:26.577+0000][1649.581s][info][gc,start    ] GC(617) Pause Young (Normal) (G1 Evacuation Pause)
[2025-12-24T05:50:26.578+0000][1649.583s][info][gc,task     ] GC(617) Using 3 workers of 3 for evacuation
[2025-12-24T05:50:26.593+0000][1649.597s][info][gc,phases   ] GC(617)   Pre Evacuate Collection Set: 0.3ms
[2025-12-24T05:50:26.594+0000][1649.598s][info][gc,phases   ] GC(617)   Merge Heap Roots: 0.4ms
[2025-12-24T05:50:26.594+0000][1649.598s][info][gc,phases   ] GC(617)   Evacuate Collection Set: 11.4ms
[2025-12-24T05:50:26.594+0000][1649.598s][info][gc,phases   ] GC(617)   Post Evacuate Collection Set: 2.1ms
[2025-12-24T05:50:26.594+0000][1649.598s][info][gc,phases   ] GC(617)   Other: 1.7ms
[2025-12-24T05:50:26.594+0000][1649.598s][info][gc,heap     ] GC(617) Eden regions: 323->0(321)
[2025-12-24T05:50:26.594+0000][1649.598s][info][gc,heap     ] GC(617) Survivor regions: 3->5(41)
[2025-12-24T05:50:26.595+0000][1649.599s][info][gc,heap     ] GC(617) Old regions: 112->112
[2025-12-24T05:50:26.595+0000][1649.599s][info][gc,heap     ] GC(617) Archive regions: 2->2
[2025-12-24T05:50:26.595+0000][1649.599s][info][gc,heap     ] GC(617) Humongous regions: 38->38
[2025-12-24T05:50:26.595+0000][1649.599s][info][gc,metaspace] GC(617) Metaspace: 99673K(100992K)->99673K(100992K) NonClass: 86637K(87232K)->86637K(87232K) Class: 13035K(13760K)->13035K(13760K)
[2025-12-24T05:50:26.600+0000][1649.604s][info][gc          ] GC(617) Pause Young (Normal) (G1 Evacuation Pause) 475M->154M(544M) 23.080ms
[2025-12-24T05:50:26.602+0000][1649.606s][info][gc,cpu      ] GC(617) User=0.01s Sys=0.00s Real=0.03s
[2025-12-24T05:50:27.294+0000][1650.298s][info][gc,start    ] GC(618) Pause Young (Normal) (G1 Evacuation Pause)
[2025-12-24T05:50:27.295+0000][1650.299s][info][gc,task     ] GC(618) Using 3 workers of 3 for evacuation
[2025-12-24T05:50:27.333+0000][1650.337s][info][gc,phases   ] GC(618)   Pre Evacuate Collection Set: 5.0ms
[2025-12-24T05:50:27.333+0000][1650.337s][info][gc,phases   ] GC(618)   Merge Heap Roots: 0.4ms
[2025-12-24T05:50:27.333+0000][1650.338s][info][gc,phases   ] GC(618)   Evacuate Collection Set: 29.2ms
[2025-12-24T05:50:27.334+0000][1650.338s][info][gc,phases   ] GC(618)   Post Evacuate Collection Set: 1.6ms
[2025-12-24T05:50:27.334+0000][1650.338s][info][gc,phases   ] GC(618)   Other: 3.0ms
[2025-12-24T05:50:27.334+0000][1650.338s][info][gc,heap     ] GC(618) Eden regions: 321->0(322)
[2025-12-24T05:50:27.334+0000][1650.338s][info][gc,heap     ] GC(618) Survivor regions: 5->4(41)
[2025-12-24T05:50:27.334+0000][1650.338s][info][gc,heap     ] GC(618) Old regions: 112->112
[2025-12-24T05:50:27.334+0000][1650.338s][info][gc,heap     ] GC(618) Archive regions: 2->2
[2025-12-24T05:50:27.334+0000][1650.339s][info][gc,heap     ] GC(618) Humongous regions: 38->38
[2025-12-24T05:50:27.334+0000][1650.339s][info][gc,metaspace] GC(618) Metaspace: 99681K(100992K)->99681K(100992K) NonClass: 86645K(87232K)->86645K(87232K) Class: 13035K(13760K)->13035K(13760K)
[2025-12-24T05:50:27.335+0000][1650.339s][info][gc          ] GC(618) Pause Young (Normal) (G1 Evacuation Pause) 475M->154M(544M) 40.631ms
[2025-12-24T05:50:27.335+0000][1650.339s][info][gc,cpu      ] GC(618) User=0.01s Sys=0.00s Real=0.04s
[2025-12-24T05:50:27.931+0000][1650.935s][info][gc,start    ] GC(619) Pause Young (Normal) (G1 Evacuation Pause)
[2025-12-24T05:50:27.931+0000][1650.935s][info][gc,task     ] GC(619) Using 3 workers of 3 for evacuation
[2025-12-24T05:50:27.945+0000][1650.949s][info][gc,phases   ] GC(619)   Pre Evacuate Collection Set: 0.2ms
[2025-12-24T05:50:27.945+0000][1650.949s][info][gc,phases   ] GC(619)   Merge Heap Roots: 0.2ms
[2025-12-24T05:50:27.945+0000][1650.950s][info][gc,phases   ] GC(619)   Evacuate Collection Set: 12.8ms
[2025-12-24T05:50:27.946+0000][1650.950s][info][gc,phases   ] GC(619)   Post Evacuate Collection Set: 1.0ms
[2025-12-24T05:50:27.946+0000][1650.950s][info][gc,phases   ] GC(619)   Other: 0.6ms
[2025-12-24T05:50:27.946+0000][1650.950s][info][gc,heap     ] GC(619) Eden regions: 322->0(322)
[2025-12-24T05:50:27.946+0000][1650.950s][info][gc,heap     ] GC(619) Survivor regions: 4->4(41)
[2025-12-24T05:50:27.946+0000][1650.950s][info][gc,heap     ] GC(619) Old regions: 112->112
[2025-12-24T05:50:27.946+0000][1650.950s][info][gc,heap     ] GC(619) Archive regions: 2->2
[2025-12-24T05:50:27.946+0000][1650.950s][info][gc,heap     ] GC(619) Humongous regions: 38->38
[2025-12-24T05:50:27.946+0000][1650.950s][info][gc,metaspace] GC(619) Metaspace: 99681K(100992K)->99681K(100992K) NonClass: 86645K(87232K)->86645K(87232K) Class: 13035K(13760K)->13035K(13760K)
[2025-12-24T05:50:27.946+0000][1650.951s][info][gc          ] GC(619) Pause Young (Normal) (G1 Evacuation Pause) 476M->154M(544M) 15.897ms
[2025-12-24T05:50:27.947+0000][1650.951s][info][gc,cpu      ] GC(619) User=0.00s Sys=0.01s Real=0.01s
[2025-12-24T05:50:28.785+0000][1651.789s][info][gc,start    ] GC(620) Pause Young (Normal) (G1 Evacuation Pause)
[2025-12-24T05:50:28.789+0000][1651.793s][info][gc,task     ] GC(620) Using 3 workers of 3 for evacuation
[2025-12-24T05:50:28.809+0000][1651.813s][info][gc,phases   ] GC(620)   Pre Evacuate Collection Set: 0.3ms
[2025-12-24T05:50:28.809+0000][1651.814s][info][gc,phases   ] GC(620)   Merge Heap Roots: 0.1ms
[2025-12-24T05:50:28.810+0000][1651.814s][info][gc,phases   ] GC(620)   Evacuate Collection Set: 14.3ms
[2025-12-24T05:50:28.810+0000][1651.814s][info][gc,phases   ] GC(620)   Post Evacuate Collection Set: 5.6ms
[2025-12-24T05:50:28.810+0000][1651.814s][info][gc,phases   ] GC(620)   Other: 4.1ms
[2025-12-24T05:50:28.810+0000][1651.814s][info][gc,heap     ] GC(620) Eden regions: 322->0(321)
[2025-12-24T05:50:28.810+0000][1651.814s][info][gc,heap     ] GC(620) Survivor regions: 4->5(41)
[2025-12-24T05:50:28.810+0000][1651.814s][info][gc,heap     ] GC(620) Old regions: 112->112
[2025-12-24T05:50:28.810+0000][1651.814s][info][gc,heap     ] GC(620) Archive regions: 2->2
[2025-12-24T05:50:28.810+0000][1651.814s][info][gc,heap     ] GC(620) Humongous regions: 38->38
[2025-12-24T05:50:28.810+0000][1651.814s][info][gc,metaspace] GC(620) Metaspace: 99681K(100992K)->99681K(100992K) NonClass: 86645K(87232K)->86645K(87232K) Class: 13035K(13760K)->13035K(13760K)
[2025-12-24T05:50:28.810+0000][1651.814s][info][gc          ] GC(620) Pause Young (Normal) (G1 Evacuation Pause) 476M->154M(544M) 25.307ms
[2025-12-24T05:50:28.810+0000][1651.815s][info][gc,cpu      ] GC(620) User=0.01s Sys=0.00s Real=0.03s
[2025-12-24T05:50:29.523+0000][1652.527s][info][gc,start    ] GC(621) Pause Young (Normal) (G1 Evacuation Pause)
[2025-12-24T05:50:29.523+0000][1652.527s][info][gc,task     ] GC(621) Using 3 workers of 3 for evacuation
[2025-12-24T05:50:29.543+0000][1652.547s][info][gc,phases   ] GC(621)   Pre Evacuate Collection Set: 0.3ms
[2025-12-24T05:50:29.543+0000][1652.547s][info][gc,phases   ] GC(621)   Merge Heap Roots: 0.2ms
[2025-12-24T05:50:29.544+0000][1652.548s][info][gc,phases   ] GC(621)   Evacuate Collection Set: 17.6ms
[2025-12-24T05:50:29.545+0000][1652.549s][info][gc,phases   ] GC(621)   Post Evacuate Collection Set: 1.5ms
[2025-12-24T05:50:29.545+0000][1652.549s][info][gc,phases   ] GC(621)   Other: 0.6ms
[2025-12-24T05:50:29.545+0000][1652.549s][info][gc,heap     ] GC(621) Eden regions: 321->0(322)
[2025-12-24T05:50:29.545+0000][1652.549s][info][gc,heap     ] GC(621) Survivor regions: 5->4(41)
[2025-12-24T05:50:29.545+0000][1652.549s][info][gc,heap     ] GC(621) Old regions: 112->113
[2025-12-24T05:50:29.545+0000][1652.549s][info][gc,heap     ] GC(621) Archive regions: 2->2
[2025-12-24T05:50:29.545+0000][1652.549s][info][gc,heap     ] GC(621) Humongous regions: 38->38
[2025-12-24T05:50:29.545+0000][1652.550s][info][gc,metaspace] GC(621) Metaspace: 99681K(100992K)->99681K(100992K) NonClass: 86645K(87232K)->86645K(87232K) Class: 13035K(13760K)->13035K(13760K)
[2025-12-24T05:50:29.546+0000][1652.550s][info][gc          ] GC(621) Pause Young (Normal) (G1 Evacuation Pause) 475M->154M(544M) 22.767ms
[2025-12-24T05:50:29.546+0000][1652.550s][info][gc,cpu      ] GC(621) User=0.01s Sys=0.00s Real=0.02s
[2025-12-24T05:50:30.225+0000][1653.229s][info][gc,start    ] GC(622) Pause Young (Normal) (G1 Evacuation Pause)
[2025-12-24T05:50:30.226+0000][1653.230s][info][gc,task     ] GC(622) Using 3 workers of 3 for evacuation
[2025-12-24T05:50:30.241+0000][1653.245s][info][gc,phases   ] GC(622)   Pre Evacuate Collection Set: 0.5ms
[2025-12-24T05:50:30.241+0000][1653.245s][info][gc,phases   ] GC(622)   Merge Heap Roots: 1.9ms
[2025-12-24T05:50:30.241+0000][1653.245s][info][gc,phases   ] GC(622)   Evacuate Collection Set: 10.1ms
[2025-12-24T05:50:30.241+0000][1653.245s][info][gc,phases   ] GC(622)   Post Evacuate Collection Set: 2.5ms
[2025-12-24T05:50:30.241+0000][1653.246s][info][gc,phases   ] GC(622)   Other: 1.3ms
[2025-12-24T05:50:30.242+0000][1653.246s][info][gc,heap     ] GC(622) Eden regions: 322->0(321)
[2025-12-24T05:50:30.242+0000][1653.246s][info][gc,heap     ] GC(622) Survivor regions: 4->5(41)
[2025-12-24T05:50:30.242+0000][1653.246s][info][gc,heap     ] GC(622) Old regions: 113->113
[2025-12-24T05:50:30.242+0000][1653.246s][info][gc,heap     ] GC(622) Archive regions: 2->2
[2025-12-24T05:50:30.242+0000][1653.246s][info][gc,heap     ] GC(622) Humongous regions: 38->38
[2025-12-24T05:50:30.242+0000][1653.246s][info][gc,metaspace] GC(622) Metaspace: 99681K(100992K)->99681K(100992K) NonClass: 86645K(87232K)->86645K(87232K) Class: 13035K(13760K)->13035K(13760K)
[2025-12-24T05:50:30.242+0000][1653.246s][info][gc          ] GC(622) Pause Young (Normal) (G1 Evacuation Pause) 476M->155M(544M) 17.589ms
[2025-12-24T05:50:30.243+0000][1653.247s][info][gc,cpu      ] GC(622) User=0.01s Sys=0.00s Real=0.02s
[2025-12-24T05:50:31.018+0000][1654.022s][info][gc,start    ] GC(623) Pause Young (Normal) (G1 Evacuation Pause)
[2025-12-24T05:50:31.018+0000][1654.022s][info][gc,task     ] GC(623) Using 3 workers of 3 for evacuation
[2025-12-24T05:50:31.041+0000][1654.045s][info][gc,phases   ] GC(623)   Pre Evacuate Collection Set: 0.6ms
[2025-12-24T05:50:31.041+0000][1654.046s][info][gc,phases   ] GC(623)   Merge Heap Roots: 1.1ms
[2025-12-24T05:50:31.042+0000][1654.046s][info][gc,phases   ] GC(623)   Evacuate Collection Set: 18.4ms
[2025-12-24T05:50:31.042+0000][1654.047s][info][gc,phases   ] GC(623)   Post Evacuate Collection Set: 2.5ms
[2025-12-24T05:50:31.043+0000][1654.047s][info][gc,phases   ] GC(623)   Other: 1.8ms
[2025-12-24T05:50:31.043+0000][1654.047s][info][gc,heap     ] GC(623) Eden regions: 321->0(321)
[2025-12-24T05:50:31.043+0000][1654.047s][info][gc,heap     ] GC(623) Survivor regions: 5->5(41)
[2025-12-24T05:50:31.043+0000][1654.047s][info][gc,heap     ] GC(623) Old regions: 113->113
[2025-12-24T05:50:31.043+0000][1654.047s][info][gc,heap     ] GC(623) Archive regions: 2->2
[2025-12-24T05:50:31.043+0000][1654.047s][info][gc,heap     ] GC(623) Humongous regions: 38->38
[2025-12-24T05:50:31.043+0000][1654.047s][info][gc,metaspace] GC(623) Metaspace: 99681K(100992K)->99681K(100992K) NonClass: 86645K(87232K)->86645K(87232K) Class: 13035K(13760K)->13035K(13760K)
[2025-12-24T05:50:31.043+0000][1654.047s][info][gc          ] GC(623) Pause Young (Normal) (G1 Evacuation Pause) 476M->155M(544M) 25.573ms
[2025-12-24T05:50:31.043+0000][1654.048s][info][gc,cpu      ] GC(623) User=0.01s Sys=0.00s Real=0.03s
[2025-12-24T05:50:33.160+0000][1656.164s][info][gc,start    ] GC(624) Pause Young (Normal) (G1 Evacuation Pause)
[2025-12-24T05:50:33.160+0000][1656.164s][info][gc,task     ] GC(624) Using 3 workers of 3 for evacuation
[2025-12-24T05:50:33.164+0000][1656.168s][info][gc,phases   ] GC(624)   Pre Evacuate Collection Set: 0.3ms
[2025-12-24T05:50:33.164+0000][1656.168s][info][gc,phases   ] GC(624)   Merge Heap Roots: 0.2ms
[2025-12-24T05:50:33.164+0000][1656.168s][info][gc,phases   ] GC(624)   Evacuate Collection Set: 2.3ms
[2025-12-24T05:50:33.164+0000][1656.168s][info][gc,phases   ] GC(624)   Post Evacuate Collection Set: 0.8ms
[2025-12-24T05:50:33.164+0000][1656.169s][info][gc,phases   ] GC(624)   Other: 1.0ms
[2025-12-24T05:50:33.165+0000][1656.169s][info][gc,heap     ] GC(624) Eden regions: 321->0(321)
[2025-12-24T05:50:33.165+0000][1656.169s][info][gc,heap     ] GC(624) Survivor regions: 5->5(41)
[2025-12-24T05:50:33.165+0000][1656.169s][info][gc,heap     ] GC(624) Old regions: 113->113
[2025-12-24T05:50:33.165+0000][1656.169s][info][gc,heap     ] GC(624) Archive regions: 2->2
[2025-12-24T05:50:33.165+0000][1656.169s][info][gc,heap     ] GC(624) Humongous regions: 38->38
[2025-12-24T05:50:33.165+0000][1656.169s][info][gc,metaspace] GC(624) Metaspace: 99681K(100992K)->99681K(100992K) NonClass: 86645K(87232K)->86645K(87232K) Class: 13035K(13760K)->13035K(13760K)
[2025-12-24T05:50:33.165+0000][1656.169s][info][gc          ] GC(624) Pause Young (Normal) (G1 Evacuation Pause) 476M->155M(544M) 5.457ms
[2025-12-24T05:50:33.165+0000][1656.169s][info][gc,cpu      ] GC(624) User=0.01s Sys=0.00s Real=0.00s
[2025-12-24T05:50:36.804+0000][1659.808s][info][gc,start    ] GC(625) Pause Young (Normal) (G1 Evacuation Pause)
[2025-12-24T05:50:36.805+0000][1659.809s][info][gc,task     ] GC(625) Using 3 workers of 3 for evacuation
[2025-12-24T05:50:36.813+0000][1659.817s][info][gc,phases   ] GC(625)   Pre Evacuate Collection Set: 0.1ms
[2025-12-24T05:50:36.814+0000][1659.818s][info][gc,phases   ] GC(625)   Merge Heap Roots: 0.3ms
[2025-12-24T05:50:36.814+0000][1659.818s][info][gc,phases   ] GC(625)   Evacuate Collection Set: 6.6ms
[2025-12-24T05:50:36.814+0000][1659.819s][info][gc,phases   ] GC(625)   Post Evacuate Collection Set: 1.1ms
[2025-12-24T05:50:36.814+0000][1659.819s][info][gc,phases   ] GC(625)   Other: 1.8ms
[2025-12-24T05:50:36.815+0000][1659.819s][info][gc,heap     ] GC(625) Eden regions: 321->0(322)
[2025-12-24T05:50:36.815+0000][1659.819s][info][gc,heap     ] GC(625) Survivor regions: 5->4(41)
[2025-12-24T05:50:36.815+0000][1659.819s][info][gc,heap     ] GC(625) Old regions: 113->113
[2025-12-24T05:50:36.815+0000][1659.819s][info][gc,heap     ] GC(625) Archive regions: 2->2
[2025-12-24T05:50:36.815+0000][1659.819s][info][gc,heap     ] GC(625) Humongous regions: 38->38
[2025-12-24T05:50:36.815+0000][1659.820s][info][gc,metaspace] GC(625) Metaspace: 99681K(100992K)->99681K(100992K) NonClass: 86645K(87232K)->86645K(87232K) Class: 13035K(13760K)->13035K(13760K)
[2025-12-24T05:50:36.816+0000][1659.820s][info][gc          ] GC(625) Pause Young (Normal) (G1 Evacuation Pause) 476M->155M(544M) 11.782ms
[2025-12-24T05:50:36.816+0000][1659.820s][info][gc,cpu      ] GC(625) User=0.01s Sys=0.00s Real=0.01s
[2025-12-24T05:50:40.515+0000][1663.519s][info][gc,start    ] GC(626) Pause Young (Normal) (G1 Evacuation Pause)
[2025-12-24T05:50:40.516+0000][1663.520s][info][gc,task     ] GC(626) Using 3 workers of 3 for evacuation
[2025-12-24T05:50:40.519+0000][1663.523s][info][gc,phases   ] GC(626)   Pre Evacuate Collection Set: 0.1ms
[2025-12-24T05:50:40.519+0000][1663.524s][info][gc,phases   ] GC(626)   Merge Heap Roots: 0.1ms
[2025-12-24T05:50:40.520+0000][1663.524s][info][gc,phases   ] GC(626)   Evacuate Collection Set: 1.8ms
[2025-12-24T05:50:40.520+0000][1663.524s][info][gc,phases   ] GC(626)   Post Evacuate Collection Set: 1.0ms
[2025-12-24T05:50:40.520+0000][1663.524s][info][gc,phases   ] GC(626)   Other: 2.0ms
[2025-12-24T05:50:40.520+0000][1663.524s][info][gc,heap     ] GC(626) Eden regions: 322->0(322)
[2025-12-24T05:50:40.520+0000][1663.524s][info][gc,heap     ] GC(626) Survivor regions: 4->4(41)
[2025-12-24T05:50:40.520+0000][1663.524s][info][gc,heap     ] GC(626) Old regions: 113->113
[2025-12-24T05:50:40.520+0000][1663.524s][info][gc,heap     ] GC(626) Archive regions: 2->2
[2025-12-24T05:50:40.520+0000][1663.524s][info][gc,heap     ] GC(626) Humongous regions: 38->38
[2025-12-24T05:50:40.520+0000][1663.524s][info][gc,metaspace] GC(626) Metaspace: 99681K(100992K)->99681K(100992K) NonClass: 86645K(87232K)->86645K(87232K) Class: 13035K(13760K)->13035K(13760K)
[2025-12-24T05:50:40.520+0000][1663.524s][info][gc          ] GC(626) Pause Young (Normal) (G1 Evacuation Pause) 477M->155M(544M) 5.621ms
[2025-12-24T05:50:40.521+0000][1663.525s][info][gc,cpu      ] GC(626) User=0.00s Sys=0.01s Real=0.01s
[2025-12-24T05:50:43.333+0000][1666.337s][info][gc,start    ] GC(627) Pause Young (Normal) (G1 Evacuation Pause)
[2025-12-24T05:50:43.333+0000][1666.337s][info][gc,task     ] GC(627) Using 3 workers of 3 for evacuation
[2025-12-24T05:50:43.372+0000][1666.376s][info][gc,phases   ] GC(627)   Pre Evacuate Collection Set: 0.3ms
[2025-12-24T05:50:43.374+0000][1666.378s][info][gc,phases   ] GC(627)   Merge Heap Roots: 1.8ms
[2025-12-24T05:50:43.374+0000][1666.378s][info][gc,phases   ] GC(627)   Evacuate Collection Set: 17.1ms
[2025-12-24T05:50:43.374+0000][1666.379s][info][gc,phases   ] GC(627)   Post Evacuate Collection Set: 15.4ms
[2025-12-24T05:50:43.375+0000][1666.379s][info][gc,phases   ] GC(627)   Other: 5.6ms
[2025-12-24T05:50:43.375+0000][1666.380s][info][gc,heap     ] GC(627) Eden regions: 322->0(320)
[2025-12-24T05:50:43.376+0000][1666.380s][info][gc,heap     ] GC(627) Survivor regions: 4->6(41)
[2025-12-24T05:50:43.376+0000][1666.380s][info][gc,heap     ] GC(627) Old regions: 113->113
[2025-12-24T05:50:43.376+0000][1666.380s][info][gc,heap     ] GC(627) Archive regions: 2->2
[2025-12-24T05:50:43.376+0000][1666.380s][info][gc,heap     ] GC(627) Humongous regions: 38->38
[2025-12-24T05:50:43.376+0000][1666.381s][info][gc,metaspace] GC(627) Metaspace: 99681K(100992K)->99681K(100992K) NonClass: 86645K(87232K)->86645K(87232K) Class: 13035K(13760K)->13035K(13760K)
[2025-12-24T05:50:43.377+0000][1666.381s][info][gc          ] GC(627) Pause Young (Normal) (G1 Evacuation Pause) 477M->156M(544M) 44.301ms
[2025-12-24T05:50:43.377+0000][1666.381s][info][gc,cpu      ] GC(627) User=0.01s Sys=0.01s Real=0.04s
[2025-12-24T05:50:44.075+0000][1667.079s][info][gc,start    ] GC(628) Pause Young (Normal) (G1 Evacuation Pause)
[2025-12-24T05:50:44.075+0000][1667.080s][info][gc,task     ] GC(628) Using 3 workers of 3 for evacuation
[2025-12-24T05:50:44.084+0000][1667.088s][info][gc,phases   ] GC(628)   Pre Evacuate Collection Set: 0.3ms
[2025-12-24T05:50:44.084+0000][1667.088s][info][gc,phases   ] GC(628)   Merge Heap Roots: 0.2ms
[2025-12-24T05:50:44.084+0000][1667.088s][info][gc,phases   ] GC(628)   Evacuate Collection Set: 6.2ms
[2025-12-24T05:50:44.084+0000][1667.088s][info][gc,phases   ] GC(628)   Post Evacuate Collection Set: 1.2ms
[2025-12-24T05:50:44.084+0000][1667.088s][info][gc,phases   ] GC(628)   Other: 1.4ms
[2025-12-24T05:50:44.084+0000][1667.088s][info][gc,heap     ] GC(628) Eden regions: 320->0(321)
[2025-12-24T05:50:44.084+0000][1667.088s][info][gc,heap     ] GC(628) Survivor regions: 6->5(41)
[2025-12-24T05:50:44.084+0000][1667.089s][info][gc,heap     ] GC(628) Old regions: 113->113
[2025-12-24T05:50:44.085+0000][1667.089s][info][gc,heap     ] GC(628) Archive regions: 2->2
[2025-12-24T05:50:44.085+0000][1667.089s][info][gc,heap     ] GC(628) Humongous regions: 38->38
[2025-12-24T05:50:44.085+0000][1667.089s][info][gc,metaspace] GC(628) Metaspace: 99685K(100992K)->99685K(100992K) NonClass: 86649K(87232K)->86649K(87232K) Class: 13035K(13760K)->13035K(13760K)
[2025-12-24T05:50:44.085+0000][1667.089s][info][gc          ] GC(628) Pause Young (Normal) (G1 Evacuation Pause) 476M->156M(544M) 10.233ms
[2025-12-24T05:50:44.085+0000][1667.089s][info][gc,cpu      ] GC(628) User=0.01s Sys=0.00s Real=0.01s
[2025-12-24T05:50:45.076+0000][1668.080s][info][gc,start    ] GC(629) Pause Young (Normal) (G1 Evacuation Pause)
[2025-12-24T05:50:45.078+0000][1668.082s][info][gc,task     ] GC(629) Using 3 workers of 3 for evacuation
[2025-12-24T05:50:45.109+0000][1668.113s][info][gc,phases   ] GC(629)   Pre Evacuate Collection Set: 0.3ms
[2025-12-24T05:50:45.110+0000][1668.114s][info][gc,phases   ] GC(629)   Merge Heap Roots: 0.4ms
[2025-12-24T05:50:45.110+0000][1668.114s][info][gc,phases   ] GC(629)   Evacuate Collection Set: 23.6ms
[2025-12-24T05:50:45.110+0000][1668.114s][info][gc,phases   ] GC(629)   Post Evacuate Collection Set: 7.2ms
[2025-12-24T05:50:45.111+0000][1668.115s][info][gc,phases   ] GC(629)   Other: 1.7ms
[2025-12-24T05:50:45.111+0000][1668.115s][info][gc,heap     ] GC(629) Eden regions: 321->0(320)
[2025-12-24T05:50:45.111+0000][1668.115s][info][gc,heap     ] GC(629) Survivor regions: 5->6(41)
[2025-12-24T05:50:45.111+0000][1668.115s][info][gc,heap     ] GC(629) Old regions: 113->113
[2025-12-24T05:50:45.111+0000][1668.115s][info][gc,heap     ] GC(629) Archive regions: 2->2
[2025-12-24T05:50:45.115+0000][1668.119s][info][gc,heap     ] GC(629) Humongous regions: 38->38
[2025-12-24T05:50:45.116+0000][1668.120s][info][gc,metaspace] GC(629) Metaspace: 99685K(100992K)->99685K(100992K) NonClass: 86649K(87232K)->86649K(87232K) Class: 13035K(13760K)->13035K(13760K)
[2025-12-24T05:50:45.116+0000][1668.120s][info][gc          ] GC(629) Pause Young (Normal) (G1 Evacuation Pause) 477M->157M(544M) 40.053ms
[2025-12-24T05:50:45.117+0000][1668.121s][info][gc,cpu      ] GC(629) User=0.00s Sys=0.00s Real=0.04s
[2025-12-24T05:50:45.797+0000][1668.801s][info][gc,start    ] GC(630) Pause Young (Normal) (G1 Evacuation Pause)
[2025-12-24T05:50:45.798+0000][1668.802s][info][gc,task     ] GC(630) Using 3 workers of 3 for evacuation
[2025-12-24T05:50:45.825+0000][1668.829s][info][gc,phases   ] GC(630)   Pre Evacuate Collection Set: 1.4ms
[2025-12-24T05:50:45.825+0000][1668.829s][info][gc,phases   ] GC(630)   Merge Heap Roots: 0.2ms
[2025-12-24T05:50:45.825+0000][1668.829s][info][gc,phases   ] GC(630)   Evacuate Collection Set: 21.4ms
[2025-12-24T05:50:45.825+0000][1668.829s][info][gc,phases   ] GC(630)   Post Evacuate Collection Set: 3.4ms
[2025-12-24T05:50:45.825+0000][1668.829s][info][gc,phases   ] GC(630)   Other: 1.7ms
[2025-12-24T05:50:45.825+0000][1668.829s][info][gc,heap     ] GC(630) Eden regions: 320->0(319)
[2025-12-24T05:50:45.825+0000][1668.829s][info][gc,heap     ] GC(630) Survivor regions: 6->7(41)
[2025-12-24T05:50:45.825+0000][1668.829s][info][gc,heap     ] GC(630) Old regions: 113->113
[2025-12-24T05:50:45.825+0000][1668.829s][info][gc,heap     ] GC(630) Archive regions: 2->2
[2025-12-24T05:50:45.825+0000][1668.830s][info][gc,heap     ] GC(630) Humongous regions: 38->38
[2025-12-24T05:50:45.826+0000][1668.830s][info][gc,metaspace] GC(630) Metaspace: 99693K(100992K)->99693K(100992K) NonClass: 86657K(87232K)->86657K(87232K) Class: 13035K(13760K)->13035K(13760K)
[2025-12-24T05:50:45.826+0000][1668.830s][info][gc          ] GC(630) Pause Young (Normal) (G1 Evacuation Pause) 477M->157M(544M) 28.872ms
[2025-12-24T05:50:45.826+0000][1668.830s][info][gc,cpu      ] GC(630) User=0.01s Sys=0.00s Real=0.03s
[2025-12-24T05:50:46.360+0000][1669.364s][info][gc,start    ] GC(631) Pause Young (Normal) (G1 Evacuation Pause)
[2025-12-24T05:50:46.361+0000][1669.365s][info][gc,task     ] GC(631) Using 3 workers of 3 for evacuation
[2025-12-24T05:50:46.378+0000][1669.382s][info][gc,phases   ] GC(631)   Pre Evacuate Collection Set: 0.3ms
[2025-12-24T05:50:46.378+0000][1669.382s][info][gc,phases   ] GC(631)   Merge Heap Roots: 0.2ms
[2025-12-24T05:50:46.378+0000][1669.382s][info][gc,phases   ] GC(631)   Evacuate Collection Set: 15.4ms
[2025-12-24T05:50:46.380+0000][1669.384s][info][gc,phases   ] GC(631)   Post Evacuate Collection Set: 1.0ms
[2025-12-24T05:50:46.380+0000][1669.384s][info][gc,phases   ] GC(631)   Other: 1.1ms
[2025-12-24T05:50:46.380+0000][1669.384s][info][gc,heap     ] GC(631) Eden regions: 319->0(319)
[2025-12-24T05:50:46.380+0000][1669.384s][info][gc,heap     ] GC(631) Survivor regions: 7->7(41)
[2025-12-24T05:50:46.380+0000][1669.384s][info][gc,heap     ] GC(631) Old regions: 113->113
[2025-12-24T05:50:46.380+0000][1669.384s][info][gc,heap     ] GC(631) Archive regions: 2->2
[2025-12-24T05:50:46.380+0000][1669.384s][info][gc,heap     ] GC(631) Humongous regions: 38->38
[2025-12-24T05:50:46.380+0000][1669.384s][info][gc,metaspace] GC(631) Metaspace: 99693K(100992K)->99693K(100992K) NonClass: 86657K(87232K)->86657K(87232K) Class: 13035K(13760K)->13035K(13760K)
[2025-12-24T05:50:46.380+0000][1669.385s][info][gc          ] GC(631) Pause Young (Normal) (G1 Evacuation Pause) 476M->158M(544M) 20.697ms
[2025-12-24T05:50:46.381+0000][1669.385s][info][gc,cpu      ] GC(631) User=0.01s Sys=0.00s Real=0.02s
[2025-12-24T05:50:46.985+0000][1669.989s][info][gc,start    ] GC(632) Pause Young (Normal) (G1 Evacuation Pause)
[2025-12-24T05:50:46.986+0000][1669.990s][info][gc,task     ] GC(632) Using 3 workers of 3 for evacuation
[2025-12-24T05:50:47.006+0000][1670.010s][info][gc,phases   ] GC(632)   Pre Evacuate Collection Set: 0.7ms
[2025-12-24T05:50:47.007+0000][1670.011s][info][gc,phases   ] GC(632)   Merge Heap Roots: 0.2ms
[2025-12-24T05:50:47.007+0000][1670.011s][info][gc,phases   ] GC(632)   Evacuate Collection Set: 10.9ms
[2025-12-24T05:50:47.007+0000][1670.011s][info][gc,phases   ] GC(632)   Post Evacuate Collection Set: 6.0ms
[2025-12-24T05:50:47.007+0000][1670.011s][info][gc,phases   ] GC(632)   Other: 3.8ms
[2025-12-24T05:50:47.007+0000][1670.011s][info][gc,heap     ] GC(632) Eden regions: 319->0(317)
[2025-12-24T05:50:47.007+0000][1670.012s][info][gc,heap     ] GC(632) Survivor regions: 7->8(41)
[2025-12-24T05:50:47.008+0000][1670.012s][info][gc,heap     ] GC(632) Old regions: 113->113
[2025-12-24T05:50:47.008+0000][1670.012s][info][gc,heap     ] GC(632) Archive regions: 2->2
[2025-12-24T05:50:47.008+0000][1670.012s][info][gc,heap     ] GC(632) Humongous regions: 38->38
[2025-12-24T05:50:47.008+0000][1670.012s][info][gc,metaspace] GC(632) Metaspace: 99693K(100992K)->99693K(100992K) NonClass: 86657K(87232K)->86657K(87232K) Class: 13035K(13760K)->13035K(13760K)
[2025-12-24T05:50:47.009+0000][1670.013s][info][gc          ] GC(632) Pause Young (Normal) (G1 Evacuation Pause) 477M->158M(544M) 24.498ms
[2025-12-24T05:50:47.009+0000][1670.013s][info][gc,cpu      ] GC(632) User=0.01s Sys=0.00s Real=0.03s
[2025-12-24T05:50:48.199+0000][1671.203s][info][gc,start    ] GC(633) Pause Young (Normal) (G1 Evacuation Pause)
[2025-12-24T05:50:48.200+0000][1671.204s][info][gc,task     ] GC(633) Using 3 workers of 3 for evacuation
[2025-12-24T05:50:48.207+0000][1671.211s][info][gc,phases   ] GC(633)   Pre Evacuate Collection Set: 0.4ms
[2025-12-24T05:50:48.207+0000][1671.211s][info][gc,phases   ] GC(633)   Merge Heap Roots: 0.5ms
[2025-12-24T05:50:48.207+0000][1671.211s][info][gc,phases   ] GC(633)   Evacuate Collection Set: 4.6ms
[2025-12-24T05:50:48.207+0000][1671.211s][info][gc,phases   ] GC(633)   Post Evacuate Collection Set: 0.9ms
[2025-12-24T05:50:48.207+0000][1671.211s][info][gc,phases   ] GC(633)   Other: 1.7ms
[2025-12-24T05:50:48.207+0000][1671.211s][info][gc,heap     ] GC(633) Eden regions: 317->0(311)
[2025-12-24T05:50:48.207+0000][1671.212s][info][gc,heap     ] GC(633) Survivor regions: 8->11(41)
[2025-12-24T05:50:48.207+0000][1671.212s][info][gc,heap     ] GC(633) Old regions: 113->113
[2025-12-24T05:50:48.208+0000][1671.212s][info][gc,heap     ] GC(633) Archive regions: 2->2
[2025-12-24T05:50:48.208+0000][1671.212s][info][gc,heap     ] GC(633) Humongous regions: 38->38
[2025-12-24T05:50:48.208+0000][1671.212s][info][gc,metaspace] GC(633) Metaspace: 99693K(100992K)->99693K(100992K) NonClass: 86657K(87232K)->86657K(87232K) Class: 13035K(13760K)->13035K(13760K)
[2025-12-24T05:50:48.208+0000][1671.212s][info][gc          ] GC(633) Pause Young (Normal) (G1 Evacuation Pause) 475M->161M(544M) 8.703ms
[2025-12-24T05:50:48.208+0000][1671.212s][info][gc,cpu      ] GC(633) User=0.01s Sys=0.00s Real=0.00s
[2025-12-24T05:50:49.217+0000][1672.221s][info][gc,start    ] GC(634) Pause Young (Normal) (G1 Evacuation Pause)
[2025-12-24T05:50:49.217+0000][1672.221s][info][gc,task     ] GC(634) Using 3 workers of 3 for evacuation
[2025-12-24T05:50:49.223+0000][1672.227s][info][gc,phases   ] GC(634)   Pre Evacuate Collection Set: 0.4ms
[2025-12-24T05:50:49.223+0000][1672.227s][info][gc,phases   ] GC(634)   Merge Heap Roots: 0.2ms
[2025-12-24T05:50:49.223+0000][1672.227s][info][gc,phases   ] GC(634)   Evacuate Collection Set: 3.3ms
[2025-12-24T05:50:49.223+0000][1672.227s][info][gc,phases   ] GC(634)   Post Evacuate Collection Set: 1.0ms
[2025-12-24T05:50:49.223+0000][1672.227s][info][gc,phases   ] GC(634)   Other: 1.3ms
[2025-12-24T05:50:49.223+0000][1672.227s][info][gc,heap     ] GC(634) Eden regions: 311->0(306)
[2025-12-24T05:50:49.223+0000][1672.227s][info][gc,heap     ] GC(634) Survivor regions: 11->13(41)
[2025-12-24T05:50:49.223+0000][1672.227s][info][gc,heap     ] GC(634) Old regions: 113->113
[2025-12-24T05:50:49.223+0000][1672.227s][info][gc,heap     ] GC(634) Archive regions: 2->2
[2025-12-24T05:50:49.223+0000][1672.227s][info][gc,heap     ] GC(634) Humongous regions: 38->38
[2025-12-24T05:50:49.223+0000][1672.227s][info][gc,metaspace] GC(634) Metaspace: 99693K(100992K)->99693K(100992K) NonClass: 86657K(87232K)->86657K(87232K) Class: 13035K(13760K)->13035K(13760K)
[2025-12-24T05:50:49.223+0000][1672.227s][info][gc          ] GC(634) Pause Young (Normal) (G1 Evacuation Pause) 472M->163M(544M) 6.813ms
[2025-12-24T05:50:49.224+0000][1672.228s][info][gc,cpu      ] GC(634) User=0.01s Sys=0.00s Real=0.01s
[2025-12-24T05:50:51.825+0000][1674.829s][info][gc,start    ] GC(635) Pause Young (Normal) (GCLocker Initiated GC)
[2025-12-24T05:50:51.826+0000][1674.830s][info][gc,task     ] GC(635) Using 3 workers of 3 for evacuation
[2025-12-24T05:50:51.833+0000][1674.837s][info][gc,phases   ] GC(635)   Pre Evacuate Collection Set: 0.2ms
[2025-12-24T05:50:51.833+0000][1674.837s][info][gc,phases   ] GC(635)   Merge Heap Roots: 0.2ms
[2025-12-24T05:50:51.833+0000][1674.837s][info][gc,phases   ] GC(635)   Evacuate Collection Set: 4.3ms
[2025-12-24T05:50:51.833+0000][1674.837s][info][gc,phases   ] GC(635)   Post Evacuate Collection Set: 1.3ms
[2025-12-24T05:50:51.833+0000][1674.837s][info][gc,phases   ] GC(635)   Other: 2.4ms
[2025-12-24T05:50:51.833+0000][1674.838s][info][gc,heap     ] GC(635) Eden regions: 307->0(309)
[2025-12-24T05:50:51.834+0000][1674.838s][info][gc,heap     ] GC(635) Survivor regions: 13->13(40)
[2025-12-24T05:50:51.834+0000][1674.838s][info][gc,heap     ] GC(635) Old regions: 113->113
[2025-12-24T05:50:51.834+0000][1674.838s][info][gc,heap     ] GC(635) Archive regions: 2->2
[2025-12-24T05:50:51.834+0000][1674.838s][info][gc,heap     ] GC(635) Humongous regions: 38->38
[2025-12-24T05:50:51.834+0000][1674.838s][info][gc,metaspace] GC(635) Metaspace: 99693K(100992K)->99693K(100992K) NonClass: 86657K(87232K)->86657K(87232K) Class: 13035K(13760K)->13035K(13760K)
[2025-12-24T05:50:51.834+0000][1674.838s][info][gc          ] GC(635) Pause Young (Normal) (GCLocker Initiated GC) 470M->163M(544M) 9.313ms
[2025-12-24T05:50:51.834+0000][1674.838s][info][gc,cpu      ] GC(635) User=0.02s Sys=0.00s Real=0.01s
[2025-12-24T05:50:55.876+0000][1678.880s][info][gc,start    ] GC(636) Pause Young (Normal) (G1 Evacuation Pause)
[2025-12-24T05:50:55.877+0000][1678.881s][info][gc,task     ] GC(636) Using 3 workers of 3 for evacuation
[2025-12-24T05:50:55.881+0000][1678.885s][info][gc,phases   ] GC(636)   Pre Evacuate Collection Set: 0.1ms
[2025-12-24T05:50:55.881+0000][1678.885s][info][gc,phases   ] GC(636)   Merge Heap Roots: 0.1ms
[2025-12-24T05:50:55.881+0000][1678.885s][info][gc,phases   ] GC(636)   Evacuate Collection Set: 3.0ms
[2025-12-24T05:50:55.881+0000][1678.885s][info][gc,phases   ] GC(636)   Post Evacuate Collection Set: 0.9ms
[2025-12-24T05:50:55.881+0000][1678.886s][info][gc,phases   ] GC(636)   Other: 1.1ms
[2025-12-24T05:50:55.882+0000][1678.886s][info][gc,heap     ] GC(636) Eden regions: 309->0(314)
[2025-12-24T05:50:55.882+0000][1678.886s][info][gc,heap     ] GC(636) Survivor regions: 13->11(41)
[2025-12-24T05:50:55.882+0000][1678.886s][info][gc,heap     ] GC(636) Old regions: 113->113
[2025-12-24T05:50:55.882+0000][1678.886s][info][gc,heap     ] GC(636) Archive regions: 2->2
[2025-12-24T05:50:55.882+0000][1678.886s][info][gc,heap     ] GC(636) Humongous regions: 38->38
[2025-12-24T05:50:55.882+0000][1678.886s][info][gc,metaspace] GC(636) Metaspace: 99694K(100992K)->99694K(100992K) NonClass: 86657K(87232K)->86657K(87232K) Class: 13036K(13760K)->13036K(13760K)
[2025-12-24T05:50:55.882+0000][1678.886s][info][gc          ] GC(636) Pause Young (Normal) (G1 Evacuation Pause) 472M->162M(544M) 6.070ms
[2025-12-24T05:50:55.882+0000][1678.886s][info][gc,cpu      ] GC(636) User=0.01s Sys=0.00s Real=0.01s
[2025-12-24T05:50:59.981+0000][1682.985s][info][gc,start    ] GC(637) Pause Young (Normal) (G1 Evacuation Pause)
[2025-12-24T05:50:59.981+0000][1682.985s][info][gc,task     ] GC(637) Using 3 workers of 3 for evacuation
[2025-12-24T05:50:59.987+0000][1682.991s][info][gc,phases   ] GC(637)   Pre Evacuate Collection Set: 0.2ms
[2025-12-24T05:50:59.987+0000][1682.991s][info][gc,phases   ] GC(637)   Merge Heap Roots: 0.1ms
[2025-12-24T05:50:59.987+0000][1682.991s][info][gc,phases   ] GC(637)   Evacuate Collection Set: 4.0ms
[2025-12-24T05:50:59.987+0000][1682.992s][info][gc,phases   ] GC(637)   Post Evacuate Collection Set: 1.1ms
[2025-12-24T05:50:59.988+0000][1682.992s][info][gc,phases   ] GC(637)   Other: 0.8ms
[2025-12-24T05:50:59.988+0000][1682.992s][info][gc,heap     ] GC(637) Eden regions: 314->0(313)
[2025-12-24T05:50:59.988+0000][1682.992s][info][gc,heap     ] GC(637) Survivor regions: 11->11(41)
[2025-12-24T05:50:59.988+0000][1682.992s][info][gc,heap     ] GC(637) Old regions: 113->114
[2025-12-24T05:50:59.988+0000][1682.992s][info][gc,heap     ] GC(637) Archive regions: 2->2
[2025-12-24T05:50:59.988+0000][1682.992s][info][gc,heap     ] GC(637) Humongous regions: 38->38
[2025-12-24T05:50:59.988+0000][1682.992s][info][gc,metaspace] GC(637) Metaspace: 99694K(100992K)->99694K(100992K) NonClass: 86657K(87232K)->86657K(87232K) Class: 13036K(13760K)->13036K(13760K)
[2025-12-24T05:50:59.988+0000][1682.992s][info][gc          ] GC(637) Pause Young (Normal) (G1 Evacuation Pause) 476M->163M(544M) 6.969ms
[2025-12-24T05:50:59.988+0000][1682.992s][info][gc,cpu      ] GC(637) User=0.01s Sys=0.00s Real=0.00s
[2025-12-24T05:51:04.159+0000][1687.163s][info][gc,start    ] GC(638) Pause Young (Normal) (G1 Evacuation Pause)
[2025-12-24T05:51:04.159+0000][1687.163s][info][gc,task     ] GC(638) Using 3 workers of 3 for evacuation
[2025-12-24T05:51:04.166+0000][1687.170s][info][gc,phases   ] GC(638)   Pre Evacuate Collection Set: 0.1ms
[2025-12-24T05:51:04.166+0000][1687.170s][info][gc,phases   ] GC(638)   Merge Heap Roots: 0.1ms
[2025-12-24T05:51:04.166+0000][1687.170s][info][gc,phases   ] GC(638)   Evacuate Collection Set: 5.1ms
[2025-12-24T05:51:04.166+0000][1687.170s][info][gc,phases   ] GC(638)   Post Evacuate Collection Set: 0.9ms
[2025-12-24T05:51:04.166+0000][1687.171s][info][gc,phases   ] GC(638)   Other: 1.2ms
[2025-12-24T05:51:04.167+0000][1687.171s][info][gc,heap     ] GC(638) Eden regions: 313->0(311)
[2025-12-24T05:51:04.167+0000][1687.171s][info][gc,heap     ] GC(638) Survivor regions: 11->12(41)
[2025-12-24T05:51:04.167+0000][1687.171s][info][gc,heap     ] GC(638) Old regions: 114->114
[2025-12-24T05:51:04.167+0000][1687.171s][info][gc,heap     ] GC(638) Archive regions: 2->2
[2025-12-24T05:51:04.167+0000][1687.171s][info][gc,heap     ] GC(638) Humongous regions: 38->38
[2025-12-24T05:51:04.167+0000][1687.171s][info][gc,metaspace] GC(638) Metaspace: 99694K(100992K)->99694K(100992K) NonClass: 86657K(87232K)->86657K(87232K) Class: 13036K(13760K)->13036K(13760K)
[2025-12-24T05:51:04.167+0000][1687.172s][info][gc          ] GC(638) Pause Young (Normal) (G1 Evacuation Pause) 476M->164M(544M) 8.787ms
[2025-12-24T05:51:04.168+0000][1687.172s][info][gc,cpu      ] GC(638) User=0.01s Sys=0.00s Real=0.00s
[2025-12-24T05:51:07.224+0000][1690.228s][info][gc,start    ] GC(639) Pause Young (Normal) (G1 Evacuation Pause)
[2025-12-24T05:51:07.225+0000][1690.229s][info][gc,task     ] GC(639) Using 3 workers of 3 for evacuation
[2025-12-24T05:51:07.231+0000][1690.236s][info][gc,phases   ] GC(639)   Pre Evacuate Collection Set: 0.2ms
[2025-12-24T05:51:07.232+0000][1690.236s][info][gc,phases   ] GC(639)   Merge Heap Roots: 0.1ms
[2025-12-24T05:51:07.232+0000][1690.236s][info][gc,phases   ] GC(639)   Evacuate Collection Set: 4.4ms
[2025-12-24T05:51:07.232+0000][1690.236s][info][gc,phases   ] GC(639)   Post Evacuate Collection Set: 1.2ms
[2025-12-24T05:51:07.232+0000][1690.236s][info][gc,phases   ] GC(639)   Other: 1.4ms
[2025-12-24T05:51:07.232+0000][1690.236s][info][gc,heap     ] GC(639) Eden regions: 311->0(312)
[2025-12-24T05:51:07.232+0000][1690.236s][info][gc,heap     ] GC(639) Survivor regions: 12->11(41)
[2025-12-24T05:51:07.232+0000][1690.236s][info][gc,heap     ] GC(639) Old regions: 114->115
[2025-12-24T05:51:07.232+0000][1690.236s][info][gc,heap     ] GC(639) Archive regions: 2->2
[2025-12-24T05:51:07.232+0000][1690.236s][info][gc,heap     ] GC(639) Humongous regions: 38->38
[2025-12-24T05:51:07.232+0000][1690.236s][info][gc,metaspace] GC(639) Metaspace: 99697K(100992K)->99697K(100992K) NonClass: 86661K(87232K)->86661K(87232K) Class: 13036K(13760K)->13036K(13760K)
[2025-12-24T05:51:07.232+0000][1690.237s][info][gc          ] GC(639) Pause Young (Normal) (G1 Evacuation Pause) 475M->163M(544M) 8.239ms
[2025-12-24T05:51:07.233+0000][1690.237s][info][gc,cpu      ] GC(639) User=0.01s Sys=0.01s Real=0.01s
[2025-12-24T05:51:11.684+0000][1694.688s][info][gc,start    ] GC(640) Pause Young (Normal) (G1 Evacuation Pause)
[2025-12-24T05:51:11.685+0000][1694.689s][info][gc,task     ] GC(640) Using 3 workers of 3 for evacuation
[2025-12-24T05:51:11.692+0000][1694.696s][info][gc,phases   ] GC(640)   Pre Evacuate Collection Set: 0.4ms
[2025-12-24T05:51:11.692+0000][1694.696s][info][gc,phases   ] GC(640)   Merge Heap Roots: 0.2ms
[2025-12-24T05:51:11.692+0000][1694.696s][info][gc,phases   ] GC(640)   Evacuate Collection Set: 3.9ms
[2025-12-24T05:51:11.692+0000][1694.696s][info][gc,phases   ] GC(640)   Post Evacuate Collection Set: 1.5ms
[2025-12-24T05:51:11.692+0000][1694.696s][info][gc,phases   ] GC(640)   Other: 2.5ms
[2025-12-24T05:51:11.692+0000][1694.696s][info][gc,heap     ] GC(640) Eden regions: 312->0(312)
[2025-12-24T05:51:11.692+0000][1694.697s][info][gc,heap     ] GC(640) Survivor regions: 11->11(41)
[2025-12-24T05:51:11.693+0000][1694.697s][info][gc,heap     ] GC(640) Old regions: 115->115
[2025-12-24T05:51:11.693+0000][1694.697s][info][gc,heap     ] GC(640) Archive regions: 2->2
[2025-12-24T05:51:11.693+0000][1694.697s][info][gc,heap     ] GC(640) Humongous regions: 38->38
[2025-12-24T05:51:11.693+0000][1694.697s][info][gc,metaspace] GC(640) Metaspace: 99697K(100992K)->99697K(100992K) NonClass: 86661K(87232K)->86661K(87232K) Class: 13036K(13760K)->13036K(13760K)
[2025-12-24T05:51:11.693+0000][1694.697s][info][gc          ] GC(640) Pause Young (Normal) (G1 Evacuation Pause) 475M->163M(544M) 9.419ms
[2025-12-24T05:51:11.693+0000][1694.697s][info][gc,cpu      ] GC(640) User=0.01s Sys=0.01s Real=0.01s
[2025-12-24T05:51:14.170+0000][1697.174s][info][gc,start    ] GC(641) Pause Young (Normal) (G1 Evacuation Pause)
[2025-12-24T05:51:14.170+0000][1697.174s][info][gc,task     ] GC(641) Using 3 workers of 3 for evacuation
[2025-12-24T05:51:14.184+0000][1697.188s][info][gc,phases   ] GC(641)   Pre Evacuate Collection Set: 0.3ms
[2025-12-24T05:51:14.184+0000][1697.188s][info][gc,phases   ] GC(641)   Merge Heap Roots: 1.0ms
[2025-12-24T05:51:14.184+0000][1697.188s][info][gc,phases   ] GC(641)   Evacuate Collection Set: 11.1ms
[2025-12-24T05:51:14.184+0000][1697.188s][info][gc,phases   ] GC(641)   Post Evacuate Collection Set: 0.9ms
[2025-12-24T05:51:14.184+0000][1697.188s][info][gc,phases   ] GC(641)   Other: 0.8ms
[2025-12-24T05:51:14.184+0000][1697.188s][info][gc,heap     ] GC(641) Eden regions: 312->0(310)
[2025-12-24T05:51:14.184+0000][1697.188s][info][gc,heap     ] GC(641) Survivor regions: 11->12(41)
[2025-12-24T05:51:14.184+0000][1697.188s][info][gc,heap     ] GC(641) Old regions: 115->115
[2025-12-24T05:51:14.184+0000][1697.188s][info][gc,heap     ] GC(641) Archive regions: 2->2
[2025-12-24T05:51:14.184+0000][1697.188s][info][gc,heap     ] GC(641) Humongous regions: 38->38
[2025-12-24T05:51:14.184+0000][1697.188s][info][gc,metaspace] GC(641) Metaspace: 99697K(100992K)->99697K(100992K) NonClass: 86661K(87232K)->86661K(87232K) Class: 13036K(13760K)->13036K(13760K)
[2025-12-24T05:51:14.184+0000][1697.188s][info][gc          ] GC(641) Pause Young (Normal) (G1 Evacuation Pause) 475M->165M(544M) 14.509ms
[2025-12-24T05:51:14.185+0000][1697.189s][info][gc,cpu      ] GC(641) User=0.02s Sys=0.00s Real=0.01s
[2025-12-24T05:51:15.000+0000][1698.004s][info][gc,start    ] GC(642) Pause Young (Normal) (G1 Evacuation Pause)
[2025-12-24T05:51:15.000+0000][1698.004s][info][gc,task     ] GC(642) Using 3 workers of 3 for evacuation
[2025-12-24T05:51:15.036+0000][1698.040s][info][gc,phases   ] GC(642)   Pre Evacuate Collection Set: 0.4ms
[2025-12-24T05:51:15.036+0000][1698.040s][info][gc,phases   ] GC(642)   Merge Heap Roots: 0.2ms
[2025-12-24T05:51:15.036+0000][1698.040s][info][gc,phases   ] GC(642)   Evacuate Collection Set: 31.1ms
[2025-12-24T05:51:15.036+0000][1698.040s][info][gc,phases   ] GC(642)   Post Evacuate Collection Set: 3.4ms
[2025-12-24T05:51:15.036+0000][1698.040s][info][gc,phases   ] GC(642)   Other: 1.0ms
[2025-12-24T05:51:15.036+0000][1698.040s][info][gc,heap     ] GC(642) Eden regions: 310->0(310)
[2025-12-24T05:51:15.036+0000][1698.040s][info][gc,heap     ] GC(642) Survivor regions: 12->12(41)
[2025-12-24T05:51:15.036+0000][1698.040s][info][gc,heap     ] GC(642) Old regions: 115->115
[2025-12-24T05:51:15.036+0000][1698.040s][info][gc,heap     ] GC(642) Archive regions: 2->2
[2025-12-24T05:51:15.036+0000][1698.040s][info][gc,heap     ] GC(642) Humongous regions: 38->38
[2025-12-24T05:51:15.036+0000][1698.040s][info][gc,metaspace] GC(642) Metaspace: 99697K(100992K)->99697K(100992K) NonClass: 86661K(87232K)->86661K(87232K) Class: 13036K(13760K)->13036K(13760K)
[2025-12-24T05:51:15.036+0000][1698.041s][info][gc          ] GC(642) Pause Young (Normal) (G1 Evacuation Pause) 475M->165M(544M) 36.569ms
[2025-12-24T05:51:15.039+0000][1698.043s][info][gc,cpu      ] GC(642) User=0.01s Sys=0.00s Real=0.04s
[2025-12-24T05:51:15.606+0000][1698.610s][info][gc,start    ] GC(643) Pause Young (Normal) (G1 Evacuation Pause)
[2025-12-24T05:51:15.608+0000][1698.612s][info][gc,task     ] GC(643) Using 3 workers of 3 for evacuation
[2025-12-24T05:51:15.626+0000][1698.631s][info][gc,phases   ] GC(643)   Pre Evacuate Collection Set: 2.5ms
[2025-12-24T05:51:15.627+0000][1698.631s][info][gc,phases   ] GC(643)   Merge Heap Roots: 0.5ms
[2025-12-24T05:51:15.627+0000][1698.631s][info][gc,phases   ] GC(643)   Evacuate Collection Set: 14.5ms
[2025-12-24T05:51:15.627+0000][1698.631s][info][gc,phases   ] GC(643)   Post Evacuate Collection Set: 0.9ms
[2025-12-24T05:51:15.627+0000][1698.631s][info][gc,phases   ] GC(643)   Other: 2.1ms
[2025-12-24T05:51:15.627+0000][1698.631s][info][gc,heap     ] GC(643) Eden regions: 310->0(310)
[2025-12-24T05:51:15.627+0000][1698.631s][info][gc,heap     ] GC(643) Survivor regions: 12->12(41)
[2025-12-24T05:51:15.627+0000][1698.631s][info][gc,heap     ] GC(643) Old regions: 115->115
[2025-12-24T05:51:15.627+0000][1698.631s][info][gc,heap     ] GC(643) Archive regions: 2->2
[2025-12-24T05:51:15.627+0000][1698.631s][info][gc,heap     ] GC(643) Humongous regions: 38->38
[2025-12-24T05:51:15.627+0000][1698.631s][info][gc,metaspace] GC(643) Metaspace: 99697K(100992K)->99697K(100992K) NonClass: 86661K(87232K)->86661K(87232K) Class: 13036K(13760K)->13036K(13760K)
[2025-12-24T05:51:15.627+0000][1698.632s][info][gc          ] GC(643) Pause Young (Normal) (G1 Evacuation Pause) 475M->165M(544M) 21.085ms
[2025-12-24T05:51:15.629+0000][1698.633s][info][gc,cpu      ] GC(643) User=0.02s Sys=0.00s Real=0.02s
[2025-12-24T05:51:16.440+0000][1699.444s][info][gc,start    ] GC(644) Pause Young (Normal) (G1 Evacuation Pause)
[2025-12-24T05:51:16.444+0000][1699.448s][info][gc,task     ] GC(644) Using 3 workers of 3 for evacuation
[2025-12-24T05:51:16.470+0000][1699.474s][info][gc,phases   ] GC(644)   Pre Evacuate Collection Set: 0.4ms
[2025-12-24T05:51:16.470+0000][1699.474s][info][gc,phases   ] GC(644)   Merge Heap Roots: 1.3ms
[2025-12-24T05:51:16.470+0000][1699.475s][info][gc,phases   ] GC(644)   Evacuate Collection Set: 16.8ms
[2025-12-24T05:51:16.471+0000][1699.475s][info][gc,phases   ] GC(644)   Post Evacuate Collection Set: 5.6ms
[2025-12-24T05:51:16.471+0000][1699.475s][info][gc,phases   ] GC(644)   Other: 6.8ms
[2025-12-24T05:51:16.471+0000][1699.475s][info][gc,heap     ] GC(644) Eden regions: 310->0(310)
[2025-12-24T05:51:16.471+0000][1699.475s][info][gc,heap     ] GC(644) Survivor regions: 12->12(41)
[2025-12-24T05:51:16.471+0000][1699.475s][info][gc,heap     ] GC(644) Old regions: 115->115
[2025-12-24T05:51:16.472+0000][1699.476s][info][gc,heap     ] GC(644) Archive regions: 2->2
[2025-12-24T05:51:16.472+0000][1699.476s][info][gc,heap     ] GC(644) Humongous regions: 38->38
[2025-12-24T05:51:16.472+0000][1699.476s][info][gc,metaspace] GC(644) Metaspace: 99697K(100992K)->99697K(100992K) NonClass: 86661K(87232K)->86661K(87232K) Class: 13036K(13760K)->13036K(13760K)
[2025-12-24T05:51:16.472+0000][1699.477s][info][gc          ] GC(644) Pause Young (Normal) (G1 Evacuation Pause) 475M->165M(544M) 33.075ms
[2025-12-24T05:51:16.473+0000][1699.477s][info][gc,cpu      ] GC(644) User=0.01s Sys=0.01s Real=0.03s
[2025-12-24T05:51:17.652+0000][1700.656s][info][gc,start    ] GC(645) Pause Young (Normal) (G1 Evacuation Pause)
[2025-12-24T05:51:17.658+0000][1700.662s][info][gc,task     ] GC(645) Using 3 workers of 3 for evacuation
[2025-12-24T05:51:17.704+0000][1700.709s][info][gc,phases   ] GC(645)   Pre Evacuate Collection Set: 1.9ms
[2025-12-24T05:51:17.705+0000][1700.709s][info][gc,phases   ] GC(645)   Merge Heap Roots: 0.7ms
[2025-12-24T05:51:17.705+0000][1700.709s][info][gc,phases   ] GC(645)   Evacuate Collection Set: 30.6ms
[2025-12-24T05:51:17.706+0000][1700.710s][info][gc,phases   ] GC(645)   Post Evacuate Collection Set: 6.2ms
[2025-12-24T05:51:17.706+0000][1700.710s][info][gc,phases   ] GC(645)   Other: 16.6ms
[2025-12-24T05:51:17.706+0000][1700.710s][info][gc,heap     ] GC(645) Eden regions: 310->0(308)
[2025-12-24T05:51:17.706+0000][1700.710s][info][gc,heap     ] GC(645) Survivor regions: 12->13(41)
[2025-12-24T05:51:17.706+0000][1700.710s][info][gc,heap     ] GC(645) Old regions: 115->115
[2025-12-24T05:51:17.706+0000][1700.710s][info][gc,heap     ] GC(645) Archive regions: 2->2
[2025-12-24T05:51:17.706+0000][1700.711s][info][gc,heap     ] GC(645) Humongous regions: 38->38
[2025-12-24T05:51:17.707+0000][1700.711s][info][gc,metaspace] GC(645) Metaspace: 99697K(100992K)->99697K(100992K) NonClass: 86661K(87232K)->86661K(87232K) Class: 13036K(13760K)->13036K(13760K)
[2025-12-24T05:51:17.707+0000][1700.711s][info][gc          ] GC(645) Pause Young (Normal) (G1 Evacuation Pause) 475M->166M(544M) 59.012ms
[2025-12-24T05:51:17.708+0000][1700.712s][info][gc,cpu      ] GC(645) User=0.01s Sys=0.01s Real=0.06s
[2025-12-24T05:51:20.551+0000][1703.555s][info][gc,start    ] GC(646) Pause Young (Normal) (G1 Evacuation Pause)
[2025-12-24T05:51:20.552+0000][1703.556s][info][gc,task     ] GC(646) Using 3 workers of 3 for evacuation
[2025-12-24T05:51:20.599+0000][1703.603s][info][gc,phases   ] GC(646)   Pre Evacuate Collection Set: 1.3ms
[2025-12-24T05:51:20.600+0000][1703.604s][info][gc,phases   ] GC(646)   Merge Heap Roots: 1.1ms
[2025-12-24T05:51:20.600+0000][1703.604s][info][gc,phases   ] GC(646)   Evacuate Collection Set: 32.3ms
[2025-12-24T05:51:20.600+0000][1703.604s][info][gc,phases   ] GC(646)   Post Evacuate Collection Set: 7.2ms
[2025-12-24T05:51:20.601+0000][1703.605s][info][gc,phases   ] GC(646)   Other: 6.1ms
[2025-12-24T05:51:20.602+0000][1703.606s][info][gc,heap     ] GC(646) Eden regions: 308->0(301)
[2025-12-24T05:51:20.603+0000][1703.607s][info][gc,heap     ] GC(646) Survivor regions: 13->16(41)
[2025-12-24T05:51:20.603+0000][1703.607s][info][gc,heap     ] GC(646) Old regions: 115->116
[2025-12-24T05:51:20.603+0000][1703.607s][info][gc,heap     ] GC(646) Archive regions: 2->2
[2025-12-24T05:51:20.603+0000][1703.607s][info][gc,heap     ] GC(646) Humongous regions: 38->38
[2025-12-24T05:51:20.604+0000][1703.608s][info][gc,metaspace] GC(646) Metaspace: 99697K(100992K)->99697K(100992K) NonClass: 86661K(87232K)->86661K(87232K) Class: 13036K(13760K)->13036K(13760K)
[2025-12-24T05:51:20.606+0000][1703.610s][info][gc          ] GC(646) Pause Young (Normal) (G1 Evacuation Pause) 474M->170M(544M) 55.868ms
[2025-12-24T05:51:20.607+0000][1703.611s][info][gc,cpu      ] GC(646) User=0.02s Sys=0.01s Real=0.05s
[2025-12-24T05:51:22.652+0000][1705.656s][info][gc,start    ] GC(647) Pause Young (Normal) (G1 Evacuation Pause)
[2025-12-24T05:51:22.653+0000][1705.657s][info][gc,task     ] GC(647) Using 3 workers of 3 for evacuation
[2025-12-24T05:51:22.679+0000][1705.683s][info][gc,phases   ] GC(647)   Pre Evacuate Collection Set: 0.9ms
[2025-12-24T05:51:22.679+0000][1705.683s][info][gc,phases   ] GC(647)   Merge Heap Roots: 0.6ms
[2025-12-24T05:51:22.679+0000][1705.684s][info][gc,phases   ] GC(647)   Evacuate Collection Set: 16.3ms
[2025-12-24T05:51:22.680+0000][1705.684s][info][gc,phases   ] GC(647)   Post Evacuate Collection Set: 5.8ms
[2025-12-24T05:51:22.680+0000][1705.684s][info][gc,phases   ] GC(647)   Other: 3.1ms
[2025-12-24T05:51:22.681+0000][1705.685s][info][gc,heap     ] GC(647) Eden regions: 301->0(301)
[2025-12-24T05:51:22.681+0000][1705.685s][info][gc,heap     ] GC(647) Survivor regions: 16->16(40)
[2025-12-24T05:51:22.681+0000][1705.685s][info][gc,heap     ] GC(647) Old regions: 116->116
[2025-12-24T05:51:22.681+0000][1705.685s][info][gc,heap     ] GC(647) Archive regions: 2->2
[2025-12-24T05:51:22.681+0000][1705.685s][info][gc,heap     ] GC(647) Humongous regions: 38->38
[2025-12-24T05:51:22.682+0000][1705.686s][info][gc,metaspace] GC(647) Metaspace: 99698K(100992K)->99698K(100992K) NonClass: 86661K(87232K)->86661K(87232K) Class: 13036K(13760K)->13036K(13760K)
[2025-12-24T05:51:22.683+0000][1705.687s][info][gc          ] GC(647) Pause Young (Normal) (G1 Evacuation Pause) 471M->170M(544M) 31.180ms
[2025-12-24T05:51:22.683+0000][1705.688s][info][gc,cpu      ] GC(647) User=0.01s Sys=0.01s Real=0.03s
[2025-12-24T05:51:25.468+0000][1708.472s][info][gc,start    ] GC(648) Pause Young (Normal) (G1 Evacuation Pause)
[2025-12-24T05:51:25.470+0000][1708.474s][info][gc,task     ] GC(648) Using 3 workers of 3 for evacuation
[2025-12-24T05:51:25.584+0000][1708.588s][info][gc,phases   ] GC(648)   Pre Evacuate Collection Set: 1.4ms
[2025-12-24T05:51:25.587+0000][1708.591s][info][gc,phases   ] GC(648)   Merge Heap Roots: 0.5ms
[2025-12-24T05:51:25.587+0000][1708.591s][info][gc,phases   ] GC(648)   Evacuate Collection Set: 94.3ms
[2025-12-24T05:51:25.587+0000][1708.591s][info][gc,phases   ] GC(648)   Post Evacuate Collection Set: 9.4ms
[2025-12-24T05:51:25.588+0000][1708.592s][info][gc,phases   ] GC(648)   Other: 11.4ms
[2025-12-24T05:51:25.589+0000][1708.593s][info][gc,heap     ] GC(648) Eden regions: 301->0(303)
[2025-12-24T05:51:25.592+0000][1708.596s][info][gc,heap     ] GC(648) Survivor regions: 16->14(40)
[2025-12-24T05:51:25.592+0000][1708.596s][info][gc,heap     ] GC(648) Old regions: 116->118
[2025-12-24T05:51:25.592+0000][1708.596s][info][gc,heap     ] GC(648) Archive regions: 2->2
[2025-12-24T05:51:25.593+0000][1708.597s][info][gc,heap     ] GC(648) Humongous regions: 38->38
[2025-12-24T05:51:25.595+0000][1708.599s][info][gc,metaspace] GC(648) Metaspace: 99705K(100992K)->99705K(100992K) NonClass: 86667K(87232K)->86667K(87232K) Class: 13038K(13760K)->13038K(13760K)
[2025-12-24T05:51:25.607+0000][1708.611s][info][gc          ] GC(648) Pause Young (Normal) (G1 Evacuation Pause) 471M->169M(544M) 139.314ms
[2025-12-24T05:51:25.624+0000][1708.628s][info][gc,cpu      ] GC(648) User=0.02s Sys=0.01s Real=0.16s
[2025-12-24T05:51:27.033+0000][1710.037s][info][gc,start    ] GC(649) Pause Young (Normal) (G1 Evacuation Pause)
[2025-12-24T05:51:27.035+0000][1710.039s][info][gc,task     ] GC(649) Using 3 workers of 3 for evacuation
[2025-12-24T05:51:27.104+0000][1710.108s][info][gc,phases   ] GC(649)   Pre Evacuate Collection Set: 1.5ms
[2025-12-24T05:51:27.105+0000][1710.109s][info][gc,phases   ] GC(649)   Merge Heap Roots: 1.9ms
[2025-12-24T05:51:27.105+0000][1710.109s][info][gc,phases   ] GC(649)   Evacuate Collection Set: 47.9ms
[2025-12-24T05:51:27.105+0000][1710.109s][info][gc,phases   ] GC(649)   Post Evacuate Collection Set: 8.0ms
[2025-12-24T05:51:27.106+0000][1710.110s][info][gc,phases   ] GC(649)   Other: 13.2ms
[2025-12-24T05:51:27.107+0000][1710.111s][info][gc,heap     ] GC(649) Eden regions: 303->0(305)
[2025-12-24T05:51:27.107+0000][1710.111s][info][gc,heap     ] GC(649) Survivor regions: 14->8(40)
[2025-12-24T05:51:27.107+0000][1710.111s][info][gc,heap     ] GC(649) Old regions: 118->123
[2025-12-24T05:51:27.107+0000][1710.111s][info][gc,heap     ] GC(649) Archive regions: 2->2
[2025-12-24T05:51:27.107+0000][1710.112s][info][gc,heap     ] GC(649) Humongous regions: 38->38
[2025-12-24T05:51:27.108+0000][1710.112s][info][gc,metaspace] GC(649) Metaspace: 99718K(100992K)->99718K(100992K) NonClass: 86678K(87232K)->86678K(87232K) Class: 13040K(13760K)->13040K(13760K)
[2025-12-24T05:51:27.110+0000][1710.114s][info][gc          ] GC(649) Pause Young (Normal) (G1 Evacuation Pause) 472M->168M(544M) 78.228ms
[2025-12-24T05:51:27.111+0000][1710.115s][info][gc,cpu      ] GC(649) User=0.01s Sys=0.02s Real=0.08s
[2025-12-24T05:51:30.377+0000][1713.381s][info][gc,start    ] GC(650) Pause Young (Normal) (G1 Evacuation Pause)
[2025-12-24T05:51:30.378+0000][1713.382s][info][gc,task     ] GC(650) Using 3 workers of 3 for evacuation
[2025-12-24T05:51:30.409+0000][1713.413s][info][gc,phases   ] GC(650)   Pre Evacuate Collection Set: 0.9ms
[2025-12-24T05:51:30.410+0000][1713.414s][info][gc,phases   ] GC(650)   Merge Heap Roots: 0.6ms
[2025-12-24T05:51:30.410+0000][1713.414s][info][gc,phases   ] GC(650)   Evacuate Collection Set: 18.2ms
[2025-12-24T05:51:30.410+0000][1713.414s][info][gc,phases   ] GC(650)   Post Evacuate Collection Set: 6.9ms
[2025-12-24T05:51:30.410+0000][1713.414s][info][gc,phases   ] GC(650)   Other: 4.3ms
[2025-12-24T05:51:30.412+0000][1713.416s][info][gc,heap     ] GC(650) Eden regions: 305->0(304)
[2025-12-24T05:51:30.412+0000][1713.416s][info][gc,heap     ] GC(650) Survivor regions: 8->8(40)
[2025-12-24T05:51:30.413+0000][1713.417s][info][gc,heap     ] GC(650) Old regions: 123->123
[2025-12-24T05:51:30.413+0000][1713.417s][info][gc,heap     ] GC(650) Archive regions: 2->2
[2025-12-24T05:51:30.413+0000][1713.417s][info][gc,heap     ] GC(650) Humongous regions: 38->38
[2025-12-24T05:51:30.413+0000][1713.417s][info][gc,metaspace] GC(650) Metaspace: 99758K(101056K)->99758K(101056K) NonClass: 86710K(87296K)->86710K(87296K) Class: 13048K(13760K)->13048K(13760K)
[2025-12-24T05:51:30.414+0000][1713.418s][info][gc          ] GC(650) Pause Young (Normal) (G1 Evacuation Pause) 473M->169M(544M) 37.266ms
[2025-12-24T05:51:30.415+0000][1713.419s][info][gc,cpu      ] GC(650) User=0.01s Sys=0.01s Real=0.04s
[2025-12-24T05:51:31.646+0000][1714.650s][info][gc,start    ] GC(651) Pause Young (Normal) (G1 Evacuation Pause)
[2025-12-24T05:51:31.648+0000][1714.652s][info][gc,task     ] GC(651) Using 3 workers of 3 for evacuation
[2025-12-24T05:51:31.701+0000][1714.705s][info][gc,phases   ] GC(651)   Pre Evacuate Collection Set: 2.8ms
[2025-12-24T05:51:31.702+0000][1714.706s][info][gc,phases   ] GC(651)   Merge Heap Roots: 4.7ms
[2025-12-24T05:51:31.702+0000][1714.706s][info][gc,phases   ] GC(651)   Evacuate Collection Set: 31.5ms
[2025-12-24T05:51:31.702+0000][1714.706s][info][gc,phases   ] GC(651)   Post Evacuate Collection Set: 5.8ms
[2025-12-24T05:51:31.702+0000][1714.706s][info][gc,phases   ] GC(651)   Other: 15.2ms
[2025-12-24T05:51:31.703+0000][1714.707s][info][gc,heap     ] GC(651) Eden regions: 304->0(299)
[2025-12-24T05:51:31.703+0000][1714.707s][info][gc,heap     ] GC(651) Survivor regions: 8->11(39)
[2025-12-24T05:51:31.703+0000][1714.707s][info][gc,heap     ] GC(651) Old regions: 123->123
[2025-12-24T05:51:31.703+0000][1714.707s][info][gc,heap     ] GC(651) Archive regions: 2->2
[2025-12-24T05:51:31.703+0000][1714.707s][info][gc,heap     ] GC(651) Humongous regions: 38->38
[2025-12-24T05:51:31.703+0000][1714.708s][info][gc,metaspace] GC(651) Metaspace: 99758K(101056K)->99758K(101056K) NonClass: 86710K(87296K)->86710K(87296K) Class: 13048K(13760K)->13048K(13760K)
[2025-12-24T05:51:31.704+0000][1714.708s][info][gc          ] GC(651) Pause Young (Normal) (G1 Evacuation Pause) 473M->172M(544M) 61.186ms
[2025-12-24T05:51:31.704+0000][1714.708s][info][gc,cpu      ] GC(651) User=0.01s Sys=0.01s Real=0.06s
