[2025-12-22T20:55:33.508+0000][0.004s][info][gc] Using G1
[2025-12-22T20:55:33.514+0000][0.011s][info][gc,init] Version: 17.0.14+7 (release)
[2025-12-22T20:55:33.514+0000][0.011s][info][gc,init] CPUs: 4 total, 3 available
[2025-12-22T20:55:33.515+0000][0.011s][info][gc,init] Memory: 3584M
[2025-12-22T20:55:33.515+0000][0.011s][info][gc,init] Large Page Support: Disabled
[2025-12-22T20:55:33.515+0000][0.011s][info][gc,init] NUMA Support: Disabled
[2025-12-22T20:55:33.515+0000][0.011s][info][gc,init] Compressed Oops: Enabled (32-bit)
[2025-12-22T20:55:33.515+0000][0.011s][info][gc,init] Heap Region Size: 1M
[2025-12-22T20:55:33.515+0000][0.011s][info][gc,init] Heap Min Capacity: 1128M
[2025-12-22T20:55:33.515+0000][0.011s][info][gc,init] Heap Initial Capacity: 1128M
[2025-12-22T20:55:33.515+0000][0.011s][info][gc,init] Heap Max Capacity: 1128M
[2025-12-22T20:55:33.515+0000][0.011s][info][gc,init] Pre-touch: Disabled
[2025-12-22T20:55:33.515+0000][0.011s][info][gc,init] Parallel Workers: 3
[2025-12-22T20:55:33.515+0000][0.011s][info][gc,init] Concurrent Workers: 1
[2025-12-22T20:55:33.515+0000][0.011s][info][gc,init] Concurrent Refinement Workers: 3
[2025-12-22T20:55:33.515+0000][0.012s][info][gc,init] Periodic GC: Disabled
[2025-12-22T20:55:33.521+0000][0.018s][info][gc,metaspace] CDS archive(s) mapped at: [0x0000006000000000-0x0000006000a70000-0x0000006000a70000), size 10944512, SharedBaseAddress: 0x0000006000000000, ArchiveRelocationMode: 1.
[2025-12-22T20:55:33.522+0000][0.018s][info][gc,metaspace] Compressed class space mapped at: 0x0000006001000000-0x000000600e000000, reserved size: 218103808
[2025-12-22T20:55:33.522+0000][0.018s][info][gc,metaspace] Narrow klass base: 0x0000006000000000, Narrow klass shift: 0, Narrow klass range: 0x100000000
[2025-12-22T20:55:34.055+0000][0.551s][info][gc,start    ] GC(0) Pause Young (Normal) (G1 Evacuation Pause)
[2025-12-22T20:55:34.056+0000][0.552s][info][gc,task     ] GC(0) Using 3 workers of 3 for evacuation
[2025-12-22T20:55:34.062+0000][0.558s][info][gc,phases   ] GC(0)   Pre Evacuate Collection Set: 0.1ms
[2025-12-22T20:55:34.062+0000][0.558s][info][gc,phases   ] GC(0)   Merge Heap Roots: 0.0ms
[2025-12-22T20:55:34.062+0000][0.559s][info][gc,phases   ] GC(0)   Evacuate Collection Set: 5.6ms
[2025-12-22T20:55:34.062+0000][0.559s][info][gc,phases   ] GC(0)   Post Evacuate Collection Set: 0.4ms
[2025-12-22T20:55:34.062+0000][0.559s][info][gc,phases   ] GC(0)   Other: 1.2ms
[2025-12-22T20:55:34.063+0000][0.559s][info][gc,heap     ] GC(0) Eden regions: 56->0(49)
[2025-12-22T20:55:34.063+0000][0.559s][info][gc,heap     ] GC(0) Survivor regions: 0->7(7)
[2025-12-22T20:55:34.063+0000][0.559s][info][gc,heap     ] GC(0) Old regions: 0->1
[2025-12-22T20:55:34.063+0000][0.559s][info][gc,heap     ] GC(0) Archive regions: 2->2
[2025-12-22T20:55:34.063+0000][0.559s][info][gc,heap     ] GC(0) Humongous regions: 10->9
[2025-12-22T20:55:34.063+0000][0.559s][info][gc,metaspace] GC(0) Metaspace: 16248K(16448K)->16248K(16448K) NonClass: 14183K(14272K)->14183K(14272K) Class: 2065K(2176K)->2065K(2176K)
[2025-12-22T20:55:34.063+0000][0.559s][info][gc          ] GC(0) Pause Young (Normal) (G1 Evacuation Pause) 66M->17M(1128M) 8.188ms
[2025-12-22T20:55:34.063+0000][0.559s][info][gc,cpu      ] GC(0) User=0.01s Sys=0.01s Real=0.00s
[2025-12-22T20:55:34.259+0000][0.755s][info][gc,start    ] GC(1) Pause Young (Normal) (G1 Evacuation Pause)
[2025-12-22T20:55:34.259+0000][0.756s][info][gc,task     ] GC(1) Using 3 workers of 3 for evacuation
[2025-12-22T20:55:34.269+0000][0.765s][info][gc,phases   ] GC(1)   Pre Evacuate Collection Set: 0.1ms
[2025-12-22T20:55:34.269+0000][0.765s][info][gc,phases   ] GC(1)   Merge Heap Roots: 0.0ms
[2025-12-22T20:55:34.269+0000][0.765s][info][gc,phases   ] GC(1)   Evacuate Collection Set: 9.1ms
[2025-12-22T20:55:34.269+0000][0.766s][info][gc,phases   ] GC(1)   Post Evacuate Collection Set: 0.4ms
[2025-12-22T20:55:34.270+0000][0.766s][info][gc,phases   ] GC(1)   Other: 0.3ms
[2025-12-22T20:55:34.270+0000][0.766s][info][gc,heap     ] GC(1) Eden regions: 49->0(52)
[2025-12-22T20:55:34.270+0000][0.766s][info][gc,heap     ] GC(1) Survivor regions: 7->4(7)
[2025-12-22T20:55:34.270+0000][0.767s][info][gc,heap     ] GC(1) Old regions: 1->8
[2025-12-22T20:55:34.271+0000][0.767s][info][gc,heap     ] GC(1) Archive regions: 2->2
[2025-12-22T20:55:34.271+0000][0.767s][info][gc,heap     ] GC(1) Humongous regions: 9->9
[2025-12-22T20:55:34.271+0000][0.768s][info][gc,metaspace] GC(1) Metaspace: 18304K(18496K)->18304K(18496K) NonClass: 15955K(16064K)->15955K(16064K) Class: 2349K(2432K)->2349K(2432K)
[2025-12-22T20:55:34.272+0000][0.768s][info][gc          ] GC(1) Pause Young (Normal) (G1 Evacuation Pause) 66M->21M(1128M) 12.447ms
[2025-12-22T20:55:34.272+0000][0.768s][info][gc,cpu      ] GC(1) User=0.01s Sys=0.00s Real=0.01s
[2025-12-22T20:55:34.524+0000][1.020s][info][gc,start    ] GC(2) Pause Young (Normal) (G1 Evacuation Pause)
[2025-12-22T20:55:34.525+0000][1.021s][info][gc,task     ] GC(2) Using 3 workers of 3 for evacuation
[2025-12-22T20:55:34.528+0000][1.024s][info][gc,phases   ] GC(2)   Pre Evacuate Collection Set: 0.1ms
[2025-12-22T20:55:34.528+0000][1.024s][info][gc,phases   ] GC(2)   Merge Heap Roots: 0.0ms
[2025-12-22T20:55:34.528+0000][1.024s][info][gc,phases   ] GC(2)   Evacuate Collection Set: 2.7ms
[2025-12-22T20:55:34.528+0000][1.024s][info][gc,phases   ] GC(2)   Post Evacuate Collection Set: 0.3ms
[2025-12-22T20:55:34.528+0000][1.024s][info][gc,phases   ] GC(2)   Other: 1.0ms
[2025-12-22T20:55:34.528+0000][1.025s][info][gc,heap     ] GC(2) Eden regions: 52->0(50)
[2025-12-22T20:55:34.528+0000][1.025s][info][gc,heap     ] GC(2) Survivor regions: 4->6(7)
[2025-12-22T20:55:34.528+0000][1.025s][info][gc,heap     ] GC(2) Old regions: 8->8
[2025-12-22T20:55:34.528+0000][1.025s][info][gc,heap     ] GC(2) Archive regions: 2->2
[2025-12-22T20:55:34.528+0000][1.025s][info][gc,heap     ] GC(2) Humongous regions: 9->9
[2025-12-22T20:55:34.529+0000][1.025s][info][gc,metaspace] GC(2) Metaspace: 20594K(20864K)->20594K(20864K) NonClass: 17913K(18048K)->17913K(18048K) Class: 2680K(2816K)->2680K(2816K)
[2025-12-22T20:55:34.529+0000][1.025s][info][gc          ] GC(2) Pause Young (Normal) (G1 Evacuation Pause) 73M->23M(1128M) 4.789ms
[2025-12-22T20:55:34.529+0000][1.025s][info][gc,cpu      ] GC(2) User=0.00s Sys=0.00s Real=0.01s
[2025-12-22T20:55:34.628+0000][1.124s][info][gc,start    ] GC(3) Pause Young (Concurrent Start) (Metadata GC Threshold)
[2025-12-22T20:55:34.629+0000][1.125s][info][gc,task     ] GC(3) Using 3 workers of 3 for evacuation
[2025-12-22T20:55:34.634+0000][1.130s][info][gc,phases   ] GC(3)   Pre Evacuate Collection Set: 0.1ms
[2025-12-22T20:55:34.634+0000][1.131s][info][gc,phases   ] GC(3)   Merge Heap Roots: 0.5ms
[2025-12-22T20:55:34.634+0000][1.131s][info][gc,phases   ] GC(3)   Evacuate Collection Set: 4.3ms
[2025-12-22T20:55:34.635+0000][1.131s][info][gc,phases   ] GC(3)   Post Evacuate Collection Set: 0.2ms
[2025-12-22T20:55:34.635+0000][1.131s][info][gc,phases   ] GC(3)   Other: 0.8ms
[2025-12-22T20:55:34.635+0000][1.131s][info][gc,heap     ] GC(3) Eden regions: 21->0(80)
[2025-12-22T20:55:34.638+0000][1.134s][info][gc,heap     ] GC(3) Survivor regions: 6->3(7)
[2025-12-22T20:55:34.638+0000][1.134s][info][gc,heap     ] GC(3) Old regions: 8->11
[2025-12-22T20:55:34.638+0000][1.134s][info][gc,heap     ] GC(3) Archive regions: 2->2
[2025-12-22T20:55:34.638+0000][1.134s][info][gc,heap     ] GC(3) Humongous regions: 9->9
[2025-12-22T20:55:34.638+0000][1.134s][info][gc,metaspace] GC(3) Metaspace: 21279K(21504K)->21279K(21504K) NonClass: 18510K(18624K)->18510K(18624K) Class: 2769K(2880K)->2769K(2880K)
[2025-12-22T20:55:34.638+0000][1.134s][info][gc          ] GC(3) Pause Young (Concurrent Start) (Metadata GC Threshold) 43M->23M(1128M) 10.036ms
[2025-12-22T20:55:34.638+0000][1.135s][info][gc,cpu      ] GC(3) User=0.01s Sys=0.00s Real=0.01s
[2025-12-22T20:55:34.638+0000][1.135s][info][gc          ] GC(4) Concurrent Mark Cycle
[2025-12-22T20:55:34.639+0000][1.135s][info][gc,marking  ] GC(4) Concurrent Clear Claimed Marks
[2025-12-22T20:55:34.639+0000][1.135s][info][gc,marking  ] GC(4) Concurrent Clear Claimed Marks 0.252ms
[2025-12-22T20:55:34.639+0000][1.135s][info][gc,marking  ] GC(4) Concurrent Scan Root Regions
[2025-12-22T20:55:34.641+0000][1.137s][info][gc,marking  ] GC(4) Concurrent Scan Root Regions 1.586ms
[2025-12-22T20:55:34.642+0000][1.138s][info][gc,marking  ] GC(4) Concurrent Mark
[2025-12-22T20:55:34.642+0000][1.138s][info][gc,marking  ] GC(4) Concurrent Mark From Roots
[2025-12-22T20:55:34.644+0000][1.140s][info][gc,task     ] GC(4) Using 1 workers of 1 for marking
[2025-12-22T20:55:34.657+0000][1.153s][info][gc,marking  ] GC(4) Concurrent Mark From Roots 15.288ms
[2025-12-22T20:55:34.660+0000][1.156s][info][gc,marking  ] GC(4) Concurrent Preclean
[2025-12-22T20:55:34.660+0000][1.156s][info][gc,marking  ] GC(4) Concurrent Preclean 0.182ms
[2025-12-22T20:55:34.660+0000][1.156s][info][gc,start    ] GC(4) Pause Remark
[2025-12-22T20:55:34.662+0000][1.158s][info][gc          ] GC(4) Pause Remark 24M->24M(1128M) 2.098ms
[2025-12-22T20:55:34.662+0000][1.159s][info][gc,cpu      ] GC(4) User=0.01s Sys=0.00s Real=0.00s
[2025-12-22T20:55:34.663+0000][1.159s][info][gc,marking  ] GC(4) Concurrent Mark 21.411ms
[2025-12-22T20:55:34.663+0000][1.159s][info][gc,marking  ] GC(4) Concurrent Rebuild Remembered Sets
[2025-12-22T20:55:34.668+0000][1.165s][info][gc,marking  ] GC(4) Concurrent Rebuild Remembered Sets 5.363ms
[2025-12-22T20:55:34.669+0000][1.165s][info][gc,start    ] GC(4) Pause Cleanup
[2025-12-22T20:55:34.670+0000][1.166s][info][gc          ] GC(4) Pause Cleanup 25M->25M(1128M) 1.066ms
[2025-12-22T20:55:34.671+0000][1.167s][info][gc,cpu      ] GC(4) User=0.00s Sys=0.00s Real=0.00s
[2025-12-22T20:55:34.672+0000][1.168s][info][gc,marking  ] GC(4) Concurrent Cleanup for Next Mark
[2025-12-22T20:55:34.681+0000][1.177s][info][gc,marking  ] GC(4) Concurrent Cleanup for Next Mark 8.602ms
[2025-12-22T20:55:34.681+0000][1.178s][info][gc          ] GC(4) Concurrent Mark Cycle 42.846ms
[2025-12-22T20:55:35.192+0000][1.688s][info][gc,start    ] GC(5) Pause Young (Prepare Mixed) (G1 Evacuation Pause)
[2025-12-22T20:55:35.192+0000][1.688s][info][gc,task     ] GC(5) Using 3 workers of 3 for evacuation
[2025-12-22T20:55:35.199+0000][1.696s][info][gc,phases   ] GC(5)   Pre Evacuate Collection Set: 0.1ms
[2025-12-22T20:55:35.199+0000][1.696s][info][gc,phases   ] GC(5)   Merge Heap Roots: 0.0ms
[2025-12-22T20:55:35.199+0000][1.696s][info][gc,phases   ] GC(5)   Evacuate Collection Set: 6.9ms
[2025-12-22T20:55:35.200+0000][1.696s][info][gc,phases   ] GC(5)   Post Evacuate Collection Set: 0.4ms
[2025-12-22T20:55:35.200+0000][1.696s][info][gc,phases   ] GC(5)   Other: 0.3ms
[2025-12-22T20:55:35.200+0000][1.696s][info][gc,heap     ] GC(5) Eden regions: 80->0(51)
[2025-12-22T20:55:35.200+0000][1.696s][info][gc,heap     ] GC(5) Survivor regions: 3->5(11)
[2025-12-22T20:55:35.200+0000][1.696s][info][gc,heap     ] GC(5) Old regions: 11->11
[2025-12-22T20:55:35.200+0000][1.696s][info][gc,heap     ] GC(5) Archive regions: 2->2
[2025-12-22T20:55:35.200+0000][1.696s][info][gc,heap     ] GC(5) Humongous regions: 11->11
[2025-12-22T20:55:35.200+0000][1.696s][info][gc,metaspace] GC(5) Metaspace: 30783K(31104K)->30783K(31104K) NonClass: 26768K(26944K)->26768K(26944K) Class: 4015K(4160K)->4015K(4160K)
[2025-12-22T20:55:35.200+0000][1.696s][info][gc          ] GC(5) Pause Young (Prepare Mixed) (G1 Evacuation Pause) 105M->27M(1128M) 8.495ms
[2025-12-22T20:55:35.200+0000][1.696s][info][gc,cpu      ] GC(5) User=0.01s Sys=0.00s Real=0.01s
[2025-12-22T20:55:35.760+0000][2.256s][info][gc,start    ] GC(6) Pause Young (Mixed) (Metadata GC Threshold)
[2025-12-22T20:55:35.760+0000][2.256s][info][gc,task     ] GC(6) Using 3 workers of 3 for evacuation
[2025-12-22T20:55:35.763+0000][2.260s][info][gc,phases   ] GC(6)   Pre Evacuate Collection Set: 0.1ms
[2025-12-22T20:55:35.764+0000][2.260s][info][gc,phases   ] GC(6)   Merge Heap Roots: 0.0ms
[2025-12-22T20:55:35.765+0000][2.262s][info][gc,phases   ] GC(6)   Evacuate Collection Set: 3.0ms
[2025-12-22T20:55:35.766+0000][2.262s][info][gc,phases   ] GC(6)   Post Evacuate Collection Set: 0.3ms
[2025-12-22T20:55:35.766+0000][2.262s][info][gc,phases   ] GC(6)   Other: 0.3ms
[2025-12-22T20:55:35.766+0000][2.262s][info][gc,heap     ] GC(6) Eden regions: 22->0(146)
[2025-12-22T20:55:35.766+0000][2.262s][info][gc,heap     ] GC(6) Survivor regions: 5->5(7)
[2025-12-22T20:55:35.766+0000][2.262s][info][gc,heap     ] GC(6) Old regions: 11->12
[2025-12-22T20:55:35.766+0000][2.262s][info][gc,heap     ] GC(6) Archive regions: 2->2
[2025-12-22T20:55:35.766+0000][2.262s][info][gc,heap     ] GC(6) Humongous regions: 11->11
[2025-12-22T20:55:35.766+0000][2.262s][info][gc,metaspace] GC(6) Metaspace: 35937K(36288K)->35937K(36288K) NonClass: 31187K(31360K)->31187K(31360K) Class: 4749K(4928K)->4749K(4928K)
[2025-12-22T20:55:35.766+0000][2.262s][info][gc          ] GC(6) Pause Young (Mixed) (Metadata GC Threshold) 49M->28M(1128M) 6.459ms
[2025-12-22T20:55:35.766+0000][2.262s][info][gc,cpu      ] GC(6) User=0.00s Sys=0.00s Real=0.01s
[2025-12-22T20:55:35.794+0000][2.290s][info][gc,start    ] GC(7) Pause Young (Concurrent Start) (Metadata GC Threshold)
[2025-12-22T20:55:35.794+0000][2.290s][info][gc,task     ] GC(7) Using 3 workers of 3 for evacuation
[2025-12-22T20:55:35.798+0000][2.294s][info][gc,phases   ] GC(7)   Pre Evacuate Collection Set: 0.1ms
[2025-12-22T20:55:35.798+0000][2.294s][info][gc,phases   ] GC(7)   Merge Heap Roots: 0.0ms
[2025-12-22T20:55:35.798+0000][2.294s][info][gc,phases   ] GC(7)   Evacuate Collection Set: 3.2ms
[2025-12-22T20:55:35.798+0000][2.294s][info][gc,phases   ] GC(7)   Post Evacuate Collection Set: 0.3ms
[2025-12-22T20:55:35.798+0000][2.294s][info][gc,phases   ] GC(7)   Other: 0.6ms
[2025-12-22T20:55:35.798+0000][2.294s][info][gc,heap     ] GC(7) Eden regions: 6->0(205)
[2025-12-22T20:55:35.798+0000][2.295s][info][gc,heap     ] GC(7) Survivor regions: 5->6(19)
[2025-12-22T20:55:35.798+0000][2.295s][info][gc,heap     ] GC(7) Old regions: 12->12
[2025-12-22T20:55:35.799+0000][2.295s][info][gc,heap     ] GC(7) Archive regions: 2->2
[2025-12-22T20:55:35.799+0000][2.295s][info][gc,heap     ] GC(7) Humongous regions: 11->11
[2025-12-22T20:55:35.799+0000][2.295s][info][gc,metaspace] GC(7) Metaspace: 36299K(36608K)->36299K(36608K) NonClass: 31491K(31616K)->31491K(31616K) Class: 4807K(4992K)->4807K(4992K)
[2025-12-22T20:55:35.799+0000][2.295s][info][gc          ] GC(7) Pause Young (Concurrent Start) (Metadata GC Threshold) 34M->29M(1128M) 5.355ms
[2025-12-22T20:55:35.799+0000][2.295s][info][gc,cpu      ] GC(7) User=0.00s Sys=0.00s Real=0.01s
[2025-12-22T20:55:35.799+0000][2.296s][info][gc          ] GC(8) Concurrent Mark Cycle
[2025-12-22T20:55:35.799+0000][2.296s][info][gc,marking  ] GC(8) Concurrent Clear Claimed Marks
[2025-12-22T20:55:35.799+0000][2.296s][info][gc,marking  ] GC(8) Concurrent Clear Claimed Marks 0.062ms
[2025-12-22T20:55:35.799+0000][2.296s][info][gc,marking  ] GC(8) Concurrent Scan Root Regions
[2025-12-22T20:55:35.804+0000][2.300s][info][gc,marking  ] GC(8) Concurrent Scan Root Regions 4.052ms
[2025-12-22T20:55:35.804+0000][2.300s][info][gc,marking  ] GC(8) Concurrent Mark
[2025-12-22T20:55:35.804+0000][2.300s][info][gc,marking  ] GC(8) Concurrent Mark From Roots
[2025-12-22T20:55:35.804+0000][2.300s][info][gc,task     ] GC(8) Using 1 workers of 1 for marking
[2025-12-22T20:55:35.815+0000][2.312s][info][gc,marking  ] GC(8) Concurrent Mark From Roots 11.673ms
[2025-12-22T20:55:35.817+0000][2.314s][info][gc,marking  ] GC(8) Concurrent Preclean
[2025-12-22T20:55:35.817+0000][2.314s][info][gc,marking  ] GC(8) Concurrent Preclean 0.103ms
[2025-12-22T20:55:35.818+0000][2.314s][info][gc,start    ] GC(8) Pause Remark
[2025-12-22T20:55:35.822+0000][2.318s][info][gc          ] GC(8) Pause Remark 32M->32M(1128M) 4.277ms
[2025-12-22T20:55:35.823+0000][2.319s][info][gc,cpu      ] GC(8) User=0.01s Sys=0.00s Real=0.00s
[2025-12-22T20:55:35.826+0000][2.322s][info][gc,marking  ] GC(8) Concurrent Mark 22.200ms
[2025-12-22T20:55:35.826+0000][2.322s][info][gc,marking  ] GC(8) Concurrent Rebuild Remembered Sets
[2025-12-22T20:55:35.826+0000][2.322s][info][gc,marking  ] GC(8) Concurrent Rebuild Remembered Sets 0.062ms
[2025-12-22T20:55:35.826+0000][2.322s][info][gc,start    ] GC(8) Pause Cleanup
[2025-12-22T20:55:35.826+0000][2.323s][info][gc          ] GC(8) Pause Cleanup 33M->33M(1128M) 0.067ms
[2025-12-22T20:55:35.826+0000][2.323s][info][gc,cpu      ] GC(8) User=0.00s Sys=0.00s Real=0.00s
[2025-12-22T20:55:35.826+0000][2.323s][info][gc,marking  ] GC(8) Concurrent Cleanup for Next Mark
[2025-12-22T20:55:35.832+0000][2.328s][info][gc,marking  ] GC(8) Concurrent Cleanup for Next Mark 5.267ms
[2025-12-22T20:55:35.832+0000][2.328s][info][gc          ] GC(8) Concurrent Mark Cycle 32.547ms
[2025-12-22T20:55:36.852+0000][3.348s][info][gc,start    ] GC(9) Pause Young (Concurrent Start) (G1 Evacuation Pause)
[2025-12-22T20:55:36.852+0000][3.348s][info][gc,task     ] GC(9) Using 3 workers of 3 for evacuation
[2025-12-22T20:55:36.861+0000][3.357s][info][gc,phases   ] GC(9)   Pre Evacuate Collection Set: 0.1ms
[2025-12-22T20:55:36.861+0000][3.357s][info][gc,phases   ] GC(9)   Merge Heap Roots: 0.0ms
[2025-12-22T20:55:36.861+0000][3.358s][info][gc,phases   ] GC(9)   Evacuate Collection Set: 7.9ms
[2025-12-22T20:55:36.861+0000][3.358s][info][gc,phases   ] GC(9)   Post Evacuate Collection Set: 0.8ms
[2025-12-22T20:55:36.862+0000][3.358s][info][gc,phases   ] GC(9)   Other: 0.4ms
[2025-12-22T20:55:36.862+0000][3.358s][info][gc,heap     ] GC(9) Eden regions: 205->0(344)
[2025-12-22T20:55:36.862+0000][3.358s][info][gc,heap     ] GC(9) Survivor regions: 6->11(27)
[2025-12-22T20:55:36.862+0000][3.358s][info][gc,heap     ] GC(9) Old regions: 12->12
[2025-12-22T20:55:36.862+0000][3.358s][info][gc,heap     ] GC(9) Archive regions: 2->2
[2025-12-22T20:55:36.862+0000][3.358s][info][gc,heap     ] GC(9) Humongous regions: 11->11
[2025-12-22T20:55:36.862+0000][3.358s][info][gc,metaspace] GC(9) Metaspace: 55606K(56064K)->55606K(56064K) NonClass: 47947K(48192K)->47947K(48192K) Class: 7659K(7872K)->7659K(7872K)
[2025-12-22T20:55:36.862+0000][3.358s][info][gc          ] GC(9) Pause Young (Concurrent Start) (G1 Evacuation Pause) 234M->34M(1128M) 10.230ms
[2025-12-22T20:55:36.862+0000][3.358s][info][gc,cpu      ] GC(9) User=0.02s Sys=0.00s Real=0.01s
[2025-12-22T20:55:36.862+0000][3.359s][info][gc          ] GC(10) Concurrent Mark Cycle
[2025-12-22T20:55:36.863+0000][3.359s][info][gc,marking  ] GC(10) Concurrent Clear Claimed Marks
[2025-12-22T20:55:36.863+0000][3.359s][info][gc,marking  ] GC(10) Concurrent Clear Claimed Marks 0.092ms
[2025-12-22T20:55:36.863+0000][3.360s][info][gc,marking  ] GC(10) Concurrent Scan Root Regions
[2025-12-22T20:55:36.870+0000][3.367s][info][gc,marking  ] GC(10) Concurrent Scan Root Regions 7.123ms
[2025-12-22T20:55:36.871+0000][3.367s][info][gc,marking  ] GC(10) Concurrent Mark
[2025-12-22T20:55:36.871+0000][3.367s][info][gc,marking  ] GC(10) Concurrent Mark From Roots
[2025-12-22T20:55:36.871+0000][3.367s][info][gc,task     ] GC(10) Using 1 workers of 1 for marking
[2025-12-22T20:55:36.878+0000][3.374s][info][gc,marking  ] GC(10) Concurrent Mark From Roots 6.838ms
[2025-12-22T20:55:36.878+0000][3.374s][info][gc,marking  ] GC(10) Concurrent Preclean
[2025-12-22T20:55:36.878+0000][3.374s][info][gc,marking  ] GC(10) Concurrent Preclean 0.114ms
[2025-12-22T20:55:36.878+0000][3.374s][info][gc,start    ] GC(10) Pause Remark
[2025-12-22T20:55:36.881+0000][3.377s][info][gc          ] GC(10) Pause Remark 39M->39M(1128M) 2.855ms
[2025-12-22T20:55:36.881+0000][3.377s][info][gc,cpu      ] GC(10) User=0.01s Sys=0.00s Real=0.00s
[2025-12-22T20:55:36.881+0000][3.377s][info][gc,marking  ] GC(10) Concurrent Mark 10.472ms
[2025-12-22T20:55:36.881+0000][3.377s][info][gc,marking  ] GC(10) Concurrent Rebuild Remembered Sets
[2025-12-22T20:55:36.881+0000][3.378s][info][gc,marking  ] GC(10) Concurrent Rebuild Remembered Sets 0.080ms
[2025-12-22T20:55:36.881+0000][3.378s][info][gc,start    ] GC(10) Pause Cleanup
[2025-12-22T20:55:36.881+0000][3.378s][info][gc          ] GC(10) Pause Cleanup 39M->39M(1128M) 0.078ms
[2025-12-22T20:55:36.882+0000][3.378s][info][gc,cpu      ] GC(10) User=0.00s Sys=0.00s Real=0.00s
[2025-12-22T20:55:36.882+0000][3.378s][info][gc,marking  ] GC(10) Concurrent Cleanup for Next Mark
[2025-12-22T20:55:36.882+0000][3.379s][info][gc,marking  ] GC(10) Concurrent Cleanup for Next Mark 0.721ms
[2025-12-22T20:55:36.887+0000][3.383s][info][gc          ] GC(10) Concurrent Mark Cycle 24.468ms
[2025-12-22T20:55:40.843+0000][7.339s][info][gc,start    ] GC(11) Pause Young (Normal) (G1 Evacuation Pause)
[2025-12-22T20:55:40.843+0000][7.339s][info][gc,task     ] GC(11) Using 3 workers of 3 for evacuation
[2025-12-22T20:55:40.855+0000][7.351s][info][gc,phases   ] GC(11)   Pre Evacuate Collection Set: 0.1ms
[2025-12-22T20:55:40.855+0000][7.351s][info][gc,phases   ] GC(11)   Merge Heap Roots: 0.0ms
[2025-12-22T20:55:40.855+0000][7.351s][info][gc,phases   ] GC(11)   Evacuate Collection Set: 11.0ms
[2025-12-22T20:55:40.855+0000][7.352s][info][gc,phases   ] GC(11)   Post Evacuate Collection Set: 0.7ms
[2025-12-22T20:55:40.855+0000][7.352s][info][gc,phases   ] GC(11)   Other: 0.5ms
[2025-12-22T20:55:40.856+0000][7.352s][info][gc,heap     ] GC(11) Eden regions: 344->0(552)
[2025-12-22T20:55:40.856+0000][7.352s][info][gc,heap     ] GC(11) Survivor regions: 11->24(45)
[2025-12-22T20:55:40.856+0000][7.352s][info][gc,heap     ] GC(11) Old regions: 12->12
[2025-12-22T20:55:40.856+0000][7.352s][info][gc,heap     ] GC(11) Archive regions: 2->2
[2025-12-22T20:55:40.856+0000][7.352s][info][gc,heap     ] GC(11) Humongous regions: 12->12
[2025-12-22T20:55:40.856+0000][7.352s][info][gc,metaspace] GC(11) Metaspace: 73973K(74816K)->73973K(74816K) NonClass: 64034K(64448K)->64034K(64448K) Class: 9938K(10368K)->9938K(10368K)
[2025-12-22T20:55:40.856+0000][7.352s][info][gc          ] GC(11) Pause Young (Normal) (G1 Evacuation Pause) 379M->48M(1128M) 13.446ms
[2025-12-22T20:55:40.856+0000][7.352s][info][gc,cpu      ] GC(11) User=0.03s Sys=0.01s Real=0.02s
[2025-12-22T20:55:44.837+0000][11.333s][info][gc,start    ] GC(12) Pause Young (Normal) (G1 Evacuation Pause)
[2025-12-22T20:55:44.838+0000][11.334s][info][gc,task     ] GC(12) Using 3 workers of 3 for evacuation
[2025-12-22T20:55:44.851+0000][11.347s][info][gc,phases   ] GC(12)   Pre Evacuate Collection Set: 0.1ms
[2025-12-22T20:55:44.851+0000][11.347s][info][gc,phases   ] GC(12)   Merge Heap Roots: 0.1ms
[2025-12-22T20:55:44.851+0000][11.347s][info][gc,phases   ] GC(12)   Evacuate Collection Set: 11.2ms
[2025-12-22T20:55:44.851+0000][11.347s][info][gc,phases   ] GC(12)   Post Evacuate Collection Set: 1.3ms
[2025-12-22T20:55:44.851+0000][11.347s][info][gc,phases   ] GC(12)   Other: 0.6ms
[2025-12-22T20:55:44.851+0000][11.347s][info][gc,heap     ] GC(12) Eden regions: 552->0(538)
[2025-12-22T20:55:44.851+0000][11.347s][info][gc,heap     ] GC(12) Survivor regions: 24->29(72)
[2025-12-22T20:55:44.851+0000][11.348s][info][gc,heap     ] GC(12) Old regions: 12->12
[2025-12-22T20:55:44.851+0000][11.348s][info][gc,heap     ] GC(12) Archive regions: 2->2
[2025-12-22T20:55:44.851+0000][11.348s][info][gc,heap     ] GC(12) Humongous regions: 22->17
[2025-12-22T20:55:44.852+0000][11.348s][info][gc,metaspace] GC(12) Metaspace: 77473K(78336K)->77473K(78336K) NonClass: 67141K(67584K)->67141K(67584K) Class: 10332K(10752K)->10332K(10752K)
[2025-12-22T20:55:44.852+0000][11.348s][info][gc          ] GC(12) Pause Young (Normal) (G1 Evacuation Pause) 610M->58M(1128M) 14.510ms
[2025-12-22T20:55:44.852+0000][11.348s][info][gc,cpu      ] GC(12) User=0.03s Sys=0.01s Real=0.01s
[2025-12-22T20:55:51.838+0000][18.335s][info][gc,start    ] GC(13) Pause Young (Normal) (G1 Evacuation Pause)
[2025-12-22T20:55:51.839+0000][18.335s][info][gc,task     ] GC(13) Using 3 workers of 3 for evacuation
[2025-12-22T20:55:51.848+0000][18.344s][info][gc,phases   ] GC(13)   Pre Evacuate Collection Set: 0.1ms
[2025-12-22T20:55:51.848+0000][18.344s][info][gc,phases   ] GC(13)   Merge Heap Roots: 0.1ms
[2025-12-22T20:55:51.848+0000][18.345s][info][gc,phases   ] GC(13)   Evacuate Collection Set: 8.0ms
[2025-12-22T20:55:51.848+0000][18.345s][info][gc,phases   ] GC(13)   Post Evacuate Collection Set: 1.1ms
[2025-12-22T20:55:51.848+0000][18.345s][info][gc,phases   ] GC(13)   Other: 0.4ms
[2025-12-22T20:55:51.848+0000][18.345s][info][gc,heap     ] GC(13) Eden regions: 538->0(646)
[2025-12-22T20:55:51.849+0000][18.345s][info][gc,heap     ] GC(13) Survivor regions: 29->30(71)
[2025-12-22T20:55:51.849+0000][18.345s][info][gc,heap     ] GC(13) Old regions: 12->12
[2025-12-22T20:55:51.849+0000][18.345s][info][gc,heap     ] GC(13) Archive regions: 2->2
[2025-12-22T20:55:51.849+0000][18.345s][info][gc,heap     ] GC(13) Humongous regions: 17->17
[2025-12-22T20:55:51.849+0000][18.345s][info][gc,metaspace] GC(13) Metaspace: 78858K(79680K)->78858K(79680K) NonClass: 68299K(68672K)->68299K(68672K) Class: 10558K(11008K)->10558K(11008K)
[2025-12-22T20:55:51.849+0000][18.345s][info][gc          ] GC(13) Pause Young (Normal) (G1 Evacuation Pause) 596M->59M(1128M) 10.521ms
[2025-12-22T20:55:51.849+0000][18.345s][info][gc,cpu      ] GC(13) User=0.03s Sys=0.00s Real=0.01s
[2025-12-22T20:55:59.195+0000][25.691s][info][gc,start    ] GC(14) Pause Young (Normal) (G1 Evacuation Pause)
[2025-12-22T20:55:59.196+0000][25.692s][info][gc,task     ] GC(14) Using 3 workers of 3 for evacuation
[2025-12-22T20:55:59.210+0000][25.706s][info][gc,phases   ] GC(14)   Pre Evacuate Collection Set: 0.1ms
[2025-12-22T20:55:59.210+0000][25.707s][info][gc,phases   ] GC(14)   Merge Heap Roots: 0.1ms
[2025-12-22T20:55:59.211+0000][25.707s][info][gc,phases   ] GC(14)   Evacuate Collection Set: 12.4ms
[2025-12-22T20:55:59.211+0000][25.707s][info][gc,phases   ] GC(14)   Post Evacuate Collection Set: 1.5ms
[2025-12-22T20:55:59.211+0000][25.707s][info][gc,phases   ] GC(14)   Other: 1.3ms
[2025-12-22T20:55:59.211+0000][25.707s][info][gc,heap     ] GC(14) Eden regions: 646->0(647)
[2025-12-22T20:55:59.211+0000][25.707s][info][gc,heap     ] GC(14) Survivor regions: 30->29(85)
[2025-12-22T20:55:59.211+0000][25.707s][info][gc,heap     ] GC(14) Old regions: 12->12
[2025-12-22T20:55:59.211+0000][25.707s][info][gc,heap     ] GC(14) Archive regions: 2->2
[2025-12-22T20:55:59.211+0000][25.707s][info][gc,heap     ] GC(14) Humongous regions: 27->22
[2025-12-22T20:55:59.211+0000][25.708s][info][gc,metaspace] GC(14) Metaspace: 78980K(79872K)->78980K(79872K) NonClass: 68421K(68864K)->68421K(68864K) Class: 10559K(11008K)->10559K(11008K)
[2025-12-22T20:55:59.211+0000][25.708s][info][gc          ] GC(14) Pause Young (Normal) (G1 Evacuation Pause) 715M->63M(1128M) 16.605ms
[2025-12-22T20:55:59.212+0000][25.708s][info][gc,cpu      ] GC(14) User=0.03s Sys=0.01s Real=0.01s
[2025-12-22T20:56:08.311+0000][34.807s][info][gc,start    ] GC(15) Pause Young (Normal) (G1 Evacuation Pause)
[2025-12-22T20:56:08.311+0000][34.808s][info][gc,task     ] GC(15) Using 3 workers of 3 for evacuation
[2025-12-22T20:56:08.321+0000][34.817s][info][gc,phases   ] GC(15)   Pre Evacuate Collection Set: 0.1ms
[2025-12-22T20:56:08.321+0000][34.817s][info][gc,phases   ] GC(15)   Merge Heap Roots: 0.1ms
[2025-12-22T20:56:08.321+0000][34.817s][info][gc,phases   ] GC(15)   Evacuate Collection Set: 8.1ms
[2025-12-22T20:56:08.321+0000][34.817s][info][gc,phases   ] GC(15)   Post Evacuate Collection Set: 0.9ms
[2025-12-22T20:56:08.321+0000][34.817s][info][gc,phases   ] GC(15)   Other: 0.7ms
[2025-12-22T20:56:08.321+0000][34.817s][info][gc,heap     ] GC(15) Eden regions: 647->0(646)
[2025-12-22T20:56:08.321+0000][34.817s][info][gc,heap     ] GC(15) Survivor regions: 29->30(85)
[2025-12-22T20:56:08.321+0000][34.817s][info][gc,heap     ] GC(15) Old regions: 12->12
[2025-12-22T20:56:08.321+0000][34.818s][info][gc,heap     ] GC(15) Archive regions: 2->2
[2025-12-22T20:56:08.321+0000][34.818s][info][gc,heap     ] GC(15) Humongous regions: 22->22
[2025-12-22T20:56:08.321+0000][34.818s][info][gc,metaspace] GC(15) Metaspace: 79215K(80064K)->79215K(80064K) NonClass: 68647K(69056K)->68647K(69056K) Class: 10567K(11008K)->10567K(11008K)
[2025-12-22T20:56:08.322+0000][34.818s][info][gc          ] GC(15) Pause Young (Normal) (G1 Evacuation Pause) 710M->64M(1128M) 10.561ms
[2025-12-22T20:56:08.322+0000][34.818s][info][gc,cpu      ] GC(15) User=0.02s Sys=0.00s Real=0.01s
[2025-12-22T20:56:15.635+0000][42.131s][info][gc,start    ] GC(16) Pause Young (Normal) (G1 Evacuation Pause)
[2025-12-22T20:56:15.635+0000][42.131s][info][gc,task     ] GC(16) Using 3 workers of 3 for evacuation
[2025-12-22T20:56:15.643+0000][42.140s][info][gc,phases   ] GC(16)   Pre Evacuate Collection Set: 0.1ms
[2025-12-22T20:56:15.643+0000][42.140s][info][gc,phases   ] GC(16)   Merge Heap Roots: 0.1ms
[2025-12-22T20:56:15.644+0000][42.140s][info][gc,phases   ] GC(16)   Evacuate Collection Set: 6.9ms
[2025-12-22T20:56:15.644+0000][42.140s][info][gc,phases   ] GC(16)   Post Evacuate Collection Set: 0.9ms
[2025-12-22T20:56:15.644+0000][42.140s][info][gc,phases   ] GC(16)   Other: 0.4ms
[2025-12-22T20:56:15.644+0000][42.140s][info][gc,heap     ] GC(16) Eden regions: 646->0(646)
[2025-12-22T20:56:15.644+0000][42.140s][info][gc,heap     ] GC(16) Survivor regions: 30->30(85)
[2025-12-22T20:56:15.644+0000][42.140s][info][gc,heap     ] GC(16) Old regions: 12->12
[2025-12-22T20:56:15.644+0000][42.140s][info][gc,heap     ] GC(16) Archive regions: 2->2
[2025-12-22T20:56:15.644+0000][42.140s][info][gc,heap     ] GC(16) Humongous regions: 32->27
[2025-12-22T20:56:15.644+0000][42.141s][info][gc,metaspace] GC(16) Metaspace: 79388K(80256K)->79388K(80256K) NonClass: 68820K(69248K)->68820K(69248K) Class: 10568K(11008K)->10568K(11008K)
[2025-12-22T20:56:15.644+0000][42.141s][info][gc          ] GC(16) Pause Young (Normal) (G1 Evacuation Pause) 720M->69M(1128M) 9.607ms
[2025-12-22T20:56:15.645+0000][42.141s][info][gc,cpu      ] GC(16) User=0.02s Sys=0.00s Real=0.00s
[2025-12-22T20:56:24.826+0000][51.322s][info][gc,start    ] GC(17) Pause Young (Normal) (G1 Evacuation Pause)
[2025-12-22T20:56:24.827+0000][51.323s][info][gc,task     ] GC(17) Using 3 workers of 3 for evacuation
[2025-12-22T20:56:24.835+0000][51.331s][info][gc,phases   ] GC(17)   Pre Evacuate Collection Set: 0.1ms
[2025-12-22T20:56:24.835+0000][51.331s][info][gc,phases   ] GC(17)   Merge Heap Roots: 0.1ms
[2025-12-22T20:56:24.835+0000][51.331s][info][gc,phases   ] GC(17)   Evacuate Collection Set: 6.7ms
[2025-12-22T20:56:24.835+0000][51.331s][info][gc,phases   ] GC(17)   Post Evacuate Collection Set: 1.1ms
[2025-12-22T20:56:24.835+0000][51.332s][info][gc,phases   ] GC(17)   Other: 1.2ms
[2025-12-22T20:56:24.835+0000][51.332s][info][gc,heap     ] GC(17) Eden regions: 646->0(646)
[2025-12-22T20:56:24.835+0000][51.332s][info][gc,heap     ] GC(17) Survivor regions: 30->30(85)
[2025-12-22T20:56:24.835+0000][51.332s][info][gc,heap     ] GC(17) Old regions: 12->12
[2025-12-22T20:56:24.836+0000][51.332s][info][gc,heap     ] GC(17) Archive regions: 2->2
[2025-12-22T20:56:24.836+0000][51.332s][info][gc,heap     ] GC(17) Humongous regions: 27->27
[2025-12-22T20:56:24.836+0000][51.332s][info][gc,metaspace] GC(17) Metaspace: 79519K(80384K)->79519K(80384K) NonClass: 68950K(69376K)->68950K(69376K) Class: 10568K(11008K)->10568K(11008K)
[2025-12-22T20:56:24.836+0000][51.332s][info][gc          ] GC(17) Pause Young (Normal) (G1 Evacuation Pause) 715M->69M(1128M) 10.079ms
[2025-12-22T20:56:24.836+0000][51.332s][info][gc,cpu      ] GC(17) User=0.02s Sys=0.00s Real=0.01s
[2025-12-22T20:56:32.368+0000][58.864s][info][gc,start    ] GC(18) Pause Young (Normal) (G1 Evacuation Pause)
[2025-12-22T20:56:32.368+0000][58.864s][info][gc,task     ] GC(18) Using 3 workers of 3 for evacuation
[2025-12-22T20:56:32.379+0000][58.875s][info][gc,phases   ] GC(18)   Pre Evacuate Collection Set: 0.1ms
[2025-12-22T20:56:32.379+0000][58.875s][info][gc,phases   ] GC(18)   Merge Heap Roots: 0.1ms
[2025-12-22T20:56:32.379+0000][58.875s][info][gc,phases   ] GC(18)   Evacuate Collection Set: 9.4ms
[2025-12-22T20:56:32.379+0000][58.875s][info][gc,phases   ] GC(18)   Post Evacuate Collection Set: 1.0ms
[2025-12-22T20:56:32.379+0000][58.875s][info][gc,phases   ] GC(18)   Other: 0.5ms
[2025-12-22T20:56:32.379+0000][58.875s][info][gc,heap     ] GC(18) Eden regions: 646->0(647)
[2025-12-22T20:56:32.379+0000][58.875s][info][gc,heap     ] GC(18) Survivor regions: 30->29(85)
[2025-12-22T20:56:32.379+0000][58.876s][info][gc,heap     ] GC(18) Old regions: 12->12
[2025-12-22T20:56:32.379+0000][58.876s][info][gc,heap     ] GC(18) Archive regions: 2->2
[2025-12-22T20:56:32.380+0000][58.876s][info][gc,heap     ] GC(18) Humongous regions: 37->32
[2025-12-22T20:56:32.380+0000][58.876s][info][gc,metaspace] GC(18) Metaspace: 79753K(80576K)->79753K(80576K) NonClass: 69184K(69568K)->69184K(69568K) Class: 10569K(11008K)->10569K(11008K)
[2025-12-22T20:56:32.380+0000][58.876s][info][gc          ] GC(18) Pause Young (Normal) (G1 Evacuation Pause) 725M->73M(1128M) 12.281ms
[2025-12-22T20:56:32.380+0000][58.876s][info][gc,cpu      ] GC(18) User=0.03s Sys=0.00s Real=0.01s
[2025-12-22T20:56:41.515+0000][68.011s][info][gc,start    ] GC(19) Pause Young (Normal) (G1 Evacuation Pause)
[2025-12-22T20:56:41.515+0000][68.011s][info][gc,task     ] GC(19) Using 3 workers of 3 for evacuation
[2025-12-22T20:56:41.525+0000][68.021s][info][gc,phases   ] GC(19)   Pre Evacuate Collection Set: 0.2ms
[2025-12-22T20:56:41.525+0000][68.022s][info][gc,phases   ] GC(19)   Merge Heap Roots: 0.1ms
[2025-12-22T20:56:41.525+0000][68.022s][info][gc,phases   ] GC(19)   Evacuate Collection Set: 8.2ms
[2025-12-22T20:56:41.525+0000][68.022s][info][gc,phases   ] GC(19)   Post Evacuate Collection Set: 1.2ms
[2025-12-22T20:56:41.525+0000][68.022s][info][gc,phases   ] GC(19)   Other: 0.7ms
[2025-12-22T20:56:41.525+0000][68.022s][info][gc,heap     ] GC(19) Eden regions: 647->0(645)
[2025-12-22T20:56:41.526+0000][68.022s][info][gc,heap     ] GC(19) Survivor regions: 29->31(85)
[2025-12-22T20:56:41.526+0000][68.022s][info][gc,heap     ] GC(19) Old regions: 12->12
[2025-12-22T20:56:41.526+0000][68.022s][info][gc,heap     ] GC(19) Archive regions: 2->2
[2025-12-22T20:56:41.526+0000][68.022s][info][gc,heap     ] GC(19) Humongous regions: 32->32
[2025-12-22T20:56:41.526+0000][68.022s][info][gc,metaspace] GC(19) Metaspace: 81905K(82816K)->81905K(82816K) NonClass: 71134K(71616K)->71134K(71616K) Class: 10770K(11200K)->10770K(11200K)
[2025-12-22T20:56:41.526+0000][68.022s][info][gc          ] GC(19) Pause Young (Normal) (G1 Evacuation Pause) 720M->75M(1128M) 10.925ms
[2025-12-22T20:56:41.526+0000][68.022s][info][gc,cpu      ] GC(19) User=0.03s Sys=0.00s Real=0.01s
[2025-12-22T20:56:48.454+0000][74.950s][info][gc,start    ] GC(20) Pause Young (Normal) (G1 Evacuation Pause)
[2025-12-22T20:56:48.455+0000][74.951s][info][gc,task     ] GC(20) Using 3 workers of 3 for evacuation
[2025-12-22T20:56:48.467+0000][74.963s][info][gc,phases   ] GC(20)   Pre Evacuate Collection Set: 0.1ms
[2025-12-22T20:56:48.467+0000][74.963s][info][gc,phases   ] GC(20)   Merge Heap Roots: 0.1ms
[2025-12-22T20:56:48.468+0000][74.964s][info][gc,phases   ] GC(20)   Evacuate Collection Set: 9.9ms
[2025-12-22T20:56:48.468+0000][74.964s][info][gc,phases   ] GC(20)   Post Evacuate Collection Set: 1.2ms
[2025-12-22T20:56:48.468+0000][74.964s][info][gc,phases   ] GC(20)   Other: 1.1ms
[2025-12-22T20:56:48.468+0000][74.964s][info][gc,heap     ] GC(20) Eden regions: 645->0(644)
[2025-12-22T20:56:48.468+0000][74.964s][info][gc,heap     ] GC(20) Survivor regions: 31->32(85)
[2025-12-22T20:56:48.468+0000][74.964s][info][gc,heap     ] GC(20) Old regions: 12->12
[2025-12-22T20:56:48.468+0000][74.965s][info][gc,heap     ] GC(20) Archive regions: 2->2
[2025-12-22T20:56:48.468+0000][74.965s][info][gc,heap     ] GC(20) Humongous regions: 42->37
[2025-12-22T20:56:48.469+0000][74.965s][info][gc,metaspace] GC(20) Metaspace: 85736K(86656K)->85736K(86656K) NonClass: 74434K(74880K)->74434K(74880K) Class: 11301K(11776K)->11301K(11776K)
[2025-12-22T20:56:48.469+0000][74.965s][info][gc          ] GC(20) Pause Young (Normal) (G1 Evacuation Pause) 730M->81M(1128M) 14.660ms
[2025-12-22T20:56:48.469+0000][74.965s][info][gc,cpu      ] GC(20) User=0.04s Sys=0.00s Real=0.02s
[2025-12-22T20:56:57.273+0000][83.769s][info][gc,start    ] GC(21) Pause Young (Normal) (G1 Evacuation Pause)
[2025-12-22T20:56:57.273+0000][83.770s][info][gc,task     ] GC(21) Using 3 workers of 3 for evacuation
[2025-12-22T20:56:57.289+0000][83.785s][info][gc,phases   ] GC(21)   Pre Evacuate Collection Set: 0.2ms
[2025-12-22T20:56:57.289+0000][83.785s][info][gc,phases   ] GC(21)   Merge Heap Roots: 0.1ms
[2025-12-22T20:56:57.289+0000][83.786s][info][gc,phases   ] GC(21)   Evacuate Collection Set: 13.5ms
[2025-12-22T20:56:57.289+0000][83.786s][info][gc,phases   ] GC(21)   Post Evacuate Collection Set: 1.7ms
[2025-12-22T20:56:57.289+0000][83.786s][info][gc,phases   ] GC(21)   Other: 0.9ms
[2025-12-22T20:56:57.290+0000][83.786s][info][gc,heap     ] GC(21) Eden regions: 644->0(644)
[2025-12-22T20:56:57.290+0000][83.786s][info][gc,heap     ] GC(21) Survivor regions: 32->32(85)
[2025-12-22T20:56:57.290+0000][83.786s][info][gc,heap     ] GC(21) Old regions: 12->12
[2025-12-22T20:56:57.290+0000][83.786s][info][gc,heap     ] GC(21) Archive regions: 2->2
[2025-12-22T20:56:57.290+0000][83.786s][info][gc,heap     ] GC(21) Humongous regions: 37->37
[2025-12-22T20:56:57.290+0000][83.786s][info][gc,metaspace] GC(21) Metaspace: 85847K(86784K)->85847K(86784K) NonClass: 74545K(75008K)->74545K(75008K) Class: 11301K(11776K)->11301K(11776K)
[2025-12-22T20:56:57.290+0000][83.786s][info][gc          ] GC(21) Pause Young (Normal) (G1 Evacuation Pause) 725M->81M(1128M) 17.531ms
[2025-12-22T20:56:57.290+0000][83.787s][info][gc,cpu      ] GC(21) User=0.04s Sys=0.00s Real=0.02s
[2025-12-22T20:57:04.685+0000][91.182s][info][gc,start    ] GC(22) Pause Young (Normal) (G1 Evacuation Pause)
[2025-12-22T20:57:04.686+0000][91.182s][info][gc,task     ] GC(22) Using 3 workers of 3 for evacuation
[2025-12-22T20:57:04.696+0000][91.193s][info][gc,phases   ] GC(22)   Pre Evacuate Collection Set: 0.1ms
[2025-12-22T20:57:04.696+0000][91.193s][info][gc,phases   ] GC(22)   Merge Heap Roots: 0.1ms
[2025-12-22T20:57:04.697+0000][91.193s][info][gc,phases   ] GC(22)   Evacuate Collection Set: 9.3ms
[2025-12-22T20:57:04.697+0000][91.193s][info][gc,phases   ] GC(22)   Post Evacuate Collection Set: 1.0ms
[2025-12-22T20:57:04.697+0000][91.193s][info][gc,phases   ] GC(22)   Other: 0.5ms
[2025-12-22T20:57:04.697+0000][91.193s][info][gc,heap     ] GC(22) Eden regions: 644->0(647)
[2025-12-22T20:57:04.697+0000][91.193s][info][gc,heap     ] GC(22) Survivor regions: 32->29(85)
[2025-12-22T20:57:04.697+0000][91.193s][info][gc,heap     ] GC(22) Old regions: 12->15
[2025-12-22T20:57:04.697+0000][91.193s][info][gc,heap     ] GC(22) Archive regions: 2->2
[2025-12-22T20:57:04.697+0000][91.193s][info][gc,heap     ] GC(22) Humongous regions: 37->37
[2025-12-22T20:57:04.697+0000][91.193s][info][gc,metaspace] GC(22) Metaspace: 85885K(86784K)->85885K(86784K) NonClass: 74584K(75008K)->74584K(75008K) Class: 11301K(11776K)->11301K(11776K)
[2025-12-22T20:57:04.697+0000][91.193s][info][gc          ] GC(22) Pause Young (Normal) (G1 Evacuation Pause) 725M->81M(1128M) 11.842ms
[2025-12-22T20:57:04.697+0000][91.194s][info][gc,cpu      ] GC(22) User=0.03s Sys=0.01s Real=0.01s
[2025-12-22T20:57:12.913+0000][99.409s][info][gc,start    ] GC(23) Pause Young (Normal) (G1 Evacuation Pause)
[2025-12-22T20:57:12.914+0000][99.410s][info][gc,task     ] GC(23) Using 3 workers of 3 for evacuation
[2025-12-22T20:57:12.923+0000][99.419s][info][gc,phases   ] GC(23)   Pre Evacuate Collection Set: 0.1ms
[2025-12-22T20:57:12.923+0000][99.419s][info][gc,phases   ] GC(23)   Merge Heap Roots: 0.1ms
[2025-12-22T20:57:12.923+0000][99.419s][info][gc,phases   ] GC(23)   Evacuate Collection Set: 7.8ms
[2025-12-22T20:57:12.923+0000][99.420s][info][gc,phases   ] GC(23)   Post Evacuate Collection Set: 0.9ms
[2025-12-22T20:57:12.923+0000][99.420s][info][gc,phases   ] GC(23)   Other: 1.2ms
[2025-12-22T20:57:12.923+0000][99.420s][info][gc,heap     ] GC(23) Eden regions: 647->0(647)
[2025-12-22T20:57:12.924+0000][99.420s][info][gc,heap     ] GC(23) Survivor regions: 29->29(85)
[2025-12-22T20:57:12.924+0000][99.420s][info][gc,heap     ] GC(23) Old regions: 15->16
[2025-12-22T20:57:12.924+0000][99.420s][info][gc,heap     ] GC(23) Archive regions: 2->2
[2025-12-22T20:57:12.924+0000][99.420s][info][gc,heap     ] GC(23) Humongous regions: 37->37
[2025-12-22T20:57:12.924+0000][99.420s][info][gc,metaspace] GC(23) Metaspace: 85927K(86912K)->85927K(86912K) NonClass: 74625K(75136K)->74625K(75136K) Class: 11301K(11776K)->11301K(11776K)
[2025-12-22T20:57:12.924+0000][99.420s][info][gc          ] GC(23) Pause Young (Normal) (G1 Evacuation Pause) 728M->82M(1128M) 11.344ms
[2025-12-22T20:57:12.924+0000][99.421s][info][gc,cpu      ] GC(23) User=0.03s Sys=0.00s Real=0.01s
[2025-12-22T20:57:20.959+0000][107.456s][info][gc,start    ] GC(24) Pause Young (Normal) (G1 Evacuation Pause)
[2025-12-22T20:57:20.960+0000][107.456s][info][gc,task     ] GC(24) Using 3 workers of 3 for evacuation
[2025-12-22T20:57:20.969+0000][107.465s][info][gc,phases   ] GC(24)   Pre Evacuate Collection Set: 0.2ms
[2025-12-22T20:57:20.969+0000][107.465s][info][gc,phases   ] GC(24)   Merge Heap Roots: 0.1ms
[2025-12-22T20:57:20.969+0000][107.466s][info][gc,phases   ] GC(24)   Evacuate Collection Set: 8.1ms
[2025-12-22T20:57:20.969+0000][107.466s][info][gc,phases   ] GC(24)   Post Evacuate Collection Set: 0.9ms
[2025-12-22T20:57:20.969+0000][107.466s][info][gc,phases   ] GC(24)   Other: 0.5ms
[2025-12-22T20:57:20.970+0000][107.466s][info][gc,heap     ] GC(24) Eden regions: 647->0(647)
[2025-12-22T20:57:20.970+0000][107.466s][info][gc,heap     ] GC(24) Survivor regions: 29->29(85)
[2025-12-22T20:57:20.970+0000][107.466s][info][gc,heap     ] GC(24) Old regions: 16->16
[2025-12-22T20:57:20.970+0000][107.466s][info][gc,heap     ] GC(24) Archive regions: 2->2
[2025-12-22T20:57:20.970+0000][107.466s][info][gc,heap     ] GC(24) Humongous regions: 37->37
[2025-12-22T20:57:20.970+0000][107.466s][info][gc,metaspace] GC(24) Metaspace: 86003K(86976K)->86003K(86976K) NonClass: 74701K(75200K)->74701K(75200K) Class: 11301K(11776K)->11301K(11776K)
[2025-12-22T20:57:20.970+0000][107.466s][info][gc          ] GC(24) Pause Young (Normal) (G1 Evacuation Pause) 729M->82M(1128M) 10.568ms
[2025-12-22T20:57:20.970+0000][107.466s][info][gc,cpu      ] GC(24) User=0.02s Sys=0.00s Real=0.01s
[2025-12-22T20:57:28.399+0000][114.895s][info][gc,start    ] GC(25) Pause Young (Normal) (G1 Evacuation Pause)
[2025-12-22T20:57:28.400+0000][114.896s][info][gc,task     ] GC(25) Using 3 workers of 3 for evacuation
[2025-12-22T20:57:28.412+0000][114.908s][info][gc,phases   ] GC(25)   Pre Evacuate Collection Set: 0.1ms
[2025-12-22T20:57:28.412+0000][114.908s][info][gc,phases   ] GC(25)   Merge Heap Roots: 0.1ms
[2025-12-22T20:57:28.412+0000][114.908s][info][gc,phases   ] GC(25)   Evacuate Collection Set: 11.0ms
[2025-12-22T20:57:28.412+0000][114.909s][info][gc,phases   ] GC(25)   Post Evacuate Collection Set: 0.7ms
[2025-12-22T20:57:28.412+0000][114.909s][info][gc,phases   ] GC(25)   Other: 0.7ms
[2025-12-22T20:57:28.412+0000][114.909s][info][gc,heap     ] GC(25) Eden regions: 647->0(653)
[2025-12-22T20:57:28.413+0000][114.909s][info][gc,heap     ] GC(25) Survivor regions: 29->23(85)
[2025-12-22T20:57:28.413+0000][114.909s][info][gc,heap     ] GC(25) Old regions: 16->22
[2025-12-22T20:57:28.413+0000][114.909s][info][gc,heap     ] GC(25) Archive regions: 2->2
[2025-12-22T20:57:28.413+0000][114.909s][info][gc,heap     ] GC(25) Humongous regions: 37->37
[2025-12-22T20:57:28.413+0000][114.909s][info][gc,metaspace] GC(25) Metaspace: 86061K(86976K)->86061K(86976K) NonClass: 74758K(75200K)->74758K(75200K) Class: 11303K(11776K)->11303K(11776K)
[2025-12-22T20:57:28.413+0000][114.909s][info][gc          ] GC(25) Pause Young (Normal) (G1 Evacuation Pause) 729M->82M(1128M) 13.856ms
[2025-12-22T20:57:28.413+0000][114.910s][info][gc,cpu      ] GC(25) User=0.04s Sys=0.00s Real=0.01s
[2025-12-22T20:57:37.512+0000][124.008s][info][gc,start    ] GC(26) Pause Young (Normal) (G1 Evacuation Pause)
[2025-12-22T20:57:37.512+0000][124.009s][info][gc,task     ] GC(26) Using 3 workers of 3 for evacuation
[2025-12-22T20:57:37.522+0000][124.018s][info][gc,phases   ] GC(26)   Pre Evacuate Collection Set: 0.1ms
[2025-12-22T20:57:37.522+0000][124.018s][info][gc,phases   ] GC(26)   Merge Heap Roots: 0.1ms
[2025-12-22T20:57:37.522+0000][124.018s][info][gc,phases   ] GC(26)   Evacuate Collection Set: 8.0ms
[2025-12-22T20:57:37.522+0000][124.018s][info][gc,phases   ] GC(26)   Post Evacuate Collection Set: 0.7ms
[2025-12-22T20:57:37.522+0000][124.018s][info][gc,phases   ] GC(26)   Other: 1.1ms
[2025-12-22T20:57:37.522+0000][124.018s][info][gc,heap     ] GC(26) Eden regions: 653->0(667)
[2025-12-22T20:57:37.522+0000][124.018s][info][gc,heap     ] GC(26) Survivor regions: 23->9(85)
[2025-12-22T20:57:37.522+0000][124.018s][info][gc,heap     ] GC(26) Old regions: 22->36
[2025-12-22T20:57:37.522+0000][124.018s][info][gc,heap     ] GC(26) Archive regions: 2->2
[2025-12-22T20:57:37.522+0000][124.018s][info][gc,heap     ] GC(26) Humongous regions: 37->37
[2025-12-22T20:57:37.522+0000][124.019s][info][gc,metaspace] GC(26) Metaspace: 86117K(87040K)->86117K(87040K) NonClass: 74811K(75264K)->74811K(75264K) Class: 11305K(11776K)->11305K(11776K)
[2025-12-22T20:57:37.522+0000][124.019s][info][gc          ] GC(26) Pause Young (Normal) (G1 Evacuation Pause) 735M->82M(1128M) 10.765ms
[2025-12-22T20:57:37.522+0000][124.019s][info][gc,cpu      ] GC(26) User=0.02s Sys=0.00s Real=0.01s
[2025-12-22T20:57:45.193+0000][131.689s][info][gc,start    ] GC(27) Pause Young (Normal) (G1 Evacuation Pause)
[2025-12-22T20:57:45.193+0000][131.690s][info][gc,task     ] GC(27) Using 3 workers of 3 for evacuation
[2025-12-22T20:57:45.199+0000][131.695s][info][gc,phases   ] GC(27)   Pre Evacuate Collection Set: 0.1ms
[2025-12-22T20:57:45.199+0000][131.695s][info][gc,phases   ] GC(27)   Merge Heap Roots: 0.1ms
[2025-12-22T20:57:45.199+0000][131.695s][info][gc,phases   ] GC(27)   Evacuate Collection Set: 4.2ms
[2025-12-22T20:57:45.199+0000][131.695s][info][gc,phases   ] GC(27)   Post Evacuate Collection Set: 0.5ms
[2025-12-22T20:57:45.199+0000][131.695s][info][gc,phases   ] GC(27)   Other: 0.4ms
[2025-12-22T20:57:45.199+0000][131.695s][info][gc,heap     ] GC(27) Eden regions: 667->0(671)
[2025-12-22T20:57:45.199+0000][131.695s][info][gc,heap     ] GC(27) Survivor regions: 9->5(85)
[2025-12-22T20:57:45.199+0000][131.695s][info][gc,heap     ] GC(27) Old regions: 36->41
[2025-12-22T20:57:45.199+0000][131.695s][info][gc,heap     ] GC(27) Archive regions: 2->2
[2025-12-22T20:57:45.199+0000][131.695s][info][gc,heap     ] GC(27) Humongous regions: 37->37
[2025-12-22T20:57:45.199+0000][131.695s][info][gc,metaspace] GC(27) Metaspace: 86164K(87104K)->86164K(87104K) NonClass: 74856K(75328K)->74856K(75328K) Class: 11307K(11776K)->11307K(11776K)
[2025-12-22T20:57:45.199+0000][131.695s][info][gc          ] GC(27) Pause Young (Normal) (G1 Evacuation Pause) 749M->82M(1128M) 5.910ms
[2025-12-22T20:57:45.199+0000][131.695s][info][gc,cpu      ] GC(27) User=0.01s Sys=0.00s Real=0.01s
[2025-12-22T20:57:54.609+0000][141.105s][info][gc,start    ] GC(28) Pause Young (Normal) (G1 Evacuation Pause)
[2025-12-22T20:57:54.609+0000][141.105s][info][gc,task     ] GC(28) Using 3 workers of 3 for evacuation
[2025-12-22T20:57:54.613+0000][141.110s][info][gc,phases   ] GC(28)   Pre Evacuate Collection Set: 0.1ms
[2025-12-22T20:57:54.614+0000][141.110s][info][gc,phases   ] GC(28)   Merge Heap Roots: 0.1ms
[2025-12-22T20:57:54.614+0000][141.110s][info][gc,phases   ] GC(28)   Evacuate Collection Set: 3.5ms
[2025-12-22T20:57:54.614+0000][141.110s][info][gc,phases   ] GC(28)   Post Evacuate Collection Set: 0.5ms
[2025-12-22T20:57:54.614+0000][141.110s][info][gc,phases   ] GC(28)   Other: 0.6ms
[2025-12-22T20:57:54.614+0000][141.110s][info][gc,heap     ] GC(28) Eden regions: 671->0(672)
[2025-12-22T20:57:54.614+0000][141.110s][info][gc,heap     ] GC(28) Survivor regions: 5->4(85)
[2025-12-22T20:57:54.614+0000][141.110s][info][gc,heap     ] GC(28) Old regions: 41->42
[2025-12-22T20:57:54.614+0000][141.110s][info][gc,heap     ] GC(28) Archive regions: 2->2
[2025-12-22T20:57:54.614+0000][141.111s][info][gc,heap     ] GC(28) Humongous regions: 37->37
[2025-12-22T20:57:54.614+0000][141.111s][info][gc,metaspace] GC(28) Metaspace: 86175K(87104K)->86175K(87104K) NonClass: 74868K(75328K)->74868K(75328K) Class: 11307K(11776K)->11307K(11776K)
[2025-12-22T20:57:54.614+0000][141.111s][info][gc          ] GC(28) Pause Young (Normal) (G1 Evacuation Pause) 753M->83M(1128M) 5.773ms
[2025-12-22T20:57:54.615+0000][141.111s][info][gc,cpu      ] GC(28) User=0.02s Sys=0.00s Real=0.00s
[2025-12-22T20:58:02.252+0000][148.748s][info][gc,start    ] GC(29) Pause Young (Normal) (G1 Evacuation Pause)
[2025-12-22T20:58:02.252+0000][148.748s][info][gc,task     ] GC(29) Using 3 workers of 3 for evacuation
[2025-12-22T20:58:02.256+0000][148.752s][info][gc,phases   ] GC(29)   Pre Evacuate Collection Set: 0.1ms
[2025-12-22T20:58:02.256+0000][148.752s][info][gc,phases   ] GC(29)   Merge Heap Roots: 0.1ms
[2025-12-22T20:58:02.256+0000][148.752s][info][gc,phases   ] GC(29)   Evacuate Collection Set: 2.7ms
[2025-12-22T20:58:02.256+0000][148.753s][info][gc,phases   ] GC(29)   Post Evacuate Collection Set: 0.5ms
[2025-12-22T20:58:02.256+0000][148.753s][info][gc,phases   ] GC(29)   Other: 0.5ms
[2025-12-22T20:58:02.257+0000][148.753s][info][gc,heap     ] GC(29) Eden regions: 672->0(672)
[2025-12-22T20:58:02.257+0000][148.753s][info][gc,heap     ] GC(29) Survivor regions: 4->4(85)
[2025-12-22T20:58:02.257+0000][148.753s][info][gc,heap     ] GC(29) Old regions: 42->43
[2025-12-22T20:58:02.257+0000][148.753s][info][gc,heap     ] GC(29) Archive regions: 2->2
[2025-12-22T20:58:02.257+0000][148.753s][info][gc,heap     ] GC(29) Humongous regions: 37->37
[2025-12-22T20:58:02.257+0000][148.753s][info][gc,metaspace] GC(29) Metaspace: 86203K(87104K)->86203K(87104K) NonClass: 74896K(75328K)->74896K(75328K) Class: 11307K(11776K)->11307K(11776K)
[2025-12-22T20:58:02.257+0000][148.754s][info][gc          ] GC(29) Pause Young (Normal) (G1 Evacuation Pause) 755M->83M(1128M) 5.328ms
[2025-12-22T20:58:02.257+0000][148.754s][info][gc,cpu      ] GC(29) User=0.01s Sys=0.00s Real=0.01s
[2025-12-22T20:58:11.554+0000][158.050s][info][gc,start    ] GC(30) Pause Young (Normal) (G1 Evacuation Pause)
[2025-12-22T20:58:11.555+0000][158.051s][info][gc,task     ] GC(30) Using 3 workers of 3 for evacuation
[2025-12-22T20:58:11.557+0000][158.053s][info][gc,phases   ] GC(30)   Pre Evacuate Collection Set: 0.1ms
[2025-12-22T20:58:11.557+0000][158.054s][info][gc,phases   ] GC(30)   Merge Heap Roots: 0.1ms
[2025-12-22T20:58:11.558+0000][158.054s][info][gc,phases   ] GC(30)   Evacuate Collection Set: 1.9ms
[2025-12-22T20:58:11.558+0000][158.054s][info][gc,phases   ] GC(30)   Post Evacuate Collection Set: 0.5ms
[2025-12-22T20:58:11.558+0000][158.054s][info][gc,phases   ] GC(30)   Other: 1.2ms
[2025-12-22T20:58:11.558+0000][158.054s][info][gc,heap     ] GC(30) Eden regions: 672->0(672)
[2025-12-22T20:58:11.558+0000][158.054s][info][gc,heap     ] GC(30) Survivor regions: 4->4(85)
[2025-12-22T20:58:11.558+0000][158.054s][info][gc,heap     ] GC(30) Old regions: 43->43
[2025-12-22T20:58:11.558+0000][158.054s][info][gc,heap     ] GC(30) Archive regions: 2->2
[2025-12-22T20:58:11.558+0000][158.054s][info][gc,heap     ] GC(30) Humongous regions: 37->37
[2025-12-22T20:58:11.558+0000][158.055s][info][gc,metaspace] GC(30) Metaspace: 86231K(87168K)->86231K(87168K) NonClass: 74923K(75392K)->74923K(75392K) Class: 11307K(11776K)->11307K(11776K)
[2025-12-22T20:58:11.558+0000][158.055s][info][gc          ] GC(30) Pause Young (Normal) (G1 Evacuation Pause) 755M->83M(1128M) 4.875ms
[2025-12-22T20:58:11.559+0000][158.055s][info][gc,cpu      ] GC(30) User=0.00s Sys=0.00s Real=0.01s
[2025-12-22T20:58:19.584+0000][166.080s][info][gc,start    ] GC(31) Pause Young (Normal) (G1 Evacuation Pause)
[2025-12-22T20:58:19.584+0000][166.080s][info][gc,task     ] GC(31) Using 3 workers of 3 for evacuation
[2025-12-22T20:58:19.590+0000][166.087s][info][gc,phases   ] GC(31)   Pre Evacuate Collection Set: 0.3ms
[2025-12-22T20:58:19.591+0000][166.087s][info][gc,phases   ] GC(31)   Merge Heap Roots: 0.2ms
[2025-12-22T20:58:19.591+0000][166.087s][info][gc,phases   ] GC(31)   Evacuate Collection Set: 4.9ms
[2025-12-22T20:58:19.591+0000][166.087s][info][gc,phases   ] GC(31)   Post Evacuate Collection Set: 0.7ms
[2025-12-22T20:58:19.591+0000][166.088s][info][gc,phases   ] GC(31)   Other: 0.8ms
[2025-12-22T20:58:19.591+0000][166.088s][info][gc,heap     ] GC(31) Eden regions: 672->0(672)
[2025-12-22T20:58:19.592+0000][166.088s][info][gc,heap     ] GC(31) Survivor regions: 4->4(85)
[2025-12-22T20:58:19.592+0000][166.088s][info][gc,heap     ] GC(31) Old regions: 43->43
[2025-12-22T20:58:19.592+0000][166.088s][info][gc,heap     ] GC(31) Archive regions: 2->2
[2025-12-22T20:58:19.592+0000][166.088s][info][gc,heap     ] GC(31) Humongous regions: 37->37
[2025-12-22T20:58:19.592+0000][166.089s][info][gc,metaspace] GC(31) Metaspace: 86249K(87168K)->86249K(87168K) NonClass: 74940K(75392K)->74940K(75392K) Class: 11308K(11776K)->11308K(11776K)
[2025-12-22T20:58:19.593+0000][166.089s][info][gc          ] GC(31) Pause Young (Normal) (G1 Evacuation Pause) 755M->83M(1128M) 8.971ms
[2025-12-22T20:58:19.593+0000][166.089s][info][gc,cpu      ] GC(31) User=0.02s Sys=0.00s Real=0.01s
[2025-12-22T20:58:27.953+0000][174.449s][info][gc,start    ] GC(32) Pause Young (Normal) (G1 Evacuation Pause)
[2025-12-22T20:58:27.954+0000][174.450s][info][gc,task     ] GC(32) Using 3 workers of 3 for evacuation
[2025-12-22T20:58:27.958+0000][174.454s][info][gc,phases   ] GC(32)   Pre Evacuate Collection Set: 0.2ms
[2025-12-22T20:58:27.958+0000][174.455s][info][gc,phases   ] GC(32)   Merge Heap Roots: 0.1ms
[2025-12-22T20:58:27.958+0000][174.455s][info][gc,phases   ] GC(32)   Evacuate Collection Set: 3.3ms
[2025-12-22T20:58:27.959+0000][174.455s][info][gc,phases   ] GC(32)   Post Evacuate Collection Set: 0.6ms
[2025-12-22T20:58:27.959+0000][174.455s][info][gc,phases   ] GC(32)   Other: 1.3ms
[2025-12-22T20:58:27.959+0000][174.455s][info][gc,heap     ] GC(32) Eden regions: 672->0(672)
[2025-12-22T20:58:27.959+0000][174.455s][info][gc,heap     ] GC(32) Survivor regions: 4->4(85)
[2025-12-22T20:58:27.959+0000][174.455s][info][gc,heap     ] GC(32) Old regions: 43->43
[2025-12-22T20:58:27.959+0000][174.455s][info][gc,heap     ] GC(32) Archive regions: 2->2
[2025-12-22T20:58:27.959+0000][174.455s][info][gc,heap     ] GC(32) Humongous regions: 37->37
[2025-12-22T20:58:27.959+0000][174.455s][info][gc,metaspace] GC(32) Metaspace: 86387K(87296K)->86387K(87296K) NonClass: 75077K(75520K)->75077K(75520K) Class: 11309K(11776K)->11309K(11776K)
[2025-12-22T20:58:27.959+0000][174.455s][info][gc          ] GC(32) Pause Young (Normal) (G1 Evacuation Pause) 755M->83M(1128M) 6.474ms
[2025-12-22T20:58:27.959+0000][174.455s][info][gc,cpu      ] GC(32) User=0.02s Sys=0.00s Real=0.01s
[2025-12-22T20:58:37.686+0000][184.182s][info][gc,start    ] GC(33) Pause Young (Normal) (G1 Evacuation Pause)
[2025-12-22T20:58:37.687+0000][184.183s][info][gc,task     ] GC(33) Using 3 workers of 3 for evacuation
[2025-12-22T20:58:37.692+0000][184.188s][info][gc,phases   ] GC(33)   Pre Evacuate Collection Set: 0.2ms
[2025-12-22T20:58:37.692+0000][184.188s][info][gc,phases   ] GC(33)   Merge Heap Roots: 0.1ms
[2025-12-22T20:58:37.692+0000][184.188s][info][gc,phases   ] GC(33)   Evacuate Collection Set: 4.2ms
[2025-12-22T20:58:37.692+0000][184.188s][info][gc,phases   ] GC(33)   Post Evacuate Collection Set: 0.6ms
[2025-12-22T20:58:37.692+0000][184.189s][info][gc,phases   ] GC(33)   Other: 0.9ms
[2025-12-22T20:58:37.692+0000][184.189s][info][gc,heap     ] GC(33) Eden regions: 672->0(672)
[2025-12-22T20:58:37.692+0000][184.189s][info][gc,heap     ] GC(33) Survivor regions: 4->4(85)
[2025-12-22T20:58:37.693+0000][184.189s][info][gc,heap     ] GC(33) Old regions: 43->43
[2025-12-22T20:58:37.693+0000][184.189s][info][gc,heap     ] GC(33) Archive regions: 2->2
[2025-12-22T20:58:37.693+0000][184.189s][info][gc,heap     ] GC(33) Humongous regions: 37->37
[2025-12-22T20:58:37.693+0000][184.189s][info][gc,metaspace] GC(33) Metaspace: 86418K(87360K)->86418K(87360K) NonClass: 75109K(75584K)->75109K(75584K) Class: 11309K(11776K)->11309K(11776K)
[2025-12-22T20:58:37.693+0000][184.189s][info][gc          ] GC(33) Pause Young (Normal) (G1 Evacuation Pause) 755M->83M(1128M) 6.976ms
[2025-12-22T20:58:37.693+0000][184.189s][info][gc,cpu      ] GC(33) User=0.01s Sys=0.00s Real=0.00s
[2025-12-22T20:58:45.908+0000][192.405s][info][gc,start    ] GC(34) Pause Young (Normal) (G1 Evacuation Pause)
[2025-12-22T20:58:45.909+0000][192.405s][info][gc,task     ] GC(34) Using 3 workers of 3 for evacuation
[2025-12-22T20:58:45.912+0000][192.409s][info][gc,phases   ] GC(34)   Pre Evacuate Collection Set: 0.1ms
[2025-12-22T20:58:45.913+0000][192.409s][info][gc,phases   ] GC(34)   Merge Heap Roots: 0.1ms
[2025-12-22T20:58:45.913+0000][192.409s][info][gc,phases   ] GC(34)   Evacuate Collection Set: 2.6ms
[2025-12-22T20:58:45.913+0000][192.409s][info][gc,phases   ] GC(34)   Post Evacuate Collection Set: 0.4ms
[2025-12-22T20:58:45.913+0000][192.409s][info][gc,phases   ] GC(34)   Other: 0.8ms
[2025-12-22T20:58:45.913+0000][192.409s][info][gc,heap     ] GC(34) Eden regions: 672->0(673)
[2025-12-22T20:58:45.913+0000][192.409s][info][gc,heap     ] GC(34) Survivor regions: 4->3(85)
[2025-12-22T20:58:45.913+0000][192.409s][info][gc,heap     ] GC(34) Old regions: 43->44
[2025-12-22T20:58:45.913+0000][192.409s][info][gc,heap     ] GC(34) Archive regions: 2->2
[2025-12-22T20:58:45.913+0000][192.409s][info][gc,heap     ] GC(34) Humongous regions: 37->37
[2025-12-22T20:58:45.913+0000][192.410s][info][gc,metaspace] GC(34) Metaspace: 86448K(87424K)->86448K(87424K) NonClass: 75139K(75648K)->75139K(75648K) Class: 11309K(11776K)->11309K(11776K)
[2025-12-22T20:58:45.913+0000][192.410s][info][gc          ] GC(34) Pause Young (Normal) (G1 Evacuation Pause) 755M->83M(1128M) 4.904ms
[2025-12-22T20:58:45.913+0000][192.410s][info][gc,cpu      ] GC(34) User=0.01s Sys=0.00s Real=0.00s
[2025-12-22T20:58:55.898+0000][202.394s][info][gc,start    ] GC(35) Pause Young (Normal) (G1 Evacuation Pause)
[2025-12-22T20:58:55.901+0000][202.397s][info][gc,task     ] GC(35) Using 3 workers of 3 for evacuation
[2025-12-22T20:58:55.915+0000][202.411s][info][gc,phases   ] GC(35)   Pre Evacuate Collection Set: 0.4ms
[2025-12-22T20:58:55.915+0000][202.411s][info][gc,phases   ] GC(35)   Merge Heap Roots: 0.1ms
[2025-12-22T20:58:55.916+0000][202.412s][info][gc,phases   ] GC(35)   Evacuate Collection Set: 12.1ms
[2025-12-22T20:58:55.916+0000][202.412s][info][gc,phases   ] GC(35)   Post Evacuate Collection Set: 1.3ms
[2025-12-22T20:58:55.916+0000][202.412s][info][gc,phases   ] GC(35)   Other: 3.2ms
[2025-12-22T20:58:55.916+0000][202.412s][info][gc,heap     ] GC(35) Eden regions: 673->0(674)
[2025-12-22T20:58:55.916+0000][202.412s][info][gc,heap     ] GC(35) Survivor regions: 3->2(85)
[2025-12-22T20:58:55.916+0000][202.413s][info][gc,heap     ] GC(35) Old regions: 44->45
[2025-12-22T20:58:55.916+0000][202.413s][info][gc,heap     ] GC(35) Archive regions: 2->2
[2025-12-22T20:58:55.916+0000][202.413s][info][gc,heap     ] GC(35) Humongous regions: 37->37
[2025-12-22T20:58:55.917+0000][202.413s][info][gc,metaspace] GC(35) Metaspace: 86468K(87424K)->86468K(87424K) NonClass: 75159K(75648K)->75159K(75648K) Class: 11309K(11776K)->11309K(11776K)
[2025-12-22T20:58:55.917+0000][202.413s][info][gc          ] GC(35) Pause Young (Normal) (G1 Evacuation Pause) 756M->83M(1128M) 18.641ms
[2025-12-22T20:58:55.917+0000][202.413s][info][gc,cpu      ] GC(35) User=0.01s Sys=0.00s Real=0.02s
[2025-12-22T20:59:04.020+0000][210.516s][info][gc,start    ] GC(36) Pause Young (Normal) (G1 Evacuation Pause)
[2025-12-22T20:59:04.021+0000][210.517s][info][gc,task     ] GC(36) Using 3 workers of 3 for evacuation
[2025-12-22T20:59:04.024+0000][210.521s][info][gc,phases   ] GC(36)   Pre Evacuate Collection Set: 0.3ms
[2025-12-22T20:59:04.025+0000][210.521s][info][gc,phases   ] GC(36)   Merge Heap Roots: 0.1ms
[2025-12-22T20:59:04.025+0000][210.521s][info][gc,phases   ] GC(36)   Evacuate Collection Set: 2.7ms
[2025-12-22T20:59:04.025+0000][210.521s][info][gc,phases   ] GC(36)   Post Evacuate Collection Set: 0.7ms
[2025-12-22T20:59:04.025+0000][210.521s][info][gc,phases   ] GC(36)   Other: 1.1ms
[2025-12-22T20:59:04.025+0000][210.521s][info][gc,heap     ] GC(36) Eden regions: 674->0(675)
[2025-12-22T20:59:04.025+0000][210.521s][info][gc,heap     ] GC(36) Survivor regions: 2->1(85)
[2025-12-22T20:59:04.025+0000][210.521s][info][gc,heap     ] GC(36) Old regions: 45->46
[2025-12-22T20:59:04.025+0000][210.521s][info][gc,heap     ] GC(36) Archive regions: 2->2
[2025-12-22T20:59:04.025+0000][210.521s][info][gc,heap     ] GC(36) Humongous regions: 37->37
[2025-12-22T20:59:04.025+0000][210.522s][info][gc,metaspace] GC(36) Metaspace: 86471K(87424K)->86471K(87424K) NonClass: 75162K(75648K)->75162K(75648K) Class: 11309K(11776K)->11309K(11776K)
[2025-12-22T20:59:04.025+0000][210.522s][info][gc          ] GC(36) Pause Young (Normal) (G1 Evacuation Pause) 757M->83M(1128M) 5.720ms
[2025-12-22T20:59:04.026+0000][210.522s][info][gc,cpu      ] GC(36) User=0.01s Sys=0.00s Real=0.01s
[2025-12-22T20:59:12.915+0000][219.411s][info][gc,start    ] GC(37) Pause Young (Normal) (G1 Evacuation Pause)
[2025-12-22T20:59:12.915+0000][219.411s][info][gc,task     ] GC(37) Using 3 workers of 3 for evacuation
[2025-12-22T20:59:12.918+0000][219.415s][info][gc,phases   ] GC(37)   Pre Evacuate Collection Set: 0.2ms
[2025-12-22T20:59:12.919+0000][219.415s][info][gc,phases   ] GC(37)   Merge Heap Roots: 0.1ms
[2025-12-22T20:59:12.919+0000][219.415s][info][gc,phases   ] GC(37)   Evacuate Collection Set: 2.1ms
[2025-12-22T20:59:12.919+0000][219.415s][info][gc,phases   ] GC(37)   Post Evacuate Collection Set: 0.6ms
[2025-12-22T20:59:12.919+0000][219.415s][info][gc,phases   ] GC(37)   Other: 0.5ms
[2025-12-22T20:59:12.919+0000][219.415s][info][gc,heap     ] GC(37) Eden regions: 675->0(675)
[2025-12-22T20:59:12.919+0000][219.415s][info][gc,heap     ] GC(37) Survivor regions: 1->1(85)
[2025-12-22T20:59:12.919+0000][219.415s][info][gc,heap     ] GC(37) Old regions: 46->46
[2025-12-22T20:59:12.919+0000][219.415s][info][gc,heap     ] GC(37) Archive regions: 2->2
[2025-12-22T20:59:12.919+0000][219.416s][info][gc,heap     ] GC(37) Humongous regions: 37->37
[2025-12-22T20:59:12.919+0000][219.416s][info][gc,metaspace] GC(37) Metaspace: 86475K(87424K)->86475K(87424K) NonClass: 75166K(75648K)->75166K(75648K) Class: 11309K(11776K)->11309K(11776K)
[2025-12-22T20:59:12.920+0000][219.416s][info][gc          ] GC(37) Pause Young (Normal) (G1 Evacuation Pause) 758M->83M(1128M) 4.557ms
[2025-12-22T20:59:12.920+0000][219.416s][info][gc,cpu      ] GC(37) User=0.01s Sys=0.00s Real=0.00s
[2025-12-22T20:59:21.381+0000][227.877s][info][gc,start    ] GC(38) Pause Young (Normal) (G1 Evacuation Pause)
[2025-12-22T20:59:21.382+0000][227.878s][info][gc,task     ] GC(38) Using 3 workers of 3 for evacuation
[2025-12-22T20:59:21.385+0000][227.881s][info][gc,phases   ] GC(38)   Pre Evacuate Collection Set: 0.2ms
[2025-12-22T20:59:21.385+0000][227.881s][info][gc,phases   ] GC(38)   Merge Heap Roots: 0.1ms
[2025-12-22T20:59:21.385+0000][227.881s][info][gc,phases   ] GC(38)   Evacuate Collection Set: 1.4ms
[2025-12-22T20:59:21.385+0000][227.881s][info][gc,phases   ] GC(38)   Post Evacuate Collection Set: 0.5ms
[2025-12-22T20:59:21.385+0000][227.881s][info][gc,phases   ] GC(38)   Other: 1.2ms
[2025-12-22T20:59:21.385+0000][227.881s][info][gc,heap     ] GC(38) Eden regions: 675->0(675)
[2025-12-22T20:59:21.385+0000][227.881s][info][gc,heap     ] GC(38) Survivor regions: 1->1(85)
[2025-12-22T20:59:21.385+0000][227.881s][info][gc,heap     ] GC(38) Old regions: 46->46
[2025-12-22T20:59:21.385+0000][227.882s][info][gc,heap     ] GC(38) Archive regions: 2->2
[2025-12-22T20:59:21.385+0000][227.882s][info][gc,heap     ] GC(38) Humongous regions: 37->37
[2025-12-22T20:59:21.385+0000][227.882s][info][gc,metaspace] GC(38) Metaspace: 86477K(87424K)->86477K(87424K) NonClass: 75168K(75648K)->75168K(75648K) Class: 11309K(11776K)->11309K(11776K)
[2025-12-22T20:59:21.386+0000][227.882s][info][gc          ] GC(38) Pause Young (Normal) (G1 Evacuation Pause) 758M->83M(1128M) 4.381ms
[2025-12-22T20:59:21.386+0000][227.882s][info][gc,cpu      ] GC(38) User=0.01s Sys=0.00s Real=0.01s
[2025-12-22T20:59:29.221+0000][235.717s][info][gc,start    ] GC(39) Pause Young (Normal) (G1 Evacuation Pause)
[2025-12-22T20:59:29.221+0000][235.718s][info][gc,task     ] GC(39) Using 3 workers of 3 for evacuation
[2025-12-22T20:59:29.223+0000][235.720s][info][gc,phases   ] GC(39)   Pre Evacuate Collection Set: 0.1ms
[2025-12-22T20:59:29.223+0000][235.720s][info][gc,phases   ] GC(39)   Merge Heap Roots: 0.1ms
[2025-12-22T20:59:29.224+0000][235.720s][info][gc,phases   ] GC(39)   Evacuate Collection Set: 1.2ms
[2025-12-22T20:59:29.224+0000][235.720s][info][gc,phases   ] GC(39)   Post Evacuate Collection Set: 0.4ms
[2025-12-22T20:59:29.224+0000][235.720s][info][gc,phases   ] GC(39)   Other: 0.4ms
[2025-12-22T20:59:29.224+0000][235.720s][info][gc,heap     ] GC(39) Eden regions: 675->0(675)
[2025-12-22T20:59:29.224+0000][235.720s][info][gc,heap     ] GC(39) Survivor regions: 1->1(85)
[2025-12-22T20:59:29.224+0000][235.720s][info][gc,heap     ] GC(39) Old regions: 46->46
[2025-12-22T20:59:29.224+0000][235.720s][info][gc,heap     ] GC(39) Archive regions: 2->2
[2025-12-22T20:59:29.224+0000][235.720s][info][gc,heap     ] GC(39) Humongous regions: 37->37
[2025-12-22T20:59:29.224+0000][235.720s][info][gc,metaspace] GC(39) Metaspace: 86502K(87424K)->86502K(87424K) NonClass: 75193K(75648K)->75193K(75648K) Class: 11309K(11776K)->11309K(11776K)
[2025-12-22T20:59:29.224+0000][235.721s][info][gc          ] GC(39) Pause Young (Normal) (G1 Evacuation Pause) 758M->83M(1128M) 3.204ms
[2025-12-22T20:59:29.224+0000][235.721s][info][gc,cpu      ] GC(39) User=0.00s Sys=0.00s Real=0.00s
[2025-12-22T20:59:38.698+0000][245.194s][info][gc,start    ] GC(40) Pause Young (Normal) (G1 Evacuation Pause)
[2025-12-22T20:59:38.698+0000][245.194s][info][gc,task     ] GC(40) Using 3 workers of 3 for evacuation
[2025-12-22T20:59:38.701+0000][245.197s][info][gc,phases   ] GC(40)   Pre Evacuate Collection Set: 0.2ms
[2025-12-22T20:59:38.701+0000][245.197s][info][gc,phases   ] GC(40)   Merge Heap Roots: 0.1ms
[2025-12-22T20:59:38.701+0000][245.198s][info][gc,phases   ] GC(40)   Evacuate Collection Set: 1.8ms
[2025-12-22T20:59:38.701+0000][245.198s][info][gc,phases   ] GC(40)   Post Evacuate Collection Set: 0.7ms
[2025-12-22T20:59:38.702+0000][245.198s][info][gc,phases   ] GC(40)   Other: 0.5ms
[2025-12-22T20:59:38.702+0000][245.198s][info][gc,heap     ] GC(40) Eden regions: 675->0(675)
[2025-12-22T20:59:38.702+0000][245.198s][info][gc,heap     ] GC(40) Survivor regions: 1->1(85)
[2025-12-22T20:59:38.702+0000][245.198s][info][gc,heap     ] GC(40) Old regions: 46->46
[2025-12-22T20:59:38.702+0000][245.198s][info][gc,heap     ] GC(40) Archive regions: 2->2
[2025-12-22T20:59:38.702+0000][245.198s][info][gc,heap     ] GC(40) Humongous regions: 37->37
[2025-12-22T20:59:38.702+0000][245.198s][info][gc,metaspace] GC(40) Metaspace: 86525K(87424K)->86525K(87424K) NonClass: 75216K(75648K)->75216K(75648K) Class: 11309K(11776K)->11309K(11776K)
[2025-12-22T20:59:38.702+0000][245.198s][info][gc          ] GC(40) Pause Young (Normal) (G1 Evacuation Pause) 758M->83M(1128M) 4.381ms
[2025-12-22T20:59:38.702+0000][245.199s][info][gc,cpu      ] GC(40) User=0.01s Sys=0.00s Real=0.00s
[2025-12-22T20:59:46.421+0000][252.917s][info][gc,start    ] GC(41) Pause Young (Normal) (G1 Evacuation Pause)
[2025-12-22T20:59:46.421+0000][252.917s][info][gc,task     ] GC(41) Using 3 workers of 3 for evacuation
[2025-12-22T20:59:46.423+0000][252.919s][info][gc,phases   ] GC(41)   Pre Evacuate Collection Set: 0.1ms
[2025-12-22T20:59:46.423+0000][252.919s][info][gc,phases   ] GC(41)   Merge Heap Roots: 0.1ms
[2025-12-22T20:59:46.423+0000][252.919s][info][gc,phases   ] GC(41)   Evacuate Collection Set: 1.0ms
[2025-12-22T20:59:46.423+0000][252.919s][info][gc,phases   ] GC(41)   Post Evacuate Collection Set: 0.4ms
[2025-12-22T20:59:46.423+0000][252.919s][info][gc,phases   ] GC(41)   Other: 0.5ms
[2025-12-22T20:59:46.423+0000][252.919s][info][gc,heap     ] GC(41) Eden regions: 675->0(675)
[2025-12-22T20:59:46.423+0000][252.919s][info][gc,heap     ] GC(41) Survivor regions: 1->1(85)
[2025-12-22T20:59:46.423+0000][252.920s][info][gc,heap     ] GC(41) Old regions: 46->46
[2025-12-22T20:59:46.423+0000][252.920s][info][gc,heap     ] GC(41) Archive regions: 2->2
[2025-12-22T20:59:46.423+0000][252.920s][info][gc,heap     ] GC(41) Humongous regions: 37->37
[2025-12-22T20:59:46.424+0000][252.920s][info][gc,metaspace] GC(41) Metaspace: 86593K(87552K)->86593K(87552K) NonClass: 75283K(75776K)->75283K(75776K) Class: 11309K(11776K)->11309K(11776K)
[2025-12-22T20:59:46.424+0000][252.920s][info][gc          ] GC(41) Pause Young (Normal) (G1 Evacuation Pause) 758M->83M(1128M) 3.085ms
[2025-12-22T20:59:46.424+0000][252.920s][info][gc,cpu      ] GC(41) User=0.00s Sys=0.01s Real=0.00s
[2025-12-22T20:59:56.265+0000][262.761s][info][gc,start    ] GC(42) Pause Young (Normal) (G1 Evacuation Pause)
[2025-12-22T20:59:56.266+0000][262.762s][info][gc,task     ] GC(42) Using 3 workers of 3 for evacuation
[2025-12-22T20:59:56.269+0000][262.765s][info][gc,phases   ] GC(42)   Pre Evacuate Collection Set: 0.4ms
[2025-12-22T20:59:56.269+0000][262.765s][info][gc,phases   ] GC(42)   Merge Heap Roots: 0.1ms
[2025-12-22T20:59:56.269+0000][262.765s][info][gc,phases   ] GC(42)   Evacuate Collection Set: 2.0ms
[2025-12-22T20:59:56.269+0000][262.766s][info][gc,phases   ] GC(42)   Post Evacuate Collection Set: 0.7ms
[2025-12-22T20:59:56.269+0000][262.766s][info][gc,phases   ] GC(42)   Other: 0.8ms
[2025-12-22T20:59:56.269+0000][262.766s][info][gc,heap     ] GC(42) Eden regions: 675->0(675)
[2025-12-22T20:59:56.269+0000][262.766s][info][gc,heap     ] GC(42) Survivor regions: 1->1(85)
[2025-12-22T20:59:56.269+0000][262.766s][info][gc,heap     ] GC(42) Old regions: 46->46
[2025-12-22T20:59:56.270+0000][262.766s][info][gc,heap     ] GC(42) Archive regions: 2->2
[2025-12-22T20:59:56.270+0000][262.766s][info][gc,heap     ] GC(42) Humongous regions: 37->37
[2025-12-22T20:59:56.270+0000][262.766s][info][gc,metaspace] GC(42) Metaspace: 86620K(87552K)->86620K(87552K) NonClass: 75311K(75776K)->75311K(75776K) Class: 11309K(11776K)->11309K(11776K)
[2025-12-22T20:59:56.270+0000][262.766s][info][gc          ] GC(42) Pause Young (Normal) (G1 Evacuation Pause) 758M->83M(1128M) 4.509ms
[2025-12-22T20:59:56.270+0000][262.766s][info][gc,cpu      ] GC(42) User=0.01s Sys=0.00s Real=0.00s
[2025-12-22T21:00:04.557+0000][271.054s][info][gc,start    ] GC(43) Pause Young (Normal) (G1 Evacuation Pause)
[2025-12-22T21:00:04.558+0000][271.054s][info][gc,task     ] GC(43) Using 3 workers of 3 for evacuation
[2025-12-22T21:00:04.561+0000][271.057s][info][gc,phases   ] GC(43)   Pre Evacuate Collection Set: 0.2ms
[2025-12-22T21:00:04.561+0000][271.057s][info][gc,phases   ] GC(43)   Merge Heap Roots: 0.1ms
[2025-12-22T21:00:04.561+0000][271.057s][info][gc,phases   ] GC(43)   Evacuate Collection Set: 1.7ms
[2025-12-22T21:00:04.561+0000][271.057s][info][gc,phases   ] GC(43)   Post Evacuate Collection Set: 0.6ms
[2025-12-22T21:00:04.561+0000][271.057s][info][gc,phases   ] GC(43)   Other: 1.0ms
[2025-12-22T21:00:04.561+0000][271.057s][info][gc,heap     ] GC(43) Eden regions: 675->0(675)
[2025-12-22T21:00:04.561+0000][271.058s][info][gc,heap     ] GC(43) Survivor regions: 1->1(85)
[2025-12-22T21:00:04.561+0000][271.058s][info][gc,heap     ] GC(43) Old regions: 46->46
[2025-12-22T21:00:04.561+0000][271.058s][info][gc,heap     ] GC(43) Archive regions: 2->2
[2025-12-22T21:00:04.562+0000][271.058s][info][gc,heap     ] GC(43) Humongous regions: 37->37
[2025-12-22T21:00:04.562+0000][271.058s][info][gc,metaspace] GC(43) Metaspace: 86632K(87552K)->86632K(87552K) NonClass: 75323K(75776K)->75323K(75776K) Class: 11309K(11776K)->11309K(11776K)
[2025-12-22T21:00:04.562+0000][271.058s][info][gc          ] GC(43) Pause Young (Normal) (G1 Evacuation Pause) 758M->83M(1128M) 4.344ms
[2025-12-22T21:00:04.562+0000][271.058s][info][gc,cpu      ] GC(43) User=0.01s Sys=0.00s Real=0.00s
[2025-12-22T21:00:12.927+0000][279.424s][info][gc,start    ] GC(44) Pause Young (Normal) (G1 Evacuation Pause)
[2025-12-22T21:00:12.928+0000][279.424s][info][gc,task     ] GC(44) Using 3 workers of 3 for evacuation
[2025-12-22T21:00:12.930+0000][279.426s][info][gc,phases   ] GC(44)   Pre Evacuate Collection Set: 0.1ms
[2025-12-22T21:00:12.930+0000][279.426s][info][gc,phases   ] GC(44)   Merge Heap Roots: 0.1ms
[2025-12-22T21:00:12.930+0000][279.426s][info][gc,phases   ] GC(44)   Evacuate Collection Set: 1.2ms
[2025-12-22T21:00:12.930+0000][279.426s][info][gc,phases   ] GC(44)   Post Evacuate Collection Set: 0.4ms
[2025-12-22T21:00:12.930+0000][279.426s][info][gc,phases   ] GC(44)   Other: 0.7ms
[2025-12-22T21:00:12.930+0000][279.427s][info][gc,heap     ] GC(44) Eden regions: 675->0(675)
[2025-12-22T21:00:12.930+0000][279.427s][info][gc,heap     ] GC(44) Survivor regions: 1->1(85)
[2025-12-22T21:00:12.930+0000][279.427s][info][gc,heap     ] GC(44) Old regions: 46->46
[2025-12-22T21:00:12.930+0000][279.427s][info][gc,heap     ] GC(44) Archive regions: 2->2
[2025-12-22T21:00:12.930+0000][279.427s][info][gc,heap     ] GC(44) Humongous regions: 37->37
[2025-12-22T21:00:12.931+0000][279.427s][info][gc,metaspace] GC(44) Metaspace: 86634K(87552K)->86634K(87552K) NonClass: 75325K(75776K)->75325K(75776K) Class: 11309K(11776K)->11309K(11776K)
[2025-12-22T21:00:12.931+0000][279.427s][info][gc          ] GC(44) Pause Young (Normal) (G1 Evacuation Pause) 758M->83M(1128M) 3.238ms
[2025-12-22T21:00:12.931+0000][279.427s][info][gc,cpu      ] GC(44) User=0.00s Sys=0.00s Real=0.00s
[2025-12-22T21:00:22.950+0000][289.446s][info][gc,start    ] GC(45) Pause Young (Normal) (G1 Evacuation Pause)
[2025-12-22T21:00:22.951+0000][289.447s][info][gc,task     ] GC(45) Using 3 workers of 3 for evacuation
[2025-12-22T21:00:22.956+0000][289.452s][info][gc,phases   ] GC(45)   Pre Evacuate Collection Set: 0.3ms
[2025-12-22T21:00:22.956+0000][289.452s][info][gc,phases   ] GC(45)   Merge Heap Roots: 0.2ms
[2025-12-22T21:00:22.956+0000][289.452s][info][gc,phases   ] GC(45)   Evacuate Collection Set: 3.2ms
[2025-12-22T21:00:22.956+0000][289.452s][info][gc,phases   ] GC(45)   Post Evacuate Collection Set: 0.9ms
[2025-12-22T21:00:22.956+0000][289.452s][info][gc,phases   ] GC(45)   Other: 1.5ms
[2025-12-22T21:00:22.956+0000][289.452s][info][gc,heap     ] GC(45) Eden regions: 675->0(675)
[2025-12-22T21:00:22.956+0000][289.452s][info][gc,heap     ] GC(45) Survivor regions: 1->1(85)
[2025-12-22T21:00:22.956+0000][289.452s][info][gc,heap     ] GC(45) Old regions: 46->46
[2025-12-22T21:00:22.956+0000][289.453s][info][gc,heap     ] GC(45) Archive regions: 2->2
[2025-12-22T21:00:22.956+0000][289.453s][info][gc,heap     ] GC(45) Humongous regions: 37->37
[2025-12-22T21:00:22.956+0000][289.453s][info][gc,metaspace] GC(45) Metaspace: 86643K(87552K)->86643K(87552K) NonClass: 75334K(75776K)->75334K(75776K) Class: 11309K(11776K)->11309K(11776K)
[2025-12-22T21:00:22.957+0000][289.453s][info][gc          ] GC(45) Pause Young (Normal) (G1 Evacuation Pause) 758M->83M(1128M) 7.004ms
[2025-12-22T21:00:22.957+0000][289.453s][info][gc,cpu      ] GC(45) User=0.01s Sys=0.00s Real=0.01s
[2025-12-22T21:00:31.257+0000][297.754s][info][gc,start    ] GC(46) Pause Young (Normal) (G1 Evacuation Pause)
[2025-12-22T21:00:31.259+0000][297.755s][info][gc,task     ] GC(46) Using 3 workers of 3 for evacuation
[2025-12-22T21:00:31.262+0000][297.759s][info][gc,phases   ] GC(46)   Pre Evacuate Collection Set: 0.2ms
[2025-12-22T21:00:31.263+0000][297.759s][info][gc,phases   ] GC(46)   Merge Heap Roots: 0.2ms
[2025-12-22T21:00:31.263+0000][297.759s][info][gc,phases   ] GC(46)   Evacuate Collection Set: 2.3ms
[2025-12-22T21:00:31.263+0000][297.759s][info][gc,phases   ] GC(46)   Post Evacuate Collection Set: 0.7ms
[2025-12-22T21:00:31.263+0000][297.759s][info][gc,phases   ] GC(46)   Other: 1.9ms
[2025-12-22T21:00:31.263+0000][297.760s][info][gc,heap     ] GC(46) Eden regions: 675->0(675)
[2025-12-22T21:00:31.263+0000][297.760s][info][gc,heap     ] GC(46) Survivor regions: 1->1(85)
[2025-12-22T21:00:31.264+0000][297.760s][info][gc,heap     ] GC(46) Old regions: 46->46
[2025-12-22T21:00:31.264+0000][297.760s][info][gc,heap     ] GC(46) Archive regions: 2->2
[2025-12-22T21:00:31.264+0000][297.760s][info][gc,heap     ] GC(46) Humongous regions: 37->37
[2025-12-22T21:00:31.264+0000][297.760s][info][gc,metaspace] GC(46) Metaspace: 86652K(87552K)->86652K(87552K) NonClass: 75343K(75776K)->75343K(75776K) Class: 11309K(11776K)->11309K(11776K)
[2025-12-22T21:00:31.264+0000][297.760s][info][gc          ] GC(46) Pause Young (Normal) (G1 Evacuation Pause) 758M->83M(1128M) 6.758ms
[2025-12-22T21:00:31.264+0000][297.760s][info][gc,cpu      ] GC(46) User=0.01s Sys=0.00s Real=0.00s
[2025-12-22T21:00:40.967+0000][307.463s][info][gc,start    ] GC(47) Pause Young (Normal) (G1 Evacuation Pause)
[2025-12-22T21:00:40.968+0000][307.464s][info][gc,task     ] GC(47) Using 3 workers of 3 for evacuation
[2025-12-22T21:00:40.971+0000][307.467s][info][gc,phases   ] GC(47)   Pre Evacuate Collection Set: 0.1ms
[2025-12-22T21:00:40.971+0000][307.467s][info][gc,phases   ] GC(47)   Merge Heap Roots: 0.1ms
[2025-12-22T21:00:40.971+0000][307.467s][info][gc,phases   ] GC(47)   Evacuate Collection Set: 1.7ms
[2025-12-22T21:00:40.971+0000][307.467s][info][gc,phases   ] GC(47)   Post Evacuate Collection Set: 0.4ms
[2025-12-22T21:00:40.971+0000][307.467s][info][gc,phases   ] GC(47)   Other: 1.3ms
[2025-12-22T21:00:40.971+0000][307.468s][info][gc,heap     ] GC(47) Eden regions: 675->0(675)
[2025-12-22T21:00:40.971+0000][307.468s][info][gc,heap     ] GC(47) Survivor regions: 1->1(85)
[2025-12-22T21:00:40.971+0000][307.468s][info][gc,heap     ] GC(47) Old regions: 46->46
[2025-12-22T21:00:40.972+0000][307.468s][info][gc,heap     ] GC(47) Archive regions: 2->2
[2025-12-22T21:00:40.972+0000][307.468s][info][gc,heap     ] GC(47) Humongous regions: 37->37
[2025-12-22T21:00:40.972+0000][307.468s][info][gc,metaspace] GC(47) Metaspace: 86666K(87552K)->86666K(87552K) NonClass: 75356K(75776K)->75356K(75776K) Class: 11309K(11776K)->11309K(11776K)
[2025-12-22T21:00:40.972+0000][307.468s][info][gc          ] GC(47) Pause Young (Normal) (G1 Evacuation Pause) 758M->84M(1128M) 4.825ms
[2025-12-22T21:00:40.972+0000][307.468s][info][gc,cpu      ] GC(47) User=0.01s Sys=0.00s Real=0.00s
[2025-12-22T21:00:49.185+0000][315.681s][info][gc,start    ] GC(48) Pause Young (Normal) (G1 Evacuation Pause)
[2025-12-22T21:00:49.186+0000][315.683s][info][gc,task     ] GC(48) Using 3 workers of 3 for evacuation
[2025-12-22T21:00:49.193+0000][315.689s][info][gc,phases   ] GC(48)   Pre Evacuate Collection Set: 0.5ms
[2025-12-22T21:00:49.193+0000][315.690s][info][gc,phases   ] GC(48)   Merge Heap Roots: 0.3ms
[2025-12-22T21:00:49.194+0000][315.690s][info][gc,phases   ] GC(48)   Evacuate Collection Set: 4.3ms
[2025-12-22T21:00:49.194+0000][315.690s][info][gc,phases   ] GC(48)   Post Evacuate Collection Set: 1.2ms
[2025-12-22T21:00:49.194+0000][315.690s][info][gc,phases   ] GC(48)   Other: 2.0ms
[2025-12-22T21:00:49.194+0000][315.690s][info][gc,heap     ] GC(48) Eden regions: 675->0(674)
[2025-12-22T21:00:49.194+0000][315.690s][info][gc,heap     ] GC(48) Survivor regions: 1->2(85)
[2025-12-22T21:00:49.194+0000][315.690s][info][gc,heap     ] GC(48) Old regions: 46->46
[2025-12-22T21:00:49.194+0000][315.691s][info][gc,heap     ] GC(48) Archive regions: 2->2
[2025-12-22T21:00:49.195+0000][315.691s][info][gc,heap     ] GC(48) Humongous regions: 37->37
[2025-12-22T21:00:49.195+0000][315.691s][info][gc,metaspace] GC(48) Metaspace: 86675K(87616K)->86675K(87616K) NonClass: 75366K(75840K)->75366K(75840K) Class: 11309K(11776K)->11309K(11776K)
[2025-12-22T21:00:49.195+0000][315.691s][info][gc          ] GC(48) Pause Young (Normal) (G1 Evacuation Pause) 759M->84M(1128M) 9.796ms
[2025-12-22T21:00:49.195+0000][315.691s][info][gc,cpu      ] GC(48) User=0.01s Sys=0.00s Real=0.01s
[2025-12-22T21:00:57.945+0000][324.441s][info][gc,start    ] GC(49) Pause Young (Normal) (G1 Evacuation Pause)
[2025-12-22T21:00:57.945+0000][324.442s][info][gc,task     ] GC(49) Using 3 workers of 3 for evacuation
[2025-12-22T21:00:57.949+0000][324.445s][info][gc,phases   ] GC(49)   Pre Evacuate Collection Set: 0.3ms
[2025-12-22T21:00:57.949+0000][324.445s][info][gc,phases   ] GC(49)   Merge Heap Roots: 0.2ms
[2025-12-22T21:00:57.949+0000][324.445s][info][gc,phases   ] GC(49)   Evacuate Collection Set: 2.2ms
[2025-12-22T21:00:57.949+0000][324.445s][info][gc,phases   ] GC(49)   Post Evacuate Collection Set: 0.6ms
[2025-12-22T21:00:57.949+0000][324.446s][info][gc,phases   ] GC(49)   Other: 0.7ms
[2025-12-22T21:00:57.949+0000][324.446s][info][gc,heap     ] GC(49) Eden regions: 674->0(674)
[2025-12-22T21:00:57.949+0000][324.446s][info][gc,heap     ] GC(49) Survivor regions: 2->2(85)
[2025-12-22T21:00:57.949+0000][324.446s][info][gc,heap     ] GC(49) Old regions: 46->46
[2025-12-22T21:00:57.950+0000][324.446s][info][gc,heap     ] GC(49) Archive regions: 2->2
[2025-12-22T21:00:57.950+0000][324.446s][info][gc,heap     ] GC(49) Humongous regions: 37->37
[2025-12-22T21:00:57.950+0000][324.446s][info][gc,metaspace] GC(49) Metaspace: 86711K(87616K)->86711K(87616K) NonClass: 75402K(75840K)->75402K(75840K) Class: 11309K(11776K)->11309K(11776K)
[2025-12-22T21:00:57.950+0000][324.446s][info][gc          ] GC(49) Pause Young (Normal) (G1 Evacuation Pause) 758M->84M(1128M) 4.714ms
[2025-12-22T21:00:57.950+0000][324.446s][info][gc,cpu      ] GC(49) User=0.01s Sys=0.00s Real=0.00s
[2025-12-22T21:01:07.781+0000][334.278s][info][gc,start    ] GC(50) Pause Young (Normal) (G1 Evacuation Pause)
[2025-12-22T21:01:07.782+0000][334.278s][info][gc,task     ] GC(50) Using 3 workers of 3 for evacuation
[2025-12-22T21:01:07.786+0000][334.282s][info][gc,phases   ] GC(50)   Pre Evacuate Collection Set: 0.3ms
[2025-12-22T21:01:07.786+0000][334.282s][info][gc,phases   ] GC(50)   Merge Heap Roots: 0.2ms
[2025-12-22T21:01:07.786+0000][334.282s][info][gc,phases   ] GC(50)   Evacuate Collection Set: 2.3ms
[2025-12-22T21:01:07.786+0000][334.282s][info][gc,phases   ] GC(50)   Post Evacuate Collection Set: 0.7ms
[2025-12-22T21:01:07.786+0000][334.282s][info][gc,phases   ] GC(50)   Other: 1.4ms
[2025-12-22T21:01:07.786+0000][334.283s][info][gc,heap     ] GC(50) Eden regions: 674->0(674)
[2025-12-22T21:01:07.786+0000][334.283s][info][gc,heap     ] GC(50) Survivor regions: 2->2(85)
[2025-12-22T21:01:07.786+0000][334.283s][info][gc,heap     ] GC(50) Old regions: 46->46
[2025-12-22T21:01:07.787+0000][334.283s][info][gc,heap     ] GC(50) Archive regions: 2->2
[2025-12-22T21:01:07.787+0000][334.283s][info][gc,heap     ] GC(50) Humongous regions: 37->37
[2025-12-22T21:01:07.787+0000][334.283s][info][gc,metaspace] GC(50) Metaspace: 86762K(87680K)->86762K(87680K) NonClass: 75452K(75904K)->75452K(75904K) Class: 11310K(11776K)->11310K(11776K)
[2025-12-22T21:01:07.787+0000][334.283s][info][gc          ] GC(50) Pause Young (Normal) (G1 Evacuation Pause) 758M->84M(1128M) 5.498ms
[2025-12-22T21:01:07.787+0000][334.283s][info][gc,cpu      ] GC(50) User=0.01s Sys=0.00s Real=0.01s
[2025-12-22T21:01:16.182+0000][342.678s][info][gc,start    ] GC(51) Pause Young (Normal) (G1 Evacuation Pause)
[2025-12-22T21:01:16.183+0000][342.679s][info][gc,task     ] GC(51) Using 3 workers of 3 for evacuation
[2025-12-22T21:01:16.187+0000][342.683s][info][gc,phases   ] GC(51)   Pre Evacuate Collection Set: 0.3ms
[2025-12-22T21:01:16.187+0000][342.683s][info][gc,phases   ] GC(51)   Merge Heap Roots: 0.2ms
[2025-12-22T21:01:16.187+0000][342.683s][info][gc,phases   ] GC(51)   Evacuate Collection Set: 2.2ms
[2025-12-22T21:01:16.187+0000][342.683s][info][gc,phases   ] GC(51)   Post Evacuate Collection Set: 0.9ms
[2025-12-22T21:01:16.187+0000][342.684s][info][gc,phases   ] GC(51)   Other: 1.1ms
[2025-12-22T21:01:16.188+0000][342.684s][info][gc,heap     ] GC(51) Eden regions: 674->0(674)
[2025-12-22T21:01:16.188+0000][342.684s][info][gc,heap     ] GC(51) Survivor regions: 2->2(85)
[2025-12-22T21:01:16.188+0000][342.684s][info][gc,heap     ] GC(51) Old regions: 46->46
[2025-12-22T21:01:16.188+0000][342.684s][info][gc,heap     ] GC(51) Archive regions: 2->2
[2025-12-22T21:01:16.188+0000][342.684s][info][gc,heap     ] GC(51) Humongous regions: 37->37
[2025-12-22T21:01:16.188+0000][342.684s][info][gc,metaspace] GC(51) Metaspace: 86773K(87680K)->86773K(87680K) NonClass: 75463K(75904K)->75463K(75904K) Class: 11310K(11776K)->11310K(11776K)
[2025-12-22T21:01:16.188+0000][342.684s][info][gc          ] GC(51) Pause Young (Normal) (G1 Evacuation Pause) 758M->84M(1128M) 6.105ms
[2025-12-22T21:01:16.188+0000][342.685s][info][gc,cpu      ] GC(51) User=0.01s Sys=0.00s Real=0.01s
[2025-12-22T21:01:26.299+0000][352.795s][info][gc,start    ] GC(52) Pause Young (Normal) (G1 Evacuation Pause)
[2025-12-22T21:01:26.299+0000][352.796s][info][gc,task     ] GC(52) Using 3 workers of 3 for evacuation
[2025-12-22T21:01:26.303+0000][352.799s][info][gc,phases   ] GC(52)   Pre Evacuate Collection Set: 0.2ms
[2025-12-22T21:01:26.303+0000][352.799s][info][gc,phases   ] GC(52)   Merge Heap Roots: 0.1ms
[2025-12-22T21:01:26.303+0000][352.800s][info][gc,phases   ] GC(52)   Evacuate Collection Set: 2.1ms
[2025-12-22T21:01:26.303+0000][352.800s][info][gc,phases   ] GC(52)   Post Evacuate Collection Set: 0.8ms
[2025-12-22T21:01:26.303+0000][352.800s][info][gc,phases   ] GC(52)   Other: 1.0ms
[2025-12-22T21:01:26.304+0000][352.800s][info][gc,heap     ] GC(52) Eden regions: 674->0(674)
[2025-12-22T21:01:26.304+0000][352.800s][info][gc,heap     ] GC(52) Survivor regions: 2->2(85)
[2025-12-22T21:01:26.304+0000][352.800s][info][gc,heap     ] GC(52) Old regions: 46->46
[2025-12-22T21:01:26.304+0000][352.800s][info][gc,heap     ] GC(52) Archive regions: 2->2
[2025-12-22T21:01:26.304+0000][352.800s][info][gc,heap     ] GC(52) Humongous regions: 37->37
[2025-12-22T21:01:26.304+0000][352.800s][info][gc,metaspace] GC(52) Metaspace: 86773K(87680K)->86773K(87680K) NonClass: 75463K(75904K)->75463K(75904K) Class: 11310K(11776K)->11310K(11776K)
[2025-12-22T21:01:26.304+0000][352.800s][info][gc          ] GC(52) Pause Young (Normal) (G1 Evacuation Pause) 758M->84M(1128M) 5.320ms
[2025-12-22T21:01:26.304+0000][352.801s][info][gc,cpu      ] GC(52) User=0.00s Sys=0.00s Real=0.00s
[2025-12-22T21:01:34.583+0000][361.079s][info][gc,start    ] GC(53) Pause Young (Normal) (G1 Evacuation Pause)
[2025-12-22T21:01:34.584+0000][361.080s][info][gc,task     ] GC(53) Using 3 workers of 3 for evacuation
[2025-12-22T21:01:34.588+0000][361.084s][info][gc,phases   ] GC(53)   Pre Evacuate Collection Set: 0.3ms
[2025-12-22T21:01:34.588+0000][361.085s][info][gc,phases   ] GC(53)   Merge Heap Roots: 0.2ms
[2025-12-22T21:01:34.588+0000][361.085s][info][gc,phases   ] GC(53)   Evacuate Collection Set: 3.0ms
[2025-12-22T21:01:34.589+0000][361.085s][info][gc,phases   ] GC(53)   Post Evacuate Collection Set: 0.7ms
[2025-12-22T21:01:34.589+0000][361.085s][info][gc,phases   ] GC(53)   Other: 0.7ms
[2025-12-22T21:01:34.589+0000][361.085s][info][gc,heap     ] GC(53) Eden regions: 674->0(674)
[2025-12-22T21:01:34.589+0000][361.085s][info][gc,heap     ] GC(53) Survivor regions: 2->2(85)
[2025-12-22T21:01:34.589+0000][361.085s][info][gc,heap     ] GC(53) Old regions: 46->46
[2025-12-22T21:01:34.589+0000][361.085s][info][gc,heap     ] GC(53) Archive regions: 2->2
[2025-12-22T21:01:34.589+0000][361.085s][info][gc,heap     ] GC(53) Humongous regions: 37->37
[2025-12-22T21:01:34.589+0000][361.085s][info][gc,metaspace] GC(53) Metaspace: 86785K(87680K)->86785K(87680K) NonClass: 75475K(75904K)->75475K(75904K) Class: 11310K(11776K)->11310K(11776K)
[2025-12-22T21:01:34.589+0000][361.086s][info][gc          ] GC(53) Pause Young (Normal) (G1 Evacuation Pause) 758M->84M(1128M) 6.169ms
[2025-12-22T21:01:34.590+0000][361.086s][info][gc,cpu      ] GC(53) User=0.01s Sys=0.00s Real=0.01s
[2025-12-22T21:01:42.931+0000][369.427s][info][gc,start    ] GC(54) Pause Young (Normal) (G1 Evacuation Pause)
[2025-12-22T21:01:42.932+0000][369.428s][info][gc,task     ] GC(54) Using 3 workers of 3 for evacuation
[2025-12-22T21:01:42.935+0000][369.431s][info][gc,phases   ] GC(54)   Pre Evacuate Collection Set: 0.1ms
[2025-12-22T21:01:42.935+0000][369.431s][info][gc,phases   ] GC(54)   Merge Heap Roots: 0.0ms
[2025-12-22T21:01:42.935+0000][369.432s][info][gc,phases   ] GC(54)   Evacuate Collection Set: 2.2ms
[2025-12-22T21:01:42.936+0000][369.432s][info][gc,phases   ] GC(54)   Post Evacuate Collection Set: 0.7ms
[2025-12-22T21:01:42.936+0000][369.432s][info][gc,phases   ] GC(54)   Other: 0.8ms
[2025-12-22T21:01:42.936+0000][369.432s][info][gc,heap     ] GC(54) Eden regions: 674->0(674)
[2025-12-22T21:01:42.936+0000][369.432s][info][gc,heap     ] GC(54) Survivor regions: 2->2(85)
[2025-12-22T21:01:42.936+0000][369.432s][info][gc,heap     ] GC(54) Old regions: 46->46
[2025-12-22T21:01:42.936+0000][369.432s][info][gc,heap     ] GC(54) Archive regions: 2->2
[2025-12-22T21:01:42.936+0000][369.432s][info][gc,heap     ] GC(54) Humongous regions: 37->37
[2025-12-22T21:01:42.936+0000][369.432s][info][gc,metaspace] GC(54) Metaspace: 86808K(87744K)->86808K(87744K) NonClass: 75498K(75968K)->75498K(75968K) Class: 11310K(11776K)->11310K(11776K)
[2025-12-22T21:01:42.936+0000][369.432s][info][gc          ] GC(54) Pause Young (Normal) (G1 Evacuation Pause) 758M->84M(1128M) 5.056ms
[2025-12-22T21:01:42.936+0000][369.433s][info][gc,cpu      ] GC(54) User=0.01s Sys=0.00s Real=0.01s
[2025-12-22T21:01:53.095+0000][379.591s][info][gc,start    ] GC(55) Pause Young (Normal) (G1 Evacuation Pause)
[2025-12-22T21:01:53.097+0000][379.593s][info][gc,task     ] GC(55) Using 3 workers of 3 for evacuation
[2025-12-22T21:01:53.100+0000][379.597s][info][gc,phases   ] GC(55)   Pre Evacuate Collection Set: 0.2ms
[2025-12-22T21:01:53.100+0000][379.597s][info][gc,phases   ] GC(55)   Merge Heap Roots: 0.1ms
[2025-12-22T21:01:53.101+0000][379.597s][info][gc,phases   ] GC(55)   Evacuate Collection Set: 2.5ms
[2025-12-22T21:01:53.101+0000][379.597s][info][gc,phases   ] GC(55)   Post Evacuate Collection Set: 0.6ms
[2025-12-22T21:01:53.101+0000][379.597s][info][gc,phases   ] GC(55)   Other: 1.6ms
[2025-12-22T21:01:53.101+0000][379.597s][info][gc,heap     ] GC(55) Eden regions: 674->0(674)
[2025-12-22T21:01:53.101+0000][379.597s][info][gc,heap     ] GC(55) Survivor regions: 2->2(85)
[2025-12-22T21:01:53.101+0000][379.598s][info][gc,heap     ] GC(55) Old regions: 46->46
[2025-12-22T21:01:53.101+0000][379.598s][info][gc,heap     ] GC(55) Archive regions: 2->2
[2025-12-22T21:01:53.102+0000][379.598s][info][gc,heap     ] GC(55) Humongous regions: 37->37
[2025-12-22T21:01:53.102+0000][379.598s][info][gc,metaspace] GC(55) Metaspace: 86808K(87744K)->86808K(87744K) NonClass: 75498K(75968K)->75498K(75968K) Class: 11310K(11776K)->11310K(11776K)
[2025-12-22T21:01:53.102+0000][379.598s][info][gc          ] GC(55) Pause Young (Normal) (G1 Evacuation Pause) 758M->84M(1128M) 6.686ms
[2025-12-22T21:01:53.102+0000][379.598s][info][gc,cpu      ] GC(55) User=0.01s Sys=0.01s Real=0.00s
[2025-12-22T21:02:01.350+0000][387.847s][info][gc,start    ] GC(56) Pause Young (Normal) (G1 Evacuation Pause)
[2025-12-22T21:02:01.352+0000][387.848s][info][gc,task     ] GC(56) Using 3 workers of 3 for evacuation
[2025-12-22T21:02:01.354+0000][387.850s][info][gc,phases   ] GC(56)   Pre Evacuate Collection Set: 0.1ms
[2025-12-22T21:02:01.354+0000][387.850s][info][gc,phases   ] GC(56)   Merge Heap Roots: 0.1ms
[2025-12-22T21:02:01.354+0000][387.850s][info][gc,phases   ] GC(56)   Evacuate Collection Set: 1.3ms
[2025-12-22T21:02:01.354+0000][387.850s][info][gc,phases   ] GC(56)   Post Evacuate Collection Set: 0.4ms
[2025-12-22T21:02:01.354+0000][387.850s][info][gc,phases   ] GC(56)   Other: 1.5ms
[2025-12-22T21:02:01.354+0000][387.851s][info][gc,heap     ] GC(56) Eden regions: 674->0(674)
[2025-12-22T21:02:01.354+0000][387.851s][info][gc,heap     ] GC(56) Survivor regions: 2->2(85)
[2025-12-22T21:02:01.354+0000][387.851s][info][gc,heap     ] GC(56) Old regions: 46->46
[2025-12-22T21:02:01.355+0000][387.851s][info][gc,heap     ] GC(56) Archive regions: 2->2
[2025-12-22T21:02:01.355+0000][387.851s][info][gc,heap     ] GC(56) Humongous regions: 37->37
[2025-12-22T21:02:01.355+0000][387.851s][info][gc,metaspace] GC(56) Metaspace: 86816K(87744K)->86816K(87744K) NonClass: 75506K(75968K)->75506K(75968K) Class: 11310K(11776K)->11310K(11776K)
[2025-12-22T21:02:01.355+0000][387.851s][info][gc          ] GC(56) Pause Young (Normal) (G1 Evacuation Pause) 758M->84M(1128M) 4.421ms
[2025-12-22T21:02:01.355+0000][387.851s][info][gc,cpu      ] GC(56) User=0.01s Sys=0.01s Real=0.01s
[2025-12-22T21:02:11.555+0000][398.051s][info][gc,start    ] GC(57) Pause Young (Normal) (G1 Evacuation Pause)
[2025-12-22T21:02:11.556+0000][398.052s][info][gc,task     ] GC(57) Using 3 workers of 3 for evacuation
[2025-12-22T21:02:11.559+0000][398.056s][info][gc,phases   ] GC(57)   Pre Evacuate Collection Set: 0.2ms
[2025-12-22T21:02:11.560+0000][398.056s][info][gc,phases   ] GC(57)   Merge Heap Roots: 0.1ms
[2025-12-22T21:02:11.560+0000][398.056s][info][gc,phases   ] GC(57)   Evacuate Collection Set: 1.9ms
[2025-12-22T21:02:11.560+0000][398.056s][info][gc,phases   ] GC(57)   Post Evacuate Collection Set: 0.7ms
[2025-12-22T21:02:11.560+0000][398.056s][info][gc,phases   ] GC(57)   Other: 1.3ms
[2025-12-22T21:02:11.560+0000][398.056s][info][gc,heap     ] GC(57) Eden regions: 674->0(674)
[2025-12-22T21:02:11.560+0000][398.056s][info][gc,heap     ] GC(57) Survivor regions: 2->2(85)
[2025-12-22T21:02:11.560+0000][398.057s][info][gc,heap     ] GC(57) Old regions: 46->46
[2025-12-22T21:02:11.560+0000][398.057s][info][gc,heap     ] GC(57) Archive regions: 2->2
[2025-12-22T21:02:11.561+0000][398.057s][info][gc,heap     ] GC(57) Humongous regions: 37->37
[2025-12-22T21:02:11.561+0000][398.057s][info][gc,metaspace] GC(57) Metaspace: 86817K(87744K)->86817K(87744K) NonClass: 75506K(75968K)->75506K(75968K) Class: 11310K(11776K)->11310K(11776K)
[2025-12-22T21:02:11.561+0000][398.057s][info][gc          ] GC(57) Pause Young (Normal) (G1 Evacuation Pause) 758M->84M(1128M) 5.654ms
[2025-12-22T21:02:11.561+0000][398.057s][info][gc,cpu      ] GC(57) User=0.00s Sys=0.00s Real=0.00s
[2025-12-22T21:02:19.925+0000][406.421s][info][gc,start    ] GC(58) Pause Young (Normal) (G1 Evacuation Pause)
[2025-12-22T21:02:19.926+0000][406.422s][info][gc,task     ] GC(58) Using 3 workers of 3 for evacuation
[2025-12-22T21:02:19.930+0000][406.427s][info][gc,phases   ] GC(58)   Pre Evacuate Collection Set: 0.4ms
[2025-12-22T21:02:19.931+0000][406.427s][info][gc,phases   ] GC(58)   Merge Heap Roots: 0.1ms
[2025-12-22T21:02:19.931+0000][406.427s][info][gc,phases   ] GC(58)   Evacuate Collection Set: 2.7ms
[2025-12-22T21:02:19.931+0000][406.427s][info][gc,phases   ] GC(58)   Post Evacuate Collection Set: 0.8ms
[2025-12-22T21:02:19.931+0000][406.427s][info][gc,phases   ] GC(58)   Other: 1.9ms
[2025-12-22T21:02:19.931+0000][406.427s][info][gc,heap     ] GC(58) Eden regions: 674->0(674)
[2025-12-22T21:02:19.931+0000][406.428s][info][gc,heap     ] GC(58) Survivor regions: 2->2(85)
[2025-12-22T21:02:19.931+0000][406.428s][info][gc,heap     ] GC(58) Old regions: 46->46
[2025-12-22T21:02:19.932+0000][406.428s][info][gc,heap     ] GC(58) Archive regions: 2->2
[2025-12-22T21:02:19.932+0000][406.428s][info][gc,heap     ] GC(58) Humongous regions: 37->37
[2025-12-22T21:02:19.932+0000][406.428s][info][gc,metaspace] GC(58) Metaspace: 86817K(87744K)->86817K(87744K) NonClass: 75506K(75968K)->75506K(75968K) Class: 11310K(11776K)->11310K(11776K)
[2025-12-22T21:02:19.932+0000][406.428s][info][gc          ] GC(58) Pause Young (Normal) (G1 Evacuation Pause) 758M->84M(1128M) 7.302ms
[2025-12-22T21:02:19.932+0000][406.428s][info][gc,cpu      ] GC(58) User=0.01s Sys=0.00s Real=0.01s
[2025-12-22T21:02:28.188+0000][414.684s][info][gc,start    ] GC(59) Pause Young (Normal) (G1 Evacuation Pause)
[2025-12-22T21:02:28.188+0000][414.685s][info][gc,task     ] GC(59) Using 3 workers of 3 for evacuation
[2025-12-22T21:02:28.191+0000][414.687s][info][gc,phases   ] GC(59)   Pre Evacuate Collection Set: 0.1ms
[2025-12-22T21:02:28.191+0000][414.687s][info][gc,phases   ] GC(59)   Merge Heap Roots: 0.1ms
[2025-12-22T21:02:28.191+0000][414.687s][info][gc,phases   ] GC(59)   Evacuate Collection Set: 1.3ms
[2025-12-22T21:02:28.191+0000][414.687s][info][gc,phases   ] GC(59)   Post Evacuate Collection Set: 0.5ms
[2025-12-22T21:02:28.191+0000][414.687s][info][gc,phases   ] GC(59)   Other: 0.4ms
[2025-12-22T21:02:28.191+0000][414.687s][info][gc,heap     ] GC(59) Eden regions: 674->0(674)
[2025-12-22T21:02:28.191+0000][414.687s][info][gc,heap     ] GC(59) Survivor regions: 2->2(85)
[2025-12-22T21:02:28.191+0000][414.687s][info][gc,heap     ] GC(59) Old regions: 46->46
[2025-12-22T21:02:28.191+0000][414.688s][info][gc,heap     ] GC(59) Archive regions: 2->2
[2025-12-22T21:02:28.191+0000][414.688s][info][gc,heap     ] GC(59) Humongous regions: 37->37
[2025-12-22T21:02:28.191+0000][414.688s][info][gc,metaspace] GC(59) Metaspace: 86820K(87744K)->86820K(87744K) NonClass: 75509K(75968K)->75509K(75968K) Class: 11310K(11776K)->11310K(11776K)
[2025-12-22T21:02:28.192+0000][414.688s][info][gc          ] GC(59) Pause Young (Normal) (G1 Evacuation Pause) 758M->84M(1128M) 3.300ms
[2025-12-22T21:02:28.192+0000][414.688s][info][gc,cpu      ] GC(59) User=0.00s Sys=0.00s Real=0.00s
[2025-12-22T21:02:38.183+0000][424.679s][info][gc,start    ] GC(60) Pause Young (Normal) (G1 Evacuation Pause)
[2025-12-22T21:02:38.183+0000][424.679s][info][gc,task     ] GC(60) Using 3 workers of 3 for evacuation
[2025-12-22T21:02:38.185+0000][424.681s][info][gc,phases   ] GC(60)   Pre Evacuate Collection Set: 0.1ms
[2025-12-22T21:02:38.185+0000][424.681s][info][gc,phases   ] GC(60)   Merge Heap Roots: 0.1ms
[2025-12-22T21:02:38.185+0000][424.681s][info][gc,phases   ] GC(60)   Evacuate Collection Set: 1.3ms
[2025-12-22T21:02:38.185+0000][424.681s][info][gc,phases   ] GC(60)   Post Evacuate Collection Set: 0.4ms
[2025-12-22T21:02:38.185+0000][424.681s][info][gc,phases   ] GC(60)   Other: 0.3ms
[2025-12-22T21:02:38.185+0000][424.681s][info][gc,heap     ] GC(60) Eden regions: 674->0(674)
[2025-12-22T21:02:38.185+0000][424.682s][info][gc,heap     ] GC(60) Survivor regions: 2->2(85)
[2025-12-22T21:02:38.185+0000][424.682s][info][gc,heap     ] GC(60) Old regions: 46->46
[2025-12-22T21:02:38.185+0000][424.682s][info][gc,heap     ] GC(60) Archive regions: 2->2
[2025-12-22T21:02:38.185+0000][424.682s][info][gc,heap     ] GC(60) Humongous regions: 37->37
[2025-12-22T21:02:38.186+0000][424.682s][info][gc,metaspace] GC(60) Metaspace: 86823K(87744K)->86823K(87744K) NonClass: 75512K(75968K)->75512K(75968K) Class: 11310K(11776K)->11310K(11776K)
[2025-12-22T21:02:38.186+0000][424.682s][info][gc          ] GC(60) Pause Young (Normal) (G1 Evacuation Pause) 758M->84M(1128M) 2.983ms
[2025-12-22T21:02:38.186+0000][424.682s][info][gc,cpu      ] GC(60) User=0.01s Sys=0.00s Real=0.01s
[2025-12-22T21:02:46.540+0000][433.036s][info][gc,start    ] GC(61) Pause Young (Normal) (G1 Evacuation Pause)
[2025-12-22T21:02:46.540+0000][433.036s][info][gc,task     ] GC(61) Using 3 workers of 3 for evacuation
[2025-12-22T21:02:46.542+0000][433.038s][info][gc,phases   ] GC(61)   Pre Evacuate Collection Set: 0.1ms
[2025-12-22T21:02:46.542+0000][433.039s][info][gc,phases   ] GC(61)   Merge Heap Roots: 0.1ms
[2025-12-22T21:02:46.542+0000][433.039s][info][gc,phases   ] GC(61)   Evacuate Collection Set: 1.2ms
[2025-12-22T21:02:46.543+0000][433.039s][info][gc,phases   ] GC(61)   Post Evacuate Collection Set: 0.4ms
[2025-12-22T21:02:46.543+0000][433.039s][info][gc,phases   ] GC(61)   Other: 0.5ms
[2025-12-22T21:02:46.543+0000][433.039s][info][gc,heap     ] GC(61) Eden regions: 674->0(674)
[2025-12-22T21:02:46.543+0000][433.039s][info][gc,heap     ] GC(61) Survivor regions: 2->2(85)
[2025-12-22T21:02:46.543+0000][433.039s][info][gc,heap     ] GC(61) Old regions: 46->46
[2025-12-22T21:02:46.543+0000][433.039s][info][gc,heap     ] GC(61) Archive regions: 2->2
[2025-12-22T21:02:46.543+0000][433.040s][info][gc,heap     ] GC(61) Humongous regions: 37->37
[2025-12-22T21:02:46.543+0000][433.040s][info][gc,metaspace] GC(61) Metaspace: 86832K(87744K)->86832K(87744K) NonClass: 75522K(75968K)->75522K(75968K) Class: 11310K(11776K)->11310K(11776K)
[2025-12-22T21:02:46.544+0000][433.040s][info][gc          ] GC(61) Pause Young (Normal) (G1 Evacuation Pause) 758M->84M(1128M) 3.710ms
[2025-12-22T21:02:46.544+0000][433.040s][info][gc,cpu      ] GC(61) User=0.01s Sys=0.00s Real=0.00s
[2025-12-22T21:02:56.715+0000][443.211s][info][gc,start    ] GC(62) Pause Young (Normal) (G1 Evacuation Pause)
[2025-12-22T21:02:56.715+0000][443.211s][info][gc,task     ] GC(62) Using 3 workers of 3 for evacuation
[2025-12-22T21:02:56.720+0000][443.216s][info][gc,phases   ] GC(62)   Pre Evacuate Collection Set: 0.1ms
[2025-12-22T21:02:56.720+0000][443.216s][info][gc,phases   ] GC(62)   Merge Heap Roots: 0.1ms
[2025-12-22T21:02:56.720+0000][443.216s][info][gc,phases   ] GC(62)   Evacuate Collection Set: 3.5ms
[2025-12-22T21:02:56.720+0000][443.216s][info][gc,phases   ] GC(62)   Post Evacuate Collection Set: 0.8ms
[2025-12-22T21:02:56.720+0000][443.216s][info][gc,phases   ] GC(62)   Other: 0.6ms
[2025-12-22T21:02:56.720+0000][443.217s][info][gc,heap     ] GC(62) Eden regions: 674->0(675)
[2025-12-22T21:02:56.721+0000][443.217s][info][gc,heap     ] GC(62) Survivor regions: 2->1(85)
[2025-12-22T21:02:56.721+0000][443.217s][info][gc,heap     ] GC(62) Old regions: 46->46
[2025-12-22T21:02:56.721+0000][443.217s][info][gc,heap     ] GC(62) Archive regions: 2->2
[2025-12-22T21:02:56.721+0000][443.217s][info][gc,heap     ] GC(62) Humongous regions: 37->37
[2025-12-22T21:02:56.721+0000][443.217s][info][gc,metaspace] GC(62) Metaspace: 86832K(87744K)->86832K(87744K) NonClass: 75522K(75968K)->75522K(75968K) Class: 11310K(11776K)->11310K(11776K)
[2025-12-22T21:02:56.721+0000][443.217s][info][gc          ] GC(62) Pause Young (Normal) (G1 Evacuation Pause) 758M->84M(1128M) 6.647ms
[2025-12-22T21:02:56.721+0000][443.218s][info][gc,cpu      ] GC(62) User=0.01s Sys=0.00s Real=0.01s
[2025-12-22T21:03:05.138+0000][451.634s][info][gc,start    ] GC(63) Pause Young (Normal) (G1 Evacuation Pause)
[2025-12-22T21:03:05.138+0000][451.634s][info][gc,task     ] GC(63) Using 3 workers of 3 for evacuation
[2025-12-22T21:03:05.140+0000][451.637s][info][gc,phases   ] GC(63)   Pre Evacuate Collection Set: 0.1ms
[2025-12-22T21:03:05.141+0000][451.637s][info][gc,phases   ] GC(63)   Merge Heap Roots: 0.1ms
[2025-12-22T21:03:05.141+0000][451.637s][info][gc,phases   ] GC(63)   Evacuate Collection Set: 1.5ms
[2025-12-22T21:03:05.141+0000][451.637s][info][gc,phases   ] GC(63)   Post Evacuate Collection Set: 0.4ms
[2025-12-22T21:03:05.141+0000][451.637s][info][gc,phases   ] GC(63)   Other: 0.5ms
[2025-12-22T21:03:05.141+0000][451.637s][info][gc,heap     ] GC(63) Eden regions: 675->0(675)
[2025-12-22T21:03:05.141+0000][451.637s][info][gc,heap     ] GC(63) Survivor regions: 1->1(85)
[2025-12-22T21:03:05.141+0000][451.637s][info][gc,heap     ] GC(63) Old regions: 46->46
[2025-12-22T21:03:05.141+0000][451.637s][info][gc,heap     ] GC(63) Archive regions: 2->2
[2025-12-22T21:03:05.141+0000][451.637s][info][gc,heap     ] GC(63) Humongous regions: 37->37
[2025-12-22T21:03:05.141+0000][451.637s][info][gc,metaspace] GC(63) Metaspace: 86836K(87744K)->86836K(87744K) NonClass: 75525K(75968K)->75525K(75968K) Class: 11310K(11776K)->11310K(11776K)
[2025-12-22T21:03:05.141+0000][451.637s][info][gc          ] GC(63) Pause Young (Normal) (G1 Evacuation Pause) 759M->84M(1128M) 3.215ms
[2025-12-22T21:03:05.141+0000][451.637s][info][gc,cpu      ] GC(63) User=0.01s Sys=0.00s Real=0.00s
[2025-12-22T21:03:13.520+0000][460.016s][info][gc,start    ] GC(64) Pause Young (Normal) (G1 Evacuation Pause)
[2025-12-22T21:03:13.520+0000][460.017s][info][gc,task     ] GC(64) Using 3 workers of 3 for evacuation
[2025-12-22T21:03:13.523+0000][460.019s][info][gc,phases   ] GC(64)   Pre Evacuate Collection Set: 0.2ms
[2025-12-22T21:03:13.523+0000][460.019s][info][gc,phases   ] GC(64)   Merge Heap Roots: 0.1ms
[2025-12-22T21:03:13.523+0000][460.019s][info][gc,phases   ] GC(64)   Evacuate Collection Set: 1.4ms
[2025-12-22T21:03:13.523+0000][460.019s][info][gc,phases   ] GC(64)   Post Evacuate Collection Set: 0.5ms
[2025-12-22T21:03:13.523+0000][460.019s][info][gc,phases   ] GC(64)   Other: 0.9ms
[2025-12-22T21:03:13.523+0000][460.020s][info][gc,heap     ] GC(64) Eden regions: 675->0(675)
[2025-12-22T21:03:13.523+0000][460.020s][info][gc,heap     ] GC(64) Survivor regions: 1->1(85)
[2025-12-22T21:03:13.523+0000][460.020s][info][gc,heap     ] GC(64) Old regions: 46->46
[2025-12-22T21:03:13.524+0000][460.020s][info][gc,heap     ] GC(64) Archive regions: 2->2
[2025-12-22T21:03:13.524+0000][460.020s][info][gc,heap     ] GC(64) Humongous regions: 37->37
[2025-12-22T21:03:13.524+0000][460.020s][info][gc,metaspace] GC(64) Metaspace: 86843K(87744K)->86843K(87744K) NonClass: 75532K(75968K)->75532K(75968K) Class: 11310K(11776K)->11310K(11776K)
[2025-12-22T21:03:13.524+0000][460.020s][info][gc          ] GC(64) Pause Young (Normal) (G1 Evacuation Pause) 759M->84M(1128M) 3.897ms
[2025-12-22T21:03:13.524+0000][460.020s][info][gc,cpu      ] GC(64) User=0.01s Sys=0.00s Real=0.00s
[2025-12-22T21:03:23.633+0000][470.129s][info][gc,start    ] GC(65) Pause Young (Normal) (G1 Evacuation Pause)
[2025-12-22T21:03:23.634+0000][470.130s][info][gc,task     ] GC(65) Using 3 workers of 3 for evacuation
[2025-12-22T21:03:23.637+0000][470.133s][info][gc,phases   ] GC(65)   Pre Evacuate Collection Set: 0.2ms
[2025-12-22T21:03:23.637+0000][470.134s][info][gc,phases   ] GC(65)   Merge Heap Roots: 0.2ms
[2025-12-22T21:03:23.637+0000][470.134s][info][gc,phases   ] GC(65)   Evacuate Collection Set: 1.3ms
[2025-12-22T21:03:23.638+0000][470.134s][info][gc,phases   ] GC(65)   Post Evacuate Collection Set: 0.6ms
[2025-12-22T21:03:23.638+0000][470.134s][info][gc,phases   ] GC(65)   Other: 1.8ms
[2025-12-22T21:03:23.638+0000][470.134s][info][gc,heap     ] GC(65) Eden regions: 675->0(675)
[2025-12-22T21:03:23.638+0000][470.135s][info][gc,heap     ] GC(65) Survivor regions: 1->1(85)
[2025-12-22T21:03:23.638+0000][470.135s][info][gc,heap     ] GC(65) Old regions: 46->46
[2025-12-22T21:03:23.639+0000][470.135s][info][gc,heap     ] GC(65) Archive regions: 2->2
[2025-12-22T21:03:23.639+0000][470.135s][info][gc,heap     ] GC(65) Humongous regions: 37->37
[2025-12-22T21:03:23.639+0000][470.135s][info][gc,metaspace] GC(65) Metaspace: 86844K(87744K)->86844K(87744K) NonClass: 75532K(75968K)->75532K(75968K) Class: 11311K(11776K)->11311K(11776K)
[2025-12-22T21:03:23.639+0000][470.135s][info][gc          ] GC(65) Pause Young (Normal) (G1 Evacuation Pause) 759M->84M(1128M) 5.739ms
[2025-12-22T21:03:23.639+0000][470.135s][info][gc,cpu      ] GC(65) User=0.00s Sys=0.00s Real=0.01s
[2025-12-22T21:03:31.929+0000][478.425s][info][gc,start    ] GC(66) Pause Young (Normal) (G1 Evacuation Pause)
[2025-12-22T21:03:31.930+0000][478.426s][info][gc,task     ] GC(66) Using 3 workers of 3 for evacuation
[2025-12-22T21:03:31.933+0000][478.429s][info][gc,phases   ] GC(66)   Pre Evacuate Collection Set: 0.3ms
[2025-12-22T21:03:31.933+0000][478.429s][info][gc,phases   ] GC(66)   Merge Heap Roots: 0.2ms
[2025-12-22T21:03:31.933+0000][478.429s][info][gc,phases   ] GC(66)   Evacuate Collection Set: 1.8ms
[2025-12-22T21:03:31.933+0000][478.430s][info][gc,phases   ] GC(66)   Post Evacuate Collection Set: 0.7ms
[2025-12-22T21:03:31.934+0000][478.430s][info][gc,phases   ] GC(66)   Other: 1.4ms
[2025-12-22T21:03:31.934+0000][478.430s][info][gc,heap     ] GC(66) Eden regions: 675->0(675)
[2025-12-22T21:03:31.934+0000][478.430s][info][gc,heap     ] GC(66) Survivor regions: 1->1(85)
[2025-12-22T21:03:31.934+0000][478.430s][info][gc,heap     ] GC(66) Old regions: 46->46
[2025-12-22T21:03:31.934+0000][478.430s][info][gc,heap     ] GC(66) Archive regions: 2->2
[2025-12-22T21:03:31.934+0000][478.430s][info][gc,heap     ] GC(66) Humongous regions: 37->37
[2025-12-22T21:03:31.934+0000][478.431s][info][gc,metaspace] GC(66) Metaspace: 86863K(87744K)->86863K(87744K) NonClass: 75551K(75968K)->75551K(75968K) Class: 11311K(11776K)->11311K(11776K)
[2025-12-22T21:03:31.935+0000][478.431s][info][gc          ] GC(66) Pause Young (Normal) (G1 Evacuation Pause) 759M->84M(1128M) 6.034ms
[2025-12-22T21:03:31.935+0000][478.431s][info][gc,cpu      ] GC(66) User=0.00s Sys=0.00s Real=0.00s
[2025-12-22T21:03:42.122+0000][488.619s][info][gc,start    ] GC(67) Pause Young (Normal) (G1 Evacuation Pause)
[2025-12-22T21:03:42.124+0000][488.620s][info][gc,task     ] GC(67) Using 3 workers of 3 for evacuation
[2025-12-22T21:03:42.131+0000][488.627s][info][gc,phases   ] GC(67)   Pre Evacuate Collection Set: 0.6ms
[2025-12-22T21:03:42.131+0000][488.627s][info][gc,phases   ] GC(67)   Merge Heap Roots: 0.3ms
[2025-12-22T21:03:42.131+0000][488.627s][info][gc,phases   ] GC(67)   Evacuate Collection Set: 4.6ms
[2025-12-22T21:03:42.131+0000][488.627s][info][gc,phases   ] GC(67)   Post Evacuate Collection Set: 1.1ms
[2025-12-22T21:03:42.131+0000][488.628s][info][gc,phases   ] GC(67)   Other: 2.1ms
[2025-12-22T21:03:42.132+0000][488.628s][info][gc,heap     ] GC(67) Eden regions: 675->0(675)
[2025-12-22T21:03:42.132+0000][488.628s][info][gc,heap     ] GC(67) Survivor regions: 1->1(85)
[2025-12-22T21:03:42.132+0000][488.628s][info][gc,heap     ] GC(67) Old regions: 46->47
[2025-12-22T21:03:42.132+0000][488.628s][info][gc,heap     ] GC(67) Archive regions: 2->2
[2025-12-22T21:03:42.132+0000][488.628s][info][gc,heap     ] GC(67) Humongous regions: 37->37
[2025-12-22T21:03:42.132+0000][488.629s][info][gc,metaspace] GC(67) Metaspace: 86884K(87744K)->86884K(87744K) NonClass: 75573K(75968K)->75573K(75968K) Class: 11311K(11776K)->11311K(11776K)
[2025-12-22T21:03:42.133+0000][488.629s][info][gc          ] GC(67) Pause Young (Normal) (G1 Evacuation Pause) 759M->84M(1128M) 10.179ms
[2025-12-22T21:03:42.133+0000][488.629s][info][gc,cpu      ] GC(67) User=0.02s Sys=0.01s Real=0.01s
[2025-12-22T21:03:50.534+0000][497.030s][info][gc,start    ] GC(68) Pause Young (Normal) (G1 Evacuation Pause)
[2025-12-22T21:03:50.536+0000][497.032s][info][gc,task     ] GC(68) Using 3 workers of 3 for evacuation
[2025-12-22T21:03:50.539+0000][497.035s][info][gc,phases   ] GC(68)   Pre Evacuate Collection Set: 0.2ms
[2025-12-22T21:03:50.539+0000][497.035s][info][gc,phases   ] GC(68)   Merge Heap Roots: 0.1ms
[2025-12-22T21:03:50.539+0000][497.036s][info][gc,phases   ] GC(68)   Evacuate Collection Set: 2.0ms
[2025-12-22T21:03:50.540+0000][497.036s][info][gc,phases   ] GC(68)   Post Evacuate Collection Set: 0.7ms
[2025-12-22T21:03:50.540+0000][497.036s][info][gc,phases   ] GC(68)   Other: 1.9ms
[2025-12-22T21:03:50.540+0000][497.036s][info][gc,heap     ] GC(68) Eden regions: 675->0(675)
[2025-12-22T21:03:50.540+0000][497.036s][info][gc,heap     ] GC(68) Survivor regions: 1->1(85)
[2025-12-22T21:03:50.540+0000][497.036s][info][gc,heap     ] GC(68) Old regions: 47->47
[2025-12-22T21:03:50.540+0000][497.037s][info][gc,heap     ] GC(68) Archive regions: 2->2
[2025-12-22T21:03:50.540+0000][497.037s][info][gc,heap     ] GC(68) Humongous regions: 37->37
[2025-12-22T21:03:50.541+0000][497.037s][info][gc,metaspace] GC(68) Metaspace: 86885K(87744K)->86885K(87744K) NonClass: 75574K(75968K)->75574K(75968K) Class: 11311K(11776K)->11311K(11776K)
[2025-12-22T21:03:50.541+0000][497.037s][info][gc          ] GC(68) Pause Young (Normal) (G1 Evacuation Pause) 759M->84M(1128M) 6.523ms
[2025-12-22T21:03:50.541+0000][497.037s][info][gc,cpu      ] GC(68) User=0.01s Sys=0.00s Real=0.01s
[2025-12-22T21:03:58.995+0000][505.491s][info][gc,start    ] GC(69) Pause Young (Normal) (G1 Evacuation Pause)
[2025-12-22T21:03:58.996+0000][505.492s][info][gc,task     ] GC(69) Using 3 workers of 3 for evacuation
[2025-12-22T21:03:58.999+0000][505.495s][info][gc,phases   ] GC(69)   Pre Evacuate Collection Set: 0.2ms
[2025-12-22T21:03:58.999+0000][505.495s][info][gc,phases   ] GC(69)   Merge Heap Roots: 0.1ms
[2025-12-22T21:03:58.999+0000][505.496s][info][gc,phases   ] GC(69)   Evacuate Collection Set: 1.8ms
[2025-12-22T21:03:58.999+0000][505.496s][info][gc,phases   ] GC(69)   Post Evacuate Collection Set: 0.8ms
[2025-12-22T21:03:59.000+0000][505.496s][info][gc,phases   ] GC(69)   Other: 0.9ms
[2025-12-22T21:03:59.000+0000][505.496s][info][gc,heap     ] GC(69) Eden regions: 675->0(675)
[2025-12-22T21:03:59.000+0000][505.496s][info][gc,heap     ] GC(69) Survivor regions: 1->1(85)
[2025-12-22T21:03:59.000+0000][505.496s][info][gc,heap     ] GC(69) Old regions: 47->47
[2025-12-22T21:03:59.000+0000][505.496s][info][gc,heap     ] GC(69) Archive regions: 2->2
[2025-12-22T21:03:59.000+0000][505.497s][info][gc,heap     ] GC(69) Humongous regions: 37->37
[2025-12-22T21:03:59.000+0000][505.497s][info][gc,metaspace] GC(69) Metaspace: 86886K(87744K)->86886K(87744K) NonClass: 75575K(75968K)->75575K(75968K) Class: 11311K(11776K)->11311K(11776K)
[2025-12-22T21:03:59.001+0000][505.497s][info][gc          ] GC(69) Pause Young (Normal) (G1 Evacuation Pause) 759M->84M(1128M) 5.310ms
[2025-12-22T21:03:59.001+0000][505.497s][info][gc,cpu      ] GC(69) User=0.01s Sys=0.00s Real=0.00s
[2025-12-22T21:04:09.081+0000][515.577s][info][gc,start    ] GC(70) Pause Young (Normal) (G1 Evacuation Pause)
[2025-12-22T21:04:09.082+0000][515.579s][info][gc,task     ] GC(70) Using 3 workers of 3 for evacuation
[2025-12-22T21:04:09.087+0000][515.583s][info][gc,phases   ] GC(70)   Pre Evacuate Collection Set: 0.4ms
[2025-12-22T21:04:09.087+0000][515.583s][info][gc,phases   ] GC(70)   Merge Heap Roots: 0.1ms
[2025-12-22T21:04:09.087+0000][515.583s][info][gc,phases   ] GC(70)   Evacuate Collection Set: 2.5ms
[2025-12-22T21:04:09.087+0000][515.583s][info][gc,phases   ] GC(70)   Post Evacuate Collection Set: 0.7ms
[2025-12-22T21:04:09.087+0000][515.584s][info][gc,phases   ] GC(70)   Other: 2.0ms
[2025-12-22T21:04:09.087+0000][515.584s][info][gc,heap     ] GC(70) Eden regions: 675->0(675)
[2025-12-22T21:04:09.088+0000][515.584s][info][gc,heap     ] GC(70) Survivor regions: 1->1(85)
[2025-12-22T21:04:09.088+0000][515.584s][info][gc,heap     ] GC(70) Old regions: 47->47
[2025-12-22T21:04:09.088+0000][515.584s][info][gc,heap     ] GC(70) Archive regions: 2->2
[2025-12-22T21:04:09.088+0000][515.584s][info][gc,heap     ] GC(70) Humongous regions: 37->37
[2025-12-22T21:04:09.088+0000][515.585s][info][gc,metaspace] GC(70) Metaspace: 86889K(87808K)->86889K(87808K) NonClass: 75577K(76032K)->75577K(76032K) Class: 11311K(11776K)->11311K(11776K)
[2025-12-22T21:04:09.089+0000][515.585s][info][gc          ] GC(70) Pause Young (Normal) (G1 Evacuation Pause) 759M->84M(1128M) 7.758ms
[2025-12-22T21:04:09.089+0000][515.585s][info][gc,cpu      ] GC(70) User=0.01s Sys=0.00s Real=0.01s
[2025-12-22T21:04:17.290+0000][523.786s][info][gc,start    ] GC(71) Pause Young (Normal) (G1 Evacuation Pause)
[2025-12-22T21:04:17.290+0000][523.786s][info][gc,task     ] GC(71) Using 3 workers of 3 for evacuation
[2025-12-22T21:04:17.292+0000][523.789s][info][gc,phases   ] GC(71)   Pre Evacuate Collection Set: 0.2ms
[2025-12-22T21:04:17.293+0000][523.789s][info][gc,phases   ] GC(71)   Merge Heap Roots: 0.1ms
[2025-12-22T21:04:17.293+0000][523.789s][info][gc,phases   ] GC(71)   Evacuate Collection Set: 1.5ms
[2025-12-22T21:04:17.293+0000][523.789s][info][gc,phases   ] GC(71)   Post Evacuate Collection Set: 0.4ms
[2025-12-22T21:04:17.293+0000][523.789s][info][gc,phases   ] GC(71)   Other: 0.8ms
[2025-12-22T21:04:17.293+0000][523.789s][info][gc,heap     ] GC(71) Eden regions: 675->0(675)
[2025-12-22T21:04:17.293+0000][523.789s][info][gc,heap     ] GC(71) Survivor regions: 1->1(85)
[2025-12-22T21:04:17.293+0000][523.790s][info][gc,heap     ] GC(71) Old regions: 47->47
[2025-12-22T21:04:17.293+0000][523.790s][info][gc,heap     ] GC(71) Archive regions: 2->2
[2025-12-22T21:04:17.294+0000][523.790s][info][gc,heap     ] GC(71) Humongous regions: 37->37
[2025-12-22T21:04:17.294+0000][523.790s][info][gc,metaspace] GC(71) Metaspace: 86893K(87808K)->86893K(87808K) NonClass: 75582K(76032K)->75582K(76032K) Class: 11311K(11776K)->11311K(11776K)
[2025-12-22T21:04:17.294+0000][523.790s][info][gc          ] GC(71) Pause Young (Normal) (G1 Evacuation Pause) 759M->84M(1128M) 4.271ms
[2025-12-22T21:04:17.294+0000][523.790s][info][gc,cpu      ] GC(71) User=0.01s Sys=0.00s Real=0.00s
[2025-12-22T21:04:26.790+0000][533.286s][info][gc,start    ] GC(72) Pause Young (Normal) (G1 Evacuation Pause)
[2025-12-22T21:04:26.790+0000][533.286s][info][gc,task     ] GC(72) Using 3 workers of 3 for evacuation
[2025-12-22T21:04:26.792+0000][533.288s][info][gc,phases   ] GC(72)   Pre Evacuate Collection Set: 0.1ms
[2025-12-22T21:04:26.792+0000][533.288s][info][gc,phases   ] GC(72)   Merge Heap Roots: 0.1ms
[2025-12-22T21:04:26.792+0000][533.288s][info][gc,phases   ] GC(72)   Evacuate Collection Set: 0.9ms
[2025-12-22T21:04:26.792+0000][533.288s][info][gc,phases   ] GC(72)   Post Evacuate Collection Set: 0.4ms
[2025-12-22T21:04:26.792+0000][533.288s][info][gc,phases   ] GC(72)   Other: 0.6ms
[2025-12-22T21:04:26.792+0000][533.288s][info][gc,heap     ] GC(72) Eden regions: 675->0(675)
[2025-12-22T21:04:26.792+0000][533.288s][info][gc,heap     ] GC(72) Survivor regions: 1->1(85)
[2025-12-22T21:04:26.792+0000][533.289s][info][gc,heap     ] GC(72) Old regions: 47->47
[2025-12-22T21:04:26.792+0000][533.289s][info][gc,heap     ] GC(72) Archive regions: 2->2
[2025-12-22T21:04:26.792+0000][533.289s][info][gc,heap     ] GC(72) Humongous regions: 37->37
[2025-12-22T21:04:26.792+0000][533.289s][info][gc,metaspace] GC(72) Metaspace: 86893K(87808K)->86893K(87808K) NonClass: 75582K(76032K)->75582K(76032K) Class: 11311K(11776K)->11311K(11776K)
[2025-12-22T21:04:26.793+0000][533.289s][info][gc          ] GC(72) Pause Young (Normal) (G1 Evacuation Pause) 759M->84M(1128M) 2.722ms
[2025-12-22T21:04:26.793+0000][533.289s][info][gc,cpu      ] GC(72) User=0.01s Sys=0.00s Real=0.00s
[2025-12-22T21:04:34.656+0000][541.152s][info][gc,start    ] GC(73) Pause Young (Normal) (G1 Evacuation Pause)
[2025-12-22T21:04:34.656+0000][541.153s][info][gc,task     ] GC(73) Using 3 workers of 3 for evacuation
[2025-12-22T21:04:34.658+0000][541.154s][info][gc,phases   ] GC(73)   Pre Evacuate Collection Set: 0.1ms
[2025-12-22T21:04:34.658+0000][541.154s][info][gc,phases   ] GC(73)   Merge Heap Roots: 0.1ms
[2025-12-22T21:04:34.658+0000][541.154s][info][gc,phases   ] GC(73)   Evacuate Collection Set: 1.0ms
[2025-12-22T21:04:34.658+0000][541.155s][info][gc,phases   ] GC(73)   Post Evacuate Collection Set: 0.3ms
[2025-12-22T21:04:34.658+0000][541.155s][info][gc,phases   ] GC(73)   Other: 0.6ms
[2025-12-22T21:04:34.658+0000][541.155s][info][gc,heap     ] GC(73) Eden regions: 675->0(675)
[2025-12-22T21:04:34.658+0000][541.155s][info][gc,heap     ] GC(73) Survivor regions: 1->1(85)
[2025-12-22T21:04:34.659+0000][541.155s][info][gc,heap     ] GC(73) Old regions: 47->47
[2025-12-22T21:04:34.659+0000][541.155s][info][gc,heap     ] GC(73) Archive regions: 2->2
[2025-12-22T21:04:34.659+0000][541.155s][info][gc,heap     ] GC(73) Humongous regions: 37->37
[2025-12-22T21:04:34.659+0000][541.155s][info][gc,metaspace] GC(73) Metaspace: 86899K(87808K)->86899K(87808K) NonClass: 75588K(76032K)->75588K(76032K) Class: 11311K(11776K)->11311K(11776K)
[2025-12-22T21:04:34.659+0000][541.155s][info][gc          ] GC(73) Pause Young (Normal) (G1 Evacuation Pause) 759M->84M(1128M) 2.862ms
[2025-12-22T21:04:34.659+0000][541.155s][info][gc,cpu      ] GC(73) User=0.00s Sys=0.01s Real=0.00s
[2025-12-22T21:04:42.927+0000][549.424s][info][gc,start    ] GC(74) Pause Young (Normal) (G1 Evacuation Pause)
[2025-12-22T21:04:42.928+0000][549.424s][info][gc,task     ] GC(74) Using 3 workers of 3 for evacuation
[2025-12-22T21:04:42.930+0000][549.426s][info][gc,phases   ] GC(74)   Pre Evacuate Collection Set: 0.2ms
[2025-12-22T21:04:42.930+0000][549.426s][info][gc,phases   ] GC(74)   Merge Heap Roots: 0.1ms
[2025-12-22T21:04:42.930+0000][549.426s][info][gc,phases   ] GC(74)   Evacuate Collection Set: 1.6ms
[2025-12-22T21:04:42.930+0000][549.427s][info][gc,phases   ] GC(74)   Post Evacuate Collection Set: 0.5ms
[2025-12-22T21:04:42.930+0000][549.427s][info][gc,phases   ] GC(74)   Other: 0.4ms
[2025-12-22T21:04:42.930+0000][549.427s][info][gc,heap     ] GC(74) Eden regions: 675->0(675)
[2025-12-22T21:04:42.930+0000][549.427s][info][gc,heap     ] GC(74) Survivor regions: 1->1(85)
[2025-12-22T21:04:42.931+0000][549.427s][info][gc,heap     ] GC(74) Old regions: 47->47
[2025-12-22T21:04:42.931+0000][549.427s][info][gc,heap     ] GC(74) Archive regions: 2->2
[2025-12-22T21:04:42.931+0000][549.427s][info][gc,heap     ] GC(74) Humongous regions: 37->37
[2025-12-22T21:04:42.931+0000][549.427s][info][gc,metaspace] GC(74) Metaspace: 86924K(87872K)->86924K(87872K) NonClass: 75609K(76096K)->75609K(76096K) Class: 11315K(11776K)->11315K(11776K)
[2025-12-22T21:04:42.931+0000][549.427s][info][gc          ] GC(74) Pause Young (Normal) (G1 Evacuation Pause) 759M->84M(1128M) 3.425ms
[2025-12-22T21:04:42.931+0000][549.427s][info][gc,cpu      ] GC(74) User=0.00s Sys=0.00s Real=0.00s
[2025-12-22T21:04:52.137+0000][558.633s][info][gc,start    ] GC(75) Pause Young (Normal) (G1 Evacuation Pause)
[2025-12-22T21:04:52.138+0000][558.634s][info][gc,task     ] GC(75) Using 3 workers of 3 for evacuation
[2025-12-22T21:04:52.143+0000][558.639s][info][gc,phases   ] GC(75)   Pre Evacuate Collection Set: 0.5ms
[2025-12-22T21:04:52.143+0000][558.639s][info][gc,phases   ] GC(75)   Merge Heap Roots: 0.3ms
[2025-12-22T21:04:52.143+0000][558.639s][info][gc,phases   ] GC(75)   Evacuate Collection Set: 2.8ms
[2025-12-22T21:04:52.143+0000][558.639s][info][gc,phases   ] GC(75)   Post Evacuate Collection Set: 0.9ms
[2025-12-22T21:04:52.144+0000][558.640s][info][gc,phases   ] GC(75)   Other: 1.1ms
[2025-12-22T21:04:52.144+0000][558.640s][info][gc,heap     ] GC(75) Eden regions: 675->0(675)
[2025-12-22T21:04:52.144+0000][558.640s][info][gc,heap     ] GC(75) Survivor regions: 1->1(85)
[2025-12-22T21:04:52.144+0000][558.640s][info][gc,heap     ] GC(75) Old regions: 47->47
[2025-12-22T21:04:52.144+0000][558.640s][info][gc,heap     ] GC(75) Archive regions: 2->2
[2025-12-22T21:04:52.144+0000][558.641s][info][gc,heap     ] GC(75) Humongous regions: 37->37
[2025-12-22T21:04:52.144+0000][558.641s][info][gc,metaspace] GC(75) Metaspace: 86925K(87872K)->86925K(87872K) NonClass: 75610K(76096K)->75610K(76096K) Class: 11315K(11776K)->11315K(11776K)
[2025-12-22T21:04:52.145+0000][558.641s][info][gc          ] GC(75) Pause Young (Normal) (G1 Evacuation Pause) 759M->84M(1128M) 7.377ms
[2025-12-22T21:04:52.145+0000][558.641s][info][gc,cpu      ] GC(75) User=0.01s Sys=0.00s Real=0.01s
[2025-12-22T21:05:00.287+0000][566.783s][info][gc,start    ] GC(76) Pause Young (Normal) (G1 Evacuation Pause)
[2025-12-22T21:05:00.288+0000][566.784s][info][gc,task     ] GC(76) Using 3 workers of 3 for evacuation
[2025-12-22T21:05:00.290+0000][566.786s][info][gc,phases   ] GC(76)   Pre Evacuate Collection Set: 0.2ms
[2025-12-22T21:05:00.290+0000][566.786s][info][gc,phases   ] GC(76)   Merge Heap Roots: 0.1ms
[2025-12-22T21:05:00.290+0000][566.786s][info][gc,phases   ] GC(76)   Evacuate Collection Set: 1.2ms
[2025-12-22T21:05:00.290+0000][566.786s][info][gc,phases   ] GC(76)   Post Evacuate Collection Set: 0.5ms
[2025-12-22T21:05:00.290+0000][566.787s][info][gc,phases   ] GC(76)   Other: 0.6ms
[2025-12-22T21:05:00.291+0000][566.787s][info][gc,heap     ] GC(76) Eden regions: 675->0(675)
[2025-12-22T21:05:00.291+0000][566.787s][info][gc,heap     ] GC(76) Survivor regions: 1->1(85)
[2025-12-22T21:05:00.291+0000][566.787s][info][gc,heap     ] GC(76) Old regions: 47->47
[2025-12-22T21:05:00.291+0000][566.787s][info][gc,heap     ] GC(76) Archive regions: 2->2
[2025-12-22T21:05:00.291+0000][566.787s][info][gc,heap     ] GC(76) Humongous regions: 37->37
[2025-12-22T21:05:00.291+0000][566.787s][info][gc,metaspace] GC(76) Metaspace: 86932K(87872K)->86932K(87872K) NonClass: 75617K(76096K)->75617K(76096K) Class: 11315K(11776K)->11315K(11776K)
[2025-12-22T21:05:00.291+0000][566.788s][info][gc          ] GC(76) Pause Young (Normal) (G1 Evacuation Pause) 759M->84M(1128M) 4.097ms
[2025-12-22T21:05:00.292+0000][566.788s][info][gc,cpu      ] GC(76) User=0.01s Sys=0.00s Real=0.00s
[2025-12-22T21:05:10.224+0000][576.720s][info][gc,start    ] GC(77) Pause Young (Normal) (G1 Evacuation Pause)
[2025-12-22T21:05:10.225+0000][576.721s][info][gc,task     ] GC(77) Using 3 workers of 3 for evacuation
[2025-12-22T21:05:10.227+0000][576.724s][info][gc,phases   ] GC(77)   Pre Evacuate Collection Set: 0.2ms
[2025-12-22T21:05:10.227+0000][576.724s][info][gc,phases   ] GC(77)   Merge Heap Roots: 0.1ms
[2025-12-22T21:05:10.227+0000][576.724s][info][gc,phases   ] GC(77)   Evacuate Collection Set: 1.6ms
[2025-12-22T21:05:10.228+0000][576.724s][info][gc,phases   ] GC(77)   Post Evacuate Collection Set: 0.6ms
[2025-12-22T21:05:10.228+0000][576.724s][info][gc,phases   ] GC(77)   Other: 0.8ms
[2025-12-22T21:05:10.228+0000][576.724s][info][gc,heap     ] GC(77) Eden regions: 675->0(675)
[2025-12-22T21:05:10.228+0000][576.724s][info][gc,heap     ] GC(77) Survivor regions: 1->1(85)
[2025-12-22T21:05:10.228+0000][576.724s][info][gc,heap     ] GC(77) Old regions: 47->47
[2025-12-22T21:05:10.228+0000][576.724s][info][gc,heap     ] GC(77) Archive regions: 2->2
[2025-12-22T21:05:10.228+0000][576.724s][info][gc,heap     ] GC(77) Humongous regions: 37->37
[2025-12-22T21:05:10.228+0000][576.724s][info][gc,metaspace] GC(77) Metaspace: 86933K(87872K)->86933K(87872K) NonClass: 75617K(76096K)->75617K(76096K) Class: 11315K(11776K)->11315K(11776K)
[2025-12-22T21:05:10.228+0000][576.724s][info][gc          ] GC(77) Pause Young (Normal) (G1 Evacuation Pause) 759M->84M(1128M) 4.055ms
[2025-12-22T21:05:10.228+0000][576.724s][info][gc,cpu      ] GC(77) User=0.01s Sys=0.00s Real=0.01s
[2025-12-22T21:05:18.521+0000][585.017s][info][gc,start    ] GC(78) Pause Young (Normal) (G1 Evacuation Pause)
[2025-12-22T21:05:18.521+0000][585.017s][info][gc,task     ] GC(78) Using 3 workers of 3 for evacuation
[2025-12-22T21:05:18.523+0000][585.020s][info][gc,phases   ] GC(78)   Pre Evacuate Collection Set: 0.2ms
[2025-12-22T21:05:18.524+0000][585.020s][info][gc,phases   ] GC(78)   Merge Heap Roots: 0.2ms
[2025-12-22T21:05:18.524+0000][585.020s][info][gc,phases   ] GC(78)   Evacuate Collection Set: 1.1ms
[2025-12-22T21:05:18.524+0000][585.020s][info][gc,phases   ] GC(78)   Post Evacuate Collection Set: 0.9ms
[2025-12-22T21:05:18.524+0000][585.020s][info][gc,phases   ] GC(78)   Other: 0.6ms
[2025-12-22T21:05:18.524+0000][585.021s][info][gc,heap     ] GC(78) Eden regions: 675->0(675)
[2025-12-22T21:05:18.524+0000][585.021s][info][gc,heap     ] GC(78) Survivor regions: 1->1(85)
[2025-12-22T21:05:18.525+0000][585.021s][info][gc,heap     ] GC(78) Old regions: 47->47
[2025-12-22T21:05:18.525+0000][585.021s][info][gc,heap     ] GC(78) Archive regions: 2->2
[2025-12-22T21:05:18.525+0000][585.021s][info][gc,heap     ] GC(78) Humongous regions: 37->37
[2025-12-22T21:05:18.525+0000][585.021s][info][gc,metaspace] GC(78) Metaspace: 86936K(87872K)->86936K(87872K) NonClass: 75620K(76096K)->75620K(76096K) Class: 11315K(11776K)->11315K(11776K)
[2025-12-22T21:05:18.525+0000][585.021s][info][gc          ] GC(78) Pause Young (Normal) (G1 Evacuation Pause) 759M->84M(1128M) 4.492ms
[2025-12-22T21:05:18.525+0000][585.021s][info][gc,cpu      ] GC(78) User=0.01s Sys=0.00s Real=0.01s
[2025-12-22T21:05:27.915+0000][594.411s][info][gc,start    ] GC(79) Pause Young (Normal) (G1 Evacuation Pause)
[2025-12-22T21:05:27.915+0000][594.411s][info][gc,task     ] GC(79) Using 3 workers of 3 for evacuation
[2025-12-22T21:05:27.918+0000][594.414s][info][gc,phases   ] GC(79)   Pre Evacuate Collection Set: 0.2ms
[2025-12-22T21:05:27.918+0000][594.415s][info][gc,phases   ] GC(79)   Merge Heap Roots: 0.1ms
[2025-12-22T21:05:27.918+0000][594.415s][info][gc,phases   ] GC(79)   Evacuate Collection Set: 1.9ms
[2025-12-22T21:05:27.918+0000][594.415s][info][gc,phases   ] GC(79)   Post Evacuate Collection Set: 0.6ms
[2025-12-22T21:05:27.919+0000][594.415s][info][gc,phases   ] GC(79)   Other: 0.8ms
[2025-12-22T21:05:27.919+0000][594.415s][info][gc,heap     ] GC(79) Eden regions: 675->0(675)
[2025-12-22T21:05:27.919+0000][594.415s][info][gc,heap     ] GC(79) Survivor regions: 1->1(85)
[2025-12-22T21:05:27.919+0000][594.415s][info][gc,heap     ] GC(79) Old regions: 47->47
[2025-12-22T21:05:27.919+0000][594.415s][info][gc,heap     ] GC(79) Archive regions: 2->2
[2025-12-22T21:05:27.919+0000][594.415s][info][gc,heap     ] GC(79) Humongous regions: 37->37
[2025-12-22T21:05:27.919+0000][594.415s][info][gc,metaspace] GC(79) Metaspace: 86937K(87872K)->86937K(87872K) NonClass: 75621K(76096K)->75621K(76096K) Class: 11315K(11776K)->11315K(11776K)
[2025-12-22T21:05:27.919+0000][594.415s][info][gc          ] GC(79) Pause Young (Normal) (G1 Evacuation Pause) 759M->84M(1128M) 4.520ms
[2025-12-22T21:05:27.919+0000][594.416s][info][gc,cpu      ] GC(79) User=0.01s Sys=0.00s Real=0.01s
[2025-12-22T21:05:36.524+0000][603.021s][info][gc,start    ] GC(80) Pause Young (Normal) (G1 Evacuation Pause)
[2025-12-22T21:05:36.525+0000][603.021s][info][gc,task     ] GC(80) Using 3 workers of 3 for evacuation
[2025-12-22T21:05:36.527+0000][603.023s][info][gc,phases   ] GC(80)   Pre Evacuate Collection Set: 0.1ms
[2025-12-22T21:05:36.527+0000][603.023s][info][gc,phases   ] GC(80)   Merge Heap Roots: 0.1ms
[2025-12-22T21:05:36.527+0000][603.023s][info][gc,phases   ] GC(80)   Evacuate Collection Set: 1.4ms
[2025-12-22T21:05:36.527+0000][603.023s][info][gc,phases   ] GC(80)   Post Evacuate Collection Set: 0.3ms
[2025-12-22T21:05:36.527+0000][603.024s][info][gc,phases   ] GC(80)   Other: 0.7ms
[2025-12-22T21:05:36.527+0000][603.024s][info][gc,heap     ] GC(80) Eden regions: 675->0(674)
[2025-12-22T21:05:36.527+0000][603.024s][info][gc,heap     ] GC(80) Survivor regions: 1->2(85)
[2025-12-22T21:05:36.528+0000][603.024s][info][gc,heap     ] GC(80) Old regions: 47->47
[2025-12-22T21:05:36.528+0000][603.024s][info][gc,heap     ] GC(80) Archive regions: 2->2
[2025-12-22T21:05:36.528+0000][603.024s][info][gc,heap     ] GC(80) Humongous regions: 37->37
[2025-12-22T21:05:36.528+0000][603.024s][info][gc,metaspace] GC(80) Metaspace: 86938K(87872K)->86938K(87872K) NonClass: 75622K(76096K)->75622K(76096K) Class: 11315K(11776K)->11315K(11776K)
[2025-12-22T21:05:36.528+0000][603.024s][info][gc          ] GC(80) Pause Young (Normal) (G1 Evacuation Pause) 759M->85M(1128M) 3.434ms
[2025-12-22T21:05:36.528+0000][603.024s][info][gc,cpu      ] GC(80) User=0.01s Sys=0.00s Real=0.01s
[2025-12-22T21:05:44.454+0000][610.950s][info][gc,start    ] GC(81) Pause Young (Normal) (G1 Evacuation Pause)
[2025-12-22T21:05:44.454+0000][610.950s][info][gc,task     ] GC(81) Using 3 workers of 3 for evacuation
[2025-12-22T21:05:44.456+0000][610.952s][info][gc,phases   ] GC(81)   Pre Evacuate Collection Set: 0.1ms
[2025-12-22T21:05:44.456+0000][610.952s][info][gc,phases   ] GC(81)   Merge Heap Roots: 0.1ms
[2025-12-22T21:05:44.456+0000][610.953s][info][gc,phases   ] GC(81)   Evacuate Collection Set: 1.3ms
[2025-12-22T21:05:44.456+0000][610.953s][info][gc,phases   ] GC(81)   Post Evacuate Collection Set: 0.5ms
[2025-12-22T21:05:44.456+0000][610.953s][info][gc,phases   ] GC(81)   Other: 0.5ms
[2025-12-22T21:05:44.457+0000][610.953s][info][gc,heap     ] GC(81) Eden regions: 674->0(674)
[2025-12-22T21:05:44.457+0000][610.953s][info][gc,heap     ] GC(81) Survivor regions: 2->2(85)
[2025-12-22T21:05:44.457+0000][610.953s][info][gc,heap     ] GC(81) Old regions: 47->47
[2025-12-22T21:05:44.457+0000][610.953s][info][gc,heap     ] GC(81) Archive regions: 2->2
[2025-12-22T21:05:44.457+0000][610.953s][info][gc,heap     ] GC(81) Humongous regions: 37->37
[2025-12-22T21:05:44.457+0000][610.953s][info][gc,metaspace] GC(81) Metaspace: 86941K(87872K)->86941K(87872K) NonClass: 75625K(76096K)->75625K(76096K) Class: 11315K(11776K)->11315K(11776K)
[2025-12-22T21:05:44.457+0000][610.953s][info][gc          ] GC(81) Pause Young (Normal) (G1 Evacuation Pause) 759M->85M(1128M) 3.219ms
[2025-12-22T21:05:44.457+0000][610.953s][info][gc,cpu      ] GC(81) User=0.01s Sys=0.00s Real=0.01s
[2025-12-22T21:05:53.782+0000][620.278s][info][gc,start    ] GC(82) Pause Young (Normal) (G1 Evacuation Pause)
[2025-12-22T21:05:53.782+0000][620.279s][info][gc,task     ] GC(82) Using 3 workers of 3 for evacuation
[2025-12-22T21:05:53.789+0000][620.285s][info][gc,phases   ] GC(82)   Pre Evacuate Collection Set: 0.5ms
[2025-12-22T21:05:53.789+0000][620.285s][info][gc,phases   ] GC(82)   Merge Heap Roots: 0.3ms
[2025-12-22T21:05:53.789+0000][620.286s][info][gc,phases   ] GC(82)   Evacuate Collection Set: 4.1ms
[2025-12-22T21:05:53.790+0000][620.286s][info][gc,phases   ] GC(82)   Post Evacuate Collection Set: 1.3ms
[2025-12-22T21:05:53.790+0000][620.286s][info][gc,phases   ] GC(82)   Other: 1.1ms
[2025-12-22T21:05:53.790+0000][620.286s][info][gc,heap     ] GC(82) Eden regions: 674->0(674)
[2025-12-22T21:05:53.790+0000][620.286s][info][gc,heap     ] GC(82) Survivor regions: 2->2(85)
[2025-12-22T21:05:53.790+0000][620.287s][info][gc,heap     ] GC(82) Old regions: 47->47
[2025-12-22T21:05:53.790+0000][620.287s][info][gc,heap     ] GC(82) Archive regions: 2->2
[2025-12-22T21:05:53.791+0000][620.287s][info][gc,heap     ] GC(82) Humongous regions: 37->37
[2025-12-22T21:05:53.791+0000][620.287s][info][gc,metaspace] GC(82) Metaspace: 86941K(87872K)->86941K(87872K) NonClass: 75626K(76096K)->75626K(76096K) Class: 11315K(11776K)->11315K(11776K)
[2025-12-22T21:05:53.791+0000][620.287s][info][gc          ] GC(82) Pause Young (Normal) (G1 Evacuation Pause) 759M->85M(1128M) 9.222ms
[2025-12-22T21:05:53.791+0000][620.287s][info][gc,cpu      ] GC(82) User=0.01s Sys=0.00s Real=0.01s
[2025-12-22T21:06:01.951+0000][628.447s][info][gc,start    ] GC(83) Pause Young (Normal) (G1 Evacuation Pause)
[2025-12-22T21:06:01.952+0000][628.448s][info][gc,task     ] GC(83) Using 3 workers of 3 for evacuation
[2025-12-22T21:06:01.955+0000][628.451s][info][gc,phases   ] GC(83)   Pre Evacuate Collection Set: 0.2ms
[2025-12-22T21:06:01.955+0000][628.452s][info][gc,phases   ] GC(83)   Merge Heap Roots: 0.1ms
[2025-12-22T21:06:01.955+0000][628.452s][info][gc,phases   ] GC(83)   Evacuate Collection Set: 2.3ms
[2025-12-22T21:06:01.955+0000][628.452s][info][gc,phases   ] GC(83)   Post Evacuate Collection Set: 0.8ms
[2025-12-22T21:06:01.956+0000][628.452s][info][gc,phases   ] GC(83)   Other: 0.7ms
[2025-12-22T21:06:01.956+0000][628.452s][info][gc,heap     ] GC(83) Eden regions: 674->0(674)
[2025-12-22T21:06:01.956+0000][628.452s][info][gc,heap     ] GC(83) Survivor regions: 2->2(85)
[2025-12-22T21:06:01.956+0000][628.452s][info][gc,heap     ] GC(83) Old regions: 47->47
[2025-12-22T21:06:01.956+0000][628.452s][info][gc,heap     ] GC(83) Archive regions: 2->2
[2025-12-22T21:06:01.956+0000][628.452s][info][gc,heap     ] GC(83) Humongous regions: 37->37
[2025-12-22T21:06:01.956+0000][628.453s][info][gc,metaspace] GC(83) Metaspace: 86942K(87872K)->86942K(87872K) NonClass: 75626K(76096K)->75626K(76096K) Class: 11316K(11776K)->11316K(11776K)
[2025-12-22T21:06:01.957+0000][628.453s][info][gc          ] GC(83) Pause Young (Normal) (G1 Evacuation Pause) 759M->85M(1128M) 5.486ms
[2025-12-22T21:06:01.957+0000][628.453s][info][gc,cpu      ] GC(83) User=0.01s Sys=0.00s Real=0.01s
[2025-12-22T21:06:11.892+0000][638.388s][info][gc,start    ] GC(84) Pause Young (Normal) (G1 Evacuation Pause)
[2025-12-22T21:06:11.893+0000][638.389s][info][gc,task     ] GC(84) Using 3 workers of 3 for evacuation
[2025-12-22T21:06:11.896+0000][638.393s][info][gc,phases   ] GC(84)   Pre Evacuate Collection Set: 0.3ms
[2025-12-22T21:06:11.897+0000][638.393s][info][gc,phases   ] GC(84)   Merge Heap Roots: 0.2ms
[2025-12-22T21:06:11.897+0000][638.393s][info][gc,phases   ] GC(84)   Evacuate Collection Set: 1.9ms
[2025-12-22T21:06:11.897+0000][638.393s][info][gc,phases   ] GC(84)   Post Evacuate Collection Set: 0.6ms
[2025-12-22T21:06:11.897+0000][638.393s][info][gc,phases   ] GC(84)   Other: 1.4ms
[2025-12-22T21:06:11.897+0000][638.393s][info][gc,heap     ] GC(84) Eden regions: 674->0(674)
[2025-12-22T21:06:11.897+0000][638.393s][info][gc,heap     ] GC(84) Survivor regions: 2->2(85)
[2025-12-22T21:06:11.897+0000][638.393s][info][gc,heap     ] GC(84) Old regions: 47->47
[2025-12-22T21:06:11.897+0000][638.393s][info][gc,heap     ] GC(84) Archive regions: 2->2
[2025-12-22T21:06:11.897+0000][638.393s][info][gc,heap     ] GC(84) Humongous regions: 37->37
[2025-12-22T21:06:11.897+0000][638.394s][info][gc,metaspace] GC(84) Metaspace: 86943K(87872K)->86943K(87872K) NonClass: 75627K(76096K)->75627K(76096K) Class: 11316K(11776K)->11316K(11776K)
[2025-12-22T21:06:11.897+0000][638.394s][info][gc          ] GC(84) Pause Young (Normal) (G1 Evacuation Pause) 759M->85M(1128M) 5.333ms
[2025-12-22T21:06:11.898+0000][638.394s][info][gc,cpu      ] GC(84) User=0.01s Sys=0.00s Real=0.01s
[2025-12-22T21:06:20.078+0000][646.574s][info][gc,start    ] GC(85) Pause Young (Normal) (G1 Evacuation Pause)
[2025-12-22T21:06:20.079+0000][646.575s][info][gc,task     ] GC(85) Using 3 workers of 3 for evacuation
[2025-12-22T21:06:20.082+0000][646.578s][info][gc,phases   ] GC(85)   Pre Evacuate Collection Set: 0.1ms
[2025-12-22T21:06:20.082+0000][646.578s][info][gc,phases   ] GC(85)   Merge Heap Roots: 0.1ms
[2025-12-22T21:06:20.082+0000][646.579s][info][gc,phases   ] GC(85)   Evacuate Collection Set: 2.2ms
[2025-12-22T21:06:20.082+0000][646.579s][info][gc,phases   ] GC(85)   Post Evacuate Collection Set: 0.6ms
[2025-12-22T21:06:20.083+0000][646.579s][info][gc,phases   ] GC(85)   Other: 1.3ms
[2025-12-22T21:06:20.083+0000][646.579s][info][gc,heap     ] GC(85) Eden regions: 674->0(674)
[2025-12-22T21:06:20.083+0000][646.579s][info][gc,heap     ] GC(85) Survivor regions: 2->2(85)
[2025-12-22T21:06:20.083+0000][646.579s][info][gc,heap     ] GC(85) Old regions: 47->47
[2025-12-22T21:06:20.083+0000][646.579s][info][gc,heap     ] GC(85) Archive regions: 2->2
[2025-12-22T21:06:20.083+0000][646.579s][info][gc,heap     ] GC(85) Humongous regions: 37->37
[2025-12-22T21:06:20.083+0000][646.579s][info][gc,metaspace] GC(85) Metaspace: 86962K(87872K)->86962K(87872K) NonClass: 75645K(76096K)->75645K(76096K) Class: 11317K(11776K)->11317K(11776K)
[2025-12-22T21:06:20.083+0000][646.579s][info][gc          ] GC(85) Pause Young (Normal) (G1 Evacuation Pause) 759M->85M(1128M) 5.344ms
[2025-12-22T21:06:20.083+0000][646.580s][info][gc,cpu      ] GC(85) User=0.00s Sys=0.00s Real=0.00s
[2025-12-22T21:06:28.186+0000][654.682s][info][gc,start    ] GC(86) Pause Young (Normal) (G1 Evacuation Pause)
[2025-12-22T21:06:28.187+0000][654.683s][info][gc,task     ] GC(86) Using 3 workers of 3 for evacuation
[2025-12-22T21:06:28.189+0000][654.685s][info][gc,phases   ] GC(86)   Pre Evacuate Collection Set: 0.1ms
[2025-12-22T21:06:28.189+0000][654.685s][info][gc,phases   ] GC(86)   Merge Heap Roots: 0.1ms
[2025-12-22T21:06:28.189+0000][654.685s][info][gc,phases   ] GC(86)   Evacuate Collection Set: 1.4ms
[2025-12-22T21:06:28.189+0000][654.685s][info][gc,phases   ] GC(86)   Post Evacuate Collection Set: 0.4ms
[2025-12-22T21:06:28.189+0000][654.685s][info][gc,phases   ] GC(86)   Other: 0.7ms
[2025-12-22T21:06:28.189+0000][654.685s][info][gc,heap     ] GC(86) Eden regions: 674->0(674)
[2025-12-22T21:06:28.189+0000][654.686s][info][gc,heap     ] GC(86) Survivor regions: 2->2(85)
[2025-12-22T21:06:28.189+0000][654.686s][info][gc,heap     ] GC(86) Old regions: 47->47
[2025-12-22T21:06:28.190+0000][654.686s][info][gc,heap     ] GC(86) Archive regions: 2->2
[2025-12-22T21:06:28.190+0000][654.686s][info][gc,heap     ] GC(86) Humongous regions: 37->37
[2025-12-22T21:06:28.190+0000][654.686s][info][gc,metaspace] GC(86) Metaspace: 86965K(87872K)->86965K(87872K) NonClass: 75648K(76096K)->75648K(76096K) Class: 11317K(11776K)->11317K(11776K)
[2025-12-22T21:06:28.190+0000][654.686s][info][gc          ] GC(86) Pause Young (Normal) (G1 Evacuation Pause) 759M->85M(1128M) 3.600ms
[2025-12-22T21:06:28.190+0000][654.686s][info][gc,cpu      ] GC(86) User=0.00s Sys=0.00s Real=0.00s
[2025-12-22T21:06:37.923+0000][664.420s][info][gc,start    ] GC(87) Pause Young (Normal) (G1 Evacuation Pause)
[2025-12-22T21:06:37.924+0000][664.420s][info][gc,task     ] GC(87) Using 3 workers of 3 for evacuation
[2025-12-22T21:06:37.929+0000][664.426s][info][gc,phases   ] GC(87)   Pre Evacuate Collection Set: 0.3ms
[2025-12-22T21:06:37.930+0000][664.426s][info][gc,phases   ] GC(87)   Merge Heap Roots: 0.1ms
[2025-12-22T21:06:37.930+0000][664.426s][info][gc,phases   ] GC(87)   Evacuate Collection Set: 3.5ms
[2025-12-22T21:06:37.930+0000][664.426s][info][gc,phases   ] GC(87)   Post Evacuate Collection Set: 0.9ms
[2025-12-22T21:06:37.930+0000][664.426s][info][gc,phases   ] GC(87)   Other: 1.3ms
[2025-12-22T21:06:37.930+0000][664.426s][info][gc,heap     ] GC(87) Eden regions: 674->0(674)
[2025-12-22T21:06:37.930+0000][664.427s][info][gc,heap     ] GC(87) Survivor regions: 2->2(85)
[2025-12-22T21:06:37.931+0000][664.427s][info][gc,heap     ] GC(87) Old regions: 47->47
[2025-12-22T21:06:37.931+0000][664.427s][info][gc,heap     ] GC(87) Archive regions: 2->2
[2025-12-22T21:06:37.931+0000][664.427s][info][gc,heap     ] GC(87) Humongous regions: 37->37
[2025-12-22T21:06:37.931+0000][664.427s][info][gc,metaspace] GC(87) Metaspace: 86967K(87872K)->86967K(87872K) NonClass: 75649K(76096K)->75649K(76096K) Class: 11317K(11776K)->11317K(11776K)
[2025-12-22T21:06:37.931+0000][664.427s][info][gc          ] GC(87) Pause Young (Normal) (G1 Evacuation Pause) 759M->85M(1128M) 7.941ms
[2025-12-22T21:06:37.931+0000][664.428s][info][gc,cpu      ] GC(87) User=0.01s Sys=0.00s Real=0.01s
[2025-12-22T21:06:46.111+0000][672.607s][info][gc,start    ] GC(88) Pause Young (Normal) (G1 Evacuation Pause)
[2025-12-22T21:06:46.111+0000][672.607s][info][gc,task     ] GC(88) Using 3 workers of 3 for evacuation
[2025-12-22T21:06:46.114+0000][672.610s][info][gc,phases   ] GC(88)   Pre Evacuate Collection Set: 0.2ms
[2025-12-22T21:06:46.114+0000][672.610s][info][gc,phases   ] GC(88)   Merge Heap Roots: 0.1ms
[2025-12-22T21:06:46.115+0000][672.611s][info][gc,phases   ] GC(88)   Evacuate Collection Set: 1.7ms
[2025-12-22T21:06:46.115+0000][672.611s][info][gc,phases   ] GC(88)   Post Evacuate Collection Set: 0.6ms
[2025-12-22T21:06:46.115+0000][672.611s][info][gc,phases   ] GC(88)   Other: 0.8ms
[2025-12-22T21:06:46.115+0000][672.611s][info][gc,heap     ] GC(88) Eden regions: 674->0(675)
[2025-12-22T21:06:46.115+0000][672.611s][info][gc,heap     ] GC(88) Survivor regions: 2->1(85)
[2025-12-22T21:06:46.115+0000][672.612s][info][gc,heap     ] GC(88) Old regions: 47->47
[2025-12-22T21:06:46.115+0000][672.612s][info][gc,heap     ] GC(88) Archive regions: 2->2
[2025-12-22T21:06:46.116+0000][672.612s][info][gc,heap     ] GC(88) Humongous regions: 37->37
[2025-12-22T21:06:46.116+0000][672.612s][info][gc,metaspace] GC(88) Metaspace: 86967K(87872K)->86967K(87872K) NonClass: 75650K(76096K)->75650K(76096K) Class: 11317K(11776K)->11317K(11776K)
[2025-12-22T21:06:46.116+0000][672.612s][info][gc          ] GC(88) Pause Young (Normal) (G1 Evacuation Pause) 759M->85M(1128M) 5.263ms
[2025-12-22T21:06:46.116+0000][672.612s][info][gc,cpu      ] GC(88) User=0.01s Sys=0.00s Real=0.01s
[2025-12-22T21:06:56.166+0000][682.662s][info][gc,start    ] GC(89) Pause Young (Normal) (G1 Evacuation Pause)
[2025-12-22T21:06:56.167+0000][682.664s][info][gc,task     ] GC(89) Using 3 workers of 3 for evacuation
[2025-12-22T21:06:56.174+0000][682.670s][info][gc,phases   ] GC(89)   Pre Evacuate Collection Set: 0.4ms
[2025-12-22T21:06:56.174+0000][682.671s][info][gc,phases   ] GC(89)   Merge Heap Roots: 0.2ms
[2025-12-22T21:06:56.175+0000][682.671s][info][gc,phases   ] GC(89)   Evacuate Collection Set: 3.2ms
[2025-12-22T21:06:56.175+0000][682.671s][info][gc,phases   ] GC(89)   Post Evacuate Collection Set: 1.6ms
[2025-12-22T21:06:56.175+0000][682.671s][info][gc,phases   ] GC(89)   Other: 2.9ms
[2025-12-22T21:06:56.175+0000][682.671s][info][gc,heap     ] GC(89) Eden regions: 675->0(675)
[2025-12-22T21:06:56.175+0000][682.672s][info][gc,heap     ] GC(89) Survivor regions: 1->1(85)
[2025-12-22T21:06:56.175+0000][682.672s][info][gc,heap     ] GC(89) Old regions: 47->47
[2025-12-22T21:06:56.176+0000][682.672s][info][gc,heap     ] GC(89) Archive regions: 2->2
[2025-12-22T21:06:56.176+0000][682.672s][info][gc,heap     ] GC(89) Humongous regions: 37->37
[2025-12-22T21:06:56.176+0000][682.672s][info][gc,metaspace] GC(89) Metaspace: 86967K(87872K)->86967K(87872K) NonClass: 75650K(76096K)->75650K(76096K) Class: 11317K(11776K)->11317K(11776K)
[2025-12-22T21:06:56.176+0000][682.672s][info][gc          ] GC(89) Pause Young (Normal) (G1 Evacuation Pause) 760M->85M(1128M) 9.680ms
[2025-12-22T21:06:56.176+0000][682.672s][info][gc,cpu      ] GC(89) User=0.01s Sys=0.00s Real=0.01s
[2025-12-22T21:07:04.202+0000][690.698s][info][gc,start    ] GC(90) Pause Young (Normal) (G1 Evacuation Pause)
[2025-12-22T21:07:04.203+0000][690.699s][info][gc,task     ] GC(90) Using 3 workers of 3 for evacuation
[2025-12-22T21:07:04.205+0000][690.702s][info][gc,phases   ] GC(90)   Pre Evacuate Collection Set: 0.2ms
[2025-12-22T21:07:04.206+0000][690.702s][info][gc,phases   ] GC(90)   Merge Heap Roots: 0.1ms
[2025-12-22T21:07:04.206+0000][690.702s][info][gc,phases   ] GC(90)   Evacuate Collection Set: 1.6ms
[2025-12-22T21:07:04.206+0000][690.702s][info][gc,phases   ] GC(90)   Post Evacuate Collection Set: 0.7ms
[2025-12-22T21:07:04.206+0000][690.702s][info][gc,phases   ] GC(90)   Other: 0.8ms
[2025-12-22T21:07:04.206+0000][690.702s][info][gc,heap     ] GC(90) Eden regions: 675->0(675)
[2025-12-22T21:07:04.206+0000][690.702s][info][gc,heap     ] GC(90) Survivor regions: 1->1(85)
[2025-12-22T21:07:04.206+0000][690.702s][info][gc,heap     ] GC(90) Old regions: 47->47
[2025-12-22T21:07:04.206+0000][690.702s][info][gc,heap     ] GC(90) Archive regions: 2->2
[2025-12-22T21:07:04.206+0000][690.702s][info][gc,heap     ] GC(90) Humongous regions: 37->37
[2025-12-22T21:07:04.206+0000][690.702s][info][gc,metaspace] GC(90) Metaspace: 86970K(87872K)->86970K(87872K) NonClass: 75652K(76096K)->75652K(76096K) Class: 11317K(11776K)->11317K(11776K)
[2025-12-22T21:07:04.206+0000][690.703s][info][gc          ] GC(90) Pause Young (Normal) (G1 Evacuation Pause) 760M->85M(1128M) 4.227ms
[2025-12-22T21:07:04.206+0000][690.703s][info][gc,cpu      ] GC(90) User=0.01s Sys=0.00s Real=0.01s
[2025-12-22T21:07:12.914+0000][699.410s][info][gc,start    ] GC(91) Pause Young (Normal) (G1 Evacuation Pause)
[2025-12-22T21:07:12.914+0000][699.411s][info][gc,task     ] GC(91) Using 3 workers of 3 for evacuation
[2025-12-22T21:07:12.916+0000][699.412s][info][gc,phases   ] GC(91)   Pre Evacuate Collection Set: 0.1ms
[2025-12-22T21:07:12.916+0000][699.413s][info][gc,phases   ] GC(91)   Merge Heap Roots: 0.1ms
[2025-12-22T21:07:12.916+0000][699.413s][info][gc,phases   ] GC(91)   Evacuate Collection Set: 1.0ms
[2025-12-22T21:07:12.916+0000][699.413s][info][gc,phases   ] GC(91)   Post Evacuate Collection Set: 0.4ms
[2025-12-22T21:07:12.916+0000][699.413s][info][gc,phases   ] GC(91)   Other: 0.6ms
[2025-12-22T21:07:12.917+0000][699.413s][info][gc,heap     ] GC(91) Eden regions: 675->0(675)
[2025-12-22T21:07:12.917+0000][699.413s][info][gc,heap     ] GC(91) Survivor regions: 1->1(85)
[2025-12-22T21:07:12.917+0000][699.413s][info][gc,heap     ] GC(91) Old regions: 47->47
[2025-12-22T21:07:12.917+0000][699.413s][info][gc,heap     ] GC(91) Archive regions: 2->2
[2025-12-22T21:07:12.917+0000][699.413s][info][gc,heap     ] GC(91) Humongous regions: 37->37
[2025-12-22T21:07:12.917+0000][699.413s][info][gc,metaspace] GC(91) Metaspace: 86970K(87872K)->86970K(87872K) NonClass: 75652K(76096K)->75652K(76096K) Class: 11317K(11776K)->11317K(11776K)
[2025-12-22T21:07:12.917+0000][699.413s][info][gc          ] GC(91) Pause Young (Normal) (G1 Evacuation Pause) 760M->85M(1128M) 2.749ms
[2025-12-22T21:07:12.917+0000][699.413s][info][gc,cpu      ] GC(91) User=0.01s Sys=0.00s Real=0.01s
[2025-12-22T21:07:21.339+0000][707.835s][info][gc,start    ] GC(92) Pause Young (Normal) (G1 Evacuation Pause)
[2025-12-22T21:07:21.340+0000][707.836s][info][gc,task     ] GC(92) Using 3 workers of 3 for evacuation
[2025-12-22T21:07:21.342+0000][707.838s][info][gc,phases   ] GC(92)   Pre Evacuate Collection Set: 0.1ms
[2025-12-22T21:07:21.342+0000][707.838s][info][gc,phases   ] GC(92)   Merge Heap Roots: 0.1ms
[2025-12-22T21:07:21.342+0000][707.838s][info][gc,phases   ] GC(92)   Evacuate Collection Set: 1.1ms
[2025-12-22T21:07:21.342+0000][707.838s][info][gc,phases   ] GC(92)   Post Evacuate Collection Set: 0.5ms
[2025-12-22T21:07:21.342+0000][707.838s][info][gc,phases   ] GC(92)   Other: 0.6ms
[2025-12-22T21:07:21.342+0000][707.838s][info][gc,heap     ] GC(92) Eden regions: 675->0(675)
[2025-12-22T21:07:21.342+0000][707.838s][info][gc,heap     ] GC(92) Survivor regions: 1->1(85)
[2025-12-22T21:07:21.342+0000][707.839s][info][gc,heap     ] GC(92) Old regions: 47->47
[2025-12-22T21:07:21.342+0000][707.839s][info][gc,heap     ] GC(92) Archive regions: 2->2
[2025-12-22T21:07:21.342+0000][707.839s][info][gc,heap     ] GC(92) Humongous regions: 37->37
[2025-12-22T21:07:21.343+0000][707.839s][info][gc,metaspace] GC(92) Metaspace: 86980K(87872K)->86980K(87872K) NonClass: 75662K(76096K)->75662K(76096K) Class: 11317K(11776K)->11317K(11776K)
[2025-12-22T21:07:21.343+0000][707.839s][info][gc          ] GC(92) Pause Young (Normal) (G1 Evacuation Pause) 760M->85M(1128M) 3.430ms
[2025-12-22T21:07:21.343+0000][707.839s][info][gc,cpu      ] GC(92) User=0.01s Sys=0.01s Real=0.00s
[2025-12-22T21:07:29.169+0000][715.665s][info][gc,start    ] GC(93) Pause Young (Normal) (G1 Evacuation Pause)
[2025-12-22T21:07:29.170+0000][715.666s][info][gc,task     ] GC(93) Using 3 workers of 3 for evacuation
[2025-12-22T21:07:29.172+0000][715.668s][info][gc,phases   ] GC(93)   Pre Evacuate Collection Set: 0.1ms
[2025-12-22T21:07:29.172+0000][715.668s][info][gc,phases   ] GC(93)   Merge Heap Roots: 0.1ms
[2025-12-22T21:07:29.172+0000][715.668s][info][gc,phases   ] GC(93)   Evacuate Collection Set: 1.0ms
[2025-12-22T21:07:29.172+0000][715.668s][info][gc,phases   ] GC(93)   Post Evacuate Collection Set: 0.4ms
[2025-12-22T21:07:29.172+0000][715.668s][info][gc,phases   ] GC(93)   Other: 1.2ms
[2025-12-22T21:07:29.172+0000][715.668s][info][gc,heap     ] GC(93) Eden regions: 675->0(675)
[2025-12-22T21:07:29.172+0000][715.668s][info][gc,heap     ] GC(93) Survivor regions: 1->1(85)
[2025-12-22T21:07:29.172+0000][715.668s][info][gc,heap     ] GC(93) Old regions: 47->47
[2025-12-22T21:07:29.172+0000][715.668s][info][gc,heap     ] GC(93) Archive regions: 2->2
[2025-12-22T21:07:29.172+0000][715.669s][info][gc,heap     ] GC(93) Humongous regions: 37->37
[2025-12-22T21:07:29.172+0000][715.669s][info][gc,metaspace] GC(93) Metaspace: 86984K(87872K)->86984K(87872K) NonClass: 75666K(76096K)->75666K(76096K) Class: 11317K(11776K)->11317K(11776K)
[2025-12-22T21:07:29.172+0000][715.669s][info][gc          ] GC(93) Pause Young (Normal) (G1 Evacuation Pause) 760M->85M(1128M) 3.573ms
[2025-12-22T21:07:29.173+0000][715.669s][info][gc,cpu      ] GC(93) User=0.00s Sys=0.00s Real=0.00s
[2025-12-22T21:07:38.512+0000][725.008s][info][gc,start    ] GC(94) Pause Young (Normal) (G1 Evacuation Pause)
[2025-12-22T21:07:38.513+0000][725.009s][info][gc,task     ] GC(94) Using 3 workers of 3 for evacuation
[2025-12-22T21:07:38.515+0000][725.011s][info][gc,phases   ] GC(94)   Pre Evacuate Collection Set: 0.1ms
[2025-12-22T21:07:38.515+0000][725.011s][info][gc,phases   ] GC(94)   Merge Heap Roots: 0.1ms
[2025-12-22T21:07:38.515+0000][725.011s][info][gc,phases   ] GC(94)   Evacuate Collection Set: 1.2ms
[2025-12-22T21:07:38.515+0000][725.011s][info][gc,phases   ] GC(94)   Post Evacuate Collection Set: 0.4ms
[2025-12-22T21:07:38.515+0000][725.011s][info][gc,phases   ] GC(94)   Other: 0.7ms
[2025-12-22T21:07:38.515+0000][725.011s][info][gc,heap     ] GC(94) Eden regions: 675->0(675)
[2025-12-22T21:07:38.515+0000][725.012s][info][gc,heap     ] GC(94) Survivor regions: 1->1(85)
[2025-12-22T21:07:38.515+0000][725.012s][info][gc,heap     ] GC(94) Old regions: 47->47
[2025-12-22T21:07:38.515+0000][725.012s][info][gc,heap     ] GC(94) Archive regions: 2->2
[2025-12-22T21:07:38.516+0000][725.012s][info][gc,heap     ] GC(94) Humongous regions: 37->37
[2025-12-22T21:07:38.516+0000][725.012s][info][gc,metaspace] GC(94) Metaspace: 86992K(87872K)->86992K(87872K) NonClass: 75674K(76096K)->75674K(76096K) Class: 11317K(11776K)->11317K(11776K)
[2025-12-22T21:07:38.516+0000][725.012s][info][gc          ] GC(94) Pause Young (Normal) (G1 Evacuation Pause) 760M->85M(1128M) 3.466ms
[2025-12-22T21:07:38.516+0000][725.012s][info][gc,cpu      ] GC(94) User=0.00s Sys=0.00s Real=0.01s
[2025-12-22T21:07:46.215+0000][732.711s][info][gc,start    ] GC(95) Pause Young (Normal) (G1 Evacuation Pause)
[2025-12-22T21:07:46.215+0000][732.711s][info][gc,task     ] GC(95) Using 3 workers of 3 for evacuation
[2025-12-22T21:07:46.216+0000][732.713s][info][gc,phases   ] GC(95)   Pre Evacuate Collection Set: 0.1ms
[2025-12-22T21:07:46.216+0000][732.713s][info][gc,phases   ] GC(95)   Merge Heap Roots: 0.1ms
[2025-12-22T21:07:46.217+0000][732.713s][info][gc,phases   ] GC(95)   Evacuate Collection Set: 0.8ms
[2025-12-22T21:07:46.217+0000][732.713s][info][gc,phases   ] GC(95)   Post Evacuate Collection Set: 0.4ms
[2025-12-22T21:07:46.217+0000][732.713s][info][gc,phases   ] GC(95)   Other: 0.4ms
[2025-12-22T21:07:46.217+0000][732.713s][info][gc,heap     ] GC(95) Eden regions: 675->0(675)
[2025-12-22T21:07:46.217+0000][732.713s][info][gc,heap     ] GC(95) Survivor regions: 1->1(85)
[2025-12-22T21:07:46.217+0000][732.713s][info][gc,heap     ] GC(95) Old regions: 47->47
[2025-12-22T21:07:46.217+0000][732.713s][info][gc,heap     ] GC(95) Archive regions: 2->2
[2025-12-22T21:07:46.217+0000][732.714s][info][gc,heap     ] GC(95) Humongous regions: 37->37
[2025-12-22T21:07:46.217+0000][732.714s][info][gc,metaspace] GC(95) Metaspace: 86994K(87872K)->86994K(87872K) NonClass: 75676K(76096K)->75676K(76096K) Class: 11317K(11776K)->11317K(11776K)
[2025-12-22T21:07:46.217+0000][732.714s][info][gc          ] GC(95) Pause Young (Normal) (G1 Evacuation Pause) 760M->85M(1128M) 2.915ms
[2025-12-22T21:07:46.218+0000][732.714s][info][gc,cpu      ] GC(95) User=0.00s Sys=0.00s Real=0.01s
[2025-12-22T21:07:55.547+0000][742.043s][info][gc,start    ] GC(96) Pause Young (Normal) (G1 Evacuation Pause)
[2025-12-22T21:07:55.548+0000][742.044s][info][gc,task     ] GC(96) Using 3 workers of 3 for evacuation
[2025-12-22T21:07:55.550+0000][742.046s][info][gc,phases   ] GC(96)   Pre Evacuate Collection Set: 0.1ms
[2025-12-22T21:07:55.550+0000][742.046s][info][gc,phases   ] GC(96)   Merge Heap Roots: 0.1ms
[2025-12-22T21:07:55.550+0000][742.046s][info][gc,phases   ] GC(96)   Evacuate Collection Set: 1.0ms
[2025-12-22T21:07:55.550+0000][742.046s][info][gc,phases   ] GC(96)   Post Evacuate Collection Set: 0.4ms
[2025-12-22T21:07:55.550+0000][742.046s][info][gc,phases   ] GC(96)   Other: 1.2ms
[2025-12-22T21:07:55.550+0000][742.046s][info][gc,heap     ] GC(96) Eden regions: 675->0(675)
[2025-12-22T21:07:55.550+0000][742.046s][info][gc,heap     ] GC(96) Survivor regions: 1->1(85)
[2025-12-22T21:07:55.550+0000][742.046s][info][gc,heap     ] GC(96) Old regions: 47->47
[2025-12-22T21:07:55.550+0000][742.046s][info][gc,heap     ] GC(96) Archive regions: 2->2
[2025-12-22T21:07:55.550+0000][742.047s][info][gc,heap     ] GC(96) Humongous regions: 37->37
[2025-12-22T21:07:55.550+0000][742.047s][info][gc,metaspace] GC(96) Metaspace: 86994K(87872K)->86994K(87872K) NonClass: 75676K(76096K)->75676K(76096K) Class: 11317K(11776K)->11317K(11776K)
[2025-12-22T21:07:55.550+0000][742.047s][info][gc          ] GC(96) Pause Young (Normal) (G1 Evacuation Pause) 760M->85M(1128M) 3.650ms
[2025-12-22T21:07:55.551+0000][742.047s][info][gc,cpu      ] GC(96) User=0.01s Sys=0.00s Real=0.00s
[2025-12-22T21:08:03.549+0000][750.045s][info][gc,start    ] GC(97) Pause Young (Normal) (G1 Evacuation Pause)
[2025-12-22T21:08:03.549+0000][750.045s][info][gc,task     ] GC(97) Using 3 workers of 3 for evacuation
[2025-12-22T21:08:03.555+0000][750.051s][info][gc,phases   ] GC(97)   Pre Evacuate Collection Set: 0.5ms
[2025-12-22T21:08:03.555+0000][750.052s][info][gc,phases   ] GC(97)   Merge Heap Roots: 0.1ms
[2025-12-22T21:08:03.555+0000][750.052s][info][gc,phases   ] GC(97)   Evacuate Collection Set: 3.1ms
[2025-12-22T21:08:03.556+0000][750.052s][info][gc,phases   ] GC(97)   Post Evacuate Collection Set: 1.9ms
[2025-12-22T21:08:03.556+0000][750.052s][info][gc,phases   ] GC(97)   Other: 0.7ms
[2025-12-22T21:08:03.556+0000][750.052s][info][gc,heap     ] GC(97) Eden regions: 675->0(675)
[2025-12-22T21:08:03.556+0000][750.052s][info][gc,heap     ] GC(97) Survivor regions: 1->1(85)
[2025-12-22T21:08:03.556+0000][750.053s][info][gc,heap     ] GC(97) Old regions: 47->47
[2025-12-22T21:08:03.557+0000][750.053s][info][gc,heap     ] GC(97) Archive regions: 2->2
[2025-12-22T21:08:03.557+0000][750.053s][info][gc,heap     ] GC(97) Humongous regions: 37->37
[2025-12-22T21:08:03.557+0000][750.053s][info][gc,metaspace] GC(97) Metaspace: 86997K(87936K)->86997K(87936K) NonClass: 75679K(76160K)->75679K(76160K) Class: 11318K(11776K)->11318K(11776K)
[2025-12-22T21:08:03.557+0000][750.053s][info][gc          ] GC(97) Pause Young (Normal) (G1 Evacuation Pause) 760M->85M(1128M) 7.858ms
[2025-12-22T21:08:03.557+0000][750.053s][info][gc,cpu      ] GC(97) User=0.02s Sys=0.00s Real=0.01s
[2025-12-22T21:08:12.904+0000][759.400s][info][gc,start    ] GC(98) Pause Young (Normal) (G1 Evacuation Pause)
[2025-12-22T21:08:12.905+0000][759.401s][info][gc,task     ] GC(98) Using 3 workers of 3 for evacuation
[2025-12-22T21:08:12.907+0000][759.403s][info][gc,phases   ] GC(98)   Pre Evacuate Collection Set: 0.1ms
[2025-12-22T21:08:12.907+0000][759.403s][info][gc,phases   ] GC(98)   Merge Heap Roots: 0.1ms
[2025-12-22T21:08:12.907+0000][759.403s][info][gc,phases   ] GC(98)   Evacuate Collection Set: 1.1ms
[2025-12-22T21:08:12.907+0000][759.403s][info][gc,phases   ] GC(98)   Post Evacuate Collection Set: 0.4ms
[2025-12-22T21:08:12.907+0000][759.403s][info][gc,phases   ] GC(98)   Other: 1.2ms
[2025-12-22T21:08:12.907+0000][759.403s][info][gc,heap     ] GC(98) Eden regions: 675->0(675)
[2025-12-22T21:08:12.907+0000][759.404s][info][gc,heap     ] GC(98) Survivor regions: 1->1(85)
[2025-12-22T21:08:12.907+0000][759.404s][info][gc,heap     ] GC(98) Old regions: 47->47
[2025-12-22T21:08:12.908+0000][759.404s][info][gc,heap     ] GC(98) Archive regions: 2->2
[2025-12-22T21:08:12.908+0000][759.404s][info][gc,heap     ] GC(98) Humongous regions: 37->37
[2025-12-22T21:08:12.908+0000][759.404s][info][gc,metaspace] GC(98) Metaspace: 87002K(87936K)->87002K(87936K) NonClass: 75683K(76160K)->75683K(76160K) Class: 11318K(11776K)->11318K(11776K)
[2025-12-22T21:08:12.908+0000][759.404s][info][gc          ] GC(98) Pause Young (Normal) (G1 Evacuation Pause) 760M->85M(1128M) 4.029ms
[2025-12-22T21:08:12.908+0000][759.404s][info][gc,cpu      ] GC(98) User=0.00s Sys=0.01s Real=0.01s
[2025-12-22T21:08:20.747+0000][767.244s][info][gc,start    ] GC(99) Pause Young (Normal) (G1 Evacuation Pause)
[2025-12-22T21:08:20.748+0000][767.244s][info][gc,task     ] GC(99) Using 3 workers of 3 for evacuation
[2025-12-22T21:08:20.750+0000][767.246s][info][gc,phases   ] GC(99)   Pre Evacuate Collection Set: 0.1ms
[2025-12-22T21:08:20.750+0000][767.247s][info][gc,phases   ] GC(99)   Merge Heap Roots: 0.1ms
[2025-12-22T21:08:20.750+0000][767.247s][info][gc,phases   ] GC(99)   Evacuate Collection Set: 1.4ms
[2025-12-22T21:08:20.750+0000][767.247s][info][gc,phases   ] GC(99)   Post Evacuate Collection Set: 0.5ms
[2025-12-22T21:08:20.751+0000][767.247s][info][gc,phases   ] GC(99)   Other: 0.8ms
[2025-12-22T21:08:20.751+0000][767.247s][info][gc,heap     ] GC(99) Eden regions: 675->0(675)
[2025-12-22T21:08:20.751+0000][767.247s][info][gc,heap     ] GC(99) Survivor regions: 1->1(85)
[2025-12-22T21:08:20.751+0000][767.247s][info][gc,heap     ] GC(99) Old regions: 47->47
[2025-12-22T21:08:20.751+0000][767.247s][info][gc,heap     ] GC(99) Archive regions: 2->2
[2025-12-22T21:08:20.751+0000][767.247s][info][gc,heap     ] GC(99) Humongous regions: 37->37
[2025-12-22T21:08:20.751+0000][767.247s][info][gc,metaspace] GC(99) Metaspace: 87004K(87936K)->87004K(87936K) NonClass: 75686K(76160K)->75686K(76160K) Class: 11318K(11776K)->11318K(11776K)
[2025-12-22T21:08:20.751+0000][767.248s][info][gc          ] GC(99) Pause Young (Normal) (G1 Evacuation Pause) 760M->85M(1128M) 3.980ms
[2025-12-22T21:08:20.751+0000][767.248s][info][gc,cpu      ] GC(99) User=0.01s Sys=0.00s Real=0.00s
[2025-12-22T21:08:28.645+0000][775.141s][info][gc,start    ] GC(100) Pause Young (Normal) (G1 Evacuation Pause)
[2025-12-22T21:08:28.645+0000][775.142s][info][gc,task     ] GC(100) Using 3 workers of 3 for evacuation
[2025-12-22T21:08:28.649+0000][775.145s][info][gc,phases   ] GC(100)   Pre Evacuate Collection Set: 0.2ms
[2025-12-22T21:08:28.649+0000][775.145s][info][gc,phases   ] GC(100)   Merge Heap Roots: 0.1ms
[2025-12-22T21:08:28.649+0000][775.145s][info][gc,phases   ] GC(100)   Evacuate Collection Set: 2.0ms
[2025-12-22T21:08:28.649+0000][775.145s][info][gc,phases   ] GC(100)   Post Evacuate Collection Set: 0.6ms
[2025-12-22T21:08:28.649+0000][775.145s][info][gc,phases   ] GC(100)   Other: 0.6ms
[2025-12-22T21:08:28.649+0000][775.145s][info][gc,heap     ] GC(100) Eden regions: 675->0(675)
[2025-12-22T21:08:28.649+0000][775.145s][info][gc,heap     ] GC(100) Survivor regions: 1->1(85)
[2025-12-22T21:08:28.649+0000][775.145s][info][gc,heap     ] GC(100) Old regions: 47->47
[2025-12-22T21:08:28.649+0000][775.145s][info][gc,heap     ] GC(100) Archive regions: 2->2
[2025-12-22T21:08:28.649+0000][775.145s][info][gc,heap     ] GC(100) Humongous regions: 37->37
[2025-12-22T21:08:28.649+0000][775.145s][info][gc,metaspace] GC(100) Metaspace: 87009K(87936K)->87009K(87936K) NonClass: 75691K(76160K)->75691K(76160K) Class: 11318K(11776K)->11318K(11776K)
[2025-12-22T21:08:28.649+0000][775.145s][info][gc          ] GC(100) Pause Young (Normal) (G1 Evacuation Pause) 760M->85M(1128M) 3.910ms
[2025-12-22T21:08:28.649+0000][775.145s][info][gc,cpu      ] GC(100) User=0.01s Sys=0.00s Real=0.00s
[2025-12-22T21:08:38.016+0000][784.512s][info][gc,start    ] GC(101) Pause Young (Normal) (G1 Evacuation Pause)
[2025-12-22T21:08:38.017+0000][784.513s][info][gc,task     ] GC(101) Using 3 workers of 3 for evacuation
[2025-12-22T21:08:38.026+0000][784.522s][info][gc,phases   ] GC(101)   Pre Evacuate Collection Set: 0.2ms
[2025-12-22T21:08:38.026+0000][784.522s][info][gc,phases   ] GC(101)   Merge Heap Roots: 0.1ms
[2025-12-22T21:08:38.026+0000][784.522s][info][gc,phases   ] GC(101)   Evacuate Collection Set: 6.3ms
[2025-12-22T21:08:38.026+0000][784.522s][info][gc,phases   ] GC(101)   Post Evacuate Collection Set: 2.4ms
[2025-12-22T21:08:38.026+0000][784.523s][info][gc,phases   ] GC(101)   Other: 0.7ms
[2025-12-22T21:08:38.026+0000][784.523s][info][gc,heap     ] GC(101) Eden regions: 675->0(675)
[2025-12-22T21:08:38.027+0000][784.523s][info][gc,heap     ] GC(101) Survivor regions: 1->1(85)
[2025-12-22T21:08:38.027+0000][784.523s][info][gc,heap     ] GC(101) Old regions: 47->47
[2025-12-22T21:08:38.027+0000][784.523s][info][gc,heap     ] GC(101) Archive regions: 2->2
[2025-12-22T21:08:38.027+0000][784.523s][info][gc,heap     ] GC(101) Humongous regions: 37->37
[2025-12-22T21:08:38.027+0000][784.523s][info][gc,metaspace] GC(101) Metaspace: 87016K(87936K)->87016K(87936K) NonClass: 75698K(76160K)->75698K(76160K) Class: 11318K(11776K)->11318K(11776K)
[2025-12-22T21:08:38.027+0000][784.523s][info][gc          ] GC(101) Pause Young (Normal) (G1 Evacuation Pause) 760M->85M(1128M) 10.928ms
[2025-12-22T21:08:38.027+0000][784.523s][info][gc,cpu      ] GC(101) User=0.03s Sys=0.00s Real=0.01s
[2025-12-22T21:08:45.820+0000][792.316s][info][gc,start    ] GC(102) Pause Young (Normal) (G1 Evacuation Pause)
[2025-12-22T21:08:45.820+0000][792.316s][info][gc,task     ] GC(102) Using 3 workers of 3 for evacuation
[2025-12-22T21:08:45.822+0000][792.318s][info][gc,phases   ] GC(102)   Pre Evacuate Collection Set: 0.2ms
[2025-12-22T21:08:45.822+0000][792.319s][info][gc,phases   ] GC(102)   Merge Heap Roots: 0.1ms
[2025-12-22T21:08:45.823+0000][792.319s][info][gc,phases   ] GC(102)   Evacuate Collection Set: 1.3ms
[2025-12-22T21:08:45.823+0000][792.319s][info][gc,phases   ] GC(102)   Post Evacuate Collection Set: 0.5ms
[2025-12-22T21:08:45.823+0000][792.319s][info][gc,phases   ] GC(102)   Other: 0.5ms
[2025-12-22T21:08:45.823+0000][792.319s][info][gc,heap     ] GC(102) Eden regions: 675->0(675)
[2025-12-22T21:08:45.823+0000][792.319s][info][gc,heap     ] GC(102) Survivor regions: 1->1(85)
[2025-12-22T21:08:45.823+0000][792.319s][info][gc,heap     ] GC(102) Old regions: 47->47
[2025-12-22T21:08:45.823+0000][792.320s][info][gc,heap     ] GC(102) Archive regions: 2->2
[2025-12-22T21:08:45.823+0000][792.320s][info][gc,heap     ] GC(102) Humongous regions: 37->37
[2025-12-22T21:08:45.823+0000][792.320s][info][gc,metaspace] GC(102) Metaspace: 87020K(87936K)->87020K(87936K) NonClass: 75701K(76160K)->75701K(76160K) Class: 11318K(11776K)->11318K(11776K)
[2025-12-22T21:08:45.823+0000][792.320s][info][gc          ] GC(102) Pause Young (Normal) (G1 Evacuation Pause) 760M->85M(1128M) 3.767ms
[2025-12-22T21:08:45.824+0000][792.320s][info][gc,cpu      ] GC(102) User=0.01s Sys=0.00s Real=0.00s
[2025-12-22T21:08:55.284+0000][801.780s][info][gc,start    ] GC(103) Pause Young (Normal) (G1 Evacuation Pause)
[2025-12-22T21:08:55.284+0000][801.780s][info][gc,task     ] GC(103) Using 3 workers of 3 for evacuation
[2025-12-22T21:08:55.288+0000][801.784s][info][gc,phases   ] GC(103)   Pre Evacuate Collection Set: 0.3ms
[2025-12-22T21:08:55.288+0000][801.784s][info][gc,phases   ] GC(103)   Merge Heap Roots: 0.1ms
[2025-12-22T21:08:55.288+0000][801.784s][info][gc,phases   ] GC(103)   Evacuate Collection Set: 2.2ms
[2025-12-22T21:08:55.288+0000][801.784s][info][gc,phases   ] GC(103)   Post Evacuate Collection Set: 0.7ms
[2025-12-22T21:08:55.288+0000][801.784s][info][gc,phases   ] GC(103)   Other: 0.9ms
[2025-12-22T21:08:55.288+0000][801.784s][info][gc,heap     ] GC(103) Eden regions: 675->0(675)
[2025-12-22T21:08:55.288+0000][801.785s][info][gc,heap     ] GC(103) Survivor regions: 1->1(85)
[2025-12-22T21:08:55.288+0000][801.785s][info][gc,heap     ] GC(103) Old regions: 47->47
[2025-12-22T21:08:55.288+0000][801.785s][info][gc,heap     ] GC(103) Archive regions: 2->2
[2025-12-22T21:08:55.288+0000][801.785s][info][gc,heap     ] GC(103) Humongous regions: 37->37
[2025-12-22T21:08:55.289+0000][801.785s][info][gc,metaspace] GC(103) Metaspace: 87020K(87936K)->87020K(87936K) NonClass: 75701K(76160K)->75701K(76160K) Class: 11318K(11776K)->11318K(11776K)
[2025-12-22T21:08:55.289+0000][801.785s][info][gc          ] GC(103) Pause Young (Normal) (G1 Evacuation Pause) 760M->85M(1128M) 4.889ms
[2025-12-22T21:08:55.289+0000][801.785s][info][gc,cpu      ] GC(103) User=0.01s Sys=0.00s Real=0.01s
[2025-12-22T21:09:03.278+0000][809.775s][info][gc,start    ] GC(104) Pause Young (Normal) (G1 Evacuation Pause)
[2025-12-22T21:09:03.279+0000][809.775s][info][gc,task     ] GC(104) Using 3 workers of 3 for evacuation
[2025-12-22T21:09:03.281+0000][809.777s][info][gc,phases   ] GC(104)   Pre Evacuate Collection Set: 0.1ms
[2025-12-22T21:09:03.281+0000][809.777s][info][gc,phases   ] GC(104)   Merge Heap Roots: 0.1ms
[2025-12-22T21:09:03.281+0000][809.777s][info][gc,phases   ] GC(104)   Evacuate Collection Set: 1.2ms
[2025-12-22T21:09:03.281+0000][809.777s][info][gc,phases   ] GC(104)   Post Evacuate Collection Set: 0.6ms
[2025-12-22T21:09:03.281+0000][809.777s][info][gc,phases   ] GC(104)   Other: 0.6ms
[2025-12-22T21:09:03.281+0000][809.777s][info][gc,heap     ] GC(104) Eden regions: 675->0(675)
[2025-12-22T21:09:03.281+0000][809.777s][info][gc,heap     ] GC(104) Survivor regions: 1->1(85)
[2025-12-22T21:09:03.281+0000][809.778s][info][gc,heap     ] GC(104) Old regions: 47->47
[2025-12-22T21:09:03.281+0000][809.778s][info][gc,heap     ] GC(104) Archive regions: 2->2
[2025-12-22T21:09:03.281+0000][809.778s][info][gc,heap     ] GC(104) Humongous regions: 37->37
[2025-12-22T21:09:03.281+0000][809.778s][info][gc,metaspace] GC(104) Metaspace: 87020K(87936K)->87020K(87936K) NonClass: 75701K(76160K)->75701K(76160K) Class: 11318K(11776K)->11318K(11776K)
[2025-12-22T21:09:03.281+0000][809.778s][info][gc          ] GC(104) Pause Young (Normal) (G1 Evacuation Pause) 760M->85M(1128M) 3.157ms
[2025-12-22T21:09:03.282+0000][809.778s][info][gc,cpu      ] GC(104) User=0.00s Sys=0.00s Real=0.00s
[2025-12-22T21:09:12.665+0000][819.161s][info][gc,start    ] GC(105) Pause Young (Normal) (G1 Evacuation Pause)
[2025-12-22T21:09:12.665+0000][819.162s][info][gc,task     ] GC(105) Using 3 workers of 3 for evacuation
[2025-12-22T21:09:12.668+0000][819.164s][info][gc,phases   ] GC(105)   Pre Evacuate Collection Set: 0.1ms
[2025-12-22T21:09:12.668+0000][819.164s][info][gc,phases   ] GC(105)   Merge Heap Roots: 0.1ms
[2025-12-22T21:09:12.668+0000][819.164s][info][gc,phases   ] GC(105)   Evacuate Collection Set: 1.6ms
[2025-12-22T21:09:12.668+0000][819.164s][info][gc,phases   ] GC(105)   Post Evacuate Collection Set: 0.4ms
[2025-12-22T21:09:12.668+0000][819.165s][info][gc,phases   ] GC(105)   Other: 1.1ms
[2025-12-22T21:09:12.668+0000][819.165s][info][gc,heap     ] GC(105) Eden regions: 675->0(675)
[2025-12-22T21:09:12.669+0000][819.165s][info][gc,heap     ] GC(105) Survivor regions: 1->1(85)
[2025-12-22T21:09:12.669+0000][819.165s][info][gc,heap     ] GC(105) Old regions: 47->47
[2025-12-22T21:09:12.669+0000][819.165s][info][gc,heap     ] GC(105) Archive regions: 2->2
[2025-12-22T21:09:12.669+0000][819.165s][info][gc,heap     ] GC(105) Humongous regions: 37->37
[2025-12-22T21:09:12.669+0000][819.165s][info][gc,metaspace] GC(105) Metaspace: 87020K(87936K)->87020K(87936K) NonClass: 75701K(76160K)->75701K(76160K) Class: 11318K(11776K)->11318K(11776K)
[2025-12-22T21:09:12.669+0000][819.165s][info][gc          ] GC(105) Pause Young (Normal) (G1 Evacuation Pause) 760M->85M(1128M) 4.497ms
[2025-12-22T21:09:12.669+0000][819.165s][info][gc,cpu      ] GC(105) User=0.00s Sys=0.00s Real=0.01s
[2025-12-22T21:09:20.406+0000][826.902s][info][gc,start    ] GC(106) Pause Young (Normal) (G1 Evacuation Pause)
[2025-12-22T21:09:20.406+0000][826.902s][info][gc,task     ] GC(106) Using 3 workers of 3 for evacuation
[2025-12-22T21:09:20.408+0000][826.904s][info][gc,phases   ] GC(106)   Pre Evacuate Collection Set: 0.1ms
[2025-12-22T21:09:20.408+0000][826.904s][info][gc,phases   ] GC(106)   Merge Heap Roots: 0.1ms
[2025-12-22T21:09:20.408+0000][826.904s][info][gc,phases   ] GC(106)   Evacuate Collection Set: 0.9ms
[2025-12-22T21:09:20.408+0000][826.904s][info][gc,phases   ] GC(106)   Post Evacuate Collection Set: 0.4ms
[2025-12-22T21:09:20.408+0000][826.905s][info][gc,phases   ] GC(106)   Other: 0.7ms
[2025-12-22T21:09:20.408+0000][826.905s][info][gc,heap     ] GC(106) Eden regions: 675->0(675)
[2025-12-22T21:09:20.409+0000][826.905s][info][gc,heap     ] GC(106) Survivor regions: 1->1(85)
[2025-12-22T21:09:20.409+0000][826.905s][info][gc,heap     ] GC(106) Old regions: 47->47
[2025-12-22T21:09:20.409+0000][826.905s][info][gc,heap     ] GC(106) Archive regions: 2->2
[2025-12-22T21:09:20.409+0000][826.905s][info][gc,heap     ] GC(106) Humongous regions: 37->37
[2025-12-22T21:09:20.409+0000][826.905s][info][gc,metaspace] GC(106) Metaspace: 87020K(87936K)->87020K(87936K) NonClass: 75701K(76160K)->75701K(76160K) Class: 11318K(11776K)->11318K(11776K)
[2025-12-22T21:09:20.409+0000][826.905s][info][gc          ] GC(106) Pause Young (Normal) (G1 Evacuation Pause) 760M->85M(1128M) 3.312ms
[2025-12-22T21:09:20.409+0000][826.905s][info][gc,cpu      ] GC(106) User=0.00s Sys=0.00s Real=0.00s
[2025-12-22T21:09:28.292+0000][834.788s][info][gc,start    ] GC(107) Pause Young (Normal) (G1 Evacuation Pause)
[2025-12-22T21:09:28.293+0000][834.789s][info][gc,task     ] GC(107) Using 3 workers of 3 for evacuation
[2025-12-22T21:09:28.298+0000][834.795s][info][gc,phases   ] GC(107)   Pre Evacuate Collection Set: 0.2ms
[2025-12-22T21:09:28.299+0000][834.795s][info][gc,phases   ] GC(107)   Merge Heap Roots: 0.1ms
[2025-12-22T21:09:28.299+0000][834.795s][info][gc,phases   ] GC(107)   Evacuate Collection Set: 4.9ms
[2025-12-22T21:09:28.299+0000][834.795s][info][gc,phases   ] GC(107)   Post Evacuate Collection Set: 0.5ms
[2025-12-22T21:09:28.299+0000][834.795s][info][gc,phases   ] GC(107)   Other: 0.6ms
[2025-12-22T21:09:28.299+0000][834.795s][info][gc,heap     ] GC(107) Eden regions: 675->0(675)
[2025-12-22T21:09:28.299+0000][834.795s][info][gc,heap     ] GC(107) Survivor regions: 1->1(85)
[2025-12-22T21:09:28.299+0000][834.795s][info][gc,heap     ] GC(107) Old regions: 47->47
[2025-12-22T21:09:28.299+0000][834.795s][info][gc,heap     ] GC(107) Archive regions: 2->2
[2025-12-22T21:09:28.299+0000][834.795s][info][gc,heap     ] GC(107) Humongous regions: 37->37
[2025-12-22T21:09:28.299+0000][834.795s][info][gc,metaspace] GC(107) Metaspace: 87021K(87936K)->87021K(87936K) NonClass: 75702K(76160K)->75702K(76160K) Class: 11318K(11776K)->11318K(11776K)
[2025-12-22T21:09:28.299+0000][834.795s][info][gc          ] GC(107) Pause Young (Normal) (G1 Evacuation Pause) 760M->85M(1128M) 6.938ms
[2025-12-22T21:09:28.299+0000][834.796s][info][gc,cpu      ] GC(107) User=0.01s Sys=0.00s Real=0.01s
[2025-12-22T21:09:37.606+0000][844.102s][info][gc,start    ] GC(108) Pause Young (Normal) (G1 Evacuation Pause)
[2025-12-22T21:09:37.606+0000][844.103s][info][gc,task     ] GC(108) Using 3 workers of 3 for evacuation
[2025-12-22T21:09:37.610+0000][844.106s][info][gc,phases   ] GC(108)   Pre Evacuate Collection Set: 0.3ms
[2025-12-22T21:09:37.610+0000][844.106s][info][gc,phases   ] GC(108)   Merge Heap Roots: 0.2ms
[2025-12-22T21:09:37.610+0000][844.106s][info][gc,phases   ] GC(108)   Evacuate Collection Set: 1.9ms
[2025-12-22T21:09:37.610+0000][844.106s][info][gc,phases   ] GC(108)   Post Evacuate Collection Set: 0.7ms
[2025-12-22T21:09:37.610+0000][844.106s][info][gc,phases   ] GC(108)   Other: 0.7ms
[2025-12-22T21:09:37.610+0000][844.107s][info][gc,heap     ] GC(108) Eden regions: 675->0(675)
[2025-12-22T21:09:37.610+0000][844.107s][info][gc,heap     ] GC(108) Survivor regions: 1->1(85)
[2025-12-22T21:09:37.611+0000][844.107s][info][gc,heap     ] GC(108) Old regions: 47->47
[2025-12-22T21:09:37.611+0000][844.107s][info][gc,heap     ] GC(108) Archive regions: 2->2
[2025-12-22T21:09:37.611+0000][844.107s][info][gc,heap     ] GC(108) Humongous regions: 37->37
[2025-12-22T21:09:37.611+0000][844.107s][info][gc,metaspace] GC(108) Metaspace: 87022K(87936K)->87022K(87936K) NonClass: 75703K(76160K)->75703K(76160K) Class: 11318K(11776K)->11318K(11776K)
[2025-12-22T21:09:37.611+0000][844.107s][info][gc          ] GC(108) Pause Young (Normal) (G1 Evacuation Pause) 760M->85M(1128M) 4.993ms
[2025-12-22T21:09:37.611+0000][844.107s][info][gc,cpu      ] GC(108) User=0.01s Sys=0.00s Real=0.00s
[2025-12-22T21:09:45.401+0000][851.897s][info][gc,start    ] GC(109) Pause Young (Normal) (G1 Evacuation Pause)
[2025-12-22T21:09:45.401+0000][851.897s][info][gc,task     ] GC(109) Using 3 workers of 3 for evacuation
[2025-12-22T21:09:45.403+0000][851.900s][info][gc,phases   ] GC(109)   Pre Evacuate Collection Set: 0.2ms
[2025-12-22T21:09:45.404+0000][851.900s][info][gc,phases   ] GC(109)   Merge Heap Roots: 0.1ms
[2025-12-22T21:09:45.404+0000][851.900s][info][gc,phases   ] GC(109)   Evacuate Collection Set: 1.6ms
[2025-12-22T21:09:45.404+0000][851.900s][info][gc,phases   ] GC(109)   Post Evacuate Collection Set: 0.5ms
[2025-12-22T21:09:45.404+0000][851.900s][info][gc,phases   ] GC(109)   Other: 0.6ms
[2025-12-22T21:09:45.404+0000][851.900s][info][gc,heap     ] GC(109) Eden regions: 675->0(675)
[2025-12-22T21:09:45.404+0000][851.900s][info][gc,heap     ] GC(109) Survivor regions: 1->1(85)
[2025-12-22T21:09:45.404+0000][851.900s][info][gc,heap     ] GC(109) Old regions: 47->47
[2025-12-22T21:09:45.404+0000][851.900s][info][gc,heap     ] GC(109) Archive regions: 2->2
[2025-12-22T21:09:45.404+0000][851.900s][info][gc,heap     ] GC(109) Humongous regions: 37->37
[2025-12-22T21:09:45.404+0000][851.900s][info][gc,metaspace] GC(109) Metaspace: 87032K(87936K)->87032K(87936K) NonClass: 75714K(76160K)->75714K(76160K) Class: 11318K(11776K)->11318K(11776K)
[2025-12-22T21:09:45.404+0000][851.901s][info][gc          ] GC(109) Pause Young (Normal) (G1 Evacuation Pause) 760M->85M(1128M) 3.768ms
[2025-12-22T21:09:45.404+0000][851.901s][info][gc,cpu      ] GC(109) User=0.00s Sys=0.00s Real=0.00s
[2025-12-22T21:09:55.043+0000][861.539s][info][gc,start    ] GC(110) Pause Young (Normal) (G1 Evacuation Pause)
[2025-12-22T21:09:55.044+0000][861.541s][info][gc,task     ] GC(110) Using 3 workers of 3 for evacuation
[2025-12-22T21:09:55.054+0000][861.551s][info][gc,phases   ] GC(110)   Pre Evacuate Collection Set: 4.3ms
[2025-12-22T21:09:55.055+0000][861.551s][info][gc,phases   ] GC(110)   Merge Heap Roots: 0.6ms
[2025-12-22T21:09:55.055+0000][861.551s][info][gc,phases   ] GC(110)   Evacuate Collection Set: 4.2ms
[2025-12-22T21:09:55.055+0000][861.551s][info][gc,phases   ] GC(110)   Post Evacuate Collection Set: 0.6ms
[2025-12-22T21:09:55.055+0000][861.551s][info][gc,phases   ] GC(110)   Other: 2.2ms
[2025-12-22T21:09:55.055+0000][861.551s][info][gc,heap     ] GC(110) Eden regions: 675->0(675)
[2025-12-22T21:09:55.055+0000][861.551s][info][gc,heap     ] GC(110) Survivor regions: 1->1(85)
[2025-12-22T21:09:55.055+0000][861.551s][info][gc,heap     ] GC(110) Old regions: 47->47
[2025-12-22T21:09:55.055+0000][861.551s][info][gc,heap     ] GC(110) Archive regions: 2->2
[2025-12-22T21:09:55.055+0000][861.552s][info][gc,heap     ] GC(110) Humongous regions: 37->37
[2025-12-22T21:09:55.056+0000][861.552s][info][gc,metaspace] GC(110) Metaspace: 87033K(87936K)->87033K(87936K) NonClass: 75714K(76160K)->75714K(76160K) Class: 11318K(11776K)->11318K(11776K)
[2025-12-22T21:09:55.056+0000][861.552s][info][gc          ] GC(110) Pause Young (Normal) (G1 Evacuation Pause) 760M->85M(1128M) 12.940ms
[2025-12-22T21:09:55.056+0000][861.552s][info][gc,cpu      ] GC(110) User=0.01s Sys=0.00s Real=0.02s
[2025-12-22T21:10:02.911+0000][869.407s][info][gc,start    ] GC(111) Pause Young (Normal) (G1 Evacuation Pause)
[2025-12-22T21:10:02.911+0000][869.408s][info][gc,task     ] GC(111) Using 3 workers of 3 for evacuation
[2025-12-22T21:10:02.914+0000][869.410s][info][gc,phases   ] GC(111)   Pre Evacuate Collection Set: 0.3ms
[2025-12-22T21:10:02.914+0000][869.410s][info][gc,phases   ] GC(111)   Merge Heap Roots: 0.1ms
[2025-12-22T21:10:02.914+0000][869.410s][info][gc,phases   ] GC(111)   Evacuate Collection Set: 1.4ms
[2025-12-22T21:10:02.914+0000][869.410s][info][gc,phases   ] GC(111)   Post Evacuate Collection Set: 0.6ms
[2025-12-22T21:10:02.914+0000][869.410s][info][gc,phases   ] GC(111)   Other: 0.6ms
[2025-12-22T21:10:02.914+0000][869.411s][info][gc,heap     ] GC(111) Eden regions: 675->0(675)
[2025-12-22T21:10:02.914+0000][869.411s][info][gc,heap     ] GC(111) Survivor regions: 1->1(85)
[2025-12-22T21:10:02.914+0000][869.411s][info][gc,heap     ] GC(111) Old regions: 47->47
[2025-12-22T21:10:02.914+0000][869.411s][info][gc,heap     ] GC(111) Archive regions: 2->2
[2025-12-22T21:10:02.914+0000][869.411s][info][gc,heap     ] GC(111) Humongous regions: 37->37
[2025-12-22T21:10:02.914+0000][869.411s][info][gc,metaspace] GC(111) Metaspace: 87039K(87936K)->87039K(87936K) NonClass: 75720K(76160K)->75720K(76160K) Class: 11318K(11776K)->11318K(11776K)
[2025-12-22T21:10:02.915+0000][869.411s][info][gc          ] GC(111) Pause Young (Normal) (G1 Evacuation Pause) 760M->85M(1128M) 3.459ms
[2025-12-22T21:10:02.915+0000][869.411s][info][gc,cpu      ] GC(111) User=0.00s Sys=0.00s Real=0.00s
[2025-12-22T21:10:12.403+0000][878.899s][info][gc,start    ] GC(112) Pause Young (Normal) (G1 Evacuation Pause)
[2025-12-22T21:10:12.404+0000][878.900s][info][gc,task     ] GC(112) Using 3 workers of 3 for evacuation
[2025-12-22T21:10:12.407+0000][878.903s][info][gc,phases   ] GC(112)   Pre Evacuate Collection Set: 0.3ms
[2025-12-22T21:10:12.407+0000][878.904s][info][gc,phases   ] GC(112)   Merge Heap Roots: 0.1ms
[2025-12-22T21:10:12.408+0000][878.904s][info][gc,phases   ] GC(112)   Evacuate Collection Set: 1.9ms
[2025-12-22T21:10:12.408+0000][878.904s][info][gc,phases   ] GC(112)   Post Evacuate Collection Set: 0.7ms
[2025-12-22T21:10:12.408+0000][878.904s][info][gc,phases   ] GC(112)   Other: 1.4ms
[2025-12-22T21:10:12.408+0000][878.904s][info][gc,heap     ] GC(112) Eden regions: 675->0(675)
[2025-12-22T21:10:12.408+0000][878.904s][info][gc,heap     ] GC(112) Survivor regions: 1->1(85)
[2025-12-22T21:10:12.408+0000][878.904s][info][gc,heap     ] GC(112) Old regions: 47->47
[2025-12-22T21:10:12.408+0000][878.904s][info][gc,heap     ] GC(112) Archive regions: 2->2
[2025-12-22T21:10:12.408+0000][878.904s][info][gc,heap     ] GC(112) Humongous regions: 37->37
[2025-12-22T21:10:12.408+0000][878.905s][info][gc,metaspace] GC(112) Metaspace: 87039K(87936K)->87039K(87936K) NonClass: 75720K(76160K)->75720K(76160K) Class: 11318K(11776K)->11318K(11776K)
[2025-12-22T21:10:12.408+0000][878.905s][info][gc          ] GC(112) Pause Young (Normal) (G1 Evacuation Pause) 760M->85M(1128M) 5.498ms
[2025-12-22T21:10:12.409+0000][878.905s][info][gc,cpu      ] GC(112) User=0.01s Sys=0.00s Real=0.01s
[2025-12-22T21:10:20.386+0000][886.883s][info][gc,start    ] GC(113) Pause Young (Normal) (G1 Evacuation Pause)
[2025-12-22T21:10:20.387+0000][886.883s][info][gc,task     ] GC(113) Using 3 workers of 3 for evacuation
[2025-12-22T21:10:20.390+0000][886.886s][info][gc,phases   ] GC(113)   Pre Evacuate Collection Set: 0.2ms
[2025-12-22T21:10:20.390+0000][886.887s][info][gc,phases   ] GC(113)   Merge Heap Roots: 0.1ms
[2025-12-22T21:10:20.390+0000][886.887s][info][gc,phases   ] GC(113)   Evacuate Collection Set: 2.2ms
[2025-12-22T21:10:20.391+0000][886.887s][info][gc,phases   ] GC(113)   Post Evacuate Collection Set: 0.7ms
[2025-12-22T21:10:20.391+0000][886.887s][info][gc,phases   ] GC(113)   Other: 0.6ms
[2025-12-22T21:10:20.391+0000][886.887s][info][gc,heap     ] GC(113) Eden regions: 675->0(675)
[2025-12-22T21:10:20.391+0000][886.887s][info][gc,heap     ] GC(113) Survivor regions: 1->1(85)
[2025-12-22T21:10:20.391+0000][886.887s][info][gc,heap     ] GC(113) Old regions: 47->47
[2025-12-22T21:10:20.391+0000][886.887s][info][gc,heap     ] GC(113) Archive regions: 2->2
[2025-12-22T21:10:20.391+0000][886.887s][info][gc,heap     ] GC(113) Humongous regions: 37->37
[2025-12-22T21:10:20.391+0000][886.888s][info][gc,metaspace] GC(113) Metaspace: 87039K(87936K)->87039K(87936K) NonClass: 75720K(76160K)->75720K(76160K) Class: 11318K(11776K)->11318K(11776K)
[2025-12-22T21:10:20.391+0000][886.888s][info][gc          ] GC(113) Pause Young (Normal) (G1 Evacuation Pause) 760M->85M(1128M) 4.939ms
[2025-12-22T21:10:20.392+0000][886.888s][info][gc,cpu      ] GC(113) User=0.01s Sys=0.00s Real=0.00s
[2025-12-22T21:10:28.682+0000][895.179s][info][gc,start    ] GC(114) Pause Young (Normal) (G1 Evacuation Pause)
[2025-12-22T21:10:28.683+0000][895.180s][info][gc,task     ] GC(114) Using 3 workers of 3 for evacuation
[2025-12-22T21:10:28.685+0000][895.182s][info][gc,phases   ] GC(114)   Pre Evacuate Collection Set: 0.1ms
[2025-12-22T21:10:28.686+0000][895.182s][info][gc,phases   ] GC(114)   Merge Heap Roots: 0.1ms
[2025-12-22T21:10:28.686+0000][895.182s][info][gc,phases   ] GC(114)   Evacuate Collection Set: 1.1ms
[2025-12-22T21:10:28.686+0000][895.182s][info][gc,phases   ] GC(114)   Post Evacuate Collection Set: 0.4ms
[2025-12-22T21:10:28.686+0000][895.182s][info][gc,phases   ] GC(114)   Other: 1.3ms
[2025-12-22T21:10:28.686+0000][895.182s][info][gc,heap     ] GC(114) Eden regions: 675->0(675)
[2025-12-22T21:10:28.686+0000][895.182s][info][gc,heap     ] GC(114) Survivor regions: 1->1(85)
[2025-12-22T21:10:28.686+0000][895.182s][info][gc,heap     ] GC(114) Old regions: 47->47
[2025-12-22T21:10:28.686+0000][895.182s][info][gc,heap     ] GC(114) Archive regions: 2->2
[2025-12-22T21:10:28.686+0000][895.183s][info][gc,heap     ] GC(114) Humongous regions: 37->37
[2025-12-22T21:10:28.686+0000][895.183s][info][gc,metaspace] GC(114) Metaspace: 87041K(87936K)->87041K(87936K) NonClass: 75722K(76160K)->75722K(76160K) Class: 11318K(11776K)->11318K(11776K)
[2025-12-22T21:10:28.687+0000][895.183s][info][gc          ] GC(114) Pause Young (Normal) (G1 Evacuation Pause) 760M->85M(1128M) 4.107ms
[2025-12-22T21:10:28.687+0000][895.183s][info][gc,cpu      ] GC(114) User=0.00s Sys=0.00s Real=0.01s
[2025-12-22T21:10:38.117+0000][904.613s][info][gc,start    ] GC(115) Pause Young (Normal) (G1 Evacuation Pause)
[2025-12-22T21:10:38.118+0000][904.614s][info][gc,task     ] GC(115) Using 3 workers of 3 for evacuation
[2025-12-22T21:10:38.121+0000][904.617s][info][gc,phases   ] GC(115)   Pre Evacuate Collection Set: 0.2ms
[2025-12-22T21:10:38.121+0000][904.617s][info][gc,phases   ] GC(115)   Merge Heap Roots: 0.1ms
[2025-12-22T21:10:38.121+0000][904.618s][info][gc,phases   ] GC(115)   Evacuate Collection Set: 1.7ms
[2025-12-22T21:10:38.122+0000][904.618s][info][gc,phases   ] GC(115)   Post Evacuate Collection Set: 0.7ms
[2025-12-22T21:10:38.122+0000][904.618s][info][gc,phases   ] GC(115)   Other: 1.4ms
[2025-12-22T21:10:38.122+0000][904.618s][info][gc,heap     ] GC(115) Eden regions: 675->0(675)
[2025-12-22T21:10:38.122+0000][904.618s][info][gc,heap     ] GC(115) Survivor regions: 1->1(85)
[2025-12-22T21:10:38.122+0000][904.618s][info][gc,heap     ] GC(115) Old regions: 47->47
[2025-12-22T21:10:38.122+0000][904.619s][info][gc,heap     ] GC(115) Archive regions: 2->2
[2025-12-22T21:10:38.122+0000][904.619s][info][gc,heap     ] GC(115) Humongous regions: 37->37
[2025-12-22T21:10:38.123+0000][904.619s][info][gc,metaspace] GC(115) Metaspace: 87043K(87936K)->87043K(87936K) NonClass: 75725K(76160K)->75725K(76160K) Class: 11318K(11776K)->11318K(11776K)
[2025-12-22T21:10:38.123+0000][904.619s][info][gc          ] GC(115) Pause Young (Normal) (G1 Evacuation Pause) 760M->85M(1128M) 6.113ms
[2025-12-22T21:10:38.123+0000][904.619s][info][gc,cpu      ] GC(115) User=0.01s Sys=0.00s Real=0.00s
[2025-12-22T21:10:45.829+0000][912.325s][info][gc,start    ] GC(116) Pause Young (Normal) (G1 Evacuation Pause)
[2025-12-22T21:10:45.830+0000][912.326s][info][gc,task     ] GC(116) Using 3 workers of 3 for evacuation
[2025-12-22T21:10:45.832+0000][912.328s][info][gc,phases   ] GC(116)   Pre Evacuate Collection Set: 0.2ms
[2025-12-22T21:10:45.832+0000][912.328s][info][gc,phases   ] GC(116)   Merge Heap Roots: 0.1ms
[2025-12-22T21:10:45.832+0000][912.328s][info][gc,phases   ] GC(116)   Evacuate Collection Set: 1.2ms
[2025-12-22T21:10:45.832+0000][912.329s][info][gc,phases   ] GC(116)   Post Evacuate Collection Set: 0.5ms
[2025-12-22T21:10:45.833+0000][912.329s][info][gc,phases   ] GC(116)   Other: 0.9ms
[2025-12-22T21:10:45.833+0000][912.329s][info][gc,heap     ] GC(116) Eden regions: 675->0(675)
[2025-12-22T21:10:45.833+0000][912.329s][info][gc,heap     ] GC(116) Survivor regions: 1->1(85)
[2025-12-22T21:10:45.833+0000][912.329s][info][gc,heap     ] GC(116) Old regions: 47->48
[2025-12-22T21:10:45.833+0000][912.329s][info][gc,heap     ] GC(116) Archive regions: 2->2
[2025-12-22T21:10:45.833+0000][912.329s][info][gc,heap     ] GC(116) Humongous regions: 37->37
[2025-12-22T21:10:45.833+0000][912.330s][info][gc,metaspace] GC(116) Metaspace: 87044K(87936K)->87044K(87936K) NonClass: 75725K(76160K)->75725K(76160K) Class: 11318K(11776K)->11318K(11776K)
[2025-12-22T21:10:45.833+0000][912.330s][info][gc          ] GC(116) Pause Young (Normal) (G1 Evacuation Pause) 760M->85M(1128M) 4.276ms
[2025-12-22T21:10:45.834+0000][912.330s][info][gc,cpu      ] GC(116) User=0.01s Sys=0.00s Real=0.00s
[2025-12-22T21:10:55.246+0000][921.742s][info][gc,start    ] GC(117) Pause Young (Normal) (G1 Evacuation Pause)
[2025-12-22T21:10:55.247+0000][921.743s][info][gc,task     ] GC(117) Using 3 workers of 3 for evacuation
[2025-12-22T21:10:55.249+0000][921.745s][info][gc,phases   ] GC(117)   Pre Evacuate Collection Set: 0.2ms
[2025-12-22T21:10:55.249+0000][921.745s][info][gc,phases   ] GC(117)   Merge Heap Roots: 0.1ms
[2025-12-22T21:10:55.249+0000][921.746s][info][gc,phases   ] GC(117)   Evacuate Collection Set: 1.3ms
[2025-12-22T21:10:55.249+0000][921.746s][info][gc,phases   ] GC(117)   Post Evacuate Collection Set: 0.6ms
[2025-12-22T21:10:55.250+0000][921.746s][info][gc,phases   ] GC(117)   Other: 0.9ms
[2025-12-22T21:10:55.250+0000][921.746s][info][gc,heap     ] GC(117) Eden regions: 675->0(675)
[2025-12-22T21:10:55.250+0000][921.746s][info][gc,heap     ] GC(117) Survivor regions: 1->1(85)
[2025-12-22T21:10:55.250+0000][921.746s][info][gc,heap     ] GC(117) Old regions: 48->48
[2025-12-22T21:10:55.250+0000][921.746s][info][gc,heap     ] GC(117) Archive regions: 2->2
[2025-12-22T21:10:55.250+0000][921.746s][info][gc,heap     ] GC(117) Humongous regions: 37->37
[2025-12-22T21:10:55.250+0000][921.746s][info][gc,metaspace] GC(117) Metaspace: 87045K(87936K)->87045K(87936K) NonClass: 75726K(76160K)->75726K(76160K) Class: 11318K(11776K)->11318K(11776K)
[2025-12-22T21:10:55.250+0000][921.746s][info][gc          ] GC(117) Pause Young (Normal) (G1 Evacuation Pause) 760M->85M(1128M) 4.109ms
[2025-12-22T21:10:55.250+0000][921.747s][info][gc,cpu      ] GC(117) User=0.01s Sys=0.01s Real=0.00s
[2025-12-22T21:11:03.169+0000][929.665s][info][gc,start    ] GC(118) Pause Young (Normal) (G1 Evacuation Pause)
[2025-12-22T21:11:03.170+0000][929.666s][info][gc,task     ] GC(118) Using 3 workers of 3 for evacuation
[2025-12-22T21:11:03.173+0000][929.669s][info][gc,phases   ] GC(118)   Pre Evacuate Collection Set: 0.2ms
[2025-12-22T21:11:03.173+0000][929.669s][info][gc,phases   ] GC(118)   Merge Heap Roots: 0.1ms
[2025-12-22T21:11:03.173+0000][929.669s][info][gc,phases   ] GC(118)   Evacuate Collection Set: 2.0ms
[2025-12-22T21:11:03.173+0000][929.670s][info][gc,phases   ] GC(118)   Post Evacuate Collection Set: 0.5ms
[2025-12-22T21:11:03.173+0000][929.670s][info][gc,phases   ] GC(118)   Other: 1.4ms
[2025-12-22T21:11:03.173+0000][929.670s][info][gc,heap     ] GC(118) Eden regions: 675->0(675)
[2025-12-22T21:11:03.174+0000][929.670s][info][gc,heap     ] GC(118) Survivor regions: 1->1(85)
[2025-12-22T21:11:03.174+0000][929.670s][info][gc,heap     ] GC(118) Old regions: 48->48
[2025-12-22T21:11:03.174+0000][929.670s][info][gc,heap     ] GC(118) Archive regions: 2->2
[2025-12-22T21:11:03.174+0000][929.670s][info][gc,heap     ] GC(118) Humongous regions: 37->37
[2025-12-22T21:11:03.174+0000][929.670s][info][gc,metaspace] GC(118) Metaspace: 87053K(87936K)->87053K(87936K) NonClass: 75734K(76160K)->75734K(76160K) Class: 11318K(11776K)->11318K(11776K)
[2025-12-22T21:11:03.174+0000][929.670s][info][gc          ] GC(118) Pause Young (Normal) (G1 Evacuation Pause) 760M->85M(1128M) 5.239ms
[2025-12-22T21:11:03.174+0000][929.670s][info][gc,cpu      ] GC(118) User=0.01s Sys=0.00s Real=0.00s
[2025-12-22T21:11:12.644+0000][939.140s][info][gc,start    ] GC(119) Pause Young (Normal) (G1 Evacuation Pause)
[2025-12-22T21:11:12.645+0000][939.141s][info][gc,task     ] GC(119) Using 3 workers of 3 for evacuation
[2025-12-22T21:11:12.650+0000][939.146s][info][gc,phases   ] GC(119)   Pre Evacuate Collection Set: 0.3ms
[2025-12-22T21:11:12.650+0000][939.146s][info][gc,phases   ] GC(119)   Merge Heap Roots: 0.2ms
[2025-12-22T21:11:12.650+0000][939.146s][info][gc,phases   ] GC(119)   Evacuate Collection Set: 2.6ms
[2025-12-22T21:11:12.650+0000][939.147s][info][gc,phases   ] GC(119)   Post Evacuate Collection Set: 2.0ms
[2025-12-22T21:11:12.650+0000][939.147s][info][gc,phases   ] GC(119)   Other: 0.8ms
[2025-12-22T21:11:12.650+0000][939.147s][info][gc,heap     ] GC(119) Eden regions: 675->0(675)
[2025-12-22T21:11:12.651+0000][939.147s][info][gc,heap     ] GC(119) Survivor regions: 1->1(85)
[2025-12-22T21:11:12.651+0000][939.147s][info][gc,heap     ] GC(119) Old regions: 48->48
[2025-12-22T21:11:12.651+0000][939.147s][info][gc,heap     ] GC(119) Archive regions: 2->2
[2025-12-22T21:11:12.651+0000][939.147s][info][gc,heap     ] GC(119) Humongous regions: 37->37
[2025-12-22T21:11:12.651+0000][939.147s][info][gc,metaspace] GC(119) Metaspace: 87053K(87936K)->87053K(87936K) NonClass: 75734K(76160K)->75734K(76160K) Class: 11318K(11776K)->11318K(11776K)
[2025-12-22T21:11:12.651+0000][939.147s][info][gc          ] GC(119) Pause Young (Normal) (G1 Evacuation Pause) 760M->85M(1128M) 6.866ms
[2025-12-22T21:11:12.651+0000][939.147s][info][gc,cpu      ] GC(119) User=0.01s Sys=0.00s Real=0.01s
[2025-12-22T21:11:20.486+0000][946.983s][info][gc,start    ] GC(120) Pause Young (Normal) (G1 Evacuation Pause)
[2025-12-22T21:11:20.487+0000][946.983s][info][gc,task     ] GC(120) Using 3 workers of 3 for evacuation
[2025-12-22T21:11:20.488+0000][946.985s][info][gc,phases   ] GC(120)   Pre Evacuate Collection Set: 0.1ms
[2025-12-22T21:11:20.489+0000][946.985s][info][gc,phases   ] GC(120)   Merge Heap Roots: 0.1ms
[2025-12-22T21:11:20.489+0000][946.985s][info][gc,phases   ] GC(120)   Evacuate Collection Set: 1.0ms
[2025-12-22T21:11:20.489+0000][946.985s][info][gc,phases   ] GC(120)   Post Evacuate Collection Set: 0.4ms
[2025-12-22T21:11:20.489+0000][946.985s][info][gc,phases   ] GC(120)   Other: 0.4ms
[2025-12-22T21:11:20.489+0000][946.985s][info][gc,heap     ] GC(120) Eden regions: 675->0(675)
[2025-12-22T21:11:20.489+0000][946.986s][info][gc,heap     ] GC(120) Survivor regions: 1->1(85)
[2025-12-22T21:11:20.489+0000][946.986s][info][gc,heap     ] GC(120) Old regions: 48->48
[2025-12-22T21:11:20.490+0000][946.986s][info][gc,heap     ] GC(120) Archive regions: 2->2
[2025-12-22T21:11:20.490+0000][946.986s][info][gc,heap     ] GC(120) Humongous regions: 37->37
[2025-12-22T21:11:20.490+0000][946.986s][info][gc,metaspace] GC(120) Metaspace: 87055K(87936K)->87055K(87936K) NonClass: 75736K(76160K)->75736K(76160K) Class: 11318K(11776K)->11318K(11776K)
[2025-12-22T21:11:20.490+0000][946.986s][info][gc          ] GC(120) Pause Young (Normal) (G1 Evacuation Pause) 760M->85M(1128M) 3.503ms
[2025-12-22T21:11:20.490+0000][946.986s][info][gc,cpu      ] GC(120) User=0.00s Sys=0.00s Real=0.00s
[2025-12-22T21:11:28.297+0000][954.793s][info][gc,start    ] GC(121) Pause Young (Normal) (G1 Evacuation Pause)
[2025-12-22T21:11:28.297+0000][954.793s][info][gc,task     ] GC(121) Using 3 workers of 3 for evacuation
[2025-12-22T21:11:28.299+0000][954.795s][info][gc,phases   ] GC(121)   Pre Evacuate Collection Set: 0.1ms
[2025-12-22T21:11:28.299+0000][954.795s][info][gc,phases   ] GC(121)   Merge Heap Roots: 0.0ms
[2025-12-22T21:11:28.299+0000][954.796s][info][gc,phases   ] GC(121)   Evacuate Collection Set: 1.0ms
[2025-12-22T21:11:28.299+0000][954.796s][info][gc,phases   ] GC(121)   Post Evacuate Collection Set: 0.3ms
[2025-12-22T21:11:28.300+0000][954.796s][info][gc,phases   ] GC(121)   Other: 1.0ms
[2025-12-22T21:11:28.300+0000][954.796s][info][gc,heap     ] GC(121) Eden regions: 675->0(675)
[2025-12-22T21:11:28.300+0000][954.796s][info][gc,heap     ] GC(121) Survivor regions: 1->1(85)
[2025-12-22T21:11:28.300+0000][954.796s][info][gc,heap     ] GC(121) Old regions: 48->48
[2025-12-22T21:11:28.300+0000][954.796s][info][gc,heap     ] GC(121) Archive regions: 2->2
[2025-12-22T21:11:28.300+0000][954.796s][info][gc,heap     ] GC(121) Humongous regions: 37->37
[2025-12-22T21:11:28.300+0000][954.796s][info][gc,metaspace] GC(121) Metaspace: 87061K(87936K)->87061K(87936K) NonClass: 75743K(76160K)->75743K(76160K) Class: 11318K(11776K)->11318K(11776K)
[2025-12-22T21:11:28.300+0000][954.796s][info][gc          ] GC(121) Pause Young (Normal) (G1 Evacuation Pause) 760M->85M(1128M) 3.532ms
[2025-12-22T21:11:28.300+0000][954.796s][info][gc,cpu      ] GC(121) User=0.00s Sys=0.01s Real=0.00s
[2025-12-22T21:11:37.898+0000][964.394s][info][gc,start    ] GC(122) Pause Young (Normal) (G1 Evacuation Pause)
[2025-12-22T21:11:37.899+0000][964.395s][info][gc,task     ] GC(122) Using 3 workers of 3 for evacuation
[2025-12-22T21:11:37.903+0000][964.399s][info][gc,phases   ] GC(122)   Pre Evacuate Collection Set: 0.3ms
[2025-12-22T21:11:37.903+0000][964.399s][info][gc,phases   ] GC(122)   Merge Heap Roots: 0.1ms
[2025-12-22T21:11:37.903+0000][964.399s][info][gc,phases   ] GC(122)   Evacuate Collection Set: 2.5ms
[2025-12-22T21:11:37.903+0000][964.399s][info][gc,phases   ] GC(122)   Post Evacuate Collection Set: 0.9ms
[2025-12-22T21:11:37.903+0000][964.400s][info][gc,phases   ] GC(122)   Other: 1.4ms
[2025-12-22T21:11:37.903+0000][964.400s][info][gc,heap     ] GC(122) Eden regions: 675->0(674)
[2025-12-22T21:11:37.904+0000][964.400s][info][gc,heap     ] GC(122) Survivor regions: 1->2(85)
[2025-12-22T21:11:37.904+0000][964.400s][info][gc,heap     ] GC(122) Old regions: 48->48
[2025-12-22T21:11:37.904+0000][964.400s][info][gc,heap     ] GC(122) Archive regions: 2->2
[2025-12-22T21:11:37.904+0000][964.400s][info][gc,heap     ] GC(122) Humongous regions: 37->37
[2025-12-22T21:11:37.904+0000][964.400s][info][gc,metaspace] GC(122) Metaspace: 87073K(87936K)->87073K(87936K) NonClass: 75753K(76160K)->75753K(76160K) Class: 11319K(11776K)->11319K(11776K)
[2025-12-22T21:11:37.904+0000][964.400s][info][gc          ] GC(122) Pause Young (Normal) (G1 Evacuation Pause) 760M->86M(1128M) 6.496ms
[2025-12-22T21:11:37.904+0000][964.401s][info][gc,cpu      ] GC(122) User=0.01s Sys=0.00s Real=0.00s
[2025-12-22T21:11:45.809+0000][972.305s][info][gc,start    ] GC(123) Pause Young (Normal) (G1 Evacuation Pause)
[2025-12-22T21:11:45.810+0000][972.306s][info][gc,task     ] GC(123) Using 3 workers of 3 for evacuation
[2025-12-22T21:11:45.812+0000][972.308s][info][gc,phases   ] GC(123)   Pre Evacuate Collection Set: 0.1ms
[2025-12-22T21:11:45.812+0000][972.308s][info][gc,phases   ] GC(123)   Merge Heap Roots: 0.1ms
[2025-12-22T21:11:45.812+0000][972.308s][info][gc,phases   ] GC(123)   Evacuate Collection Set: 1.3ms
[2025-12-22T21:11:45.812+0000][972.308s][info][gc,phases   ] GC(123)   Post Evacuate Collection Set: 0.4ms
[2025-12-22T21:11:45.812+0000][972.309s][info][gc,phases   ] GC(123)   Other: 0.8ms
[2025-12-22T21:11:45.812+0000][972.309s][info][gc,heap     ] GC(123) Eden regions: 674->0(674)
[2025-12-22T21:11:45.812+0000][972.309s][info][gc,heap     ] GC(123) Survivor regions: 2->2(85)
[2025-12-22T21:11:45.813+0000][972.309s][info][gc,heap     ] GC(123) Old regions: 48->48
[2025-12-22T21:11:45.813+0000][972.309s][info][gc,heap     ] GC(123) Archive regions: 2->2
[2025-12-22T21:11:45.813+0000][972.309s][info][gc,heap     ] GC(123) Humongous regions: 37->37
[2025-12-22T21:11:45.813+0000][972.309s][info][gc,metaspace] GC(123) Metaspace: 87074K(87936K)->87074K(87936K) NonClass: 75754K(76160K)->75754K(76160K) Class: 11319K(11776K)->11319K(11776K)
[2025-12-22T21:11:45.813+0000][972.309s][info][gc          ] GC(123) Pause Young (Normal) (G1 Evacuation Pause) 760M->86M(1128M) 3.703ms
[2025-12-22T21:11:45.813+0000][972.309s][info][gc,cpu      ] GC(123) User=0.01s Sys=0.00s Real=0.00s
[2025-12-22T21:11:55.607+0000][982.103s][info][gc,start    ] GC(124) Pause Young (Normal) (G1 Evacuation Pause)
[2025-12-22T21:11:55.607+0000][982.103s][info][gc,task     ] GC(124) Using 3 workers of 3 for evacuation
[2025-12-22T21:11:55.611+0000][982.107s][info][gc,phases   ] GC(124)   Pre Evacuate Collection Set: 0.2ms
[2025-12-22T21:11:55.611+0000][982.108s][info][gc,phases   ] GC(124)   Merge Heap Roots: 0.1ms
[2025-12-22T21:11:55.612+0000][982.108s][info][gc,phases   ] GC(124)   Evacuate Collection Set: 2.4ms
[2025-12-22T21:11:55.612+0000][982.108s][info][gc,phases   ] GC(124)   Post Evacuate Collection Set: 0.8ms
[2025-12-22T21:11:55.612+0000][982.108s][info][gc,phases   ] GC(124)   Other: 1.0ms
[2025-12-22T21:11:55.612+0000][982.108s][info][gc,heap     ] GC(124) Eden regions: 674->0(674)
[2025-12-22T21:11:55.612+0000][982.108s][info][gc,heap     ] GC(124) Survivor regions: 2->2(85)
[2025-12-22T21:11:55.612+0000][982.109s][info][gc,heap     ] GC(124) Old regions: 48->48
[2025-12-22T21:11:55.612+0000][982.109s][info][gc,heap     ] GC(124) Archive regions: 2->2
[2025-12-22T21:11:55.613+0000][982.109s][info][gc,heap     ] GC(124) Humongous regions: 37->37
[2025-12-22T21:11:55.613+0000][982.109s][info][gc,metaspace] GC(124) Metaspace: 87074K(87936K)->87074K(87936K) NonClass: 75754K(76160K)->75754K(76160K) Class: 11319K(11776K)->11319K(11776K)
[2025-12-22T21:11:55.613+0000][982.109s][info][gc          ] GC(124) Pause Young (Normal) (G1 Evacuation Pause) 760M->86M(1128M) 6.266ms
[2025-12-22T21:11:55.613+0000][982.109s][info][gc,cpu      ] GC(124) User=0.01s Sys=0.00s Real=0.00s
[2025-12-22T21:12:03.617+0000][990.113s][info][gc,start    ] GC(125) Pause Young (Normal) (G1 Evacuation Pause)
[2025-12-22T21:12:03.617+0000][990.113s][info][gc,task     ] GC(125) Using 3 workers of 3 for evacuation
[2025-12-22T21:12:03.621+0000][990.117s][info][gc,phases   ] GC(125)   Pre Evacuate Collection Set: 0.2ms
[2025-12-22T21:12:03.621+0000][990.117s][info][gc,phases   ] GC(125)   Merge Heap Roots: 0.1ms
[2025-12-22T21:12:03.621+0000][990.117s][info][gc,phases   ] GC(125)   Evacuate Collection Set: 1.8ms
[2025-12-22T21:12:03.621+0000][990.117s][info][gc,phases   ] GC(125)   Post Evacuate Collection Set: 1.2ms
[2025-12-22T21:12:03.621+0000][990.117s][info][gc,phases   ] GC(125)   Other: 0.5ms
[2025-12-22T21:12:03.621+0000][990.118s][info][gc,heap     ] GC(125) Eden regions: 674->0(674)
[2025-12-22T21:12:03.621+0000][990.118s][info][gc,heap     ] GC(125) Survivor regions: 2->2(85)
[2025-12-22T21:12:03.622+0000][990.118s][info][gc,heap     ] GC(125) Old regions: 48->48
[2025-12-22T21:12:03.622+0000][990.118s][info][gc,heap     ] GC(125) Archive regions: 2->2
[2025-12-22T21:12:03.622+0000][990.118s][info][gc,heap     ] GC(125) Humongous regions: 37->37
[2025-12-22T21:12:03.622+0000][990.118s][info][gc,metaspace] GC(125) Metaspace: 87074K(87936K)->87074K(87936K) NonClass: 75754K(76160K)->75754K(76160K) Class: 11319K(11776K)->11319K(11776K)
[2025-12-22T21:12:03.622+0000][990.118s][info][gc          ] GC(125) Pause Young (Normal) (G1 Evacuation Pause) 760M->86M(1128M) 5.146ms
[2025-12-22T21:12:03.622+0000][990.118s][info][gc,cpu      ] GC(125) User=0.01s Sys=0.00s Real=0.00s
[2025-12-22T21:12:12.908+0000][999.404s][info][gc,start    ] GC(126) Pause Young (Normal) (G1 Evacuation Pause)
[2025-12-22T21:12:12.909+0000][999.405s][info][gc,task     ] GC(126) Using 3 workers of 3 for evacuation
[2025-12-22T21:12:12.912+0000][999.408s][info][gc,phases   ] GC(126)   Pre Evacuate Collection Set: 0.2ms
[2025-12-22T21:12:12.912+0000][999.408s][info][gc,phases   ] GC(126)   Merge Heap Roots: 0.1ms
[2025-12-22T21:12:12.912+0000][999.408s][info][gc,phases   ] GC(126)   Evacuate Collection Set: 1.6ms
[2025-12-22T21:12:12.912+0000][999.408s][info][gc,phases   ] GC(126)   Post Evacuate Collection Set: 0.6ms
[2025-12-22T21:12:12.912+0000][999.408s][info][gc,phases   ] GC(126)   Other: 1.4ms
[2025-12-22T21:12:12.912+0000][999.409s][info][gc,heap     ] GC(126) Eden regions: 674->0(674)
[2025-12-22T21:12:12.913+0000][999.409s][info][gc,heap     ] GC(126) Survivor regions: 2->2(85)
[2025-12-22T21:12:12.913+0000][999.409s][info][gc,heap     ] GC(126) Old regions: 48->48
[2025-12-22T21:12:12.913+0000][999.409s][info][gc,heap     ] GC(126) Archive regions: 2->2
[2025-12-22T21:12:12.913+0000][999.409s][info][gc,heap     ] GC(126) Humongous regions: 37->37
[2025-12-22T21:12:12.913+0000][999.409s][info][gc,metaspace] GC(126) Metaspace: 87074K(87936K)->87074K(87936K) NonClass: 75754K(76160K)->75754K(76160K) Class: 11319K(11776K)->11319K(11776K)
[2025-12-22T21:12:12.913+0000][999.410s][info][gc          ] GC(126) Pause Young (Normal) (G1 Evacuation Pause) 760M->86M(1128M) 5.767ms
[2025-12-22T21:12:12.914+0000][999.410s][info][gc,cpu      ] GC(126) User=0.01s Sys=0.00s Real=0.00s
[2025-12-22T21:12:20.933+0000][1007.429s][info][gc,start    ] GC(127) Pause Young (Normal) (G1 Evacuation Pause)
[2025-12-22T21:12:20.933+0000][1007.429s][info][gc,task     ] GC(127) Using 3 workers of 3 for evacuation
[2025-12-22T21:12:20.936+0000][1007.433s][info][gc,phases   ] GC(127)   Pre Evacuate Collection Set: 0.1ms
[2025-12-22T21:12:20.937+0000][1007.433s][info][gc,phases   ] GC(127)   Merge Heap Roots: 0.1ms
[2025-12-22T21:12:20.937+0000][1007.433s][info][gc,phases   ] GC(127)   Evacuate Collection Set: 2.1ms
[2025-12-22T21:12:20.937+0000][1007.433s][info][gc,phases   ] GC(127)   Post Evacuate Collection Set: 0.6ms
[2025-12-22T21:12:20.937+0000][1007.433s][info][gc,phases   ] GC(127)   Other: 0.9ms
[2025-12-22T21:12:20.937+0000][1007.433s][info][gc,heap     ] GC(127) Eden regions: 674->0(674)
[2025-12-22T21:12:20.937+0000][1007.433s][info][gc,heap     ] GC(127) Survivor regions: 2->2(85)
[2025-12-22T21:12:20.937+0000][1007.434s][info][gc,heap     ] GC(127) Old regions: 48->48
[2025-12-22T21:12:20.937+0000][1007.434s][info][gc,heap     ] GC(127) Archive regions: 2->2
[2025-12-22T21:12:20.938+0000][1007.434s][info][gc,heap     ] GC(127) Humongous regions: 37->37
[2025-12-22T21:12:20.938+0000][1007.434s][info][gc,metaspace] GC(127) Metaspace: 87074K(87936K)->87074K(87936K) NonClass: 75755K(76160K)->75755K(76160K) Class: 11319K(11776K)->11319K(11776K)
[2025-12-22T21:12:20.938+0000][1007.434s][info][gc          ] GC(127) Pause Young (Normal) (G1 Evacuation Pause) 760M->86M(1128M) 5.251ms
[2025-12-22T21:12:20.938+0000][1007.434s][info][gc,cpu      ] GC(127) User=0.00s Sys=0.00s Real=0.01s
[2025-12-22T21:12:28.965+0000][1015.461s][info][gc,start    ] GC(128) Pause Young (Normal) (G1 Evacuation Pause)
[2025-12-22T21:12:28.966+0000][1015.462s][info][gc,task     ] GC(128) Using 3 workers of 3 for evacuation
[2025-12-22T21:12:28.970+0000][1015.466s][info][gc,phases   ] GC(128)   Pre Evacuate Collection Set: 0.2ms
[2025-12-22T21:12:28.970+0000][1015.466s][info][gc,phases   ] GC(128)   Merge Heap Roots: 0.2ms
[2025-12-22T21:12:28.970+0000][1015.466s][info][gc,phases   ] GC(128)   Evacuate Collection Set: 2.3ms
[2025-12-22T21:12:28.970+0000][1015.466s][info][gc,phases   ] GC(128)   Post Evacuate Collection Set: 0.7ms
[2025-12-22T21:12:28.970+0000][1015.466s][info][gc,phases   ] GC(128)   Other: 1.2ms
[2025-12-22T21:12:28.970+0000][1015.467s][info][gc,heap     ] GC(128) Eden regions: 674->0(674)
[2025-12-22T21:12:28.970+0000][1015.467s][info][gc,heap     ] GC(128) Survivor regions: 2->2(85)
[2025-12-22T21:12:28.971+0000][1015.467s][info][gc,heap     ] GC(128) Old regions: 48->48
[2025-12-22T21:12:28.971+0000][1015.467s][info][gc,heap     ] GC(128) Archive regions: 2->2
[2025-12-22T21:12:28.971+0000][1015.467s][info][gc,heap     ] GC(128) Humongous regions: 37->37
[2025-12-22T21:12:28.971+0000][1015.467s][info][gc,metaspace] GC(128) Metaspace: 87074K(87936K)->87074K(87936K) NonClass: 75755K(76160K)->75755K(76160K) Class: 11319K(11776K)->11319K(11776K)
[2025-12-22T21:12:28.971+0000][1015.467s][info][gc          ] GC(128) Pause Young (Normal) (G1 Evacuation Pause) 760M->86M(1128M) 6.015ms
[2025-12-22T21:12:28.971+0000][1015.467s][info][gc,cpu      ] GC(128) User=0.01s Sys=0.00s Real=0.00s
[2025-12-22T21:12:38.555+0000][1025.051s][info][gc,start    ] GC(129) Pause Young (Normal) (G1 Evacuation Pause)
[2025-12-22T21:12:38.555+0000][1025.051s][info][gc,task     ] GC(129) Using 3 workers of 3 for evacuation
[2025-12-22T21:12:38.557+0000][1025.053s][info][gc,phases   ] GC(129)   Pre Evacuate Collection Set: 0.1ms
[2025-12-22T21:12:38.557+0000][1025.053s][info][gc,phases   ] GC(129)   Merge Heap Roots: 0.1ms
[2025-12-22T21:12:38.557+0000][1025.053s][info][gc,phases   ] GC(129)   Evacuate Collection Set: 1.1ms
[2025-12-22T21:12:38.557+0000][1025.054s][info][gc,phases   ] GC(129)   Post Evacuate Collection Set: 0.4ms
[2025-12-22T21:12:38.557+0000][1025.054s][info][gc,phases   ] GC(129)   Other: 0.5ms
[2025-12-22T21:12:38.558+0000][1025.054s][info][gc,heap     ] GC(129) Eden regions: 674->0(674)
[2025-12-22T21:12:38.558+0000][1025.054s][info][gc,heap     ] GC(129) Survivor regions: 2->2(85)
[2025-12-22T21:12:38.558+0000][1025.054s][info][gc,heap     ] GC(129) Old regions: 48->48
[2025-12-22T21:12:38.558+0000][1025.054s][info][gc,heap     ] GC(129) Archive regions: 2->2
[2025-12-22T21:12:38.558+0000][1025.054s][info][gc,heap     ] GC(129) Humongous regions: 37->37
[2025-12-22T21:12:38.558+0000][1025.054s][info][gc,metaspace] GC(129) Metaspace: 87076K(87936K)->87076K(87936K) NonClass: 75756K(76160K)->75756K(76160K) Class: 11319K(11776K)->11319K(11776K)
[2025-12-22T21:12:38.558+0000][1025.054s][info][gc          ] GC(129) Pause Young (Normal) (G1 Evacuation Pause) 760M->86M(1128M) 3.350ms
[2025-12-22T21:12:38.558+0000][1025.055s][info][gc,cpu      ] GC(129) User=0.01s Sys=0.00s Real=0.00s
[2025-12-22T21:12:46.698+0000][1033.194s][info][gc,start    ] GC(130) Pause Young (Normal) (G1 Evacuation Pause)
[2025-12-22T21:12:46.699+0000][1033.195s][info][gc,task     ] GC(130) Using 3 workers of 3 for evacuation
[2025-12-22T21:12:46.705+0000][1033.202s][info][gc,phases   ] GC(130)   Pre Evacuate Collection Set: 1.3ms
[2025-12-22T21:12:46.706+0000][1033.202s][info][gc,phases   ] GC(130)   Merge Heap Roots: 0.1ms
[2025-12-22T21:12:46.706+0000][1033.202s][info][gc,phases   ] GC(130)   Evacuate Collection Set: 4.2ms
[2025-12-22T21:12:46.706+0000][1033.202s][info][gc,phases   ] GC(130)   Post Evacuate Collection Set: 0.7ms
[2025-12-22T21:12:46.706+0000][1033.202s][info][gc,phases   ] GC(130)   Other: 1.4ms
[2025-12-22T21:12:46.706+0000][1033.202s][info][gc,heap     ] GC(130) Eden regions: 674->0(675)
[2025-12-22T21:12:46.706+0000][1033.202s][info][gc,heap     ] GC(130) Survivor regions: 2->1(85)
[2025-12-22T21:12:46.706+0000][1033.202s][info][gc,heap     ] GC(130) Old regions: 48->48
[2025-12-22T21:12:46.706+0000][1033.203s][info][gc,heap     ] GC(130) Archive regions: 2->2
[2025-12-22T21:12:46.706+0000][1033.203s][info][gc,heap     ] GC(130) Humongous regions: 37->37
[2025-12-22T21:12:46.706+0000][1033.203s][info][gc,metaspace] GC(130) Metaspace: 87076K(87936K)->87076K(87936K) NonClass: 75757K(76160K)->75757K(76160K) Class: 11319K(11776K)->11319K(11776K)
[2025-12-22T21:12:46.707+0000][1033.203s][info][gc          ] GC(130) Pause Young (Normal) (G1 Evacuation Pause) 760M->86M(1128M) 8.847ms
[2025-12-22T21:12:46.707+0000][1033.203s][info][gc,cpu      ] GC(130) User=0.02s Sys=0.00s Real=0.01s
[2025-12-22T21:12:56.231+0000][1042.727s][info][gc,start    ] GC(131) Pause Young (Normal) (G1 Evacuation Pause)
[2025-12-22T21:12:56.232+0000][1042.728s][info][gc,task     ] GC(131) Using 3 workers of 3 for evacuation
[2025-12-22T21:12:56.234+0000][1042.731s][info][gc,phases   ] GC(131)   Pre Evacuate Collection Set: 0.2ms
[2025-12-22T21:12:56.235+0000][1042.731s][info][gc,phases   ] GC(131)   Merge Heap Roots: 0.1ms
[2025-12-22T21:12:56.235+0000][1042.731s][info][gc,phases   ] GC(131)   Evacuate Collection Set: 1.7ms
[2025-12-22T21:12:56.235+0000][1042.731s][info][gc,phases   ] GC(131)   Post Evacuate Collection Set: 0.6ms
[2025-12-22T21:12:56.235+0000][1042.731s][info][gc,phases   ] GC(131)   Other: 1.3ms
[2025-12-22T21:12:56.235+0000][1042.731s][info][gc,heap     ] GC(131) Eden regions: 675->0(675)
[2025-12-22T21:12:56.235+0000][1042.731s][info][gc,heap     ] GC(131) Survivor regions: 1->1(85)
[2025-12-22T21:12:56.235+0000][1042.732s][info][gc,heap     ] GC(131) Old regions: 48->48
[2025-12-22T21:12:56.235+0000][1042.732s][info][gc,heap     ] GC(131) Archive regions: 2->2
[2025-12-22T21:12:56.236+0000][1042.732s][info][gc,heap     ] GC(131) Humongous regions: 37->37
[2025-12-22T21:12:56.236+0000][1042.732s][info][gc,metaspace] GC(131) Metaspace: 87077K(87936K)->87077K(87936K) NonClass: 75757K(76160K)->75757K(76160K) Class: 11319K(11776K)->11319K(11776K)
[2025-12-22T21:12:56.236+0000][1042.732s][info][gc          ] GC(131) Pause Young (Normal) (G1 Evacuation Pause) 761M->86M(1128M) 5.128ms
[2025-12-22T21:12:56.236+0000][1042.732s][info][gc,cpu      ] GC(131) User=0.01s Sys=0.00s Real=0.01s
[2025-12-22T21:13:04.042+0000][1050.538s][info][gc,start    ] GC(132) Pause Young (Normal) (G1 Evacuation Pause)
[2025-12-22T21:13:04.043+0000][1050.539s][info][gc,task     ] GC(132) Using 3 workers of 3 for evacuation
[2025-12-22T21:13:04.045+0000][1050.541s][info][gc,phases   ] GC(132)   Pre Evacuate Collection Set: 0.1ms
[2025-12-22T21:13:04.045+0000][1050.541s][info][gc,phases   ] GC(132)   Merge Heap Roots: 0.1ms
[2025-12-22T21:13:04.045+0000][1050.541s][info][gc,phases   ] GC(132)   Evacuate Collection Set: 0.9ms
[2025-12-22T21:13:04.045+0000][1050.541s][info][gc,phases   ] GC(132)   Post Evacuate Collection Set: 0.4ms
[2025-12-22T21:13:04.045+0000][1050.541s][info][gc,phases   ] GC(132)   Other: 1.2ms
[2025-12-22T21:13:04.045+0000][1050.541s][info][gc,heap     ] GC(132) Eden regions: 675->0(675)
[2025-12-22T21:13:04.045+0000][1050.541s][info][gc,heap     ] GC(132) Survivor regions: 1->1(85)
[2025-12-22T21:13:04.045+0000][1050.542s][info][gc,heap     ] GC(132) Old regions: 48->48
[2025-12-22T21:13:04.045+0000][1050.542s][info][gc,heap     ] GC(132) Archive regions: 2->2
[2025-12-22T21:13:04.046+0000][1050.542s][info][gc,heap     ] GC(132) Humongous regions: 37->37
[2025-12-22T21:13:04.046+0000][1050.542s][info][gc,metaspace] GC(132) Metaspace: 87078K(87936K)->87078K(87936K) NonClass: 75758K(76160K)->75758K(76160K) Class: 11319K(11776K)->11319K(11776K)
[2025-12-22T21:13:04.046+0000][1050.542s][info][gc          ] GC(132) Pause Young (Normal) (G1 Evacuation Pause) 761M->86M(1128M) 3.831ms
[2025-12-22T21:13:04.046+0000][1050.542s][info][gc,cpu      ] GC(132) User=0.01s Sys=0.00s Real=0.01s
[2025-12-22T21:13:12.922+0000][1059.419s][info][gc,start    ] GC(133) Pause Young (Normal) (G1 Evacuation Pause)
[2025-12-22T21:13:12.923+0000][1059.419s][info][gc,task     ] GC(133) Using 3 workers of 3 for evacuation
[2025-12-22T21:13:12.926+0000][1059.422s][info][gc,phases   ] GC(133)   Pre Evacuate Collection Set: 0.2ms
[2025-12-22T21:13:12.926+0000][1059.422s][info][gc,phases   ] GC(133)   Merge Heap Roots: 0.1ms
[2025-12-22T21:13:12.926+0000][1059.422s][info][gc,phases   ] GC(133)   Evacuate Collection Set: 2.0ms
[2025-12-22T21:13:12.926+0000][1059.423s][info][gc,phases   ] GC(133)   Post Evacuate Collection Set: 0.6ms
[2025-12-22T21:13:12.926+0000][1059.423s][info][gc,phases   ] GC(133)   Other: 0.7ms
[2025-12-22T21:13:12.926+0000][1059.423s][info][gc,heap     ] GC(133) Eden regions: 675->0(675)
[2025-12-22T21:13:12.926+0000][1059.423s][info][gc,heap     ] GC(133) Survivor regions: 1->1(85)
[2025-12-22T21:13:12.927+0000][1059.423s][info][gc,heap     ] GC(133) Old regions: 48->48
[2025-12-22T21:13:12.927+0000][1059.423s][info][gc,heap     ] GC(133) Archive regions: 2->2
[2025-12-22T21:13:12.927+0000][1059.423s][info][gc,heap     ] GC(133) Humongous regions: 37->37
[2025-12-22T21:13:12.927+0000][1059.423s][info][gc,metaspace] GC(133) Metaspace: 87079K(87936K)->87079K(87936K) NonClass: 75760K(76160K)->75760K(76160K) Class: 11319K(11776K)->11319K(11776K)
[2025-12-22T21:13:12.927+0000][1059.423s][info][gc          ] GC(133) Pause Young (Normal) (G1 Evacuation Pause) 761M->86M(1128M) 4.291ms
[2025-12-22T21:13:12.927+0000][1059.423s][info][gc,cpu      ] GC(133) User=0.01s Sys=0.00s Real=0.01s
[2025-12-22T21:13:21.594+0000][1068.090s][info][gc,start    ] GC(134) Pause Young (Normal) (G1 Evacuation Pause)
[2025-12-22T21:13:21.594+0000][1068.090s][info][gc,task     ] GC(134) Using 3 workers of 3 for evacuation
[2025-12-22T21:13:21.597+0000][1068.093s][info][gc,phases   ] GC(134)   Pre Evacuate Collection Set: 0.2ms
[2025-12-22T21:13:21.597+0000][1068.093s][info][gc,phases   ] GC(134)   Merge Heap Roots: 0.1ms
[2025-12-22T21:13:21.597+0000][1068.093s][info][gc,phases   ] GC(134)   Evacuate Collection Set: 1.4ms
[2025-12-22T21:13:21.597+0000][1068.093s][info][gc,phases   ] GC(134)   Post Evacuate Collection Set: 0.6ms
[2025-12-22T21:13:21.597+0000][1068.093s][info][gc,phases   ] GC(134)   Other: 0.7ms
[2025-12-22T21:13:21.597+0000][1068.093s][info][gc,heap     ] GC(134) Eden regions: 675->0(675)
[2025-12-22T21:13:21.597+0000][1068.094s][info][gc,heap     ] GC(134) Survivor regions: 1->1(85)
[2025-12-22T21:13:21.597+0000][1068.094s][info][gc,heap     ] GC(134) Old regions: 48->48
[2025-12-22T21:13:21.597+0000][1068.094s][info][gc,heap     ] GC(134) Archive regions: 2->2
[2025-12-22T21:13:21.598+0000][1068.094s][info][gc,heap     ] GC(134) Humongous regions: 37->37
[2025-12-22T21:13:21.598+0000][1068.094s][info][gc,metaspace] GC(134) Metaspace: 87080K(87936K)->87080K(87936K) NonClass: 75760K(76160K)->75760K(76160K) Class: 11319K(11776K)->11319K(11776K)
[2025-12-22T21:13:21.598+0000][1068.094s][info][gc          ] GC(134) Pause Young (Normal) (G1 Evacuation Pause) 761M->86M(1128M) 3.870ms
[2025-12-22T21:13:21.598+0000][1068.094s][info][gc,cpu      ] GC(134) User=0.01s Sys=0.00s Real=0.01s
[2025-12-22T21:13:29.953+0000][1076.449s][info][gc,start    ] GC(135) Pause Young (Normal) (G1 Evacuation Pause)
[2025-12-22T21:13:29.953+0000][1076.449s][info][gc,task     ] GC(135) Using 3 workers of 3 for evacuation
[2025-12-22T21:13:29.955+0000][1076.452s][info][gc,phases   ] GC(135)   Pre Evacuate Collection Set: 0.1ms
[2025-12-22T21:13:29.956+0000][1076.452s][info][gc,phases   ] GC(135)   Merge Heap Roots: 0.1ms
[2025-12-22T21:13:29.956+0000][1076.452s][info][gc,phases   ] GC(135)   Evacuate Collection Set: 1.4ms
[2025-12-22T21:13:29.956+0000][1076.452s][info][gc,phases   ] GC(135)   Post Evacuate Collection Set: 0.6ms
[2025-12-22T21:13:29.956+0000][1076.452s][info][gc,phases   ] GC(135)   Other: 0.7ms
[2025-12-22T21:13:29.956+0000][1076.452s][info][gc,heap     ] GC(135) Eden regions: 675->0(675)
[2025-12-22T21:13:29.956+0000][1076.453s][info][gc,heap     ] GC(135) Survivor regions: 1->1(85)
[2025-12-22T21:13:29.956+0000][1076.453s][info][gc,heap     ] GC(135) Old regions: 48->48
[2025-12-22T21:13:29.957+0000][1076.453s][info][gc,heap     ] GC(135) Archive regions: 2->2
[2025-12-22T21:13:29.957+0000][1076.453s][info][gc,heap     ] GC(135) Humongous regions: 37->37
[2025-12-22T21:13:29.957+0000][1076.453s][info][gc,metaspace] GC(135) Metaspace: 87081K(87936K)->87081K(87936K) NonClass: 75761K(76160K)->75761K(76160K) Class: 11319K(11776K)->11319K(11776K)
[2025-12-22T21:13:29.957+0000][1076.453s][info][gc          ] GC(135) Pause Young (Normal) (G1 Evacuation Pause) 761M->86M(1128M) 4.497ms
[2025-12-22T21:13:29.957+0000][1076.453s][info][gc,cpu      ] GC(135) User=0.01s Sys=0.00s Real=0.01s
[2025-12-22T21:13:39.814+0000][1086.310s][info][gc,start    ] GC(136) Pause Young (Normal) (G1 Evacuation Pause)
[2025-12-22T21:13:39.814+0000][1086.310s][info][gc,task     ] GC(136) Using 3 workers of 3 for evacuation
[2025-12-22T21:13:39.816+0000][1086.313s][info][gc,phases   ] GC(136)   Pre Evacuate Collection Set: 0.2ms
[2025-12-22T21:13:39.816+0000][1086.313s][info][gc,phases   ] GC(136)   Merge Heap Roots: 0.1ms
[2025-12-22T21:13:39.816+0000][1086.313s][info][gc,phases   ] GC(136)   Evacuate Collection Set: 1.4ms
[2025-12-22T21:13:39.817+0000][1086.313s][info][gc,phases   ] GC(136)   Post Evacuate Collection Set: 0.4ms
[2025-12-22T21:13:39.817+0000][1086.313s][info][gc,phases   ] GC(136)   Other: 0.7ms
[2025-12-22T21:13:39.817+0000][1086.313s][info][gc,heap     ] GC(136) Eden regions: 675->0(675)
[2025-12-22T21:13:39.817+0000][1086.313s][info][gc,heap     ] GC(136) Survivor regions: 1->1(85)
[2025-12-22T21:13:39.817+0000][1086.313s][info][gc,heap     ] GC(136) Old regions: 48->48
[2025-12-22T21:13:39.817+0000][1086.313s][info][gc,heap     ] GC(136) Archive regions: 2->2
[2025-12-22T21:13:39.817+0000][1086.313s][info][gc,heap     ] GC(136) Humongous regions: 37->37
[2025-12-22T21:13:39.817+0000][1086.313s][info][gc,metaspace] GC(136) Metaspace: 87086K(88000K)->87086K(88000K) NonClass: 75766K(76224K)->75766K(76224K) Class: 11319K(11776K)->11319K(11776K)
[2025-12-22T21:13:39.817+0000][1086.313s][info][gc          ] GC(136) Pause Young (Normal) (G1 Evacuation Pause) 761M->86M(1128M) 3.467ms
[2025-12-22T21:13:39.817+0000][1086.313s][info][gc,cpu      ] GC(136) User=0.01s Sys=0.00s Real=0.01s
[2025-12-22T21:13:48.043+0000][1094.539s][info][gc,start    ] GC(137) Pause Young (Normal) (G1 Evacuation Pause)
[2025-12-22T21:13:48.044+0000][1094.540s][info][gc,task     ] GC(137) Using 3 workers of 3 for evacuation
[2025-12-22T21:13:48.047+0000][1094.543s][info][gc,phases   ] GC(137)   Pre Evacuate Collection Set: 0.2ms
[2025-12-22T21:13:48.047+0000][1094.543s][info][gc,phases   ] GC(137)   Merge Heap Roots: 0.2ms
[2025-12-22T21:13:48.047+0000][1094.543s][info][gc,phases   ] GC(137)   Evacuate Collection Set: 1.7ms
[2025-12-22T21:13:48.047+0000][1094.544s][info][gc,phases   ] GC(137)   Post Evacuate Collection Set: 0.8ms
[2025-12-22T21:13:48.048+0000][1094.544s][info][gc,phases   ] GC(137)   Other: 1.4ms
[2025-12-22T21:13:48.048+0000][1094.544s][info][gc,heap     ] GC(137) Eden regions: 675->0(675)
[2025-12-22T21:13:48.048+0000][1094.544s][info][gc,heap     ] GC(137) Survivor regions: 1->1(85)
[2025-12-22T21:13:48.048+0000][1094.544s][info][gc,heap     ] GC(137) Old regions: 48->48
[2025-12-22T21:13:48.048+0000][1094.544s][info][gc,heap     ] GC(137) Archive regions: 2->2
[2025-12-22T21:13:48.048+0000][1094.544s][info][gc,heap     ] GC(137) Humongous regions: 37->37
[2025-12-22T21:13:48.048+0000][1094.544s][info][gc,metaspace] GC(137) Metaspace: 87086K(88000K)->87086K(88000K) NonClass: 75767K(76224K)->75767K(76224K) Class: 11319K(11776K)->11319K(11776K)
[2025-12-22T21:13:48.048+0000][1094.545s][info][gc          ] GC(137) Pause Young (Normal) (G1 Evacuation Pause) 761M->86M(1128M) 5.624ms
[2025-12-22T21:13:48.048+0000][1094.545s][info][gc,cpu      ] GC(137) User=0.01s Sys=0.00s Real=0.01s
[2025-12-22T21:13:57.905+0000][1104.401s][info][gc,start    ] GC(138) Pause Young (Normal) (G1 Evacuation Pause)
[2025-12-22T21:13:57.906+0000][1104.402s][info][gc,task     ] GC(138) Using 3 workers of 3 for evacuation
[2025-12-22T21:13:57.909+0000][1104.406s][info][gc,phases   ] GC(138)   Pre Evacuate Collection Set: 0.2ms
[2025-12-22T21:13:57.909+0000][1104.406s][info][gc,phases   ] GC(138)   Merge Heap Roots: 0.2ms
[2025-12-22T21:13:57.910+0000][1104.406s][info][gc,phases   ] GC(138)   Evacuate Collection Set: 2.5ms
[2025-12-22T21:13:57.910+0000][1104.406s][info][gc,phases   ] GC(138)   Post Evacuate Collection Set: 0.5ms
[2025-12-22T21:13:57.910+0000][1104.406s][info][gc,phases   ] GC(138)   Other: 1.0ms
[2025-12-22T21:13:57.910+0000][1104.406s][info][gc,heap     ] GC(138) Eden regions: 675->0(675)
[2025-12-22T21:13:57.910+0000][1104.406s][info][gc,heap     ] GC(138) Survivor regions: 1->1(85)
[2025-12-22T21:13:57.910+0000][1104.406s][info][gc,heap     ] GC(138) Old regions: 48->48
[2025-12-22T21:13:57.910+0000][1104.406s][info][gc,heap     ] GC(138) Archive regions: 2->2
[2025-12-22T21:13:57.910+0000][1104.406s][info][gc,heap     ] GC(138) Humongous regions: 37->37
[2025-12-22T21:13:57.910+0000][1104.406s][info][gc,metaspace] GC(138) Metaspace: 87086K(88000K)->87086K(88000K) NonClass: 75767K(76224K)->75767K(76224K) Class: 11319K(11776K)->11319K(11776K)
[2025-12-22T21:13:57.910+0000][1104.407s][info][gc          ] GC(138) Pause Young (Normal) (G1 Evacuation Pause) 761M->86M(1128M) 5.359ms
[2025-12-22T21:13:57.911+0000][1104.407s][info][gc,cpu      ] GC(138) User=0.01s Sys=0.00s Real=0.00s
[2025-12-22T21:14:05.942+0000][1112.439s][info][gc,start    ] GC(139) Pause Young (Normal) (G1 Evacuation Pause)
[2025-12-22T21:14:05.943+0000][1112.439s][info][gc,task     ] GC(139) Using 3 workers of 3 for evacuation
[2025-12-22T21:14:05.946+0000][1112.442s][info][gc,phases   ] GC(139)   Pre Evacuate Collection Set: 0.3ms
[2025-12-22T21:14:05.946+0000][1112.442s][info][gc,phases   ] GC(139)   Merge Heap Roots: 0.1ms
[2025-12-22T21:14:05.946+0000][1112.442s][info][gc,phases   ] GC(139)   Evacuate Collection Set: 1.7ms
[2025-12-22T21:14:05.946+0000][1112.443s][info][gc,phases   ] GC(139)   Post Evacuate Collection Set: 0.7ms
[2025-12-22T21:14:05.946+0000][1112.443s][info][gc,phases   ] GC(139)   Other: 0.8ms
[2025-12-22T21:14:05.946+0000][1112.443s][info][gc,heap     ] GC(139) Eden regions: 675->0(675)
[2025-12-22T21:14:05.947+0000][1112.443s][info][gc,heap     ] GC(139) Survivor regions: 1->1(85)
[2025-12-22T21:14:05.947+0000][1112.443s][info][gc,heap     ] GC(139) Old regions: 48->48
[2025-12-22T21:14:05.947+0000][1112.443s][info][gc,heap     ] GC(139) Archive regions: 2->2
[2025-12-22T21:14:05.947+0000][1112.443s][info][gc,heap     ] GC(139) Humongous regions: 37->37
[2025-12-22T21:14:05.947+0000][1112.443s][info][gc,metaspace] GC(139) Metaspace: 87086K(88000K)->87086K(88000K) NonClass: 75767K(76224K)->75767K(76224K) Class: 11319K(11776K)->11319K(11776K)
[2025-12-22T21:14:05.947+0000][1112.443s][info][gc          ] GC(139) Pause Young (Normal) (G1 Evacuation Pause) 761M->86M(1128M) 4.667ms
[2025-12-22T21:14:05.947+0000][1112.443s][info][gc,cpu      ] GC(139) User=0.01s Sys=0.00s Real=0.01s
[2025-12-22T21:14:13.953+0000][1120.449s][info][gc,start    ] GC(140) Pause Young (Normal) (G1 Evacuation Pause)
[2025-12-22T21:14:13.953+0000][1120.450s][info][gc,task     ] GC(140) Using 3 workers of 3 for evacuation
[2025-12-22T21:14:13.955+0000][1120.452s][info][gc,phases   ] GC(140)   Pre Evacuate Collection Set: 0.1ms
[2025-12-22T21:14:13.955+0000][1120.452s][info][gc,phases   ] GC(140)   Merge Heap Roots: 0.1ms
[2025-12-22T21:14:13.956+0000][1120.452s][info][gc,phases   ] GC(140)   Evacuate Collection Set: 1.0ms
[2025-12-22T21:14:13.956+0000][1120.452s][info][gc,phases   ] GC(140)   Post Evacuate Collection Set: 0.4ms
[2025-12-22T21:14:13.956+0000][1120.452s][info][gc,phases   ] GC(140)   Other: 1.2ms
[2025-12-22T21:14:13.956+0000][1120.452s][info][gc,heap     ] GC(140) Eden regions: 675->0(675)
[2025-12-22T21:14:13.956+0000][1120.452s][info][gc,heap     ] GC(140) Survivor regions: 1->1(85)
[2025-12-22T21:14:13.956+0000][1120.452s][info][gc,heap     ] GC(140) Old regions: 48->48
[2025-12-22T21:14:13.956+0000][1120.452s][info][gc,heap     ] GC(140) Archive regions: 2->2
[2025-12-22T21:14:13.956+0000][1120.452s][info][gc,heap     ] GC(140) Humongous regions: 37->37
[2025-12-22T21:14:13.956+0000][1120.453s][info][gc,metaspace] GC(140) Metaspace: 87091K(88000K)->87091K(88000K) NonClass: 75772K(76224K)->75772K(76224K) Class: 11319K(11776K)->11319K(11776K)
[2025-12-22T21:14:13.956+0000][1120.453s][info][gc          ] GC(140) Pause Young (Normal) (G1 Evacuation Pause) 761M->86M(1128M) 3.936ms
[2025-12-22T21:14:13.957+0000][1120.453s][info][gc,cpu      ] GC(140) User=0.00s Sys=0.01s Real=0.01s
[2025-12-22T21:14:23.506+0000][1130.002s][info][gc,start    ] GC(141) Pause Young (Normal) (G1 Evacuation Pause)
[2025-12-22T21:14:23.507+0000][1130.003s][info][gc,task     ] GC(141) Using 3 workers of 3 for evacuation
[2025-12-22T21:14:23.510+0000][1130.006s][info][gc,phases   ] GC(141)   Pre Evacuate Collection Set: 0.1ms
[2025-12-22T21:14:23.510+0000][1130.006s][info][gc,phases   ] GC(141)   Merge Heap Roots: 0.1ms
[2025-12-22T21:14:23.510+0000][1130.006s][info][gc,phases   ] GC(141)   Evacuate Collection Set: 1.5ms
[2025-12-22T21:14:23.510+0000][1130.006s][info][gc,phases   ] GC(141)   Post Evacuate Collection Set: 0.6ms
[2025-12-22T21:14:23.510+0000][1130.007s][info][gc,phases   ] GC(141)   Other: 1.5ms
[2025-12-22T21:14:23.510+0000][1130.007s][info][gc,heap     ] GC(141) Eden regions: 675->0(675)
[2025-12-22T21:14:23.511+0000][1130.007s][info][gc,heap     ] GC(141) Survivor regions: 1->1(85)
[2025-12-22T21:14:23.511+0000][1130.007s][info][gc,heap     ] GC(141) Old regions: 48->48
[2025-12-22T21:14:23.511+0000][1130.007s][info][gc,heap     ] GC(141) Archive regions: 2->2
[2025-12-22T21:14:23.511+0000][1130.007s][info][gc,heap     ] GC(141) Humongous regions: 37->37
[2025-12-22T21:14:23.511+0000][1130.007s][info][gc,metaspace] GC(141) Metaspace: 87091K(88000K)->87091K(88000K) NonClass: 75772K(76224K)->75772K(76224K) Class: 11319K(11776K)->11319K(11776K)
[2025-12-22T21:14:23.511+0000][1130.007s][info][gc          ] GC(141) Pause Young (Normal) (G1 Evacuation Pause) 761M->86M(1128M) 5.329ms
[2025-12-22T21:14:23.511+0000][1130.008s][info][gc,cpu      ] GC(141) User=0.01s Sys=0.00s Real=0.00s
[2025-12-22T21:14:31.353+0000][1137.849s][info][gc,start    ] GC(142) Pause Young (Normal) (G1 Evacuation Pause)
[2025-12-22T21:14:31.353+0000][1137.850s][info][gc,task     ] GC(142) Using 3 workers of 3 for evacuation
[2025-12-22T21:14:31.356+0000][1137.852s][info][gc,phases   ] GC(142)   Pre Evacuate Collection Set: 0.3ms
[2025-12-22T21:14:31.356+0000][1137.853s][info][gc,phases   ] GC(142)   Merge Heap Roots: 0.1ms
[2025-12-22T21:14:31.356+0000][1137.853s][info][gc,phases   ] GC(142)   Evacuate Collection Set: 1.6ms
[2025-12-22T21:14:31.357+0000][1137.853s][info][gc,phases   ] GC(142)   Post Evacuate Collection Set: 0.6ms
[2025-12-22T21:14:31.357+0000][1137.853s][info][gc,phases   ] GC(142)   Other: 0.6ms
[2025-12-22T21:14:31.357+0000][1137.853s][info][gc,heap     ] GC(142) Eden regions: 675->0(675)
[2025-12-22T21:14:31.357+0000][1137.853s][info][gc,heap     ] GC(142) Survivor regions: 1->1(85)
[2025-12-22T21:14:31.357+0000][1137.853s][info][gc,heap     ] GC(142) Old regions: 48->48
[2025-12-22T21:14:31.357+0000][1137.853s][info][gc,heap     ] GC(142) Archive regions: 2->2
[2025-12-22T21:14:31.357+0000][1137.853s][info][gc,heap     ] GC(142) Humongous regions: 37->37
[2025-12-22T21:14:31.357+0000][1137.854s][info][gc,metaspace] GC(142) Metaspace: 87092K(88000K)->87092K(88000K) NonClass: 75772K(76224K)->75772K(76224K) Class: 11320K(11776K)->11320K(11776K)
[2025-12-22T21:14:31.358+0000][1137.854s][info][gc          ] GC(142) Pause Young (Normal) (G1 Evacuation Pause) 761M->86M(1128M) 4.438ms
[2025-12-22T21:14:31.358+0000][1137.854s][info][gc,cpu      ] GC(142) User=0.00s Sys=0.00s Real=0.01s
[2025-12-22T21:14:40.834+0000][1147.330s][info][gc,start    ] GC(143) Pause Young (Normal) (G1 Evacuation Pause)
[2025-12-22T21:14:40.834+0000][1147.331s][info][gc,task     ] GC(143) Using 3 workers of 3 for evacuation
[2025-12-22T21:14:40.837+0000][1147.333s][info][gc,phases   ] GC(143)   Pre Evacuate Collection Set: 0.1ms
[2025-12-22T21:14:40.837+0000][1147.333s][info][gc,phases   ] GC(143)   Merge Heap Roots: 0.1ms
[2025-12-22T21:14:40.837+0000][1147.334s][info][gc,phases   ] GC(143)   Evacuate Collection Set: 1.9ms
[2025-12-22T21:14:40.837+0000][1147.334s][info][gc,phases   ] GC(143)   Post Evacuate Collection Set: 0.4ms
[2025-12-22T21:14:40.837+0000][1147.334s][info][gc,phases   ] GC(143)   Other: 0.6ms
[2025-12-22T21:14:40.838+0000][1147.334s][info][gc,heap     ] GC(143) Eden regions: 675->0(675)
[2025-12-22T21:14:40.838+0000][1147.334s][info][gc,heap     ] GC(143) Survivor regions: 1->1(85)
[2025-12-22T21:14:40.838+0000][1147.334s][info][gc,heap     ] GC(143) Old regions: 48->48
[2025-12-22T21:14:40.838+0000][1147.334s][info][gc,heap     ] GC(143) Archive regions: 2->2
[2025-12-22T21:14:40.838+0000][1147.334s][info][gc,heap     ] GC(143) Humongous regions: 37->37
[2025-12-22T21:14:40.838+0000][1147.334s][info][gc,metaspace] GC(143) Metaspace: 87099K(88000K)->87099K(88000K) NonClass: 75779K(76224K)->75779K(76224K) Class: 11320K(11776K)->11320K(11776K)
[2025-12-22T21:14:40.838+0000][1147.334s][info][gc          ] GC(143) Pause Young (Normal) (G1 Evacuation Pause) 761M->86M(1128M) 3.873ms
[2025-12-22T21:14:40.838+0000][1147.334s][info][gc,cpu      ] GC(143) User=0.00s Sys=0.01s Real=0.01s
[2025-12-22T21:14:48.854+0000][1155.351s][info][gc,start    ] GC(144) Pause Young (Normal) (G1 Evacuation Pause)
[2025-12-22T21:14:48.855+0000][1155.351s][info][gc,task     ] GC(144) Using 3 workers of 3 for evacuation
[2025-12-22T21:14:48.857+0000][1155.353s][info][gc,phases   ] GC(144)   Pre Evacuate Collection Set: 0.1ms
[2025-12-22T21:14:48.857+0000][1155.353s][info][gc,phases   ] GC(144)   Merge Heap Roots: 0.1ms
[2025-12-22T21:14:48.857+0000][1155.353s][info][gc,phases   ] GC(144)   Evacuate Collection Set: 1.2ms
[2025-12-22T21:14:48.857+0000][1155.353s][info][gc,phases   ] GC(144)   Post Evacuate Collection Set: 0.4ms
[2025-12-22T21:14:48.857+0000][1155.353s][info][gc,phases   ] GC(144)   Other: 0.4ms
[2025-12-22T21:14:48.857+0000][1155.354s][info][gc,heap     ] GC(144) Eden regions: 675->0(675)
[2025-12-22T21:14:48.857+0000][1155.354s][info][gc,heap     ] GC(144) Survivor regions: 1->1(85)
[2025-12-22T21:14:48.857+0000][1155.354s][info][gc,heap     ] GC(144) Old regions: 48->48
[2025-12-22T21:14:48.858+0000][1155.354s][info][gc,heap     ] GC(144) Archive regions: 2->2
[2025-12-22T21:14:48.858+0000][1155.354s][info][gc,heap     ] GC(144) Humongous regions: 37->37
[2025-12-22T21:14:48.858+0000][1155.354s][info][gc,metaspace] GC(144) Metaspace: 87112K(88000K)->87112K(88000K) NonClass: 75792K(76224K)->75792K(76224K) Class: 11320K(11776K)->11320K(11776K)
[2025-12-22T21:14:48.858+0000][1155.354s][info][gc          ] GC(144) Pause Young (Normal) (G1 Evacuation Pause) 761M->86M(1128M) 3.374ms
[2025-12-22T21:14:48.858+0000][1155.354s][info][gc,cpu      ] GC(144) User=0.00s Sys=0.00s Real=0.01s
[2025-12-22T21:14:57.912+0000][1164.408s][info][gc,start    ] GC(145) Pause Young (Normal) (G1 Evacuation Pause)
[2025-12-22T21:14:57.913+0000][1164.409s][info][gc,task     ] GC(145) Using 3 workers of 3 for evacuation
[2025-12-22T21:14:57.916+0000][1164.412s][info][gc,phases   ] GC(145)   Pre Evacuate Collection Set: 0.3ms
[2025-12-22T21:14:57.916+0000][1164.412s][info][gc,phases   ] GC(145)   Merge Heap Roots: 0.1ms
[2025-12-22T21:14:57.916+0000][1164.412s][info][gc,phases   ] GC(145)   Evacuate Collection Set: 1.8ms
[2025-12-22T21:14:57.916+0000][1164.413s][info][gc,phases   ] GC(145)   Post Evacuate Collection Set: 0.8ms
[2025-12-22T21:14:57.916+0000][1164.413s][info][gc,phases   ] GC(145)   Other: 1.3ms
[2025-12-22T21:14:57.917+0000][1164.413s][info][gc,heap     ] GC(145) Eden regions: 675->0(675)
[2025-12-22T21:14:57.917+0000][1164.413s][info][gc,heap     ] GC(145) Survivor regions: 1->1(85)
[2025-12-22T21:14:57.917+0000][1164.413s][info][gc,heap     ] GC(145) Old regions: 48->48
[2025-12-22T21:14:57.917+0000][1164.413s][info][gc,heap     ] GC(145) Archive regions: 2->2
[2025-12-22T21:14:57.917+0000][1164.413s][info][gc,heap     ] GC(145) Humongous regions: 37->37
[2025-12-22T21:14:57.917+0000][1164.413s][info][gc,metaspace] GC(145) Metaspace: 87116K(88064K)->87116K(88064K) NonClass: 75796K(76288K)->75796K(76288K) Class: 11320K(11776K)->11320K(11776K)
[2025-12-22T21:14:57.917+0000][1164.413s][info][gc          ] GC(145) Pause Young (Normal) (G1 Evacuation Pause) 761M->86M(1128M) 5.546ms
[2025-12-22T21:14:57.917+0000][1164.414s][info][gc,cpu      ] GC(145) User=0.01s Sys=0.00s Real=0.01s
[2025-12-22T21:15:06.309+0000][1172.806s][info][gc,start    ] GC(146) Pause Young (Normal) (G1 Evacuation Pause)
[2025-12-22T21:15:06.311+0000][1172.807s][info][gc,task     ] GC(146) Using 3 workers of 3 for evacuation
[2025-12-22T21:15:06.314+0000][1172.810s][info][gc,phases   ] GC(146)   Pre Evacuate Collection Set: 0.1ms
[2025-12-22T21:15:06.314+0000][1172.810s][info][gc,phases   ] GC(146)   Merge Heap Roots: 0.1ms
[2025-12-22T21:15:06.314+0000][1172.810s][info][gc,phases   ] GC(146)   Evacuate Collection Set: 2.1ms
[2025-12-22T21:15:06.314+0000][1172.811s][info][gc,phases   ] GC(146)   Post Evacuate Collection Set: 0.6ms
[2025-12-22T21:15:06.314+0000][1172.811s][info][gc,phases   ] GC(146)   Other: 1.6ms
[2025-12-22T21:15:06.315+0000][1172.811s][info][gc,heap     ] GC(146) Eden regions: 675->0(675)
[2025-12-22T21:15:06.315+0000][1172.811s][info][gc,heap     ] GC(146) Survivor regions: 1->1(85)
[2025-12-22T21:15:06.315+0000][1172.811s][info][gc,heap     ] GC(146) Old regions: 48->48
[2025-12-22T21:15:06.315+0000][1172.811s][info][gc,heap     ] GC(146) Archive regions: 2->2
[2025-12-22T21:15:06.315+0000][1172.811s][info][gc,heap     ] GC(146) Humongous regions: 37->37
[2025-12-22T21:15:06.315+0000][1172.812s][info][gc,metaspace] GC(146) Metaspace: 87116K(88064K)->87116K(88064K) NonClass: 75796K(76288K)->75796K(76288K) Class: 11320K(11776K)->11320K(11776K)
[2025-12-22T21:15:06.316+0000][1172.812s][info][gc          ] GC(146) Pause Young (Normal) (G1 Evacuation Pause) 761M->86M(1128M) 6.189ms
[2025-12-22T21:15:06.316+0000][1172.812s][info][gc,cpu      ] GC(146) User=0.00s Sys=0.00s Real=0.01s
[2025-12-22T21:15:14.571+0000][1181.067s][info][gc,start    ] GC(147) Pause Young (Normal) (G1 Evacuation Pause)
[2025-12-22T21:15:14.571+0000][1181.067s][info][gc,task     ] GC(147) Using 3 workers of 3 for evacuation
[2025-12-22T21:15:14.575+0000][1181.071s][info][gc,phases   ] GC(147)   Pre Evacuate Collection Set: 0.4ms
[2025-12-22T21:15:14.575+0000][1181.071s][info][gc,phases   ] GC(147)   Merge Heap Roots: 0.1ms
[2025-12-22T21:15:14.575+0000][1181.071s][info][gc,phases   ] GC(147)   Evacuate Collection Set: 2.3ms
[2025-12-22T21:15:14.575+0000][1181.071s][info][gc,phases   ] GC(147)   Post Evacuate Collection Set: 0.8ms
[2025-12-22T21:15:14.575+0000][1181.071s][info][gc,phases   ] GC(147)   Other: 0.7ms
[2025-12-22T21:15:14.575+0000][1181.072s][info][gc,heap     ] GC(147) Eden regions: 675->0(675)
[2025-12-22T21:15:14.575+0000][1181.072s][info][gc,heap     ] GC(147) Survivor regions: 1->1(85)
[2025-12-22T21:15:14.575+0000][1181.072s][info][gc,heap     ] GC(147) Old regions: 48->48
[2025-12-22T21:15:14.576+0000][1181.072s][info][gc,heap     ] GC(147) Archive regions: 2->2
[2025-12-22T21:15:14.576+0000][1181.072s][info][gc,heap     ] GC(147) Humongous regions: 37->37
[2025-12-22T21:15:14.576+0000][1181.072s][info][gc,metaspace] GC(147) Metaspace: 87116K(88064K)->87116K(88064K) NonClass: 75796K(76288K)->75796K(76288K) Class: 11320K(11776K)->11320K(11776K)
[2025-12-22T21:15:14.576+0000][1181.072s][info][gc          ] GC(147) Pause Young (Normal) (G1 Evacuation Pause) 761M->86M(1128M) 5.226ms
[2025-12-22T21:15:14.576+0000][1181.072s][info][gc,cpu      ] GC(147) User=0.00s Sys=0.00s Real=0.01s
[2025-12-22T21:15:24.431+0000][1190.927s][info][gc,start    ] GC(148) Pause Young (Normal) (G1 Evacuation Pause)
[2025-12-22T21:15:24.432+0000][1190.928s][info][gc,task     ] GC(148) Using 3 workers of 3 for evacuation
[2025-12-22T21:15:24.435+0000][1190.931s][info][gc,phases   ] GC(148)   Pre Evacuate Collection Set: 0.3ms
[2025-12-22T21:15:24.435+0000][1190.931s][info][gc,phases   ] GC(148)   Merge Heap Roots: 0.2ms
[2025-12-22T21:15:24.435+0000][1190.931s][info][gc,phases   ] GC(148)   Evacuate Collection Set: 1.8ms
[2025-12-22T21:15:24.435+0000][1190.931s][info][gc,phases   ] GC(148)   Post Evacuate Collection Set: 0.6ms
[2025-12-22T21:15:24.435+0000][1190.931s][info][gc,phases   ] GC(148)   Other: 1.3ms
[2025-12-22T21:15:24.435+0000][1190.931s][info][gc,heap     ] GC(148) Eden regions: 675->0(675)
[2025-12-22T21:15:24.435+0000][1190.931s][info][gc,heap     ] GC(148) Survivor regions: 1->1(85)
[2025-12-22T21:15:24.435+0000][1190.932s][info][gc,heap     ] GC(148) Old regions: 48->48
[2025-12-22T21:15:24.435+0000][1190.932s][info][gc,heap     ] GC(148) Archive regions: 2->2
[2025-12-22T21:15:24.435+0000][1190.932s][info][gc,heap     ] GC(148) Humongous regions: 37->37
[2025-12-22T21:15:24.436+0000][1190.932s][info][gc,metaspace] GC(148) Metaspace: 87118K(88064K)->87118K(88064K) NonClass: 75798K(76288K)->75798K(76288K) Class: 11320K(11776K)->11320K(11776K)
[2025-12-22T21:15:24.436+0000][1190.932s][info][gc          ] GC(148) Pause Young (Normal) (G1 Evacuation Pause) 761M->86M(1128M) 5.094ms
[2025-12-22T21:15:24.436+0000][1190.932s][info][gc,cpu      ] GC(148) User=0.01s Sys=0.00s Real=0.01s
[2025-12-22T21:15:32.216+0000][1198.712s][info][gc,start    ] GC(149) Pause Young (Normal) (G1 Evacuation Pause)
[2025-12-22T21:15:32.217+0000][1198.713s][info][gc,task     ] GC(149) Using 3 workers of 3 for evacuation
[2025-12-22T21:15:32.219+0000][1198.715s][info][gc,phases   ] GC(149)   Pre Evacuate Collection Set: 0.1ms
[2025-12-22T21:15:32.219+0000][1198.715s][info][gc,phases   ] GC(149)   Merge Heap Roots: 0.1ms
[2025-12-22T21:15:32.219+0000][1198.715s][info][gc,phases   ] GC(149)   Evacuate Collection Set: 1.0ms
[2025-12-22T21:15:32.219+0000][1198.715s][info][gc,phases   ] GC(149)   Post Evacuate Collection Set: 0.5ms
[2025-12-22T21:15:32.219+0000][1198.715s][info][gc,phases   ] GC(149)   Other: 0.8ms
[2025-12-22T21:15:32.219+0000][1198.716s][info][gc,heap     ] GC(149) Eden regions: 675->0(675)
[2025-12-22T21:15:32.219+0000][1198.716s][info][gc,heap     ] GC(149) Survivor regions: 1->1(85)
[2025-12-22T21:15:32.219+0000][1198.716s][info][gc,heap     ] GC(149) Old regions: 48->48
[2025-12-22T21:15:32.220+0000][1198.716s][info][gc,heap     ] GC(149) Archive regions: 2->2
[2025-12-22T21:15:32.220+0000][1198.716s][info][gc,heap     ] GC(149) Humongous regions: 37->37
[2025-12-22T21:15:32.220+0000][1198.716s][info][gc,metaspace] GC(149) Metaspace: 87120K(88064K)->87120K(88064K) NonClass: 75800K(76288K)->75800K(76288K) Class: 11320K(11776K)->11320K(11776K)
[2025-12-22T21:15:32.220+0000][1198.716s][info][gc          ] GC(149) Pause Young (Normal) (G1 Evacuation Pause) 761M->86M(1128M) 3.472ms
[2025-12-22T21:15:32.220+0000][1198.716s][info][gc,cpu      ] GC(149) User=0.00s Sys=0.00s Real=0.00s
[2025-12-22T21:15:41.502+0000][1207.998s][info][gc,start    ] GC(150) Pause Young (Normal) (G1 Evacuation Pause)
[2025-12-22T21:15:41.502+0000][1207.998s][info][gc,task     ] GC(150) Using 3 workers of 3 for evacuation
[2025-12-22T21:15:41.504+0000][1208.001s][info][gc,phases   ] GC(150)   Pre Evacuate Collection Set: 0.1ms
[2025-12-22T21:15:41.504+0000][1208.001s][info][gc,phases   ] GC(150)   Merge Heap Roots: 0.1ms
[2025-12-22T21:15:41.505+0000][1208.001s][info][gc,phases   ] GC(150)   Evacuate Collection Set: 1.3ms
[2025-12-22T21:15:41.505+0000][1208.001s][info][gc,phases   ] GC(150)   Post Evacuate Collection Set: 0.4ms
[2025-12-22T21:15:41.505+0000][1208.001s][info][gc,phases   ] GC(150)   Other: 0.6ms
[2025-12-22T21:15:41.505+0000][1208.001s][info][gc,heap     ] GC(150) Eden regions: 675->0(675)
[2025-12-22T21:15:41.505+0000][1208.001s][info][gc,heap     ] GC(150) Survivor regions: 1->1(85)
[2025-12-22T21:15:41.505+0000][1208.001s][info][gc,heap     ] GC(150) Old regions: 48->48
[2025-12-22T21:15:41.505+0000][1208.001s][info][gc,heap     ] GC(150) Archive regions: 2->2
[2025-12-22T21:15:41.505+0000][1208.001s][info][gc,heap     ] GC(150) Humongous regions: 37->37
[2025-12-22T21:15:41.505+0000][1208.002s][info][gc,metaspace] GC(150) Metaspace: 87130K(88064K)->87130K(88064K) NonClass: 75810K(76288K)->75810K(76288K) Class: 11320K(11776K)->11320K(11776K)
[2025-12-22T21:15:41.505+0000][1208.002s][info][gc          ] GC(150) Pause Young (Normal) (G1 Evacuation Pause) 761M->86M(1128M) 3.628ms
[2025-12-22T21:15:41.506+0000][1208.002s][info][gc,cpu      ] GC(150) User=0.00s Sys=0.00s Real=0.01s
[2025-12-22T21:15:49.315+0000][1215.811s][info][gc,start    ] GC(151) Pause Young (Normal) (G1 Evacuation Pause)
[2025-12-22T21:15:49.315+0000][1215.812s][info][gc,task     ] GC(151) Using 3 workers of 3 for evacuation
[2025-12-22T21:15:49.318+0000][1215.815s][info][gc,phases   ] GC(151)   Pre Evacuate Collection Set: 0.2ms
[2025-12-22T21:15:49.319+0000][1215.815s][info][gc,phases   ] GC(151)   Merge Heap Roots: 0.1ms
[2025-12-22T21:15:49.319+0000][1215.815s][info][gc,phases   ] GC(151)   Evacuate Collection Set: 1.7ms
[2025-12-22T21:15:49.319+0000][1215.815s][info][gc,phases   ] GC(151)   Post Evacuate Collection Set: 0.7ms
[2025-12-22T21:15:49.319+0000][1215.815s][info][gc,phases   ] GC(151)   Other: 0.8ms
[2025-12-22T21:15:49.319+0000][1215.815s][info][gc,heap     ] GC(151) Eden regions: 675->0(675)
[2025-12-22T21:15:49.319+0000][1215.815s][info][gc,heap     ] GC(151) Survivor regions: 1->1(85)
[2025-12-22T21:15:49.319+0000][1215.815s][info][gc,heap     ] GC(151) Old regions: 48->48
[2025-12-22T21:15:49.319+0000][1215.815s][info][gc,heap     ] GC(151) Archive regions: 2->2
[2025-12-22T21:15:49.319+0000][1215.815s][info][gc,heap     ] GC(151) Humongous regions: 37->37
[2025-12-22T21:15:49.319+0000][1215.815s][info][gc,metaspace] GC(151) Metaspace: 87131K(88064K)->87131K(88064K) NonClass: 75811K(76288K)->75811K(76288K) Class: 11320K(11776K)->11320K(11776K)
[2025-12-22T21:15:49.319+0000][1215.816s][info][gc          ] GC(151) Pause Young (Normal) (G1 Evacuation Pause) 761M->86M(1128M) 4.324ms
[2025-12-22T21:15:49.319+0000][1215.816s][info][gc,cpu      ] GC(151) User=0.01s Sys=0.00s Real=0.00s
[2025-12-22T21:15:57.925+0000][1224.422s][info][gc,start    ] GC(152) Pause Young (Normal) (G1 Evacuation Pause)
[2025-12-22T21:15:57.926+0000][1224.423s][info][gc,task     ] GC(152) Using 3 workers of 3 for evacuation
[2025-12-22T21:15:57.928+0000][1224.425s][info][gc,phases   ] GC(152)   Pre Evacuate Collection Set: 0.1ms
[2025-12-22T21:15:57.928+0000][1224.425s][info][gc,phases   ] GC(152)   Merge Heap Roots: 0.1ms
[2025-12-22T21:15:57.929+0000][1224.425s][info][gc,phases   ] GC(152)   Evacuate Collection Set: 1.2ms
[2025-12-22T21:15:57.929+0000][1224.425s][info][gc,phases   ] GC(152)   Post Evacuate Collection Set: 0.5ms
[2025-12-22T21:15:57.929+0000][1224.425s][info][gc,phases   ] GC(152)   Other: 1.2ms
[2025-12-22T21:15:57.929+0000][1224.425s][info][gc,heap     ] GC(152) Eden regions: 675->0(675)
[2025-12-22T21:15:57.929+0000][1224.425s][info][gc,heap     ] GC(152) Survivor regions: 1->1(85)
[2025-12-22T21:15:57.929+0000][1224.425s][info][gc,heap     ] GC(152) Old regions: 48->48
[2025-12-22T21:15:57.929+0000][1224.425s][info][gc,heap     ] GC(152) Archive regions: 2->2
[2025-12-22T21:15:57.929+0000][1224.426s][info][gc,heap     ] GC(152) Humongous regions: 37->37
[2025-12-22T21:15:57.929+0000][1224.426s][info][gc,metaspace] GC(152) Metaspace: 87131K(88064K)->87131K(88064K) NonClass: 75811K(76288K)->75811K(76288K) Class: 11320K(11776K)->11320K(11776K)
[2025-12-22T21:15:57.930+0000][1224.426s][info][gc          ] GC(152) Pause Young (Normal) (G1 Evacuation Pause) 761M->86M(1128M) 4.214ms
[2025-12-22T21:15:57.930+0000][1224.426s][info][gc,cpu      ] GC(152) User=0.00s Sys=0.00s Real=0.00s
[2025-12-22T21:16:07.424+0000][1233.921s][info][gc,start    ] GC(153) Pause Young (Normal) (G1 Evacuation Pause)
[2025-12-22T21:16:07.425+0000][1233.922s][info][gc,task     ] GC(153) Using 3 workers of 3 for evacuation
[2025-12-22T21:16:07.427+0000][1233.924s][info][gc,phases   ] GC(153)   Pre Evacuate Collection Set: 0.1ms
[2025-12-22T21:16:07.427+0000][1233.924s][info][gc,phases   ] GC(153)   Merge Heap Roots: 0.1ms
[2025-12-22T21:16:07.428+0000][1233.924s][info][gc,phases   ] GC(153)   Evacuate Collection Set: 1.1ms
[2025-12-22T21:16:07.428+0000][1233.924s][info][gc,phases   ] GC(153)   Post Evacuate Collection Set: 0.4ms
[2025-12-22T21:16:07.428+0000][1233.924s][info][gc,phases   ] GC(153)   Other: 1.2ms
[2025-12-22T21:16:07.428+0000][1233.924s][info][gc,heap     ] GC(153) Eden regions: 675->0(675)
[2025-12-22T21:16:07.428+0000][1233.924s][info][gc,heap     ] GC(153) Survivor regions: 1->1(85)
[2025-12-22T21:16:07.428+0000][1233.924s][info][gc,heap     ] GC(153) Old regions: 48->48
[2025-12-22T21:16:07.428+0000][1233.924s][info][gc,heap     ] GC(153) Archive regions: 2->2
[2025-12-22T21:16:07.428+0000][1233.925s][info][gc,heap     ] GC(153) Humongous regions: 37->37
[2025-12-22T21:16:07.428+0000][1233.925s][info][gc,metaspace] GC(153) Metaspace: 87131K(88064K)->87131K(88064K) NonClass: 75811K(76288K)->75811K(76288K) Class: 11320K(11776K)->11320K(11776K)
[2025-12-22T21:16:07.429+0000][1233.925s][info][gc          ] GC(153) Pause Young (Normal) (G1 Evacuation Pause) 761M->86M(1128M) 4.023ms
[2025-12-22T21:16:07.429+0000][1233.925s][info][gc,cpu      ] GC(153) User=0.01s Sys=0.00s Real=0.01s
[2025-12-22T21:16:15.570+0000][1242.066s][info][gc,start    ] GC(154) Pause Young (Normal) (G1 Evacuation Pause)
[2025-12-22T21:16:15.570+0000][1242.066s][info][gc,task     ] GC(154) Using 3 workers of 3 for evacuation
[2025-12-22T21:16:15.573+0000][1242.069s][info][gc,phases   ] GC(154)   Pre Evacuate Collection Set: 0.1ms
[2025-12-22T21:16:15.573+0000][1242.069s][info][gc,phases   ] GC(154)   Merge Heap Roots: 0.1ms
[2025-12-22T21:16:15.573+0000][1242.069s][info][gc,phases   ] GC(154)   Evacuate Collection Set: 1.3ms
[2025-12-22T21:16:15.573+0000][1242.069s][info][gc,phases   ] GC(154)   Post Evacuate Collection Set: 0.6ms
[2025-12-22T21:16:15.573+0000][1242.070s][info][gc,phases   ] GC(154)   Other: 0.5ms
[2025-12-22T21:16:15.574+0000][1242.070s][info][gc,heap     ] GC(154) Eden regions: 675->0(675)
[2025-12-22T21:16:15.574+0000][1242.070s][info][gc,heap     ] GC(154) Survivor regions: 1->1(85)
[2025-12-22T21:16:15.574+0000][1242.070s][info][gc,heap     ] GC(154) Old regions: 48->48
[2025-12-22T21:16:15.574+0000][1242.070s][info][gc,heap     ] GC(154) Archive regions: 2->2
[2025-12-22T21:16:15.574+0000][1242.070s][info][gc,heap     ] GC(154) Humongous regions: 37->37
[2025-12-22T21:16:15.574+0000][1242.071s][info][gc,metaspace] GC(154) Metaspace: 87132K(88064K)->87132K(88064K) NonClass: 75812K(76288K)->75812K(76288K) Class: 11320K(11776K)->11320K(11776K)
[2025-12-22T21:16:15.575+0000][1242.071s][info][gc          ] GC(154) Pause Young (Normal) (G1 Evacuation Pause) 761M->86M(1128M) 4.580ms
[2025-12-22T21:16:15.575+0000][1242.071s][info][gc,cpu      ] GC(154) User=0.01s Sys=0.00s Real=0.01s
[2025-12-22T21:16:25.507+0000][1252.003s][info][gc,start    ] GC(155) Pause Young (Normal) (G1 Evacuation Pause)
[2025-12-22T21:16:25.508+0000][1252.004s][info][gc,task     ] GC(155) Using 3 workers of 3 for evacuation
[2025-12-22T21:16:25.512+0000][1252.008s][info][gc,phases   ] GC(155)   Pre Evacuate Collection Set: 0.2ms
[2025-12-22T21:16:25.512+0000][1252.008s][info][gc,phases   ] GC(155)   Merge Heap Roots: 0.1ms
[2025-12-22T21:16:25.512+0000][1252.008s][info][gc,phases   ] GC(155)   Evacuate Collection Set: 2.6ms
[2025-12-22T21:16:25.512+0000][1252.009s][info][gc,phases   ] GC(155)   Post Evacuate Collection Set: 0.9ms
[2025-12-22T21:16:25.513+0000][1252.009s][info][gc,phases   ] GC(155)   Other: 1.3ms
[2025-12-22T21:16:25.513+0000][1252.009s][info][gc,heap     ] GC(155) Eden regions: 675->0(675)
[2025-12-22T21:16:25.513+0000][1252.009s][info][gc,heap     ] GC(155) Survivor regions: 1->1(85)
[2025-12-22T21:16:25.513+0000][1252.009s][info][gc,heap     ] GC(155) Old regions: 48->48
[2025-12-22T21:16:25.513+0000][1252.009s][info][gc,heap     ] GC(155) Archive regions: 2->2
[2025-12-22T21:16:25.513+0000][1252.009s][info][gc,heap     ] GC(155) Humongous regions: 37->37
[2025-12-22T21:16:25.513+0000][1252.010s][info][gc,metaspace] GC(155) Metaspace: 87132K(88064K)->87132K(88064K) NonClass: 75812K(76288K)->75812K(76288K) Class: 11320K(11776K)->11320K(11776K)
[2025-12-22T21:16:25.513+0000][1252.010s][info][gc          ] GC(155) Pause Young (Normal) (G1 Evacuation Pause) 761M->86M(1128M) 6.593ms
[2025-12-22T21:16:25.514+0000][1252.010s][info][gc,cpu      ] GC(155) User=0.01s Sys=0.00s Real=0.00s
[2025-12-22T21:16:33.779+0000][1260.275s][info][gc,start    ] GC(156) Pause Young (Normal) (G1 Evacuation Pause)
[2025-12-22T21:16:33.780+0000][1260.276s][info][gc,task     ] GC(156) Using 3 workers of 3 for evacuation
[2025-12-22T21:16:33.783+0000][1260.279s][info][gc,phases   ] GC(156)   Pre Evacuate Collection Set: 0.2ms
[2025-12-22T21:16:33.783+0000][1260.279s][info][gc,phases   ] GC(156)   Merge Heap Roots: 0.1ms
[2025-12-22T21:16:33.783+0000][1260.279s][info][gc,phases   ] GC(156)   Evacuate Collection Set: 2.0ms
[2025-12-22T21:16:33.783+0000][1260.280s][info][gc,phases   ] GC(156)   Post Evacuate Collection Set: 0.6ms
[2025-12-22T21:16:33.783+0000][1260.280s][info][gc,phases   ] GC(156)   Other: 1.3ms
[2025-12-22T21:16:33.784+0000][1260.280s][info][gc,heap     ] GC(156) Eden regions: 675->0(675)
[2025-12-22T21:16:33.784+0000][1260.280s][info][gc,heap     ] GC(156) Survivor regions: 1->1(85)
[2025-12-22T21:16:33.784+0000][1260.280s][info][gc,heap     ] GC(156) Old regions: 48->48
[2025-12-22T21:16:33.784+0000][1260.280s][info][gc,heap     ] GC(156) Archive regions: 2->2
[2025-12-22T21:16:33.784+0000][1260.280s][info][gc,heap     ] GC(156) Humongous regions: 37->37
[2025-12-22T21:16:33.784+0000][1260.280s][info][gc,metaspace] GC(156) Metaspace: 87134K(88064K)->87134K(88064K) NonClass: 75813K(76288K)->75813K(76288K) Class: 11320K(11776K)->11320K(11776K)
[2025-12-22T21:16:33.784+0000][1260.280s][info][gc          ] GC(156) Pause Young (Normal) (G1 Evacuation Pause) 761M->86M(1128M) 5.423ms
[2025-12-22T21:16:33.784+0000][1260.281s][info][gc,cpu      ] GC(156) User=0.01s Sys=0.00s Real=0.00s
[2025-12-22T21:16:42.911+0000][1269.407s][info][gc,start    ] GC(157) Pause Young (Normal) (G1 Evacuation Pause)
[2025-12-22T21:16:42.911+0000][1269.407s][info][gc,task     ] GC(157) Using 3 workers of 3 for evacuation
[2025-12-22T21:16:42.915+0000][1269.411s][info][gc,phases   ] GC(157)   Pre Evacuate Collection Set: 0.1ms
[2025-12-22T21:16:42.916+0000][1269.412s][info][gc,phases   ] GC(157)   Merge Heap Roots: 0.1ms
[2025-12-22T21:16:42.916+0000][1269.412s][info][gc,phases   ] GC(157)   Evacuate Collection Set: 3.1ms
[2025-12-22T21:16:42.916+0000][1269.412s][info][gc,phases   ] GC(157)   Post Evacuate Collection Set: 0.5ms
[2025-12-22T21:16:42.916+0000][1269.412s][info][gc,phases   ] GC(157)   Other: 0.5ms
[2025-12-22T21:16:42.916+0000][1269.413s][info][gc,heap     ] GC(157) Eden regions: 675->0(675)
[2025-12-22T21:16:42.916+0000][1269.413s][info][gc,heap     ] GC(157) Survivor regions: 1->1(85)
[2025-12-22T21:16:42.917+0000][1269.413s][info][gc,heap     ] GC(157) Old regions: 48->48
[2025-12-22T21:16:42.917+0000][1269.413s][info][gc,heap     ] GC(157) Archive regions: 2->2
[2025-12-22T21:16:42.917+0000][1269.413s][info][gc,heap     ] GC(157) Humongous regions: 37->37
[2025-12-22T21:16:42.920+0000][1269.416s][info][gc,metaspace] GC(157) Metaspace: 87138K(88064K)->87138K(88064K) NonClass: 75818K(76288K)->75818K(76288K) Class: 11320K(11776K)->11320K(11776K)
[2025-12-22T21:16:42.920+0000][1269.416s][info][gc          ] GC(157) Pause Young (Normal) (G1 Evacuation Pause) 761M->86M(1128M) 9.291ms
[2025-12-22T21:16:42.920+0000][1269.416s][info][gc,cpu      ] GC(157) User=0.00s Sys=0.00s Real=0.01s
[2025-12-22T21:16:51.808+0000][1278.305s][info][gc,start    ] GC(158) Pause Young (Normal) (G1 Evacuation Pause)
[2025-12-22T21:16:51.809+0000][1278.306s][info][gc,task     ] GC(158) Using 3 workers of 3 for evacuation
[2025-12-22T21:16:51.812+0000][1278.308s][info][gc,phases   ] GC(158)   Pre Evacuate Collection Set: 0.1ms
[2025-12-22T21:16:51.813+0000][1278.309s][info][gc,phases   ] GC(158)   Merge Heap Roots: 0.1ms
[2025-12-22T21:16:51.813+0000][1278.309s][info][gc,phases   ] GC(158)   Evacuate Collection Set: 1.6ms
[2025-12-22T21:16:51.813+0000][1278.310s][info][gc,phases   ] GC(158)   Post Evacuate Collection Set: 0.5ms
[2025-12-22T21:16:51.813+0000][1278.310s][info][gc,phases   ] GC(158)   Other: 1.4ms
[2025-12-22T21:16:51.814+0000][1278.310s][info][gc,heap     ] GC(158) Eden regions: 675->0(675)
[2025-12-22T21:16:51.814+0000][1278.310s][info][gc,heap     ] GC(158) Survivor regions: 1->1(85)
[2025-12-22T21:16:51.814+0000][1278.310s][info][gc,heap     ] GC(158) Old regions: 48->48
[2025-12-22T21:16:51.814+0000][1278.310s][info][gc,heap     ] GC(158) Archive regions: 2->2
[2025-12-22T21:16:51.814+0000][1278.310s][info][gc,heap     ] GC(158) Humongous regions: 37->37
[2025-12-22T21:16:51.814+0000][1278.311s][info][gc,metaspace] GC(158) Metaspace: 87147K(88064K)->87147K(88064K) NonClass: 75827K(76288K)->75827K(76288K) Class: 11320K(11776K)->11320K(11776K)
[2025-12-22T21:16:51.815+0000][1278.311s][info][gc          ] GC(158) Pause Young (Normal) (G1 Evacuation Pause) 761M->86M(1128M) 6.123ms
[2025-12-22T21:16:51.815+0000][1278.311s][info][gc,cpu      ] GC(158) User=0.01s Sys=0.00s Real=0.00s
[2025-12-22T21:17:00.089+0000][1286.586s][info][gc,start    ] GC(159) Pause Young (Normal) (G1 Evacuation Pause)
[2025-12-22T21:17:00.090+0000][1286.586s][info][gc,task     ] GC(159) Using 3 workers of 3 for evacuation
[2025-12-22T21:17:00.095+0000][1286.591s][info][gc,phases   ] GC(159)   Pre Evacuate Collection Set: 0.3ms
[2025-12-22T21:17:00.095+0000][1286.591s][info][gc,phases   ] GC(159)   Merge Heap Roots: 0.1ms
[2025-12-22T21:17:00.095+0000][1286.591s][info][gc,phases   ] GC(159)   Evacuate Collection Set: 3.8ms
[2025-12-22T21:17:00.095+0000][1286.591s][info][gc,phases   ] GC(159)   Post Evacuate Collection Set: 0.8ms
[2025-12-22T21:17:00.095+0000][1286.591s][info][gc,phases   ] GC(159)   Other: 0.6ms
[2025-12-22T21:17:00.095+0000][1286.591s][info][gc,heap     ] GC(159) Eden regions: 675->0(675)
[2025-12-22T21:17:00.095+0000][1286.592s][info][gc,heap     ] GC(159) Survivor regions: 1->1(85)
[2025-12-22T21:17:00.095+0000][1286.592s][info][gc,heap     ] GC(159) Old regions: 48->49
[2025-12-22T21:17:00.096+0000][1286.592s][info][gc,heap     ] GC(159) Archive regions: 2->2
[2025-12-22T21:17:00.096+0000][1286.592s][info][gc,heap     ] GC(159) Humongous regions: 37->37
[2025-12-22T21:17:00.096+0000][1286.592s][info][gc,metaspace] GC(159) Metaspace: 87178K(88064K)->87178K(88064K) NonClass: 75858K(76288K)->75858K(76288K) Class: 11320K(11776K)->11320K(11776K)
[2025-12-22T21:17:00.096+0000][1286.592s][info][gc          ] GC(159) Pause Young (Normal) (G1 Evacuation Pause) 761M->86M(1128M) 6.341ms
[2025-12-22T21:17:00.096+0000][1286.592s][info][gc,cpu      ] GC(159) User=0.01s Sys=0.00s Real=0.01s
[2025-12-22T21:17:09.666+0000][1296.162s][info][gc,start    ] GC(160) Pause Young (Normal) (G1 Evacuation Pause)
[2025-12-22T21:17:09.667+0000][1296.163s][info][gc,task     ] GC(160) Using 3 workers of 3 for evacuation
[2025-12-22T21:17:09.669+0000][1296.165s][info][gc,phases   ] GC(160)   Pre Evacuate Collection Set: 0.2ms
[2025-12-22T21:17:09.669+0000][1296.165s][info][gc,phases   ] GC(160)   Merge Heap Roots: 0.1ms
[2025-12-22T21:17:09.669+0000][1296.165s][info][gc,phases   ] GC(160)   Evacuate Collection Set: 1.2ms
[2025-12-22T21:17:09.669+0000][1296.165s][info][gc,phases   ] GC(160)   Post Evacuate Collection Set: 0.5ms
[2025-12-22T21:17:09.669+0000][1296.165s][info][gc,phases   ] GC(160)   Other: 0.7ms
[2025-12-22T21:17:09.669+0000][1296.165s][info][gc,heap     ] GC(160) Eden regions: 675->0(675)
[2025-12-22T21:17:09.669+0000][1296.165s][info][gc,heap     ] GC(160) Survivor regions: 1->1(85)
[2025-12-22T21:17:09.669+0000][1296.165s][info][gc,heap     ] GC(160) Old regions: 49->49
[2025-12-22T21:17:09.669+0000][1296.165s][info][gc,heap     ] GC(160) Archive regions: 2->2
[2025-12-22T21:17:09.669+0000][1296.166s][info][gc,heap     ] GC(160) Humongous regions: 37->37
[2025-12-22T21:17:09.669+0000][1296.166s][info][gc,metaspace] GC(160) Metaspace: 87189K(88128K)->87189K(88128K) NonClass: 75869K(76352K)->75869K(76352K) Class: 11320K(11776K)->11320K(11776K)
[2025-12-22T21:17:09.669+0000][1296.166s][info][gc          ] GC(160) Pause Young (Normal) (G1 Evacuation Pause) 761M->86M(1128M) 3.195ms
[2025-12-22T21:17:09.669+0000][1296.166s][info][gc,cpu      ] GC(160) User=0.01s Sys=0.00s Real=0.00s
[2025-12-22T21:17:17.419+0000][1303.915s][info][gc,start    ] GC(161) Pause Young (Normal) (G1 Evacuation Pause)
[2025-12-22T21:17:17.420+0000][1303.916s][info][gc,task     ] GC(161) Using 3 workers of 3 for evacuation
[2025-12-22T21:17:17.422+0000][1303.918s][info][gc,phases   ] GC(161)   Pre Evacuate Collection Set: 0.3ms
[2025-12-22T21:17:17.422+0000][1303.919s][info][gc,phases   ] GC(161)   Merge Heap Roots: 0.1ms
[2025-12-22T21:17:17.422+0000][1303.919s][info][gc,phases   ] GC(161)   Evacuate Collection Set: 1.4ms
[2025-12-22T21:17:17.423+0000][1303.919s][info][gc,phases   ] GC(161)   Post Evacuate Collection Set: 0.6ms
[2025-12-22T21:17:17.423+0000][1303.919s][info][gc,phases   ] GC(161)   Other: 0.8ms
[2025-12-22T21:17:17.423+0000][1303.919s][info][gc,heap     ] GC(161) Eden regions: 675->0(675)
[2025-12-22T21:17:17.423+0000][1303.919s][info][gc,heap     ] GC(161) Survivor regions: 1->1(85)
[2025-12-22T21:17:17.423+0000][1303.919s][info][gc,heap     ] GC(161) Old regions: 49->49
[2025-12-22T21:17:17.423+0000][1303.919s][info][gc,heap     ] GC(161) Archive regions: 2->2
[2025-12-22T21:17:17.423+0000][1303.919s][info][gc,heap     ] GC(161) Humongous regions: 37->37
[2025-12-22T21:17:17.423+0000][1303.919s][info][gc,metaspace] GC(161) Metaspace: 87189K(88128K)->87189K(88128K) NonClass: 75869K(76352K)->75869K(76352K) Class: 11320K(11776K)->11320K(11776K)
[2025-12-22T21:17:17.423+0000][1303.920s][info][gc          ] GC(161) Pause Young (Normal) (G1 Evacuation Pause) 761M->86M(1128M) 4.216ms
[2025-12-22T21:17:17.423+0000][1303.920s][info][gc,cpu      ] GC(161) User=0.00s Sys=0.00s Real=0.00s
[2025-12-22T21:17:26.812+0000][1313.308s][info][gc,start    ] GC(162) Pause Young (Normal) (G1 Evacuation Pause)
[2025-12-22T21:17:26.813+0000][1313.309s][info][gc,task     ] GC(162) Using 3 workers of 3 for evacuation
[2025-12-22T21:17:26.814+0000][1313.311s][info][gc,phases   ] GC(162)   Pre Evacuate Collection Set: 0.1ms
[2025-12-22T21:17:26.815+0000][1313.311s][info][gc,phases   ] GC(162)   Merge Heap Roots: 0.1ms
[2025-12-22T21:17:26.815+0000][1313.311s][info][gc,phases   ] GC(162)   Evacuate Collection Set: 0.9ms
[2025-12-22T21:17:26.815+0000][1313.311s][info][gc,phases   ] GC(162)   Post Evacuate Collection Set: 0.4ms
[2025-12-22T21:17:26.815+0000][1313.311s][info][gc,phases   ] GC(162)   Other: 0.8ms
[2025-12-22T21:17:26.815+0000][1313.311s][info][gc,heap     ] GC(162) Eden regions: 675->0(675)
[2025-12-22T21:17:26.815+0000][1313.311s][info][gc,heap     ] GC(162) Survivor regions: 1->1(85)
[2025-12-22T21:17:26.815+0000][1313.311s][info][gc,heap     ] GC(162) Old regions: 49->49
[2025-12-22T21:17:26.815+0000][1313.311s][info][gc,heap     ] GC(162) Archive regions: 2->2
[2025-12-22T21:17:26.815+0000][1313.311s][info][gc,heap     ] GC(162) Humongous regions: 37->37
[2025-12-22T21:17:26.815+0000][1313.311s][info][gc,metaspace] GC(162) Metaspace: 87189K(88128K)->87189K(88128K) NonClass: 75869K(76352K)->75869K(76352K) Class: 11320K(11776K)->11320K(11776K)
[2025-12-22T21:17:26.815+0000][1313.312s][info][gc          ] GC(162) Pause Young (Normal) (G1 Evacuation Pause) 761M->86M(1128M) 3.012ms
[2025-12-22T21:17:26.815+0000][1313.312s][info][gc,cpu      ] GC(162) User=0.01s Sys=0.00s Real=0.01s
[2025-12-22T21:17:34.733+0000][1321.229s][info][gc,start    ] GC(163) Pause Young (Normal) (G1 Evacuation Pause)
[2025-12-22T21:17:34.733+0000][1321.230s][info][gc,task     ] GC(163) Using 3 workers of 3 for evacuation
[2025-12-22T21:17:34.737+0000][1321.233s][info][gc,phases   ] GC(163)   Pre Evacuate Collection Set: 0.3ms
[2025-12-22T21:17:34.737+0000][1321.233s][info][gc,phases   ] GC(163)   Merge Heap Roots: 0.1ms
[2025-12-22T21:17:34.737+0000][1321.233s][info][gc,phases   ] GC(163)   Evacuate Collection Set: 2.3ms
[2025-12-22T21:17:34.737+0000][1321.234s][info][gc,phases   ] GC(163)   Post Evacuate Collection Set: 0.6ms
[2025-12-22T21:17:34.737+0000][1321.234s][info][gc,phases   ] GC(163)   Other: 0.9ms
[2025-12-22T21:17:34.737+0000][1321.234s][info][gc,heap     ] GC(163) Eden regions: 675->0(675)
[2025-12-22T21:17:34.737+0000][1321.234s][info][gc,heap     ] GC(163) Survivor regions: 1->1(85)
[2025-12-22T21:17:34.738+0000][1321.234s][info][gc,heap     ] GC(163) Old regions: 49->49
[2025-12-22T21:17:34.738+0000][1321.234s][info][gc,heap     ] GC(163) Archive regions: 2->2
[2025-12-22T21:17:34.738+0000][1321.234s][info][gc,heap     ] GC(163) Humongous regions: 37->37
[2025-12-22T21:17:34.738+0000][1321.234s][info][gc,metaspace] GC(163) Metaspace: 87192K(88128K)->87192K(88128K) NonClass: 75872K(76352K)->75872K(76352K) Class: 11320K(11776K)->11320K(11776K)
[2025-12-22T21:17:34.738+0000][1321.234s][info][gc          ] GC(163) Pause Young (Normal) (G1 Evacuation Pause) 761M->86M(1128M) 4.938ms
[2025-12-22T21:17:34.738+0000][1321.234s][info][gc,cpu      ] GC(163) User=0.01s Sys=0.00s Real=0.01s
[2025-12-22T21:17:42.931+0000][1329.427s][info][gc,start    ] GC(164) Pause Young (Normal) (G1 Evacuation Pause)
[2025-12-22T21:17:42.932+0000][1329.428s][info][gc,task     ] GC(164) Using 3 workers of 3 for evacuation
[2025-12-22T21:17:42.934+0000][1329.430s][info][gc,phases   ] GC(164)   Pre Evacuate Collection Set: 0.2ms
[2025-12-22T21:17:42.934+0000][1329.430s][info][gc,phases   ] GC(164)   Merge Heap Roots: 0.1ms
[2025-12-22T21:17:42.934+0000][1329.430s][info][gc,phases   ] GC(164)   Evacuate Collection Set: 1.0ms
[2025-12-22T21:17:42.934+0000][1329.431s][info][gc,phases   ] GC(164)   Post Evacuate Collection Set: 0.4ms
[2025-12-22T21:17:42.934+0000][1329.431s][info][gc,phases   ] GC(164)   Other: 1.1ms
[2025-12-22T21:17:42.935+0000][1329.431s][info][gc,heap     ] GC(164) Eden regions: 675->0(675)
[2025-12-22T21:17:42.935+0000][1329.431s][info][gc,heap     ] GC(164) Survivor regions: 1->1(85)
[2025-12-22T21:17:42.935+0000][1329.431s][info][gc,heap     ] GC(164) Old regions: 49->49
[2025-12-22T21:17:42.935+0000][1329.431s][info][gc,heap     ] GC(164) Archive regions: 2->2
[2025-12-22T21:17:42.935+0000][1329.431s][info][gc,heap     ] GC(164) Humongous regions: 37->37
[2025-12-22T21:17:42.935+0000][1329.431s][info][gc,metaspace] GC(164) Metaspace: 87194K(88128K)->87194K(88128K) NonClass: 75873K(76352K)->75873K(76352K) Class: 11320K(11776K)->11320K(11776K)
[2025-12-22T21:17:42.935+0000][1329.431s][info][gc          ] GC(164) Pause Young (Normal) (G1 Evacuation Pause) 761M->86M(1128M) 4.129ms
[2025-12-22T21:17:42.935+0000][1329.432s][info][gc,cpu      ] GC(164) User=0.01s Sys=0.00s Real=0.01s
[2025-12-22T21:17:52.700+0000][1339.196s][info][gc,start    ] GC(165) Pause Young (Normal) (G1 Evacuation Pause)
[2025-12-22T21:17:52.702+0000][1339.199s][info][gc,task     ] GC(165) Using 3 workers of 3 for evacuation
[2025-12-22T21:17:52.705+0000][1339.201s][info][gc,phases   ] GC(165)   Pre Evacuate Collection Set: 0.1ms
[2025-12-22T21:17:52.706+0000][1339.203s][info][gc,phases   ] GC(165)   Merge Heap Roots: 0.1ms
[2025-12-22T21:17:52.706+0000][1339.203s][info][gc,phases   ] GC(165)   Evacuate Collection Set: 1.6ms
[2025-12-22T21:17:52.710+0000][1339.206s][info][gc,phases   ] GC(165)   Post Evacuate Collection Set: 0.6ms
[2025-12-22T21:17:52.710+0000][1339.206s][info][gc,phases   ] GC(165)   Other: 2.9ms
[2025-12-22T21:17:52.710+0000][1339.207s][info][gc,heap     ] GC(165) Eden regions: 675->0(675)
[2025-12-22T21:17:52.711+0000][1339.207s][info][gc,heap     ] GC(165) Survivor regions: 1->1(85)
[2025-12-22T21:17:52.713+0000][1339.209s][info][gc,heap     ] GC(165) Old regions: 49->49
[2025-12-22T21:17:52.713+0000][1339.209s][info][gc,heap     ] GC(165) Archive regions: 2->2
[2025-12-22T21:17:52.713+0000][1339.210s][info][gc,heap     ] GC(165) Humongous regions: 37->37
[2025-12-22T21:17:52.713+0000][1339.210s][info][gc,metaspace] GC(165) Metaspace: 87194K(88128K)->87194K(88128K) NonClass: 75873K(76352K)->75873K(76352K) Class: 11320K(11776K)->11320K(11776K)
[2025-12-22T21:17:52.714+0000][1339.210s][info][gc          ] GC(165) Pause Young (Normal) (G1 Evacuation Pause) 761M->86M(1128M) 13.791ms
[2025-12-22T21:17:52.714+0000][1339.210s][info][gc,cpu      ] GC(165) User=0.01s Sys=0.00s Real=0.01s
[2025-12-22T21:18:00.954+0000][1347.451s][info][gc,start    ] GC(166) Pause Young (Normal) (G1 Evacuation Pause)
[2025-12-22T21:18:00.956+0000][1347.452s][info][gc,task     ] GC(166) Using 3 workers of 3 for evacuation
[2025-12-22T21:18:00.958+0000][1347.454s][info][gc,phases   ] GC(166)   Pre Evacuate Collection Set: 0.2ms
[2025-12-22T21:18:00.958+0000][1347.454s][info][gc,phases   ] GC(166)   Merge Heap Roots: 0.1ms
[2025-12-22T21:18:00.958+0000][1347.454s][info][gc,phases   ] GC(166)   Evacuate Collection Set: 1.3ms
[2025-12-22T21:18:00.958+0000][1347.454s][info][gc,phases   ] GC(166)   Post Evacuate Collection Set: 0.5ms
[2025-12-22T21:18:00.958+0000][1347.455s][info][gc,phases   ] GC(166)   Other: 1.4ms
[2025-12-22T21:18:00.958+0000][1347.455s][info][gc,heap     ] GC(166) Eden regions: 675->0(675)
[2025-12-22T21:18:00.959+0000][1347.455s][info][gc,heap     ] GC(166) Survivor regions: 1->1(85)
[2025-12-22T21:18:00.959+0000][1347.455s][info][gc,heap     ] GC(166) Old regions: 49->49
[2025-12-22T21:18:00.959+0000][1347.455s][info][gc,heap     ] GC(166) Archive regions: 2->2
[2025-12-22T21:18:00.959+0000][1347.455s][info][gc,heap     ] GC(166) Humongous regions: 37->37
[2025-12-22T21:18:00.959+0000][1347.455s][info][gc,metaspace] GC(166) Metaspace: 87195K(88128K)->87195K(88128K) NonClass: 75875K(76352K)->75875K(76352K) Class: 11320K(11776K)->11320K(11776K)
[2025-12-22T21:18:00.959+0000][1347.455s][info][gc          ] GC(166) Pause Young (Normal) (G1 Evacuation Pause) 761M->86M(1128M) 4.619ms
[2025-12-22T21:18:00.959+0000][1347.455s][info][gc,cpu      ] GC(166) User=0.00s Sys=0.00s Real=0.01s
[2025-12-22T21:18:10.605+0000][1357.101s][info][gc,start    ] GC(167) Pause Young (Normal) (G1 Evacuation Pause)
[2025-12-22T21:18:10.605+0000][1357.102s][info][gc,task     ] GC(167) Using 3 workers of 3 for evacuation
[2025-12-22T21:18:10.608+0000][1357.104s][info][gc,phases   ] GC(167)   Pre Evacuate Collection Set: 0.2ms
[2025-12-22T21:18:10.608+0000][1357.104s][info][gc,phases   ] GC(167)   Merge Heap Roots: 0.1ms
[2025-12-22T21:18:10.608+0000][1357.104s][info][gc,phases   ] GC(167)   Evacuate Collection Set: 1.2ms
[2025-12-22T21:18:10.608+0000][1357.104s][info][gc,phases   ] GC(167)   Post Evacuate Collection Set: 0.6ms
[2025-12-22T21:18:10.608+0000][1357.104s][info][gc,phases   ] GC(167)   Other: 0.6ms
[2025-12-22T21:18:10.608+0000][1357.105s][info][gc,heap     ] GC(167) Eden regions: 675->0(675)
[2025-12-22T21:18:10.608+0000][1357.105s][info][gc,heap     ] GC(167) Survivor regions: 1->1(85)
[2025-12-22T21:18:10.609+0000][1357.105s][info][gc,heap     ] GC(167) Old regions: 49->49
[2025-12-22T21:18:10.609+0000][1357.105s][info][gc,heap     ] GC(167) Archive regions: 2->2
[2025-12-22T21:18:10.609+0000][1357.105s][info][gc,heap     ] GC(167) Humongous regions: 37->37
[2025-12-22T21:18:10.609+0000][1357.105s][info][gc,metaspace] GC(167) Metaspace: 87195K(88128K)->87195K(88128K) NonClass: 75875K(76352K)->75875K(76352K) Class: 11320K(11776K)->11320K(11776K)
[2025-12-22T21:18:10.609+0000][1357.105s][info][gc          ] GC(167) Pause Young (Normal) (G1 Evacuation Pause) 761M->86M(1128M) 4.125ms
[2025-12-22T21:18:10.609+0000][1357.106s][info][gc,cpu      ] GC(167) User=0.01s Sys=0.00s Real=0.00s
[2025-12-22T21:18:18.543+0000][1365.039s][info][gc,start    ] GC(168) Pause Young (Normal) (G1 Evacuation Pause)
[2025-12-22T21:18:18.543+0000][1365.040s][info][gc,task     ] GC(168) Using 3 workers of 3 for evacuation
[2025-12-22T21:18:18.546+0000][1365.042s][info][gc,phases   ] GC(168)   Pre Evacuate Collection Set: 0.2ms
[2025-12-22T21:18:18.546+0000][1365.042s][info][gc,phases   ] GC(168)   Merge Heap Roots: 0.1ms
[2025-12-22T21:18:18.546+0000][1365.042s][info][gc,phases   ] GC(168)   Evacuate Collection Set: 1.4ms
[2025-12-22T21:18:18.546+0000][1365.042s][info][gc,phases   ] GC(168)   Post Evacuate Collection Set: 0.4ms
[2025-12-22T21:18:18.546+0000][1365.042s][info][gc,phases   ] GC(168)   Other: 0.6ms
[2025-12-22T21:18:18.546+0000][1365.042s][info][gc,heap     ] GC(168) Eden regions: 675->0(675)
[2025-12-22T21:18:18.546+0000][1365.042s][info][gc,heap     ] GC(168) Survivor regions: 1->1(85)
[2025-12-22T21:18:18.546+0000][1365.042s][info][gc,heap     ] GC(168) Old regions: 49->49
[2025-12-22T21:18:18.546+0000][1365.043s][info][gc,heap     ] GC(168) Archive regions: 2->2
[2025-12-22T21:18:18.546+0000][1365.043s][info][gc,heap     ] GC(168) Humongous regions: 37->37
[2025-12-22T21:18:18.546+0000][1365.043s][info][gc,metaspace] GC(168) Metaspace: 87195K(88128K)->87195K(88128K) NonClass: 75875K(76352K)->75875K(76352K) Class: 11320K(11776K)->11320K(11776K)
[2025-12-22T21:18:18.546+0000][1365.043s][info][gc          ] GC(168) Pause Young (Normal) (G1 Evacuation Pause) 761M->86M(1128M) 3.436ms
[2025-12-22T21:18:18.547+0000][1365.043s][info][gc,cpu      ] GC(168) User=0.00s Sys=0.00s Real=0.01s
[2025-12-22T21:18:27.904+0000][1374.400s][info][gc,start    ] GC(169) Pause Young (Normal) (G1 Evacuation Pause)
[2025-12-22T21:18:27.904+0000][1374.401s][info][gc,task     ] GC(169) Using 3 workers of 3 for evacuation
[2025-12-22T21:18:27.906+0000][1374.403s][info][gc,phases   ] GC(169)   Pre Evacuate Collection Set: 0.1ms
[2025-12-22T21:18:27.906+0000][1374.403s][info][gc,phases   ] GC(169)   Merge Heap Roots: 0.1ms
[2025-12-22T21:18:27.907+0000][1374.403s][info][gc,phases   ] GC(169)   Evacuate Collection Set: 1.2ms
[2025-12-22T21:18:27.907+0000][1374.403s][info][gc,phases   ] GC(169)   Post Evacuate Collection Set: 0.4ms
[2025-12-22T21:18:27.907+0000][1374.403s][info][gc,phases   ] GC(169)   Other: 0.4ms
[2025-12-22T21:18:27.907+0000][1374.403s][info][gc,heap     ] GC(169) Eden regions: 675->0(675)
[2025-12-22T21:18:27.907+0000][1374.403s][info][gc,heap     ] GC(169) Survivor regions: 1->1(85)
[2025-12-22T21:18:27.907+0000][1374.403s][info][gc,heap     ] GC(169) Old regions: 49->49
[2025-12-22T21:18:27.907+0000][1374.403s][info][gc,heap     ] GC(169) Archive regions: 2->2
[2025-12-22T21:18:27.907+0000][1374.403s][info][gc,heap     ] GC(169) Humongous regions: 37->37
[2025-12-22T21:18:27.907+0000][1374.403s][info][gc,metaspace] GC(169) Metaspace: 87195K(88128K)->87195K(88128K) NonClass: 75875K(76352K)->75875K(76352K) Class: 11320K(11776K)->11320K(11776K)
[2025-12-22T21:18:27.907+0000][1374.403s][info][gc          ] GC(169) Pause Young (Normal) (G1 Evacuation Pause) 761M->86M(1128M) 2.904ms
[2025-12-22T21:18:27.907+0000][1374.403s][info][gc,cpu      ] GC(169) User=0.01s Sys=0.00s Real=0.01s
[2025-12-22T21:18:35.778+0000][1382.274s][info][gc,start    ] GC(170) Pause Young (Normal) (G1 Evacuation Pause)
[2025-12-22T21:18:35.779+0000][1382.275s][info][gc,task     ] GC(170) Using 3 workers of 3 for evacuation
[2025-12-22T21:18:35.783+0000][1382.279s][info][gc,phases   ] GC(170)   Pre Evacuate Collection Set: 0.2ms
[2025-12-22T21:18:35.783+0000][1382.279s][info][gc,phases   ] GC(170)   Merge Heap Roots: 0.1ms
[2025-12-22T21:18:35.783+0000][1382.279s][info][gc,phases   ] GC(170)   Evacuate Collection Set: 2.4ms
[2025-12-22T21:18:35.783+0000][1382.279s][info][gc,phases   ] GC(170)   Post Evacuate Collection Set: 0.7ms
[2025-12-22T21:18:35.783+0000][1382.280s][info][gc,phases   ] GC(170)   Other: 1.4ms
[2025-12-22T21:18:35.784+0000][1382.280s][info][gc,heap     ] GC(170) Eden regions: 675->0(675)
[2025-12-22T21:18:35.784+0000][1382.280s][info][gc,heap     ] GC(170) Survivor regions: 1->1(85)
[2025-12-22T21:18:35.784+0000][1382.280s][info][gc,heap     ] GC(170) Old regions: 49->49
[2025-12-22T21:18:35.784+0000][1382.280s][info][gc,heap     ] GC(170) Archive regions: 2->2
[2025-12-22T21:18:35.784+0000][1382.280s][info][gc,heap     ] GC(170) Humongous regions: 37->37
[2025-12-22T21:18:35.784+0000][1382.281s][info][gc,metaspace] GC(170) Metaspace: 87197K(88128K)->87197K(88128K) NonClass: 75877K(76352K)->75877K(76352K) Class: 11320K(11776K)->11320K(11776K)
[2025-12-22T21:18:35.784+0000][1382.281s][info][gc          ] GC(170) Pause Young (Normal) (G1 Evacuation Pause) 761M->86M(1128M) 6.589ms
[2025-12-22T21:18:35.785+0000][1382.281s][info][gc,cpu      ] GC(170) User=0.01s Sys=0.00s Real=0.00s
[2025-12-22T21:18:43.833+0000][1390.329s][info][gc,start    ] GC(171) Pause Young (Normal) (G1 Evacuation Pause)
[2025-12-22T21:18:43.834+0000][1390.330s][info][gc,task     ] GC(171) Using 3 workers of 3 for evacuation
[2025-12-22T21:18:43.836+0000][1390.332s][info][gc,phases   ] GC(171)   Pre Evacuate Collection Set: 0.3ms
[2025-12-22T21:18:43.836+0000][1390.333s][info][gc,phases   ] GC(171)   Merge Heap Roots: 0.1ms
[2025-12-22T21:18:43.836+0000][1390.333s][info][gc,phases   ] GC(171)   Evacuate Collection Set: 1.6ms
[2025-12-22T21:18:43.836+0000][1390.333s][info][gc,phases   ] GC(171)   Post Evacuate Collection Set: 0.5ms
[2025-12-22T21:18:43.837+0000][1390.333s][info][gc,phases   ] GC(171)   Other: 0.9ms
[2025-12-22T21:18:43.837+0000][1390.333s][info][gc,heap     ] GC(171) Eden regions: 675->0(675)
[2025-12-22T21:18:43.837+0000][1390.333s][info][gc,heap     ] GC(171) Survivor regions: 1->1(85)
[2025-12-22T21:18:43.837+0000][1390.333s][info][gc,heap     ] GC(171) Old regions: 49->49
[2025-12-22T21:18:43.837+0000][1390.333s][info][gc,heap     ] GC(171) Archive regions: 2->2
[2025-12-22T21:18:43.837+0000][1390.333s][info][gc,heap     ] GC(171) Humongous regions: 37->37
[2025-12-22T21:18:43.837+0000][1390.333s][info][gc,metaspace] GC(171) Metaspace: 87197K(88128K)->87197K(88128K) NonClass: 75877K(76352K)->75877K(76352K) Class: 11320K(11776K)->11320K(11776K)
[2025-12-22T21:18:43.837+0000][1390.333s][info][gc          ] GC(171) Pause Young (Normal) (G1 Evacuation Pause) 761M->86M(1128M) 4.070ms
[2025-12-22T21:18:43.837+0000][1390.333s][info][gc,cpu      ] GC(171) User=0.00s Sys=0.00s Real=0.01s
[2025-12-22T21:18:53.221+0000][1399.717s][info][gc,start    ] GC(172) Pause Young (Normal) (G1 Evacuation Pause)
[2025-12-22T21:18:53.221+0000][1399.717s][info][gc,task     ] GC(172) Using 3 workers of 3 for evacuation
[2025-12-22T21:18:53.225+0000][1399.722s][info][gc,phases   ] GC(172)   Pre Evacuate Collection Set: 0.2ms
[2025-12-22T21:18:53.225+0000][1399.722s][info][gc,phases   ] GC(172)   Merge Heap Roots: 0.1ms
[2025-12-22T21:18:53.226+0000][1399.722s][info][gc,phases   ] GC(172)   Evacuate Collection Set: 3.0ms
[2025-12-22T21:18:53.226+0000][1399.722s][info][gc,phases   ] GC(172)   Post Evacuate Collection Set: 0.6ms
[2025-12-22T21:18:53.226+0000][1399.722s][info][gc,phases   ] GC(172)   Other: 0.6ms
[2025-12-22T21:18:53.226+0000][1399.722s][info][gc,heap     ] GC(172) Eden regions: 675->0(675)
[2025-12-22T21:18:53.226+0000][1399.722s][info][gc,heap     ] GC(172) Survivor regions: 1->1(85)
[2025-12-22T21:18:53.226+0000][1399.722s][info][gc,heap     ] GC(172) Old regions: 49->49
[2025-12-22T21:18:53.226+0000][1399.722s][info][gc,heap     ] GC(172) Archive regions: 2->2
[2025-12-22T21:18:53.226+0000][1399.722s][info][gc,heap     ] GC(172) Humongous regions: 37->37
[2025-12-22T21:18:53.226+0000][1399.723s][info][gc,metaspace] GC(172) Metaspace: 87197K(88128K)->87197K(88128K) NonClass: 75877K(76352K)->75877K(76352K) Class: 11320K(11776K)->11320K(11776K)
[2025-12-22T21:18:53.226+0000][1399.723s][info][gc          ] GC(172) Pause Young (Normal) (G1 Evacuation Pause) 761M->86M(1128M) 5.575ms
[2025-12-22T21:18:53.227+0000][1399.723s][info][gc,cpu      ] GC(172) User=0.00s Sys=0.00s Real=0.01s
[2025-12-22T21:19:00.958+0000][1407.454s][info][gc,start    ] GC(173) Pause Young (Normal) (G1 Evacuation Pause)
[2025-12-22T21:19:00.958+0000][1407.454s][info][gc,task     ] GC(173) Using 3 workers of 3 for evacuation
[2025-12-22T21:19:00.960+0000][1407.456s][info][gc,phases   ] GC(173)   Pre Evacuate Collection Set: 0.2ms
[2025-12-22T21:19:00.960+0000][1407.456s][info][gc,phases   ] GC(173)   Merge Heap Roots: 0.1ms
[2025-12-22T21:19:00.960+0000][1407.457s][info][gc,phases   ] GC(173)   Evacuate Collection Set: 1.4ms
[2025-12-22T21:19:00.960+0000][1407.457s][info][gc,phases   ] GC(173)   Post Evacuate Collection Set: 0.5ms
[2025-12-22T21:19:00.961+0000][1407.457s][info][gc,phases   ] GC(173)   Other: 0.5ms
[2025-12-22T21:19:00.961+0000][1407.457s][info][gc,heap     ] GC(173) Eden regions: 675->0(675)
[2025-12-22T21:19:00.961+0000][1407.457s][info][gc,heap     ] GC(173) Survivor regions: 1->1(85)
[2025-12-22T21:19:00.961+0000][1407.457s][info][gc,heap     ] GC(173) Old regions: 49->49
[2025-12-22T21:19:00.961+0000][1407.457s][info][gc,heap     ] GC(173) Archive regions: 2->2
[2025-12-22T21:19:00.961+0000][1407.457s][info][gc,heap     ] GC(173) Humongous regions: 37->37
[2025-12-22T21:19:00.961+0000][1407.457s][info][gc,metaspace] GC(173) Metaspace: 87200K(88128K)->87200K(88128K) NonClass: 75880K(76352K)->75880K(76352K) Class: 11320K(11776K)->11320K(11776K)
[2025-12-22T21:19:00.961+0000][1407.457s][info][gc          ] GC(173) Pause Young (Normal) (G1 Evacuation Pause) 761M->86M(1128M) 3.580ms
[2025-12-22T21:19:00.961+0000][1407.457s][info][gc,cpu      ] GC(173) User=0.00s Sys=0.00s Real=0.00s
[2025-12-22T21:19:10.486+0000][1416.982s][info][gc,start    ] GC(174) Pause Young (Normal) (G1 Evacuation Pause)
[2025-12-22T21:19:10.486+0000][1416.982s][info][gc,task     ] GC(174) Using 3 workers of 3 for evacuation
[2025-12-22T21:19:10.490+0000][1416.986s][info][gc,phases   ] GC(174)   Pre Evacuate Collection Set: 0.3ms
[2025-12-22T21:19:10.490+0000][1416.986s][info][gc,phases   ] GC(174)   Merge Heap Roots: 0.1ms
[2025-12-22T21:19:10.490+0000][1416.986s][info][gc,phases   ] GC(174)   Evacuate Collection Set: 2.1ms
[2025-12-22T21:19:10.490+0000][1416.986s][info][gc,phases   ] GC(174)   Post Evacuate Collection Set: 0.9ms
[2025-12-22T21:19:10.490+0000][1416.986s][info][gc,phases   ] GC(174)   Other: 0.7ms
[2025-12-22T21:19:10.490+0000][1416.986s][info][gc,heap     ] GC(174) Eden regions: 675->0(675)
[2025-12-22T21:19:10.490+0000][1416.986s][info][gc,heap     ] GC(174) Survivor regions: 1->1(85)
[2025-12-22T21:19:10.490+0000][1416.986s][info][gc,heap     ] GC(174) Old regions: 49->49
[2025-12-22T21:19:10.490+0000][1416.986s][info][gc,heap     ] GC(174) Archive regions: 2->2
[2025-12-22T21:19:10.490+0000][1416.987s][info][gc,heap     ] GC(174) Humongous regions: 37->37
[2025-12-22T21:19:10.490+0000][1416.987s][info][gc,metaspace] GC(174) Metaspace: 87200K(88128K)->87200K(88128K) NonClass: 75880K(76352K)->75880K(76352K) Class: 11320K(11776K)->11320K(11776K)
[2025-12-22T21:19:10.490+0000][1416.987s][info][gc          ] GC(174) Pause Young (Normal) (G1 Evacuation Pause) 761M->86M(1128M) 4.690ms
[2025-12-22T21:19:10.491+0000][1416.987s][info][gc,cpu      ] GC(174) User=0.01s Sys=0.00s Real=0.00s
[2025-12-22T21:19:18.937+0000][1425.433s][info][gc,start    ] GC(175) Pause Young (Normal) (G1 Evacuation Pause)
[2025-12-22T21:19:18.937+0000][1425.434s][info][gc,task     ] GC(175) Using 3 workers of 3 for evacuation
[2025-12-22T21:19:18.948+0000][1425.444s][info][gc,phases   ] GC(175)   Pre Evacuate Collection Set: 0.6ms
[2025-12-22T21:19:18.948+0000][1425.444s][info][gc,phases   ] GC(175)   Merge Heap Roots: 0.1ms
[2025-12-22T21:19:18.948+0000][1425.444s][info][gc,phases   ] GC(175)   Evacuate Collection Set: 6.1ms
[2025-12-22T21:19:18.948+0000][1425.445s][info][gc,phases   ] GC(175)   Post Evacuate Collection Set: 3.1ms
[2025-12-22T21:19:18.949+0000][1425.445s][info][gc,phases   ] GC(175)   Other: 0.9ms
[2025-12-22T21:19:18.949+0000][1425.445s][info][gc,heap     ] GC(175) Eden regions: 675->0(675)
[2025-12-22T21:19:18.949+0000][1425.445s][info][gc,heap     ] GC(175) Survivor regions: 1->1(85)
[2025-12-22T21:19:18.949+0000][1425.445s][info][gc,heap     ] GC(175) Old regions: 49->49
[2025-12-22T21:19:18.949+0000][1425.446s][info][gc,heap     ] GC(175) Archive regions: 2->2
[2025-12-22T21:19:18.949+0000][1425.446s][info][gc,heap     ] GC(175) Humongous regions: 37->37
[2025-12-22T21:19:18.950+0000][1425.446s][info][gc,metaspace] GC(175) Metaspace: 87202K(88128K)->87202K(88128K) NonClass: 75882K(76352K)->75882K(76352K) Class: 11320K(11776K)->11320K(11776K)
[2025-12-22T21:19:18.950+0000][1425.446s][info][gc          ] GC(175) Pause Young (Normal) (G1 Evacuation Pause) 761M->86M(1128M) 12.618ms
[2025-12-22T21:19:18.950+0000][1425.446s][info][gc,cpu      ] GC(175) User=0.02s Sys=0.00s Real=0.01s
[2025-12-22T21:19:27.937+0000][1434.433s][info][gc,start    ] GC(176) Pause Young (Normal) (G1 Evacuation Pause)
[2025-12-22T21:19:27.938+0000][1434.434s][info][gc,task     ] GC(176) Using 3 workers of 3 for evacuation
[2025-12-22T21:19:27.941+0000][1434.437s][info][gc,phases   ] GC(176)   Pre Evacuate Collection Set: 0.3ms
[2025-12-22T21:19:27.941+0000][1434.437s][info][gc,phases   ] GC(176)   Merge Heap Roots: 0.1ms
[2025-12-22T21:19:27.941+0000][1434.437s][info][gc,phases   ] GC(176)   Evacuate Collection Set: 1.7ms
[2025-12-22T21:19:27.941+0000][1434.438s][info][gc,phases   ] GC(176)   Post Evacuate Collection Set: 0.6ms
[2025-12-22T21:19:27.941+0000][1434.438s][info][gc,phases   ] GC(176)   Other: 1.2ms
[2025-12-22T21:19:27.941+0000][1434.438s][info][gc,heap     ] GC(176) Eden regions: 675->0(675)
[2025-12-22T21:19:27.942+0000][1434.438s][info][gc,heap     ] GC(176) Survivor regions: 1->1(85)
[2025-12-22T21:19:27.942+0000][1434.438s][info][gc,heap     ] GC(176) Old regions: 49->49
[2025-12-22T21:19:27.942+0000][1434.438s][info][gc,heap     ] GC(176) Archive regions: 2->2
[2025-12-22T21:19:27.942+0000][1434.438s][info][gc,heap     ] GC(176) Humongous regions: 37->37
[2025-12-22T21:19:27.942+0000][1434.438s][info][gc,metaspace] GC(176) Metaspace: 87202K(88128K)->87202K(88128K) NonClass: 75882K(76352K)->75882K(76352K) Class: 11320K(11776K)->11320K(11776K)
[2025-12-22T21:19:27.942+0000][1434.438s][info][gc          ] GC(176) Pause Young (Normal) (G1 Evacuation Pause) 761M->86M(1128M) 4.983ms
[2025-12-22T21:19:27.942+0000][1434.438s][info][gc,cpu      ] GC(176) User=0.01s Sys=0.00s Real=0.00s
[2025-12-22T21:19:36.734+0000][1443.230s][info][gc,start    ] GC(177) Pause Young (Normal) (G1 Evacuation Pause)
[2025-12-22T21:19:36.735+0000][1443.231s][info][gc,task     ] GC(177) Using 3 workers of 3 for evacuation
[2025-12-22T21:19:36.739+0000][1443.236s][info][gc,phases   ] GC(177)   Pre Evacuate Collection Set: 0.2ms
[2025-12-22T21:19:36.740+0000][1443.236s][info][gc,phases   ] GC(177)   Merge Heap Roots: 0.1ms
[2025-12-22T21:19:36.740+0000][1443.236s][info][gc,phases   ] GC(177)   Evacuate Collection Set: 3.6ms
[2025-12-22T21:19:36.740+0000][1443.236s][info][gc,phases   ] GC(177)   Post Evacuate Collection Set: 0.6ms
[2025-12-22T21:19:36.740+0000][1443.236s][info][gc,phases   ] GC(177)   Other: 1.3ms
[2025-12-22T21:19:36.740+0000][1443.236s][info][gc,heap     ] GC(177) Eden regions: 675->0(674)
[2025-12-22T21:19:36.740+0000][1443.236s][info][gc,heap     ] GC(177) Survivor regions: 1->2(85)
[2025-12-22T21:19:36.740+0000][1443.237s][info][gc,heap     ] GC(177) Old regions: 49->49
[2025-12-22T21:19:36.740+0000][1443.237s][info][gc,heap     ] GC(177) Archive regions: 2->2
[2025-12-22T21:19:36.741+0000][1443.237s][info][gc,heap     ] GC(177) Humongous regions: 37->37
[2025-12-22T21:19:36.741+0000][1443.237s][info][gc,metaspace] GC(177) Metaspace: 87205K(88128K)->87205K(88128K) NonClass: 75885K(76352K)->75885K(76352K) Class: 11320K(11776K)->11320K(11776K)
[2025-12-22T21:19:36.741+0000][1443.237s][info][gc          ] GC(177) Pause Young (Normal) (G1 Evacuation Pause) 761M->87M(1128M) 6.905ms
[2025-12-22T21:19:36.741+0000][1443.237s][info][gc,cpu      ] GC(177) User=0.00s Sys=0.00s Real=0.01s
[2025-12-22T21:19:44.619+0000][1451.115s][info][gc,start    ] GC(178) Pause Young (Normal) (G1 Evacuation Pause)
[2025-12-22T21:19:44.619+0000][1451.115s][info][gc,task     ] GC(178) Using 3 workers of 3 for evacuation
[2025-12-22T21:19:44.621+0000][1451.117s][info][gc,phases   ] GC(178)   Pre Evacuate Collection Set: 0.1ms
[2025-12-22T21:19:44.621+0000][1451.117s][info][gc,phases   ] GC(178)   Merge Heap Roots: 0.1ms
[2025-12-22T21:19:44.621+0000][1451.117s][info][gc,phases   ] GC(178)   Evacuate Collection Set: 1.1ms
[2025-12-22T21:19:44.621+0000][1451.117s][info][gc,phases   ] GC(178)   Post Evacuate Collection Set: 0.4ms
[2025-12-22T21:19:44.621+0000][1451.117s][info][gc,phases   ] GC(178)   Other: 0.6ms
[2025-12-22T21:19:44.621+0000][1451.117s][info][gc,heap     ] GC(178) Eden regions: 674->0(674)
[2025-12-22T21:19:44.621+0000][1451.117s][info][gc,heap     ] GC(178) Survivor regions: 2->2(85)
[2025-12-22T21:19:44.621+0000][1451.117s][info][gc,heap     ] GC(178) Old regions: 49->49
[2025-12-22T21:19:44.621+0000][1451.117s][info][gc,heap     ] GC(178) Archive regions: 2->2
[2025-12-22T21:19:44.621+0000][1451.118s][info][gc,heap     ] GC(178) Humongous regions: 37->37
[2025-12-22T21:19:44.621+0000][1451.118s][info][gc,metaspace] GC(178) Metaspace: 87210K(88128K)->87210K(88128K) NonClass: 75889K(76352K)->75889K(76352K) Class: 11320K(11776K)->11320K(11776K)
[2025-12-22T21:19:44.621+0000][1451.118s][info][gc          ] GC(178) Pause Young (Normal) (G1 Evacuation Pause) 761M->87M(1128M) 2.730ms
[2025-12-22T21:19:44.621+0000][1451.118s][info][gc,cpu      ] GC(178) User=0.00s Sys=0.00s Real=0.00s
[2025-12-22T21:19:53.994+0000][1460.491s][info][gc,start    ] GC(179) Pause Young (Normal) (G1 Evacuation Pause)
[2025-12-22T21:19:53.995+0000][1460.491s][info][gc,task     ] GC(179) Using 3 workers of 3 for evacuation
[2025-12-22T21:19:53.997+0000][1460.493s][info][gc,phases   ] GC(179)   Pre Evacuate Collection Set: 0.1ms
[2025-12-22T21:19:53.997+0000][1460.493s][info][gc,phases   ] GC(179)   Merge Heap Roots: 0.1ms
[2025-12-22T21:19:53.997+0000][1460.493s][info][gc,phases   ] GC(179)   Evacuate Collection Set: 1.0ms
[2025-12-22T21:19:53.997+0000][1460.493s][info][gc,phases   ] GC(179)   Post Evacuate Collection Set: 0.4ms
[2025-12-22T21:19:53.997+0000][1460.493s][info][gc,phases   ] GC(179)   Other: 0.7ms
[2025-12-22T21:19:53.997+0000][1460.493s][info][gc,heap     ] GC(179) Eden regions: 674->0(674)
[2025-12-22T21:19:53.997+0000][1460.493s][info][gc,heap     ] GC(179) Survivor regions: 2->2(85)
[2025-12-22T21:19:53.997+0000][1460.494s][info][gc,heap     ] GC(179) Old regions: 49->49
[2025-12-22T21:19:53.997+0000][1460.494s][info][gc,heap     ] GC(179) Archive regions: 2->2
[2025-12-22T21:19:53.997+0000][1460.494s][info][gc,heap     ] GC(179) Humongous regions: 37->37
[2025-12-22T21:19:53.998+0000][1460.494s][info][gc,metaspace] GC(179) Metaspace: 87210K(88128K)->87210K(88128K) NonClass: 75889K(76352K)->75889K(76352K) Class: 11320K(11776K)->11320K(11776K)
[2025-12-22T21:19:53.998+0000][1460.494s][info][gc          ] GC(179) Pause Young (Normal) (G1 Evacuation Pause) 761M->87M(1128M) 3.126ms
[2025-12-22T21:19:53.998+0000][1460.494s][info][gc,cpu      ] GC(179) User=0.00s Sys=0.00s Real=0.01s
[2025-12-22T21:20:01.844+0000][1468.340s][info][gc,start    ] GC(180) Pause Young (Normal) (G1 Evacuation Pause)
[2025-12-22T21:20:01.844+0000][1468.340s][info][gc,task     ] GC(180) Using 3 workers of 3 for evacuation
[2025-12-22T21:20:01.847+0000][1468.343s][info][gc,phases   ] GC(180)   Pre Evacuate Collection Set: 0.2ms
[2025-12-22T21:20:01.847+0000][1468.343s][info][gc,phases   ] GC(180)   Merge Heap Roots: 0.1ms
[2025-12-22T21:20:01.847+0000][1468.343s][info][gc,phases   ] GC(180)   Evacuate Collection Set: 1.4ms
[2025-12-22T21:20:01.847+0000][1468.343s][info][gc,phases   ] GC(180)   Post Evacuate Collection Set: 0.5ms
[2025-12-22T21:20:01.847+0000][1468.343s][info][gc,phases   ] GC(180)   Other: 0.7ms
[2025-12-22T21:20:01.847+0000][1468.343s][info][gc,heap     ] GC(180) Eden regions: 674->0(674)
[2025-12-22T21:20:01.847+0000][1468.343s][info][gc,heap     ] GC(180) Survivor regions: 2->2(85)
[2025-12-22T21:20:01.847+0000][1468.343s][info][gc,heap     ] GC(180) Old regions: 49->49
[2025-12-22T21:20:01.847+0000][1468.343s][info][gc,heap     ] GC(180) Archive regions: 2->2
[2025-12-22T21:20:01.847+0000][1468.343s][info][gc,heap     ] GC(180) Humongous regions: 37->37
[2025-12-22T21:20:01.847+0000][1468.343s][info][gc,metaspace] GC(180) Metaspace: 87210K(88128K)->87210K(88128K) NonClass: 75890K(76352K)->75890K(76352K) Class: 11320K(11776K)->11320K(11776K)
[2025-12-22T21:20:01.847+0000][1468.343s][info][gc          ] GC(180) Pause Young (Normal) (G1 Evacuation Pause) 761M->87M(1128M) 3.486ms
[2025-12-22T21:20:01.847+0000][1468.344s][info][gc,cpu      ] GC(180) User=0.01s Sys=0.00s Real=0.01s
[2025-12-22T21:20:11.438+0000][1477.934s][info][gc,start    ] GC(181) Pause Young (Normal) (G1 Evacuation Pause)
[2025-12-22T21:20:11.438+0000][1477.935s][info][gc,task     ] GC(181) Using 3 workers of 3 for evacuation
[2025-12-22T21:20:11.443+0000][1477.939s][info][gc,phases   ] GC(181)   Pre Evacuate Collection Set: 0.4ms
[2025-12-22T21:20:11.443+0000][1477.939s][info][gc,phases   ] GC(181)   Merge Heap Roots: 0.1ms
[2025-12-22T21:20:11.443+0000][1477.939s][info][gc,phases   ] GC(181)   Evacuate Collection Set: 2.5ms
[2025-12-22T21:20:11.443+0000][1477.939s][info][gc,phases   ] GC(181)   Post Evacuate Collection Set: 1.1ms
[2025-12-22T21:20:11.443+0000][1477.940s][info][gc,phases   ] GC(181)   Other: 0.8ms
[2025-12-22T21:20:11.444+0000][1477.940s][info][gc,heap     ] GC(181) Eden regions: 674->0(674)
[2025-12-22T21:20:11.444+0000][1477.940s][info][gc,heap     ] GC(181) Survivor regions: 2->2(85)
[2025-12-22T21:20:11.444+0000][1477.940s][info][gc,heap     ] GC(181) Old regions: 49->49
[2025-12-22T21:20:11.444+0000][1477.940s][info][gc,heap     ] GC(181) Archive regions: 2->2
[2025-12-22T21:20:11.444+0000][1477.940s][info][gc,heap     ] GC(181) Humongous regions: 37->37
[2025-12-22T21:20:11.444+0000][1477.941s][info][gc,metaspace] GC(181) Metaspace: 87210K(88128K)->87210K(88128K) NonClass: 75890K(76352K)->75890K(76352K) Class: 11320K(11776K)->11320K(11776K)
[2025-12-22T21:20:11.444+0000][1477.941s][info][gc          ] GC(181) Pause Young (Normal) (G1 Evacuation Pause) 761M->87M(1128M) 6.632ms
[2025-12-22T21:20:11.445+0000][1477.942s][info][gc,cpu      ] GC(181) User=0.01s Sys=0.00s Real=0.01s
[2025-12-22T21:20:19.428+0000][1485.924s][info][gc,start    ] GC(182) Pause Young (Normal) (G1 Evacuation Pause)
[2025-12-22T21:20:19.429+0000][1485.925s][info][gc,task     ] GC(182) Using 3 workers of 3 for evacuation
[2025-12-22T21:20:19.432+0000][1485.928s][info][gc,phases   ] GC(182)   Pre Evacuate Collection Set: 0.3ms
[2025-12-22T21:20:19.432+0000][1485.928s][info][gc,phases   ] GC(182)   Merge Heap Roots: 0.1ms
[2025-12-22T21:20:19.432+0000][1485.928s][info][gc,phases   ] GC(182)   Evacuate Collection Set: 1.9ms
[2025-12-22T21:20:19.432+0000][1485.929s][info][gc,phases   ] GC(182)   Post Evacuate Collection Set: 0.6ms
[2025-12-22T21:20:19.432+0000][1485.929s][info][gc,phases   ] GC(182)   Other: 1.5ms
[2025-12-22T21:20:19.432+0000][1485.929s][info][gc,heap     ] GC(182) Eden regions: 674->0(674)
[2025-12-22T21:20:19.433+0000][1485.929s][info][gc,heap     ] GC(182) Survivor regions: 2->2(85)
[2025-12-22T21:20:19.433+0000][1485.929s][info][gc,heap     ] GC(182) Old regions: 49->49
[2025-12-22T21:20:19.433+0000][1485.929s][info][gc,heap     ] GC(182) Archive regions: 2->2
[2025-12-22T21:20:19.433+0000][1485.929s][info][gc,heap     ] GC(182) Humongous regions: 37->37
[2025-12-22T21:20:19.433+0000][1485.929s][info][gc,metaspace] GC(182) Metaspace: 87211K(88128K)->87211K(88128K) NonClass: 75891K(76352K)->75891K(76352K) Class: 11320K(11776K)->11320K(11776K)
[2025-12-22T21:20:19.433+0000][1485.929s][info][gc          ] GC(182) Pause Young (Normal) (G1 Evacuation Pause) 761M->87M(1128M) 5.460ms
[2025-12-22T21:20:19.433+0000][1485.929s][info][gc,cpu      ] GC(182) User=0.01s Sys=0.00s Real=0.00s
[2025-12-22T21:20:27.923+0000][1494.419s][info][gc,start    ] GC(183) Pause Young (Normal) (G1 Evacuation Pause)
[2025-12-22T21:20:27.924+0000][1494.420s][info][gc,task     ] GC(183) Using 3 workers of 3 for evacuation
[2025-12-22T21:20:27.925+0000][1494.422s][info][gc,phases   ] GC(183)   Pre Evacuate Collection Set: 0.1ms
[2025-12-22T21:20:27.926+0000][1494.422s][info][gc,phases   ] GC(183)   Merge Heap Roots: 0.1ms
[2025-12-22T21:20:27.926+0000][1494.422s][info][gc,phases   ] GC(183)   Evacuate Collection Set: 1.0ms
[2025-12-22T21:20:27.926+0000][1494.422s][info][gc,phases   ] GC(183)   Post Evacuate Collection Set: 0.4ms
[2025-12-22T21:20:27.926+0000][1494.422s][info][gc,phases   ] GC(183)   Other: 1.3ms
[2025-12-22T21:20:27.926+0000][1494.422s][info][gc,heap     ] GC(183) Eden regions: 674->0(674)
[2025-12-22T21:20:27.926+0000][1494.422s][info][gc,heap     ] GC(183) Survivor regions: 2->2(85)
[2025-12-22T21:20:27.926+0000][1494.422s][info][gc,heap     ] GC(183) Old regions: 49->49
[2025-12-22T21:20:27.926+0000][1494.423s][info][gc,heap     ] GC(183) Archive regions: 2->2
[2025-12-22T21:20:27.926+0000][1494.423s][info][gc,heap     ] GC(183) Humongous regions: 37->37
[2025-12-22T21:20:27.927+0000][1494.423s][info][gc,metaspace] GC(183) Metaspace: 87211K(88128K)->87211K(88128K) NonClass: 75891K(76352K)->75891K(76352K) Class: 11320K(11776K)->11320K(11776K)
[2025-12-22T21:20:27.927+0000][1494.423s][info][gc          ] GC(183) Pause Young (Normal) (G1 Evacuation Pause) 761M->87M(1128M) 4.033ms
[2025-12-22T21:20:27.927+0000][1494.423s][info][gc,cpu      ] GC(183) User=0.00s Sys=0.00s Real=0.01s
[2025-12-22T21:20:36.878+0000][1503.374s][info][gc,start    ] GC(184) Pause Young (Normal) (G1 Evacuation Pause)
[2025-12-22T21:20:36.879+0000][1503.375s][info][gc,task     ] GC(184) Using 3 workers of 3 for evacuation
[2025-12-22T21:20:36.881+0000][1503.378s][info][gc,phases   ] GC(184)   Pre Evacuate Collection Set: 0.1ms
[2025-12-22T21:20:36.881+0000][1503.378s][info][gc,phases   ] GC(184)   Merge Heap Roots: 0.1ms
[2025-12-22T21:20:36.882+0000][1503.378s][info][gc,phases   ] GC(184)   Evacuate Collection Set: 1.6ms
[2025-12-22T21:20:36.882+0000][1503.378s][info][gc,phases   ] GC(184)   Post Evacuate Collection Set: 0.5ms
[2025-12-22T21:20:36.882+0000][1503.378s][info][gc,phases   ] GC(184)   Other: 1.3ms
[2025-12-22T21:20:36.882+0000][1503.378s][info][gc,heap     ] GC(184) Eden regions: 674->0(674)
[2025-12-22T21:20:36.882+0000][1503.378s][info][gc,heap     ] GC(184) Survivor regions: 2->2(85)
[2025-12-22T21:20:36.882+0000][1503.378s][info][gc,heap     ] GC(184) Old regions: 49->49
[2025-12-22T21:20:36.882+0000][1503.378s][info][gc,heap     ] GC(184) Archive regions: 2->2
[2025-12-22T21:20:36.882+0000][1503.379s][info][gc,heap     ] GC(184) Humongous regions: 37->37
[2025-12-22T21:20:36.882+0000][1503.379s][info][gc,metaspace] GC(184) Metaspace: 87211K(88128K)->87211K(88128K) NonClass: 75891K(76352K)->75891K(76352K) Class: 11320K(11776K)->11320K(11776K)
[2025-12-22T21:20:36.883+0000][1503.379s][info][gc          ] GC(184) Pause Young (Normal) (G1 Evacuation Pause) 761M->87M(1128M) 4.768ms
[2025-12-22T21:20:36.883+0000][1503.379s][info][gc,cpu      ] GC(184) User=0.00s Sys=0.00s Real=0.00s
[2025-12-22T21:20:44.876+0000][1511.372s][info][gc,start    ] GC(185) Pause Young (Normal) (G1 Evacuation Pause)
[2025-12-22T21:20:44.877+0000][1511.373s][info][gc,task     ] GC(185) Using 3 workers of 3 for evacuation
[2025-12-22T21:20:44.879+0000][1511.375s][info][gc,phases   ] GC(185)   Pre Evacuate Collection Set: 0.1ms
[2025-12-22T21:20:44.879+0000][1511.375s][info][gc,phases   ] GC(185)   Merge Heap Roots: 0.1ms
[2025-12-22T21:20:44.879+0000][1511.375s][info][gc,phases   ] GC(185)   Evacuate Collection Set: 1.3ms
[2025-12-22T21:20:44.879+0000][1511.375s][info][gc,phases   ] GC(185)   Post Evacuate Collection Set: 0.4ms
[2025-12-22T21:20:44.879+0000][1511.375s][info][gc,phases   ] GC(185)   Other: 0.7ms
[2025-12-22T21:20:44.879+0000][1511.375s][info][gc,heap     ] GC(185) Eden regions: 674->0(675)
[2025-12-22T21:20:44.879+0000][1511.375s][info][gc,heap     ] GC(185) Survivor regions: 2->1(85)
[2025-12-22T21:20:44.879+0000][1511.375s][info][gc,heap     ] GC(185) Old regions: 49->49
[2025-12-22T21:20:44.879+0000][1511.376s][info][gc,heap     ] GC(185) Archive regions: 2->2
[2025-12-22T21:20:44.879+0000][1511.376s][info][gc,heap     ] GC(185) Humongous regions: 37->37
[2025-12-22T21:20:44.879+0000][1511.376s][info][gc,metaspace] GC(185) Metaspace: 87212K(88128K)->87212K(88128K) NonClass: 75892K(76352K)->75892K(76352K) Class: 11320K(11776K)->11320K(11776K)
[2025-12-22T21:20:44.879+0000][1511.376s][info][gc          ] GC(185) Pause Young (Normal) (G1 Evacuation Pause) 761M->87M(1128M) 3.450ms
[2025-12-22T21:20:44.880+0000][1511.376s][info][gc,cpu      ] GC(185) User=0.01s Sys=0.00s Real=0.00s
[2025-12-22T21:20:54.438+0000][1520.934s][info][gc,start    ] GC(186) Pause Young (Normal) (G1 Evacuation Pause)
[2025-12-22T21:20:54.438+0000][1520.934s][info][gc,task     ] GC(186) Using 3 workers of 3 for evacuation
[2025-12-22T21:20:54.442+0000][1520.939s][info][gc,phases   ] GC(186)   Pre Evacuate Collection Set: 0.3ms
[2025-12-22T21:20:54.442+0000][1520.939s][info][gc,phases   ] GC(186)   Merge Heap Roots: 0.2ms
[2025-12-22T21:20:54.443+0000][1520.939s][info][gc,phases   ] GC(186)   Evacuate Collection Set: 2.8ms
[2025-12-22T21:20:54.443+0000][1520.939s][info][gc,phases   ] GC(186)   Post Evacuate Collection Set: 0.5ms
[2025-12-22T21:20:54.443+0000][1520.939s][info][gc,phases   ] GC(186)   Other: 0.9ms
[2025-12-22T21:20:54.443+0000][1520.939s][info][gc,heap     ] GC(186) Eden regions: 675->0(675)
[2025-12-22T21:20:54.443+0000][1520.939s][info][gc,heap     ] GC(186) Survivor regions: 1->1(85)
[2025-12-22T21:20:54.443+0000][1520.939s][info][gc,heap     ] GC(186) Old regions: 49->49
[2025-12-22T21:20:54.443+0000][1520.940s][info][gc,heap     ] GC(186) Archive regions: 2->2
[2025-12-22T21:20:54.443+0000][1520.940s][info][gc,heap     ] GC(186) Humongous regions: 37->37
[2025-12-22T21:20:54.444+0000][1520.940s][info][gc,metaspace] GC(186) Metaspace: 87212K(88128K)->87212K(88128K) NonClass: 75892K(76352K)->75892K(76352K) Class: 11320K(11776K)->11320K(11776K)
[2025-12-22T21:20:54.444+0000][1520.940s][info][gc          ] GC(186) Pause Young (Normal) (G1 Evacuation Pause) 762M->87M(1128M) 6.000ms
[2025-12-22T21:20:54.444+0000][1520.940s][info][gc,cpu      ] GC(186) User=0.00s Sys=0.00s Real=0.00s
[2025-12-22T21:21:02.204+0000][1528.700s][info][gc,start    ] GC(187) Pause Young (Normal) (G1 Evacuation Pause)
[2025-12-22T21:21:02.204+0000][1528.701s][info][gc,task     ] GC(187) Using 3 workers of 3 for evacuation
[2025-12-22T21:21:02.208+0000][1528.704s][info][gc,phases   ] GC(187)   Pre Evacuate Collection Set: 0.3ms
[2025-12-22T21:21:02.208+0000][1528.704s][info][gc,phases   ] GC(187)   Merge Heap Roots: 0.1ms
[2025-12-22T21:21:02.208+0000][1528.704s][info][gc,phases   ] GC(187)   Evacuate Collection Set: 2.3ms
[2025-12-22T21:21:02.208+0000][1528.705s][info][gc,phases   ] GC(187)   Post Evacuate Collection Set: 0.7ms
[2025-12-22T21:21:02.208+0000][1528.705s][info][gc,phases   ] GC(187)   Other: 0.8ms
[2025-12-22T21:21:02.208+0000][1528.705s][info][gc,heap     ] GC(187) Eden regions: 675->0(675)
[2025-12-22T21:21:02.209+0000][1528.705s][info][gc,heap     ] GC(187) Survivor regions: 1->1(85)
[2025-12-22T21:21:02.209+0000][1528.705s][info][gc,heap     ] GC(187) Old regions: 49->49
[2025-12-22T21:21:02.209+0000][1528.705s][info][gc,heap     ] GC(187) Archive regions: 2->2
[2025-12-22T21:21:02.209+0000][1528.705s][info][gc,heap     ] GC(187) Humongous regions: 37->37
[2025-12-22T21:21:02.209+0000][1528.705s][info][gc,metaspace] GC(187) Metaspace: 87212K(88128K)->87212K(88128K) NonClass: 75892K(76352K)->75892K(76352K) Class: 11320K(11776K)->11320K(11776K)
[2025-12-22T21:21:02.209+0000][1528.705s][info][gc          ] GC(187) Pause Young (Normal) (G1 Evacuation Pause) 762M->87M(1128M) 5.085ms
[2025-12-22T21:21:02.209+0000][1528.705s][info][gc,cpu      ] GC(187) User=0.01s Sys=0.00s Real=0.01s
[2025-12-22T21:21:11.729+0000][1538.225s][info][gc,start    ] GC(188) Pause Young (Normal) (G1 Evacuation Pause)
[2025-12-22T21:21:11.729+0000][1538.225s][info][gc,task     ] GC(188) Using 3 workers of 3 for evacuation
[2025-12-22T21:21:11.731+0000][1538.227s][info][gc,phases   ] GC(188)   Pre Evacuate Collection Set: 0.1ms
[2025-12-22T21:21:11.731+0000][1538.227s][info][gc,phases   ] GC(188)   Merge Heap Roots: 0.1ms
[2025-12-22T21:21:11.731+0000][1538.227s][info][gc,phases   ] GC(188)   Evacuate Collection Set: 0.9ms
[2025-12-22T21:21:11.731+0000][1538.228s][info][gc,phases   ] GC(188)   Post Evacuate Collection Set: 0.4ms
[2025-12-22T21:21:11.731+0000][1538.228s][info][gc,phases   ] GC(188)   Other: 0.9ms
[2025-12-22T21:21:11.732+0000][1538.228s][info][gc,heap     ] GC(188) Eden regions: 675->0(675)
[2025-12-22T21:21:11.732+0000][1538.228s][info][gc,heap     ] GC(188) Survivor regions: 1->1(85)
[2025-12-22T21:21:11.732+0000][1538.228s][info][gc,heap     ] GC(188) Old regions: 49->49
[2025-12-22T21:21:11.732+0000][1538.228s][info][gc,heap     ] GC(188) Archive regions: 2->2
[2025-12-22T21:21:11.732+0000][1538.228s][info][gc,heap     ] GC(188) Humongous regions: 37->37
[2025-12-22T21:21:11.732+0000][1538.228s][info][gc,metaspace] GC(188) Metaspace: 87212K(88128K)->87212K(88128K) NonClass: 75892K(76352K)->75892K(76352K) Class: 11320K(11776K)->11320K(11776K)
[2025-12-22T21:21:11.732+0000][1538.228s][info][gc          ] GC(188) Pause Young (Normal) (G1 Evacuation Pause) 762M->87M(1128M) 3.608ms
[2025-12-22T21:21:11.732+0000][1538.229s][info][gc,cpu      ] GC(188) User=0.00s Sys=0.00s Real=0.00s
[2025-12-22T21:21:19.747+0000][1546.243s][info][gc,start    ] GC(189) Pause Young (Normal) (G1 Evacuation Pause)
[2025-12-22T21:21:19.747+0000][1546.243s][info][gc,task     ] GC(189) Using 3 workers of 3 for evacuation
[2025-12-22T21:21:19.749+0000][1546.245s][info][gc,phases   ] GC(189)   Pre Evacuate Collection Set: 0.2ms
[2025-12-22T21:21:19.749+0000][1546.246s][info][gc,phases   ] GC(189)   Merge Heap Roots: 0.1ms
[2025-12-22T21:21:19.749+0000][1546.246s][info][gc,phases   ] GC(189)   Evacuate Collection Set: 1.4ms
[2025-12-22T21:21:19.749+0000][1546.246s][info][gc,phases   ] GC(189)   Post Evacuate Collection Set: 0.5ms
[2025-12-22T21:21:19.750+0000][1546.246s][info][gc,phases   ] GC(189)   Other: 0.6ms
[2025-12-22T21:21:19.750+0000][1546.246s][info][gc,heap     ] GC(189) Eden regions: 675->0(675)
[2025-12-22T21:21:19.750+0000][1546.246s][info][gc,heap     ] GC(189) Survivor regions: 1->1(85)
[2025-12-22T21:21:19.750+0000][1546.246s][info][gc,heap     ] GC(189) Old regions: 49->49
[2025-12-22T21:21:19.750+0000][1546.246s][info][gc,heap     ] GC(189) Archive regions: 2->2
[2025-12-22T21:21:19.750+0000][1546.246s][info][gc,heap     ] GC(189) Humongous regions: 37->37
[2025-12-22T21:21:19.750+0000][1546.246s][info][gc,metaspace] GC(189) Metaspace: 87213K(88128K)->87213K(88128K) NonClass: 75893K(76352K)->75893K(76352K) Class: 11320K(11776K)->11320K(11776K)
[2025-12-22T21:21:19.750+0000][1546.246s][info][gc          ] GC(189) Pause Young (Normal) (G1 Evacuation Pause) 762M->87M(1128M) 3.592ms
[2025-12-22T21:21:19.750+0000][1546.247s][info][gc,cpu      ] GC(189) User=0.00s Sys=0.00s Real=0.00s
[2025-12-22T21:21:27.918+0000][1554.414s][info][gc,start    ] GC(190) Pause Young (Normal) (G1 Evacuation Pause)
[2025-12-22T21:21:27.918+0000][1554.414s][info][gc,task     ] GC(190) Using 3 workers of 3 for evacuation
[2025-12-22T21:21:27.920+0000][1554.416s][info][gc,phases   ] GC(190)   Pre Evacuate Collection Set: 0.1ms
[2025-12-22T21:21:27.920+0000][1554.416s][info][gc,phases   ] GC(190)   Merge Heap Roots: 0.1ms
[2025-12-22T21:21:27.920+0000][1554.416s][info][gc,phases   ] GC(190)   Evacuate Collection Set: 1.0ms
[2025-12-22T21:21:27.920+0000][1554.416s][info][gc,phases   ] GC(190)   Post Evacuate Collection Set: 0.4ms
[2025-12-22T21:21:27.920+0000][1554.416s][info][gc,phases   ] GC(190)   Other: 0.4ms
[2025-12-22T21:21:27.920+0000][1554.417s][info][gc,heap     ] GC(190) Eden regions: 675->0(675)
[2025-12-22T21:21:27.920+0000][1554.417s][info][gc,heap     ] GC(190) Survivor regions: 1->1(85)
[2025-12-22T21:21:27.921+0000][1554.417s][info][gc,heap     ] GC(190) Old regions: 49->49
[2025-12-22T21:21:27.921+0000][1554.417s][info][gc,heap     ] GC(190) Archive regions: 2->2
[2025-12-22T21:21:27.921+0000][1554.417s][info][gc,heap     ] GC(190) Humongous regions: 37->37
[2025-12-22T21:21:27.921+0000][1554.417s][info][gc,metaspace] GC(190) Metaspace: 87213K(88128K)->87213K(88128K) NonClass: 75893K(76352K)->75893K(76352K) Class: 11320K(11776K)->11320K(11776K)
[2025-12-22T21:21:27.921+0000][1554.417s][info][gc          ] GC(190) Pause Young (Normal) (G1 Evacuation Pause) 762M->87M(1128M) 3.171ms
[2025-12-22T21:21:27.921+0000][1554.417s][info][gc,cpu      ] GC(190) User=0.00s Sys=0.00s Real=0.00s
[2025-12-22T21:21:37.265+0000][1563.761s][info][gc,start    ] GC(191) Pause Young (Normal) (G1 Evacuation Pause)
[2025-12-22T21:21:37.266+0000][1563.762s][info][gc,task     ] GC(191) Using 3 workers of 3 for evacuation
[2025-12-22T21:21:37.269+0000][1563.765s][info][gc,phases   ] GC(191)   Pre Evacuate Collection Set: 0.3ms
[2025-12-22T21:21:37.269+0000][1563.765s][info][gc,phases   ] GC(191)   Merge Heap Roots: 0.1ms
[2025-12-22T21:21:37.269+0000][1563.765s][info][gc,phases   ] GC(191)   Evacuate Collection Set: 2.3ms
[2025-12-22T21:21:37.269+0000][1563.766s][info][gc,phases   ] GC(191)   Post Evacuate Collection Set: 0.5ms
[2025-12-22T21:21:37.269+0000][1563.766s][info][gc,phases   ] GC(191)   Other: 0.8ms
[2025-12-22T21:21:37.269+0000][1563.766s][info][gc,heap     ] GC(191) Eden regions: 675->0(675)
[2025-12-22T21:21:37.270+0000][1563.766s][info][gc,heap     ] GC(191) Survivor regions: 1->1(85)
[2025-12-22T21:21:37.270+0000][1563.766s][info][gc,heap     ] GC(191) Old regions: 49->49
[2025-12-22T21:21:37.270+0000][1563.766s][info][gc,heap     ] GC(191) Archive regions: 2->2
[2025-12-22T21:21:37.270+0000][1563.766s][info][gc,heap     ] GC(191) Humongous regions: 37->37
[2025-12-22T21:21:37.270+0000][1563.766s][info][gc,metaspace] GC(191) Metaspace: 87215K(88128K)->87215K(88128K) NonClass: 75895K(76352K)->75895K(76352K) Class: 11320K(11776K)->11320K(11776K)
[2025-12-22T21:21:37.270+0000][1563.766s][info][gc          ] GC(191) Pause Young (Normal) (G1 Evacuation Pause) 762M->87M(1128M) 4.744ms
[2025-12-22T21:21:37.270+0000][1563.766s][info][gc,cpu      ] GC(191) User=0.01s Sys=0.00s Real=0.00s
[2025-12-22T21:21:45.165+0000][1571.662s][info][gc,start    ] GC(192) Pause Young (Normal) (G1 Evacuation Pause)
[2025-12-22T21:21:45.166+0000][1571.662s][info][gc,task     ] GC(192) Using 3 workers of 3 for evacuation
[2025-12-22T21:21:45.171+0000][1571.667s][info][gc,phases   ] GC(192)   Pre Evacuate Collection Set: 0.4ms
[2025-12-22T21:21:45.171+0000][1571.667s][info][gc,phases   ] GC(192)   Merge Heap Roots: 0.1ms
[2025-12-22T21:21:45.171+0000][1571.667s][info][gc,phases   ] GC(192)   Evacuate Collection Set: 2.6ms
[2025-12-22T21:21:45.171+0000][1571.667s][info][gc,phases   ] GC(192)   Post Evacuate Collection Set: 0.9ms
[2025-12-22T21:21:45.171+0000][1571.667s][info][gc,phases   ] GC(192)   Other: 1.1ms
[2025-12-22T21:21:45.171+0000][1571.667s][info][gc,heap     ] GC(192) Eden regions: 675->0(675)
[2025-12-22T21:21:45.171+0000][1571.667s][info][gc,heap     ] GC(192) Survivor regions: 1->1(85)
[2025-12-22T21:21:45.171+0000][1571.667s][info][gc,heap     ] GC(192) Old regions: 49->49
[2025-12-22T21:21:45.171+0000][1571.667s][info][gc,heap     ] GC(192) Archive regions: 2->2
[2025-12-22T21:21:45.171+0000][1571.668s][info][gc,heap     ] GC(192) Humongous regions: 37->37
[2025-12-22T21:21:45.171+0000][1571.668s][info][gc,metaspace] GC(192) Metaspace: 87215K(88128K)->87215K(88128K) NonClass: 75895K(76352K)->75895K(76352K) Class: 11320K(11776K)->11320K(11776K)
[2025-12-22T21:21:45.171+0000][1571.668s][info][gc          ] GC(192) Pause Young (Normal) (G1 Evacuation Pause) 762M->87M(1128M) 6.037ms
[2025-12-22T21:21:45.172+0000][1571.668s][info][gc,cpu      ] GC(192) User=0.01s Sys=0.00s Real=0.00s
[2025-12-22T21:21:54.763+0000][1581.260s][info][gc,start    ] GC(193) Pause Young (Normal) (G1 Evacuation Pause)
[2025-12-22T21:21:54.764+0000][1581.261s][info][gc,task     ] GC(193) Using 3 workers of 3 for evacuation
[2025-12-22T21:21:54.766+0000][1581.262s][info][gc,phases   ] GC(193)   Pre Evacuate Collection Set: 0.1ms
[2025-12-22T21:21:54.766+0000][1581.262s][info][gc,phases   ] GC(193)   Merge Heap Roots: 0.1ms
[2025-12-22T21:21:54.766+0000][1581.263s][info][gc,phases   ] GC(193)   Evacuate Collection Set: 0.9ms
[2025-12-22T21:21:54.766+0000][1581.263s][info][gc,phases   ] GC(193)   Post Evacuate Collection Set: 0.4ms
[2025-12-22T21:21:54.766+0000][1581.263s][info][gc,phases   ] GC(193)   Other: 1.1ms
[2025-12-22T21:21:54.767+0000][1581.263s][info][gc,heap     ] GC(193) Eden regions: 675->0(675)
[2025-12-22T21:21:54.767+0000][1581.263s][info][gc,heap     ] GC(193) Survivor regions: 1->1(85)
[2025-12-22T21:21:54.767+0000][1581.263s][info][gc,heap     ] GC(193) Old regions: 49->49
[2025-12-22T21:21:54.767+0000][1581.263s][info][gc,heap     ] GC(193) Archive regions: 2->2
[2025-12-22T21:21:54.767+0000][1581.263s][info][gc,heap     ] GC(193) Humongous regions: 37->37
[2025-12-22T21:21:54.767+0000][1581.263s][info][gc,metaspace] GC(193) Metaspace: 87215K(88128K)->87215K(88128K) NonClass: 75895K(76352K)->75895K(76352K) Class: 11320K(11776K)->11320K(11776K)
[2025-12-22T21:21:54.767+0000][1581.263s][info][gc          ] GC(193) Pause Young (Normal) (G1 Evacuation Pause) 762M->87M(1128M) 3.597ms
[2025-12-22T21:21:54.767+0000][1581.263s][info][gc,cpu      ] GC(193) User=0.00s Sys=0.00s Real=0.01s
[2025-12-22T21:22:02.689+0000][1589.185s][info][gc,start    ] GC(194) Pause Young (Normal) (G1 Evacuation Pause)
[2025-12-22T21:22:02.690+0000][1589.186s][info][gc,task     ] GC(194) Using 3 workers of 3 for evacuation
[2025-12-22T21:22:02.691+0000][1589.188s][info][gc,phases   ] GC(194)   Pre Evacuate Collection Set: 0.1ms
[2025-12-22T21:22:02.692+0000][1589.188s][info][gc,phases   ] GC(194)   Merge Heap Roots: 0.1ms
[2025-12-22T21:22:02.692+0000][1589.188s][info][gc,phases   ] GC(194)   Evacuate Collection Set: 1.0ms
[2025-12-22T21:22:02.692+0000][1589.188s][info][gc,phases   ] GC(194)   Post Evacuate Collection Set: 0.4ms
[2025-12-22T21:22:02.692+0000][1589.188s][info][gc,phases   ] GC(194)   Other: 0.7ms
[2025-12-22T21:22:02.692+0000][1589.188s][info][gc,heap     ] GC(194) Eden regions: 675->0(675)
[2025-12-22T21:22:02.692+0000][1589.188s][info][gc,heap     ] GC(194) Survivor regions: 1->1(85)
[2025-12-22T21:22:02.692+0000][1589.188s][info][gc,heap     ] GC(194) Old regions: 49->49
[2025-12-22T21:22:02.692+0000][1589.188s][info][gc,heap     ] GC(194) Archive regions: 2->2
[2025-12-22T21:22:02.692+0000][1589.188s][info][gc,heap     ] GC(194) Humongous regions: 37->37
[2025-12-22T21:22:02.692+0000][1589.188s][info][gc,metaspace] GC(194) Metaspace: 87215K(88128K)->87215K(88128K) NonClass: 75895K(76352K)->75895K(76352K) Class: 11320K(11776K)->11320K(11776K)
[2025-12-22T21:22:02.692+0000][1589.188s][info][gc          ] GC(194) Pause Young (Normal) (G1 Evacuation Pause) 762M->87M(1128M) 2.737ms
[2025-12-22T21:22:02.692+0000][1589.188s][info][gc,cpu      ] GC(194) User=0.01s Sys=0.00s Real=0.00s
[2025-12-22T21:22:12.156+0000][1598.653s][info][gc,start    ] GC(195) Pause Young (Normal) (G1 Evacuation Pause)
[2025-12-22T21:22:12.157+0000][1598.653s][info][gc,task     ] GC(195) Using 3 workers of 3 for evacuation
[2025-12-22T21:22:12.159+0000][1598.655s][info][gc,phases   ] GC(195)   Pre Evacuate Collection Set: 0.2ms
[2025-12-22T21:22:12.159+0000][1598.655s][info][gc,phases   ] GC(195)   Merge Heap Roots: 0.1ms
[2025-12-22T21:22:12.159+0000][1598.655s][info][gc,phases   ] GC(195)   Evacuate Collection Set: 1.3ms
[2025-12-22T21:22:12.159+0000][1598.655s][info][gc,phases   ] GC(195)   Post Evacuate Collection Set: 0.4ms
[2025-12-22T21:22:12.159+0000][1598.655s][info][gc,phases   ] GC(195)   Other: 0.7ms
[2025-12-22T21:22:12.159+0000][1598.655s][info][gc,heap     ] GC(195) Eden regions: 675->0(675)
[2025-12-22T21:22:12.159+0000][1598.655s][info][gc,heap     ] GC(195) Survivor regions: 1->1(85)
[2025-12-22T21:22:12.159+0000][1598.655s][info][gc,heap     ] GC(195) Old regions: 49->49
[2025-12-22T21:22:12.159+0000][1598.655s][info][gc,heap     ] GC(195) Archive regions: 2->2
[2025-12-22T21:22:12.159+0000][1598.656s][info][gc,heap     ] GC(195) Humongous regions: 37->37
[2025-12-22T21:22:12.159+0000][1598.656s][info][gc,metaspace] GC(195) Metaspace: 87215K(88128K)->87215K(88128K) NonClass: 75895K(76352K)->75895K(76352K) Class: 11320K(11776K)->11320K(11776K)
[2025-12-22T21:22:12.159+0000][1598.656s][info][gc          ] GC(195) Pause Young (Normal) (G1 Evacuation Pause) 762M->87M(1128M) 3.028ms
[2025-12-22T21:22:12.159+0000][1598.656s][info][gc,cpu      ] GC(195) User=0.01s Sys=0.00s Real=0.00s
[2025-12-22T21:22:20.034+0000][1606.531s][info][gc,start    ] GC(196) Pause Young (Normal) (G1 Evacuation Pause)
[2025-12-22T21:22:20.035+0000][1606.531s][info][gc,task     ] GC(196) Using 3 workers of 3 for evacuation
[2025-12-22T21:22:20.038+0000][1606.534s][info][gc,phases   ] GC(196)   Pre Evacuate Collection Set: 0.3ms
[2025-12-22T21:22:20.038+0000][1606.534s][info][gc,phases   ] GC(196)   Merge Heap Roots: 0.1ms
[2025-12-22T21:22:20.038+0000][1606.534s][info][gc,phases   ] GC(196)   Evacuate Collection Set: 1.9ms
[2025-12-22T21:22:20.038+0000][1606.535s][info][gc,phases   ] GC(196)   Post Evacuate Collection Set: 0.8ms
[2025-12-22T21:22:20.038+0000][1606.535s][info][gc,phases   ] GC(196)   Other: 0.8ms
[2025-12-22T21:22:20.039+0000][1606.535s][info][gc,heap     ] GC(196) Eden regions: 675->0(675)
[2025-12-22T21:22:20.039+0000][1606.535s][info][gc,heap     ] GC(196) Survivor regions: 1->1(85)
[2025-12-22T21:22:20.039+0000][1606.535s][info][gc,heap     ] GC(196) Old regions: 49->49
[2025-12-22T21:22:20.039+0000][1606.535s][info][gc,heap     ] GC(196) Archive regions: 2->2
[2025-12-22T21:22:20.039+0000][1606.535s][info][gc,heap     ] GC(196) Humongous regions: 37->37
[2025-12-22T21:22:20.039+0000][1606.535s][info][gc,metaspace] GC(196) Metaspace: 87215K(88128K)->87215K(88128K) NonClass: 75895K(76352K)->75895K(76352K) Class: 11320K(11776K)->11320K(11776K)
[2025-12-22T21:22:20.039+0000][1606.535s][info][gc          ] GC(196) Pause Young (Normal) (G1 Evacuation Pause) 762M->87M(1128M) 4.752ms
[2025-12-22T21:22:20.039+0000][1606.535s][info][gc,cpu      ] GC(196) User=0.01s Sys=0.00s Real=0.01s
[2025-12-22T21:22:28.015+0000][1614.511s][info][gc,start    ] GC(197) Pause Young (Normal) (G1 Evacuation Pause)
[2025-12-22T21:22:28.016+0000][1614.512s][info][gc,task     ] GC(197) Using 3 workers of 3 for evacuation
[2025-12-22T21:22:28.018+0000][1614.514s][info][gc,phases   ] GC(197)   Pre Evacuate Collection Set: 0.1ms
[2025-12-22T21:22:28.018+0000][1614.514s][info][gc,phases   ] GC(197)   Merge Heap Roots: 0.1ms
[2025-12-22T21:22:28.018+0000][1614.514s][info][gc,phases   ] GC(197)   Evacuate Collection Set: 0.9ms
[2025-12-22T21:22:28.018+0000][1614.514s][info][gc,phases   ] GC(197)   Post Evacuate Collection Set: 0.4ms
[2025-12-22T21:22:28.018+0000][1614.514s][info][gc,phases   ] GC(197)   Other: 1.2ms
[2025-12-22T21:22:28.018+0000][1614.514s][info][gc,heap     ] GC(197) Eden regions: 675->0(675)
[2025-12-22T21:22:28.018+0000][1614.514s][info][gc,heap     ] GC(197) Survivor regions: 1->1(85)
[2025-12-22T21:22:28.018+0000][1614.515s][info][gc,heap     ] GC(197) Old regions: 49->49
[2025-12-22T21:22:28.019+0000][1614.515s][info][gc,heap     ] GC(197) Archive regions: 2->2
[2025-12-22T21:22:28.019+0000][1614.515s][info][gc,heap     ] GC(197) Humongous regions: 37->37
[2025-12-22T21:22:28.019+0000][1614.515s][info][gc,metaspace] GC(197) Metaspace: 87215K(88128K)->87215K(88128K) NonClass: 75895K(76352K)->75895K(76352K) Class: 11320K(11776K)->11320K(11776K)
[2025-12-22T21:22:28.019+0000][1614.515s][info][gc          ] GC(197) Pause Young (Normal) (G1 Evacuation Pause) 762M->87M(1128M) 3.638ms
[2025-12-22T21:22:28.019+0000][1614.515s][info][gc,cpu      ] GC(197) User=0.01s Sys=0.00s Real=0.00s
[2025-12-22T21:22:37.348+0000][1623.844s][info][gc,start    ] GC(198) Pause Young (Normal) (G1 Evacuation Pause)
[2025-12-22T21:22:37.348+0000][1623.844s][info][gc,task     ] GC(198) Using 3 workers of 3 for evacuation
[2025-12-22T21:22:37.351+0000][1623.847s][info][gc,phases   ] GC(198)   Pre Evacuate Collection Set: 0.1ms
[2025-12-22T21:22:37.351+0000][1623.847s][info][gc,phases   ] GC(198)   Merge Heap Roots: 0.1ms
[2025-12-22T21:22:37.351+0000][1623.847s][info][gc,phases   ] GC(198)   Evacuate Collection Set: 1.4ms
[2025-12-22T21:22:37.351+0000][1623.847s][info][gc,phases   ] GC(198)   Post Evacuate Collection Set: 0.5ms
[2025-12-22T21:22:37.351+0000][1623.847s][info][gc,phases   ] GC(198)   Other: 0.9ms
[2025-12-22T21:22:37.351+0000][1623.847s][info][gc,heap     ] GC(198) Eden regions: 675->0(675)
[2025-12-22T21:22:37.351+0000][1623.848s][info][gc,heap     ] GC(198) Survivor regions: 1->1(85)
[2025-12-22T21:22:37.351+0000][1623.848s][info][gc,heap     ] GC(198) Old regions: 49->49
[2025-12-22T21:22:37.352+0000][1623.848s][info][gc,heap     ] GC(198) Archive regions: 2->2
[2025-12-22T21:22:37.352+0000][1623.848s][info][gc,heap     ] GC(198) Humongous regions: 37->37
[2025-12-22T21:22:37.352+0000][1623.848s][info][gc,metaspace] GC(198) Metaspace: 87216K(88128K)->87216K(88128K) NonClass: 75896K(76352K)->75896K(76352K) Class: 11320K(11776K)->11320K(11776K)
[2025-12-22T21:22:37.352+0000][1623.848s][info][gc          ] GC(198) Pause Young (Normal) (G1 Evacuation Pause) 762M->87M(1128M) 4.195ms
[2025-12-22T21:22:37.352+0000][1623.848s][info][gc,cpu      ] GC(198) User=0.00s Sys=0.00s Real=0.00s
[2025-12-22T21:22:45.261+0000][1631.757s][info][gc,start    ] GC(199) Pause Young (Normal) (G1 Evacuation Pause)
[2025-12-22T21:22:45.261+0000][1631.758s][info][gc,task     ] GC(199) Using 3 workers of 3 for evacuation
[2025-12-22T21:22:45.264+0000][1631.761s][info][gc,phases   ] GC(199)   Pre Evacuate Collection Set: 0.2ms
[2025-12-22T21:22:45.265+0000][1631.761s][info][gc,phases   ] GC(199)   Merge Heap Roots: 0.2ms
[2025-12-22T21:22:45.265+0000][1631.761s][info][gc,phases   ] GC(199)   Evacuate Collection Set: 1.9ms
[2025-12-22T21:22:45.265+0000][1631.761s][info][gc,phases   ] GC(199)   Post Evacuate Collection Set: 0.5ms
[2025-12-22T21:22:45.265+0000][1631.761s][info][gc,phases   ] GC(199)   Other: 0.6ms
[2025-12-22T21:22:45.265+0000][1631.761s][info][gc,heap     ] GC(199) Eden regions: 675->0(675)
[2025-12-22T21:22:45.265+0000][1631.762s][info][gc,heap     ] GC(199) Survivor regions: 1->1(85)
[2025-12-22T21:22:45.266+0000][1631.762s][info][gc,heap     ] GC(199) Old regions: 49->49
[2025-12-22T21:22:45.266+0000][1631.762s][info][gc,heap     ] GC(199) Archive regions: 2->2
[2025-12-22T21:22:45.266+0000][1631.762s][info][gc,heap     ] GC(199) Humongous regions: 37->37
[2025-12-22T21:22:45.266+0000][1631.762s][info][gc,metaspace] GC(199) Metaspace: 87231K(88128K)->87231K(88128K) NonClass: 75911K(76352K)->75911K(76352K) Class: 11320K(11776K)->11320K(11776K)
[2025-12-22T21:22:45.266+0000][1631.762s][info][gc          ] GC(199) Pause Young (Normal) (G1 Evacuation Pause) 762M->87M(1128M) 4.862ms
[2025-12-22T21:22:45.266+0000][1631.763s][info][gc,cpu      ] GC(199) User=0.01s Sys=0.00s Real=0.01s
[2025-12-22T21:22:54.882+0000][1641.378s][info][gc,start    ] GC(200) Pause Young (Normal) (G1 Evacuation Pause)
[2025-12-22T21:22:54.882+0000][1641.379s][info][gc,task     ] GC(200) Using 3 workers of 3 for evacuation
[2025-12-22T21:22:54.885+0000][1641.381s][info][gc,phases   ] GC(200)   Pre Evacuate Collection Set: 0.2ms
[2025-12-22T21:22:54.885+0000][1641.382s][info][gc,phases   ] GC(200)   Merge Heap Roots: 0.1ms
[2025-12-22T21:22:54.885+0000][1641.382s][info][gc,phases   ] GC(200)   Evacuate Collection Set: 1.8ms
[2025-12-22T21:22:54.885+0000][1641.382s][info][gc,phases   ] GC(200)   Post Evacuate Collection Set: 0.5ms
[2025-12-22T21:22:54.885+0000][1641.382s][info][gc,phases   ] GC(200)   Other: 0.7ms
[2025-12-22T21:22:54.886+0000][1641.382s][info][gc,heap     ] GC(200) Eden regions: 675->0(675)
[2025-12-22T21:22:54.886+0000][1641.382s][info][gc,heap     ] GC(200) Survivor regions: 1->1(85)
[2025-12-22T21:22:54.886+0000][1641.382s][info][gc,heap     ] GC(200) Old regions: 49->49
[2025-12-22T21:22:54.886+0000][1641.382s][info][gc,heap     ] GC(200) Archive regions: 2->2
[2025-12-22T21:22:54.886+0000][1641.382s][info][gc,heap     ] GC(200) Humongous regions: 37->37
[2025-12-22T21:22:54.886+0000][1641.382s][info][gc,metaspace] GC(200) Metaspace: 87231K(88128K)->87231K(88128K) NonClass: 75911K(76352K)->75911K(76352K) Class: 11320K(11776K)->11320K(11776K)
[2025-12-22T21:22:54.886+0000][1641.382s][info][gc          ] GC(200) Pause Young (Normal) (G1 Evacuation Pause) 762M->87M(1128M) 3.719ms
[2025-12-22T21:22:54.886+0000][1641.382s][info][gc,cpu      ] GC(200) User=0.00s Sys=0.00s Real=0.01s
[2025-12-22T21:23:02.774+0000][1649.271s][info][gc,start    ] GC(201) Pause Young (Normal) (G1 Evacuation Pause)
[2025-12-22T21:23:02.775+0000][1649.271s][info][gc,task     ] GC(201) Using 3 workers of 3 for evacuation
[2025-12-22T21:23:02.779+0000][1649.275s][info][gc,phases   ] GC(201)   Pre Evacuate Collection Set: 0.3ms
[2025-12-22T21:23:02.779+0000][1649.276s][info][gc,phases   ] GC(201)   Merge Heap Roots: 0.1ms
[2025-12-22T21:23:02.779+0000][1649.276s][info][gc,phases   ] GC(201)   Evacuate Collection Set: 2.7ms
[2025-12-22T21:23:02.779+0000][1649.276s][info][gc,phases   ] GC(201)   Post Evacuate Collection Set: 1.0ms
[2025-12-22T21:23:02.779+0000][1649.276s][info][gc,phases   ] GC(201)   Other: 0.8ms
[2025-12-22T21:23:02.780+0000][1649.276s][info][gc,heap     ] GC(201) Eden regions: 675->0(675)
[2025-12-22T21:23:02.780+0000][1649.276s][info][gc,heap     ] GC(201) Survivor regions: 1->1(85)
[2025-12-22T21:23:02.780+0000][1649.276s][info][gc,heap     ] GC(201) Old regions: 49->50
[2025-12-22T21:23:02.780+0000][1649.276s][info][gc,heap     ] GC(201) Archive regions: 2->2
[2025-12-22T21:23:02.780+0000][1649.276s][info][gc,heap     ] GC(201) Humongous regions: 37->37
[2025-12-22T21:23:02.780+0000][1649.276s][info][gc,metaspace] GC(201) Metaspace: 87231K(88128K)->87231K(88128K) NonClass: 75911K(76352K)->75911K(76352K) Class: 11320K(11776K)->11320K(11776K)
[2025-12-22T21:23:02.780+0000][1649.276s][info][gc          ] GC(201) Pause Young (Normal) (G1 Evacuation Pause) 762M->87M(1128M) 5.418ms
[2025-12-22T21:23:02.780+0000][1649.276s][info][gc,cpu      ] GC(201) User=0.01s Sys=0.00s Real=0.01s
[2025-12-22T21:23:12.424+0000][1658.920s][info][gc,start    ] GC(202) Pause Young (Normal) (G1 Evacuation Pause)
[2025-12-22T21:23:12.424+0000][1658.921s][info][gc,task     ] GC(202) Using 3 workers of 3 for evacuation
[2025-12-22T21:23:12.427+0000][1658.923s][info][gc,phases   ] GC(202)   Pre Evacuate Collection Set: 0.2ms
[2025-12-22T21:23:12.427+0000][1658.923s][info][gc,phases   ] GC(202)   Merge Heap Roots: 0.1ms
[2025-12-22T21:23:12.427+0000][1658.923s][info][gc,phases   ] GC(202)   Evacuate Collection Set: 1.2ms
[2025-12-22T21:23:12.427+0000][1658.923s][info][gc,phases   ] GC(202)   Post Evacuate Collection Set: 0.4ms
[2025-12-22T21:23:12.427+0000][1658.923s][info][gc,phases   ] GC(202)   Other: 0.9ms
[2025-12-22T21:23:12.427+0000][1658.923s][info][gc,heap     ] GC(202) Eden regions: 675->0(675)
[2025-12-22T21:23:12.427+0000][1658.923s][info][gc,heap     ] GC(202) Survivor regions: 1->1(85)
[2025-12-22T21:23:12.427+0000][1658.923s][info][gc,heap     ] GC(202) Old regions: 50->50
[2025-12-22T21:23:12.427+0000][1658.924s][info][gc,heap     ] GC(202) Archive regions: 2->2
[2025-12-22T21:23:12.427+0000][1658.924s][info][gc,heap     ] GC(202) Humongous regions: 37->37
[2025-12-22T21:23:12.427+0000][1658.924s][info][gc,metaspace] GC(202) Metaspace: 87231K(88128K)->87231K(88128K) NonClass: 75911K(76352K)->75911K(76352K) Class: 11320K(11776K)->11320K(11776K)
[2025-12-22T21:23:12.428+0000][1658.924s][info][gc          ] GC(202) Pause Young (Normal) (G1 Evacuation Pause) 762M->87M(1128M) 3.650ms
[2025-12-22T21:23:12.428+0000][1658.924s][info][gc,cpu      ] GC(202) User=0.00s Sys=0.00s Real=0.01s
[2025-12-22T21:23:20.399+0000][1666.895s][info][gc,start    ] GC(203) Pause Young (Normal) (G1 Evacuation Pause)
[2025-12-22T21:23:20.399+0000][1666.896s][info][gc,task     ] GC(203) Using 3 workers of 3 for evacuation
[2025-12-22T21:23:20.403+0000][1666.899s][info][gc,phases   ] GC(203)   Pre Evacuate Collection Set: 0.2ms
[2025-12-22T21:23:20.403+0000][1666.899s][info][gc,phases   ] GC(203)   Merge Heap Roots: 0.1ms
[2025-12-22T21:23:20.403+0000][1666.899s][info][gc,phases   ] GC(203)   Evacuate Collection Set: 2.2ms
[2025-12-22T21:23:20.403+0000][1666.899s][info][gc,phases   ] GC(203)   Post Evacuate Collection Set: 0.6ms
[2025-12-22T21:23:20.403+0000][1666.900s][info][gc,phases   ] GC(203)   Other: 0.8ms
[2025-12-22T21:23:20.403+0000][1666.900s][info][gc,heap     ] GC(203) Eden regions: 675->0(675)
[2025-12-22T21:23:20.404+0000][1666.900s][info][gc,heap     ] GC(203) Survivor regions: 1->1(85)
[2025-12-22T21:23:20.404+0000][1666.900s][info][gc,heap     ] GC(203) Old regions: 50->50
[2025-12-22T21:23:20.404+0000][1666.900s][info][gc,heap     ] GC(203) Archive regions: 2->2
[2025-12-22T21:23:20.404+0000][1666.900s][info][gc,heap     ] GC(203) Humongous regions: 37->37
[2025-12-22T21:23:20.404+0000][1666.900s][info][gc,metaspace] GC(203) Metaspace: 87234K(88128K)->87234K(88128K) NonClass: 75914K(76352K)->75914K(76352K) Class: 11320K(11776K)->11320K(11776K)
[2025-12-22T21:23:20.404+0000][1666.900s][info][gc          ] GC(203) Pause Young (Normal) (G1 Evacuation Pause) 762M->87M(1128M) 5.255ms
[2025-12-22T21:23:20.404+0000][1666.900s][info][gc,cpu      ] GC(203) User=0.00s Sys=0.00s Real=0.00s
[2025-12-22T21:23:28.229+0000][1674.726s][info][gc,start    ] GC(204) Pause Young (Normal) (G1 Evacuation Pause)
[2025-12-22T21:23:28.231+0000][1674.727s][info][gc,task     ] GC(204) Using 3 workers of 3 for evacuation
[2025-12-22T21:23:28.232+0000][1674.728s][info][gc,phases   ] GC(204)   Pre Evacuate Collection Set: 0.1ms
[2025-12-22T21:23:28.232+0000][1674.729s][info][gc,phases   ] GC(204)   Merge Heap Roots: 0.1ms
[2025-12-22T21:23:28.232+0000][1674.729s][info][gc,phases   ] GC(204)   Evacuate Collection Set: 0.8ms
[2025-12-22T21:23:28.233+0000][1674.729s][info][gc,phases   ] GC(204)   Post Evacuate Collection Set: 0.4ms
[2025-12-22T21:23:28.233+0000][1674.729s][info][gc,phases   ] GC(204)   Other: 1.3ms
[2025-12-22T21:23:28.233+0000][1674.729s][info][gc,heap     ] GC(204) Eden regions: 675->0(675)
[2025-12-22T21:23:28.233+0000][1674.729s][info][gc,heap     ] GC(204) Survivor regions: 1->1(85)
[2025-12-22T21:23:28.233+0000][1674.729s][info][gc,heap     ] GC(204) Old regions: 50->50
[2025-12-22T21:23:28.233+0000][1674.729s][info][gc,heap     ] GC(204) Archive regions: 2->2
[2025-12-22T21:23:28.233+0000][1674.729s][info][gc,heap     ] GC(204) Humongous regions: 37->37
[2025-12-22T21:23:28.233+0000][1674.729s][info][gc,metaspace] GC(204) Metaspace: 87234K(88128K)->87234K(88128K) NonClass: 75914K(76352K)->75914K(76352K) Class: 11320K(11776K)->11320K(11776K)
[2025-12-22T21:23:28.233+0000][1674.730s][info][gc          ] GC(204) Pause Young (Normal) (G1 Evacuation Pause) 762M->87M(1128M) 3.870ms
[2025-12-22T21:23:28.233+0000][1674.730s][info][gc,cpu      ] GC(204) User=0.00s Sys=0.00s Real=0.00s
[2025-12-22T21:23:37.649+0000][1684.146s][info][gc,start    ] GC(205) Pause Young (Normal) (G1 Evacuation Pause)
[2025-12-22T21:23:37.650+0000][1684.146s][info][gc,task     ] GC(205) Using 3 workers of 3 for evacuation
[2025-12-22T21:23:37.652+0000][1684.149s][info][gc,phases   ] GC(205)   Pre Evacuate Collection Set: 0.2ms
[2025-12-22T21:23:37.652+0000][1684.149s][info][gc,phases   ] GC(205)   Merge Heap Roots: 0.1ms
[2025-12-22T21:23:37.652+0000][1684.149s][info][gc,phases   ] GC(205)   Evacuate Collection Set: 1.7ms
[2025-12-22T21:23:37.653+0000][1684.149s][info][gc,phases   ] GC(205)   Post Evacuate Collection Set: 0.4ms
[2025-12-22T21:23:37.653+0000][1684.149s][info][gc,phases   ] GC(205)   Other: 0.7ms
[2025-12-22T21:23:37.653+0000][1684.149s][info][gc,heap     ] GC(205) Eden regions: 675->0(675)
[2025-12-22T21:23:37.653+0000][1684.149s][info][gc,heap     ] GC(205) Survivor regions: 1->1(85)
[2025-12-22T21:23:37.653+0000][1684.149s][info][gc,heap     ] GC(205) Old regions: 50->50
[2025-12-22T21:23:37.653+0000][1684.149s][info][gc,heap     ] GC(205) Archive regions: 2->2
[2025-12-22T21:23:37.653+0000][1684.149s][info][gc,heap     ] GC(205) Humongous regions: 37->37
[2025-12-22T21:23:37.653+0000][1684.149s][info][gc,metaspace] GC(205) Metaspace: 87234K(88128K)->87234K(88128K) NonClass: 75914K(76352K)->75914K(76352K) Class: 11320K(11776K)->11320K(11776K)
[2025-12-22T21:23:37.653+0000][1684.149s][info][gc          ] GC(205) Pause Young (Normal) (G1 Evacuation Pause) 762M->87M(1128M) 3.424ms
[2025-12-22T21:23:37.653+0000][1684.149s][info][gc,cpu      ] GC(205) User=0.01s Sys=0.00s Real=0.00s
[2025-12-22T21:23:45.391+0000][1691.887s][info][gc,start    ] GC(206) Pause Young (Normal) (G1 Evacuation Pause)
[2025-12-22T21:23:45.392+0000][1691.888s][info][gc,task     ] GC(206) Using 3 workers of 3 for evacuation
[2025-12-22T21:23:45.394+0000][1691.890s][info][gc,phases   ] GC(206)   Pre Evacuate Collection Set: 0.1ms
[2025-12-22T21:23:45.394+0000][1691.890s][info][gc,phases   ] GC(206)   Merge Heap Roots: 0.1ms
[2025-12-22T21:23:45.394+0000][1691.890s][info][gc,phases   ] GC(206)   Evacuate Collection Set: 1.0ms
[2025-12-22T21:23:45.394+0000][1691.890s][info][gc,phases   ] GC(206)   Post Evacuate Collection Set: 0.4ms
[2025-12-22T21:23:45.394+0000][1691.891s][info][gc,phases   ] GC(206)   Other: 1.1ms
[2025-12-22T21:23:45.394+0000][1691.891s][info][gc,heap     ] GC(206) Eden regions: 675->0(675)
[2025-12-22T21:23:45.395+0000][1691.891s][info][gc,heap     ] GC(206) Survivor regions: 1->1(85)
[2025-12-22T21:23:45.395+0000][1691.891s][info][gc,heap     ] GC(206) Old regions: 50->50
[2025-12-22T21:23:45.395+0000][1691.891s][info][gc,heap     ] GC(206) Archive regions: 2->2
[2025-12-22T21:23:45.395+0000][1691.891s][info][gc,heap     ] GC(206) Humongous regions: 37->37
[2025-12-22T21:23:45.395+0000][1691.891s][info][gc,metaspace] GC(206) Metaspace: 87236K(88128K)->87236K(88128K) NonClass: 75916K(76352K)->75916K(76352K) Class: 11320K(11776K)->11320K(11776K)
[2025-12-22T21:23:45.395+0000][1691.891s][info][gc          ] GC(206) Pause Young (Normal) (G1 Evacuation Pause) 762M->87M(1128M) 3.782ms
[2025-12-22T21:23:45.395+0000][1691.891s][info][gc,cpu      ] GC(206) User=0.01s Sys=0.00s Real=0.01s
[2025-12-22T21:23:54.822+0000][1701.318s][info][gc,start    ] GC(207) Pause Young (Normal) (G1 Evacuation Pause)
[2025-12-22T21:23:54.823+0000][1701.319s][info][gc,task     ] GC(207) Using 3 workers of 3 for evacuation
[2025-12-22T21:23:54.826+0000][1701.322s][info][gc,phases   ] GC(207)   Pre Evacuate Collection Set: 0.3ms
[2025-12-22T21:23:54.826+0000][1701.323s][info][gc,phases   ] GC(207)   Merge Heap Roots: 0.1ms
[2025-12-22T21:23:54.826+0000][1701.323s][info][gc,phases   ] GC(207)   Evacuate Collection Set: 1.9ms
[2025-12-22T21:23:54.826+0000][1701.323s][info][gc,phases   ] GC(207)   Post Evacuate Collection Set: 0.7ms
[2025-12-22T21:23:54.827+0000][1701.323s][info][gc,phases   ] GC(207)   Other: 1.3ms
[2025-12-22T21:23:54.827+0000][1701.323s][info][gc,heap     ] GC(207) Eden regions: 675->0(675)
[2025-12-22T21:23:54.827+0000][1701.323s][info][gc,heap     ] GC(207) Survivor regions: 1->1(85)
[2025-12-22T21:23:54.827+0000][1701.323s][info][gc,heap     ] GC(207) Old regions: 50->50
[2025-12-22T21:23:54.827+0000][1701.323s][info][gc,heap     ] GC(207) Archive regions: 2->2
[2025-12-22T21:23:54.827+0000][1701.323s][info][gc,heap     ] GC(207) Humongous regions: 37->37
[2025-12-22T21:23:54.827+0000][1701.323s][info][gc,metaspace] GC(207) Metaspace: 87236K(88128K)->87236K(88128K) NonClass: 75916K(76352K)->75916K(76352K) Class: 11320K(11776K)->11320K(11776K)
[2025-12-22T21:23:54.827+0000][1701.323s][info][gc          ] GC(207) Pause Young (Normal) (G1 Evacuation Pause) 762M->87M(1128M) 5.267ms
[2025-12-22T21:23:54.827+0000][1701.323s][info][gc,cpu      ] GC(207) User=0.01s Sys=0.00s Real=0.01s
[2025-12-22T21:24:02.754+0000][1709.250s][info][gc,start    ] GC(208) Pause Young (Normal) (G1 Evacuation Pause)
[2025-12-22T21:24:02.755+0000][1709.251s][info][gc,task     ] GC(208) Using 3 workers of 3 for evacuation
[2025-12-22T21:24:02.758+0000][1709.254s][info][gc,phases   ] GC(208)   Pre Evacuate Collection Set: 0.2ms
[2025-12-22T21:24:02.758+0000][1709.255s][info][gc,phases   ] GC(208)   Merge Heap Roots: 0.1ms
[2025-12-22T21:24:02.759+0000][1709.255s][info][gc,phases   ] GC(208)   Evacuate Collection Set: 2.0ms
[2025-12-22T21:24:02.759+0000][1709.255s][info][gc,phases   ] GC(208)   Post Evacuate Collection Set: 0.7ms
[2025-12-22T21:24:02.759+0000][1709.255s][info][gc,phases   ] GC(208)   Other: 1.8ms
[2025-12-22T21:24:02.759+0000][1709.255s][info][gc,heap     ] GC(208) Eden regions: 675->0(675)
[2025-12-22T21:24:02.759+0000][1709.255s][info][gc,heap     ] GC(208) Survivor regions: 1->1(85)
[2025-12-22T21:24:02.759+0000][1709.256s][info][gc,heap     ] GC(208) Old regions: 50->50
[2025-12-22T21:24:02.760+0000][1709.256s][info][gc,heap     ] GC(208) Archive regions: 2->2
[2025-12-22T21:24:02.760+0000][1709.256s][info][gc,heap     ] GC(208) Humongous regions: 37->37
[2025-12-22T21:24:02.760+0000][1709.256s][info][gc,metaspace] GC(208) Metaspace: 87236K(88128K)->87236K(88128K) NonClass: 75916K(76352K)->75916K(76352K) Class: 11320K(11776K)->11320K(11776K)
[2025-12-22T21:24:02.760+0000][1709.256s][info][gc          ] GC(208) Pause Young (Normal) (G1 Evacuation Pause) 762M->87M(1128M) 6.626ms
[2025-12-22T21:24:02.760+0000][1709.257s][info][gc,cpu      ] GC(208) User=0.01s Sys=0.00s Real=0.01s
[2025-12-22T21:24:12.115+0000][1718.611s][info][gc,start    ] GC(209) Pause Young (Normal) (G1 Evacuation Pause)
[2025-12-22T21:24:12.115+0000][1718.611s][info][gc,task     ] GC(209) Using 3 workers of 3 for evacuation
[2025-12-22T21:24:12.117+0000][1718.614s][info][gc,phases   ] GC(209)   Pre Evacuate Collection Set: 0.2ms
[2025-12-22T21:24:12.118+0000][1718.614s][info][gc,phases   ] GC(209)   Merge Heap Roots: 0.2ms
[2025-12-22T21:24:12.118+0000][1718.614s][info][gc,phases   ] GC(209)   Evacuate Collection Set: 1.2ms
[2025-12-22T21:24:12.118+0000][1718.614s][info][gc,phases   ] GC(209)   Post Evacuate Collection Set: 0.4ms
[2025-12-22T21:24:12.118+0000][1718.614s][info][gc,phases   ] GC(209)   Other: 0.8ms
[2025-12-22T21:24:12.118+0000][1718.614s][info][gc,heap     ] GC(209) Eden regions: 675->0(675)
[2025-12-22T21:24:12.118+0000][1718.614s][info][gc,heap     ] GC(209) Survivor regions: 1->1(85)
[2025-12-22T21:24:12.118+0000][1718.614s][info][gc,heap     ] GC(209) Old regions: 50->50
[2025-12-22T21:24:12.118+0000][1718.614s][info][gc,heap     ] GC(209) Archive regions: 2->2
[2025-12-22T21:24:12.118+0000][1718.614s][info][gc,heap     ] GC(209) Humongous regions: 37->37
[2025-12-22T21:24:12.118+0000][1718.614s][info][gc,metaspace] GC(209) Metaspace: 87237K(88128K)->87237K(88128K) NonClass: 75917K(76352K)->75917K(76352K) Class: 11320K(11776K)->11320K(11776K)
[2025-12-22T21:24:12.118+0000][1718.615s][info][gc          ] GC(209) Pause Young (Normal) (G1 Evacuation Pause) 762M->87M(1128M) 3.528ms
[2025-12-22T21:24:12.118+0000][1718.615s][info][gc,cpu      ] GC(209) User=0.01s Sys=0.00s Real=0.00s
[2025-12-22T21:24:20.070+0000][1726.566s][info][gc,start    ] GC(210) Pause Young (Normal) (G1 Evacuation Pause)
[2025-12-22T21:24:20.071+0000][1726.567s][info][gc,task     ] GC(210) Using 3 workers of 3 for evacuation
[2025-12-22T21:24:20.072+0000][1726.569s][info][gc,phases   ] GC(210)   Pre Evacuate Collection Set: 0.1ms
[2025-12-22T21:24:20.073+0000][1726.569s][info][gc,phases   ] GC(210)   Merge Heap Roots: 0.1ms
[2025-12-22T21:24:20.073+0000][1726.569s][info][gc,phases   ] GC(210)   Evacuate Collection Set: 1.1ms
[2025-12-22T21:24:20.073+0000][1726.569s][info][gc,phases   ] GC(210)   Post Evacuate Collection Set: 0.4ms
[2025-12-22T21:24:20.073+0000][1726.569s][info][gc,phases   ] GC(210)   Other: 0.5ms
[2025-12-22T21:24:20.073+0000][1726.569s][info][gc,heap     ] GC(210) Eden regions: 675->0(675)
[2025-12-22T21:24:20.073+0000][1726.569s][info][gc,heap     ] GC(210) Survivor regions: 1->1(85)
[2025-12-22T21:24:20.073+0000][1726.569s][info][gc,heap     ] GC(210) Old regions: 50->50
[2025-12-22T21:24:20.073+0000][1726.569s][info][gc,heap     ] GC(210) Archive regions: 2->2
[2025-12-22T21:24:20.073+0000][1726.569s][info][gc,heap     ] GC(210) Humongous regions: 37->37
[2025-12-22T21:24:20.073+0000][1726.569s][info][gc,metaspace] GC(210) Metaspace: 87237K(88128K)->87237K(88128K) NonClass: 75917K(76352K)->75917K(76352K) Class: 11320K(11776K)->11320K(11776K)
[2025-12-22T21:24:20.073+0000][1726.569s][info][gc          ] GC(210) Pause Young (Normal) (G1 Evacuation Pause) 762M->87M(1128M) 2.987ms
[2025-12-22T21:24:20.073+0000][1726.570s][info][gc,cpu      ] GC(210) User=0.00s Sys=0.00s Real=0.00s
[2025-12-22T21:24:27.924+0000][1734.420s][info][gc,start    ] GC(211) Pause Young (Normal) (G1 Evacuation Pause)
[2025-12-22T21:24:27.924+0000][1734.421s][info][gc,task     ] GC(211) Using 3 workers of 3 for evacuation
[2025-12-22T21:24:27.926+0000][1734.423s][info][gc,phases   ] GC(211)   Pre Evacuate Collection Set: 0.2ms
[2025-12-22T21:24:27.926+0000][1734.423s][info][gc,phases   ] GC(211)   Merge Heap Roots: 0.1ms
[2025-12-22T21:24:27.927+0000][1734.423s][info][gc,phases   ] GC(211)   Evacuate Collection Set: 0.8ms
[2025-12-22T21:24:27.927+0000][1734.423s][info][gc,phases   ] GC(211)   Post Evacuate Collection Set: 0.5ms
[2025-12-22T21:24:27.927+0000][1734.423s][info][gc,phases   ] GC(211)   Other: 0.7ms
[2025-12-22T21:24:27.927+0000][1734.423s][info][gc,heap     ] GC(211) Eden regions: 675->0(675)
[2025-12-22T21:24:27.927+0000][1734.423s][info][gc,heap     ] GC(211) Survivor regions: 1->1(85)
[2025-12-22T21:24:27.927+0000][1734.423s][info][gc,heap     ] GC(211) Old regions: 50->50
[2025-12-22T21:24:27.927+0000][1734.423s][info][gc,heap     ] GC(211) Archive regions: 2->2
[2025-12-22T21:24:27.927+0000][1734.424s][info][gc,heap     ] GC(211) Humongous regions: 37->37
[2025-12-22T21:24:27.927+0000][1734.424s][info][gc,metaspace] GC(211) Metaspace: 87237K(88128K)->87237K(88128K) NonClass: 75917K(76352K)->75917K(76352K) Class: 11320K(11776K)->11320K(11776K)
[2025-12-22T21:24:27.928+0000][1734.424s][info][gc          ] GC(211) Pause Young (Normal) (G1 Evacuation Pause) 762M->87M(1128M) 3.695ms
[2025-12-22T21:24:27.928+0000][1734.424s][info][gc,cpu      ] GC(211) User=0.00s Sys=0.01s Real=0.01s
[2025-12-22T21:24:37.089+0000][1743.585s][info][gc,start    ] GC(212) Pause Young (Normal) (G1 Evacuation Pause)
[2025-12-22T21:24:37.090+0000][1743.586s][info][gc,task     ] GC(212) Using 3 workers of 3 for evacuation
[2025-12-22T21:24:37.093+0000][1743.589s][info][gc,phases   ] GC(212)   Pre Evacuate Collection Set: 0.2ms
[2025-12-22T21:24:37.093+0000][1743.589s][info][gc,phases   ] GC(212)   Merge Heap Roots: 0.1ms
[2025-12-22T21:24:37.093+0000][1743.589s][info][gc,phases   ] GC(212)   Evacuate Collection Set: 1.7ms
[2025-12-22T21:24:37.093+0000][1743.589s][info][gc,phases   ] GC(212)   Post Evacuate Collection Set: 0.5ms
[2025-12-22T21:24:37.093+0000][1743.589s][info][gc,phases   ] GC(212)   Other: 1.3ms
[2025-12-22T21:24:37.093+0000][1743.590s][info][gc,heap     ] GC(212) Eden regions: 675->0(675)
[2025-12-22T21:24:37.093+0000][1743.590s][info][gc,heap     ] GC(212) Survivor regions: 1->1(85)
[2025-12-22T21:24:37.094+0000][1743.590s][info][gc,heap     ] GC(212) Old regions: 50->50
[2025-12-22T21:24:37.094+0000][1743.590s][info][gc,heap     ] GC(212) Archive regions: 2->2
[2025-12-22T21:24:37.094+0000][1743.590s][info][gc,heap     ] GC(212) Humongous regions: 37->37
[2025-12-22T21:24:37.094+0000][1743.590s][info][gc,metaspace] GC(212) Metaspace: 87242K(88128K)->87242K(88128K) NonClass: 75922K(76352K)->75922K(76352K) Class: 11320K(11776K)->11320K(11776K)
[2025-12-22T21:24:37.094+0000][1743.590s][info][gc          ] GC(212) Pause Young (Normal) (G1 Evacuation Pause) 762M->87M(1128M) 5.000ms
[2025-12-22T21:24:37.094+0000][1743.590s][info][gc,cpu      ] GC(212) User=0.01s Sys=0.00s Real=0.00s
[2025-12-22T21:24:45.070+0000][1751.566s][info][gc,start    ] GC(213) Pause Young (Normal) (G1 Evacuation Pause)
[2025-12-22T21:24:45.070+0000][1751.567s][info][gc,task     ] GC(213) Using 3 workers of 3 for evacuation
[2025-12-22T21:24:45.075+0000][1751.571s][info][gc,phases   ] GC(213)   Pre Evacuate Collection Set: 0.3ms
[2025-12-22T21:24:45.075+0000][1751.571s][info][gc,phases   ] GC(213)   Merge Heap Roots: 0.2ms
[2025-12-22T21:24:45.075+0000][1751.571s][info][gc,phases   ] GC(213)   Evacuate Collection Set: 2.5ms
[2025-12-22T21:24:45.075+0000][1751.571s][info][gc,phases   ] GC(213)   Post Evacuate Collection Set: 0.8ms
[2025-12-22T21:24:45.075+0000][1751.571s][info][gc,phases   ] GC(213)   Other: 1.4ms
[2025-12-22T21:24:45.075+0000][1751.571s][info][gc,heap     ] GC(213) Eden regions: 675->0(675)
[2025-12-22T21:24:45.075+0000][1751.571s][info][gc,heap     ] GC(213) Survivor regions: 1->1(85)
[2025-12-22T21:24:45.075+0000][1751.571s][info][gc,heap     ] GC(213) Old regions: 50->50
[2025-12-22T21:24:45.075+0000][1751.571s][info][gc,heap     ] GC(213) Archive regions: 2->2
[2025-12-22T21:24:45.075+0000][1751.571s][info][gc,heap     ] GC(213) Humongous regions: 37->37
[2025-12-22T21:24:45.075+0000][1751.572s][info][gc,metaspace] GC(213) Metaspace: 87244K(88128K)->87244K(88128K) NonClass: 75924K(76352K)->75924K(76352K) Class: 11320K(11776K)->11320K(11776K)
[2025-12-22T21:24:45.075+0000][1751.572s][info][gc          ] GC(213) Pause Young (Normal) (G1 Evacuation Pause) 762M->87M(1128M) 5.795ms
[2025-12-22T21:24:45.075+0000][1751.572s][info][gc,cpu      ] GC(213) User=0.01s Sys=0.00s Real=0.01s
[2025-12-22T21:24:54.444+0000][1760.940s][info][gc,start    ] GC(214) Pause Young (Normal) (G1 Evacuation Pause)
[2025-12-22T21:24:54.444+0000][1760.940s][info][gc,task     ] GC(214) Using 3 workers of 3 for evacuation
[2025-12-22T21:24:54.446+0000][1760.942s][info][gc,phases   ] GC(214)   Pre Evacuate Collection Set: 0.1ms
[2025-12-22T21:24:54.446+0000][1760.942s][info][gc,phases   ] GC(214)   Merge Heap Roots: 0.1ms
[2025-12-22T21:24:54.446+0000][1760.942s][info][gc,phases   ] GC(214)   Evacuate Collection Set: 0.8ms
[2025-12-22T21:24:54.446+0000][1760.942s][info][gc,phases   ] GC(214)   Post Evacuate Collection Set: 0.4ms
[2025-12-22T21:24:54.446+0000][1760.942s][info][gc,phases   ] GC(214)   Other: 0.6ms
[2025-12-22T21:24:54.446+0000][1760.942s][info][gc,heap     ] GC(214) Eden regions: 675->0(675)
[2025-12-22T21:24:54.446+0000][1760.942s][info][gc,heap     ] GC(214) Survivor regions: 1->1(85)
[2025-12-22T21:24:54.446+0000][1760.942s][info][gc,heap     ] GC(214) Old regions: 50->50
[2025-12-22T21:24:54.446+0000][1760.942s][info][gc,heap     ] GC(214) Archive regions: 2->2
[2025-12-22T21:24:54.446+0000][1760.942s][info][gc,heap     ] GC(214) Humongous regions: 37->37
[2025-12-22T21:24:54.446+0000][1760.942s][info][gc,metaspace] GC(214) Metaspace: 87244K(88128K)->87244K(88128K) NonClass: 75924K(76352K)->75924K(76352K) Class: 11320K(11776K)->11320K(11776K)
[2025-12-22T21:24:54.446+0000][1760.942s][info][gc          ] GC(214) Pause Young (Normal) (G1 Evacuation Pause) 762M->87M(1128M) 2.688ms
[2025-12-22T21:24:54.446+0000][1760.943s][info][gc,cpu      ] GC(214) User=0.01s Sys=0.00s Real=0.01s
[2025-12-22T21:25:02.229+0000][1768.726s][info][gc,start    ] GC(215) Pause Young (Normal) (G1 Evacuation Pause)
[2025-12-22T21:25:02.230+0000][1768.726s][info][gc,task     ] GC(215) Using 3 workers of 3 for evacuation
[2025-12-22T21:25:02.232+0000][1768.728s][info][gc,phases   ] GC(215)   Pre Evacuate Collection Set: 0.1ms
[2025-12-22T21:25:02.232+0000][1768.728s][info][gc,phases   ] GC(215)   Merge Heap Roots: 0.1ms
[2025-12-22T21:25:02.232+0000][1768.728s][info][gc,phases   ] GC(215)   Evacuate Collection Set: 1.1ms
[2025-12-22T21:25:02.232+0000][1768.728s][info][gc,phases   ] GC(215)   Post Evacuate Collection Set: 0.5ms
[2025-12-22T21:25:02.232+0000][1768.728s][info][gc,phases   ] GC(215)   Other: 0.8ms
[2025-12-22T21:25:02.232+0000][1768.729s][info][gc,heap     ] GC(215) Eden regions: 675->0(675)
[2025-12-22T21:25:02.232+0000][1768.729s][info][gc,heap     ] GC(215) Survivor regions: 1->1(85)
[2025-12-22T21:25:02.232+0000][1768.729s][info][gc,heap     ] GC(215) Old regions: 50->50
[2025-12-22T21:25:02.233+0000][1768.729s][info][gc,heap     ] GC(215) Archive regions: 2->2
[2025-12-22T21:25:02.233+0000][1768.729s][info][gc,heap     ] GC(215) Humongous regions: 37->37
[2025-12-22T21:25:02.233+0000][1768.729s][info][gc,metaspace] GC(215) Metaspace: 87246K(88192K)->87246K(88192K) NonClass: 75926K(76416K)->75926K(76416K) Class: 11320K(11776K)->11320K(11776K)
[2025-12-22T21:25:02.233+0000][1768.729s][info][gc          ] GC(215) Pause Young (Normal) (G1 Evacuation Pause) 762M->87M(1128M) 3.430ms
[2025-12-22T21:25:02.233+0000][1768.729s][info][gc,cpu      ] GC(215) User=0.01s Sys=0.00s Real=0.00s
[2025-12-22T21:25:11.673+0000][1778.169s][info][gc,start    ] GC(216) Pause Young (Normal) (G1 Evacuation Pause)
[2025-12-22T21:25:11.673+0000][1778.170s][info][gc,task     ] GC(216) Using 3 workers of 3 for evacuation
[2025-12-22T21:25:11.675+0000][1778.172s][info][gc,phases   ] GC(216)   Pre Evacuate Collection Set: 0.1ms
[2025-12-22T21:25:11.675+0000][1778.172s][info][gc,phases   ] GC(216)   Merge Heap Roots: 0.1ms
[2025-12-22T21:25:11.676+0000][1778.172s][info][gc,phases   ] GC(216)   Evacuate Collection Set: 1.1ms
[2025-12-22T21:25:11.676+0000][1778.172s][info][gc,phases   ] GC(216)   Post Evacuate Collection Set: 0.5ms
[2025-12-22T21:25:11.676+0000][1778.172s][info][gc,phases   ] GC(216)   Other: 0.5ms
[2025-12-22T21:25:11.676+0000][1778.172s][info][gc,heap     ] GC(216) Eden regions: 675->0(675)
[2025-12-22T21:25:11.676+0000][1778.172s][info][gc,heap     ] GC(216) Survivor regions: 1->1(85)
[2025-12-22T21:25:11.676+0000][1778.172s][info][gc,heap     ] GC(216) Old regions: 50->50
[2025-12-22T21:25:11.676+0000][1778.172s][info][gc,heap     ] GC(216) Archive regions: 2->2
[2025-12-22T21:25:11.676+0000][1778.173s][info][gc,heap     ] GC(216) Humongous regions: 37->37
[2025-12-22T21:25:11.676+0000][1778.173s][info][gc,metaspace] GC(216) Metaspace: 87250K(88192K)->87250K(88192K) NonClass: 75930K(76416K)->75930K(76416K) Class: 11320K(11776K)->11320K(11776K)
[2025-12-22T21:25:11.677+0000][1778.173s][info][gc          ] GC(216) Pause Young (Normal) (G1 Evacuation Pause) 762M->87M(1128M) 3.446ms
[2025-12-22T21:25:11.677+0000][1778.173s][info][gc,cpu      ] GC(216) User=0.01s Sys=0.00s Real=0.01s
[2025-12-22T21:25:19.471+0000][1785.967s][info][gc,start    ] GC(217) Pause Young (Normal) (G1 Evacuation Pause)
[2025-12-22T21:25:19.472+0000][1785.968s][info][gc,task     ] GC(217) Using 3 workers of 3 for evacuation
[2025-12-22T21:25:19.475+0000][1785.971s][info][gc,phases   ] GC(217)   Pre Evacuate Collection Set: 0.1ms
[2025-12-22T21:25:19.475+0000][1785.971s][info][gc,phases   ] GC(217)   Merge Heap Roots: 0.1ms
[2025-12-22T21:25:19.475+0000][1785.971s][info][gc,phases   ] GC(217)   Evacuate Collection Set: 1.4ms
[2025-12-22T21:25:19.475+0000][1785.971s][info][gc,phases   ] GC(217)   Post Evacuate Collection Set: 0.5ms
[2025-12-22T21:25:19.475+0000][1785.971s][info][gc,phases   ] GC(217)   Other: 1.5ms
[2025-12-22T21:25:19.475+0000][1785.972s][info][gc,heap     ] GC(217) Eden regions: 675->0(675)
[2025-12-22T21:25:19.476+0000][1785.972s][info][gc,heap     ] GC(217) Survivor regions: 1->1(85)
[2025-12-22T21:25:19.476+0000][1785.972s][info][gc,heap     ] GC(217) Old regions: 50->50
[2025-12-22T21:25:19.476+0000][1785.972s][info][gc,heap     ] GC(217) Archive regions: 2->2
[2025-12-22T21:25:19.476+0000][1785.972s][info][gc,heap     ] GC(217) Humongous regions: 37->37
[2025-12-22T21:25:19.476+0000][1785.972s][info][gc,metaspace] GC(217) Metaspace: 87250K(88192K)->87250K(88192K) NonClass: 75930K(76416K)->75930K(76416K) Class: 11320K(11776K)->11320K(11776K)
[2025-12-22T21:25:19.476+0000][1785.973s][info][gc          ] GC(217) Pause Young (Normal) (G1 Evacuation Pause) 762M->87M(1128M) 5.485ms
[2025-12-22T21:25:19.477+0000][1785.973s][info][gc,cpu      ] GC(217) User=0.01s Sys=0.00s Real=0.01s
[2025-12-22T21:25:27.913+0000][1794.409s][info][gc,start    ] GC(218) Pause Young (Normal) (G1 Evacuation Pause)
[2025-12-22T21:25:27.913+0000][1794.410s][info][gc,task     ] GC(218) Using 3 workers of 3 for evacuation
[2025-12-22T21:25:27.915+0000][1794.411s][info][gc,phases   ] GC(218)   Pre Evacuate Collection Set: 0.1ms
[2025-12-22T21:25:27.915+0000][1794.412s][info][gc,phases   ] GC(218)   Merge Heap Roots: 0.1ms
[2025-12-22T21:25:27.915+0000][1794.412s][info][gc,phases   ] GC(218)   Evacuate Collection Set: 0.9ms
[2025-12-22T21:25:27.916+0000][1794.412s][info][gc,phases   ] GC(218)   Post Evacuate Collection Set: 0.4ms
[2025-12-22T21:25:27.916+0000][1794.412s][info][gc,phases   ] GC(218)   Other: 1.2ms
[2025-12-22T21:25:27.916+0000][1794.412s][info][gc,heap     ] GC(218) Eden regions: 675->0(675)
[2025-12-22T21:25:27.916+0000][1794.412s][info][gc,heap     ] GC(218) Survivor regions: 1->1(85)
[2025-12-22T21:25:27.916+0000][1794.412s][info][gc,heap     ] GC(218) Old regions: 50->50
[2025-12-22T21:25:27.916+0000][1794.412s][info][gc,heap     ] GC(218) Archive regions: 2->2
[2025-12-22T21:25:27.916+0000][1794.412s][info][gc,heap     ] GC(218) Humongous regions: 37->37
[2025-12-22T21:25:27.916+0000][1794.412s][info][gc,metaspace] GC(218) Metaspace: 87251K(88192K)->87251K(88192K) NonClass: 75930K(76416K)->75930K(76416K) Class: 11320K(11776K)->11320K(11776K)
[2025-12-22T21:25:27.916+0000][1794.413s][info][gc          ] GC(218) Pause Young (Normal) (G1 Evacuation Pause) 762M->87M(1128M) 3.809ms
[2025-12-22T21:25:27.916+0000][1794.413s][info][gc,cpu      ] GC(218) User=0.00s Sys=0.01s Real=0.01s
[2025-12-22T21:25:36.444+0000][1802.940s][info][gc,start    ] GC(219) Pause Young (Normal) (G1 Evacuation Pause)
[2025-12-22T21:25:36.445+0000][1802.941s][info][gc,task     ] GC(219) Using 3 workers of 3 for evacuation
[2025-12-22T21:25:36.448+0000][1802.944s][info][gc,phases   ] GC(219)   Pre Evacuate Collection Set: 0.1ms
[2025-12-22T21:25:36.448+0000][1802.944s][info][gc,phases   ] GC(219)   Merge Heap Roots: 0.1ms
[2025-12-22T21:25:36.448+0000][1802.945s][info][gc,phases   ] GC(219)   Evacuate Collection Set: 1.8ms
[2025-12-22T21:25:36.448+0000][1802.945s][info][gc,phases   ] GC(219)   Post Evacuate Collection Set: 0.5ms
[2025-12-22T21:25:36.448+0000][1802.945s][info][gc,phases   ] GC(219)   Other: 1.6ms
[2025-12-22T21:25:36.449+0000][1802.945s][info][gc,heap     ] GC(219) Eden regions: 675->0(675)
[2025-12-22T21:25:36.449+0000][1802.945s][info][gc,heap     ] GC(219) Survivor regions: 1->1(85)
[2025-12-22T21:25:36.449+0000][1802.945s][info][gc,heap     ] GC(219) Old regions: 50->50
[2025-12-22T21:25:36.449+0000][1802.946s][info][gc,heap     ] GC(219) Archive regions: 2->2
[2025-12-22T21:25:36.450+0000][1802.946s][info][gc,heap     ] GC(219) Humongous regions: 37->37
[2025-12-22T21:25:36.450+0000][1802.946s][info][gc,metaspace] GC(219) Metaspace: 87252K(88192K)->87252K(88192K) NonClass: 75932K(76416K)->75932K(76416K) Class: 11320K(11776K)->11320K(11776K)
[2025-12-22T21:25:36.450+0000][1802.946s][info][gc          ] GC(219) Pause Young (Normal) (G1 Evacuation Pause) 762M->87M(1128M) 6.113ms
[2025-12-22T21:25:36.450+0000][1802.946s][info][gc,cpu      ] GC(219) User=0.00s Sys=0.00s Real=0.01s
[2025-12-22T21:25:44.397+0000][1810.893s][info][gc,start    ] GC(220) Pause Young (Normal) (G1 Evacuation Pause)
[2025-12-22T21:25:44.398+0000][1810.894s][info][gc,task     ] GC(220) Using 3 workers of 3 for evacuation
[2025-12-22T21:25:44.400+0000][1810.896s][info][gc,phases   ] GC(220)   Pre Evacuate Collection Set: 0.2ms
[2025-12-22T21:25:44.400+0000][1810.897s][info][gc,phases   ] GC(220)   Merge Heap Roots: 0.1ms
[2025-12-22T21:25:44.400+0000][1810.897s][info][gc,phases   ] GC(220)   Evacuate Collection Set: 1.4ms
[2025-12-22T21:25:44.401+0000][1810.897s][info][gc,phases   ] GC(220)   Post Evacuate Collection Set: 0.5ms
[2025-12-22T21:25:44.401+0000][1810.897s][info][gc,phases   ] GC(220)   Other: 1.0ms
[2025-12-22T21:25:44.401+0000][1810.897s][info][gc,heap     ] GC(220) Eden regions: 675->0(675)
[2025-12-22T21:25:44.401+0000][1810.897s][info][gc,heap     ] GC(220) Survivor regions: 1->1(85)
[2025-12-22T21:25:44.401+0000][1810.897s][info][gc,heap     ] GC(220) Old regions: 50->50
[2025-12-22T21:25:44.401+0000][1810.897s][info][gc,heap     ] GC(220) Archive regions: 2->2
[2025-12-22T21:25:44.401+0000][1810.898s][info][gc,heap     ] GC(220) Humongous regions: 37->37
[2025-12-22T21:25:44.401+0000][1810.898s][info][gc,metaspace] GC(220) Metaspace: 87253K(88192K)->87253K(88192K) NonClass: 75933K(76416K)->75933K(76416K) Class: 11320K(11776K)->11320K(11776K)
[2025-12-22T21:25:44.402+0000][1810.898s][info][gc          ] GC(220) Pause Young (Normal) (G1 Evacuation Pause) 762M->87M(1128M) 4.616ms
[2025-12-22T21:25:44.402+0000][1810.898s][info][gc,cpu      ] GC(220) User=0.00s Sys=0.00s Real=0.00s
[2025-12-22T21:25:54.022+0000][1820.518s][info][gc,start    ] GC(221) Pause Young (Normal) (G1 Evacuation Pause)
[2025-12-22T21:25:54.022+0000][1820.518s][info][gc,task     ] GC(221) Using 3 workers of 3 for evacuation
[2025-12-22T21:25:54.026+0000][1820.522s][info][gc,phases   ] GC(221)   Pre Evacuate Collection Set: 0.3ms
[2025-12-22T21:25:54.026+0000][1820.522s][info][gc,phases   ] GC(221)   Merge Heap Roots: 0.1ms
[2025-12-22T21:25:54.026+0000][1820.522s][info][gc,phases   ] GC(221)   Evacuate Collection Set: 2.3ms
[2025-12-22T21:25:54.026+0000][1820.522s][info][gc,phases   ] GC(221)   Post Evacuate Collection Set: 0.7ms
[2025-12-22T21:25:54.026+0000][1820.522s][info][gc,phases   ] GC(221)   Other: 0.7ms
[2025-12-22T21:25:54.026+0000][1820.522s][info][gc,heap     ] GC(221) Eden regions: 675->0(675)
[2025-12-22T21:25:54.026+0000][1820.522s][info][gc,heap     ] GC(221) Survivor regions: 1->1(85)
[2025-12-22T21:25:54.026+0000][1820.522s][info][gc,heap     ] GC(221) Old regions: 50->50
[2025-12-22T21:25:54.026+0000][1820.522s][info][gc,heap     ] GC(221) Archive regions: 2->2
[2025-12-22T21:25:54.026+0000][1820.522s][info][gc,heap     ] GC(221) Humongous regions: 37->37
[2025-12-22T21:25:54.026+0000][1820.523s][info][gc,metaspace] GC(221) Metaspace: 87256K(88192K)->87256K(88192K) NonClass: 75936K(76416K)->75936K(76416K) Class: 11320K(11776K)->11320K(11776K)
[2025-12-22T21:25:54.026+0000][1820.523s][info][gc          ] GC(221) Pause Young (Normal) (G1 Evacuation Pause) 762M->87M(1128M) 4.670ms
[2025-12-22T21:25:54.026+0000][1820.523s][info][gc,cpu      ] GC(221) User=0.01s Sys=0.00s Real=0.01s
[2025-12-22T21:26:01.828+0000][1828.324s][info][gc,start    ] GC(222) Pause Young (Normal) (G1 Evacuation Pause)
[2025-12-22T21:26:01.828+0000][1828.324s][info][gc,task     ] GC(222) Using 3 workers of 3 for evacuation
[2025-12-22T21:26:01.830+0000][1828.326s][info][gc,phases   ] GC(222)   Pre Evacuate Collection Set: 0.1ms
[2025-12-22T21:26:01.830+0000][1828.326s][info][gc,phases   ] GC(222)   Merge Heap Roots: 0.1ms
[2025-12-22T21:26:01.830+0000][1828.326s][info][gc,phases   ] GC(222)   Evacuate Collection Set: 1.0ms
[2025-12-22T21:26:01.830+0000][1828.326s][info][gc,phases   ] GC(222)   Post Evacuate Collection Set: 0.4ms
[2025-12-22T21:26:01.830+0000][1828.326s][info][gc,phases   ] GC(222)   Other: 0.9ms
[2025-12-22T21:26:01.830+0000][1828.326s][info][gc,heap     ] GC(222) Eden regions: 675->0(675)
[2025-12-22T21:26:01.830+0000][1828.326s][info][gc,heap     ] GC(222) Survivor regions: 1->1(85)
[2025-12-22T21:26:01.830+0000][1828.326s][info][gc,heap     ] GC(222) Old regions: 50->50
[2025-12-22T21:26:01.830+0000][1828.327s][info][gc,heap     ] GC(222) Archive regions: 2->2
[2025-12-22T21:26:01.830+0000][1828.327s][info][gc,heap     ] GC(222) Humongous regions: 37->37
[2025-12-22T21:26:01.830+0000][1828.327s][info][gc,metaspace] GC(222) Metaspace: 87256K(88192K)->87256K(88192K) NonClass: 75936K(76416K)->75936K(76416K) Class: 11320K(11776K)->11320K(11776K)
[2025-12-22T21:26:01.830+0000][1828.327s][info][gc          ] GC(222) Pause Young (Normal) (G1 Evacuation Pause) 762M->87M(1128M) 2.922ms
[2025-12-22T21:26:01.831+0000][1828.327s][info][gc,cpu      ] GC(222) User=0.00s Sys=0.00s Real=0.00s
[2025-12-22T21:26:11.255+0000][1837.751s][info][gc,start    ] GC(223) Pause Young (Normal) (G1 Evacuation Pause)
[2025-12-22T21:26:11.256+0000][1837.752s][info][gc,task     ] GC(223) Using 3 workers of 3 for evacuation
[2025-12-22T21:26:11.258+0000][1837.754s][info][gc,phases   ] GC(223)   Pre Evacuate Collection Set: 0.1ms
[2025-12-22T21:26:11.258+0000][1837.754s][info][gc,phases   ] GC(223)   Merge Heap Roots: 0.1ms
[2025-12-22T21:26:11.258+0000][1837.754s][info][gc,phases   ] GC(223)   Evacuate Collection Set: 1.0ms
[2025-12-22T21:26:11.258+0000][1837.754s][info][gc,phases   ] GC(223)   Post Evacuate Collection Set: 0.3ms
[2025-12-22T21:26:11.258+0000][1837.754s][info][gc,phases   ] GC(223)   Other: 1.1ms
[2025-12-22T21:26:11.258+0000][1837.754s][info][gc,heap     ] GC(223) Eden regions: 675->0(675)
[2025-12-22T21:26:11.258+0000][1837.754s][info][gc,heap     ] GC(223) Survivor regions: 1->1(85)
[2025-12-22T21:26:11.258+0000][1837.754s][info][gc,heap     ] GC(223) Old regions: 50->50
[2025-12-22T21:26:11.258+0000][1837.754s][info][gc,heap     ] GC(223) Archive regions: 2->2
[2025-12-22T21:26:11.258+0000][1837.754s][info][gc,heap     ] GC(223) Humongous regions: 37->37
[2025-12-22T21:26:11.258+0000][1837.754s][info][gc,metaspace] GC(223) Metaspace: 87256K(88192K)->87256K(88192K) NonClass: 75936K(76416K)->75936K(76416K) Class: 11320K(11776K)->11320K(11776K)
[2025-12-22T21:26:11.258+0000][1837.754s][info][gc          ] GC(223) Pause Young (Normal) (G1 Evacuation Pause) 762M->87M(1128M) 3.131ms
[2025-12-22T21:26:11.258+0000][1837.755s][info][gc,cpu      ] GC(223) User=0.01s Sys=0.00s Real=0.00s
[2025-12-22T21:26:19.111+0000][1845.607s][info][gc,start    ] GC(224) Pause Young (Normal) (G1 Evacuation Pause)
[2025-12-22T21:26:19.111+0000][1845.607s][info][gc,task     ] GC(224) Using 3 workers of 3 for evacuation
[2025-12-22T21:26:19.113+0000][1845.609s][info][gc,phases   ] GC(224)   Pre Evacuate Collection Set: 0.1ms
[2025-12-22T21:26:19.113+0000][1845.609s][info][gc,phases   ] GC(224)   Merge Heap Roots: 0.1ms
[2025-12-22T21:26:19.113+0000][1845.609s][info][gc,phases   ] GC(224)   Evacuate Collection Set: 1.0ms
[2025-12-22T21:26:19.113+0000][1845.609s][info][gc,phases   ] GC(224)   Post Evacuate Collection Set: 0.4ms
[2025-12-22T21:26:19.113+0000][1845.609s][info][gc,phases   ] GC(224)   Other: 0.6ms
[2025-12-22T21:26:19.113+0000][1845.609s][info][gc,heap     ] GC(224) Eden regions: 675->0(675)
[2025-12-22T21:26:19.113+0000][1845.609s][info][gc,heap     ] GC(224) Survivor regions: 1->1(85)
[2025-12-22T21:26:19.113+0000][1845.610s][info][gc,heap     ] GC(224) Old regions: 50->50
[2025-12-22T21:26:19.113+0000][1845.610s][info][gc,heap     ] GC(224) Archive regions: 2->2
[2025-12-22T21:26:19.113+0000][1845.610s][info][gc,heap     ] GC(224) Humongous regions: 37->37
[2025-12-22T21:26:19.113+0000][1845.610s][info][gc,metaspace] GC(224) Metaspace: 87261K(88192K)->87261K(88192K) NonClass: 75940K(76416K)->75940K(76416K) Class: 11320K(11776K)->11320K(11776K)
[2025-12-22T21:26:19.114+0000][1845.610s][info][gc          ] GC(224) Pause Young (Normal) (G1 Evacuation Pause) 762M->87M(1128M) 3.088ms
[2025-12-22T21:26:19.114+0000][1845.610s][info][gc,cpu      ] GC(224) User=0.00s Sys=0.00s Real=0.00s
[2025-12-22T21:26:27.910+0000][1854.406s][info][gc,start    ] GC(225) Pause Young (Normal) (G1 Evacuation Pause)
[2025-12-22T21:26:27.910+0000][1854.407s][info][gc,task     ] GC(225) Using 3 workers of 3 for evacuation
[2025-12-22T21:26:27.913+0000][1854.409s][info][gc,phases   ] GC(225)   Pre Evacuate Collection Set: 0.2ms
[2025-12-22T21:26:27.913+0000][1854.409s][info][gc,phases   ] GC(225)   Merge Heap Roots: 0.1ms
[2025-12-22T21:26:27.913+0000][1854.409s][info][gc,phases   ] GC(225)   Evacuate Collection Set: 1.2ms
[2025-12-22T21:26:27.913+0000][1854.409s][info][gc,phases   ] GC(225)   Post Evacuate Collection Set: 0.4ms
[2025-12-22T21:26:27.913+0000][1854.409s][info][gc,phases   ] GC(225)   Other: 0.6ms
[2025-12-22T21:26:27.913+0000][1854.409s][info][gc,heap     ] GC(225) Eden regions: 675->0(675)
[2025-12-22T21:26:27.913+0000][1854.409s][info][gc,heap     ] GC(225) Survivor regions: 1->1(85)
[2025-12-22T21:26:27.913+0000][1854.410s][info][gc,heap     ] GC(225) Old regions: 50->50
[2025-12-22T21:26:27.913+0000][1854.410s][info][gc,heap     ] GC(225) Archive regions: 2->2
[2025-12-22T21:26:27.913+0000][1854.410s][info][gc,heap     ] GC(225) Humongous regions: 37->37
[2025-12-22T21:26:27.913+0000][1854.410s][info][gc,metaspace] GC(225) Metaspace: 87261K(88192K)->87261K(88192K) NonClass: 75940K(76416K)->75940K(76416K) Class: 11320K(11776K)->11320K(11776K)
[2025-12-22T21:26:27.914+0000][1854.410s][info][gc          ] GC(225) Pause Young (Normal) (G1 Evacuation Pause) 762M->87M(1128M) 3.506ms
[2025-12-22T21:26:27.914+0000][1854.410s][info][gc,cpu      ] GC(225) User=0.01s Sys=0.00s Real=0.00s
[2025-12-22T21:26:36.337+0000][1862.833s][info][gc,start    ] GC(226) Pause Young (Normal) (G1 Evacuation Pause)
[2025-12-22T21:26:36.338+0000][1862.834s][info][gc,task     ] GC(226) Using 3 workers of 3 for evacuation
[2025-12-22T21:26:36.341+0000][1862.837s][info][gc,phases   ] GC(226)   Pre Evacuate Collection Set: 0.2ms
[2025-12-22T21:26:36.341+0000][1862.837s][info][gc,phases   ] GC(226)   Merge Heap Roots: 0.1ms
[2025-12-22T21:26:36.341+0000][1862.838s][info][gc,phases   ] GC(226)   Evacuate Collection Set: 2.1ms
[2025-12-22T21:26:36.342+0000][1862.838s][info][gc,phases   ] GC(226)   Post Evacuate Collection Set: 0.6ms
[2025-12-22T21:26:36.342+0000][1862.838s][info][gc,phases   ] GC(226)   Other: 1.4ms
[2025-12-22T21:26:36.342+0000][1862.838s][info][gc,heap     ] GC(226) Eden regions: 675->0(675)
[2025-12-22T21:26:36.342+0000][1862.838s][info][gc,heap     ] GC(226) Survivor regions: 1->1(85)
[2025-12-22T21:26:36.342+0000][1862.838s][info][gc,heap     ] GC(226) Old regions: 50->50
[2025-12-22T21:26:36.342+0000][1862.839s][info][gc,heap     ] GC(226) Archive regions: 2->2
[2025-12-22T21:26:36.343+0000][1862.839s][info][gc,heap     ] GC(226) Humongous regions: 37->37
[2025-12-22T21:26:36.343+0000][1862.839s][info][gc,metaspace] GC(226) Metaspace: 87273K(88192K)->87273K(88192K) NonClass: 75953K(76416K)->75953K(76416K) Class: 11320K(11776K)->11320K(11776K)
[2025-12-22T21:26:36.343+0000][1862.839s][info][gc          ] GC(226) Pause Young (Normal) (G1 Evacuation Pause) 762M->87M(1128M) 6.295ms
[2025-12-22T21:26:36.343+0000][1862.839s][info][gc,cpu      ] GC(226) User=0.01s Sys=0.00s Real=0.00s
[2025-12-22T21:26:44.298+0000][1870.794s][info][gc,start    ] GC(227) Pause Young (Normal) (G1 Evacuation Pause)
[2025-12-22T21:26:44.299+0000][1870.795s][info][gc,task     ] GC(227) Using 3 workers of 3 for evacuation
[2025-12-22T21:26:44.303+0000][1870.799s][info][gc,phases   ] GC(227)   Pre Evacuate Collection Set: 0.3ms
[2025-12-22T21:26:44.303+0000][1870.799s][info][gc,phases   ] GC(227)   Merge Heap Roots: 0.1ms
[2025-12-22T21:26:44.303+0000][1870.799s][info][gc,phases   ] GC(227)   Evacuate Collection Set: 2.1ms
[2025-12-22T21:26:44.303+0000][1870.799s][info][gc,phases   ] GC(227)   Post Evacuate Collection Set: 0.9ms
[2025-12-22T21:26:44.303+0000][1870.800s][info][gc,phases   ] GC(227)   Other: 1.3ms
[2025-12-22T21:26:44.303+0000][1870.800s][info][gc,heap     ] GC(227) Eden regions: 675->0(675)
[2025-12-22T21:26:44.303+0000][1870.800s][info][gc,heap     ] GC(227) Survivor regions: 1->1(85)
[2025-12-22T21:26:44.304+0000][1870.800s][info][gc,heap     ] GC(227) Old regions: 50->50
[2025-12-22T21:26:44.304+0000][1870.800s][info][gc,heap     ] GC(227) Archive regions: 2->2
[2025-12-22T21:26:44.304+0000][1870.800s][info][gc,heap     ] GC(227) Humongous regions: 37->37
[2025-12-22T21:26:44.304+0000][1870.800s][info][gc,metaspace] GC(227) Metaspace: 87277K(88192K)->87277K(88192K) NonClass: 75957K(76416K)->75957K(76416K) Class: 11320K(11776K)->11320K(11776K)
[2025-12-22T21:26:44.304+0000][1870.800s][info][gc          ] GC(227) Pause Young (Normal) (G1 Evacuation Pause) 762M->87M(1128M) 5.873ms
[2025-12-22T21:26:44.304+0000][1870.800s][info][gc,cpu      ] GC(227) User=0.01s Sys=0.00s Real=0.00s
[2025-12-22T21:26:53.771+0000][1880.267s][info][gc,start    ] GC(228) Pause Young (Normal) (G1 Evacuation Pause)
[2025-12-22T21:26:53.771+0000][1880.267s][info][gc,task     ] GC(228) Using 3 workers of 3 for evacuation
[2025-12-22T21:26:53.773+0000][1880.269s][info][gc,phases   ] GC(228)   Pre Evacuate Collection Set: 0.1ms
[2025-12-22T21:26:53.773+0000][1880.269s][info][gc,phases   ] GC(228)   Merge Heap Roots: 0.1ms
[2025-12-22T21:26:53.773+0000][1880.269s][info][gc,phases   ] GC(228)   Evacuate Collection Set: 0.9ms
[2025-12-22T21:26:53.773+0000][1880.269s][info][gc,phases   ] GC(228)   Post Evacuate Collection Set: 0.4ms
[2025-12-22T21:26:53.773+0000][1880.269s][info][gc,phases   ] GC(228)   Other: 0.4ms
[2025-12-22T21:26:53.773+0000][1880.269s][info][gc,heap     ] GC(228) Eden regions: 675->0(675)
[2025-12-22T21:26:53.773+0000][1880.270s][info][gc,heap     ] GC(228) Survivor regions: 1->1(85)
[2025-12-22T21:26:53.773+0000][1880.270s][info][gc,heap     ] GC(228) Old regions: 50->50
[2025-12-22T21:26:53.773+0000][1880.270s][info][gc,heap     ] GC(228) Archive regions: 2->2
[2025-12-22T21:26:53.774+0000][1880.270s][info][gc,heap     ] GC(228) Humongous regions: 37->37
[2025-12-22T21:26:53.774+0000][1880.270s][info][gc,metaspace] GC(228) Metaspace: 87277K(88192K)->87277K(88192K) NonClass: 75957K(76416K)->75957K(76416K) Class: 11320K(11776K)->11320K(11776K)
[2025-12-22T21:26:53.774+0000][1880.270s][info][gc          ] GC(228) Pause Young (Normal) (G1 Evacuation Pause) 762M->87M(1128M) 2.907ms
[2025-12-22T21:26:53.774+0000][1880.270s][info][gc,cpu      ] GC(228) User=0.00s Sys=0.00s Real=0.00s
[2025-12-22T21:27:01.581+0000][1888.077s][info][gc,start    ] GC(229) Pause Young (Normal) (G1 Evacuation Pause)
[2025-12-22T21:27:01.581+0000][1888.078s][info][gc,task     ] GC(229) Using 3 workers of 3 for evacuation
[2025-12-22T21:27:01.584+0000][1888.080s][info][gc,phases   ] GC(229)   Pre Evacuate Collection Set: 0.2ms
[2025-12-22T21:27:01.584+0000][1888.080s][info][gc,phases   ] GC(229)   Merge Heap Roots: 0.2ms
[2025-12-22T21:27:01.584+0000][1888.080s][info][gc,phases   ] GC(229)   Evacuate Collection Set: 1.4ms
[2025-12-22T21:27:01.584+0000][1888.080s][info][gc,phases   ] GC(229)   Post Evacuate Collection Set: 0.5ms
[2025-12-22T21:27:01.584+0000][1888.080s][info][gc,phases   ] GC(229)   Other: 0.6ms
[2025-12-22T21:27:01.584+0000][1888.081s][info][gc,heap     ] GC(229) Eden regions: 675->0(675)
[2025-12-22T21:27:01.584+0000][1888.081s][info][gc,heap     ] GC(229) Survivor regions: 1->1(85)
[2025-12-22T21:27:01.584+0000][1888.081s][info][gc,heap     ] GC(229) Old regions: 50->50
[2025-12-22T21:27:01.584+0000][1888.081s][info][gc,heap     ] GC(229) Archive regions: 2->2
[2025-12-22T21:27:01.585+0000][1888.081s][info][gc,heap     ] GC(229) Humongous regions: 37->37
[2025-12-22T21:27:01.585+0000][1888.081s][info][gc,metaspace] GC(229) Metaspace: 87278K(88192K)->87278K(88192K) NonClass: 75958K(76416K)->75958K(76416K) Class: 11320K(11776K)->11320K(11776K)
[2025-12-22T21:27:01.585+0000][1888.081s][info][gc          ] GC(229) Pause Young (Normal) (G1 Evacuation Pause) 762M->87M(1128M) 3.627ms
[2025-12-22T21:27:01.585+0000][1888.081s][info][gc,cpu      ] GC(229) User=0.01s Sys=0.00s Real=0.00s
[2025-12-22T21:27:11.048+0000][1897.545s][info][gc,start    ] GC(230) Pause Young (Normal) (G1 Evacuation Pause)
[2025-12-22T21:27:11.049+0000][1897.546s][info][gc,task     ] GC(230) Using 3 workers of 3 for evacuation
[2025-12-22T21:27:11.051+0000][1897.547s][info][gc,phases   ] GC(230)   Pre Evacuate Collection Set: 0.1ms
[2025-12-22T21:27:11.051+0000][1897.547s][info][gc,phases   ] GC(230)   Merge Heap Roots: 0.1ms
[2025-12-22T21:27:11.051+0000][1897.547s][info][gc,phases   ] GC(230)   Evacuate Collection Set: 0.8ms
[2025-12-22T21:27:11.051+0000][1897.548s][info][gc,phases   ] GC(230)   Post Evacuate Collection Set: 0.4ms
[2025-12-22T21:27:11.051+0000][1897.548s][info][gc,phases   ] GC(230)   Other: 1.2ms
[2025-12-22T21:27:11.051+0000][1897.548s][info][gc,heap     ] GC(230) Eden regions: 675->0(675)
[2025-12-22T21:27:11.052+0000][1897.548s][info][gc,heap     ] GC(230) Survivor regions: 1->1(85)
[2025-12-22T21:27:11.052+0000][1897.548s][info][gc,heap     ] GC(230) Old regions: 50->50
[2025-12-22T21:27:11.052+0000][1897.548s][info][gc,heap     ] GC(230) Archive regions: 2->2
[2025-12-22T21:27:11.052+0000][1897.548s][info][gc,heap     ] GC(230) Humongous regions: 37->37
[2025-12-22T21:27:11.052+0000][1897.548s][info][gc,metaspace] GC(230) Metaspace: 87278K(88192K)->87278K(88192K) NonClass: 75958K(76416K)->75958K(76416K) Class: 11320K(11776K)->11320K(11776K)
[2025-12-22T21:27:11.052+0000][1897.548s][info][gc          ] GC(230) Pause Young (Normal) (G1 Evacuation Pause) 762M->87M(1128M) 3.439ms
[2025-12-22T21:27:11.052+0000][1897.548s][info][gc,cpu      ] GC(230) User=0.00s Sys=0.00s Real=0.00s
[2025-12-22T21:27:18.838+0000][1905.335s][info][gc,start    ] GC(231) Pause Young (Normal) (G1 Evacuation Pause)
[2025-12-22T21:27:18.839+0000][1905.335s][info][gc,task     ] GC(231) Using 3 workers of 3 for evacuation
[2025-12-22T21:27:18.841+0000][1905.337s][info][gc,phases   ] GC(231)   Pre Evacuate Collection Set: 0.1ms
[2025-12-22T21:27:18.841+0000][1905.337s][info][gc,phases   ] GC(231)   Merge Heap Roots: 0.1ms
[2025-12-22T21:27:18.841+0000][1905.337s][info][gc,phases   ] GC(231)   Evacuate Collection Set: 1.2ms
[2025-12-22T21:27:18.841+0000][1905.337s][info][gc,phases   ] GC(231)   Post Evacuate Collection Set: 0.4ms
[2025-12-22T21:27:18.841+0000][1905.337s][info][gc,phases   ] GC(231)   Other: 0.5ms
[2025-12-22T21:27:18.841+0000][1905.338s][info][gc,heap     ] GC(231) Eden regions: 675->0(675)
[2025-12-22T21:27:18.841+0000][1905.338s][info][gc,heap     ] GC(231) Survivor regions: 1->1(85)
[2025-12-22T21:27:18.841+0000][1905.338s][info][gc,heap     ] GC(231) Old regions: 50->50
[2025-12-22T21:27:18.841+0000][1905.338s][info][gc,heap     ] GC(231) Archive regions: 2->2
[2025-12-22T21:27:18.842+0000][1905.338s][info][gc,heap     ] GC(231) Humongous regions: 37->37
[2025-12-22T21:27:18.842+0000][1905.338s][info][gc,metaspace] GC(231) Metaspace: 87283K(88192K)->87283K(88192K) NonClass: 75962K(76416K)->75962K(76416K) Class: 11320K(11776K)->11320K(11776K)
[2025-12-22T21:27:18.842+0000][1905.338s][info][gc          ] GC(231) Pause Young (Normal) (G1 Evacuation Pause) 762M->87M(1128M) 3.262ms
[2025-12-22T21:27:18.842+0000][1905.338s][info][gc,cpu      ] GC(231) User=0.01s Sys=0.00s Real=0.00s
[2025-12-22T21:27:27.903+0000][1914.399s][info][gc,start    ] GC(232) Pause Young (Normal) (G1 Evacuation Pause)
[2025-12-22T21:27:27.904+0000][1914.400s][info][gc,task     ] GC(232) Using 3 workers of 3 for evacuation
[2025-12-22T21:27:27.905+0000][1914.401s][info][gc,phases   ] GC(232)   Pre Evacuate Collection Set: 0.1ms
[2025-12-22T21:27:27.905+0000][1914.401s][info][gc,phases   ] GC(232)   Merge Heap Roots: 0.1ms
[2025-12-22T21:27:27.905+0000][1914.402s][info][gc,phases   ] GC(232)   Evacuate Collection Set: 0.7ms
[2025-12-22T21:27:27.905+0000][1914.402s][info][gc,phases   ] GC(232)   Post Evacuate Collection Set: 0.4ms
[2025-12-22T21:27:27.905+0000][1914.402s][info][gc,phases   ] GC(232)   Other: 0.7ms
[2025-12-22T21:27:27.905+0000][1914.402s][info][gc,heap     ] GC(232) Eden regions: 675->0(675)
[2025-12-22T21:27:27.906+0000][1914.402s][info][gc,heap     ] GC(232) Survivor regions: 1->1(85)
[2025-12-22T21:27:27.906+0000][1914.402s][info][gc,heap     ] GC(232) Old regions: 50->50
[2025-12-22T21:27:27.906+0000][1914.402s][info][gc,heap     ] GC(232) Archive regions: 2->2
[2025-12-22T21:27:27.906+0000][1914.402s][info][gc,heap     ] GC(232) Humongous regions: 37->37
[2025-12-22T21:27:27.906+0000][1914.402s][info][gc,metaspace] GC(232) Metaspace: 87284K(88192K)->87284K(88192K) NonClass: 75964K(76416K)->75964K(76416K) Class: 11320K(11776K)->11320K(11776K)
[2025-12-22T21:27:27.906+0000][1914.402s][info][gc          ] GC(232) Pause Young (Normal) (G1 Evacuation Pause) 762M->87M(1128M) 2.635ms
[2025-12-22T21:27:27.906+0000][1914.402s][info][gc,cpu      ] GC(232) User=0.00s Sys=0.00s Real=0.01s
[2025-12-22T21:27:35.667+0000][1922.163s][info][gc,start    ] GC(233) Pause Young (Normal) (G1 Evacuation Pause)
[2025-12-22T21:27:35.668+0000][1922.164s][info][gc,task     ] GC(233) Using 3 workers of 3 for evacuation
[2025-12-22T21:27:35.670+0000][1922.166s][info][gc,phases   ] GC(233)   Pre Evacuate Collection Set: 0.1ms
[2025-12-22T21:27:35.670+0000][1922.166s][info][gc,phases   ] GC(233)   Merge Heap Roots: 0.1ms
[2025-12-22T21:27:35.670+0000][1922.166s][info][gc,phases   ] GC(233)   Evacuate Collection Set: 1.0ms
[2025-12-22T21:27:35.670+0000][1922.166s][info][gc,phases   ] GC(233)   Post Evacuate Collection Set: 0.4ms
[2025-12-22T21:27:35.670+0000][1922.166s][info][gc,phases   ] GC(233)   Other: 1.1ms
[2025-12-22T21:27:35.670+0000][1922.166s][info][gc,heap     ] GC(233) Eden regions: 675->0(675)
[2025-12-22T21:27:35.670+0000][1922.166s][info][gc,heap     ] GC(233) Survivor regions: 1->1(85)
[2025-12-22T21:27:35.670+0000][1922.166s][info][gc,heap     ] GC(233) Old regions: 50->50
[2025-12-22T21:27:35.670+0000][1922.166s][info][gc,heap     ] GC(233) Archive regions: 2->2
[2025-12-22T21:27:35.670+0000][1922.166s][info][gc,heap     ] GC(233) Humongous regions: 37->37
[2025-12-22T21:27:35.670+0000][1922.166s][info][gc,metaspace] GC(233) Metaspace: 87304K(88192K)->87304K(88192K) NonClass: 75984K(76416K)->75984K(76416K) Class: 11320K(11776K)->11320K(11776K)
[2025-12-22T21:27:35.670+0000][1922.166s][info][gc          ] GC(233) Pause Young (Normal) (G1 Evacuation Pause) 762M->87M(1128M) 3.293ms
[2025-12-22T21:27:35.670+0000][1922.167s][info][gc,cpu      ] GC(233) User=0.01s Sys=0.00s Real=0.00s
[2025-12-22T21:27:43.464+0000][1929.960s][info][gc,start    ] GC(234) Pause Young (Normal) (G1 Evacuation Pause)
[2025-12-22T21:27:43.465+0000][1929.961s][info][gc,task     ] GC(234) Using 3 workers of 3 for evacuation
[2025-12-22T21:27:43.468+0000][1929.964s][info][gc,phases   ] GC(234)   Pre Evacuate Collection Set: 0.4ms
[2025-12-22T21:27:43.468+0000][1929.964s][info][gc,phases   ] GC(234)   Merge Heap Roots: 0.1ms
[2025-12-22T21:27:43.468+0000][1929.965s][info][gc,phases   ] GC(234)   Evacuate Collection Set: 1.8ms
[2025-12-22T21:27:43.468+0000][1929.965s][info][gc,phases   ] GC(234)   Post Evacuate Collection Set: 0.8ms
[2025-12-22T21:27:43.468+0000][1929.965s][info][gc,phases   ] GC(234)   Other: 0.9ms
[2025-12-22T21:27:43.468+0000][1929.965s][info][gc,heap     ] GC(234) Eden regions: 675->0(675)
[2025-12-22T21:27:43.469+0000][1929.965s][info][gc,heap     ] GC(234) Survivor regions: 1->1(85)
[2025-12-22T21:27:43.469+0000][1929.965s][info][gc,heap     ] GC(234) Old regions: 50->50
[2025-12-22T21:27:43.469+0000][1929.965s][info][gc,heap     ] GC(234) Archive regions: 2->2
[2025-12-22T21:27:43.469+0000][1929.965s][info][gc,heap     ] GC(234) Humongous regions: 37->37
[2025-12-22T21:27:43.469+0000][1929.965s][info][gc,metaspace] GC(234) Metaspace: 87313K(88192K)->87313K(88192K) NonClass: 75993K(76416K)->75993K(76416K) Class: 11320K(11776K)->11320K(11776K)
[2025-12-22T21:27:43.469+0000][1929.965s][info][gc          ] GC(234) Pause Young (Normal) (G1 Evacuation Pause) 762M->87M(1128M) 4.665ms
[2025-12-22T21:27:43.469+0000][1929.965s][info][gc,cpu      ] GC(234) User=0.01s Sys=0.00s Real=0.01s
[2025-12-22T21:27:52.720+0000][1939.216s][info][gc,start    ] GC(235) Pause Young (Normal) (G1 Evacuation Pause)
[2025-12-22T21:27:52.720+0000][1939.217s][info][gc,task     ] GC(235) Using 3 workers of 3 for evacuation
[2025-12-22T21:27:52.722+0000][1939.218s][info][gc,phases   ] GC(235)   Pre Evacuate Collection Set: 0.1ms
[2025-12-22T21:27:52.722+0000][1939.218s][info][gc,phases   ] GC(235)   Merge Heap Roots: 0.1ms
[2025-12-22T21:27:52.722+0000][1939.218s][info][gc,phases   ] GC(235)   Evacuate Collection Set: 0.8ms
[2025-12-22T21:27:52.722+0000][1939.218s][info][gc,phases   ] GC(235)   Post Evacuate Collection Set: 0.4ms
[2025-12-22T21:27:52.722+0000][1939.218s][info][gc,phases   ] GC(235)   Other: 0.6ms
[2025-12-22T21:27:52.722+0000][1939.219s][info][gc,heap     ] GC(235) Eden regions: 675->0(675)
[2025-12-22T21:27:52.722+0000][1939.219s][info][gc,heap     ] GC(235) Survivor regions: 1->1(85)
[2025-12-22T21:27:52.722+0000][1939.219s][info][gc,heap     ] GC(235) Old regions: 50->50
[2025-12-22T21:27:52.722+0000][1939.219s][info][gc,heap     ] GC(235) Archive regions: 2->2
[2025-12-22T21:27:52.722+0000][1939.219s][info][gc,heap     ] GC(235) Humongous regions: 37->37
[2025-12-22T21:27:52.723+0000][1939.219s][info][gc,metaspace] GC(235) Metaspace: 87313K(88192K)->87313K(88192K) NonClass: 75993K(76416K)->75993K(76416K) Class: 11320K(11776K)->11320K(11776K)
[2025-12-22T21:27:52.723+0000][1939.219s][info][gc          ] GC(235) Pause Young (Normal) (G1 Evacuation Pause) 762M->87M(1128M) 2.661ms
[2025-12-22T21:27:52.723+0000][1939.219s][info][gc,cpu      ] GC(235) User=0.00s Sys=0.00s Real=0.00s
[2025-12-22T21:28:00.441+0000][1946.938s][info][gc,start    ] GC(236) Pause Young (Normal) (G1 Evacuation Pause)
[2025-12-22T21:28:00.442+0000][1946.939s][info][gc,task     ] GC(236) Using 3 workers of 3 for evacuation
[2025-12-22T21:28:00.446+0000][1946.942s][info][gc,phases   ] GC(236)   Pre Evacuate Collection Set: 0.5ms
[2025-12-22T21:28:00.446+0000][1946.942s][info][gc,phases   ] GC(236)   Merge Heap Roots: 0.2ms
[2025-12-22T21:28:00.446+0000][1946.943s][info][gc,phases   ] GC(236)   Evacuate Collection Set: 2.0ms
[2025-12-22T21:28:00.446+0000][1946.943s][info][gc,phases   ] GC(236)   Post Evacuate Collection Set: 0.5ms
[2025-12-22T21:28:00.447+0000][1946.943s][info][gc,phases   ] GC(236)   Other: 1.5ms
[2025-12-22T21:28:00.447+0000][1946.943s][info][gc,heap     ] GC(236) Eden regions: 675->0(675)
[2025-12-22T21:28:00.447+0000][1946.943s][info][gc,heap     ] GC(236) Survivor regions: 1->1(85)
[2025-12-22T21:28:00.447+0000][1946.943s][info][gc,heap     ] GC(236) Old regions: 50->50
[2025-12-22T21:28:00.447+0000][1946.943s][info][gc,heap     ] GC(236) Archive regions: 2->2
[2025-12-22T21:28:00.447+0000][1946.943s][info][gc,heap     ] GC(236) Humongous regions: 37->37
[2025-12-22T21:28:00.447+0000][1946.943s][info][gc,metaspace] GC(236) Metaspace: 87313K(88192K)->87313K(88192K) NonClass: 75993K(76416K)->75993K(76416K) Class: 11320K(11776K)->11320K(11776K)
[2025-12-22T21:28:00.447+0000][1946.943s][info][gc          ] GC(236) Pause Young (Normal) (G1 Evacuation Pause) 762M->87M(1128M) 5.784ms
[2025-12-22T21:28:00.447+0000][1946.944s][info][gc,cpu      ] GC(236) User=0.01s Sys=0.00s Real=0.01s
[2025-12-22T21:28:10.007+0000][1956.503s][info][gc,start    ] GC(237) Pause Young (Normal) (G1 Evacuation Pause)
[2025-12-22T21:28:10.008+0000][1956.504s][info][gc,task     ] GC(237) Using 3 workers of 3 for evacuation
[2025-12-22T21:28:10.010+0000][1956.507s][info][gc,phases   ] GC(237)   Pre Evacuate Collection Set: 0.2ms
[2025-12-22T21:28:10.010+0000][1956.507s][info][gc,phases   ] GC(237)   Merge Heap Roots: 0.1ms
[2025-12-22T21:28:10.011+0000][1956.507s][info][gc,phases   ] GC(237)   Evacuate Collection Set: 1.4ms
[2025-12-22T21:28:10.011+0000][1956.507s][info][gc,phases   ] GC(237)   Post Evacuate Collection Set: 0.5ms
[2025-12-22T21:28:10.011+0000][1956.507s][info][gc,phases   ] GC(237)   Other: 1.3ms
[2025-12-22T21:28:10.011+0000][1956.507s][info][gc,heap     ] GC(237) Eden regions: 675->0(675)
[2025-12-22T21:28:10.011+0000][1956.507s][info][gc,heap     ] GC(237) Survivor regions: 1->1(85)
[2025-12-22T21:28:10.011+0000][1956.507s][info][gc,heap     ] GC(237) Old regions: 50->50
[2025-12-22T21:28:10.011+0000][1956.507s][info][gc,heap     ] GC(237) Archive regions: 2->2
[2025-12-22T21:28:10.011+0000][1956.508s][info][gc,heap     ] GC(237) Humongous regions: 37->37
[2025-12-22T21:28:10.011+0000][1956.508s][info][gc,metaspace] GC(237) Metaspace: 87313K(88192K)->87313K(88192K) NonClass: 75993K(76416K)->75993K(76416K) Class: 11320K(11776K)->11320K(11776K)
[2025-12-22T21:28:10.012+0000][1956.508s][info][gc          ] GC(237) Pause Young (Normal) (G1 Evacuation Pause) 762M->87M(1128M) 4.598ms
[2025-12-22T21:28:10.012+0000][1956.508s][info][gc,cpu      ] GC(237) User=0.00s Sys=0.00s Real=0.00s
[2025-12-22T21:28:17.830+0000][1964.326s][info][gc,start    ] GC(238) Pause Young (Normal) (G1 Evacuation Pause)
[2025-12-22T21:28:17.832+0000][1964.328s][info][gc,task     ] GC(238) Using 3 workers of 3 for evacuation
[2025-12-22T21:28:17.839+0000][1964.335s][info][gc,phases   ] GC(238)   Pre Evacuate Collection Set: 0.4ms
[2025-12-22T21:28:17.839+0000][1964.336s][info][gc,phases   ] GC(238)   Merge Heap Roots: 0.1ms
[2025-12-22T21:28:17.840+0000][1964.336s][info][gc,phases   ] GC(238)   Evacuate Collection Set: 3.5ms
[2025-12-22T21:28:17.840+0000][1964.336s][info][gc,phases   ] GC(238)   Post Evacuate Collection Set: 2.8ms
[2025-12-22T21:28:17.840+0000][1964.336s][info][gc,phases   ] GC(238)   Other: 2.8ms
[2025-12-22T21:28:17.840+0000][1964.336s][info][gc,heap     ] GC(238) Eden regions: 675->0(675)
[2025-12-22T21:28:17.840+0000][1964.336s][info][gc,heap     ] GC(238) Survivor regions: 1->1(85)
[2025-12-22T21:28:17.840+0000][1964.337s][info][gc,heap     ] GC(238) Old regions: 50->50
[2025-12-22T21:28:17.841+0000][1964.337s][info][gc,heap     ] GC(238) Archive regions: 2->2
[2025-12-22T21:28:17.841+0000][1964.337s][info][gc,heap     ] GC(238) Humongous regions: 37->37
[2025-12-22T21:28:17.841+0000][1964.337s][info][gc,metaspace] GC(238) Metaspace: 87313K(88192K)->87313K(88192K) NonClass: 75993K(76416K)->75993K(76416K) Class: 11320K(11776K)->11320K(11776K)
[2025-12-22T21:28:17.841+0000][1964.337s][info][gc          ] GC(238) Pause Young (Normal) (G1 Evacuation Pause) 762M->87M(1128M) 11.224ms
[2025-12-22T21:28:17.841+0000][1964.337s][info][gc,cpu      ] GC(238) User=0.02s Sys=0.00s Real=0.01s
[2025-12-22T21:28:27.294+0000][1973.790s][info][gc,start    ] GC(239) Pause Young (Normal) (G1 Evacuation Pause)
[2025-12-22T21:28:27.295+0000][1973.791s][info][gc,task     ] GC(239) Using 3 workers of 3 for evacuation
[2025-12-22T21:28:27.297+0000][1973.793s][info][gc,phases   ] GC(239)   Pre Evacuate Collection Set: 0.2ms
[2025-12-22T21:28:27.297+0000][1973.793s][info][gc,phases   ] GC(239)   Merge Heap Roots: 0.1ms
[2025-12-22T21:28:27.297+0000][1973.793s][info][gc,phases   ] GC(239)   Evacuate Collection Set: 1.2ms
[2025-12-22T21:28:27.297+0000][1973.793s][info][gc,phases   ] GC(239)   Post Evacuate Collection Set: 0.4ms
[2025-12-22T21:28:27.297+0000][1973.793s][info][gc,phases   ] GC(239)   Other: 0.7ms
[2025-12-22T21:28:27.297+0000][1973.793s][info][gc,heap     ] GC(239) Eden regions: 675->0(675)
[2025-12-22T21:28:27.297+0000][1973.794s][info][gc,heap     ] GC(239) Survivor regions: 1->1(85)
[2025-12-22T21:28:27.297+0000][1973.794s][info][gc,heap     ] GC(239) Old regions: 50->50
[2025-12-22T21:28:27.297+0000][1973.794s][info][gc,heap     ] GC(239) Archive regions: 2->2
[2025-12-22T21:28:27.298+0000][1973.794s][info][gc,heap     ] GC(239) Humongous regions: 37->37
[2025-12-22T21:28:27.298+0000][1973.794s][info][gc,metaspace] GC(239) Metaspace: 87313K(88192K)->87313K(88192K) NonClass: 75993K(76416K)->75993K(76416K) Class: 11320K(11776K)->11320K(11776K)
[2025-12-22T21:28:27.298+0000][1973.794s][info][gc          ] GC(239) Pause Young (Normal) (G1 Evacuation Pause) 762M->87M(1128M) 3.423ms
[2025-12-22T21:28:27.298+0000][1973.794s][info][gc,cpu      ] GC(239) User=0.01s Sys=0.00s Real=0.01s
[2025-12-22T21:28:35.069+0000][1981.566s][info][gc,start    ] GC(240) Pause Young (Normal) (G1 Evacuation Pause)
[2025-12-22T21:28:35.070+0000][1981.566s][info][gc,task     ] GC(240) Using 3 workers of 3 for evacuation
[2025-12-22T21:28:35.072+0000][1981.569s][info][gc,phases   ] GC(240)   Pre Evacuate Collection Set: 0.1ms
[2025-12-22T21:28:35.072+0000][1981.569s][info][gc,phases   ] GC(240)   Merge Heap Roots: 0.1ms
[2025-12-22T21:28:35.072+0000][1981.569s][info][gc,phases   ] GC(240)   Evacuate Collection Set: 1.7ms
[2025-12-22T21:28:35.073+0000][1981.569s][info][gc,phases   ] GC(240)   Post Evacuate Collection Set: 0.3ms
[2025-12-22T21:28:35.073+0000][1981.569s][info][gc,phases   ] GC(240)   Other: 0.7ms
[2025-12-22T21:28:35.073+0000][1981.569s][info][gc,heap     ] GC(240) Eden regions: 675->0(674)
[2025-12-22T21:28:35.073+0000][1981.569s][info][gc,heap     ] GC(240) Survivor regions: 1->2(85)
[2025-12-22T21:28:35.073+0000][1981.569s][info][gc,heap     ] GC(240) Old regions: 50->50
[2025-12-22T21:28:35.073+0000][1981.569s][info][gc,heap     ] GC(240) Archive regions: 2->2
[2025-12-22T21:28:35.073+0000][1981.569s][info][gc,heap     ] GC(240) Humongous regions: 37->37
[2025-12-22T21:28:35.073+0000][1981.569s][info][gc,metaspace] GC(240) Metaspace: 87314K(88192K)->87314K(88192K) NonClass: 75994K(76416K)->75994K(76416K) Class: 11320K(11776K)->11320K(11776K)
[2025-12-22T21:28:35.073+0000][1981.569s][info][gc          ] GC(240) Pause Young (Normal) (G1 Evacuation Pause) 762M->88M(1128M) 3.436ms
[2025-12-22T21:28:35.073+0000][1981.569s][info][gc,cpu      ] GC(240) User=0.00s Sys=0.00s Real=0.00s
[2025-12-22T21:28:43.015+0000][1989.511s][info][gc,start    ] GC(241) Pause Young (Normal) (G1 Evacuation Pause)
[2025-12-22T21:28:43.015+0000][1989.511s][info][gc,task     ] GC(241) Using 3 workers of 3 for evacuation
[2025-12-22T21:28:43.019+0000][1989.516s][info][gc,phases   ] GC(241)   Pre Evacuate Collection Set: 0.5ms
[2025-12-22T21:28:43.020+0000][1989.516s][info][gc,phases   ] GC(241)   Merge Heap Roots: 0.2ms
[2025-12-22T21:28:43.020+0000][1989.516s][info][gc,phases   ] GC(241)   Evacuate Collection Set: 2.5ms
[2025-12-22T21:28:43.020+0000][1989.516s][info][gc,phases   ] GC(241)   Post Evacuate Collection Set: 1.0ms
[2025-12-22T21:28:43.020+0000][1989.516s][info][gc,phases   ] GC(241)   Other: 0.8ms
[2025-12-22T21:28:43.020+0000][1989.516s][info][gc,heap     ] GC(241) Eden regions: 674->0(675)
[2025-12-22T21:28:43.020+0000][1989.516s][info][gc,heap     ] GC(241) Survivor regions: 2->1(85)
[2025-12-22T21:28:43.020+0000][1989.516s][info][gc,heap     ] GC(241) Old regions: 50->50
[2025-12-22T21:28:43.020+0000][1989.516s][info][gc,heap     ] GC(241) Archive regions: 2->2
[2025-12-22T21:28:43.020+0000][1989.516s][info][gc,heap     ] GC(241) Humongous regions: 37->37
[2025-12-22T21:28:43.020+0000][1989.516s][info][gc,metaspace] GC(241) Metaspace: 87316K(88192K)->87316K(88192K) NonClass: 75996K(76416K)->75996K(76416K) Class: 11320K(11776K)->11320K(11776K)
[2025-12-22T21:28:43.020+0000][1989.516s][info][gc          ] GC(241) Pause Young (Normal) (G1 Evacuation Pause) 762M->87M(1128M) 5.480ms
[2025-12-22T21:28:43.020+0000][1989.516s][info][gc,cpu      ] GC(241) User=0.01s Sys=0.00s Real=0.01s
[2025-12-22T21:28:52.950+0000][1999.447s][info][gc,start    ] GC(242) Pause Young (Normal) (G1 Evacuation Pause)
[2025-12-22T21:28:52.951+0000][1999.447s][info][gc,task     ] GC(242) Using 3 workers of 3 for evacuation
[2025-12-22T21:28:52.956+0000][1999.452s][info][gc,phases   ] GC(242)   Pre Evacuate Collection Set: 0.5ms
[2025-12-22T21:28:52.956+0000][1999.452s][info][gc,phases   ] GC(242)   Merge Heap Roots: 0.2ms
[2025-12-22T21:28:52.956+0000][1999.453s][info][gc,phases   ] GC(242)   Evacuate Collection Set: 3.0ms
[2025-12-22T21:28:52.956+0000][1999.453s][info][gc,phases   ] GC(242)   Post Evacuate Collection Set: 1.2ms
[2025-12-22T21:28:52.956+0000][1999.453s][info][gc,phases   ] GC(242)   Other: 0.9ms
[2025-12-22T21:28:52.956+0000][1999.453s][info][gc,heap     ] GC(242) Eden regions: 675->0(675)
[2025-12-22T21:28:52.956+0000][1999.453s][info][gc,heap     ] GC(242) Survivor regions: 1->1(85)
[2025-12-22T21:28:52.957+0000][1999.453s][info][gc,heap     ] GC(242) Old regions: 50->50
[2025-12-22T21:28:52.957+0000][1999.453s][info][gc,heap     ] GC(242) Archive regions: 2->2
[2025-12-22T21:28:52.957+0000][1999.453s][info][gc,heap     ] GC(242) Humongous regions: 37->37
[2025-12-22T21:28:52.957+0000][1999.453s][info][gc,metaspace] GC(242) Metaspace: 87316K(88192K)->87316K(88192K) NonClass: 75996K(76416K)->75996K(76416K) Class: 11320K(11776K)->11320K(11776K)
[2025-12-22T21:28:52.957+0000][1999.453s][info][gc          ] GC(242) Pause Young (Normal) (G1 Evacuation Pause) 762M->87M(1128M) 6.364ms
[2025-12-22T21:28:52.957+0000][1999.453s][info][gc,cpu      ] GC(242) User=0.01s Sys=0.00s Real=0.01s
[2025-12-22T21:29:01.023+0000][2007.519s][info][gc,start    ] GC(243) Pause Young (Normal) (G1 Evacuation Pause)
[2025-12-22T21:29:01.024+0000][2007.520s][info][gc,task     ] GC(243) Using 3 workers of 3 for evacuation
[2025-12-22T21:29:01.028+0000][2007.524s][info][gc,phases   ] GC(243)   Pre Evacuate Collection Set: 0.3ms
[2025-12-22T21:29:01.028+0000][2007.524s][info][gc,phases   ] GC(243)   Merge Heap Roots: 0.2ms
[2025-12-22T21:29:01.028+0000][2007.524s][info][gc,phases   ] GC(243)   Evacuate Collection Set: 2.4ms
[2025-12-22T21:29:01.028+0000][2007.524s][info][gc,phases   ] GC(243)   Post Evacuate Collection Set: 0.8ms
[2025-12-22T21:29:01.028+0000][2007.524s][info][gc,phases   ] GC(243)   Other: 1.0ms
[2025-12-22T21:29:01.028+0000][2007.524s][info][gc,heap     ] GC(243) Eden regions: 675->0(675)
[2025-12-22T21:29:01.028+0000][2007.524s][info][gc,heap     ] GC(243) Survivor regions: 1->1(85)
[2025-12-22T21:29:01.028+0000][2007.524s][info][gc,heap     ] GC(243) Old regions: 50->50
[2025-12-22T21:29:01.028+0000][2007.524s][info][gc,heap     ] GC(243) Archive regions: 2->2
[2025-12-22T21:29:01.028+0000][2007.524s][info][gc,heap     ] GC(243) Humongous regions: 37->37
[2025-12-22T21:29:01.028+0000][2007.525s][info][gc,metaspace] GC(243) Metaspace: 87316K(88192K)->87316K(88192K) NonClass: 75996K(76416K)->75996K(76416K) Class: 11320K(11776K)->11320K(11776K)
[2025-12-22T21:29:01.028+0000][2007.525s][info][gc          ] GC(243) Pause Young (Normal) (G1 Evacuation Pause) 762M->87M(1128M) 5.384ms
[2025-12-22T21:29:01.028+0000][2007.525s][info][gc,cpu      ] GC(243) User=0.01s Sys=0.00s Real=0.01s
[2025-12-22T21:29:10.394+0000][2016.891s][info][gc,start    ] GC(244) Pause Young (Normal) (G1 Evacuation Pause)
[2025-12-22T21:29:10.395+0000][2016.891s][info][gc,task     ] GC(244) Using 3 workers of 3 for evacuation
[2025-12-22T21:29:10.397+0000][2016.893s][info][gc,phases   ] GC(244)   Pre Evacuate Collection Set: 0.1ms
[2025-12-22T21:29:10.397+0000][2016.893s][info][gc,phases   ] GC(244)   Merge Heap Roots: 0.1ms
[2025-12-22T21:29:10.397+0000][2016.893s][info][gc,phases   ] GC(244)   Evacuate Collection Set: 1.1ms
[2025-12-22T21:29:10.397+0000][2016.894s][info][gc,phases   ] GC(244)   Post Evacuate Collection Set: 0.6ms
[2025-12-22T21:29:10.397+0000][2016.894s][info][gc,phases   ] GC(244)   Other: 0.7ms
[2025-12-22T21:29:10.397+0000][2016.894s][info][gc,heap     ] GC(244) Eden regions: 675->0(675)
[2025-12-22T21:29:10.398+0000][2016.894s][info][gc,heap     ] GC(244) Survivor regions: 1->1(85)
[2025-12-22T21:29:10.398+0000][2016.894s][info][gc,heap     ] GC(244) Old regions: 50->50
[2025-12-22T21:29:10.398+0000][2016.894s][info][gc,heap     ] GC(244) Archive regions: 2->2
[2025-12-22T21:29:10.398+0000][2016.894s][info][gc,heap     ] GC(244) Humongous regions: 37->37
[2025-12-22T21:29:10.398+0000][2016.894s][info][gc,metaspace] GC(244) Metaspace: 87316K(88192K)->87316K(88192K) NonClass: 75996K(76416K)->75996K(76416K) Class: 11320K(11776K)->11320K(11776K)
[2025-12-22T21:29:10.398+0000][2016.894s][info][gc          ] GC(244) Pause Young (Normal) (G1 Evacuation Pause) 762M->87M(1128M) 3.454ms
[2025-12-22T21:29:10.398+0000][2016.894s][info][gc,cpu      ] GC(244) User=0.00s Sys=0.00s Real=0.01s
[2025-12-22T21:29:18.356+0000][2024.852s][info][gc,start    ] GC(245) Pause Young (Normal) (G1 Evacuation Pause)
[2025-12-22T21:29:18.356+0000][2024.852s][info][gc,task     ] GC(245) Using 3 workers of 3 for evacuation
[2025-12-22T21:29:18.358+0000][2024.854s][info][gc,phases   ] GC(245)   Pre Evacuate Collection Set: 0.1ms
[2025-12-22T21:29:18.358+0000][2024.854s][info][gc,phases   ] GC(245)   Merge Heap Roots: 0.1ms
[2025-12-22T21:29:18.358+0000][2024.854s][info][gc,phases   ] GC(245)   Evacuate Collection Set: 1.0ms
[2025-12-22T21:29:18.358+0000][2024.854s][info][gc,phases   ] GC(245)   Post Evacuate Collection Set: 0.5ms
[2025-12-22T21:29:18.358+0000][2024.854s][info][gc,phases   ] GC(245)   Other: 0.6ms
[2025-12-22T21:29:18.358+0000][2024.854s][info][gc,heap     ] GC(245) Eden regions: 675->0(675)
[2025-12-22T21:29:18.358+0000][2024.854s][info][gc,heap     ] GC(245) Survivor regions: 1->1(85)
[2025-12-22T21:29:18.358+0000][2024.854s][info][gc,heap     ] GC(245) Old regions: 50->50
[2025-12-22T21:29:18.358+0000][2024.855s][info][gc,heap     ] GC(245) Archive regions: 2->2
[2025-12-22T21:29:18.358+0000][2024.855s][info][gc,heap     ] GC(245) Humongous regions: 37->37
[2025-12-22T21:29:18.358+0000][2024.855s][info][gc,metaspace] GC(245) Metaspace: 87316K(88192K)->87316K(88192K) NonClass: 75996K(76416K)->75996K(76416K) Class: 11320K(11776K)->11320K(11776K)
[2025-12-22T21:29:18.358+0000][2024.855s][info][gc          ] GC(245) Pause Young (Normal) (G1 Evacuation Pause) 762M->87M(1128M) 2.957ms
[2025-12-22T21:29:18.359+0000][2024.855s][info][gc,cpu      ] GC(245) User=0.00s Sys=0.00s Real=0.00s
[2025-12-22T21:29:27.839+0000][2034.335s][info][gc,start    ] GC(246) Pause Young (Normal) (G1 Evacuation Pause)
[2025-12-22T21:29:27.840+0000][2034.336s][info][gc,task     ] GC(246) Using 3 workers of 3 for evacuation
[2025-12-22T21:29:27.842+0000][2034.338s][info][gc,phases   ] GC(246)   Pre Evacuate Collection Set: 0.1ms
[2025-12-22T21:29:27.842+0000][2034.338s][info][gc,phases   ] GC(246)   Merge Heap Roots: 0.1ms
[2025-12-22T21:29:27.842+0000][2034.338s][info][gc,phases   ] GC(246)   Evacuate Collection Set: 0.9ms
[2025-12-22T21:29:27.842+0000][2034.338s][info][gc,phases   ] GC(246)   Post Evacuate Collection Set: 0.4ms
[2025-12-22T21:29:27.842+0000][2034.338s][info][gc,phases   ] GC(246)   Other: 1.2ms
[2025-12-22T21:29:27.842+0000][2034.338s][info][gc,heap     ] GC(246) Eden regions: 675->0(675)
[2025-12-22T21:29:27.842+0000][2034.338s][info][gc,heap     ] GC(246) Survivor regions: 1->1(85)
[2025-12-22T21:29:27.842+0000][2034.338s][info][gc,heap     ] GC(246) Old regions: 50->50
[2025-12-22T21:29:27.842+0000][2034.338s][info][gc,heap     ] GC(246) Archive regions: 2->2
[2025-12-22T21:29:27.842+0000][2034.338s][info][gc,heap     ] GC(246) Humongous regions: 37->37
[2025-12-22T21:29:27.842+0000][2034.339s][info][gc,metaspace] GC(246) Metaspace: 87316K(88192K)->87316K(88192K) NonClass: 75996K(76416K)->75996K(76416K) Class: 11320K(11776K)->11320K(11776K)
[2025-12-22T21:29:27.842+0000][2034.339s][info][gc          ] GC(246) Pause Young (Normal) (G1 Evacuation Pause) 762M->87M(1128M) 3.582ms
[2025-12-22T21:29:27.842+0000][2034.339s][info][gc,cpu      ] GC(246) User=0.00s Sys=0.00s Real=0.00s
[2025-12-22T21:29:35.596+0000][2042.093s][info][gc,start    ] GC(247) Pause Young (Normal) (G1 Evacuation Pause)
[2025-12-22T21:29:35.597+0000][2042.094s][info][gc,task     ] GC(247) Using 3 workers of 3 for evacuation
[2025-12-22T21:29:35.599+0000][2042.096s][info][gc,phases   ] GC(247)   Pre Evacuate Collection Set: 0.1ms
[2025-12-22T21:29:35.600+0000][2042.096s][info][gc,phases   ] GC(247)   Merge Heap Roots: 0.1ms
[2025-12-22T21:29:35.600+0000][2042.096s][info][gc,phases   ] GC(247)   Evacuate Collection Set: 1.2ms
[2025-12-22T21:29:35.600+0000][2042.096s][info][gc,phases   ] GC(247)   Post Evacuate Collection Set: 0.4ms
[2025-12-22T21:29:35.600+0000][2042.096s][info][gc,phases   ] GC(247)   Other: 1.2ms
[2025-12-22T21:29:35.600+0000][2042.096s][info][gc,heap     ] GC(247) Eden regions: 675->0(675)
[2025-12-22T21:29:35.600+0000][2042.096s][info][gc,heap     ] GC(247) Survivor regions: 1->1(85)
[2025-12-22T21:29:35.600+0000][2042.096s][info][gc,heap     ] GC(247) Old regions: 50->50
[2025-12-22T21:29:35.600+0000][2042.097s][info][gc,heap     ] GC(247) Archive regions: 2->2
[2025-12-22T21:29:35.600+0000][2042.097s][info][gc,heap     ] GC(247) Humongous regions: 37->37
[2025-12-22T21:29:35.601+0000][2042.097s][info][gc,metaspace] GC(247) Metaspace: 87328K(88192K)->87328K(88192K) NonClass: 76008K(76416K)->76008K(76416K) Class: 11320K(11776K)->11320K(11776K)
[2025-12-22T21:29:35.601+0000][2042.097s][info][gc          ] GC(247) Pause Young (Normal) (G1 Evacuation Pause) 762M->87M(1128M) 4.281ms
[2025-12-22T21:29:35.601+0000][2042.097s][info][gc,cpu      ] GC(247) User=0.00s Sys=0.00s Real=0.00s
[2025-12-22T21:29:43.456+0000][2049.952s][info][gc,start    ] GC(248) Pause Young (Normal) (G1 Evacuation Pause)
[2025-12-22T21:29:43.456+0000][2049.953s][info][gc,task     ] GC(248) Using 3 workers of 3 for evacuation
[2025-12-22T21:29:43.460+0000][2049.956s][info][gc,phases   ] GC(248)   Pre Evacuate Collection Set: 0.3ms
[2025-12-22T21:29:43.460+0000][2049.956s][info][gc,phases   ] GC(248)   Merge Heap Roots: 0.2ms
[2025-12-22T21:29:43.460+0000][2049.956s][info][gc,phases   ] GC(248)   Evacuate Collection Set: 1.9ms
[2025-12-22T21:29:43.460+0000][2049.956s][info][gc,phases   ] GC(248)   Post Evacuate Collection Set: 0.7ms
[2025-12-22T21:29:43.460+0000][2049.956s][info][gc,phases   ] GC(248)   Other: 0.5ms
[2025-12-22T21:29:43.460+0000][2049.956s][info][gc,heap     ] GC(248) Eden regions: 675->0(675)
[2025-12-22T21:29:43.460+0000][2049.956s][info][gc,heap     ] GC(248) Survivor regions: 1->1(85)
[2025-12-22T21:29:43.460+0000][2049.956s][info][gc,heap     ] GC(248) Old regions: 50->50
[2025-12-22T21:29:43.460+0000][2049.956s][info][gc,heap     ] GC(248) Archive regions: 2->2
[2025-12-22T21:29:43.460+0000][2049.956s][info][gc,heap     ] GC(248) Humongous regions: 37->37
[2025-12-22T21:29:43.460+0000][2049.956s][info][gc,metaspace] GC(248) Metaspace: 87334K(88192K)->87334K(88192K) NonClass: 76014K(76416K)->76014K(76416K) Class: 11320K(11776K)->11320K(11776K)
[2025-12-22T21:29:43.460+0000][2049.957s][info][gc          ] GC(248) Pause Young (Normal) (G1 Evacuation Pause) 762M->87M(1128M) 4.107ms
[2025-12-22T21:29:43.460+0000][2049.957s][info][gc,cpu      ] GC(248) User=0.01s Sys=0.00s Real=0.00s
[2025-12-22T21:29:52.979+0000][2059.475s][info][gc,start    ] GC(249) Pause Young (Normal) (G1 Evacuation Pause)
[2025-12-22T21:29:52.979+0000][2059.475s][info][gc,task     ] GC(249) Using 3 workers of 3 for evacuation
[2025-12-22T21:29:52.981+0000][2059.477s][info][gc,phases   ] GC(249)   Pre Evacuate Collection Set: 0.1ms
[2025-12-22T21:29:52.981+0000][2059.478s][info][gc,phases   ] GC(249)   Merge Heap Roots: 0.1ms
[2025-12-22T21:29:52.981+0000][2059.478s][info][gc,phases   ] GC(249)   Evacuate Collection Set: 1.3ms
[2025-12-22T21:29:52.981+0000][2059.478s][info][gc,phases   ] GC(249)   Post Evacuate Collection Set: 0.3ms
[2025-12-22T21:29:52.981+0000][2059.478s][info][gc,phases   ] GC(249)   Other: 0.7ms
[2025-12-22T21:29:52.981+0000][2059.478s][info][gc,heap     ] GC(249) Eden regions: 675->0(675)
[2025-12-22T21:29:52.981+0000][2059.478s][info][gc,heap     ] GC(249) Survivor regions: 1->1(85)
[2025-12-22T21:29:52.981+0000][2059.478s][info][gc,heap     ] GC(249) Old regions: 50->50
[2025-12-22T21:29:52.982+0000][2059.478s][info][gc,heap     ] GC(249) Archive regions: 2->2
[2025-12-22T21:29:52.982+0000][2059.478s][info][gc,heap     ] GC(249) Humongous regions: 37->37
[2025-12-22T21:29:52.982+0000][2059.478s][info][gc,metaspace] GC(249) Metaspace: 87334K(88192K)->87334K(88192K) NonClass: 76014K(76416K)->76014K(76416K) Class: 11320K(11776K)->11320K(11776K)
[2025-12-22T21:29:52.982+0000][2059.478s][info][gc          ] GC(249) Pause Young (Normal) (G1 Evacuation Pause) 762M->87M(1128M) 2.916ms
[2025-12-22T21:29:52.982+0000][2059.478s][info][gc,cpu      ] GC(249) User=0.00s Sys=0.00s Real=0.00s
[2025-12-22T21:30:00.734+0000][2067.231s][info][gc,start    ] GC(250) Pause Young (Normal) (G1 Evacuation Pause)
[2025-12-22T21:30:00.735+0000][2067.231s][info][gc,task     ] GC(250) Using 3 workers of 3 for evacuation
[2025-12-22T21:30:00.737+0000][2067.234s][info][gc,phases   ] GC(250)   Pre Evacuate Collection Set: 0.1ms
[2025-12-22T21:30:00.737+0000][2067.234s][info][gc,phases   ] GC(250)   Merge Heap Roots: 0.1ms
[2025-12-22T21:30:00.738+0000][2067.234s][info][gc,phases   ] GC(250)   Evacuate Collection Set: 1.2ms
[2025-12-22T21:30:00.738+0000][2067.234s][info][gc,phases   ] GC(250)   Post Evacuate Collection Set: 0.4ms
[2025-12-22T21:30:00.738+0000][2067.234s][info][gc,phases   ] GC(250)   Other: 1.2ms
[2025-12-22T21:30:00.738+0000][2067.234s][info][gc,heap     ] GC(250) Eden regions: 675->0(675)
[2025-12-22T21:30:00.738+0000][2067.234s][info][gc,heap     ] GC(250) Survivor regions: 1->1(85)
[2025-12-22T21:30:00.738+0000][2067.234s][info][gc,heap     ] GC(250) Old regions: 50->50
[2025-12-22T21:30:00.738+0000][2067.234s][info][gc,heap     ] GC(250) Archive regions: 2->2
[2025-12-22T21:30:00.738+0000][2067.234s][info][gc,heap     ] GC(250) Humongous regions: 37->37
[2025-12-22T21:30:00.738+0000][2067.234s][info][gc,metaspace] GC(250) Metaspace: 87334K(88192K)->87334K(88192K) NonClass: 76014K(76416K)->76014K(76416K) Class: 11320K(11776K)->11320K(11776K)
[2025-12-22T21:30:00.738+0000][2067.235s][info][gc          ] GC(250) Pause Young (Normal) (G1 Evacuation Pause) 762M->87M(1128M) 3.990ms
[2025-12-22T21:30:00.738+0000][2067.235s][info][gc,cpu      ] GC(250) User=0.01s Sys=0.00s Real=0.01s
[2025-12-22T21:30:10.685+0000][2077.182s][info][gc,start    ] GC(251) Pause Young (Normal) (G1 Evacuation Pause)
[2025-12-22T21:30:10.686+0000][2077.182s][info][gc,task     ] GC(251) Using 3 workers of 3 for evacuation
[2025-12-22T21:30:10.691+0000][2077.187s][info][gc,phases   ] GC(251)   Pre Evacuate Collection Set: 0.3ms
[2025-12-22T21:30:10.691+0000][2077.187s][info][gc,phases   ] GC(251)   Merge Heap Roots: 0.2ms
[2025-12-22T21:30:10.691+0000][2077.187s][info][gc,phases   ] GC(251)   Evacuate Collection Set: 3.1ms
[2025-12-22T21:30:10.691+0000][2077.187s][info][gc,phases   ] GC(251)   Post Evacuate Collection Set: 0.9ms
[2025-12-22T21:30:10.691+0000][2077.187s][info][gc,phases   ] GC(251)   Other: 0.9ms
[2025-12-22T21:30:10.691+0000][2077.187s][info][gc,heap     ] GC(251) Eden regions: 675->0(675)
[2025-12-22T21:30:10.691+0000][2077.187s][info][gc,heap     ] GC(251) Survivor regions: 1->1(85)
[2025-12-22T21:30:10.691+0000][2077.188s][info][gc,heap     ] GC(251) Old regions: 50->50
[2025-12-22T21:30:10.691+0000][2077.188s][info][gc,heap     ] GC(251) Archive regions: 2->2
[2025-12-22T21:30:10.691+0000][2077.188s][info][gc,heap     ] GC(251) Humongous regions: 37->37
[2025-12-22T21:30:10.691+0000][2077.188s][info][gc,metaspace] GC(251) Metaspace: 87334K(88192K)->87334K(88192K) NonClass: 76014K(76416K)->76014K(76416K) Class: 11320K(11776K)->11320K(11776K)
[2025-12-22T21:30:10.692+0000][2077.188s][info][gc          ] GC(251) Pause Young (Normal) (G1 Evacuation Pause) 762M->87M(1128M) 6.178ms
[2025-12-22T21:30:10.692+0000][2077.188s][info][gc,cpu      ] GC(251) User=0.01s Sys=0.00s Real=0.00s
[2025-12-22T21:30:18.754+0000][2085.250s][info][gc,start    ] GC(252) Pause Young (Normal) (G1 Evacuation Pause)
[2025-12-22T21:30:18.755+0000][2085.251s][info][gc,task     ] GC(252) Using 3 workers of 3 for evacuation
[2025-12-22T21:30:18.757+0000][2085.253s][info][gc,phases   ] GC(252)   Pre Evacuate Collection Set: 0.2ms
[2025-12-22T21:30:18.757+0000][2085.253s][info][gc,phases   ] GC(252)   Merge Heap Roots: 0.1ms
[2025-12-22T21:30:18.757+0000][2085.253s][info][gc,phases   ] GC(252)   Evacuate Collection Set: 1.3ms
[2025-12-22T21:30:18.757+0000][2085.253s][info][gc,phases   ] GC(252)   Post Evacuate Collection Set: 0.5ms
[2025-12-22T21:30:18.757+0000][2085.253s][info][gc,phases   ] GC(252)   Other: 0.6ms
[2025-12-22T21:30:18.757+0000][2085.254s][info][gc,heap     ] GC(252) Eden regions: 675->0(675)
[2025-12-22T21:30:18.757+0000][2085.254s][info][gc,heap     ] GC(252) Survivor regions: 1->1(85)
[2025-12-22T21:30:18.757+0000][2085.254s][info][gc,heap     ] GC(252) Old regions: 50->50
[2025-12-22T21:30:18.757+0000][2085.254s][info][gc,heap     ] GC(252) Archive regions: 2->2
[2025-12-22T21:30:18.758+0000][2085.254s][info][gc,heap     ] GC(252) Humongous regions: 37->37
[2025-12-22T21:30:18.758+0000][2085.254s][info][gc,metaspace] GC(252) Metaspace: 87335K(88192K)->87335K(88192K) NonClass: 76015K(76416K)->76015K(76416K) Class: 11320K(11776K)->11320K(11776K)
[2025-12-22T21:30:18.758+0000][2085.254s][info][gc          ] GC(252) Pause Young (Normal) (G1 Evacuation Pause) 762M->87M(1128M) 3.554ms
[2025-12-22T21:30:18.758+0000][2085.254s][info][gc,cpu      ] GC(252) User=0.00s Sys=0.00s Real=0.01s
[2025-12-22T21:30:27.926+0000][2094.423s][info][gc,start    ] GC(253) Pause Young (Normal) (G1 Evacuation Pause)
[2025-12-22T21:30:27.928+0000][2094.424s][info][gc,task     ] GC(253) Using 3 workers of 3 for evacuation
[2025-12-22T21:30:27.932+0000][2094.429s][info][gc,phases   ] GC(253)   Pre Evacuate Collection Set: 0.5ms
[2025-12-22T21:30:27.933+0000][2094.429s][info][gc,phases   ] GC(253)   Merge Heap Roots: 0.2ms
[2025-12-22T21:30:27.933+0000][2094.429s][info][gc,phases   ] GC(253)   Evacuate Collection Set: 2.4ms
[2025-12-22T21:30:27.933+0000][2094.429s][info][gc,phases   ] GC(253)   Post Evacuate Collection Set: 1.0ms
[2025-12-22T21:30:27.933+0000][2094.429s][info][gc,phases   ] GC(253)   Other: 2.0ms
[2025-12-22T21:30:27.933+0000][2094.429s][info][gc,heap     ] GC(253) Eden regions: 675->0(675)
[2025-12-22T21:30:27.933+0000][2094.429s][info][gc,heap     ] GC(253) Survivor regions: 1->1(85)
[2025-12-22T21:30:27.933+0000][2094.429s][info][gc,heap     ] GC(253) Old regions: 50->50
[2025-12-22T21:30:27.933+0000][2094.429s][info][gc,heap     ] GC(253) Archive regions: 2->2
[2025-12-22T21:30:27.933+0000][2094.430s][info][gc,heap     ] GC(253) Humongous regions: 37->37
[2025-12-22T21:30:27.933+0000][2094.430s][info][gc,metaspace] GC(253) Metaspace: 87335K(88192K)->87335K(88192K) NonClass: 76015K(76416K)->76015K(76416K) Class: 11320K(11776K)->11320K(11776K)
[2025-12-22T21:30:27.934+0000][2094.430s][info][gc          ] GC(253) Pause Young (Normal) (G1 Evacuation Pause) 762M->87M(1128M) 7.184ms
[2025-12-22T21:30:27.934+0000][2094.430s][info][gc,cpu      ] GC(253) User=0.01s Sys=0.00s Real=0.00s
[2025-12-22T21:30:36.194+0000][2102.690s][info][gc,start    ] GC(254) Pause Young (Normal) (G1 Evacuation Pause)
[2025-12-22T21:30:36.196+0000][2102.692s][info][gc,task     ] GC(254) Using 3 workers of 3 for evacuation
[2025-12-22T21:30:36.199+0000][2102.696s][info][gc,phases   ] GC(254)   Pre Evacuate Collection Set: 0.2ms
[2025-12-22T21:30:36.199+0000][2102.696s][info][gc,phases   ] GC(254)   Merge Heap Roots: 0.1ms
[2025-12-22T21:30:36.200+0000][2102.696s][info][gc,phases   ] GC(254)   Evacuate Collection Set: 2.3ms
[2025-12-22T21:30:36.200+0000][2102.696s][info][gc,phases   ] GC(254)   Post Evacuate Collection Set: 0.7ms
[2025-12-22T21:30:36.200+0000][2102.696s][info][gc,phases   ] GC(254)   Other: 2.2ms
[2025-12-22T21:30:36.200+0000][2102.696s][info][gc,heap     ] GC(254) Eden regions: 675->0(674)
[2025-12-22T21:30:36.200+0000][2102.696s][info][gc,heap     ] GC(254) Survivor regions: 1->2(85)
[2025-12-22T21:30:36.200+0000][2102.696s][info][gc,heap     ] GC(254) Old regions: 50->50
[2025-12-22T21:30:36.200+0000][2102.696s][info][gc,heap     ] GC(254) Archive regions: 2->2
[2025-12-22T21:30:36.200+0000][2102.697s][info][gc,heap     ] GC(254) Humongous regions: 37->37
[2025-12-22T21:30:36.200+0000][2102.697s][info][gc,metaspace] GC(254) Metaspace: 87341K(88256K)->87341K(88256K) NonClass: 76021K(76480K)->76021K(76480K) Class: 11320K(11776K)->11320K(11776K)
[2025-12-22T21:30:36.201+0000][2102.697s][info][gc          ] GC(254) Pause Young (Normal) (G1 Evacuation Pause) 762M->88M(1128M) 6.790ms
[2025-12-22T21:30:36.201+0000][2102.697s][info][gc,cpu      ] GC(254) User=0.01s Sys=0.00s Real=0.01s
[2025-12-22T21:30:44.087+0000][2110.583s][info][gc,start    ] GC(255) Pause Young (Normal) (G1 Evacuation Pause)
[2025-12-22T21:30:44.087+0000][2110.583s][info][gc,task     ] GC(255) Using 3 workers of 3 for evacuation
[2025-12-22T21:30:44.089+0000][2110.586s][info][gc,phases   ] GC(255)   Pre Evacuate Collection Set: 0.2ms
[2025-12-22T21:30:44.090+0000][2110.586s][info][gc,phases   ] GC(255)   Merge Heap Roots: 0.1ms
[2025-12-22T21:30:44.090+0000][2110.586s][info][gc,phases   ] GC(255)   Evacuate Collection Set: 1.3ms
[2025-12-22T21:30:44.090+0000][2110.586s][info][gc,phases   ] GC(255)   Post Evacuate Collection Set: 0.4ms
[2025-12-22T21:30:44.090+0000][2110.586s][info][gc,phases   ] GC(255)   Other: 0.7ms
[2025-12-22T21:30:44.090+0000][2110.586s][info][gc,heap     ] GC(255) Eden regions: 674->0(674)
[2025-12-22T21:30:44.090+0000][2110.586s][info][gc,heap     ] GC(255) Survivor regions: 2->2(85)
[2025-12-22T21:30:44.090+0000][2110.586s][info][gc,heap     ] GC(255) Old regions: 50->50
[2025-12-22T21:30:44.090+0000][2110.586s][info][gc,heap     ] GC(255) Archive regions: 2->2
[2025-12-22T21:30:44.090+0000][2110.586s][info][gc,heap     ] GC(255) Humongous regions: 37->37
[2025-12-22T21:30:44.090+0000][2110.586s][info][gc,metaspace] GC(255) Metaspace: 87344K(88256K)->87344K(88256K) NonClass: 76023K(76480K)->76023K(76480K) Class: 11320K(11776K)->11320K(11776K)
[2025-12-22T21:30:44.090+0000][2110.586s][info][gc          ] GC(255) Pause Young (Normal) (G1 Evacuation Pause) 762M->88M(1128M) 3.501ms
[2025-12-22T21:30:44.090+0000][2110.586s][info][gc,cpu      ] GC(255) User=0.00s Sys=0.00s Real=0.00s
[2025-12-22T21:30:53.484+0000][2119.981s][info][gc,start    ] GC(256) Pause Young (Normal) (G1 Evacuation Pause)
[2025-12-22T21:30:53.485+0000][2119.981s][info][gc,task     ] GC(256) Using 3 workers of 3 for evacuation
[2025-12-22T21:30:53.488+0000][2119.984s][info][gc,phases   ] GC(256)   Pre Evacuate Collection Set: 0.3ms
[2025-12-22T21:30:53.488+0000][2119.985s][info][gc,phases   ] GC(256)   Merge Heap Roots: 0.2ms
[2025-12-22T21:30:53.488+0000][2119.985s][info][gc,phases   ] GC(256)   Evacuate Collection Set: 2.1ms
[2025-12-22T21:30:53.488+0000][2119.985s][info][gc,phases   ] GC(256)   Post Evacuate Collection Set: 0.8ms
[2025-12-22T21:30:53.489+0000][2119.985s][info][gc,phases   ] GC(256)   Other: 0.6ms
[2025-12-22T21:30:53.489+0000][2119.985s][info][gc,heap     ] GC(256) Eden regions: 674->0(674)
[2025-12-22T21:30:53.489+0000][2119.985s][info][gc,heap     ] GC(256) Survivor regions: 2->2(85)
[2025-12-22T21:30:53.489+0000][2119.985s][info][gc,heap     ] GC(256) Old regions: 50->50
[2025-12-22T21:30:53.489+0000][2119.985s][info][gc,heap     ] GC(256) Archive regions: 2->2
[2025-12-22T21:30:53.489+0000][2119.985s][info][gc,heap     ] GC(256) Humongous regions: 37->37
[2025-12-22T21:30:53.489+0000][2119.985s][info][gc,metaspace] GC(256) Metaspace: 87344K(88256K)->87344K(88256K) NonClass: 76023K(76480K)->76023K(76480K) Class: 11320K(11776K)->11320K(11776K)
[2025-12-22T21:30:53.489+0000][2119.985s][info][gc          ] GC(256) Pause Young (Normal) (G1 Evacuation Pause) 762M->88M(1128M) 4.710ms
[2025-12-22T21:30:53.489+0000][2119.985s][info][gc,cpu      ] GC(256) User=0.00s Sys=0.00s Real=0.01s
[2025-12-22T21:31:01.294+0000][2127.790s][info][gc,start    ] GC(257) Pause Young (Normal) (G1 Evacuation Pause)
[2025-12-22T21:31:01.295+0000][2127.791s][info][gc,task     ] GC(257) Using 3 workers of 3 for evacuation
[2025-12-22T21:31:01.298+0000][2127.794s][info][gc,phases   ] GC(257)   Pre Evacuate Collection Set: 0.1ms
[2025-12-22T21:31:01.298+0000][2127.794s][info][gc,phases   ] GC(257)   Merge Heap Roots: 0.1ms
[2025-12-22T21:31:01.298+0000][2127.794s][info][gc,phases   ] GC(257)   Evacuate Collection Set: 1.8ms
[2025-12-22T21:31:01.299+0000][2127.795s][info][gc,phases   ] GC(257)   Post Evacuate Collection Set: 0.6ms
[2025-12-22T21:31:01.300+0000][2127.796s][info][gc,phases   ] GC(257)   Other: 1.2ms
[2025-12-22T21:31:01.300+0000][2127.796s][info][gc,heap     ] GC(257) Eden regions: 674->0(674)
[2025-12-22T21:31:01.300+0000][2127.796s][info][gc,heap     ] GC(257) Survivor regions: 2->2(85)
[2025-12-22T21:31:01.300+0000][2127.797s][info][gc,heap     ] GC(257) Old regions: 50->50
[2025-12-22T21:31:01.300+0000][2127.797s][info][gc,heap     ] GC(257) Archive regions: 2->2
[2025-12-22T21:31:01.300+0000][2127.797s][info][gc,heap     ] GC(257) Humongous regions: 37->37
[2025-12-22T21:31:01.301+0000][2127.797s][info][gc,metaspace] GC(257) Metaspace: 87349K(88256K)->87349K(88256K) NonClass: 76029K(76480K)->76029K(76480K) Class: 11320K(11776K)->11320K(11776K)
[2025-12-22T21:31:01.301+0000][2127.797s][info][gc          ] GC(257) Pause Young (Normal) (G1 Evacuation Pause) 762M->88M(1128M) 6.818ms
[2025-12-22T21:31:01.301+0000][2127.797s][info][gc,cpu      ] GC(257) User=0.00s Sys=0.00s Real=0.01s
[2025-12-22T21:31:10.687+0000][2137.183s][info][gc,start    ] GC(258) Pause Young (Normal) (G1 Evacuation Pause)
[2025-12-22T21:31:10.688+0000][2137.184s][info][gc,task     ] GC(258) Using 3 workers of 3 for evacuation
[2025-12-22T21:31:10.690+0000][2137.186s][info][gc,phases   ] GC(258)   Pre Evacuate Collection Set: 0.1ms
[2025-12-22T21:31:10.690+0000][2137.187s][info][gc,phases   ] GC(258)   Merge Heap Roots: 0.1ms
[2025-12-22T21:31:10.690+0000][2137.187s][info][gc,phases   ] GC(258)   Evacuate Collection Set: 1.2ms
[2025-12-22T21:31:10.691+0000][2137.187s][info][gc,phases   ] GC(258)   Post Evacuate Collection Set: 0.4ms
[2025-12-22T21:31:10.691+0000][2137.187s][info][gc,phases   ] GC(258)   Other: 1.4ms
[2025-12-22T21:31:10.691+0000][2137.187s][info][gc,heap     ] GC(258) Eden regions: 674->0(674)
[2025-12-22T21:31:10.691+0000][2137.187s][info][gc,heap     ] GC(258) Survivor regions: 2->2(85)
[2025-12-22T21:31:10.691+0000][2137.187s][info][gc,heap     ] GC(258) Old regions: 50->50
[2025-12-22T21:31:10.691+0000][2137.187s][info][gc,heap     ] GC(258) Archive regions: 2->2
[2025-12-22T21:31:10.691+0000][2137.188s][info][gc,heap     ] GC(258) Humongous regions: 37->37
[2025-12-22T21:31:10.691+0000][2137.188s][info][gc,metaspace] GC(258) Metaspace: 87349K(88256K)->87349K(88256K) NonClass: 76029K(76480K)->76029K(76480K) Class: 11320K(11776K)->11320K(11776K)
[2025-12-22T21:31:10.692+0000][2137.188s][info][gc          ] GC(258) Pause Young (Normal) (G1 Evacuation Pause) 762M->88M(1128M) 4.655ms
[2025-12-22T21:31:10.692+0000][2137.188s][info][gc,cpu      ] GC(258) User=0.00s Sys=0.00s Real=0.00s
[2025-12-22T21:31:18.565+0000][2145.061s][info][gc,start    ] GC(259) Pause Young (Normal) (G1 Evacuation Pause)
[2025-12-22T21:31:18.565+0000][2145.061s][info][gc,task     ] GC(259) Using 3 workers of 3 for evacuation
[2025-12-22T21:31:18.567+0000][2145.063s][info][gc,phases   ] GC(259)   Pre Evacuate Collection Set: 0.1ms
[2025-12-22T21:31:18.567+0000][2145.063s][info][gc,phases   ] GC(259)   Merge Heap Roots: 0.1ms
[2025-12-22T21:31:18.567+0000][2145.064s][info][gc,phases   ] GC(259)   Evacuate Collection Set: 1.3ms
[2025-12-22T21:31:18.567+0000][2145.064s][info][gc,phases   ] GC(259)   Post Evacuate Collection Set: 0.4ms
[2025-12-22T21:31:18.568+0000][2145.064s][info][gc,phases   ] GC(259)   Other: 0.5ms
[2025-12-22T21:31:18.568+0000][2145.064s][info][gc,heap     ] GC(259) Eden regions: 674->0(674)
[2025-12-22T21:31:18.568+0000][2145.064s][info][gc,heap     ] GC(259) Survivor regions: 2->2(85)
[2025-12-22T21:31:18.568+0000][2145.064s][info][gc,heap     ] GC(259) Old regions: 50->50
[2025-12-22T21:31:18.568+0000][2145.064s][info][gc,heap     ] GC(259) Archive regions: 2->2
[2025-12-22T21:31:18.568+0000][2145.064s][info][gc,heap     ] GC(259) Humongous regions: 37->37
[2025-12-22T21:31:18.568+0000][2145.064s][info][gc,metaspace] GC(259) Metaspace: 87350K(88256K)->87350K(88256K) NonClass: 76030K(76480K)->76030K(76480K) Class: 11320K(11776K)->11320K(11776K)
[2025-12-22T21:31:18.568+0000][2145.064s][info][gc          ] GC(259) Pause Young (Normal) (G1 Evacuation Pause) 762M->88M(1128M) 3.312ms
[2025-12-22T21:31:18.568+0000][2145.064s][info][gc,cpu      ] GC(259) User=0.00s Sys=0.01s Real=0.01s
[2025-12-22T21:31:27.902+0000][2154.398s][info][gc,start    ] GC(260) Pause Young (Normal) (G1 Evacuation Pause)
[2025-12-22T21:31:27.902+0000][2154.399s][info][gc,task     ] GC(260) Using 3 workers of 3 for evacuation
[2025-12-22T21:31:27.904+0000][2154.400s][info][gc,phases   ] GC(260)   Pre Evacuate Collection Set: 0.1ms
[2025-12-22T21:31:27.904+0000][2154.401s][info][gc,phases   ] GC(260)   Merge Heap Roots: 0.1ms
[2025-12-22T21:31:27.904+0000][2154.401s][info][gc,phases   ] GC(260)   Evacuate Collection Set: 1.0ms
[2025-12-22T21:31:27.905+0000][2154.401s][info][gc,phases   ] GC(260)   Post Evacuate Collection Set: 0.5ms
[2025-12-22T21:31:27.905+0000][2154.401s][info][gc,phases   ] GC(260)   Other: 0.5ms
[2025-12-22T21:31:27.905+0000][2154.401s][info][gc,heap     ] GC(260) Eden regions: 674->0(674)
[2025-12-22T21:31:27.905+0000][2154.401s][info][gc,heap     ] GC(260) Survivor regions: 2->2(85)
[2025-12-22T21:31:27.905+0000][2154.402s][info][gc,heap     ] GC(260) Old regions: 50->50
[2025-12-22T21:31:27.905+0000][2154.402s][info][gc,heap     ] GC(260) Archive regions: 2->2
[2025-12-22T21:31:27.906+0000][2154.402s][info][gc,heap     ] GC(260) Humongous regions: 37->37
[2025-12-22T21:31:27.906+0000][2154.402s][info][gc,metaspace] GC(260) Metaspace: 87350K(88256K)->87350K(88256K) NonClass: 76030K(76480K)->76030K(76480K) Class: 11320K(11776K)->11320K(11776K)
[2025-12-22T21:31:27.906+0000][2154.402s][info][gc          ] GC(260) Pause Young (Normal) (G1 Evacuation Pause) 762M->88M(1128M) 3.633ms
[2025-12-22T21:31:27.906+0000][2154.402s][info][gc,cpu      ] GC(260) User=0.00s Sys=0.00s Real=0.01s
[2025-12-22T21:31:35.620+0000][2162.116s][info][gc,start    ] GC(261) Pause Young (Normal) (G1 Evacuation Pause)
[2025-12-22T21:31:35.621+0000][2162.117s][info][gc,task     ] GC(261) Using 3 workers of 3 for evacuation
[2025-12-22T21:31:35.625+0000][2162.121s][info][gc,phases   ] GC(261)   Pre Evacuate Collection Set: 0.6ms
[2025-12-22T21:31:35.625+0000][2162.122s][info][gc,phases   ] GC(261)   Merge Heap Roots: 0.2ms
[2025-12-22T21:31:35.625+0000][2162.122s][info][gc,phases   ] GC(261)   Evacuate Collection Set: 2.1ms
[2025-12-22T21:31:35.626+0000][2162.122s][info][gc,phases   ] GC(261)   Post Evacuate Collection Set: 0.7ms
[2025-12-22T21:31:35.626+0000][2162.122s][info][gc,phases   ] GC(261)   Other: 1.6ms
[2025-12-22T21:31:35.626+0000][2162.122s][info][gc,heap     ] GC(261) Eden regions: 674->0(674)
[2025-12-22T21:31:35.626+0000][2162.122s][info][gc,heap     ] GC(261) Survivor regions: 2->2(85)
[2025-12-22T21:31:35.626+0000][2162.122s][info][gc,heap     ] GC(261) Old regions: 50->50
[2025-12-22T21:31:35.626+0000][2162.122s][info][gc,heap     ] GC(261) Archive regions: 2->2
[2025-12-22T21:31:35.626+0000][2162.122s][info][gc,heap     ] GC(261) Humongous regions: 37->37
[2025-12-22T21:31:35.626+0000][2162.122s][info][gc,metaspace] GC(261) Metaspace: 87355K(88256K)->87355K(88256K) NonClass: 76035K(76480K)->76035K(76480K) Class: 11320K(11776K)->11320K(11776K)
[2025-12-22T21:31:35.626+0000][2162.122s][info][gc          ] GC(261) Pause Young (Normal) (G1 Evacuation Pause) 762M->88M(1128M) 6.232ms
[2025-12-22T21:31:35.626+0000][2162.123s][info][gc,cpu      ] GC(261) User=0.01s Sys=0.00s Real=0.01s
[2025-12-22T21:31:43.313+0000][2169.809s][info][gc,start    ] GC(262) Pause Young (Normal) (G1 Evacuation Pause)
[2025-12-22T21:31:43.314+0000][2169.810s][info][gc,task     ] GC(262) Using 3 workers of 3 for evacuation
[2025-12-22T21:31:43.316+0000][2169.812s][info][gc,phases   ] GC(262)   Pre Evacuate Collection Set: 0.1ms
[2025-12-22T21:31:43.316+0000][2169.812s][info][gc,phases   ] GC(262)   Merge Heap Roots: 0.1ms
[2025-12-22T21:31:43.316+0000][2169.812s][info][gc,phases   ] GC(262)   Evacuate Collection Set: 1.3ms
[2025-12-22T21:31:43.316+0000][2169.812s][info][gc,phases   ] GC(262)   Post Evacuate Collection Set: 0.4ms
[2025-12-22T21:31:43.316+0000][2169.812s][info][gc,phases   ] GC(262)   Other: 0.7ms
[2025-12-22T21:31:43.316+0000][2169.812s][info][gc,heap     ] GC(262) Eden regions: 674->0(675)
[2025-12-22T21:31:43.316+0000][2169.813s][info][gc,heap     ] GC(262) Survivor regions: 2->1(85)
[2025-12-22T21:31:43.316+0000][2169.813s][info][gc,heap     ] GC(262) Old regions: 50->50
[2025-12-22T21:31:43.316+0000][2169.813s][info][gc,heap     ] GC(262) Archive regions: 2->2
[2025-12-22T21:31:43.317+0000][2169.813s][info][gc,heap     ] GC(262) Humongous regions: 37->37
[2025-12-22T21:31:43.317+0000][2169.813s][info][gc,metaspace] GC(262) Metaspace: 87369K(88256K)->87369K(88256K) NonClass: 76049K(76480K)->76049K(76480K) Class: 11320K(11776K)->11320K(11776K)
[2025-12-22T21:31:43.317+0000][2169.813s][info][gc          ] GC(262) Pause Young (Normal) (G1 Evacuation Pause) 762M->88M(1128M) 3.473ms
[2025-12-22T21:31:43.317+0000][2169.813s][info][gc,cpu      ] GC(262) User=0.01s Sys=0.00s Real=0.01s
[2025-12-22T21:31:52.549+0000][2179.045s][info][gc,start    ] GC(263) Pause Young (Normal) (G1 Evacuation Pause)
[2025-12-22T21:31:52.549+0000][2179.045s][info][gc,task     ] GC(263) Using 3 workers of 3 for evacuation
[2025-12-22T21:31:52.551+0000][2179.047s][info][gc,phases   ] GC(263)   Pre Evacuate Collection Set: 0.1ms
[2025-12-22T21:31:52.551+0000][2179.047s][info][gc,phases   ] GC(263)   Merge Heap Roots: 0.1ms
[2025-12-22T21:31:52.551+0000][2179.047s][info][gc,phases   ] GC(263)   Evacuate Collection Set: 1.0ms
[2025-12-22T21:31:52.551+0000][2179.047s][info][gc,phases   ] GC(263)   Post Evacuate Collection Set: 0.3ms
[2025-12-22T21:31:52.551+0000][2179.047s][info][gc,phases   ] GC(263)   Other: 0.4ms
[2025-12-22T21:31:52.551+0000][2179.047s][info][gc,heap     ] GC(263) Eden regions: 675->0(675)
[2025-12-22T21:31:52.551+0000][2179.047s][info][gc,heap     ] GC(263) Survivor regions: 1->1(85)
[2025-12-22T21:31:52.551+0000][2179.047s][info][gc,heap     ] GC(263) Old regions: 50->50
[2025-12-22T21:31:52.551+0000][2179.047s][info][gc,heap     ] GC(263) Archive regions: 2->2
[2025-12-22T21:31:52.551+0000][2179.047s][info][gc,heap     ] GC(263) Humongous regions: 37->37
[2025-12-22T21:31:52.551+0000][2179.047s][info][gc,metaspace] GC(263) Metaspace: 87373K(88256K)->87373K(88256K) NonClass: 76053K(76480K)->76053K(76480K) Class: 11320K(11776K)->11320K(11776K)
[2025-12-22T21:31:52.551+0000][2179.048s][info][gc          ] GC(263) Pause Young (Normal) (G1 Evacuation Pause) 763M->88M(1128M) 2.495ms
[2025-12-22T21:31:52.551+0000][2179.048s][info][gc,cpu      ] GC(263) User=0.00s Sys=0.00s Real=0.00s
[2025-12-22T21:32:00.240+0000][2186.737s][info][gc,start    ] GC(264) Pause Young (Normal) (G1 Evacuation Pause)
[2025-12-22T21:32:00.241+0000][2186.737s][info][gc,task     ] GC(264) Using 3 workers of 3 for evacuation
[2025-12-22T21:32:00.243+0000][2186.739s][info][gc,phases   ] GC(264)   Pre Evacuate Collection Set: 0.2ms
[2025-12-22T21:32:00.243+0000][2186.740s][info][gc,phases   ] GC(264)   Merge Heap Roots: 0.1ms
[2025-12-22T21:32:00.243+0000][2186.740s][info][gc,phases   ] GC(264)   Evacuate Collection Set: 1.2ms
[2025-12-22T21:32:00.244+0000][2186.740s][info][gc,phases   ] GC(264)   Post Evacuate Collection Set: 0.6ms
[2025-12-22T21:32:00.244+0000][2186.740s][info][gc,phases   ] GC(264)   Other: 0.7ms
[2025-12-22T21:32:00.244+0000][2186.740s][info][gc,heap     ] GC(264) Eden regions: 675->0(675)
[2025-12-22T21:32:00.244+0000][2186.740s][info][gc,heap     ] GC(264) Survivor regions: 1->1(85)
[2025-12-22T21:32:00.244+0000][2186.740s][info][gc,heap     ] GC(264) Old regions: 50->51
[2025-12-22T21:32:00.244+0000][2186.740s][info][gc,heap     ] GC(264) Archive regions: 2->2
[2025-12-22T21:32:00.244+0000][2186.740s][info][gc,heap     ] GC(264) Humongous regions: 37->37
[2025-12-22T21:32:00.244+0000][2186.740s][info][gc,metaspace] GC(264) Metaspace: 87373K(88256K)->87373K(88256K) NonClass: 76053K(76480K)->76053K(76480K) Class: 11320K(11776K)->11320K(11776K)
[2025-12-22T21:32:00.244+0000][2186.740s][info][gc          ] GC(264) Pause Young (Normal) (G1 Evacuation Pause) 763M->88M(1128M) 3.664ms
[2025-12-22T21:32:00.244+0000][2186.741s][info][gc,cpu      ] GC(264) User=0.01s Sys=0.00s Real=0.00s
[2025-12-22T21:32:09.747+0000][2196.243s][info][gc,start    ] GC(265) Pause Young (Normal) (G1 Evacuation Pause)
[2025-12-22T21:32:09.747+0000][2196.243s][info][gc,task     ] GC(265) Using 3 workers of 3 for evacuation
[2025-12-22T21:32:09.749+0000][2196.245s][info][gc,phases   ] GC(265)   Pre Evacuate Collection Set: 0.1ms
[2025-12-22T21:32:09.749+0000][2196.245s][info][gc,phases   ] GC(265)   Merge Heap Roots: 0.1ms
[2025-12-22T21:32:09.749+0000][2196.245s][info][gc,phases   ] GC(265)   Evacuate Collection Set: 0.9ms
[2025-12-22T21:32:09.749+0000][2196.245s][info][gc,phases   ] GC(265)   Post Evacuate Collection Set: 0.4ms
[2025-12-22T21:32:09.749+0000][2196.245s][info][gc,phases   ] GC(265)   Other: 0.7ms
[2025-12-22T21:32:09.749+0000][2196.246s][info][gc,heap     ] GC(265) Eden regions: 675->0(675)
[2025-12-22T21:32:09.749+0000][2196.246s][info][gc,heap     ] GC(265) Survivor regions: 1->1(85)
[2025-12-22T21:32:09.749+0000][2196.246s][info][gc,heap     ] GC(265) Old regions: 51->51
[2025-12-22T21:32:09.749+0000][2196.246s][info][gc,heap     ] GC(265) Archive regions: 2->2
[2025-12-22T21:32:09.749+0000][2196.246s][info][gc,heap     ] GC(265) Humongous regions: 37->37
[2025-12-22T21:32:09.750+0000][2196.246s][info][gc,metaspace] GC(265) Metaspace: 87373K(88256K)->87373K(88256K) NonClass: 76053K(76480K)->76053K(76480K) Class: 11320K(11776K)->11320K(11776K)
[2025-12-22T21:32:09.750+0000][2196.246s][info][gc          ] GC(265) Pause Young (Normal) (G1 Evacuation Pause) 763M->88M(1128M) 2.859ms
[2025-12-22T21:32:09.750+0000][2196.246s][info][gc,cpu      ] GC(265) User=0.01s Sys=0.00s Real=0.00s
[2025-12-22T21:32:17.462+0000][2203.958s][info][gc,start    ] GC(266) Pause Young (Normal) (G1 Evacuation Pause)
[2025-12-22T21:32:17.463+0000][2203.959s][info][gc,task     ] GC(266) Using 3 workers of 3 for evacuation
[2025-12-22T21:32:17.467+0000][2203.964s][info][gc,phases   ] GC(266)   Pre Evacuate Collection Set: 0.4ms
[2025-12-22T21:32:17.467+0000][2203.964s][info][gc,phases   ] GC(266)   Merge Heap Roots: 0.1ms
[2025-12-22T21:32:17.469+0000][2203.965s][info][gc,phases   ] GC(266)   Evacuate Collection Set: 2.3ms
[2025-12-22T21:32:17.469+0000][2203.966s][info][gc,phases   ] GC(266)   Post Evacuate Collection Set: 1.2ms
[2025-12-22T21:32:17.470+0000][2203.966s][info][gc,phases   ] GC(266)   Other: 1.3ms
[2025-12-22T21:32:17.470+0000][2203.966s][info][gc,heap     ] GC(266) Eden regions: 675->0(675)
[2025-12-22T21:32:17.470+0000][2203.966s][info][gc,heap     ] GC(266) Survivor regions: 1->1(85)
[2025-12-22T21:32:17.470+0000][2203.966s][info][gc,heap     ] GC(266) Old regions: 51->51
[2025-12-22T21:32:17.470+0000][2203.966s][info][gc,heap     ] GC(266) Archive regions: 2->2
[2025-12-22T21:32:17.470+0000][2203.966s][info][gc,heap     ] GC(266) Humongous regions: 37->37
[2025-12-22T21:32:17.470+0000][2203.966s][info][gc,metaspace] GC(266) Metaspace: 87374K(88256K)->87374K(88256K) NonClass: 76054K(76480K)->76054K(76480K) Class: 11320K(11776K)->11320K(11776K)
[2025-12-22T21:32:17.470+0000][2203.966s][info][gc          ] GC(266) Pause Young (Normal) (G1 Evacuation Pause) 763M->88M(1128M) 8.058ms
[2025-12-22T21:32:17.470+0000][2203.967s][info][gc,cpu      ] GC(266) User=0.01s Sys=0.00s Real=0.01s
[2025-12-22T21:32:26.732+0000][2213.228s][info][gc,start    ] GC(267) Pause Young (Normal) (G1 Evacuation Pause)
[2025-12-22T21:32:26.732+0000][2213.228s][info][gc,task     ] GC(267) Using 3 workers of 3 for evacuation
[2025-12-22T21:32:26.735+0000][2213.231s][info][gc,phases   ] GC(267)   Pre Evacuate Collection Set: 0.1ms
[2025-12-22T21:32:26.735+0000][2213.231s][info][gc,phases   ] GC(267)   Merge Heap Roots: 0.1ms
[2025-12-22T21:32:26.735+0000][2213.231s][info][gc,phases   ] GC(267)   Evacuate Collection Set: 1.6ms
[2025-12-22T21:32:26.735+0000][2213.231s][info][gc,phases   ] GC(267)   Post Evacuate Collection Set: 0.6ms
[2025-12-22T21:32:26.735+0000][2213.231s][info][gc,phases   ] GC(267)   Other: 0.5ms
[2025-12-22T21:32:26.735+0000][2213.231s][info][gc,heap     ] GC(267) Eden regions: 675->0(675)
[2025-12-22T21:32:26.735+0000][2213.231s][info][gc,heap     ] GC(267) Survivor regions: 1->1(85)
[2025-12-22T21:32:26.735+0000][2213.231s][info][gc,heap     ] GC(267) Old regions: 51->51
[2025-12-22T21:32:26.735+0000][2213.231s][info][gc,heap     ] GC(267) Archive regions: 2->2
[2025-12-22T21:32:26.735+0000][2213.231s][info][gc,heap     ] GC(267) Humongous regions: 37->37
[2025-12-22T21:32:26.735+0000][2213.231s][info][gc,metaspace] GC(267) Metaspace: 87374K(88256K)->87374K(88256K) NonClass: 76054K(76480K)->76054K(76480K) Class: 11320K(11776K)->11320K(11776K)
[2025-12-22T21:32:26.735+0000][2213.231s][info][gc          ] GC(267) Pause Young (Normal) (G1 Evacuation Pause) 763M->88M(1128M) 3.515ms
[2025-12-22T21:32:26.735+0000][2213.232s][info][gc,cpu      ] GC(267) User=0.01s Sys=0.00s Real=0.01s
[2025-12-22T21:32:34.527+0000][2221.023s][info][gc,start    ] GC(268) Pause Young (Normal) (G1 Evacuation Pause)
[2025-12-22T21:32:34.528+0000][2221.024s][info][gc,task     ] GC(268) Using 3 workers of 3 for evacuation
[2025-12-22T21:32:34.532+0000][2221.028s][info][gc,phases   ] GC(268)   Pre Evacuate Collection Set: 0.2ms
[2025-12-22T21:32:34.532+0000][2221.028s][info][gc,phases   ] GC(268)   Merge Heap Roots: 0.1ms
[2025-12-22T21:32:34.532+0000][2221.028s][info][gc,phases   ] GC(268)   Evacuate Collection Set: 2.7ms
[2025-12-22T21:32:34.532+0000][2221.028s][info][gc,phases   ] GC(268)   Post Evacuate Collection Set: 0.5ms
[2025-12-22T21:32:34.532+0000][2221.028s][info][gc,phases   ] GC(268)   Other: 1.3ms
[2025-12-22T21:32:34.532+0000][2221.028s][info][gc,heap     ] GC(268) Eden regions: 675->0(675)
[2025-12-22T21:32:34.532+0000][2221.028s][info][gc,heap     ] GC(268) Survivor regions: 1->1(85)
[2025-12-22T21:32:34.532+0000][2221.028s][info][gc,heap     ] GC(268) Old regions: 51->51
[2025-12-22T21:32:34.532+0000][2221.028s][info][gc,heap     ] GC(268) Archive regions: 2->2
[2025-12-22T21:32:34.532+0000][2221.029s][info][gc,heap     ] GC(268) Humongous regions: 37->37
[2025-12-22T21:32:34.532+0000][2221.029s][info][gc,metaspace] GC(268) Metaspace: 87377K(88256K)->87377K(88256K) NonClass: 76057K(76480K)->76057K(76480K) Class: 11320K(11776K)->11320K(11776K)
[2025-12-22T21:32:34.532+0000][2221.029s][info][gc          ] GC(268) Pause Young (Normal) (G1 Evacuation Pause) 763M->88M(1128M) 5.590ms
[2025-12-22T21:32:34.533+0000][2221.029s][info][gc,cpu      ] GC(268) User=0.01s Sys=0.00s Real=0.00s
[2025-12-22T21:32:42.925+0000][2229.421s][info][gc,start    ] GC(269) Pause Young (Normal) (G1 Evacuation Pause)
[2025-12-22T21:32:42.925+0000][2229.421s][info][gc,task     ] GC(269) Using 3 workers of 3 for evacuation
[2025-12-22T21:32:42.927+0000][2229.423s][info][gc,phases   ] GC(269)   Pre Evacuate Collection Set: 0.2ms
[2025-12-22T21:32:42.927+0000][2229.424s][info][gc,phases   ] GC(269)   Merge Heap Roots: 0.1ms
[2025-12-22T21:32:42.927+0000][2229.424s][info][gc,phases   ] GC(269)   Evacuate Collection Set: 1.1ms
[2025-12-22T21:32:42.927+0000][2229.424s][info][gc,phases   ] GC(269)   Post Evacuate Collection Set: 0.5ms
[2025-12-22T21:32:42.927+0000][2229.424s][info][gc,phases   ] GC(269)   Other: 0.8ms
[2025-12-22T21:32:42.928+0000][2229.424s][info][gc,heap     ] GC(269) Eden regions: 675->0(675)
[2025-12-22T21:32:42.928+0000][2229.424s][info][gc,heap     ] GC(269) Survivor regions: 1->1(85)
[2025-12-22T21:32:42.928+0000][2229.424s][info][gc,heap     ] GC(269) Old regions: 51->51
[2025-12-22T21:32:42.928+0000][2229.424s][info][gc,heap     ] GC(269) Archive regions: 2->2
[2025-12-22T21:32:42.928+0000][2229.424s][info][gc,heap     ] GC(269) Humongous regions: 37->37
[2025-12-22T21:32:42.928+0000][2229.424s][info][gc,metaspace] GC(269) Metaspace: 87377K(88256K)->87377K(88256K) NonClass: 76057K(76480K)->76057K(76480K) Class: 11320K(11776K)->11320K(11776K)
[2025-12-22T21:32:42.928+0000][2229.424s][info][gc          ] GC(269) Pause Young (Normal) (G1 Evacuation Pause) 763M->88M(1128M) 3.504ms
[2025-12-22T21:32:42.928+0000][2229.424s][info][gc,cpu      ] GC(269) User=0.00s Sys=0.00s Real=0.01s
[2025-12-22T21:32:51.580+0000][2238.077s][info][gc,start    ] GC(270) Pause Young (Normal) (G1 Evacuation Pause)
[2025-12-22T21:32:51.581+0000][2238.077s][info][gc,task     ] GC(270) Using 3 workers of 3 for evacuation
[2025-12-22T21:32:51.583+0000][2238.079s][info][gc,phases   ] GC(270)   Pre Evacuate Collection Set: 0.1ms
[2025-12-22T21:32:51.583+0000][2238.079s][info][gc,phases   ] GC(270)   Merge Heap Roots: 0.1ms
[2025-12-22T21:32:51.583+0000][2238.079s][info][gc,phases   ] GC(270)   Evacuate Collection Set: 1.2ms
[2025-12-22T21:32:51.583+0000][2238.079s][info][gc,phases   ] GC(270)   Post Evacuate Collection Set: 0.4ms
[2025-12-22T21:32:51.583+0000][2238.079s][info][gc,phases   ] GC(270)   Other: 0.6ms
[2025-12-22T21:32:51.583+0000][2238.080s][info][gc,heap     ] GC(270) Eden regions: 675->0(675)
[2025-12-22T21:32:51.583+0000][2238.080s][info][gc,heap     ] GC(270) Survivor regions: 1->1(85)
[2025-12-22T21:32:51.584+0000][2238.080s][info][gc,heap     ] GC(270) Old regions: 51->51
[2025-12-22T21:32:51.584+0000][2238.080s][info][gc,heap     ] GC(270) Archive regions: 2->2
[2025-12-22T21:32:51.584+0000][2238.080s][info][gc,heap     ] GC(270) Humongous regions: 37->37
[2025-12-22T21:32:51.584+0000][2238.080s][info][gc,metaspace] GC(270) Metaspace: 87378K(88256K)->87378K(88256K) NonClass: 76058K(76480K)->76058K(76480K) Class: 11320K(11776K)->11320K(11776K)
[2025-12-22T21:32:51.584+0000][2238.080s][info][gc          ] GC(270) Pause Young (Normal) (G1 Evacuation Pause) 763M->88M(1128M) 3.503ms
[2025-12-22T21:32:51.584+0000][2238.080s][info][gc,cpu      ] GC(270) User=0.00s Sys=0.00s Real=0.00s
[2025-12-22T21:32:59.461+0000][2245.957s][info][gc,start    ] GC(271) Pause Young (Normal) (G1 Evacuation Pause)
[2025-12-22T21:32:59.462+0000][2245.958s][info][gc,task     ] GC(271) Using 3 workers of 3 for evacuation
[2025-12-22T21:32:59.466+0000][2245.962s][info][gc,phases   ] GC(271)   Pre Evacuate Collection Set: 0.4ms
[2025-12-22T21:32:59.466+0000][2245.962s][info][gc,phases   ] GC(271)   Merge Heap Roots: 0.1ms
[2025-12-22T21:32:59.466+0000][2245.962s][info][gc,phases   ] GC(271)   Evacuate Collection Set: 2.0ms
[2025-12-22T21:32:59.466+0000][2245.962s][info][gc,phases   ] GC(271)   Post Evacuate Collection Set: 0.8ms
[2025-12-22T21:32:59.466+0000][2245.963s][info][gc,phases   ] GC(271)   Other: 1.3ms
[2025-12-22T21:32:59.466+0000][2245.963s][info][gc,heap     ] GC(271) Eden regions: 675->0(675)
[2025-12-22T21:32:59.467+0000][2245.963s][info][gc,heap     ] GC(271) Survivor regions: 1->1(85)
[2025-12-22T21:32:59.467+0000][2245.963s][info][gc,heap     ] GC(271) Old regions: 51->51
[2025-12-22T21:32:59.467+0000][2245.963s][info][gc,heap     ] GC(271) Archive regions: 2->2
[2025-12-22T21:32:59.467+0000][2245.963s][info][gc,heap     ] GC(271) Humongous regions: 37->37
[2025-12-22T21:32:59.467+0000][2245.963s][info][gc,metaspace] GC(271) Metaspace: 87378K(88256K)->87378K(88256K) NonClass: 76058K(76480K)->76058K(76480K) Class: 11320K(11776K)->11320K(11776K)
[2025-12-22T21:32:59.467+0000][2245.963s][info][gc          ] GC(271) Pause Young (Normal) (G1 Evacuation Pause) 763M->88M(1128M) 5.814ms
[2025-12-22T21:32:59.467+0000][2245.963s][info][gc,cpu      ] GC(271) User=0.01s Sys=0.00s Real=0.01s
[2025-12-22T21:33:08.803+0000][2255.299s][info][gc,start    ] GC(272) Pause Young (Normal) (G1 Evacuation Pause)
[2025-12-22T21:33:08.804+0000][2255.300s][info][gc,task     ] GC(272) Using 3 workers of 3 for evacuation
[2025-12-22T21:33:08.805+0000][2255.302s][info][gc,phases   ] GC(272)   Pre Evacuate Collection Set: 0.2ms
[2025-12-22T21:33:08.806+0000][2255.302s][info][gc,phases   ] GC(272)   Merge Heap Roots: 0.1ms
[2025-12-22T21:33:08.806+0000][2255.302s][info][gc,phases   ] GC(272)   Evacuate Collection Set: 0.9ms
[2025-12-22T21:33:08.806+0000][2255.302s][info][gc,phases   ] GC(272)   Post Evacuate Collection Set: 0.4ms
[2025-12-22T21:33:08.806+0000][2255.302s][info][gc,phases   ] GC(272)   Other: 1.2ms
[2025-12-22T21:33:08.806+0000][2255.302s][info][gc,heap     ] GC(272) Eden regions: 675->0(675)
[2025-12-22T21:33:08.806+0000][2255.302s][info][gc,heap     ] GC(272) Survivor regions: 1->1(85)
[2025-12-22T21:33:08.806+0000][2255.302s][info][gc,heap     ] GC(272) Old regions: 51->51
[2025-12-22T21:33:08.806+0000][2255.302s][info][gc,heap     ] GC(272) Archive regions: 2->2
[2025-12-22T21:33:08.806+0000][2255.302s][info][gc,heap     ] GC(272) Humongous regions: 37->37
[2025-12-22T21:33:08.806+0000][2255.302s][info][gc,metaspace] GC(272) Metaspace: 87378K(88256K)->87378K(88256K) NonClass: 76058K(76480K)->76058K(76480K) Class: 11320K(11776K)->11320K(11776K)
[2025-12-22T21:33:08.806+0000][2255.302s][info][gc          ] GC(272) Pause Young (Normal) (G1 Evacuation Pause) 763M->88M(1128M) 3.501ms
[2025-12-22T21:33:08.806+0000][2255.302s][info][gc,cpu      ] GC(272) User=0.01s Sys=0.00s Real=0.01s
[2025-12-22T21:33:16.546+0000][2263.042s][info][gc,start    ] GC(273) Pause Young (Normal) (G1 Evacuation Pause)
[2025-12-22T21:33:16.546+0000][2263.042s][info][gc,task     ] GC(273) Using 3 workers of 3 for evacuation
[2025-12-22T21:33:16.548+0000][2263.044s][info][gc,phases   ] GC(273)   Pre Evacuate Collection Set: 0.1ms
[2025-12-22T21:33:16.548+0000][2263.044s][info][gc,phases   ] GC(273)   Merge Heap Roots: 0.1ms
[2025-12-22T21:33:16.548+0000][2263.045s][info][gc,phases   ] GC(273)   Evacuate Collection Set: 1.0ms
[2025-12-22T21:33:16.549+0000][2263.045s][info][gc,phases   ] GC(273)   Post Evacuate Collection Set: 0.4ms
[2025-12-22T21:33:16.549+0000][2263.045s][info][gc,phases   ] GC(273)   Other: 0.4ms
[2025-12-22T21:33:16.549+0000][2263.045s][info][gc,heap     ] GC(273) Eden regions: 675->0(675)
[2025-12-22T21:33:16.549+0000][2263.045s][info][gc,heap     ] GC(273) Survivor regions: 1->1(85)
[2025-12-22T21:33:16.549+0000][2263.045s][info][gc,heap     ] GC(273) Old regions: 51->51
[2025-12-22T21:33:16.549+0000][2263.045s][info][gc,heap     ] GC(273) Archive regions: 2->2
[2025-12-22T21:33:16.549+0000][2263.045s][info][gc,heap     ] GC(273) Humongous regions: 37->37
[2025-12-22T21:33:16.549+0000][2263.045s][info][gc,metaspace] GC(273) Metaspace: 87378K(88256K)->87378K(88256K) NonClass: 76058K(76480K)->76058K(76480K) Class: 11320K(11776K)->11320K(11776K)
[2025-12-22T21:33:16.549+0000][2263.046s][info][gc          ] GC(273) Pause Young (Normal) (G1 Evacuation Pause) 763M->88M(1128M) 3.372ms
[2025-12-22T21:33:16.549+0000][2263.046s][info][gc,cpu      ] GC(273) User=0.00s Sys=0.00s Real=0.00s
[2025-12-22T21:33:25.863+0000][2272.359s][info][gc,start    ] GC(274) Pause Young (Normal) (G1 Evacuation Pause)
[2025-12-22T21:33:25.863+0000][2272.359s][info][gc,task     ] GC(274) Using 3 workers of 3 for evacuation
[2025-12-22T21:33:25.865+0000][2272.361s][info][gc,phases   ] GC(274)   Pre Evacuate Collection Set: 0.1ms
[2025-12-22T21:33:25.865+0000][2272.361s][info][gc,phases   ] GC(274)   Merge Heap Roots: 0.1ms
[2025-12-22T21:33:25.865+0000][2272.361s][info][gc,phases   ] GC(274)   Evacuate Collection Set: 1.0ms
[2025-12-22T21:33:25.865+0000][2272.362s][info][gc,phases   ] GC(274)   Post Evacuate Collection Set: 0.4ms
[2025-12-22T21:33:25.865+0000][2272.362s][info][gc,phases   ] GC(274)   Other: 0.7ms
[2025-12-22T21:33:25.865+0000][2272.362s][info][gc,heap     ] GC(274) Eden regions: 675->0(675)
[2025-12-22T21:33:25.866+0000][2272.362s][info][gc,heap     ] GC(274) Survivor regions: 1->1(85)
[2025-12-22T21:33:25.866+0000][2272.362s][info][gc,heap     ] GC(274) Old regions: 51->51
[2025-12-22T21:33:25.866+0000][2272.362s][info][gc,heap     ] GC(274) Archive regions: 2->2
[2025-12-22T21:33:25.866+0000][2272.362s][info][gc,heap     ] GC(274) Humongous regions: 37->37
[2025-12-22T21:33:25.866+0000][2272.362s][info][gc,metaspace] GC(274) Metaspace: 87378K(88256K)->87378K(88256K) NonClass: 76058K(76480K)->76058K(76480K) Class: 11320K(11776K)->11320K(11776K)
[2025-12-22T21:33:25.866+0000][2272.362s][info][gc          ] GC(274) Pause Young (Normal) (G1 Evacuation Pause) 763M->88M(1128M) 3.129ms
[2025-12-22T21:33:25.866+0000][2272.362s][info][gc,cpu      ] GC(274) User=0.01s Sys=0.00s Real=0.01s
[2025-12-22T21:33:33.645+0000][2280.141s][info][gc,start    ] GC(275) Pause Young (Normal) (G1 Evacuation Pause)
[2025-12-22T21:33:33.646+0000][2280.142s][info][gc,task     ] GC(275) Using 3 workers of 3 for evacuation
[2025-12-22T21:33:33.648+0000][2280.144s][info][gc,phases   ] GC(275)   Pre Evacuate Collection Set: 0.1ms
[2025-12-22T21:33:33.648+0000][2280.144s][info][gc,phases   ] GC(275)   Merge Heap Roots: 0.1ms
[2025-12-22T21:33:33.648+0000][2280.144s][info][gc,phases   ] GC(275)   Evacuate Collection Set: 0.9ms
[2025-12-22T21:33:33.648+0000][2280.144s][info][gc,phases   ] GC(275)   Post Evacuate Collection Set: 0.4ms
[2025-12-22T21:33:33.648+0000][2280.144s][info][gc,phases   ] GC(275)   Other: 1.2ms
[2025-12-22T21:33:33.648+0000][2280.144s][info][gc,heap     ] GC(275) Eden regions: 675->0(675)
[2025-12-22T21:33:33.648+0000][2280.145s][info][gc,heap     ] GC(275) Survivor regions: 1->1(85)
[2025-12-22T21:33:33.648+0000][2280.145s][info][gc,heap     ] GC(275) Old regions: 51->51
[2025-12-22T21:33:33.648+0000][2280.145s][info][gc,heap     ] GC(275) Archive regions: 2->2
[2025-12-22T21:33:33.648+0000][2280.145s][info][gc,heap     ] GC(275) Humongous regions: 37->37
[2025-12-22T21:33:33.649+0000][2280.145s][info][gc,metaspace] GC(275) Metaspace: 87378K(88256K)->87378K(88256K) NonClass: 76058K(76480K)->76058K(76480K) Class: 11320K(11776K)->11320K(11776K)
[2025-12-22T21:33:33.649+0000][2280.145s][info][gc          ] GC(275) Pause Young (Normal) (G1 Evacuation Pause) 763M->88M(1128M) 3.436ms
[2025-12-22T21:33:33.649+0000][2280.145s][info][gc,cpu      ] GC(275) User=0.01s Sys=0.00s Real=0.00s
[2025-12-22T21:33:42.902+0000][2289.398s][info][gc,start    ] GC(276) Pause Young (Normal) (G1 Evacuation Pause)
[2025-12-22T21:33:42.902+0000][2289.399s][info][gc,task     ] GC(276) Using 3 workers of 3 for evacuation
[2025-12-22T21:33:42.905+0000][2289.401s][info][gc,phases   ] GC(276)   Pre Evacuate Collection Set: 0.2ms
[2025-12-22T21:33:42.905+0000][2289.401s][info][gc,phases   ] GC(276)   Merge Heap Roots: 0.1ms
[2025-12-22T21:33:42.905+0000][2289.401s][info][gc,phases   ] GC(276)   Evacuate Collection Set: 1.2ms
[2025-12-22T21:33:42.905+0000][2289.401s][info][gc,phases   ] GC(276)   Post Evacuate Collection Set: 0.4ms
[2025-12-22T21:33:42.905+0000][2289.401s][info][gc,phases   ] GC(276)   Other: 1.2ms
[2025-12-22T21:33:42.905+0000][2289.401s][info][gc,heap     ] GC(276) Eden regions: 675->0(675)
[2025-12-22T21:33:42.905+0000][2289.401s][info][gc,heap     ] GC(276) Survivor regions: 1->1(85)
[2025-12-22T21:33:42.905+0000][2289.401s][info][gc,heap     ] GC(276) Old regions: 51->51
[2025-12-22T21:33:42.905+0000][2289.401s][info][gc,heap     ] GC(276) Archive regions: 2->2
[2025-12-22T21:33:42.905+0000][2289.401s][info][gc,heap     ] GC(276) Humongous regions: 37->37
[2025-12-22T21:33:42.905+0000][2289.402s][info][gc,metaspace] GC(276) Metaspace: 87379K(88256K)->87379K(88256K) NonClass: 76059K(76480K)->76059K(76480K) Class: 11320K(11776K)->11320K(11776K)
[2025-12-22T21:33:42.905+0000][2289.402s][info][gc          ] GC(276) Pause Young (Normal) (G1 Evacuation Pause) 763M->88M(1128M) 3.764ms
[2025-12-22T21:33:42.905+0000][2289.402s][info][gc,cpu      ] GC(276) User=0.01s Sys=0.00s Real=0.01s
[2025-12-22T21:33:50.535+0000][2297.031s][info][gc,start    ] GC(277) Pause Young (Normal) (G1 Evacuation Pause)
[2025-12-22T21:33:50.535+0000][2297.032s][info][gc,task     ] GC(277) Using 3 workers of 3 for evacuation
[2025-12-22T21:33:50.538+0000][2297.035s][info][gc,phases   ] GC(277)   Pre Evacuate Collection Set: 0.3ms
[2025-12-22T21:33:50.539+0000][2297.035s][info][gc,phases   ] GC(277)   Merge Heap Roots: 0.1ms
[2025-12-22T21:33:50.539+0000][2297.035s][info][gc,phases   ] GC(277)   Evacuate Collection Set: 1.8ms
[2025-12-22T21:33:50.539+0000][2297.035s][info][gc,phases   ] GC(277)   Post Evacuate Collection Set: 0.7ms
[2025-12-22T21:33:50.539+0000][2297.035s][info][gc,phases   ] GC(277)   Other: 0.5ms
[2025-12-22T21:33:50.539+0000][2297.035s][info][gc,heap     ] GC(277) Eden regions: 675->0(675)
[2025-12-22T21:33:50.539+0000][2297.035s][info][gc,heap     ] GC(277) Survivor regions: 1->1(85)
[2025-12-22T21:33:50.539+0000][2297.035s][info][gc,heap     ] GC(277) Old regions: 51->51
[2025-12-22T21:33:50.539+0000][2297.035s][info][gc,heap     ] GC(277) Archive regions: 2->2
[2025-12-22T21:33:50.539+0000][2297.035s][info][gc,heap     ] GC(277) Humongous regions: 37->37
[2025-12-22T21:33:50.539+0000][2297.036s][info][gc,metaspace] GC(277) Metaspace: 87379K(88256K)->87379K(88256K) NonClass: 76059K(76480K)->76059K(76480K) Class: 11320K(11776K)->11320K(11776K)
[2025-12-22T21:33:50.539+0000][2297.036s][info][gc          ] GC(277) Pause Young (Normal) (G1 Evacuation Pause) 763M->88M(1128M) 4.388ms
[2025-12-22T21:33:50.540+0000][2297.036s][info][gc,cpu      ] GC(277) User=0.00s Sys=0.00s Real=0.00s
[2025-12-22T21:33:58.272+0000][2304.768s][info][gc,start    ] GC(278) Pause Young (Normal) (G1 Evacuation Pause)
[2025-12-22T21:33:58.272+0000][2304.769s][info][gc,task     ] GC(278) Using 3 workers of 3 for evacuation
[2025-12-22T21:33:58.274+0000][2304.771s][info][gc,phases   ] GC(278)   Pre Evacuate Collection Set: 0.1ms
[2025-12-22T21:33:58.274+0000][2304.771s][info][gc,phases   ] GC(278)   Merge Heap Roots: 0.1ms
[2025-12-22T21:33:58.274+0000][2304.771s][info][gc,phases   ] GC(278)   Evacuate Collection Set: 1.1ms
[2025-12-22T21:33:58.274+0000][2304.771s][info][gc,phases   ] GC(278)   Post Evacuate Collection Set: 0.3ms
[2025-12-22T21:33:58.275+0000][2304.771s][info][gc,phases   ] GC(278)   Other: 0.6ms
[2025-12-22T21:33:58.275+0000][2304.771s][info][gc,heap     ] GC(278) Eden regions: 675->0(675)
[2025-12-22T21:33:58.275+0000][2304.771s][info][gc,heap     ] GC(278) Survivor regions: 1->1(85)
[2025-12-22T21:33:58.275+0000][2304.771s][info][gc,heap     ] GC(278) Old regions: 51->51
[2025-12-22T21:33:58.275+0000][2304.771s][info][gc,heap     ] GC(278) Archive regions: 2->2
[2025-12-22T21:33:58.275+0000][2304.771s][info][gc,heap     ] GC(278) Humongous regions: 37->37
[2025-12-22T21:33:58.275+0000][2304.771s][info][gc,metaspace] GC(278) Metaspace: 87380K(88256K)->87380K(88256K) NonClass: 76060K(76480K)->76060K(76480K) Class: 11320K(11776K)->11320K(11776K)
[2025-12-22T21:33:58.275+0000][2304.771s][info][gc          ] GC(278) Pause Young (Normal) (G1 Evacuation Pause) 763M->88M(1128M) 2.926ms
[2025-12-22T21:33:58.275+0000][2304.771s][info][gc,cpu      ] GC(278) User=0.01s Sys=0.00s Real=0.01s
[2025-12-22T21:34:07.522+0000][2314.018s][info][gc,start    ] GC(279) Pause Young (Normal) (G1 Evacuation Pause)
[2025-12-22T21:34:07.523+0000][2314.019s][info][gc,task     ] GC(279) Using 3 workers of 3 for evacuation
[2025-12-22T21:34:07.524+0000][2314.021s][info][gc,phases   ] GC(279)   Pre Evacuate Collection Set: 0.1ms
[2025-12-22T21:34:07.525+0000][2314.021s][info][gc,phases   ] GC(279)   Merge Heap Roots: 0.1ms
[2025-12-22T21:34:07.525+0000][2314.021s][info][gc,phases   ] GC(279)   Evacuate Collection Set: 1.0ms
[2025-12-22T21:34:07.525+0000][2314.021s][info][gc,phases   ] GC(279)   Post Evacuate Collection Set: 0.4ms
[2025-12-22T21:34:07.525+0000][2314.021s][info][gc,phases   ] GC(279)   Other: 0.7ms
[2025-12-22T21:34:07.525+0000][2314.021s][info][gc,heap     ] GC(279) Eden regions: 675->0(675)
[2025-12-22T21:34:07.525+0000][2314.021s][info][gc,heap     ] GC(279) Survivor regions: 1->1(85)
[2025-12-22T21:34:07.525+0000][2314.021s][info][gc,heap     ] GC(279) Old regions: 51->51
[2025-12-22T21:34:07.525+0000][2314.021s][info][gc,heap     ] GC(279) Archive regions: 2->2
[2025-12-22T21:34:07.525+0000][2314.021s][info][gc,heap     ] GC(279) Humongous regions: 37->37
[2025-12-22T21:34:07.525+0000][2314.021s][info][gc,metaspace] GC(279) Metaspace: 87380K(88256K)->87380K(88256K) NonClass: 76060K(76480K)->76060K(76480K) Class: 11320K(11776K)->11320K(11776K)
[2025-12-22T21:34:07.525+0000][2314.021s][info][gc          ] GC(279) Pause Young (Normal) (G1 Evacuation Pause) 763M->88M(1128M) 2.985ms
[2025-12-22T21:34:07.525+0000][2314.021s][info][gc,cpu      ] GC(279) User=0.00s Sys=0.00s Real=0.01s
[2025-12-22T21:34:15.070+0000][2321.566s][info][gc,start    ] GC(280) Pause Young (Normal) (G1 Evacuation Pause)
[2025-12-22T21:34:15.070+0000][2321.567s][info][gc,task     ] GC(280) Using 3 workers of 3 for evacuation
[2025-12-22T21:34:15.072+0000][2321.569s][info][gc,phases   ] GC(280)   Pre Evacuate Collection Set: 0.1ms
[2025-12-22T21:34:15.073+0000][2321.569s][info][gc,phases   ] GC(280)   Merge Heap Roots: 0.1ms
[2025-12-22T21:34:15.073+0000][2321.569s][info][gc,phases   ] GC(280)   Evacuate Collection Set: 1.3ms
[2025-12-22T21:34:15.073+0000][2321.569s][info][gc,phases   ] GC(280)   Post Evacuate Collection Set: 0.4ms
[2025-12-22T21:34:15.073+0000][2321.569s][info][gc,phases   ] GC(280)   Other: 0.4ms
[2025-12-22T21:34:15.073+0000][2321.569s][info][gc,heap     ] GC(280) Eden regions: 675->0(675)
[2025-12-22T21:34:15.073+0000][2321.569s][info][gc,heap     ] GC(280) Survivor regions: 1->1(85)
[2025-12-22T21:34:15.073+0000][2321.569s][info][gc,heap     ] GC(280) Old regions: 51->51
[2025-12-22T21:34:15.073+0000][2321.569s][info][gc,heap     ] GC(280) Archive regions: 2->2
[2025-12-22T21:34:15.073+0000][2321.569s][info][gc,heap     ] GC(280) Humongous regions: 37->37
[2025-12-22T21:34:15.073+0000][2321.569s][info][gc,metaspace] GC(280) Metaspace: 87380K(88256K)->87380K(88256K) NonClass: 76060K(76480K)->76060K(76480K) Class: 11320K(11776K)->11320K(11776K)
[2025-12-22T21:34:15.073+0000][2321.570s][info][gc          ] GC(280) Pause Young (Normal) (G1 Evacuation Pause) 763M->88M(1128M) 3.163ms
[2025-12-22T21:34:15.073+0000][2321.570s][info][gc,cpu      ] GC(280) User=0.00s Sys=0.00s Real=0.00s
[2025-12-22T21:34:24.505+0000][2331.001s][info][gc,start    ] GC(281) Pause Young (Normal) (G1 Evacuation Pause)
[2025-12-22T21:34:24.506+0000][2331.002s][info][gc,task     ] GC(281) Using 3 workers of 3 for evacuation
[2025-12-22T21:34:24.508+0000][2331.004s][info][gc,phases   ] GC(281)   Pre Evacuate Collection Set: 0.1ms
[2025-12-22T21:34:24.508+0000][2331.004s][info][gc,phases   ] GC(281)   Merge Heap Roots: 0.1ms
[2025-12-22T21:34:24.508+0000][2331.004s][info][gc,phases   ] GC(281)   Evacuate Collection Set: 1.0ms
[2025-12-22T21:34:24.508+0000][2331.004s][info][gc,phases   ] GC(281)   Post Evacuate Collection Set: 0.4ms
[2025-12-22T21:34:24.508+0000][2331.005s][info][gc,phases   ] GC(281)   Other: 1.3ms
[2025-12-22T21:34:24.508+0000][2331.005s][info][gc,heap     ] GC(281) Eden regions: 675->0(675)
[2025-12-22T21:34:24.508+0000][2331.005s][info][gc,heap     ] GC(281) Survivor regions: 1->1(85)
[2025-12-22T21:34:24.509+0000][2331.005s][info][gc,heap     ] GC(281) Old regions: 51->51
[2025-12-22T21:34:24.509+0000][2331.005s][info][gc,heap     ] GC(281) Archive regions: 2->2
[2025-12-22T21:34:24.509+0000][2331.005s][info][gc,heap     ] GC(281) Humongous regions: 37->37
[2025-12-22T21:34:24.509+0000][2331.005s][info][gc,metaspace] GC(281) Metaspace: 87380K(88256K)->87380K(88256K) NonClass: 76060K(76480K)->76060K(76480K) Class: 11320K(11776K)->11320K(11776K)
[2025-12-22T21:34:24.509+0000][2331.005s][info][gc          ] GC(281) Pause Young (Normal) (G1 Evacuation Pause) 763M->88M(1128M) 3.887ms
[2025-12-22T21:34:24.509+0000][2331.005s][info][gc,cpu      ] GC(281) User=0.01s Sys=0.00s Real=0.00s
[2025-12-22T21:34:32.145+0000][2338.642s][info][gc,start    ] GC(282) Pause Young (Normal) (G1 Evacuation Pause)
[2025-12-22T21:34:32.146+0000][2338.642s][info][gc,task     ] GC(282) Using 3 workers of 3 for evacuation
[2025-12-22T21:34:32.148+0000][2338.644s][info][gc,phases   ] GC(282)   Pre Evacuate Collection Set: 0.1ms
[2025-12-22T21:34:32.148+0000][2338.644s][info][gc,phases   ] GC(282)   Merge Heap Roots: 0.1ms
[2025-12-22T21:34:32.148+0000][2338.644s][info][gc,phases   ] GC(282)   Evacuate Collection Set: 0.9ms
[2025-12-22T21:34:32.148+0000][2338.644s][info][gc,phases   ] GC(282)   Post Evacuate Collection Set: 0.4ms
[2025-12-22T21:34:32.148+0000][2338.644s][info][gc,phases   ] GC(282)   Other: 0.7ms
[2025-12-22T21:34:32.148+0000][2338.644s][info][gc,heap     ] GC(282) Eden regions: 675->0(675)
[2025-12-22T21:34:32.148+0000][2338.644s][info][gc,heap     ] GC(282) Survivor regions: 1->1(85)
[2025-12-22T21:34:32.148+0000][2338.644s][info][gc,heap     ] GC(282) Old regions: 51->51
[2025-12-22T21:34:32.148+0000][2338.645s][info][gc,heap     ] GC(282) Archive regions: 2->2
[2025-12-22T21:34:32.148+0000][2338.645s][info][gc,heap     ] GC(282) Humongous regions: 37->37
[2025-12-22T21:34:32.148+0000][2338.645s][info][gc,metaspace] GC(282) Metaspace: 87380K(88256K)->87380K(88256K) NonClass: 76060K(76480K)->76060K(76480K) Class: 11320K(11776K)->11320K(11776K)
[2025-12-22T21:34:32.148+0000][2338.645s][info][gc          ] GC(282) Pause Young (Normal) (G1 Evacuation Pause) 763M->88M(1128M) 2.974ms
[2025-12-22T21:34:32.149+0000][2338.645s][info][gc,cpu      ] GC(282) User=0.00s Sys=0.00s Real=0.00s
[2025-12-22T21:34:41.406+0000][2347.902s][info][gc,start    ] GC(283) Pause Young (Normal) (G1 Evacuation Pause)
[2025-12-22T21:34:41.407+0000][2347.903s][info][gc,task     ] GC(283) Using 3 workers of 3 for evacuation
[2025-12-22T21:34:41.410+0000][2347.906s][info][gc,phases   ] GC(283)   Pre Evacuate Collection Set: 0.3ms
[2025-12-22T21:34:41.411+0000][2347.907s][info][gc,phases   ] GC(283)   Merge Heap Roots: 0.1ms
[2025-12-22T21:34:41.411+0000][2347.907s][info][gc,phases   ] GC(283)   Evacuate Collection Set: 2.2ms
[2025-12-22T21:34:41.411+0000][2347.907s][info][gc,phases   ] GC(283)   Post Evacuate Collection Set: 1.0ms
[2025-12-22T21:34:41.411+0000][2347.907s][info][gc,phases   ] GC(283)   Other: 1.2ms
[2025-12-22T21:34:41.411+0000][2347.907s][info][gc,heap     ] GC(283) Eden regions: 675->0(675)
[2025-12-22T21:34:41.411+0000][2347.907s][info][gc,heap     ] GC(283) Survivor regions: 1->1(85)
[2025-12-22T21:34:41.411+0000][2347.907s][info][gc,heap     ] GC(283) Old regions: 51->51
[2025-12-22T21:34:41.411+0000][2347.908s][info][gc,heap     ] GC(283) Archive regions: 2->2
[2025-12-22T21:34:41.411+0000][2347.908s][info][gc,heap     ] GC(283) Humongous regions: 37->37
[2025-12-22T21:34:41.411+0000][2347.908s][info][gc,metaspace] GC(283) Metaspace: 87383K(88256K)->87383K(88256K) NonClass: 76063K(76480K)->76063K(76480K) Class: 11320K(11776K)->11320K(11776K)
[2025-12-22T21:34:41.412+0000][2347.908s][info][gc          ] GC(283) Pause Young (Normal) (G1 Evacuation Pause) 763M->88M(1128M) 5.992ms
[2025-12-22T21:34:41.412+0000][2347.908s][info][gc,cpu      ] GC(283) User=0.01s Sys=0.00s Real=0.00s
[2025-12-22T21:34:49.110+0000][2355.607s][info][gc,start    ] GC(284) Pause Young (Normal) (G1 Evacuation Pause)
[2025-12-22T21:34:49.111+0000][2355.607s][info][gc,task     ] GC(284) Using 3 workers of 3 for evacuation
[2025-12-22T21:34:49.114+0000][2355.610s][info][gc,phases   ] GC(284)   Pre Evacuate Collection Set: 0.1ms
[2025-12-22T21:34:49.114+0000][2355.610s][info][gc,phases   ] GC(284)   Merge Heap Roots: 0.1ms
[2025-12-22T21:34:49.114+0000][2355.610s][info][gc,phases   ] GC(284)   Evacuate Collection Set: 1.8ms
[2025-12-22T21:34:49.114+0000][2355.610s][info][gc,phases   ] GC(284)   Post Evacuate Collection Set: 0.5ms
[2025-12-22T21:34:49.114+0000][2355.610s][info][gc,phases   ] GC(284)   Other: 0.8ms
[2025-12-22T21:34:49.114+0000][2355.610s][info][gc,heap     ] GC(284) Eden regions: 675->0(675)
[2025-12-22T21:34:49.114+0000][2355.611s][info][gc,heap     ] GC(284) Survivor regions: 1->1(85)
[2025-12-22T21:34:49.114+0000][2355.611s][info][gc,heap     ] GC(284) Old regions: 51->51
[2025-12-22T21:34:49.114+0000][2355.611s][info][gc,heap     ] GC(284) Archive regions: 2->2
[2025-12-22T21:34:49.114+0000][2355.611s][info][gc,heap     ] GC(284) Humongous regions: 37->37
[2025-12-22T21:34:49.115+0000][2355.611s][info][gc,metaspace] GC(284) Metaspace: 87383K(88256K)->87383K(88256K) NonClass: 76063K(76480K)->76063K(76480K) Class: 11320K(11776K)->11320K(11776K)
[2025-12-22T21:34:49.115+0000][2355.611s][info][gc          ] GC(284) Pause Young (Normal) (G1 Evacuation Pause) 763M->88M(1128M) 4.180ms
[2025-12-22T21:34:49.115+0000][2355.611s][info][gc,cpu      ] GC(284) User=0.01s Sys=0.00s Real=0.00s
[2025-12-22T21:34:57.931+0000][2364.428s][info][gc,start    ] GC(285) Pause Young (Normal) (G1 Evacuation Pause)
[2025-12-22T21:34:57.932+0000][2364.428s][info][gc,task     ] GC(285) Using 3 workers of 3 for evacuation
[2025-12-22T21:34:57.935+0000][2364.431s][info][gc,phases   ] GC(285)   Pre Evacuate Collection Set: 0.2ms
[2025-12-22T21:34:57.935+0000][2364.431s][info][gc,phases   ] GC(285)   Merge Heap Roots: 0.1ms
[2025-12-22T21:34:57.935+0000][2364.431s][info][gc,phases   ] GC(285)   Evacuate Collection Set: 1.7ms
[2025-12-22T21:34:57.935+0000][2364.431s][info][gc,phases   ] GC(285)   Post Evacuate Collection Set: 0.6ms
[2025-12-22T21:34:57.935+0000][2364.431s][info][gc,phases   ] GC(285)   Other: 0.8ms
[2025-12-22T21:34:57.935+0000][2364.431s][info][gc,heap     ] GC(285) Eden regions: 675->0(675)
[2025-12-22T21:34:57.935+0000][2364.431s][info][gc,heap     ] GC(285) Survivor regions: 1->1(85)
[2025-12-22T21:34:57.935+0000][2364.432s][info][gc,heap     ] GC(285) Old regions: 51->51
[2025-12-22T21:34:57.935+0000][2364.432s][info][gc,heap     ] GC(285) Archive regions: 2->2
[2025-12-22T21:34:57.935+0000][2364.432s][info][gc,heap     ] GC(285) Humongous regions: 37->37
[2025-12-22T21:34:57.935+0000][2364.432s][info][gc,metaspace] GC(285) Metaspace: 87383K(88256K)->87383K(88256K) NonClass: 76063K(76480K)->76063K(76480K) Class: 11320K(11776K)->11320K(11776K)
[2025-12-22T21:34:57.936+0000][2364.432s][info][gc          ] GC(285) Pause Young (Normal) (G1 Evacuation Pause) 763M->88M(1128M) 4.083ms
[2025-12-22T21:34:57.936+0000][2364.432s][info][gc,cpu      ] GC(285) User=0.01s Sys=0.00s Real=0.01s
[2025-12-22T21:35:06.288+0000][2372.784s][info][gc,start    ] GC(286) Pause Young (Normal) (G1 Evacuation Pause)
[2025-12-22T21:35:06.288+0000][2372.784s][info][gc,task     ] GC(286) Using 3 workers of 3 for evacuation
[2025-12-22T21:35:06.290+0000][2372.786s][info][gc,phases   ] GC(286)   Pre Evacuate Collection Set: 0.2ms
[2025-12-22T21:35:06.290+0000][2372.786s][info][gc,phases   ] GC(286)   Merge Heap Roots: 0.1ms
[2025-12-22T21:35:06.290+0000][2372.786s][info][gc,phases   ] GC(286)   Evacuate Collection Set: 1.0ms
[2025-12-22T21:35:06.290+0000][2372.786s][info][gc,phases   ] GC(286)   Post Evacuate Collection Set: 0.4ms
[2025-12-22T21:35:06.290+0000][2372.786s][info][gc,phases   ] GC(286)   Other: 0.6ms
[2025-12-22T21:35:06.290+0000][2372.786s][info][gc,heap     ] GC(286) Eden regions: 675->0(675)
[2025-12-22T21:35:06.290+0000][2372.787s][info][gc,heap     ] GC(286) Survivor regions: 1->1(85)
[2025-12-22T21:35:06.290+0000][2372.787s][info][gc,heap     ] GC(286) Old regions: 51->51
[2025-12-22T21:35:06.290+0000][2372.787s][info][gc,heap     ] GC(286) Archive regions: 2->2
[2025-12-22T21:35:06.290+0000][2372.787s][info][gc,heap     ] GC(286) Humongous regions: 37->37
[2025-12-22T21:35:06.291+0000][2372.787s][info][gc,metaspace] GC(286) Metaspace: 87383K(88256K)->87383K(88256K) NonClass: 76063K(76480K)->76063K(76480K) Class: 11320K(11776K)->11320K(11776K)
[2025-12-22T21:35:06.291+0000][2372.787s][info][gc          ] GC(286) Pause Young (Normal) (G1 Evacuation Pause) 763M->88M(1128M) 3.032ms
[2025-12-22T21:35:06.291+0000][2372.787s][info][gc,cpu      ] GC(286) User=0.01s Sys=0.00s Real=0.00s
[2025-12-22T21:35:14.033+0000][2380.530s][info][gc,start    ] GC(287) Pause Young (Normal) (G1 Evacuation Pause)
[2025-12-22T21:35:14.034+0000][2380.530s][info][gc,task     ] GC(287) Using 3 workers of 3 for evacuation
[2025-12-22T21:35:14.038+0000][2380.534s][info][gc,phases   ] GC(287)   Pre Evacuate Collection Set: 0.4ms
[2025-12-22T21:35:14.038+0000][2380.534s][info][gc,phases   ] GC(287)   Merge Heap Roots: 0.1ms
[2025-12-22T21:35:14.038+0000][2380.534s][info][gc,phases   ] GC(287)   Evacuate Collection Set: 2.3ms
[2025-12-22T21:35:14.038+0000][2380.534s][info][gc,phases   ] GC(287)   Post Evacuate Collection Set: 0.7ms
[2025-12-22T21:35:14.038+0000][2380.534s][info][gc,phases   ] GC(287)   Other: 0.8ms
[2025-12-22T21:35:14.038+0000][2380.534s][info][gc,heap     ] GC(287) Eden regions: 675->0(675)
[2025-12-22T21:35:14.038+0000][2380.534s][info][gc,heap     ] GC(287) Survivor regions: 1->1(85)
[2025-12-22T21:35:14.038+0000][2380.534s][info][gc,heap     ] GC(287) Old regions: 51->51
[2025-12-22T21:35:14.038+0000][2380.534s][info][gc,heap     ] GC(287) Archive regions: 2->2
[2025-12-22T21:35:14.038+0000][2380.534s][info][gc,heap     ] GC(287) Humongous regions: 37->37
[2025-12-22T21:35:14.038+0000][2380.534s][info][gc,metaspace] GC(287) Metaspace: 87383K(88256K)->87383K(88256K) NonClass: 76063K(76480K)->76063K(76480K) Class: 11320K(11776K)->11320K(11776K)
[2025-12-22T21:35:14.038+0000][2380.534s][info][gc          ] GC(287) Pause Young (Normal) (G1 Evacuation Pause) 763M->88M(1128M) 4.799ms
[2025-12-22T21:35:14.038+0000][2380.534s][info][gc,cpu      ] GC(287) User=0.01s Sys=0.00s Real=0.01s
[2025-12-22T21:35:23.429+0000][2389.925s][info][gc,start    ] GC(288) Pause Young (Normal) (G1 Evacuation Pause)
[2025-12-22T21:35:23.429+0000][2389.925s][info][gc,task     ] GC(288) Using 3 workers of 3 for evacuation
[2025-12-22T21:35:23.431+0000][2389.927s][info][gc,phases   ] GC(288)   Pre Evacuate Collection Set: 0.1ms
[2025-12-22T21:35:23.431+0000][2389.927s][info][gc,phases   ] GC(288)   Merge Heap Roots: 0.1ms
[2025-12-22T21:35:23.431+0000][2389.927s][info][gc,phases   ] GC(288)   Evacuate Collection Set: 1.1ms
[2025-12-22T21:35:23.431+0000][2389.927s][info][gc,phases   ] GC(288)   Post Evacuate Collection Set: 0.4ms
[2025-12-22T21:35:23.431+0000][2389.927s][info][gc,phases   ] GC(288)   Other: 0.3ms
[2025-12-22T21:35:23.431+0000][2389.927s][info][gc,heap     ] GC(288) Eden regions: 675->0(675)
[2025-12-22T21:35:23.431+0000][2389.927s][info][gc,heap     ] GC(288) Survivor regions: 1->1(85)
[2025-12-22T21:35:23.431+0000][2389.927s][info][gc,heap     ] GC(288) Old regions: 51->51
[2025-12-22T21:35:23.431+0000][2389.928s][info][gc,heap     ] GC(288) Archive regions: 2->2
[2025-12-22T21:35:23.431+0000][2389.928s][info][gc,heap     ] GC(288) Humongous regions: 37->37
[2025-12-22T21:35:23.431+0000][2389.928s][info][gc,metaspace] GC(288) Metaspace: 87383K(88256K)->87383K(88256K) NonClass: 76063K(76480K)->76063K(76480K) Class: 11320K(11776K)->11320K(11776K)
[2025-12-22T21:35:23.431+0000][2389.928s][info][gc          ] GC(288) Pause Young (Normal) (G1 Evacuation Pause) 763M->88M(1128M) 2.730ms
[2025-12-22T21:35:23.432+0000][2389.928s][info][gc,cpu      ] GC(288) User=0.01s Sys=0.00s Real=0.00s
[2025-12-22T21:35:31.270+0000][2397.766s][info][gc,start    ] GC(289) Pause Young (Normal) (G1 Evacuation Pause)
[2025-12-22T21:35:31.271+0000][2397.767s][info][gc,task     ] GC(289) Using 3 workers of 3 for evacuation
[2025-12-22T21:35:31.273+0000][2397.770s][info][gc,phases   ] GC(289)   Pre Evacuate Collection Set: 0.2ms
[2025-12-22T21:35:31.273+0000][2397.770s][info][gc,phases   ] GC(289)   Merge Heap Roots: 0.2ms
[2025-12-22T21:35:31.274+0000][2397.770s][info][gc,phases   ] GC(289)   Evacuate Collection Set: 1.5ms
[2025-12-22T21:35:31.274+0000][2397.770s][info][gc,phases   ] GC(289)   Post Evacuate Collection Set: 0.4ms
[2025-12-22T21:35:31.274+0000][2397.770s][info][gc,phases   ] GC(289)   Other: 1.5ms
[2025-12-22T21:35:31.274+0000][2397.770s][info][gc,heap     ] GC(289) Eden regions: 675->0(675)
[2025-12-22T21:35:31.274+0000][2397.770s][info][gc,heap     ] GC(289) Survivor regions: 1->1(85)
[2025-12-22T21:35:31.274+0000][2397.770s][info][gc,heap     ] GC(289) Old regions: 51->51
[2025-12-22T21:35:31.274+0000][2397.770s][info][gc,heap     ] GC(289) Archive regions: 2->2
[2025-12-22T21:35:31.274+0000][2397.770s][info][gc,heap     ] GC(289) Humongous regions: 37->37
[2025-12-22T21:35:31.274+0000][2397.771s][info][gc,metaspace] GC(289) Metaspace: 87383K(88256K)->87383K(88256K) NonClass: 76063K(76480K)->76063K(76480K) Class: 11320K(11776K)->11320K(11776K)
[2025-12-22T21:35:31.274+0000][2397.771s][info][gc          ] GC(289) Pause Young (Normal) (G1 Evacuation Pause) 763M->88M(1128M) 4.830ms
[2025-12-22T21:35:31.274+0000][2397.771s][info][gc,cpu      ] GC(289) User=0.00s Sys=0.00s Real=0.00s
[2025-12-22T21:35:40.636+0000][2407.133s][info][gc,start    ] GC(290) Pause Young (Normal) (G1 Evacuation Pause)
[2025-12-22T21:35:40.637+0000][2407.134s][info][gc,task     ] GC(290) Using 3 workers of 3 for evacuation
[2025-12-22T21:35:40.640+0000][2407.136s][info][gc,phases   ] GC(290)   Pre Evacuate Collection Set: 0.2ms
[2025-12-22T21:35:40.640+0000][2407.136s][info][gc,phases   ] GC(290)   Merge Heap Roots: 0.1ms
[2025-12-22T21:35:40.640+0000][2407.136s][info][gc,phases   ] GC(290)   Evacuate Collection Set: 1.5ms
[2025-12-22T21:35:40.640+0000][2407.136s][info][gc,phases   ] GC(290)   Post Evacuate Collection Set: 0.5ms
[2025-12-22T21:35:40.640+0000][2407.136s][info][gc,phases   ] GC(290)   Other: 1.3ms
[2025-12-22T21:35:40.640+0000][2407.137s][info][gc,heap     ] GC(290) Eden regions: 675->0(675)
[2025-12-22T21:35:40.640+0000][2407.137s][info][gc,heap     ] GC(290) Survivor regions: 1->1(85)
[2025-12-22T21:35:40.640+0000][2407.137s][info][gc,heap     ] GC(290) Old regions: 51->51
[2025-12-22T21:35:40.640+0000][2407.137s][info][gc,heap     ] GC(290) Archive regions: 2->2
[2025-12-22T21:35:40.640+0000][2407.137s][info][gc,heap     ] GC(290) Humongous regions: 37->37
[2025-12-22T21:35:40.641+0000][2407.137s][info][gc,metaspace] GC(290) Metaspace: 87386K(88256K)->87386K(88256K) NonClass: 76066K(76480K)->76066K(76480K) Class: 11320K(11776K)->11320K(11776K)
[2025-12-22T21:35:40.641+0000][2407.137s][info][gc          ] GC(290) Pause Young (Normal) (G1 Evacuation Pause) 763M->88M(1128M) 4.137ms
[2025-12-22T21:35:40.641+0000][2407.137s][info][gc,cpu      ] GC(290) User=0.01s Sys=0.00s Real=0.00s
[2025-12-22T21:35:48.563+0000][2415.060s][info][gc,start    ] GC(291) Pause Young (Normal) (G1 Evacuation Pause)
[2025-12-22T21:35:48.564+0000][2415.060s][info][gc,task     ] GC(291) Using 3 workers of 3 for evacuation
[2025-12-22T21:35:48.568+0000][2415.064s][info][gc,phases   ] GC(291)   Pre Evacuate Collection Set: 0.6ms
[2025-12-22T21:35:48.568+0000][2415.064s][info][gc,phases   ] GC(291)   Merge Heap Roots: 0.1ms
[2025-12-22T21:35:48.568+0000][2415.064s][info][gc,phases   ] GC(291)   Evacuate Collection Set: 2.2ms
[2025-12-22T21:35:48.568+0000][2415.064s][info][gc,phases   ] GC(291)   Post Evacuate Collection Set: 0.8ms
[2025-12-22T21:35:48.568+0000][2415.064s][info][gc,phases   ] GC(291)   Other: 0.9ms
[2025-12-22T21:35:48.568+0000][2415.065s][info][gc,heap     ] GC(291) Eden regions: 675->0(675)
[2025-12-22T21:35:48.568+0000][2415.065s][info][gc,heap     ] GC(291) Survivor regions: 1->1(85)
[2025-12-22T21:35:48.568+0000][2415.065s][info][gc,heap     ] GC(291) Old regions: 51->51
[2025-12-22T21:35:48.568+0000][2415.065s][info][gc,heap     ] GC(291) Archive regions: 2->2
[2025-12-22T21:35:48.569+0000][2415.065s][info][gc,heap     ] GC(291) Humongous regions: 37->37
[2025-12-22T21:35:48.569+0000][2415.065s][info][gc,metaspace] GC(291) Metaspace: 87386K(88256K)->87386K(88256K) NonClass: 76066K(76480K)->76066K(76480K) Class: 11320K(11776K)->11320K(11776K)
[2025-12-22T21:35:48.569+0000][2415.065s][info][gc          ] GC(291) Pause Young (Normal) (G1 Evacuation Pause) 763M->88M(1128M) 5.204ms
[2025-12-22T21:35:48.569+0000][2415.065s][info][gc,cpu      ] GC(291) User=0.01s Sys=0.00s Real=0.01s
[2025-12-22T21:35:57.903+0000][2424.400s][info][gc,start    ] GC(292) Pause Young (Normal) (G1 Evacuation Pause)
[2025-12-22T21:35:57.904+0000][2424.400s][info][gc,task     ] GC(292) Using 3 workers of 3 for evacuation
[2025-12-22T21:35:57.906+0000][2424.402s][info][gc,phases   ] GC(292)   Pre Evacuate Collection Set: 0.1ms
[2025-12-22T21:35:57.906+0000][2424.402s][info][gc,phases   ] GC(292)   Merge Heap Roots: 0.1ms
[2025-12-22T21:35:57.906+0000][2424.402s][info][gc,phases   ] GC(292)   Evacuate Collection Set: 1.2ms
[2025-12-22T21:35:57.906+0000][2424.403s][info][gc,phases   ] GC(292)   Post Evacuate Collection Set: 0.4ms
[2025-12-22T21:35:57.906+0000][2424.403s][info][gc,phases   ] GC(292)   Other: 0.8ms
[2025-12-22T21:35:57.907+0000][2424.403s][info][gc,heap     ] GC(292) Eden regions: 675->0(675)
[2025-12-22T21:35:57.907+0000][2424.403s][info][gc,heap     ] GC(292) Survivor regions: 1->1(85)
[2025-12-22T21:35:57.907+0000][2424.403s][info][gc,heap     ] GC(292) Old regions: 51->51
[2025-12-22T21:35:57.907+0000][2424.403s][info][gc,heap     ] GC(292) Archive regions: 2->2
[2025-12-22T21:35:57.907+0000][2424.403s][info][gc,heap     ] GC(292) Humongous regions: 37->37
[2025-12-22T21:35:57.907+0000][2424.403s][info][gc,metaspace] GC(292) Metaspace: 87386K(88256K)->87386K(88256K) NonClass: 76066K(76480K)->76066K(76480K) Class: 11320K(11776K)->11320K(11776K)
[2025-12-22T21:35:57.907+0000][2424.403s][info][gc          ] GC(292) Pause Young (Normal) (G1 Evacuation Pause) 763M->88M(1128M) 3.756ms
[2025-12-22T21:35:57.907+0000][2424.404s][info][gc,cpu      ] GC(292) User=0.00s Sys=0.00s Real=0.01s
[2025-12-22T21:36:05.747+0000][2432.244s][info][gc,start    ] GC(293) Pause Young (Normal) (G1 Evacuation Pause)
[2025-12-22T21:36:05.748+0000][2432.244s][info][gc,task     ] GC(293) Using 3 workers of 3 for evacuation
[2025-12-22T21:36:05.750+0000][2432.247s][info][gc,phases   ] GC(293)   Pre Evacuate Collection Set: 0.2ms
[2025-12-22T21:36:05.750+0000][2432.247s][info][gc,phases   ] GC(293)   Merge Heap Roots: 0.1ms
[2025-12-22T21:36:05.751+0000][2432.247s][info][gc,phases   ] GC(293)   Evacuate Collection Set: 1.4ms
[2025-12-22T21:36:05.751+0000][2432.247s][info][gc,phases   ] GC(293)   Post Evacuate Collection Set: 0.5ms
[2025-12-22T21:36:05.751+0000][2432.247s][info][gc,phases   ] GC(293)   Other: 0.8ms
[2025-12-22T21:36:05.751+0000][2432.247s][info][gc,heap     ] GC(293) Eden regions: 675->0(675)
[2025-12-22T21:36:05.751+0000][2432.247s][info][gc,heap     ] GC(293) Survivor regions: 1->1(85)
[2025-12-22T21:36:05.751+0000][2432.247s][info][gc,heap     ] GC(293) Old regions: 51->51
[2025-12-22T21:36:05.751+0000][2432.247s][info][gc,heap     ] GC(293) Archive regions: 2->2
[2025-12-22T21:36:05.751+0000][2432.247s][info][gc,heap     ] GC(293) Humongous regions: 37->37
[2025-12-22T21:36:05.751+0000][2432.247s][info][gc,metaspace] GC(293) Metaspace: 87386K(88256K)->87386K(88256K) NonClass: 76066K(76480K)->76066K(76480K) Class: 11320K(11776K)->11320K(11776K)
[2025-12-22T21:36:05.751+0000][2432.247s][info][gc          ] GC(293) Pause Young (Normal) (G1 Evacuation Pause) 763M->88M(1128M) 3.745ms
[2025-12-22T21:36:05.751+0000][2432.247s][info][gc,cpu      ] GC(293) User=0.01s Sys=0.00s Real=0.00s
[2025-12-22T21:36:13.798+0000][2440.294s][info][gc,start    ] GC(294) Pause Young (Normal) (G1 Evacuation Pause)
[2025-12-22T21:36:13.799+0000][2440.295s][info][gc,task     ] GC(294) Using 3 workers of 3 for evacuation
[2025-12-22T21:36:13.801+0000][2440.297s][info][gc,phases   ] GC(294)   Pre Evacuate Collection Set: 0.2ms
[2025-12-22T21:36:13.801+0000][2440.298s][info][gc,phases   ] GC(294)   Merge Heap Roots: 0.1ms
[2025-12-22T21:36:13.801+0000][2440.298s][info][gc,phases   ] GC(294)   Evacuate Collection Set: 1.0ms
[2025-12-22T21:36:13.801+0000][2440.298s][info][gc,phases   ] GC(294)   Post Evacuate Collection Set: 0.4ms
[2025-12-22T21:36:13.802+0000][2440.298s][info][gc,phases   ] GC(294)   Other: 1.3ms
[2025-12-22T21:36:13.802+0000][2440.298s][info][gc,heap     ] GC(294) Eden regions: 675->0(675)
[2025-12-22T21:36:13.802+0000][2440.298s][info][gc,heap     ] GC(294) Survivor regions: 1->1(85)
[2025-12-22T21:36:13.802+0000][2440.298s][info][gc,heap     ] GC(294) Old regions: 51->51
[2025-12-22T21:36:13.802+0000][2440.298s][info][gc,heap     ] GC(294) Archive regions: 2->2
[2025-12-22T21:36:13.802+0000][2440.298s][info][gc,heap     ] GC(294) Humongous regions: 37->37
[2025-12-22T21:36:13.802+0000][2440.298s][info][gc,metaspace] GC(294) Metaspace: 87386K(88256K)->87386K(88256K) NonClass: 76066K(76480K)->76066K(76480K) Class: 11320K(11776K)->11320K(11776K)
[2025-12-22T21:36:13.802+0000][2440.299s][info][gc          ] GC(294) Pause Young (Normal) (G1 Evacuation Pause) 763M->88M(1128M) 4.126ms
[2025-12-22T21:36:13.802+0000][2440.299s][info][gc,cpu      ] GC(294) User=0.00s Sys=0.00s Real=0.00s
[2025-12-22T21:36:23.403+0000][2449.899s][info][gc,start    ] GC(295) Pause Young (Normal) (G1 Evacuation Pause)
[2025-12-22T21:36:23.404+0000][2449.900s][info][gc,task     ] GC(295) Using 3 workers of 3 for evacuation
[2025-12-22T21:36:23.407+0000][2449.904s][info][gc,phases   ] GC(295)   Pre Evacuate Collection Set: 0.4ms
[2025-12-22T21:36:23.408+0000][2449.904s][info][gc,phases   ] GC(295)   Merge Heap Roots: 0.1ms
[2025-12-22T21:36:23.408+0000][2449.904s][info][gc,phases   ] GC(295)   Evacuate Collection Set: 2.1ms
[2025-12-22T21:36:23.408+0000][2449.904s][info][gc,phases   ] GC(295)   Post Evacuate Collection Set: 1.1ms
[2025-12-22T21:36:23.408+0000][2449.904s][info][gc,phases   ] GC(295)   Other: 1.3ms
[2025-12-22T21:36:23.408+0000][2449.904s][info][gc,heap     ] GC(295) Eden regions: 675->0(675)
[2025-12-22T21:36:23.408+0000][2449.904s][info][gc,heap     ] GC(295) Survivor regions: 1->1(85)
[2025-12-22T21:36:23.408+0000][2449.904s][info][gc,heap     ] GC(295) Old regions: 51->51
[2025-12-22T21:36:23.408+0000][2449.905s][info][gc,heap     ] GC(295) Archive regions: 2->2
[2025-12-22T21:36:23.408+0000][2449.905s][info][gc,heap     ] GC(295) Humongous regions: 37->37
[2025-12-22T21:36:23.408+0000][2449.905s][info][gc,metaspace] GC(295) Metaspace: 87386K(88256K)->87386K(88256K) NonClass: 76066K(76480K)->76066K(76480K) Class: 11320K(11776K)->11320K(11776K)
[2025-12-22T21:36:23.409+0000][2449.905s][info][gc          ] GC(295) Pause Young (Normal) (G1 Evacuation Pause) 763M->88M(1128M) 6.025ms
[2025-12-22T21:36:23.409+0000][2449.905s][info][gc,cpu      ] GC(295) User=0.01s Sys=0.00s Real=0.01s
[2025-12-22T21:36:31.083+0000][2457.579s][info][gc,start    ] GC(296) Pause Young (Normal) (G1 Evacuation Pause)
[2025-12-22T21:36:31.083+0000][2457.580s][info][gc,task     ] GC(296) Using 3 workers of 3 for evacuation
[2025-12-22T21:36:31.085+0000][2457.581s][info][gc,phases   ] GC(296)   Pre Evacuate Collection Set: 0.1ms
[2025-12-22T21:36:31.085+0000][2457.582s][info][gc,phases   ] GC(296)   Merge Heap Roots: 0.1ms
[2025-12-22T21:36:31.085+0000][2457.582s][info][gc,phases   ] GC(296)   Evacuate Collection Set: 1.1ms
[2025-12-22T21:36:31.085+0000][2457.582s][info][gc,phases   ] GC(296)   Post Evacuate Collection Set: 0.3ms
[2025-12-22T21:36:31.086+0000][2457.582s][info][gc,phases   ] GC(296)   Other: 0.6ms
[2025-12-22T21:36:31.086+0000][2457.582s][info][gc,heap     ] GC(296) Eden regions: 675->0(675)
[2025-12-22T21:36:31.086+0000][2457.582s][info][gc,heap     ] GC(296) Survivor regions: 1->1(85)
[2025-12-22T21:36:31.086+0000][2457.582s][info][gc,heap     ] GC(296) Old regions: 51->51
[2025-12-22T21:36:31.086+0000][2457.582s][info][gc,heap     ] GC(296) Archive regions: 2->2
[2025-12-22T21:36:31.086+0000][2457.582s][info][gc,heap     ] GC(296) Humongous regions: 37->37
[2025-12-22T21:36:31.086+0000][2457.582s][info][gc,metaspace] GC(296) Metaspace: 87386K(88256K)->87386K(88256K) NonClass: 76066K(76480K)->76066K(76480K) Class: 11320K(11776K)->11320K(11776K)
[2025-12-22T21:36:31.086+0000][2457.582s][info][gc          ] GC(296) Pause Young (Normal) (G1 Evacuation Pause) 763M->88M(1128M) 3.067ms
[2025-12-22T21:36:31.086+0000][2457.582s][info][gc,cpu      ] GC(296) User=0.00s Sys=0.00s Real=0.01s
[2025-12-22T21:36:40.372+0000][2466.868s][info][gc,start    ] GC(297) Pause Young (Normal) (G1 Evacuation Pause)
[2025-12-22T21:36:40.372+0000][2466.869s][info][gc,task     ] GC(297) Using 3 workers of 3 for evacuation
[2025-12-22T21:36:40.375+0000][2466.871s][info][gc,phases   ] GC(297)   Pre Evacuate Collection Set: 0.1ms
[2025-12-22T21:36:40.375+0000][2466.871s][info][gc,phases   ] GC(297)   Merge Heap Roots: 0.1ms
[2025-12-22T21:36:40.375+0000][2466.871s][info][gc,phases   ] GC(297)   Evacuate Collection Set: 1.4ms
[2025-12-22T21:36:40.375+0000][2466.871s][info][gc,phases   ] GC(297)   Post Evacuate Collection Set: 0.4ms
[2025-12-22T21:36:40.375+0000][2466.871s][info][gc,phases   ] GC(297)   Other: 0.7ms
[2025-12-22T21:36:40.375+0000][2466.871s][info][gc,heap     ] GC(297) Eden regions: 675->0(675)
[2025-12-22T21:36:40.375+0000][2466.871s][info][gc,heap     ] GC(297) Survivor regions: 1->1(85)
[2025-12-22T21:36:40.375+0000][2466.871s][info][gc,heap     ] GC(297) Old regions: 51->51
[2025-12-22T21:36:40.375+0000][2466.871s][info][gc,heap     ] GC(297) Archive regions: 2->2
[2025-12-22T21:36:40.375+0000][2466.871s][info][gc,heap     ] GC(297) Humongous regions: 37->37
[2025-12-22T21:36:40.375+0000][2466.871s][info][gc,metaspace] GC(297) Metaspace: 87389K(88256K)->87389K(88256K) NonClass: 76069K(76480K)->76069K(76480K) Class: 11320K(11776K)->11320K(11776K)
[2025-12-22T21:36:40.375+0000][2466.872s][info][gc          ] GC(297) Pause Young (Normal) (G1 Evacuation Pause) 763M->88M(1128M) 3.342ms
[2025-12-22T21:36:40.375+0000][2466.872s][info][gc,cpu      ] GC(297) User=0.00s Sys=0.00s Real=0.01s
[2025-12-22T21:36:48.104+0000][2474.600s][info][gc,start    ] GC(298) Pause Young (Normal) (G1 Evacuation Pause)
[2025-12-22T21:36:48.104+0000][2474.601s][info][gc,task     ] GC(298) Using 3 workers of 3 for evacuation
[2025-12-22T21:36:48.106+0000][2474.602s][info][gc,phases   ] GC(298)   Pre Evacuate Collection Set: 0.1ms
[2025-12-22T21:36:48.106+0000][2474.602s][info][gc,phases   ] GC(298)   Merge Heap Roots: 0.2ms
[2025-12-22T21:36:48.106+0000][2474.602s][info][gc,phases   ] GC(298)   Evacuate Collection Set: 0.9ms
[2025-12-22T21:36:48.106+0000][2474.602s][info][gc,phases   ] GC(298)   Post Evacuate Collection Set: 0.4ms
[2025-12-22T21:36:48.106+0000][2474.602s][info][gc,phases   ] GC(298)   Other: 0.3ms
[2025-12-22T21:36:48.106+0000][2474.603s][info][gc,heap     ] GC(298) Eden regions: 675->0(675)
[2025-12-22T21:36:48.106+0000][2474.603s][info][gc,heap     ] GC(298) Survivor regions: 1->1(85)
[2025-12-22T21:36:48.106+0000][2474.603s][info][gc,heap     ] GC(298) Old regions: 51->51
[2025-12-22T21:36:48.107+0000][2474.603s][info][gc,heap     ] GC(298) Archive regions: 2->2
[2025-12-22T21:36:48.107+0000][2474.603s][info][gc,heap     ] GC(298) Humongous regions: 37->37
[2025-12-22T21:36:48.107+0000][2474.603s][info][gc,metaspace] GC(298) Metaspace: 87389K(88256K)->87389K(88256K) NonClass: 76069K(76480K)->76069K(76480K) Class: 11320K(11776K)->11320K(11776K)
[2025-12-22T21:36:48.107+0000][2474.603s][info][gc          ] GC(298) Pause Young (Normal) (G1 Evacuation Pause) 763M->88M(1128M) 2.634ms
[2025-12-22T21:36:48.107+0000][2474.603s][info][gc,cpu      ] GC(298) User=0.00s Sys=0.00s Real=0.01s
[2025-12-22T21:36:57.625+0000][2484.121s][info][gc,start    ] GC(299) Pause Young (Normal) (G1 Evacuation Pause)
[2025-12-22T21:36:57.625+0000][2484.122s][info][gc,task     ] GC(299) Using 3 workers of 3 for evacuation
[2025-12-22T21:36:57.629+0000][2484.125s][info][gc,phases   ] GC(299)   Pre Evacuate Collection Set: 0.3ms
[2025-12-22T21:36:57.629+0000][2484.125s][info][gc,phases   ] GC(299)   Merge Heap Roots: 0.1ms
[2025-12-22T21:36:57.629+0000][2484.125s][info][gc,phases   ] GC(299)   Evacuate Collection Set: 2.1ms
[2025-12-22T21:36:57.629+0000][2484.125s][info][gc,phases   ] GC(299)   Post Evacuate Collection Set: 0.5ms
[2025-12-22T21:36:57.629+0000][2484.125s][info][gc,phases   ] GC(299)   Other: 1.2ms
[2025-12-22T21:36:57.629+0000][2484.125s][info][gc,heap     ] GC(299) Eden regions: 675->0(675)
[2025-12-22T21:36:57.629+0000][2484.125s][info][gc,heap     ] GC(299) Survivor regions: 1->1(85)
[2025-12-22T21:36:57.629+0000][2484.125s][info][gc,heap     ] GC(299) Old regions: 51->51
[2025-12-22T21:36:57.629+0000][2484.126s][info][gc,heap     ] GC(299) Archive regions: 2->2
[2025-12-22T21:36:57.629+0000][2484.126s][info][gc,heap     ] GC(299) Humongous regions: 37->37
[2025-12-22T21:36:57.629+0000][2484.126s][info][gc,metaspace] GC(299) Metaspace: 87389K(88256K)->87389K(88256K) NonClass: 76069K(76480K)->76069K(76480K) Class: 11320K(11776K)->11320K(11776K)
[2025-12-22T21:36:57.629+0000][2484.126s][info][gc          ] GC(299) Pause Young (Normal) (G1 Evacuation Pause) 763M->88M(1128M) 4.861ms
[2025-12-22T21:36:57.630+0000][2484.126s][info][gc,cpu      ] GC(299) User=0.01s Sys=0.00s Real=0.01s
[2025-12-22T21:37:05.552+0000][2492.049s][info][gc,start    ] GC(300) Pause Young (Normal) (G1 Evacuation Pause)
[2025-12-22T21:37:05.553+0000][2492.049s][info][gc,task     ] GC(300) Using 3 workers of 3 for evacuation
[2025-12-22T21:37:05.556+0000][2492.053s][info][gc,phases   ] GC(300)   Pre Evacuate Collection Set: 0.3ms
[2025-12-22T21:37:05.556+0000][2492.053s][info][gc,phases   ] GC(300)   Merge Heap Roots: 0.1ms
[2025-12-22T21:37:05.557+0000][2492.053s][info][gc,phases   ] GC(300)   Evacuate Collection Set: 2.1ms
[2025-12-22T21:37:05.557+0000][2492.053s][info][gc,phases   ] GC(300)   Post Evacuate Collection Set: 0.8ms
[2025-12-22T21:37:05.557+0000][2492.053s][info][gc,phases   ] GC(300)   Other: 0.7ms
[2025-12-22T21:37:05.557+0000][2492.053s][info][gc,heap     ] GC(300) Eden regions: 675->0(675)
[2025-12-22T21:37:05.557+0000][2492.053s][info][gc,heap     ] GC(300) Survivor regions: 1->1(85)
[2025-12-22T21:37:05.557+0000][2492.053s][info][gc,heap     ] GC(300) Old regions: 51->51
[2025-12-22T21:37:05.557+0000][2492.053s][info][gc,heap     ] GC(300) Archive regions: 2->2
[2025-12-22T21:37:05.557+0000][2492.053s][info][gc,heap     ] GC(300) Humongous regions: 37->37
[2025-12-22T21:37:05.557+0000][2492.053s][info][gc,metaspace] GC(300) Metaspace: 87389K(88256K)->87389K(88256K) NonClass: 76069K(76480K)->76069K(76480K) Class: 11320K(11776K)->11320K(11776K)
[2025-12-22T21:37:05.557+0000][2492.053s][info][gc          ] GC(300) Pause Young (Normal) (G1 Evacuation Pause) 763M->88M(1128M) 4.823ms
[2025-12-22T21:37:05.557+0000][2492.054s][info][gc,cpu      ] GC(300) User=0.01s Sys=0.00s Real=0.01s
[2025-12-22T21:37:13.510+0000][2500.006s][info][gc,start    ] GC(301) Pause Young (Normal) (G1 Evacuation Pause)
[2025-12-22T21:37:13.510+0000][2500.007s][info][gc,task     ] GC(301) Using 3 workers of 3 for evacuation
[2025-12-22T21:37:13.512+0000][2500.008s][info][gc,phases   ] GC(301)   Pre Evacuate Collection Set: 0.1ms
[2025-12-22T21:37:13.512+0000][2500.009s][info][gc,phases   ] GC(301)   Merge Heap Roots: 0.1ms
[2025-12-22T21:37:13.512+0000][2500.009s][info][gc,phases   ] GC(301)   Evacuate Collection Set: 1.1ms
[2025-12-22T21:37:13.513+0000][2500.009s][info][gc,phases   ] GC(301)   Post Evacuate Collection Set: 0.4ms
[2025-12-22T21:37:13.513+0000][2500.009s][info][gc,phases   ] GC(301)   Other: 0.6ms
[2025-12-22T21:37:13.513+0000][2500.009s][info][gc,heap     ] GC(301) Eden regions: 675->0(675)
[2025-12-22T21:37:13.513+0000][2500.009s][info][gc,heap     ] GC(301) Survivor regions: 1->1(85)
[2025-12-22T21:37:13.513+0000][2500.009s][info][gc,heap     ] GC(301) Old regions: 51->51
[2025-12-22T21:37:13.513+0000][2500.009s][info][gc,heap     ] GC(301) Archive regions: 2->2
[2025-12-22T21:37:13.513+0000][2500.009s][info][gc,heap     ] GC(301) Humongous regions: 37->37
[2025-12-22T21:37:13.513+0000][2500.009s][info][gc,metaspace] GC(301) Metaspace: 87389K(88256K)->87389K(88256K) NonClass: 76069K(76480K)->76069K(76480K) Class: 11320K(11776K)->11320K(11776K)
[2025-12-22T21:37:13.513+0000][2500.010s][info][gc          ] GC(301) Pause Young (Normal) (G1 Evacuation Pause) 763M->88M(1128M) 3.309ms
[2025-12-22T21:37:13.513+0000][2500.010s][info][gc,cpu      ] GC(301) User=0.01s Sys=0.00s Real=0.00s
[2025-12-22T21:37:22.957+0000][2509.454s][info][gc,start    ] GC(302) Pause Young (Normal) (G1 Evacuation Pause)
[2025-12-22T21:37:22.958+0000][2509.455s][info][gc,task     ] GC(302) Using 3 workers of 3 for evacuation
[2025-12-22T21:37:22.961+0000][2509.457s][info][gc,phases   ] GC(302)   Pre Evacuate Collection Set: 0.2ms
[2025-12-22T21:37:22.961+0000][2509.457s][info][gc,phases   ] GC(302)   Merge Heap Roots: 0.1ms
[2025-12-22T21:37:22.961+0000][2509.458s][info][gc,phases   ] GC(302)   Evacuate Collection Set: 1.4ms
[2025-12-22T21:37:22.962+0000][2509.458s][info][gc,phases   ] GC(302)   Post Evacuate Collection Set: 0.5ms
[2025-12-22T21:37:22.962+0000][2509.458s][info][gc,phases   ] GC(302)   Other: 1.2ms
[2025-12-22T21:37:22.962+0000][2509.458s][info][gc,heap     ] GC(302) Eden regions: 675->0(675)
[2025-12-22T21:37:22.962+0000][2509.458s][info][gc,heap     ] GC(302) Survivor regions: 1->1(85)
[2025-12-22T21:37:22.962+0000][2509.458s][info][gc,heap     ] GC(302) Old regions: 51->51
[2025-12-22T21:37:22.962+0000][2509.458s][info][gc,heap     ] GC(302) Archive regions: 2->2
[2025-12-22T21:37:22.962+0000][2509.458s][info][gc,heap     ] GC(302) Humongous regions: 37->37
[2025-12-22T21:37:22.962+0000][2509.459s][info][gc,metaspace] GC(302) Metaspace: 87389K(88256K)->87389K(88256K) NonClass: 76069K(76480K)->76069K(76480K) Class: 11320K(11776K)->11320K(11776K)
[2025-12-22T21:37:22.962+0000][2509.459s][info][gc          ] GC(302) Pause Young (Normal) (G1 Evacuation Pause) 763M->88M(1128M) 5.135ms
[2025-12-22T21:37:22.963+0000][2509.459s][info][gc,cpu      ] GC(302) User=0.00s Sys=0.00s Real=0.00s
[2025-12-22T21:37:30.847+0000][2517.343s][info][gc,start    ] GC(303) Pause Young (Normal) (G1 Evacuation Pause)
[2025-12-22T21:37:30.848+0000][2517.344s][info][gc,task     ] GC(303) Using 3 workers of 3 for evacuation
[2025-12-22T21:37:30.850+0000][2517.346s][info][gc,phases   ] GC(303)   Pre Evacuate Collection Set: 0.1ms
[2025-12-22T21:37:30.850+0000][2517.346s][info][gc,phases   ] GC(303)   Merge Heap Roots: 0.1ms
[2025-12-22T21:37:30.850+0000][2517.347s][info][gc,phases   ] GC(303)   Evacuate Collection Set: 1.1ms
[2025-12-22T21:37:30.850+0000][2517.347s][info][gc,phases   ] GC(303)   Post Evacuate Collection Set: 0.4ms
[2025-12-22T21:37:30.851+0000][2517.347s][info][gc,phases   ] GC(303)   Other: 1.2ms
[2025-12-22T21:37:30.851+0000][2517.347s][info][gc,heap     ] GC(303) Eden regions: 675->0(675)
[2025-12-22T21:37:30.851+0000][2517.347s][info][gc,heap     ] GC(303) Survivor regions: 1->1(85)
[2025-12-22T21:37:30.851+0000][2517.347s][info][gc,heap     ] GC(303) Old regions: 51->51
[2025-12-22T21:37:30.851+0000][2517.347s][info][gc,heap     ] GC(303) Archive regions: 2->2
[2025-12-22T21:37:30.851+0000][2517.347s][info][gc,heap     ] GC(303) Humongous regions: 37->37
[2025-12-22T21:37:30.851+0000][2517.347s][info][gc,metaspace] GC(303) Metaspace: 87390K(88256K)->87390K(88256K) NonClass: 76070K(76480K)->76070K(76480K) Class: 11320K(11776K)->11320K(11776K)
[2025-12-22T21:37:30.851+0000][2517.347s][info][gc          ] GC(303) Pause Young (Normal) (G1 Evacuation Pause) 763M->88M(1128M) 4.016ms
[2025-12-22T21:37:30.851+0000][2517.347s][info][gc,cpu      ] GC(303) User=0.00s Sys=0.00s Real=0.00s
[2025-12-22T21:37:40.287+0000][2526.783s][info][gc,start    ] GC(304) Pause Young (Normal) (G1 Evacuation Pause)
[2025-12-22T21:37:40.287+0000][2526.784s][info][gc,task     ] GC(304) Using 3 workers of 3 for evacuation
[2025-12-22T21:37:40.290+0000][2526.786s][info][gc,phases   ] GC(304)   Pre Evacuate Collection Set: 0.1ms
[2025-12-22T21:37:40.290+0000][2526.786s][info][gc,phases   ] GC(304)   Merge Heap Roots: 0.1ms
[2025-12-22T21:37:40.290+0000][2526.786s][info][gc,phases   ] GC(304)   Evacuate Collection Set: 1.2ms
[2025-12-22T21:37:40.290+0000][2526.786s][info][gc,phases   ] GC(304)   Post Evacuate Collection Set: 0.4ms
[2025-12-22T21:37:40.290+0000][2526.786s][info][gc,phases   ] GC(304)   Other: 0.7ms
[2025-12-22T21:37:40.290+0000][2526.786s][info][gc,heap     ] GC(304) Eden regions: 675->0(675)
[2025-12-22T21:37:40.290+0000][2526.786s][info][gc,heap     ] GC(304) Survivor regions: 1->1(85)
[2025-12-22T21:37:40.290+0000][2526.786s][info][gc,heap     ] GC(304) Old regions: 51->51
[2025-12-22T21:37:40.290+0000][2526.786s][info][gc,heap     ] GC(304) Archive regions: 2->2
[2025-12-22T21:37:40.290+0000][2526.786s][info][gc,heap     ] GC(304) Humongous regions: 37->37
[2025-12-22T21:37:40.290+0000][2526.787s][info][gc,metaspace] GC(304) Metaspace: 87399K(88320K)->87399K(88320K) NonClass: 76079K(76544K)->76079K(76544K) Class: 11320K(11776K)->11320K(11776K)
[2025-12-22T21:37:40.290+0000][2526.787s][info][gc          ] GC(304) Pause Young (Normal) (G1 Evacuation Pause) 763M->88M(1128M) 3.420ms
[2025-12-22T21:37:40.291+0000][2526.787s][info][gc,cpu      ] GC(304) User=0.01s Sys=0.00s Real=0.00s
[2025-12-22T21:37:48.118+0000][2534.614s][info][gc,start    ] GC(305) Pause Young (Normal) (G1 Evacuation Pause)
[2025-12-22T21:37:48.118+0000][2534.614s][info][gc,task     ] GC(305) Using 3 workers of 3 for evacuation
[2025-12-22T21:37:48.122+0000][2534.618s][info][gc,phases   ] GC(305)   Pre Evacuate Collection Set: 0.4ms
[2025-12-22T21:37:48.122+0000][2534.619s][info][gc,phases   ] GC(305)   Merge Heap Roots: 0.1ms
[2025-12-22T21:37:48.122+0000][2534.619s][info][gc,phases   ] GC(305)   Evacuate Collection Set: 2.4ms
[2025-12-22T21:37:48.123+0000][2534.619s][info][gc,phases   ] GC(305)   Post Evacuate Collection Set: 0.8ms
[2025-12-22T21:37:48.123+0000][2534.619s][info][gc,phases   ] GC(305)   Other: 1.0ms
[2025-12-22T21:37:48.123+0000][2534.619s][info][gc,heap     ] GC(305) Eden regions: 675->0(675)
[2025-12-22T21:37:48.123+0000][2534.619s][info][gc,heap     ] GC(305) Survivor regions: 1->1(85)
[2025-12-22T21:37:48.123+0000][2534.619s][info][gc,heap     ] GC(305) Old regions: 51->51
[2025-12-22T21:37:48.123+0000][2534.619s][info][gc,heap     ] GC(305) Archive regions: 2->2
[2025-12-22T21:37:48.123+0000][2534.619s][info][gc,heap     ] GC(305) Humongous regions: 37->37
[2025-12-22T21:37:48.123+0000][2534.619s][info][gc,metaspace] GC(305) Metaspace: 87399K(88320K)->87399K(88320K) NonClass: 76079K(76544K)->76079K(76544K) Class: 11320K(11776K)->11320K(11776K)
[2025-12-22T21:37:48.123+0000][2534.620s][info][gc          ] GC(305) Pause Young (Normal) (G1 Evacuation Pause) 763M->88M(1128M) 5.663ms
[2025-12-22T21:37:48.123+0000][2534.620s][info][gc,cpu      ] GC(305) User=0.01s Sys=0.00s Real=0.00s
[2025-12-22T21:37:57.540+0000][2544.036s][info][gc,start    ] GC(306) Pause Young (Normal) (G1 Evacuation Pause)
[2025-12-22T21:37:57.541+0000][2544.037s][info][gc,task     ] GC(306) Using 3 workers of 3 for evacuation
[2025-12-22T21:37:57.544+0000][2544.040s][info][gc,phases   ] GC(306)   Pre Evacuate Collection Set: 0.2ms
[2025-12-22T21:37:57.544+0000][2544.040s][info][gc,phases   ] GC(306)   Merge Heap Roots: 0.1ms
[2025-12-22T21:37:57.544+0000][2544.040s][info][gc,phases   ] GC(306)   Evacuate Collection Set: 1.8ms
[2025-12-22T21:37:57.544+0000][2544.040s][info][gc,phases   ] GC(306)   Post Evacuate Collection Set: 0.5ms
[2025-12-22T21:37:57.544+0000][2544.040s][info][gc,phases   ] GC(306)   Other: 0.9ms
[2025-12-22T21:37:57.544+0000][2544.040s][info][gc,heap     ] GC(306) Eden regions: 675->0(675)
[2025-12-22T21:37:57.544+0000][2544.040s][info][gc,heap     ] GC(306) Survivor regions: 1->1(85)
[2025-12-22T21:37:57.544+0000][2544.040s][info][gc,heap     ] GC(306) Old regions: 51->51
[2025-12-22T21:37:57.544+0000][2544.040s][info][gc,heap     ] GC(306) Archive regions: 2->2
[2025-12-22T21:37:57.544+0000][2544.040s][info][gc,heap     ] GC(306) Humongous regions: 37->37
[2025-12-22T21:37:57.544+0000][2544.041s][info][gc,metaspace] GC(306) Metaspace: 87399K(88320K)->87399K(88320K) NonClass: 76079K(76544K)->76079K(76544K) Class: 11320K(11776K)->11320K(11776K)
[2025-12-22T21:37:57.544+0000][2544.041s][info][gc          ] GC(306) Pause Young (Normal) (G1 Evacuation Pause) 763M->88M(1128M) 4.192ms
[2025-12-22T21:37:57.545+0000][2544.041s][info][gc,cpu      ] GC(306) User=0.00s Sys=0.00s Real=0.00s
[2025-12-22T21:38:05.529+0000][2552.026s][info][gc,start    ] GC(307) Pause Young (Normal) (G1 Evacuation Pause)
[2025-12-22T21:38:05.532+0000][2552.028s][info][gc,task     ] GC(307) Using 3 workers of 3 for evacuation
[2025-12-22T21:38:05.542+0000][2552.039s][info][gc,phases   ] GC(307)   Pre Evacuate Collection Set: 0.1ms
[2025-12-22T21:38:05.543+0000][2552.039s][info][gc,phases   ] GC(307)   Merge Heap Roots: 0.9ms
[2025-12-22T21:38:05.543+0000][2552.039s][info][gc,phases   ] GC(307)   Evacuate Collection Set: 5.5ms
[2025-12-22T21:38:05.543+0000][2552.039s][info][gc,phases   ] GC(307)   Post Evacuate Collection Set: 2.3ms
[2025-12-22T21:38:05.543+0000][2552.039s][info][gc,phases   ] GC(307)   Other: 6.2ms
[2025-12-22T21:38:05.543+0000][2552.039s][info][gc,heap     ] GC(307) Eden regions: 675->0(675)
[2025-12-22T21:38:05.543+0000][2552.039s][info][gc,heap     ] GC(307) Survivor regions: 1->1(85)
[2025-12-22T21:38:05.543+0000][2552.039s][info][gc,heap     ] GC(307) Old regions: 51->51
[2025-12-22T21:38:05.543+0000][2552.040s][info][gc,heap     ] GC(307) Archive regions: 2->2
[2025-12-22T21:38:05.543+0000][2552.040s][info][gc,heap     ] GC(307) Humongous regions: 37->37
[2025-12-22T21:38:05.544+0000][2552.040s][info][gc,metaspace] GC(307) Metaspace: 87399K(88320K)->87399K(88320K) NonClass: 76079K(76544K)->76079K(76544K) Class: 11320K(11776K)->11320K(11776K)
[2025-12-22T21:38:05.544+0000][2552.041s][info][gc          ] GC(307) Pause Young (Normal) (G1 Evacuation Pause) 763M->88M(1128M) 16.977ms
[2025-12-22T21:38:05.544+0000][2552.041s][info][gc,cpu      ] GC(307) User=0.01s Sys=0.00s Real=0.01s
[2025-12-22T21:38:13.489+0000][2559.985s][info][gc,start    ] GC(308) Pause Young (Normal) (G1 Evacuation Pause)
[2025-12-22T21:38:13.489+0000][2559.986s][info][gc,task     ] GC(308) Using 3 workers of 3 for evacuation
[2025-12-22T21:38:13.493+0000][2559.990s][info][gc,phases   ] GC(308)   Pre Evacuate Collection Set: 0.2ms
[2025-12-22T21:38:13.493+0000][2559.990s][info][gc,phases   ] GC(308)   Merge Heap Roots: 0.2ms
[2025-12-22T21:38:13.494+0000][2559.990s][info][gc,phases   ] GC(308)   Evacuate Collection Set: 2.6ms
[2025-12-22T21:38:13.494+0000][2559.990s][info][gc,phases   ] GC(308)   Post Evacuate Collection Set: 0.9ms
[2025-12-22T21:38:13.494+0000][2559.990s][info][gc,phases   ] GC(308)   Other: 0.6ms
[2025-12-22T21:38:13.494+0000][2559.990s][info][gc,heap     ] GC(308) Eden regions: 675->0(675)
[2025-12-22T21:38:13.494+0000][2559.990s][info][gc,heap     ] GC(308) Survivor regions: 1->1(85)
[2025-12-22T21:38:13.494+0000][2559.990s][info][gc,heap     ] GC(308) Old regions: 51->51
[2025-12-22T21:38:13.494+0000][2559.990s][info][gc,heap     ] GC(308) Archive regions: 2->2
[2025-12-22T21:38:13.494+0000][2559.990s][info][gc,heap     ] GC(308) Humongous regions: 37->37
[2025-12-22T21:38:13.494+0000][2559.990s][info][gc,metaspace] GC(308) Metaspace: 87403K(88320K)->87403K(88320K) NonClass: 76083K(76544K)->76083K(76544K) Class: 11320K(11776K)->11320K(11776K)
[2025-12-22T21:38:13.494+0000][2559.990s][info][gc          ] GC(308) Pause Young (Normal) (G1 Evacuation Pause) 763M->88M(1128M) 5.254ms
[2025-12-22T21:38:13.494+0000][2559.991s][info][gc,cpu      ] GC(308) User=0.00s Sys=0.00s Real=0.00s
[2025-12-22T21:38:23.001+0000][2569.497s][info][gc,start    ] GC(309) Pause Young (Normal) (G1 Evacuation Pause)
[2025-12-22T21:38:23.002+0000][2569.498s][info][gc,task     ] GC(309) Using 3 workers of 3 for evacuation
[2025-12-22T21:38:23.005+0000][2569.501s][info][gc,phases   ] GC(309)   Pre Evacuate Collection Set: 0.2ms
[2025-12-22T21:38:23.005+0000][2569.501s][info][gc,phases   ] GC(309)   Merge Heap Roots: 0.1ms
[2025-12-22T21:38:23.005+0000][2569.501s][info][gc,phases   ] GC(309)   Evacuate Collection Set: 1.6ms
[2025-12-22T21:38:23.005+0000][2569.501s][info][gc,phases   ] GC(309)   Post Evacuate Collection Set: 0.6ms
[2025-12-22T21:38:23.005+0000][2569.501s][info][gc,phases   ] GC(309)   Other: 1.3ms
[2025-12-22T21:38:23.005+0000][2569.501s][info][gc,heap     ] GC(309) Eden regions: 675->0(675)
[2025-12-22T21:38:23.005+0000][2569.502s][info][gc,heap     ] GC(309) Survivor regions: 1->1(85)
[2025-12-22T21:38:23.005+0000][2569.502s][info][gc,heap     ] GC(309) Old regions: 51->51
[2025-12-22T21:38:23.006+0000][2569.502s][info][gc,heap     ] GC(309) Archive regions: 2->2
[2025-12-22T21:38:23.006+0000][2569.502s][info][gc,heap     ] GC(309) Humongous regions: 37->37
[2025-12-22T21:38:23.006+0000][2569.502s][info][gc,metaspace] GC(309) Metaspace: 87411K(88320K)->87411K(88320K) NonClass: 76091K(76544K)->76091K(76544K) Class: 11320K(11776K)->11320K(11776K)
[2025-12-22T21:38:23.006+0000][2569.502s][info][gc          ] GC(309) Pause Young (Normal) (G1 Evacuation Pause) 763M->88M(1128M) 4.966ms
[2025-12-22T21:38:23.006+0000][2569.502s][info][gc,cpu      ] GC(309) User=0.00s Sys=0.00s Real=0.01s
[2025-12-22T21:38:30.930+0000][2577.426s][info][gc,start    ] GC(310) Pause Young (Normal) (G1 Evacuation Pause)
[2025-12-22T21:38:30.931+0000][2577.427s][info][gc,task     ] GC(310) Using 3 workers of 3 for evacuation
[2025-12-22T21:38:30.933+0000][2577.430s][info][gc,phases   ] GC(310)   Pre Evacuate Collection Set: 0.3ms
[2025-12-22T21:38:30.934+0000][2577.430s][info][gc,phases   ] GC(310)   Merge Heap Roots: 0.2ms
[2025-12-22T21:38:30.934+0000][2577.430s][info][gc,phases   ] GC(310)   Evacuate Collection Set: 1.6ms
[2025-12-22T21:38:30.934+0000][2577.430s][info][gc,phases   ] GC(310)   Post Evacuate Collection Set: 0.6ms
[2025-12-22T21:38:30.934+0000][2577.430s][info][gc,phases   ] GC(310)   Other: 1.4ms
[2025-12-22T21:38:30.934+0000][2577.430s][info][gc,heap     ] GC(310) Eden regions: 675->0(675)
[2025-12-22T21:38:30.934+0000][2577.430s][info][gc,heap     ] GC(310) Survivor regions: 1->1(85)
[2025-12-22T21:38:30.934+0000][2577.431s][info][gc,heap     ] GC(310) Old regions: 51->51
[2025-12-22T21:38:30.934+0000][2577.431s][info][gc,heap     ] GC(310) Archive regions: 2->2
[2025-12-22T21:38:30.935+0000][2577.431s][info][gc,heap     ] GC(310) Humongous regions: 37->37
[2025-12-22T21:38:30.935+0000][2577.431s][info][gc,metaspace] GC(310) Metaspace: 87418K(88320K)->87418K(88320K) NonClass: 76098K(76544K)->76098K(76544K) Class: 11320K(11776K)->11320K(11776K)
[2025-12-22T21:38:30.935+0000][2577.431s][info][gc          ] GC(310) Pause Young (Normal) (G1 Evacuation Pause) 763M->89M(1128M) 5.222ms
[2025-12-22T21:38:30.935+0000][2577.431s][info][gc,cpu      ] GC(310) User=0.01s Sys=0.00s Real=0.01s
[2025-12-22T21:38:40.607+0000][2587.103s][info][gc,start    ] GC(311) Pause Young (Normal) (G1 Evacuation Pause)
[2025-12-22T21:38:40.607+0000][2587.103s][info][gc,task     ] GC(311) Using 3 workers of 3 for evacuation
[2025-12-22T21:38:40.612+0000][2587.108s][info][gc,phases   ] GC(311)   Pre Evacuate Collection Set: 0.4ms
[2025-12-22T21:38:40.612+0000][2587.108s][info][gc,phases   ] GC(311)   Merge Heap Roots: 0.2ms
[2025-12-22T21:38:40.612+0000][2587.108s][info][gc,phases   ] GC(311)   Evacuate Collection Set: 2.9ms
[2025-12-22T21:38:40.612+0000][2587.109s][info][gc,phases   ] GC(311)   Post Evacuate Collection Set: 1.1ms
[2025-12-22T21:38:40.612+0000][2587.109s][info][gc,phases   ] GC(311)   Other: 0.8ms
[2025-12-22T21:38:40.613+0000][2587.109s][info][gc,heap     ] GC(311) Eden regions: 675->0(675)
[2025-12-22T21:38:40.613+0000][2587.109s][info][gc,heap     ] GC(311) Survivor regions: 1->1(85)
[2025-12-22T21:38:40.613+0000][2587.109s][info][gc,heap     ] GC(311) Old regions: 51->51
[2025-12-22T21:38:40.613+0000][2587.109s][info][gc,heap     ] GC(311) Archive regions: 2->2
[2025-12-22T21:38:40.613+0000][2587.109s][info][gc,heap     ] GC(311) Humongous regions: 37->37
[2025-12-22T21:38:40.613+0000][2587.109s][info][gc,metaspace] GC(311) Metaspace: 87419K(88320K)->87419K(88320K) NonClass: 76099K(76544K)->76099K(76544K) Class: 11320K(11776K)->11320K(11776K)
[2025-12-22T21:38:40.613+0000][2587.109s][info][gc          ] GC(311) Pause Young (Normal) (G1 Evacuation Pause) 764M->88M(1128M) 6.718ms
[2025-12-22T21:38:40.613+0000][2587.110s][info][gc,cpu      ] GC(311) User=0.01s Sys=0.00s Real=0.00s
[2025-12-22T21:38:48.591+0000][2595.087s][info][gc,start    ] GC(312) Pause Young (Normal) (G1 Evacuation Pause)
[2025-12-22T21:38:48.591+0000][2595.087s][info][gc,task     ] GC(312) Using 3 workers of 3 for evacuation
[2025-12-22T21:38:48.595+0000][2595.091s][info][gc,phases   ] GC(312)   Pre Evacuate Collection Set: 0.2ms
[2025-12-22T21:38:48.595+0000][2595.092s][info][gc,phases   ] GC(312)   Merge Heap Roots: 0.1ms
[2025-12-22T21:38:48.595+0000][2595.092s][info][gc,phases   ] GC(312)   Evacuate Collection Set: 2.6ms
[2025-12-22T21:38:48.595+0000][2595.092s][info][gc,phases   ] GC(312)   Post Evacuate Collection Set: 0.9ms
[2025-12-22T21:38:48.595+0000][2595.092s][info][gc,phases   ] GC(312)   Other: 0.8ms
[2025-12-22T21:38:48.596+0000][2595.092s][info][gc,heap     ] GC(312) Eden regions: 675->0(675)
[2025-12-22T21:38:48.596+0000][2595.092s][info][gc,heap     ] GC(312) Survivor regions: 1->1(85)
[2025-12-22T21:38:48.596+0000][2595.092s][info][gc,heap     ] GC(312) Old regions: 51->51
[2025-12-22T21:38:48.596+0000][2595.092s][info][gc,heap     ] GC(312) Archive regions: 2->2
[2025-12-22T21:38:48.596+0000][2595.092s][info][gc,heap     ] GC(312) Humongous regions: 37->37
[2025-12-22T21:38:48.596+0000][2595.092s][info][gc,metaspace] GC(312) Metaspace: 87419K(88320K)->87419K(88320K) NonClass: 76099K(76544K)->76099K(76544K) Class: 11320K(11776K)->11320K(11776K)
[2025-12-22T21:38:48.596+0000][2595.092s][info][gc          ] GC(312) Pause Young (Normal) (G1 Evacuation Pause) 763M->88M(1128M) 5.426ms
[2025-12-22T21:38:48.596+0000][2595.092s][info][gc,cpu      ] GC(312) User=0.01s Sys=0.00s Real=0.01s
[2025-12-22T21:38:57.963+0000][2604.459s][info][gc,start    ] GC(313) Pause Young (Normal) (G1 Evacuation Pause)
[2025-12-22T21:38:57.964+0000][2604.460s][info][gc,task     ] GC(313) Using 3 workers of 3 for evacuation
[2025-12-22T21:38:57.981+0000][2604.477s][info][gc,phases   ] GC(313)   Pre Evacuate Collection Set: 1.1ms
[2025-12-22T21:38:57.981+0000][2604.477s][info][gc,phases   ] GC(313)   Merge Heap Roots: 4.2ms
[2025-12-22T21:38:57.981+0000][2604.477s][info][gc,phases   ] GC(313)   Evacuate Collection Set: 8.1ms
[2025-12-22T21:38:57.981+0000][2604.478s][info][gc,phases   ] GC(313)   Post Evacuate Collection Set: 3.1ms
[2025-12-22T21:38:57.981+0000][2604.478s][info][gc,phases   ] GC(313)   Other: 1.4ms
[2025-12-22T21:38:57.982+0000][2604.478s][info][gc,heap     ] GC(313) Eden regions: 675->0(675)
[2025-12-22T21:38:57.982+0000][2604.478s][info][gc,heap     ] GC(313) Survivor regions: 1->1(85)
[2025-12-22T21:38:57.982+0000][2604.478s][info][gc,heap     ] GC(313) Old regions: 51->51
[2025-12-22T21:38:57.982+0000][2604.478s][info][gc,heap     ] GC(313) Archive regions: 2->2
[2025-12-22T21:38:57.982+0000][2604.478s][info][gc,heap     ] GC(313) Humongous regions: 37->37
[2025-12-22T21:38:57.982+0000][2604.478s][info][gc,metaspace] GC(313) Metaspace: 87419K(88320K)->87419K(88320K) NonClass: 76099K(76544K)->76099K(76544K) Class: 11320K(11776K)->11320K(11776K)
[2025-12-22T21:38:57.982+0000][2604.478s][info][gc          ] GC(313) Pause Young (Normal) (G1 Evacuation Pause) 763M->89M(1128M) 19.139ms
[2025-12-22T21:38:57.982+0000][2604.479s][info][gc,cpu      ] GC(313) User=0.04s Sys=0.00s Real=0.02s
[2025-12-22T21:39:06.248+0000][2612.744s][info][gc,start    ] GC(314) Pause Young (Normal) (G1 Evacuation Pause)
[2025-12-22T21:39:06.249+0000][2612.745s][info][gc,task     ] GC(314) Using 3 workers of 3 for evacuation
[2025-12-22T21:39:06.251+0000][2612.748s][info][gc,phases   ] GC(314)   Pre Evacuate Collection Set: 0.2ms
[2025-12-22T21:39:06.252+0000][2612.748s][info][gc,phases   ] GC(314)   Merge Heap Roots: 0.2ms
[2025-12-22T21:39:06.252+0000][2612.748s][info][gc,phases   ] GC(314)   Evacuate Collection Set: 1.7ms
[2025-12-22T21:39:06.252+0000][2612.748s][info][gc,phases   ] GC(314)   Post Evacuate Collection Set: 0.5ms
[2025-12-22T21:39:06.252+0000][2612.748s][info][gc,phases   ] GC(314)   Other: 0.9ms
[2025-12-22T21:39:06.252+0000][2612.748s][info][gc,heap     ] GC(314) Eden regions: 675->0(675)
[2025-12-22T21:39:06.252+0000][2612.748s][info][gc,heap     ] GC(314) Survivor regions: 1->1(85)
[2025-12-22T21:39:06.252+0000][2612.748s][info][gc,heap     ] GC(314) Old regions: 51->51
[2025-12-22T21:39:06.252+0000][2612.748s][info][gc,heap     ] GC(314) Archive regions: 2->2
[2025-12-22T21:39:06.252+0000][2612.748s][info][gc,heap     ] GC(314) Humongous regions: 37->37
[2025-12-22T21:39:06.252+0000][2612.748s][info][gc,metaspace] GC(314) Metaspace: 87419K(88320K)->87419K(88320K) NonClass: 76099K(76544K)->76099K(76544K) Class: 11320K(11776K)->11320K(11776K)
[2025-12-22T21:39:06.252+0000][2612.748s][info][gc          ] GC(314) Pause Young (Normal) (G1 Evacuation Pause) 764M->88M(1128M) 4.133ms
[2025-12-22T21:39:06.252+0000][2612.749s][info][gc,cpu      ] GC(314) User=0.00s Sys=0.00s Real=0.00s
[2025-12-22T21:39:14.129+0000][2620.625s][info][gc,start    ] GC(315) Pause Young (Normal) (G1 Evacuation Pause)
[2025-12-22T21:39:14.129+0000][2620.626s][info][gc,task     ] GC(315) Using 3 workers of 3 for evacuation
[2025-12-22T21:39:14.133+0000][2620.629s][info][gc,phases   ] GC(315)   Pre Evacuate Collection Set: 0.4ms
[2025-12-22T21:39:14.133+0000][2620.629s][info][gc,phases   ] GC(315)   Merge Heap Roots: 0.1ms
[2025-12-22T21:39:14.133+0000][2620.629s][info][gc,phases   ] GC(315)   Evacuate Collection Set: 2.0ms
[2025-12-22T21:39:14.133+0000][2620.629s][info][gc,phases   ] GC(315)   Post Evacuate Collection Set: 0.7ms
[2025-12-22T21:39:14.133+0000][2620.629s][info][gc,phases   ] GC(315)   Other: 0.7ms
[2025-12-22T21:39:14.133+0000][2620.629s][info][gc,heap     ] GC(315) Eden regions: 675->0(675)
[2025-12-22T21:39:14.133+0000][2620.629s][info][gc,heap     ] GC(315) Survivor regions: 1->1(85)
[2025-12-22T21:39:14.133+0000][2620.629s][info][gc,heap     ] GC(315) Old regions: 51->51
[2025-12-22T21:39:14.133+0000][2620.629s][info][gc,heap     ] GC(315) Archive regions: 2->2
[2025-12-22T21:39:14.133+0000][2620.629s][info][gc,heap     ] GC(315) Humongous regions: 37->37
[2025-12-22T21:39:14.133+0000][2620.629s][info][gc,metaspace] GC(315) Metaspace: 87419K(88320K)->87419K(88320K) NonClass: 76099K(76544K)->76099K(76544K) Class: 11320K(11776K)->11320K(11776K)
[2025-12-22T21:39:14.133+0000][2620.630s][info][gc          ] GC(315) Pause Young (Normal) (G1 Evacuation Pause) 763M->88M(1128M) 4.434ms
[2025-12-22T21:39:14.133+0000][2620.630s][info][gc,cpu      ] GC(315) User=0.01s Sys=0.00s Real=0.00s
[2025-12-22T21:39:23.504+0000][2630.000s][info][gc,start    ] GC(316) Pause Young (Normal) (G1 Evacuation Pause)
[2025-12-22T21:39:23.505+0000][2630.001s][info][gc,task     ] GC(316) Using 3 workers of 3 for evacuation
[2025-12-22T21:39:23.507+0000][2630.003s][info][gc,phases   ] GC(316)   Pre Evacuate Collection Set: 0.1ms
[2025-12-22T21:39:23.507+0000][2630.003s][info][gc,phases   ] GC(316)   Merge Heap Roots: 0.1ms
[2025-12-22T21:39:23.507+0000][2630.003s][info][gc,phases   ] GC(316)   Evacuate Collection Set: 1.0ms
[2025-12-22T21:39:23.507+0000][2630.004s][info][gc,phases   ] GC(316)   Post Evacuate Collection Set: 0.4ms
[2025-12-22T21:39:23.507+0000][2630.004s][info][gc,phases   ] GC(316)   Other: 1.2ms
[2025-12-22T21:39:23.508+0000][2630.004s][info][gc,heap     ] GC(316) Eden regions: 675->0(675)
[2025-12-22T21:39:23.508+0000][2630.004s][info][gc,heap     ] GC(316) Survivor regions: 1->1(85)
[2025-12-22T21:39:23.508+0000][2630.004s][info][gc,heap     ] GC(316) Old regions: 51->51
[2025-12-22T21:39:23.508+0000][2630.004s][info][gc,heap     ] GC(316) Archive regions: 2->2
[2025-12-22T21:39:23.508+0000][2630.004s][info][gc,heap     ] GC(316) Humongous regions: 37->37
[2025-12-22T21:39:23.508+0000][2630.004s][info][gc,metaspace] GC(316) Metaspace: 87419K(88320K)->87419K(88320K) NonClass: 76099K(76544K)->76099K(76544K) Class: 11320K(11776K)->11320K(11776K)
[2025-12-22T21:39:23.508+0000][2630.004s][info][gc          ] GC(316) Pause Young (Normal) (G1 Evacuation Pause) 763M->89M(1128M) 3.911ms
[2025-12-22T21:39:23.508+0000][2630.004s][info][gc,cpu      ] GC(316) User=0.00s Sys=0.00s Real=0.01s
[2025-12-22T21:39:31.501+0000][2637.997s][info][gc,start    ] GC(317) Pause Young (Normal) (G1 Evacuation Pause)
[2025-12-22T21:39:31.502+0000][2637.998s][info][gc,task     ] GC(317) Using 3 workers of 3 for evacuation
[2025-12-22T21:39:31.504+0000][2638.000s][info][gc,phases   ] GC(317)   Pre Evacuate Collection Set: 0.2ms
[2025-12-22T21:39:31.504+0000][2638.000s][info][gc,phases   ] GC(317)   Merge Heap Roots: 0.2ms
[2025-12-22T21:39:31.504+0000][2638.000s][info][gc,phases   ] GC(317)   Evacuate Collection Set: 1.3ms
[2025-12-22T21:39:31.504+0000][2638.000s][info][gc,phases   ] GC(317)   Post Evacuate Collection Set: 0.5ms
[2025-12-22T21:39:31.504+0000][2638.000s][info][gc,phases   ] GC(317)   Other: 0.7ms
[2025-12-22T21:39:31.504+0000][2638.000s][info][gc,heap     ] GC(317) Eden regions: 675->0(675)
[2025-12-22T21:39:31.504+0000][2638.001s][info][gc,heap     ] GC(317) Survivor regions: 1->1(85)
[2025-12-22T21:39:31.504+0000][2638.001s][info][gc,heap     ] GC(317) Old regions: 51->51
[2025-12-22T21:39:31.504+0000][2638.001s][info][gc,heap     ] GC(317) Archive regions: 2->2
[2025-12-22T21:39:31.505+0000][2638.001s][info][gc,heap     ] GC(317) Humongous regions: 37->37
[2025-12-22T21:39:31.505+0000][2638.001s][info][gc,metaspace] GC(317) Metaspace: 87423K(88320K)->87423K(88320K) NonClass: 76103K(76544K)->76103K(76544K) Class: 11320K(11776K)->11320K(11776K)
[2025-12-22T21:39:31.505+0000][2638.001s][info][gc          ] GC(317) Pause Young (Normal) (G1 Evacuation Pause) 764M->89M(1128M) 3.605ms
[2025-12-22T21:39:31.505+0000][2638.001s][info][gc,cpu      ] GC(317) User=0.01s Sys=0.00s Real=0.01s
[2025-12-22T21:39:41.026+0000][2647.522s][info][gc,start    ] GC(318) Pause Young (Normal) (G1 Evacuation Pause)
[2025-12-22T21:39:41.026+0000][2647.522s][info][gc,task     ] GC(318) Using 3 workers of 3 for evacuation
[2025-12-22T21:39:41.031+0000][2647.527s][info][gc,phases   ] GC(318)   Pre Evacuate Collection Set: 0.4ms
[2025-12-22T21:39:41.031+0000][2647.527s][info][gc,phases   ] GC(318)   Merge Heap Roots: 0.2ms
[2025-12-22T21:39:41.031+0000][2647.527s][info][gc,phases   ] GC(318)   Evacuate Collection Set: 2.6ms
[2025-12-22T21:39:41.031+0000][2647.527s][info][gc,phases   ] GC(318)   Post Evacuate Collection Set: 0.8ms
[2025-12-22T21:39:41.031+0000][2647.527s][info][gc,phases   ] GC(318)   Other: 0.7ms
[2025-12-22T21:39:41.031+0000][2647.527s][info][gc,heap     ] GC(318) Eden regions: 675->0(675)
[2025-12-22T21:39:41.031+0000][2647.527s][info][gc,heap     ] GC(318) Survivor regions: 1->1(85)
[2025-12-22T21:39:41.031+0000][2647.527s][info][gc,heap     ] GC(318) Old regions: 51->51
[2025-12-22T21:39:41.031+0000][2647.527s][info][gc,heap     ] GC(318) Archive regions: 2->2
[2025-12-22T21:39:41.031+0000][2647.527s][info][gc,heap     ] GC(318) Humongous regions: 37->37
[2025-12-22T21:39:41.031+0000][2647.528s][info][gc,metaspace] GC(318) Metaspace: 87423K(88320K)->87423K(88320K) NonClass: 76103K(76544K)->76103K(76544K) Class: 11320K(11776K)->11320K(11776K)
[2025-12-22T21:39:41.031+0000][2647.528s][info][gc          ] GC(318) Pause Young (Normal) (G1 Evacuation Pause) 764M->89M(1128M) 5.594ms
[2025-12-22T21:39:41.032+0000][2647.528s][info][gc,cpu      ] GC(318) User=0.01s Sys=0.00s Real=0.00s
[2025-12-22T21:39:48.963+0000][2655.459s][info][gc,start    ] GC(319) Pause Young (Normal) (G1 Evacuation Pause)
[2025-12-22T21:39:48.963+0000][2655.459s][info][gc,task     ] GC(319) Using 3 workers of 3 for evacuation
[2025-12-22T21:39:48.966+0000][2655.462s][info][gc,phases   ] GC(319)   Pre Evacuate Collection Set: 0.3ms
[2025-12-22T21:39:48.966+0000][2655.462s][info][gc,phases   ] GC(319)   Merge Heap Roots: 0.1ms
[2025-12-22T21:39:48.966+0000][2655.463s][info][gc,phases   ] GC(319)   Evacuate Collection Set: 1.7ms
[2025-12-22T21:39:48.966+0000][2655.463s][info][gc,phases   ] GC(319)   Post Evacuate Collection Set: 0.6ms
[2025-12-22T21:39:48.967+0000][2655.463s][info][gc,phases   ] GC(319)   Other: 0.7ms
[2025-12-22T21:39:48.967+0000][2655.463s][info][gc,heap     ] GC(319) Eden regions: 675->0(675)
[2025-12-22T21:39:48.967+0000][2655.463s][info][gc,heap     ] GC(319) Survivor regions: 1->1(85)
[2025-12-22T21:39:48.967+0000][2655.463s][info][gc,heap     ] GC(319) Old regions: 51->51
[2025-12-22T21:39:48.967+0000][2655.463s][info][gc,heap     ] GC(319) Archive regions: 2->2
[2025-12-22T21:39:48.967+0000][2655.463s][info][gc,heap     ] GC(319) Humongous regions: 37->37
[2025-12-22T21:39:48.967+0000][2655.463s][info][gc,metaspace] GC(319) Metaspace: 87425K(88320K)->87425K(88320K) NonClass: 76105K(76544K)->76105K(76544K) Class: 11320K(11776K)->11320K(11776K)
[2025-12-22T21:39:48.967+0000][2655.463s][info][gc          ] GC(319) Pause Young (Normal) (G1 Evacuation Pause) 764M->89M(1128M) 4.244ms
[2025-12-22T21:39:48.967+0000][2655.463s][info][gc,cpu      ] GC(319) User=0.01s Sys=0.00s Real=0.01s
[2025-12-22T21:39:57.917+0000][2664.413s][info][gc,start    ] GC(320) Pause Young (Normal) (G1 Evacuation Pause)
[2025-12-22T21:39:57.918+0000][2664.414s][info][gc,task     ] GC(320) Using 3 workers of 3 for evacuation
[2025-12-22T21:39:57.921+0000][2664.417s][info][gc,phases   ] GC(320)   Pre Evacuate Collection Set: 0.2ms
[2025-12-22T21:39:57.921+0000][2664.417s][info][gc,phases   ] GC(320)   Merge Heap Roots: 0.2ms
[2025-12-22T21:39:57.921+0000][2664.417s][info][gc,phases   ] GC(320)   Evacuate Collection Set: 1.7ms
[2025-12-22T21:39:57.921+0000][2664.417s][info][gc,phases   ] GC(320)   Post Evacuate Collection Set: 0.6ms
[2025-12-22T21:39:57.921+0000][2664.417s][info][gc,phases   ] GC(320)   Other: 0.8ms
[2025-12-22T21:39:57.921+0000][2664.418s][info][gc,heap     ] GC(320) Eden regions: 675->0(675)
[2025-12-22T21:39:57.921+0000][2664.418s][info][gc,heap     ] GC(320) Survivor regions: 1->1(85)
[2025-12-22T21:39:57.921+0000][2664.418s][info][gc,heap     ] GC(320) Old regions: 51->51
[2025-12-22T21:39:57.921+0000][2664.418s][info][gc,heap     ] GC(320) Archive regions: 2->2
[2025-12-22T21:39:57.922+0000][2664.418s][info][gc,heap     ] GC(320) Humongous regions: 37->37
[2025-12-22T21:39:57.922+0000][2664.418s][info][gc,metaspace] GC(320) Metaspace: 87427K(88320K)->87427K(88320K) NonClass: 76107K(76544K)->76107K(76544K) Class: 11320K(11776K)->11320K(11776K)
[2025-12-22T21:39:57.922+0000][2664.418s][info][gc          ] GC(320) Pause Young (Normal) (G1 Evacuation Pause) 764M->89M(1128M) 4.490ms
[2025-12-22T21:39:57.922+0000][2664.418s][info][gc,cpu      ] GC(320) User=0.01s Sys=0.00s Real=0.00s
[2025-12-22T21:40:07.501+0000][2673.998s][info][gc,start    ] GC(321) Pause Young (Normal) (G1 Evacuation Pause)
[2025-12-22T21:40:07.502+0000][2673.998s][info][gc,task     ] GC(321) Using 3 workers of 3 for evacuation
[2025-12-22T21:40:07.512+0000][2674.009s][info][gc,phases   ] GC(321)   Pre Evacuate Collection Set: 0.5ms
[2025-12-22T21:40:07.513+0000][2674.009s][info][gc,phases   ] GC(321)   Merge Heap Roots: 0.2ms
[2025-12-22T21:40:07.513+0000][2674.010s][info][gc,phases   ] GC(321)   Evacuate Collection Set: 6.7ms
[2025-12-22T21:40:07.514+0000][2674.010s][info][gc,phases   ] GC(321)   Post Evacuate Collection Set: 2.7ms
[2025-12-22T21:40:07.514+0000][2674.010s][info][gc,phases   ] GC(321)   Other: 0.9ms
[2025-12-22T21:40:07.514+0000][2674.010s][info][gc,heap     ] GC(321) Eden regions: 675->0(675)
[2025-12-22T21:40:07.515+0000][2674.012s][info][gc,heap     ] GC(321) Survivor regions: 1->1(85)
[2025-12-22T21:40:07.517+0000][2674.013s][info][gc,heap     ] GC(321) Old regions: 51->51
[2025-12-22T21:40:07.517+0000][2674.013s][info][gc,heap     ] GC(321) Archive regions: 2->2
[2025-12-22T21:40:07.517+0000][2674.013s][info][gc,heap     ] GC(321) Humongous regions: 37->37
[2025-12-22T21:40:07.517+0000][2674.013s][info][gc,metaspace] GC(321) Metaspace: 87427K(88320K)->87427K(88320K) NonClass: 76107K(76544K)->76107K(76544K) Class: 11320K(11776K)->11320K(11776K)
[2025-12-22T21:40:07.517+0000][2674.013s][info][gc          ] GC(321) Pause Young (Normal) (G1 Evacuation Pause) 764M->89M(1128M) 15.796ms
[2025-12-22T21:40:07.517+0000][2674.014s][info][gc,cpu      ] GC(321) User=0.03s Sys=0.00s Real=0.02s
[2025-12-22T21:40:15.386+0000][2681.882s][info][gc,start    ] GC(322) Pause Young (Normal) (G1 Evacuation Pause)
[2025-12-22T21:40:15.387+0000][2681.883s][info][gc,task     ] GC(322) Using 3 workers of 3 for evacuation
[2025-12-22T21:40:15.389+0000][2681.885s][info][gc,phases   ] GC(322)   Pre Evacuate Collection Set: 0.1ms
[2025-12-22T21:40:15.389+0000][2681.886s][info][gc,phases   ] GC(322)   Merge Heap Roots: 0.2ms
[2025-12-22T21:40:15.389+0000][2681.886s][info][gc,phases   ] GC(322)   Evacuate Collection Set: 1.1ms
[2025-12-22T21:40:15.390+0000][2681.886s][info][gc,phases   ] GC(322)   Post Evacuate Collection Set: 0.5ms
[2025-12-22T21:40:15.390+0000][2681.886s][info][gc,phases   ] GC(322)   Other: 1.4ms
[2025-12-22T21:40:15.390+0000][2681.886s][info][gc,heap     ] GC(322) Eden regions: 675->0(675)
[2025-12-22T21:40:15.390+0000][2681.886s][info][gc,heap     ] GC(322) Survivor regions: 1->1(85)
[2025-12-22T21:40:15.390+0000][2681.886s][info][gc,heap     ] GC(322) Old regions: 51->51
[2025-12-22T21:40:15.390+0000][2681.886s][info][gc,heap     ] GC(322) Archive regions: 2->2
[2025-12-22T21:40:15.390+0000][2681.886s][info][gc,heap     ] GC(322) Humongous regions: 37->37
[2025-12-22T21:40:15.390+0000][2681.886s][info][gc,metaspace] GC(322) Metaspace: 87427K(88320K)->87427K(88320K) NonClass: 76107K(76544K)->76107K(76544K) Class: 11320K(11776K)->11320K(11776K)
[2025-12-22T21:40:15.390+0000][2681.886s][info][gc          ] GC(322) Pause Young (Normal) (G1 Evacuation Pause) 764M->89M(1128M) 4.279ms
[2025-12-22T21:40:15.390+0000][2681.887s][info][gc,cpu      ] GC(322) User=0.01s Sys=0.00s Real=0.00s
[2025-12-22T21:40:25.225+0000][2691.722s][info][gc,start    ] GC(323) Pause Young (Normal) (G1 Evacuation Pause)
[2025-12-22T21:40:25.226+0000][2691.723s][info][gc,task     ] GC(323) Using 3 workers of 3 for evacuation
[2025-12-22T21:40:25.231+0000][2691.728s][info][gc,phases   ] GC(323)   Pre Evacuate Collection Set: 0.4ms
[2025-12-22T21:40:25.231+0000][2691.728s][info][gc,phases   ] GC(323)   Merge Heap Roots: 0.2ms
[2025-12-22T21:40:25.232+0000][2691.728s][info][gc,phases   ] GC(323)   Evacuate Collection Set: 3.0ms
[2025-12-22T21:40:25.232+0000][2691.728s][info][gc,phases   ] GC(323)   Post Evacuate Collection Set: 0.9ms
[2025-12-22T21:40:25.232+0000][2691.728s][info][gc,phases   ] GC(323)   Other: 1.5ms
[2025-12-22T21:40:25.232+0000][2691.728s][info][gc,heap     ] GC(323) Eden regions: 675->0(675)
[2025-12-22T21:40:25.232+0000][2691.728s][info][gc,heap     ] GC(323) Survivor regions: 1->1(85)
[2025-12-22T21:40:25.232+0000][2691.728s][info][gc,heap     ] GC(323) Old regions: 51->51
[2025-12-22T21:40:25.232+0000][2691.728s][info][gc,heap     ] GC(323) Archive regions: 2->2
[2025-12-22T21:40:25.233+0000][2691.729s][info][gc,heap     ] GC(323) Humongous regions: 37->37
[2025-12-22T21:40:25.233+0000][2691.729s][info][gc,metaspace] GC(323) Metaspace: 87427K(88320K)->87427K(88320K) NonClass: 76107K(76544K)->76107K(76544K) Class: 11320K(11776K)->11320K(11776K)
[2025-12-22T21:40:25.233+0000][2691.729s][info][gc          ] GC(323) Pause Young (Normal) (G1 Evacuation Pause) 764M->89M(1128M) 7.522ms
[2025-12-22T21:40:25.233+0000][2691.729s][info][gc,cpu      ] GC(323) User=0.01s Sys=0.00s Real=0.00s
[2025-12-22T21:40:33.215+0000][2699.711s][info][gc,start    ] GC(324) Pause Young (Normal) (G1 Evacuation Pause)
[2025-12-22T21:40:33.216+0000][2699.712s][info][gc,task     ] GC(324) Using 3 workers of 3 for evacuation
[2025-12-22T21:40:33.218+0000][2699.714s][info][gc,phases   ] GC(324)   Pre Evacuate Collection Set: 0.1ms
[2025-12-22T21:40:33.218+0000][2699.714s][info][gc,phases   ] GC(324)   Merge Heap Roots: 0.1ms
[2025-12-22T21:40:33.218+0000][2699.714s][info][gc,phases   ] GC(324)   Evacuate Collection Set: 1.1ms
[2025-12-22T21:40:33.218+0000][2699.714s][info][gc,phases   ] GC(324)   Post Evacuate Collection Set: 0.4ms
[2025-12-22T21:40:33.218+0000][2699.715s][info][gc,phases   ] GC(324)   Other: 1.2ms
[2025-12-22T21:40:33.218+0000][2699.715s][info][gc,heap     ] GC(324) Eden regions: 675->0(675)
[2025-12-22T21:40:33.218+0000][2699.715s][info][gc,heap     ] GC(324) Survivor regions: 1->1(85)
[2025-12-22T21:40:33.219+0000][2699.715s][info][gc,heap     ] GC(324) Old regions: 51->51
[2025-12-22T21:40:33.219+0000][2699.715s][info][gc,heap     ] GC(324) Archive regions: 2->2
[2025-12-22T21:40:33.219+0000][2699.715s][info][gc,heap     ] GC(324) Humongous regions: 37->37
[2025-12-22T21:40:33.219+0000][2699.715s][info][gc,metaspace] GC(324) Metaspace: 87430K(88320K)->87430K(88320K) NonClass: 76110K(76544K)->76110K(76544K) Class: 11320K(11776K)->11320K(11776K)
[2025-12-22T21:40:33.219+0000][2699.715s][info][gc          ] GC(324) Pause Young (Normal) (G1 Evacuation Pause) 764M->89M(1128M) 4.084ms
[2025-12-22T21:40:33.219+0000][2699.715s][info][gc,cpu      ] GC(324) User=0.01s Sys=0.00s Real=0.00s
[2025-12-22T21:40:42.911+0000][2709.407s][info][gc,start    ] GC(325) Pause Young (Normal) (G1 Evacuation Pause)
[2025-12-22T21:40:42.912+0000][2709.408s][info][gc,task     ] GC(325) Using 3 workers of 3 for evacuation
[2025-12-22T21:40:42.917+0000][2709.413s][info][gc,phases   ] GC(325)   Pre Evacuate Collection Set: 0.3ms
[2025-12-22T21:40:42.917+0000][2709.413s][info][gc,phases   ] GC(325)   Merge Heap Roots: 0.2ms
[2025-12-22T21:40:42.917+0000][2709.413s][info][gc,phases   ] GC(325)   Evacuate Collection Set: 3.2ms
[2025-12-22T21:40:42.917+0000][2709.413s][info][gc,phases   ] GC(325)   Post Evacuate Collection Set: 0.7ms
[2025-12-22T21:40:42.917+0000][2709.414s][info][gc,phases   ] GC(325)   Other: 1.7ms
[2025-12-22T21:40:42.917+0000][2709.414s][info][gc,heap     ] GC(325) Eden regions: 675->0(675)
[2025-12-22T21:40:42.918+0000][2709.414s][info][gc,heap     ] GC(325) Survivor regions: 1->1(85)
[2025-12-22T21:40:42.918+0000][2709.414s][info][gc,heap     ] GC(325) Old regions: 51->51
[2025-12-22T21:40:42.918+0000][2709.414s][info][gc,heap     ] GC(325) Archive regions: 2->2
[2025-12-22T21:40:42.918+0000][2709.414s][info][gc,heap     ] GC(325) Humongous regions: 37->37
[2025-12-22T21:40:42.918+0000][2709.414s][info][gc,metaspace] GC(325) Metaspace: 87430K(88320K)->87430K(88320K) NonClass: 76110K(76544K)->76110K(76544K) Class: 11320K(11776K)->11320K(11776K)
[2025-12-22T21:40:42.918+0000][2709.415s][info][gc          ] GC(325) Pause Young (Normal) (G1 Evacuation Pause) 764M->89M(1128M) 7.724ms
[2025-12-22T21:40:42.919+0000][2709.415s][info][gc,cpu      ] GC(325) User=0.01s Sys=0.00s Real=0.01s
[2025-12-22T21:40:51.397+0000][2717.893s][info][gc,start    ] GC(326) Pause Young (Normal) (G1 Evacuation Pause)
[2025-12-22T21:40:51.397+0000][2717.894s][info][gc,task     ] GC(326) Using 3 workers of 3 for evacuation
[2025-12-22T21:40:51.405+0000][2717.901s][info][gc,phases   ] GC(326)   Pre Evacuate Collection Set: 0.7ms
[2025-12-22T21:40:51.406+0000][2717.902s][info][gc,phases   ] GC(326)   Merge Heap Roots: 0.4ms
[2025-12-22T21:40:51.406+0000][2717.902s][info][gc,phases   ] GC(326)   Evacuate Collection Set: 4.5ms
[2025-12-22T21:40:51.406+0000][2717.902s][info][gc,phases   ] GC(326)   Post Evacuate Collection Set: 1.6ms
[2025-12-22T21:40:51.406+0000][2717.903s][info][gc,phases   ] GC(326)   Other: 1.6ms
[2025-12-22T21:40:51.406+0000][2717.903s][info][gc,heap     ] GC(326) Eden regions: 675->0(675)
[2025-12-22T21:40:51.407+0000][2717.903s][info][gc,heap     ] GC(326) Survivor regions: 1->1(85)
[2025-12-22T21:40:51.407+0000][2717.903s][info][gc,heap     ] GC(326) Old regions: 51->51
[2025-12-22T21:40:51.407+0000][2717.903s][info][gc,heap     ] GC(326) Archive regions: 2->2
[2025-12-22T21:40:51.407+0000][2717.903s][info][gc,heap     ] GC(326) Humongous regions: 37->37
[2025-12-22T21:40:51.407+0000][2717.904s][info][gc,metaspace] GC(326) Metaspace: 87431K(88320K)->87431K(88320K) NonClass: 76111K(76544K)->76111K(76544K) Class: 11320K(11776K)->11320K(11776K)
[2025-12-22T21:40:51.408+0000][2717.904s][info][gc          ] GC(326) Pause Young (Normal) (G1 Evacuation Pause) 764M->89M(1128M) 10.860ms
[2025-12-22T21:40:51.408+0000][2717.904s][info][gc,cpu      ] GC(326) User=0.02s Sys=0.00s Real=0.01s
[2025-12-22T21:40:59.683+0000][2726.179s][info][gc,start    ] GC(327) Pause Young (Normal) (G1 Evacuation Pause)
[2025-12-22T21:40:59.684+0000][2726.180s][info][gc,task     ] GC(327) Using 3 workers of 3 for evacuation
[2025-12-22T21:40:59.688+0000][2726.184s][info][gc,phases   ] GC(327)   Pre Evacuate Collection Set: 0.4ms
[2025-12-22T21:40:59.688+0000][2726.185s][info][gc,phases   ] GC(327)   Merge Heap Roots: 0.3ms
[2025-12-22T21:40:59.689+0000][2726.185s][info][gc,phases   ] GC(327)   Evacuate Collection Set: 2.4ms
[2025-12-22T21:40:59.689+0000][2726.185s][info][gc,phases   ] GC(327)   Post Evacuate Collection Set: 0.8ms
[2025-12-22T21:40:59.689+0000][2726.185s][info][gc,phases   ] GC(327)   Other: 1.3ms
[2025-12-22T21:40:59.689+0000][2726.185s][info][gc,heap     ] GC(327) Eden regions: 675->0(675)
[2025-12-22T21:40:59.689+0000][2726.185s][info][gc,heap     ] GC(327) Survivor regions: 1->1(85)
[2025-12-22T21:40:59.689+0000][2726.185s][info][gc,heap     ] GC(327) Old regions: 51->51
[2025-12-22T21:40:59.689+0000][2726.186s][info][gc,heap     ] GC(327) Archive regions: 2->2
[2025-12-22T21:40:59.690+0000][2726.186s][info][gc,heap     ] GC(327) Humongous regions: 37->37
[2025-12-22T21:40:59.690+0000][2726.186s][info][gc,metaspace] GC(327) Metaspace: 87433K(88320K)->87433K(88320K) NonClass: 76112K(76544K)->76112K(76544K) Class: 11320K(11776K)->11320K(11776K)
[2025-12-22T21:40:59.690+0000][2726.186s][info][gc          ] GC(327) Pause Young (Normal) (G1 Evacuation Pause) 764M->89M(1128M) 6.653ms
[2025-12-22T21:40:59.690+0000][2726.186s][info][gc,cpu      ] GC(327) User=0.01s Sys=0.00s Real=0.01s
[2025-12-22T21:41:09.694+0000][2736.191s][info][gc,start    ] GC(328) Pause Young (Normal) (G1 Evacuation Pause)
[2025-12-22T21:41:09.696+0000][2736.192s][info][gc,task     ] GC(328) Using 3 workers of 3 for evacuation
[2025-12-22T21:41:09.698+0000][2736.195s][info][gc,phases   ] GC(328)   Pre Evacuate Collection Set: 0.2ms
[2025-12-22T21:41:09.698+0000][2736.195s][info][gc,phases   ] GC(328)   Merge Heap Roots: 0.2ms
[2025-12-22T21:41:09.699+0000][2736.195s][info][gc,phases   ] GC(328)   Evacuate Collection Set: 1.5ms
[2025-12-22T21:41:09.699+0000][2736.195s][info][gc,phases   ] GC(328)   Post Evacuate Collection Set: 0.7ms
[2025-12-22T21:41:09.699+0000][2736.195s][info][gc,phases   ] GC(328)   Other: 1.5ms
[2025-12-22T21:41:09.699+0000][2736.195s][info][gc,heap     ] GC(328) Eden regions: 675->0(675)
[2025-12-22T21:41:09.699+0000][2736.196s][info][gc,heap     ] GC(328) Survivor regions: 1->1(85)
[2025-12-22T21:41:09.699+0000][2736.196s][info][gc,heap     ] GC(328) Old regions: 51->51
[2025-12-22T21:41:09.700+0000][2736.196s][info][gc,heap     ] GC(328) Archive regions: 2->2
[2025-12-22T21:41:09.700+0000][2736.196s][info][gc,heap     ] GC(328) Humongous regions: 37->37
[2025-12-22T21:41:09.700+0000][2736.196s][info][gc,metaspace] GC(328) Metaspace: 87434K(88320K)->87434K(88320K) NonClass: 76114K(76544K)->76114K(76544K) Class: 11320K(11776K)->11320K(11776K)
[2025-12-22T21:41:09.700+0000][2736.197s][info][gc          ] GC(328) Pause Young (Normal) (G1 Evacuation Pause) 764M->89M(1128M) 5.950ms
[2025-12-22T21:41:09.701+0000][2736.197s][info][gc,cpu      ] GC(328) User=0.00s Sys=0.00s Real=0.01s
[2025-12-22T21:41:17.913+0000][2744.410s][info][gc,start    ] GC(329) Pause Young (Normal) (G1 Evacuation Pause)
[2025-12-22T21:41:17.915+0000][2744.411s][info][gc,task     ] GC(329) Using 3 workers of 3 for evacuation
[2025-12-22T21:41:17.918+0000][2744.414s][info][gc,phases   ] GC(329)   Pre Evacuate Collection Set: 0.2ms
[2025-12-22T21:41:17.918+0000][2744.414s][info][gc,phases   ] GC(329)   Merge Heap Roots: 0.1ms
[2025-12-22T21:41:17.918+0000][2744.414s][info][gc,phases   ] GC(329)   Evacuate Collection Set: 1.5ms
[2025-12-22T21:41:17.918+0000][2744.414s][info][gc,phases   ] GC(329)   Post Evacuate Collection Set: 0.8ms
[2025-12-22T21:41:17.918+0000][2744.414s][info][gc,phases   ] GC(329)   Other: 1.5ms
[2025-12-22T21:41:17.918+0000][2744.415s][info][gc,heap     ] GC(329) Eden regions: 675->0(675)
[2025-12-22T21:41:17.918+0000][2744.415s][info][gc,heap     ] GC(329) Survivor regions: 1->1(85)
[2025-12-22T21:41:17.919+0000][2744.415s][info][gc,heap     ] GC(329) Old regions: 51->51
[2025-12-22T21:41:17.919+0000][2744.415s][info][gc,heap     ] GC(329) Archive regions: 2->2
[2025-12-22T21:41:17.919+0000][2744.415s][info][gc,heap     ] GC(329) Humongous regions: 37->37
[2025-12-22T21:41:17.919+0000][2744.415s][info][gc,metaspace] GC(329) Metaspace: 87434K(88320K)->87434K(88320K) NonClass: 76114K(76544K)->76114K(76544K) Class: 11320K(11776K)->11320K(11776K)
[2025-12-22T21:41:17.919+0000][2744.415s][info][gc          ] GC(329) Pause Young (Normal) (G1 Evacuation Pause) 764M->89M(1128M) 5.832ms
[2025-12-22T21:41:17.919+0000][2744.416s][info][gc,cpu      ] GC(329) User=0.00s Sys=0.00s Real=0.01s
[2025-12-22T21:41:27.898+0000][2754.394s][info][gc,start    ] GC(330) Pause Young (Normal) (G1 Evacuation Pause)
[2025-12-22T21:41:27.899+0000][2754.395s][info][gc,task     ] GC(330) Using 3 workers of 3 for evacuation
[2025-12-22T21:41:27.906+0000][2754.402s][info][gc,phases   ] GC(330)   Pre Evacuate Collection Set: 0.6ms
[2025-12-22T21:41:27.906+0000][2754.403s][info][gc,phases   ] GC(330)   Merge Heap Roots: 0.3ms
[2025-12-22T21:41:27.907+0000][2754.403s][info][gc,phases   ] GC(330)   Evacuate Collection Set: 4.6ms
[2025-12-22T21:41:27.907+0000][2754.403s][info][gc,phases   ] GC(330)   Post Evacuate Collection Set: 1.4ms
[2025-12-22T21:41:27.907+0000][2754.403s][info][gc,phases   ] GC(330)   Other: 1.9ms
[2025-12-22T21:41:27.907+0000][2754.403s][info][gc,heap     ] GC(330) Eden regions: 675->0(675)
[2025-12-22T21:41:27.907+0000][2754.403s][info][gc,heap     ] GC(330) Survivor regions: 1->1(85)
[2025-12-22T21:41:27.907+0000][2754.403s][info][gc,heap     ] GC(330) Old regions: 51->51
[2025-12-22T21:41:27.907+0000][2754.404s][info][gc,heap     ] GC(330) Archive regions: 2->2
[2025-12-22T21:41:27.907+0000][2754.404s][info][gc,heap     ] GC(330) Humongous regions: 37->37
[2025-12-22T21:41:27.908+0000][2754.404s][info][gc,metaspace] GC(330) Metaspace: 87434K(88320K)->87434K(88320K) NonClass: 76114K(76544K)->76114K(76544K) Class: 11320K(11776K)->11320K(11776K)
[2025-12-22T21:41:27.908+0000][2754.404s][info][gc          ] GC(330) Pause Young (Normal) (G1 Evacuation Pause) 764M->89M(1128M) 10.148ms
[2025-12-22T21:41:27.908+0000][2754.404s][info][gc,cpu      ] GC(330) User=0.01s Sys=0.00s Real=0.01s
[2025-12-22T21:41:36.072+0000][2762.568s][info][gc,start    ] GC(331) Pause Young (Normal) (G1 Evacuation Pause)
[2025-12-22T21:41:36.072+0000][2762.569s][info][gc,task     ] GC(331) Using 3 workers of 3 for evacuation
[2025-12-22T21:41:36.077+0000][2762.573s][info][gc,phases   ] GC(331)   Pre Evacuate Collection Set: 0.2ms
[2025-12-22T21:41:36.077+0000][2762.573s][info][gc,phases   ] GC(331)   Merge Heap Roots: 0.2ms
[2025-12-22T21:41:36.077+0000][2762.574s][info][gc,phases   ] GC(331)   Evacuate Collection Set: 2.8ms
[2025-12-22T21:41:36.078+0000][2762.574s][info][gc,phases   ] GC(331)   Post Evacuate Collection Set: 1.0ms
[2025-12-22T21:41:36.078+0000][2762.574s][info][gc,phases   ] GC(331)   Other: 1.2ms
[2025-12-22T21:41:36.078+0000][2762.574s][info][gc,heap     ] GC(331) Eden regions: 675->0(675)
[2025-12-22T21:41:36.078+0000][2762.575s][info][gc,heap     ] GC(331) Survivor regions: 1->1(85)
[2025-12-22T21:41:36.078+0000][2762.575s][info][gc,heap     ] GC(331) Old regions: 51->51
[2025-12-22T21:41:36.079+0000][2762.575s][info][gc,heap     ] GC(331) Archive regions: 2->2
[2025-12-22T21:41:36.079+0000][2762.575s][info][gc,heap     ] GC(331) Humongous regions: 37->37
[2025-12-22T21:41:36.079+0000][2762.575s][info][gc,metaspace] GC(331) Metaspace: 87436K(88320K)->87436K(88320K) NonClass: 76116K(76544K)->76116K(76544K) Class: 11320K(11776K)->11320K(11776K)
[2025-12-22T21:41:36.079+0000][2762.576s][info][gc          ] GC(331) Pause Young (Normal) (G1 Evacuation Pause) 764M->89M(1128M) 7.733ms
[2025-12-22T21:41:36.080+0000][2762.576s][info][gc,cpu      ] GC(331) User=0.01s Sys=0.00s Real=0.01s
[2025-12-22T21:41:44.853+0000][2771.350s][info][gc,start    ] GC(332) Pause Young (Normal) (G1 Evacuation Pause)
[2025-12-22T21:41:44.855+0000][2771.351s][info][gc,task     ] GC(332) Using 3 workers of 3 for evacuation
[2025-12-22T21:41:44.860+0000][2771.356s][info][gc,phases   ] GC(332)   Pre Evacuate Collection Set: 0.6ms
[2025-12-22T21:41:44.860+0000][2771.356s][info][gc,phases   ] GC(332)   Merge Heap Roots: 0.2ms
[2025-12-22T21:41:44.860+0000][2771.356s][info][gc,phases   ] GC(332)   Evacuate Collection Set: 3.0ms
[2025-12-22T21:41:44.860+0000][2771.357s][info][gc,phases   ] GC(332)   Post Evacuate Collection Set: 1.1ms
[2025-12-22T21:41:44.860+0000][2771.357s][info][gc,phases   ] GC(332)   Other: 1.6ms
[2025-12-22T21:41:44.861+0000][2771.357s][info][gc,heap     ] GC(332) Eden regions: 675->0(675)
[2025-12-22T21:41:44.861+0000][2771.357s][info][gc,heap     ] GC(332) Survivor regions: 1->1(85)
[2025-12-22T21:41:44.861+0000][2771.357s][info][gc,heap     ] GC(332) Old regions: 51->51
[2025-12-22T21:41:44.861+0000][2771.357s][info][gc,heap     ] GC(332) Archive regions: 2->2
[2025-12-22T21:41:44.861+0000][2771.357s][info][gc,heap     ] GC(332) Humongous regions: 37->37
[2025-12-22T21:41:44.861+0000][2771.357s][info][gc,metaspace] GC(332) Metaspace: 87436K(88320K)->87436K(88320K) NonClass: 76116K(76544K)->76116K(76544K) Class: 11320K(11776K)->11320K(11776K)
[2025-12-22T21:41:44.861+0000][2771.358s][info][gc          ] GC(332) Pause Young (Normal) (G1 Evacuation Pause) 764M->89M(1128M) 7.944ms
[2025-12-22T21:41:44.861+0000][2771.358s][info][gc,cpu      ] GC(332) User=0.02s Sys=0.00s Real=0.01s
[2025-12-22T21:41:54.509+0000][2781.005s][info][gc,start    ] GC(333) Pause Young (Normal) (G1 Evacuation Pause)
[2025-12-22T21:41:54.509+0000][2781.006s][info][gc,task     ] GC(333) Using 3 workers of 3 for evacuation
[2025-12-22T21:41:54.511+0000][2781.008s][info][gc,phases   ] GC(333)   Pre Evacuate Collection Set: 0.2ms
[2025-12-22T21:41:54.511+0000][2781.008s][info][gc,phases   ] GC(333)   Merge Heap Roots: 0.1ms
[2025-12-22T21:41:54.512+0000][2781.008s][info][gc,phases   ] GC(333)   Evacuate Collection Set: 1.1ms
[2025-12-22T21:41:54.512+0000][2781.008s][info][gc,phases   ] GC(333)   Post Evacuate Collection Set: 0.4ms
[2025-12-22T21:41:54.512+0000][2781.008s][info][gc,phases   ] GC(333)   Other: 1.1ms
[2025-12-22T21:41:54.512+0000][2781.008s][info][gc,heap     ] GC(333) Eden regions: 675->0(675)
[2025-12-22T21:41:54.512+0000][2781.008s][info][gc,heap     ] GC(333) Survivor regions: 1->1(85)
[2025-12-22T21:41:54.513+0000][2781.009s][info][gc,heap     ] GC(333) Old regions: 51->51
[2025-12-22T21:41:54.513+0000][2781.010s][info][gc,heap     ] GC(333) Archive regions: 2->2
[2025-12-22T21:41:54.513+0000][2781.010s][info][gc,heap     ] GC(333) Humongous regions: 37->37
[2025-12-22T21:41:54.514+0000][2781.010s][info][gc,metaspace] GC(333) Metaspace: 87436K(88320K)->87436K(88320K) NonClass: 76116K(76544K)->76116K(76544K) Class: 11320K(11776K)->11320K(11776K)
[2025-12-22T21:41:54.514+0000][2781.010s][info][gc          ] GC(333) Pause Young (Normal) (G1 Evacuation Pause) 764M->89M(1128M) 5.160ms
[2025-12-22T21:41:54.514+0000][2781.010s][info][gc,cpu      ] GC(333) User=0.01s Sys=0.00s Real=0.00s
[2025-12-22T21:42:02.676+0000][2789.173s][info][gc,start    ] GC(334) Pause Young (Normal) (G1 Evacuation Pause)
[2025-12-22T21:42:02.678+0000][2789.174s][info][gc,task     ] GC(334) Using 3 workers of 3 for evacuation
[2025-12-22T21:42:02.682+0000][2789.178s][info][gc,phases   ] GC(334)   Pre Evacuate Collection Set: 0.4ms
[2025-12-22T21:42:02.682+0000][2789.178s][info][gc,phases   ] GC(334)   Merge Heap Roots: 0.2ms
[2025-12-22T21:42:02.682+0000][2789.178s][info][gc,phases   ] GC(334)   Evacuate Collection Set: 2.5ms
[2025-12-22T21:42:02.682+0000][2789.178s][info][gc,phases   ] GC(334)   Post Evacuate Collection Set: 0.9ms
[2025-12-22T21:42:02.682+0000][2789.178s][info][gc,phases   ] GC(334)   Other: 1.5ms
[2025-12-22T21:42:02.682+0000][2789.179s][info][gc,heap     ] GC(334) Eden regions: 675->0(675)
[2025-12-22T21:42:02.682+0000][2789.179s][info][gc,heap     ] GC(334) Survivor regions: 1->1(85)
[2025-12-22T21:42:02.683+0000][2789.179s][info][gc,heap     ] GC(334) Old regions: 51->51
[2025-12-22T21:42:02.683+0000][2789.179s][info][gc,heap     ] GC(334) Archive regions: 2->2
[2025-12-22T21:42:02.683+0000][2789.179s][info][gc,heap     ] GC(334) Humongous regions: 37->37
[2025-12-22T21:42:02.683+0000][2789.179s][info][gc,metaspace] GC(334) Metaspace: 87438K(88320K)->87438K(88320K) NonClass: 76118K(76544K)->76118K(76544K) Class: 11320K(11776K)->11320K(11776K)
[2025-12-22T21:42:02.683+0000][2789.179s][info][gc          ] GC(334) Pause Young (Normal) (G1 Evacuation Pause) 764M->89M(1128M) 6.653ms
[2025-12-22T21:42:02.683+0000][2789.180s][info][gc,cpu      ] GC(334) User=0.02s Sys=0.00s Real=0.00s
[2025-12-22T21:42:12.172+0000][2798.668s][info][gc,start    ] GC(335) Pause Young (Normal) (G1 Evacuation Pause)
[2025-12-22T21:42:12.172+0000][2798.669s][info][gc,task     ] GC(335) Using 3 workers of 3 for evacuation
[2025-12-22T21:42:12.174+0000][2798.670s][info][gc,phases   ] GC(335)   Pre Evacuate Collection Set: 0.1ms
[2025-12-22T21:42:12.174+0000][2798.670s][info][gc,phases   ] GC(335)   Merge Heap Roots: 0.1ms
[2025-12-22T21:42:12.174+0000][2798.670s][info][gc,phases   ] GC(335)   Evacuate Collection Set: 0.9ms
[2025-12-22T21:42:12.174+0000][2798.670s][info][gc,phases   ] GC(335)   Post Evacuate Collection Set: 0.4ms
[2025-12-22T21:42:12.174+0000][2798.670s][info][gc,phases   ] GC(335)   Other: 0.6ms
[2025-12-22T21:42:12.174+0000][2798.671s][info][gc,heap     ] GC(335) Eden regions: 675->0(675)
[2025-12-22T21:42:12.174+0000][2798.671s][info][gc,heap     ] GC(335) Survivor regions: 1->1(85)
[2025-12-22T21:42:12.174+0000][2798.671s][info][gc,heap     ] GC(335) Old regions: 51->51
[2025-12-22T21:42:12.174+0000][2798.671s][info][gc,heap     ] GC(335) Archive regions: 2->2
[2025-12-22T21:42:12.174+0000][2798.671s][info][gc,heap     ] GC(335) Humongous regions: 37->37
[2025-12-22T21:42:12.175+0000][2798.671s][info][gc,metaspace] GC(335) Metaspace: 87440K(88320K)->87440K(88320K) NonClass: 76119K(76544K)->76119K(76544K) Class: 11320K(11776K)->11320K(11776K)
[2025-12-22T21:42:12.175+0000][2798.671s][info][gc          ] GC(335) Pause Young (Normal) (G1 Evacuation Pause) 764M->89M(1128M) 2.659ms
[2025-12-22T21:42:12.175+0000][2798.671s][info][gc,cpu      ] GC(335) User=0.00s Sys=0.01s Real=0.00s
[2025-12-22T21:42:20.165+0000][2806.661s][info][gc,start    ] GC(336) Pause Young (Normal) (G1 Evacuation Pause)
[2025-12-22T21:42:20.165+0000][2806.661s][info][gc,task     ] GC(336) Using 3 workers of 3 for evacuation
[2025-12-22T21:42:20.169+0000][2806.665s][info][gc,phases   ] GC(336)   Pre Evacuate Collection Set: 0.4ms
[2025-12-22T21:42:20.169+0000][2806.665s][info][gc,phases   ] GC(336)   Merge Heap Roots: 0.2ms
[2025-12-22T21:42:20.169+0000][2806.665s][info][gc,phases   ] GC(336)   Evacuate Collection Set: 2.3ms
[2025-12-22T21:42:20.169+0000][2806.665s][info][gc,phases   ] GC(336)   Post Evacuate Collection Set: 0.8ms
[2025-12-22T21:42:20.169+0000][2806.666s][info][gc,phases   ] GC(336)   Other: 1.0ms
[2025-12-22T21:42:20.169+0000][2806.666s][info][gc,heap     ] GC(336) Eden regions: 675->0(675)
[2025-12-22T21:42:20.169+0000][2806.666s][info][gc,heap     ] GC(336) Survivor regions: 1->1(85)
[2025-12-22T21:42:20.170+0000][2806.666s][info][gc,heap     ] GC(336) Old regions: 51->51
[2025-12-22T21:42:20.170+0000][2806.666s][info][gc,heap     ] GC(336) Archive regions: 2->2
[2025-12-22T21:42:20.170+0000][2806.666s][info][gc,heap     ] GC(336) Humongous regions: 37->37
[2025-12-22T21:42:20.170+0000][2806.666s][info][gc,metaspace] GC(336) Metaspace: 87440K(88320K)->87440K(88320K) NonClass: 76119K(76544K)->76119K(76544K) Class: 11320K(11776K)->11320K(11776K)
[2025-12-22T21:42:20.170+0000][2806.666s][info][gc          ] GC(336) Pause Young (Normal) (G1 Evacuation Pause) 764M->89M(1128M) 5.232ms
[2025-12-22T21:42:20.170+0000][2806.666s][info][gc,cpu      ] GC(336) User=0.01s Sys=0.00s Real=0.01s
[2025-12-22T21:42:28.133+0000][2814.629s][info][gc,start    ] GC(337) Pause Young (Normal) (G1 Evacuation Pause)
[2025-12-22T21:42:28.134+0000][2814.630s][info][gc,task     ] GC(337) Using 3 workers of 3 for evacuation
[2025-12-22T21:42:28.136+0000][2814.632s][info][gc,phases   ] GC(337)   Pre Evacuate Collection Set: 0.2ms
[2025-12-22T21:42:28.136+0000][2814.632s][info][gc,phases   ] GC(337)   Merge Heap Roots: 0.1ms
[2025-12-22T21:42:28.136+0000][2814.633s][info][gc,phases   ] GC(337)   Evacuate Collection Set: 1.0ms
[2025-12-22T21:42:28.136+0000][2814.633s][info][gc,phases   ] GC(337)   Post Evacuate Collection Set: 0.4ms
[2025-12-22T21:42:28.137+0000][2814.633s][info][gc,phases   ] GC(337)   Other: 1.2ms
[2025-12-22T21:42:28.137+0000][2814.633s][info][gc,heap     ] GC(337) Eden regions: 675->0(675)
[2025-12-22T21:42:28.137+0000][2814.633s][info][gc,heap     ] GC(337) Survivor regions: 1->1(85)
[2025-12-22T21:42:28.137+0000][2814.633s][info][gc,heap     ] GC(337) Old regions: 51->51
[2025-12-22T21:42:28.137+0000][2814.633s][info][gc,heap     ] GC(337) Archive regions: 2->2
[2025-12-22T21:42:28.137+0000][2814.633s][info][gc,heap     ] GC(337) Humongous regions: 37->37
[2025-12-22T21:42:28.137+0000][2814.633s][info][gc,metaspace] GC(337) Metaspace: 87440K(88320K)->87440K(88320K) NonClass: 76119K(76544K)->76119K(76544K) Class: 11320K(11776K)->11320K(11776K)
[2025-12-22T21:42:28.137+0000][2814.633s][info][gc          ] GC(337) Pause Young (Normal) (G1 Evacuation Pause) 764M->89M(1128M) 4.021ms
[2025-12-22T21:42:28.137+0000][2814.634s][info][gc,cpu      ] GC(337) User=0.00s Sys=0.00s Real=0.01s
[2025-12-22T21:42:38.019+0000][2824.515s][info][gc,start    ] GC(338) Pause Young (Normal) (G1 Evacuation Pause)
[2025-12-22T21:42:38.020+0000][2824.516s][info][gc,task     ] GC(338) Using 3 workers of 3 for evacuation
[2025-12-22T21:42:38.025+0000][2824.522s][info][gc,phases   ] GC(338)   Pre Evacuate Collection Set: 0.5ms
[2025-12-22T21:42:38.026+0000][2824.522s][info][gc,phases   ] GC(338)   Merge Heap Roots: 0.2ms
[2025-12-22T21:42:38.026+0000][2824.522s][info][gc,phases   ] GC(338)   Evacuate Collection Set: 3.5ms
[2025-12-22T21:42:38.026+0000][2824.522s][info][gc,phases   ] GC(338)   Post Evacuate Collection Set: 1.1ms
[2025-12-22T21:42:38.026+0000][2824.522s][info][gc,phases   ] GC(338)   Other: 1.0ms
[2025-12-22T21:42:38.026+0000][2824.522s][info][gc,heap     ] GC(338) Eden regions: 675->0(674)
[2025-12-22T21:42:38.026+0000][2824.522s][info][gc,heap     ] GC(338) Survivor regions: 1->2(85)
[2025-12-22T21:42:38.026+0000][2824.522s][info][gc,heap     ] GC(338) Old regions: 51->51
[2025-12-22T21:42:38.026+0000][2824.522s][info][gc,heap     ] GC(338) Archive regions: 2->2
[2025-12-22T21:42:38.026+0000][2824.522s][info][gc,heap     ] GC(338) Humongous regions: 37->37
[2025-12-22T21:42:38.026+0000][2824.522s][info][gc,metaspace] GC(338) Metaspace: 87440K(88320K)->87440K(88320K) NonClass: 76119K(76544K)->76119K(76544K) Class: 11320K(11776K)->11320K(11776K)
[2025-12-22T21:42:38.026+0000][2824.523s][info][gc          ] GC(338) Pause Young (Normal) (G1 Evacuation Pause) 764M->89M(1128M) 7.165ms
[2025-12-22T21:42:38.026+0000][2824.523s][info][gc,cpu      ] GC(338) User=0.01s Sys=0.00s Real=0.01s
[2025-12-22T21:42:46.075+0000][2832.571s][info][gc,start    ] GC(339) Pause Young (Normal) (G1 Evacuation Pause)
[2025-12-22T21:42:46.075+0000][2832.571s][info][gc,task     ] GC(339) Using 3 workers of 3 for evacuation
[2025-12-22T21:42:46.079+0000][2832.575s][info][gc,phases   ] GC(339)   Pre Evacuate Collection Set: 0.2ms
[2025-12-22T21:42:46.079+0000][2832.575s][info][gc,phases   ] GC(339)   Merge Heap Roots: 0.2ms
[2025-12-22T21:42:46.079+0000][2832.575s][info][gc,phases   ] GC(339)   Evacuate Collection Set: 2.4ms
[2025-12-22T21:42:46.079+0000][2832.575s][info][gc,phases   ] GC(339)   Post Evacuate Collection Set: 0.7ms
[2025-12-22T21:42:46.079+0000][2832.575s][info][gc,phases   ] GC(339)   Other: 0.8ms
[2025-12-22T21:42:46.079+0000][2832.575s][info][gc,heap     ] GC(339) Eden regions: 674->0(674)
[2025-12-22T21:42:46.079+0000][2832.576s][info][gc,heap     ] GC(339) Survivor regions: 2->2(85)
[2025-12-22T21:42:46.079+0000][2832.576s][info][gc,heap     ] GC(339) Old regions: 51->51
[2025-12-22T21:42:46.079+0000][2832.576s][info][gc,heap     ] GC(339) Archive regions: 2->2
[2025-12-22T21:42:46.079+0000][2832.576s][info][gc,heap     ] GC(339) Humongous regions: 37->37
[2025-12-22T21:42:46.079+0000][2832.576s][info][gc,metaspace] GC(339) Metaspace: 87440K(88320K)->87440K(88320K) NonClass: 76120K(76544K)->76120K(76544K) Class: 11320K(11776K)->11320K(11776K)
[2025-12-22T21:42:46.080+0000][2832.576s][info][gc          ] GC(339) Pause Young (Normal) (G1 Evacuation Pause) 763M->89M(1128M) 4.933ms
[2025-12-22T21:42:46.080+0000][2832.576s][info][gc,cpu      ] GC(339) User=0.01s Sys=0.00s Real=0.01s
[2025-12-22T21:42:55.562+0000][2842.058s][info][gc,start    ] GC(340) Pause Young (Normal) (G1 Evacuation Pause)
[2025-12-22T21:42:55.563+0000][2842.059s][info][gc,task     ] GC(340) Using 3 workers of 3 for evacuation
[2025-12-22T21:42:55.566+0000][2842.062s][info][gc,phases   ] GC(340)   Pre Evacuate Collection Set: 0.4ms
[2025-12-22T21:42:55.567+0000][2842.063s][info][gc,phases   ] GC(340)   Merge Heap Roots: 0.1ms
[2025-12-22T21:42:55.567+0000][2842.063s][info][gc,phases   ] GC(340)   Evacuate Collection Set: 2.0ms
[2025-12-22T21:42:55.567+0000][2842.063s][info][gc,phases   ] GC(340)   Post Evacuate Collection Set: 0.7ms
[2025-12-22T21:42:55.567+0000][2842.063s][info][gc,phases   ] GC(340)   Other: 0.7ms
[2025-12-22T21:42:55.567+0000][2842.063s][info][gc,heap     ] GC(340) Eden regions: 674->0(674)
[2025-12-22T21:42:55.567+0000][2842.063s][info][gc,heap     ] GC(340) Survivor regions: 2->2(85)
[2025-12-22T21:42:55.567+0000][2842.064s][info][gc,heap     ] GC(340) Old regions: 51->51
[2025-12-22T21:42:55.567+0000][2842.064s][info][gc,heap     ] GC(340) Archive regions: 2->2
[2025-12-22T21:42:55.567+0000][2842.064s][info][gc,heap     ] GC(340) Humongous regions: 37->37
[2025-12-22T21:42:55.568+0000][2842.064s][info][gc,metaspace] GC(340) Metaspace: 87443K(88320K)->87443K(88320K) NonClass: 76123K(76544K)->76123K(76544K) Class: 11320K(11776K)->11320K(11776K)
[2025-12-22T21:42:55.568+0000][2842.064s][info][gc          ] GC(340) Pause Young (Normal) (G1 Evacuation Pause) 763M->89M(1128M) 5.436ms
[2025-12-22T21:42:55.568+0000][2842.064s][info][gc,cpu      ] GC(340) User=0.01s Sys=0.00s Real=0.01s
[2025-12-22T21:43:03.459+0000][2849.955s][info][gc,start    ] GC(341) Pause Young (Normal) (G1 Evacuation Pause)
[2025-12-22T21:43:03.459+0000][2849.955s][info][gc,task     ] GC(341) Using 3 workers of 3 for evacuation
[2025-12-22T21:43:03.461+0000][2849.957s][info][gc,phases   ] GC(341)   Pre Evacuate Collection Set: 0.2ms
[2025-12-22T21:43:03.461+0000][2849.957s][info][gc,phases   ] GC(341)   Merge Heap Roots: 0.1ms
[2025-12-22T21:43:03.461+0000][2849.957s][info][gc,phases   ] GC(341)   Evacuate Collection Set: 1.1ms
[2025-12-22T21:43:03.461+0000][2849.957s][info][gc,phases   ] GC(341)   Post Evacuate Collection Set: 0.5ms
[2025-12-22T21:43:03.461+0000][2849.957s][info][gc,phases   ] GC(341)   Other: 0.4ms
[2025-12-22T21:43:03.461+0000][2849.957s][info][gc,heap     ] GC(341) Eden regions: 674->0(674)
[2025-12-22T21:43:03.461+0000][2849.957s][info][gc,heap     ] GC(341) Survivor regions: 2->2(85)
[2025-12-22T21:43:03.461+0000][2849.957s][info][gc,heap     ] GC(341) Old regions: 51->51
[2025-12-22T21:43:03.461+0000][2849.958s][info][gc,heap     ] GC(341) Archive regions: 2->2
[2025-12-22T21:43:03.461+0000][2849.958s][info][gc,heap     ] GC(341) Humongous regions: 37->37
[2025-12-22T21:43:03.461+0000][2849.958s][info][gc,metaspace] GC(341) Metaspace: 87452K(88320K)->87452K(88320K) NonClass: 76132K(76544K)->76132K(76544K) Class: 11320K(11776K)->11320K(11776K)
[2025-12-22T21:43:03.461+0000][2849.958s][info][gc          ] GC(341) Pause Young (Normal) (G1 Evacuation Pause) 763M->89M(1128M) 2.800ms
[2025-12-22T21:43:03.461+0000][2849.958s][info][gc,cpu      ] GC(341) User=0.01s Sys=0.00s Real=0.00s
[2025-12-22T21:43:12.904+0000][2859.401s][info][gc,start    ] GC(342) Pause Young (Normal) (G1 Evacuation Pause)
[2025-12-22T21:43:12.905+0000][2859.401s][info][gc,task     ] GC(342) Using 3 workers of 3 for evacuation
[2025-12-22T21:43:12.907+0000][2859.403s][info][gc,phases   ] GC(342)   Pre Evacuate Collection Set: 0.1ms
[2025-12-22T21:43:12.907+0000][2859.404s][info][gc,phases   ] GC(342)   Merge Heap Roots: 0.1ms
[2025-12-22T21:43:12.907+0000][2859.404s][info][gc,phases   ] GC(342)   Evacuate Collection Set: 1.5ms
[2025-12-22T21:43:12.908+0000][2859.404s][info][gc,phases   ] GC(342)   Post Evacuate Collection Set: 0.6ms
[2025-12-22T21:43:12.908+0000][2859.404s][info][gc,phases   ] GC(342)   Other: 0.5ms
[2025-12-22T21:43:12.908+0000][2859.404s][info][gc,heap     ] GC(342) Eden regions: 674->0(674)
[2025-12-22T21:43:12.908+0000][2859.404s][info][gc,heap     ] GC(342) Survivor regions: 2->2(85)
[2025-12-22T21:43:12.908+0000][2859.404s][info][gc,heap     ] GC(342) Old regions: 51->51
[2025-12-22T21:43:12.908+0000][2859.404s][info][gc,heap     ] GC(342) Archive regions: 2->2
[2025-12-22T21:43:12.908+0000][2859.404s][info][gc,heap     ] GC(342) Humongous regions: 37->37
[2025-12-22T21:43:12.908+0000][2859.404s][info][gc,metaspace] GC(342) Metaspace: 87452K(88320K)->87452K(88320K) NonClass: 76132K(76544K)->76132K(76544K) Class: 11320K(11776K)->11320K(11776K)
[2025-12-22T21:43:12.908+0000][2859.405s][info][gc          ] GC(342) Pause Young (Normal) (G1 Evacuation Pause) 763M->89M(1128M) 3.925ms
[2025-12-22T21:43:12.908+0000][2859.405s][info][gc,cpu      ] GC(342) User=0.00s Sys=0.00s Real=0.01s
[2025-12-22T21:43:20.982+0000][2867.478s][info][gc,start    ] GC(343) Pause Young (Normal) (G1 Evacuation Pause)
[2025-12-22T21:43:20.982+0000][2867.479s][info][gc,task     ] GC(343) Using 3 workers of 3 for evacuation
[2025-12-22T21:43:20.988+0000][2867.484s][info][gc,phases   ] GC(343)   Pre Evacuate Collection Set: 0.4ms
[2025-12-22T21:43:20.988+0000][2867.484s][info][gc,phases   ] GC(343)   Merge Heap Roots: 0.2ms
[2025-12-22T21:43:20.988+0000][2867.485s][info][gc,phases   ] GC(343)   Evacuate Collection Set: 3.9ms
[2025-12-22T21:43:20.988+0000][2867.485s][info][gc,phases   ] GC(343)   Post Evacuate Collection Set: 0.9ms
[2025-12-22T21:43:20.989+0000][2867.485s][info][gc,phases   ] GC(343)   Other: 0.9ms
[2025-12-22T21:43:20.989+0000][2867.485s][info][gc,heap     ] GC(343) Eden regions: 674->0(674)
[2025-12-22T21:43:20.989+0000][2867.485s][info][gc,heap     ] GC(343) Survivor regions: 2->2(85)
[2025-12-22T21:43:20.989+0000][2867.485s][info][gc,heap     ] GC(343) Old regions: 51->51
[2025-12-22T21:43:20.989+0000][2867.485s][info][gc,heap     ] GC(343) Archive regions: 2->2
[2025-12-22T21:43:20.989+0000][2867.485s][info][gc,heap     ] GC(343) Humongous regions: 37->37
[2025-12-22T21:43:20.989+0000][2867.485s][info][gc,metaspace] GC(343) Metaspace: 87453K(88320K)->87453K(88320K) NonClass: 76132K(76544K)->76132K(76544K) Class: 11320K(11776K)->11320K(11776K)
[2025-12-22T21:43:20.989+0000][2867.485s][info][gc          ] GC(343) Pause Young (Normal) (G1 Evacuation Pause) 763M->89M(1128M) 7.393ms
[2025-12-22T21:43:20.989+0000][2867.486s][info][gc,cpu      ] GC(343) User=0.02s Sys=0.00s Real=0.01s
[2025-12-22T21:43:28.839+0000][2875.335s][info][gc,start    ] GC(344) Pause Young (Normal) (G1 Evacuation Pause)
[2025-12-22T21:43:28.839+0000][2875.336s][info][gc,task     ] GC(344) Using 3 workers of 3 for evacuation
[2025-12-22T21:43:28.841+0000][2875.337s][info][gc,phases   ] GC(344)   Pre Evacuate Collection Set: 0.1ms
[2025-12-22T21:43:28.841+0000][2875.338s][info][gc,phases   ] GC(344)   Merge Heap Roots: 0.1ms
[2025-12-22T21:43:28.842+0000][2875.338s][info][gc,phases   ] GC(344)   Evacuate Collection Set: 1.0ms
[2025-12-22T21:43:28.842+0000][2875.338s][info][gc,phases   ] GC(344)   Post Evacuate Collection Set: 0.4ms
[2025-12-22T21:43:28.842+0000][2875.338s][info][gc,phases   ] GC(344)   Other: 0.6ms
[2025-12-22T21:43:28.842+0000][2875.338s][info][gc,heap     ] GC(344) Eden regions: 674->0(674)
[2025-12-22T21:43:28.842+0000][2875.338s][info][gc,heap     ] GC(344) Survivor regions: 2->2(85)
[2025-12-22T21:43:28.842+0000][2875.338s][info][gc,heap     ] GC(344) Old regions: 51->51
[2025-12-22T21:43:28.842+0000][2875.338s][info][gc,heap     ] GC(344) Archive regions: 2->2
[2025-12-22T21:43:28.842+0000][2875.338s][info][gc,heap     ] GC(344) Humongous regions: 37->37
[2025-12-22T21:43:28.842+0000][2875.338s][info][gc,metaspace] GC(344) Metaspace: 87467K(88384K)->87467K(88384K) NonClass: 76147K(76608K)->76147K(76608K) Class: 11320K(11776K)->11320K(11776K)
[2025-12-22T21:43:28.842+0000][2875.338s][info][gc          ] GC(344) Pause Young (Normal) (G1 Evacuation Pause) 763M->89M(1128M) 3.248ms
[2025-12-22T21:43:28.842+0000][2875.339s][info][gc,cpu      ] GC(344) User=0.01s Sys=0.00s Real=0.00s
[2025-12-22T21:43:38.394+0000][2884.890s][info][gc,start    ] GC(345) Pause Young (Normal) (G1 Evacuation Pause)
[2025-12-22T21:43:38.394+0000][2884.890s][info][gc,task     ] GC(345) Using 3 workers of 3 for evacuation
[2025-12-22T21:43:38.399+0000][2884.895s][info][gc,phases   ] GC(345)   Pre Evacuate Collection Set: 0.4ms
[2025-12-22T21:43:38.399+0000][2884.895s][info][gc,phases   ] GC(345)   Merge Heap Roots: 0.2ms
[2025-12-22T21:43:38.399+0000][2884.895s][info][gc,phases   ] GC(345)   Evacuate Collection Set: 3.0ms
[2025-12-22T21:43:38.399+0000][2884.895s][info][gc,phases   ] GC(345)   Post Evacuate Collection Set: 0.8ms
[2025-12-22T21:43:38.399+0000][2884.895s][info][gc,phases   ] GC(345)   Other: 0.8ms
[2025-12-22T21:43:38.399+0000][2884.895s][info][gc,heap     ] GC(345) Eden regions: 674->0(674)
[2025-12-22T21:43:38.399+0000][2884.895s][info][gc,heap     ] GC(345) Survivor regions: 2->2(85)
[2025-12-22T21:43:38.399+0000][2884.895s][info][gc,heap     ] GC(345) Old regions: 51->51
[2025-12-22T21:43:38.399+0000][2884.895s][info][gc,heap     ] GC(345) Archive regions: 2->2
[2025-12-22T21:43:38.399+0000][2884.895s][info][gc,heap     ] GC(345) Humongous regions: 37->37
[2025-12-22T21:43:38.399+0000][2884.895s][info][gc,metaspace] GC(345) Metaspace: 87470K(88384K)->87470K(88384K) NonClass: 76150K(76608K)->76150K(76608K) Class: 11320K(11776K)->11320K(11776K)
[2025-12-22T21:43:38.399+0000][2884.896s][info][gc          ] GC(345) Pause Young (Normal) (G1 Evacuation Pause) 763M->89M(1128M) 5.718ms
[2025-12-22T21:43:38.399+0000][2884.896s][info][gc,cpu      ] GC(345) User=0.01s Sys=0.00s Real=0.01s
[2025-12-22T21:43:46.265+0000][2892.761s][info][gc,start    ] GC(346) Pause Young (Normal) (G1 Evacuation Pause)
[2025-12-22T21:43:46.265+0000][2892.762s][info][gc,task     ] GC(346) Using 3 workers of 3 for evacuation
[2025-12-22T21:43:46.267+0000][2892.763s][info][gc,phases   ] GC(346)   Pre Evacuate Collection Set: 0.1ms
[2025-12-22T21:43:46.267+0000][2892.763s][info][gc,phases   ] GC(346)   Merge Heap Roots: 0.1ms
[2025-12-22T21:43:46.267+0000][2892.764s][info][gc,phases   ] GC(346)   Evacuate Collection Set: 1.0ms
[2025-12-22T21:43:46.267+0000][2892.764s][info][gc,phases   ] GC(346)   Post Evacuate Collection Set: 0.4ms
[2025-12-22T21:43:46.268+0000][2892.764s][info][gc,phases   ] GC(346)   Other: 0.4ms
[2025-12-22T21:43:46.268+0000][2892.764s][info][gc,heap     ] GC(346) Eden regions: 674->0(675)
[2025-12-22T21:43:46.268+0000][2892.764s][info][gc,heap     ] GC(346) Survivor regions: 2->1(85)
[2025-12-22T21:43:46.268+0000][2892.764s][info][gc,heap     ] GC(346) Old regions: 51->52
[2025-12-22T21:43:46.268+0000][2892.764s][info][gc,heap     ] GC(346) Archive regions: 2->2
[2025-12-22T21:43:46.268+0000][2892.764s][info][gc,heap     ] GC(346) Humongous regions: 37->37
[2025-12-22T21:43:46.268+0000][2892.764s][info][gc,metaspace] GC(346) Metaspace: 87470K(88384K)->87470K(88384K) NonClass: 76150K(76608K)->76150K(76608K) Class: 11320K(11776K)->11320K(11776K)
[2025-12-22T21:43:46.268+0000][2892.764s][info][gc          ] GC(346) Pause Young (Normal) (G1 Evacuation Pause) 763M->89M(1128M) 3.123ms
[2025-12-22T21:43:46.268+0000][2892.765s][info][gc,cpu      ] GC(346) User=0.01s Sys=0.00s Real=0.00s
[2025-12-22T21:43:55.528+0000][2902.024s][info][gc,start    ] GC(347) Pause Young (Normal) (G1 Evacuation Pause)
[2025-12-22T21:43:55.528+0000][2902.025s][info][gc,task     ] GC(347) Using 3 workers of 3 for evacuation
[2025-12-22T21:43:55.530+0000][2902.026s][info][gc,phases   ] GC(347)   Pre Evacuate Collection Set: 0.1ms
[2025-12-22T21:43:55.530+0000][2902.026s][info][gc,phases   ] GC(347)   Merge Heap Roots: 0.1ms
[2025-12-22T21:43:55.530+0000][2902.026s][info][gc,phases   ] GC(347)   Evacuate Collection Set: 0.9ms
[2025-12-22T21:43:55.530+0000][2902.026s][info][gc,phases   ] GC(347)   Post Evacuate Collection Set: 0.4ms
[2025-12-22T21:43:55.530+0000][2902.026s][info][gc,phases   ] GC(347)   Other: 0.6ms
[2025-12-22T21:43:55.530+0000][2902.026s][info][gc,heap     ] GC(347) Eden regions: 675->0(675)
[2025-12-22T21:43:55.530+0000][2902.026s][info][gc,heap     ] GC(347) Survivor regions: 1->1(85)
[2025-12-22T21:43:55.530+0000][2902.026s][info][gc,heap     ] GC(347) Old regions: 52->52
[2025-12-22T21:43:55.530+0000][2902.026s][info][gc,heap     ] GC(347) Archive regions: 2->2
[2025-12-22T21:43:55.530+0000][2902.026s][info][gc,heap     ] GC(347) Humongous regions: 37->37
[2025-12-22T21:43:55.530+0000][2902.026s][info][gc,metaspace] GC(347) Metaspace: 87470K(88384K)->87470K(88384K) NonClass: 76150K(76608K)->76150K(76608K) Class: 11320K(11776K)->11320K(11776K)
[2025-12-22T21:43:55.530+0000][2902.027s][info][gc          ] GC(347) Pause Young (Normal) (G1 Evacuation Pause) 764M->89M(1128M) 2.437ms
[2025-12-22T21:43:55.530+0000][2902.027s][info][gc,cpu      ] GC(347) User=0.00s Sys=0.00s Real=0.00s
[2025-12-22T21:44:03.313+0000][2909.809s][info][gc,start    ] GC(348) Pause Young (Normal) (G1 Evacuation Pause)
[2025-12-22T21:44:03.314+0000][2909.810s][info][gc,task     ] GC(348) Using 3 workers of 3 for evacuation
[2025-12-22T21:44:03.316+0000][2909.812s][info][gc,phases   ] GC(348)   Pre Evacuate Collection Set: 0.1ms
[2025-12-22T21:44:03.316+0000][2909.812s][info][gc,phases   ] GC(348)   Merge Heap Roots: 0.1ms
[2025-12-22T21:44:03.316+0000][2909.812s][info][gc,phases   ] GC(348)   Evacuate Collection Set: 1.0ms
[2025-12-22T21:44:03.316+0000][2909.812s][info][gc,phases   ] GC(348)   Post Evacuate Collection Set: 0.4ms
[2025-12-22T21:44:03.316+0000][2909.812s][info][gc,phases   ] GC(348)   Other: 1.2ms
[2025-12-22T21:44:03.316+0000][2909.812s][info][gc,heap     ] GC(348) Eden regions: 675->0(675)
[2025-12-22T21:44:03.316+0000][2909.812s][info][gc,heap     ] GC(348) Survivor regions: 1->1(85)
[2025-12-22T21:44:03.316+0000][2909.813s][info][gc,heap     ] GC(348) Old regions: 52->52
[2025-12-22T21:44:03.316+0000][2909.813s][info][gc,heap     ] GC(348) Archive regions: 2->2
[2025-12-22T21:44:03.316+0000][2909.813s][info][gc,heap     ] GC(348) Humongous regions: 37->37
[2025-12-22T21:44:03.316+0000][2909.813s][info][gc,metaspace] GC(348) Metaspace: 87470K(88384K)->87470K(88384K) NonClass: 76150K(76608K)->76150K(76608K) Class: 11320K(11776K)->11320K(11776K)
[2025-12-22T21:44:03.317+0000][2909.813s][info][gc          ] GC(348) Pause Young (Normal) (G1 Evacuation Pause) 764M->89M(1128M) 3.659ms
[2025-12-22T21:44:03.317+0000][2909.813s][info][gc,cpu      ] GC(348) User=0.00s Sys=0.00s Real=0.01s
[2025-12-22T21:44:12.650+0000][2919.146s][info][gc,start    ] GC(349) Pause Young (Normal) (G1 Evacuation Pause)
[2025-12-22T21:44:12.651+0000][2919.147s][info][gc,task     ] GC(349) Using 3 workers of 3 for evacuation
[2025-12-22T21:44:12.653+0000][2919.149s][info][gc,phases   ] GC(349)   Pre Evacuate Collection Set: 0.1ms
[2025-12-22T21:44:12.653+0000][2919.149s][info][gc,phases   ] GC(349)   Merge Heap Roots: 0.1ms
[2025-12-22T21:44:12.653+0000][2919.149s][info][gc,phases   ] GC(349)   Evacuate Collection Set: 1.0ms
[2025-12-22T21:44:12.653+0000][2919.149s][info][gc,phases   ] GC(349)   Post Evacuate Collection Set: 0.5ms
[2025-12-22T21:44:12.653+0000][2919.149s][info][gc,phases   ] GC(349)   Other: 0.8ms
[2025-12-22T21:44:12.653+0000][2919.149s][info][gc,heap     ] GC(349) Eden regions: 675->0(675)
[2025-12-22T21:44:12.653+0000][2919.149s][info][gc,heap     ] GC(349) Survivor regions: 1->1(85)
[2025-12-22T21:44:12.653+0000][2919.150s][info][gc,heap     ] GC(349) Old regions: 52->52
[2025-12-22T21:44:12.653+0000][2919.150s][info][gc,heap     ] GC(349) Archive regions: 2->2
[2025-12-22T21:44:12.653+0000][2919.150s][info][gc,heap     ] GC(349) Humongous regions: 37->37
[2025-12-22T21:44:12.654+0000][2919.150s][info][gc,metaspace] GC(349) Metaspace: 87470K(88384K)->87470K(88384K) NonClass: 76150K(76608K)->76150K(76608K) Class: 11320K(11776K)->11320K(11776K)
[2025-12-22T21:44:12.654+0000][2919.150s][info][gc          ] GC(349) Pause Young (Normal) (G1 Evacuation Pause) 764M->89M(1128M) 3.444ms
[2025-12-22T21:44:12.654+0000][2919.150s][info][gc,cpu      ] GC(349) User=0.00s Sys=0.00s Real=0.00s
[2025-12-22T21:44:20.374+0000][2926.871s][info][gc,start    ] GC(350) Pause Young (Normal) (G1 Evacuation Pause)
[2025-12-22T21:44:20.375+0000][2926.871s][info][gc,task     ] GC(350) Using 3 workers of 3 for evacuation
[2025-12-22T21:44:20.377+0000][2926.873s][info][gc,phases   ] GC(350)   Pre Evacuate Collection Set: 0.1ms
[2025-12-22T21:44:20.377+0000][2926.874s][info][gc,phases   ] GC(350)   Merge Heap Roots: 0.1ms
[2025-12-22T21:44:20.377+0000][2926.874s][info][gc,phases   ] GC(350)   Evacuate Collection Set: 1.3ms
[2025-12-22T21:44:20.378+0000][2926.874s][info][gc,phases   ] GC(350)   Post Evacuate Collection Set: 0.5ms
[2025-12-22T21:44:20.378+0000][2926.874s][info][gc,phases   ] GC(350)   Other: 0.7ms
[2025-12-22T21:44:20.378+0000][2926.874s][info][gc,heap     ] GC(350) Eden regions: 675->0(675)
[2025-12-22T21:44:20.378+0000][2926.874s][info][gc,heap     ] GC(350) Survivor regions: 1->1(85)
[2025-12-22T21:44:20.378+0000][2926.874s][info][gc,heap     ] GC(350) Old regions: 52->52
[2025-12-22T21:44:20.378+0000][2926.874s][info][gc,heap     ] GC(350) Archive regions: 2->2
[2025-12-22T21:44:20.378+0000][2926.874s][info][gc,heap     ] GC(350) Humongous regions: 37->37
[2025-12-22T21:44:20.378+0000][2926.875s][info][gc,metaspace] GC(350) Metaspace: 87470K(88384K)->87470K(88384K) NonClass: 76150K(76608K)->76150K(76608K) Class: 11320K(11776K)->11320K(11776K)
[2025-12-22T21:44:20.378+0000][2926.875s][info][gc          ] GC(350) Pause Young (Normal) (G1 Evacuation Pause) 764M->89M(1128M) 3.968ms
[2025-12-22T21:44:20.379+0000][2926.875s][info][gc,cpu      ] GC(350) User=0.00s Sys=0.00s Real=0.01s
[2025-12-22T21:44:28.158+0000][2934.654s][info][gc,start    ] GC(351) Pause Young (Normal) (G1 Evacuation Pause)
[2025-12-22T21:44:28.159+0000][2934.655s][info][gc,task     ] GC(351) Using 3 workers of 3 for evacuation
[2025-12-22T21:44:28.162+0000][2934.658s][info][gc,phases   ] GC(351)   Pre Evacuate Collection Set: 0.2ms
[2025-12-22T21:44:28.162+0000][2934.658s][info][gc,phases   ] GC(351)   Merge Heap Roots: 0.2ms
[2025-12-22T21:44:28.162+0000][2934.659s][info][gc,phases   ] GC(351)   Evacuate Collection Set: 1.9ms
[2025-12-22T21:44:28.162+0000][2934.659s][info][gc,phases   ] GC(351)   Post Evacuate Collection Set: 0.7ms
[2025-12-22T21:44:28.162+0000][2934.659s][info][gc,phases   ] GC(351)   Other: 0.9ms
[2025-12-22T21:44:28.163+0000][2934.659s][info][gc,heap     ] GC(351) Eden regions: 675->0(675)
[2025-12-22T21:44:28.163+0000][2934.659s][info][gc,heap     ] GC(351) Survivor regions: 1->1(85)
[2025-12-22T21:44:28.163+0000][2934.659s][info][gc,heap     ] GC(351) Old regions: 52->52
[2025-12-22T21:44:28.163+0000][2934.659s][info][gc,heap     ] GC(351) Archive regions: 2->2
[2025-12-22T21:44:28.163+0000][2934.659s][info][gc,heap     ] GC(351) Humongous regions: 37->37
[2025-12-22T21:44:28.163+0000][2934.659s][info][gc,metaspace] GC(351) Metaspace: 87470K(88384K)->87470K(88384K) NonClass: 76150K(76608K)->76150K(76608K) Class: 11320K(11776K)->11320K(11776K)
[2025-12-22T21:44:28.163+0000][2934.660s][info][gc          ] GC(351) Pause Young (Normal) (G1 Evacuation Pause) 764M->89M(1128M) 5.202ms
[2025-12-22T21:44:28.163+0000][2934.660s][info][gc,cpu      ] GC(351) User=0.01s Sys=0.00s Real=0.00s
[2025-12-22T21:44:37.389+0000][2943.885s][info][gc,start    ] GC(352) Pause Young (Normal) (G1 Evacuation Pause)
[2025-12-22T21:44:37.389+0000][2943.885s][info][gc,task     ] GC(352) Using 3 workers of 3 for evacuation
[2025-12-22T21:44:37.394+0000][2943.890s][info][gc,phases   ] GC(352)   Pre Evacuate Collection Set: 0.3ms
[2025-12-22T21:44:37.394+0000][2943.890s][info][gc,phases   ] GC(352)   Merge Heap Roots: 0.1ms
[2025-12-22T21:44:37.394+0000][2943.890s][info][gc,phases   ] GC(352)   Evacuate Collection Set: 2.8ms
[2025-12-22T21:44:37.394+0000][2943.890s][info][gc,phases   ] GC(352)   Post Evacuate Collection Set: 1.1ms
[2025-12-22T21:44:37.394+0000][2943.890s][info][gc,phases   ] GC(352)   Other: 0.7ms
[2025-12-22T21:44:37.394+0000][2943.890s][info][gc,heap     ] GC(352) Eden regions: 675->0(675)
[2025-12-22T21:44:37.394+0000][2943.891s][info][gc,heap     ] GC(352) Survivor regions: 1->1(85)
[2025-12-22T21:44:37.394+0000][2943.891s][info][gc,heap     ] GC(352) Old regions: 52->52
[2025-12-22T21:44:37.395+0000][2943.891s][info][gc,heap     ] GC(352) Archive regions: 2->2
[2025-12-22T21:44:37.395+0000][2943.891s][info][gc,heap     ] GC(352) Humongous regions: 37->37
[2025-12-22T21:44:37.395+0000][2943.891s][info][gc,metaspace] GC(352) Metaspace: 87474K(88384K)->87474K(88384K) NonClass: 76153K(76608K)->76153K(76608K) Class: 11320K(11776K)->11320K(11776K)
[2025-12-22T21:44:37.395+0000][2943.891s][info][gc          ] GC(352) Pause Young (Normal) (G1 Evacuation Pause) 764M->89M(1128M) 6.318ms
[2025-12-22T21:44:37.395+0000][2943.891s][info][gc,cpu      ] GC(352) User=0.01s Sys=0.00s Real=0.01s
[2025-12-22T21:44:45.077+0000][2951.573s][info][gc,start    ] GC(353) Pause Young (Normal) (G1 Evacuation Pause)
[2025-12-22T21:44:45.077+0000][2951.573s][info][gc,task     ] GC(353) Using 3 workers of 3 for evacuation
[2025-12-22T21:44:45.079+0000][2951.575s][info][gc,phases   ] GC(353)   Pre Evacuate Collection Set: 0.1ms
[2025-12-22T21:44:45.079+0000][2951.575s][info][gc,phases   ] GC(353)   Merge Heap Roots: 0.1ms
[2025-12-22T21:44:45.079+0000][2951.575s][info][gc,phases   ] GC(353)   Evacuate Collection Set: 0.9ms
[2025-12-22T21:44:45.079+0000][2951.575s][info][gc,phases   ] GC(353)   Post Evacuate Collection Set: 0.4ms
[2025-12-22T21:44:45.079+0000][2951.575s][info][gc,phases   ] GC(353)   Other: 0.4ms
[2025-12-22T21:44:45.079+0000][2951.575s][info][gc,heap     ] GC(353) Eden regions: 675->0(675)
[2025-12-22T21:44:45.079+0000][2951.575s][info][gc,heap     ] GC(353) Survivor regions: 1->1(85)
[2025-12-22T21:44:45.079+0000][2951.576s][info][gc,heap     ] GC(353) Old regions: 52->52
[2025-12-22T21:44:45.079+0000][2951.576s][info][gc,heap     ] GC(353) Archive regions: 2->2
[2025-12-22T21:44:45.079+0000][2951.576s][info][gc,heap     ] GC(353) Humongous regions: 37->37
[2025-12-22T21:44:45.080+0000][2951.576s][info][gc,metaspace] GC(353) Metaspace: 87490K(88384K)->87490K(88384K) NonClass: 76170K(76608K)->76170K(76608K) Class: 11320K(11776K)->11320K(11776K)
[2025-12-22T21:44:45.080+0000][2951.576s][info][gc          ] GC(353) Pause Young (Normal) (G1 Evacuation Pause) 764M->89M(1128M) 2.884ms
[2025-12-22T21:44:45.080+0000][2951.576s][info][gc,cpu      ] GC(353) User=0.00s Sys=0.00s Real=0.00s
[2025-12-22T21:44:54.544+0000][2961.041s][info][gc,start    ] GC(354) Pause Young (Normal) (G1 Evacuation Pause)
[2025-12-22T21:44:54.545+0000][2961.042s][info][gc,task     ] GC(354) Using 3 workers of 3 for evacuation
[2025-12-22T21:44:54.547+0000][2961.044s][info][gc,phases   ] GC(354)   Pre Evacuate Collection Set: 0.2ms
[2025-12-22T21:44:54.548+0000][2961.044s][info][gc,phases   ] GC(354)   Merge Heap Roots: 0.1ms
[2025-12-22T21:44:54.548+0000][2961.044s][info][gc,phases   ] GC(354)   Evacuate Collection Set: 1.2ms
[2025-12-22T21:44:54.548+0000][2961.044s][info][gc,phases   ] GC(354)   Post Evacuate Collection Set: 0.4ms
[2025-12-22T21:44:54.548+0000][2961.044s][info][gc,phases   ] GC(354)   Other: 1.2ms
[2025-12-22T21:44:54.548+0000][2961.044s][info][gc,heap     ] GC(354) Eden regions: 675->0(675)
[2025-12-22T21:44:54.548+0000][2961.044s][info][gc,heap     ] GC(354) Survivor regions: 1->1(85)
[2025-12-22T21:44:54.548+0000][2961.045s][info][gc,heap     ] GC(354) Old regions: 52->52
[2025-12-22T21:44:54.548+0000][2961.045s][info][gc,heap     ] GC(354) Archive regions: 2->2
[2025-12-22T21:44:54.548+0000][2961.045s][info][gc,heap     ] GC(354) Humongous regions: 37->37
[2025-12-22T21:44:54.549+0000][2961.045s][info][gc,metaspace] GC(354) Metaspace: 87490K(88384K)->87490K(88384K) NonClass: 76170K(76608K)->76170K(76608K) Class: 11320K(11776K)->11320K(11776K)
[2025-12-22T21:44:54.549+0000][2961.045s][info][gc          ] GC(354) Pause Young (Normal) (G1 Evacuation Pause) 764M->89M(1128M) 4.215ms
[2025-12-22T21:44:54.549+0000][2961.045s][info][gc,cpu      ] GC(354) User=0.00s Sys=0.00s Real=0.01s
[2025-12-22T21:45:02.264+0000][2968.761s][info][gc,start    ] GC(355) Pause Young (Normal) (G1 Evacuation Pause)
[2025-12-22T21:45:02.265+0000][2968.762s][info][gc,task     ] GC(355) Using 3 workers of 3 for evacuation
[2025-12-22T21:45:02.267+0000][2968.763s][info][gc,phases   ] GC(355)   Pre Evacuate Collection Set: 0.1ms
[2025-12-22T21:45:02.267+0000][2968.763s][info][gc,phases   ] GC(355)   Merge Heap Roots: 0.1ms
[2025-12-22T21:45:02.267+0000][2968.764s][info][gc,phases   ] GC(355)   Evacuate Collection Set: 0.8ms
[2025-12-22T21:45:02.267+0000][2968.764s][info][gc,phases   ] GC(355)   Post Evacuate Collection Set: 0.5ms
[2025-12-22T21:45:02.267+0000][2968.764s][info][gc,phases   ] GC(355)   Other: 1.2ms
[2025-12-22T21:45:02.268+0000][2968.764s][info][gc,heap     ] GC(355) Eden regions: 675->0(675)
[2025-12-22T21:45:02.268+0000][2968.764s][info][gc,heap     ] GC(355) Survivor regions: 1->1(85)
[2025-12-22T21:45:02.268+0000][2968.764s][info][gc,heap     ] GC(355) Old regions: 52->52
[2025-12-22T21:45:02.268+0000][2968.764s][info][gc,heap     ] GC(355) Archive regions: 2->2
[2025-12-22T21:45:02.268+0000][2968.764s][info][gc,heap     ] GC(355) Humongous regions: 37->37
[2025-12-22T21:45:02.268+0000][2968.764s][info][gc,metaspace] GC(355) Metaspace: 87491K(88384K)->87491K(88384K) NonClass: 76171K(76608K)->76171K(76608K) Class: 11320K(11776K)->11320K(11776K)
[2025-12-22T21:45:02.268+0000][2968.764s][info][gc          ] GC(355) Pause Young (Normal) (G1 Evacuation Pause) 764M->89M(1128M) 3.641ms
[2025-12-22T21:45:02.268+0000][2968.764s][info][gc,cpu      ] GC(355) User=0.01s Sys=0.00s Real=0.01s
[2025-12-22T21:45:11.580+0000][2978.077s][info][gc,start    ] GC(356) Pause Young (Normal) (G1 Evacuation Pause)
[2025-12-22T21:45:11.581+0000][2978.077s][info][gc,task     ] GC(356) Using 3 workers of 3 for evacuation
[2025-12-22T21:45:11.583+0000][2978.079s][info][gc,phases   ] GC(356)   Pre Evacuate Collection Set: 0.2ms
[2025-12-22T21:45:11.583+0000][2978.079s][info][gc,phases   ] GC(356)   Merge Heap Roots: 0.1ms
[2025-12-22T21:45:11.583+0000][2978.079s][info][gc,phases   ] GC(356)   Evacuate Collection Set: 1.4ms
[2025-12-22T21:45:11.583+0000][2978.079s][info][gc,phases   ] GC(356)   Post Evacuate Collection Set: 0.5ms
[2025-12-22T21:45:11.583+0000][2978.079s][info][gc,phases   ] GC(356)   Other: 0.5ms
[2025-12-22T21:45:11.583+0000][2978.079s][info][gc,heap     ] GC(356) Eden regions: 675->0(675)
[2025-12-22T21:45:11.583+0000][2978.079s][info][gc,heap     ] GC(356) Survivor regions: 1->1(85)
[2025-12-22T21:45:11.583+0000][2978.079s][info][gc,heap     ] GC(356) Old regions: 52->52
[2025-12-22T21:45:11.583+0000][2978.079s][info][gc,heap     ] GC(356) Archive regions: 2->2
[2025-12-22T21:45:11.583+0000][2978.080s][info][gc,heap     ] GC(356) Humongous regions: 37->37
[2025-12-22T21:45:11.583+0000][2978.080s][info][gc,metaspace] GC(356) Metaspace: 87491K(88384K)->87491K(88384K) NonClass: 76171K(76608K)->76171K(76608K) Class: 11320K(11776K)->11320K(11776K)
[2025-12-22T21:45:11.583+0000][2978.080s][info][gc          ] GC(356) Pause Young (Normal) (G1 Evacuation Pause) 764M->89M(1128M) 3.042ms
[2025-12-22T21:45:11.583+0000][2978.080s][info][gc,cpu      ] GC(356) User=0.01s Sys=0.00s Real=0.00s
[2025-12-22T21:45:19.809+0000][2986.305s][info][gc,start    ] GC(357) Pause Young (Normal) (G1 Evacuation Pause)
[2025-12-22T21:45:19.809+0000][2986.305s][info][gc,task     ] GC(357) Using 3 workers of 3 for evacuation
[2025-12-22T21:45:19.812+0000][2986.309s][info][gc,phases   ] GC(357)   Pre Evacuate Collection Set: 0.3ms
[2025-12-22T21:45:19.812+0000][2986.309s][info][gc,phases   ] GC(357)   Merge Heap Roots: 0.1ms
[2025-12-22T21:45:19.813+0000][2986.309s][info][gc,phases   ] GC(357)   Evacuate Collection Set: 1.7ms
[2025-12-22T21:45:19.813+0000][2986.309s][info][gc,phases   ] GC(357)   Post Evacuate Collection Set: 0.7ms
[2025-12-22T21:45:19.813+0000][2986.309s][info][gc,phases   ] GC(357)   Other: 0.8ms
[2025-12-22T21:45:19.813+0000][2986.309s][info][gc,heap     ] GC(357) Eden regions: 675->0(675)
[2025-12-22T21:45:19.813+0000][2986.310s][info][gc,heap     ] GC(357) Survivor regions: 1->1(85)
[2025-12-22T21:45:19.813+0000][2986.310s][info][gc,heap     ] GC(357) Old regions: 52->52
[2025-12-22T21:45:19.814+0000][2986.310s][info][gc,heap     ] GC(357) Archive regions: 2->2
[2025-12-22T21:45:19.814+0000][2986.310s][info][gc,heap     ] GC(357) Humongous regions: 37->37
[2025-12-22T21:45:19.814+0000][2986.310s][info][gc,metaspace] GC(357) Metaspace: 87491K(88384K)->87491K(88384K) NonClass: 76171K(76608K)->76171K(76608K) Class: 11320K(11776K)->11320K(11776K)
[2025-12-22T21:45:19.814+0000][2986.310s][info][gc          ] GC(357) Pause Young (Normal) (G1 Evacuation Pause) 764M->89M(1128M) 5.256ms
[2025-12-22T21:45:19.814+0000][2986.311s][info][gc,cpu      ] GC(357) User=0.00s Sys=0.00s Real=0.00s
[2025-12-22T21:45:27.959+0000][2994.455s][info][gc,start    ] GC(358) Pause Young (Normal) (G1 Evacuation Pause)
[2025-12-22T21:45:27.960+0000][2994.456s][info][gc,task     ] GC(358) Using 3 workers of 3 for evacuation
[2025-12-22T21:45:27.964+0000][2994.460s][info][gc,phases   ] GC(358)   Pre Evacuate Collection Set: 0.3ms
[2025-12-22T21:45:27.964+0000][2994.460s][info][gc,phases   ] GC(358)   Merge Heap Roots: 0.1ms
[2025-12-22T21:45:27.964+0000][2994.460s][info][gc,phases   ] GC(358)   Evacuate Collection Set: 2.1ms
[2025-12-22T21:45:27.964+0000][2994.460s][info][gc,phases   ] GC(358)   Post Evacuate Collection Set: 0.8ms
[2025-12-22T21:45:27.964+0000][2994.460s][info][gc,phases   ] GC(358)   Other: 1.3ms
[2025-12-22T21:45:27.964+0000][2994.460s][info][gc,heap     ] GC(358) Eden regions: 675->0(675)
[2025-12-22T21:45:27.964+0000][2994.460s][info][gc,heap     ] GC(358) Survivor regions: 1->1(85)
[2025-12-22T21:45:27.964+0000][2994.461s][info][gc,heap     ] GC(358) Old regions: 52->52
[2025-12-22T21:45:27.964+0000][2994.461s][info][gc,heap     ] GC(358) Archive regions: 2->2
[2025-12-22T21:45:27.965+0000][2994.461s][info][gc,heap     ] GC(358) Humongous regions: 37->37
[2025-12-22T21:45:27.965+0000][2994.461s][info][gc,metaspace] GC(358) Metaspace: 87491K(88384K)->87491K(88384K) NonClass: 76171K(76608K)->76171K(76608K) Class: 11320K(11776K)->11320K(11776K)
[2025-12-22T21:45:27.965+0000][2994.461s][info][gc          ] GC(358) Pause Young (Normal) (G1 Evacuation Pause) 764M->89M(1128M) 5.764ms
[2025-12-22T21:45:27.965+0000][2994.461s][info][gc,cpu      ] GC(358) User=0.01s Sys=0.00s Real=0.01s
[2025-12-22T21:45:37.729+0000][3004.225s][info][gc,start    ] GC(359) Pause Young (Normal) (G1 Evacuation Pause)
[2025-12-22T21:45:37.730+0000][3004.226s][info][gc,task     ] GC(359) Using 3 workers of 3 for evacuation
[2025-12-22T21:45:37.732+0000][3004.228s][info][gc,phases   ] GC(359)   Pre Evacuate Collection Set: 0.1ms
[2025-12-22T21:45:37.732+0000][3004.228s][info][gc,phases   ] GC(359)   Merge Heap Roots: 0.1ms
[2025-12-22T21:45:37.732+0000][3004.228s][info][gc,phases   ] GC(359)   Evacuate Collection Set: 1.4ms
[2025-12-22T21:45:37.732+0000][3004.228s][info][gc,phases   ] GC(359)   Post Evacuate Collection Set: 0.4ms
[2025-12-22T21:45:37.732+0000][3004.228s][info][gc,phases   ] GC(359)   Other: 0.6ms
[2025-12-22T21:45:37.732+0000][3004.228s][info][gc,heap     ] GC(359) Eden regions: 675->0(675)
[2025-12-22T21:45:37.732+0000][3004.228s][info][gc,heap     ] GC(359) Survivor regions: 1->1(85)
[2025-12-22T21:45:37.732+0000][3004.228s][info][gc,heap     ] GC(359) Old regions: 52->52
[2025-12-22T21:45:37.732+0000][3004.228s][info][gc,heap     ] GC(359) Archive regions: 2->2
[2025-12-22T21:45:37.732+0000][3004.229s][info][gc,heap     ] GC(359) Humongous regions: 37->37
[2025-12-22T21:45:37.732+0000][3004.229s][info][gc,metaspace] GC(359) Metaspace: 87506K(88384K)->87506K(88384K) NonClass: 76186K(76608K)->76186K(76608K) Class: 11320K(11776K)->11320K(11776K)
[2025-12-22T21:45:37.732+0000][3004.229s][info][gc          ] GC(359) Pause Young (Normal) (G1 Evacuation Pause) 764M->89M(1128M) 3.125ms
[2025-12-22T21:45:37.732+0000][3004.229s][info][gc,cpu      ] GC(359) User=0.01s Sys=0.01s Real=0.00s
[2025-12-22T21:45:46.070+0000][3012.566s][info][gc,start    ] GC(360) Pause Young (Normal) (G1 Evacuation Pause)
[2025-12-22T21:45:46.071+0000][3012.567s][info][gc,task     ] GC(360) Using 3 workers of 3 for evacuation
[2025-12-22T21:45:46.074+0000][3012.571s][info][gc,phases   ] GC(360)   Pre Evacuate Collection Set: 0.3ms
[2025-12-22T21:45:46.075+0000][3012.571s][info][gc,phases   ] GC(360)   Merge Heap Roots: 0.2ms
[2025-12-22T21:45:46.075+0000][3012.571s][info][gc,phases   ] GC(360)   Evacuate Collection Set: 1.7ms
[2025-12-22T21:45:46.075+0000][3012.571s][info][gc,phases   ] GC(360)   Post Evacuate Collection Set: 0.8ms
[2025-12-22T21:45:46.075+0000][3012.571s][info][gc,phases   ] GC(360)   Other: 1.2ms
[2025-12-22T21:45:46.075+0000][3012.571s][info][gc,heap     ] GC(360) Eden regions: 675->0(675)
[2025-12-22T21:45:46.075+0000][3012.572s][info][gc,heap     ] GC(360) Survivor regions: 1->1(85)
[2025-12-22T21:45:46.076+0000][3012.572s][info][gc,heap     ] GC(360) Old regions: 52->52
[2025-12-22T21:45:46.076+0000][3012.572s][info][gc,heap     ] GC(360) Archive regions: 2->2
[2025-12-22T21:45:46.076+0000][3012.572s][info][gc,heap     ] GC(360) Humongous regions: 37->37
[2025-12-22T21:45:46.076+0000][3012.572s][info][gc,metaspace] GC(360) Metaspace: 87506K(88384K)->87506K(88384K) NonClass: 76186K(76608K)->76186K(76608K) Class: 11320K(11776K)->11320K(11776K)
[2025-12-22T21:45:46.076+0000][3012.572s][info][gc          ] GC(360) Pause Young (Normal) (G1 Evacuation Pause) 764M->89M(1128M) 5.940ms
[2025-12-22T21:45:46.076+0000][3012.573s][info][gc,cpu      ] GC(360) User=0.01s Sys=0.00s Real=0.01s
[2025-12-22T21:45:56.237+0000][3022.734s][info][gc,start    ] GC(361) Pause Young (Normal) (G1 Evacuation Pause)
[2025-12-22T21:45:56.238+0000][3022.734s][info][gc,task     ] GC(361) Using 3 workers of 3 for evacuation
[2025-12-22T21:45:56.241+0000][3022.738s][info][gc,phases   ] GC(361)   Pre Evacuate Collection Set: 0.2ms
[2025-12-22T21:45:56.242+0000][3022.738s][info][gc,phases   ] GC(361)   Merge Heap Roots: 0.2ms
[2025-12-22T21:45:56.242+0000][3022.738s][info][gc,phases   ] GC(361)   Evacuate Collection Set: 1.7ms
[2025-12-22T21:45:56.242+0000][3022.738s][info][gc,phases   ] GC(361)   Post Evacuate Collection Set: 0.8ms
[2025-12-22T21:45:56.242+0000][3022.738s][info][gc,phases   ] GC(361)   Other: 1.1ms
[2025-12-22T21:45:56.242+0000][3022.738s][info][gc,heap     ] GC(361) Eden regions: 675->0(675)
[2025-12-22T21:45:56.242+0000][3022.739s][info][gc,heap     ] GC(361) Survivor regions: 1->1(85)
[2025-12-22T21:45:56.242+0000][3022.739s][info][gc,heap     ] GC(361) Old regions: 52->52
[2025-12-22T21:45:56.243+0000][3022.739s][info][gc,heap     ] GC(361) Archive regions: 2->2
[2025-12-22T21:45:56.243+0000][3022.739s][info][gc,heap     ] GC(361) Humongous regions: 37->37
[2025-12-22T21:45:56.243+0000][3022.739s][info][gc,metaspace] GC(361) Metaspace: 87506K(88384K)->87506K(88384K) NonClass: 76186K(76608K)->76186K(76608K) Class: 11320K(11776K)->11320K(11776K)
[2025-12-22T21:45:56.243+0000][3022.739s][info][gc          ] GC(361) Pause Young (Normal) (G1 Evacuation Pause) 764M->89M(1128M) 5.582ms
[2025-12-22T21:45:56.243+0000][3022.739s][info][gc,cpu      ] GC(361) User=0.01s Sys=0.00s Real=0.00s
[2025-12-22T21:46:04.467+0000][3030.963s][info][gc,start    ] GC(362) Pause Young (Normal) (G1 Evacuation Pause)
[2025-12-22T21:46:04.468+0000][3030.964s][info][gc,task     ] GC(362) Using 3 workers of 3 for evacuation
[2025-12-22T21:46:04.470+0000][3030.967s][info][gc,phases   ] GC(362)   Pre Evacuate Collection Set: 0.1ms
[2025-12-22T21:46:04.470+0000][3030.967s][info][gc,phases   ] GC(362)   Merge Heap Roots: 0.1ms
[2025-12-22T21:46:04.471+0000][3030.967s][info][gc,phases   ] GC(362)   Evacuate Collection Set: 1.3ms
[2025-12-22T21:46:04.471+0000][3030.967s][info][gc,phases   ] GC(362)   Post Evacuate Collection Set: 0.6ms
[2025-12-22T21:46:04.471+0000][3030.967s][info][gc,phases   ] GC(362)   Other: 1.2ms
[2025-12-22T21:46:04.471+0000][3030.967s][info][gc,heap     ] GC(362) Eden regions: 675->0(675)
[2025-12-22T21:46:04.471+0000][3030.967s][info][gc,heap     ] GC(362) Survivor regions: 1->1(85)
[2025-12-22T21:46:04.471+0000][3030.967s][info][gc,heap     ] GC(362) Old regions: 52->52
[2025-12-22T21:46:04.471+0000][3030.967s][info][gc,heap     ] GC(362) Archive regions: 2->2
[2025-12-22T21:46:04.471+0000][3030.967s][info][gc,heap     ] GC(362) Humongous regions: 37->37
[2025-12-22T21:46:04.471+0000][3030.968s][info][gc,metaspace] GC(362) Metaspace: 87506K(88384K)->87506K(88384K) NonClass: 76186K(76608K)->76186K(76608K) Class: 11320K(11776K)->11320K(11776K)
[2025-12-22T21:46:04.471+0000][3030.968s][info][gc          ] GC(362) Pause Young (Normal) (G1 Evacuation Pause) 764M->89M(1128M) 4.458ms
[2025-12-22T21:46:04.472+0000][3030.968s][info][gc,cpu      ] GC(362) User=0.00s Sys=0.00s Real=0.00s
[2025-12-22T21:46:12.928+0000][3039.424s][info][gc,start    ] GC(363) Pause Young (Normal) (G1 Evacuation Pause)
[2025-12-22T21:46:12.929+0000][3039.425s][info][gc,task     ] GC(363) Using 3 workers of 3 for evacuation
[2025-12-22T21:46:12.930+0000][3039.427s][info][gc,phases   ] GC(363)   Pre Evacuate Collection Set: 0.1ms
[2025-12-22T21:46:12.931+0000][3039.427s][info][gc,phases   ] GC(363)   Merge Heap Roots: 0.1ms
[2025-12-22T21:46:12.931+0000][3039.427s][info][gc,phases   ] GC(363)   Evacuate Collection Set: 1.0ms
[2025-12-22T21:46:12.931+0000][3039.427s][info][gc,phases   ] GC(363)   Post Evacuate Collection Set: 0.4ms
[2025-12-22T21:46:12.931+0000][3039.427s][info][gc,phases   ] GC(363)   Other: 1.4ms
[2025-12-22T21:46:12.931+0000][3039.427s][info][gc,heap     ] GC(363) Eden regions: 675->0(675)
[2025-12-22T21:46:12.931+0000][3039.427s][info][gc,heap     ] GC(363) Survivor regions: 1->1(85)
[2025-12-22T21:46:12.931+0000][3039.427s][info][gc,heap     ] GC(363) Old regions: 52->52
[2025-12-22T21:46:12.931+0000][3039.428s][info][gc,heap     ] GC(363) Archive regions: 2->2
[2025-12-22T21:46:12.931+0000][3039.428s][info][gc,heap     ] GC(363) Humongous regions: 37->37
[2025-12-22T21:46:12.932+0000][3039.428s][info][gc,metaspace] GC(363) Metaspace: 87506K(88384K)->87506K(88384K) NonClass: 76186K(76608K)->76186K(76608K) Class: 11320K(11776K)->11320K(11776K)
[2025-12-22T21:46:12.932+0000][3039.428s][info][gc          ] GC(363) Pause Young (Normal) (G1 Evacuation Pause) 764M->89M(1128M) 4.104ms
[2025-12-22T21:46:12.932+0000][3039.428s][info][gc,cpu      ] GC(363) User=0.00s Sys=0.01s Real=0.00s
[2025-12-22T21:46:22.598+0000][3049.094s][info][gc,start    ] GC(364) Pause Young (Normal) (G1 Evacuation Pause)
[2025-12-22T21:46:22.598+0000][3049.094s][info][gc,task     ] GC(364) Using 3 workers of 3 for evacuation
[2025-12-22T21:46:22.601+0000][3049.098s][info][gc,phases   ] GC(364)   Pre Evacuate Collection Set: 0.2ms
[2025-12-22T21:46:22.602+0000][3049.098s][info][gc,phases   ] GC(364)   Merge Heap Roots: 0.2ms
[2025-12-22T21:46:22.602+0000][3049.098s][info][gc,phases   ] GC(364)   Evacuate Collection Set: 1.8ms
[2025-12-22T21:46:22.602+0000][3049.098s][info][gc,phases   ] GC(364)   Post Evacuate Collection Set: 0.8ms
[2025-12-22T21:46:22.602+0000][3049.099s][info][gc,phases   ] GC(364)   Other: 1.0ms
[2025-12-22T21:46:22.603+0000][3049.099s][info][gc,heap     ] GC(364) Eden regions: 675->0(675)
[2025-12-22T21:46:22.603+0000][3049.099s][info][gc,heap     ] GC(364) Survivor regions: 1->1(85)
[2025-12-22T21:46:22.603+0000][3049.099s][info][gc,heap     ] GC(364) Old regions: 52->52
[2025-12-22T21:46:22.603+0000][3049.099s][info][gc,heap     ] GC(364) Archive regions: 2->2
[2025-12-22T21:46:22.603+0000][3049.100s][info][gc,heap     ] GC(364) Humongous regions: 37->37
[2025-12-22T21:46:22.604+0000][3049.100s][info][gc,metaspace] GC(364) Metaspace: 87506K(88384K)->87506K(88384K) NonClass: 76186K(76608K)->76186K(76608K) Class: 11320K(11776K)->11320K(11776K)
[2025-12-22T21:46:22.604+0000][3049.100s][info][gc          ] GC(364) Pause Young (Normal) (G1 Evacuation Pause) 764M->89M(1128M) 6.229ms
[2025-12-22T21:46:22.604+0000][3049.100s][info][gc,cpu      ] GC(364) User=0.01s Sys=0.00s Real=0.00s
[2025-12-22T21:46:30.699+0000][3057.195s][info][gc,start    ] GC(365) Pause Young (Normal) (G1 Evacuation Pause)
[2025-12-22T21:46:30.700+0000][3057.196s][info][gc,task     ] GC(365) Using 3 workers of 3 for evacuation
[2025-12-22T21:46:30.702+0000][3057.199s][info][gc,phases   ] GC(365)   Pre Evacuate Collection Set: 0.1ms
[2025-12-22T21:46:30.702+0000][3057.199s][info][gc,phases   ] GC(365)   Merge Heap Roots: 0.1ms
[2025-12-22T21:46:30.703+0000][3057.199s][info][gc,phases   ] GC(365)   Evacuate Collection Set: 1.6ms
[2025-12-22T21:46:30.703+0000][3057.199s][info][gc,phases   ] GC(365)   Post Evacuate Collection Set: 0.5ms
[2025-12-22T21:46:30.703+0000][3057.199s][info][gc,phases   ] GC(365)   Other: 1.4ms
[2025-12-22T21:46:30.703+0000][3057.199s][info][gc,heap     ] GC(365) Eden regions: 675->0(675)
[2025-12-22T21:46:30.703+0000][3057.199s][info][gc,heap     ] GC(365) Survivor regions: 1->1(85)
[2025-12-22T21:46:30.703+0000][3057.199s][info][gc,heap     ] GC(365) Old regions: 52->52
[2025-12-22T21:46:30.703+0000][3057.199s][info][gc,heap     ] GC(365) Archive regions: 2->2
[2025-12-22T21:46:30.703+0000][3057.200s][info][gc,heap     ] GC(365) Humongous regions: 37->37
[2025-12-22T21:46:30.703+0000][3057.200s][info][gc,metaspace] GC(365) Metaspace: 87506K(88384K)->87506K(88384K) NonClass: 76186K(76608K)->76186K(76608K) Class: 11320K(11776K)->11320K(11776K)
[2025-12-22T21:46:30.704+0000][3057.200s][info][gc          ] GC(365) Pause Young (Normal) (G1 Evacuation Pause) 764M->89M(1128M) 4.903ms
[2025-12-22T21:46:30.704+0000][3057.200s][info][gc,cpu      ] GC(365) User=0.01s Sys=0.00s Real=0.00s
[2025-12-22T21:46:40.539+0000][3067.035s][info][gc,start    ] GC(366) Pause Young (Normal) (G1 Evacuation Pause)
[2025-12-22T21:46:40.539+0000][3067.035s][info][gc,task     ] GC(366) Using 3 workers of 3 for evacuation
[2025-12-22T21:46:40.541+0000][3067.037s][info][gc,phases   ] GC(366)   Pre Evacuate Collection Set: 0.1ms
[2025-12-22T21:46:40.541+0000][3067.037s][info][gc,phases   ] GC(366)   Merge Heap Roots: 0.1ms
[2025-12-22T21:46:40.541+0000][3067.037s][info][gc,phases   ] GC(366)   Evacuate Collection Set: 1.1ms
[2025-12-22T21:46:40.541+0000][3067.037s][info][gc,phases   ] GC(366)   Post Evacuate Collection Set: 0.4ms
[2025-12-22T21:46:40.541+0000][3067.037s][info][gc,phases   ] GC(366)   Other: 0.5ms
[2025-12-22T21:46:40.541+0000][3067.037s][info][gc,heap     ] GC(366) Eden regions: 675->0(675)
[2025-12-22T21:46:40.541+0000][3067.037s][info][gc,heap     ] GC(366) Survivor regions: 1->1(85)
[2025-12-22T21:46:40.541+0000][3067.037s][info][gc,heap     ] GC(366) Old regions: 52->52
[2025-12-22T21:46:40.541+0000][3067.038s][info][gc,heap     ] GC(366) Archive regions: 2->2
[2025-12-22T21:46:40.541+0000][3067.038s][info][gc,heap     ] GC(366) Humongous regions: 37->37
[2025-12-22T21:46:40.541+0000][3067.038s][info][gc,metaspace] GC(366) Metaspace: 87506K(88384K)->87506K(88384K) NonClass: 76186K(76608K)->76186K(76608K) Class: 11320K(11776K)->11320K(11776K)
[2025-12-22T21:46:40.542+0000][3067.038s][info][gc          ] GC(366) Pause Young (Normal) (G1 Evacuation Pause) 764M->89M(1128M) 3.075ms
[2025-12-22T21:46:40.542+0000][3067.038s][info][gc,cpu      ] GC(366) User=0.00s Sys=0.00s Real=0.00s
[2025-12-22T21:46:48.697+0000][3075.194s][info][gc,start    ] GC(367) Pause Young (Normal) (G1 Evacuation Pause)
[2025-12-22T21:46:48.699+0000][3075.195s][info][gc,task     ] GC(367) Using 3 workers of 3 for evacuation
[2025-12-22T21:46:48.700+0000][3075.196s][info][gc,phases   ] GC(367)   Pre Evacuate Collection Set: 0.1ms
[2025-12-22T21:46:48.700+0000][3075.196s][info][gc,phases   ] GC(367)   Merge Heap Roots: 0.1ms
[2025-12-22T21:46:48.700+0000][3075.197s][info][gc,phases   ] GC(367)   Evacuate Collection Set: 0.8ms
[2025-12-22T21:46:48.700+0000][3075.197s][info][gc,phases   ] GC(367)   Post Evacuate Collection Set: 0.4ms
[2025-12-22T21:46:48.701+0000][3075.197s][info][gc,phases   ] GC(367)   Other: 1.4ms
[2025-12-22T21:46:48.701+0000][3075.197s][info][gc,heap     ] GC(367) Eden regions: 675->0(675)
[2025-12-22T21:46:48.701+0000][3075.197s][info][gc,heap     ] GC(367) Survivor regions: 1->1(85)
[2025-12-22T21:46:48.701+0000][3075.197s][info][gc,heap     ] GC(367) Old regions: 52->52
[2025-12-22T21:46:48.701+0000][3075.197s][info][gc,heap     ] GC(367) Archive regions: 2->2
[2025-12-22T21:46:48.701+0000][3075.197s][info][gc,heap     ] GC(367) Humongous regions: 37->37
[2025-12-22T21:46:48.701+0000][3075.197s][info][gc,metaspace] GC(367) Metaspace: 87529K(88448K)->87529K(88448K) NonClass: 76209K(76672K)->76209K(76672K) Class: 11320K(11776K)->11320K(11776K)
[2025-12-22T21:46:48.701+0000][3075.198s][info][gc          ] GC(367) Pause Young (Normal) (G1 Evacuation Pause) 764M->89M(1128M) 3.842ms
[2025-12-22T21:46:48.701+0000][3075.198s][info][gc,cpu      ] GC(367) User=0.00s Sys=0.00s Real=0.00s
[2025-12-22T21:46:57.926+0000][3084.422s][info][gc,start    ] GC(368) Pause Young (Normal) (G1 Evacuation Pause)
[2025-12-22T21:46:57.926+0000][3084.422s][info][gc,task     ] GC(368) Using 3 workers of 3 for evacuation
[2025-12-22T21:46:57.929+0000][3084.426s][info][gc,phases   ] GC(368)   Pre Evacuate Collection Set: 0.3ms
[2025-12-22T21:46:57.929+0000][3084.426s][info][gc,phases   ] GC(368)   Merge Heap Roots: 0.2ms
[2025-12-22T21:46:57.930+0000][3084.426s][info][gc,phases   ] GC(368)   Evacuate Collection Set: 1.9ms
[2025-12-22T21:46:57.930+0000][3084.426s][info][gc,phases   ] GC(368)   Post Evacuate Collection Set: 0.6ms
[2025-12-22T21:46:57.930+0000][3084.426s][info][gc,phases   ] GC(368)   Other: 0.7ms
[2025-12-22T21:46:57.930+0000][3084.426s][info][gc,heap     ] GC(368) Eden regions: 675->0(675)
[2025-12-22T21:46:57.930+0000][3084.426s][info][gc,heap     ] GC(368) Survivor regions: 1->1(85)
[2025-12-22T21:46:57.930+0000][3084.426s][info][gc,heap     ] GC(368) Old regions: 52->52
[2025-12-22T21:46:57.930+0000][3084.426s][info][gc,heap     ] GC(368) Archive regions: 2->2
[2025-12-22T21:46:57.930+0000][3084.426s][info][gc,heap     ] GC(368) Humongous regions: 37->37
[2025-12-22T21:46:57.930+0000][3084.426s][info][gc,metaspace] GC(368) Metaspace: 87529K(88448K)->87529K(88448K) NonClass: 76209K(76672K)->76209K(76672K) Class: 11320K(11776K)->11320K(11776K)
[2025-12-22T21:46:57.930+0000][3084.426s][info][gc          ] GC(368) Pause Young (Normal) (G1 Evacuation Pause) 764M->89M(1128M) 4.369ms
[2025-12-22T21:46:57.930+0000][3084.426s][info][gc,cpu      ] GC(368) User=0.01s Sys=0.00s Real=0.00s
[2025-12-22T21:47:07.078+0000][3093.574s][info][gc,start    ] GC(369) Pause Young (Normal) (G1 Evacuation Pause)
[2025-12-22T21:47:07.078+0000][3093.575s][info][gc,task     ] GC(369) Using 3 workers of 3 for evacuation
[2025-12-22T21:47:07.081+0000][3093.577s][info][gc,phases   ] GC(369)   Pre Evacuate Collection Set: 0.1ms
[2025-12-22T21:47:07.081+0000][3093.577s][info][gc,phases   ] GC(369)   Merge Heap Roots: 0.1ms
[2025-12-22T21:47:07.081+0000][3093.577s][info][gc,phases   ] GC(369)   Evacuate Collection Set: 1.4ms
[2025-12-22T21:47:07.081+0000][3093.577s][info][gc,phases   ] GC(369)   Post Evacuate Collection Set: 0.5ms
[2025-12-22T21:47:07.081+0000][3093.578s][info][gc,phases   ] GC(369)   Other: 0.5ms
[2025-12-22T21:47:07.081+0000][3093.578s][info][gc,heap     ] GC(369) Eden regions: 675->0(675)
[2025-12-22T21:47:07.082+0000][3093.578s][info][gc,heap     ] GC(369) Survivor regions: 1->1(85)
[2025-12-22T21:47:07.082+0000][3093.578s][info][gc,heap     ] GC(369) Old regions: 52->52
[2025-12-22T21:47:07.082+0000][3093.578s][info][gc,heap     ] GC(369) Archive regions: 2->2
[2025-12-22T21:47:07.082+0000][3093.578s][info][gc,heap     ] GC(369) Humongous regions: 37->37
[2025-12-22T21:47:07.082+0000][3093.578s][info][gc,metaspace] GC(369) Metaspace: 87530K(88448K)->87530K(88448K) NonClass: 76209K(76672K)->76209K(76672K) Class: 11320K(11776K)->11320K(11776K)
[2025-12-22T21:47:07.082+0000][3093.578s][info][gc          ] GC(369) Pause Young (Normal) (G1 Evacuation Pause) 764M->89M(1128M) 3.951ms
[2025-12-22T21:47:07.082+0000][3093.578s][info][gc,cpu      ] GC(369) User=0.00s Sys=0.00s Real=0.00s
[2025-12-22T21:47:15.374+0000][3101.871s][info][gc,start    ] GC(370) Pause Young (Normal) (G1 Evacuation Pause)
[2025-12-22T21:47:15.376+0000][3101.872s][info][gc,task     ] GC(370) Using 3 workers of 3 for evacuation
[2025-12-22T21:47:15.378+0000][3101.874s][info][gc,phases   ] GC(370)   Pre Evacuate Collection Set: 0.2ms
[2025-12-22T21:47:15.378+0000][3101.875s][info][gc,phases   ] GC(370)   Merge Heap Roots: 0.2ms
[2025-12-22T21:47:15.379+0000][3101.875s][info][gc,phases   ] GC(370)   Evacuate Collection Set: 1.3ms
[2025-12-22T21:47:15.379+0000][3101.875s][info][gc,phases   ] GC(370)   Post Evacuate Collection Set: 0.6ms
[2025-12-22T21:47:15.379+0000][3101.875s][info][gc,phases   ] GC(370)   Other: 1.7ms
[2025-12-22T21:47:15.379+0000][3101.875s][info][gc,heap     ] GC(370) Eden regions: 675->0(675)
[2025-12-22T21:47:15.379+0000][3101.875s][info][gc,heap     ] GC(370) Survivor regions: 1->1(85)
[2025-12-22T21:47:15.379+0000][3101.876s][info][gc,heap     ] GC(370) Old regions: 52->52
[2025-12-22T21:47:15.380+0000][3101.876s][info][gc,heap     ] GC(370) Archive regions: 2->2
[2025-12-22T21:47:15.380+0000][3101.876s][info][gc,heap     ] GC(370) Humongous regions: 37->37
[2025-12-22T21:47:15.380+0000][3101.876s][info][gc,metaspace] GC(370) Metaspace: 87530K(88448K)->87530K(88448K) NonClass: 76209K(76672K)->76209K(76672K) Class: 11320K(11776K)->11320K(11776K)
[2025-12-22T21:47:15.380+0000][3101.876s][info][gc          ] GC(370) Pause Young (Normal) (G1 Evacuation Pause) 764M->89M(1128M) 5.624ms
[2025-12-22T21:47:15.380+0000][3101.876s][info][gc,cpu      ] GC(370) User=0.00s Sys=0.00s Real=0.01s
[2025-12-22T21:47:25.575+0000][3112.071s][info][gc,start    ] GC(371) Pause Young (Normal) (G1 Evacuation Pause)
[2025-12-22T21:47:25.576+0000][3112.072s][info][gc,task     ] GC(371) Using 3 workers of 3 for evacuation
[2025-12-22T21:47:25.579+0000][3112.075s][info][gc,phases   ] GC(371)   Pre Evacuate Collection Set: 0.2ms
[2025-12-22T21:47:25.579+0000][3112.076s][info][gc,phases   ] GC(371)   Merge Heap Roots: 0.2ms
[2025-12-22T21:47:25.580+0000][3112.076s][info][gc,phases   ] GC(371)   Evacuate Collection Set: 1.9ms
[2025-12-22T21:47:25.580+0000][3112.076s][info][gc,phases   ] GC(371)   Post Evacuate Collection Set: 0.9ms
[2025-12-22T21:47:25.580+0000][3112.076s][info][gc,phases   ] GC(371)   Other: 1.2ms
[2025-12-22T21:47:25.580+0000][3112.076s][info][gc,heap     ] GC(371) Eden regions: 675->0(675)
[2025-12-22T21:47:25.580+0000][3112.076s][info][gc,heap     ] GC(371) Survivor regions: 1->1(85)
[2025-12-22T21:47:25.580+0000][3112.077s][info][gc,heap     ] GC(371) Old regions: 52->52
[2025-12-22T21:47:25.580+0000][3112.077s][info][gc,heap     ] GC(371) Archive regions: 2->2
[2025-12-22T21:47:25.581+0000][3112.077s][info][gc,heap     ] GC(371) Humongous regions: 37->37
[2025-12-22T21:47:25.581+0000][3112.077s][info][gc,metaspace] GC(371) Metaspace: 87530K(88448K)->87530K(88448K) NonClass: 76209K(76672K)->76209K(76672K) Class: 11320K(11776K)->11320K(11776K)
[2025-12-22T21:47:25.581+0000][3112.077s][info][gc          ] GC(371) Pause Young (Normal) (G1 Evacuation Pause) 764M->90M(1128M) 5.948ms
[2025-12-22T21:47:25.581+0000][3112.077s][info][gc,cpu      ] GC(371) User=0.01s Sys=0.00s Real=0.00s
[2025-12-22T21:47:34.057+0000][3120.553s][info][gc,start    ] GC(372) Pause Young (Normal) (G1 Evacuation Pause)
[2025-12-22T21:47:34.057+0000][3120.554s][info][gc,task     ] GC(372) Using 3 workers of 3 for evacuation
[2025-12-22T21:47:34.061+0000][3120.557s][info][gc,phases   ] GC(372)   Pre Evacuate Collection Set: 0.4ms
[2025-12-22T21:47:34.061+0000][3120.557s][info][gc,phases   ] GC(372)   Merge Heap Roots: 0.2ms
[2025-12-22T21:47:34.061+0000][3120.558s][info][gc,phases   ] GC(372)   Evacuate Collection Set: 2.0ms
[2025-12-22T21:47:34.061+0000][3120.558s][info][gc,phases   ] GC(372)   Post Evacuate Collection Set: 0.6ms
[2025-12-22T21:47:34.062+0000][3120.558s][info][gc,phases   ] GC(372)   Other: 1.3ms
[2025-12-22T21:47:34.062+0000][3120.558s][info][gc,heap     ] GC(372) Eden regions: 675->0(675)
[2025-12-22T21:47:34.062+0000][3120.558s][info][gc,heap     ] GC(372) Survivor regions: 1->1(85)
[2025-12-22T21:47:34.062+0000][3120.558s][info][gc,heap     ] GC(372) Old regions: 52->52
[2025-12-22T21:47:34.062+0000][3120.558s][info][gc,heap     ] GC(372) Archive regions: 2->2
[2025-12-22T21:47:34.062+0000][3120.558s][info][gc,heap     ] GC(372) Humongous regions: 37->37
[2025-12-22T21:47:34.062+0000][3120.559s][info][gc,metaspace] GC(372) Metaspace: 87534K(88448K)->87534K(88448K) NonClass: 76214K(76672K)->76214K(76672K) Class: 11320K(11776K)->11320K(11776K)
[2025-12-22T21:47:34.062+0000][3120.559s][info][gc          ] GC(372) Pause Young (Normal) (G1 Evacuation Pause) 765M->90M(1128M) 5.912ms
[2025-12-22T21:47:34.063+0000][3120.559s][info][gc,cpu      ] GC(372) User=0.01s Sys=0.00s Real=0.00s
[2025-12-22T21:47:42.916+0000][3129.412s][info][gc,start    ] GC(373) Pause Young (Normal) (G1 Evacuation Pause)
[2025-12-22T21:47:42.916+0000][3129.413s][info][gc,task     ] GC(373) Using 3 workers of 3 for evacuation
[2025-12-22T21:47:42.918+0000][3129.414s][info][gc,phases   ] GC(373)   Pre Evacuate Collection Set: 0.1ms
[2025-12-22T21:47:42.918+0000][3129.414s][info][gc,phases   ] GC(373)   Merge Heap Roots: 0.1ms
[2025-12-22T21:47:42.918+0000][3129.415s][info][gc,phases   ] GC(373)   Evacuate Collection Set: 0.8ms
[2025-12-22T21:47:42.918+0000][3129.415s][info][gc,phases   ] GC(373)   Post Evacuate Collection Set: 0.4ms
[2025-12-22T21:47:42.918+0000][3129.415s][info][gc,phases   ] GC(373)   Other: 0.7ms
[2025-12-22T21:47:42.919+0000][3129.415s][info][gc,heap     ] GC(373) Eden regions: 675->0(675)
[2025-12-22T21:47:42.919+0000][3129.415s][info][gc,heap     ] GC(373) Survivor regions: 1->1(85)
[2025-12-22T21:47:42.919+0000][3129.415s][info][gc,heap     ] GC(373) Old regions: 52->52
[2025-12-22T21:47:42.919+0000][3129.415s][info][gc,heap     ] GC(373) Archive regions: 2->2
[2025-12-22T21:47:42.919+0000][3129.415s][info][gc,heap     ] GC(373) Humongous regions: 37->37
[2025-12-22T21:47:42.919+0000][3129.415s][info][gc,metaspace] GC(373) Metaspace: 87534K(88448K)->87534K(88448K) NonClass: 76214K(76672K)->76214K(76672K) Class: 11320K(11776K)->11320K(11776K)
[2025-12-22T21:47:42.919+0000][3129.415s][info][gc          ] GC(373) Pause Young (Normal) (G1 Evacuation Pause) 765M->90M(1128M) 3.258ms
[2025-12-22T21:47:42.919+0000][3129.415s][info][gc,cpu      ] GC(373) User=0.01s Sys=0.00s Real=0.00s
[2025-12-22T21:47:52.560+0000][3139.056s][info][gc,start    ] GC(374) Pause Young (Normal) (G1 Evacuation Pause)
[2025-12-22T21:47:52.561+0000][3139.057s][info][gc,task     ] GC(374) Using 3 workers of 3 for evacuation
[2025-12-22T21:47:52.564+0000][3139.060s][info][gc,phases   ] GC(374)   Pre Evacuate Collection Set: 0.1ms
[2025-12-22T21:47:52.564+0000][3139.060s][info][gc,phases   ] GC(374)   Merge Heap Roots: 0.2ms
[2025-12-22T21:47:52.564+0000][3139.061s][info][gc,phases   ] GC(374)   Evacuate Collection Set: 1.8ms
[2025-12-22T21:47:52.564+0000][3139.061s][info][gc,phases   ] GC(374)   Post Evacuate Collection Set: 0.8ms
[2025-12-22T21:47:52.565+0000][3139.061s][info][gc,phases   ] GC(374)   Other: 1.0ms
[2025-12-22T21:47:52.565+0000][3139.061s][info][gc,heap     ] GC(374) Eden regions: 675->0(675)
[2025-12-22T21:47:52.565+0000][3139.061s][info][gc,heap     ] GC(374) Survivor regions: 1->1(85)
[2025-12-22T21:47:52.565+0000][3139.062s][info][gc,heap     ] GC(374) Old regions: 52->52
[2025-12-22T21:47:52.566+0000][3139.062s][info][gc,heap     ] GC(374) Archive regions: 2->2
[2025-12-22T21:47:52.566+0000][3139.062s][info][gc,heap     ] GC(374) Humongous regions: 37->37
[2025-12-22T21:47:52.566+0000][3139.062s][info][gc,metaspace] GC(374) Metaspace: 87536K(88448K)->87536K(88448K) NonClass: 76216K(76672K)->76216K(76672K) Class: 11320K(11776K)->11320K(11776K)
[2025-12-22T21:47:52.566+0000][3139.062s][info][gc          ] GC(374) Pause Young (Normal) (G1 Evacuation Pause) 765M->90M(1128M) 6.108ms
[2025-12-22T21:47:52.566+0000][3139.063s][info][gc,cpu      ] GC(374) User=0.00s Sys=0.00s Real=0.01s
[2025-12-22T21:48:00.911+0000][3147.407s][info][gc,start    ] GC(375) Pause Young (Normal) (G1 Evacuation Pause)
[2025-12-22T21:48:00.912+0000][3147.409s][info][gc,task     ] GC(375) Using 3 workers of 3 for evacuation
[2025-12-22T21:48:00.916+0000][3147.412s][info][gc,phases   ] GC(375)   Pre Evacuate Collection Set: 0.2ms
[2025-12-22T21:48:00.916+0000][3147.413s][info][gc,phases   ] GC(375)   Merge Heap Roots: 0.2ms
[2025-12-22T21:48:00.917+0000][3147.413s][info][gc,phases   ] GC(375)   Evacuate Collection Set: 1.8ms
[2025-12-22T21:48:00.917+0000][3147.413s][info][gc,phases   ] GC(375)   Post Evacuate Collection Set: 0.8ms
[2025-12-22T21:48:00.917+0000][3147.413s][info][gc,phases   ] GC(375)   Other: 2.0ms
[2025-12-22T21:48:00.917+0000][3147.414s][info][gc,heap     ] GC(375) Eden regions: 675->0(675)
[2025-12-22T21:48:00.917+0000][3147.414s][info][gc,heap     ] GC(375) Survivor regions: 1->1(85)
[2025-12-22T21:48:00.918+0000][3147.414s][info][gc,heap     ] GC(375) Old regions: 52->52
[2025-12-22T21:48:00.918+0000][3147.414s][info][gc,heap     ] GC(375) Archive regions: 2->2
[2025-12-22T21:48:00.918+0000][3147.414s][info][gc,heap     ] GC(375) Humongous regions: 37->37
[2025-12-22T21:48:00.918+0000][3147.414s][info][gc,metaspace] GC(375) Metaspace: 87536K(88448K)->87536K(88448K) NonClass: 76216K(76672K)->76216K(76672K) Class: 11320K(11776K)->11320K(11776K)
[2025-12-22T21:48:00.918+0000][3147.415s][info][gc          ] GC(375) Pause Young (Normal) (G1 Evacuation Pause) 765M->89M(1128M) 7.347ms
[2025-12-22T21:48:00.919+0000][3147.415s][info][gc,cpu      ] GC(375) User=0.01s Sys=0.00s Real=0.01s
[2025-12-22T21:48:11.114+0000][3157.610s][info][gc,start    ] GC(376) Pause Young (Normal) (G1 Evacuation Pause)
[2025-12-22T21:48:11.115+0000][3157.611s][info][gc,task     ] GC(376) Using 3 workers of 3 for evacuation
[2025-12-22T21:48:11.122+0000][3157.618s][info][gc,phases   ] GC(376)   Pre Evacuate Collection Set: 0.7ms
[2025-12-22T21:48:11.122+0000][3157.618s][info][gc,phases   ] GC(376)   Merge Heap Roots: 0.2ms
[2025-12-22T21:48:11.122+0000][3157.619s][info][gc,phases   ] GC(376)   Evacuate Collection Set: 3.9ms
[2025-12-22T21:48:11.123+0000][3157.619s][info][gc,phases   ] GC(376)   Post Evacuate Collection Set: 1.5ms
[2025-12-22T21:48:11.123+0000][3157.619s][info][gc,phases   ] GC(376)   Other: 2.2ms
[2025-12-22T21:48:11.123+0000][3157.619s][info][gc,heap     ] GC(376) Eden regions: 675->0(675)
[2025-12-22T21:48:11.123+0000][3157.619s][info][gc,heap     ] GC(376) Survivor regions: 1->1(85)
[2025-12-22T21:48:11.123+0000][3157.620s][info][gc,heap     ] GC(376) Old regions: 52->52
[2025-12-22T21:48:11.123+0000][3157.620s][info][gc,heap     ] GC(376) Archive regions: 2->2
[2025-12-22T21:48:11.124+0000][3157.620s][info][gc,heap     ] GC(376) Humongous regions: 37->37
[2025-12-22T21:48:11.124+0000][3157.620s][info][gc,metaspace] GC(376) Metaspace: 87536K(88448K)->87536K(88448K) NonClass: 76216K(76672K)->76216K(76672K) Class: 11320K(11776K)->11320K(11776K)
[2025-12-22T21:48:11.124+0000][3157.620s][info][gc          ] GC(376) Pause Young (Normal) (G1 Evacuation Pause) 764M->89M(1128M) 10.260ms
[2025-12-22T21:48:11.124+0000][3157.621s][info][gc,cpu      ] GC(376) User=0.02s Sys=0.00s Real=0.01s
[2025-12-22T21:48:19.795+0000][3166.292s][info][gc,start    ] GC(377) Pause Young (Normal) (G1 Evacuation Pause)
[2025-12-22T21:48:19.796+0000][3166.293s][info][gc,task     ] GC(377) Using 3 workers of 3 for evacuation
[2025-12-22T21:48:19.799+0000][3166.295s][info][gc,phases   ] GC(377)   Pre Evacuate Collection Set: 0.2ms
[2025-12-22T21:48:19.799+0000][3166.296s][info][gc,phases   ] GC(377)   Merge Heap Roots: 0.2ms
[2025-12-22T21:48:19.800+0000][3166.296s][info][gc,phases   ] GC(377)   Evacuate Collection Set: 1.5ms
[2025-12-22T21:48:19.800+0000][3166.296s][info][gc,phases   ] GC(377)   Post Evacuate Collection Set: 0.7ms
[2025-12-22T21:48:19.800+0000][3166.296s][info][gc,phases   ] GC(377)   Other: 1.3ms
[2025-12-22T21:48:19.800+0000][3166.296s][info][gc,heap     ] GC(377) Eden regions: 675->0(675)
[2025-12-22T21:48:19.800+0000][3166.297s][info][gc,heap     ] GC(377) Survivor regions: 1->1(85)
[2025-12-22T21:48:19.801+0000][3166.297s][info][gc,heap     ] GC(377) Old regions: 52->52
[2025-12-22T21:48:19.801+0000][3166.297s][info][gc,heap     ] GC(377) Archive regions: 2->2
[2025-12-22T21:48:19.801+0000][3166.297s][info][gc,heap     ] GC(377) Humongous regions: 37->37
[2025-12-22T21:48:19.801+0000][3166.297s][info][gc,metaspace] GC(377) Metaspace: 87536K(88448K)->87536K(88448K) NonClass: 76216K(76672K)->76216K(76672K) Class: 11320K(11776K)->11320K(11776K)
[2025-12-22T21:48:19.801+0000][3166.298s][info][gc          ] GC(377) Pause Young (Normal) (G1 Evacuation Pause) 764M->90M(1128M) 6.026ms
[2025-12-22T21:48:19.802+0000][3166.298s][info][gc,cpu      ] GC(377) User=0.00s Sys=0.01s Real=0.00s
[2025-12-22T21:48:28.083+0000][3174.579s][info][gc,start    ] GC(378) Pause Young (Normal) (G1 Evacuation Pause)
[2025-12-22T21:48:28.084+0000][3174.580s][info][gc,task     ] GC(378) Using 3 workers of 3 for evacuation
[2025-12-22T21:48:28.085+0000][3174.581s][info][gc,phases   ] GC(378)   Pre Evacuate Collection Set: 0.1ms
[2025-12-22T21:48:28.085+0000][3174.582s][info][gc,phases   ] GC(378)   Merge Heap Roots: 0.1ms
[2025-12-22T21:48:28.085+0000][3174.582s][info][gc,phases   ] GC(378)   Evacuate Collection Set: 0.9ms
[2025-12-22T21:48:28.085+0000][3174.582s][info][gc,phases   ] GC(378)   Post Evacuate Collection Set: 0.4ms
[2025-12-22T21:48:28.086+0000][3174.582s][info][gc,phases   ] GC(378)   Other: 0.7ms
[2025-12-22T21:48:28.086+0000][3174.582s][info][gc,heap     ] GC(378) Eden regions: 675->0(675)
[2025-12-22T21:48:28.086+0000][3174.582s][info][gc,heap     ] GC(378) Survivor regions: 1->1(85)
[2025-12-22T21:48:28.086+0000][3174.582s][info][gc,heap     ] GC(378) Old regions: 52->52
[2025-12-22T21:48:28.086+0000][3174.582s][info][gc,heap     ] GC(378) Archive regions: 2->2
[2025-12-22T21:48:28.086+0000][3174.582s][info][gc,heap     ] GC(378) Humongous regions: 37->37
[2025-12-22T21:48:28.086+0000][3174.582s][info][gc,metaspace] GC(378) Metaspace: 87536K(88448K)->87536K(88448K) NonClass: 76216K(76672K)->76216K(76672K) Class: 11320K(11776K)->11320K(11776K)
[2025-12-22T21:48:28.086+0000][3174.582s][info][gc          ] GC(378) Pause Young (Normal) (G1 Evacuation Pause) 765M->90M(1128M) 2.924ms
[2025-12-22T21:48:28.086+0000][3174.582s][info][gc,cpu      ] GC(378) User=0.00s Sys=0.00s Real=0.01s
[2025-12-22T21:48:38.138+0000][3184.634s][info][gc,start    ] GC(379) Pause Young (Normal) (G1 Evacuation Pause)
[2025-12-22T21:48:38.139+0000][3184.635s][info][gc,task     ] GC(379) Using 3 workers of 3 for evacuation
[2025-12-22T21:48:38.142+0000][3184.638s][info][gc,phases   ] GC(379)   Pre Evacuate Collection Set: 0.2ms
[2025-12-22T21:48:38.142+0000][3184.638s][info][gc,phases   ] GC(379)   Merge Heap Roots: 0.2ms
[2025-12-22T21:48:38.142+0000][3184.639s][info][gc,phases   ] GC(379)   Evacuate Collection Set: 2.1ms
[2025-12-22T21:48:38.142+0000][3184.639s][info][gc,phases   ] GC(379)   Post Evacuate Collection Set: 0.7ms
[2025-12-22T21:48:38.143+0000][3184.639s][info][gc,phases   ] GC(379)   Other: 1.0ms
[2025-12-22T21:48:38.143+0000][3184.639s][info][gc,heap     ] GC(379) Eden regions: 675->0(675)
[2025-12-22T21:48:38.143+0000][3184.639s][info][gc,heap     ] GC(379) Survivor regions: 1->1(85)
[2025-12-22T21:48:38.143+0000][3184.639s][info][gc,heap     ] GC(379) Old regions: 52->52
[2025-12-22T21:48:38.143+0000][3184.639s][info][gc,heap     ] GC(379) Archive regions: 2->2
[2025-12-22T21:48:38.143+0000][3184.640s][info][gc,heap     ] GC(379) Humongous regions: 37->37
[2025-12-22T21:48:38.143+0000][3184.640s][info][gc,metaspace] GC(379) Metaspace: 87536K(88448K)->87536K(88448K) NonClass: 76216K(76672K)->76216K(76672K) Class: 11320K(11776K)->11320K(11776K)
[2025-12-22T21:48:38.144+0000][3184.640s][info][gc          ] GC(379) Pause Young (Normal) (G1 Evacuation Pause) 765M->90M(1128M) 5.704ms
[2025-12-22T21:48:38.144+0000][3184.640s][info][gc,cpu      ] GC(379) User=0.00s Sys=0.00s Real=0.00s
[2025-12-22T21:48:46.555+0000][3193.052s][info][gc,start    ] GC(380) Pause Young (Normal) (G1 Evacuation Pause)
[2025-12-22T21:48:46.556+0000][3193.052s][info][gc,task     ] GC(380) Using 3 workers of 3 for evacuation
[2025-12-22T21:48:46.557+0000][3193.054s][info][gc,phases   ] GC(380)   Pre Evacuate Collection Set: 0.2ms
[2025-12-22T21:48:46.558+0000][3193.054s][info][gc,phases   ] GC(380)   Merge Heap Roots: 0.1ms
[2025-12-22T21:48:46.558+0000][3193.054s][info][gc,phases   ] GC(380)   Evacuate Collection Set: 0.8ms
[2025-12-22T21:48:46.558+0000][3193.054s][info][gc,phases   ] GC(380)   Post Evacuate Collection Set: 0.4ms
[2025-12-22T21:48:46.558+0000][3193.054s][info][gc,phases   ] GC(380)   Other: 0.5ms
[2025-12-22T21:48:46.558+0000][3193.054s][info][gc,heap     ] GC(380) Eden regions: 675->0(675)
[2025-12-22T21:48:46.558+0000][3193.054s][info][gc,heap     ] GC(380) Survivor regions: 1->1(85)
[2025-12-22T21:48:46.558+0000][3193.054s][info][gc,heap     ] GC(380) Old regions: 52->52
[2025-12-22T21:48:46.558+0000][3193.054s][info][gc,heap     ] GC(380) Archive regions: 2->2
[2025-12-22T21:48:46.558+0000][3193.054s][info][gc,heap     ] GC(380) Humongous regions: 37->37
[2025-12-22T21:48:46.558+0000][3193.054s][info][gc,metaspace] GC(380) Metaspace: 87536K(88448K)->87536K(88448K) NonClass: 76216K(76672K)->76216K(76672K) Class: 11320K(11776K)->11320K(11776K)
[2025-12-22T21:48:46.558+0000][3193.054s][info][gc          ] GC(380) Pause Young (Normal) (G1 Evacuation Pause) 765M->90M(1128M) 2.763ms
[2025-12-22T21:48:46.558+0000][3193.055s][info][gc,cpu      ] GC(380) User=0.01s Sys=0.00s Real=0.00s
[2025-12-22T21:48:56.455+0000][3202.951s][info][gc,start    ] GC(381) Pause Young (Normal) (G1 Evacuation Pause)
[2025-12-22T21:48:56.456+0000][3202.952s][info][gc,task     ] GC(381) Using 3 workers of 3 for evacuation
[2025-12-22T21:48:56.462+0000][3202.958s][info][gc,phases   ] GC(381)   Pre Evacuate Collection Set: 0.6ms
[2025-12-22T21:48:56.462+0000][3202.958s][info][gc,phases   ] GC(381)   Merge Heap Roots: 0.5ms
[2025-12-22T21:48:56.462+0000][3202.959s][info][gc,phases   ] GC(381)   Evacuate Collection Set: 3.4ms
[2025-12-22T21:48:56.463+0000][3202.959s][info][gc,phases   ] GC(381)   Post Evacuate Collection Set: 0.7ms
[2025-12-22T21:48:56.463+0000][3202.959s][info][gc,phases   ] GC(381)   Other: 1.7ms
[2025-12-22T21:48:56.463+0000][3202.960s][info][gc,heap     ] GC(381) Eden regions: 675->0(675)
[2025-12-22T21:48:56.464+0000][3202.960s][info][gc,heap     ] GC(381) Survivor regions: 1->1(85)
[2025-12-22T21:48:56.464+0000][3202.960s][info][gc,heap     ] GC(381) Old regions: 52->52
[2025-12-22T21:48:56.464+0000][3202.960s][info][gc,heap     ] GC(381) Archive regions: 2->2
[2025-12-22T21:48:56.464+0000][3202.960s][info][gc,heap     ] GC(381) Humongous regions: 37->37
[2025-12-22T21:48:56.464+0000][3202.961s][info][gc,metaspace] GC(381) Metaspace: 87536K(88448K)->87536K(88448K) NonClass: 76216K(76672K)->76216K(76672K) Class: 11320K(11776K)->11320K(11776K)
[2025-12-22T21:48:56.465+0000][3202.961s][info][gc          ] GC(381) Pause Young (Normal) (G1 Evacuation Pause) 765M->90M(1128M) 9.894ms
[2025-12-22T21:48:56.465+0000][3202.961s][info][gc,cpu      ] GC(381) User=0.01s Sys=0.00s Real=0.01s
[2025-12-22T21:49:04.821+0000][3211.317s][info][gc,start    ] GC(382) Pause Young (Normal) (G1 Evacuation Pause)
[2025-12-22T21:49:04.821+0000][3211.317s][info][gc,task     ] GC(382) Using 3 workers of 3 for evacuation
[2025-12-22T21:49:04.825+0000][3211.321s][info][gc,phases   ] GC(382)   Pre Evacuate Collection Set: 0.3ms
[2025-12-22T21:49:04.825+0000][3211.321s][info][gc,phases   ] GC(382)   Merge Heap Roots: 0.1ms
[2025-12-22T21:49:04.825+0000][3211.321s][info][gc,phases   ] GC(382)   Evacuate Collection Set: 2.2ms
[2025-12-22T21:49:04.825+0000][3211.321s][info][gc,phases   ] GC(382)   Post Evacuate Collection Set: 0.8ms
[2025-12-22T21:49:04.825+0000][3211.321s][info][gc,phases   ] GC(382)   Other: 0.8ms
[2025-12-22T21:49:04.825+0000][3211.321s][info][gc,heap     ] GC(382) Eden regions: 675->0(675)
[2025-12-22T21:49:04.825+0000][3211.321s][info][gc,heap     ] GC(382) Survivor regions: 1->1(85)
[2025-12-22T21:49:04.825+0000][3211.321s][info][gc,heap     ] GC(382) Old regions: 52->52
[2025-12-22T21:49:04.825+0000][3211.321s][info][gc,heap     ] GC(382) Archive regions: 2->2
[2025-12-22T21:49:04.825+0000][3211.321s][info][gc,heap     ] GC(382) Humongous regions: 37->37
[2025-12-22T21:49:04.825+0000][3211.321s][info][gc,metaspace] GC(382) Metaspace: 87538K(88448K)->87538K(88448K) NonClass: 76218K(76672K)->76218K(76672K) Class: 11320K(11776K)->11320K(11776K)
[2025-12-22T21:49:04.825+0000][3211.321s][info][gc          ] GC(382) Pause Young (Normal) (G1 Evacuation Pause) 765M->90M(1128M) 4.659ms
[2025-12-22T21:49:04.825+0000][3211.322s][info][gc,cpu      ] GC(382) User=0.01s Sys=0.00s Real=0.01s
[2025-12-22T21:49:13.099+0000][3219.595s][info][gc,start    ] GC(383) Pause Young (Normal) (G1 Evacuation Pause)
[2025-12-22T21:49:13.100+0000][3219.596s][info][gc,task     ] GC(383) Using 3 workers of 3 for evacuation
[2025-12-22T21:49:13.102+0000][3219.598s][info][gc,phases   ] GC(383)   Pre Evacuate Collection Set: 0.2ms
[2025-12-22T21:49:13.102+0000][3219.598s][info][gc,phases   ] GC(383)   Merge Heap Roots: 0.1ms
[2025-12-22T21:49:13.102+0000][3219.598s][info][gc,phases   ] GC(383)   Evacuate Collection Set: 0.9ms
[2025-12-22T21:49:13.102+0000][3219.598s][info][gc,phases   ] GC(383)   Post Evacuate Collection Set: 0.4ms
[2025-12-22T21:49:13.102+0000][3219.598s][info][gc,phases   ] GC(383)   Other: 1.0ms
[2025-12-22T21:49:13.102+0000][3219.598s][info][gc,heap     ] GC(383) Eden regions: 675->0(675)
[2025-12-22T21:49:13.102+0000][3219.598s][info][gc,heap     ] GC(383) Survivor regions: 1->1(85)
[2025-12-22T21:49:13.102+0000][3219.598s][info][gc,heap     ] GC(383) Old regions: 52->52
[2025-12-22T21:49:13.102+0000][3219.599s][info][gc,heap     ] GC(383) Archive regions: 2->2
[2025-12-22T21:49:13.102+0000][3219.599s][info][gc,heap     ] GC(383) Humongous regions: 37->37
[2025-12-22T21:49:13.102+0000][3219.599s][info][gc,metaspace] GC(383) Metaspace: 87539K(88448K)->87539K(88448K) NonClass: 76219K(76672K)->76219K(76672K) Class: 11320K(11776K)->11320K(11776K)
[2025-12-22T21:49:13.103+0000][3219.599s][info][gc          ] GC(383) Pause Young (Normal) (G1 Evacuation Pause) 765M->90M(1128M) 3.450ms
[2025-12-22T21:49:13.103+0000][3219.599s][info][gc,cpu      ] GC(383) User=0.00s Sys=0.00s Real=0.00s
[2025-12-22T21:49:23.120+0000][3229.616s][info][gc,start    ] GC(384) Pause Young (Normal) (G1 Evacuation Pause)
[2025-12-22T21:49:23.121+0000][3229.617s][info][gc,task     ] GC(384) Using 3 workers of 3 for evacuation
[2025-12-22T21:49:23.124+0000][3229.621s][info][gc,phases   ] GC(384)   Pre Evacuate Collection Set: 0.3ms
[2025-12-22T21:49:23.125+0000][3229.621s][info][gc,phases   ] GC(384)   Merge Heap Roots: 0.1ms
[2025-12-22T21:49:23.125+0000][3229.621s][info][gc,phases   ] GC(384)   Evacuate Collection Set: 1.8ms
[2025-12-22T21:49:23.125+0000][3229.621s][info][gc,phases   ] GC(384)   Post Evacuate Collection Set: 0.8ms
[2025-12-22T21:49:23.125+0000][3229.621s][info][gc,phases   ] GC(384)   Other: 1.5ms
[2025-12-22T21:49:23.125+0000][3229.622s][info][gc,heap     ] GC(384) Eden regions: 675->0(675)
[2025-12-22T21:49:23.126+0000][3229.622s][info][gc,heap     ] GC(384) Survivor regions: 1->1(85)
[2025-12-22T21:49:23.126+0000][3229.622s][info][gc,heap     ] GC(384) Old regions: 52->52
[2025-12-22T21:49:23.126+0000][3229.622s][info][gc,heap     ] GC(384) Archive regions: 2->2
[2025-12-22T21:49:23.126+0000][3229.622s][info][gc,heap     ] GC(384) Humongous regions: 37->37
[2025-12-22T21:49:23.126+0000][3229.622s][info][gc,metaspace] GC(384) Metaspace: 87539K(88448K)->87539K(88448K) NonClass: 76219K(76672K)->76219K(76672K) Class: 11320K(11776K)->11320K(11776K)
[2025-12-22T21:49:23.126+0000][3229.623s][info][gc          ] GC(384) Pause Young (Normal) (G1 Evacuation Pause) 765M->90M(1128M) 6.375ms
[2025-12-22T21:49:23.127+0000][3229.623s][info][gc,cpu      ] GC(384) User=0.01s Sys=0.00s Real=0.01s
[2025-12-22T21:49:31.292+0000][3237.788s][info][gc,start    ] GC(385) Pause Young (Normal) (G1 Evacuation Pause)
[2025-12-22T21:49:31.292+0000][3237.789s][info][gc,task     ] GC(385) Using 3 workers of 3 for evacuation
[2025-12-22T21:49:31.294+0000][3237.790s][info][gc,phases   ] GC(385)   Pre Evacuate Collection Set: 0.1ms
[2025-12-22T21:49:31.294+0000][3237.790s][info][gc,phases   ] GC(385)   Merge Heap Roots: 0.1ms
[2025-12-22T21:49:31.294+0000][3237.790s][info][gc,phases   ] GC(385)   Evacuate Collection Set: 0.8ms
[2025-12-22T21:49:31.294+0000][3237.790s][info][gc,phases   ] GC(385)   Post Evacuate Collection Set: 0.3ms
[2025-12-22T21:49:31.294+0000][3237.790s][info][gc,phases   ] GC(385)   Other: 0.7ms
[2025-12-22T21:49:31.294+0000][3237.791s][info][gc,heap     ] GC(385) Eden regions: 675->0(675)
[2025-12-22T21:49:31.294+0000][3237.791s][info][gc,heap     ] GC(385) Survivor regions: 1->1(85)
[2025-12-22T21:49:31.294+0000][3237.791s][info][gc,heap     ] GC(385) Old regions: 52->52
[2025-12-22T21:49:31.294+0000][3237.791s][info][gc,heap     ] GC(385) Archive regions: 2->2
[2025-12-22T21:49:31.295+0000][3237.791s][info][gc,heap     ] GC(385) Humongous regions: 37->37
[2025-12-22T21:49:31.295+0000][3237.791s][info][gc,metaspace] GC(385) Metaspace: 87539K(88448K)->87539K(88448K) NonClass: 76219K(76672K)->76219K(76672K) Class: 11320K(11776K)->11320K(11776K)
[2025-12-22T21:49:31.295+0000][3237.791s][info][gc          ] GC(385) Pause Young (Normal) (G1 Evacuation Pause) 765M->90M(1128M) 2.634ms
[2025-12-22T21:49:31.295+0000][3237.791s][info][gc,cpu      ] GC(385) User=0.00s Sys=0.00s Real=0.00s
[2025-12-22T21:49:41.242+0000][3247.739s][info][gc,start    ] GC(386) Pause Young (Normal) (G1 Evacuation Pause)
[2025-12-22T21:49:41.243+0000][3247.739s][info][gc,task     ] GC(386) Using 3 workers of 3 for evacuation
[2025-12-22T21:49:41.248+0000][3247.744s][info][gc,phases   ] GC(386)   Pre Evacuate Collection Set: 0.3ms
[2025-12-22T21:49:41.248+0000][3247.744s][info][gc,phases   ] GC(386)   Merge Heap Roots: 0.2ms
[2025-12-22T21:49:41.248+0000][3247.744s][info][gc,phases   ] GC(386)   Evacuate Collection Set: 2.8ms
[2025-12-22T21:49:41.248+0000][3247.745s][info][gc,phases   ] GC(386)   Post Evacuate Collection Set: 1.0ms
[2025-12-22T21:49:41.248+0000][3247.745s][info][gc,phases   ] GC(386)   Other: 1.3ms
[2025-12-22T21:49:41.249+0000][3247.745s][info][gc,heap     ] GC(386) Eden regions: 675->0(675)
[2025-12-22T21:49:41.249+0000][3247.745s][info][gc,heap     ] GC(386) Survivor regions: 1->1(85)
[2025-12-22T21:49:41.249+0000][3247.745s][info][gc,heap     ] GC(386) Old regions: 52->52
[2025-12-22T21:49:41.249+0000][3247.745s][info][gc,heap     ] GC(386) Archive regions: 2->2
[2025-12-22T21:49:41.249+0000][3247.745s][info][gc,heap     ] GC(386) Humongous regions: 37->37
[2025-12-22T21:49:41.249+0000][3247.745s][info][gc,metaspace] GC(386) Metaspace: 87539K(88448K)->87539K(88448K) NonClass: 76219K(76672K)->76219K(76672K) Class: 11320K(11776K)->11320K(11776K)
[2025-12-22T21:49:41.249+0000][3247.746s][info][gc          ] GC(386) Pause Young (Normal) (G1 Evacuation Pause) 765M->90M(1128M) 7.092ms
[2025-12-22T21:49:41.250+0000][3247.746s][info][gc,cpu      ] GC(386) User=0.02s Sys=0.00s Real=0.01s
[2025-12-22T21:49:49.437+0000][3255.934s][info][gc,start    ] GC(387) Pause Young (Normal) (G1 Evacuation Pause)
[2025-12-22T21:49:49.438+0000][3255.934s][info][gc,task     ] GC(387) Using 3 workers of 3 for evacuation
[2025-12-22T21:49:49.441+0000][3255.937s][info][gc,phases   ] GC(387)   Pre Evacuate Collection Set: 0.2ms
[2025-12-22T21:49:49.441+0000][3255.938s][info][gc,phases   ] GC(387)   Merge Heap Roots: 0.2ms
[2025-12-22T21:49:49.442+0000][3255.938s][info][gc,phases   ] GC(387)   Evacuate Collection Set: 1.8ms
[2025-12-22T21:49:49.442+0000][3255.938s][info][gc,phases   ] GC(387)   Post Evacuate Collection Set: 0.8ms
[2025-12-22T21:49:49.442+0000][3255.938s][info][gc,phases   ] GC(387)   Other: 0.8ms
[2025-12-22T21:49:49.442+0000][3255.938s][info][gc,heap     ] GC(387) Eden regions: 675->0(675)
[2025-12-22T21:49:49.442+0000][3255.938s][info][gc,heap     ] GC(387) Survivor regions: 1->1(85)
[2025-12-22T21:49:49.442+0000][3255.939s][info][gc,heap     ] GC(387) Old regions: 52->52
[2025-12-22T21:49:49.443+0000][3255.939s][info][gc,heap     ] GC(387) Archive regions: 2->2
[2025-12-22T21:49:49.443+0000][3255.939s][info][gc,heap     ] GC(387) Humongous regions: 37->37
[2025-12-22T21:49:49.443+0000][3255.939s][info][gc,metaspace] GC(387) Metaspace: 87542K(88448K)->87542K(88448K) NonClass: 76222K(76672K)->76222K(76672K) Class: 11320K(11776K)->11320K(11776K)
[2025-12-22T21:49:49.443+0000][3255.939s][info][gc          ] GC(387) Pause Young (Normal) (G1 Evacuation Pause) 765M->90M(1128M) 5.715ms
[2025-12-22T21:49:49.443+0000][3255.940s][info][gc,cpu      ] GC(387) User=0.00s Sys=0.00s Real=0.00s
[2025-12-22T21:49:57.955+0000][3264.451s][info][gc,start    ] GC(388) Pause Young (Normal) (G1 Evacuation Pause)
[2025-12-22T21:49:57.956+0000][3264.452s][info][gc,task     ] GC(388) Using 3 workers of 3 for evacuation
[2025-12-22T21:49:57.960+0000][3264.456s][info][gc,phases   ] GC(388)   Pre Evacuate Collection Set: 0.3ms
[2025-12-22T21:49:57.960+0000][3264.456s][info][gc,phases   ] GC(388)   Merge Heap Roots: 0.1ms
[2025-12-22T21:49:57.960+0000][3264.456s][info][gc,phases   ] GC(388)   Evacuate Collection Set: 1.9ms
[2025-12-22T21:49:57.960+0000][3264.456s][info][gc,phases   ] GC(388)   Post Evacuate Collection Set: 0.7ms
[2025-12-22T21:49:57.960+0000][3264.456s][info][gc,phases   ] GC(388)   Other: 1.3ms
[2025-12-22T21:49:57.960+0000][3264.456s][info][gc,heap     ] GC(388) Eden regions: 675->0(675)
[2025-12-22T21:49:57.960+0000][3264.456s][info][gc,heap     ] GC(388) Survivor regions: 1->1(85)
[2025-12-22T21:49:57.960+0000][3264.457s][info][gc,heap     ] GC(388) Old regions: 52->52
[2025-12-22T21:49:57.960+0000][3264.457s][info][gc,heap     ] GC(388) Archive regions: 2->2
[2025-12-22T21:49:57.960+0000][3264.457s][info][gc,heap     ] GC(388) Humongous regions: 37->37
[2025-12-22T21:49:57.961+0000][3264.457s][info][gc,metaspace] GC(388) Metaspace: 87542K(88448K)->87542K(88448K) NonClass: 76222K(76672K)->76222K(76672K) Class: 11320K(11776K)->11320K(11776K)
[2025-12-22T21:49:57.961+0000][3264.457s][info][gc          ] GC(388) Pause Young (Normal) (G1 Evacuation Pause) 765M->90M(1128M) 5.404ms
[2025-12-22T21:49:57.961+0000][3264.457s][info][gc,cpu      ] GC(388) User=0.01s Sys=0.00s Real=0.00s
[2025-12-22T21:50:07.340+0000][3273.836s][info][gc,start    ] GC(389) Pause Young (Normal) (G1 Evacuation Pause)
[2025-12-22T21:50:07.342+0000][3273.838s][info][gc,task     ] GC(389) Using 3 workers of 3 for evacuation
[2025-12-22T21:50:07.346+0000][3273.842s][info][gc,phases   ] GC(389)   Pre Evacuate Collection Set: 0.2ms
[2025-12-22T21:50:07.346+0000][3273.842s][info][gc,phases   ] GC(389)   Merge Heap Roots: 0.2ms
[2025-12-22T21:50:07.346+0000][3273.842s][info][gc,phases   ] GC(389)   Evacuate Collection Set: 2.1ms
[2025-12-22T21:50:07.346+0000][3273.842s][info][gc,phases   ] GC(389)   Post Evacuate Collection Set: 0.8ms
[2025-12-22T21:50:07.346+0000][3273.843s][info][gc,phases   ] GC(389)   Other: 2.2ms
[2025-12-22T21:50:07.347+0000][3273.843s][info][gc,heap     ] GC(389) Eden regions: 675->0(675)
[2025-12-22T21:50:07.347+0000][3273.843s][info][gc,heap     ] GC(389) Survivor regions: 1->1(85)
[2025-12-22T21:50:07.347+0000][3273.843s][info][gc,heap     ] GC(389) Old regions: 52->52
[2025-12-22T21:50:07.347+0000][3273.843s][info][gc,heap     ] GC(389) Archive regions: 2->2
[2025-12-22T21:50:07.347+0000][3273.844s][info][gc,heap     ] GC(389) Humongous regions: 37->37
[2025-12-22T21:50:07.348+0000][3273.844s][info][gc,metaspace] GC(389) Metaspace: 87544K(88448K)->87544K(88448K) NonClass: 76224K(76672K)->76224K(76672K) Class: 11320K(11776K)->11320K(11776K)
[2025-12-22T21:50:07.348+0000][3273.844s][info][gc          ] GC(389) Pause Young (Normal) (G1 Evacuation Pause) 765M->90M(1128M) 7.597ms
[2025-12-22T21:50:07.348+0000][3273.844s][info][gc,cpu      ] GC(389) User=0.01s Sys=0.00s Real=0.01s
[2025-12-22T21:50:15.581+0000][3282.077s][info][gc,start    ] GC(390) Pause Young (Normal) (G1 Evacuation Pause)
[2025-12-22T21:50:15.581+0000][3282.078s][info][gc,task     ] GC(390) Using 3 workers of 3 for evacuation
[2025-12-22T21:50:15.584+0000][3282.080s][info][gc,phases   ] GC(390)   Pre Evacuate Collection Set: 0.1ms
[2025-12-22T21:50:15.584+0000][3282.080s][info][gc,phases   ] GC(390)   Merge Heap Roots: 0.1ms
[2025-12-22T21:50:15.584+0000][3282.080s][info][gc,phases   ] GC(390)   Evacuate Collection Set: 1.2ms
[2025-12-22T21:50:15.584+0000][3282.080s][info][gc,phases   ] GC(390)   Post Evacuate Collection Set: 0.5ms
[2025-12-22T21:50:15.584+0000][3282.080s][info][gc,phases   ] GC(390)   Other: 0.8ms
[2025-12-22T21:50:15.584+0000][3282.080s][info][gc,heap     ] GC(390) Eden regions: 675->0(675)
[2025-12-22T21:50:15.584+0000][3282.081s][info][gc,heap     ] GC(390) Survivor regions: 1->1(85)
[2025-12-22T21:50:15.584+0000][3282.081s][info][gc,heap     ] GC(390) Old regions: 52->52
[2025-12-22T21:50:15.584+0000][3282.081s][info][gc,heap     ] GC(390) Archive regions: 2->2
[2025-12-22T21:50:15.585+0000][3282.081s][info][gc,heap     ] GC(390) Humongous regions: 37->37
[2025-12-22T21:50:15.585+0000][3282.081s][info][gc,metaspace] GC(390) Metaspace: 87547K(88448K)->87547K(88448K) NonClass: 76227K(76672K)->76227K(76672K) Class: 11320K(11776K)->11320K(11776K)
[2025-12-22T21:50:15.585+0000][3282.081s][info][gc          ] GC(390) Pause Young (Normal) (G1 Evacuation Pause) 765M->90M(1128M) 3.975ms
[2025-12-22T21:50:15.585+0000][3282.081s][info][gc,cpu      ] GC(390) User=0.01s Sys=0.00s Real=0.01s
[2025-12-22T21:50:25.671+0000][3292.167s][info][gc,start    ] GC(391) Pause Young (Normal) (G1 Evacuation Pause)
[2025-12-22T21:50:25.671+0000][3292.168s][info][gc,task     ] GC(391) Using 3 workers of 3 for evacuation
[2025-12-22T21:50:25.673+0000][3292.170s][info][gc,phases   ] GC(391)   Pre Evacuate Collection Set: 0.1ms
[2025-12-22T21:50:25.673+0000][3292.170s][info][gc,phases   ] GC(391)   Merge Heap Roots: 0.1ms
[2025-12-22T21:50:25.673+0000][3292.170s][info][gc,phases   ] GC(391)   Evacuate Collection Set: 1.1ms
[2025-12-22T21:50:25.674+0000][3292.170s][info][gc,phases   ] GC(391)   Post Evacuate Collection Set: 0.4ms
[2025-12-22T21:50:25.674+0000][3292.170s][info][gc,phases   ] GC(391)   Other: 0.7ms
[2025-12-22T21:50:25.674+0000][3292.170s][info][gc,heap     ] GC(391) Eden regions: 675->0(675)
[2025-12-22T21:50:25.674+0000][3292.170s][info][gc,heap     ] GC(391) Survivor regions: 1->1(85)
[2025-12-22T21:50:25.674+0000][3292.171s][info][gc,heap     ] GC(391) Old regions: 52->52
[2025-12-22T21:50:25.674+0000][3292.171s][info][gc,heap     ] GC(391) Archive regions: 2->2
[2025-12-22T21:50:25.674+0000][3292.171s][info][gc,heap     ] GC(391) Humongous regions: 37->37
[2025-12-22T21:50:25.675+0000][3292.171s][info][gc,metaspace] GC(391) Metaspace: 87552K(88448K)->87552K(88448K) NonClass: 76232K(76672K)->76232K(76672K) Class: 11320K(11776K)->11320K(11776K)
[2025-12-22T21:50:25.675+0000][3292.171s][info][gc          ] GC(391) Pause Young (Normal) (G1 Evacuation Pause) 765M->90M(1128M) 3.870ms
[2025-12-22T21:50:25.675+0000][3292.171s][info][gc,cpu      ] GC(391) User=0.01s Sys=0.00s Real=0.01s
[2025-12-22T21:50:33.838+0000][3300.334s][info][gc,start    ] GC(392) Pause Young (Normal) (G1 Evacuation Pause)
[2025-12-22T21:50:33.841+0000][3300.337s][info][gc,task     ] GC(392) Using 3 workers of 3 for evacuation
[2025-12-22T21:50:33.843+0000][3300.339s][info][gc,phases   ] GC(392)   Pre Evacuate Collection Set: 0.1ms
[2025-12-22T21:50:33.843+0000][3300.340s][info][gc,phases   ] GC(392)   Merge Heap Roots: 0.1ms
[2025-12-22T21:50:33.844+0000][3300.340s][info][gc,phases   ] GC(392)   Evacuate Collection Set: 1.5ms
[2025-12-22T21:50:33.844+0000][3300.340s][info][gc,phases   ] GC(392)   Post Evacuate Collection Set: 0.4ms
[2025-12-22T21:50:33.844+0000][3300.340s][info][gc,phases   ] GC(392)   Other: 2.9ms
[2025-12-22T21:50:33.844+0000][3300.340s][info][gc,heap     ] GC(392) Eden regions: 675->0(674)
[2025-12-22T21:50:33.844+0000][3300.340s][info][gc,heap     ] GC(392) Survivor regions: 1->2(85)
[2025-12-22T21:50:33.844+0000][3300.340s][info][gc,heap     ] GC(392) Old regions: 52->52
[2025-12-22T21:50:33.844+0000][3300.340s][info][gc,heap     ] GC(392) Archive regions: 2->2
[2025-12-22T21:50:33.844+0000][3300.340s][info][gc,heap     ] GC(392) Humongous regions: 37->37
[2025-12-22T21:50:33.844+0000][3300.341s][info][gc,metaspace] GC(392) Metaspace: 87553K(88448K)->87553K(88448K) NonClass: 76232K(76672K)->76232K(76672K) Class: 11320K(11776K)->11320K(11776K)
[2025-12-22T21:50:33.845+0000][3300.341s][info][gc          ] GC(392) Pause Young (Normal) (G1 Evacuation Pause) 765M->90M(1128M) 6.324ms
[2025-12-22T21:50:33.845+0000][3300.341s][info][gc,cpu      ] GC(392) User=0.01s Sys=0.00s Real=0.01s
[2025-12-22T21:50:42.916+0000][3309.413s][info][gc,start    ] GC(393) Pause Young (Normal) (G1 Evacuation Pause)
[2025-12-22T21:50:42.917+0000][3309.414s][info][gc,task     ] GC(393) Using 3 workers of 3 for evacuation
[2025-12-22T21:50:42.920+0000][3309.416s][info][gc,phases   ] GC(393)   Pre Evacuate Collection Set: 0.2ms
[2025-12-22T21:50:42.920+0000][3309.416s][info][gc,phases   ] GC(393)   Merge Heap Roots: 0.1ms
[2025-12-22T21:50:42.920+0000][3309.416s][info][gc,phases   ] GC(393)   Evacuate Collection Set: 1.4ms
[2025-12-22T21:50:42.920+0000][3309.417s][info][gc,phases   ] GC(393)   Post Evacuate Collection Set: 0.5ms
[2025-12-22T21:50:42.920+0000][3309.417s][info][gc,phases   ] GC(393)   Other: 1.3ms
[2025-12-22T21:50:42.921+0000][3309.417s][info][gc,heap     ] GC(393) Eden regions: 674->0(674)
[2025-12-22T21:50:42.921+0000][3309.417s][info][gc,heap     ] GC(393) Survivor regions: 2->2(85)
[2025-12-22T21:50:42.921+0000][3309.417s][info][gc,heap     ] GC(393) Old regions: 52->52
[2025-12-22T21:50:42.921+0000][3309.417s][info][gc,heap     ] GC(393) Archive regions: 2->2
[2025-12-22T21:50:42.921+0000][3309.417s][info][gc,heap     ] GC(393) Humongous regions: 37->37
[2025-12-22T21:50:42.921+0000][3309.417s][info][gc,metaspace] GC(393) Metaspace: 87553K(88448K)->87553K(88448K) NonClass: 76232K(76672K)->76232K(76672K) Class: 11320K(11776K)->11320K(11776K)
[2025-12-22T21:50:42.921+0000][3309.417s][info][gc          ] GC(393) Pause Young (Normal) (G1 Evacuation Pause) 764M->90M(1128M) 4.857ms
[2025-12-22T21:50:42.921+0000][3309.418s][info][gc,cpu      ] GC(393) User=0.00s Sys=0.00s Real=0.00s
[2025-12-22T21:50:51.921+0000][3318.417s][info][gc,start    ] GC(394) Pause Young (Normal) (G1 Evacuation Pause)
[2025-12-22T21:50:51.921+0000][3318.417s][info][gc,task     ] GC(394) Using 3 workers of 3 for evacuation
[2025-12-22T21:50:51.924+0000][3318.420s][info][gc,phases   ] GC(394)   Pre Evacuate Collection Set: 0.1ms
[2025-12-22T21:50:51.924+0000][3318.420s][info][gc,phases   ] GC(394)   Merge Heap Roots: 0.1ms
[2025-12-22T21:50:51.924+0000][3318.420s][info][gc,phases   ] GC(394)   Evacuate Collection Set: 1.6ms
[2025-12-22T21:50:51.924+0000][3318.420s][info][gc,phases   ] GC(394)   Post Evacuate Collection Set: 0.6ms
[2025-12-22T21:50:51.924+0000][3318.420s][info][gc,phases   ] GC(394)   Other: 0.6ms
[2025-12-22T21:50:51.924+0000][3318.420s][info][gc,heap     ] GC(394) Eden regions: 674->0(674)
[2025-12-22T21:50:51.924+0000][3318.420s][info][gc,heap     ] GC(394) Survivor regions: 2->2(85)
[2025-12-22T21:50:51.924+0000][3318.421s][info][gc,heap     ] GC(394) Old regions: 52->52
[2025-12-22T21:50:51.924+0000][3318.421s][info][gc,heap     ] GC(394) Archive regions: 2->2
[2025-12-22T21:50:51.924+0000][3318.421s][info][gc,heap     ] GC(394) Humongous regions: 37->37
[2025-12-22T21:50:51.925+0000][3318.421s][info][gc,metaspace] GC(394) Metaspace: 87553K(88448K)->87553K(88448K) NonClass: 76232K(76672K)->76232K(76672K) Class: 11320K(11776K)->11320K(11776K)
[2025-12-22T21:50:51.925+0000][3318.421s][info][gc          ] GC(394) Pause Young (Normal) (G1 Evacuation Pause) 764M->90M(1128M) 4.075ms
[2025-12-22T21:50:51.925+0000][3318.421s][info][gc,cpu      ] GC(394) User=0.00s Sys=0.00s Real=0.01s
[2025-12-22T21:51:00.134+0000][3326.631s][info][gc,start    ] GC(395) Pause Young (Normal) (G1 Evacuation Pause)
[2025-12-22T21:51:00.135+0000][3326.631s][info][gc,task     ] GC(395) Using 3 workers of 3 for evacuation
[2025-12-22T21:51:00.137+0000][3326.633s][info][gc,phases   ] GC(395)   Pre Evacuate Collection Set: 0.1ms
[2025-12-22T21:51:00.137+0000][3326.634s][info][gc,phases   ] GC(395)   Merge Heap Roots: 0.1ms
[2025-12-22T21:51:00.137+0000][3326.634s][info][gc,phases   ] GC(395)   Evacuate Collection Set: 1.1ms
[2025-12-22T21:51:00.138+0000][3326.634s][info][gc,phases   ] GC(395)   Post Evacuate Collection Set: 0.4ms
[2025-12-22T21:51:00.138+0000][3326.634s][info][gc,phases   ] GC(395)   Other: 1.2ms
[2025-12-22T21:51:00.138+0000][3326.634s][info][gc,heap     ] GC(395) Eden regions: 674->0(674)
[2025-12-22T21:51:00.138+0000][3326.634s][info][gc,heap     ] GC(395) Survivor regions: 2->2(85)
[2025-12-22T21:51:00.138+0000][3326.634s][info][gc,heap     ] GC(395) Old regions: 52->52
[2025-12-22T21:51:00.138+0000][3326.634s][info][gc,heap     ] GC(395) Archive regions: 2->2
[2025-12-22T21:51:00.138+0000][3326.634s][info][gc,heap     ] GC(395) Humongous regions: 37->37
[2025-12-22T21:51:00.138+0000][3326.635s][info][gc,metaspace] GC(395) Metaspace: 87554K(88448K)->87554K(88448K) NonClass: 76234K(76672K)->76234K(76672K) Class: 11320K(11776K)->11320K(11776K)
[2025-12-22T21:51:00.138+0000][3326.635s][info][gc          ] GC(395) Pause Young (Normal) (G1 Evacuation Pause) 764M->90M(1128M) 4.123ms
[2025-12-22T21:51:00.139+0000][3326.635s][info][gc,cpu      ] GC(395) User=0.01s Sys=0.00s Real=0.01s
[2025-12-22T21:51:10.086+0000][3336.582s][info][gc,start    ] GC(396) Pause Young (Normal) (G1 Evacuation Pause)
[2025-12-22T21:51:10.087+0000][3336.583s][info][gc,task     ] GC(396) Using 3 workers of 3 for evacuation
[2025-12-22T21:51:10.090+0000][3336.586s][info][gc,phases   ] GC(396)   Pre Evacuate Collection Set: 0.1ms
[2025-12-22T21:51:10.090+0000][3336.586s][info][gc,phases   ] GC(396)   Merge Heap Roots: 0.1ms
[2025-12-22T21:51:10.090+0000][3336.586s][info][gc,phases   ] GC(396)   Evacuate Collection Set: 1.5ms
[2025-12-22T21:51:10.090+0000][3336.586s][info][gc,phases   ] GC(396)   Post Evacuate Collection Set: 0.6ms
[2025-12-22T21:51:10.090+0000][3336.586s][info][gc,phases   ] GC(396)   Other: 1.5ms
[2025-12-22T21:51:10.090+0000][3336.586s][info][gc,heap     ] GC(396) Eden regions: 674->0(674)
[2025-12-22T21:51:10.090+0000][3336.587s][info][gc,heap     ] GC(396) Survivor regions: 2->2(85)
[2025-12-22T21:51:10.091+0000][3336.587s][info][gc,heap     ] GC(396) Old regions: 52->52
[2025-12-22T21:51:10.091+0000][3336.587s][info][gc,heap     ] GC(396) Archive regions: 2->2
[2025-12-22T21:51:10.091+0000][3336.587s][info][gc,heap     ] GC(396) Humongous regions: 37->37
[2025-12-22T21:51:10.091+0000][3336.587s][info][gc,metaspace] GC(396) Metaspace: 87554K(88448K)->87554K(88448K) NonClass: 76234K(76672K)->76234K(76672K) Class: 11320K(11776K)->11320K(11776K)
[2025-12-22T21:51:10.091+0000][3336.588s][info][gc          ] GC(396) Pause Young (Normal) (G1 Evacuation Pause) 764M->90M(1128M) 5.506ms
[2025-12-22T21:51:10.091+0000][3336.588s][info][gc,cpu      ] GC(396) User=0.00s Sys=0.00s Real=0.00s
[2025-12-22T21:51:18.327+0000][3344.823s][info][gc,start    ] GC(397) Pause Young (Normal) (G1 Evacuation Pause)
[2025-12-22T21:51:18.327+0000][3344.824s][info][gc,task     ] GC(397) Using 3 workers of 3 for evacuation
[2025-12-22T21:51:18.329+0000][3344.826s][info][gc,phases   ] GC(397)   Pre Evacuate Collection Set: 0.1ms
[2025-12-22T21:51:18.330+0000][3344.826s][info][gc,phases   ] GC(397)   Merge Heap Roots: 0.1ms
[2025-12-22T21:51:18.330+0000][3344.826s][info][gc,phases   ] GC(397)   Evacuate Collection Set: 1.1ms
[2025-12-22T21:51:18.330+0000][3344.826s][info][gc,phases   ] GC(397)   Post Evacuate Collection Set: 0.5ms
[2025-12-22T21:51:18.330+0000][3344.826s][info][gc,phases   ] GC(397)   Other: 1.1ms
[2025-12-22T21:51:18.330+0000][3344.826s][info][gc,heap     ] GC(397) Eden regions: 674->0(674)
[2025-12-22T21:51:18.330+0000][3344.826s][info][gc,heap     ] GC(397) Survivor regions: 2->2(85)
[2025-12-22T21:51:18.330+0000][3344.827s][info][gc,heap     ] GC(397) Old regions: 52->52
[2025-12-22T21:51:18.330+0000][3344.827s][info][gc,heap     ] GC(397) Archive regions: 2->2
[2025-12-22T21:51:18.331+0000][3344.827s][info][gc,heap     ] GC(397) Humongous regions: 37->37
[2025-12-22T21:51:18.331+0000][3344.827s][info][gc,metaspace] GC(397) Metaspace: 87554K(88448K)->87554K(88448K) NonClass: 76234K(76672K)->76234K(76672K) Class: 11320K(11776K)->11320K(11776K)
[2025-12-22T21:51:18.331+0000][3344.827s][info][gc          ] GC(397) Pause Young (Normal) (G1 Evacuation Pause) 764M->90M(1128M) 4.218ms
[2025-12-22T21:51:18.331+0000][3344.827s][info][gc,cpu      ] GC(397) User=0.01s Sys=0.00s Real=0.00s
[2025-12-22T21:51:27.908+0000][3354.405s][info][gc,start    ] GC(398) Pause Young (Normal) (G1 Evacuation Pause)
[2025-12-22T21:51:27.909+0000][3354.405s][info][gc,task     ] GC(398) Using 3 workers of 3 for evacuation
[2025-12-22T21:51:27.912+0000][3354.409s][info][gc,phases   ] GC(398)   Pre Evacuate Collection Set: 0.2ms
[2025-12-22T21:51:27.913+0000][3354.409s][info][gc,phases   ] GC(398)   Merge Heap Roots: 0.1ms
[2025-12-22T21:51:27.913+0000][3354.409s][info][gc,phases   ] GC(398)   Evacuate Collection Set: 2.3ms
[2025-12-22T21:51:27.913+0000][3354.409s][info][gc,phases   ] GC(398)   Post Evacuate Collection Set: 0.7ms
[2025-12-22T21:51:27.913+0000][3354.409s][info][gc,phases   ] GC(398)   Other: 0.8ms
[2025-12-22T21:51:27.913+0000][3354.409s][info][gc,heap     ] GC(398) Eden regions: 674->0(674)
[2025-12-22T21:51:27.913+0000][3354.409s][info][gc,heap     ] GC(398) Survivor regions: 2->2(85)
[2025-12-22T21:51:27.913+0000][3354.409s][info][gc,heap     ] GC(398) Old regions: 52->52
[2025-12-22T21:51:27.913+0000][3354.409s][info][gc,heap     ] GC(398) Archive regions: 2->2
[2025-12-22T21:51:27.913+0000][3354.410s][info][gc,heap     ] GC(398) Humongous regions: 37->37
[2025-12-22T21:51:27.913+0000][3354.410s][info][gc,metaspace] GC(398) Metaspace: 87554K(88448K)->87554K(88448K) NonClass: 76234K(76672K)->76234K(76672K) Class: 11320K(11776K)->11320K(11776K)
[2025-12-22T21:51:27.913+0000][3354.410s][info][gc          ] GC(398) Pause Young (Normal) (G1 Evacuation Pause) 764M->90M(1128M) 5.074ms
[2025-12-22T21:51:27.914+0000][3354.410s][info][gc,cpu      ] GC(398) User=0.00s Sys=0.00s Real=0.00s
[2025-12-22T21:51:36.548+0000][3363.045s][info][gc,start    ] GC(399) Pause Young (Normal) (G1 Evacuation Pause)
[2025-12-22T21:51:36.549+0000][3363.045s][info][gc,task     ] GC(399) Using 3 workers of 3 for evacuation
[2025-12-22T21:51:36.551+0000][3363.047s][info][gc,phases   ] GC(399)   Pre Evacuate Collection Set: 0.1ms
[2025-12-22T21:51:36.551+0000][3363.047s][info][gc,phases   ] GC(399)   Merge Heap Roots: 0.1ms
[2025-12-22T21:51:36.551+0000][3363.047s][info][gc,phases   ] GC(399)   Evacuate Collection Set: 1.3ms
[2025-12-22T21:51:36.551+0000][3363.047s][info][gc,phases   ] GC(399)   Post Evacuate Collection Set: 0.4ms
[2025-12-22T21:51:36.551+0000][3363.047s][info][gc,phases   ] GC(399)   Other: 0.5ms
[2025-12-22T21:51:36.551+0000][3363.047s][info][gc,heap     ] GC(399) Eden regions: 674->0(674)
[2025-12-22T21:51:36.551+0000][3363.048s][info][gc,heap     ] GC(399) Survivor regions: 2->2(85)
[2025-12-22T21:51:36.551+0000][3363.048s][info][gc,heap     ] GC(399) Old regions: 52->52
[2025-12-22T21:51:36.552+0000][3363.048s][info][gc,heap     ] GC(399) Archive regions: 2->2
[2025-12-22T21:51:36.552+0000][3363.048s][info][gc,heap     ] GC(399) Humongous regions: 37->37
[2025-12-22T21:51:36.552+0000][3363.048s][info][gc,metaspace] GC(399) Metaspace: 87554K(88448K)->87554K(88448K) NonClass: 76234K(76672K)->76234K(76672K) Class: 11320K(11776K)->11320K(11776K)
[2025-12-22T21:51:36.552+0000][3363.048s][info][gc          ] GC(399) Pause Young (Normal) (G1 Evacuation Pause) 764M->90M(1128M) 3.586ms
[2025-12-22T21:51:36.552+0000][3363.048s][info][gc,cpu      ] GC(399) User=0.00s Sys=0.00s Real=0.00s
[2025-12-22T21:51:45.265+0000][3371.761s][info][gc,start    ] GC(400) Pause Young (Normal) (G1 Evacuation Pause)
[2025-12-22T21:51:45.267+0000][3371.763s][info][gc,task     ] GC(400) Using 3 workers of 3 for evacuation
[2025-12-22T21:51:45.271+0000][3371.767s][info][gc,phases   ] GC(400)   Pre Evacuate Collection Set: 0.3ms
[2025-12-22T21:51:45.271+0000][3371.767s][info][gc,phases   ] GC(400)   Merge Heap Roots: 0.1ms
[2025-12-22T21:51:45.271+0000][3371.767s][info][gc,phases   ] GC(400)   Evacuate Collection Set: 2.4ms
[2025-12-22T21:51:45.271+0000][3371.767s][info][gc,phases   ] GC(400)   Post Evacuate Collection Set: 0.8ms
[2025-12-22T21:51:45.271+0000][3371.767s][info][gc,phases   ] GC(400)   Other: 2.2ms
[2025-12-22T21:51:45.271+0000][3371.767s][info][gc,heap     ] GC(400) Eden regions: 674->0(674)
[2025-12-22T21:51:45.271+0000][3371.767s][info][gc,heap     ] GC(400) Survivor regions: 2->2(85)
[2025-12-22T21:51:45.271+0000][3371.768s][info][gc,heap     ] GC(400) Old regions: 52->52
[2025-12-22T21:51:45.272+0000][3371.768s][info][gc,heap     ] GC(400) Archive regions: 2->2
[2025-12-22T21:51:45.272+0000][3371.768s][info][gc,heap     ] GC(400) Humongous regions: 37->37
[2025-12-22T21:51:45.272+0000][3371.768s][info][gc,metaspace] GC(400) Metaspace: 87554K(88448K)->87554K(88448K) NonClass: 76234K(76672K)->76234K(76672K) Class: 11320K(11776K)->11320K(11776K)
[2025-12-22T21:51:45.272+0000][3371.768s][info][gc          ] GC(400) Pause Young (Normal) (G1 Evacuation Pause) 764M->90M(1128M) 6.844ms
[2025-12-22T21:51:45.272+0000][3371.769s][info][gc,cpu      ] GC(400) User=0.00s Sys=0.00s Real=0.00s
[2025-12-22T21:51:55.882+0000][3382.378s][info][gc,start    ] GC(401) Pause Young (Normal) (G1 Evacuation Pause)
[2025-12-22T21:51:55.882+0000][3382.378s][info][gc,task     ] GC(401) Using 3 workers of 3 for evacuation
[2025-12-22T21:51:55.885+0000][3382.381s][info][gc,phases   ] GC(401)   Pre Evacuate Collection Set: 0.2ms
[2025-12-22T21:51:55.886+0000][3382.382s][info][gc,phases   ] GC(401)   Merge Heap Roots: 0.2ms
[2025-12-22T21:51:55.886+0000][3382.382s][info][gc,phases   ] GC(401)   Evacuate Collection Set: 1.5ms
[2025-12-22T21:51:55.886+0000][3382.382s][info][gc,phases   ] GC(401)   Post Evacuate Collection Set: 0.4ms
[2025-12-22T21:51:55.886+0000][3382.382s][info][gc,phases   ] GC(401)   Other: 0.8ms
[2025-12-22T21:51:55.886+0000][3382.382s][info][gc,heap     ] GC(401) Eden regions: 674->0(675)
[2025-12-22T21:51:55.886+0000][3382.382s][info][gc,heap     ] GC(401) Survivor regions: 2->1(85)
[2025-12-22T21:51:55.886+0000][3382.383s][info][gc,heap     ] GC(401) Old regions: 52->53
[2025-12-22T21:51:55.886+0000][3382.383s][info][gc,heap     ] GC(401) Archive regions: 2->2
[2025-12-22T21:51:55.886+0000][3382.383s][info][gc,heap     ] GC(401) Humongous regions: 37->37
[2025-12-22T21:51:55.887+0000][3382.383s][info][gc,metaspace] GC(401) Metaspace: 87556K(88448K)->87556K(88448K) NonClass: 76236K(76672K)->76236K(76672K) Class: 11320K(11776K)->11320K(11776K)
[2025-12-22T21:51:55.887+0000][3382.383s][info][gc          ] GC(401) Pause Young (Normal) (G1 Evacuation Pause) 764M->90M(1128M) 4.999ms
[2025-12-22T21:51:55.887+0000][3382.383s][info][gc,cpu      ] GC(401) User=0.01s Sys=0.01s Real=0.01s
[2025-12-22T21:52:04.765+0000][3391.262s][info][gc,start    ] GC(402) Pause Young (Normal) (G1 Evacuation Pause)
[2025-12-22T21:52:04.766+0000][3391.262s][info][gc,task     ] GC(402) Using 3 workers of 3 for evacuation
[2025-12-22T21:52:04.767+0000][3391.263s][info][gc,phases   ] GC(402)   Pre Evacuate Collection Set: 0.1ms
[2025-12-22T21:52:04.767+0000][3391.264s][info][gc,phases   ] GC(402)   Merge Heap Roots: 0.1ms
[2025-12-22T21:52:04.767+0000][3391.264s][info][gc,phases   ] GC(402)   Evacuate Collection Set: 0.9ms
[2025-12-22T21:52:04.767+0000][3391.264s][info][gc,phases   ] GC(402)   Post Evacuate Collection Set: 0.3ms
[2025-12-22T21:52:04.767+0000][3391.264s][info][gc,phases   ] GC(402)   Other: 0.5ms
[2025-12-22T21:52:04.768+0000][3391.264s][info][gc,heap     ] GC(402) Eden regions: 675->0(675)
[2025-12-22T21:52:04.768+0000][3391.264s][info][gc,heap     ] GC(402) Survivor regions: 1->1(85)
[2025-12-22T21:52:04.768+0000][3391.264s][info][gc,heap     ] GC(402) Old regions: 53->53
[2025-12-22T21:52:04.768+0000][3391.264s][info][gc,heap     ] GC(402) Archive regions: 2->2
[2025-12-22T21:52:04.768+0000][3391.264s][info][gc,heap     ] GC(402) Humongous regions: 37->37
[2025-12-22T21:52:04.768+0000][3391.264s][info][gc,metaspace] GC(402) Metaspace: 87558K(88512K)->87558K(88512K) NonClass: 76237K(76736K)->76237K(76736K) Class: 11320K(11776K)->11320K(11776K)
[2025-12-22T21:52:04.768+0000][3391.264s][info][gc          ] GC(402) Pause Young (Normal) (G1 Evacuation Pause) 765M->90M(1128M) 2.602ms
[2025-12-22T21:52:04.768+0000][3391.264s][info][gc,cpu      ] GC(402) User=0.01s Sys=0.00s Real=0.00s
[2025-12-22T21:52:13.717+0000][3400.213s][info][gc,start    ] GC(403) Pause Young (Normal) (G1 Evacuation Pause)
[2025-12-22T21:52:13.718+0000][3400.214s][info][gc,task     ] GC(403) Using 3 workers of 3 for evacuation
[2025-12-22T21:52:13.719+0000][3400.216s][info][gc,phases   ] GC(403)   Pre Evacuate Collection Set: 0.1ms
[2025-12-22T21:52:13.719+0000][3400.216s][info][gc,phases   ] GC(403)   Merge Heap Roots: 0.1ms
[2025-12-22T21:52:13.720+0000][3400.216s][info][gc,phases   ] GC(403)   Evacuate Collection Set: 0.9ms
[2025-12-22T21:52:13.720+0000][3400.216s][info][gc,phases   ] GC(403)   Post Evacuate Collection Set: 0.4ms
[2025-12-22T21:52:13.720+0000][3400.216s][info][gc,phases   ] GC(403)   Other: 1.2ms
[2025-12-22T21:52:13.720+0000][3400.216s][info][gc,heap     ] GC(403) Eden regions: 675->0(675)
[2025-12-22T21:52:13.720+0000][3400.216s][info][gc,heap     ] GC(403) Survivor regions: 1->1(85)
[2025-12-22T21:52:13.720+0000][3400.216s][info][gc,heap     ] GC(403) Old regions: 53->53
[2025-12-22T21:52:13.720+0000][3400.216s][info][gc,heap     ] GC(403) Archive regions: 2->2
[2025-12-22T21:52:13.720+0000][3400.216s][info][gc,heap     ] GC(403) Humongous regions: 37->37
[2025-12-22T21:52:13.720+0000][3400.216s][info][gc,metaspace] GC(403) Metaspace: 87558K(88512K)->87558K(88512K) NonClass: 76238K(76736K)->76238K(76736K) Class: 11320K(11776K)->11320K(11776K)
[2025-12-22T21:52:13.720+0000][3400.216s][info][gc          ] GC(403) Pause Young (Normal) (G1 Evacuation Pause) 765M->90M(1128M) 3.551ms
[2025-12-22T21:52:13.720+0000][3400.217s][info][gc,cpu      ] GC(403) User=0.00s Sys=0.00s Real=0.00s
[2025-12-22T21:52:24.448+0000][3410.944s][info][gc,start    ] GC(404) Pause Young (Normal) (G1 Evacuation Pause)
[2025-12-22T21:52:24.449+0000][3410.945s][info][gc,task     ] GC(404) Using 3 workers of 3 for evacuation
[2025-12-22T21:52:24.451+0000][3410.947s][info][gc,phases   ] GC(404)   Pre Evacuate Collection Set: 0.1ms
[2025-12-22T21:52:24.451+0000][3410.947s][info][gc,phases   ] GC(404)   Merge Heap Roots: 0.1ms
[2025-12-22T21:52:24.451+0000][3410.947s][info][gc,phases   ] GC(404)   Evacuate Collection Set: 1.0ms
[2025-12-22T21:52:24.451+0000][3410.947s][info][gc,phases   ] GC(404)   Post Evacuate Collection Set: 0.5ms
[2025-12-22T21:52:24.451+0000][3410.947s][info][gc,phases   ] GC(404)   Other: 1.0ms
[2025-12-22T21:52:24.451+0000][3410.948s][info][gc,heap     ] GC(404) Eden regions: 675->0(675)
[2025-12-22T21:52:24.451+0000][3410.948s][info][gc,heap     ] GC(404) Survivor regions: 1->1(85)
[2025-12-22T21:52:24.451+0000][3410.948s][info][gc,heap     ] GC(404) Old regions: 53->53
[2025-12-22T21:52:24.452+0000][3410.948s][info][gc,heap     ] GC(404) Archive regions: 2->2
[2025-12-22T21:52:24.452+0000][3410.948s][info][gc,heap     ] GC(404) Humongous regions: 37->37
[2025-12-22T21:52:24.452+0000][3410.948s][info][gc,metaspace] GC(404) Metaspace: 87558K(88512K)->87558K(88512K) NonClass: 76238K(76736K)->76238K(76736K) Class: 11320K(11776K)->11320K(11776K)
[2025-12-22T21:52:24.452+0000][3410.948s][info][gc          ] GC(404) Pause Young (Normal) (G1 Evacuation Pause) 765M->90M(1128M) 3.661ms
[2025-12-22T21:52:24.452+0000][3410.948s][info][gc,cpu      ] GC(404) User=0.00s Sys=0.00s Real=0.00s
[2025-12-22T21:52:32.957+0000][3419.453s][info][gc,start    ] GC(405) Pause Young (Normal) (G1 Evacuation Pause)
[2025-12-22T21:52:32.958+0000][3419.454s][info][gc,task     ] GC(405) Using 3 workers of 3 for evacuation
[2025-12-22T21:52:32.961+0000][3419.457s][info][gc,phases   ] GC(405)   Pre Evacuate Collection Set: 0.2ms
[2025-12-22T21:52:32.961+0000][3419.457s][info][gc,phases   ] GC(405)   Merge Heap Roots: 0.1ms
[2025-12-22T21:52:32.961+0000][3419.457s][info][gc,phases   ] GC(405)   Evacuate Collection Set: 1.4ms
[2025-12-22T21:52:32.961+0000][3419.458s][info][gc,phases   ] GC(405)   Post Evacuate Collection Set: 0.6ms
[2025-12-22T21:52:32.961+0000][3419.458s][info][gc,phases   ] GC(405)   Other: 1.6ms
[2025-12-22T21:52:32.962+0000][3419.458s][info][gc,heap     ] GC(405) Eden regions: 675->0(675)
[2025-12-22T21:52:32.962+0000][3419.458s][info][gc,heap     ] GC(405) Survivor regions: 1->1(85)
[2025-12-22T21:52:32.962+0000][3419.458s][info][gc,heap     ] GC(405) Old regions: 53->53
[2025-12-22T21:52:32.962+0000][3419.458s][info][gc,heap     ] GC(405) Archive regions: 2->2
[2025-12-22T21:52:32.962+0000][3419.458s][info][gc,heap     ] GC(405) Humongous regions: 37->37
[2025-12-22T21:52:32.962+0000][3419.458s][info][gc,metaspace] GC(405) Metaspace: 87559K(88512K)->87559K(88512K) NonClass: 76238K(76736K)->76238K(76736K) Class: 11320K(11776K)->11320K(11776K)
[2025-12-22T21:52:32.962+0000][3419.458s][info][gc          ] GC(405) Pause Young (Normal) (G1 Evacuation Pause) 765M->90M(1128M) 5.265ms
[2025-12-22T21:52:32.962+0000][3419.459s][info][gc,cpu      ] GC(405) User=0.00s Sys=0.01s Real=0.00s
[2025-12-22T21:52:42.922+0000][3429.419s][info][gc,start    ] GC(406) Pause Young (Normal) (G1 Evacuation Pause)
[2025-12-22T21:52:42.923+0000][3429.419s][info][gc,task     ] GC(406) Using 3 workers of 3 for evacuation
[2025-12-22T21:52:42.927+0000][3429.423s][info][gc,phases   ] GC(406)   Pre Evacuate Collection Set: 0.2ms
[2025-12-22T21:52:42.927+0000][3429.423s][info][gc,phases   ] GC(406)   Merge Heap Roots: 0.1ms
[2025-12-22T21:52:42.927+0000][3429.423s][info][gc,phases   ] GC(406)   Evacuate Collection Set: 2.9ms
[2025-12-22T21:52:42.927+0000][3429.424s][info][gc,phases   ] GC(406)   Post Evacuate Collection Set: 0.6ms
[2025-12-22T21:52:42.927+0000][3429.424s][info][gc,phases   ] GC(406)   Other: 0.9ms
[2025-12-22T21:52:42.928+0000][3429.424s][info][gc,heap     ] GC(406) Eden regions: 675->0(675)
[2025-12-22T21:52:42.928+0000][3429.424s][info][gc,heap     ] GC(406) Survivor regions: 1->1(85)
[2025-12-22T21:52:42.928+0000][3429.424s][info][gc,heap     ] GC(406) Old regions: 53->53
[2025-12-22T21:52:42.928+0000][3429.424s][info][gc,heap     ] GC(406) Archive regions: 2->2
[2025-12-22T21:52:42.928+0000][3429.424s][info][gc,heap     ] GC(406) Humongous regions: 37->37
[2025-12-22T21:52:42.928+0000][3429.424s][info][gc,metaspace] GC(406) Metaspace: 87559K(88512K)->87559K(88512K) NonClass: 76238K(76736K)->76238K(76736K) Class: 11320K(11776K)->11320K(11776K)
[2025-12-22T21:52:42.928+0000][3429.424s][info][gc          ] GC(406) Pause Young (Normal) (G1 Evacuation Pause) 765M->90M(1128M) 5.781ms
[2025-12-22T21:52:42.928+0000][3429.424s][info][gc,cpu      ] GC(406) User=0.01s Sys=0.00s Real=0.01s
[2025-12-22T21:52:52.429+0000][3438.925s][info][gc,start    ] GC(407) Pause Young (Normal) (G1 Evacuation Pause)
[2025-12-22T21:52:52.430+0000][3438.926s][info][gc,task     ] GC(407) Using 3 workers of 3 for evacuation
[2025-12-22T21:52:52.437+0000][3438.933s][info][gc,phases   ] GC(407)   Pre Evacuate Collection Set: 0.7ms
[2025-12-22T21:52:52.437+0000][3438.933s][info][gc,phases   ] GC(407)   Merge Heap Roots: 0.2ms
[2025-12-22T21:52:52.437+0000][3438.933s][info][gc,phases   ] GC(407)   Evacuate Collection Set: 4.2ms
[2025-12-22T21:52:52.437+0000][3438.934s][info][gc,phases   ] GC(407)   Post Evacuate Collection Set: 1.3ms
[2025-12-22T21:52:52.438+0000][3438.934s][info][gc,phases   ] GC(407)   Other: 1.6ms
[2025-12-22T21:52:52.438+0000][3438.935s][info][gc,heap     ] GC(407) Eden regions: 675->0(675)
[2025-12-22T21:52:52.439+0000][3438.935s][info][gc,heap     ] GC(407) Survivor regions: 1->1(85)
[2025-12-22T21:52:52.439+0000][3438.935s][info][gc,heap     ] GC(407) Old regions: 53->53
[2025-12-22T21:52:52.439+0000][3438.935s][info][gc,heap     ] GC(407) Archive regions: 2->2
[2025-12-22T21:52:52.439+0000][3438.935s][info][gc,heap     ] GC(407) Humongous regions: 37->37
[2025-12-22T21:52:52.439+0000][3438.935s][info][gc,metaspace] GC(407) Metaspace: 87559K(88512K)->87559K(88512K) NonClass: 76238K(76736K)->76238K(76736K) Class: 11320K(11776K)->11320K(11776K)
[2025-12-22T21:52:52.439+0000][3438.935s][info][gc          ] GC(407) Pause Young (Normal) (G1 Evacuation Pause) 765M->90M(1128M) 10.292ms
[2025-12-22T21:52:52.439+0000][3438.936s][info][gc,cpu      ] GC(407) User=0.01s Sys=0.00s Real=0.01s
[2025-12-22T21:53:01.070+0000][3447.566s][info][gc,start    ] GC(408) Pause Young (Normal) (G1 Evacuation Pause)
[2025-12-22T21:53:01.070+0000][3447.566s][info][gc,task     ] GC(408) Using 3 workers of 3 for evacuation
[2025-12-22T21:53:01.076+0000][3447.572s][info][gc,phases   ] GC(408)   Pre Evacuate Collection Set: 0.6ms
[2025-12-22T21:53:01.076+0000][3447.572s][info][gc,phases   ] GC(408)   Merge Heap Roots: 0.2ms
[2025-12-22T21:53:01.076+0000][3447.573s][info][gc,phases   ] GC(408)   Evacuate Collection Set: 3.6ms
[2025-12-22T21:53:01.076+0000][3447.573s][info][gc,phases   ] GC(408)   Post Evacuate Collection Set: 1.2ms
[2025-12-22T21:53:01.076+0000][3447.573s][info][gc,phases   ] GC(408)   Other: 0.9ms
[2025-12-22T21:53:01.077+0000][3447.573s][info][gc,heap     ] GC(408) Eden regions: 675->0(675)
[2025-12-22T21:53:01.077+0000][3447.573s][info][gc,heap     ] GC(408) Survivor regions: 1->1(85)
[2025-12-22T21:53:01.077+0000][3447.573s][info][gc,heap     ] GC(408) Old regions: 53->53
[2025-12-22T21:53:01.077+0000][3447.573s][info][gc,heap     ] GC(408) Archive regions: 2->2
[2025-12-22T21:53:01.077+0000][3447.573s][info][gc,heap     ] GC(408) Humongous regions: 37->37
[2025-12-22T21:53:01.077+0000][3447.573s][info][gc,metaspace] GC(408) Metaspace: 87559K(88512K)->87559K(88512K) NonClass: 76238K(76736K)->76238K(76736K) Class: 11320K(11776K)->11320K(11776K)
[2025-12-22T21:53:01.077+0000][3447.573s][info][gc          ] GC(408) Pause Young (Normal) (G1 Evacuation Pause) 765M->90M(1128M) 7.192ms
[2025-12-22T21:53:01.077+0000][3447.573s][info][gc,cpu      ] GC(408) User=0.02s Sys=0.00s Real=0.01s
[2025-12-22T21:53:11.167+0000][3457.664s][info][gc,start    ] GC(409) Pause Young (Normal) (G1 Evacuation Pause)
[2025-12-22T21:53:11.168+0000][3457.664s][info][gc,task     ] GC(409) Using 3 workers of 3 for evacuation
[2025-12-22T21:53:11.172+0000][3457.668s][info][gc,phases   ] GC(409)   Pre Evacuate Collection Set: 0.2ms
[2025-12-22T21:53:11.172+0000][3457.668s][info][gc,phases   ] GC(409)   Merge Heap Roots: 0.2ms
[2025-12-22T21:53:11.172+0000][3457.668s][info][gc,phases   ] GC(409)   Evacuate Collection Set: 1.9ms
[2025-12-22T21:53:11.172+0000][3457.668s][info][gc,phases   ] GC(409)   Post Evacuate Collection Set: 0.7ms
[2025-12-22T21:53:11.172+0000][3457.668s][info][gc,phases   ] GC(409)   Other: 1.3ms
[2025-12-22T21:53:11.172+0000][3457.669s][info][gc,heap     ] GC(409) Eden regions: 675->0(675)
[2025-12-22T21:53:11.172+0000][3457.669s][info][gc,heap     ] GC(409) Survivor regions: 1->1(85)
[2025-12-22T21:53:11.173+0000][3457.669s][info][gc,heap     ] GC(409) Old regions: 53->53
[2025-12-22T21:53:11.173+0000][3457.669s][info][gc,heap     ] GC(409) Archive regions: 2->2
[2025-12-22T21:53:11.173+0000][3457.669s][info][gc,heap     ] GC(409) Humongous regions: 37->37
[2025-12-22T21:53:11.173+0000][3457.669s][info][gc,metaspace] GC(409) Metaspace: 87559K(88512K)->87559K(88512K) NonClass: 76238K(76736K)->76238K(76736K) Class: 11320K(11776K)->11320K(11776K)
[2025-12-22T21:53:11.173+0000][3457.669s][info][gc          ] GC(409) Pause Young (Normal) (G1 Evacuation Pause) 765M->90M(1128M) 5.742ms
[2025-12-22T21:53:11.173+0000][3457.669s][info][gc,cpu      ] GC(409) User=0.01s Sys=0.00s Real=0.00s
[2025-12-22T21:53:19.267+0000][3465.764s][info][gc,start    ] GC(410) Pause Young (Normal) (G1 Evacuation Pause)
[2025-12-22T21:53:19.268+0000][3465.764s][info][gc,task     ] GC(410) Using 3 workers of 3 for evacuation
[2025-12-22T21:53:19.275+0000][3465.771s][info][gc,phases   ] GC(410)   Pre Evacuate Collection Set: 0.9ms
[2025-12-22T21:53:19.275+0000][3465.771s][info][gc,phases   ] GC(410)   Merge Heap Roots: 0.3ms
[2025-12-22T21:53:19.275+0000][3465.771s][info][gc,phases   ] GC(410)   Evacuate Collection Set: 3.9ms
[2025-12-22T21:53:19.275+0000][3465.771s][info][gc,phases   ] GC(410)   Post Evacuate Collection Set: 1.2ms
[2025-12-22T21:53:19.275+0000][3465.771s][info][gc,phases   ] GC(410)   Other: 1.4ms
[2025-12-22T21:53:19.275+0000][3465.771s][info][gc,heap     ] GC(410) Eden regions: 675->0(675)
[2025-12-22T21:53:19.275+0000][3465.771s][info][gc,heap     ] GC(410) Survivor regions: 1->1(85)
[2025-12-22T21:53:19.275+0000][3465.771s][info][gc,heap     ] GC(410) Old regions: 53->53
[2025-12-22T21:53:19.275+0000][3465.771s][info][gc,heap     ] GC(410) Archive regions: 2->2
[2025-12-22T21:53:19.275+0000][3465.772s][info][gc,heap     ] GC(410) Humongous regions: 37->37
[2025-12-22T21:53:19.275+0000][3465.772s][info][gc,metaspace] GC(410) Metaspace: 87559K(88512K)->87559K(88512K) NonClass: 76238K(76736K)->76238K(76736K) Class: 11320K(11776K)->11320K(11776K)
[2025-12-22T21:53:19.275+0000][3465.772s][info][gc          ] GC(410) Pause Young (Normal) (G1 Evacuation Pause) 765M->90M(1128M) 8.088ms
[2025-12-22T21:53:19.276+0000][3465.772s][info][gc,cpu      ] GC(410) User=0.02s Sys=0.00s Real=0.01s
[2025-12-22T21:53:27.915+0000][3474.412s][info][gc,start    ] GC(411) Pause Young (Normal) (G1 Evacuation Pause)
[2025-12-22T21:53:27.916+0000][3474.412s][info][gc,task     ] GC(411) Using 3 workers of 3 for evacuation
[2025-12-22T21:53:27.917+0000][3474.414s][info][gc,phases   ] GC(411)   Pre Evacuate Collection Set: 0.1ms
[2025-12-22T21:53:27.917+0000][3474.414s][info][gc,phases   ] GC(411)   Merge Heap Roots: 0.1ms
[2025-12-22T21:53:27.918+0000][3474.414s][info][gc,phases   ] GC(411)   Evacuate Collection Set: 0.9ms
[2025-12-22T21:53:27.918+0000][3474.414s][info][gc,phases   ] GC(411)   Post Evacuate Collection Set: 0.3ms
[2025-12-22T21:53:27.918+0000][3474.414s][info][gc,phases   ] GC(411)   Other: 0.7ms
[2025-12-22T21:53:27.918+0000][3474.414s][info][gc,heap     ] GC(411) Eden regions: 675->0(675)
[2025-12-22T21:53:27.918+0000][3474.414s][info][gc,heap     ] GC(411) Survivor regions: 1->1(85)
[2025-12-22T21:53:27.918+0000][3474.414s][info][gc,heap     ] GC(411) Old regions: 53->53
[2025-12-22T21:53:27.918+0000][3474.414s][info][gc,heap     ] GC(411) Archive regions: 2->2
[2025-12-22T21:53:27.918+0000][3474.414s][info][gc,heap     ] GC(411) Humongous regions: 37->37
[2025-12-22T21:53:27.918+0000][3474.415s][info][gc,metaspace] GC(411) Metaspace: 87559K(88512K)->87559K(88512K) NonClass: 76238K(76736K)->76238K(76736K) Class: 11320K(11776K)->11320K(11776K)
[2025-12-22T21:53:27.918+0000][3474.415s][info][gc          ] GC(411) Pause Young (Normal) (G1 Evacuation Pause) 765M->90M(1128M) 3.055ms
[2025-12-22T21:53:27.918+0000][3474.415s][info][gc,cpu      ] GC(411) User=0.00s Sys=0.00s Real=0.00s
[2025-12-22T21:53:36.788+0000][3483.284s][info][gc,start    ] GC(412) Pause Young (Normal) (G1 Evacuation Pause)
[2025-12-22T21:53:36.789+0000][3483.285s][info][gc,task     ] GC(412) Using 3 workers of 3 for evacuation
[2025-12-22T21:53:36.792+0000][3483.289s][info][gc,phases   ] GC(412)   Pre Evacuate Collection Set: 0.2ms
[2025-12-22T21:53:36.792+0000][3483.289s][info][gc,phases   ] GC(412)   Merge Heap Roots: 0.1ms
[2025-12-22T21:53:36.793+0000][3483.289s][info][gc,phases   ] GC(412)   Evacuate Collection Set: 2.1ms
[2025-12-22T21:53:36.793+0000][3483.289s][info][gc,phases   ] GC(412)   Post Evacuate Collection Set: 0.6ms
[2025-12-22T21:53:36.793+0000][3483.289s][info][gc,phases   ] GC(412)   Other: 1.3ms
[2025-12-22T21:53:36.793+0000][3483.289s][info][gc,heap     ] GC(412) Eden regions: 675->0(675)
[2025-12-22T21:53:36.793+0000][3483.289s][info][gc,heap     ] GC(412) Survivor regions: 1->1(85)
[2025-12-22T21:53:36.793+0000][3483.290s][info][gc,heap     ] GC(412) Old regions: 53->53
[2025-12-22T21:53:36.793+0000][3483.290s][info][gc,heap     ] GC(412) Archive regions: 2->2
[2025-12-22T21:53:36.793+0000][3483.290s][info][gc,heap     ] GC(412) Humongous regions: 37->37
[2025-12-22T21:53:36.794+0000][3483.290s][info][gc,metaspace] GC(412) Metaspace: 87560K(88512K)->87560K(88512K) NonClass: 76240K(76736K)->76240K(76736K) Class: 11320K(11776K)->11320K(11776K)
[2025-12-22T21:53:36.794+0000][3483.290s][info][gc          ] GC(412) Pause Young (Normal) (G1 Evacuation Pause) 765M->90M(1128M) 5.688ms
[2025-12-22T21:53:36.794+0000][3483.290s][info][gc,cpu      ] GC(412) User=0.01s Sys=0.00s Real=0.00s
[2025-12-22T21:53:44.862+0000][3491.358s][info][gc,start    ] GC(413) Pause Young (Normal) (G1 Evacuation Pause)
[2025-12-22T21:53:44.863+0000][3491.359s][info][gc,task     ] GC(413) Using 3 workers of 3 for evacuation
[2025-12-22T21:53:44.867+0000][3491.363s][info][gc,phases   ] GC(413)   Pre Evacuate Collection Set: 0.5ms
[2025-12-22T21:53:44.867+0000][3491.363s][info][gc,phases   ] GC(413)   Merge Heap Roots: 0.1ms
[2025-12-22T21:53:44.867+0000][3491.363s][info][gc,phases   ] GC(413)   Evacuate Collection Set: 2.4ms
[2025-12-22T21:53:44.867+0000][3491.364s][info][gc,phases   ] GC(413)   Post Evacuate Collection Set: 0.9ms
[2025-12-22T21:53:44.867+0000][3491.364s][info][gc,phases   ] GC(413)   Other: 1.4ms
[2025-12-22T21:53:44.868+0000][3491.364s][info][gc,heap     ] GC(413) Eden regions: 675->0(675)
[2025-12-22T21:53:44.868+0000][3491.364s][info][gc,heap     ] GC(413) Survivor regions: 1->1(85)
[2025-12-22T21:53:44.868+0000][3491.364s][info][gc,heap     ] GC(413) Old regions: 53->53
[2025-12-22T21:53:44.868+0000][3491.364s][info][gc,heap     ] GC(413) Archive regions: 2->2
[2025-12-22T21:53:44.868+0000][3491.364s][info][gc,heap     ] GC(413) Humongous regions: 37->37
[2025-12-22T21:53:44.868+0000][3491.364s][info][gc,metaspace] GC(413) Metaspace: 87560K(88512K)->87560K(88512K) NonClass: 76240K(76736K)->76240K(76736K) Class: 11320K(11776K)->11320K(11776K)
[2025-12-22T21:53:44.868+0000][3491.364s][info][gc          ] GC(413) Pause Young (Normal) (G1 Evacuation Pause) 765M->90M(1128M) 6.396ms
[2025-12-22T21:53:44.868+0000][3491.364s][info][gc,cpu      ] GC(413) User=0.01s Sys=0.00s Real=0.01s
[2025-12-22T21:53:54.287+0000][3500.783s][info][gc,start    ] GC(414) Pause Young (Normal) (G1 Evacuation Pause)
[2025-12-22T21:53:54.287+0000][3500.783s][info][gc,task     ] GC(414) Using 3 workers of 3 for evacuation
[2025-12-22T21:53:54.289+0000][3500.785s][info][gc,phases   ] GC(414)   Pre Evacuate Collection Set: 0.1ms
[2025-12-22T21:53:54.289+0000][3500.785s][info][gc,phases   ] GC(414)   Merge Heap Roots: 0.1ms
[2025-12-22T21:53:54.289+0000][3500.785s][info][gc,phases   ] GC(414)   Evacuate Collection Set: 0.9ms
[2025-12-22T21:53:54.289+0000][3500.785s][info][gc,phases   ] GC(414)   Post Evacuate Collection Set: 0.4ms
[2025-12-22T21:53:54.289+0000][3500.785s][info][gc,phases   ] GC(414)   Other: 0.8ms
[2025-12-22T21:53:54.289+0000][3500.786s][info][gc,heap     ] GC(414) Eden regions: 675->0(675)
[2025-12-22T21:53:54.289+0000][3500.786s][info][gc,heap     ] GC(414) Survivor regions: 1->1(85)
[2025-12-22T21:53:54.289+0000][3500.786s][info][gc,heap     ] GC(414) Old regions: 53->53
[2025-12-22T21:53:54.289+0000][3500.786s][info][gc,heap     ] GC(414) Archive regions: 2->2
[2025-12-22T21:53:54.289+0000][3500.786s][info][gc,heap     ] GC(414) Humongous regions: 37->37
[2025-12-22T21:53:54.289+0000][3500.786s][info][gc,metaspace] GC(414) Metaspace: 87560K(88512K)->87560K(88512K) NonClass: 76240K(76736K)->76240K(76736K) Class: 11320K(11776K)->11320K(11776K)
[2025-12-22T21:53:54.290+0000][3500.786s][info][gc          ] GC(414) Pause Young (Normal) (G1 Evacuation Pause) 765M->90M(1128M) 2.874ms
[2025-12-22T21:53:54.290+0000][3500.786s][info][gc,cpu      ] GC(414) User=0.00s Sys=0.00s Real=0.00s
[2025-12-22T21:54:02.053+0000][3508.550s][info][gc,start    ] GC(415) Pause Young (Normal) (G1 Evacuation Pause)
[2025-12-22T21:54:02.054+0000][3508.550s][info][gc,task     ] GC(415) Using 3 workers of 3 for evacuation
[2025-12-22T21:54:02.057+0000][3508.554s][info][gc,phases   ] GC(415)   Pre Evacuate Collection Set: 0.3ms
[2025-12-22T21:54:02.060+0000][3508.556s][info][gc,phases   ] GC(415)   Merge Heap Roots: 0.1ms
[2025-12-22T21:54:02.060+0000][3508.556s][info][gc,phases   ] GC(415)   Evacuate Collection Set: 2.4ms
[2025-12-22T21:54:02.060+0000][3508.556s][info][gc,phases   ] GC(415)   Post Evacuate Collection Set: 0.6ms
[2025-12-22T21:54:02.060+0000][3508.556s][info][gc,phases   ] GC(415)   Other: 0.8ms
[2025-12-22T21:54:02.060+0000][3508.556s][info][gc,heap     ] GC(415) Eden regions: 675->0(675)
[2025-12-22T21:54:02.060+0000][3508.556s][info][gc,heap     ] GC(415) Survivor regions: 1->1(85)
[2025-12-22T21:54:02.060+0000][3508.556s][info][gc,heap     ] GC(415) Old regions: 53->53
[2025-12-22T21:54:02.060+0000][3508.557s][info][gc,heap     ] GC(415) Archive regions: 2->2
[2025-12-22T21:54:02.060+0000][3508.557s][info][gc,heap     ] GC(415) Humongous regions: 37->37
[2025-12-22T21:54:02.060+0000][3508.557s][info][gc,metaspace] GC(415) Metaspace: 87562K(88512K)->87562K(88512K) NonClass: 76241K(76736K)->76241K(76736K) Class: 11320K(11776K)->11320K(11776K)
[2025-12-22T21:54:02.060+0000][3508.557s][info][gc          ] GC(415) Pause Young (Normal) (G1 Evacuation Pause) 765M->90M(1128M) 7.121ms
[2025-12-22T21:54:02.061+0000][3508.557s][info][gc,cpu      ] GC(415) User=0.00s Sys=0.00s Real=0.01s
[2025-12-22T21:54:11.544+0000][3518.040s][info][gc,start    ] GC(416) Pause Young (Normal) (G1 Evacuation Pause)
[2025-12-22T21:54:11.545+0000][3518.041s][info][gc,task     ] GC(416) Using 3 workers of 3 for evacuation
[2025-12-22T21:54:11.548+0000][3518.044s][info][gc,phases   ] GC(416)   Pre Evacuate Collection Set: 0.3ms
[2025-12-22T21:54:11.548+0000][3518.044s][info][gc,phases   ] GC(416)   Merge Heap Roots: 0.1ms
[2025-12-22T21:54:11.548+0000][3518.044s][info][gc,phases   ] GC(416)   Evacuate Collection Set: 1.6ms
[2025-12-22T21:54:11.548+0000][3518.044s][info][gc,phases   ] GC(416)   Post Evacuate Collection Set: 0.5ms
[2025-12-22T21:54:11.548+0000][3518.044s][info][gc,phases   ] GC(416)   Other: 1.4ms
[2025-12-22T21:54:11.548+0000][3518.045s][info][gc,heap     ] GC(416) Eden regions: 675->0(675)
[2025-12-22T21:54:11.548+0000][3518.045s][info][gc,heap     ] GC(416) Survivor regions: 1->1(85)
[2025-12-22T21:54:11.548+0000][3518.045s][info][gc,heap     ] GC(416) Old regions: 53->53
[2025-12-22T21:54:11.548+0000][3518.045s][info][gc,heap     ] GC(416) Archive regions: 2->2
[2025-12-22T21:54:11.549+0000][3518.045s][info][gc,heap     ] GC(416) Humongous regions: 37->37
[2025-12-22T21:54:11.549+0000][3518.045s][info][gc,metaspace] GC(416) Metaspace: 87564K(88512K)->87564K(88512K) NonClass: 76243K(76736K)->76243K(76736K) Class: 11320K(11776K)->11320K(11776K)
[2025-12-22T21:54:11.549+0000][3518.045s][info][gc          ] GC(416) Pause Young (Normal) (G1 Evacuation Pause) 765M->90M(1128M) 4.495ms
[2025-12-22T21:54:11.549+0000][3518.045s][info][gc,cpu      ] GC(416) User=0.01s Sys=0.00s Real=0.01s
[2025-12-22T21:54:19.524+0000][3526.021s][info][gc,start    ] GC(417) Pause Young (Normal) (G1 Evacuation Pause)
[2025-12-22T21:54:19.525+0000][3526.021s][info][gc,task     ] GC(417) Using 3 workers of 3 for evacuation
[2025-12-22T21:54:19.529+0000][3526.025s][info][gc,phases   ] GC(417)   Pre Evacuate Collection Set: 0.3ms
[2025-12-22T21:54:19.529+0000][3526.025s][info][gc,phases   ] GC(417)   Merge Heap Roots: 0.1ms
[2025-12-22T21:54:19.529+0000][3526.025s][info][gc,phases   ] GC(417)   Evacuate Collection Set: 2.5ms
[2025-12-22T21:54:19.529+0000][3526.025s][info][gc,phases   ] GC(417)   Post Evacuate Collection Set: 0.8ms
[2025-12-22T21:54:19.529+0000][3526.025s][info][gc,phases   ] GC(417)   Other: 0.6ms
[2025-12-22T21:54:19.529+0000][3526.025s][info][gc,heap     ] GC(417) Eden regions: 675->0(675)
[2025-12-22T21:54:19.529+0000][3526.025s][info][gc,heap     ] GC(417) Survivor regions: 1->1(85)
[2025-12-22T21:54:19.529+0000][3526.025s][info][gc,heap     ] GC(417) Old regions: 53->53
[2025-12-22T21:54:19.529+0000][3526.025s][info][gc,heap     ] GC(417) Archive regions: 2->2
[2025-12-22T21:54:19.529+0000][3526.025s][info][gc,heap     ] GC(417) Humongous regions: 37->37
[2025-12-22T21:54:19.529+0000][3526.025s][info][gc,metaspace] GC(417) Metaspace: 87566K(88512K)->87566K(88512K) NonClass: 76246K(76736K)->76246K(76736K) Class: 11320K(11776K)->11320K(11776K)
[2025-12-22T21:54:19.529+0000][3526.026s][info][gc          ] GC(417) Pause Young (Normal) (G1 Evacuation Pause) 765M->90M(1128M) 5.044ms
[2025-12-22T21:54:19.529+0000][3526.026s][info][gc,cpu      ] GC(417) User=0.01s Sys=0.00s Real=0.01s
[2025-12-22T21:54:27.983+0000][3534.479s][info][gc,start    ] GC(418) Pause Young (Normal) (G1 Evacuation Pause)
[2025-12-22T21:54:27.984+0000][3534.480s][info][gc,task     ] GC(418) Using 3 workers of 3 for evacuation
[2025-12-22T21:54:27.989+0000][3534.485s][info][gc,phases   ] GC(418)   Pre Evacuate Collection Set: 0.5ms
[2025-12-22T21:54:27.989+0000][3534.485s][info][gc,phases   ] GC(418)   Merge Heap Roots: 0.2ms
[2025-12-22T21:54:27.989+0000][3534.485s][info][gc,phases   ] GC(418)   Evacuate Collection Set: 2.9ms
[2025-12-22T21:54:27.989+0000][3534.485s][info][gc,phases   ] GC(418)   Post Evacuate Collection Set: 0.7ms
[2025-12-22T21:54:27.989+0000][3534.485s][info][gc,phases   ] GC(418)   Other: 1.4ms
[2025-12-22T21:54:27.989+0000][3534.485s][info][gc,heap     ] GC(418) Eden regions: 675->0(675)
[2025-12-22T21:54:27.989+0000][3534.485s][info][gc,heap     ] GC(418) Survivor regions: 1->1(85)
[2025-12-22T21:54:27.989+0000][3534.485s][info][gc,heap     ] GC(418) Old regions: 53->53
[2025-12-22T21:54:27.989+0000][3534.485s][info][gc,heap     ] GC(418) Archive regions: 2->2
[2025-12-22T21:54:27.989+0000][3534.485s][info][gc,heap     ] GC(418) Humongous regions: 37->37
[2025-12-22T21:54:27.989+0000][3534.486s][info][gc,metaspace] GC(418) Metaspace: 87574K(88512K)->87574K(88512K) NonClass: 76253K(76736K)->76253K(76736K) Class: 11320K(11776K)->11320K(11776K)
[2025-12-22T21:54:27.989+0000][3534.486s][info][gc          ] GC(418) Pause Young (Normal) (G1 Evacuation Pause) 765M->90M(1128M) 6.450ms
[2025-12-22T21:54:27.989+0000][3534.486s][info][gc,cpu      ] GC(418) User=0.01s Sys=0.00s Real=0.01s
[2025-12-22T21:54:37.045+0000][3543.541s][info][gc,start    ] GC(419) Pause Young (Normal) (G1 Evacuation Pause)
[2025-12-22T21:54:37.045+0000][3543.542s][info][gc,task     ] GC(419) Using 3 workers of 3 for evacuation
[2025-12-22T21:54:37.049+0000][3543.545s][info][gc,phases   ] GC(419)   Pre Evacuate Collection Set: 0.3ms
[2025-12-22T21:54:37.049+0000][3543.546s][info][gc,phases   ] GC(419)   Merge Heap Roots: 0.1ms
[2025-12-22T21:54:37.049+0000][3543.546s][info][gc,phases   ] GC(419)   Evacuate Collection Set: 2.2ms
[2025-12-22T21:54:37.050+0000][3543.546s][info][gc,phases   ] GC(419)   Post Evacuate Collection Set: 1.0ms
[2025-12-22T21:54:37.050+0000][3543.546s][info][gc,phases   ] GC(419)   Other: 0.8ms
[2025-12-22T21:54:37.050+0000][3543.546s][info][gc,heap     ] GC(419) Eden regions: 675->0(675)
[2025-12-22T21:54:37.050+0000][3543.546s][info][gc,heap     ] GC(419) Survivor regions: 1->1(85)
[2025-12-22T21:54:37.050+0000][3543.546s][info][gc,heap     ] GC(419) Old regions: 53->53
[2025-12-22T21:54:37.050+0000][3543.546s][info][gc,heap     ] GC(419) Archive regions: 2->2
[2025-12-22T21:54:37.050+0000][3543.546s][info][gc,heap     ] GC(419) Humongous regions: 37->37
[2025-12-22T21:54:37.050+0000][3543.546s][info][gc,metaspace] GC(419) Metaspace: 87574K(88512K)->87574K(88512K) NonClass: 76254K(76736K)->76254K(76736K) Class: 11320K(11776K)->11320K(11776K)
[2025-12-22T21:54:37.050+0000][3543.546s][info][gc          ] GC(419) Pause Young (Normal) (G1 Evacuation Pause) 765M->90M(1128M) 5.266ms
[2025-12-22T21:54:37.050+0000][3543.546s][info][gc,cpu      ] GC(419) User=0.01s Sys=0.00s Real=0.00s
[2025-12-22T21:54:45.015+0000][3551.511s][info][gc,start    ] GC(420) Pause Young (Normal) (G1 Evacuation Pause)
[2025-12-22T21:54:45.016+0000][3551.512s][info][gc,task     ] GC(420) Using 3 workers of 3 for evacuation
[2025-12-22T21:54:45.019+0000][3551.515s][info][gc,phases   ] GC(420)   Pre Evacuate Collection Set: 0.3ms
[2025-12-22T21:54:45.019+0000][3551.515s][info][gc,phases   ] GC(420)   Merge Heap Roots: 0.1ms
[2025-12-22T21:54:45.019+0000][3551.515s][info][gc,phases   ] GC(420)   Evacuate Collection Set: 1.9ms
[2025-12-22T21:54:45.019+0000][3551.515s][info][gc,phases   ] GC(420)   Post Evacuate Collection Set: 0.5ms
[2025-12-22T21:54:45.019+0000][3551.516s][info][gc,phases   ] GC(420)   Other: 1.3ms
[2025-12-22T21:54:45.019+0000][3551.516s][info][gc,heap     ] GC(420) Eden regions: 675->0(675)
[2025-12-22T21:54:45.019+0000][3551.516s][info][gc,heap     ] GC(420) Survivor regions: 1->1(85)
[2025-12-22T21:54:45.020+0000][3551.516s][info][gc,heap     ] GC(420) Old regions: 53->53
[2025-12-22T21:54:45.020+0000][3551.516s][info][gc,heap     ] GC(420) Archive regions: 2->2
[2025-12-22T21:54:45.020+0000][3551.516s][info][gc,heap     ] GC(420) Humongous regions: 37->37
[2025-12-22T21:54:45.020+0000][3551.516s][info][gc,metaspace] GC(420) Metaspace: 87578K(88512K)->87578K(88512K) NonClass: 76257K(76736K)->76257K(76736K) Class: 11320K(11776K)->11320K(11776K)
[2025-12-22T21:54:45.020+0000][3551.516s][info][gc          ] GC(420) Pause Young (Normal) (G1 Evacuation Pause) 765M->90M(1128M) 4.877ms
[2025-12-22T21:54:45.020+0000][3551.516s][info][gc,cpu      ] GC(420) User=0.00s Sys=0.00s Real=0.00s
[2025-12-22T21:54:54.361+0000][3560.857s][info][gc,start    ] GC(421) Pause Young (Normal) (G1 Evacuation Pause)
[2025-12-22T21:54:54.362+0000][3560.858s][info][gc,task     ] GC(421) Using 3 workers of 3 for evacuation
[2025-12-22T21:54:54.364+0000][3560.860s][info][gc,phases   ] GC(421)   Pre Evacuate Collection Set: 0.2ms
[2025-12-22T21:54:54.364+0000][3560.860s][info][gc,phases   ] GC(421)   Merge Heap Roots: 0.1ms
[2025-12-22T21:54:54.364+0000][3560.860s][info][gc,phases   ] GC(421)   Evacuate Collection Set: 1.3ms
[2025-12-22T21:54:54.364+0000][3560.860s][info][gc,phases   ] GC(421)   Post Evacuate Collection Set: 0.5ms
[2025-12-22T21:54:54.364+0000][3560.861s][info][gc,phases   ] GC(421)   Other: 0.8ms
[2025-12-22T21:54:54.364+0000][3560.861s][info][gc,heap     ] GC(421) Eden regions: 675->0(675)
[2025-12-22T21:54:54.365+0000][3560.861s][info][gc,heap     ] GC(421) Survivor regions: 1->1(85)
[2025-12-22T21:54:54.365+0000][3560.861s][info][gc,heap     ] GC(421) Old regions: 53->53
[2025-12-22T21:54:54.365+0000][3560.861s][info][gc,heap     ] GC(421) Archive regions: 2->2
[2025-12-22T21:54:54.365+0000][3560.861s][info][gc,heap     ] GC(421) Humongous regions: 37->37
[2025-12-22T21:54:54.365+0000][3560.861s][info][gc,metaspace] GC(421) Metaspace: 87578K(88512K)->87578K(88512K) NonClass: 76257K(76736K)->76257K(76736K) Class: 11320K(11776K)->11320K(11776K)
[2025-12-22T21:54:54.365+0000][3560.861s][info][gc          ] GC(421) Pause Young (Normal) (G1 Evacuation Pause) 765M->91M(1128M) 4.123ms
[2025-12-22T21:54:54.365+0000][3560.862s][info][gc,cpu      ] GC(421) User=0.00s Sys=0.00s Real=0.01s
[2025-12-22T21:55:02.180+0000][3568.676s][info][gc,start    ] GC(422) Pause Young (Normal) (G1 Evacuation Pause)
[2025-12-22T21:55:02.181+0000][3568.677s][info][gc,task     ] GC(422) Using 3 workers of 3 for evacuation
[2025-12-22T21:55:02.184+0000][3568.681s][info][gc,phases   ] GC(422)   Pre Evacuate Collection Set: 0.3ms
[2025-12-22T21:55:02.185+0000][3568.681s][info][gc,phases   ] GC(422)   Merge Heap Roots: 0.2ms
[2025-12-22T21:55:02.185+0000][3568.681s][info][gc,phases   ] GC(422)   Evacuate Collection Set: 2.3ms
[2025-12-22T21:55:02.185+0000][3568.681s][info][gc,phases   ] GC(422)   Post Evacuate Collection Set: 0.8ms
[2025-12-22T21:55:02.185+0000][3568.681s][info][gc,phases   ] GC(422)   Other: 1.3ms
[2025-12-22T21:55:02.185+0000][3568.681s][info][gc,heap     ] GC(422) Eden regions: 675->0(675)
[2025-12-22T21:55:02.185+0000][3568.681s][info][gc,heap     ] GC(422) Survivor regions: 1->1(85)
[2025-12-22T21:55:02.185+0000][3568.682s][info][gc,heap     ] GC(422) Old regions: 53->53
[2025-12-22T21:55:02.185+0000][3568.682s][info][gc,heap     ] GC(422) Archive regions: 2->2
[2025-12-22T21:55:02.186+0000][3568.682s][info][gc,heap     ] GC(422) Humongous regions: 37->37
[2025-12-22T21:55:02.186+0000][3568.682s][info][gc,metaspace] GC(422) Metaspace: 87578K(88512K)->87578K(88512K) NonClass: 76257K(76736K)->76257K(76736K) Class: 11320K(11776K)->11320K(11776K)
[2025-12-22T21:55:02.186+0000][3568.682s][info][gc          ] GC(422) Pause Young (Normal) (G1 Evacuation Pause) 766M->91M(1128M) 6.238ms
[2025-12-22T21:55:02.186+0000][3568.682s][info][gc,cpu      ] GC(422) User=0.01s Sys=0.00s Real=0.01s
[2025-12-22T21:55:11.659+0000][3578.155s][info][gc,start    ] GC(423) Pause Young (Normal) (G1 Evacuation Pause)
[2025-12-22T21:55:11.660+0000][3578.156s][info][gc,task     ] GC(423) Using 3 workers of 3 for evacuation
[2025-12-22T21:55:11.662+0000][3578.159s][info][gc,phases   ] GC(423)   Pre Evacuate Collection Set: 0.2ms
[2025-12-22T21:55:11.663+0000][3578.159s][info][gc,phases   ] GC(423)   Merge Heap Roots: 0.1ms
[2025-12-22T21:55:11.663+0000][3578.159s][info][gc,phases   ] GC(423)   Evacuate Collection Set: 1.6ms
[2025-12-22T21:55:11.663+0000][3578.159s][info][gc,phases   ] GC(423)   Post Evacuate Collection Set: 0.5ms
[2025-12-22T21:55:11.663+0000][3578.159s][info][gc,phases   ] GC(423)   Other: 1.2ms
[2025-12-22T21:55:11.663+0000][3578.159s][info][gc,heap     ] GC(423) Eden regions: 675->0(675)
[2025-12-22T21:55:11.663+0000][3578.159s][info][gc,heap     ] GC(423) Survivor regions: 1->1(85)
[2025-12-22T21:55:11.663+0000][3578.159s][info][gc,heap     ] GC(423) Old regions: 53->53
[2025-12-22T21:55:11.663+0000][3578.160s][info][gc,heap     ] GC(423) Archive regions: 2->2
[2025-12-22T21:55:11.663+0000][3578.160s][info][gc,heap     ] GC(423) Humongous regions: 37->37
[2025-12-22T21:55:11.663+0000][3578.160s][info][gc,metaspace] GC(423) Metaspace: 87579K(88512K)->87579K(88512K) NonClass: 76259K(76736K)->76259K(76736K) Class: 11320K(11776K)->11320K(11776K)
[2025-12-22T21:55:11.664+0000][3578.160s][info][gc          ] GC(423) Pause Young (Normal) (G1 Evacuation Pause) 766M->91M(1128M) 4.648ms
[2025-12-22T21:55:11.664+0000][3578.160s][info][gc,cpu      ] GC(423) User=0.01s Sys=0.00s Real=0.00s
[2025-12-22T21:55:19.540+0000][3586.037s][info][gc,start    ] GC(424) Pause Young (Normal) (G1 Evacuation Pause)
[2025-12-22T21:55:19.541+0000][3586.038s][info][gc,task     ] GC(424) Using 3 workers of 3 for evacuation
[2025-12-22T21:55:19.544+0000][3586.041s][info][gc,phases   ] GC(424)   Pre Evacuate Collection Set: 0.2ms
[2025-12-22T21:55:19.544+0000][3586.041s][info][gc,phases   ] GC(424)   Merge Heap Roots: 0.1ms
[2025-12-22T21:55:19.545+0000][3586.041s][info][gc,phases   ] GC(424)   Evacuate Collection Set: 1.5ms
[2025-12-22T21:55:19.545+0000][3586.041s][info][gc,phases   ] GC(424)   Post Evacuate Collection Set: 0.6ms
[2025-12-22T21:55:19.545+0000][3586.041s][info][gc,phases   ] GC(424)   Other: 1.3ms
[2025-12-22T21:55:19.545+0000][3586.041s][info][gc,heap     ] GC(424) Eden regions: 675->0(675)
[2025-12-22T21:55:19.545+0000][3586.041s][info][gc,heap     ] GC(424) Survivor regions: 1->1(85)
[2025-12-22T21:55:19.545+0000][3586.041s][info][gc,heap     ] GC(424) Old regions: 53->53
[2025-12-22T21:55:19.545+0000][3586.041s][info][gc,heap     ] GC(424) Archive regions: 2->2
[2025-12-22T21:55:19.545+0000][3586.042s][info][gc,heap     ] GC(424) Humongous regions: 37->37
[2025-12-22T21:55:19.545+0000][3586.042s][info][gc,metaspace] GC(424) Metaspace: 87579K(88512K)->87579K(88512K) NonClass: 76259K(76736K)->76259K(76736K) Class: 11320K(11776K)->11320K(11776K)
[2025-12-22T21:55:19.546+0000][3586.042s][info][gc          ] GC(424) Pause Young (Normal) (G1 Evacuation Pause) 766M->91M(1128M) 5.047ms
[2025-12-22T21:55:19.546+0000][3586.042s][info][gc,cpu      ] GC(424) User=0.01s Sys=0.00s Real=0.01s
[2025-12-22T21:55:27.912+0000][3594.408s][info][gc,start    ] GC(425) Pause Young (Normal) (G1 Evacuation Pause)
[2025-12-22T21:55:27.912+0000][3594.408s][info][gc,task     ] GC(425) Using 3 workers of 3 for evacuation
[2025-12-22T21:55:27.914+0000][3594.410s][info][gc,phases   ] GC(425)   Pre Evacuate Collection Set: 0.1ms
[2025-12-22T21:55:27.914+0000][3594.410s][info][gc,phases   ] GC(425)   Merge Heap Roots: 0.1ms
[2025-12-22T21:55:27.914+0000][3594.410s][info][gc,phases   ] GC(425)   Evacuate Collection Set: 1.0ms
[2025-12-22T21:55:27.914+0000][3594.410s][info][gc,phases   ] GC(425)   Post Evacuate Collection Set: 0.4ms
[2025-12-22T21:55:27.914+0000][3594.411s][info][gc,phases   ] GC(425)   Other: 0.6ms
[2025-12-22T21:55:27.914+0000][3594.411s][info][gc,heap     ] GC(425) Eden regions: 675->0(675)
[2025-12-22T21:55:27.914+0000][3594.411s][info][gc,heap     ] GC(425) Survivor regions: 1->1(85)
[2025-12-22T21:55:27.914+0000][3594.411s][info][gc,heap     ] GC(425) Old regions: 53->53
[2025-12-22T21:55:27.915+0000][3594.411s][info][gc,heap     ] GC(425) Archive regions: 2->2
[2025-12-22T21:55:27.915+0000][3594.411s][info][gc,heap     ] GC(425) Humongous regions: 37->37
[2025-12-22T21:55:27.915+0000][3594.411s][info][gc,metaspace] GC(425) Metaspace: 87579K(88512K)->87579K(88512K) NonClass: 76259K(76736K)->76259K(76736K) Class: 11320K(11776K)->11320K(11776K)
[2025-12-22T21:55:27.915+0000][3594.411s][info][gc          ] GC(425) Pause Young (Normal) (G1 Evacuation Pause) 766M->91M(1128M) 2.949ms
[2025-12-22T21:55:27.915+0000][3594.411s][info][gc,cpu      ] GC(425) User=0.00s Sys=0.00s Real=0.01s
[2025-12-22T21:55:36.636+0000][3603.132s][info][gc,start    ] GC(426) Pause Young (Normal) (G1 Evacuation Pause)
[2025-12-22T21:55:36.637+0000][3603.133s][info][gc,task     ] GC(426) Using 3 workers of 3 for evacuation
[2025-12-22T21:55:36.643+0000][3603.139s][info][gc,phases   ] GC(426)   Pre Evacuate Collection Set: 1.4ms
[2025-12-22T21:55:36.643+0000][3603.139s][info][gc,phases   ] GC(426)   Merge Heap Roots: 0.2ms
[2025-12-22T21:55:36.643+0000][3603.139s][info][gc,phases   ] GC(426)   Evacuate Collection Set: 2.7ms
[2025-12-22T21:55:36.643+0000][3603.139s][info][gc,phases   ] GC(426)   Post Evacuate Collection Set: 0.9ms
[2025-12-22T21:55:36.643+0000][3603.139s][info][gc,phases   ] GC(426)   Other: 1.7ms
[2025-12-22T21:55:36.643+0000][3603.139s][info][gc,heap     ] GC(426) Eden regions: 675->0(675)
[2025-12-22T21:55:36.643+0000][3603.139s][info][gc,heap     ] GC(426) Survivor regions: 1->1(85)
[2025-12-22T21:55:36.643+0000][3603.140s][info][gc,heap     ] GC(426) Old regions: 53->53
[2025-12-22T21:55:36.643+0000][3603.140s][info][gc,heap     ] GC(426) Archive regions: 2->2
[2025-12-22T21:55:36.643+0000][3603.140s][info][gc,heap     ] GC(426) Humongous regions: 37->37
[2025-12-22T21:55:36.644+0000][3603.140s][info][gc,metaspace] GC(426) Metaspace: 87580K(88512K)->87580K(88512K) NonClass: 76259K(76736K)->76259K(76736K) Class: 11320K(11776K)->11320K(11776K)
[2025-12-22T21:55:36.644+0000][3603.140s][info][gc          ] GC(426) Pause Young (Normal) (G1 Evacuation Pause) 766M->91M(1128M) 7.430ms
[2025-12-22T21:55:36.644+0000][3603.140s][info][gc,cpu      ] GC(426) User=0.02s Sys=0.00s Real=0.00s
[2025-12-22T21:55:45.071+0000][3611.567s][info][gc,start    ] GC(427) Pause Young (Normal) (G1 Evacuation Pause)
[2025-12-22T21:55:45.072+0000][3611.568s][info][gc,task     ] GC(427) Using 3 workers of 3 for evacuation
[2025-12-22T21:55:45.079+0000][3611.576s][info][gc,phases   ] GC(427)   Pre Evacuate Collection Set: 0.4ms
[2025-12-22T21:55:45.080+0000][3611.576s][info][gc,phases   ] GC(427)   Merge Heap Roots: 0.1ms
[2025-12-22T21:55:45.080+0000][3611.576s][info][gc,phases   ] GC(427)   Evacuate Collection Set: 5.2ms
[2025-12-22T21:55:45.080+0000][3611.576s][info][gc,phases   ] GC(427)   Post Evacuate Collection Set: 1.5ms
[2025-12-22T21:55:45.080+0000][3611.576s][info][gc,phases   ] GC(427)   Other: 1.3ms
[2025-12-22T21:55:45.080+0000][3611.576s][info][gc,heap     ] GC(427) Eden regions: 675->0(675)
[2025-12-22T21:55:45.080+0000][3611.576s][info][gc,heap     ] GC(427) Survivor regions: 1->1(85)
[2025-12-22T21:55:45.080+0000][3611.576s][info][gc,heap     ] GC(427) Old regions: 53->53
[2025-12-22T21:55:45.080+0000][3611.576s][info][gc,heap     ] GC(427) Archive regions: 2->2
[2025-12-22T21:55:45.080+0000][3611.576s][info][gc,heap     ] GC(427) Humongous regions: 37->37
[2025-12-22T21:55:45.080+0000][3611.576s][info][gc,metaspace] GC(427) Metaspace: 87580K(88512K)->87580K(88512K) NonClass: 76259K(76736K)->76259K(76736K) Class: 11320K(11776K)->11320K(11776K)
[2025-12-22T21:55:45.080+0000][3611.577s][info][gc          ] GC(427) Pause Young (Normal) (G1 Evacuation Pause) 766M->91M(1128M) 9.369ms
[2025-12-22T21:55:45.080+0000][3611.577s][info][gc,cpu      ] GC(427) User=0.02s Sys=0.00s Real=0.01s
[2025-12-22T21:55:54.690+0000][3621.186s][info][gc,start    ] GC(428) Pause Young (Normal) (G1 Evacuation Pause)
[2025-12-22T21:55:54.691+0000][3621.187s][info][gc,task     ] GC(428) Using 3 workers of 3 for evacuation
[2025-12-22T21:55:54.693+0000][3621.189s][info][gc,phases   ] GC(428)   Pre Evacuate Collection Set: 0.2ms
[2025-12-22T21:55:54.693+0000][3621.189s][info][gc,phases   ] GC(428)   Merge Heap Roots: 0.1ms
[2025-12-22T21:55:54.693+0000][3621.189s][info][gc,phases   ] GC(428)   Evacuate Collection Set: 1.6ms
[2025-12-22T21:55:54.693+0000][3621.190s][info][gc,phases   ] GC(428)   Post Evacuate Collection Set: 0.4ms
[2025-12-22T21:55:54.693+0000][3621.190s][info][gc,phases   ] GC(428)   Other: 0.7ms
[2025-12-22T21:55:54.693+0000][3621.190s][info][gc,heap     ] GC(428) Eden regions: 675->0(675)
[2025-12-22T21:55:54.694+0000][3621.190s][info][gc,heap     ] GC(428) Survivor regions: 1->1(85)
[2025-12-22T21:55:54.694+0000][3621.190s][info][gc,heap     ] GC(428) Old regions: 53->53
[2025-12-22T21:55:54.694+0000][3621.190s][info][gc,heap     ] GC(428) Archive regions: 2->2
[2025-12-22T21:55:54.694+0000][3621.190s][info][gc,heap     ] GC(428) Humongous regions: 37->37
[2025-12-22T21:55:54.694+0000][3621.190s][info][gc,metaspace] GC(428) Metaspace: 87580K(88512K)->87580K(88512K) NonClass: 76259K(76736K)->76259K(76736K) Class: 11320K(11776K)->11320K(11776K)
[2025-12-22T21:55:54.694+0000][3621.190s][info][gc          ] GC(428) Pause Young (Normal) (G1 Evacuation Pause) 766M->91M(1128M) 3.890ms
[2025-12-22T21:55:54.694+0000][3621.190s][info][gc,cpu      ] GC(428) User=0.00s Sys=0.00s Real=0.00s
[2025-12-22T21:56:02.452+0000][3628.948s][info][gc,start    ] GC(429) Pause Young (Normal) (G1 Evacuation Pause)
[2025-12-22T21:56:02.453+0000][3628.949s][info][gc,task     ] GC(429) Using 3 workers of 3 for evacuation
[2025-12-22T21:56:02.455+0000][3628.952s][info][gc,phases   ] GC(429)   Pre Evacuate Collection Set: 0.2ms
[2025-12-22T21:56:02.455+0000][3628.952s][info][gc,phases   ] GC(429)   Merge Heap Roots: 0.1ms
[2025-12-22T21:56:02.456+0000][3628.952s][info][gc,phases   ] GC(429)   Evacuate Collection Set: 1.3ms
[2025-12-22T21:56:02.456+0000][3628.952s][info][gc,phases   ] GC(429)   Post Evacuate Collection Set: 0.4ms
[2025-12-22T21:56:02.456+0000][3628.952s][info][gc,phases   ] GC(429)   Other: 1.5ms
[2025-12-22T21:56:02.456+0000][3628.952s][info][gc,heap     ] GC(429) Eden regions: 675->0(675)
[2025-12-22T21:56:02.456+0000][3628.952s][info][gc,heap     ] GC(429) Survivor regions: 1->1(85)
[2025-12-22T21:56:02.456+0000][3628.952s][info][gc,heap     ] GC(429) Old regions: 53->53
[2025-12-22T21:56:02.456+0000][3628.952s][info][gc,heap     ] GC(429) Archive regions: 2->2
[2025-12-22T21:56:02.456+0000][3628.952s][info][gc,heap     ] GC(429) Humongous regions: 37->37
[2025-12-22T21:56:02.456+0000][3628.953s][info][gc,metaspace] GC(429) Metaspace: 87580K(88512K)->87580K(88512K) NonClass: 76259K(76736K)->76259K(76736K) Class: 11320K(11776K)->11320K(11776K)
[2025-12-22T21:56:02.456+0000][3628.953s][info][gc          ] GC(429) Pause Young (Normal) (G1 Evacuation Pause) 766M->91M(1128M) 4.537ms
[2025-12-22T21:56:02.457+0000][3628.953s][info][gc,cpu      ] GC(429) User=0.01s Sys=0.00s Real=0.01s
[2025-12-22T21:56:11.924+0000][3638.421s][info][gc,start    ] GC(430) Pause Young (Normal) (G1 Evacuation Pause)
[2025-12-22T21:56:11.925+0000][3638.421s][info][gc,task     ] GC(430) Using 3 workers of 3 for evacuation
[2025-12-22T21:56:11.928+0000][3638.424s][info][gc,phases   ] GC(430)   Pre Evacuate Collection Set: 0.1ms
[2025-12-22T21:56:11.928+0000][3638.424s][info][gc,phases   ] GC(430)   Merge Heap Roots: 0.1ms
[2025-12-22T21:56:11.928+0000][3638.425s][info][gc,phases   ] GC(430)   Evacuate Collection Set: 2.3ms
[2025-12-22T21:56:11.928+0000][3638.425s][info][gc,phases   ] GC(430)   Post Evacuate Collection Set: 0.6ms
[2025-12-22T21:56:11.928+0000][3638.425s][info][gc,phases   ] GC(430)   Other: 0.7ms
[2025-12-22T21:56:11.928+0000][3638.425s][info][gc,heap     ] GC(430) Eden regions: 675->0(675)
[2025-12-22T21:56:11.929+0000][3638.425s][info][gc,heap     ] GC(430) Survivor regions: 1->1(85)
[2025-12-22T21:56:11.929+0000][3638.425s][info][gc,heap     ] GC(430) Old regions: 53->53
[2025-12-22T21:56:11.929+0000][3638.425s][info][gc,heap     ] GC(430) Archive regions: 2->2
[2025-12-22T21:56:11.929+0000][3638.425s][info][gc,heap     ] GC(430) Humongous regions: 37->37
[2025-12-22T21:56:11.929+0000][3638.425s][info][gc,metaspace] GC(430) Metaspace: 87580K(88512K)->87580K(88512K) NonClass: 76259K(76736K)->76259K(76736K) Class: 11320K(11776K)->11320K(11776K)
[2025-12-22T21:56:11.929+0000][3638.425s][info][gc          ] GC(430) Pause Young (Normal) (G1 Evacuation Pause) 766M->91M(1128M) 4.623ms
[2025-12-22T21:56:11.929+0000][3638.425s][info][gc,cpu      ] GC(430) User=0.00s Sys=0.00s Real=0.01s
[2025-12-22T21:56:19.805+0000][3646.302s][info][gc,start    ] GC(431) Pause Young (Normal) (G1 Evacuation Pause)
[2025-12-22T21:56:19.806+0000][3646.303s][info][gc,task     ] GC(431) Using 3 workers of 3 for evacuation
[2025-12-22T21:56:19.810+0000][3646.306s][info][gc,phases   ] GC(431)   Pre Evacuate Collection Set: 0.3ms
[2025-12-22T21:56:19.810+0000][3646.306s][info][gc,phases   ] GC(431)   Merge Heap Roots: 0.1ms
[2025-12-22T21:56:19.810+0000][3646.306s][info][gc,phases   ] GC(431)   Evacuate Collection Set: 2.0ms
[2025-12-22T21:56:19.810+0000][3646.306s][info][gc,phases   ] GC(431)   Post Evacuate Collection Set: 0.8ms
[2025-12-22T21:56:19.810+0000][3646.307s][info][gc,phases   ] GC(431)   Other: 1.5ms
[2025-12-22T21:56:19.810+0000][3646.307s][info][gc,heap     ] GC(431) Eden regions: 675->0(675)
[2025-12-22T21:56:19.810+0000][3646.307s][info][gc,heap     ] GC(431) Survivor regions: 1->1(85)
[2025-12-22T21:56:19.811+0000][3646.307s][info][gc,heap     ] GC(431) Old regions: 53->53
[2025-12-22T21:56:19.811+0000][3646.307s][info][gc,heap     ] GC(431) Archive regions: 2->2
[2025-12-22T21:56:19.811+0000][3646.307s][info][gc,heap     ] GC(431) Humongous regions: 37->37
[2025-12-22T21:56:19.811+0000][3646.307s][info][gc,metaspace] GC(431) Metaspace: 87580K(88512K)->87580K(88512K) NonClass: 76259K(76736K)->76259K(76736K) Class: 11320K(11776K)->11320K(11776K)
[2025-12-22T21:56:19.811+0000][3646.307s][info][gc          ] GC(431) Pause Young (Normal) (G1 Evacuation Pause) 766M->91M(1128M) 5.638ms
[2025-12-22T21:56:19.811+0000][3646.307s][info][gc,cpu      ] GC(431) User=0.01s Sys=0.00s Real=0.00s
[2025-12-22T21:56:27.921+0000][3654.418s][info][gc,start    ] GC(432) Pause Young (Normal) (G1 Evacuation Pause)
[2025-12-22T21:56:27.922+0000][3654.418s][info][gc,task     ] GC(432) Using 3 workers of 3 for evacuation
[2025-12-22T21:56:27.923+0000][3654.420s][info][gc,phases   ] GC(432)   Pre Evacuate Collection Set: 0.1ms
[2025-12-22T21:56:27.923+0000][3654.420s][info][gc,phases   ] GC(432)   Merge Heap Roots: 0.1ms
[2025-12-22T21:56:27.924+0000][3654.420s][info][gc,phases   ] GC(432)   Evacuate Collection Set: 0.9ms
[2025-12-22T21:56:27.924+0000][3654.420s][info][gc,phases   ] GC(432)   Post Evacuate Collection Set: 0.4ms
[2025-12-22T21:56:27.924+0000][3654.420s][info][gc,phases   ] GC(432)   Other: 0.5ms
[2025-12-22T21:56:27.924+0000][3654.420s][info][gc,heap     ] GC(432) Eden regions: 675->0(675)
[2025-12-22T21:56:27.924+0000][3654.420s][info][gc,heap     ] GC(432) Survivor regions: 1->1(85)
[2025-12-22T21:56:27.924+0000][3654.420s][info][gc,heap     ] GC(432) Old regions: 53->53
[2025-12-22T21:56:27.924+0000][3654.420s][info][gc,heap     ] GC(432) Archive regions: 2->2
[2025-12-22T21:56:27.924+0000][3654.421s][info][gc,heap     ] GC(432) Humongous regions: 37->37
[2025-12-22T21:56:27.924+0000][3654.421s][info][gc,metaspace] GC(432) Metaspace: 87580K(88512K)->87580K(88512K) NonClass: 76259K(76736K)->76259K(76736K) Class: 11320K(11776K)->11320K(11776K)
[2025-12-22T21:56:27.925+0000][3654.421s][info][gc          ] GC(432) Pause Young (Normal) (G1 Evacuation Pause) 766M->91M(1128M) 3.154ms
[2025-12-22T21:56:27.925+0000][3654.421s][info][gc,cpu      ] GC(432) User=0.00s Sys=0.00s Real=0.00s
[2025-12-22T21:56:36.959+0000][3663.455s][info][gc,start    ] GC(433) Pause Young (Normal) (G1 Evacuation Pause)
[2025-12-22T21:56:36.960+0000][3663.456s][info][gc,task     ] GC(433) Using 3 workers of 3 for evacuation
[2025-12-22T21:56:36.962+0000][3663.458s][info][gc,phases   ] GC(433)   Pre Evacuate Collection Set: 0.1ms
[2025-12-22T21:56:36.962+0000][3663.458s][info][gc,phases   ] GC(433)   Merge Heap Roots: 0.1ms
[2025-12-22T21:56:36.962+0000][3663.458s][info][gc,phases   ] GC(433)   Evacuate Collection Set: 1.2ms
[2025-12-22T21:56:36.962+0000][3663.458s][info][gc,phases   ] GC(433)   Post Evacuate Collection Set: 0.4ms
[2025-12-22T21:56:36.962+0000][3663.458s][info][gc,phases   ] GC(433)   Other: 1.3ms
[2025-12-22T21:56:36.962+0000][3663.458s][info][gc,heap     ] GC(433) Eden regions: 675->0(675)
[2025-12-22T21:56:36.962+0000][3663.459s][info][gc,heap     ] GC(433) Survivor regions: 1->1(85)
[2025-12-22T21:56:36.962+0000][3663.459s][info][gc,heap     ] GC(433) Old regions: 53->53
[2025-12-22T21:56:36.962+0000][3663.459s][info][gc,heap     ] GC(433) Archive regions: 2->2
[2025-12-22T21:56:36.962+0000][3663.459s][info][gc,heap     ] GC(433) Humongous regions: 37->37
[2025-12-22T21:56:36.963+0000][3663.459s][info][gc,metaspace] GC(433) Metaspace: 87583K(88512K)->87583K(88512K) NonClass: 76262K(76736K)->76262K(76736K) Class: 11320K(11776K)->11320K(11776K)
[2025-12-22T21:56:36.963+0000][3663.459s][info][gc          ] GC(433) Pause Young (Normal) (G1 Evacuation Pause) 766M->91M(1128M) 3.868ms
[2025-12-22T21:56:36.963+0000][3663.459s][info][gc,cpu      ] GC(433) User=0.00s Sys=0.00s Real=0.00s
[2025-12-22T21:56:44.780+0000][3671.277s][info][gc,start    ] GC(434) Pause Young (Normal) (G1 Evacuation Pause)
[2025-12-22T21:56:44.781+0000][3671.277s][info][gc,task     ] GC(434) Using 3 workers of 3 for evacuation
[2025-12-22T21:56:44.784+0000][3671.280s][info][gc,phases   ] GC(434)   Pre Evacuate Collection Set: 0.2ms
[2025-12-22T21:56:44.784+0000][3671.280s][info][gc,phases   ] GC(434)   Merge Heap Roots: 0.2ms
[2025-12-22T21:56:44.784+0000][3671.281s][info][gc,phases   ] GC(434)   Evacuate Collection Set: 1.6ms
[2025-12-22T21:56:44.785+0000][3671.281s][info][gc,phases   ] GC(434)   Post Evacuate Collection Set: 0.6ms
[2025-12-22T21:56:44.785+0000][3671.281s][info][gc,phases   ] GC(434)   Other: 1.2ms
[2025-12-22T21:56:44.785+0000][3671.281s][info][gc,heap     ] GC(434) Eden regions: 675->0(675)
[2025-12-22T21:56:44.785+0000][3671.281s][info][gc,heap     ] GC(434) Survivor regions: 1->1(85)
[2025-12-22T21:56:44.785+0000][3671.281s][info][gc,heap     ] GC(434) Old regions: 53->53
[2025-12-22T21:56:44.785+0000][3671.282s][info][gc,heap     ] GC(434) Archive regions: 2->2
[2025-12-22T21:56:44.785+0000][3671.282s][info][gc,heap     ] GC(434) Humongous regions: 37->37
[2025-12-22T21:56:44.786+0000][3671.282s][info][gc,metaspace] GC(434) Metaspace: 87583K(88512K)->87583K(88512K) NonClass: 76262K(76736K)->76262K(76736K) Class: 11320K(11776K)->11320K(11776K)
[2025-12-22T21:56:44.786+0000][3671.282s][info][gc          ] GC(434) Pause Young (Normal) (G1 Evacuation Pause) 766M->91M(1128M) 5.429ms
[2025-12-22T21:56:44.786+0000][3671.282s][info][gc,cpu      ] GC(434) User=0.01s Sys=0.00s Real=0.01s
[2025-12-22T21:56:54.036+0000][3680.532s][info][gc,start    ] GC(435) Pause Young (Normal) (G1 Evacuation Pause)
[2025-12-22T21:56:54.036+0000][3680.533s][info][gc,task     ] GC(435) Using 3 workers of 3 for evacuation
[2025-12-22T21:56:54.038+0000][3680.535s][info][gc,phases   ] GC(435)   Pre Evacuate Collection Set: 0.2ms
[2025-12-22T21:56:54.039+0000][3680.535s][info][gc,phases   ] GC(435)   Merge Heap Roots: 0.1ms
[2025-12-22T21:56:54.039+0000][3680.535s][info][gc,phases   ] GC(435)   Evacuate Collection Set: 1.1ms
[2025-12-22T21:56:54.039+0000][3680.535s][info][gc,phases   ] GC(435)   Post Evacuate Collection Set: 0.4ms
[2025-12-22T21:56:54.039+0000][3680.535s][info][gc,phases   ] GC(435)   Other: 0.7ms
[2025-12-22T21:56:54.039+0000][3680.535s][info][gc,heap     ] GC(435) Eden regions: 675->0(675)
[2025-12-22T21:56:54.039+0000][3680.535s][info][gc,heap     ] GC(435) Survivor regions: 1->1(85)
[2025-12-22T21:56:54.039+0000][3680.535s][info][gc,heap     ] GC(435) Old regions: 53->53
[2025-12-22T21:56:54.039+0000][3680.535s][info][gc,heap     ] GC(435) Archive regions: 2->2
[2025-12-22T21:56:54.039+0000][3680.535s][info][gc,heap     ] GC(435) Humongous regions: 37->37
[2025-12-22T21:56:54.039+0000][3680.535s][info][gc,metaspace] GC(435) Metaspace: 87587K(88512K)->87587K(88512K) NonClass: 76267K(76736K)->76267K(76736K) Class: 11320K(11776K)->11320K(11776K)
[2025-12-22T21:56:54.039+0000][3680.535s][info][gc          ] GC(435) Pause Young (Normal) (G1 Evacuation Pause) 766M->91M(1128M) 3.194ms
[2025-12-22T21:56:54.039+0000][3680.535s][info][gc,cpu      ] GC(435) User=0.00s Sys=0.01s Real=0.00s
[2025-12-22T21:57:02.207+0000][3688.703s][info][gc,start    ] GC(436) Pause Young (Normal) (G1 Evacuation Pause)
[2025-12-22T21:57:02.208+0000][3688.704s][info][gc,task     ] GC(436) Using 3 workers of 3 for evacuation
[2025-12-22T21:57:02.215+0000][3688.711s][info][gc,phases   ] GC(436)   Pre Evacuate Collection Set: 0.5ms
[2025-12-22T21:57:02.215+0000][3688.711s][info][gc,phases   ] GC(436)   Merge Heap Roots: 0.2ms
[2025-12-22T21:57:02.215+0000][3688.711s][info][gc,phases   ] GC(436)   Evacuate Collection Set: 4.0ms
[2025-12-22T21:57:02.215+0000][3688.712s][info][gc,phases   ] GC(436)   Post Evacuate Collection Set: 2.4ms
[2025-12-22T21:57:02.215+0000][3688.712s][info][gc,phases   ] GC(436)   Other: 1.1ms
[2025-12-22T21:57:02.216+0000][3688.712s][info][gc,heap     ] GC(436) Eden regions: 675->0(675)
[2025-12-22T21:57:02.216+0000][3688.712s][info][gc,heap     ] GC(436) Survivor regions: 1->1(85)
[2025-12-22T21:57:02.216+0000][3688.712s][info][gc,heap     ] GC(436) Old regions: 53->53
[2025-12-22T21:57:02.216+0000][3688.712s][info][gc,heap     ] GC(436) Archive regions: 2->2
[2025-12-22T21:57:02.216+0000][3688.712s][info][gc,heap     ] GC(436) Humongous regions: 37->37
[2025-12-22T21:57:02.216+0000][3688.712s][info][gc,metaspace] GC(436) Metaspace: 87587K(88512K)->87587K(88512K) NonClass: 76267K(76736K)->76267K(76736K) Class: 11320K(11776K)->11320K(11776K)
[2025-12-22T21:57:02.216+0000][3688.712s][info][gc          ] GC(436) Pause Young (Normal) (G1 Evacuation Pause) 766M->91M(1128M) 9.216ms
[2025-12-22T21:57:02.216+0000][3688.712s][info][gc,cpu      ] GC(436) User=0.02s Sys=0.00s Real=0.01s
[2025-12-22T21:57:11.930+0000][3698.426s][info][gc,start    ] GC(437) Pause Young (Normal) (G1 Evacuation Pause)
[2025-12-22T21:57:11.931+0000][3698.427s][info][gc,task     ] GC(437) Using 3 workers of 3 for evacuation
[2025-12-22T21:57:11.933+0000][3698.429s][info][gc,phases   ] GC(437)   Pre Evacuate Collection Set: 0.2ms
[2025-12-22T21:57:11.933+0000][3698.429s][info][gc,phases   ] GC(437)   Merge Heap Roots: 0.1ms
[2025-12-22T21:57:11.933+0000][3698.429s][info][gc,phases   ] GC(437)   Evacuate Collection Set: 1.6ms
[2025-12-22T21:57:11.933+0000][3698.429s][info][gc,phases   ] GC(437)   Post Evacuate Collection Set: 0.4ms
[2025-12-22T21:57:11.933+0000][3698.429s][info][gc,phases   ] GC(437)   Other: 0.6ms
[2025-12-22T21:57:11.933+0000][3698.430s][info][gc,heap     ] GC(437) Eden regions: 675->0(675)
[2025-12-22T21:57:11.933+0000][3698.430s][info][gc,heap     ] GC(437) Survivor regions: 1->1(85)
[2025-12-22T21:57:11.933+0000][3698.430s][info][gc,heap     ] GC(437) Old regions: 53->53
[2025-12-22T21:57:11.933+0000][3698.430s][info][gc,heap     ] GC(437) Archive regions: 2->2
[2025-12-22T21:57:11.933+0000][3698.430s][info][gc,heap     ] GC(437) Humongous regions: 37->37
[2025-12-22T21:57:11.934+0000][3698.430s][info][gc,metaspace] GC(437) Metaspace: 87587K(88512K)->87587K(88512K) NonClass: 76267K(76736K)->76267K(76736K) Class: 11320K(11776K)->11320K(11776K)
[2025-12-22T21:57:11.934+0000][3698.430s][info][gc          ] GC(437) Pause Young (Normal) (G1 Evacuation Pause) 766M->91M(1128M) 3.290ms
[2025-12-22T21:57:11.934+0000][3698.430s][info][gc,cpu      ] GC(437) User=0.01s Sys=0.00s Real=0.00s
[2025-12-22T21:57:19.964+0000][3706.460s][info][gc,start    ] GC(438) Pause Young (Normal) (G1 Evacuation Pause)
[2025-12-22T21:57:19.966+0000][3706.462s][info][gc,task     ] GC(438) Using 3 workers of 3 for evacuation
[2025-12-22T21:57:19.970+0000][3706.467s][info][gc,phases   ] GC(438)   Pre Evacuate Collection Set: 0.3ms
[2025-12-22T21:57:19.971+0000][3706.467s][info][gc,phases   ] GC(438)   Merge Heap Roots: 0.1ms
[2025-12-22T21:57:19.971+0000][3706.467s][info][gc,phases   ] GC(438)   Evacuate Collection Set: 2.6ms
[2025-12-22T21:57:19.971+0000][3706.467s][info][gc,phases   ] GC(438)   Post Evacuate Collection Set: 1.1ms
[2025-12-22T21:57:19.971+0000][3706.467s][info][gc,phases   ] GC(438)   Other: 2.6ms
[2025-12-22T21:57:19.971+0000][3706.467s][info][gc,heap     ] GC(438) Eden regions: 675->0(675)
[2025-12-22T21:57:19.971+0000][3706.467s][info][gc,heap     ] GC(438) Survivor regions: 1->1(85)
[2025-12-22T21:57:19.971+0000][3706.467s][info][gc,heap     ] GC(438) Old regions: 53->53
[2025-12-22T21:57:19.971+0000][3706.467s][info][gc,heap     ] GC(438) Archive regions: 2->2
[2025-12-22T21:57:19.971+0000][3706.467s][info][gc,heap     ] GC(438) Humongous regions: 37->37
[2025-12-22T21:57:19.971+0000][3706.468s][info][gc,metaspace] GC(438) Metaspace: 87587K(88512K)->87587K(88512K) NonClass: 76267K(76736K)->76267K(76736K) Class: 11320K(11776K)->11320K(11776K)
[2025-12-22T21:57:19.971+0000][3706.468s][info][gc          ] GC(438) Pause Young (Normal) (G1 Evacuation Pause) 766M->91M(1128M) 7.625ms
[2025-12-22T21:57:19.972+0000][3706.468s][info][gc,cpu      ] GC(438) User=0.01s Sys=0.00s Real=0.01s
[2025-12-22T21:57:27.919+0000][3714.415s][info][gc,start    ] GC(439) Pause Young (Normal) (G1 Evacuation Pause)
[2025-12-22T21:57:27.919+0000][3714.416s][info][gc,task     ] GC(439) Using 3 workers of 3 for evacuation
[2025-12-22T21:57:27.921+0000][3714.417s][info][gc,phases   ] GC(439)   Pre Evacuate Collection Set: 0.1ms
[2025-12-22T21:57:27.921+0000][3714.417s][info][gc,phases   ] GC(439)   Merge Heap Roots: 0.1ms
[2025-12-22T21:57:27.921+0000][3714.417s][info][gc,phases   ] GC(439)   Evacuate Collection Set: 0.9ms
[2025-12-22T21:57:27.921+0000][3714.417s][info][gc,phases   ] GC(439)   Post Evacuate Collection Set: 0.4ms
[2025-12-22T21:57:27.921+0000][3714.418s][info][gc,phases   ] GC(439)   Other: 0.7ms
[2025-12-22T21:57:27.921+0000][3714.418s][info][gc,heap     ] GC(439) Eden regions: 675->0(675)
[2025-12-22T21:57:27.921+0000][3714.418s][info][gc,heap     ] GC(439) Survivor regions: 1->1(85)
[2025-12-22T21:57:27.921+0000][3714.418s][info][gc,heap     ] GC(439) Old regions: 53->53
[2025-12-22T21:57:27.922+0000][3714.418s][info][gc,heap     ] GC(439) Archive regions: 2->2
[2025-12-22T21:57:27.922+0000][3714.418s][info][gc,heap     ] GC(439) Humongous regions: 37->37
[2025-12-22T21:57:27.922+0000][3714.418s][info][gc,metaspace] GC(439) Metaspace: 87587K(88512K)->87587K(88512K) NonClass: 76267K(76736K)->76267K(76736K) Class: 11320K(11776K)->11320K(11776K)
[2025-12-22T21:57:27.922+0000][3714.418s][info][gc          ] GC(439) Pause Young (Normal) (G1 Evacuation Pause) 766M->91M(1128M) 2.844ms
[2025-12-22T21:57:27.922+0000][3714.418s][info][gc,cpu      ] GC(439) User=0.00s Sys=0.01s Real=0.00s
[2025-12-22T21:57:37.043+0000][3723.539s][info][gc,start    ] GC(440) Pause Young (Normal) (G1 Evacuation Pause)
[2025-12-22T21:57:37.044+0000][3723.540s][info][gc,task     ] GC(440) Using 3 workers of 3 for evacuation
[2025-12-22T21:57:37.046+0000][3723.542s][info][gc,phases   ] GC(440)   Pre Evacuate Collection Set: 0.1ms
[2025-12-22T21:57:37.046+0000][3723.542s][info][gc,phases   ] GC(440)   Merge Heap Roots: 0.1ms
[2025-12-22T21:57:37.046+0000][3723.542s][info][gc,phases   ] GC(440)   Evacuate Collection Set: 1.3ms
[2025-12-22T21:57:37.046+0000][3723.543s][info][gc,phases   ] GC(440)   Post Evacuate Collection Set: 0.4ms
[2025-12-22T21:57:37.046+0000][3723.543s][info][gc,phases   ] GC(440)   Other: 1.2ms
[2025-12-22T21:57:37.046+0000][3723.543s][info][gc,heap     ] GC(440) Eden regions: 675->0(675)
[2025-12-22T21:57:37.047+0000][3723.543s][info][gc,heap     ] GC(440) Survivor regions: 1->1(85)
[2025-12-22T21:57:37.047+0000][3723.543s][info][gc,heap     ] GC(440) Old regions: 53->53
[2025-12-22T21:57:37.047+0000][3723.543s][info][gc,heap     ] GC(440) Archive regions: 2->2
[2025-12-22T21:57:37.047+0000][3723.543s][info][gc,heap     ] GC(440) Humongous regions: 37->37
[2025-12-22T21:57:37.047+0000][3723.543s][info][gc,metaspace] GC(440) Metaspace: 87590K(88512K)->87590K(88512K) NonClass: 76270K(76736K)->76270K(76736K) Class: 11320K(11776K)->11320K(11776K)
[2025-12-22T21:57:37.047+0000][3723.543s][info][gc          ] GC(440) Pause Young (Normal) (G1 Evacuation Pause) 766M->91M(1128M) 4.059ms
[2025-12-22T21:57:37.047+0000][3723.543s][info][gc,cpu      ] GC(440) User=0.01s Sys=0.00s Real=0.01s
[2025-12-22T21:57:45.046+0000][3731.542s][info][gc,start    ] GC(441) Pause Young (Normal) (G1 Evacuation Pause)
[2025-12-22T21:57:45.047+0000][3731.543s][info][gc,task     ] GC(441) Using 3 workers of 3 for evacuation
[2025-12-22T21:57:45.049+0000][3731.545s][info][gc,phases   ] GC(441)   Pre Evacuate Collection Set: 0.1ms
[2025-12-22T21:57:45.049+0000][3731.545s][info][gc,phases   ] GC(441)   Merge Heap Roots: 0.1ms
[2025-12-22T21:57:45.049+0000][3731.545s][info][gc,phases   ] GC(441)   Evacuate Collection Set: 1.1ms
[2025-12-22T21:57:45.049+0000][3731.545s][info][gc,phases   ] GC(441)   Post Evacuate Collection Set: 0.5ms
[2025-12-22T21:57:45.049+0000][3731.545s][info][gc,phases   ] GC(441)   Other: 0.7ms
[2025-12-22T21:57:45.049+0000][3731.545s][info][gc,heap     ] GC(441) Eden regions: 675->0(675)
[2025-12-22T21:57:45.049+0000][3731.545s][info][gc,heap     ] GC(441) Survivor regions: 1->1(85)
[2025-12-22T21:57:45.049+0000][3731.545s][info][gc,heap     ] GC(441) Old regions: 53->53
[2025-12-22T21:57:45.049+0000][3731.545s][info][gc,heap     ] GC(441) Archive regions: 2->2
[2025-12-22T21:57:45.049+0000][3731.545s][info][gc,heap     ] GC(441) Humongous regions: 37->37
[2025-12-22T21:57:45.049+0000][3731.546s][info][gc,metaspace] GC(441) Metaspace: 87590K(88512K)->87590K(88512K) NonClass: 76270K(76736K)->76270K(76736K) Class: 11320K(11776K)->11320K(11776K)
[2025-12-22T21:57:45.049+0000][3731.546s][info][gc          ] GC(441) Pause Young (Normal) (G1 Evacuation Pause) 766M->91M(1128M) 3.252ms
[2025-12-22T21:57:45.049+0000][3731.546s][info][gc,cpu      ] GC(441) User=0.00s Sys=0.00s Real=0.00s
[2025-12-22T21:57:55.000+0000][3741.496s][info][gc,start    ] GC(442) Pause Young (Normal) (G1 Evacuation Pause)
[2025-12-22T21:57:55.001+0000][3741.497s][info][gc,task     ] GC(442) Using 3 workers of 3 for evacuation
[2025-12-22T21:57:55.024+0000][3741.520s][info][gc,phases   ] GC(442)   Pre Evacuate Collection Set: 2.5ms
[2025-12-22T21:57:55.024+0000][3741.520s][info][gc,phases   ] GC(442)   Merge Heap Roots: 0.3ms
[2025-12-22T21:57:55.024+0000][3741.520s][info][gc,phases   ] GC(442)   Evacuate Collection Set: 12.2ms
[2025-12-22T21:57:55.024+0000][3741.521s][info][gc,phases   ] GC(442)   Post Evacuate Collection Set: 7.0ms
[2025-12-22T21:57:55.024+0000][3741.521s][info][gc,phases   ] GC(442)   Other: 3.0ms
[2025-12-22T21:57:55.025+0000][3741.521s][info][gc,heap     ] GC(442) Eden regions: 675->0(675)
[2025-12-22T21:57:55.025+0000][3741.521s][info][gc,heap     ] GC(442) Survivor regions: 1->1(85)
[2025-12-22T21:57:55.025+0000][3741.521s][info][gc,heap     ] GC(442) Old regions: 53->53
[2025-12-22T21:57:55.025+0000][3741.521s][info][gc,heap     ] GC(442) Archive regions: 2->2
[2025-12-22T21:57:55.025+0000][3741.521s][info][gc,heap     ] GC(442) Humongous regions: 37->37
[2025-12-22T21:57:55.025+0000][3741.522s][info][gc,metaspace] GC(442) Metaspace: 87590K(88512K)->87590K(88512K) NonClass: 76270K(76736K)->76270K(76736K) Class: 11320K(11776K)->11320K(11776K)
[2025-12-22T21:57:55.026+0000][3741.522s][info][gc          ] GC(442) Pause Young (Normal) (G1 Evacuation Pause) 766M->91M(1128M) 26.235ms
[2025-12-22T21:57:55.026+0000][3741.522s][info][gc,cpu      ] GC(442) User=0.06s Sys=0.00s Real=0.03s
[2025-12-22T21:58:03.462+0000][3749.959s][info][gc,start    ] GC(443) Pause Young (Normal) (G1 Evacuation Pause)
[2025-12-22T21:58:03.464+0000][3749.960s][info][gc,task     ] GC(443) Using 3 workers of 3 for evacuation
[2025-12-22T21:58:03.480+0000][3749.976s][info][gc,phases   ] GC(443)   Pre Evacuate Collection Set: 1.7ms
[2025-12-22T21:58:03.480+0000][3749.976s][info][gc,phases   ] GC(443)   Merge Heap Roots: 0.3ms
[2025-12-22T21:58:03.480+0000][3749.977s][info][gc,phases   ] GC(443)   Evacuate Collection Set: 10.6ms
[2025-12-22T21:58:03.480+0000][3749.977s][info][gc,phases   ] GC(443)   Post Evacuate Collection Set: 2.5ms
[2025-12-22T21:58:03.481+0000][3749.977s][info][gc,phases   ] GC(443)   Other: 3.0ms
[2025-12-22T21:58:03.481+0000][3749.977s][info][gc,heap     ] GC(443) Eden regions: 675->0(675)
[2025-12-22T21:58:03.481+0000][3749.977s][info][gc,heap     ] GC(443) Survivor regions: 1->1(85)
[2025-12-22T21:58:03.481+0000][3749.977s][info][gc,heap     ] GC(443) Old regions: 53->53
[2025-12-22T21:58:03.481+0000][3749.977s][info][gc,heap     ] GC(443) Archive regions: 2->2
[2025-12-22T21:58:03.481+0000][3749.977s][info][gc,heap     ] GC(443) Humongous regions: 37->37
[2025-12-22T21:58:03.481+0000][3749.977s][info][gc,metaspace] GC(443) Metaspace: 87593K(88512K)->87593K(88512K) NonClass: 76273K(76736K)->76273K(76736K) Class: 11320K(11776K)->11320K(11776K)
[2025-12-22T21:58:03.481+0000][3749.978s][info][gc          ] GC(443) Pause Young (Normal) (G1 Evacuation Pause) 766M->91M(1128M) 19.017ms
[2025-12-22T21:58:03.482+0000][3749.978s][info][gc,cpu      ] GC(443) User=0.03s Sys=0.00s Real=0.02s
[2025-12-22T21:58:12.908+0000][3759.404s][info][gc,start    ] GC(444) Pause Young (Normal) (G1 Evacuation Pause)
[2025-12-22T21:58:12.909+0000][3759.405s][info][gc,task     ] GC(444) Using 3 workers of 3 for evacuation
[2025-12-22T21:58:12.912+0000][3759.408s][info][gc,phases   ] GC(444)   Pre Evacuate Collection Set: 0.2ms
[2025-12-22T21:58:12.912+0000][3759.408s][info][gc,phases   ] GC(444)   Merge Heap Roots: 0.1ms
[2025-12-22T21:58:12.912+0000][3759.408s][info][gc,phases   ] GC(444)   Evacuate Collection Set: 2.1ms
[2025-12-22T21:58:12.912+0000][3759.408s][info][gc,phases   ] GC(444)   Post Evacuate Collection Set: 0.5ms
[2025-12-22T21:58:12.912+0000][3759.409s][info][gc,phases   ] GC(444)   Other: 1.3ms
[2025-12-22T21:58:12.912+0000][3759.409s][info][gc,heap     ] GC(444) Eden regions: 675->0(675)
[2025-12-22T21:58:12.913+0000][3759.409s][info][gc,heap     ] GC(444) Survivor regions: 1->1(85)
[2025-12-22T21:58:12.913+0000][3759.409s][info][gc,heap     ] GC(444) Old regions: 53->53
[2025-12-22T21:58:12.913+0000][3759.409s][info][gc,heap     ] GC(444) Archive regions: 2->2
[2025-12-22T21:58:12.913+0000][3759.409s][info][gc,heap     ] GC(444) Humongous regions: 37->37
[2025-12-22T21:58:12.913+0000][3759.409s][info][gc,metaspace] GC(444) Metaspace: 87593K(88512K)->87593K(88512K) NonClass: 76273K(76736K)->76273K(76736K) Class: 11320K(11776K)->11320K(11776K)
[2025-12-22T21:58:12.913+0000][3759.409s][info][gc          ] GC(444) Pause Young (Normal) (G1 Evacuation Pause) 766M->91M(1128M) 5.521ms
[2025-12-22T21:58:12.913+0000][3759.409s][info][gc,cpu      ] GC(444) User=0.00s Sys=0.00s Real=0.00s
[2025-12-22T21:58:21.244+0000][3767.740s][info][gc,start    ] GC(445) Pause Young (Normal) (G1 Evacuation Pause)
[2025-12-22T21:58:21.244+0000][3767.741s][info][gc,task     ] GC(445) Using 3 workers of 3 for evacuation
[2025-12-22T21:58:21.254+0000][3767.751s][info][gc,phases   ] GC(445)   Pre Evacuate Collection Set: 0.6ms
[2025-12-22T21:58:21.255+0000][3767.751s][info][gc,phases   ] GC(445)   Merge Heap Roots: 0.2ms
[2025-12-22T21:58:21.255+0000][3767.751s][info][gc,phases   ] GC(445)   Evacuate Collection Set: 5.3ms
[2025-12-22T21:58:21.255+0000][3767.751s][info][gc,phases   ] GC(445)   Post Evacuate Collection Set: 3.3ms
[2025-12-22T21:58:21.255+0000][3767.751s][info][gc,phases   ] GC(445)   Other: 1.4ms
[2025-12-22T21:58:21.255+0000][3767.751s][info][gc,heap     ] GC(445) Eden regions: 675->0(675)
[2025-12-22T21:58:21.255+0000][3767.751s][info][gc,heap     ] GC(445) Survivor regions: 1->1(85)
[2025-12-22T21:58:21.255+0000][3767.752s][info][gc,heap     ] GC(445) Old regions: 53->53
[2025-12-22T21:58:21.255+0000][3767.752s][info][gc,heap     ] GC(445) Archive regions: 2->2
[2025-12-22T21:58:21.256+0000][3767.752s][info][gc,heap     ] GC(445) Humongous regions: 37->37
[2025-12-22T21:58:21.256+0000][3767.752s][info][gc,metaspace] GC(445) Metaspace: 87594K(88512K)->87594K(88512K) NonClass: 76274K(76736K)->76274K(76736K) Class: 11320K(11776K)->11320K(11776K)
[2025-12-22T21:58:21.256+0000][3767.752s][info][gc          ] GC(445) Pause Young (Normal) (G1 Evacuation Pause) 766M->91M(1128M) 11.888ms
[2025-12-22T21:58:21.256+0000][3767.752s][info][gc,cpu      ] GC(445) User=0.03s Sys=0.00s Real=0.02s
[2025-12-22T21:58:29.307+0000][3775.803s][info][gc,start    ] GC(446) Pause Young (Normal) (G1 Evacuation Pause)
[2025-12-22T21:58:29.308+0000][3775.804s][info][gc,task     ] GC(446) Using 3 workers of 3 for evacuation
[2025-12-22T21:58:29.310+0000][3775.806s][info][gc,phases   ] GC(446)   Pre Evacuate Collection Set: 0.1ms
[2025-12-22T21:58:29.310+0000][3775.807s][info][gc,phases   ] GC(446)   Merge Heap Roots: 0.1ms
[2025-12-22T21:58:29.310+0000][3775.807s][info][gc,phases   ] GC(446)   Evacuate Collection Set: 1.5ms
[2025-12-22T21:58:29.311+0000][3775.807s][info][gc,phases   ] GC(446)   Post Evacuate Collection Set: 0.5ms
[2025-12-22T21:58:29.311+0000][3775.807s][info][gc,phases   ] GC(446)   Other: 0.7ms
[2025-12-22T21:58:29.311+0000][3775.807s][info][gc,heap     ] GC(446) Eden regions: 675->0(675)
[2025-12-22T21:58:29.311+0000][3775.807s][info][gc,heap     ] GC(446) Survivor regions: 1->1(85)
[2025-12-22T21:58:29.311+0000][3775.807s][info][gc,heap     ] GC(446) Old regions: 53->53
[2025-12-22T21:58:29.311+0000][3775.807s][info][gc,heap     ] GC(446) Archive regions: 2->2
[2025-12-22T21:58:29.311+0000][3775.807s][info][gc,heap     ] GC(446) Humongous regions: 37->37
[2025-12-22T21:58:29.311+0000][3775.807s][info][gc,metaspace] GC(446) Metaspace: 87596K(88512K)->87596K(88512K) NonClass: 76275K(76736K)->76275K(76736K) Class: 11320K(11776K)->11320K(11776K)
[2025-12-22T21:58:29.311+0000][3775.807s][info][gc          ] GC(446) Pause Young (Normal) (G1 Evacuation Pause) 766M->91M(1128M) 3.974ms
[2025-12-22T21:58:29.311+0000][3775.808s][info][gc,cpu      ] GC(446) User=0.00s Sys=0.00s Real=0.00s
[2025-12-22T21:58:39.669+0000][3786.166s][info][gc,start    ] GC(447) Pause Young (Normal) (G1 Evacuation Pause)
[2025-12-22T21:58:39.670+0000][3786.166s][info][gc,task     ] GC(447) Using 3 workers of 3 for evacuation
[2025-12-22T21:58:39.677+0000][3786.173s][info][gc,phases   ] GC(447)   Pre Evacuate Collection Set: 0.5ms
[2025-12-22T21:58:39.677+0000][3786.173s][info][gc,phases   ] GC(447)   Merge Heap Roots: 0.2ms
[2025-12-22T21:58:39.677+0000][3786.173s][info][gc,phases   ] GC(447)   Evacuate Collection Set: 4.6ms
[2025-12-22T21:58:39.677+0000][3786.173s][info][gc,phases   ] GC(447)   Post Evacuate Collection Set: 1.0ms
[2025-12-22T21:58:39.677+0000][3786.173s][info][gc,phases   ] GC(447)   Other: 0.9ms
[2025-12-22T21:58:39.677+0000][3786.173s][info][gc,heap     ] GC(447) Eden regions: 675->0(674)
[2025-12-22T21:58:39.677+0000][3786.173s][info][gc,heap     ] GC(447) Survivor regions: 1->2(85)
[2025-12-22T21:58:39.677+0000][3786.173s][info][gc,heap     ] GC(447) Old regions: 53->53
[2025-12-22T21:58:39.677+0000][3786.173s][info][gc,heap     ] GC(447) Archive regions: 2->2
[2025-12-22T21:58:39.677+0000][3786.174s][info][gc,heap     ] GC(447) Humongous regions: 37->37
[2025-12-22T21:58:39.677+0000][3786.174s][info][gc,metaspace] GC(447) Metaspace: 87601K(88512K)->87601K(88512K) NonClass: 76281K(76736K)->76281K(76736K) Class: 11320K(11776K)->11320K(11776K)
[2025-12-22T21:58:39.677+0000][3786.174s][info][gc          ] GC(447) Pause Young (Normal) (G1 Evacuation Pause) 766M->91M(1128M) 8.021ms
[2025-12-22T21:58:39.678+0000][3786.174s][info][gc,cpu      ] GC(447) User=0.02s Sys=0.00s Real=0.01s
[2025-12-22T21:58:47.548+0000][3794.044s][info][gc,start    ] GC(448) Pause Young (Normal) (G1 Evacuation Pause)
[2025-12-22T21:58:47.548+0000][3794.045s][info][gc,task     ] GC(448) Using 3 workers of 3 for evacuation
[2025-12-22T21:58:47.551+0000][3794.047s][info][gc,phases   ] GC(448)   Pre Evacuate Collection Set: 0.2ms
[2025-12-22T21:58:47.551+0000][3794.048s][info][gc,phases   ] GC(448)   Merge Heap Roots: 0.2ms
[2025-12-22T21:58:47.551+0000][3794.048s][info][gc,phases   ] GC(448)   Evacuate Collection Set: 1.7ms
[2025-12-22T21:58:47.552+0000][3794.048s][info][gc,phases   ] GC(448)   Post Evacuate Collection Set: 0.6ms
[2025-12-22T21:58:47.552+0000][3794.048s][info][gc,phases   ] GC(448)   Other: 0.6ms
[2025-12-22T21:58:47.552+0000][3794.048s][info][gc,heap     ] GC(448) Eden regions: 674->0(674)
[2025-12-22T21:58:47.552+0000][3794.048s][info][gc,heap     ] GC(448) Survivor regions: 2->2(85)
[2025-12-22T21:58:47.552+0000][3794.048s][info][gc,heap     ] GC(448) Old regions: 53->53
[2025-12-22T21:58:47.552+0000][3794.048s][info][gc,heap     ] GC(448) Archive regions: 2->2
[2025-12-22T21:58:47.552+0000][3794.048s][info][gc,heap     ] GC(448) Humongous regions: 37->37
[2025-12-22T21:58:47.552+0000][3794.048s][info][gc,metaspace] GC(448) Metaspace: 87603K(88512K)->87603K(88512K) NonClass: 76282K(76736K)->76282K(76736K) Class: 11320K(11776K)->11320K(11776K)
[2025-12-22T21:58:47.552+0000][3794.048s][info][gc          ] GC(448) Pause Young (Normal) (G1 Evacuation Pause) 765M->91M(1128M) 4.172ms
[2025-12-22T21:58:47.552+0000][3794.048s][info][gc,cpu      ] GC(448) User=0.01s Sys=0.00s Real=0.00s
[2025-12-22T21:58:57.101+0000][3803.597s][info][gc,start    ] GC(449) Pause Young (Normal) (G1 Evacuation Pause)
[2025-12-22T21:58:57.102+0000][3803.598s][info][gc,task     ] GC(449) Using 3 workers of 3 for evacuation
[2025-12-22T21:58:57.114+0000][3803.611s][info][gc,phases   ] GC(449)   Pre Evacuate Collection Set: 2.2ms
[2025-12-22T21:58:57.115+0000][3803.611s][info][gc,phases   ] GC(449)   Merge Heap Roots: 1.1ms
[2025-12-22T21:58:57.115+0000][3803.611s][info][gc,phases   ] GC(449)   Evacuate Collection Set: 7.3ms
[2025-12-22T21:58:57.115+0000][3803.611s][info][gc,phases   ] GC(449)   Post Evacuate Collection Set: 1.5ms
[2025-12-22T21:58:57.115+0000][3803.611s][info][gc,phases   ] GC(449)   Other: 1.2ms
[2025-12-22T21:58:57.115+0000][3803.611s][info][gc,heap     ] GC(449) Eden regions: 674->0(674)
[2025-12-22T21:58:57.115+0000][3803.612s][info][gc,heap     ] GC(449) Survivor regions: 2->2(85)
[2025-12-22T21:58:57.115+0000][3803.612s][info][gc,heap     ] GC(449) Old regions: 53->53
[2025-12-22T21:58:57.115+0000][3803.612s][info][gc,heap     ] GC(449) Archive regions: 2->2
[2025-12-22T21:58:57.116+0000][3803.612s][info][gc,heap     ] GC(449) Humongous regions: 37->37
[2025-12-22T21:58:57.116+0000][3803.612s][info][gc,metaspace] GC(449) Metaspace: 87603K(88512K)->87603K(88512K) NonClass: 76282K(76736K)->76282K(76736K) Class: 11320K(11776K)->11320K(11776K)
[2025-12-22T21:58:57.116+0000][3803.612s][info][gc          ] GC(449) Pause Young (Normal) (G1 Evacuation Pause) 765M->91M(1128M) 14.839ms
[2025-12-22T21:58:57.116+0000][3803.612s][info][gc,cpu      ] GC(449) User=0.02s Sys=0.00s Real=0.02s
[2025-12-22T21:59:05.072+0000][3811.568s][info][gc,start    ] GC(450) Pause Young (Normal) (G1 Evacuation Pause)
[2025-12-22T21:59:05.073+0000][3811.569s][info][gc,task     ] GC(450) Using 3 workers of 3 for evacuation
[2025-12-22T21:59:05.076+0000][3811.572s][info][gc,phases   ] GC(450)   Pre Evacuate Collection Set: 0.2ms
[2025-12-22T21:59:05.076+0000][3811.572s][info][gc,phases   ] GC(450)   Merge Heap Roots: 0.2ms
[2025-12-22T21:59:05.076+0000][3811.572s][info][gc,phases   ] GC(450)   Evacuate Collection Set: 2.1ms
[2025-12-22T21:59:05.076+0000][3811.572s][info][gc,phases   ] GC(450)   Post Evacuate Collection Set: 0.5ms
[2025-12-22T21:59:05.076+0000][3811.572s][info][gc,phases   ] GC(450)   Other: 0.8ms
[2025-12-22T21:59:05.076+0000][3811.573s][info][gc,heap     ] GC(450) Eden regions: 674->0(674)
[2025-12-22T21:59:05.076+0000][3811.573s][info][gc,heap     ] GC(450) Survivor regions: 2->2(85)
[2025-12-22T21:59:05.076+0000][3811.573s][info][gc,heap     ] GC(450) Old regions: 53->53
[2025-12-22T21:59:05.077+0000][3811.573s][info][gc,heap     ] GC(450) Archive regions: 2->2
[2025-12-22T21:59:05.077+0000][3811.573s][info][gc,heap     ] GC(450) Humongous regions: 37->37
[2025-12-22T21:59:05.077+0000][3811.573s][info][gc,metaspace] GC(450) Metaspace: 87610K(88512K)->87610K(88512K) NonClass: 76289K(76736K)->76289K(76736K) Class: 11320K(11776K)->11320K(11776K)
[2025-12-22T21:59:05.077+0000][3811.573s][info][gc          ] GC(450) Pause Young (Normal) (G1 Evacuation Pause) 765M->92M(1128M) 4.613ms
[2025-12-22T21:59:05.077+0000][3811.573s][info][gc,cpu      ] GC(450) User=0.01s Sys=0.00s Real=0.01s
[2025-12-22T21:59:12.959+0000][3819.455s][info][gc,start    ] GC(451) Pause Young (Normal) (G1 Evacuation Pause)
[2025-12-22T21:59:12.959+0000][3819.456s][info][gc,task     ] GC(451) Using 3 workers of 3 for evacuation
[2025-12-22T21:59:12.963+0000][3819.459s][info][gc,phases   ] GC(451)   Pre Evacuate Collection Set: 0.3ms
[2025-12-22T21:59:12.963+0000][3819.459s][info][gc,phases   ] GC(451)   Merge Heap Roots: 0.2ms
[2025-12-22T21:59:12.963+0000][3819.459s][info][gc,phases   ] GC(451)   Evacuate Collection Set: 1.9ms
[2025-12-22T21:59:12.963+0000][3819.459s][info][gc,phases   ] GC(451)   Post Evacuate Collection Set: 0.7ms
[2025-12-22T21:59:12.963+0000][3819.459s][info][gc,phases   ] GC(451)   Other: 0.8ms
[2025-12-22T21:59:12.963+0000][3819.459s][info][gc,heap     ] GC(451) Eden regions: 674->0(674)
[2025-12-22T21:59:12.963+0000][3819.459s][info][gc,heap     ] GC(451) Survivor regions: 2->2(85)
[2025-12-22T21:59:12.963+0000][3819.459s][info][gc,heap     ] GC(451) Old regions: 53->53
[2025-12-22T21:59:12.963+0000][3819.459s][info][gc,heap     ] GC(451) Archive regions: 2->2
[2025-12-22T21:59:12.963+0000][3819.459s][info][gc,heap     ] GC(451) Humongous regions: 37->37
[2025-12-22T21:59:12.963+0000][3819.459s][info][gc,metaspace] GC(451) Metaspace: 87611K(88512K)->87611K(88512K) NonClass: 76290K(76736K)->76290K(76736K) Class: 11320K(11776K)->11320K(11776K)
[2025-12-22T21:59:12.963+0000][3819.459s][info][gc          ] GC(451) Pause Young (Normal) (G1 Evacuation Pause) 766M->91M(1128M) 4.322ms
[2025-12-22T21:59:12.963+0000][3819.459s][info][gc,cpu      ] GC(451) User=0.01s Sys=0.00s Real=0.00s
[2025-12-22T21:59:22.466+0000][3828.962s][info][gc,start    ] GC(452) Pause Young (Normal) (G1 Evacuation Pause)
[2025-12-22T21:59:22.467+0000][3828.963s][info][gc,task     ] GC(452) Using 3 workers of 3 for evacuation
[2025-12-22T21:59:22.470+0000][3828.967s][info][gc,phases   ] GC(452)   Pre Evacuate Collection Set: 0.2ms
[2025-12-22T21:59:22.470+0000][3828.967s][info][gc,phases   ] GC(452)   Merge Heap Roots: 0.2ms
[2025-12-22T21:59:22.471+0000][3828.967s][info][gc,phases   ] GC(452)   Evacuate Collection Set: 2.2ms
[2025-12-22T21:59:22.471+0000][3828.967s][info][gc,phases   ] GC(452)   Post Evacuate Collection Set: 0.7ms
[2025-12-22T21:59:22.471+0000][3828.967s][info][gc,phases   ] GC(452)   Other: 1.4ms
[2025-12-22T21:59:22.471+0000][3828.967s][info][gc,heap     ] GC(452) Eden regions: 674->0(674)
[2025-12-22T21:59:22.471+0000][3828.967s][info][gc,heap     ] GC(452) Survivor regions: 2->2(85)
[2025-12-22T21:59:22.471+0000][3828.967s][info][gc,heap     ] GC(452) Old regions: 53->53
[2025-12-22T21:59:22.471+0000][3828.967s][info][gc,heap     ] GC(452) Archive regions: 2->2
[2025-12-22T21:59:22.471+0000][3828.967s][info][gc,heap     ] GC(452) Humongous regions: 37->37
[2025-12-22T21:59:22.471+0000][3828.968s][info][gc,metaspace] GC(452) Metaspace: 87611K(88512K)->87611K(88512K) NonClass: 76291K(76736K)->76291K(76736K) Class: 11320K(11776K)->11320K(11776K)
[2025-12-22T21:59:22.472+0000][3828.968s][info][gc          ] GC(452) Pause Young (Normal) (G1 Evacuation Pause) 765M->91M(1128M) 5.918ms
[2025-12-22T21:59:22.472+0000][3828.968s][info][gc,cpu      ] GC(452) User=0.00s Sys=0.00s Real=0.00s
[2025-12-22T21:59:30.337+0000][3836.833s][info][gc,start    ] GC(453) Pause Young (Normal) (G1 Evacuation Pause)
[2025-12-22T21:59:30.338+0000][3836.834s][info][gc,task     ] GC(453) Using 3 workers of 3 for evacuation
[2025-12-22T21:59:30.339+0000][3836.836s][info][gc,phases   ] GC(453)   Pre Evacuate Collection Set: 0.1ms
[2025-12-22T21:59:30.340+0000][3836.836s][info][gc,phases   ] GC(453)   Merge Heap Roots: 0.1ms
[2025-12-22T21:59:30.340+0000][3836.836s][info][gc,phases   ] GC(453)   Evacuate Collection Set: 1.0ms
[2025-12-22T21:59:30.340+0000][3836.836s][info][gc,phases   ] GC(453)   Post Evacuate Collection Set: 0.4ms
[2025-12-22T21:59:30.340+0000][3836.836s][info][gc,phases   ] GC(453)   Other: 1.2ms
[2025-12-22T21:59:30.340+0000][3836.836s][info][gc,heap     ] GC(453) Eden regions: 674->0(674)
[2025-12-22T21:59:30.340+0000][3836.836s][info][gc,heap     ] GC(453) Survivor regions: 2->2(85)
[2025-12-22T21:59:30.340+0000][3836.836s][info][gc,heap     ] GC(453) Old regions: 53->53
[2025-12-22T21:59:30.340+0000][3836.836s][info][gc,heap     ] GC(453) Archive regions: 2->2
[2025-12-22T21:59:30.340+0000][3836.836s][info][gc,heap     ] GC(453) Humongous regions: 37->37
[2025-12-22T21:59:30.340+0000][3836.836s][info][gc,metaspace] GC(453) Metaspace: 87628K(88512K)->87628K(88512K) NonClass: 76308K(76736K)->76308K(76736K) Class: 11320K(11776K)->11320K(11776K)
[2025-12-22T21:59:30.340+0000][3836.836s][info][gc          ] GC(453) Pause Young (Normal) (G1 Evacuation Pause) 765M->91M(1128M) 3.443ms
[2025-12-22T21:59:30.340+0000][3836.836s][info][gc,cpu      ] GC(453) User=0.00s Sys=0.00s Real=0.00s
[2025-12-22T21:59:39.819+0000][3846.315s][info][gc,start    ] GC(454) Pause Young (Normal) (G1 Evacuation Pause)
[2025-12-22T21:59:39.819+0000][3846.316s][info][gc,task     ] GC(454) Using 3 workers of 3 for evacuation
[2025-12-22T21:59:39.829+0000][3846.325s][info][gc,phases   ] GC(454)   Pre Evacuate Collection Set: 0.4ms
[2025-12-22T21:59:39.829+0000][3846.325s][info][gc,phases   ] GC(454)   Merge Heap Roots: 0.2ms
[2025-12-22T21:59:39.829+0000][3846.325s][info][gc,phases   ] GC(454)   Evacuate Collection Set: 7.2ms
[2025-12-22T21:59:39.829+0000][3846.325s][info][gc,phases   ] GC(454)   Post Evacuate Collection Set: 1.2ms
[2025-12-22T21:59:39.829+0000][3846.325s][info][gc,phases   ] GC(454)   Other: 0.9ms
[2025-12-22T21:59:39.829+0000][3846.326s][info][gc,heap     ] GC(454) Eden regions: 674->0(674)
[2025-12-22T21:59:39.829+0000][3846.326s][info][gc,heap     ] GC(454) Survivor regions: 2->2(85)
[2025-12-22T21:59:39.829+0000][3846.326s][info][gc,heap     ] GC(454) Old regions: 53->53
[2025-12-22T21:59:39.830+0000][3846.326s][info][gc,heap     ] GC(454) Archive regions: 2->2
[2025-12-22T21:59:39.830+0000][3846.326s][info][gc,heap     ] GC(454) Humongous regions: 37->37
[2025-12-22T21:59:39.830+0000][3846.326s][info][gc,metaspace] GC(454) Metaspace: 87642K(88576K)->87642K(88576K) NonClass: 76321K(76800K)->76321K(76800K) Class: 11320K(11776K)->11320K(11776K)
[2025-12-22T21:59:39.830+0000][3846.326s][info][gc          ] GC(454) Pause Young (Normal) (G1 Evacuation Pause) 765M->91M(1128M) 11.007ms
[2025-12-22T21:59:39.830+0000][3846.326s][info][gc,cpu      ] GC(454) User=0.03s Sys=0.00s Real=0.01s
[2025-12-22T21:59:47.626+0000][3854.122s][info][gc,start    ] GC(455) Pause Young (Normal) (G1 Evacuation Pause)
[2025-12-22T21:59:47.626+0000][3854.122s][info][gc,task     ] GC(455) Using 3 workers of 3 for evacuation
[2025-12-22T21:59:47.629+0000][3854.125s][info][gc,phases   ] GC(455)   Pre Evacuate Collection Set: 0.2ms
[2025-12-22T21:59:47.629+0000][3854.125s][info][gc,phases   ] GC(455)   Merge Heap Roots: 0.1ms
[2025-12-22T21:59:47.629+0000][3854.125s][info][gc,phases   ] GC(455)   Evacuate Collection Set: 1.7ms
[2025-12-22T21:59:47.629+0000][3854.125s][info][gc,phases   ] GC(455)   Post Evacuate Collection Set: 0.5ms
[2025-12-22T21:59:47.629+0000][3854.125s][info][gc,phases   ] GC(455)   Other: 0.5ms
[2025-12-22T21:59:47.629+0000][3854.126s][info][gc,heap     ] GC(455) Eden regions: 674->0(675)
[2025-12-22T21:59:47.629+0000][3854.126s][info][gc,heap     ] GC(455) Survivor regions: 2->1(85)
[2025-12-22T21:59:47.629+0000][3854.126s][info][gc,heap     ] GC(455) Old regions: 53->54
[2025-12-22T21:59:47.629+0000][3854.126s][info][gc,heap     ] GC(455) Archive regions: 2->2
[2025-12-22T21:59:47.630+0000][3854.126s][info][gc,heap     ] GC(455) Humongous regions: 37->37
[2025-12-22T21:59:47.630+0000][3854.126s][info][gc,metaspace] GC(455) Metaspace: 87657K(88576K)->87657K(88576K) NonClass: 76337K(76800K)->76337K(76800K) Class: 11320K(11776K)->11320K(11776K)
[2025-12-22T21:59:47.630+0000][3854.126s][info][gc          ] GC(455) Pause Young (Normal) (G1 Evacuation Pause) 765M->91M(1128M) 3.795ms
[2025-12-22T21:59:47.630+0000][3854.126s][info][gc,cpu      ] GC(455) User=0.01s Sys=0.00s Real=0.00s
[2025-12-22T21:59:57.047+0000][3863.543s][info][gc,start    ] GC(456) Pause Young (Normal) (G1 Evacuation Pause)
[2025-12-22T21:59:57.048+0000][3863.544s][info][gc,task     ] GC(456) Using 3 workers of 3 for evacuation
[2025-12-22T21:59:57.051+0000][3863.547s][info][gc,phases   ] GC(456)   Pre Evacuate Collection Set: 0.1ms
[2025-12-22T21:59:57.051+0000][3863.547s][info][gc,phases   ] GC(456)   Merge Heap Roots: 0.1ms
[2025-12-22T21:59:57.051+0000][3863.547s][info][gc,phases   ] GC(456)   Evacuate Collection Set: 1.5ms
[2025-12-22T21:59:57.051+0000][3863.547s][info][gc,phases   ] GC(456)   Post Evacuate Collection Set: 0.5ms
[2025-12-22T21:59:57.051+0000][3863.547s][info][gc,phases   ] GC(456)   Other: 1.3ms
[2025-12-22T21:59:57.051+0000][3863.547s][info][gc,heap     ] GC(456) Eden regions: 675->0(675)
[2025-12-22T21:59:57.051+0000][3863.548s][info][gc,heap     ] GC(456) Survivor regions: 1->1(85)
[2025-12-22T21:59:57.051+0000][3863.548s][info][gc,heap     ] GC(456) Old regions: 54->54
[2025-12-22T21:59:57.052+0000][3863.548s][info][gc,heap     ] GC(456) Archive regions: 2->2
[2025-12-22T21:59:57.052+0000][3863.548s][info][gc,heap     ] GC(456) Humongous regions: 37->37
[2025-12-22T21:59:57.052+0000][3863.548s][info][gc,metaspace] GC(456) Metaspace: 87657K(88576K)->87657K(88576K) NonClass: 76337K(76800K)->76337K(76800K) Class: 11320K(11776K)->11320K(11776K)
[2025-12-22T21:59:57.052+0000][3863.548s][info][gc          ] GC(456) Pause Young (Normal) (G1 Evacuation Pause) 766M->91M(1128M) 4.839ms
[2025-12-22T21:59:57.052+0000][3863.549s][info][gc,cpu      ] GC(456) User=0.00s Sys=0.00s Real=0.00s
[2025-12-22T22:00:04.956+0000][3871.453s][info][gc,start    ] GC(457) Pause Young (Normal) (G1 Evacuation Pause)
[2025-12-22T22:00:04.957+0000][3871.453s][info][gc,task     ] GC(457) Using 3 workers of 3 for evacuation
[2025-12-22T22:00:04.960+0000][3871.456s][info][gc,phases   ] GC(457)   Pre Evacuate Collection Set: 0.4ms
[2025-12-22T22:00:04.960+0000][3871.456s][info][gc,phases   ] GC(457)   Merge Heap Roots: 0.1ms
[2025-12-22T22:00:04.960+0000][3871.457s][info][gc,phases   ] GC(457)   Evacuate Collection Set: 2.2ms
[2025-12-22T22:00:04.960+0000][3871.457s][info][gc,phases   ] GC(457)   Post Evacuate Collection Set: 0.5ms
[2025-12-22T22:00:04.960+0000][3871.457s][info][gc,phases   ] GC(457)   Other: 0.6ms
[2025-12-22T22:00:04.960+0000][3871.457s][info][gc,heap     ] GC(457) Eden regions: 675->0(675)
[2025-12-22T22:00:04.960+0000][3871.457s][info][gc,heap     ] GC(457) Survivor regions: 1->1(85)
[2025-12-22T22:00:04.960+0000][3871.457s][info][gc,heap     ] GC(457) Old regions: 54->54
[2025-12-22T22:00:04.961+0000][3871.457s][info][gc,heap     ] GC(457) Archive regions: 2->2
[2025-12-22T22:00:04.961+0000][3871.457s][info][gc,heap     ] GC(457) Humongous regions: 37->37
[2025-12-22T22:00:04.961+0000][3871.457s][info][gc,metaspace] GC(457) Metaspace: 87657K(88576K)->87657K(88576K) NonClass: 76337K(76800K)->76337K(76800K) Class: 11320K(11776K)->11320K(11776K)
[2025-12-22T22:00:04.961+0000][3871.457s][info][gc          ] GC(457) Pause Young (Normal) (G1 Evacuation Pause) 766M->91M(1128M) 4.374ms
[2025-12-22T22:00:04.961+0000][3871.457s][info][gc,cpu      ] GC(457) User=0.01s Sys=0.00s Real=0.00s
[2025-12-22T22:00:12.944+0000][3879.440s][info][gc,start    ] GC(458) Pause Young (Normal) (G1 Evacuation Pause)
[2025-12-22T22:00:12.944+0000][3879.440s][info][gc,task     ] GC(458) Using 3 workers of 3 for evacuation
[2025-12-22T22:00:12.946+0000][3879.442s][info][gc,phases   ] GC(458)   Pre Evacuate Collection Set: 0.1ms
[2025-12-22T22:00:12.946+0000][3879.442s][info][gc,phases   ] GC(458)   Merge Heap Roots: 0.1ms
[2025-12-22T22:00:12.946+0000][3879.442s][info][gc,phases   ] GC(458)   Evacuate Collection Set: 1.0ms
[2025-12-22T22:00:12.946+0000][3879.442s][info][gc,phases   ] GC(458)   Post Evacuate Collection Set: 0.7ms
[2025-12-22T22:00:12.946+0000][3879.442s][info][gc,phases   ] GC(458)   Other: 0.4ms
[2025-12-22T22:00:12.946+0000][3879.443s][info][gc,heap     ] GC(458) Eden regions: 675->0(675)
[2025-12-22T22:00:12.946+0000][3879.443s][info][gc,heap     ] GC(458) Survivor regions: 1->1(85)
[2025-12-22T22:00:12.946+0000][3879.443s][info][gc,heap     ] GC(458) Old regions: 54->54
[2025-12-22T22:00:12.947+0000][3879.443s][info][gc,heap     ] GC(458) Archive regions: 2->2
[2025-12-22T22:00:12.947+0000][3879.443s][info][gc,heap     ] GC(458) Humongous regions: 37->37
[2025-12-22T22:00:12.947+0000][3879.443s][info][gc,metaspace] GC(458) Metaspace: 87657K(88576K)->87657K(88576K) NonClass: 76337K(76800K)->76337K(76800K) Class: 11320K(11776K)->11320K(11776K)
[2025-12-22T22:00:12.947+0000][3879.443s][info][gc          ] GC(458) Pause Young (Normal) (G1 Evacuation Pause) 766M->91M(1128M) 2.989ms
[2025-12-22T22:00:12.947+0000][3879.443s][info][gc,cpu      ] GC(458) User=0.01s Sys=0.00s Real=0.01s
[2025-12-22T22:00:22.287+0000][3888.783s][info][gc,start    ] GC(459) Pause Young (Normal) (G1 Evacuation Pause)
[2025-12-22T22:00:22.287+0000][3888.783s][info][gc,task     ] GC(459) Using 3 workers of 3 for evacuation
[2025-12-22T22:00:22.289+0000][3888.785s][info][gc,phases   ] GC(459)   Pre Evacuate Collection Set: 0.1ms
[2025-12-22T22:00:22.289+0000][3888.785s][info][gc,phases   ] GC(459)   Merge Heap Roots: 0.1ms
[2025-12-22T22:00:22.289+0000][3888.785s][info][gc,phases   ] GC(459)   Evacuate Collection Set: 1.0ms
[2025-12-22T22:00:22.289+0000][3888.785s][info][gc,phases   ] GC(459)   Post Evacuate Collection Set: 0.4ms
[2025-12-22T22:00:22.289+0000][3888.785s][info][gc,phases   ] GC(459)   Other: 0.6ms
[2025-12-22T22:00:22.289+0000][3888.785s][info][gc,heap     ] GC(459) Eden regions: 675->0(675)
[2025-12-22T22:00:22.289+0000][3888.785s][info][gc,heap     ] GC(459) Survivor regions: 1->1(85)
[2025-12-22T22:00:22.289+0000][3888.786s][info][gc,heap     ] GC(459) Old regions: 54->54
[2025-12-22T22:00:22.289+0000][3888.786s][info][gc,heap     ] GC(459) Archive regions: 2->2
[2025-12-22T22:00:22.289+0000][3888.786s][info][gc,heap     ] GC(459) Humongous regions: 37->37
[2025-12-22T22:00:22.289+0000][3888.786s][info][gc,metaspace] GC(459) Metaspace: 87657K(88576K)->87657K(88576K) NonClass: 76337K(76800K)->76337K(76800K) Class: 11320K(11776K)->11320K(11776K)
[2025-12-22T22:00:22.290+0000][3888.786s][info][gc          ] GC(459) Pause Young (Normal) (G1 Evacuation Pause) 766M->91M(1128M) 2.864ms
[2025-12-22T22:00:22.290+0000][3888.786s][info][gc,cpu      ] GC(459) User=0.01s Sys=0.01s Real=0.00s
[2025-12-22T22:00:30.515+0000][3897.011s][info][gc,start    ] GC(460) Pause Young (Normal) (G1 Evacuation Pause)
[2025-12-22T22:00:30.515+0000][3897.011s][info][gc,task     ] GC(460) Using 3 workers of 3 for evacuation
[2025-12-22T22:00:30.518+0000][3897.014s][info][gc,phases   ] GC(460)   Pre Evacuate Collection Set: 0.2ms
[2025-12-22T22:00:30.518+0000][3897.014s][info][gc,phases   ] GC(460)   Merge Heap Roots: 0.1ms
[2025-12-22T22:00:30.518+0000][3897.015s][info][gc,phases   ] GC(460)   Evacuate Collection Set: 1.9ms
[2025-12-22T22:00:30.518+0000][3897.015s][info][gc,phases   ] GC(460)   Post Evacuate Collection Set: 0.5ms
[2025-12-22T22:00:30.519+0000][3897.015s][info][gc,phases   ] GC(460)   Other: 0.7ms
[2025-12-22T22:00:30.519+0000][3897.015s][info][gc,heap     ] GC(460) Eden regions: 675->0(675)
[2025-12-22T22:00:30.519+0000][3897.015s][info][gc,heap     ] GC(460) Survivor regions: 1->1(85)
[2025-12-22T22:00:30.519+0000][3897.015s][info][gc,heap     ] GC(460) Old regions: 54->54
[2025-12-22T22:00:30.519+0000][3897.015s][info][gc,heap     ] GC(460) Archive regions: 2->2
[2025-12-22T22:00:30.519+0000][3897.015s][info][gc,heap     ] GC(460) Humongous regions: 37->37
[2025-12-22T22:00:30.519+0000][3897.016s][info][gc,metaspace] GC(460) Metaspace: 87657K(88576K)->87657K(88576K) NonClass: 76337K(76800K)->76337K(76800K) Class: 11320K(11776K)->11320K(11776K)
[2025-12-22T22:00:30.519+0000][3897.016s][info][gc          ] GC(460) Pause Young (Normal) (G1 Evacuation Pause) 766M->91M(1128M) 4.698ms
[2025-12-22T22:00:30.520+0000][3897.016s][info][gc,cpu      ] GC(460) User=0.01s Sys=0.00s Real=0.01s
[2025-12-22T22:00:40.070+0000][3906.566s][info][gc,start    ] GC(461) Pause Young (Normal) (G1 Evacuation Pause)
[2025-12-22T22:00:40.071+0000][3906.567s][info][gc,task     ] GC(461) Using 3 workers of 3 for evacuation
[2025-12-22T22:00:40.074+0000][3906.570s][info][gc,phases   ] GC(461)   Pre Evacuate Collection Set: 0.1ms
[2025-12-22T22:00:40.074+0000][3906.570s][info][gc,phases   ] GC(461)   Merge Heap Roots: 0.1ms
[2025-12-22T22:00:40.074+0000][3906.570s][info][gc,phases   ] GC(461)   Evacuate Collection Set: 1.9ms
[2025-12-22T22:00:40.074+0000][3906.570s][info][gc,phases   ] GC(461)   Post Evacuate Collection Set: 0.4ms
[2025-12-22T22:00:40.074+0000][3906.570s][info][gc,phases   ] GC(461)   Other: 1.2ms
[2025-12-22T22:00:40.074+0000][3906.570s][info][gc,heap     ] GC(461) Eden regions: 675->0(674)
[2025-12-22T22:00:40.074+0000][3906.571s][info][gc,heap     ] GC(461) Survivor regions: 1->2(85)
[2025-12-22T22:00:40.074+0000][3906.571s][info][gc,heap     ] GC(461) Old regions: 54->54
[2025-12-22T22:00:40.074+0000][3906.571s][info][gc,heap     ] GC(461) Archive regions: 2->2
[2025-12-22T22:00:40.075+0000][3906.571s][info][gc,heap     ] GC(461) Humongous regions: 37->37
[2025-12-22T22:00:40.075+0000][3906.571s][info][gc,metaspace] GC(461) Metaspace: 87665K(88576K)->87665K(88576K) NonClass: 76344K(76800K)->76344K(76800K) Class: 11320K(11776K)->11320K(11776K)
[2025-12-22T22:00:40.075+0000][3906.571s][info][gc          ] GC(461) Pause Young (Normal) (G1 Evacuation Pause) 766M->92M(1128M) 4.799ms
[2025-12-22T22:00:40.075+0000][3906.571s][info][gc,cpu      ] GC(461) User=0.00s Sys=0.01s Real=0.01s
[2025-12-22T22:00:47.829+0000][3914.325s][info][gc,start    ] GC(462) Pause Young (Normal) (G1 Evacuation Pause)
[2025-12-22T22:00:47.829+0000][3914.326s][info][gc,task     ] GC(462) Using 3 workers of 3 for evacuation
[2025-12-22T22:00:47.832+0000][3914.329s][info][gc,phases   ] GC(462)   Pre Evacuate Collection Set: 0.3ms
[2025-12-22T22:00:47.832+0000][3914.329s][info][gc,phases   ] GC(462)   Merge Heap Roots: 0.2ms
[2025-12-22T22:00:47.833+0000][3914.329s][info][gc,phases   ] GC(462)   Evacuate Collection Set: 1.6ms
[2025-12-22T22:00:47.833+0000][3914.329s][info][gc,phases   ] GC(462)   Post Evacuate Collection Set: 0.7ms
[2025-12-22T22:00:47.833+0000][3914.329s][info][gc,phases   ] GC(462)   Other: 0.5ms
[2025-12-22T22:00:47.833+0000][3914.329s][info][gc,heap     ] GC(462) Eden regions: 674->0(675)
[2025-12-22T22:00:47.833+0000][3914.329s][info][gc,heap     ] GC(462) Survivor regions: 2->1(85)
[2025-12-22T22:00:47.833+0000][3914.329s][info][gc,heap     ] GC(462) Old regions: 54->54
[2025-12-22T22:00:47.833+0000][3914.329s][info][gc,heap     ] GC(462) Archive regions: 2->2
[2025-12-22T22:00:47.833+0000][3914.329s][info][gc,heap     ] GC(462) Humongous regions: 37->37
[2025-12-22T22:00:47.833+0000][3914.329s][info][gc,metaspace] GC(462) Metaspace: 87665K(88576K)->87665K(88576K) NonClass: 76344K(76800K)->76344K(76800K) Class: 11320K(11776K)->11320K(11776K)
[2025-12-22T22:00:47.833+0000][3914.329s][info][gc          ] GC(462) Pause Young (Normal) (G1 Evacuation Pause) 766M->92M(1128M) 4.023ms
[2025-12-22T22:00:47.833+0000][3914.330s][info][gc,cpu      ] GC(462) User=0.01s Sys=0.00s Real=0.00s
[2025-12-22T22:00:57.299+0000][3923.796s][info][gc,start    ] GC(463) Pause Young (Normal) (G1 Evacuation Pause)
[2025-12-22T22:00:57.300+0000][3923.796s][info][gc,task     ] GC(463) Using 3 workers of 3 for evacuation
[2025-12-22T22:00:57.302+0000][3923.798s][info][gc,phases   ] GC(463)   Pre Evacuate Collection Set: 0.1ms
[2025-12-22T22:00:57.302+0000][3923.798s][info][gc,phases   ] GC(463)   Merge Heap Roots: 0.1ms
[2025-12-22T22:00:57.302+0000][3923.798s][info][gc,phases   ] GC(463)   Evacuate Collection Set: 1.0ms
[2025-12-22T22:00:57.302+0000][3923.798s][info][gc,phases   ] GC(463)   Post Evacuate Collection Set: 0.6ms
[2025-12-22T22:00:57.302+0000][3923.798s][info][gc,phases   ] GC(463)   Other: 0.7ms
[2025-12-22T22:00:57.302+0000][3923.799s][info][gc,heap     ] GC(463) Eden regions: 675->0(675)
[2025-12-22T22:00:57.302+0000][3923.799s][info][gc,heap     ] GC(463) Survivor regions: 1->1(85)
[2025-12-22T22:00:57.302+0000][3923.799s][info][gc,heap     ] GC(463) Old regions: 54->54
[2025-12-22T22:00:57.303+0000][3923.799s][info][gc,heap     ] GC(463) Archive regions: 2->2
[2025-12-22T22:00:57.303+0000][3923.799s][info][gc,heap     ] GC(463) Humongous regions: 37->37
[2025-12-22T22:00:57.303+0000][3923.799s][info][gc,metaspace] GC(463) Metaspace: 87665K(88576K)->87665K(88576K) NonClass: 76344K(76800K)->76344K(76800K) Class: 11320K(11776K)->11320K(11776K)
[2025-12-22T22:00:57.303+0000][3923.799s][info][gc          ] GC(463) Pause Young (Normal) (G1 Evacuation Pause) 767M->91M(1128M) 3.463ms
[2025-12-22T22:00:57.303+0000][3923.799s][info][gc,cpu      ] GC(463) User=0.00s Sys=0.00s Real=0.00s
[2025-12-22T22:01:05.120+0000][3931.616s][info][gc,start    ] GC(464) Pause Young (Normal) (G1 Evacuation Pause)
[2025-12-22T22:01:05.121+0000][3931.617s][info][gc,task     ] GC(464) Using 3 workers of 3 for evacuation
[2025-12-22T22:01:05.123+0000][3931.619s][info][gc,phases   ] GC(464)   Pre Evacuate Collection Set: 0.1ms
[2025-12-22T22:01:05.123+0000][3931.620s][info][gc,phases   ] GC(464)   Merge Heap Roots: 0.1ms
[2025-12-22T22:01:05.123+0000][3931.620s][info][gc,phases   ] GC(464)   Evacuate Collection Set: 1.1ms
[2025-12-22T22:01:05.124+0000][3931.620s][info][gc,phases   ] GC(464)   Post Evacuate Collection Set: 0.5ms
[2025-12-22T22:01:05.124+0000][3931.620s][info][gc,phases   ] GC(464)   Other: 1.5ms
[2025-12-22T22:01:05.124+0000][3931.620s][info][gc,heap     ] GC(464) Eden regions: 675->0(675)
[2025-12-22T22:01:05.124+0000][3931.620s][info][gc,heap     ] GC(464) Survivor regions: 1->1(85)
[2025-12-22T22:01:05.124+0000][3931.620s][info][gc,heap     ] GC(464) Old regions: 54->54
[2025-12-22T22:01:05.124+0000][3931.620s][info][gc,heap     ] GC(464) Archive regions: 2->2
[2025-12-22T22:01:05.124+0000][3931.620s][info][gc,heap     ] GC(464) Humongous regions: 37->37
[2025-12-22T22:01:05.124+0000][3931.620s][info][gc,metaspace] GC(464) Metaspace: 87665K(88576K)->87665K(88576K) NonClass: 76344K(76800K)->76344K(76800K) Class: 11320K(11776K)->11320K(11776K)
[2025-12-22T22:01:05.124+0000][3931.621s][info][gc          ] GC(464) Pause Young (Normal) (G1 Evacuation Pause) 766M->91M(1128M) 4.290ms
[2025-12-22T22:01:05.124+0000][3931.621s][info][gc,cpu      ] GC(464) User=0.00s Sys=0.00s Real=0.00s
[2025-12-22T22:01:12.996+0000][3939.492s][info][gc,start    ] GC(465) Pause Young (Normal) (G1 Evacuation Pause)
[2025-12-22T22:01:12.996+0000][3939.493s][info][gc,task     ] GC(465) Using 3 workers of 3 for evacuation
[2025-12-22T22:01:12.999+0000][3939.495s][info][gc,phases   ] GC(465)   Pre Evacuate Collection Set: 0.1ms
[2025-12-22T22:01:12.999+0000][3939.495s][info][gc,phases   ] GC(465)   Merge Heap Roots: 0.1ms
[2025-12-22T22:01:12.999+0000][3939.495s][info][gc,phases   ] GC(465)   Evacuate Collection Set: 1.2ms
[2025-12-22T22:01:12.999+0000][3939.495s][info][gc,phases   ] GC(465)   Post Evacuate Collection Set: 0.4ms
[2025-12-22T22:01:12.999+0000][3939.495s][info][gc,phases   ] GC(465)   Other: 1.2ms
[2025-12-22T22:01:12.999+0000][3939.495s][info][gc,heap     ] GC(465) Eden regions: 675->0(675)
[2025-12-22T22:01:12.999+0000][3939.495s][info][gc,heap     ] GC(465) Survivor regions: 1->1(85)
[2025-12-22T22:01:12.999+0000][3939.496s][info][gc,heap     ] GC(465) Old regions: 54->54
[2025-12-22T22:01:12.999+0000][3939.496s][info][gc,heap     ] GC(465) Archive regions: 2->2
[2025-12-22T22:01:13.000+0000][3939.496s][info][gc,heap     ] GC(465) Humongous regions: 37->37
[2025-12-22T22:01:13.000+0000][3939.496s][info][gc,metaspace] GC(465) Metaspace: 87665K(88576K)->87665K(88576K) NonClass: 76344K(76800K)->76344K(76800K) Class: 11320K(11776K)->11320K(11776K)
[2025-12-22T22:01:13.000+0000][3939.496s][info][gc          ] GC(465) Pause Young (Normal) (G1 Evacuation Pause) 766M->92M(1128M) 4.157ms
[2025-12-22T22:01:13.000+0000][3939.496s][info][gc,cpu      ] GC(465) User=0.01s Sys=0.00s Real=0.00s
[2025-12-22T22:01:22.565+0000][3949.061s][info][gc,start    ] GC(466) Pause Young (Normal) (G1 Evacuation Pause)
[2025-12-22T22:01:22.566+0000][3949.062s][info][gc,task     ] GC(466) Using 3 workers of 3 for evacuation
[2025-12-22T22:01:22.568+0000][3949.065s][info][gc,phases   ] GC(466)   Pre Evacuate Collection Set: 0.3ms
[2025-12-22T22:01:22.569+0000][3949.065s][info][gc,phases   ] GC(466)   Merge Heap Roots: 0.1ms
[2025-12-22T22:01:22.569+0000][3949.065s][info][gc,phases   ] GC(466)   Evacuate Collection Set: 1.6ms
[2025-12-22T22:01:22.569+0000][3949.065s][info][gc,phases   ] GC(466)   Post Evacuate Collection Set: 0.6ms
[2025-12-22T22:01:22.569+0000][3949.065s][info][gc,phases   ] GC(466)   Other: 0.9ms
[2025-12-22T22:01:22.569+0000][3949.065s][info][gc,heap     ] GC(466) Eden regions: 675->0(675)
[2025-12-22T22:01:22.569+0000][3949.066s][info][gc,heap     ] GC(466) Survivor regions: 1->1(85)
[2025-12-22T22:01:22.569+0000][3949.066s][info][gc,heap     ] GC(466) Old regions: 54->54
[2025-12-22T22:01:22.569+0000][3949.066s][info][gc,heap     ] GC(466) Archive regions: 2->2
[2025-12-22T22:01:22.570+0000][3949.066s][info][gc,heap     ] GC(466) Humongous regions: 37->37
[2025-12-22T22:01:22.570+0000][3949.066s][info][gc,metaspace] GC(466) Metaspace: 87665K(88576K)->87665K(88576K) NonClass: 76344K(76800K)->76344K(76800K) Class: 11320K(11776K)->11320K(11776K)
[2025-12-22T22:01:22.570+0000][3949.066s][info][gc          ] GC(466) Pause Young (Normal) (G1 Evacuation Pause) 767M->91M(1128M) 4.702ms
[2025-12-22T22:01:22.571+0000][3949.067s][info][gc,cpu      ] GC(466) User=0.00s Sys=0.00s Real=0.00s
[2025-12-22T22:01:30.440+0000][3956.937s][info][gc,start    ] GC(467) Pause Young (Normal) (G1 Evacuation Pause)
[2025-12-22T22:01:30.441+0000][3956.937s][info][gc,task     ] GC(467) Using 3 workers of 3 for evacuation
[2025-12-22T22:01:30.444+0000][3956.940s][info][gc,phases   ] GC(467)   Pre Evacuate Collection Set: 0.3ms
[2025-12-22T22:01:30.444+0000][3956.940s][info][gc,phases   ] GC(467)   Merge Heap Roots: 0.1ms
[2025-12-22T22:01:30.444+0000][3956.940s][info][gc,phases   ] GC(467)   Evacuate Collection Set: 2.1ms
[2025-12-22T22:01:30.444+0000][3956.941s][info][gc,phases   ] GC(467)   Post Evacuate Collection Set: 0.7ms
[2025-12-22T22:01:30.444+0000][3956.941s][info][gc,phases   ] GC(467)   Other: 0.7ms
[2025-12-22T22:01:30.444+0000][3956.941s][info][gc,heap     ] GC(467) Eden regions: 675->0(675)
[2025-12-22T22:01:30.444+0000][3956.941s][info][gc,heap     ] GC(467) Survivor regions: 1->1(85)
[2025-12-22T22:01:30.444+0000][3956.941s][info][gc,heap     ] GC(467) Old regions: 54->54
[2025-12-22T22:01:30.444+0000][3956.941s][info][gc,heap     ] GC(467) Archive regions: 2->2
[2025-12-22T22:01:30.445+0000][3956.941s][info][gc,heap     ] GC(467) Humongous regions: 37->37
[2025-12-22T22:01:30.445+0000][3956.941s][info][gc,metaspace] GC(467) Metaspace: 87665K(88576K)->87665K(88576K) NonClass: 76344K(76800K)->76344K(76800K) Class: 11320K(11776K)->11320K(11776K)
[2025-12-22T22:01:30.445+0000][3956.941s][info][gc          ] GC(467) Pause Young (Normal) (G1 Evacuation Pause) 766M->91M(1128M) 4.289ms
[2025-12-22T22:01:30.445+0000][3956.941s][info][gc,cpu      ] GC(467) User=0.00s Sys=0.00s Real=0.00s
[2025-12-22T22:01:39.844+0000][3966.340s][info][gc,start    ] GC(468) Pause Young (Normal) (G1 Evacuation Pause)
[2025-12-22T22:01:39.845+0000][3966.341s][info][gc,task     ] GC(468) Using 3 workers of 3 for evacuation
[2025-12-22T22:01:39.848+0000][3966.344s][info][gc,phases   ] GC(468)   Pre Evacuate Collection Set: 0.1ms
[2025-12-22T22:01:39.848+0000][3966.344s][info][gc,phases   ] GC(468)   Merge Heap Roots: 0.1ms
[2025-12-22T22:01:39.848+0000][3966.344s][info][gc,phases   ] GC(468)   Evacuate Collection Set: 1.6ms
[2025-12-22T22:01:39.848+0000][3966.344s][info][gc,phases   ] GC(468)   Post Evacuate Collection Set: 0.5ms
[2025-12-22T22:01:39.848+0000][3966.344s][info][gc,phases   ] GC(468)   Other: 1.5ms
[2025-12-22T22:01:39.848+0000][3966.345s][info][gc,heap     ] GC(468) Eden regions: 675->0(675)
[2025-12-22T22:01:39.849+0000][3966.345s][info][gc,heap     ] GC(468) Survivor regions: 1->1(85)
[2025-12-22T22:01:39.849+0000][3966.345s][info][gc,heap     ] GC(468) Old regions: 54->54
[2025-12-22T22:01:39.849+0000][3966.345s][info][gc,heap     ] GC(468) Archive regions: 2->2
[2025-12-22T22:01:39.849+0000][3966.345s][info][gc,heap     ] GC(468) Humongous regions: 37->37
[2025-12-22T22:01:39.849+0000][3966.345s][info][gc,metaspace] GC(468) Metaspace: 87665K(88576K)->87665K(88576K) NonClass: 76344K(76800K)->76344K(76800K) Class: 11320K(11776K)->11320K(11776K)
[2025-12-22T22:01:39.849+0000][3966.345s][info][gc          ] GC(468) Pause Young (Normal) (G1 Evacuation Pause) 766M->92M(1128M) 5.533ms
[2025-12-22T22:01:39.849+0000][3966.346s][info][gc,cpu      ] GC(468) User=0.01s Sys=0.00s Real=0.01s
[2025-12-22T22:01:47.749+0000][3974.246s][info][gc,start    ] GC(469) Pause Young (Normal) (G1 Evacuation Pause)
[2025-12-22T22:01:47.750+0000][3974.246s][info][gc,task     ] GC(469) Using 3 workers of 3 for evacuation
[2025-12-22T22:01:47.752+0000][3974.248s][info][gc,phases   ] GC(469)   Pre Evacuate Collection Set: 0.2ms
[2025-12-22T22:01:47.752+0000][3974.248s][info][gc,phases   ] GC(469)   Merge Heap Roots: 0.1ms
[2025-12-22T22:01:47.752+0000][3974.249s][info][gc,phases   ] GC(469)   Evacuate Collection Set: 1.3ms
[2025-12-22T22:01:47.752+0000][3974.249s][info][gc,phases   ] GC(469)   Post Evacuate Collection Set: 0.5ms
[2025-12-22T22:01:47.752+0000][3974.249s][info][gc,phases   ] GC(469)   Other: 0.8ms
[2025-12-22T22:01:47.752+0000][3974.249s][info][gc,heap     ] GC(469) Eden regions: 675->0(675)
[2025-12-22T22:01:47.753+0000][3974.249s][info][gc,heap     ] GC(469) Survivor regions: 1->1(85)
[2025-12-22T22:01:47.753+0000][3974.249s][info][gc,heap     ] GC(469) Old regions: 54->54
[2025-12-22T22:01:47.753+0000][3974.249s][info][gc,heap     ] GC(469) Archive regions: 2->2
[2025-12-22T22:01:47.753+0000][3974.249s][info][gc,heap     ] GC(469) Humongous regions: 37->37
[2025-12-22T22:01:47.753+0000][3974.249s][info][gc,metaspace] GC(469) Metaspace: 87665K(88576K)->87665K(88576K) NonClass: 76344K(76800K)->76344K(76800K) Class: 11320K(11776K)->11320K(11776K)
[2025-12-22T22:01:47.753+0000][3974.249s][info][gc          ] GC(469) Pause Young (Normal) (G1 Evacuation Pause) 767M->91M(1128M) 3.541ms
[2025-12-22T22:01:47.753+0000][3974.249s][info][gc,cpu      ] GC(469) User=0.01s Sys=0.00s Real=0.00s
[2025-12-22T22:01:57.317+0000][3983.813s][info][gc,start    ] GC(470) Pause Young (Normal) (G1 Evacuation Pause)
[2025-12-22T22:01:57.317+0000][3983.813s][info][gc,task     ] GC(470) Using 3 workers of 3 for evacuation
[2025-12-22T22:01:57.320+0000][3983.816s][info][gc,phases   ] GC(470)   Pre Evacuate Collection Set: 0.1ms
[2025-12-22T22:01:57.320+0000][3983.816s][info][gc,phases   ] GC(470)   Merge Heap Roots: 0.2ms
[2025-12-22T22:01:57.320+0000][3983.816s][info][gc,phases   ] GC(470)   Evacuate Collection Set: 1.3ms
[2025-12-22T22:01:57.320+0000][3983.817s][info][gc,phases   ] GC(470)   Post Evacuate Collection Set: 0.9ms
[2025-12-22T22:01:57.320+0000][3983.817s][info][gc,phases   ] GC(470)   Other: 0.7ms
[2025-12-22T22:01:57.320+0000][3983.817s][info][gc,heap     ] GC(470) Eden regions: 675->0(675)
[2025-12-22T22:01:57.320+0000][3983.817s][info][gc,heap     ] GC(470) Survivor regions: 1->1(85)
[2025-12-22T22:01:57.321+0000][3983.817s][info][gc,heap     ] GC(470) Old regions: 54->54
[2025-12-22T22:01:57.321+0000][3983.817s][info][gc,heap     ] GC(470) Archive regions: 2->2
[2025-12-22T22:01:57.321+0000][3983.817s][info][gc,heap     ] GC(470) Humongous regions: 37->37
[2025-12-22T22:01:57.321+0000][3983.817s][info][gc,metaspace] GC(470) Metaspace: 87665K(88576K)->87665K(88576K) NonClass: 76344K(76800K)->76344K(76800K) Class: 11320K(11776K)->11320K(11776K)
[2025-12-22T22:01:57.321+0000][3983.817s][info][gc          ] GC(470) Pause Young (Normal) (G1 Evacuation Pause) 766M->92M(1128M) 3.916ms
[2025-12-22T22:01:57.321+0000][3983.817s][info][gc,cpu      ] GC(470) User=0.00s Sys=0.00s Real=0.00s
[2025-12-22T22:02:05.314+0000][3991.810s][info][gc,start    ] GC(471) Pause Young (Normal) (G1 Evacuation Pause)
[2025-12-22T22:02:05.314+0000][3991.811s][info][gc,task     ] GC(471) Using 3 workers of 3 for evacuation
[2025-12-22T22:02:05.318+0000][3991.814s][info][gc,phases   ] GC(471)   Pre Evacuate Collection Set: 0.4ms
[2025-12-22T22:02:05.318+0000][3991.815s][info][gc,phases   ] GC(471)   Merge Heap Roots: 0.1ms
[2025-12-22T22:02:05.318+0000][3991.815s][info][gc,phases   ] GC(471)   Evacuate Collection Set: 2.2ms
[2025-12-22T22:02:05.319+0000][3991.815s][info][gc,phases   ] GC(471)   Post Evacuate Collection Set: 1.1ms
[2025-12-22T22:02:05.319+0000][3991.815s][info][gc,phases   ] GC(471)   Other: 0.5ms
[2025-12-22T22:02:05.319+0000][3991.815s][info][gc,heap     ] GC(471) Eden regions: 675->0(675)
[2025-12-22T22:02:05.319+0000][3991.815s][info][gc,heap     ] GC(471) Survivor regions: 1->1(85)
[2025-12-22T22:02:05.319+0000][3991.815s][info][gc,heap     ] GC(471) Old regions: 54->54
[2025-12-22T22:02:05.319+0000][3991.815s][info][gc,heap     ] GC(471) Archive regions: 2->2
[2025-12-22T22:02:05.319+0000][3991.815s][info][gc,heap     ] GC(471) Humongous regions: 37->37
[2025-12-22T22:02:05.319+0000][3991.815s][info][gc,metaspace] GC(471) Metaspace: 87665K(88576K)->87665K(88576K) NonClass: 76344K(76800K)->76344K(76800K) Class: 11320K(11776K)->11320K(11776K)
[2025-12-22T22:02:05.319+0000][3991.815s][info][gc          ] GC(471) Pause Young (Normal) (G1 Evacuation Pause) 767M->92M(1128M) 5.142ms
[2025-12-22T22:02:05.319+0000][3991.816s][info][gc,cpu      ] GC(471) User=0.01s Sys=0.00s Real=0.01s
[2025-12-22T22:02:13.529+0000][4000.025s][info][gc,start    ] GC(472) Pause Young (Normal) (G1 Evacuation Pause)
[2025-12-22T22:02:13.529+0000][4000.026s][info][gc,task     ] GC(472) Using 3 workers of 3 for evacuation
[2025-12-22T22:02:13.532+0000][4000.028s][info][gc,phases   ] GC(472)   Pre Evacuate Collection Set: 0.1ms
[2025-12-22T22:02:13.532+0000][4000.028s][info][gc,phases   ] GC(472)   Merge Heap Roots: 0.1ms
[2025-12-22T22:02:13.532+0000][4000.029s][info][gc,phases   ] GC(472)   Evacuate Collection Set: 1.8ms
[2025-12-22T22:02:13.532+0000][4000.029s][info][gc,phases   ] GC(472)   Post Evacuate Collection Set: 0.5ms
[2025-12-22T22:02:13.532+0000][4000.029s][info][gc,phases   ] GC(472)   Other: 0.5ms
[2025-12-22T22:02:13.532+0000][4000.029s][info][gc,heap     ] GC(472) Eden regions: 675->0(675)
[2025-12-22T22:02:13.533+0000][4000.029s][info][gc,heap     ] GC(472) Survivor regions: 1->1(85)
[2025-12-22T22:02:13.533+0000][4000.029s][info][gc,heap     ] GC(472) Old regions: 54->54
[2025-12-22T22:02:13.533+0000][4000.029s][info][gc,heap     ] GC(472) Archive regions: 2->2
[2025-12-22T22:02:13.533+0000][4000.029s][info][gc,heap     ] GC(472) Humongous regions: 37->37
[2025-12-22T22:02:13.533+0000][4000.029s][info][gc,metaspace] GC(472) Metaspace: 87665K(88576K)->87665K(88576K) NonClass: 76344K(76800K)->76344K(76800K) Class: 11320K(11776K)->11320K(11776K)
[2025-12-22T22:02:13.533+0000][4000.029s][info][gc          ] GC(472) Pause Young (Normal) (G1 Evacuation Pause) 767M->91M(1128M) 3.786ms
[2025-12-22T22:02:13.533+0000][4000.029s][info][gc,cpu      ] GC(472) User=0.01s Sys=0.00s Real=0.00s
[2025-12-22T22:02:22.925+0000][4009.421s][info][gc,start    ] GC(473) Pause Young (Normal) (G1 Evacuation Pause)
[2025-12-22T22:02:22.925+0000][4009.422s][info][gc,task     ] GC(473) Using 3 workers of 3 for evacuation
[2025-12-22T22:02:22.928+0000][4009.424s][info][gc,phases   ] GC(473)   Pre Evacuate Collection Set: 0.2ms
[2025-12-22T22:02:22.928+0000][4009.424s][info][gc,phases   ] GC(473)   Merge Heap Roots: 0.1ms
[2025-12-22T22:02:22.928+0000][4009.424s][info][gc,phases   ] GC(473)   Evacuate Collection Set: 1.4ms
[2025-12-22T22:02:22.928+0000][4009.424s][info][gc,phases   ] GC(473)   Post Evacuate Collection Set: 0.5ms
[2025-12-22T22:02:22.928+0000][4009.424s][info][gc,phases   ] GC(473)   Other: 1.0ms
[2025-12-22T22:02:22.928+0000][4009.425s][info][gc,heap     ] GC(473) Eden regions: 675->0(675)
[2025-12-22T22:02:22.928+0000][4009.425s][info][gc,heap     ] GC(473) Survivor regions: 1->1(85)
[2025-12-22T22:02:22.928+0000][4009.425s][info][gc,heap     ] GC(473) Old regions: 54->54
[2025-12-22T22:02:22.929+0000][4009.425s][info][gc,heap     ] GC(473) Archive regions: 2->2
[2025-12-22T22:02:22.929+0000][4009.425s][info][gc,heap     ] GC(473) Humongous regions: 37->37
[2025-12-22T22:02:22.929+0000][4009.425s][info][gc,metaspace] GC(473) Metaspace: 87665K(88576K)->87665K(88576K) NonClass: 76344K(76800K)->76344K(76800K) Class: 11320K(11776K)->11320K(11776K)
[2025-12-22T22:02:22.929+0000][4009.425s][info][gc          ] GC(473) Pause Young (Normal) (G1 Evacuation Pause) 766M->92M(1128M) 4.040ms
[2025-12-22T22:02:22.929+0000][4009.425s][info][gc,cpu      ] GC(473) User=0.01s Sys=0.00s Real=0.00s
[2025-12-22T22:02:30.667+0000][4017.163s][info][gc,start    ] GC(474) Pause Young (Normal) (G1 Evacuation Pause)
[2025-12-22T22:02:30.668+0000][4017.165s][info][gc,task     ] GC(474) Using 3 workers of 3 for evacuation
[2025-12-22T22:02:30.671+0000][4017.167s][info][gc,phases   ] GC(474)   Pre Evacuate Collection Set: 0.2ms
[2025-12-22T22:02:30.671+0000][4017.167s][info][gc,phases   ] GC(474)   Merge Heap Roots: 0.1ms
[2025-12-22T22:02:30.671+0000][4017.167s][info][gc,phases   ] GC(474)   Evacuate Collection Set: 1.3ms
[2025-12-22T22:02:30.671+0000][4017.167s][info][gc,phases   ] GC(474)   Post Evacuate Collection Set: 0.5ms
[2025-12-22T22:02:30.671+0000][4017.168s][info][gc,phases   ] GC(474)   Other: 1.5ms
[2025-12-22T22:02:30.671+0000][4017.168s][info][gc,heap     ] GC(474) Eden regions: 675->0(675)
[2025-12-22T22:02:30.672+0000][4017.168s][info][gc,heap     ] GC(474) Survivor regions: 1->1(85)
[2025-12-22T22:02:30.672+0000][4017.168s][info][gc,heap     ] GC(474) Old regions: 54->54
[2025-12-22T22:02:30.672+0000][4017.168s][info][gc,heap     ] GC(474) Archive regions: 2->2
[2025-12-22T22:02:30.672+0000][4017.168s][info][gc,heap     ] GC(474) Humongous regions: 37->37
[2025-12-22T22:02:30.672+0000][4017.168s][info][gc,metaspace] GC(474) Metaspace: 87665K(88576K)->87665K(88576K) NonClass: 76344K(76800K)->76344K(76800K) Class: 11320K(11776K)->11320K(11776K)
[2025-12-22T22:02:30.672+0000][4017.169s][info][gc          ] GC(474) Pause Young (Normal) (G1 Evacuation Pause) 767M->92M(1128M) 5.121ms
[2025-12-22T22:02:30.672+0000][4017.169s][info][gc,cpu      ] GC(474) User=0.00s Sys=0.00s Real=0.00s
[2025-12-22T22:02:40.299+0000][4026.795s][info][gc,start    ] GC(475) Pause Young (Normal) (G1 Evacuation Pause)
[2025-12-22T22:02:40.299+0000][4026.796s][info][gc,task     ] GC(475) Using 3 workers of 3 for evacuation
[2025-12-22T22:02:40.303+0000][4026.799s][info][gc,phases   ] GC(475)   Pre Evacuate Collection Set: 0.3ms
[2025-12-22T22:02:40.303+0000][4026.799s][info][gc,phases   ] GC(475)   Merge Heap Roots: 0.1ms
[2025-12-22T22:02:40.303+0000][4026.799s][info][gc,phases   ] GC(475)   Evacuate Collection Set: 2.3ms
[2025-12-22T22:02:40.303+0000][4026.799s][info][gc,phases   ] GC(475)   Post Evacuate Collection Set: 0.7ms
[2025-12-22T22:02:40.303+0000][4026.799s][info][gc,phases   ] GC(475)   Other: 0.7ms
[2025-12-22T22:02:40.303+0000][4026.800s][info][gc,heap     ] GC(475) Eden regions: 675->0(675)
[2025-12-22T22:02:40.303+0000][4026.800s][info][gc,heap     ] GC(475) Survivor regions: 1->1(85)
[2025-12-22T22:02:40.303+0000][4026.800s][info][gc,heap     ] GC(475) Old regions: 54->54
[2025-12-22T22:02:40.303+0000][4026.800s][info][gc,heap     ] GC(475) Archive regions: 2->2
[2025-12-22T22:02:40.303+0000][4026.800s][info][gc,heap     ] GC(475) Humongous regions: 37->37
[2025-12-22T22:02:40.304+0000][4026.800s][info][gc,metaspace] GC(475) Metaspace: 87665K(88576K)->87665K(88576K) NonClass: 76344K(76800K)->76344K(76800K) Class: 11320K(11776K)->11320K(11776K)
[2025-12-22T22:02:40.304+0000][4026.800s][info][gc          ] GC(475) Pause Young (Normal) (G1 Evacuation Pause) 767M->92M(1128M) 4.736ms
[2025-12-22T22:02:40.304+0000][4026.800s][info][gc,cpu      ] GC(475) User=0.01s Sys=0.00s Real=0.00s
[2025-12-22T22:02:48.421+0000][4034.917s][info][gc,start    ] GC(476) Pause Young (Normal) (G1 Evacuation Pause)
[2025-12-22T22:02:48.421+0000][4034.917s][info][gc,task     ] GC(476) Using 3 workers of 3 for evacuation
[2025-12-22T22:02:48.423+0000][4034.920s][info][gc,phases   ] GC(476)   Pre Evacuate Collection Set: 0.2ms
[2025-12-22T22:02:48.424+0000][4034.920s][info][gc,phases   ] GC(476)   Merge Heap Roots: 0.1ms
[2025-12-22T22:02:48.424+0000][4034.920s][info][gc,phases   ] GC(476)   Evacuate Collection Set: 1.3ms
[2025-12-22T22:02:48.424+0000][4034.920s][info][gc,phases   ] GC(476)   Post Evacuate Collection Set: 0.4ms
[2025-12-22T22:02:48.424+0000][4034.920s][info][gc,phases   ] GC(476)   Other: 0.8ms
[2025-12-22T22:02:48.424+0000][4034.920s][info][gc,heap     ] GC(476) Eden regions: 675->0(675)
[2025-12-22T22:02:48.424+0000][4034.920s][info][gc,heap     ] GC(476) Survivor regions: 1->1(85)
[2025-12-22T22:02:48.424+0000][4034.920s][info][gc,heap     ] GC(476) Old regions: 54->54
[2025-12-22T22:02:48.424+0000][4034.920s][info][gc,heap     ] GC(476) Archive regions: 2->2
[2025-12-22T22:02:48.424+0000][4034.920s][info][gc,heap     ] GC(476) Humongous regions: 37->37
[2025-12-22T22:02:48.424+0000][4034.920s][info][gc,metaspace] GC(476) Metaspace: 87665K(88576K)->87665K(88576K) NonClass: 76344K(76800K)->76344K(76800K) Class: 11320K(11776K)->11320K(11776K)
[2025-12-22T22:02:48.424+0000][4034.921s][info][gc          ] GC(476) Pause Young (Normal) (G1 Evacuation Pause) 767M->92M(1128M) 3.675ms
[2025-12-22T22:02:48.424+0000][4034.921s][info][gc,cpu      ] GC(476) User=0.00s Sys=0.00s Real=0.00s
[2025-12-22T22:02:57.909+0000][4044.405s][info][gc,start    ] GC(477) Pause Young (Normal) (G1 Evacuation Pause)
[2025-12-22T22:02:57.910+0000][4044.406s][info][gc,task     ] GC(477) Using 3 workers of 3 for evacuation
[2025-12-22T22:02:57.912+0000][4044.409s][info][gc,phases   ] GC(477)   Pre Evacuate Collection Set: 0.2ms
[2025-12-22T22:02:57.913+0000][4044.409s][info][gc,phases   ] GC(477)   Merge Heap Roots: 0.1ms
[2025-12-22T22:02:57.913+0000][4044.409s][info][gc,phases   ] GC(477)   Evacuate Collection Set: 1.7ms
[2025-12-22T22:02:57.913+0000][4044.409s][info][gc,phases   ] GC(477)   Post Evacuate Collection Set: 0.5ms
[2025-12-22T22:02:57.913+0000][4044.409s][info][gc,phases   ] GC(477)   Other: 0.7ms
[2025-12-22T22:02:57.913+0000][4044.409s][info][gc,heap     ] GC(477) Eden regions: 675->0(675)
[2025-12-22T22:02:57.913+0000][4044.409s][info][gc,heap     ] GC(477) Survivor regions: 1->1(85)
[2025-12-22T22:02:57.913+0000][4044.410s][info][gc,heap     ] GC(477) Old regions: 54->54
[2025-12-22T22:02:57.913+0000][4044.410s][info][gc,heap     ] GC(477) Archive regions: 2->2
[2025-12-22T22:02:57.913+0000][4044.410s][info][gc,heap     ] GC(477) Humongous regions: 37->37
[2025-12-22T22:02:57.913+0000][4044.410s][info][gc,metaspace] GC(477) Metaspace: 87665K(88576K)->87665K(88576K) NonClass: 76344K(76800K)->76344K(76800K) Class: 11320K(11776K)->11320K(11776K)
[2025-12-22T22:02:57.914+0000][4044.410s][info][gc          ] GC(477) Pause Young (Normal) (G1 Evacuation Pause) 767M->92M(1128M) 4.366ms
[2025-12-22T22:02:57.914+0000][4044.410s][info][gc,cpu      ] GC(477) User=0.00s Sys=0.00s Real=0.00s
[2025-12-22T22:03:05.948+0000][4052.445s][info][gc,start    ] GC(478) Pause Young (Normal) (G1 Evacuation Pause)
[2025-12-22T22:03:05.949+0000][4052.445s][info][gc,task     ] GC(478) Using 3 workers of 3 for evacuation
[2025-12-22T22:03:05.953+0000][4052.449s][info][gc,phases   ] GC(478)   Pre Evacuate Collection Set: 0.3ms
[2025-12-22T22:03:05.953+0000][4052.449s][info][gc,phases   ] GC(478)   Merge Heap Roots: 0.1ms
[2025-12-22T22:03:05.953+0000][4052.449s][info][gc,phases   ] GC(478)   Evacuate Collection Set: 2.4ms
[2025-12-22T22:03:05.953+0000][4052.449s][info][gc,phases   ] GC(478)   Post Evacuate Collection Set: 1.1ms
[2025-12-22T22:03:05.953+0000][4052.449s][info][gc,phases   ] GC(478)   Other: 0.7ms
[2025-12-22T22:03:05.953+0000][4052.449s][info][gc,heap     ] GC(478) Eden regions: 675->0(675)
[2025-12-22T22:03:05.953+0000][4052.449s][info][gc,heap     ] GC(478) Survivor regions: 1->1(85)
[2025-12-22T22:03:05.953+0000][4052.449s][info][gc,heap     ] GC(478) Old regions: 54->54
[2025-12-22T22:03:05.953+0000][4052.450s][info][gc,heap     ] GC(478) Archive regions: 2->2
[2025-12-22T22:03:05.953+0000][4052.450s][info][gc,heap     ] GC(478) Humongous regions: 37->37
[2025-12-22T22:03:05.953+0000][4052.450s][info][gc,metaspace] GC(478) Metaspace: 87665K(88576K)->87665K(88576K) NonClass: 76344K(76800K)->76344K(76800K) Class: 11320K(11776K)->11320K(11776K)
[2025-12-22T22:03:05.954+0000][4052.450s][info][gc          ] GC(478) Pause Young (Normal) (G1 Evacuation Pause) 767M->92M(1128M) 5.258ms
[2025-12-22T22:03:05.954+0000][4052.450s][info][gc,cpu      ] GC(478) User=0.01s Sys=0.00s Real=0.00s
[2025-12-22T22:03:14.164+0000][4060.661s][info][gc,start    ] GC(479) Pause Young (Normal) (G1 Evacuation Pause)
[2025-12-22T22:03:14.165+0000][4060.661s][info][gc,task     ] GC(479) Using 3 workers of 3 for evacuation
[2025-12-22T22:03:14.167+0000][4060.663s][info][gc,phases   ] GC(479)   Pre Evacuate Collection Set: 0.2ms
[2025-12-22T22:03:14.167+0000][4060.663s][info][gc,phases   ] GC(479)   Merge Heap Roots: 0.1ms
[2025-12-22T22:03:14.167+0000][4060.664s][info][gc,phases   ] GC(479)   Evacuate Collection Set: 1.4ms
[2025-12-22T22:03:14.167+0000][4060.664s][info][gc,phases   ] GC(479)   Post Evacuate Collection Set: 0.4ms
[2025-12-22T22:03:14.167+0000][4060.664s][info][gc,phases   ] GC(479)   Other: 0.8ms
[2025-12-22T22:03:14.168+0000][4060.664s][info][gc,heap     ] GC(479) Eden regions: 675->0(675)
[2025-12-22T22:03:14.168+0000][4060.664s][info][gc,heap     ] GC(479) Survivor regions: 1->1(85)
[2025-12-22T22:03:14.168+0000][4060.664s][info][gc,heap     ] GC(479) Old regions: 54->54
[2025-12-22T22:03:14.168+0000][4060.664s][info][gc,heap     ] GC(479) Archive regions: 2->2
[2025-12-22T22:03:14.168+0000][4060.664s][info][gc,heap     ] GC(479) Humongous regions: 37->37
[2025-12-22T22:03:14.168+0000][4060.664s][info][gc,metaspace] GC(479) Metaspace: 87665K(88576K)->87665K(88576K) NonClass: 76344K(76800K)->76344K(76800K) Class: 11320K(11776K)->11320K(11776K)
[2025-12-22T22:03:14.168+0000][4060.664s][info][gc          ] GC(479) Pause Young (Normal) (G1 Evacuation Pause) 767M->92M(1128M) 3.817ms
[2025-12-22T22:03:14.168+0000][4060.664s][info][gc,cpu      ] GC(479) User=0.00s Sys=0.00s Real=0.01s
[2025-12-22T22:03:24.123+0000][4070.619s][info][gc,start    ] GC(480) Pause Young (Normal) (G1 Evacuation Pause)
[2025-12-22T22:03:24.124+0000][4070.621s][info][gc,task     ] GC(480) Using 3 workers of 3 for evacuation
[2025-12-22T22:03:24.129+0000][4070.626s][info][gc,phases   ] GC(480)   Pre Evacuate Collection Set: 0.5ms
[2025-12-22T22:03:24.130+0000][4070.626s][info][gc,phases   ] GC(480)   Merge Heap Roots: 0.2ms
[2025-12-22T22:03:24.130+0000][4070.626s][info][gc,phases   ] GC(480)   Evacuate Collection Set: 2.9ms
[2025-12-22T22:03:24.130+0000][4070.626s][info][gc,phases   ] GC(480)   Post Evacuate Collection Set: 1.2ms
[2025-12-22T22:03:24.130+0000][4070.626s][info][gc,phases   ] GC(480)   Other: 1.6ms
[2025-12-22T22:03:24.130+0000][4070.626s][info][gc,heap     ] GC(480) Eden regions: 675->0(675)
[2025-12-22T22:03:24.130+0000][4070.626s][info][gc,heap     ] GC(480) Survivor regions: 1->1(85)
[2025-12-22T22:03:24.130+0000][4070.627s][info][gc,heap     ] GC(480) Old regions: 54->54
[2025-12-22T22:03:24.130+0000][4070.627s][info][gc,heap     ] GC(480) Archive regions: 2->2
[2025-12-22T22:03:24.131+0000][4070.627s][info][gc,heap     ] GC(480) Humongous regions: 37->37
[2025-12-22T22:03:24.131+0000][4070.627s][info][gc,metaspace] GC(480) Metaspace: 87665K(88576K)->87665K(88576K) NonClass: 76344K(76800K)->76344K(76800K) Class: 11320K(11776K)->11320K(11776K)
[2025-12-22T22:03:24.131+0000][4070.627s][info][gc          ] GC(480) Pause Young (Normal) (G1 Evacuation Pause) 767M->92M(1128M) 7.562ms
[2025-12-22T22:03:24.131+0000][4070.627s][info][gc,cpu      ] GC(480) User=0.01s Sys=0.00s Real=0.01s
[2025-12-22T22:03:32.154+0000][4078.650s][info][gc,start    ] GC(481) Pause Young (Normal) (G1 Evacuation Pause)
[2025-12-22T22:03:32.155+0000][4078.651s][info][gc,task     ] GC(481) Using 3 workers of 3 for evacuation
[2025-12-22T22:03:32.158+0000][4078.654s][info][gc,phases   ] GC(481)   Pre Evacuate Collection Set: 0.2ms
[2025-12-22T22:03:32.158+0000][4078.654s][info][gc,phases   ] GC(481)   Merge Heap Roots: 0.2ms
[2025-12-22T22:03:32.158+0000][4078.654s][info][gc,phases   ] GC(481)   Evacuate Collection Set: 1.9ms
[2025-12-22T22:03:32.158+0000][4078.655s][info][gc,phases   ] GC(481)   Post Evacuate Collection Set: 0.6ms
[2025-12-22T22:03:32.158+0000][4078.655s][info][gc,phases   ] GC(481)   Other: 1.4ms
[2025-12-22T22:03:32.159+0000][4078.655s][info][gc,heap     ] GC(481) Eden regions: 675->0(675)
[2025-12-22T22:03:32.159+0000][4078.655s][info][gc,heap     ] GC(481) Survivor regions: 1->1(85)
[2025-12-22T22:03:32.159+0000][4078.655s][info][gc,heap     ] GC(481) Old regions: 54->54
[2025-12-22T22:03:32.159+0000][4078.655s][info][gc,heap     ] GC(481) Archive regions: 2->2
[2025-12-22T22:03:32.159+0000][4078.655s][info][gc,heap     ] GC(481) Humongous regions: 37->37
[2025-12-22T22:03:32.159+0000][4078.655s][info][gc,metaspace] GC(481) Metaspace: 87665K(88576K)->87665K(88576K) NonClass: 76344K(76800K)->76344K(76800K) Class: 11320K(11776K)->11320K(11776K)
[2025-12-22T22:03:32.159+0000][4078.656s][info][gc          ] GC(481) Pause Young (Normal) (G1 Evacuation Pause) 767M->92M(1128M) 5.504ms
[2025-12-22T22:03:32.159+0000][4078.656s][info][gc,cpu      ] GC(481) User=0.00s Sys=0.00s Real=0.01s
[2025-12-22T22:03:41.643+0000][4088.139s][info][gc,start    ] GC(482) Pause Young (Normal) (G1 Evacuation Pause)
[2025-12-22T22:03:41.644+0000][4088.140s][info][gc,task     ] GC(482) Using 3 workers of 3 for evacuation
[2025-12-22T22:03:41.646+0000][4088.143s][info][gc,phases   ] GC(482)   Pre Evacuate Collection Set: 0.5ms
[2025-12-22T22:03:41.647+0000][4088.143s][info][gc,phases   ] GC(482)   Merge Heap Roots: 0.1ms
[2025-12-22T22:03:41.647+0000][4088.143s][info][gc,phases   ] GC(482)   Evacuate Collection Set: 1.6ms
[2025-12-22T22:03:41.647+0000][4088.143s][info][gc,phases   ] GC(482)   Post Evacuate Collection Set: 0.4ms
[2025-12-22T22:03:41.647+0000][4088.143s][info][gc,phases   ] GC(482)   Other: 0.7ms
[2025-12-22T22:03:41.647+0000][4088.143s][info][gc,heap     ] GC(482) Eden regions: 675->0(675)
[2025-12-22T22:03:41.647+0000][4088.143s][info][gc,heap     ] GC(482) Survivor regions: 1->1(85)
[2025-12-22T22:03:41.647+0000][4088.143s][info][gc,heap     ] GC(482) Old regions: 54->54
[2025-12-22T22:03:41.647+0000][4088.143s][info][gc,heap     ] GC(482) Archive regions: 2->2
[2025-12-22T22:03:41.647+0000][4088.144s][info][gc,heap     ] GC(482) Humongous regions: 37->37
[2025-12-22T22:03:41.647+0000][4088.144s][info][gc,metaspace] GC(482) Metaspace: 87665K(88576K)->87665K(88576K) NonClass: 76344K(76800K)->76344K(76800K) Class: 11320K(11776K)->11320K(11776K)
[2025-12-22T22:03:41.647+0000][4088.144s][info][gc          ] GC(482) Pause Young (Normal) (G1 Evacuation Pause) 767M->92M(1128M) 4.356ms
[2025-12-22T22:03:41.648+0000][4088.144s][info][gc,cpu      ] GC(482) User=0.00s Sys=0.00s Real=0.01s
[2025-12-22T22:03:49.536+0000][4096.033s][info][gc,start    ] GC(483) Pause Young (Normal) (G1 Evacuation Pause)
[2025-12-22T22:03:49.537+0000][4096.033s][info][gc,task     ] GC(483) Using 3 workers of 3 for evacuation
[2025-12-22T22:03:49.539+0000][4096.035s][info][gc,phases   ] GC(483)   Pre Evacuate Collection Set: 0.1ms
[2025-12-22T22:03:49.539+0000][4096.035s][info][gc,phases   ] GC(483)   Merge Heap Roots: 0.1ms
[2025-12-22T22:03:49.539+0000][4096.036s][info][gc,phases   ] GC(483)   Evacuate Collection Set: 1.0ms
[2025-12-22T22:03:49.539+0000][4096.036s][info][gc,phases   ] GC(483)   Post Evacuate Collection Set: 0.3ms
[2025-12-22T22:03:49.540+0000][4096.036s][info][gc,phases   ] GC(483)   Other: 1.3ms
[2025-12-22T22:03:49.540+0000][4096.036s][info][gc,heap     ] GC(483) Eden regions: 675->0(675)
[2025-12-22T22:03:49.540+0000][4096.036s][info][gc,heap     ] GC(483) Survivor regions: 1->1(85)
[2025-12-22T22:03:49.540+0000][4096.036s][info][gc,heap     ] GC(483) Old regions: 54->54
[2025-12-22T22:03:49.540+0000][4096.036s][info][gc,heap     ] GC(483) Archive regions: 2->2
[2025-12-22T22:03:49.540+0000][4096.036s][info][gc,heap     ] GC(483) Humongous regions: 37->37
[2025-12-22T22:03:49.540+0000][4096.036s][info][gc,metaspace] GC(483) Metaspace: 87665K(88576K)->87665K(88576K) NonClass: 76344K(76800K)->76344K(76800K) Class: 11320K(11776K)->11320K(11776K)
[2025-12-22T22:03:49.540+0000][4096.036s][info][gc          ] GC(483) Pause Young (Normal) (G1 Evacuation Pause) 767M->92M(1128M) 3.914ms
[2025-12-22T22:03:49.540+0000][4096.037s][info][gc,cpu      ] GC(483) User=0.01s Sys=0.01s Real=0.00s
[2025-12-22T22:03:57.927+0000][4104.423s][info][gc,start    ] GC(484) Pause Young (Normal) (G1 Evacuation Pause)
[2025-12-22T22:03:57.928+0000][4104.424s][info][gc,task     ] GC(484) Using 3 workers of 3 for evacuation
[2025-12-22T22:03:57.931+0000][4104.427s][info][gc,phases   ] GC(484)   Pre Evacuate Collection Set: 0.4ms
[2025-12-22T22:03:57.931+0000][4104.427s][info][gc,phases   ] GC(484)   Merge Heap Roots: 0.1ms
[2025-12-22T22:03:57.931+0000][4104.427s][info][gc,phases   ] GC(484)   Evacuate Collection Set: 1.8ms
[2025-12-22T22:03:57.931+0000][4104.427s][info][gc,phases   ] GC(484)   Post Evacuate Collection Set: 0.7ms
[2025-12-22T22:03:57.931+0000][4104.428s][info][gc,phases   ] GC(484)   Other: 1.0ms
[2025-12-22T22:03:57.931+0000][4104.428s][info][gc,heap     ] GC(484) Eden regions: 675->0(675)
[2025-12-22T22:03:57.932+0000][4104.428s][info][gc,heap     ] GC(484) Survivor regions: 1->1(85)
[2025-12-22T22:03:57.932+0000][4104.428s][info][gc,heap     ] GC(484) Old regions: 54->54
[2025-12-22T22:03:57.932+0000][4104.428s][info][gc,heap     ] GC(484) Archive regions: 2->2
[2025-12-22T22:03:57.932+0000][4104.428s][info][gc,heap     ] GC(484) Humongous regions: 37->37
[2025-12-22T22:03:57.932+0000][4104.428s][info][gc,metaspace] GC(484) Metaspace: 87665K(88576K)->87665K(88576K) NonClass: 76344K(76800K)->76344K(76800K) Class: 11320K(11776K)->11320K(11776K)
[2025-12-22T22:03:57.932+0000][4104.428s][info][gc          ] GC(484) Pause Young (Normal) (G1 Evacuation Pause) 767M->92M(1128M) 5.077ms
[2025-12-22T22:03:57.932+0000][4104.428s][info][gc,cpu      ] GC(484) User=0.01s Sys=0.00s Real=0.00s
[2025-12-22T22:04:07.096+0000][4113.592s][info][gc,start    ] GC(485) Pause Young (Normal) (G1 Evacuation Pause)
[2025-12-22T22:04:07.098+0000][4113.594s][info][gc,task     ] GC(485) Using 3 workers of 3 for evacuation
[2025-12-22T22:04:07.101+0000][4113.598s][info][gc,phases   ] GC(485)   Pre Evacuate Collection Set: 0.3ms
[2025-12-22T22:04:07.102+0000][4113.598s][info][gc,phases   ] GC(485)   Merge Heap Roots: 0.2ms
[2025-12-22T22:04:07.102+0000][4113.598s][info][gc,phases   ] GC(485)   Evacuate Collection Set: 2.0ms
[2025-12-22T22:04:07.102+0000][4113.598s][info][gc,phases   ] GC(485)   Post Evacuate Collection Set: 0.9ms
[2025-12-22T22:04:07.102+0000][4113.598s][info][gc,phases   ] GC(485)   Other: 2.1ms
[2025-12-22T22:04:07.102+0000][4113.599s][info][gc,heap     ] GC(485) Eden regions: 675->0(675)
[2025-12-22T22:04:07.103+0000][4113.599s][info][gc,heap     ] GC(485) Survivor regions: 1->1(85)
[2025-12-22T22:04:07.103+0000][4113.599s][info][gc,heap     ] GC(485) Old regions: 54->54
[2025-12-22T22:04:07.103+0000][4113.599s][info][gc,heap     ] GC(485) Archive regions: 2->2
[2025-12-22T22:04:07.103+0000][4113.599s][info][gc,heap     ] GC(485) Humongous regions: 37->37
[2025-12-22T22:04:07.103+0000][4113.599s][info][gc,metaspace] GC(485) Metaspace: 87665K(88576K)->87665K(88576K) NonClass: 76344K(76800K)->76344K(76800K) Class: 11320K(11776K)->11320K(11776K)
[2025-12-22T22:04:07.103+0000][4113.600s][info][gc          ] GC(485) Pause Young (Normal) (G1 Evacuation Pause) 767M->92M(1128M) 7.226ms
[2025-12-22T22:04:07.104+0000][4113.600s][info][gc,cpu      ] GC(485) User=0.00s Sys=0.00s Real=0.00s
[2025-12-22T22:04:15.706+0000][4122.202s][info][gc,start    ] GC(486) Pause Young (Normal) (G1 Evacuation Pause)
[2025-12-22T22:04:15.708+0000][4122.204s][info][gc,task     ] GC(486) Using 3 workers of 3 for evacuation
[2025-12-22T22:04:15.710+0000][4122.206s][info][gc,phases   ] GC(486)   Pre Evacuate Collection Set: 0.2ms
[2025-12-22T22:04:15.710+0000][4122.207s][info][gc,phases   ] GC(486)   Merge Heap Roots: 0.1ms
[2025-12-22T22:04:15.711+0000][4122.207s][info][gc,phases   ] GC(486)   Evacuate Collection Set: 1.3ms
[2025-12-22T22:04:15.711+0000][4122.207s][info][gc,phases   ] GC(486)   Post Evacuate Collection Set: 0.6ms
[2025-12-22T22:04:15.711+0000][4122.207s][info][gc,phases   ] GC(486)   Other: 2.0ms
[2025-12-22T22:04:15.711+0000][4122.207s][info][gc,heap     ] GC(486) Eden regions: 675->0(675)
[2025-12-22T22:04:15.711+0000][4122.208s][info][gc,heap     ] GC(486) Survivor regions: 1->1(85)
[2025-12-22T22:04:15.712+0000][4122.208s][info][gc,heap     ] GC(486) Old regions: 54->54
[2025-12-22T22:04:15.712+0000][4122.208s][info][gc,heap     ] GC(486) Archive regions: 2->2
[2025-12-22T22:04:15.712+0000][4122.208s][info][gc,heap     ] GC(486) Humongous regions: 37->37
[2025-12-22T22:04:15.712+0000][4122.208s][info][gc,metaspace] GC(486) Metaspace: 87665K(88576K)->87665K(88576K) NonClass: 76344K(76800K)->76344K(76800K) Class: 11320K(11776K)->11320K(11776K)
[2025-12-22T22:04:15.712+0000][4122.208s][info][gc          ] GC(486) Pause Young (Normal) (G1 Evacuation Pause) 767M->92M(1128M) 6.159ms
[2025-12-22T22:04:15.712+0000][4122.209s][info][gc,cpu      ] GC(486) User=0.01s Sys=0.00s Real=0.00s
[2025-12-22T22:04:26.327+0000][4132.824s][info][gc,start    ] GC(487) Pause Young (Normal) (G1 Evacuation Pause)
[2025-12-22T22:04:26.329+0000][4132.825s][info][gc,task     ] GC(487) Using 3 workers of 3 for evacuation
[2025-12-22T22:04:26.334+0000][4132.831s][info][gc,phases   ] GC(487)   Pre Evacuate Collection Set: 0.3ms
[2025-12-22T22:04:26.335+0000][4132.831s][info][gc,phases   ] GC(487)   Merge Heap Roots: 0.4ms
[2025-12-22T22:04:26.335+0000][4132.831s][info][gc,phases   ] GC(487)   Evacuate Collection Set: 3.2ms
[2025-12-22T22:04:26.335+0000][4132.831s][info][gc,phases   ] GC(487)   Post Evacuate Collection Set: 0.9ms
[2025-12-22T22:04:26.335+0000][4132.831s][info][gc,phases   ] GC(487)   Other: 2.5ms
[2025-12-22T22:04:26.335+0000][4132.832s][info][gc,heap     ] GC(487) Eden regions: 675->0(675)
[2025-12-22T22:04:26.336+0000][4132.832s][info][gc,heap     ] GC(487) Survivor regions: 1->1(85)
[2025-12-22T22:04:26.336+0000][4132.832s][info][gc,heap     ] GC(487) Old regions: 54->54
[2025-12-22T22:04:26.336+0000][4132.832s][info][gc,heap     ] GC(487) Archive regions: 2->2
[2025-12-22T22:04:26.336+0000][4132.832s][info][gc,heap     ] GC(487) Humongous regions: 37->37
[2025-12-22T22:04:26.336+0000][4132.833s][info][gc,metaspace] GC(487) Metaspace: 87665K(88576K)->87665K(88576K) NonClass: 76344K(76800K)->76344K(76800K) Class: 11320K(11776K)->11320K(11776K)
[2025-12-22T22:04:26.336+0000][4132.833s][info][gc          ] GC(487) Pause Young (Normal) (G1 Evacuation Pause) 767M->92M(1128M) 9.152ms
[2025-12-22T22:04:26.337+0000][4132.833s][info][gc,cpu      ] GC(487) User=0.01s Sys=0.00s Real=0.01s
[2025-12-22T22:04:35.139+0000][4141.636s][info][gc,start    ] GC(488) Pause Young (Normal) (G1 Evacuation Pause)
[2025-12-22T22:04:35.140+0000][4141.636s][info][gc,task     ] GC(488) Using 3 workers of 3 for evacuation
[2025-12-22T22:04:35.142+0000][4141.638s][info][gc,phases   ] GC(488)   Pre Evacuate Collection Set: 0.1ms
[2025-12-22T22:04:35.142+0000][4141.638s][info][gc,phases   ] GC(488)   Merge Heap Roots: 0.1ms
[2025-12-22T22:04:35.142+0000][4141.638s][info][gc,phases   ] GC(488)   Evacuate Collection Set: 1.3ms
[2025-12-22T22:04:35.142+0000][4141.639s][info][gc,phases   ] GC(488)   Post Evacuate Collection Set: 0.4ms
[2025-12-22T22:04:35.142+0000][4141.639s][info][gc,phases   ] GC(488)   Other: 0.5ms
[2025-12-22T22:04:35.143+0000][4141.639s][info][gc,heap     ] GC(488) Eden regions: 675->0(675)
[2025-12-22T22:04:35.143+0000][4141.639s][info][gc,heap     ] GC(488) Survivor regions: 1->1(85)
[2025-12-22T22:04:35.143+0000][4141.639s][info][gc,heap     ] GC(488) Old regions: 54->54
[2025-12-22T22:04:35.143+0000][4141.639s][info][gc,heap     ] GC(488) Archive regions: 2->2
[2025-12-22T22:04:35.143+0000][4141.639s][info][gc,heap     ] GC(488) Humongous regions: 37->37
[2025-12-22T22:04:35.143+0000][4141.639s][info][gc,metaspace] GC(488) Metaspace: 87665K(88576K)->87665K(88576K) NonClass: 76344K(76800K)->76344K(76800K) Class: 11320K(11776K)->11320K(11776K)
[2025-12-22T22:04:35.143+0000][4141.639s][info][gc          ] GC(488) Pause Young (Normal) (G1 Evacuation Pause) 767M->92M(1128M) 3.558ms
[2025-12-22T22:04:35.143+0000][4141.639s][info][gc,cpu      ] GC(488) User=0.00s Sys=0.00s Real=0.00s
[2025-12-22T22:04:43.902+0000][4150.398s][info][gc,start    ] GC(489) Pause Young (Normal) (G1 Evacuation Pause)
[2025-12-22T22:04:43.904+0000][4150.400s][info][gc,task     ] GC(489) Using 3 workers of 3 for evacuation
[2025-12-22T22:04:43.907+0000][4150.404s][info][gc,phases   ] GC(489)   Pre Evacuate Collection Set: 0.3ms
[2025-12-22T22:04:43.908+0000][4150.404s][info][gc,phases   ] GC(489)   Merge Heap Roots: 0.1ms
[2025-12-22T22:04:43.908+0000][4150.404s][info][gc,phases   ] GC(489)   Evacuate Collection Set: 2.2ms
[2025-12-22T22:04:43.908+0000][4150.404s][info][gc,phases   ] GC(489)   Post Evacuate Collection Set: 0.9ms
[2025-12-22T22:04:43.908+0000][4150.405s][info][gc,phases   ] GC(489)   Other: 1.9ms
[2025-12-22T22:04:43.909+0000][4150.405s][info][gc,heap     ] GC(489) Eden regions: 675->0(675)
[2025-12-22T22:04:43.909+0000][4150.405s][info][gc,heap     ] GC(489) Survivor regions: 1->1(85)
[2025-12-22T22:04:43.909+0000][4150.405s][info][gc,heap     ] GC(489) Old regions: 54->54
[2025-12-22T22:04:43.909+0000][4150.406s][info][gc,heap     ] GC(489) Archive regions: 2->2
[2025-12-22T22:04:43.910+0000][4150.406s][info][gc,heap     ] GC(489) Humongous regions: 37->37
[2025-12-22T22:04:43.910+0000][4150.406s][info][gc,metaspace] GC(489) Metaspace: 87665K(88576K)->87665K(88576K) NonClass: 76344K(76800K)->76344K(76800K) Class: 11320K(11776K)->11320K(11776K)
[2025-12-22T22:04:43.910+0000][4150.406s][info][gc          ] GC(489) Pause Young (Normal) (G1 Evacuation Pause) 767M->92M(1128M) 7.904ms
[2025-12-22T22:04:43.910+0000][4150.406s][info][gc,cpu      ] GC(489) User=0.01s Sys=0.00s Real=0.01s
[2025-12-22T22:04:54.976+0000][4161.472s][info][gc,start    ] GC(490) Pause Young (Normal) (G1 Evacuation Pause)
[2025-12-22T22:04:54.977+0000][4161.474s][info][gc,task     ] GC(490) Using 3 workers of 3 for evacuation
[2025-12-22T22:04:54.983+0000][4161.479s][info][gc,phases   ] GC(490)   Pre Evacuate Collection Set: 0.4ms
[2025-12-22T22:04:54.983+0000][4161.479s][info][gc,phases   ] GC(490)   Merge Heap Roots: 0.3ms
[2025-12-22T22:04:54.983+0000][4161.480s][info][gc,phases   ] GC(490)   Evacuate Collection Set: 3.2ms
[2025-12-22T22:04:54.984+0000][4161.480s][info][gc,phases   ] GC(490)   Post Evacuate Collection Set: 1.0ms
[2025-12-22T22:04:54.984+0000][4161.480s][info][gc,phases   ] GC(490)   Other: 1.9ms
[2025-12-22T22:04:54.984+0000][4161.480s][info][gc,heap     ] GC(490) Eden regions: 675->0(675)
[2025-12-22T22:04:54.984+0000][4161.480s][info][gc,heap     ] GC(490) Survivor regions: 1->1(85)
[2025-12-22T22:04:54.985+0000][4161.481s][info][gc,heap     ] GC(490) Old regions: 54->54
[2025-12-22T22:04:54.985+0000][4161.481s][info][gc,heap     ] GC(490) Archive regions: 2->2
[2025-12-22T22:04:54.985+0000][4161.481s][info][gc,heap     ] GC(490) Humongous regions: 37->37
[2025-12-22T22:04:54.985+0000][4161.482s][info][gc,metaspace] GC(490) Metaspace: 87665K(88576K)->87665K(88576K) NonClass: 76344K(76800K)->76344K(76800K) Class: 11320K(11776K)->11320K(11776K)
[2025-12-22T22:04:54.986+0000][4161.482s][info][gc          ] GC(490) Pause Young (Normal) (G1 Evacuation Pause) 767M->92M(1128M) 9.398ms
[2025-12-22T22:04:54.986+0000][4161.482s][info][gc,cpu      ] GC(490) User=0.02s Sys=0.00s Real=0.01s
[2025-12-22T22:05:03.740+0000][4170.236s][info][gc,start    ] GC(491) Pause Young (Normal) (G1 Evacuation Pause)
[2025-12-22T22:05:03.741+0000][4170.237s][info][gc,task     ] GC(491) Using 3 workers of 3 for evacuation
[2025-12-22T22:05:03.756+0000][4170.253s][info][gc,phases   ] GC(491)   Pre Evacuate Collection Set: 0.9ms
[2025-12-22T22:05:03.757+0000][4170.253s][info][gc,phases   ] GC(491)   Merge Heap Roots: 1.1ms
[2025-12-22T22:05:03.757+0000][4170.253s][info][gc,phases   ] GC(491)   Evacuate Collection Set: 11.4ms
[2025-12-22T22:05:03.757+0000][4170.253s][info][gc,phases   ] GC(491)   Post Evacuate Collection Set: 1.5ms
[2025-12-22T22:05:03.757+0000][4170.253s][info][gc,phases   ] GC(491)   Other: 1.7ms
[2025-12-22T22:05:03.757+0000][4170.253s][info][gc,heap     ] GC(491) Eden regions: 675->0(675)
[2025-12-22T22:05:03.757+0000][4170.253s][info][gc,heap     ] GC(491) Survivor regions: 1->1(85)
[2025-12-22T22:05:03.757+0000][4170.253s][info][gc,heap     ] GC(491) Old regions: 54->54
[2025-12-22T22:05:03.757+0000][4170.254s][info][gc,heap     ] GC(491) Archive regions: 2->2
[2025-12-22T22:05:03.757+0000][4170.254s][info][gc,heap     ] GC(491) Humongous regions: 37->37
[2025-12-22T22:05:03.757+0000][4170.254s][info][gc,metaspace] GC(491) Metaspace: 87665K(88576K)->87665K(88576K) NonClass: 76344K(76800K)->76344K(76800K) Class: 11320K(11776K)->11320K(11776K)
[2025-12-22T22:05:03.758+0000][4170.254s][info][gc          ] GC(491) Pause Young (Normal) (G1 Evacuation Pause) 767M->92M(1128M) 17.850ms
[2025-12-22T22:05:03.758+0000][4170.254s][info][gc,cpu      ] GC(491) User=0.04s Sys=0.00s Real=0.02s
[2025-12-22T22:05:12.932+0000][4179.428s][info][gc,start    ] GC(492) Pause Young (Normal) (G1 Evacuation Pause)
[2025-12-22T22:05:12.933+0000][4179.429s][info][gc,task     ] GC(492) Using 3 workers of 3 for evacuation
[2025-12-22T22:05:12.935+0000][4179.431s][info][gc,phases   ] GC(492)   Pre Evacuate Collection Set: 0.2ms
[2025-12-22T22:05:12.935+0000][4179.431s][info][gc,phases   ] GC(492)   Merge Heap Roots: 0.1ms
[2025-12-22T22:05:12.935+0000][4179.431s][info][gc,phases   ] GC(492)   Evacuate Collection Set: 1.3ms
[2025-12-22T22:05:12.935+0000][4179.431s][info][gc,phases   ] GC(492)   Post Evacuate Collection Set: 0.4ms
[2025-12-22T22:05:12.935+0000][4179.431s][info][gc,phases   ] GC(492)   Other: 1.2ms
[2025-12-22T22:05:12.935+0000][4179.432s][info][gc,heap     ] GC(492) Eden regions: 675->0(675)
[2025-12-22T22:05:12.935+0000][4179.432s][info][gc,heap     ] GC(492) Survivor regions: 1->1(85)
[2025-12-22T22:05:12.936+0000][4179.432s][info][gc,heap     ] GC(492) Old regions: 54->54
[2025-12-22T22:05:12.936+0000][4179.432s][info][gc,heap     ] GC(492) Archive regions: 2->2
[2025-12-22T22:05:12.936+0000][4179.432s][info][gc,heap     ] GC(492) Humongous regions: 37->37
[2025-12-22T22:05:12.936+0000][4179.432s][info][gc,metaspace] GC(492) Metaspace: 87665K(88576K)->87665K(88576K) NonClass: 76344K(76800K)->76344K(76800K) Class: 11320K(11776K)->11320K(11776K)
[2025-12-22T22:05:12.936+0000][4179.432s][info][gc          ] GC(492) Pause Young (Normal) (G1 Evacuation Pause) 767M->92M(1128M) 4.263ms
[2025-12-22T22:05:12.936+0000][4179.432s][info][gc,cpu      ] GC(492) User=0.01s Sys=0.00s Real=0.01s
[2025-12-22T22:05:22.314+0000][4188.810s][info][gc,start    ] GC(493) Pause Young (Normal) (G1 Evacuation Pause)
[2025-12-22T22:05:22.314+0000][4188.811s][info][gc,task     ] GC(493) Using 3 workers of 3 for evacuation
[2025-12-22T22:05:22.319+0000][4188.815s][info][gc,phases   ] GC(493)   Pre Evacuate Collection Set: 0.2ms
[2025-12-22T22:05:22.319+0000][4188.815s][info][gc,phases   ] GC(493)   Merge Heap Roots: 0.1ms
[2025-12-22T22:05:22.319+0000][4188.815s][info][gc,phases   ] GC(493)   Evacuate Collection Set: 2.9ms
[2025-12-22T22:05:22.319+0000][4188.816s][info][gc,phases   ] GC(493)   Post Evacuate Collection Set: 0.7ms
[2025-12-22T22:05:22.320+0000][4188.816s][info][gc,phases   ] GC(493)   Other: 0.9ms
[2025-12-22T22:05:22.320+0000][4188.816s][info][gc,heap     ] GC(493) Eden regions: 675->0(675)
[2025-12-22T22:05:22.320+0000][4188.816s][info][gc,heap     ] GC(493) Survivor regions: 1->1(85)
[2025-12-22T22:05:22.320+0000][4188.816s][info][gc,heap     ] GC(493) Old regions: 54->54
[2025-12-22T22:05:22.320+0000][4188.817s][info][gc,heap     ] GC(493) Archive regions: 2->2
[2025-12-22T22:05:22.320+0000][4188.817s][info][gc,heap     ] GC(493) Humongous regions: 37->37
[2025-12-22T22:05:22.321+0000][4188.817s][info][gc,metaspace] GC(493) Metaspace: 87665K(88576K)->87665K(88576K) NonClass: 76344K(76800K)->76344K(76800K) Class: 11320K(11776K)->11320K(11776K)
[2025-12-22T22:05:22.321+0000][4188.817s][info][gc          ] GC(493) Pause Young (Normal) (G1 Evacuation Pause) 767M->92M(1128M) 7.050ms
[2025-12-22T22:05:22.321+0000][4188.817s][info][gc,cpu      ] GC(493) User=0.01s Sys=0.00s Real=0.01s
[2025-12-22T22:05:30.609+0000][4197.105s][info][gc,start    ] GC(494) Pause Young (Normal) (G1 Evacuation Pause)
[2025-12-22T22:05:30.610+0000][4197.107s][info][gc,task     ] GC(494) Using 3 workers of 3 for evacuation
[2025-12-22T22:05:30.616+0000][4197.113s][info][gc,phases   ] GC(494)   Pre Evacuate Collection Set: 0.6ms
[2025-12-22T22:05:30.617+0000][4197.113s][info][gc,phases   ] GC(494)   Merge Heap Roots: 0.3ms
[2025-12-22T22:05:30.617+0000][4197.113s][info][gc,phases   ] GC(494)   Evacuate Collection Set: 3.4ms
[2025-12-22T22:05:30.617+0000][4197.113s][info][gc,phases   ] GC(494)   Post Evacuate Collection Set: 1.3ms
[2025-12-22T22:05:30.617+0000][4197.113s][info][gc,phases   ] GC(494)   Other: 1.9ms
[2025-12-22T22:05:30.617+0000][4197.114s][info][gc,heap     ] GC(494) Eden regions: 675->0(675)
[2025-12-22T22:05:30.618+0000][4197.114s][info][gc,heap     ] GC(494) Survivor regions: 1->1(85)
[2025-12-22T22:05:30.618+0000][4197.114s][info][gc,heap     ] GC(494) Old regions: 54->54
[2025-12-22T22:05:30.618+0000][4197.114s][info][gc,heap     ] GC(494) Archive regions: 2->2
[2025-12-22T22:05:30.618+0000][4197.114s][info][gc,heap     ] GC(494) Humongous regions: 37->37
[2025-12-22T22:05:30.618+0000][4197.115s][info][gc,metaspace] GC(494) Metaspace: 87665K(88576K)->87665K(88576K) NonClass: 76344K(76800K)->76344K(76800K) Class: 11320K(11776K)->11320K(11776K)
[2025-12-22T22:05:30.618+0000][4197.115s][info][gc          ] GC(494) Pause Young (Normal) (G1 Evacuation Pause) 767M->92M(1128M) 9.483ms
[2025-12-22T22:05:30.619+0000][4197.115s][info][gc,cpu      ] GC(494) User=0.01s Sys=0.00s Real=0.01s
[2025-12-22T22:05:40.594+0000][4207.090s][info][gc,start    ] GC(495) Pause Young (Normal) (G1 Evacuation Pause)
[2025-12-22T22:05:40.594+0000][4207.090s][info][gc,task     ] GC(495) Using 3 workers of 3 for evacuation
[2025-12-22T22:05:40.597+0000][4207.093s][info][gc,phases   ] GC(495)   Pre Evacuate Collection Set: 0.1ms
[2025-12-22T22:05:40.597+0000][4207.093s][info][gc,phases   ] GC(495)   Merge Heap Roots: 0.1ms
[2025-12-22T22:05:40.597+0000][4207.093s][info][gc,phases   ] GC(495)   Evacuate Collection Set: 1.6ms
[2025-12-22T22:05:40.597+0000][4207.093s][info][gc,phases   ] GC(495)   Post Evacuate Collection Set: 0.5ms
[2025-12-22T22:05:40.597+0000][4207.093s][info][gc,phases   ] GC(495)   Other: 0.5ms
[2025-12-22T22:05:40.597+0000][4207.093s][info][gc,heap     ] GC(495) Eden regions: 675->0(675)
[2025-12-22T22:05:40.597+0000][4207.093s][info][gc,heap     ] GC(495) Survivor regions: 1->1(85)
[2025-12-22T22:05:40.597+0000][4207.093s][info][gc,heap     ] GC(495) Old regions: 54->54
[2025-12-22T22:05:40.597+0000][4207.093s][info][gc,heap     ] GC(495) Archive regions: 2->2
[2025-12-22T22:05:40.597+0000][4207.093s][info][gc,heap     ] GC(495) Humongous regions: 37->37
[2025-12-22T22:05:40.597+0000][4207.093s][info][gc,metaspace] GC(495) Metaspace: 87665K(88576K)->87665K(88576K) NonClass: 76344K(76800K)->76344K(76800K) Class: 11320K(11776K)->11320K(11776K)
[2025-12-22T22:05:40.597+0000][4207.093s][info][gc          ] GC(495) Pause Young (Normal) (G1 Evacuation Pause) 767M->92M(1128M) 3.311ms
[2025-12-22T22:05:40.597+0000][4207.093s][info][gc,cpu      ] GC(495) User=0.00s Sys=0.00s Real=0.01s
[2025-12-22T22:05:48.672+0000][4215.168s][info][gc,start    ] GC(496) Pause Young (Normal) (G1 Evacuation Pause)
[2025-12-22T22:05:48.672+0000][4215.169s][info][gc,task     ] GC(496) Using 3 workers of 3 for evacuation
[2025-12-22T22:05:48.674+0000][4215.171s][info][gc,phases   ] GC(496)   Pre Evacuate Collection Set: 0.1ms
[2025-12-22T22:05:48.674+0000][4215.171s][info][gc,phases   ] GC(496)   Merge Heap Roots: 0.1ms
[2025-12-22T22:05:48.675+0000][4215.171s][info][gc,phases   ] GC(496)   Evacuate Collection Set: 1.2ms
[2025-12-22T22:05:48.675+0000][4215.171s][info][gc,phases   ] GC(496)   Post Evacuate Collection Set: 0.4ms
[2025-12-22T22:05:48.675+0000][4215.171s][info][gc,phases   ] GC(496)   Other: 0.8ms
[2025-12-22T22:05:48.675+0000][4215.171s][info][gc,heap     ] GC(496) Eden regions: 675->0(675)
[2025-12-22T22:05:48.675+0000][4215.171s][info][gc,heap     ] GC(496) Survivor regions: 1->1(85)
[2025-12-22T22:05:48.675+0000][4215.171s][info][gc,heap     ] GC(496) Old regions: 54->54
[2025-12-22T22:05:48.675+0000][4215.171s][info][gc,heap     ] GC(496) Archive regions: 2->2
[2025-12-22T22:05:48.675+0000][4215.171s][info][gc,heap     ] GC(496) Humongous regions: 37->37
[2025-12-22T22:05:48.675+0000][4215.171s][info][gc,metaspace] GC(496) Metaspace: 87665K(88576K)->87665K(88576K) NonClass: 76344K(76800K)->76344K(76800K) Class: 11320K(11776K)->11320K(11776K)
[2025-12-22T22:05:48.675+0000][4215.171s][info][gc          ] GC(496) Pause Young (Normal) (G1 Evacuation Pause) 767M->92M(1128M) 3.451ms
[2025-12-22T22:05:48.675+0000][4215.172s][info][gc,cpu      ] GC(496) User=0.01s Sys=0.00s Real=0.01s
[2025-12-22T22:05:57.904+0000][4224.400s][info][gc,start    ] GC(497) Pause Young (Normal) (G1 Evacuation Pause)
[2025-12-22T22:05:57.905+0000][4224.401s][info][gc,task     ] GC(497) Using 3 workers of 3 for evacuation
[2025-12-22T22:05:57.907+0000][4224.403s][info][gc,phases   ] GC(497)   Pre Evacuate Collection Set: 0.2ms
[2025-12-22T22:05:57.907+0000][4224.403s][info][gc,phases   ] GC(497)   Merge Heap Roots: 0.1ms
[2025-12-22T22:05:57.907+0000][4224.403s][info][gc,phases   ] GC(497)   Evacuate Collection Set: 1.4ms
[2025-12-22T22:05:57.907+0000][4224.403s][info][gc,phases   ] GC(497)   Post Evacuate Collection Set: 0.4ms
[2025-12-22T22:05:57.907+0000][4224.403s][info][gc,phases   ] GC(497)   Other: 0.6ms
[2025-12-22T22:05:57.907+0000][4224.403s][info][gc,heap     ] GC(497) Eden regions: 675->0(675)
[2025-12-22T22:05:57.907+0000][4224.403s][info][gc,heap     ] GC(497) Survivor regions: 1->1(85)
[2025-12-22T22:05:57.907+0000][4224.404s][info][gc,heap     ] GC(497) Old regions: 54->54
[2025-12-22T22:05:57.907+0000][4224.404s][info][gc,heap     ] GC(497) Archive regions: 2->2
[2025-12-22T22:05:57.908+0000][4224.404s][info][gc,heap     ] GC(497) Humongous regions: 37->37
[2025-12-22T22:05:57.908+0000][4224.404s][info][gc,metaspace] GC(497) Metaspace: 87665K(88576K)->87665K(88576K) NonClass: 76344K(76800K)->76344K(76800K) Class: 11320K(11776K)->11320K(11776K)
[2025-12-22T22:05:57.908+0000][4224.404s][info][gc          ] GC(497) Pause Young (Normal) (G1 Evacuation Pause) 767M->92M(1128M) 3.456ms
[2025-12-22T22:05:57.908+0000][4224.404s][info][gc,cpu      ] GC(497) User=0.00s Sys=0.00s Real=0.01s
[2025-12-22T22:06:06.048+0000][4232.544s][info][gc,start    ] GC(498) Pause Young (Normal) (G1 Evacuation Pause)
[2025-12-22T22:06:06.049+0000][4232.545s][info][gc,task     ] GC(498) Using 3 workers of 3 for evacuation
[2025-12-22T22:06:06.057+0000][4232.553s][info][gc,phases   ] GC(498)   Pre Evacuate Collection Set: 0.8ms
[2025-12-22T22:06:06.057+0000][4232.553s][info][gc,phases   ] GC(498)   Merge Heap Roots: 0.4ms
[2025-12-22T22:06:06.057+0000][4232.553s][info][gc,phases   ] GC(498)   Evacuate Collection Set: 4.3ms
[2025-12-22T22:06:06.057+0000][4232.553s][info][gc,phases   ] GC(498)   Post Evacuate Collection Set: 1.5ms
[2025-12-22T22:06:06.057+0000][4232.554s][info][gc,phases   ] GC(498)   Other: 1.6ms
[2025-12-22T22:06:06.057+0000][4232.554s][info][gc,heap     ] GC(498) Eden regions: 675->0(675)
[2025-12-22T22:06:06.058+0000][4232.554s][info][gc,heap     ] GC(498) Survivor regions: 1->1(85)
[2025-12-22T22:06:06.058+0000][4232.554s][info][gc,heap     ] GC(498) Old regions: 54->54
[2025-12-22T22:06:06.058+0000][4232.554s][info][gc,heap     ] GC(498) Archive regions: 2->2
[2025-12-22T22:06:06.058+0000][4232.554s][info][gc,heap     ] GC(498) Humongous regions: 37->37
[2025-12-22T22:06:06.058+0000][4232.554s][info][gc,metaspace] GC(498) Metaspace: 87665K(88576K)->87665K(88576K) NonClass: 76344K(76800K)->76344K(76800K) Class: 11320K(11776K)->11320K(11776K)
[2025-12-22T22:06:06.058+0000][4232.555s][info][gc          ] GC(498) Pause Young (Normal) (G1 Evacuation Pause) 767M->92M(1128M) 10.091ms
[2025-12-22T22:06:06.059+0000][4232.555s][info][gc,cpu      ] GC(498) User=0.02s Sys=0.01s Real=0.01s
[2025-12-22T22:06:14.340+0000][4240.836s][info][gc,start    ] GC(499) Pause Young (Normal) (G1 Evacuation Pause)
[2025-12-22T22:06:14.341+0000][4240.837s][info][gc,task     ] GC(499) Using 3 workers of 3 for evacuation
[2025-12-22T22:06:14.344+0000][4240.840s][info][gc,phases   ] GC(499)   Pre Evacuate Collection Set: 0.3ms
[2025-12-22T22:06:14.344+0000][4240.840s][info][gc,phases   ] GC(499)   Merge Heap Roots: 0.1ms
[2025-12-22T22:06:14.344+0000][4240.840s][info][gc,phases   ] GC(499)   Evacuate Collection Set: 1.6ms
[2025-12-22T22:06:14.344+0000][4240.841s][info][gc,phases   ] GC(499)   Post Evacuate Collection Set: 0.8ms
[2025-12-22T22:06:14.345+0000][4240.841s][info][gc,phases   ] GC(499)   Other: 0.9ms
[2025-12-22T22:06:14.345+0000][4240.841s][info][gc,heap     ] GC(499) Eden regions: 675->0(675)
[2025-12-22T22:06:14.345+0000][4240.841s][info][gc,heap     ] GC(499) Survivor regions: 1->1(85)
[2025-12-22T22:06:14.345+0000][4240.841s][info][gc,heap     ] GC(499) Old regions: 54->54
[2025-12-22T22:06:14.345+0000][4240.841s][info][gc,heap     ] GC(499) Archive regions: 2->2
[2025-12-22T22:06:14.345+0000][4240.841s][info][gc,heap     ] GC(499) Humongous regions: 37->37
[2025-12-22T22:06:14.345+0000][4240.841s][info][gc,metaspace] GC(499) Metaspace: 87665K(88576K)->87665K(88576K) NonClass: 76344K(76800K)->76344K(76800K) Class: 11320K(11776K)->11320K(11776K)
[2025-12-22T22:06:14.345+0000][4240.842s][info][gc          ] GC(499) Pause Young (Normal) (G1 Evacuation Pause) 767M->92M(1128M) 5.272ms
[2025-12-22T22:06:14.345+0000][4240.842s][info][gc,cpu      ] GC(499) User=0.01s Sys=0.00s Real=0.01s
[2025-12-22T22:06:24.146+0000][4250.642s][info][gc,start    ] GC(500) Pause Young (Normal) (G1 Evacuation Pause)
[2025-12-22T22:06:24.147+0000][4250.643s][info][gc,task     ] GC(500) Using 3 workers of 3 for evacuation
[2025-12-22T22:06:24.156+0000][4250.652s][info][gc,phases   ] GC(500)   Pre Evacuate Collection Set: 0.4ms
[2025-12-22T22:06:24.156+0000][4250.652s][info][gc,phases   ] GC(500)   Merge Heap Roots: 0.2ms
[2025-12-22T22:06:24.156+0000][4250.652s][info][gc,phases   ] GC(500)   Evacuate Collection Set: 6.0ms
[2025-12-22T22:06:24.156+0000][4250.652s][info][gc,phases   ] GC(500)   Post Evacuate Collection Set: 1.9ms
[2025-12-22T22:06:24.156+0000][4250.653s][info][gc,phases   ] GC(500)   Other: 1.1ms
[2025-12-22T22:06:24.156+0000][4250.653s][info][gc,heap     ] GC(500) Eden regions: 675->0(675)
[2025-12-22T22:06:24.157+0000][4250.653s][info][gc,heap     ] GC(500) Survivor regions: 1->1(85)
[2025-12-22T22:06:24.157+0000][4250.653s][info][gc,heap     ] GC(500) Old regions: 54->54
[2025-12-22T22:06:24.157+0000][4250.653s][info][gc,heap     ] GC(500) Archive regions: 2->2
[2025-12-22T22:06:24.157+0000][4250.653s][info][gc,heap     ] GC(500) Humongous regions: 37->37
[2025-12-22T22:06:24.157+0000][4250.653s][info][gc,metaspace] GC(500) Metaspace: 87665K(88576K)->87665K(88576K) NonClass: 76344K(76800K)->76344K(76800K) Class: 11320K(11776K)->11320K(11776K)
[2025-12-22T22:06:24.157+0000][4250.653s][info][gc          ] GC(500) Pause Young (Normal) (G1 Evacuation Pause) 767M->92M(1128M) 11.133ms
[2025-12-22T22:06:24.157+0000][4250.654s][info][gc,cpu      ] GC(500) User=0.03s Sys=0.00s Real=0.01s
[2025-12-22T22:06:32.054+0000][4258.551s][info][gc,start    ] GC(501) Pause Young (Normal) (G1 Evacuation Pause)
[2025-12-22T22:06:32.055+0000][4258.552s][info][gc,task     ] GC(501) Using 3 workers of 3 for evacuation
[2025-12-22T22:06:32.057+0000][4258.553s][info][gc,phases   ] GC(501)   Pre Evacuate Collection Set: 0.2ms
[2025-12-22T22:06:32.057+0000][4258.554s][info][gc,phases   ] GC(501)   Merge Heap Roots: 0.2ms
[2025-12-22T22:06:32.057+0000][4258.554s][info][gc,phases   ] GC(501)   Evacuate Collection Set: 0.9ms
[2025-12-22T22:06:32.058+0000][4258.554s][info][gc,phases   ] GC(501)   Post Evacuate Collection Set: 0.4ms
[2025-12-22T22:06:32.058+0000][4258.554s][info][gc,phases   ] GC(501)   Other: 1.3ms
[2025-12-22T22:06:32.058+0000][4258.554s][info][gc,heap     ] GC(501) Eden regions: 675->0(675)
[2025-12-22T22:06:32.058+0000][4258.554s][info][gc,heap     ] GC(501) Survivor regions: 1->1(85)
[2025-12-22T22:06:32.058+0000][4258.554s][info][gc,heap     ] GC(501) Old regions: 54->54
[2025-12-22T22:06:32.058+0000][4258.554s][info][gc,heap     ] GC(501) Archive regions: 2->2
[2025-12-22T22:06:32.058+0000][4258.554s][info][gc,heap     ] GC(501) Humongous regions: 37->37
[2025-12-22T22:06:32.058+0000][4258.554s][info][gc,metaspace] GC(501) Metaspace: 87665K(88576K)->87665K(88576K) NonClass: 76344K(76800K)->76344K(76800K) Class: 11320K(11776K)->11320K(11776K)
[2025-12-22T22:06:32.058+0000][4258.554s][info][gc          ] GC(501) Pause Young (Normal) (G1 Evacuation Pause) 767M->92M(1128M) 3.932ms
[2025-12-22T22:06:32.058+0000][4258.555s][info][gc,cpu      ] GC(501) User=0.01s Sys=0.00s Real=0.01s
[2025-12-22T22:06:41.743+0000][4268.239s][info][gc,start    ] GC(502) Pause Young (Normal) (G1 Evacuation Pause)
[2025-12-22T22:06:41.744+0000][4268.240s][info][gc,task     ] GC(502) Using 3 workers of 3 for evacuation
[2025-12-22T22:06:41.750+0000][4268.246s][info][gc,phases   ] GC(502)   Pre Evacuate Collection Set: 0.3ms
[2025-12-22T22:06:41.750+0000][4268.246s][info][gc,phases   ] GC(502)   Merge Heap Roots: 0.2ms
[2025-12-22T22:06:41.750+0000][4268.246s][info][gc,phases   ] GC(502)   Evacuate Collection Set: 4.7ms
[2025-12-22T22:06:41.750+0000][4268.247s][info][gc,phases   ] GC(502)   Post Evacuate Collection Set: 0.6ms
[2025-12-22T22:06:41.751+0000][4268.247s][info][gc,phases   ] GC(502)   Other: 1.1ms
[2025-12-22T22:06:41.751+0000][4268.247s][info][gc,heap     ] GC(502) Eden regions: 675->0(674)
[2025-12-22T22:06:41.751+0000][4268.247s][info][gc,heap     ] GC(502) Survivor regions: 1->2(85)
[2025-12-22T22:06:41.751+0000][4268.247s][info][gc,heap     ] GC(502) Old regions: 54->54
[2025-12-22T22:06:41.751+0000][4268.247s][info][gc,heap     ] GC(502) Archive regions: 2->2
[2025-12-22T22:06:41.751+0000][4268.247s][info][gc,heap     ] GC(502) Humongous regions: 37->37
[2025-12-22T22:06:41.751+0000][4268.248s][info][gc,metaspace] GC(502) Metaspace: 87665K(88576K)->87665K(88576K) NonClass: 76344K(76800K)->76344K(76800K) Class: 11320K(11776K)->11320K(11776K)
[2025-12-22T22:06:41.751+0000][4268.248s][info][gc          ] GC(502) Pause Young (Normal) (G1 Evacuation Pause) 767M->92M(1128M) 8.157ms
[2025-12-22T22:06:41.752+0000][4268.248s][info][gc,cpu      ] GC(502) User=0.02s Sys=0.00s Real=0.01s
[2025-12-22T22:06:50.229+0000][4276.725s][info][gc,start    ] GC(503) Pause Young (Normal) (G1 Evacuation Pause)
[2025-12-22T22:06:50.230+0000][4276.726s][info][gc,task     ] GC(503) Using 3 workers of 3 for evacuation
[2025-12-22T22:06:50.235+0000][4276.731s][info][gc,phases   ] GC(503)   Pre Evacuate Collection Set: 0.6ms
[2025-12-22T22:06:50.235+0000][4276.732s][info][gc,phases   ] GC(503)   Merge Heap Roots: 0.3ms
[2025-12-22T22:06:50.235+0000][4276.732s][info][gc,phases   ] GC(503)   Evacuate Collection Set: 2.9ms
[2025-12-22T22:06:50.235+0000][4276.732s][info][gc,phases   ] GC(503)   Post Evacuate Collection Set: 1.2ms
[2025-12-22T22:06:50.236+0000][4276.732s][info][gc,phases   ] GC(503)   Other: 1.1ms
[2025-12-22T22:06:50.236+0000][4276.732s][info][gc,heap     ] GC(503) Eden regions: 674->0(674)
[2025-12-22T22:06:50.236+0000][4276.732s][info][gc,heap     ] GC(503) Survivor regions: 2->2(85)
[2025-12-22T22:06:50.236+0000][4276.732s][info][gc,heap     ] GC(503) Old regions: 54->54
[2025-12-22T22:06:50.236+0000][4276.732s][info][gc,heap     ] GC(503) Archive regions: 2->2
[2025-12-22T22:06:50.236+0000][4276.732s][info][gc,heap     ] GC(503) Humongous regions: 37->37
[2025-12-22T22:06:50.236+0000][4276.732s][info][gc,metaspace] GC(503) Metaspace: 87665K(88576K)->87665K(88576K) NonClass: 76344K(76800K)->76344K(76800K) Class: 11320K(11776K)->11320K(11776K)
[2025-12-22T22:06:50.236+0000][4276.732s][info][gc          ] GC(503) Pause Young (Normal) (G1 Evacuation Pause) 766M->92M(1128M) 6.778ms
[2025-12-22T22:06:50.236+0000][4276.732s][info][gc,cpu      ] GC(503) User=0.01s Sys=0.00s Real=0.01s
[2025-12-22T22:06:58.379+0000][4284.875s][info][gc,start    ] GC(504) Pause Young (Normal) (G1 Evacuation Pause)
[2025-12-22T22:06:58.379+0000][4284.876s][info][gc,task     ] GC(504) Using 3 workers of 3 for evacuation
[2025-12-22T22:06:58.383+0000][4284.879s][info][gc,phases   ] GC(504)   Pre Evacuate Collection Set: 0.2ms
[2025-12-22T22:06:58.383+0000][4284.879s][info][gc,phases   ] GC(504)   Merge Heap Roots: 0.2ms
[2025-12-22T22:06:58.383+0000][4284.879s][info][gc,phases   ] GC(504)   Evacuate Collection Set: 2.5ms
[2025-12-22T22:06:58.383+0000][4284.879s][info][gc,phases   ] GC(504)   Post Evacuate Collection Set: 0.5ms
[2025-12-22T22:06:58.383+0000][4284.880s][info][gc,phases   ] GC(504)   Other: 0.5ms
[2025-12-22T22:06:58.383+0000][4284.880s][info][gc,heap     ] GC(504) Eden regions: 674->0(674)
[2025-12-22T22:06:58.383+0000][4284.880s][info][gc,heap     ] GC(504) Survivor regions: 2->2(85)
[2025-12-22T22:06:58.384+0000][4284.880s][info][gc,heap     ] GC(504) Old regions: 54->54
[2025-12-22T22:06:58.384+0000][4284.880s][info][gc,heap     ] GC(504) Archive regions: 2->2
[2025-12-22T22:06:58.384+0000][4284.880s][info][gc,heap     ] GC(504) Humongous regions: 37->37
[2025-12-22T22:06:58.384+0000][4284.880s][info][gc,metaspace] GC(504) Metaspace: 87665K(88576K)->87665K(88576K) NonClass: 76344K(76800K)->76344K(76800K) Class: 11320K(11776K)->11320K(11776K)
[2025-12-22T22:06:58.384+0000][4284.880s][info][gc          ] GC(504) Pause Young (Normal) (G1 Evacuation Pause) 766M->92M(1128M) 4.677ms
[2025-12-22T22:06:58.384+0000][4284.880s][info][gc,cpu      ] GC(504) User=0.01s Sys=0.00s Real=0.00s
[2025-12-22T22:07:07.916+0000][4294.413s][info][gc,start    ] GC(505) Pause Young (Normal) (G1 Evacuation Pause)
[2025-12-22T22:07:07.917+0000][4294.413s][info][gc,task     ] GC(505) Using 3 workers of 3 for evacuation
[2025-12-22T22:07:07.925+0000][4294.421s][info][gc,phases   ] GC(505)   Pre Evacuate Collection Set: 0.5ms
[2025-12-22T22:07:07.925+0000][4294.422s][info][gc,phases   ] GC(505)   Merge Heap Roots: 0.2ms
[2025-12-22T22:07:07.925+0000][4294.422s][info][gc,phases   ] GC(505)   Evacuate Collection Set: 5.0ms
[2025-12-22T22:07:07.926+0000][4294.422s][info][gc,phases   ] GC(505)   Post Evacuate Collection Set: 2.1ms
[2025-12-22T22:07:07.926+0000][4294.422s][info][gc,phases   ] GC(505)   Other: 0.9ms
[2025-12-22T22:07:07.926+0000][4294.422s][info][gc,heap     ] GC(505) Eden regions: 674->0(674)
[2025-12-22T22:07:07.926+0000][4294.422s][info][gc,heap     ] GC(505) Survivor regions: 2->2(85)
[2025-12-22T22:07:07.926+0000][4294.422s][info][gc,heap     ] GC(505) Old regions: 54->54
[2025-12-22T22:07:07.926+0000][4294.422s][info][gc,heap     ] GC(505) Archive regions: 2->2
[2025-12-22T22:07:07.926+0000][4294.422s][info][gc,heap     ] GC(505) Humongous regions: 37->37
[2025-12-22T22:07:07.926+0000][4294.422s][info][gc,metaspace] GC(505) Metaspace: 87665K(88576K)->87665K(88576K) NonClass: 76344K(76800K)->76344K(76800K) Class: 11320K(11776K)->11320K(11776K)
[2025-12-22T22:07:07.926+0000][4294.423s][info][gc          ] GC(505) Pause Young (Normal) (G1 Evacuation Pause) 766M->92M(1128M) 9.832ms
[2025-12-22T22:07:07.926+0000][4294.423s][info][gc,cpu      ] GC(505) User=0.02s Sys=0.00s Real=0.01s
[2025-12-22T22:07:15.785+0000][4302.281s][info][gc,start    ] GC(506) Pause Young (Normal) (G1 Evacuation Pause)
[2025-12-22T22:07:15.785+0000][4302.281s][info][gc,task     ] GC(506) Using 3 workers of 3 for evacuation
[2025-12-22T22:07:15.788+0000][4302.285s][info][gc,phases   ] GC(506)   Pre Evacuate Collection Set: 0.2ms
[2025-12-22T22:07:15.789+0000][4302.285s][info][gc,phases   ] GC(506)   Merge Heap Roots: 0.2ms
[2025-12-22T22:07:15.789+0000][4302.285s][info][gc,phases   ] GC(506)   Evacuate Collection Set: 2.3ms
[2025-12-22T22:07:15.789+0000][4302.285s][info][gc,phases   ] GC(506)   Post Evacuate Collection Set: 0.6ms
[2025-12-22T22:07:15.789+0000][4302.285s][info][gc,phases   ] GC(506)   Other: 0.7ms
[2025-12-22T22:07:15.789+0000][4302.285s][info][gc,heap     ] GC(506) Eden regions: 674->0(674)
[2025-12-22T22:07:15.789+0000][4302.285s][info][gc,heap     ] GC(506) Survivor regions: 2->2(85)
[2025-12-22T22:07:15.789+0000][4302.285s][info][gc,heap     ] GC(506) Old regions: 54->54
[2025-12-22T22:07:15.789+0000][4302.285s][info][gc,heap     ] GC(506) Archive regions: 2->2
[2025-12-22T22:07:15.789+0000][4302.286s][info][gc,heap     ] GC(506) Humongous regions: 37->37
[2025-12-22T22:07:15.789+0000][4302.286s][info][gc,metaspace] GC(506) Metaspace: 87665K(88576K)->87665K(88576K) NonClass: 76344K(76800K)->76344K(76800K) Class: 11320K(11776K)->11320K(11776K)
[2025-12-22T22:07:15.789+0000][4302.286s][info][gc          ] GC(506) Pause Young (Normal) (G1 Evacuation Pause) 766M->92M(1128M) 4.967ms
[2025-12-22T22:07:15.790+0000][4302.286s][info][gc,cpu      ] GC(506) User=0.01s Sys=0.00s Real=0.01s
[2025-12-22T22:07:25.472+0000][4311.969s][info][gc,start    ] GC(507) Pause Young (Normal) (G1 Evacuation Pause)
[2025-12-22T22:07:25.473+0000][4311.969s][info][gc,task     ] GC(507) Using 3 workers of 3 for evacuation
[2025-12-22T22:07:25.486+0000][4311.982s][info][gc,phases   ] GC(507)   Pre Evacuate Collection Set: 0.4ms
[2025-12-22T22:07:25.486+0000][4311.983s][info][gc,phases   ] GC(507)   Merge Heap Roots: 0.1ms
[2025-12-22T22:07:25.486+0000][4311.983s][info][gc,phases   ] GC(507)   Evacuate Collection Set: 8.5ms
[2025-12-22T22:07:25.487+0000][4311.983s][info][gc,phases   ] GC(507)   Post Evacuate Collection Set: 3.7ms
[2025-12-22T22:07:25.487+0000][4311.983s][info][gc,phases   ] GC(507)   Other: 1.1ms
[2025-12-22T22:07:25.487+0000][4311.983s][info][gc,heap     ] GC(507) Eden regions: 674->0(674)
[2025-12-22T22:07:25.487+0000][4311.983s][info][gc,heap     ] GC(507) Survivor regions: 2->2(85)
[2025-12-22T22:07:25.487+0000][4311.983s][info][gc,heap     ] GC(507) Old regions: 54->54
[2025-12-22T22:07:25.487+0000][4311.983s][info][gc,heap     ] GC(507) Archive regions: 2->2
[2025-12-22T22:07:25.487+0000][4311.984s][info][gc,heap     ] GC(507) Humongous regions: 37->37
[2025-12-22T22:07:25.487+0000][4311.984s][info][gc,metaspace] GC(507) Metaspace: 87665K(88576K)->87665K(88576K) NonClass: 76344K(76800K)->76344K(76800K) Class: 11320K(11776K)->11320K(11776K)
[2025-12-22T22:07:25.488+0000][4311.984s][info][gc          ] GC(507) Pause Young (Normal) (G1 Evacuation Pause) 766M->92M(1128M) 15.205ms
[2025-12-22T22:07:25.488+0000][4311.984s][info][gc,cpu      ] GC(507) User=0.03s Sys=0.00s Real=0.02s
[2025-12-22T22:07:33.443+0000][4319.940s][info][gc,start    ] GC(508) Pause Young (Normal) (G1 Evacuation Pause)
[2025-12-22T22:07:33.444+0000][4319.940s][info][gc,task     ] GC(508) Using 3 workers of 3 for evacuation
[2025-12-22T22:07:33.446+0000][4319.942s][info][gc,phases   ] GC(508)   Pre Evacuate Collection Set: 0.1ms
[2025-12-22T22:07:33.446+0000][4319.942s][info][gc,phases   ] GC(508)   Merge Heap Roots: 0.1ms
[2025-12-22T22:07:33.446+0000][4319.943s][info][gc,phases   ] GC(508)   Evacuate Collection Set: 1.4ms
[2025-12-22T22:07:33.446+0000][4319.943s][info][gc,phases   ] GC(508)   Post Evacuate Collection Set: 0.5ms
[2025-12-22T22:07:33.446+0000][4319.943s][info][gc,phases   ] GC(508)   Other: 0.6ms
[2025-12-22T22:07:33.447+0000][4319.943s][info][gc,heap     ] GC(508) Eden regions: 674->0(674)
[2025-12-22T22:07:33.447+0000][4319.943s][info][gc,heap     ] GC(508) Survivor regions: 2->2(85)
[2025-12-22T22:07:33.447+0000][4319.943s][info][gc,heap     ] GC(508) Old regions: 54->54
[2025-12-22T22:07:33.447+0000][4319.943s][info][gc,heap     ] GC(508) Archive regions: 2->2
[2025-12-22T22:07:33.447+0000][4319.943s][info][gc,heap     ] GC(508) Humongous regions: 37->37
[2025-12-22T22:07:33.447+0000][4319.943s][info][gc,metaspace] GC(508) Metaspace: 87665K(88576K)->87665K(88576K) NonClass: 76344K(76800K)->76344K(76800K) Class: 11320K(11776K)->11320K(11776K)
[2025-12-22T22:07:33.447+0000][4319.943s][info][gc          ] GC(508) Pause Young (Normal) (G1 Evacuation Pause) 766M->92M(1128M) 3.312ms
[2025-12-22T22:07:33.447+0000][4319.943s][info][gc,cpu      ] GC(508) User=0.00s Sys=0.00s Real=0.01s
[2025-12-22T22:07:42.904+0000][4329.400s][info][gc,start    ] GC(509) Pause Young (Normal) (G1 Evacuation Pause)
[2025-12-22T22:07:42.905+0000][4329.401s][info][gc,task     ] GC(509) Using 3 workers of 3 for evacuation
[2025-12-22T22:07:42.909+0000][4329.405s][info][gc,phases   ] GC(509)   Pre Evacuate Collection Set: 0.3ms
[2025-12-22T22:07:42.909+0000][4329.405s][info][gc,phases   ] GC(509)   Merge Heap Roots: 0.1ms
[2025-12-22T22:07:42.909+0000][4329.405s][info][gc,phases   ] GC(509)   Evacuate Collection Set: 2.6ms
[2025-12-22T22:07:42.909+0000][4329.405s][info][gc,phases   ] GC(509)   Post Evacuate Collection Set: 1.1ms
[2025-12-22T22:07:42.909+0000][4329.406s][info][gc,phases   ] GC(509)   Other: 1.3ms
[2025-12-22T22:07:42.909+0000][4329.406s][info][gc,heap     ] GC(509) Eden regions: 674->0(674)
[2025-12-22T22:07:42.910+0000][4329.406s][info][gc,heap     ] GC(509) Survivor regions: 2->2(85)
[2025-12-22T22:07:42.910+0000][4329.406s][info][gc,heap     ] GC(509) Old regions: 54->54
[2025-12-22T22:07:42.910+0000][4329.406s][info][gc,heap     ] GC(509) Archive regions: 2->2
[2025-12-22T22:07:42.910+0000][4329.406s][info][gc,heap     ] GC(509) Humongous regions: 37->37
[2025-12-22T22:07:42.910+0000][4329.406s][info][gc,metaspace] GC(509) Metaspace: 87666K(88576K)->87666K(88576K) NonClass: 76345K(76800K)->76345K(76800K) Class: 11320K(11776K)->11320K(11776K)
[2025-12-22T22:07:42.910+0000][4329.406s][info][gc          ] GC(509) Pause Young (Normal) (G1 Evacuation Pause) 766M->92M(1128M) 6.348ms
[2025-12-22T22:07:42.910+0000][4329.406s][info][gc,cpu      ] GC(509) User=0.01s Sys=0.00s Real=0.01s
[2025-12-22T22:07:50.555+0000][4337.051s][info][gc,start    ] GC(510) Pause Young (Normal) (G1 Evacuation Pause)
[2025-12-22T22:07:50.555+0000][4337.052s][info][gc,task     ] GC(510) Using 3 workers of 3 for evacuation
[2025-12-22T22:07:50.560+0000][4337.056s][info][gc,phases   ] GC(510)   Pre Evacuate Collection Set: 0.2ms
[2025-12-22T22:07:50.560+0000][4337.056s][info][gc,phases   ] GC(510)   Merge Heap Roots: 0.1ms
[2025-12-22T22:07:50.560+0000][4337.056s][info][gc,phases   ] GC(510)   Evacuate Collection Set: 3.4ms
[2025-12-22T22:07:50.560+0000][4337.057s][info][gc,phases   ] GC(510)   Post Evacuate Collection Set: 0.5ms
[2025-12-22T22:07:50.561+0000][4337.057s][info][gc,phases   ] GC(510)   Other: 0.6ms
[2025-12-22T22:07:50.561+0000][4337.057s][info][gc,heap     ] GC(510) Eden regions: 674->0(675)
[2025-12-22T22:07:50.561+0000][4337.057s][info][gc,heap     ] GC(510) Survivor regions: 2->1(85)
[2025-12-22T22:07:50.562+0000][4337.058s][info][gc,heap     ] GC(510) Old regions: 54->55
[2025-12-22T22:07:50.562+0000][4337.058s][info][gc,heap     ] GC(510) Archive regions: 2->2
[2025-12-22T22:07:50.562+0000][4337.058s][info][gc,heap     ] GC(510) Humongous regions: 37->37
[2025-12-22T22:07:50.562+0000][4337.058s][info][gc,metaspace] GC(510) Metaspace: 87666K(88576K)->87666K(88576K) NonClass: 76345K(76800K)->76345K(76800K) Class: 11320K(11776K)->11320K(11776K)
[2025-12-22T22:07:50.564+0000][4337.061s][info][gc          ] GC(510) Pause Young (Normal) (G1 Evacuation Pause) 766M->92M(1128M) 9.393ms
[2025-12-22T22:07:50.565+0000][4337.061s][info][gc,cpu      ] GC(510) User=0.00s Sys=0.00s Real=0.00s
[2025-12-22T22:07:58.391+0000][4344.887s][info][gc,start    ] GC(511) Pause Young (Normal) (G1 Evacuation Pause)
[2025-12-22T22:07:58.391+0000][4344.888s][info][gc,task     ] GC(511) Using 3 workers of 3 for evacuation
[2025-12-22T22:07:58.397+0000][4344.894s][info][gc,phases   ] GC(511)   Pre Evacuate Collection Set: 0.1ms
[2025-12-22T22:07:58.398+0000][4344.894s][info][gc,phases   ] GC(511)   Merge Heap Roots: 0.1ms
[2025-12-22T22:07:58.398+0000][4344.894s][info][gc,phases   ] GC(511)   Evacuate Collection Set: 3.9ms
[2025-12-22T22:07:58.398+0000][4344.894s][info][gc,phases   ] GC(511)   Post Evacuate Collection Set: 1.5ms
[2025-12-22T22:07:58.398+0000][4344.894s][info][gc,phases   ] GC(511)   Other: 0.7ms
[2025-12-22T22:07:58.398+0000][4344.894s][info][gc,heap     ] GC(511) Eden regions: 675->0(675)
[2025-12-22T22:07:58.398+0000][4344.895s][info][gc,heap     ] GC(511) Survivor regions: 1->1(85)
[2025-12-22T22:07:58.398+0000][4344.895s][info][gc,heap     ] GC(511) Old regions: 55->55
[2025-12-22T22:07:58.399+0000][4344.895s][info][gc,heap     ] GC(511) Archive regions: 2->2
[2025-12-22T22:07:58.399+0000][4344.895s][info][gc,heap     ] GC(511) Humongous regions: 37->37
[2025-12-22T22:07:58.399+0000][4344.895s][info][gc,metaspace] GC(511) Metaspace: 87666K(88576K)->87666K(88576K) NonClass: 76345K(76800K)->76345K(76800K) Class: 11320K(11776K)->11320K(11776K)
[2025-12-22T22:07:58.399+0000][4344.895s][info][gc          ] GC(511) Pause Young (Normal) (G1 Evacuation Pause) 767M->92M(1128M) 7.963ms
[2025-12-22T22:07:58.399+0000][4344.895s][info][gc,cpu      ] GC(511) User=0.00s Sys=0.01s Real=0.01s
[2025-12-22T22:08:07.740+0000][4354.236s][info][gc,start    ] GC(512) Pause Young (Normal) (G1 Evacuation Pause)
[2025-12-22T22:08:07.740+0000][4354.236s][info][gc,task     ] GC(512) Using 3 workers of 3 for evacuation
[2025-12-22T22:08:07.744+0000][4354.240s][info][gc,phases   ] GC(512)   Pre Evacuate Collection Set: 0.4ms
[2025-12-22T22:08:07.744+0000][4354.240s][info][gc,phases   ] GC(512)   Merge Heap Roots: 0.1ms
[2025-12-22T22:08:07.744+0000][4354.240s][info][gc,phases   ] GC(512)   Evacuate Collection Set: 2.1ms
[2025-12-22T22:08:07.744+0000][4354.240s][info][gc,phases   ] GC(512)   Post Evacuate Collection Set: 0.9ms
[2025-12-22T22:08:07.744+0000][4354.241s][info][gc,phases   ] GC(512)   Other: 0.8ms
[2025-12-22T22:08:07.744+0000][4354.241s][info][gc,heap     ] GC(512) Eden regions: 675->0(675)
[2025-12-22T22:08:07.744+0000][4354.241s][info][gc,heap     ] GC(512) Survivor regions: 1->1(85)
[2025-12-22T22:08:07.745+0000][4354.241s][info][gc,heap     ] GC(512) Old regions: 55->55
[2025-12-22T22:08:07.745+0000][4354.241s][info][gc,heap     ] GC(512) Archive regions: 2->2
[2025-12-22T22:08:07.745+0000][4354.241s][info][gc,heap     ] GC(512) Humongous regions: 37->37
[2025-12-22T22:08:07.745+0000][4354.241s][info][gc,metaspace] GC(512) Metaspace: 87666K(88576K)->87666K(88576K) NonClass: 76345K(76800K)->76345K(76800K) Class: 11320K(11776K)->11320K(11776K)
[2025-12-22T22:08:07.745+0000][4354.241s][info][gc          ] GC(512) Pause Young (Normal) (G1 Evacuation Pause) 767M->92M(1128M) 5.062ms
[2025-12-22T22:08:07.745+0000][4354.241s][info][gc,cpu      ] GC(512) User=0.01s Sys=0.00s Real=0.01s
[2025-12-22T22:08:15.775+0000][4362.271s][info][gc,start    ] GC(513) Pause Young (Normal) (G1 Evacuation Pause)
[2025-12-22T22:08:15.776+0000][4362.272s][info][gc,task     ] GC(513) Using 3 workers of 3 for evacuation
[2025-12-22T22:08:15.778+0000][4362.275s][info][gc,phases   ] GC(513)   Pre Evacuate Collection Set: 0.2ms
[2025-12-22T22:08:15.779+0000][4362.275s][info][gc,phases   ] GC(513)   Merge Heap Roots: 0.1ms
[2025-12-22T22:08:15.779+0000][4362.275s][info][gc,phases   ] GC(513)   Evacuate Collection Set: 1.4ms
[2025-12-22T22:08:15.779+0000][4362.275s][info][gc,phases   ] GC(513)   Post Evacuate Collection Set: 0.7ms
[2025-12-22T22:08:15.779+0000][4362.275s][info][gc,phases   ] GC(513)   Other: 0.9ms
[2025-12-22T22:08:15.779+0000][4362.275s][info][gc,heap     ] GC(513) Eden regions: 675->0(675)
[2025-12-22T22:08:15.779+0000][4362.275s][info][gc,heap     ] GC(513) Survivor regions: 1->1(85)
[2025-12-22T22:08:15.779+0000][4362.275s][info][gc,heap     ] GC(513) Old regions: 55->55
[2025-12-22T22:08:15.779+0000][4362.276s][info][gc,heap     ] GC(513) Archive regions: 2->2
[2025-12-22T22:08:15.779+0000][4362.276s][info][gc,heap     ] GC(513) Humongous regions: 37->37
[2025-12-22T22:08:15.779+0000][4362.276s][info][gc,metaspace] GC(513) Metaspace: 87666K(88576K)->87666K(88576K) NonClass: 76345K(76800K)->76345K(76800K) Class: 11320K(11776K)->11320K(11776K)
[2025-12-22T22:08:15.780+0000][4362.276s][info][gc          ] GC(513) Pause Young (Normal) (G1 Evacuation Pause) 767M->92M(1128M) 4.366ms
[2025-12-22T22:08:15.780+0000][4362.276s][info][gc,cpu      ] GC(513) User=0.00s Sys=0.00s Real=0.00s
[2025-12-22T22:08:25.406+0000][4371.902s][info][gc,start    ] GC(514) Pause Young (Normal) (G1 Evacuation Pause)
[2025-12-22T22:08:25.406+0000][4371.902s][info][gc,task     ] GC(514) Using 3 workers of 3 for evacuation
[2025-12-22T22:08:25.410+0000][4371.907s][info][gc,phases   ] GC(514)   Pre Evacuate Collection Set: 0.4ms
[2025-12-22T22:08:25.411+0000][4371.907s][info][gc,phases   ] GC(514)   Merge Heap Roots: 0.2ms
[2025-12-22T22:08:25.411+0000][4371.907s][info][gc,phases   ] GC(514)   Evacuate Collection Set: 2.6ms
[2025-12-22T22:08:25.411+0000][4371.907s][info][gc,phases   ] GC(514)   Post Evacuate Collection Set: 0.9ms
[2025-12-22T22:08:25.411+0000][4371.907s][info][gc,phases   ] GC(514)   Other: 0.7ms
[2025-12-22T22:08:25.411+0000][4371.907s][info][gc,heap     ] GC(514) Eden regions: 675->0(675)
[2025-12-22T22:08:25.411+0000][4371.908s][info][gc,heap     ] GC(514) Survivor regions: 1->1(85)
[2025-12-22T22:08:25.411+0000][4371.908s][info][gc,heap     ] GC(514) Old regions: 55->55
[2025-12-22T22:08:25.411+0000][4371.908s][info][gc,heap     ] GC(514) Archive regions: 2->2
[2025-12-22T22:08:25.411+0000][4371.908s][info][gc,heap     ] GC(514) Humongous regions: 37->37
[2025-12-22T22:08:25.412+0000][4371.908s][info][gc,metaspace] GC(514) Metaspace: 87666K(88576K)->87666K(88576K) NonClass: 76345K(76800K)->76345K(76800K) Class: 11320K(11776K)->11320K(11776K)
[2025-12-22T22:08:25.412+0000][4371.908s][info][gc          ] GC(514) Pause Young (Normal) (G1 Evacuation Pause) 767M->92M(1128M) 5.927ms
[2025-12-22T22:08:25.412+0000][4371.908s][info][gc,cpu      ] GC(514) User=0.01s Sys=0.00s Real=0.00s
[2025-12-22T22:08:33.179+0000][4379.675s][info][gc,start    ] GC(515) Pause Young (Normal) (G1 Evacuation Pause)
[2025-12-22T22:08:33.180+0000][4379.676s][info][gc,task     ] GC(515) Using 3 workers of 3 for evacuation
[2025-12-22T22:08:33.182+0000][4379.678s][info][gc,phases   ] GC(515)   Pre Evacuate Collection Set: 0.1ms
[2025-12-22T22:08:33.182+0000][4379.678s][info][gc,phases   ] GC(515)   Merge Heap Roots: 0.1ms
[2025-12-22T22:08:33.182+0000][4379.678s][info][gc,phases   ] GC(515)   Evacuate Collection Set: 1.3ms
[2025-12-22T22:08:33.182+0000][4379.678s][info][gc,phases   ] GC(515)   Post Evacuate Collection Set: 0.3ms
[2025-12-22T22:08:33.182+0000][4379.678s][info][gc,phases   ] GC(515)   Other: 0.9ms
[2025-12-22T22:08:33.182+0000][4379.678s][info][gc,heap     ] GC(515) Eden regions: 675->0(675)
[2025-12-22T22:08:33.182+0000][4379.678s][info][gc,heap     ] GC(515) Survivor regions: 1->1(85)
[2025-12-22T22:08:33.182+0000][4379.678s][info][gc,heap     ] GC(515) Old regions: 55->55
[2025-12-22T22:08:33.182+0000][4379.678s][info][gc,heap     ] GC(515) Archive regions: 2->2
[2025-12-22T22:08:33.182+0000][4379.678s][info][gc,heap     ] GC(515) Humongous regions: 37->37
[2025-12-22T22:08:33.182+0000][4379.679s][info][gc,metaspace] GC(515) Metaspace: 87666K(88576K)->87666K(88576K) NonClass: 76345K(76800K)->76345K(76800K) Class: 11320K(11776K)->11320K(11776K)
[2025-12-22T22:08:33.182+0000][4379.679s][info][gc          ] GC(515) Pause Young (Normal) (G1 Evacuation Pause) 767M->92M(1128M) 3.246ms
[2025-12-22T22:08:33.182+0000][4379.679s][info][gc,cpu      ] GC(515) User=0.01s Sys=0.00s Real=0.00s
[2025-12-22T22:08:42.923+0000][4389.419s][info][gc,start    ] GC(516) Pause Young (Normal) (G1 Evacuation Pause)
[2025-12-22T22:08:42.923+0000][4389.420s][info][gc,task     ] GC(516) Using 3 workers of 3 for evacuation
[2025-12-22T22:08:42.938+0000][4389.435s][info][gc,phases   ] GC(516)   Pre Evacuate Collection Set: 1.1ms
[2025-12-22T22:08:42.939+0000][4389.435s][info][gc,phases   ] GC(516)   Merge Heap Roots: 0.4ms
[2025-12-22T22:08:42.939+0000][4389.435s][info][gc,phases   ] GC(516)   Evacuate Collection Set: 11.5ms
[2025-12-22T22:08:42.939+0000][4389.435s][info][gc,phases   ] GC(516)   Post Evacuate Collection Set: 1.6ms
[2025-12-22T22:08:42.939+0000][4389.436s][info][gc,phases   ] GC(516)   Other: 1.4ms
[2025-12-22T22:08:42.939+0000][4389.436s][info][gc,heap     ] GC(516) Eden regions: 675->0(675)
[2025-12-22T22:08:42.940+0000][4389.436s][info][gc,heap     ] GC(516) Survivor regions: 1->1(85)
[2025-12-22T22:08:42.940+0000][4389.436s][info][gc,heap     ] GC(516) Old regions: 55->55
[2025-12-22T22:08:42.940+0000][4389.436s][info][gc,heap     ] GC(516) Archive regions: 2->2
[2025-12-22T22:08:42.940+0000][4389.436s][info][gc,heap     ] GC(516) Humongous regions: 37->37
[2025-12-22T22:08:42.940+0000][4389.436s][info][gc,metaspace] GC(516) Metaspace: 87667K(88576K)->87667K(88576K) NonClass: 76347K(76800K)->76347K(76800K) Class: 11320K(11776K)->11320K(11776K)
[2025-12-22T22:08:42.940+0000][4389.437s][info][gc          ] GC(516) Pause Young (Normal) (G1 Evacuation Pause) 767M->92M(1128M) 17.636ms
[2025-12-22T22:08:42.941+0000][4389.437s][info][gc,cpu      ] GC(516) User=0.01s Sys=0.00s Real=0.02s
[2025-12-22T22:08:51.648+0000][4398.144s][info][gc,start    ] GC(517) Pause Young (Normal) (G1 Evacuation Pause)
[2025-12-22T22:08:51.649+0000][4398.145s][info][gc,task     ] GC(517) Using 3 workers of 3 for evacuation
[2025-12-22T22:08:51.653+0000][4398.149s][info][gc,phases   ] GC(517)   Pre Evacuate Collection Set: 0.5ms
[2025-12-22T22:08:51.653+0000][4398.150s][info][gc,phases   ] GC(517)   Merge Heap Roots: 0.2ms
[2025-12-22T22:08:51.653+0000][4398.150s][info][gc,phases   ] GC(517)   Evacuate Collection Set: 2.6ms
[2025-12-22T22:08:51.654+0000][4398.150s][info][gc,phases   ] GC(517)   Post Evacuate Collection Set: 1.1ms
[2025-12-22T22:08:51.654+0000][4398.150s][info][gc,phases   ] GC(517)   Other: 0.8ms
[2025-12-22T22:08:51.654+0000][4398.150s][info][gc,heap     ] GC(517) Eden regions: 675->0(675)
[2025-12-22T22:08:51.654+0000][4398.150s][info][gc,heap     ] GC(517) Survivor regions: 1->1(85)
[2025-12-22T22:08:51.654+0000][4398.150s][info][gc,heap     ] GC(517) Old regions: 55->55
[2025-12-22T22:08:51.654+0000][4398.150s][info][gc,heap     ] GC(517) Archive regions: 2->2
[2025-12-22T22:08:51.654+0000][4398.150s][info][gc,heap     ] GC(517) Humongous regions: 37->37
[2025-12-22T22:08:51.654+0000][4398.150s][info][gc,metaspace] GC(517) Metaspace: 87667K(88576K)->87667K(88576K) NonClass: 76347K(76800K)->76347K(76800K) Class: 11320K(11776K)->11320K(11776K)
[2025-12-22T22:08:51.654+0000][4398.150s][info][gc          ] GC(517) Pause Young (Normal) (G1 Evacuation Pause) 767M->92M(1128M) 6.045ms
[2025-12-22T22:08:51.654+0000][4398.151s][info][gc,cpu      ] GC(517) User=0.02s Sys=0.00s Real=0.00s
[2025-12-22T22:08:59.707+0000][4406.203s][info][gc,start    ] GC(518) Pause Young (Normal) (G1 Evacuation Pause)
[2025-12-22T22:08:59.707+0000][4406.204s][info][gc,task     ] GC(518) Using 3 workers of 3 for evacuation
[2025-12-22T22:08:59.710+0000][4406.206s][info][gc,phases   ] GC(518)   Pre Evacuate Collection Set: 0.2ms
[2025-12-22T22:08:59.710+0000][4406.206s][info][gc,phases   ] GC(518)   Merge Heap Roots: 0.1ms
[2025-12-22T22:08:59.710+0000][4406.206s][info][gc,phases   ] GC(518)   Evacuate Collection Set: 1.2ms
[2025-12-22T22:08:59.710+0000][4406.206s][info][gc,phases   ] GC(518)   Post Evacuate Collection Set: 0.5ms
[2025-12-22T22:08:59.710+0000][4406.206s][info][gc,phases   ] GC(518)   Other: 0.6ms
[2025-12-22T22:08:59.710+0000][4406.206s][info][gc,heap     ] GC(518) Eden regions: 675->0(675)
[2025-12-22T22:08:59.710+0000][4406.206s][info][gc,heap     ] GC(518) Survivor regions: 1->1(85)
[2025-12-22T22:08:59.710+0000][4406.206s][info][gc,heap     ] GC(518) Old regions: 55->55
[2025-12-22T22:08:59.710+0000][4406.207s][info][gc,heap     ] GC(518) Archive regions: 2->2
[2025-12-22T22:08:59.710+0000][4406.207s][info][gc,heap     ] GC(518) Humongous regions: 37->37
[2025-12-22T22:08:59.710+0000][4406.207s][info][gc,metaspace] GC(518) Metaspace: 87667K(88576K)->87667K(88576K) NonClass: 76347K(76800K)->76347K(76800K) Class: 11320K(11776K)->11320K(11776K)
[2025-12-22T22:08:59.711+0000][4406.207s][info][gc          ] GC(518) Pause Young (Normal) (G1 Evacuation Pause) 767M->92M(1128M) 3.497ms
[2025-12-22T22:08:59.711+0000][4406.207s][info][gc,cpu      ] GC(518) User=0.00s Sys=0.00s Real=0.00s
[2025-12-22T22:09:09.512+0000][4416.008s][info][gc,start    ] GC(519) Pause Young (Normal) (G1 Evacuation Pause)
[2025-12-22T22:09:09.513+0000][4416.009s][info][gc,task     ] GC(519) Using 3 workers of 3 for evacuation
[2025-12-22T22:09:09.517+0000][4416.013s][info][gc,phases   ] GC(519)   Pre Evacuate Collection Set: 0.3ms
[2025-12-22T22:09:09.517+0000][4416.013s][info][gc,phases   ] GC(519)   Merge Heap Roots: 0.1ms
[2025-12-22T22:09:09.517+0000][4416.013s][info][gc,phases   ] GC(519)   Evacuate Collection Set: 2.2ms
[2025-12-22T22:09:09.517+0000][4416.013s][info][gc,phases   ] GC(519)   Post Evacuate Collection Set: 0.9ms
[2025-12-22T22:09:09.517+0000][4416.013s][info][gc,phases   ] GC(519)   Other: 1.4ms
[2025-12-22T22:09:09.517+0000][4416.013s][info][gc,heap     ] GC(519) Eden regions: 675->0(675)
[2025-12-22T22:09:09.517+0000][4416.013s][info][gc,heap     ] GC(519) Survivor regions: 1->1(85)
[2025-12-22T22:09:09.517+0000][4416.014s][info][gc,heap     ] GC(519) Old regions: 55->55
[2025-12-22T22:09:09.517+0000][4416.014s][info][gc,heap     ] GC(519) Archive regions: 2->2
[2025-12-22T22:09:09.517+0000][4416.014s][info][gc,heap     ] GC(519) Humongous regions: 37->37
[2025-12-22T22:09:09.518+0000][4416.014s][info][gc,metaspace] GC(519) Metaspace: 87689K(88576K)->87689K(88576K) NonClass: 76368K(76800K)->76368K(76800K) Class: 11320K(11776K)->11320K(11776K)
[2025-12-22T22:09:09.518+0000][4416.014s][info][gc          ] GC(519) Pause Young (Normal) (G1 Evacuation Pause) 767M->92M(1128M) 6.090ms
[2025-12-22T22:09:09.518+0000][4416.014s][info][gc,cpu      ] GC(519) User=0.01s Sys=0.00s Real=0.01s
[2025-12-22T22:09:17.470+0000][4423.966s][info][gc,start    ] GC(520) Pause Young (Normal) (G1 Evacuation Pause)
[2025-12-22T22:09:17.471+0000][4423.967s][info][gc,task     ] GC(520) Using 3 workers of 3 for evacuation
[2025-12-22T22:09:17.473+0000][4423.970s][info][gc,phases   ] GC(520)   Pre Evacuate Collection Set: 0.2ms
[2025-12-22T22:09:17.474+0000][4423.970s][info][gc,phases   ] GC(520)   Merge Heap Roots: 0.1ms
[2025-12-22T22:09:17.474+0000][4423.970s][info][gc,phases   ] GC(520)   Evacuate Collection Set: 1.3ms
[2025-12-22T22:09:17.474+0000][4423.970s][info][gc,phases   ] GC(520)   Post Evacuate Collection Set: 0.5ms
[2025-12-22T22:09:17.474+0000][4423.970s][info][gc,phases   ] GC(520)   Other: 1.2ms
[2025-12-22T22:09:17.474+0000][4423.970s][info][gc,heap     ] GC(520) Eden regions: 675->0(675)
[2025-12-22T22:09:17.474+0000][4423.970s][info][gc,heap     ] GC(520) Survivor regions: 1->1(85)
[2025-12-22T22:09:17.474+0000][4423.970s][info][gc,heap     ] GC(520) Old regions: 55->55
[2025-12-22T22:09:17.474+0000][4423.970s][info][gc,heap     ] GC(520) Archive regions: 2->2
[2025-12-22T22:09:17.474+0000][4423.971s][info][gc,heap     ] GC(520) Humongous regions: 37->37
[2025-12-22T22:09:17.474+0000][4423.971s][info][gc,metaspace] GC(520) Metaspace: 87689K(88576K)->87689K(88576K) NonClass: 76368K(76800K)->76368K(76800K) Class: 11320K(11776K)->11320K(11776K)
[2025-12-22T22:09:17.475+0000][4423.971s][info][gc          ] GC(520) Pause Young (Normal) (G1 Evacuation Pause) 767M->92M(1128M) 4.311ms
[2025-12-22T22:09:17.475+0000][4423.971s][info][gc,cpu      ] GC(520) User=0.01s Sys=0.00s Real=0.00s
[2025-12-22T22:09:27.099+0000][4433.595s][info][gc,start    ] GC(521) Pause Young (Normal) (G1 Evacuation Pause)
[2025-12-22T22:09:27.100+0000][4433.597s][info][gc,task     ] GC(521) Using 3 workers of 3 for evacuation
[2025-12-22T22:09:27.105+0000][4433.601s][info][gc,phases   ] GC(521)   Pre Evacuate Collection Set: 0.4ms
[2025-12-22T22:09:27.105+0000][4433.601s][info][gc,phases   ] GC(521)   Merge Heap Roots: 0.2ms
[2025-12-22T22:09:27.105+0000][4433.601s][info][gc,phases   ] GC(521)   Evacuate Collection Set: 2.7ms
[2025-12-22T22:09:27.105+0000][4433.602s][info][gc,phases   ] GC(521)   Post Evacuate Collection Set: 1.1ms
[2025-12-22T22:09:27.105+0000][4433.602s][info][gc,phases   ] GC(521)   Other: 1.5ms
[2025-12-22T22:09:27.105+0000][4433.602s][info][gc,heap     ] GC(521) Eden regions: 675->0(675)
[2025-12-22T22:09:27.106+0000][4433.602s][info][gc,heap     ] GC(521) Survivor regions: 1->1(85)
[2025-12-22T22:09:27.106+0000][4433.602s][info][gc,heap     ] GC(521) Old regions: 55->55
[2025-12-22T22:09:27.106+0000][4433.602s][info][gc,heap     ] GC(521) Archive regions: 2->2
[2025-12-22T22:09:27.106+0000][4433.602s][info][gc,heap     ] GC(521) Humongous regions: 37->37
[2025-12-22T22:09:27.106+0000][4433.602s][info][gc,metaspace] GC(521) Metaspace: 87689K(88576K)->87689K(88576K) NonClass: 76368K(76800K)->76368K(76800K) Class: 11320K(11776K)->11320K(11776K)
[2025-12-22T22:09:27.106+0000][4433.602s][info][gc          ] GC(521) Pause Young (Normal) (G1 Evacuation Pause) 767M->92M(1128M) 7.059ms
[2025-12-22T22:09:27.106+0000][4433.603s][info][gc,cpu      ] GC(521) User=0.01s Sys=0.00s Real=0.01s
[2025-12-22T22:09:35.067+0000][4441.564s][info][gc,start    ] GC(522) Pause Young (Normal) (G1 Evacuation Pause)
[2025-12-22T22:09:35.068+0000][4441.565s][info][gc,task     ] GC(522) Using 3 workers of 3 for evacuation
[2025-12-22T22:09:35.070+0000][4441.567s][info][gc,phases   ] GC(522)   Pre Evacuate Collection Set: 0.1ms
[2025-12-22T22:09:35.070+0000][4441.567s][info][gc,phases   ] GC(522)   Merge Heap Roots: 0.1ms
[2025-12-22T22:09:35.071+0000][4441.567s][info][gc,phases   ] GC(522)   Evacuate Collection Set: 1.1ms
[2025-12-22T22:09:35.071+0000][4441.567s][info][gc,phases   ] GC(522)   Post Evacuate Collection Set: 0.4ms
[2025-12-22T22:09:35.071+0000][4441.567s][info][gc,phases   ] GC(522)   Other: 1.2ms
[2025-12-22T22:09:35.071+0000][4441.567s][info][gc,heap     ] GC(522) Eden regions: 675->0(675)
[2025-12-22T22:09:35.071+0000][4441.567s][info][gc,heap     ] GC(522) Survivor regions: 1->1(85)
[2025-12-22T22:09:35.071+0000][4441.567s][info][gc,heap     ] GC(522) Old regions: 55->55
[2025-12-22T22:09:35.071+0000][4441.567s][info][gc,heap     ] GC(522) Archive regions: 2->2
[2025-12-22T22:09:35.071+0000][4441.567s][info][gc,heap     ] GC(522) Humongous regions: 37->37
[2025-12-22T22:09:35.071+0000][4441.568s][info][gc,metaspace] GC(522) Metaspace: 87689K(88576K)->87689K(88576K) NonClass: 76368K(76800K)->76368K(76800K) Class: 11320K(11776K)->11320K(11776K)
[2025-12-22T22:09:35.071+0000][4441.568s][info][gc          ] GC(522) Pause Young (Normal) (G1 Evacuation Pause) 767M->92M(1128M) 3.983ms
[2025-12-22T22:09:35.072+0000][4441.568s][info][gc,cpu      ] GC(522) User=0.00s Sys=0.00s Real=0.00s
[2025-12-22T22:09:42.937+0000][4449.433s][info][gc,start    ] GC(523) Pause Young (Normal) (G1 Evacuation Pause)
[2025-12-22T22:09:42.937+0000][4449.433s][info][gc,task     ] GC(523) Using 3 workers of 3 for evacuation
[2025-12-22T22:09:42.939+0000][4449.435s][info][gc,phases   ] GC(523)   Pre Evacuate Collection Set: 0.1ms
[2025-12-22T22:09:42.939+0000][4449.436s][info][gc,phases   ] GC(523)   Merge Heap Roots: 0.1ms
[2025-12-22T22:09:42.939+0000][4449.436s][info][gc,phases   ] GC(523)   Evacuate Collection Set: 1.3ms
[2025-12-22T22:09:42.940+0000][4449.436s][info][gc,phases   ] GC(523)   Post Evacuate Collection Set: 0.4ms
[2025-12-22T22:09:42.940+0000][4449.436s][info][gc,phases   ] GC(523)   Other: 0.4ms
[2025-12-22T22:09:42.940+0000][4449.436s][info][gc,heap     ] GC(523) Eden regions: 675->0(675)
[2025-12-22T22:09:42.940+0000][4449.436s][info][gc,heap     ] GC(523) Survivor regions: 1->1(85)
[2025-12-22T22:09:42.940+0000][4449.436s][info][gc,heap     ] GC(523) Old regions: 55->55
[2025-12-22T22:09:42.940+0000][4449.436s][info][gc,heap     ] GC(523) Archive regions: 2->2
[2025-12-22T22:09:42.940+0000][4449.436s][info][gc,heap     ] GC(523) Humongous regions: 37->37
[2025-12-22T22:09:42.940+0000][4449.436s][info][gc,metaspace] GC(523) Metaspace: 87700K(88576K)->87700K(88576K) NonClass: 76379K(76800K)->76379K(76800K) Class: 11320K(11776K)->11320K(11776K)
[2025-12-22T22:09:42.940+0000][4449.436s][info][gc          ] GC(523) Pause Young (Normal) (G1 Evacuation Pause) 767M->93M(1128M) 3.178ms
[2025-12-22T22:09:42.940+0000][4449.437s][info][gc,cpu      ] GC(523) User=0.01s Sys=0.00s Real=0.00s
[2025-12-22T22:09:52.046+0000][4458.542s][info][gc,start    ] GC(524) Pause Young (Normal) (G1 Evacuation Pause)
[2025-12-22T22:09:52.046+0000][4458.543s][info][gc,task     ] GC(524) Using 3 workers of 3 for evacuation
[2025-12-22T22:09:52.048+0000][4458.544s][info][gc,phases   ] GC(524)   Pre Evacuate Collection Set: 0.1ms
[2025-12-22T22:09:52.048+0000][4458.544s][info][gc,phases   ] GC(524)   Merge Heap Roots: 0.1ms
[2025-12-22T22:09:52.048+0000][4458.544s][info][gc,phases   ] GC(524)   Evacuate Collection Set: 0.9ms
[2025-12-22T22:09:52.048+0000][4458.545s][info][gc,phases   ] GC(524)   Post Evacuate Collection Set: 0.4ms
[2025-12-22T22:09:52.048+0000][4458.545s][info][gc,phases   ] GC(524)   Other: 0.6ms
[2025-12-22T22:09:52.048+0000][4458.545s][info][gc,heap     ] GC(524) Eden regions: 675->0(675)
[2025-12-22T22:09:52.048+0000][4458.545s][info][gc,heap     ] GC(524) Survivor regions: 1->1(85)
[2025-12-22T22:09:52.049+0000][4458.545s][info][gc,heap     ] GC(524) Old regions: 55->55
[2025-12-22T22:09:52.049+0000][4458.545s][info][gc,heap     ] GC(524) Archive regions: 2->2
[2025-12-22T22:09:52.049+0000][4458.545s][info][gc,heap     ] GC(524) Humongous regions: 37->37
[2025-12-22T22:09:52.049+0000][4458.545s][info][gc,metaspace] GC(524) Metaspace: 87700K(88576K)->87700K(88576K) NonClass: 76379K(76800K)->76379K(76800K) Class: 11320K(11776K)->11320K(11776K)
[2025-12-22T22:09:52.049+0000][4458.545s][info][gc          ] GC(524) Pause Young (Normal) (G1 Evacuation Pause) 768M->93M(1128M) 2.782ms
[2025-12-22T22:09:52.049+0000][4458.545s][info][gc,cpu      ] GC(524) User=0.00s Sys=0.00s Real=0.00s
[2025-12-22T22:09:59.846+0000][4466.342s][info][gc,start    ] GC(525) Pause Young (Normal) (G1 Evacuation Pause)
[2025-12-22T22:09:59.846+0000][4466.342s][info][gc,task     ] GC(525) Using 3 workers of 3 for evacuation
[2025-12-22T22:09:59.849+0000][4466.345s][info][gc,phases   ] GC(525)   Pre Evacuate Collection Set: 0.1ms
[2025-12-22T22:09:59.849+0000][4466.345s][info][gc,phases   ] GC(525)   Merge Heap Roots: 0.1ms
[2025-12-22T22:09:59.849+0000][4466.345s][info][gc,phases   ] GC(525)   Evacuate Collection Set: 1.9ms
[2025-12-22T22:09:59.849+0000][4466.345s][info][gc,phases   ] GC(525)   Post Evacuate Collection Set: 0.4ms
[2025-12-22T22:09:59.849+0000][4466.345s][info][gc,phases   ] GC(525)   Other: 0.6ms
[2025-12-22T22:09:59.849+0000][4466.345s][info][gc,heap     ] GC(525) Eden regions: 675->0(675)
[2025-12-22T22:09:59.849+0000][4466.345s][info][gc,heap     ] GC(525) Survivor regions: 1->1(85)
[2025-12-22T22:09:59.849+0000][4466.345s][info][gc,heap     ] GC(525) Old regions: 55->55
[2025-12-22T22:09:59.849+0000][4466.346s][info][gc,heap     ] GC(525) Archive regions: 2->2
[2025-12-22T22:09:59.849+0000][4466.346s][info][gc,heap     ] GC(525) Humongous regions: 37->37
[2025-12-22T22:09:59.849+0000][4466.346s][info][gc,metaspace] GC(525) Metaspace: 87700K(88576K)->87700K(88576K) NonClass: 76379K(76800K)->76379K(76800K) Class: 11320K(11776K)->11320K(11776K)
[2025-12-22T22:09:59.849+0000][4466.346s][info][gc          ] GC(525) Pause Young (Normal) (G1 Evacuation Pause) 768M->93M(1128M) 3.800ms
[2025-12-22T22:09:59.850+0000][4466.346s][info][gc,cpu      ] GC(525) User=0.01s Sys=0.00s Real=0.00s
[2025-12-22T22:10:09.566+0000][4476.062s][info][gc,start    ] GC(526) Pause Young (Normal) (G1 Evacuation Pause)
[2025-12-22T22:10:09.567+0000][4476.063s][info][gc,task     ] GC(526) Using 3 workers of 3 for evacuation
[2025-12-22T22:10:09.576+0000][4476.073s][info][gc,phases   ] GC(526)   Pre Evacuate Collection Set: 0.4ms
[2025-12-22T22:10:09.577+0000][4476.073s][info][gc,phases   ] GC(526)   Merge Heap Roots: 0.1ms
[2025-12-22T22:10:09.577+0000][4476.073s][info][gc,phases   ] GC(526)   Evacuate Collection Set: 5.7ms
[2025-12-22T22:10:09.577+0000][4476.073s][info][gc,phases   ] GC(526)   Post Evacuate Collection Set: 2.9ms
[2025-12-22T22:10:09.577+0000][4476.073s][info][gc,phases   ] GC(526)   Other: 1.4ms
[2025-12-22T22:10:09.577+0000][4476.073s][info][gc,heap     ] GC(526) Eden regions: 675->0(675)
[2025-12-22T22:10:09.577+0000][4476.073s][info][gc,heap     ] GC(526) Survivor regions: 1->1(85)
[2025-12-22T22:10:09.577+0000][4476.073s][info][gc,heap     ] GC(526) Old regions: 55->55
[2025-12-22T22:10:09.577+0000][4476.073s][info][gc,heap     ] GC(526) Archive regions: 2->2
[2025-12-22T22:10:09.577+0000][4476.073s][info][gc,heap     ] GC(526) Humongous regions: 37->37
[2025-12-22T22:10:09.577+0000][4476.073s][info][gc,metaspace] GC(526) Metaspace: 87700K(88576K)->87700K(88576K) NonClass: 76379K(76800K)->76379K(76800K) Class: 11320K(11776K)->11320K(11776K)
[2025-12-22T22:10:09.577+0000][4476.074s][info][gc          ] GC(526) Pause Young (Normal) (G1 Evacuation Pause) 768M->93M(1128M) 11.456ms
[2025-12-22T22:10:09.577+0000][4476.074s][info][gc,cpu      ] GC(526) User=0.03s Sys=0.00s Real=0.01s
[2025-12-22T22:10:17.443+0000][4483.939s][info][gc,start    ] GC(527) Pause Young (Normal) (G1 Evacuation Pause)
[2025-12-22T22:10:17.443+0000][4483.939s][info][gc,task     ] GC(527) Using 3 workers of 3 for evacuation
[2025-12-22T22:10:17.445+0000][4483.941s][info][gc,phases   ] GC(527)   Pre Evacuate Collection Set: 0.1ms
[2025-12-22T22:10:17.445+0000][4483.941s][info][gc,phases   ] GC(527)   Merge Heap Roots: 0.1ms
[2025-12-22T22:10:17.445+0000][4483.941s][info][gc,phases   ] GC(527)   Evacuate Collection Set: 0.9ms
[2025-12-22T22:10:17.445+0000][4483.941s][info][gc,phases   ] GC(527)   Post Evacuate Collection Set: 0.4ms
[2025-12-22T22:10:17.445+0000][4483.941s][info][gc,phases   ] GC(527)   Other: 0.6ms
[2025-12-22T22:10:17.445+0000][4483.941s][info][gc,heap     ] GC(527) Eden regions: 675->0(675)
[2025-12-22T22:10:17.445+0000][4483.941s][info][gc,heap     ] GC(527) Survivor regions: 1->1(85)
[2025-12-22T22:10:17.445+0000][4483.941s][info][gc,heap     ] GC(527) Old regions: 55->55
[2025-12-22T22:10:17.445+0000][4483.941s][info][gc,heap     ] GC(527) Archive regions: 2->2
[2025-12-22T22:10:17.445+0000][4483.942s][info][gc,heap     ] GC(527) Humongous regions: 37->37
[2025-12-22T22:10:17.445+0000][4483.942s][info][gc,metaspace] GC(527) Metaspace: 87705K(88576K)->87705K(88576K) NonClass: 76384K(76800K)->76384K(76800K) Class: 11320K(11776K)->11320K(11776K)
[2025-12-22T22:10:17.445+0000][4483.942s][info][gc          ] GC(527) Pause Young (Normal) (G1 Evacuation Pause) 768M->93M(1128M) 2.680ms
[2025-12-22T22:10:17.445+0000][4483.942s][info][gc,cpu      ] GC(527) User=0.01s Sys=0.00s Real=0.01s
[2025-12-22T22:10:27.334+0000][4493.830s][info][gc,start    ] GC(528) Pause Young (Normal) (G1 Evacuation Pause)
[2025-12-22T22:10:27.335+0000][4493.831s][info][gc,task     ] GC(528) Using 3 workers of 3 for evacuation
[2025-12-22T22:10:27.341+0000][4493.837s][info][gc,phases   ] GC(528)   Pre Evacuate Collection Set: 0.1ms
[2025-12-22T22:10:27.341+0000][4493.838s][info][gc,phases   ] GC(528)   Merge Heap Roots: 0.1ms
[2025-12-22T22:10:27.342+0000][4493.838s][info][gc,phases   ] GC(528)   Evacuate Collection Set: 4.9ms
[2025-12-22T22:10:27.342+0000][4493.838s][info][gc,phases   ] GC(528)   Post Evacuate Collection Set: 0.7ms
[2025-12-22T22:10:27.342+0000][4493.838s][info][gc,phases   ] GC(528)   Other: 1.9ms
[2025-12-22T22:10:27.342+0000][4493.839s][info][gc,heap     ] GC(528) Eden regions: 675->0(675)
[2025-12-22T22:10:27.343+0000][4493.839s][info][gc,heap     ] GC(528) Survivor regions: 1->1(85)
[2025-12-22T22:10:27.343+0000][4493.839s][info][gc,heap     ] GC(528) Old regions: 55->55
[2025-12-22T22:10:27.343+0000][4493.840s][info][gc,heap     ] GC(528) Archive regions: 2->2
[2025-12-22T22:10:27.344+0000][4493.840s][info][gc,heap     ] GC(528) Humongous regions: 37->37
[2025-12-22T22:10:27.344+0000][4493.840s][info][gc,metaspace] GC(528) Metaspace: 87705K(88576K)->87705K(88576K) NonClass: 76384K(76800K)->76384K(76800K) Class: 11320K(11776K)->11320K(11776K)
[2025-12-22T22:10:27.344+0000][4493.840s][info][gc          ] GC(528) Pause Young (Normal) (G1 Evacuation Pause) 768M->93M(1128M) 10.391ms
[2025-12-22T22:10:27.344+0000][4493.840s][info][gc,cpu      ] GC(528) User=0.00s Sys=0.00s Real=0.01s
[2025-12-22T22:10:35.329+0000][4501.826s][info][gc,start    ] GC(529) Pause Young (Normal) (G1 Evacuation Pause)
[2025-12-22T22:10:35.330+0000][4501.827s][info][gc,task     ] GC(529) Using 3 workers of 3 for evacuation
[2025-12-22T22:10:35.335+0000][4501.831s][info][gc,phases   ] GC(529)   Pre Evacuate Collection Set: 0.3ms
[2025-12-22T22:10:35.335+0000][4501.831s][info][gc,phases   ] GC(529)   Merge Heap Roots: 0.1ms
[2025-12-22T22:10:35.335+0000][4501.831s][info][gc,phases   ] GC(529)   Evacuate Collection Set: 2.9ms
[2025-12-22T22:10:35.335+0000][4501.831s][info][gc,phases   ] GC(529)   Post Evacuate Collection Set: 1.0ms
[2025-12-22T22:10:35.335+0000][4501.831s][info][gc,phases   ] GC(529)   Other: 1.3ms
[2025-12-22T22:10:35.335+0000][4501.832s][info][gc,heap     ] GC(529) Eden regions: 675->0(675)
[2025-12-22T22:10:35.335+0000][4501.832s][info][gc,heap     ] GC(529) Survivor regions: 1->1(85)
[2025-12-22T22:10:35.336+0000][4501.832s][info][gc,heap     ] GC(529) Old regions: 55->55
[2025-12-22T22:10:35.336+0000][4501.832s][info][gc,heap     ] GC(529) Archive regions: 2->2
[2025-12-22T22:10:35.336+0000][4501.832s][info][gc,heap     ] GC(529) Humongous regions: 37->37
[2025-12-22T22:10:35.336+0000][4501.832s][info][gc,metaspace] GC(529) Metaspace: 87706K(88576K)->87706K(88576K) NonClass: 76385K(76800K)->76385K(76800K) Class: 11320K(11776K)->11320K(11776K)
[2025-12-22T22:10:35.336+0000][4501.832s][info][gc          ] GC(529) Pause Young (Normal) (G1 Evacuation Pause) 768M->93M(1128M) 6.679ms
[2025-12-22T22:10:35.336+0000][4501.832s][info][gc,cpu      ] GC(529) User=0.02s Sys=0.00s Real=0.01s
[2025-12-22T22:10:43.187+0000][4509.683s][info][gc,start    ] GC(530) Pause Young (Normal) (G1 Evacuation Pause)
[2025-12-22T22:10:43.187+0000][4509.683s][info][gc,task     ] GC(530) Using 3 workers of 3 for evacuation
[2025-12-22T22:10:43.189+0000][4509.685s][info][gc,phases   ] GC(530)   Pre Evacuate Collection Set: 0.1ms
[2025-12-22T22:10:43.189+0000][4509.685s][info][gc,phases   ] GC(530)   Merge Heap Roots: 0.1ms
[2025-12-22T22:10:43.189+0000][4509.685s][info][gc,phases   ] GC(530)   Evacuate Collection Set: 1.3ms
[2025-12-22T22:10:43.189+0000][4509.685s][info][gc,phases   ] GC(530)   Post Evacuate Collection Set: 0.4ms
[2025-12-22T22:10:43.189+0000][4509.685s][info][gc,phases   ] GC(530)   Other: 0.5ms
[2025-12-22T22:10:43.189+0000][4509.685s][info][gc,heap     ] GC(530) Eden regions: 675->0(675)
[2025-12-22T22:10:43.189+0000][4509.686s][info][gc,heap     ] GC(530) Survivor regions: 1->1(85)
[2025-12-22T22:10:43.189+0000][4509.686s][info][gc,heap     ] GC(530) Old regions: 55->55
[2025-12-22T22:10:43.189+0000][4509.686s][info][gc,heap     ] GC(530) Archive regions: 2->2
[2025-12-22T22:10:43.189+0000][4509.686s][info][gc,heap     ] GC(530) Humongous regions: 37->37
[2025-12-22T22:10:43.189+0000][4509.686s][info][gc,metaspace] GC(530) Metaspace: 87706K(88576K)->87706K(88576K) NonClass: 76385K(76800K)->76385K(76800K) Class: 11320K(11776K)->11320K(11776K)
[2025-12-22T22:10:43.190+0000][4509.686s][info][gc          ] GC(530) Pause Young (Normal) (G1 Evacuation Pause) 768M->93M(1128M) 2.974ms
[2025-12-22T22:10:43.190+0000][4509.686s][info][gc,cpu      ] GC(530) User=0.00s Sys=0.00s Real=0.00s
[2025-12-22T22:10:52.550+0000][4519.046s][info][gc,start    ] GC(531) Pause Young (Normal) (G1 Evacuation Pause)
[2025-12-22T22:10:52.551+0000][4519.047s][info][gc,task     ] GC(531) Using 3 workers of 3 for evacuation
[2025-12-22T22:10:52.553+0000][4519.049s][info][gc,phases   ] GC(531)   Pre Evacuate Collection Set: 0.1ms
[2025-12-22T22:10:52.553+0000][4519.049s][info][gc,phases   ] GC(531)   Merge Heap Roots: 0.1ms
[2025-12-22T22:10:52.553+0000][4519.049s][info][gc,phases   ] GC(531)   Evacuate Collection Set: 0.9ms
[2025-12-22T22:10:52.553+0000][4519.049s][info][gc,phases   ] GC(531)   Post Evacuate Collection Set: 0.4ms
[2025-12-22T22:10:52.553+0000][4519.049s][info][gc,phases   ] GC(531)   Other: 1.1ms
[2025-12-22T22:10:52.553+0000][4519.049s][info][gc,heap     ] GC(531) Eden regions: 675->0(675)
[2025-12-22T22:10:52.553+0000][4519.049s][info][gc,heap     ] GC(531) Survivor regions: 1->1(85)
[2025-12-22T22:10:52.553+0000][4519.049s][info][gc,heap     ] GC(531) Old regions: 55->55
[2025-12-22T22:10:52.553+0000][4519.049s][info][gc,heap     ] GC(531) Archive regions: 2->2
[2025-12-22T22:10:52.553+0000][4519.050s][info][gc,heap     ] GC(531) Humongous regions: 37->37
[2025-12-22T22:10:52.553+0000][4519.050s][info][gc,metaspace] GC(531) Metaspace: 87706K(88576K)->87706K(88576K) NonClass: 76385K(76800K)->76385K(76800K) Class: 11320K(11776K)->11320K(11776K)
[2025-12-22T22:10:52.553+0000][4519.050s][info][gc          ] GC(531) Pause Young (Normal) (G1 Evacuation Pause) 768M->93M(1128M) 3.124ms
[2025-12-22T22:10:52.553+0000][4519.050s][info][gc,cpu      ] GC(531) User=0.00s Sys=0.00s Real=0.00s
[2025-12-22T22:11:00.226+0000][4526.723s][info][gc,start    ] GC(532) Pause Young (Normal) (G1 Evacuation Pause)
[2025-12-22T22:11:00.227+0000][4526.723s][info][gc,task     ] GC(532) Using 3 workers of 3 for evacuation
[2025-12-22T22:11:00.229+0000][4526.725s][info][gc,phases   ] GC(532)   Pre Evacuate Collection Set: 0.1ms
[2025-12-22T22:11:00.229+0000][4526.726s][info][gc,phases   ] GC(532)   Merge Heap Roots: 0.1ms
[2025-12-22T22:11:00.230+0000][4526.726s][info][gc,phases   ] GC(532)   Evacuate Collection Set: 1.1ms
[2025-12-22T22:11:00.230+0000][4526.726s][info][gc,phases   ] GC(532)   Post Evacuate Collection Set: 0.4ms
[2025-12-22T22:11:00.230+0000][4526.726s][info][gc,phases   ] GC(532)   Other: 1.2ms
[2025-12-22T22:11:00.230+0000][4526.726s][info][gc,heap     ] GC(532) Eden regions: 675->0(675)
[2025-12-22T22:11:00.230+0000][4526.726s][info][gc,heap     ] GC(532) Survivor regions: 1->1(85)
[2025-12-22T22:11:00.230+0000][4526.726s][info][gc,heap     ] GC(532) Old regions: 55->55
[2025-12-22T22:11:00.230+0000][4526.726s][info][gc,heap     ] GC(532) Archive regions: 2->2
[2025-12-22T22:11:00.230+0000][4526.726s][info][gc,heap     ] GC(532) Humongous regions: 37->37
[2025-12-22T22:11:00.230+0000][4526.727s][info][gc,metaspace] GC(532) Metaspace: 87706K(88576K)->87706K(88576K) NonClass: 76385K(76800K)->76385K(76800K) Class: 11320K(11776K)->11320K(11776K)
[2025-12-22T22:11:00.230+0000][4526.727s][info][gc          ] GC(532) Pause Young (Normal) (G1 Evacuation Pause) 768M->93M(1128M) 4.155ms
[2025-12-22T22:11:00.231+0000][4526.727s][info][gc,cpu      ] GC(532) User=0.00s Sys=0.00s Real=0.00s
[2025-12-22T22:11:09.750+0000][4536.247s][info][gc,start    ] GC(533) Pause Young (Normal) (G1 Evacuation Pause)
[2025-12-22T22:11:09.751+0000][4536.247s][info][gc,task     ] GC(533) Using 3 workers of 3 for evacuation
[2025-12-22T22:11:09.754+0000][4536.250s][info][gc,phases   ] GC(533)   Pre Evacuate Collection Set: 0.3ms
[2025-12-22T22:11:09.754+0000][4536.251s][info][gc,phases   ] GC(533)   Merge Heap Roots: 0.1ms
[2025-12-22T22:11:09.754+0000][4536.251s][info][gc,phases   ] GC(533)   Evacuate Collection Set: 1.8ms
[2025-12-22T22:11:09.755+0000][4536.251s][info][gc,phases   ] GC(533)   Post Evacuate Collection Set: 0.6ms
[2025-12-22T22:11:09.755+0000][4536.251s][info][gc,phases   ] GC(533)   Other: 1.2ms
[2025-12-22T22:11:09.755+0000][4536.251s][info][gc,heap     ] GC(533) Eden regions: 675->0(675)
[2025-12-22T22:11:09.755+0000][4536.251s][info][gc,heap     ] GC(533) Survivor regions: 1->1(85)
[2025-12-22T22:11:09.755+0000][4536.251s][info][gc,heap     ] GC(533) Old regions: 55->55
[2025-12-22T22:11:09.755+0000][4536.251s][info][gc,heap     ] GC(533) Archive regions: 2->2
[2025-12-22T22:11:09.755+0000][4536.251s][info][gc,heap     ] GC(533) Humongous regions: 37->37
[2025-12-22T22:11:09.755+0000][4536.251s][info][gc,metaspace] GC(533) Metaspace: 87706K(88576K)->87706K(88576K) NonClass: 76385K(76800K)->76385K(76800K) Class: 11320K(11776K)->11320K(11776K)
[2025-12-22T22:11:09.755+0000][4536.252s][info][gc          ] GC(533) Pause Young (Normal) (G1 Evacuation Pause) 768M->93M(1128M) 5.095ms
[2025-12-22T22:11:09.756+0000][4536.252s][info][gc,cpu      ] GC(533) User=0.01s Sys=0.00s Real=0.01s
[2025-12-22T22:11:17.470+0000][4543.966s][info][gc,start    ] GC(534) Pause Young (Normal) (G1 Evacuation Pause)
[2025-12-22T22:11:17.471+0000][4543.967s][info][gc,task     ] GC(534) Using 3 workers of 3 for evacuation
[2025-12-22T22:11:17.474+0000][4543.970s][info][gc,phases   ] GC(534)   Pre Evacuate Collection Set: 0.4ms
[2025-12-22T22:11:17.474+0000][4543.971s][info][gc,phases   ] GC(534)   Merge Heap Roots: 0.1ms
[2025-12-22T22:11:17.474+0000][4543.971s][info][gc,phases   ] GC(534)   Evacuate Collection Set: 2.0ms
[2025-12-22T22:11:17.474+0000][4543.971s][info][gc,phases   ] GC(534)   Post Evacuate Collection Set: 0.8ms
[2025-12-22T22:11:17.474+0000][4543.971s][info][gc,phases   ] GC(534)   Other: 1.0ms
[2025-12-22T22:11:17.475+0000][4543.971s][info][gc,heap     ] GC(534) Eden regions: 675->0(675)
[2025-12-22T22:11:17.475+0000][4543.971s][info][gc,heap     ] GC(534) Survivor regions: 1->1(85)
[2025-12-22T22:11:17.475+0000][4543.971s][info][gc,heap     ] GC(534) Old regions: 55->55
[2025-12-22T22:11:17.475+0000][4543.971s][info][gc,heap     ] GC(534) Archive regions: 2->2
[2025-12-22T22:11:17.475+0000][4543.971s][info][gc,heap     ] GC(534) Humongous regions: 37->37
[2025-12-22T22:11:17.475+0000][4543.971s][info][gc,metaspace] GC(534) Metaspace: 87706K(88576K)->87706K(88576K) NonClass: 76385K(76800K)->76385K(76800K) Class: 11320K(11776K)->11320K(11776K)
[2025-12-22T22:11:17.475+0000][4543.971s][info][gc          ] GC(534) Pause Young (Normal) (G1 Evacuation Pause) 768M->93M(1128M) 4.730ms
[2025-12-22T22:11:17.475+0000][4543.971s][info][gc,cpu      ] GC(534) User=0.01s Sys=0.00s Real=0.01s
[2025-12-22T22:11:26.784+0000][4553.280s][info][gc,start    ] GC(535) Pause Young (Normal) (G1 Evacuation Pause)
[2025-12-22T22:11:26.785+0000][4553.281s][info][gc,task     ] GC(535) Using 3 workers of 3 for evacuation
[2025-12-22T22:11:26.787+0000][4553.283s][info][gc,phases   ] GC(535)   Pre Evacuate Collection Set: 0.1ms
[2025-12-22T22:11:26.787+0000][4553.283s][info][gc,phases   ] GC(535)   Merge Heap Roots: 0.1ms
[2025-12-22T22:11:26.787+0000][4553.283s][info][gc,phases   ] GC(535)   Evacuate Collection Set: 0.9ms
[2025-12-22T22:11:26.787+0000][4553.283s][info][gc,phases   ] GC(535)   Post Evacuate Collection Set: 0.4ms
[2025-12-22T22:11:26.787+0000][4553.283s][info][gc,phases   ] GC(535)   Other: 1.2ms
[2025-12-22T22:11:26.787+0000][4553.283s][info][gc,heap     ] GC(535) Eden regions: 675->0(675)
[2025-12-22T22:11:26.787+0000][4553.283s][info][gc,heap     ] GC(535) Survivor regions: 1->1(85)
[2025-12-22T22:11:26.787+0000][4553.283s][info][gc,heap     ] GC(535) Old regions: 55->55
[2025-12-22T22:11:26.787+0000][4553.284s][info][gc,heap     ] GC(535) Archive regions: 2->2
[2025-12-22T22:11:26.787+0000][4553.284s][info][gc,heap     ] GC(535) Humongous regions: 37->37
[2025-12-22T22:11:26.787+0000][4553.284s][info][gc,metaspace] GC(535) Metaspace: 87706K(88576K)->87706K(88576K) NonClass: 76385K(76800K)->76385K(76800K) Class: 11320K(11776K)->11320K(11776K)
[2025-12-22T22:11:26.788+0000][4553.284s][info][gc          ] GC(535) Pause Young (Normal) (G1 Evacuation Pause) 768M->93M(1128M) 3.318ms
[2025-12-22T22:11:26.788+0000][4553.284s][info][gc,cpu      ] GC(535) User=0.01s Sys=0.00s Real=0.01s
[2025-12-22T22:11:34.547+0000][4561.043s][info][gc,start    ] GC(536) Pause Young (Normal) (G1 Evacuation Pause)
[2025-12-22T22:11:34.547+0000][4561.044s][info][gc,task     ] GC(536) Using 3 workers of 3 for evacuation
[2025-12-22T22:11:34.550+0000][4561.046s][info][gc,phases   ] GC(536)   Pre Evacuate Collection Set: 0.1ms
[2025-12-22T22:11:34.550+0000][4561.046s][info][gc,phases   ] GC(536)   Merge Heap Roots: 0.1ms
[2025-12-22T22:11:34.550+0000][4561.046s][info][gc,phases   ] GC(536)   Evacuate Collection Set: 1.3ms
[2025-12-22T22:11:34.550+0000][4561.046s][info][gc,phases   ] GC(536)   Post Evacuate Collection Set: 0.4ms
[2025-12-22T22:11:34.550+0000][4561.046s][info][gc,phases   ] GC(536)   Other: 0.6ms
[2025-12-22T22:11:34.550+0000][4561.046s][info][gc,heap     ] GC(536) Eden regions: 675->0(675)
[2025-12-22T22:11:34.550+0000][4561.046s][info][gc,heap     ] GC(536) Survivor regions: 1->1(85)
[2025-12-22T22:11:34.550+0000][4561.046s][info][gc,heap     ] GC(536) Old regions: 55->55
[2025-12-22T22:11:34.550+0000][4561.046s][info][gc,heap     ] GC(536) Archive regions: 2->2
[2025-12-22T22:11:34.550+0000][4561.046s][info][gc,heap     ] GC(536) Humongous regions: 37->37
[2025-12-22T22:11:34.550+0000][4561.047s][info][gc,metaspace] GC(536) Metaspace: 87709K(88576K)->87709K(88576K) NonClass: 76389K(76800K)->76389K(76800K) Class: 11320K(11776K)->11320K(11776K)
[2025-12-22T22:11:34.550+0000][4561.047s][info][gc          ] GC(536) Pause Young (Normal) (G1 Evacuation Pause) 768M->93M(1128M) 3.298ms
[2025-12-22T22:11:34.550+0000][4561.047s][info][gc,cpu      ] GC(536) User=0.00s Sys=0.00s Real=0.00s
[2025-12-22T22:11:42.913+0000][4569.410s][info][gc,start    ] GC(537) Pause Young (Normal) (G1 Evacuation Pause)
[2025-12-22T22:11:42.914+0000][4569.410s][info][gc,task     ] GC(537) Using 3 workers of 3 for evacuation
[2025-12-22T22:11:42.915+0000][4569.412s][info][gc,phases   ] GC(537)   Pre Evacuate Collection Set: 0.1ms
[2025-12-22T22:11:42.915+0000][4569.412s][info][gc,phases   ] GC(537)   Merge Heap Roots: 0.1ms
[2025-12-22T22:11:42.916+0000][4569.412s][info][gc,phases   ] GC(537)   Evacuate Collection Set: 0.8ms
[2025-12-22T22:11:42.916+0000][4569.412s][info][gc,phases   ] GC(537)   Post Evacuate Collection Set: 0.3ms
[2025-12-22T22:11:42.916+0000][4569.412s][info][gc,phases   ] GC(537)   Other: 0.8ms
[2025-12-22T22:11:42.916+0000][4569.412s][info][gc,heap     ] GC(537) Eden regions: 675->0(675)
[2025-12-22T22:11:42.916+0000][4569.412s][info][gc,heap     ] GC(537) Survivor regions: 1->1(85)
[2025-12-22T22:11:42.916+0000][4569.412s][info][gc,heap     ] GC(537) Old regions: 55->55
[2025-12-22T22:11:42.916+0000][4569.412s][info][gc,heap     ] GC(537) Archive regions: 2->2
[2025-12-22T22:11:42.916+0000][4569.412s][info][gc,heap     ] GC(537) Humongous regions: 37->37
[2025-12-22T22:11:42.916+0000][4569.412s][info][gc,metaspace] GC(537) Metaspace: 87709K(88576K)->87709K(88576K) NonClass: 76389K(76800K)->76389K(76800K) Class: 11320K(11776K)->11320K(11776K)
[2025-12-22T22:11:42.916+0000][4569.412s][info][gc          ] GC(537) Pause Young (Normal) (G1 Evacuation Pause) 768M->93M(1128M) 2.808ms
[2025-12-22T22:11:42.916+0000][4569.412s][info][gc,cpu      ] GC(537) User=0.01s Sys=0.00s Real=0.01s
[2025-12-22T22:11:51.973+0000][4578.470s][info][gc,start    ] GC(538) Pause Young (Normal) (G1 Evacuation Pause)
[2025-12-22T22:11:51.974+0000][4578.471s][info][gc,task     ] GC(538) Using 3 workers of 3 for evacuation
[2025-12-22T22:11:51.979+0000][4578.475s][info][gc,phases   ] GC(538)   Pre Evacuate Collection Set: 0.4ms
[2025-12-22T22:11:51.979+0000][4578.476s][info][gc,phases   ] GC(538)   Merge Heap Roots: 0.1ms
[2025-12-22T22:11:51.980+0000][4578.476s][info][gc,phases   ] GC(538)   Evacuate Collection Set: 2.5ms
[2025-12-22T22:11:51.980+0000][4578.476s][info][gc,phases   ] GC(538)   Post Evacuate Collection Set: 1.5ms
[2025-12-22T22:11:51.980+0000][4578.476s][info][gc,phases   ] GC(538)   Other: 1.5ms
[2025-12-22T22:11:51.980+0000][4578.476s][info][gc,heap     ] GC(538) Eden regions: 675->0(675)
[2025-12-22T22:11:51.980+0000][4578.476s][info][gc,heap     ] GC(538) Survivor regions: 1->1(85)
[2025-12-22T22:11:51.980+0000][4578.476s][info][gc,heap     ] GC(538) Old regions: 55->55
[2025-12-22T22:11:51.980+0000][4578.476s][info][gc,heap     ] GC(538) Archive regions: 2->2
[2025-12-22T22:11:51.980+0000][4578.476s][info][gc,heap     ] GC(538) Humongous regions: 37->37
[2025-12-22T22:11:51.980+0000][4578.477s][info][gc,metaspace] GC(538) Metaspace: 87709K(88576K)->87709K(88576K) NonClass: 76389K(76800K)->76389K(76800K) Class: 11320K(11776K)->11320K(11776K)
[2025-12-22T22:11:51.981+0000][4578.477s][info][gc          ] GC(538) Pause Young (Normal) (G1 Evacuation Pause) 768M->93M(1128M) 7.288ms
[2025-12-22T22:11:51.981+0000][4578.477s][info][gc,cpu      ] GC(538) User=0.01s Sys=0.00s Real=0.01s
[2025-12-22T22:11:59.821+0000][4586.317s][info][gc,start    ] GC(539) Pause Young (Normal) (G1 Evacuation Pause)
[2025-12-22T22:11:59.822+0000][4586.318s][info][gc,task     ] GC(539) Using 3 workers of 3 for evacuation
[2025-12-22T22:11:59.824+0000][4586.320s][info][gc,phases   ] GC(539)   Pre Evacuate Collection Set: 0.1ms
[2025-12-22T22:11:59.824+0000][4586.320s][info][gc,phases   ] GC(539)   Merge Heap Roots: 0.1ms
[2025-12-22T22:11:59.824+0000][4586.320s][info][gc,phases   ] GC(539)   Evacuate Collection Set: 1.1ms
[2025-12-22T22:11:59.824+0000][4586.320s][info][gc,phases   ] GC(539)   Post Evacuate Collection Set: 0.4ms
[2025-12-22T22:11:59.824+0000][4586.320s][info][gc,phases   ] GC(539)   Other: 0.7ms
[2025-12-22T22:11:59.824+0000][4586.320s][info][gc,heap     ] GC(539) Eden regions: 675->0(675)
[2025-12-22T22:11:59.824+0000][4586.320s][info][gc,heap     ] GC(539) Survivor regions: 1->1(85)
[2025-12-22T22:11:59.824+0000][4586.320s][info][gc,heap     ] GC(539) Old regions: 55->55
[2025-12-22T22:11:59.824+0000][4586.320s][info][gc,heap     ] GC(539) Archive regions: 2->2
[2025-12-22T22:11:59.824+0000][4586.320s][info][gc,heap     ] GC(539) Humongous regions: 37->37
[2025-12-22T22:11:59.824+0000][4586.321s][info][gc,metaspace] GC(539) Metaspace: 87709K(88576K)->87709K(88576K) NonClass: 76389K(76800K)->76389K(76800K) Class: 11320K(11776K)->11320K(11776K)
[2025-12-22T22:11:59.824+0000][4586.321s][info][gc          ] GC(539) Pause Young (Normal) (G1 Evacuation Pause) 768M->93M(1128M) 3.201ms
[2025-12-22T22:11:59.824+0000][4586.321s][info][gc,cpu      ] GC(539) User=0.00s Sys=0.00s Real=0.00s
[2025-12-22T22:12:09.226+0000][4595.722s][info][gc,start    ] GC(540) Pause Young (Normal) (G1 Evacuation Pause)
[2025-12-22T22:12:09.226+0000][4595.722s][info][gc,task     ] GC(540) Using 3 workers of 3 for evacuation
[2025-12-22T22:12:09.228+0000][4595.724s][info][gc,phases   ] GC(540)   Pre Evacuate Collection Set: 0.2ms
[2025-12-22T22:12:09.228+0000][4595.725s][info][gc,phases   ] GC(540)   Merge Heap Roots: 0.1ms
[2025-12-22T22:12:09.228+0000][4595.725s][info][gc,phases   ] GC(540)   Evacuate Collection Set: 1.2ms
[2025-12-22T22:12:09.228+0000][4595.725s][info][gc,phases   ] GC(540)   Post Evacuate Collection Set: 0.4ms
[2025-12-22T22:12:09.229+0000][4595.725s][info][gc,phases   ] GC(540)   Other: 0.6ms
[2025-12-22T22:12:09.229+0000][4595.725s][info][gc,heap     ] GC(540) Eden regions: 675->0(675)
[2025-12-22T22:12:09.229+0000][4595.725s][info][gc,heap     ] GC(540) Survivor regions: 1->1(85)
[2025-12-22T22:12:09.229+0000][4595.725s][info][gc,heap     ] GC(540) Old regions: 55->55
[2025-12-22T22:12:09.229+0000][4595.725s][info][gc,heap     ] GC(540) Archive regions: 2->2
[2025-12-22T22:12:09.229+0000][4595.725s][info][gc,heap     ] GC(540) Humongous regions: 37->37
[2025-12-22T22:12:09.229+0000][4595.725s][info][gc,metaspace] GC(540) Metaspace: 87709K(88576K)->87709K(88576K) NonClass: 76389K(76800K)->76389K(76800K) Class: 11320K(11776K)->11320K(11776K)
[2025-12-22T22:12:09.229+0000][4595.725s][info][gc          ] GC(540) Pause Young (Normal) (G1 Evacuation Pause) 768M->93M(1128M) 3.125ms
[2025-12-22T22:12:09.229+0000][4595.725s][info][gc,cpu      ] GC(540) User=0.01s Sys=0.00s Real=0.00s
[2025-12-22T22:12:16.999+0000][4603.496s][info][gc,start    ] GC(541) Pause Young (Normal) (G1 Evacuation Pause)
[2025-12-22T22:12:16.999+0000][4603.496s][info][gc,task     ] GC(541) Using 3 workers of 3 for evacuation
[2025-12-22T22:12:17.001+0000][4603.497s][info][gc,phases   ] GC(541)   Pre Evacuate Collection Set: 0.1ms
[2025-12-22T22:12:17.001+0000][4603.497s][info][gc,phases   ] GC(541)   Merge Heap Roots: 0.1ms
[2025-12-22T22:12:17.001+0000][4603.497s][info][gc,phases   ] GC(541)   Evacuate Collection Set: 0.9ms
[2025-12-22T22:12:17.001+0000][4603.498s][info][gc,phases   ] GC(541)   Post Evacuate Collection Set: 0.3ms
[2025-12-22T22:12:17.001+0000][4603.498s][info][gc,phases   ] GC(541)   Other: 0.3ms
[2025-12-22T22:12:17.001+0000][4603.498s][info][gc,heap     ] GC(541) Eden regions: 675->0(675)
[2025-12-22T22:12:17.001+0000][4603.498s][info][gc,heap     ] GC(541) Survivor regions: 1->1(85)
[2025-12-22T22:12:17.002+0000][4603.498s][info][gc,heap     ] GC(541) Old regions: 55->55
[2025-12-22T22:12:17.002+0000][4603.498s][info][gc,heap     ] GC(541) Archive regions: 2->2
[2025-12-22T22:12:17.002+0000][4603.498s][info][gc,heap     ] GC(541) Humongous regions: 37->37
[2025-12-22T22:12:17.002+0000][4603.498s][info][gc,metaspace] GC(541) Metaspace: 87709K(88576K)->87709K(88576K) NonClass: 76389K(76800K)->76389K(76800K) Class: 11320K(11776K)->11320K(11776K)
[2025-12-22T22:12:17.002+0000][4603.498s][info][gc          ] GC(541) Pause Young (Normal) (G1 Evacuation Pause) 768M->93M(1128M) 2.391ms
[2025-12-22T22:12:17.002+0000][4603.498s][info][gc,cpu      ] GC(541) User=0.01s Sys=0.00s Real=0.00s
[2025-12-22T22:12:26.262+0000][4612.758s][info][gc,start    ] GC(542) Pause Young (Normal) (G1 Evacuation Pause)
[2025-12-22T22:12:26.262+0000][4612.758s][info][gc,task     ] GC(542) Using 3 workers of 3 for evacuation
[2025-12-22T22:12:26.264+0000][4612.760s][info][gc,phases   ] GC(542)   Pre Evacuate Collection Set: 0.1ms
[2025-12-22T22:12:26.264+0000][4612.760s][info][gc,phases   ] GC(542)   Merge Heap Roots: 0.1ms
[2025-12-22T22:12:26.264+0000][4612.760s][info][gc,phases   ] GC(542)   Evacuate Collection Set: 0.8ms
[2025-12-22T22:12:26.264+0000][4612.760s][info][gc,phases   ] GC(542)   Post Evacuate Collection Set: 0.4ms
[2025-12-22T22:12:26.264+0000][4612.760s][info][gc,phases   ] GC(542)   Other: 0.8ms
[2025-12-22T22:12:26.264+0000][4612.760s][info][gc,heap     ] GC(542) Eden regions: 675->0(675)
[2025-12-22T22:12:26.264+0000][4612.760s][info][gc,heap     ] GC(542) Survivor regions: 1->1(85)
[2025-12-22T22:12:26.264+0000][4612.760s][info][gc,heap     ] GC(542) Old regions: 55->55
[2025-12-22T22:12:26.264+0000][4612.761s][info][gc,heap     ] GC(542) Archive regions: 2->2
[2025-12-22T22:12:26.264+0000][4612.761s][info][gc,heap     ] GC(542) Humongous regions: 37->37
[2025-12-22T22:12:26.264+0000][4612.761s][info][gc,metaspace] GC(542) Metaspace: 87709K(88576K)->87709K(88576K) NonClass: 76389K(76800K)->76389K(76800K) Class: 11320K(11776K)->11320K(11776K)
[2025-12-22T22:12:26.264+0000][4612.761s][info][gc          ] GC(542) Pause Young (Normal) (G1 Evacuation Pause) 768M->93M(1128M) 2.939ms
[2025-12-22T22:12:26.265+0000][4612.761s][info][gc,cpu      ] GC(542) User=0.01s Sys=0.00s Real=0.00s
[2025-12-22T22:12:33.975+0000][4620.471s][info][gc,start    ] GC(543) Pause Young (Normal) (G1 Evacuation Pause)
[2025-12-22T22:12:33.975+0000][4620.471s][info][gc,task     ] GC(543) Using 3 workers of 3 for evacuation
[2025-12-22T22:12:33.977+0000][4620.474s][info][gc,phases   ] GC(543)   Pre Evacuate Collection Set: 0.1ms
[2025-12-22T22:12:33.977+0000][4620.474s][info][gc,phases   ] GC(543)   Merge Heap Roots: 0.1ms
[2025-12-22T22:12:33.978+0000][4620.474s][info][gc,phases   ] GC(543)   Evacuate Collection Set: 1.7ms
[2025-12-22T22:12:33.978+0000][4620.474s][info][gc,phases   ] GC(543)   Post Evacuate Collection Set: 0.3ms
[2025-12-22T22:12:33.978+0000][4620.474s][info][gc,phases   ] GC(543)   Other: 0.4ms
[2025-12-22T22:12:33.978+0000][4620.474s][info][gc,heap     ] GC(543) Eden regions: 675->0(675)
[2025-12-22T22:12:33.978+0000][4620.474s][info][gc,heap     ] GC(543) Survivor regions: 1->1(85)
[2025-12-22T22:12:33.978+0000][4620.474s][info][gc,heap     ] GC(543) Old regions: 55->55
[2025-12-22T22:12:33.978+0000][4620.474s][info][gc,heap     ] GC(543) Archive regions: 2->2
[2025-12-22T22:12:33.978+0000][4620.474s][info][gc,heap     ] GC(543) Humongous regions: 37->37
[2025-12-22T22:12:33.978+0000][4620.474s][info][gc,metaspace] GC(543) Metaspace: 87712K(88576K)->87712K(88576K) NonClass: 76391K(76800K)->76391K(76800K) Class: 11320K(11776K)->11320K(11776K)
[2025-12-22T22:12:33.978+0000][4620.475s][info][gc          ] GC(543) Pause Young (Normal) (G1 Evacuation Pause) 768M->93M(1128M) 3.474ms
[2025-12-22T22:12:33.978+0000][4620.475s][info][gc,cpu      ] GC(543) User=0.01s Sys=0.00s Real=0.00s
[2025-12-22T22:12:42.914+0000][4629.410s][info][gc,start    ] GC(544) Pause Young (Normal) (G1 Evacuation Pause)
[2025-12-22T22:12:42.915+0000][4629.411s][info][gc,task     ] GC(544) Using 3 workers of 3 for evacuation
[2025-12-22T22:12:42.918+0000][4629.415s][info][gc,phases   ] GC(544)   Pre Evacuate Collection Set: 0.3ms
[2025-12-22T22:12:42.919+0000][4629.415s][info][gc,phases   ] GC(544)   Merge Heap Roots: 0.1ms
[2025-12-22T22:12:42.919+0000][4629.415s][info][gc,phases   ] GC(544)   Evacuate Collection Set: 2.1ms
[2025-12-22T22:12:42.919+0000][4629.415s][info][gc,phases   ] GC(544)   Post Evacuate Collection Set: 0.9ms
[2025-12-22T22:12:42.919+0000][4629.415s][info][gc,phases   ] GC(544)   Other: 1.3ms
[2025-12-22T22:12:42.919+0000][4629.415s][info][gc,heap     ] GC(544) Eden regions: 675->0(675)
[2025-12-22T22:12:42.919+0000][4629.415s][info][gc,heap     ] GC(544) Survivor regions: 1->1(85)
[2025-12-22T22:12:42.919+0000][4629.415s][info][gc,heap     ] GC(544) Old regions: 55->55
[2025-12-22T22:12:42.919+0000][4629.416s][info][gc,heap     ] GC(544) Archive regions: 2->2
[2025-12-22T22:12:42.919+0000][4629.416s][info][gc,heap     ] GC(544) Humongous regions: 37->37
[2025-12-22T22:12:42.919+0000][4629.416s][info][gc,metaspace] GC(544) Metaspace: 87712K(88576K)->87712K(88576K) NonClass: 76391K(76800K)->76391K(76800K) Class: 11320K(11776K)->11320K(11776K)
[2025-12-22T22:12:42.920+0000][4629.416s][info][gc          ] GC(544) Pause Young (Normal) (G1 Evacuation Pause) 768M->93M(1128M) 5.814ms
[2025-12-22T22:12:42.920+0000][4629.416s][info][gc,cpu      ] GC(544) User=0.01s Sys=0.00s Real=0.01s
[2025-12-22T22:12:51.128+0000][4637.624s][info][gc,start    ] GC(545) Pause Young (Normal) (G1 Evacuation Pause)
[2025-12-22T22:12:51.129+0000][4637.625s][info][gc,task     ] GC(545) Using 3 workers of 3 for evacuation
[2025-12-22T22:12:51.131+0000][4637.627s][info][gc,phases   ] GC(545)   Pre Evacuate Collection Set: 0.2ms
[2025-12-22T22:12:51.131+0000][4637.627s][info][gc,phases   ] GC(545)   Merge Heap Roots: 0.1ms
[2025-12-22T22:12:51.131+0000][4637.627s][info][gc,phases   ] GC(545)   Evacuate Collection Set: 1.2ms
[2025-12-22T22:12:51.131+0000][4637.627s][info][gc,phases   ] GC(545)   Post Evacuate Collection Set: 0.4ms
[2025-12-22T22:12:51.131+0000][4637.627s][info][gc,phases   ] GC(545)   Other: 0.9ms
[2025-12-22T22:12:51.131+0000][4637.628s][info][gc,heap     ] GC(545) Eden regions: 675->0(675)
[2025-12-22T22:12:51.131+0000][4637.628s][info][gc,heap     ] GC(545) Survivor regions: 1->1(85)
[2025-12-22T22:12:51.131+0000][4637.628s][info][gc,heap     ] GC(545) Old regions: 55->55
[2025-12-22T22:12:51.131+0000][4637.628s][info][gc,heap     ] GC(545) Archive regions: 2->2
[2025-12-22T22:12:51.132+0000][4637.628s][info][gc,heap     ] GC(545) Humongous regions: 37->37
[2025-12-22T22:12:51.132+0000][4637.628s][info][gc,metaspace] GC(545) Metaspace: 87712K(88576K)->87712K(88576K) NonClass: 76391K(76800K)->76391K(76800K) Class: 11320K(11776K)->11320K(11776K)
[2025-12-22T22:12:51.132+0000][4637.628s][info][gc          ] GC(545) Pause Young (Normal) (G1 Evacuation Pause) 768M->93M(1128M) 3.436ms
[2025-12-22T22:12:51.132+0000][4637.628s][info][gc,cpu      ] GC(545) User=0.00s Sys=0.00s Real=0.00s
[2025-12-22T22:12:59.111+0000][4645.607s][info][gc,start    ] GC(546) Pause Young (Normal) (G1 Evacuation Pause)
[2025-12-22T22:12:59.112+0000][4645.608s][info][gc,task     ] GC(546) Using 3 workers of 3 for evacuation
[2025-12-22T22:12:59.115+0000][4645.611s][info][gc,phases   ] GC(546)   Pre Evacuate Collection Set: 0.2ms
[2025-12-22T22:12:59.115+0000][4645.611s][info][gc,phases   ] GC(546)   Merge Heap Roots: 0.0ms
[2025-12-22T22:12:59.115+0000][4645.611s][info][gc,phases   ] GC(546)   Evacuate Collection Set: 2.1ms
[2025-12-22T22:12:59.115+0000][4645.611s][info][gc,phases   ] GC(546)   Post Evacuate Collection Set: 0.5ms
[2025-12-22T22:12:59.115+0000][4645.611s][info][gc,phases   ] GC(546)   Other: 0.8ms
[2025-12-22T22:12:59.115+0000][4645.611s][info][gc,heap     ] GC(546) Eden regions: 675->0(675)
[2025-12-22T22:12:59.115+0000][4645.612s][info][gc,heap     ] GC(546) Survivor regions: 1->1(85)
[2025-12-22T22:12:59.115+0000][4645.612s][info][gc,heap     ] GC(546) Old regions: 55->55
[2025-12-22T22:12:59.116+0000][4645.612s][info][gc,heap     ] GC(546) Archive regions: 2->2
[2025-12-22T22:12:59.116+0000][4645.612s][info][gc,heap     ] GC(546) Humongous regions: 37->37
[2025-12-22T22:12:59.116+0000][4645.612s][info][gc,metaspace] GC(546) Metaspace: 87712K(88576K)->87712K(88576K) NonClass: 76391K(76800K)->76391K(76800K) Class: 11320K(11776K)->11320K(11776K)
[2025-12-22T22:12:59.116+0000][4645.612s][info][gc          ] GC(546) Pause Young (Normal) (G1 Evacuation Pause) 768M->93M(1128M) 4.674ms
[2025-12-22T22:12:59.116+0000][4645.612s][info][gc,cpu      ] GC(546) User=0.00s Sys=0.00s Real=0.01s
[2025-12-22T22:13:08.567+0000][4655.064s][info][gc,start    ] GC(547) Pause Young (Normal) (G1 Evacuation Pause)
[2025-12-22T22:13:08.568+0000][4655.065s][info][gc,task     ] GC(547) Using 3 workers of 3 for evacuation
[2025-12-22T22:13:08.572+0000][4655.069s][info][gc,phases   ] GC(547)   Pre Evacuate Collection Set: 0.3ms
[2025-12-22T22:13:08.573+0000][4655.069s][info][gc,phases   ] GC(547)   Merge Heap Roots: 0.1ms
[2025-12-22T22:13:08.573+0000][4655.069s][info][gc,phases   ] GC(547)   Evacuate Collection Set: 2.3ms
[2025-12-22T22:13:08.573+0000][4655.069s][info][gc,phases   ] GC(547)   Post Evacuate Collection Set: 0.9ms
[2025-12-22T22:13:08.573+0000][4655.069s][info][gc,phases   ] GC(547)   Other: 1.3ms
[2025-12-22T22:13:08.573+0000][4655.069s][info][gc,heap     ] GC(547) Eden regions: 675->0(675)
[2025-12-22T22:13:08.573+0000][4655.069s][info][gc,heap     ] GC(547) Survivor regions: 1->1(85)
[2025-12-22T22:13:08.573+0000][4655.069s][info][gc,heap     ] GC(547) Old regions: 55->55
[2025-12-22T22:13:08.573+0000][4655.069s][info][gc,heap     ] GC(547) Archive regions: 2->2
[2025-12-22T22:13:08.573+0000][4655.070s][info][gc,heap     ] GC(547) Humongous regions: 37->37
[2025-12-22T22:13:08.573+0000][4655.070s][info][gc,metaspace] GC(547) Metaspace: 87712K(88576K)->87712K(88576K) NonClass: 76391K(76800K)->76391K(76800K) Class: 11320K(11776K)->11320K(11776K)
[2025-12-22T22:13:08.574+0000][4655.070s][info][gc          ] GC(547) Pause Young (Normal) (G1 Evacuation Pause) 768M->93M(1128M) 6.087ms
[2025-12-22T22:13:08.574+0000][4655.070s][info][gc,cpu      ] GC(547) User=0.01s Sys=0.00s Real=0.00s
[2025-12-22T22:13:16.243+0000][4662.739s][info][gc,start    ] GC(548) Pause Young (Normal) (G1 Evacuation Pause)
[2025-12-22T22:13:16.243+0000][4662.740s][info][gc,task     ] GC(548) Using 3 workers of 3 for evacuation
[2025-12-22T22:13:16.246+0000][4662.742s][info][gc,phases   ] GC(548)   Pre Evacuate Collection Set: 0.2ms
[2025-12-22T22:13:16.246+0000][4662.742s][info][gc,phases   ] GC(548)   Merge Heap Roots: 0.1ms
[2025-12-22T22:13:16.246+0000][4662.742s][info][gc,phases   ] GC(548)   Evacuate Collection Set: 1.4ms
[2025-12-22T22:13:16.246+0000][4662.742s][info][gc,phases   ] GC(548)   Post Evacuate Collection Set: 0.5ms
[2025-12-22T22:13:16.246+0000][4662.742s][info][gc,phases   ] GC(548)   Other: 0.7ms
[2025-12-22T22:13:16.246+0000][4662.743s][info][gc,heap     ] GC(548) Eden regions: 675->0(675)
[2025-12-22T22:13:16.246+0000][4662.743s][info][gc,heap     ] GC(548) Survivor regions: 1->1(85)
[2025-12-22T22:13:16.246+0000][4662.743s][info][gc,heap     ] GC(548) Old regions: 55->55
[2025-12-22T22:13:16.246+0000][4662.743s][info][gc,heap     ] GC(548) Archive regions: 2->2
[2025-12-22T22:13:16.246+0000][4662.743s][info][gc,heap     ] GC(548) Humongous regions: 37->37
[2025-12-22T22:13:16.246+0000][4662.743s][info][gc,metaspace] GC(548) Metaspace: 87712K(88576K)->87712K(88576K) NonClass: 76391K(76800K)->76391K(76800K) Class: 11320K(11776K)->11320K(11776K)
[2025-12-22T22:13:16.247+0000][4662.743s][info][gc          ] GC(548) Pause Young (Normal) (G1 Evacuation Pause) 768M->93M(1128M) 3.512ms
[2025-12-22T22:13:16.247+0000][4662.743s][info][gc,cpu      ] GC(548) User=0.01s Sys=0.00s Real=0.01s
[2025-12-22T22:13:25.638+0000][4672.134s][info][gc,start    ] GC(549) Pause Young (Normal) (G1 Evacuation Pause)
[2025-12-22T22:13:25.639+0000][4672.135s][info][gc,task     ] GC(549) Using 3 workers of 3 for evacuation
[2025-12-22T22:13:25.640+0000][4672.137s][info][gc,phases   ] GC(549)   Pre Evacuate Collection Set: 0.1ms
[2025-12-22T22:13:25.641+0000][4672.137s][info][gc,phases   ] GC(549)   Merge Heap Roots: 0.1ms
[2025-12-22T22:13:25.641+0000][4672.137s][info][gc,phases   ] GC(549)   Evacuate Collection Set: 0.9ms
[2025-12-22T22:13:25.641+0000][4672.137s][info][gc,phases   ] GC(549)   Post Evacuate Collection Set: 0.4ms
[2025-12-22T22:13:25.641+0000][4672.137s][info][gc,phases   ] GC(549)   Other: 1.3ms
[2025-12-22T22:13:25.641+0000][4672.137s][info][gc,heap     ] GC(549) Eden regions: 675->0(675)
[2025-12-22T22:13:25.641+0000][4672.137s][info][gc,heap     ] GC(549) Survivor regions: 1->1(85)
[2025-12-22T22:13:25.641+0000][4672.137s][info][gc,heap     ] GC(549) Old regions: 55->55
[2025-12-22T22:13:25.641+0000][4672.137s][info][gc,heap     ] GC(549) Archive regions: 2->2
[2025-12-22T22:13:25.641+0000][4672.138s][info][gc,heap     ] GC(549) Humongous regions: 37->37
[2025-12-22T22:13:25.641+0000][4672.138s][info][gc,metaspace] GC(549) Metaspace: 87712K(88576K)->87712K(88576K) NonClass: 76391K(76800K)->76391K(76800K) Class: 11320K(11776K)->11320K(11776K)
[2025-12-22T22:13:25.642+0000][4672.138s][info][gc          ] GC(549) Pause Young (Normal) (G1 Evacuation Pause) 768M->93M(1128M) 3.909ms
[2025-12-22T22:13:25.642+0000][4672.138s][info][gc,cpu      ] GC(549) User=0.00s Sys=0.00s Real=0.00s
[2025-12-22T22:13:33.444+0000][4679.940s][info][gc,start    ] GC(550) Pause Young (Normal) (G1 Evacuation Pause)
[2025-12-22T22:13:33.445+0000][4679.941s][info][gc,task     ] GC(550) Using 3 workers of 3 for evacuation
[2025-12-22T22:13:33.447+0000][4679.943s][info][gc,phases   ] GC(550)   Pre Evacuate Collection Set: 0.1ms
[2025-12-22T22:13:33.447+0000][4679.943s][info][gc,phases   ] GC(550)   Merge Heap Roots: 0.1ms
[2025-12-22T22:13:33.447+0000][4679.943s][info][gc,phases   ] GC(550)   Evacuate Collection Set: 0.9ms
[2025-12-22T22:13:33.447+0000][4679.943s][info][gc,phases   ] GC(550)   Post Evacuate Collection Set: 0.4ms
[2025-12-22T22:13:33.447+0000][4679.943s][info][gc,phases   ] GC(550)   Other: 1.2ms
[2025-12-22T22:13:33.447+0000][4679.944s][info][gc,heap     ] GC(550) Eden regions: 675->0(675)
[2025-12-22T22:13:33.447+0000][4679.944s][info][gc,heap     ] GC(550) Survivor regions: 1->1(85)
[2025-12-22T22:13:33.447+0000][4679.944s][info][gc,heap     ] GC(550) Old regions: 55->55
[2025-12-22T22:13:33.448+0000][4679.944s][info][gc,heap     ] GC(550) Archive regions: 2->2
[2025-12-22T22:13:33.448+0000][4679.944s][info][gc,heap     ] GC(550) Humongous regions: 37->37
[2025-12-22T22:13:33.448+0000][4679.944s][info][gc,metaspace] GC(550) Metaspace: 87712K(88576K)->87712K(88576K) NonClass: 76391K(76800K)->76391K(76800K) Class: 11320K(11776K)->11320K(11776K)
[2025-12-22T22:13:33.448+0000][4679.944s][info][gc          ] GC(550) Pause Young (Normal) (G1 Evacuation Pause) 768M->93M(1128M) 3.686ms
[2025-12-22T22:13:33.448+0000][4679.944s][info][gc,cpu      ] GC(550) User=0.00s Sys=0.00s Real=0.01s
[2025-12-22T22:13:42.803+0000][4689.299s][info][gc,start    ] GC(551) Pause Young (Normal) (G1 Evacuation Pause)
[2025-12-22T22:13:42.804+0000][4689.300s][info][gc,task     ] GC(551) Using 3 workers of 3 for evacuation
[2025-12-22T22:13:42.806+0000][4689.302s][info][gc,phases   ] GC(551)   Pre Evacuate Collection Set: 0.2ms
[2025-12-22T22:13:42.806+0000][4689.303s][info][gc,phases   ] GC(551)   Merge Heap Roots: 0.1ms
[2025-12-22T22:13:42.806+0000][4689.303s][info][gc,phases   ] GC(551)   Evacuate Collection Set: 1.4ms
[2025-12-22T22:13:42.807+0000][4689.303s][info][gc,phases   ] GC(551)   Post Evacuate Collection Set: 0.5ms
[2025-12-22T22:13:42.807+0000][4689.303s][info][gc,phases   ] GC(551)   Other: 1.3ms
[2025-12-22T22:13:42.807+0000][4689.303s][info][gc,heap     ] GC(551) Eden regions: 675->0(675)
[2025-12-22T22:13:42.807+0000][4689.303s][info][gc,heap     ] GC(551) Survivor regions: 1->1(85)
[2025-12-22T22:13:42.807+0000][4689.303s][info][gc,heap     ] GC(551) Old regions: 55->55
[2025-12-22T22:13:42.807+0000][4689.303s][info][gc,heap     ] GC(551) Archive regions: 2->2
[2025-12-22T22:13:42.807+0000][4689.304s][info][gc,heap     ] GC(551) Humongous regions: 37->37
[2025-12-22T22:13:42.807+0000][4689.304s][info][gc,metaspace] GC(551) Metaspace: 87719K(88640K)->87719K(88640K) NonClass: 76399K(76864K)->76399K(76864K) Class: 11320K(11776K)->11320K(11776K)
[2025-12-22T22:13:42.807+0000][4689.304s][info][gc          ] GC(551) Pause Young (Normal) (G1 Evacuation Pause) 768M->93M(1128M) 4.666ms
[2025-12-22T22:13:42.808+0000][4689.304s][info][gc,cpu      ] GC(551) User=0.00s Sys=0.00s Real=0.01s
[2025-12-22T22:13:50.531+0000][4697.027s][info][gc,start    ] GC(552) Pause Young (Normal) (G1 Evacuation Pause)
[2025-12-22T22:13:50.532+0000][4697.028s][info][gc,task     ] GC(552) Using 3 workers of 3 for evacuation
[2025-12-22T22:13:50.534+0000][4697.030s][info][gc,phases   ] GC(552)   Pre Evacuate Collection Set: 0.1ms
[2025-12-22T22:13:50.534+0000][4697.030s][info][gc,phases   ] GC(552)   Merge Heap Roots: 0.1ms
[2025-12-22T22:13:50.534+0000][4697.030s][info][gc,phases   ] GC(552)   Evacuate Collection Set: 0.9ms
[2025-12-22T22:13:50.534+0000][4697.030s][info][gc,phases   ] GC(552)   Post Evacuate Collection Set: 0.4ms
[2025-12-22T22:13:50.534+0000][4697.031s][info][gc,phases   ] GC(552)   Other: 1.2ms
[2025-12-22T22:13:50.534+0000][4697.031s][info][gc,heap     ] GC(552) Eden regions: 675->0(675)
[2025-12-22T22:13:50.534+0000][4697.031s][info][gc,heap     ] GC(552) Survivor regions: 1->1(85)
[2025-12-22T22:13:50.535+0000][4697.031s][info][gc,heap     ] GC(552) Old regions: 55->55
[2025-12-22T22:13:50.535+0000][4697.031s][info][gc,heap     ] GC(552) Archive regions: 2->2
[2025-12-22T22:13:50.535+0000][4697.031s][info][gc,heap     ] GC(552) Humongous regions: 37->37
[2025-12-22T22:13:50.535+0000][4697.031s][info][gc,metaspace] GC(552) Metaspace: 87719K(88640K)->87719K(88640K) NonClass: 76399K(76864K)->76399K(76864K) Class: 11320K(11776K)->11320K(11776K)
[2025-12-22T22:13:50.535+0000][4697.031s][info][gc          ] GC(552) Pause Young (Normal) (G1 Evacuation Pause) 768M->93M(1128M) 3.884ms
[2025-12-22T22:13:50.535+0000][4697.032s][info][gc,cpu      ] GC(552) User=0.00s Sys=0.00s Real=0.01s
[2025-12-22T22:13:58.278+0000][4704.775s][info][gc,start    ] GC(553) Pause Young (Normal) (G1 Evacuation Pause)
[2025-12-22T22:13:58.279+0000][4704.775s][info][gc,task     ] GC(553) Using 3 workers of 3 for evacuation
[2025-12-22T22:13:58.281+0000][4704.777s][info][gc,phases   ] GC(553)   Pre Evacuate Collection Set: 0.2ms
[2025-12-22T22:13:58.281+0000][4704.777s][info][gc,phases   ] GC(553)   Merge Heap Roots: 0.1ms
[2025-12-22T22:13:58.281+0000][4704.777s][info][gc,phases   ] GC(553)   Evacuate Collection Set: 1.1ms
[2025-12-22T22:13:58.281+0000][4704.777s][info][gc,phases   ] GC(553)   Post Evacuate Collection Set: 0.5ms
[2025-12-22T22:13:58.281+0000][4704.778s][info][gc,phases   ] GC(553)   Other: 0.7ms
[2025-12-22T22:13:58.281+0000][4704.778s][info][gc,heap     ] GC(553) Eden regions: 675->0(675)
[2025-12-22T22:13:58.281+0000][4704.778s][info][gc,heap     ] GC(553) Survivor regions: 1->1(85)
[2025-12-22T22:13:58.282+0000][4704.778s][info][gc,heap     ] GC(553) Old regions: 55->55
[2025-12-22T22:13:58.282+0000][4704.778s][info][gc,heap     ] GC(553) Archive regions: 2->2
[2025-12-22T22:13:58.282+0000][4704.778s][info][gc,heap     ] GC(553) Humongous regions: 37->37
[2025-12-22T22:13:58.282+0000][4704.778s][info][gc,metaspace] GC(553) Metaspace: 87719K(88640K)->87719K(88640K) NonClass: 76399K(76864K)->76399K(76864K) Class: 11320K(11776K)->11320K(11776K)
[2025-12-22T22:13:58.282+0000][4704.778s][info][gc          ] GC(553) Pause Young (Normal) (G1 Evacuation Pause) 768M->93M(1128M) 3.418ms
[2025-12-22T22:13:58.282+0000][4704.778s][info][gc,cpu      ] GC(553) User=0.00s Sys=0.00s Real=0.00s
[2025-12-22T22:14:07.931+0000][4714.427s][info][gc,start    ] GC(554) Pause Young (Normal) (G1 Evacuation Pause)
[2025-12-22T22:14:07.931+0000][4714.427s][info][gc,task     ] GC(554) Using 3 workers of 3 for evacuation
[2025-12-22T22:14:07.939+0000][4714.435s][info][gc,phases   ] GC(554)   Pre Evacuate Collection Set: 0.4ms
[2025-12-22T22:14:07.939+0000][4714.435s][info][gc,phases   ] GC(554)   Merge Heap Roots: 0.1ms
[2025-12-22T22:14:07.939+0000][4714.435s][info][gc,phases   ] GC(554)   Evacuate Collection Set: 4.6ms
[2025-12-22T22:14:07.939+0000][4714.436s][info][gc,phases   ] GC(554)   Post Evacuate Collection Set: 2.1ms
[2025-12-22T22:14:07.939+0000][4714.436s][info][gc,phases   ] GC(554)   Other: 1.0ms
[2025-12-22T22:14:07.939+0000][4714.436s][info][gc,heap     ] GC(554) Eden regions: 675->0(675)
[2025-12-22T22:14:07.940+0000][4714.436s][info][gc,heap     ] GC(554) Survivor regions: 1->1(85)
[2025-12-22T22:14:07.940+0000][4714.436s][info][gc,heap     ] GC(554) Old regions: 55->55
[2025-12-22T22:14:07.940+0000][4714.436s][info][gc,heap     ] GC(554) Archive regions: 2->2
[2025-12-22T22:14:07.940+0000][4714.436s][info][gc,heap     ] GC(554) Humongous regions: 37->37
[2025-12-22T22:14:07.940+0000][4714.436s][info][gc,metaspace] GC(554) Metaspace: 87719K(88640K)->87719K(88640K) NonClass: 76399K(76864K)->76399K(76864K) Class: 11320K(11776K)->11320K(11776K)
[2025-12-22T22:14:07.940+0000][4714.437s][info][gc          ] GC(554) Pause Young (Normal) (G1 Evacuation Pause) 768M->93M(1128M) 9.612ms
[2025-12-22T22:14:07.941+0000][4714.437s][info][gc,cpu      ] GC(554) User=0.02s Sys=0.00s Real=0.01s
[2025-12-22T22:14:15.786+0000][4722.282s][info][gc,start    ] GC(555) Pause Young (Normal) (G1 Evacuation Pause)
[2025-12-22T22:14:15.787+0000][4722.283s][info][gc,task     ] GC(555) Using 3 workers of 3 for evacuation
[2025-12-22T22:14:15.790+0000][4722.286s][info][gc,phases   ] GC(555)   Pre Evacuate Collection Set: 0.3ms
[2025-12-22T22:14:15.790+0000][4722.286s][info][gc,phases   ] GC(555)   Merge Heap Roots: 0.1ms
[2025-12-22T22:14:15.790+0000][4722.286s][info][gc,phases   ] GC(555)   Evacuate Collection Set: 1.3ms
[2025-12-22T22:14:15.790+0000][4722.286s][info][gc,phases   ] GC(555)   Post Evacuate Collection Set: 0.6ms
[2025-12-22T22:14:15.790+0000][4722.286s][info][gc,phases   ] GC(555)   Other: 1.2ms
[2025-12-22T22:14:15.790+0000][4722.286s][info][gc,heap     ] GC(555) Eden regions: 675->0(675)
[2025-12-22T22:14:15.790+0000][4722.286s][info][gc,heap     ] GC(555) Survivor regions: 1->1(85)
[2025-12-22T22:14:15.790+0000][4722.286s][info][gc,heap     ] GC(555) Old regions: 55->55
[2025-12-22T22:14:15.790+0000][4722.286s][info][gc,heap     ] GC(555) Archive regions: 2->2
[2025-12-22T22:14:15.790+0000][4722.286s][info][gc,heap     ] GC(555) Humongous regions: 37->37
[2025-12-22T22:14:15.790+0000][4722.287s][info][gc,metaspace] GC(555) Metaspace: 87719K(88640K)->87719K(88640K) NonClass: 76399K(76864K)->76399K(76864K) Class: 11320K(11776K)->11320K(11776K)
[2025-12-22T22:14:15.790+0000][4722.287s][info][gc          ] GC(555) Pause Young (Normal) (G1 Evacuation Pause) 768M->93M(1128M) 4.196ms
[2025-12-22T22:14:15.791+0000][4722.287s][info][gc,cpu      ] GC(555) User=0.00s Sys=0.00s Real=0.00s
[2025-12-22T22:14:25.210+0000][4731.707s][info][gc,start    ] GC(556) Pause Young (Normal) (G1 Evacuation Pause)
[2025-12-22T22:14:25.211+0000][4731.708s][info][gc,task     ] GC(556) Using 3 workers of 3 for evacuation
[2025-12-22T22:14:25.213+0000][4731.710s][info][gc,phases   ] GC(556)   Pre Evacuate Collection Set: 0.1ms
[2025-12-22T22:14:25.214+0000][4731.710s][info][gc,phases   ] GC(556)   Merge Heap Roots: 0.1ms
[2025-12-22T22:14:25.214+0000][4731.710s][info][gc,phases   ] GC(556)   Evacuate Collection Set: 1.2ms
[2025-12-22T22:14:25.214+0000][4731.710s][info][gc,phases   ] GC(556)   Post Evacuate Collection Set: 0.5ms
[2025-12-22T22:14:25.214+0000][4731.710s][info][gc,phases   ] GC(556)   Other: 1.2ms
[2025-12-22T22:14:25.214+0000][4731.710s][info][gc,heap     ] GC(556) Eden regions: 675->0(675)
[2025-12-22T22:14:25.214+0000][4731.710s][info][gc,heap     ] GC(556) Survivor regions: 1->1(85)
[2025-12-22T22:14:25.214+0000][4731.711s][info][gc,heap     ] GC(556) Old regions: 55->55
[2025-12-22T22:14:25.214+0000][4731.711s][info][gc,heap     ] GC(556) Archive regions: 2->2
[2025-12-22T22:14:25.215+0000][4731.711s][info][gc,heap     ] GC(556) Humongous regions: 37->37
[2025-12-22T22:14:25.215+0000][4731.711s][info][gc,metaspace] GC(556) Metaspace: 87719K(88640K)->87719K(88640K) NonClass: 76399K(76864K)->76399K(76864K) Class: 11320K(11776K)->11320K(11776K)
[2025-12-22T22:14:25.215+0000][4731.711s][info][gc          ] GC(556) Pause Young (Normal) (G1 Evacuation Pause) 768M->93M(1128M) 4.339ms
[2025-12-22T22:14:25.215+0000][4731.711s][info][gc,cpu      ] GC(556) User=0.00s Sys=0.00s Real=0.01s
[2025-12-22T22:14:33.132+0000][4739.628s][info][gc,start    ] GC(557) Pause Young (Normal) (G1 Evacuation Pause)
[2025-12-22T22:14:33.132+0000][4739.628s][info][gc,task     ] GC(557) Using 3 workers of 3 for evacuation
[2025-12-22T22:14:33.136+0000][4739.632s][info][gc,phases   ] GC(557)   Pre Evacuate Collection Set: 0.4ms
[2025-12-22T22:14:33.136+0000][4739.632s][info][gc,phases   ] GC(557)   Merge Heap Roots: 0.1ms
[2025-12-22T22:14:33.136+0000][4739.632s][info][gc,phases   ] GC(557)   Evacuate Collection Set: 2.3ms
[2025-12-22T22:14:33.136+0000][4739.632s][info][gc,phases   ] GC(557)   Post Evacuate Collection Set: 0.8ms
[2025-12-22T22:14:33.136+0000][4739.632s][info][gc,phases   ] GC(557)   Other: 0.9ms
[2025-12-22T22:14:33.136+0000][4739.633s][info][gc,heap     ] GC(557) Eden regions: 675->0(675)
[2025-12-22T22:14:33.136+0000][4739.633s][info][gc,heap     ] GC(557) Survivor regions: 1->1(85)
[2025-12-22T22:14:33.136+0000][4739.633s][info][gc,heap     ] GC(557) Old regions: 55->55
[2025-12-22T22:14:33.137+0000][4739.633s][info][gc,heap     ] GC(557) Archive regions: 2->2
[2025-12-22T22:14:33.137+0000][4739.633s][info][gc,heap     ] GC(557) Humongous regions: 37->37
[2025-12-22T22:14:33.137+0000][4739.633s][info][gc,metaspace] GC(557) Metaspace: 87719K(88640K)->87719K(88640K) NonClass: 76399K(76864K)->76399K(76864K) Class: 11320K(11776K)->11320K(11776K)
[2025-12-22T22:14:33.137+0000][4739.633s][info][gc          ] GC(557) Pause Young (Normal) (G1 Evacuation Pause) 768M->93M(1128M) 5.383ms
[2025-12-22T22:14:33.137+0000][4739.633s][info][gc,cpu      ] GC(557) User=0.01s Sys=0.00s Real=0.01s
[2025-12-22T22:14:42.910+0000][4749.406s][info][gc,start    ] GC(558) Pause Young (Normal) (G1 Evacuation Pause)
[2025-12-22T22:14:42.911+0000][4749.407s][info][gc,task     ] GC(558) Using 3 workers of 3 for evacuation
[2025-12-22T22:14:42.915+0000][4749.411s][info][gc,phases   ] GC(558)   Pre Evacuate Collection Set: 0.2ms
[2025-12-22T22:14:42.915+0000][4749.411s][info][gc,phases   ] GC(558)   Merge Heap Roots: 0.1ms
[2025-12-22T22:14:42.915+0000][4749.411s][info][gc,phases   ] GC(558)   Evacuate Collection Set: 2.5ms
[2025-12-22T22:14:42.915+0000][4749.411s][info][gc,phases   ] GC(558)   Post Evacuate Collection Set: 0.6ms
[2025-12-22T22:14:42.915+0000][4749.411s][info][gc,phases   ] GC(558)   Other: 1.2ms
[2025-12-22T22:14:42.915+0000][4749.411s][info][gc,heap     ] GC(558) Eden regions: 675->0(674)
[2025-12-22T22:14:42.915+0000][4749.412s][info][gc,heap     ] GC(558) Survivor regions: 1->2(85)
[2025-12-22T22:14:42.915+0000][4749.412s][info][gc,heap     ] GC(558) Old regions: 55->55
[2025-12-22T22:14:42.916+0000][4749.412s][info][gc,heap     ] GC(558) Archive regions: 2->2
[2025-12-22T22:14:42.916+0000][4749.412s][info][gc,heap     ] GC(558) Humongous regions: 37->37
[2025-12-22T22:14:42.916+0000][4749.412s][info][gc,metaspace] GC(558) Metaspace: 87724K(88640K)->87724K(88640K) NonClass: 76403K(76864K)->76403K(76864K) Class: 11320K(11776K)->11320K(11776K)
[2025-12-22T22:14:42.916+0000][4749.412s][info][gc          ] GC(558) Pause Young (Normal) (G1 Evacuation Pause) 768M->93M(1128M) 5.659ms
[2025-12-22T22:14:42.916+0000][4749.412s][info][gc,cpu      ] GC(558) User=0.01s Sys=0.00s Real=0.01s
[2025-12-22T22:14:51.347+0000][4757.843s][info][gc,start    ] GC(559) Pause Young (Normal) (G1 Evacuation Pause)
[2025-12-22T22:14:51.348+0000][4757.844s][info][gc,task     ] GC(559) Using 3 workers of 3 for evacuation
[2025-12-22T22:14:51.355+0000][4757.852s][info][gc,phases   ] GC(559)   Pre Evacuate Collection Set: 0.5ms
[2025-12-22T22:14:51.356+0000][4757.852s][info][gc,phases   ] GC(559)   Merge Heap Roots: 0.1ms
[2025-12-22T22:14:51.356+0000][4757.852s][info][gc,phases   ] GC(559)   Evacuate Collection Set: 5.3ms
[2025-12-22T22:14:51.356+0000][4757.852s][info][gc,phases   ] GC(559)   Post Evacuate Collection Set: 1.0ms
[2025-12-22T22:14:51.356+0000][4757.852s][info][gc,phases   ] GC(559)   Other: 1.8ms
[2025-12-22T22:14:51.356+0000][4757.852s][info][gc,heap     ] GC(559) Eden regions: 674->0(674)
[2025-12-22T22:14:51.356+0000][4757.852s][info][gc,heap     ] GC(559) Survivor regions: 2->2(85)
[2025-12-22T22:14:51.356+0000][4757.853s][info][gc,heap     ] GC(559) Old regions: 55->55
[2025-12-22T22:14:51.356+0000][4757.853s][info][gc,heap     ] GC(559) Archive regions: 2->2
[2025-12-22T22:14:51.357+0000][4757.853s][info][gc,heap     ] GC(559) Humongous regions: 37->37
[2025-12-22T22:14:51.357+0000][4757.853s][info][gc,metaspace] GC(559) Metaspace: 87724K(88640K)->87724K(88640K) NonClass: 76403K(76864K)->76403K(76864K) Class: 11320K(11776K)->11320K(11776K)
[2025-12-22T22:14:51.357+0000][4757.853s][info][gc          ] GC(559) Pause Young (Normal) (G1 Evacuation Pause) 767M->93M(1128M) 9.936ms
[2025-12-22T22:14:51.357+0000][4757.853s][info][gc,cpu      ] GC(559) User=0.02s Sys=0.00s Real=0.01s
[2025-12-22T22:14:59.564+0000][4766.060s][info][gc,start    ] GC(560) Pause Young (Normal) (G1 Evacuation Pause)
[2025-12-22T22:14:59.564+0000][4766.060s][info][gc,task     ] GC(560) Using 3 workers of 3 for evacuation
[2025-12-22T22:14:59.567+0000][4766.063s][info][gc,phases   ] GC(560)   Pre Evacuate Collection Set: 0.1ms
[2025-12-22T22:14:59.567+0000][4766.064s][info][gc,phases   ] GC(560)   Merge Heap Roots: 0.7ms
[2025-12-22T22:14:59.567+0000][4766.064s][info][gc,phases   ] GC(560)   Evacuate Collection Set: 1.6ms
[2025-12-22T22:14:59.568+0000][4766.064s][info][gc,phases   ] GC(560)   Post Evacuate Collection Set: 0.5ms
[2025-12-22T22:14:59.568+0000][4766.064s][info][gc,phases   ] GC(560)   Other: 0.7ms
[2025-12-22T22:14:59.568+0000][4766.064s][info][gc,heap     ] GC(560) Eden regions: 674->0(674)
[2025-12-22T22:14:59.568+0000][4766.064s][info][gc,heap     ] GC(560) Survivor regions: 2->2(85)
[2025-12-22T22:14:59.568+0000][4766.064s][info][gc,heap     ] GC(560) Old regions: 55->55
[2025-12-22T22:14:59.568+0000][4766.064s][info][gc,heap     ] GC(560) Archive regions: 2->2
[2025-12-22T22:14:59.568+0000][4766.064s][info][gc,heap     ] GC(560) Humongous regions: 37->37
[2025-12-22T22:14:59.568+0000][4766.064s][info][gc,metaspace] GC(560) Metaspace: 87724K(88640K)->87724K(88640K) NonClass: 76403K(76864K)->76403K(76864K) Class: 11320K(11776K)->11320K(11776K)
[2025-12-22T22:14:59.568+0000][4766.064s][info][gc          ] GC(560) Pause Young (Normal) (G1 Evacuation Pause) 767M->93M(1128M) 4.491ms
[2025-12-22T22:14:59.568+0000][4766.064s][info][gc,cpu      ] GC(560) User=0.00s Sys=0.00s Real=0.01s
[2025-12-22T22:15:09.095+0000][4775.591s][info][gc,start    ] GC(561) Pause Young (Normal) (G1 Evacuation Pause)
[2025-12-22T22:15:09.095+0000][4775.591s][info][gc,task     ] GC(561) Using 3 workers of 3 for evacuation
[2025-12-22T22:15:09.099+0000][4775.595s][info][gc,phases   ] GC(561)   Pre Evacuate Collection Set: 0.2ms
[2025-12-22T22:15:09.099+0000][4775.595s][info][gc,phases   ] GC(561)   Merge Heap Roots: 0.1ms
[2025-12-22T22:15:09.099+0000][4775.595s][info][gc,phases   ] GC(561)   Evacuate Collection Set: 2.3ms
[2025-12-22T22:15:09.099+0000][4775.595s][info][gc,phases   ] GC(561)   Post Evacuate Collection Set: 0.6ms
[2025-12-22T22:15:09.099+0000][4775.595s][info][gc,phases   ] GC(561)   Other: 0.7ms
[2025-12-22T22:15:09.099+0000][4775.595s][info][gc,heap     ] GC(561) Eden regions: 674->0(674)
[2025-12-22T22:15:09.099+0000][4775.595s][info][gc,heap     ] GC(561) Survivor regions: 2->2(85)
[2025-12-22T22:15:09.099+0000][4775.595s][info][gc,heap     ] GC(561) Old regions: 55->55
[2025-12-22T22:15:09.099+0000][4775.595s][info][gc,heap     ] GC(561) Archive regions: 2->2
[2025-12-22T22:15:09.099+0000][4775.595s][info][gc,heap     ] GC(561) Humongous regions: 37->37
[2025-12-22T22:15:09.099+0000][4775.595s][info][gc,metaspace] GC(561) Metaspace: 87724K(88640K)->87724K(88640K) NonClass: 76403K(76864K)->76403K(76864K) Class: 11320K(11776K)->11320K(11776K)
[2025-12-22T22:15:09.099+0000][4775.596s][info][gc          ] GC(561) Pause Young (Normal) (G1 Evacuation Pause) 767M->93M(1128M) 4.504ms
[2025-12-22T22:15:09.099+0000][4775.596s][info][gc,cpu      ] GC(561) User=0.01s Sys=0.00s Real=0.00s
[2025-12-22T22:15:17.336+0000][4783.832s][info][gc,start    ] GC(562) Pause Young (Normal) (G1 Evacuation Pause)
[2025-12-22T22:15:17.336+0000][4783.833s][info][gc,task     ] GC(562) Using 3 workers of 3 for evacuation
[2025-12-22T22:15:17.345+0000][4783.841s][info][gc,phases   ] GC(562)   Pre Evacuate Collection Set: 0.5ms
[2025-12-22T22:15:17.345+0000][4783.841s][info][gc,phases   ] GC(562)   Merge Heap Roots: 0.2ms
[2025-12-22T22:15:17.345+0000][4783.841s][info][gc,phases   ] GC(562)   Evacuate Collection Set: 5.0ms
[2025-12-22T22:15:17.345+0000][4783.842s][info][gc,phases   ] GC(562)   Post Evacuate Collection Set: 2.5ms
[2025-12-22T22:15:17.345+0000][4783.842s][info][gc,phases   ] GC(562)   Other: 0.8ms
[2025-12-22T22:15:17.346+0000][4783.842s][info][gc,heap     ] GC(562) Eden regions: 674->0(674)
[2025-12-22T22:15:17.346+0000][4783.842s][info][gc,heap     ] GC(562) Survivor regions: 2->2(85)
[2025-12-22T22:15:17.346+0000][4783.842s][info][gc,heap     ] GC(562) Old regions: 55->55
[2025-12-22T22:15:17.346+0000][4783.843s][info][gc,heap     ] GC(562) Archive regions: 2->2
[2025-12-22T22:15:17.347+0000][4783.843s][info][gc,heap     ] GC(562) Humongous regions: 37->37
[2025-12-22T22:15:17.347+0000][4783.843s][info][gc,metaspace] GC(562) Metaspace: 87724K(88640K)->87724K(88640K) NonClass: 76403K(76864K)->76403K(76864K) Class: 11320K(11776K)->11320K(11776K)
[2025-12-22T22:15:17.347+0000][4783.843s][info][gc          ] GC(562) Pause Young (Normal) (G1 Evacuation Pause) 767M->93M(1128M) 10.810ms
[2025-12-22T22:15:17.347+0000][4783.843s][info][gc,cpu      ] GC(562) User=0.01s Sys=0.00s Real=0.01s
[2025-12-22T22:15:27.051+0000][4793.547s][info][gc,start    ] GC(563) Pause Young (Normal) (G1 Evacuation Pause)
[2025-12-22T22:15:27.051+0000][4793.548s][info][gc,task     ] GC(563) Using 3 workers of 3 for evacuation
[2025-12-22T22:15:27.054+0000][4793.550s][info][gc,phases   ] GC(563)   Pre Evacuate Collection Set: 0.2ms
[2025-12-22T22:15:27.054+0000][4793.550s][info][gc,phases   ] GC(563)   Merge Heap Roots: 0.1ms
[2025-12-22T22:15:27.054+0000][4793.550s][info][gc,phases   ] GC(563)   Evacuate Collection Set: 1.4ms
[2025-12-22T22:15:27.054+0000][4793.550s][info][gc,phases   ] GC(563)   Post Evacuate Collection Set: 0.4ms
[2025-12-22T22:15:27.054+0000][4793.550s][info][gc,phases   ] GC(563)   Other: 1.2ms
[2025-12-22T22:15:27.054+0000][4793.551s][info][gc,heap     ] GC(563) Eden regions: 674->0(674)
[2025-12-22T22:15:27.054+0000][4793.551s][info][gc,heap     ] GC(563) Survivor regions: 2->2(85)
[2025-12-22T22:15:27.055+0000][4793.551s][info][gc,heap     ] GC(563) Old regions: 55->55
[2025-12-22T22:15:27.055+0000][4793.551s][info][gc,heap     ] GC(563) Archive regions: 2->2
[2025-12-22T22:15:27.055+0000][4793.551s][info][gc,heap     ] GC(563) Humongous regions: 37->37
[2025-12-22T22:15:27.055+0000][4793.551s][info][gc,metaspace] GC(563) Metaspace: 87724K(88640K)->87724K(88640K) NonClass: 76403K(76864K)->76403K(76864K) Class: 11320K(11776K)->11320K(11776K)
[2025-12-22T22:15:27.055+0000][4793.551s][info][gc          ] GC(563) Pause Young (Normal) (G1 Evacuation Pause) 767M->93M(1128M) 4.567ms
[2025-12-22T22:15:27.055+0000][4793.551s][info][gc,cpu      ] GC(563) User=0.01s Sys=0.00s Real=0.01s
[2025-12-22T22:15:34.890+0000][4801.387s][info][gc,start    ] GC(564) Pause Young (Normal) (G1 Evacuation Pause)
[2025-12-22T22:15:34.892+0000][4801.388s][info][gc,task     ] GC(564) Using 3 workers of 3 for evacuation
[2025-12-22T22:15:34.895+0000][4801.391s][info][gc,phases   ] GC(564)   Pre Evacuate Collection Set: 0.2ms
[2025-12-22T22:15:34.895+0000][4801.391s][info][gc,phases   ] GC(564)   Merge Heap Roots: 0.1ms
[2025-12-22T22:15:34.895+0000][4801.391s][info][gc,phases   ] GC(564)   Evacuate Collection Set: 2.4ms
[2025-12-22T22:15:34.895+0000][4801.391s][info][gc,phases   ] GC(564)   Post Evacuate Collection Set: 0.5ms
[2025-12-22T22:15:34.895+0000][4801.391s][info][gc,phases   ] GC(564)   Other: 1.4ms
[2025-12-22T22:15:34.895+0000][4801.392s][info][gc,heap     ] GC(564) Eden regions: 674->0(674)
[2025-12-22T22:15:34.895+0000][4801.392s][info][gc,heap     ] GC(564) Survivor regions: 2->2(85)
[2025-12-22T22:15:34.896+0000][4801.392s][info][gc,heap     ] GC(564) Old regions: 55->55
[2025-12-22T22:15:34.896+0000][4801.392s][info][gc,heap     ] GC(564) Archive regions: 2->2
[2025-12-22T22:15:34.896+0000][4801.392s][info][gc,heap     ] GC(564) Humongous regions: 37->37
[2025-12-22T22:15:34.896+0000][4801.392s][info][gc,metaspace] GC(564) Metaspace: 87724K(88640K)->87724K(88640K) NonClass: 76403K(76864K)->76403K(76864K) Class: 11320K(11776K)->11320K(11776K)
[2025-12-22T22:15:34.896+0000][4801.392s][info][gc          ] GC(564) Pause Young (Normal) (G1 Evacuation Pause) 767M->93M(1128M) 5.478ms
[2025-12-22T22:15:34.896+0000][4801.392s][info][gc,cpu      ] GC(564) User=0.00s Sys=0.00s Real=0.01s
[2025-12-22T22:15:43.489+0000][4809.985s][info][gc,start    ] GC(565) Pause Young (Normal) (G1 Evacuation Pause)
[2025-12-22T22:15:43.489+0000][4809.985s][info][gc,task     ] GC(565) Using 3 workers of 3 for evacuation
[2025-12-22T22:15:43.499+0000][4809.996s][info][gc,phases   ] GC(565)   Pre Evacuate Collection Set: 0.5ms
[2025-12-22T22:15:43.500+0000][4809.996s][info][gc,phases   ] GC(565)   Merge Heap Roots: 0.3ms
[2025-12-22T22:15:43.500+0000][4809.996s][info][gc,phases   ] GC(565)   Evacuate Collection Set: 4.0ms
[2025-12-22T22:15:43.500+0000][4809.996s][info][gc,phases   ] GC(565)   Post Evacuate Collection Set: 4.2ms
[2025-12-22T22:15:43.500+0000][4809.996s][info][gc,phases   ] GC(565)   Other: 2.5ms
[2025-12-22T22:15:43.500+0000][4809.996s][info][gc,heap     ] GC(565) Eden regions: 674->0(674)
[2025-12-22T22:15:43.500+0000][4809.996s][info][gc,heap     ] GC(565) Survivor regions: 2->2(85)
[2025-12-22T22:15:43.500+0000][4809.996s][info][gc,heap     ] GC(565) Old regions: 55->55
[2025-12-22T22:15:43.500+0000][4809.996s][info][gc,heap     ] GC(565) Archive regions: 2->2
[2025-12-22T22:15:43.500+0000][4809.997s][info][gc,heap     ] GC(565) Humongous regions: 37->37
[2025-12-22T22:15:43.501+0000][4809.997s][info][gc,metaspace] GC(565) Metaspace: 87724K(88640K)->87724K(88640K) NonClass: 76403K(76864K)->76403K(76864K) Class: 11320K(11776K)->11320K(11776K)
[2025-12-22T22:15:43.501+0000][4809.997s][info][gc          ] GC(565) Pause Young (Normal) (G1 Evacuation Pause) 767M->93M(1128M) 12.645ms
[2025-12-22T22:15:43.501+0000][4809.997s][info][gc,cpu      ] GC(565) User=0.02s Sys=0.00s Real=0.01s
[2025-12-22T22:15:53.959+0000][4820.455s][info][gc,start    ] GC(566) Pause Young (Normal) (G1 Evacuation Pause)
[2025-12-22T22:15:53.960+0000][4820.456s][info][gc,task     ] GC(566) Using 3 workers of 3 for evacuation
[2025-12-22T22:15:53.976+0000][4820.472s][info][gc,phases   ] GC(566)   Pre Evacuate Collection Set: 0.8ms
[2025-12-22T22:15:53.976+0000][4820.472s][info][gc,phases   ] GC(566)   Merge Heap Roots: 0.4ms
[2025-12-22T22:15:53.976+0000][4820.472s][info][gc,phases   ] GC(566)   Evacuate Collection Set: 8.2ms
[2025-12-22T22:15:53.976+0000][4820.472s][info][gc,phases   ] GC(566)   Post Evacuate Collection Set: 4.2ms
[2025-12-22T22:15:53.976+0000][4820.473s][info][gc,phases   ] GC(566)   Other: 6.0ms
[2025-12-22T22:15:53.977+0000][4820.473s][info][gc,heap     ] GC(566) Eden regions: 674->0(675)
[2025-12-22T22:15:53.977+0000][4820.473s][info][gc,heap     ] GC(566) Survivor regions: 2->1(85)
[2025-12-22T22:15:53.977+0000][4820.473s][info][gc,heap     ] GC(566) Old regions: 55->56
[2025-12-22T22:15:53.977+0000][4820.473s][info][gc,heap     ] GC(566) Archive regions: 2->2
[2025-12-22T22:15:53.977+0000][4820.473s][info][gc,heap     ] GC(566) Humongous regions: 37->37
[2025-12-22T22:15:53.977+0000][4820.474s][info][gc,metaspace] GC(566) Metaspace: 87724K(88640K)->87724K(88640K) NonClass: 76403K(76864K)->76403K(76864K) Class: 11320K(11776K)->11320K(11776K)
[2025-12-22T22:15:53.978+0000][4820.474s][info][gc          ] GC(566) Pause Young (Normal) (G1 Evacuation Pause) 767M->93M(1128M) 20.625ms
[2025-12-22T22:15:53.978+0000][4820.474s][info][gc,cpu      ] GC(566) User=0.03s Sys=0.01s Real=0.02s
[2025-12-22T22:16:02.492+0000][4828.989s][info][gc,start    ] GC(567) Pause Young (Normal) (G1 Evacuation Pause)
[2025-12-22T22:16:02.494+0000][4828.990s][info][gc,task     ] GC(567) Using 3 workers of 3 for evacuation
[2025-12-22T22:16:02.502+0000][4828.998s][info][gc,phases   ] GC(567)   Pre Evacuate Collection Set: 0.6ms
[2025-12-22T22:16:02.502+0000][4828.998s][info][gc,phases   ] GC(567)   Merge Heap Roots: 0.3ms
[2025-12-22T22:16:02.502+0000][4828.998s][info][gc,phases   ] GC(567)   Evacuate Collection Set: 4.2ms
[2025-12-22T22:16:02.502+0000][4828.998s][info][gc,phases   ] GC(567)   Post Evacuate Collection Set: 2.2ms
[2025-12-22T22:16:02.502+0000][4828.999s][info][gc,phases   ] GC(567)   Other: 3.1ms
[2025-12-22T22:16:02.503+0000][4828.999s][info][gc,heap     ] GC(567) Eden regions: 675->0(675)
[2025-12-22T22:16:02.503+0000][4828.999s][info][gc,heap     ] GC(567) Survivor regions: 1->1(85)
[2025-12-22T22:16:02.503+0000][4828.999s][info][gc,heap     ] GC(567) Old regions: 56->56
[2025-12-22T22:16:02.503+0000][4828.999s][info][gc,heap     ] GC(567) Archive regions: 2->2
[2025-12-22T22:16:02.503+0000][4828.999s][info][gc,heap     ] GC(567) Humongous regions: 37->37
[2025-12-22T22:16:02.503+0000][4828.999s][info][gc,metaspace] GC(567) Metaspace: 87724K(88640K)->87724K(88640K) NonClass: 76403K(76864K)->76403K(76864K) Class: 11320K(11776K)->11320K(11776K)
[2025-12-22T22:16:02.503+0000][4828.999s][info][gc          ] GC(567) Pause Young (Normal) (G1 Evacuation Pause) 768M->93M(1128M) 11.420ms
[2025-12-22T22:16:02.503+0000][4829.000s][info][gc,cpu      ] GC(567) User=0.01s Sys=0.01s Real=0.01s
[2025-12-22T22:16:12.073+0000][4838.569s][info][gc,start    ] GC(568) Pause Young (Normal) (G1 Evacuation Pause)
[2025-12-22T22:16:12.074+0000][4838.570s][info][gc,task     ] GC(568) Using 3 workers of 3 for evacuation
[2025-12-22T22:16:12.077+0000][4838.573s][info][gc,phases   ] GC(568)   Pre Evacuate Collection Set: 0.1ms
[2025-12-22T22:16:12.077+0000][4838.573s][info][gc,phases   ] GC(568)   Merge Heap Roots: 0.1ms
[2025-12-22T22:16:12.077+0000][4838.573s][info][gc,phases   ] GC(568)   Evacuate Collection Set: 1.3ms
[2025-12-22T22:16:12.077+0000][4838.573s][info][gc,phases   ] GC(568)   Post Evacuate Collection Set: 0.7ms
[2025-12-22T22:16:12.077+0000][4838.573s][info][gc,phases   ] GC(568)   Other: 1.4ms
[2025-12-22T22:16:12.078+0000][4838.574s][info][gc,heap     ] GC(568) Eden regions: 675->0(675)
[2025-12-22T22:16:12.078+0000][4838.574s][info][gc,heap     ] GC(568) Survivor regions: 1->1(85)
[2025-12-22T22:16:12.078+0000][4838.574s][info][gc,heap     ] GC(568) Old regions: 56->56
[2025-12-22T22:16:12.078+0000][4838.574s][info][gc,heap     ] GC(568) Archive regions: 2->2
[2025-12-22T22:16:12.078+0000][4838.574s][info][gc,heap     ] GC(568) Humongous regions: 37->37
[2025-12-22T22:16:12.078+0000][4838.574s][info][gc,metaspace] GC(568) Metaspace: 87724K(88640K)->87724K(88640K) NonClass: 76403K(76864K)->76403K(76864K) Class: 11320K(11776K)->11320K(11776K)
[2025-12-22T22:16:12.078+0000][4838.574s][info][gc          ] GC(568) Pause Young (Normal) (G1 Evacuation Pause) 768M->93M(1128M) 4.867ms
[2025-12-22T22:16:12.078+0000][4838.574s][info][gc,cpu      ] GC(568) User=0.01s Sys=0.00s Real=0.01s
[2025-12-22T22:16:20.376+0000][4846.872s][info][gc,start    ] GC(569) Pause Young (Normal) (G1 Evacuation Pause)
[2025-12-22T22:16:20.377+0000][4846.873s][info][gc,task     ] GC(569) Using 3 workers of 3 for evacuation
[2025-12-22T22:16:20.394+0000][4846.891s][info][gc,phases   ] GC(569)   Pre Evacuate Collection Set: 0.5ms
[2025-12-22T22:16:20.395+0000][4846.891s][info][gc,phases   ] GC(569)   Merge Heap Roots: 0.2ms
[2025-12-22T22:16:20.395+0000][4846.891s][info][gc,phases   ] GC(569)   Evacuate Collection Set: 9.3ms
[2025-12-22T22:16:20.395+0000][4846.891s][info][gc,phases   ] GC(569)   Post Evacuate Collection Set: 6.6ms
[2025-12-22T22:16:20.395+0000][4846.891s][info][gc,phases   ] GC(569)   Other: 2.0ms
[2025-12-22T22:16:20.395+0000][4846.891s][info][gc,heap     ] GC(569) Eden regions: 675->0(675)
[2025-12-22T22:16:20.395+0000][4846.891s][info][gc,heap     ] GC(569) Survivor regions: 1->1(85)
[2025-12-22T22:16:20.395+0000][4846.892s][info][gc,heap     ] GC(569) Old regions: 56->56
[2025-12-22T22:16:20.395+0000][4846.892s][info][gc,heap     ] GC(569) Archive regions: 2->2
[2025-12-22T22:16:20.396+0000][4846.892s][info][gc,heap     ] GC(569) Humongous regions: 37->37
[2025-12-22T22:16:20.396+0000][4846.892s][info][gc,metaspace] GC(569) Metaspace: 87724K(88640K)->87724K(88640K) NonClass: 76403K(76864K)->76403K(76864K) Class: 11320K(11776K)->11320K(11776K)
[2025-12-22T22:16:20.396+0000][4846.892s][info][gc          ] GC(569) Pause Young (Normal) (G1 Evacuation Pause) 768M->93M(1128M) 20.109ms
[2025-12-22T22:16:20.396+0000][4846.892s][info][gc,cpu      ] GC(569) User=0.05s Sys=0.00s Real=0.02s
[2025-12-22T22:16:28.815+0000][4855.312s][info][gc,start    ] GC(570) Pause Young (Normal) (G1 Evacuation Pause)
[2025-12-22T22:16:28.816+0000][4855.312s][info][gc,task     ] GC(570) Using 3 workers of 3 for evacuation
[2025-12-22T22:16:28.818+0000][4855.315s][info][gc,phases   ] GC(570)   Pre Evacuate Collection Set: 0.2ms
[2025-12-22T22:16:28.818+0000][4855.315s][info][gc,phases   ] GC(570)   Merge Heap Roots: 0.1ms
[2025-12-22T22:16:28.819+0000][4855.315s][info][gc,phases   ] GC(570)   Evacuate Collection Set: 1.4ms
[2025-12-22T22:16:28.819+0000][4855.315s][info][gc,phases   ] GC(570)   Post Evacuate Collection Set: 0.5ms
[2025-12-22T22:16:28.819+0000][4855.315s][info][gc,phases   ] GC(570)   Other: 0.8ms
[2025-12-22T22:16:28.819+0000][4855.315s][info][gc,heap     ] GC(570) Eden regions: 675->0(675)
[2025-12-22T22:16:28.819+0000][4855.315s][info][gc,heap     ] GC(570) Survivor regions: 1->1(85)
[2025-12-22T22:16:28.819+0000][4855.315s][info][gc,heap     ] GC(570) Old regions: 56->56
[2025-12-22T22:16:28.819+0000][4855.315s][info][gc,heap     ] GC(570) Archive regions: 2->2
[2025-12-22T22:16:28.819+0000][4855.315s][info][gc,heap     ] GC(570) Humongous regions: 37->37
[2025-12-22T22:16:28.819+0000][4855.316s][info][gc,metaspace] GC(570) Metaspace: 87724K(88640K)->87724K(88640K) NonClass: 76403K(76864K)->76403K(76864K) Class: 11320K(11776K)->11320K(11776K)
[2025-12-22T22:16:28.819+0000][4855.316s][info][gc          ] GC(570) Pause Young (Normal) (G1 Evacuation Pause) 768M->93M(1128M) 4.032ms
[2025-12-22T22:16:28.819+0000][4855.316s][info][gc,cpu      ] GC(570) User=0.00s Sys=0.00s Real=0.00s
[2025-12-22T22:16:38.857+0000][4865.354s][info][gc,start    ] GC(571) Pause Young (Normal) (G1 Evacuation Pause)
[2025-12-22T22:16:38.859+0000][4865.355s][info][gc,task     ] GC(571) Using 3 workers of 3 for evacuation
[2025-12-22T22:16:38.867+0000][4865.363s][info][gc,phases   ] GC(571)   Pre Evacuate Collection Set: 0.7ms
[2025-12-22T22:16:38.867+0000][4865.363s][info][gc,phases   ] GC(571)   Merge Heap Roots: 0.4ms
[2025-12-22T22:16:38.867+0000][4865.363s][info][gc,phases   ] GC(571)   Evacuate Collection Set: 4.8ms
[2025-12-22T22:16:38.867+0000][4865.364s][info][gc,phases   ] GC(571)   Post Evacuate Collection Set: 1.5ms
[2025-12-22T22:16:38.868+0000][4865.364s][info][gc,phases   ] GC(571)   Other: 2.2ms
[2025-12-22T22:16:38.868+0000][4865.364s][info][gc,heap     ] GC(571) Eden regions: 675->0(675)
[2025-12-22T22:16:38.868+0000][4865.364s][info][gc,heap     ] GC(571) Survivor regions: 1->1(85)
[2025-12-22T22:16:38.868+0000][4865.364s][info][gc,heap     ] GC(571) Old regions: 56->56
[2025-12-22T22:16:38.868+0000][4865.365s][info][gc,heap     ] GC(571) Archive regions: 2->2
[2025-12-22T22:16:38.869+0000][4865.365s][info][gc,heap     ] GC(571) Humongous regions: 37->37
[2025-12-22T22:16:38.869+0000][4865.365s][info][gc,metaspace] GC(571) Metaspace: 87730K(88640K)->87730K(88640K) NonClass: 76409K(76864K)->76409K(76864K) Class: 11320K(11776K)->11320K(11776K)
[2025-12-22T22:16:38.869+0000][4865.365s][info][gc          ] GC(571) Pause Young (Normal) (G1 Evacuation Pause) 768M->93M(1128M) 11.679ms
[2025-12-22T22:16:38.869+0000][4865.365s][info][gc,cpu      ] GC(571) User=0.02s Sys=0.00s Real=0.01s
[2025-12-22T22:16:46.832+0000][4873.328s][info][gc,start    ] GC(572) Pause Young (Normal) (G1 Evacuation Pause)
[2025-12-22T22:16:46.832+0000][4873.328s][info][gc,task     ] GC(572) Using 3 workers of 3 for evacuation
[2025-12-22T22:16:46.834+0000][4873.331s][info][gc,phases   ] GC(572)   Pre Evacuate Collection Set: 0.2ms
[2025-12-22T22:16:46.834+0000][4873.331s][info][gc,phases   ] GC(572)   Merge Heap Roots: 0.2ms
[2025-12-22T22:16:46.834+0000][4873.331s][info][gc,phases   ] GC(572)   Evacuate Collection Set: 1.2ms
[2025-12-22T22:16:46.835+0000][4873.331s][info][gc,phases   ] GC(572)   Post Evacuate Collection Set: 0.4ms
[2025-12-22T22:16:46.835+0000][4873.331s][info][gc,phases   ] GC(572)   Other: 0.7ms
[2025-12-22T22:16:46.835+0000][4873.331s][info][gc,heap     ] GC(572) Eden regions: 675->0(675)
[2025-12-22T22:16:46.835+0000][4873.331s][info][gc,heap     ] GC(572) Survivor regions: 1->1(85)
[2025-12-22T22:16:46.835+0000][4873.331s][info][gc,heap     ] GC(572) Old regions: 56->56
[2025-12-22T22:16:46.835+0000][4873.331s][info][gc,heap     ] GC(572) Archive regions: 2->2
[2025-12-22T22:16:46.835+0000][4873.331s][info][gc,heap     ] GC(572) Humongous regions: 37->37
[2025-12-22T22:16:46.835+0000][4873.331s][info][gc,metaspace] GC(572) Metaspace: 87730K(88640K)->87730K(88640K) NonClass: 76409K(76864K)->76409K(76864K) Class: 11320K(11776K)->11320K(11776K)
[2025-12-22T22:16:46.835+0000][4873.331s][info][gc          ] GC(572) Pause Young (Normal) (G1 Evacuation Pause) 768M->93M(1128M) 3.370ms
[2025-12-22T22:16:46.835+0000][4873.331s][info][gc,cpu      ] GC(572) User=0.00s Sys=0.00s Real=0.01s
[2025-12-22T22:16:56.792+0000][4883.289s][info][gc,start    ] GC(573) Pause Young (Normal) (G1 Evacuation Pause)
[2025-12-22T22:16:56.793+0000][4883.289s][info][gc,task     ] GC(573) Using 3 workers of 3 for evacuation
[2025-12-22T22:16:56.796+0000][4883.293s][info][gc,phases   ] GC(573)   Pre Evacuate Collection Set: 0.2ms
[2025-12-22T22:16:56.796+0000][4883.293s][info][gc,phases   ] GC(573)   Merge Heap Roots: 0.1ms
[2025-12-22T22:16:56.797+0000][4883.293s][info][gc,phases   ] GC(573)   Evacuate Collection Set: 1.3ms
[2025-12-22T22:16:56.797+0000][4883.293s][info][gc,phases   ] GC(573)   Post Evacuate Collection Set: 0.7ms
[2025-12-22T22:16:56.797+0000][4883.293s][info][gc,phases   ] GC(573)   Other: 1.9ms
[2025-12-22T22:16:56.797+0000][4883.293s][info][gc,heap     ] GC(573) Eden regions: 675->0(675)
[2025-12-22T22:16:56.797+0000][4883.293s][info][gc,heap     ] GC(573) Survivor regions: 1->1(85)
[2025-12-22T22:16:56.797+0000][4883.293s][info][gc,heap     ] GC(573) Old regions: 56->56
[2025-12-22T22:16:56.797+0000][4883.293s][info][gc,heap     ] GC(573) Archive regions: 2->2
[2025-12-22T22:16:56.797+0000][4883.293s][info][gc,heap     ] GC(573) Humongous regions: 37->37
[2025-12-22T22:16:56.797+0000][4883.294s][info][gc,metaspace] GC(573) Metaspace: 87730K(88640K)->87730K(88640K) NonClass: 76409K(76864K)->76409K(76864K) Class: 11320K(11776K)->11320K(11776K)
[2025-12-22T22:16:56.797+0000][4883.294s][info][gc          ] GC(573) Pause Young (Normal) (G1 Evacuation Pause) 768M->93M(1128M) 5.380ms
[2025-12-22T22:16:56.798+0000][4883.294s][info][gc,cpu      ] GC(573) User=0.00s Sys=0.00s Real=0.01s
[2025-12-22T22:17:04.679+0000][4891.175s][info][gc,start    ] GC(574) Pause Young (Normal) (G1 Evacuation Pause)
[2025-12-22T22:17:04.680+0000][4891.176s][info][gc,task     ] GC(574) Using 3 workers of 3 for evacuation
[2025-12-22T22:17:04.683+0000][4891.180s][info][gc,phases   ] GC(574)   Pre Evacuate Collection Set: 0.3ms
[2025-12-22T22:17:04.684+0000][4891.180s][info][gc,phases   ] GC(574)   Merge Heap Roots: 0.1ms
[2025-12-22T22:17:04.684+0000][4891.180s][info][gc,phases   ] GC(574)   Evacuate Collection Set: 1.9ms
[2025-12-22T22:17:04.684+0000][4891.180s][info][gc,phases   ] GC(574)   Post Evacuate Collection Set: 1.0ms
[2025-12-22T22:17:04.684+0000][4891.180s][info][gc,phases   ] GC(574)   Other: 1.7ms
[2025-12-22T22:17:04.684+0000][4891.180s][info][gc,heap     ] GC(574) Eden regions: 675->0(675)
[2025-12-22T22:17:04.684+0000][4891.180s][info][gc,heap     ] GC(574) Survivor regions: 1->1(85)
[2025-12-22T22:17:04.684+0000][4891.180s][info][gc,heap     ] GC(574) Old regions: 56->56
[2025-12-22T22:17:04.684+0000][4891.180s][info][gc,heap     ] GC(574) Archive regions: 2->2
[2025-12-22T22:17:04.684+0000][4891.180s][info][gc,heap     ] GC(574) Humongous regions: 37->37
[2025-12-22T22:17:04.684+0000][4891.180s][info][gc,metaspace] GC(574) Metaspace: 87730K(88640K)->87730K(88640K) NonClass: 76409K(76864K)->76409K(76864K) Class: 11320K(11776K)->11320K(11776K)
[2025-12-22T22:17:04.684+0000][4891.181s][info][gc          ] GC(574) Pause Young (Normal) (G1 Evacuation Pause) 768M->93M(1128M) 5.673ms
[2025-12-22T22:17:04.684+0000][4891.181s][info][gc,cpu      ] GC(574) User=0.00s Sys=0.01s Real=0.00s
[2025-12-22T22:17:12.933+0000][4899.429s][info][gc,start    ] GC(575) Pause Young (Normal) (G1 Evacuation Pause)
[2025-12-22T22:17:12.934+0000][4899.430s][info][gc,task     ] GC(575) Using 3 workers of 3 for evacuation
[2025-12-22T22:17:12.938+0000][4899.435s][info][gc,phases   ] GC(575)   Pre Evacuate Collection Set: 0.3ms
[2025-12-22T22:17:12.939+0000][4899.435s][info][gc,phases   ] GC(575)   Merge Heap Roots: 0.1ms
[2025-12-22T22:17:12.939+0000][4899.435s][info][gc,phases   ] GC(575)   Evacuate Collection Set: 2.6ms
[2025-12-22T22:17:12.939+0000][4899.435s][info][gc,phases   ] GC(575)   Post Evacuate Collection Set: 1.1ms
[2025-12-22T22:17:12.939+0000][4899.435s][info][gc,phases   ] GC(575)   Other: 1.7ms
[2025-12-22T22:17:12.939+0000][4899.435s][info][gc,heap     ] GC(575) Eden regions: 675->0(675)
[2025-12-22T22:17:12.939+0000][4899.435s][info][gc,heap     ] GC(575) Survivor regions: 1->1(85)
[2025-12-22T22:17:12.939+0000][4899.435s][info][gc,heap     ] GC(575) Old regions: 56->56
[2025-12-22T22:17:12.939+0000][4899.435s][info][gc,heap     ] GC(575) Archive regions: 2->2
[2025-12-22T22:17:12.939+0000][4899.435s][info][gc,heap     ] GC(575) Humongous regions: 37->37
[2025-12-22T22:17:12.939+0000][4899.436s][info][gc,metaspace] GC(575) Metaspace: 87730K(88640K)->87730K(88640K) NonClass: 76409K(76864K)->76409K(76864K) Class: 11320K(11776K)->11320K(11776K)
[2025-12-22T22:17:12.939+0000][4899.436s][info][gc          ] GC(575) Pause Young (Normal) (G1 Evacuation Pause) 768M->93M(1128M) 6.772ms
[2025-12-22T22:17:12.939+0000][4899.436s][info][gc,cpu      ] GC(575) User=0.01s Sys=0.00s Real=0.01s
[2025-12-22T22:17:23.210+0000][4909.706s][info][gc,start    ] GC(576) Pause Young (Normal) (G1 Evacuation Pause)
[2025-12-22T22:17:23.211+0000][4909.708s][info][gc,task     ] GC(576) Using 3 workers of 3 for evacuation
[2025-12-22T22:17:23.221+0000][4909.717s][info][gc,phases   ] GC(576)   Pre Evacuate Collection Set: 0.7ms
[2025-12-22T22:17:23.221+0000][4909.718s][info][gc,phases   ] GC(576)   Merge Heap Roots: 0.2ms
[2025-12-22T22:17:23.222+0000][4909.718s][info][gc,phases   ] GC(576)   Evacuate Collection Set: 5.9ms
[2025-12-22T22:17:23.222+0000][4909.718s][info][gc,phases   ] GC(576)   Post Evacuate Collection Set: 2.6ms
[2025-12-22T22:17:23.222+0000][4909.718s][info][gc,phases   ] GC(576)   Other: 1.8ms
[2025-12-22T22:17:23.222+0000][4909.718s][info][gc,heap     ] GC(576) Eden regions: 675->0(675)
[2025-12-22T22:17:23.222+0000][4909.719s][info][gc,heap     ] GC(576) Survivor regions: 1->1(85)
[2025-12-22T22:17:23.222+0000][4909.719s][info][gc,heap     ] GC(576) Old regions: 56->56
[2025-12-22T22:17:23.223+0000][4909.719s][info][gc,heap     ] GC(576) Archive regions: 2->2
[2025-12-22T22:17:23.223+0000][4909.719s][info][gc,heap     ] GC(576) Humongous regions: 37->37
[2025-12-22T22:17:23.223+0000][4909.719s][info][gc,metaspace] GC(576) Metaspace: 87730K(88640K)->87730K(88640K) NonClass: 76409K(76864K)->76409K(76864K) Class: 11320K(11776K)->11320K(11776K)
[2025-12-22T22:17:23.223+0000][4909.720s][info][gc          ] GC(576) Pause Young (Normal) (G1 Evacuation Pause) 768M->93M(1128M) 13.220ms
[2025-12-22T22:17:23.224+0000][4909.720s][info][gc,cpu      ] GC(576) User=0.03s Sys=0.00s Real=0.01s
[2025-12-22T22:17:31.623+0000][4918.119s][info][gc,start    ] GC(577) Pause Young (Normal) (G1 Evacuation Pause)
[2025-12-22T22:17:31.626+0000][4918.122s][info][gc,task     ] GC(577) Using 3 workers of 3 for evacuation
[2025-12-22T22:17:31.630+0000][4918.126s][info][gc,phases   ] GC(577)   Pre Evacuate Collection Set: 0.2ms
[2025-12-22T22:17:31.630+0000][4918.127s][info][gc,phases   ] GC(577)   Merge Heap Roots: 0.1ms
[2025-12-22T22:17:31.630+0000][4918.127s][info][gc,phases   ] GC(577)   Evacuate Collection Set: 1.8ms
[2025-12-22T22:17:31.631+0000][4918.127s][info][gc,phases   ] GC(577)   Post Evacuate Collection Set: 1.5ms
[2025-12-22T22:17:31.631+0000][4918.127s][info][gc,phases   ] GC(577)   Other: 4.3ms
[2025-12-22T22:17:31.631+0000][4918.127s][info][gc,heap     ] GC(577) Eden regions: 675->0(675)
[2025-12-22T22:17:31.631+0000][4918.127s][info][gc,heap     ] GC(577) Survivor regions: 1->1(85)
[2025-12-22T22:17:31.631+0000][4918.127s][info][gc,heap     ] GC(577) Old regions: 56->56
[2025-12-22T22:17:31.631+0000][4918.127s][info][gc,heap     ] GC(577) Archive regions: 2->2
[2025-12-22T22:17:31.631+0000][4918.127s][info][gc,heap     ] GC(577) Humongous regions: 37->37
[2025-12-22T22:17:31.631+0000][4918.127s][info][gc,metaspace] GC(577) Metaspace: 87730K(88640K)->87730K(88640K) NonClass: 76409K(76864K)->76409K(76864K) Class: 11320K(11776K)->11320K(11776K)
[2025-12-22T22:17:31.631+0000][4918.127s][info][gc          ] GC(577) Pause Young (Normal) (G1 Evacuation Pause) 768M->93M(1128M) 8.497ms
[2025-12-22T22:17:31.631+0000][4918.127s][info][gc,cpu      ] GC(577) User=0.00s Sys=0.00s Real=0.01s
[2025-12-22T22:17:41.703+0000][4928.199s][info][gc,start    ] GC(578) Pause Young (Normal) (G1 Evacuation Pause)
[2025-12-22T22:17:41.703+0000][4928.200s][info][gc,task     ] GC(578) Using 3 workers of 3 for evacuation
[2025-12-22T22:17:41.706+0000][4928.203s][info][gc,phases   ] GC(578)   Pre Evacuate Collection Set: 0.2ms
[2025-12-22T22:17:41.706+0000][4928.203s][info][gc,phases   ] GC(578)   Merge Heap Roots: 0.1ms
[2025-12-22T22:17:41.706+0000][4928.203s][info][gc,phases   ] GC(578)   Evacuate Collection Set: 1.8ms
[2025-12-22T22:17:41.706+0000][4928.203s][info][gc,phases   ] GC(578)   Post Evacuate Collection Set: 0.5ms
[2025-12-22T22:17:41.707+0000][4928.203s][info][gc,phases   ] GC(578)   Other: 0.8ms
[2025-12-22T22:17:41.707+0000][4928.203s][info][gc,heap     ] GC(578) Eden regions: 675->0(675)
[2025-12-22T22:17:41.707+0000][4928.203s][info][gc,heap     ] GC(578) Survivor regions: 1->1(85)
[2025-12-22T22:17:41.707+0000][4928.203s][info][gc,heap     ] GC(578) Old regions: 56->56
[2025-12-22T22:17:41.707+0000][4928.203s][info][gc,heap     ] GC(578) Archive regions: 2->2
[2025-12-22T22:17:41.707+0000][4928.203s][info][gc,heap     ] GC(578) Humongous regions: 37->37
[2025-12-22T22:17:41.707+0000][4928.203s][info][gc,metaspace] GC(578) Metaspace: 87731K(88640K)->87731K(88640K) NonClass: 76411K(76864K)->76411K(76864K) Class: 11320K(11776K)->11320K(11776K)
[2025-12-22T22:17:41.707+0000][4928.203s][info][gc          ] GC(578) Pause Young (Normal) (G1 Evacuation Pause) 768M->94M(1128M) 3.986ms
[2025-12-22T22:17:41.707+0000][4928.203s][info][gc,cpu      ] GC(578) User=0.01s Sys=0.00s Real=0.01s
[2025-12-22T22:17:50.028+0000][4936.524s][info][gc,start    ] GC(579) Pause Young (Normal) (G1 Evacuation Pause)
[2025-12-22T22:17:50.028+0000][4936.524s][info][gc,task     ] GC(579) Using 3 workers of 3 for evacuation
[2025-12-22T22:17:50.034+0000][4936.530s][info][gc,phases   ] GC(579)   Pre Evacuate Collection Set: 0.6ms
[2025-12-22T22:17:50.034+0000][4936.531s][info][gc,phases   ] GC(579)   Merge Heap Roots: 0.2ms
[2025-12-22T22:17:50.035+0000][4936.531s][info][gc,phases   ] GC(579)   Evacuate Collection Set: 3.8ms
[2025-12-22T22:17:50.035+0000][4936.531s][info][gc,phases   ] GC(579)   Post Evacuate Collection Set: 1.2ms
[2025-12-22T22:17:50.035+0000][4936.531s][info][gc,phases   ] GC(579)   Other: 0.9ms
[2025-12-22T22:17:50.035+0000][4936.531s][info][gc,heap     ] GC(579) Eden regions: 675->0(675)
[2025-12-22T22:17:50.035+0000][4936.532s][info][gc,heap     ] GC(579) Survivor regions: 1->1(85)
[2025-12-22T22:17:50.035+0000][4936.532s][info][gc,heap     ] GC(579) Old regions: 56->56
[2025-12-22T22:17:50.036+0000][4936.532s][info][gc,heap     ] GC(579) Archive regions: 2->2
[2025-12-22T22:17:50.036+0000][4936.532s][info][gc,heap     ] GC(579) Humongous regions: 37->37
[2025-12-22T22:17:50.036+0000][4936.532s][info][gc,metaspace] GC(579) Metaspace: 87731K(88640K)->87731K(88640K) NonClass: 76411K(76864K)->76411K(76864K) Class: 11320K(11776K)->11320K(11776K)
[2025-12-22T22:17:50.036+0000][4936.532s][info][gc          ] GC(579) Pause Young (Normal) (G1 Evacuation Pause) 769M->94M(1128M) 8.511ms
[2025-12-22T22:17:50.036+0000][4936.533s][info][gc,cpu      ] GC(579) User=0.02s Sys=0.00s Real=0.01s
[2025-12-22T22:17:58.081+0000][4944.577s][info][gc,start    ] GC(580) Pause Young (Normal) (G1 Evacuation Pause)
[2025-12-22T22:17:58.081+0000][4944.577s][info][gc,task     ] GC(580) Using 3 workers of 3 for evacuation
[2025-12-22T22:17:58.084+0000][4944.581s][info][gc,phases   ] GC(580)   Pre Evacuate Collection Set: 0.2ms
[2025-12-22T22:17:58.084+0000][4944.581s][info][gc,phases   ] GC(580)   Merge Heap Roots: 0.1ms
[2025-12-22T22:17:58.084+0000][4944.581s][info][gc,phases   ] GC(580)   Evacuate Collection Set: 2.1ms
[2025-12-22T22:17:58.085+0000][4944.581s][info][gc,phases   ] GC(580)   Post Evacuate Collection Set: 0.4ms
[2025-12-22T22:17:58.085+0000][4944.581s][info][gc,phases   ] GC(580)   Other: 0.7ms
[2025-12-22T22:17:58.085+0000][4944.581s][info][gc,heap     ] GC(580) Eden regions: 675->0(675)
[2025-12-22T22:17:58.085+0000][4944.581s][info][gc,heap     ] GC(580) Survivor regions: 1->1(85)
[2025-12-22T22:17:58.085+0000][4944.581s][info][gc,heap     ] GC(580) Old regions: 56->56
[2025-12-22T22:17:58.085+0000][4944.581s][info][gc,heap     ] GC(580) Archive regions: 2->2
[2025-12-22T22:17:58.085+0000][4944.581s][info][gc,heap     ] GC(580) Humongous regions: 37->37
[2025-12-22T22:17:58.085+0000][4944.581s][info][gc,metaspace] GC(580) Metaspace: 87731K(88640K)->87731K(88640K) NonClass: 76411K(76864K)->76411K(76864K) Class: 11320K(11776K)->11320K(11776K)
[2025-12-22T22:17:58.085+0000][4944.581s][info][gc          ] GC(580) Pause Young (Normal) (G1 Evacuation Pause) 769M->93M(1128M) 4.226ms
[2025-12-22T22:17:58.085+0000][4944.581s][info][gc,cpu      ] GC(580) User=0.00s Sys=0.00s Real=0.01s
[2025-12-22T22:18:08.090+0000][4954.586s][info][gc,start    ] GC(581) Pause Young (Normal) (G1 Evacuation Pause)
[2025-12-22T22:18:08.090+0000][4954.587s][info][gc,task     ] GC(581) Using 3 workers of 3 for evacuation
[2025-12-22T22:18:08.094+0000][4954.590s][info][gc,phases   ] GC(581)   Pre Evacuate Collection Set: 0.2ms
[2025-12-22T22:18:08.094+0000][4954.591s][info][gc,phases   ] GC(581)   Merge Heap Roots: 0.3ms
[2025-12-22T22:18:08.095+0000][4954.591s][info][gc,phases   ] GC(581)   Evacuate Collection Set: 2.1ms
[2025-12-22T22:18:08.095+0000][4954.591s][info][gc,phases   ] GC(581)   Post Evacuate Collection Set: 0.9ms
[2025-12-22T22:18:08.095+0000][4954.591s][info][gc,phases   ] GC(581)   Other: 1.2ms
[2025-12-22T22:18:08.095+0000][4954.591s][info][gc,heap     ] GC(581) Eden regions: 675->0(675)
[2025-12-22T22:18:08.095+0000][4954.591s][info][gc,heap     ] GC(581) Survivor regions: 1->1(85)
[2025-12-22T22:18:08.095+0000][4954.591s][info][gc,heap     ] GC(581) Old regions: 56->56
[2025-12-22T22:18:08.095+0000][4954.591s][info][gc,heap     ] GC(581) Archive regions: 2->2
[2025-12-22T22:18:08.095+0000][4954.592s][info][gc,heap     ] GC(581) Humongous regions: 37->37
[2025-12-22T22:18:08.096+0000][4954.592s][info][gc,metaspace] GC(581) Metaspace: 87731K(88640K)->87731K(88640K) NonClass: 76411K(76864K)->76411K(76864K) Class: 11320K(11776K)->11320K(11776K)
[2025-12-22T22:18:08.096+0000][4954.592s][info][gc          ] GC(581) Pause Young (Normal) (G1 Evacuation Pause) 768M->94M(1128M) 6.079ms
[2025-12-22T22:18:08.096+0000][4954.592s][info][gc,cpu      ] GC(581) User=0.01s Sys=0.00s Real=0.01s
[2025-12-22T22:18:16.078+0000][4962.575s][info][gc,start    ] GC(582) Pause Young (Normal) (G1 Evacuation Pause)
[2025-12-22T22:18:16.079+0000][4962.575s][info][gc,task     ] GC(582) Using 3 workers of 3 for evacuation
[2025-12-22T22:18:16.081+0000][4962.577s][info][gc,phases   ] GC(582)   Pre Evacuate Collection Set: 0.2ms
[2025-12-22T22:18:16.081+0000][4962.577s][info][gc,phases   ] GC(582)   Merge Heap Roots: 0.1ms
[2025-12-22T22:18:16.081+0000][4962.578s][info][gc,phases   ] GC(582)   Evacuate Collection Set: 1.4ms
[2025-12-22T22:18:16.081+0000][4962.578s][info][gc,phases   ] GC(582)   Post Evacuate Collection Set: 0.5ms
[2025-12-22T22:18:16.081+0000][4962.578s][info][gc,phases   ] GC(582)   Other: 0.7ms
[2025-12-22T22:18:16.082+0000][4962.578s][info][gc,heap     ] GC(582) Eden regions: 675->0(675)
[2025-12-22T22:18:16.082+0000][4962.578s][info][gc,heap     ] GC(582) Survivor regions: 1->1(85)
[2025-12-22T22:18:16.082+0000][4962.578s][info][gc,heap     ] GC(582) Old regions: 56->56
[2025-12-22T22:18:16.082+0000][4962.578s][info][gc,heap     ] GC(582) Archive regions: 2->2
[2025-12-22T22:18:16.082+0000][4962.578s][info][gc,heap     ] GC(582) Humongous regions: 37->37
[2025-12-22T22:18:16.082+0000][4962.578s][info][gc,metaspace] GC(582) Metaspace: 87744K(88704K)->87744K(88704K) NonClass: 76422K(76864K)->76422K(76864K) Class: 11321K(11840K)->11321K(11840K)
[2025-12-22T22:18:16.082+0000][4962.578s][info][gc          ] GC(582) Pause Young (Normal) (G1 Evacuation Pause) 769M->94M(1128M) 3.835ms
[2025-12-22T22:18:16.082+0000][4962.578s][info][gc,cpu      ] GC(582) User=0.01s Sys=0.00s Real=0.00s
[2025-12-22T22:18:25.892+0000][4972.388s][info][gc,start    ] GC(583) Pause Young (Normal) (G1 Evacuation Pause)
[2025-12-22T22:18:25.892+0000][4972.389s][info][gc,task     ] GC(583) Using 3 workers of 3 for evacuation
[2025-12-22T22:18:25.896+0000][4972.392s][info][gc,phases   ] GC(583)   Pre Evacuate Collection Set: 0.3ms
[2025-12-22T22:18:25.896+0000][4972.392s][info][gc,phases   ] GC(583)   Merge Heap Roots: 0.2ms
[2025-12-22T22:18:25.896+0000][4972.392s][info][gc,phases   ] GC(583)   Evacuate Collection Set: 2.4ms
[2025-12-22T22:18:25.896+0000][4972.392s][info][gc,phases   ] GC(583)   Post Evacuate Collection Set: 0.7ms
[2025-12-22T22:18:25.896+0000][4972.393s][info][gc,phases   ] GC(583)   Other: 0.6ms
[2025-12-22T22:18:25.896+0000][4972.393s][info][gc,heap     ] GC(583) Eden regions: 675->0(675)
[2025-12-22T22:18:25.896+0000][4972.393s][info][gc,heap     ] GC(583) Survivor regions: 1->1(85)
[2025-12-22T22:18:25.896+0000][4972.393s][info][gc,heap     ] GC(583) Old regions: 56->56
[2025-12-22T22:18:25.897+0000][4972.393s][info][gc,heap     ] GC(583) Archive regions: 2->2
[2025-12-22T22:18:25.897+0000][4972.393s][info][gc,heap     ] GC(583) Humongous regions: 37->37
[2025-12-22T22:18:25.897+0000][4972.393s][info][gc,metaspace] GC(583) Metaspace: 87757K(88704K)->87757K(88704K) NonClass: 76435K(76864K)->76435K(76864K) Class: 11321K(11840K)->11321K(11840K)
[2025-12-22T22:18:25.897+0000][4972.393s][info][gc          ] GC(583) Pause Young (Normal) (G1 Evacuation Pause) 769M->94M(1128M) 4.740ms
[2025-12-22T22:18:25.897+0000][4972.393s][info][gc,cpu      ] GC(583) User=0.01s Sys=0.00s Real=0.01s
[2025-12-22T22:18:35.046+0000][4981.543s][info][gc,start    ] GC(584) Pause Young (Normal) (G1 Evacuation Pause)
[2025-12-22T22:18:35.048+0000][4981.544s][info][gc,task     ] GC(584) Using 3 workers of 3 for evacuation
[2025-12-22T22:18:35.054+0000][4981.550s][info][gc,phases   ] GC(584)   Pre Evacuate Collection Set: 0.3ms
[2025-12-22T22:18:35.054+0000][4981.550s][info][gc,phases   ] GC(584)   Merge Heap Roots: 0.3ms
[2025-12-22T22:18:35.055+0000][4981.551s][info][gc,phases   ] GC(584)   Evacuate Collection Set: 4.0ms
[2025-12-22T22:18:35.055+0000][4981.551s][info][gc,phases   ] GC(584)   Post Evacuate Collection Set: 1.0ms
[2025-12-22T22:18:35.055+0000][4981.551s][info][gc,phases   ] GC(584)   Other: 2.2ms
[2025-12-22T22:18:35.055+0000][4981.552s][info][gc,heap     ] GC(584) Eden regions: 675->0(675)
[2025-12-22T22:18:35.056+0000][4981.552s][info][gc,heap     ] GC(584) Survivor regions: 1->1(85)
[2025-12-22T22:18:35.056+0000][4981.552s][info][gc,heap     ] GC(584) Old regions: 56->56
[2025-12-22T22:18:35.056+0000][4981.552s][info][gc,heap     ] GC(584) Archive regions: 2->2
[2025-12-22T22:18:35.056+0000][4981.552s][info][gc,heap     ] GC(584) Humongous regions: 37->37
[2025-12-22T22:18:35.056+0000][4981.553s][info][gc,metaspace] GC(584) Metaspace: 87759K(88704K)->87759K(88704K) NonClass: 76437K(76864K)->76437K(76864K) Class: 11321K(11840K)->11321K(11840K)
[2025-12-22T22:18:35.057+0000][4981.553s][info][gc          ] GC(584) Pause Young (Normal) (G1 Evacuation Pause) 769M->94M(1128M) 10.213ms
[2025-12-22T22:18:35.057+0000][4981.553s][info][gc,cpu      ] GC(584) User=0.01s Sys=0.00s Real=0.01s
[2025-12-22T22:18:43.428+0000][4989.924s][info][gc,start    ] GC(585) Pause Young (Normal) (G1 Evacuation Pause)
[2025-12-22T22:18:43.428+0000][4989.924s][info][gc,task     ] GC(585) Using 3 workers of 3 for evacuation
[2025-12-22T22:18:43.432+0000][4989.929s][info][gc,phases   ] GC(585)   Pre Evacuate Collection Set: 0.5ms
[2025-12-22T22:18:43.432+0000][4989.929s][info][gc,phases   ] GC(585)   Merge Heap Roots: 0.1ms
[2025-12-22T22:18:43.433+0000][4989.929s][info][gc,phases   ] GC(585)   Evacuate Collection Set: 2.5ms
[2025-12-22T22:18:43.433+0000][4989.929s][info][gc,phases   ] GC(585)   Post Evacuate Collection Set: 1.0ms
[2025-12-22T22:18:43.433+0000][4989.929s][info][gc,phases   ] GC(585)   Other: 0.7ms
[2025-12-22T22:18:43.433+0000][4989.929s][info][gc,heap     ] GC(585) Eden regions: 675->0(675)
[2025-12-22T22:18:43.433+0000][4989.929s][info][gc,heap     ] GC(585) Survivor regions: 1->1(85)
[2025-12-22T22:18:43.433+0000][4989.929s][info][gc,heap     ] GC(585) Old regions: 56->56
[2025-12-22T22:18:43.433+0000][4989.929s][info][gc,heap     ] GC(585) Archive regions: 2->2
[2025-12-22T22:18:43.433+0000][4989.929s][info][gc,heap     ] GC(585) Humongous regions: 37->37
[2025-12-22T22:18:43.433+0000][4989.929s][info][gc,metaspace] GC(585) Metaspace: 87760K(88704K)->87760K(88704K) NonClass: 76439K(76864K)->76439K(76864K) Class: 11321K(11840K)->11321K(11840K)
[2025-12-22T22:18:43.433+0000][4989.930s][info][gc          ] GC(585) Pause Young (Normal) (G1 Evacuation Pause) 769M->94M(1128M) 5.702ms
[2025-12-22T22:18:43.433+0000][4989.930s][info][gc,cpu      ] GC(585) User=0.01s Sys=0.00s Real=0.00s
[2025-12-22T22:18:54.041+0000][5000.537s][info][gc,start    ] GC(586) Pause Young (Normal) (G1 Evacuation Pause)
[2025-12-22T22:18:54.042+0000][5000.538s][info][gc,task     ] GC(586) Using 3 workers of 3 for evacuation
[2025-12-22T22:18:54.057+0000][5000.553s][info][gc,phases   ] GC(586)   Pre Evacuate Collection Set: 1.1ms
[2025-12-22T22:18:54.057+0000][5000.553s][info][gc,phases   ] GC(586)   Merge Heap Roots: 0.3ms
[2025-12-22T22:18:54.057+0000][5000.553s][info][gc,phases   ] GC(586)   Evacuate Collection Set: 8.5ms
[2025-12-22T22:18:54.057+0000][5000.553s][info][gc,phases   ] GC(586)   Post Evacuate Collection Set: 3.5ms
[2025-12-22T22:18:54.057+0000][5000.553s][info][gc,phases   ] GC(586)   Other: 3.8ms
[2025-12-22T22:18:54.057+0000][5000.554s][info][gc,heap     ] GC(586) Eden regions: 675->0(675)
[2025-12-22T22:18:54.057+0000][5000.554s][info][gc,heap     ] GC(586) Survivor regions: 1->1(85)
[2025-12-22T22:18:54.057+0000][5000.554s][info][gc,heap     ] GC(586) Old regions: 56->56
[2025-12-22T22:18:54.058+0000][5000.554s][info][gc,heap     ] GC(586) Archive regions: 2->2
[2025-12-22T22:18:54.058+0000][5000.554s][info][gc,heap     ] GC(586) Humongous regions: 37->37
[2025-12-22T22:18:54.058+0000][5000.554s][info][gc,metaspace] GC(586) Metaspace: 87760K(88704K)->87760K(88704K) NonClass: 76439K(76864K)->76439K(76864K) Class: 11321K(11840K)->11321K(11840K)
[2025-12-22T22:18:54.058+0000][5000.554s][info][gc          ] GC(586) Pause Young (Normal) (G1 Evacuation Pause) 769M->94M(1128M) 17.512ms
[2025-12-22T22:18:54.058+0000][5000.554s][info][gc,cpu      ] GC(586) User=0.02s Sys=0.01s Real=0.02s
[2025-12-22T22:19:02.333+0000][5008.829s][info][gc,start    ] GC(587) Pause Young (Normal) (G1 Evacuation Pause)
[2025-12-22T22:19:02.333+0000][5008.829s][info][gc,task     ] GC(587) Using 3 workers of 3 for evacuation
[2025-12-22T22:19:02.335+0000][5008.831s][info][gc,phases   ] GC(587)   Pre Evacuate Collection Set: 0.1ms
[2025-12-22T22:19:02.335+0000][5008.831s][info][gc,phases   ] GC(587)   Merge Heap Roots: 0.1ms
[2025-12-22T22:19:02.335+0000][5008.831s][info][gc,phases   ] GC(587)   Evacuate Collection Set: 1.0ms
[2025-12-22T22:19:02.335+0000][5008.831s][info][gc,phases   ] GC(587)   Post Evacuate Collection Set: 0.4ms
[2025-12-22T22:19:02.335+0000][5008.832s][info][gc,phases   ] GC(587)   Other: 0.7ms
[2025-12-22T22:19:02.335+0000][5008.832s][info][gc,heap     ] GC(587) Eden regions: 675->0(675)
[2025-12-22T22:19:02.335+0000][5008.832s][info][gc,heap     ] GC(587) Survivor regions: 1->1(85)
[2025-12-22T22:19:02.336+0000][5008.832s][info][gc,heap     ] GC(587) Old regions: 56->56
[2025-12-22T22:19:02.336+0000][5008.832s][info][gc,heap     ] GC(587) Archive regions: 2->2
[2025-12-22T22:19:02.336+0000][5008.832s][info][gc,heap     ] GC(587) Humongous regions: 37->37
[2025-12-22T22:19:02.336+0000][5008.832s][info][gc,metaspace] GC(587) Metaspace: 87760K(88704K)->87760K(88704K) NonClass: 76439K(76864K)->76439K(76864K) Class: 11321K(11840K)->11321K(11840K)
[2025-12-22T22:19:02.336+0000][5008.832s][info][gc          ] GC(587) Pause Young (Normal) (G1 Evacuation Pause) 769M->94M(1128M) 3.151ms
[2025-12-22T22:19:02.336+0000][5008.832s][info][gc,cpu      ] GC(587) User=0.01s Sys=0.00s Real=0.01s
[2025-12-22T22:19:11.990+0000][5018.486s][info][gc,start    ] GC(588) Pause Young (Normal) (G1 Evacuation Pause)
[2025-12-22T22:19:11.991+0000][5018.487s][info][gc,task     ] GC(588) Using 3 workers of 3 for evacuation
[2025-12-22T22:19:11.997+0000][5018.494s][info][gc,phases   ] GC(588)   Pre Evacuate Collection Set: 0.5ms
[2025-12-22T22:19:11.998+0000][5018.494s][info][gc,phases   ] GC(588)   Merge Heap Roots: 0.2ms
[2025-12-22T22:19:11.998+0000][5018.494s][info][gc,phases   ] GC(588)   Evacuate Collection Set: 4.1ms
[2025-12-22T22:19:11.998+0000][5018.494s][info][gc,phases   ] GC(588)   Post Evacuate Collection Set: 1.2ms
[2025-12-22T22:19:11.998+0000][5018.494s][info][gc,phases   ] GC(588)   Other: 1.6ms
[2025-12-22T22:19:11.998+0000][5018.494s][info][gc,heap     ] GC(588) Eden regions: 675->0(674)
[2025-12-22T22:19:11.998+0000][5018.494s][info][gc,heap     ] GC(588) Survivor regions: 1->2(85)
[2025-12-22T22:19:11.998+0000][5018.494s][info][gc,heap     ] GC(588) Old regions: 56->56
[2025-12-22T22:19:11.998+0000][5018.495s][info][gc,heap     ] GC(588) Archive regions: 2->2
[2025-12-22T22:19:11.998+0000][5018.495s][info][gc,heap     ] GC(588) Humongous regions: 37->37
[2025-12-22T22:19:11.999+0000][5018.495s][info][gc,metaspace] GC(588) Metaspace: 87784K(88704K)->87784K(88704K) NonClass: 76462K(76864K)->76462K(76864K) Class: 11321K(11840K)->11321K(11840K)
[2025-12-22T22:19:11.999+0000][5018.495s][info][gc          ] GC(588) Pause Young (Normal) (G1 Evacuation Pause) 769M->94M(1128M) 8.857ms
[2025-12-22T22:19:11.999+0000][5018.495s][info][gc,cpu      ] GC(588) User=0.02s Sys=0.00s Real=0.01s
[2025-12-22T22:19:20.074+0000][5026.570s][info][gc,start    ] GC(589) Pause Young (Normal) (G1 Evacuation Pause)
[2025-12-22T22:19:20.074+0000][5026.570s][info][gc,task     ] GC(589) Using 3 workers of 3 for evacuation
[2025-12-22T22:19:20.077+0000][5026.573s][info][gc,phases   ] GC(589)   Pre Evacuate Collection Set: 0.1ms
[2025-12-22T22:19:20.077+0000][5026.573s][info][gc,phases   ] GC(589)   Merge Heap Roots: 0.2ms
[2025-12-22T22:19:20.077+0000][5026.573s][info][gc,phases   ] GC(589)   Evacuate Collection Set: 1.5ms
[2025-12-22T22:19:20.077+0000][5026.573s][info][gc,phases   ] GC(589)   Post Evacuate Collection Set: 0.5ms
[2025-12-22T22:19:20.077+0000][5026.573s][info][gc,phases   ] GC(589)   Other: 0.7ms
[2025-12-22T22:19:20.077+0000][5026.573s][info][gc,heap     ] GC(589) Eden regions: 674->0(674)
[2025-12-22T22:19:20.077+0000][5026.573s][info][gc,heap     ] GC(589) Survivor regions: 2->2(85)
[2025-12-22T22:19:20.077+0000][5026.574s][info][gc,heap     ] GC(589) Old regions: 56->56
[2025-12-22T22:19:20.077+0000][5026.574s][info][gc,heap     ] GC(589) Archive regions: 2->2
[2025-12-22T22:19:20.077+0000][5026.574s][info][gc,heap     ] GC(589) Humongous regions: 37->37
[2025-12-22T22:19:20.078+0000][5026.574s][info][gc,metaspace] GC(589) Metaspace: 87784K(88704K)->87784K(88704K) NonClass: 76462K(76864K)->76462K(76864K) Class: 11321K(11840K)->11321K(11840K)
[2025-12-22T22:19:20.078+0000][5026.574s][info][gc          ] GC(589) Pause Young (Normal) (G1 Evacuation Pause) 768M->94M(1128M) 4.054ms
[2025-12-22T22:19:20.078+0000][5026.574s][info][gc,cpu      ] GC(589) User=0.01s Sys=0.00s Real=0.01s
[2025-12-22T22:19:28.019+0000][5034.516s][info][gc,start    ] GC(590) Pause Young (Normal) (G1 Evacuation Pause)
[2025-12-22T22:19:28.020+0000][5034.516s][info][gc,task     ] GC(590) Using 3 workers of 3 for evacuation
[2025-12-22T22:19:28.022+0000][5034.518s][info][gc,phases   ] GC(590)   Pre Evacuate Collection Set: 0.2ms
[2025-12-22T22:19:28.022+0000][5034.519s][info][gc,phases   ] GC(590)   Merge Heap Roots: 0.1ms
[2025-12-22T22:19:28.022+0000][5034.519s][info][gc,phases   ] GC(590)   Evacuate Collection Set: 1.4ms
[2025-12-22T22:19:28.022+0000][5034.519s][info][gc,phases   ] GC(590)   Post Evacuate Collection Set: 0.4ms
[2025-12-22T22:19:28.023+0000][5034.519s][info][gc,phases   ] GC(590)   Other: 0.7ms
[2025-12-22T22:19:28.023+0000][5034.519s][info][gc,heap     ] GC(590) Eden regions: 674->0(674)
[2025-12-22T22:19:28.023+0000][5034.519s][info][gc,heap     ] GC(590) Survivor regions: 2->2(85)
[2025-12-22T22:19:28.023+0000][5034.519s][info][gc,heap     ] GC(590) Old regions: 56->56
[2025-12-22T22:19:28.023+0000][5034.519s][info][gc,heap     ] GC(590) Archive regions: 2->2
[2025-12-22T22:19:28.023+0000][5034.519s][info][gc,heap     ] GC(590) Humongous regions: 37->37
[2025-12-22T22:19:28.023+0000][5034.519s][info][gc,metaspace] GC(590) Metaspace: 87784K(88704K)->87784K(88704K) NonClass: 76462K(76864K)->76462K(76864K) Class: 11321K(11840K)->11321K(11840K)
[2025-12-22T22:19:28.023+0000][5034.519s][info][gc          ] GC(590) Pause Young (Normal) (G1 Evacuation Pause) 768M->94M(1128M) 3.560ms
[2025-12-22T22:19:28.023+0000][5034.519s][info][gc,cpu      ] GC(590) User=0.00s Sys=0.00s Real=0.00s
[2025-12-22T22:19:37.676+0000][5044.172s][info][gc,start    ] GC(591) Pause Young (Normal) (G1 Evacuation Pause)
[2025-12-22T22:19:37.677+0000][5044.173s][info][gc,task     ] GC(591) Using 3 workers of 3 for evacuation
[2025-12-22T22:19:37.682+0000][5044.178s][info][gc,phases   ] GC(591)   Pre Evacuate Collection Set: 0.3ms
[2025-12-22T22:19:37.682+0000][5044.178s][info][gc,phases   ] GC(591)   Merge Heap Roots: 0.2ms
[2025-12-22T22:19:37.682+0000][5044.178s][info][gc,phases   ] GC(591)   Evacuate Collection Set: 3.2ms
[2025-12-22T22:19:37.682+0000][5044.179s][info][gc,phases   ] GC(591)   Post Evacuate Collection Set: 0.8ms
[2025-12-22T22:19:37.682+0000][5044.179s][info][gc,phases   ] GC(591)   Other: 1.4ms
[2025-12-22T22:19:37.683+0000][5044.179s][info][gc,heap     ] GC(591) Eden regions: 674->0(674)
[2025-12-22T22:19:37.683+0000][5044.179s][info][gc,heap     ] GC(591) Survivor regions: 2->2(85)
[2025-12-22T22:19:37.683+0000][5044.179s][info][gc,heap     ] GC(591) Old regions: 56->56
[2025-12-22T22:19:37.683+0000][5044.179s][info][gc,heap     ] GC(591) Archive regions: 2->2
[2025-12-22T22:19:37.683+0000][5044.179s][info][gc,heap     ] GC(591) Humongous regions: 37->37
[2025-12-22T22:19:37.683+0000][5044.179s][info][gc,metaspace] GC(591) Metaspace: 87785K(88704K)->87785K(88704K) NonClass: 76463K(76864K)->76463K(76864K) Class: 11321K(11840K)->11321K(11840K)
[2025-12-22T22:19:37.683+0000][5044.179s][info][gc          ] GC(591) Pause Young (Normal) (G1 Evacuation Pause) 768M->94M(1128M) 6.933ms
[2025-12-22T22:19:37.683+0000][5044.180s][info][gc,cpu      ] GC(591) User=0.02s Sys=0.00s Real=0.00s
[2025-12-22T22:19:45.457+0000][5051.954s][info][gc,start    ] GC(592) Pause Young (Normal) (G1 Evacuation Pause)
[2025-12-22T22:19:45.458+0000][5051.955s][info][gc,task     ] GC(592) Using 3 workers of 3 for evacuation
[2025-12-22T22:19:45.461+0000][5051.957s][info][gc,phases   ] GC(592)   Pre Evacuate Collection Set: 0.2ms
[2025-12-22T22:19:45.461+0000][5051.957s][info][gc,phases   ] GC(592)   Merge Heap Roots: 0.1ms
[2025-12-22T22:19:45.461+0000][5051.958s][info][gc,phases   ] GC(592)   Evacuate Collection Set: 1.6ms
[2025-12-22T22:19:45.461+0000][5051.958s][info][gc,phases   ] GC(592)   Post Evacuate Collection Set: 0.5ms
[2025-12-22T22:19:45.462+0000][5051.958s][info][gc,phases   ] GC(592)   Other: 1.3ms
[2025-12-22T22:19:45.462+0000][5051.958s][info][gc,heap     ] GC(592) Eden regions: 674->0(674)
[2025-12-22T22:19:45.462+0000][5051.958s][info][gc,heap     ] GC(592) Survivor regions: 2->2(85)
[2025-12-22T22:19:45.462+0000][5051.958s][info][gc,heap     ] GC(592) Old regions: 56->56
[2025-12-22T22:19:45.462+0000][5051.958s][info][gc,heap     ] GC(592) Archive regions: 2->2
[2025-12-22T22:19:45.462+0000][5051.958s][info][gc,heap     ] GC(592) Humongous regions: 37->37
[2025-12-22T22:19:45.462+0000][5051.958s][info][gc,metaspace] GC(592) Metaspace: 87785K(88704K)->87785K(88704K) NonClass: 76463K(76864K)->76463K(76864K) Class: 11321K(11840K)->11321K(11840K)
[2025-12-22T22:19:45.462+0000][5051.959s][info][gc          ] GC(592) Pause Young (Normal) (G1 Evacuation Pause) 768M->94M(1128M) 4.877ms
[2025-12-22T22:19:45.462+0000][5051.959s][info][gc,cpu      ] GC(592) User=0.01s Sys=0.00s Real=0.00s
[2025-12-22T22:19:54.953+0000][5061.449s][info][gc,start    ] GC(593) Pause Young (Normal) (G1 Evacuation Pause)
[2025-12-22T22:19:54.953+0000][5061.450s][info][gc,task     ] GC(593) Using 3 workers of 3 for evacuation
[2025-12-22T22:19:54.955+0000][5061.452s][info][gc,phases   ] GC(593)   Pre Evacuate Collection Set: 0.1ms
[2025-12-22T22:19:54.956+0000][5061.452s][info][gc,phases   ] GC(593)   Merge Heap Roots: 0.1ms
[2025-12-22T22:19:54.956+0000][5061.452s][info][gc,phases   ] GC(593)   Evacuate Collection Set: 1.2ms
[2025-12-22T22:19:54.956+0000][5061.452s][info][gc,phases   ] GC(593)   Post Evacuate Collection Set: 0.4ms
[2025-12-22T22:19:54.956+0000][5061.452s][info][gc,phases   ] GC(593)   Other: 0.7ms
[2025-12-22T22:19:54.956+0000][5061.452s][info][gc,heap     ] GC(593) Eden regions: 674->0(674)
[2025-12-22T22:19:54.956+0000][5061.452s][info][gc,heap     ] GC(593) Survivor regions: 2->2(85)
[2025-12-22T22:19:54.956+0000][5061.452s][info][gc,heap     ] GC(593) Old regions: 56->56
[2025-12-22T22:19:54.956+0000][5061.452s][info][gc,heap     ] GC(593) Archive regions: 2->2
[2025-12-22T22:19:54.956+0000][5061.452s][info][gc,heap     ] GC(593) Humongous regions: 37->37
[2025-12-22T22:19:54.956+0000][5061.452s][info][gc,metaspace] GC(593) Metaspace: 87785K(88704K)->87785K(88704K) NonClass: 76463K(76864K)->76463K(76864K) Class: 11321K(11840K)->11321K(11840K)
[2025-12-22T22:19:54.956+0000][5061.453s][info][gc          ] GC(593) Pause Young (Normal) (G1 Evacuation Pause) 768M->94M(1128M) 3.439ms
[2025-12-22T22:19:54.956+0000][5061.453s][info][gc,cpu      ] GC(593) User=0.00s Sys=0.00s Real=0.01s
[2025-12-22T22:20:02.920+0000][5069.417s][info][gc,start    ] GC(594) Pause Young (Normal) (G1 Evacuation Pause)
[2025-12-22T22:20:02.921+0000][5069.418s][info][gc,task     ] GC(594) Using 3 workers of 3 for evacuation
[2025-12-22T22:20:02.928+0000][5069.424s][info][gc,phases   ] GC(594)   Pre Evacuate Collection Set: 0.4ms
[2025-12-22T22:20:02.928+0000][5069.424s][info][gc,phases   ] GC(594)   Merge Heap Roots: 0.2ms
[2025-12-22T22:20:02.928+0000][5069.424s][info][gc,phases   ] GC(594)   Evacuate Collection Set: 4.4ms
[2025-12-22T22:20:02.928+0000][5069.425s][info][gc,phases   ] GC(594)   Post Evacuate Collection Set: 1.4ms
[2025-12-22T22:20:02.928+0000][5069.425s][info][gc,phases   ] GC(594)   Other: 1.6ms
[2025-12-22T22:20:02.929+0000][5069.425s][info][gc,heap     ] GC(594) Eden regions: 674->0(674)
[2025-12-22T22:20:02.929+0000][5069.425s][info][gc,heap     ] GC(594) Survivor regions: 2->2(85)
[2025-12-22T22:20:02.929+0000][5069.425s][info][gc,heap     ] GC(594) Old regions: 56->56
[2025-12-22T22:20:02.929+0000][5069.425s][info][gc,heap     ] GC(594) Archive regions: 2->2
[2025-12-22T22:20:02.929+0000][5069.425s][info][gc,heap     ] GC(594) Humongous regions: 37->37
[2025-12-22T22:20:02.929+0000][5069.425s][info][gc,metaspace] GC(594) Metaspace: 87785K(88704K)->87785K(88704K) NonClass: 76463K(76864K)->76463K(76864K) Class: 11321K(11840K)->11321K(11840K)
[2025-12-22T22:20:02.929+0000][5069.425s][info][gc          ] GC(594) Pause Young (Normal) (G1 Evacuation Pause) 768M->94M(1128M) 8.861ms
[2025-12-22T22:20:02.929+0000][5069.426s][info][gc,cpu      ] GC(594) User=0.02s Sys=0.00s Real=0.01s
[2025-12-22T22:20:12.459+0000][5078.955s][info][gc,start    ] GC(595) Pause Young (Normal) (G1 Evacuation Pause)
[2025-12-22T22:20:12.459+0000][5078.955s][info][gc,task     ] GC(595) Using 3 workers of 3 for evacuation
[2025-12-22T22:20:12.461+0000][5078.957s][info][gc,phases   ] GC(595)   Pre Evacuate Collection Set: 0.1ms
[2025-12-22T22:20:12.461+0000][5078.958s][info][gc,phases   ] GC(595)   Merge Heap Roots: 0.1ms
[2025-12-22T22:20:12.461+0000][5078.958s][info][gc,phases   ] GC(595)   Evacuate Collection Set: 1.6ms
[2025-12-22T22:20:12.461+0000][5078.958s][info][gc,phases   ] GC(595)   Post Evacuate Collection Set: 0.4ms
[2025-12-22T22:20:12.461+0000][5078.958s][info][gc,phases   ] GC(595)   Other: 0.6ms
[2025-12-22T22:20:12.462+0000][5078.958s][info][gc,heap     ] GC(595) Eden regions: 674->0(674)
[2025-12-22T22:20:12.462+0000][5078.958s][info][gc,heap     ] GC(595) Survivor regions: 2->2(85)
[2025-12-22T22:20:12.462+0000][5078.958s][info][gc,heap     ] GC(595) Old regions: 56->56
[2025-12-22T22:20:12.462+0000][5078.958s][info][gc,heap     ] GC(595) Archive regions: 2->2
[2025-12-22T22:20:12.462+0000][5078.958s][info][gc,heap     ] GC(595) Humongous regions: 37->37
[2025-12-22T22:20:12.462+0000][5078.958s][info][gc,metaspace] GC(595) Metaspace: 87785K(88704K)->87785K(88704K) NonClass: 76463K(76864K)->76463K(76864K) Class: 11321K(11840K)->11321K(11840K)
[2025-12-22T22:20:12.462+0000][5078.958s][info][gc          ] GC(595) Pause Young (Normal) (G1 Evacuation Pause) 768M->94M(1128M) 3.374ms
[2025-12-22T22:20:12.462+0000][5078.958s][info][gc,cpu      ] GC(595) User=0.01s Sys=0.00s Real=0.00s
[2025-12-22T22:20:20.269+0000][5086.765s][info][gc,start    ] GC(596) Pause Young (Normal) (G1 Evacuation Pause)
[2025-12-22T22:20:20.270+0000][5086.767s][info][gc,task     ] GC(596) Using 3 workers of 3 for evacuation
[2025-12-22T22:20:20.273+0000][5086.769s][info][gc,phases   ] GC(596)   Pre Evacuate Collection Set: 0.1ms
[2025-12-22T22:20:20.273+0000][5086.769s][info][gc,phases   ] GC(596)   Merge Heap Roots: 0.1ms
[2025-12-22T22:20:20.273+0000][5086.769s][info][gc,phases   ] GC(596)   Evacuate Collection Set: 1.4ms
[2025-12-22T22:20:20.273+0000][5086.769s][info][gc,phases   ] GC(596)   Post Evacuate Collection Set: 0.5ms
[2025-12-22T22:20:20.273+0000][5086.770s][info][gc,phases   ] GC(596)   Other: 1.7ms
[2025-12-22T22:20:20.273+0000][5086.770s][info][gc,heap     ] GC(596) Eden regions: 674->0(674)
[2025-12-22T22:20:20.273+0000][5086.770s][info][gc,heap     ] GC(596) Survivor regions: 2->2(85)
[2025-12-22T22:20:20.274+0000][5086.770s][info][gc,heap     ] GC(596) Old regions: 56->56
[2025-12-22T22:20:20.274+0000][5086.770s][info][gc,heap     ] GC(596) Archive regions: 2->2
[2025-12-22T22:20:20.274+0000][5086.770s][info][gc,heap     ] GC(596) Humongous regions: 37->37
[2025-12-22T22:20:20.274+0000][5086.770s][info][gc,metaspace] GC(596) Metaspace: 87785K(88704K)->87785K(88704K) NonClass: 76463K(76864K)->76463K(76864K) Class: 11321K(11840K)->11321K(11840K)
[2025-12-22T22:20:20.274+0000][5086.770s][info][gc          ] GC(596) Pause Young (Normal) (G1 Evacuation Pause) 768M->94M(1128M) 5.129ms
[2025-12-22T22:20:20.274+0000][5086.771s][info][gc,cpu      ] GC(596) User=0.01s Sys=0.00s Real=0.00s
[2025-12-22T22:20:28.382+0000][5094.878s][info][gc,start    ] GC(597) Pause Young (Normal) (G1 Evacuation Pause)
[2025-12-22T22:20:28.383+0000][5094.879s][info][gc,task     ] GC(597) Using 3 workers of 3 for evacuation
[2025-12-22T22:20:28.386+0000][5094.882s][info][gc,phases   ] GC(597)   Pre Evacuate Collection Set: 0.1ms
[2025-12-22T22:20:28.386+0000][5094.882s][info][gc,phases   ] GC(597)   Merge Heap Roots: 0.1ms
[2025-12-22T22:20:28.386+0000][5094.882s][info][gc,phases   ] GC(597)   Evacuate Collection Set: 1.9ms
[2025-12-22T22:20:28.386+0000][5094.882s][info][gc,phases   ] GC(597)   Post Evacuate Collection Set: 0.5ms
[2025-12-22T22:20:28.386+0000][5094.882s][info][gc,phases   ] GC(597)   Other: 1.4ms
[2025-12-22T22:20:28.386+0000][5094.883s][info][gc,heap     ] GC(597) Eden regions: 674->0(674)
[2025-12-22T22:20:28.386+0000][5094.883s][info][gc,heap     ] GC(597) Survivor regions: 2->2(85)
[2025-12-22T22:20:28.387+0000][5094.883s][info][gc,heap     ] GC(597) Old regions: 56->56
[2025-12-22T22:20:28.387+0000][5094.883s][info][gc,heap     ] GC(597) Archive regions: 2->2
[2025-12-22T22:20:28.387+0000][5094.883s][info][gc,heap     ] GC(597) Humongous regions: 37->37
[2025-12-22T22:20:28.387+0000][5094.883s][info][gc,metaspace] GC(597) Metaspace: 87785K(88704K)->87785K(88704K) NonClass: 76463K(76864K)->76463K(76864K) Class: 11321K(11840K)->11321K(11840K)
[2025-12-22T22:20:28.387+0000][5094.883s][info][gc          ] GC(597) Pause Young (Normal) (G1 Evacuation Pause) 768M->94M(1128M) 5.250ms
[2025-12-22T22:20:28.387+0000][5094.883s][info][gc,cpu      ] GC(597) User=0.00s Sys=0.00s Real=0.01s
[2025-12-22T22:20:37.916+0000][5104.412s][info][gc,start    ] GC(598) Pause Young (Normal) (G1 Evacuation Pause)
[2025-12-22T22:20:37.916+0000][5104.412s][info][gc,task     ] GC(598) Using 3 workers of 3 for evacuation
[2025-12-22T22:20:37.921+0000][5104.417s][info][gc,phases   ] GC(598)   Pre Evacuate Collection Set: 0.3ms
[2025-12-22T22:20:37.921+0000][5104.417s][info][gc,phases   ] GC(598)   Merge Heap Roots: 0.2ms
[2025-12-22T22:20:37.921+0000][5104.417s][info][gc,phases   ] GC(598)   Evacuate Collection Set: 2.9ms
[2025-12-22T22:20:37.921+0000][5104.417s][info][gc,phases   ] GC(598)   Post Evacuate Collection Set: 0.8ms
[2025-12-22T22:20:37.921+0000][5104.417s][info][gc,phases   ] GC(598)   Other: 0.9ms
[2025-12-22T22:20:37.921+0000][5104.417s][info][gc,heap     ] GC(598) Eden regions: 674->0(674)
[2025-12-22T22:20:37.921+0000][5104.417s][info][gc,heap     ] GC(598) Survivor regions: 2->2(85)
[2025-12-22T22:20:37.921+0000][5104.417s][info][gc,heap     ] GC(598) Old regions: 56->56
[2025-12-22T22:20:37.921+0000][5104.418s][info][gc,heap     ] GC(598) Archive regions: 2->2
[2025-12-22T22:20:37.921+0000][5104.418s][info][gc,heap     ] GC(598) Humongous regions: 37->37
[2025-12-22T22:20:37.921+0000][5104.418s][info][gc,metaspace] GC(598) Metaspace: 87785K(88704K)->87785K(88704K) NonClass: 76463K(76864K)->76463K(76864K) Class: 11321K(11840K)->11321K(11840K)
[2025-12-22T22:20:37.922+0000][5104.418s][info][gc          ] GC(598) Pause Young (Normal) (G1 Evacuation Pause) 768M->94M(1128M) 5.881ms
[2025-12-22T22:20:37.922+0000][5104.418s][info][gc,cpu      ] GC(598) User=0.01s Sys=0.00s Real=0.00s
[2025-12-22T22:20:45.718+0000][5112.214s][info][gc,start    ] GC(599) Pause Young (Normal) (G1 Evacuation Pause)
[2025-12-22T22:20:45.719+0000][5112.215s][info][gc,task     ] GC(599) Using 3 workers of 3 for evacuation
[2025-12-22T22:20:45.722+0000][5112.218s][info][gc,phases   ] GC(599)   Pre Evacuate Collection Set: 0.2ms
[2025-12-22T22:20:45.722+0000][5112.218s][info][gc,phases   ] GC(599)   Merge Heap Roots: 0.1ms
[2025-12-22T22:20:45.722+0000][5112.218s][info][gc,phases   ] GC(599)   Evacuate Collection Set: 1.7ms
[2025-12-22T22:20:45.722+0000][5112.218s][info][gc,phases   ] GC(599)   Post Evacuate Collection Set: 0.6ms
[2025-12-22T22:20:45.722+0000][5112.218s][info][gc,phases   ] GC(599)   Other: 0.9ms
[2025-12-22T22:20:45.722+0000][5112.219s][info][gc,heap     ] GC(599) Eden regions: 674->0(675)
[2025-12-22T22:20:45.722+0000][5112.219s][info][gc,heap     ] GC(599) Survivor regions: 2->1(85)
[2025-12-22T22:20:45.723+0000][5112.219s][info][gc,heap     ] GC(599) Old regions: 56->56
[2025-12-22T22:20:45.723+0000][5112.219s][info][gc,heap     ] GC(599) Archive regions: 2->2
[2025-12-22T22:20:45.723+0000][5112.219s][info][gc,heap     ] GC(599) Humongous regions: 37->37
[2025-12-22T22:20:45.723+0000][5112.219s][info][gc,metaspace] GC(599) Metaspace: 87785K(88704K)->87785K(88704K) NonClass: 76463K(76864K)->76463K(76864K) Class: 11321K(11840K)->11321K(11840K)
[2025-12-22T22:20:45.723+0000][5112.219s][info][gc          ] GC(599) Pause Young (Normal) (G1 Evacuation Pause) 768M->94M(1128M) 4.917ms
[2025-12-22T22:20:45.723+0000][5112.219s][info][gc,cpu      ] GC(599) User=0.00s Sys=0.00s Real=0.00s
[2025-12-22T22:20:55.129+0000][5121.625s][info][gc,start    ] GC(600) Pause Young (Normal) (G1 Evacuation Pause)
[2025-12-22T22:20:55.130+0000][5121.626s][info][gc,task     ] GC(600) Using 3 workers of 3 for evacuation
[2025-12-22T22:20:55.132+0000][5121.628s][info][gc,phases   ] GC(600)   Pre Evacuate Collection Set: 0.1ms
[2025-12-22T22:20:55.132+0000][5121.628s][info][gc,phases   ] GC(600)   Merge Heap Roots: 0.1ms
[2025-12-22T22:20:55.132+0000][5121.629s][info][gc,phases   ] GC(600)   Evacuate Collection Set: 1.1ms
[2025-12-22T22:20:55.132+0000][5121.629s][info][gc,phases   ] GC(600)   Post Evacuate Collection Set: 0.5ms
[2025-12-22T22:20:55.133+0000][5121.629s][info][gc,phases   ] GC(600)   Other: 1.3ms
[2025-12-22T22:20:55.133+0000][5121.629s][info][gc,heap     ] GC(600) Eden regions: 675->0(675)
[2025-12-22T22:20:55.133+0000][5121.629s][info][gc,heap     ] GC(600) Survivor regions: 1->1(85)
[2025-12-22T22:20:55.133+0000][5121.629s][info][gc,heap     ] GC(600) Old regions: 56->56
[2025-12-22T22:20:55.133+0000][5121.629s][info][gc,heap     ] GC(600) Archive regions: 2->2
[2025-12-22T22:20:55.133+0000][5121.629s][info][gc,heap     ] GC(600) Humongous regions: 37->37
[2025-12-22T22:20:55.133+0000][5121.630s][info][gc,metaspace] GC(600) Metaspace: 87785K(88704K)->87785K(88704K) NonClass: 76463K(76864K)->76463K(76864K) Class: 11321K(11840K)->11321K(11840K)
[2025-12-22T22:20:55.133+0000][5121.630s][info][gc          ] GC(600) Pause Young (Normal) (G1 Evacuation Pause) 769M->94M(1128M) 4.434ms
[2025-12-22T22:20:55.134+0000][5121.630s][info][gc,cpu      ] GC(600) User=0.01s Sys=0.00s Real=0.00s
[2025-12-22T22:21:03.059+0000][5129.555s][info][gc,start    ] GC(601) Pause Young (Normal) (G1 Evacuation Pause)
[2025-12-22T22:21:03.059+0000][5129.556s][info][gc,task     ] GC(601) Using 3 workers of 3 for evacuation
[2025-12-22T22:21:03.063+0000][5129.559s][info][gc,phases   ] GC(601)   Pre Evacuate Collection Set: 0.3ms
[2025-12-22T22:21:03.063+0000][5129.559s][info][gc,phases   ] GC(601)   Merge Heap Roots: 0.1ms
[2025-12-22T22:21:03.063+0000][5129.559s][info][gc,phases   ] GC(601)   Evacuate Collection Set: 2.3ms
[2025-12-22T22:21:03.063+0000][5129.560s][info][gc,phases   ] GC(601)   Post Evacuate Collection Set: 0.6ms
[2025-12-22T22:21:03.063+0000][5129.560s][info][gc,phases   ] GC(601)   Other: 1.1ms
[2025-12-22T22:21:03.063+0000][5129.560s][info][gc,heap     ] GC(601) Eden regions: 675->0(675)
[2025-12-22T22:21:03.064+0000][5129.560s][info][gc,heap     ] GC(601) Survivor regions: 1->1(85)
[2025-12-22T22:21:03.064+0000][5129.560s][info][gc,heap     ] GC(601) Old regions: 56->56
[2025-12-22T22:21:03.064+0000][5129.560s][info][gc,heap     ] GC(601) Archive regions: 2->2
[2025-12-22T22:21:03.064+0000][5129.560s][info][gc,heap     ] GC(601) Humongous regions: 37->37
[2025-12-22T22:21:03.064+0000][5129.560s][info][gc,metaspace] GC(601) Metaspace: 87800K(88768K)->87800K(88768K) NonClass: 76478K(76928K)->76478K(76928K) Class: 11321K(11840K)->11321K(11840K)
[2025-12-22T22:21:03.064+0000][5129.560s][info][gc          ] GC(601) Pause Young (Normal) (G1 Evacuation Pause) 769M->94M(1128M) 5.129ms
[2025-12-22T22:21:03.064+0000][5129.560s][info][gc,cpu      ] GC(601) User=0.01s Sys=0.00s Real=0.00s
[2025-12-22T22:21:12.572+0000][5139.068s][info][gc,start    ] GC(602) Pause Young (Normal) (G1 Evacuation Pause)
[2025-12-22T22:21:12.572+0000][5139.068s][info][gc,task     ] GC(602) Using 3 workers of 3 for evacuation
[2025-12-22T22:21:12.581+0000][5139.077s][info][gc,phases   ] GC(602)   Pre Evacuate Collection Set: 1.7ms
[2025-12-22T22:21:12.581+0000][5139.077s][info][gc,phases   ] GC(602)   Merge Heap Roots: 0.5ms
[2025-12-22T22:21:12.581+0000][5139.077s][info][gc,phases   ] GC(602)   Evacuate Collection Set: 4.8ms
[2025-12-22T22:21:12.581+0000][5139.077s][info][gc,phases   ] GC(602)   Post Evacuate Collection Set: 1.4ms
[2025-12-22T22:21:12.581+0000][5139.077s][info][gc,phases   ] GC(602)   Other: 0.8ms
[2025-12-22T22:21:12.581+0000][5139.078s][info][gc,heap     ] GC(602) Eden regions: 675->0(675)
[2025-12-22T22:21:12.581+0000][5139.078s][info][gc,heap     ] GC(602) Survivor regions: 1->1(85)
[2025-12-22T22:21:12.582+0000][5139.078s][info][gc,heap     ] GC(602) Old regions: 56->56
[2025-12-22T22:21:12.582+0000][5139.078s][info][gc,heap     ] GC(602) Archive regions: 2->2
[2025-12-22T22:21:12.582+0000][5139.078s][info][gc,heap     ] GC(602) Humongous regions: 37->37
[2025-12-22T22:21:12.582+0000][5139.078s][info][gc,metaspace] GC(602) Metaspace: 87800K(88768K)->87800K(88768K) NonClass: 76478K(76928K)->76478K(76928K) Class: 11321K(11840K)->11321K(11840K)
[2025-12-22T22:21:12.582+0000][5139.078s][info][gc          ] GC(602) Pause Young (Normal) (G1 Evacuation Pause) 769M->94M(1128M) 10.414ms
[2025-12-22T22:21:12.582+0000][5139.078s][info][gc,cpu      ] GC(602) User=0.03s Sys=0.00s Real=0.01s
[2025-12-22T22:21:20.364+0000][5146.860s][info][gc,start    ] GC(603) Pause Young (Normal) (G1 Evacuation Pause)
[2025-12-22T22:21:20.365+0000][5146.861s][info][gc,task     ] GC(603) Using 3 workers of 3 for evacuation
[2025-12-22T22:21:20.367+0000][5146.863s][info][gc,phases   ] GC(603)   Pre Evacuate Collection Set: 0.1ms
[2025-12-22T22:21:20.367+0000][5146.863s][info][gc,phases   ] GC(603)   Merge Heap Roots: 0.1ms
[2025-12-22T22:21:20.367+0000][5146.863s][info][gc,phases   ] GC(603)   Evacuate Collection Set: 1.1ms
[2025-12-22T22:21:20.367+0000][5146.863s][info][gc,phases   ] GC(603)   Post Evacuate Collection Set: 0.4ms
[2025-12-22T22:21:20.367+0000][5146.863s][info][gc,phases   ] GC(603)   Other: 1.2ms
[2025-12-22T22:21:20.367+0000][5146.863s][info][gc,heap     ] GC(603) Eden regions: 675->0(675)
[2025-12-22T22:21:20.367+0000][5146.863s][info][gc,heap     ] GC(603) Survivor regions: 1->1(85)
[2025-12-22T22:21:20.367+0000][5146.863s][info][gc,heap     ] GC(603) Old regions: 56->57
[2025-12-22T22:21:20.367+0000][5146.864s][info][gc,heap     ] GC(603) Archive regions: 2->2
[2025-12-22T22:21:20.367+0000][5146.864s][info][gc,heap     ] GC(603) Humongous regions: 37->37
[2025-12-22T22:21:20.368+0000][5146.864s][info][gc,metaspace] GC(603) Metaspace: 87800K(88768K)->87800K(88768K) NonClass: 76478K(76928K)->76478K(76928K) Class: 11321K(11840K)->11321K(11840K)
[2025-12-22T22:21:20.368+0000][5146.864s][info][gc          ] GC(603) Pause Young (Normal) (G1 Evacuation Pause) 769M->94M(1128M) 3.761ms
[2025-12-22T22:21:20.368+0000][5146.864s][info][gc,cpu      ] GC(603) User=0.00s Sys=0.00s Real=0.01s
[2025-12-22T22:21:28.281+0000][5154.777s][info][gc,start    ] GC(604) Pause Young (Normal) (G1 Evacuation Pause)
[2025-12-22T22:21:28.281+0000][5154.777s][info][gc,task     ] GC(604) Using 3 workers of 3 for evacuation
[2025-12-22T22:21:28.283+0000][5154.779s][info][gc,phases   ] GC(604)   Pre Evacuate Collection Set: 0.1ms
[2025-12-22T22:21:28.283+0000][5154.779s][info][gc,phases   ] GC(604)   Merge Heap Roots: 0.1ms
[2025-12-22T22:21:28.283+0000][5154.779s][info][gc,phases   ] GC(604)   Evacuate Collection Set: 0.9ms
[2025-12-22T22:21:28.283+0000][5154.779s][info][gc,phases   ] GC(604)   Post Evacuate Collection Set: 0.4ms
[2025-12-22T22:21:28.283+0000][5154.779s][info][gc,phases   ] GC(604)   Other: 0.4ms
[2025-12-22T22:21:28.283+0000][5154.779s][info][gc,heap     ] GC(604) Eden regions: 675->0(675)
[2025-12-22T22:21:28.283+0000][5154.780s][info][gc,heap     ] GC(604) Survivor regions: 1->1(85)
[2025-12-22T22:21:28.283+0000][5154.780s][info][gc,heap     ] GC(604) Old regions: 57->57
[2025-12-22T22:21:28.283+0000][5154.780s][info][gc,heap     ] GC(604) Archive regions: 2->2
[2025-12-22T22:21:28.283+0000][5154.780s][info][gc,heap     ] GC(604) Humongous regions: 37->37
[2025-12-22T22:21:28.284+0000][5154.780s][info][gc,metaspace] GC(604) Metaspace: 87801K(88768K)->87801K(88768K) NonClass: 76478K(76928K)->76478K(76928K) Class: 11322K(11840K)->11322K(11840K)
[2025-12-22T22:21:28.284+0000][5154.780s][info][gc          ] GC(604) Pause Young (Normal) (G1 Evacuation Pause) 769M->94M(1128M) 2.655ms
[2025-12-22T22:21:28.284+0000][5154.780s][info][gc,cpu      ] GC(604) User=0.00s Sys=0.00s Real=0.00s
[2025-12-22T22:21:37.609+0000][5164.105s][info][gc,start    ] GC(605) Pause Young (Normal) (G1 Evacuation Pause)
[2025-12-22T22:21:37.610+0000][5164.107s][info][gc,task     ] GC(605) Using 3 workers of 3 for evacuation
[2025-12-22T22:21:37.614+0000][5164.111s][info][gc,phases   ] GC(605)   Pre Evacuate Collection Set: 0.3ms
[2025-12-22T22:21:37.614+0000][5164.111s][info][gc,phases   ] GC(605)   Merge Heap Roots: 0.1ms
[2025-12-22T22:21:37.615+0000][5164.111s][info][gc,phases   ] GC(605)   Evacuate Collection Set: 2.7ms
[2025-12-22T22:21:37.615+0000][5164.111s][info][gc,phases   ] GC(605)   Post Evacuate Collection Set: 0.7ms
[2025-12-22T22:21:37.615+0000][5164.111s][info][gc,phases   ] GC(605)   Other: 1.4ms
[2025-12-22T22:21:37.615+0000][5164.111s][info][gc,heap     ] GC(605) Eden regions: 675->0(675)
[2025-12-22T22:21:37.615+0000][5164.111s][info][gc,heap     ] GC(605) Survivor regions: 1->1(85)
[2025-12-22T22:21:37.615+0000][5164.111s][info][gc,heap     ] GC(605) Old regions: 57->57
[2025-12-22T22:21:37.615+0000][5164.111s][info][gc,heap     ] GC(605) Archive regions: 2->2
[2025-12-22T22:21:37.615+0000][5164.112s][info][gc,heap     ] GC(605) Humongous regions: 37->37
[2025-12-22T22:21:37.615+0000][5164.112s][info][gc,metaspace] GC(605) Metaspace: 87807K(88768K)->87807K(88768K) NonClass: 76485K(76928K)->76485K(76928K) Class: 11322K(11840K)->11322K(11840K)
[2025-12-22T22:21:37.616+0000][5164.112s][info][gc          ] GC(605) Pause Young (Normal) (G1 Evacuation Pause) 769M->94M(1128M) 6.341ms
[2025-12-22T22:21:37.616+0000][5164.112s][info][gc,cpu      ] GC(605) User=0.01s Sys=0.00s Real=0.01s
[2025-12-22T22:21:45.327+0000][5171.823s][info][gc,start    ] GC(606) Pause Young (Normal) (G1 Evacuation Pause)
[2025-12-22T22:21:45.327+0000][5171.823s][info][gc,task     ] GC(606) Using 3 workers of 3 for evacuation
[2025-12-22T22:21:45.329+0000][5171.825s][info][gc,phases   ] GC(606)   Pre Evacuate Collection Set: 0.1ms
[2025-12-22T22:21:45.329+0000][5171.825s][info][gc,phases   ] GC(606)   Merge Heap Roots: 0.1ms
[2025-12-22T22:21:45.329+0000][5171.825s][info][gc,phases   ] GC(606)   Evacuate Collection Set: 0.9ms
[2025-12-22T22:21:45.329+0000][5171.825s][info][gc,phases   ] GC(606)   Post Evacuate Collection Set: 0.4ms
[2025-12-22T22:21:45.329+0000][5171.826s][info][gc,phases   ] GC(606)   Other: 0.4ms
[2025-12-22T22:21:45.329+0000][5171.826s][info][gc,heap     ] GC(606) Eden regions: 675->0(675)
[2025-12-22T22:21:45.330+0000][5171.826s][info][gc,heap     ] GC(606) Survivor regions: 1->1(85)
[2025-12-22T22:21:45.330+0000][5171.826s][info][gc,heap     ] GC(606) Old regions: 57->57
[2025-12-22T22:21:45.330+0000][5171.826s][info][gc,heap     ] GC(606) Archive regions: 2->2
[2025-12-22T22:21:45.330+0000][5171.826s][info][gc,heap     ] GC(606) Humongous regions: 37->37
[2025-12-22T22:21:45.330+0000][5171.826s][info][gc,metaspace] GC(606) Metaspace: 87807K(88768K)->87807K(88768K) NonClass: 76485K(76928K)->76485K(76928K) Class: 11322K(11840K)->11322K(11840K)
[2025-12-22T22:21:45.330+0000][5171.826s][info][gc          ] GC(606) Pause Young (Normal) (G1 Evacuation Pause) 769M->94M(1128M) 3.073ms
[2025-12-22T22:21:45.330+0000][5171.826s][info][gc,cpu      ] GC(606) User=0.00s Sys=0.00s Real=0.00s
[2025-12-22T22:21:54.942+0000][5181.438s][info][gc,start    ] GC(607) Pause Young (Normal) (G1 Evacuation Pause)
[2025-12-22T22:21:54.943+0000][5181.439s][info][gc,task     ] GC(607) Using 3 workers of 3 for evacuation
[2025-12-22T22:21:54.948+0000][5181.444s][info][gc,phases   ] GC(607)   Pre Evacuate Collection Set: 0.3ms
[2025-12-22T22:21:54.948+0000][5181.444s][info][gc,phases   ] GC(607)   Merge Heap Roots: 0.1ms
[2025-12-22T22:21:54.948+0000][5181.444s][info][gc,phases   ] GC(607)   Evacuate Collection Set: 2.8ms
[2025-12-22T22:21:54.948+0000][5181.444s][info][gc,phases   ] GC(607)   Post Evacuate Collection Set: 1.0ms
[2025-12-22T22:21:54.948+0000][5181.444s][info][gc,phases   ] GC(607)   Other: 1.4ms
[2025-12-22T22:21:54.948+0000][5181.444s][info][gc,heap     ] GC(607) Eden regions: 675->0(675)
[2025-12-22T22:21:54.948+0000][5181.444s][info][gc,heap     ] GC(607) Survivor regions: 1->1(85)
[2025-12-22T22:21:54.948+0000][5181.445s][info][gc,heap     ] GC(607) Old regions: 57->57
[2025-12-22T22:21:54.948+0000][5181.445s][info][gc,heap     ] GC(607) Archive regions: 2->2
[2025-12-22T22:21:54.949+0000][5181.445s][info][gc,heap     ] GC(607) Humongous regions: 37->37
[2025-12-22T22:21:54.949+0000][5181.445s][info][gc,metaspace] GC(607) Metaspace: 87807K(88768K)->87807K(88768K) NonClass: 76485K(76928K)->76485K(76928K) Class: 11322K(11840K)->11322K(11840K)
[2025-12-22T22:21:54.949+0000][5181.445s][info][gc          ] GC(607) Pause Young (Normal) (G1 Evacuation Pause) 769M->94M(1128M) 6.635ms
[2025-12-22T22:21:54.949+0000][5181.445s][info][gc,cpu      ] GC(607) User=0.02s Sys=0.00s Real=0.01s
[2025-12-22T22:22:02.807+0000][5189.304s][info][gc,start    ] GC(608) Pause Young (Normal) (G1 Evacuation Pause)
[2025-12-22T22:22:02.808+0000][5189.304s][info][gc,task     ] GC(608) Using 3 workers of 3 for evacuation
[2025-12-22T22:22:02.810+0000][5189.306s][info][gc,phases   ] GC(608)   Pre Evacuate Collection Set: 0.1ms
[2025-12-22T22:22:02.810+0000][5189.306s][info][gc,phases   ] GC(608)   Merge Heap Roots: 0.1ms
[2025-12-22T22:22:02.810+0000][5189.306s][info][gc,phases   ] GC(608)   Evacuate Collection Set: 1.1ms
[2025-12-22T22:22:02.810+0000][5189.306s][info][gc,phases   ] GC(608)   Post Evacuate Collection Set: 0.4ms
[2025-12-22T22:22:02.810+0000][5189.306s][info][gc,phases   ] GC(608)   Other: 0.7ms
[2025-12-22T22:22:02.810+0000][5189.306s][info][gc,heap     ] GC(608) Eden regions: 675->0(675)
[2025-12-22T22:22:02.810+0000][5189.306s][info][gc,heap     ] GC(608) Survivor regions: 1->1(85)
[2025-12-22T22:22:02.810+0000][5189.306s][info][gc,heap     ] GC(608) Old regions: 57->57
[2025-12-22T22:22:02.810+0000][5189.306s][info][gc,heap     ] GC(608) Archive regions: 2->2
[2025-12-22T22:22:02.810+0000][5189.306s][info][gc,heap     ] GC(608) Humongous regions: 37->37
[2025-12-22T22:22:02.810+0000][5189.307s][info][gc,metaspace] GC(608) Metaspace: 87807K(88768K)->87807K(88768K) NonClass: 76485K(76928K)->76485K(76928K) Class: 11322K(11840K)->11322K(11840K)
[2025-12-22T22:22:02.810+0000][5189.307s][info][gc          ] GC(608) Pause Young (Normal) (G1 Evacuation Pause) 769M->94M(1128M) 3.066ms
[2025-12-22T22:22:02.810+0000][5189.307s][info][gc,cpu      ] GC(608) User=0.01s Sys=0.00s Real=0.00s
[2025-12-22T22:22:12.241+0000][5198.738s][info][gc,start    ] GC(609) Pause Young (Normal) (G1 Evacuation Pause)
[2025-12-22T22:22:12.242+0000][5198.739s][info][gc,task     ] GC(609) Using 3 workers of 3 for evacuation
[2025-12-22T22:22:12.245+0000][5198.741s][info][gc,phases   ] GC(609)   Pre Evacuate Collection Set: 0.2ms
[2025-12-22T22:22:12.245+0000][5198.741s][info][gc,phases   ] GC(609)   Merge Heap Roots: 0.1ms
[2025-12-22T22:22:12.245+0000][5198.741s][info][gc,phases   ] GC(609)   Evacuate Collection Set: 1.4ms
[2025-12-22T22:22:12.245+0000][5198.741s][info][gc,phases   ] GC(609)   Post Evacuate Collection Set: 0.5ms
[2025-12-22T22:22:12.245+0000][5198.741s][info][gc,phases   ] GC(609)   Other: 1.4ms
[2025-12-22T22:22:12.245+0000][5198.742s][info][gc,heap     ] GC(609) Eden regions: 675->0(675)
[2025-12-22T22:22:12.245+0000][5198.742s][info][gc,heap     ] GC(609) Survivor regions: 1->1(85)
[2025-12-22T22:22:12.246+0000][5198.742s][info][gc,heap     ] GC(609) Old regions: 57->57
[2025-12-22T22:22:12.246+0000][5198.742s][info][gc,heap     ] GC(609) Archive regions: 2->2
[2025-12-22T22:22:12.246+0000][5198.742s][info][gc,heap     ] GC(609) Humongous regions: 37->37
[2025-12-22T22:22:12.246+0000][5198.742s][info][gc,metaspace] GC(609) Metaspace: 87807K(88768K)->87807K(88768K) NonClass: 76485K(76928K)->76485K(76928K) Class: 11322K(11840K)->11322K(11840K)
[2025-12-22T22:22:12.246+0000][5198.742s][info][gc          ] GC(609) Pause Young (Normal) (G1 Evacuation Pause) 769M->94M(1128M) 4.565ms
[2025-12-22T22:22:12.246+0000][5198.742s][info][gc,cpu      ] GC(609) User=0.01s Sys=0.00s Real=0.01s
[2025-12-22T22:22:20.417+0000][5206.913s][info][gc,start    ] GC(610) Pause Young (Normal) (G1 Evacuation Pause)
[2025-12-22T22:22:20.417+0000][5206.914s][info][gc,task     ] GC(610) Using 3 workers of 3 for evacuation
[2025-12-22T22:22:20.428+0000][5206.925s][info][gc,phases   ] GC(610)   Pre Evacuate Collection Set: 0.9ms
[2025-12-22T22:22:20.429+0000][5206.925s][info][gc,phases   ] GC(610)   Merge Heap Roots: 0.2ms
[2025-12-22T22:22:20.429+0000][5206.925s][info][gc,phases   ] GC(610)   Evacuate Collection Set: 8.3ms
[2025-12-22T22:22:20.429+0000][5206.925s][info][gc,phases   ] GC(610)   Post Evacuate Collection Set: 1.1ms
[2025-12-22T22:22:20.429+0000][5206.925s][info][gc,phases   ] GC(610)   Other: 1.7ms
[2025-12-22T22:22:20.429+0000][5206.925s][info][gc,heap     ] GC(610) Eden regions: 675->0(675)
[2025-12-22T22:22:20.429+0000][5206.925s][info][gc,heap     ] GC(610) Survivor regions: 1->1(85)
[2025-12-22T22:22:20.429+0000][5206.925s][info][gc,heap     ] GC(610) Old regions: 57->57
[2025-12-22T22:22:20.429+0000][5206.925s][info][gc,heap     ] GC(610) Archive regions: 2->2
[2025-12-22T22:22:20.429+0000][5206.925s][info][gc,heap     ] GC(610) Humongous regions: 37->37
[2025-12-22T22:22:20.429+0000][5206.925s][info][gc,metaspace] GC(610) Metaspace: 87808K(88768K)->87808K(88768K) NonClass: 76485K(76928K)->76485K(76928K) Class: 11322K(11840K)->11322K(11840K)
[2025-12-22T22:22:20.429+0000][5206.925s][info][gc          ] GC(610) Pause Young (Normal) (G1 Evacuation Pause) 769M->94M(1128M) 12.453ms
[2025-12-22T22:22:20.429+0000][5206.925s][info][gc,cpu      ] GC(610) User=0.03s Sys=0.00s Real=0.01s
[2025-12-22T22:22:29.266+0000][5215.763s][info][gc,start    ] GC(611) Pause Young (Normal) (G1 Evacuation Pause)
[2025-12-22T22:22:29.267+0000][5215.763s][info][gc,task     ] GC(611) Using 3 workers of 3 for evacuation
[2025-12-22T22:22:29.273+0000][5215.769s][info][gc,phases   ] GC(611)   Pre Evacuate Collection Set: 0.6ms
[2025-12-22T22:22:29.273+0000][5215.769s][info][gc,phases   ] GC(611)   Merge Heap Roots: 0.3ms
[2025-12-22T22:22:29.273+0000][5215.769s][info][gc,phases   ] GC(611)   Evacuate Collection Set: 2.9ms
[2025-12-22T22:22:29.273+0000][5215.769s][info][gc,phases   ] GC(611)   Post Evacuate Collection Set: 1.1ms
[2025-12-22T22:22:29.273+0000][5215.769s][info][gc,phases   ] GC(611)   Other: 1.9ms
[2025-12-22T22:22:29.273+0000][5215.769s][info][gc,heap     ] GC(611) Eden regions: 675->0(675)
[2025-12-22T22:22:29.273+0000][5215.770s][info][gc,heap     ] GC(611) Survivor regions: 1->1(85)
[2025-12-22T22:22:29.273+0000][5215.770s][info][gc,heap     ] GC(611) Old regions: 57->57
[2025-12-22T22:22:29.273+0000][5215.770s][info][gc,heap     ] GC(611) Archive regions: 2->2
[2025-12-22T22:22:29.273+0000][5215.770s][info][gc,heap     ] GC(611) Humongous regions: 37->37
[2025-12-22T22:22:29.274+0000][5215.770s][info][gc,metaspace] GC(611) Metaspace: 87808K(88768K)->87808K(88768K) NonClass: 76485K(76928K)->76485K(76928K) Class: 11322K(11840K)->11322K(11840K)
[2025-12-22T22:22:29.274+0000][5215.770s][info][gc          ] GC(611) Pause Young (Normal) (G1 Evacuation Pause) 769M->94M(1128M) 7.249ms
[2025-12-22T22:22:29.274+0000][5215.770s][info][gc,cpu      ] GC(611) User=0.01s Sys=0.01s Real=0.00s
[2025-12-22T22:22:38.981+0000][5225.477s][info][gc,start    ] GC(612) Pause Young (Normal) (G1 Evacuation Pause)
[2025-12-22T22:22:38.981+0000][5225.478s][info][gc,task     ] GC(612) Using 3 workers of 3 for evacuation
[2025-12-22T22:22:38.986+0000][5225.483s][info][gc,phases   ] GC(612)   Pre Evacuate Collection Set: 0.2ms
[2025-12-22T22:22:38.987+0000][5225.483s][info][gc,phases   ] GC(612)   Merge Heap Roots: 0.2ms
[2025-12-22T22:22:38.987+0000][5225.483s][info][gc,phases   ] GC(612)   Evacuate Collection Set: 3.8ms
[2025-12-22T22:22:38.987+0000][5225.483s][info][gc,phases   ] GC(612)   Post Evacuate Collection Set: 0.7ms
[2025-12-22T22:22:38.987+0000][5225.483s][info][gc,phases   ] GC(612)   Other: 0.9ms
[2025-12-22T22:22:38.987+0000][5225.483s][info][gc,heap     ] GC(612) Eden regions: 675->0(674)
[2025-12-22T22:22:38.987+0000][5225.483s][info][gc,heap     ] GC(612) Survivor regions: 1->2(85)
[2025-12-22T22:22:38.987+0000][5225.483s][info][gc,heap     ] GC(612) Old regions: 57->57
[2025-12-22T22:22:38.987+0000][5225.483s][info][gc,heap     ] GC(612) Archive regions: 2->2
[2025-12-22T22:22:38.987+0000][5225.483s][info][gc,heap     ] GC(612) Humongous regions: 37->37
[2025-12-22T22:22:38.987+0000][5225.483s][info][gc,metaspace] GC(612) Metaspace: 87812K(88832K)->87812K(88832K) NonClass: 76490K(76992K)->76490K(76992K) Class: 11322K(11840K)->11322K(11840K)
[2025-12-22T22:22:38.987+0000][5225.484s][info][gc          ] GC(612) Pause Young (Normal) (G1 Evacuation Pause) 769M->95M(1128M) 6.659ms
[2025-12-22T22:22:38.987+0000][5225.484s][info][gc,cpu      ] GC(612) User=0.01s Sys=0.00s Real=0.01s
[2025-12-22T22:22:46.860+0000][5233.356s][info][gc,start    ] GC(613) Pause Young (Normal) (G1 Evacuation Pause)
[2025-12-22T22:22:46.861+0000][5233.357s][info][gc,task     ] GC(613) Using 3 workers of 3 for evacuation
[2025-12-22T22:22:46.864+0000][5233.360s][info][gc,phases   ] GC(613)   Pre Evacuate Collection Set: 0.3ms
[2025-12-22T22:22:46.864+0000][5233.360s][info][gc,phases   ] GC(613)   Merge Heap Roots: 0.2ms
[2025-12-22T22:22:46.864+0000][5233.360s][info][gc,phases   ] GC(613)   Evacuate Collection Set: 1.6ms
[2025-12-22T22:22:46.864+0000][5233.360s][info][gc,phases   ] GC(613)   Post Evacuate Collection Set: 0.4ms
[2025-12-22T22:22:46.864+0000][5233.361s][info][gc,phases   ] GC(613)   Other: 1.4ms
[2025-12-22T22:22:46.864+0000][5233.361s][info][gc,heap     ] GC(613) Eden regions: 674->0(674)
[2025-12-22T22:22:46.865+0000][5233.361s][info][gc,heap     ] GC(613) Survivor regions: 2->2(85)
[2025-12-22T22:22:46.865+0000][5233.361s][info][gc,heap     ] GC(613) Old regions: 57->57
[2025-12-22T22:22:46.865+0000][5233.361s][info][gc,heap     ] GC(613) Archive regions: 2->2
[2025-12-22T22:22:46.865+0000][5233.361s][info][gc,heap     ] GC(613) Humongous regions: 37->37
[2025-12-22T22:22:46.865+0000][5233.361s][info][gc,metaspace] GC(613) Metaspace: 87812K(88832K)->87812K(88832K) NonClass: 76490K(76992K)->76490K(76992K) Class: 11322K(11840K)->11322K(11840K)
[2025-12-22T22:22:46.865+0000][5233.361s][info][gc          ] GC(613) Pause Young (Normal) (G1 Evacuation Pause) 769M->95M(1128M) 4.979ms
[2025-12-22T22:22:46.865+0000][5233.361s][info][gc,cpu      ] GC(613) User=0.01s Sys=0.00s Real=0.01s
[2025-12-22T22:22:56.428+0000][5242.924s][info][gc,start    ] GC(614) Pause Young (Normal) (G1 Evacuation Pause)
[2025-12-22T22:22:56.429+0000][5242.925s][info][gc,task     ] GC(614) Using 3 workers of 3 for evacuation
[2025-12-22T22:22:56.439+0000][5242.935s][info][gc,phases   ] GC(614)   Pre Evacuate Collection Set: 0.2ms
[2025-12-22T22:22:56.439+0000][5242.935s][info][gc,phases   ] GC(614)   Merge Heap Roots: 0.2ms
[2025-12-22T22:22:56.439+0000][5242.936s][info][gc,phases   ] GC(614)   Evacuate Collection Set: 5.1ms
[2025-12-22T22:22:56.439+0000][5242.936s][info][gc,phases   ] GC(614)   Post Evacuate Collection Set: 4.6ms
[2025-12-22T22:22:56.439+0000][5242.936s][info][gc,phases   ] GC(614)   Other: 1.2ms
[2025-12-22T22:22:56.440+0000][5242.936s][info][gc,heap     ] GC(614) Eden regions: 674->0(674)
[2025-12-22T22:22:56.440+0000][5242.936s][info][gc,heap     ] GC(614) Survivor regions: 2->2(85)
[2025-12-22T22:22:56.440+0000][5242.936s][info][gc,heap     ] GC(614) Old regions: 57->57
[2025-12-22T22:22:56.440+0000][5242.936s][info][gc,heap     ] GC(614) Archive regions: 2->2
[2025-12-22T22:22:56.440+0000][5242.936s][info][gc,heap     ] GC(614) Humongous regions: 37->37
[2025-12-22T22:22:56.440+0000][5242.936s][info][gc,metaspace] GC(614) Metaspace: 87812K(88832K)->87812K(88832K) NonClass: 76490K(76992K)->76490K(76992K) Class: 11322K(11840K)->11322K(11840K)
[2025-12-22T22:22:56.440+0000][5242.936s][info][gc          ] GC(614) Pause Young (Normal) (G1 Evacuation Pause) 769M->95M(1128M) 12.237ms
[2025-12-22T22:22:56.440+0000][5242.936s][info][gc,cpu      ] GC(614) User=0.03s Sys=0.00s Real=0.01s
[2025-12-22T22:23:04.469+0000][5250.966s][info][gc,start    ] GC(615) Pause Young (Normal) (G1 Evacuation Pause)
[2025-12-22T22:23:04.470+0000][5250.966s][info][gc,task     ] GC(615) Using 3 workers of 3 for evacuation
[2025-12-22T22:23:04.473+0000][5250.969s][info][gc,phases   ] GC(615)   Pre Evacuate Collection Set: 0.2ms
[2025-12-22T22:23:04.473+0000][5250.969s][info][gc,phases   ] GC(615)   Merge Heap Roots: 0.1ms
[2025-12-22T22:23:04.473+0000][5250.969s][info][gc,phases   ] GC(615)   Evacuate Collection Set: 1.7ms
[2025-12-22T22:23:04.473+0000][5250.969s][info][gc,phases   ] GC(615)   Post Evacuate Collection Set: 0.5ms
[2025-12-22T22:23:04.473+0000][5250.969s][info][gc,phases   ] GC(615)   Other: 0.8ms
[2025-12-22T22:23:04.473+0000][5250.969s][info][gc,heap     ] GC(615) Eden regions: 674->0(674)
[2025-12-22T22:23:04.473+0000][5250.969s][info][gc,heap     ] GC(615) Survivor regions: 2->2(85)
[2025-12-22T22:23:04.473+0000][5250.969s][info][gc,heap     ] GC(615) Old regions: 57->57
[2025-12-22T22:23:04.473+0000][5250.969s][info][gc,heap     ] GC(615) Archive regions: 2->2
[2025-12-22T22:23:04.473+0000][5250.970s][info][gc,heap     ] GC(615) Humongous regions: 37->37
[2025-12-22T22:23:04.473+0000][5250.970s][info][gc,metaspace] GC(615) Metaspace: 87815K(88832K)->87815K(88832K) NonClass: 76493K(76992K)->76493K(76992K) Class: 11322K(11840K)->11322K(11840K)
[2025-12-22T22:23:04.473+0000][5250.970s][info][gc          ] GC(615) Pause Young (Normal) (G1 Evacuation Pause) 769M->95M(1128M) 4.041ms
[2025-12-22T22:23:04.474+0000][5250.970s][info][gc,cpu      ] GC(615) User=0.01s Sys=0.00s Real=0.00s
[2025-12-22T22:23:12.942+0000][5259.439s][info][gc,start    ] GC(616) Pause Young (Normal) (G1 Evacuation Pause)
[2025-12-22T22:23:12.943+0000][5259.439s][info][gc,task     ] GC(616) Using 3 workers of 3 for evacuation
[2025-12-22T22:23:12.946+0000][5259.442s][info][gc,phases   ] GC(616)   Pre Evacuate Collection Set: 0.3ms
[2025-12-22T22:23:12.946+0000][5259.442s][info][gc,phases   ] GC(616)   Merge Heap Roots: 0.1ms
[2025-12-22T22:23:12.946+0000][5259.443s][info][gc,phases   ] GC(616)   Evacuate Collection Set: 1.7ms
[2025-12-22T22:23:12.946+0000][5259.443s][info][gc,phases   ] GC(616)   Post Evacuate Collection Set: 0.6ms
[2025-12-22T22:23:12.947+0000][5259.443s][info][gc,phases   ] GC(616)   Other: 0.8ms
[2025-12-22T22:23:12.947+0000][5259.443s][info][gc,heap     ] GC(616) Eden regions: 674->0(674)
[2025-12-22T22:23:12.947+0000][5259.443s][info][gc,heap     ] GC(616) Survivor regions: 2->2(85)
[2025-12-22T22:23:12.947+0000][5259.443s][info][gc,heap     ] GC(616) Old regions: 57->57
[2025-12-22T22:23:12.947+0000][5259.443s][info][gc,heap     ] GC(616) Archive regions: 2->2
[2025-12-22T22:23:12.947+0000][5259.443s][info][gc,heap     ] GC(616) Humongous regions: 37->37
[2025-12-22T22:23:12.947+0000][5259.443s][info][gc,metaspace] GC(616) Metaspace: 87815K(88832K)->87815K(88832K) NonClass: 76493K(76992K)->76493K(76992K) Class: 11322K(11840K)->11322K(11840K)
[2025-12-22T22:23:12.947+0000][5259.443s][info][gc          ] GC(616) Pause Young (Normal) (G1 Evacuation Pause) 769M->95M(1128M) 4.791ms
[2025-12-22T22:23:12.947+0000][5259.444s][info][gc,cpu      ] GC(616) User=0.01s Sys=0.00s Real=0.01s
[2025-12-22T22:23:21.728+0000][5268.224s][info][gc,start    ] GC(617) Pause Young (Normal) (G1 Evacuation Pause)
[2025-12-22T22:23:21.729+0000][5268.225s][info][gc,task     ] GC(617) Using 3 workers of 3 for evacuation
[2025-12-22T22:23:21.733+0000][5268.229s][info][gc,phases   ] GC(617)   Pre Evacuate Collection Set: 0.2ms
[2025-12-22T22:23:21.733+0000][5268.229s][info][gc,phases   ] GC(617)   Merge Heap Roots: 0.1ms
[2025-12-22T22:23:21.733+0000][5268.229s][info][gc,phases   ] GC(617)   Evacuate Collection Set: 2.4ms
[2025-12-22T22:23:21.733+0000][5268.229s][info][gc,phases   ] GC(617)   Post Evacuate Collection Set: 1.4ms
[2025-12-22T22:23:21.733+0000][5268.230s][info][gc,phases   ] GC(617)   Other: 0.9ms
[2025-12-22T22:23:21.733+0000][5268.230s][info][gc,heap     ] GC(617) Eden regions: 674->0(674)
[2025-12-22T22:23:21.734+0000][5268.230s][info][gc,heap     ] GC(617) Survivor regions: 2->2(85)
[2025-12-22T22:23:21.734+0000][5268.230s][info][gc,heap     ] GC(617) Old regions: 57->57
[2025-12-22T22:23:21.734+0000][5268.230s][info][gc,heap     ] GC(617) Archive regions: 2->2
[2025-12-22T22:23:21.734+0000][5268.230s][info][gc,heap     ] GC(617) Humongous regions: 37->37
[2025-12-22T22:23:21.734+0000][5268.230s][info][gc,metaspace] GC(617) Metaspace: 87815K(88832K)->87815K(88832K) NonClass: 76493K(76992K)->76493K(76992K) Class: 11322K(11840K)->11322K(11840K)
[2025-12-22T22:23:21.734+0000][5268.230s][info][gc          ] GC(617) Pause Young (Normal) (G1 Evacuation Pause) 769M->95M(1128M) 5.963ms
[2025-12-22T22:23:21.734+0000][5268.231s][info][gc,cpu      ] GC(617) User=0.01s Sys=0.00s Real=0.00s
[2025-12-22T22:23:30.454+0000][5276.951s][info][gc,start    ] GC(618) Pause Young (Normal) (G1 Evacuation Pause)
[2025-12-22T22:23:30.455+0000][5276.951s][info][gc,task     ] GC(618) Using 3 workers of 3 for evacuation
[2025-12-22T22:23:30.460+0000][5276.956s][info][gc,phases   ] GC(618)   Pre Evacuate Collection Set: 0.4ms
[2025-12-22T22:23:30.460+0000][5276.956s][info][gc,phases   ] GC(618)   Merge Heap Roots: 0.2ms
[2025-12-22T22:23:30.460+0000][5276.956s][info][gc,phases   ] GC(618)   Evacuate Collection Set: 2.2ms
[2025-12-22T22:23:30.460+0000][5276.956s][info][gc,phases   ] GC(618)   Post Evacuate Collection Set: 0.9ms
[2025-12-22T22:23:30.460+0000][5276.956s][info][gc,phases   ] GC(618)   Other: 2.2ms
[2025-12-22T22:23:30.460+0000][5276.956s][info][gc,heap     ] GC(618) Eden regions: 674->0(674)
[2025-12-22T22:23:30.460+0000][5276.957s][info][gc,heap     ] GC(618) Survivor regions: 2->2(85)
[2025-12-22T22:23:30.460+0000][5276.957s][info][gc,heap     ] GC(618) Old regions: 57->57
[2025-12-22T22:23:30.460+0000][5276.957s][info][gc,heap     ] GC(618) Archive regions: 2->2
[2025-12-22T22:23:30.460+0000][5276.957s][info][gc,heap     ] GC(618) Humongous regions: 37->37
[2025-12-22T22:23:30.461+0000][5276.957s][info][gc,metaspace] GC(618) Metaspace: 87819K(88832K)->87819K(88832K) NonClass: 76497K(76992K)->76497K(76992K) Class: 11322K(11840K)->11322K(11840K)
[2025-12-22T22:23:30.461+0000][5276.957s][info][gc          ] GC(618) Pause Young (Normal) (G1 Evacuation Pause) 769M->95M(1128M) 6.247ms
[2025-12-22T22:23:30.461+0000][5276.957s][info][gc,cpu      ] GC(618) User=0.01s Sys=0.00s Real=0.01s
[2025-12-22T22:23:40.129+0000][5286.625s][info][gc,start    ] GC(619) Pause Young (Normal) (G1 Evacuation Pause)
[2025-12-22T22:23:40.129+0000][5286.626s][info][gc,task     ] GC(619) Using 3 workers of 3 for evacuation
[2025-12-22T22:23:40.134+0000][5286.630s][info][gc,phases   ] GC(619)   Pre Evacuate Collection Set: 0.2ms
[2025-12-22T22:23:40.134+0000][5286.630s][info][gc,phases   ] GC(619)   Merge Heap Roots: 0.2ms
[2025-12-22T22:23:40.134+0000][5286.630s][info][gc,phases   ] GC(619)   Evacuate Collection Set: 2.8ms
[2025-12-22T22:23:40.134+0000][5286.630s][info][gc,phases   ] GC(619)   Post Evacuate Collection Set: 0.9ms
[2025-12-22T22:23:40.134+0000][5286.631s][info][gc,phases   ] GC(619)   Other: 0.9ms
[2025-12-22T22:23:40.134+0000][5286.631s][info][gc,heap     ] GC(619) Eden regions: 674->0(674)
[2025-12-22T22:23:40.134+0000][5286.631s][info][gc,heap     ] GC(619) Survivor regions: 2->2(85)
[2025-12-22T22:23:40.134+0000][5286.631s][info][gc,heap     ] GC(619) Old regions: 57->57
[2025-12-22T22:23:40.135+0000][5286.631s][info][gc,heap     ] GC(619) Archive regions: 2->2
[2025-12-22T22:23:40.135+0000][5286.631s][info][gc,heap     ] GC(619) Humongous regions: 37->37
[2025-12-22T22:23:40.135+0000][5286.631s][info][gc,metaspace] GC(619) Metaspace: 87819K(88832K)->87819K(88832K) NonClass: 76497K(76992K)->76497K(76992K) Class: 11322K(11840K)->11322K(11840K)
[2025-12-22T22:23:40.135+0000][5286.631s][info][gc          ] GC(619) Pause Young (Normal) (G1 Evacuation Pause) 769M->95M(1128M) 5.703ms
[2025-12-22T22:23:40.135+0000][5286.631s][info][gc,cpu      ] GC(619) User=0.01s Sys=0.00s Real=0.01s
[2025-12-22T22:23:48.877+0000][5295.373s][info][gc,start    ] GC(620) Pause Young (Normal) (G1 Evacuation Pause)
[2025-12-22T22:23:48.878+0000][5295.374s][info][gc,task     ] GC(620) Using 3 workers of 3 for evacuation
[2025-12-22T22:23:48.892+0000][5295.388s][info][gc,phases   ] GC(620)   Pre Evacuate Collection Set: 0.8ms
[2025-12-22T22:23:48.892+0000][5295.388s][info][gc,phases   ] GC(620)   Merge Heap Roots: 0.3ms
[2025-12-22T22:23:48.892+0000][5295.389s][info][gc,phases   ] GC(620)   Evacuate Collection Set: 9.5ms
[2025-12-22T22:23:48.893+0000][5295.389s][info][gc,phases   ] GC(620)   Post Evacuate Collection Set: 2.2ms
[2025-12-22T22:23:48.893+0000][5295.389s][info][gc,phases   ] GC(620)   Other: 5.2ms
[2025-12-22T22:23:48.893+0000][5295.389s][info][gc,heap     ] GC(620) Eden regions: 674->0(675)
[2025-12-22T22:23:48.893+0000][5295.389s][info][gc,heap     ] GC(620) Survivor regions: 2->1(85)
[2025-12-22T22:23:48.893+0000][5295.389s][info][gc,heap     ] GC(620) Old regions: 57->57
[2025-12-22T22:23:48.893+0000][5295.390s][info][gc,heap     ] GC(620) Archive regions: 2->2
[2025-12-22T22:23:48.894+0000][5295.390s][info][gc,heap     ] GC(620) Humongous regions: 37->37
[2025-12-22T22:23:48.894+0000][5295.390s][info][gc,metaspace] GC(620) Metaspace: 87819K(88832K)->87819K(88832K) NonClass: 76497K(76992K)->76497K(76992K) Class: 11322K(11840K)->11322K(11840K)
[2025-12-22T22:23:48.894+0000][5295.390s][info][gc          ] GC(620) Pause Young (Normal) (G1 Evacuation Pause) 769M->95M(1128M) 18.529ms
[2025-12-22T22:23:48.894+0000][5295.390s][info][gc,cpu      ] GC(620) User=0.01s Sys=0.01s Real=0.01s
[2025-12-22T22:23:57.938+0000][5304.435s][info][gc,start    ] GC(621) Pause Young (Normal) (G1 Evacuation Pause)
[2025-12-22T22:23:57.939+0000][5304.435s][info][gc,task     ] GC(621) Using 3 workers of 3 for evacuation
[2025-12-22T22:23:57.943+0000][5304.439s][info][gc,phases   ] GC(621)   Pre Evacuate Collection Set: 0.3ms
[2025-12-22T22:23:57.943+0000][5304.440s][info][gc,phases   ] GC(621)   Merge Heap Roots: 0.2ms
[2025-12-22T22:23:57.943+0000][5304.440s][info][gc,phases   ] GC(621)   Evacuate Collection Set: 2.4ms
[2025-12-22T22:23:57.944+0000][5304.440s][info][gc,phases   ] GC(621)   Post Evacuate Collection Set: 1.1ms
[2025-12-22T22:23:57.944+0000][5304.440s][info][gc,phases   ] GC(621)   Other: 0.8ms
[2025-12-22T22:23:57.944+0000][5304.440s][info][gc,heap     ] GC(621) Eden regions: 675->0(675)
[2025-12-22T22:23:57.944+0000][5304.440s][info][gc,heap     ] GC(621) Survivor regions: 1->1(85)
[2025-12-22T22:23:57.944+0000][5304.440s][info][gc,heap     ] GC(621) Old regions: 57->57
[2025-12-22T22:23:57.944+0000][5304.440s][info][gc,heap     ] GC(621) Archive regions: 2->2
[2025-12-22T22:23:57.944+0000][5304.441s][info][gc,heap     ] GC(621) Humongous regions: 37->37
[2025-12-22T22:23:57.944+0000][5304.441s][info][gc,metaspace] GC(621) Metaspace: 87819K(88832K)->87819K(88832K) NonClass: 76497K(76992K)->76497K(76992K) Class: 11322K(11840K)->11322K(11840K)
[2025-12-22T22:23:57.945+0000][5304.441s][info][gc          ] GC(621) Pause Young (Normal) (G1 Evacuation Pause) 770M->95M(1128M) 6.097ms
[2025-12-22T22:23:57.945+0000][5304.441s][info][gc,cpu      ] GC(621) User=0.01s Sys=0.00s Real=0.00s
[2025-12-22T22:24:06.710+0000][5313.207s][info][gc,start    ] GC(622) Pause Young (Normal) (G1 Evacuation Pause)
[2025-12-22T22:24:06.711+0000][5313.207s][info][gc,task     ] GC(622) Using 3 workers of 3 for evacuation
[2025-12-22T22:24:06.715+0000][5313.211s][info][gc,phases   ] GC(622)   Pre Evacuate Collection Set: 0.4ms
[2025-12-22T22:24:06.715+0000][5313.211s][info][gc,phases   ] GC(622)   Merge Heap Roots: 0.2ms
[2025-12-22T22:24:06.715+0000][5313.211s][info][gc,phases   ] GC(622)   Evacuate Collection Set: 1.8ms
[2025-12-22T22:24:06.715+0000][5313.212s][info][gc,phases   ] GC(622)   Post Evacuate Collection Set: 1.2ms
[2025-12-22T22:24:06.715+0000][5313.212s][info][gc,phases   ] GC(622)   Other: 1.0ms
[2025-12-22T22:24:06.716+0000][5313.212s][info][gc,heap     ] GC(622) Eden regions: 675->0(675)
[2025-12-22T22:24:06.716+0000][5313.212s][info][gc,heap     ] GC(622) Survivor regions: 1->1(85)
[2025-12-22T22:24:06.716+0000][5313.212s][info][gc,heap     ] GC(622) Old regions: 57->57
[2025-12-22T22:24:06.716+0000][5313.212s][info][gc,heap     ] GC(622) Archive regions: 2->2
[2025-12-22T22:24:06.716+0000][5313.212s][info][gc,heap     ] GC(622) Humongous regions: 37->37
[2025-12-22T22:24:06.716+0000][5313.212s][info][gc,metaspace] GC(622) Metaspace: 87819K(88832K)->87819K(88832K) NonClass: 76497K(76992K)->76497K(76992K) Class: 11322K(11840K)->11322K(11840K)
[2025-12-22T22:24:06.717+0000][5313.213s][info][gc          ] GC(622) Pause Young (Normal) (G1 Evacuation Pause) 770M->95M(1128M) 6.263ms
[2025-12-22T22:24:06.717+0000][5313.213s][info][gc,cpu      ] GC(622) User=0.01s Sys=0.00s Real=0.01s
[2025-12-22T22:24:14.623+0000][5321.119s][info][gc,start    ] GC(623) Pause Young (Normal) (G1 Evacuation Pause)
[2025-12-22T22:24:14.624+0000][5321.120s][info][gc,task     ] GC(623) Using 3 workers of 3 for evacuation
[2025-12-22T22:24:14.627+0000][5321.123s][info][gc,phases   ] GC(623)   Pre Evacuate Collection Set: 0.3ms
[2025-12-22T22:24:14.627+0000][5321.123s][info][gc,phases   ] GC(623)   Merge Heap Roots: 0.1ms
[2025-12-22T22:24:14.627+0000][5321.123s][info][gc,phases   ] GC(623)   Evacuate Collection Set: 1.9ms
[2025-12-22T22:24:14.627+0000][5321.123s][info][gc,phases   ] GC(623)   Post Evacuate Collection Set: 0.7ms
[2025-12-22T22:24:14.627+0000][5321.123s][info][gc,phases   ] GC(623)   Other: 1.0ms
[2025-12-22T22:24:14.627+0000][5321.123s][info][gc,heap     ] GC(623) Eden regions: 675->0(675)
[2025-12-22T22:24:14.627+0000][5321.124s][info][gc,heap     ] GC(623) Survivor regions: 1->1(85)
[2025-12-22T22:24:14.627+0000][5321.124s][info][gc,heap     ] GC(623) Old regions: 57->57
[2025-12-22T22:24:14.627+0000][5321.124s][info][gc,heap     ] GC(623) Archive regions: 2->2
[2025-12-22T22:24:14.627+0000][5321.124s][info][gc,heap     ] GC(623) Humongous regions: 37->37
[2025-12-22T22:24:14.627+0000][5321.124s][info][gc,metaspace] GC(623) Metaspace: 87819K(88832K)->87819K(88832K) NonClass: 76497K(76992K)->76497K(76992K) Class: 11322K(11840K)->11322K(11840K)
[2025-12-22T22:24:14.628+0000][5321.124s][info][gc          ] GC(623) Pause Young (Normal) (G1 Evacuation Pause) 770M->95M(1128M) 4.538ms
[2025-12-22T22:24:14.628+0000][5321.124s][info][gc,cpu      ] GC(623) User=0.01s Sys=0.00s Real=0.01s
[2025-12-22T22:24:24.294+0000][5330.790s][info][gc,start    ] GC(624) Pause Young (Normal) (G1 Evacuation Pause)
[2025-12-22T22:24:24.294+0000][5330.790s][info][gc,task     ] GC(624) Using 3 workers of 3 for evacuation
[2025-12-22T22:24:24.296+0000][5330.793s][info][gc,phases   ] GC(624)   Pre Evacuate Collection Set: 0.2ms
[2025-12-22T22:24:24.297+0000][5330.793s][info][gc,phases   ] GC(624)   Merge Heap Roots: 0.1ms
[2025-12-22T22:24:24.297+0000][5330.793s][info][gc,phases   ] GC(624)   Evacuate Collection Set: 1.3ms
[2025-12-22T22:24:24.297+0000][5330.793s][info][gc,phases   ] GC(624)   Post Evacuate Collection Set: 0.5ms
[2025-12-22T22:24:24.297+0000][5330.793s][info][gc,phases   ] GC(624)   Other: 0.9ms
[2025-12-22T22:24:24.297+0000][5330.793s][info][gc,heap     ] GC(624) Eden regions: 675->0(675)
[2025-12-22T22:24:24.297+0000][5330.793s][info][gc,heap     ] GC(624) Survivor regions: 1->1(85)
[2025-12-22T22:24:24.297+0000][5330.794s][info][gc,heap     ] GC(624) Old regions: 57->57
[2025-12-22T22:24:24.297+0000][5330.794s][info][gc,heap     ] GC(624) Archive regions: 2->2
[2025-12-22T22:24:24.297+0000][5330.794s][info][gc,heap     ] GC(624) Humongous regions: 37->37
[2025-12-22T22:24:24.298+0000][5330.794s][info][gc,metaspace] GC(624) Metaspace: 87819K(88832K)->87819K(88832K) NonClass: 76497K(76992K)->76497K(76992K) Class: 11322K(11840K)->11322K(11840K)
[2025-12-22T22:24:24.298+0000][5330.794s][info][gc          ] GC(624) Pause Young (Normal) (G1 Evacuation Pause) 770M->95M(1128M) 4.058ms
[2025-12-22T22:24:24.298+0000][5330.794s][info][gc,cpu      ] GC(624) User=0.01s Sys=0.00s Real=0.01s
[2025-12-22T22:24:32.913+0000][5339.409s][info][gc,start    ] GC(625) Pause Young (Normal) (G1 Evacuation Pause)
[2025-12-22T22:24:32.914+0000][5339.410s][info][gc,task     ] GC(625) Using 3 workers of 3 for evacuation
[2025-12-22T22:24:32.919+0000][5339.416s][info][gc,phases   ] GC(625)   Pre Evacuate Collection Set: 0.5ms
[2025-12-22T22:24:32.920+0000][5339.416s][info][gc,phases   ] GC(625)   Merge Heap Roots: 0.3ms
[2025-12-22T22:24:32.920+0000][5339.417s][info][gc,phases   ] GC(625)   Evacuate Collection Set: 3.3ms
[2025-12-22T22:24:32.921+0000][5339.417s][info][gc,phases   ] GC(625)   Post Evacuate Collection Set: 1.0ms
[2025-12-22T22:24:32.921+0000][5339.417s][info][gc,phases   ] GC(625)   Other: 2.1ms
[2025-12-22T22:24:32.921+0000][5339.417s][info][gc,heap     ] GC(625) Eden regions: 675->0(675)
[2025-12-22T22:24:32.921+0000][5339.417s][info][gc,heap     ] GC(625) Survivor regions: 1->1(85)
[2025-12-22T22:24:32.921+0000][5339.417s][info][gc,heap     ] GC(625) Old regions: 57->57
[2025-12-22T22:24:32.921+0000][5339.417s][info][gc,heap     ] GC(625) Archive regions: 2->2
[2025-12-22T22:24:32.921+0000][5339.417s][info][gc,heap     ] GC(625) Humongous regions: 37->37
[2025-12-22T22:24:32.921+0000][5339.417s][info][gc,metaspace] GC(625) Metaspace: 87819K(88832K)->87819K(88832K) NonClass: 76497K(76992K)->76497K(76992K) Class: 11322K(11840K)->11322K(11840K)
[2025-12-22T22:24:32.921+0000][5339.417s][info][gc          ] GC(625) Pause Young (Normal) (G1 Evacuation Pause) 770M->95M(1128M) 8.485ms
[2025-12-22T22:24:32.921+0000][5339.418s][info][gc,cpu      ] GC(625) User=0.01s Sys=0.00s Real=0.01s
[2025-12-22T22:24:42.574+0000][5349.070s][info][gc,start    ] GC(626) Pause Young (Normal) (G1 Evacuation Pause)
[2025-12-22T22:24:42.575+0000][5349.071s][info][gc,task     ] GC(626) Using 3 workers of 3 for evacuation
[2025-12-22T22:24:42.580+0000][5349.076s][info][gc,phases   ] GC(626)   Pre Evacuate Collection Set: 0.3ms
[2025-12-22T22:24:42.580+0000][5349.077s][info][gc,phases   ] GC(626)   Merge Heap Roots: 0.3ms
[2025-12-22T22:24:42.580+0000][5349.077s][info][gc,phases   ] GC(626)   Evacuate Collection Set: 2.5ms
[2025-12-22T22:24:42.581+0000][5349.077s][info][gc,phases   ] GC(626)   Post Evacuate Collection Set: 1.1ms
[2025-12-22T22:24:42.581+0000][5349.077s][info][gc,phases   ] GC(626)   Other: 2.4ms
[2025-12-22T22:24:42.581+0000][5349.077s][info][gc,heap     ] GC(626) Eden regions: 675->0(675)
[2025-12-22T22:24:42.581+0000][5349.077s][info][gc,heap     ] GC(626) Survivor regions: 1->1(85)
[2025-12-22T22:24:42.581+0000][5349.077s][info][gc,heap     ] GC(626) Old regions: 57->57
[2025-12-22T22:24:42.581+0000][5349.077s][info][gc,heap     ] GC(626) Archive regions: 2->2
[2025-12-22T22:24:42.581+0000][5349.077s][info][gc,heap     ] GC(626) Humongous regions: 37->37
[2025-12-22T22:24:42.581+0000][5349.077s][info][gc,metaspace] GC(626) Metaspace: 87820K(88832K)->87820K(88832K) NonClass: 76498K(76992K)->76498K(76992K) Class: 11322K(11840K)->11322K(11840K)
[2025-12-22T22:24:42.581+0000][5349.078s][info][gc          ] GC(626) Pause Young (Normal) (G1 Evacuation Pause) 770M->95M(1128M) 7.530ms
[2025-12-22T22:24:42.581+0000][5349.078s][info][gc,cpu      ] GC(626) User=0.01s Sys=0.00s Real=0.01s
[2025-12-22T22:24:51.161+0000][5357.657s][info][gc,start    ] GC(627) Pause Young (Normal) (G1 Evacuation Pause)
[2025-12-22T22:24:51.162+0000][5357.658s][info][gc,task     ] GC(627) Using 3 workers of 3 for evacuation
[2025-12-22T22:24:51.168+0000][5357.664s][info][gc,phases   ] GC(627)   Pre Evacuate Collection Set: 0.4ms
[2025-12-22T22:24:51.168+0000][5357.664s][info][gc,phases   ] GC(627)   Merge Heap Roots: 0.2ms
[2025-12-22T22:24:51.168+0000][5357.664s][info][gc,phases   ] GC(627)   Evacuate Collection Set: 2.4ms
[2025-12-22T22:24:51.168+0000][5357.664s][info][gc,phases   ] GC(627)   Post Evacuate Collection Set: 1.3ms
[2025-12-22T22:24:51.168+0000][5357.664s][info][gc,phases   ] GC(627)   Other: 3.0ms
[2025-12-22T22:24:51.168+0000][5357.664s][info][gc,heap     ] GC(627) Eden regions: 675->0(675)
[2025-12-22T22:24:51.168+0000][5357.665s][info][gc,heap     ] GC(627) Survivor regions: 1->1(85)
[2025-12-22T22:24:51.168+0000][5357.665s][info][gc,heap     ] GC(627) Old regions: 57->57
[2025-12-22T22:24:51.169+0000][5357.665s][info][gc,heap     ] GC(627) Archive regions: 2->2
[2025-12-22T22:24:51.169+0000][5357.665s][info][gc,heap     ] GC(627) Humongous regions: 37->37
[2025-12-22T22:24:51.169+0000][5357.665s][info][gc,metaspace] GC(627) Metaspace: 87820K(88832K)->87820K(88832K) NonClass: 76498K(76992K)->76498K(76992K) Class: 11322K(11840K)->11322K(11840K)
[2025-12-22T22:24:51.169+0000][5357.665s][info][gc          ] GC(627) Pause Young (Normal) (G1 Evacuation Pause) 770M->95M(1128M) 7.858ms
[2025-12-22T22:24:51.169+0000][5357.665s][info][gc,cpu      ] GC(627) User=0.01s Sys=0.01s Real=0.01s
[2025-12-22T22:24:59.090+0000][5365.586s][info][gc,start    ] GC(628) Pause Young (Normal) (G1 Evacuation Pause)
[2025-12-22T22:24:59.090+0000][5365.586s][info][gc,task     ] GC(628) Using 3 workers of 3 for evacuation
[2025-12-22T22:24:59.093+0000][5365.589s][info][gc,phases   ] GC(628)   Pre Evacuate Collection Set: 0.2ms
[2025-12-22T22:24:59.093+0000][5365.589s][info][gc,phases   ] GC(628)   Merge Heap Roots: 0.1ms
[2025-12-22T22:24:59.093+0000][5365.589s][info][gc,phases   ] GC(628)   Evacuate Collection Set: 1.3ms
[2025-12-22T22:24:59.093+0000][5365.589s][info][gc,phases   ] GC(628)   Post Evacuate Collection Set: 0.5ms
[2025-12-22T22:24:59.093+0000][5365.589s][info][gc,phases   ] GC(628)   Other: 0.8ms
[2025-12-22T22:24:59.093+0000][5365.589s][info][gc,heap     ] GC(628) Eden regions: 675->0(675)
[2025-12-22T22:24:59.093+0000][5365.589s][info][gc,heap     ] GC(628) Survivor regions: 1->1(85)
[2025-12-22T22:24:59.093+0000][5365.589s][info][gc,heap     ] GC(628) Old regions: 57->57
[2025-12-22T22:24:59.093+0000][5365.590s][info][gc,heap     ] GC(628) Archive regions: 2->2
[2025-12-22T22:24:59.093+0000][5365.590s][info][gc,heap     ] GC(628) Humongous regions: 37->37
[2025-12-22T22:24:59.093+0000][5365.590s][info][gc,metaspace] GC(628) Metaspace: 87820K(88832K)->87820K(88832K) NonClass: 76498K(76992K)->76498K(76992K) Class: 11322K(11840K)->11322K(11840K)
[2025-12-22T22:24:59.094+0000][5365.590s][info][gc          ] GC(628) Pause Young (Normal) (G1 Evacuation Pause) 770M->95M(1128M) 3.774ms
[2025-12-22T22:24:59.094+0000][5365.590s][info][gc,cpu      ] GC(628) User=0.00s Sys=0.00s Real=0.00s
[2025-12-22T22:25:08.572+0000][5375.068s][info][gc,start    ] GC(629) Pause Young (Normal) (G1 Evacuation Pause)
[2025-12-22T22:25:08.573+0000][5375.069s][info][gc,task     ] GC(629) Using 3 workers of 3 for evacuation
[2025-12-22T22:25:08.577+0000][5375.073s][info][gc,phases   ] GC(629)   Pre Evacuate Collection Set: 0.3ms
[2025-12-22T22:25:08.577+0000][5375.073s][info][gc,phases   ] GC(629)   Merge Heap Roots: 0.1ms
[2025-12-22T22:25:08.577+0000][5375.074s][info][gc,phases   ] GC(629)   Evacuate Collection Set: 2.7ms
[2025-12-22T22:25:08.577+0000][5375.074s][info][gc,phases   ] GC(629)   Post Evacuate Collection Set: 1.1ms
[2025-12-22T22:25:08.578+0000][5375.074s][info][gc,phases   ] GC(629)   Other: 1.3ms
[2025-12-22T22:25:08.578+0000][5375.074s][info][gc,heap     ] GC(629) Eden regions: 675->0(675)
[2025-12-22T22:25:08.578+0000][5375.074s][info][gc,heap     ] GC(629) Survivor regions: 1->1(85)
[2025-12-22T22:25:08.578+0000][5375.074s][info][gc,heap     ] GC(629) Old regions: 57->57
[2025-12-22T22:25:08.578+0000][5375.074s][info][gc,heap     ] GC(629) Archive regions: 2->2
[2025-12-22T22:25:08.578+0000][5375.074s][info][gc,heap     ] GC(629) Humongous regions: 37->37
[2025-12-22T22:25:08.578+0000][5375.074s][info][gc,metaspace] GC(629) Metaspace: 87820K(88832K)->87820K(88832K) NonClass: 76498K(76992K)->76498K(76992K) Class: 11322K(11840K)->11322K(11840K)
[2025-12-22T22:25:08.578+0000][5375.075s][info][gc          ] GC(629) Pause Young (Normal) (G1 Evacuation Pause) 770M->95M(1128M) 6.898ms
[2025-12-22T22:25:08.579+0000][5375.075s][info][gc,cpu      ] GC(629) User=0.02s Sys=0.00s Real=0.01s
[2025-12-22T22:25:16.748+0000][5383.244s][info][gc,start    ] GC(630) Pause Young (Normal) (G1 Evacuation Pause)
[2025-12-22T22:25:16.749+0000][5383.245s][info][gc,task     ] GC(630) Using 3 workers of 3 for evacuation
[2025-12-22T22:25:16.755+0000][5383.252s][info][gc,phases   ] GC(630)   Pre Evacuate Collection Set: 0.7ms
[2025-12-22T22:25:16.756+0000][5383.252s][info][gc,phases   ] GC(630)   Merge Heap Roots: 0.1ms
[2025-12-22T22:25:16.756+0000][5383.252s][info][gc,phases   ] GC(630)   Evacuate Collection Set: 2.9ms
[2025-12-22T22:25:16.756+0000][5383.252s][info][gc,phases   ] GC(630)   Post Evacuate Collection Set: 2.6ms
[2025-12-22T22:25:16.756+0000][5383.252s][info][gc,phases   ] GC(630)   Other: 1.3ms
[2025-12-22T22:25:16.756+0000][5383.252s][info][gc,heap     ] GC(630) Eden regions: 675->0(675)
[2025-12-22T22:25:16.756+0000][5383.253s][info][gc,heap     ] GC(630) Survivor regions: 1->1(85)
[2025-12-22T22:25:16.757+0000][5383.253s][info][gc,heap     ] GC(630) Old regions: 57->57
[2025-12-22T22:25:16.757+0000][5383.253s][info][gc,heap     ] GC(630) Archive regions: 2->2
[2025-12-22T22:25:16.757+0000][5383.253s][info][gc,heap     ] GC(630) Humongous regions: 37->37
[2025-12-22T22:25:16.757+0000][5383.253s][info][gc,metaspace] GC(630) Metaspace: 87820K(88832K)->87820K(88832K) NonClass: 76498K(76992K)->76498K(76992K) Class: 11322K(11840K)->11322K(11840K)
[2025-12-22T22:25:16.757+0000][5383.254s][info][gc          ] GC(630) Pause Young (Normal) (G1 Evacuation Pause) 770M->95M(1128M) 9.453ms
[2025-12-22T22:25:16.758+0000][5383.254s][info][gc,cpu      ] GC(630) User=0.01s Sys=0.00s Real=0.01s
[2025-12-22T22:25:26.766+0000][5393.262s][info][gc,start    ] GC(631) Pause Young (Normal) (G1 Evacuation Pause)
[2025-12-22T22:25:26.767+0000][5393.263s][info][gc,task     ] GC(631) Using 3 workers of 3 for evacuation
[2025-12-22T22:25:26.771+0000][5393.267s][info][gc,phases   ] GC(631)   Pre Evacuate Collection Set: 0.3ms
[2025-12-22T22:25:26.771+0000][5393.267s][info][gc,phases   ] GC(631)   Merge Heap Roots: 0.4ms
[2025-12-22T22:25:26.771+0000][5393.267s][info][gc,phases   ] GC(631)   Evacuate Collection Set: 1.7ms
[2025-12-22T22:25:26.771+0000][5393.267s][info][gc,phases   ] GC(631)   Post Evacuate Collection Set: 0.9ms
[2025-12-22T22:25:26.771+0000][5393.267s][info][gc,phases   ] GC(631)   Other: 1.9ms
[2025-12-22T22:25:26.771+0000][5393.267s][info][gc,heap     ] GC(631) Eden regions: 675->0(675)
[2025-12-22T22:25:26.771+0000][5393.267s][info][gc,heap     ] GC(631) Survivor regions: 1->1(85)
[2025-12-22T22:25:26.771+0000][5393.267s][info][gc,heap     ] GC(631) Old regions: 57->57
[2025-12-22T22:25:26.771+0000][5393.268s][info][gc,heap     ] GC(631) Archive regions: 2->2
[2025-12-22T22:25:26.771+0000][5393.268s][info][gc,heap     ] GC(631) Humongous regions: 37->37
[2025-12-22T22:25:26.771+0000][5393.268s][info][gc,metaspace] GC(631) Metaspace: 87820K(88832K)->87820K(88832K) NonClass: 76498K(76992K)->76498K(76992K) Class: 11322K(11840K)->11322K(11840K)
[2025-12-22T22:25:26.772+0000][5393.268s][info][gc          ] GC(631) Pause Young (Normal) (G1 Evacuation Pause) 770M->95M(1128M) 5.808ms
[2025-12-22T22:25:26.772+0000][5393.268s][info][gc,cpu      ] GC(631) User=0.01s Sys=0.00s Real=0.00s
[2025-12-22T22:25:35.481+0000][5401.977s][info][gc,start    ] GC(632) Pause Young (Normal) (G1 Evacuation Pause)
[2025-12-22T22:25:35.481+0000][5401.978s][info][gc,task     ] GC(632) Using 3 workers of 3 for evacuation
[2025-12-22T22:25:35.488+0000][5401.984s][info][gc,phases   ] GC(632)   Pre Evacuate Collection Set: 0.7ms
[2025-12-22T22:25:35.488+0000][5401.984s][info][gc,phases   ] GC(632)   Merge Heap Roots: 0.4ms
[2025-12-22T22:25:35.488+0000][5401.984s][info][gc,phases   ] GC(632)   Evacuate Collection Set: 2.7ms
[2025-12-22T22:25:35.488+0000][5401.984s][info][gc,phases   ] GC(632)   Post Evacuate Collection Set: 1.2ms
[2025-12-22T22:25:35.488+0000][5401.984s][info][gc,phases   ] GC(632)   Other: 3.2ms
[2025-12-22T22:25:35.488+0000][5401.984s][info][gc,heap     ] GC(632) Eden regions: 675->0(675)
[2025-12-22T22:25:35.488+0000][5401.984s][info][gc,heap     ] GC(632) Survivor regions: 1->1(85)
[2025-12-22T22:25:35.488+0000][5401.984s][info][gc,heap     ] GC(632) Old regions: 57->57
[2025-12-22T22:25:35.488+0000][5401.984s][info][gc,heap     ] GC(632) Archive regions: 2->2
[2025-12-22T22:25:35.488+0000][5401.985s][info][gc,heap     ] GC(632) Humongous regions: 37->37
[2025-12-22T22:25:35.488+0000][5401.985s][info][gc,metaspace] GC(632) Metaspace: 87820K(88832K)->87820K(88832K) NonClass: 76498K(76992K)->76498K(76992K) Class: 11322K(11840K)->11322K(11840K)
[2025-12-22T22:25:35.488+0000][5401.985s][info][gc          ] GC(632) Pause Young (Normal) (G1 Evacuation Pause) 770M->95M(1128M) 7.667ms
[2025-12-22T22:25:35.489+0000][5401.985s][info][gc,cpu      ] GC(632) User=0.01s Sys=0.00s Real=0.01s
[2025-12-22T22:25:43.433+0000][5409.929s][info][gc,start    ] GC(633) Pause Young (Normal) (G1 Evacuation Pause)
[2025-12-22T22:25:43.434+0000][5409.930s][info][gc,task     ] GC(633) Using 3 workers of 3 for evacuation
[2025-12-22T22:25:43.436+0000][5409.932s][info][gc,phases   ] GC(633)   Pre Evacuate Collection Set: 0.2ms
[2025-12-22T22:25:43.436+0000][5409.932s][info][gc,phases   ] GC(633)   Merge Heap Roots: 0.1ms
[2025-12-22T22:25:43.436+0000][5409.933s][info][gc,phases   ] GC(633)   Evacuate Collection Set: 1.4ms
[2025-12-22T22:25:43.436+0000][5409.933s][info][gc,phases   ] GC(633)   Post Evacuate Collection Set: 0.5ms
[2025-12-22T22:25:43.436+0000][5409.933s][info][gc,phases   ] GC(633)   Other: 0.8ms
[2025-12-22T22:25:43.437+0000][5409.933s][info][gc,heap     ] GC(633) Eden regions: 675->0(675)
[2025-12-22T22:25:43.437+0000][5409.933s][info][gc,heap     ] GC(633) Survivor regions: 1->1(85)
[2025-12-22T22:25:43.437+0000][5409.933s][info][gc,heap     ] GC(633) Old regions: 57->57
[2025-12-22T22:25:43.437+0000][5409.933s][info][gc,heap     ] GC(633) Archive regions: 2->2
[2025-12-22T22:25:43.437+0000][5409.933s][info][gc,heap     ] GC(633) Humongous regions: 37->37
[2025-12-22T22:25:43.437+0000][5409.933s][info][gc,metaspace] GC(633) Metaspace: 87820K(88832K)->87820K(88832K) NonClass: 76498K(76992K)->76498K(76992K) Class: 11322K(11840K)->11322K(11840K)
[2025-12-22T22:25:43.437+0000][5409.933s][info][gc          ] GC(633) Pause Young (Normal) (G1 Evacuation Pause) 770M->95M(1128M) 3.808ms
[2025-12-22T22:25:43.437+0000][5409.933s][info][gc,cpu      ] GC(633) User=0.01s Sys=0.00s Real=0.01s
[2025-12-22T22:25:52.827+0000][5419.324s][info][gc,start    ] GC(634) Pause Young (Normal) (G1 Evacuation Pause)
[2025-12-22T22:25:52.828+0000][5419.325s][info][gc,task     ] GC(634) Using 3 workers of 3 for evacuation
[2025-12-22T22:25:52.830+0000][5419.327s][info][gc,phases   ] GC(634)   Pre Evacuate Collection Set: 0.1ms
[2025-12-22T22:25:52.831+0000][5419.327s][info][gc,phases   ] GC(634)   Merge Heap Roots: 0.1ms
[2025-12-22T22:25:52.831+0000][5419.327s][info][gc,phases   ] GC(634)   Evacuate Collection Set: 1.1ms
[2025-12-22T22:25:52.831+0000][5419.327s][info][gc,phases   ] GC(634)   Post Evacuate Collection Set: 0.4ms
[2025-12-22T22:25:52.831+0000][5419.327s][info][gc,phases   ] GC(634)   Other: 1.4ms
[2025-12-22T22:25:52.831+0000][5419.327s][info][gc,heap     ] GC(634) Eden regions: 675->0(675)
[2025-12-22T22:25:52.831+0000][5419.327s][info][gc,heap     ] GC(634) Survivor regions: 1->1(85)
[2025-12-22T22:25:52.831+0000][5419.327s][info][gc,heap     ] GC(634) Old regions: 57->57
[2025-12-22T22:25:52.831+0000][5419.327s][info][gc,heap     ] GC(634) Archive regions: 2->2
[2025-12-22T22:25:52.831+0000][5419.328s][info][gc,heap     ] GC(634) Humongous regions: 37->37
[2025-12-22T22:25:52.831+0000][5419.328s][info][gc,metaspace] GC(634) Metaspace: 87820K(88832K)->87820K(88832K) NonClass: 76498K(76992K)->76498K(76992K) Class: 11322K(11840K)->11322K(11840K)
[2025-12-22T22:25:52.832+0000][5419.328s][info][gc          ] GC(634) Pause Young (Normal) (G1 Evacuation Pause) 770M->95M(1128M) 4.156ms
[2025-12-22T22:25:52.832+0000][5419.328s][info][gc,cpu      ] GC(634) User=0.00s Sys=0.00s Real=0.00s
[2025-12-22T22:26:01.390+0000][5427.886s][info][gc,start    ] GC(635) Pause Young (Normal) (G1 Evacuation Pause)
[2025-12-22T22:26:01.391+0000][5427.887s][info][gc,task     ] GC(635) Using 3 workers of 3 for evacuation
[2025-12-22T22:26:01.397+0000][5427.893s][info][gc,phases   ] GC(635)   Pre Evacuate Collection Set: 0.6ms
[2025-12-22T22:26:01.397+0000][5427.893s][info][gc,phases   ] GC(635)   Merge Heap Roots: 0.3ms
[2025-12-22T22:26:01.397+0000][5427.893s][info][gc,phases   ] GC(635)   Evacuate Collection Set: 3.1ms
[2025-12-22T22:26:01.397+0000][5427.893s][info][gc,phases   ] GC(635)   Post Evacuate Collection Set: 1.4ms
[2025-12-22T22:26:01.397+0000][5427.893s][info][gc,phases   ] GC(635)   Other: 1.2ms
[2025-12-22T22:26:01.397+0000][5427.893s][info][gc,heap     ] GC(635) Eden regions: 675->0(675)
[2025-12-22T22:26:01.397+0000][5427.893s][info][gc,heap     ] GC(635) Survivor regions: 1->1(85)
[2025-12-22T22:26:01.397+0000][5427.894s][info][gc,heap     ] GC(635) Old regions: 57->57
[2025-12-22T22:26:01.397+0000][5427.894s][info][gc,heap     ] GC(635) Archive regions: 2->2
[2025-12-22T22:26:01.397+0000][5427.894s][info][gc,heap     ] GC(635) Humongous regions: 37->37
[2025-12-22T22:26:01.398+0000][5427.894s][info][gc,metaspace] GC(635) Metaspace: 87820K(88832K)->87820K(88832K) NonClass: 76498K(76992K)->76498K(76992K) Class: 11322K(11840K)->11322K(11840K)
[2025-12-22T22:26:01.398+0000][5427.894s][info][gc          ] GC(635) Pause Young (Normal) (G1 Evacuation Pause) 770M->95M(1128M) 7.561ms
[2025-12-22T22:26:01.398+0000][5427.894s][info][gc,cpu      ] GC(635) User=0.02s Sys=0.01s Real=0.01s
[2025-12-22T22:26:11.795+0000][5438.291s][info][gc,start    ] GC(636) Pause Young (Normal) (G1 Evacuation Pause)
[2025-12-22T22:26:11.795+0000][5438.291s][info][gc,task     ] GC(636) Using 3 workers of 3 for evacuation
[2025-12-22T22:26:11.800+0000][5438.296s][info][gc,phases   ] GC(636)   Pre Evacuate Collection Set: 0.4ms
[2025-12-22T22:26:11.800+0000][5438.296s][info][gc,phases   ] GC(636)   Merge Heap Roots: 0.3ms
[2025-12-22T22:26:11.800+0000][5438.297s][info][gc,phases   ] GC(636)   Evacuate Collection Set: 3.0ms
[2025-12-22T22:26:11.800+0000][5438.297s][info][gc,phases   ] GC(636)   Post Evacuate Collection Set: 1.1ms
[2025-12-22T22:26:11.801+0000][5438.297s][info][gc,phases   ] GC(636)   Other: 1.0ms
[2025-12-22T22:26:11.801+0000][5438.297s][info][gc,heap     ] GC(636) Eden regions: 675->0(675)
[2025-12-22T22:26:11.801+0000][5438.297s][info][gc,heap     ] GC(636) Survivor regions: 1->1(85)
[2025-12-22T22:26:11.801+0000][5438.297s][info][gc,heap     ] GC(636) Old regions: 57->57
[2025-12-22T22:26:11.801+0000][5438.297s][info][gc,heap     ] GC(636) Archive regions: 2->2
[2025-12-22T22:26:11.801+0000][5438.297s][info][gc,heap     ] GC(636) Humongous regions: 37->37
[2025-12-22T22:26:11.801+0000][5438.297s][info][gc,metaspace] GC(636) Metaspace: 87820K(88832K)->87820K(88832K) NonClass: 76498K(76992K)->76498K(76992K) Class: 11322K(11840K)->11322K(11840K)
[2025-12-22T22:26:11.801+0000][5438.297s][info][gc          ] GC(636) Pause Young (Normal) (G1 Evacuation Pause) 770M->95M(1128M) 6.772ms
[2025-12-22T22:26:11.801+0000][5438.298s][info][gc,cpu      ] GC(636) User=0.02s Sys=0.00s Real=0.01s
[2025-12-22T22:26:19.821+0000][5446.317s][info][gc,start    ] GC(637) Pause Young (Normal) (G1 Evacuation Pause)
[2025-12-22T22:26:19.821+0000][5446.317s][info][gc,task     ] GC(637) Using 3 workers of 3 for evacuation
[2025-12-22T22:26:19.823+0000][5446.320s][info][gc,phases   ] GC(637)   Pre Evacuate Collection Set: 0.2ms
[2025-12-22T22:26:19.824+0000][5446.320s][info][gc,phases   ] GC(637)   Merge Heap Roots: 0.1ms
[2025-12-22T22:26:19.824+0000][5446.320s][info][gc,phases   ] GC(637)   Evacuate Collection Set: 1.5ms
[2025-12-22T22:26:19.824+0000][5446.320s][info][gc,phases   ] GC(637)   Post Evacuate Collection Set: 0.4ms
[2025-12-22T22:26:19.824+0000][5446.320s][info][gc,phases   ] GC(637)   Other: 0.7ms
[2025-12-22T22:26:19.824+0000][5446.320s][info][gc,heap     ] GC(637) Eden regions: 675->0(675)
[2025-12-22T22:26:19.824+0000][5446.320s][info][gc,heap     ] GC(637) Survivor regions: 1->1(85)
[2025-12-22T22:26:19.824+0000][5446.320s][info][gc,heap     ] GC(637) Old regions: 57->57
[2025-12-22T22:26:19.824+0000][5446.320s][info][gc,heap     ] GC(637) Archive regions: 2->2
[2025-12-22T22:26:19.824+0000][5446.320s][info][gc,heap     ] GC(637) Humongous regions: 37->37
[2025-12-22T22:26:19.824+0000][5446.320s][info][gc,metaspace] GC(637) Metaspace: 87823K(88832K)->87823K(88832K) NonClass: 76501K(76992K)->76501K(76992K) Class: 11322K(11840K)->11322K(11840K)
[2025-12-22T22:26:19.824+0000][5446.320s][info][gc          ] GC(637) Pause Young (Normal) (G1 Evacuation Pause) 770M->95M(1128M) 3.559ms
[2025-12-22T22:26:19.824+0000][5446.320s][info][gc,cpu      ] GC(637) User=0.01s Sys=0.00s Real=0.00s
[2025-12-22T22:26:27.938+0000][5454.434s][info][gc,start    ] GC(638) Pause Young (Normal) (G1 Evacuation Pause)
[2025-12-22T22:26:27.939+0000][5454.435s][info][gc,task     ] GC(638) Using 3 workers of 3 for evacuation
[2025-12-22T22:26:27.941+0000][5454.437s][info][gc,phases   ] GC(638)   Pre Evacuate Collection Set: 0.2ms
[2025-12-22T22:26:27.941+0000][5454.437s][info][gc,phases   ] GC(638)   Merge Heap Roots: 0.1ms
[2025-12-22T22:26:27.941+0000][5454.437s][info][gc,phases   ] GC(638)   Evacuate Collection Set: 1.1ms
[2025-12-22T22:26:27.941+0000][5454.437s][info][gc,phases   ] GC(638)   Post Evacuate Collection Set: 0.4ms
[2025-12-22T22:26:27.941+0000][5454.437s][info][gc,phases   ] GC(638)   Other: 0.7ms
[2025-12-22T22:26:27.941+0000][5454.437s][info][gc,heap     ] GC(638) Eden regions: 675->0(675)
[2025-12-22T22:26:27.941+0000][5454.437s][info][gc,heap     ] GC(638) Survivor regions: 1->1(85)
[2025-12-22T22:26:27.941+0000][5454.437s][info][gc,heap     ] GC(638) Old regions: 57->57
[2025-12-22T22:26:27.941+0000][5454.438s][info][gc,heap     ] GC(638) Archive regions: 2->2
[2025-12-22T22:26:27.941+0000][5454.438s][info][gc,heap     ] GC(638) Humongous regions: 37->37
[2025-12-22T22:26:27.941+0000][5454.438s][info][gc,metaspace] GC(638) Metaspace: 87823K(88832K)->87823K(88832K) NonClass: 76501K(76992K)->76501K(76992K) Class: 11322K(11840K)->11322K(11840K)
[2025-12-22T22:26:27.941+0000][5454.438s][info][gc          ] GC(638) Pause Young (Normal) (G1 Evacuation Pause) 770M->95M(1128M) 3.211ms
[2025-12-22T22:26:27.942+0000][5454.438s][info][gc,cpu      ] GC(638) User=0.01s Sys=0.00s Real=0.00s
[2025-12-22T22:26:37.407+0000][5463.903s][info][gc,start    ] GC(639) Pause Young (Normal) (G1 Evacuation Pause)
[2025-12-22T22:26:37.408+0000][5463.904s][info][gc,task     ] GC(639) Using 3 workers of 3 for evacuation
[2025-12-22T22:26:37.413+0000][5463.909s][info][gc,phases   ] GC(639)   Pre Evacuate Collection Set: 0.5ms
[2025-12-22T22:26:37.413+0000][5463.909s][info][gc,phases   ] GC(639)   Merge Heap Roots: 0.2ms
[2025-12-22T22:26:37.413+0000][5463.909s][info][gc,phases   ] GC(639)   Evacuate Collection Set: 3.5ms
[2025-12-22T22:26:37.413+0000][5463.909s][info][gc,phases   ] GC(639)   Post Evacuate Collection Set: 0.8ms
[2025-12-22T22:26:37.413+0000][5463.910s][info][gc,phases   ] GC(639)   Other: 1.0ms
[2025-12-22T22:26:37.413+0000][5463.910s][info][gc,heap     ] GC(639) Eden regions: 675->0(674)
[2025-12-22T22:26:37.414+0000][5463.910s][info][gc,heap     ] GC(639) Survivor regions: 1->2(85)
[2025-12-22T22:26:37.414+0000][5463.910s][info][gc,heap     ] GC(639) Old regions: 57->57
[2025-12-22T22:26:37.414+0000][5463.910s][info][gc,heap     ] GC(639) Archive regions: 2->2
[2025-12-22T22:26:37.414+0000][5463.910s][info][gc,heap     ] GC(639) Humongous regions: 37->37
[2025-12-22T22:26:37.414+0000][5463.910s][info][gc,metaspace] GC(639) Metaspace: 87827K(88832K)->87827K(88832K) NonClass: 76505K(76992K)->76505K(76992K) Class: 11322K(11840K)->11322K(11840K)
[2025-12-22T22:26:37.414+0000][5463.910s][info][gc          ] GC(639) Pause Young (Normal) (G1 Evacuation Pause) 770M->95M(1128M) 6.957ms
[2025-12-22T22:26:37.414+0000][5463.910s][info][gc,cpu      ] GC(639) User=0.01s Sys=0.00s Real=0.00s
[2025-12-22T22:26:45.339+0000][5471.836s][info][gc,start    ] GC(640) Pause Young (Normal) (G1 Evacuation Pause)
[2025-12-22T22:26:45.340+0000][5471.837s][info][gc,task     ] GC(640) Using 3 workers of 3 for evacuation
[2025-12-22T22:26:45.345+0000][5471.841s][info][gc,phases   ] GC(640)   Pre Evacuate Collection Set: 0.2ms
[2025-12-22T22:26:45.345+0000][5471.841s][info][gc,phases   ] GC(640)   Merge Heap Roots: 0.2ms
[2025-12-22T22:26:45.345+0000][5471.842s][info][gc,phases   ] GC(640)   Evacuate Collection Set: 2.0ms
[2025-12-22T22:26:45.345+0000][5471.842s][info][gc,phases   ] GC(640)   Post Evacuate Collection Set: 2.0ms
[2025-12-22T22:26:45.345+0000][5471.842s][info][gc,phases   ] GC(640)   Other: 1.4ms
[2025-12-22T22:26:45.346+0000][5471.842s][info][gc,heap     ] GC(640) Eden regions: 674->0(674)
[2025-12-22T22:26:45.346+0000][5471.842s][info][gc,heap     ] GC(640) Survivor regions: 2->2(85)
[2025-12-22T22:26:45.346+0000][5471.842s][info][gc,heap     ] GC(640) Old regions: 57->57
[2025-12-22T22:26:45.346+0000][5471.842s][info][gc,heap     ] GC(640) Archive regions: 2->2
[2025-12-22T22:26:45.346+0000][5471.842s][info][gc,heap     ] GC(640) Humongous regions: 37->37
[2025-12-22T22:26:45.346+0000][5471.842s][info][gc,metaspace] GC(640) Metaspace: 87827K(88832K)->87827K(88832K) NonClass: 76505K(76992K)->76505K(76992K) Class: 11322K(11840K)->11322K(11840K)
[2025-12-22T22:26:45.346+0000][5471.842s][info][gc          ] GC(640) Pause Young (Normal) (G1 Evacuation Pause) 769M->96M(1128M) 6.854ms
[2025-12-22T22:26:45.346+0000][5471.843s][info][gc,cpu      ] GC(640) User=0.01s Sys=0.00s Real=0.01s
[2025-12-22T22:26:54.807+0000][5481.304s][info][gc,start    ] GC(641) Pause Young (Normal) (G1 Evacuation Pause)
[2025-12-22T22:26:54.808+0000][5481.304s][info][gc,task     ] GC(641) Using 3 workers of 3 for evacuation
[2025-12-22T22:26:54.811+0000][5481.308s][info][gc,phases   ] GC(641)   Pre Evacuate Collection Set: 0.3ms
[2025-12-22T22:26:54.812+0000][5481.308s][info][gc,phases   ] GC(641)   Merge Heap Roots: 0.2ms
[2025-12-22T22:26:54.812+0000][5481.308s][info][gc,phases   ] GC(641)   Evacuate Collection Set: 2.0ms
[2025-12-22T22:26:54.812+0000][5481.308s][info][gc,phases   ] GC(641)   Post Evacuate Collection Set: 0.7ms
[2025-12-22T22:26:54.812+0000][5481.308s][info][gc,phases   ] GC(641)   Other: 0.9ms
[2025-12-22T22:26:54.812+0000][5481.308s][info][gc,heap     ] GC(641) Eden regions: 674->0(674)
[2025-12-22T22:26:54.812+0000][5481.308s][info][gc,heap     ] GC(641) Survivor regions: 2->2(85)
[2025-12-22T22:26:54.812+0000][5481.308s][info][gc,heap     ] GC(641) Old regions: 57->58
[2025-12-22T22:26:54.812+0000][5481.308s][info][gc,heap     ] GC(641) Archive regions: 2->2
[2025-12-22T22:26:54.812+0000][5481.308s][info][gc,heap     ] GC(641) Humongous regions: 37->37
[2025-12-22T22:26:54.812+0000][5481.308s][info][gc,metaspace] GC(641) Metaspace: 87827K(88832K)->87827K(88832K) NonClass: 76505K(76992K)->76505K(76992K) Class: 11322K(11840K)->11322K(11840K)
[2025-12-22T22:26:54.812+0000][5481.308s][info][gc          ] GC(641) Pause Young (Normal) (G1 Evacuation Pause) 770M->96M(1128M) 4.714ms
[2025-12-22T22:26:54.812+0000][5481.309s][info][gc,cpu      ] GC(641) User=0.00s Sys=0.00s Real=0.00s
[2025-12-22T22:27:02.950+0000][5489.446s][info][gc,start    ] GC(642) Pause Young (Normal) (G1 Evacuation Pause)
[2025-12-22T22:27:02.950+0000][5489.447s][info][gc,task     ] GC(642) Using 3 workers of 3 for evacuation
[2025-12-22T22:27:02.954+0000][5489.450s][info][gc,phases   ] GC(642)   Pre Evacuate Collection Set: 0.3ms
[2025-12-22T22:27:02.954+0000][5489.450s][info][gc,phases   ] GC(642)   Merge Heap Roots: 0.2ms
[2025-12-22T22:27:02.954+0000][5489.450s][info][gc,phases   ] GC(642)   Evacuate Collection Set: 2.3ms
[2025-12-22T22:27:02.954+0000][5489.450s][info][gc,phases   ] GC(642)   Post Evacuate Collection Set: 0.7ms
[2025-12-22T22:27:02.954+0000][5489.451s][info][gc,phases   ] GC(642)   Other: 0.9ms
[2025-12-22T22:27:02.954+0000][5489.451s][info][gc,heap     ] GC(642) Eden regions: 674->0(674)
[2025-12-22T22:27:02.954+0000][5489.451s][info][gc,heap     ] GC(642) Survivor regions: 2->2(85)
[2025-12-22T22:27:02.955+0000][5489.451s][info][gc,heap     ] GC(642) Old regions: 58->58
[2025-12-22T22:27:02.955+0000][5489.451s][info][gc,heap     ] GC(642) Archive regions: 2->2
[2025-12-22T22:27:02.955+0000][5489.451s][info][gc,heap     ] GC(642) Humongous regions: 37->37
[2025-12-22T22:27:02.955+0000][5489.451s][info][gc,metaspace] GC(642) Metaspace: 87827K(88832K)->87827K(88832K) NonClass: 76505K(76992K)->76505K(76992K) Class: 11322K(11840K)->11322K(11840K)
[2025-12-22T22:27:02.955+0000][5489.451s][info][gc          ] GC(642) Pause Young (Normal) (G1 Evacuation Pause) 770M->96M(1128M) 4.982ms
[2025-12-22T22:27:02.955+0000][5489.451s][info][gc,cpu      ] GC(642) User=0.01s Sys=0.00s Real=0.01s
[2025-12-22T22:27:12.473+0000][5498.969s][info][gc,start    ] GC(643) Pause Young (Normal) (G1 Evacuation Pause)
[2025-12-22T22:27:12.473+0000][5498.969s][info][gc,task     ] GC(643) Using 3 workers of 3 for evacuation
[2025-12-22T22:27:12.491+0000][5498.987s][info][gc,phases   ] GC(643)   Pre Evacuate Collection Set: 2.6ms
[2025-12-22T22:27:12.491+0000][5498.988s][info][gc,phases   ] GC(643)   Merge Heap Roots: 1.0ms
[2025-12-22T22:27:12.492+0000][5498.988s][info][gc,phases   ] GC(643)   Evacuate Collection Set: 12.1ms
[2025-12-22T22:27:12.492+0000][5498.988s][info][gc,phases   ] GC(643)   Post Evacuate Collection Set: 1.7ms
[2025-12-22T22:27:12.492+0000][5498.988s][info][gc,phases   ] GC(643)   Other: 1.3ms
[2025-12-22T22:27:12.492+0000][5498.988s][info][gc,heap     ] GC(643) Eden regions: 674->0(674)
[2025-12-22T22:27:12.492+0000][5498.988s][info][gc,heap     ] GC(643) Survivor regions: 2->2(85)
[2025-12-22T22:27:12.492+0000][5498.988s][info][gc,heap     ] GC(643) Old regions: 58->58
[2025-12-22T22:27:12.492+0000][5498.988s][info][gc,heap     ] GC(643) Archive regions: 2->2
[2025-12-22T22:27:12.492+0000][5498.989s][info][gc,heap     ] GC(643) Humongous regions: 37->37
[2025-12-22T22:27:12.492+0000][5498.989s][info][gc,metaspace] GC(643) Metaspace: 87828K(88832K)->87828K(88832K) NonClass: 76505K(76992K)->76505K(76992K) Class: 11322K(11840K)->11322K(11840K)
[2025-12-22T22:27:12.493+0000][5498.989s][info][gc          ] GC(643) Pause Young (Normal) (G1 Evacuation Pause) 770M->96M(1128M) 19.891ms
[2025-12-22T22:27:12.493+0000][5498.989s][info][gc,cpu      ] GC(643) User=0.05s Sys=0.00s Real=0.02s
[2025-12-22T22:27:20.412+0000][5506.908s][info][gc,start    ] GC(644) Pause Young (Normal) (G1 Evacuation Pause)
[2025-12-22T22:27:20.412+0000][5506.909s][info][gc,task     ] GC(644) Using 3 workers of 3 for evacuation
[2025-12-22T22:27:20.414+0000][5506.911s][info][gc,phases   ] GC(644)   Pre Evacuate Collection Set: 0.1ms
[2025-12-22T22:27:20.415+0000][5506.911s][info][gc,phases   ] GC(644)   Merge Heap Roots: 0.1ms
[2025-12-22T22:27:20.415+0000][5506.911s][info][gc,phases   ] GC(644)   Evacuate Collection Set: 1.3ms
[2025-12-22T22:27:20.415+0000][5506.911s][info][gc,phases   ] GC(644)   Post Evacuate Collection Set: 0.3ms
[2025-12-22T22:27:20.415+0000][5506.911s][info][gc,phases   ] GC(644)   Other: 0.5ms
[2025-12-22T22:27:20.415+0000][5506.911s][info][gc,heap     ] GC(644) Eden regions: 674->0(674)
[2025-12-22T22:27:20.415+0000][5506.911s][info][gc,heap     ] GC(644) Survivor regions: 2->2(85)
[2025-12-22T22:27:20.415+0000][5506.911s][info][gc,heap     ] GC(644) Old regions: 58->58
[2025-12-22T22:27:20.415+0000][5506.911s][info][gc,heap     ] GC(644) Archive regions: 2->2
[2025-12-22T22:27:20.415+0000][5506.911s][info][gc,heap     ] GC(644) Humongous regions: 37->37
[2025-12-22T22:27:20.415+0000][5506.912s][info][gc,metaspace] GC(644) Metaspace: 87828K(88832K)->87828K(88832K) NonClass: 76505K(76992K)->76505K(76992K) Class: 11322K(11840K)->11322K(11840K)
[2025-12-22T22:27:20.415+0000][5506.912s][info][gc          ] GC(644) Pause Young (Normal) (G1 Evacuation Pause) 770M->96M(1128M) 3.236ms
[2025-12-22T22:27:20.416+0000][5506.912s][info][gc,cpu      ] GC(644) User=0.00s Sys=0.00s Real=0.01s
[2025-12-22T22:27:28.348+0000][5514.844s][info][gc,start    ] GC(645) Pause Young (Normal) (G1 Evacuation Pause)
[2025-12-22T22:27:28.349+0000][5514.845s][info][gc,task     ] GC(645) Using 3 workers of 3 for evacuation
[2025-12-22T22:27:28.351+0000][5514.847s][info][gc,phases   ] GC(645)   Pre Evacuate Collection Set: 0.2ms
[2025-12-22T22:27:28.351+0000][5514.848s][info][gc,phases   ] GC(645)   Merge Heap Roots: 0.1ms
[2025-12-22T22:27:28.351+0000][5514.848s][info][gc,phases   ] GC(645)   Evacuate Collection Set: 1.8ms
[2025-12-22T22:27:28.352+0000][5514.848s][info][gc,phases   ] GC(645)   Post Evacuate Collection Set: 0.4ms
[2025-12-22T22:27:28.352+0000][5514.848s][info][gc,phases   ] GC(645)   Other: 0.9ms
[2025-12-22T22:27:28.352+0000][5514.848s][info][gc,heap     ] GC(645) Eden regions: 674->0(674)
[2025-12-22T22:27:28.352+0000][5514.848s][info][gc,heap     ] GC(645) Survivor regions: 2->2(85)
[2025-12-22T22:27:28.352+0000][5514.848s][info][gc,heap     ] GC(645) Old regions: 58->58
[2025-12-22T22:27:28.352+0000][5514.848s][info][gc,heap     ] GC(645) Archive regions: 2->2
[2025-12-22T22:27:28.352+0000][5514.848s][info][gc,heap     ] GC(645) Humongous regions: 37->37
[2025-12-22T22:27:28.352+0000][5514.848s][info][gc,metaspace] GC(645) Metaspace: 87828K(88832K)->87828K(88832K) NonClass: 76505K(76992K)->76505K(76992K) Class: 11322K(11840K)->11322K(11840K)
[2025-12-22T22:27:28.352+0000][5514.848s][info][gc          ] GC(645) Pause Young (Normal) (G1 Evacuation Pause) 770M->96M(1128M) 4.073ms
[2025-12-22T22:27:28.352+0000][5514.848s][info][gc,cpu      ] GC(645) User=0.01s Sys=0.00s Real=0.00s
[2025-12-22T22:27:38.794+0000][5525.290s][info][gc,start    ] GC(646) Pause Young (Normal) (G1 Evacuation Pause)
[2025-12-22T22:27:38.795+0000][5525.291s][info][gc,task     ] GC(646) Using 3 workers of 3 for evacuation
[2025-12-22T22:27:38.801+0000][5525.297s][info][gc,phases   ] GC(646)   Pre Evacuate Collection Set: 0.6ms
[2025-12-22T22:27:38.801+0000][5525.297s][info][gc,phases   ] GC(646)   Merge Heap Roots: 0.3ms
[2025-12-22T22:27:38.801+0000][5525.297s][info][gc,phases   ] GC(646)   Evacuate Collection Set: 3.6ms
[2025-12-22T22:27:38.801+0000][5525.297s][info][gc,phases   ] GC(646)   Post Evacuate Collection Set: 1.1ms
[2025-12-22T22:27:38.801+0000][5525.297s][info][gc,phases   ] GC(646)   Other: 2.0ms
[2025-12-22T22:27:38.801+0000][5525.297s][info][gc,heap     ] GC(646) Eden regions: 674->0(674)
[2025-12-22T22:27:38.801+0000][5525.297s][info][gc,heap     ] GC(646) Survivor regions: 2->2(85)
[2025-12-22T22:27:38.801+0000][5525.297s][info][gc,heap     ] GC(646) Old regions: 58->58
[2025-12-22T22:27:38.801+0000][5525.297s][info][gc,heap     ] GC(646) Archive regions: 2->2
[2025-12-22T22:27:38.801+0000][5525.297s][info][gc,heap     ] GC(646) Humongous regions: 37->37
[2025-12-22T22:27:38.801+0000][5525.298s][info][gc,metaspace] GC(646) Metaspace: 87828K(88832K)->87828K(88832K) NonClass: 76505K(76992K)->76505K(76992K) Class: 11322K(11840K)->11322K(11840K)
[2025-12-22T22:27:38.801+0000][5525.298s][info][gc          ] GC(646) Pause Young (Normal) (G1 Evacuation Pause) 770M->96M(1128M) 7.212ms
[2025-12-22T22:27:38.801+0000][5525.298s][info][gc,cpu      ] GC(646) User=0.01s Sys=0.01s Real=0.01s
[2025-12-22T22:27:46.680+0000][5533.176s][info][gc,start    ] GC(647) Pause Young (Normal) (G1 Evacuation Pause)
[2025-12-22T22:27:46.681+0000][5533.177s][info][gc,task     ] GC(647) Using 3 workers of 3 for evacuation
[2025-12-22T22:27:46.684+0000][5533.180s][info][gc,phases   ] GC(647)   Pre Evacuate Collection Set: 0.2ms
[2025-12-22T22:27:46.684+0000][5533.180s][info][gc,phases   ] GC(647)   Merge Heap Roots: 0.1ms
[2025-12-22T22:27:46.684+0000][5533.180s][info][gc,phases   ] GC(647)   Evacuate Collection Set: 2.3ms
[2025-12-22T22:27:46.684+0000][5533.180s][info][gc,phases   ] GC(647)   Post Evacuate Collection Set: 0.5ms
[2025-12-22T22:27:46.684+0000][5533.181s][info][gc,phases   ] GC(647)   Other: 1.3ms
[2025-12-22T22:27:46.684+0000][5533.181s][info][gc,heap     ] GC(647) Eden regions: 674->0(675)
[2025-12-22T22:27:46.685+0000][5533.181s][info][gc,heap     ] GC(647) Survivor regions: 2->1(85)
[2025-12-22T22:27:46.685+0000][5533.181s][info][gc,heap     ] GC(647) Old regions: 58->58
[2025-12-22T22:27:46.685+0000][5533.181s][info][gc,heap     ] GC(647) Archive regions: 2->2
[2025-12-22T22:27:46.685+0000][5533.181s][info][gc,heap     ] GC(647) Humongous regions: 37->37
[2025-12-22T22:27:46.685+0000][5533.181s][info][gc,metaspace] GC(647) Metaspace: 87828K(88832K)->87828K(88832K) NonClass: 76506K(76992K)->76506K(76992K) Class: 11322K(11840K)->11322K(11840K)
[2025-12-22T22:27:46.685+0000][5533.181s][info][gc          ] GC(647) Pause Young (Normal) (G1 Evacuation Pause) 770M->96M(1128M) 5.492ms
[2025-12-22T22:27:46.685+0000][5533.181s][info][gc,cpu      ] GC(647) User=0.01s Sys=0.00s Real=0.01s
[2025-12-22T22:27:56.099+0000][5542.595s][info][gc,start    ] GC(648) Pause Young (Normal) (G1 Evacuation Pause)
[2025-12-22T22:27:56.099+0000][5542.596s][info][gc,task     ] GC(648) Using 3 workers of 3 for evacuation
[2025-12-22T22:27:56.103+0000][5542.600s][info][gc,phases   ] GC(648)   Pre Evacuate Collection Set: 0.4ms
[2025-12-22T22:27:56.104+0000][5542.600s][info][gc,phases   ] GC(648)   Merge Heap Roots: 0.2ms
[2025-12-22T22:27:56.104+0000][5542.600s][info][gc,phases   ] GC(648)   Evacuate Collection Set: 2.4ms
[2025-12-22T22:27:56.104+0000][5542.600s][info][gc,phases   ] GC(648)   Post Evacuate Collection Set: 0.9ms
[2025-12-22T22:27:56.104+0000][5542.600s][info][gc,phases   ] GC(648)   Other: 0.9ms
[2025-12-22T22:27:56.104+0000][5542.600s][info][gc,heap     ] GC(648) Eden regions: 675->0(675)
[2025-12-22T22:27:56.104+0000][5542.600s][info][gc,heap     ] GC(648) Survivor regions: 1->1(85)
[2025-12-22T22:27:56.104+0000][5542.600s][info][gc,heap     ] GC(648) Old regions: 58->58
[2025-12-22T22:27:56.104+0000][5542.600s][info][gc,heap     ] GC(648) Archive regions: 2->2
[2025-12-22T22:27:56.104+0000][5542.600s][info][gc,heap     ] GC(648) Humongous regions: 37->37
[2025-12-22T22:27:56.104+0000][5542.601s][info][gc,metaspace] GC(648) Metaspace: 87828K(88832K)->87828K(88832K) NonClass: 76506K(76992K)->76506K(76992K) Class: 11322K(11840K)->11322K(11840K)
[2025-12-22T22:27:56.104+0000][5542.601s][info][gc          ] GC(648) Pause Young (Normal) (G1 Evacuation Pause) 771M->96M(1128M) 5.487ms
[2025-12-22T22:27:56.104+0000][5542.601s][info][gc,cpu      ] GC(648) User=0.01s Sys=0.00s Real=0.00s
[2025-12-22T22:28:04.210+0000][5550.707s][info][gc,start    ] GC(649) Pause Young (Normal) (G1 Evacuation Pause)
[2025-12-22T22:28:04.212+0000][5550.708s][info][gc,task     ] GC(649) Using 3 workers of 3 for evacuation
[2025-12-22T22:28:04.214+0000][5550.711s][info][gc,phases   ] GC(649)   Pre Evacuate Collection Set: 0.2ms
[2025-12-22T22:28:04.215+0000][5550.711s][info][gc,phases   ] GC(649)   Merge Heap Roots: 0.2ms
[2025-12-22T22:28:04.215+0000][5550.711s][info][gc,phases   ] GC(649)   Evacuate Collection Set: 1.6ms
[2025-12-22T22:28:04.215+0000][5550.711s][info][gc,phases   ] GC(649)   Post Evacuate Collection Set: 0.6ms
[2025-12-22T22:28:04.215+0000][5550.711s][info][gc,phases   ] GC(649)   Other: 1.5ms
[2025-12-22T22:28:04.215+0000][5550.711s][info][gc,heap     ] GC(649) Eden regions: 675->0(675)
[2025-12-22T22:28:04.215+0000][5550.711s][info][gc,heap     ] GC(649) Survivor regions: 1->1(85)
[2025-12-22T22:28:04.215+0000][5550.711s][info][gc,heap     ] GC(649) Old regions: 58->58
[2025-12-22T22:28:04.215+0000][5550.711s][info][gc,heap     ] GC(649) Archive regions: 2->2
[2025-12-22T22:28:04.215+0000][5550.712s][info][gc,heap     ] GC(649) Humongous regions: 37->37
[2025-12-22T22:28:04.215+0000][5550.712s][info][gc,metaspace] GC(649) Metaspace: 87828K(88832K)->87828K(88832K) NonClass: 76506K(76992K)->76506K(76992K) Class: 11322K(11840K)->11322K(11840K)
[2025-12-22T22:28:04.215+0000][5550.712s][info][gc          ] GC(649) Pause Young (Normal) (G1 Evacuation Pause) 771M->96M(1128M) 5.064ms
[2025-12-22T22:28:04.216+0000][5550.712s][info][gc,cpu      ] GC(649) User=0.01s Sys=0.00s Real=0.01s
[2025-12-22T22:28:12.917+0000][5559.413s][info][gc,start    ] GC(650) Pause Young (Normal) (G1 Evacuation Pause)
[2025-12-22T22:28:12.918+0000][5559.414s][info][gc,task     ] GC(650) Using 3 workers of 3 for evacuation
[2025-12-22T22:28:12.921+0000][5559.417s][info][gc,phases   ] GC(650)   Pre Evacuate Collection Set: 0.1ms
[2025-12-22T22:28:12.921+0000][5559.417s][info][gc,phases   ] GC(650)   Merge Heap Roots: 0.1ms
[2025-12-22T22:28:12.921+0000][5559.417s][info][gc,phases   ] GC(650)   Evacuate Collection Set: 1.7ms
[2025-12-22T22:28:12.921+0000][5559.417s][info][gc,phases   ] GC(650)   Post Evacuate Collection Set: 0.6ms
[2025-12-22T22:28:12.921+0000][5559.417s][info][gc,phases   ] GC(650)   Other: 0.9ms
[2025-12-22T22:28:12.921+0000][5559.417s][info][gc,heap     ] GC(650) Eden regions: 675->0(675)
[2025-12-22T22:28:12.921+0000][5559.417s][info][gc,heap     ] GC(650) Survivor regions: 1->1(85)
[2025-12-22T22:28:12.921+0000][5559.417s][info][gc,heap     ] GC(650) Old regions: 58->58
[2025-12-22T22:28:12.921+0000][5559.417s][info][gc,heap     ] GC(650) Archive regions: 2->2
[2025-12-22T22:28:12.921+0000][5559.417s][info][gc,heap     ] GC(650) Humongous regions: 37->37
[2025-12-22T22:28:12.921+0000][5559.417s][info][gc,metaspace] GC(650) Metaspace: 87828K(88832K)->87828K(88832K) NonClass: 76506K(76992K)->76506K(76992K) Class: 11322K(11840K)->11322K(11840K)
[2025-12-22T22:28:12.921+0000][5559.417s][info][gc          ] GC(650) Pause Young (Normal) (G1 Evacuation Pause) 771M->96M(1128M) 4.027ms
[2025-12-22T22:28:12.921+0000][5559.418s][info][gc,cpu      ] GC(650) User=0.01s Sys=0.00s Real=0.00s
[2025-12-22T22:28:21.729+0000][5568.225s][info][gc,start    ] GC(651) Pause Young (Normal) (G1 Evacuation Pause)
[2025-12-22T22:28:21.730+0000][5568.226s][info][gc,task     ] GC(651) Using 3 workers of 3 for evacuation
[2025-12-22T22:28:21.732+0000][5568.228s][info][gc,phases   ] GC(651)   Pre Evacuate Collection Set: 0.5ms
[2025-12-22T22:28:21.732+0000][5568.228s][info][gc,phases   ] GC(651)   Merge Heap Roots: 0.1ms
[2025-12-22T22:28:21.732+0000][5568.229s][info][gc,phases   ] GC(651)   Evacuate Collection Set: 1.1ms
[2025-12-22T22:28:21.732+0000][5568.229s][info][gc,phases   ] GC(651)   Post Evacuate Collection Set: 0.5ms
[2025-12-22T22:28:21.733+0000][5568.229s][info][gc,phases   ] GC(651)   Other: 1.4ms
[2025-12-22T22:28:21.733+0000][5568.229s][info][gc,heap     ] GC(651) Eden regions: 675->0(675)
[2025-12-22T22:28:21.733+0000][5568.229s][info][gc,heap     ] GC(651) Survivor regions: 1->1(85)
[2025-12-22T22:28:21.733+0000][5568.229s][info][gc,heap     ] GC(651) Old regions: 58->58
[2025-12-22T22:28:21.733+0000][5568.229s][info][gc,heap     ] GC(651) Archive regions: 2->2
[2025-12-22T22:28:21.733+0000][5568.229s][info][gc,heap     ] GC(651) Humongous regions: 37->37
[2025-12-22T22:28:21.733+0000][5568.229s][info][gc,metaspace] GC(651) Metaspace: 87828K(88832K)->87828K(88832K) NonClass: 76506K(76992K)->76506K(76992K) Class: 11322K(11840K)->11322K(11840K)
[2025-12-22T22:28:21.733+0000][5568.229s][info][gc          ] GC(651) Pause Young (Normal) (G1 Evacuation Pause) 771M->96M(1128M) 4.637ms
[2025-12-22T22:28:21.733+0000][5568.230s][info][gc,cpu      ] GC(651) User=0.00s Sys=0.00s Real=0.00s
[2025-12-22T22:28:29.952+0000][5576.448s][info][gc,start    ] GC(652) Pause Young (Normal) (G1 Evacuation Pause)
[2025-12-22T22:28:29.953+0000][5576.449s][info][gc,task     ] GC(652) Using 3 workers of 3 for evacuation
[2025-12-22T22:28:29.957+0000][5576.453s][info][gc,phases   ] GC(652)   Pre Evacuate Collection Set: 0.1ms
[2025-12-22T22:28:29.957+0000][5576.453s][info][gc,phases   ] GC(652)   Merge Heap Roots: 0.2ms
[2025-12-22T22:28:29.957+0000][5576.453s][info][gc,phases   ] GC(652)   Evacuate Collection Set: 1.8ms
[2025-12-22T22:28:29.957+0000][5576.453s][info][gc,phases   ] GC(652)   Post Evacuate Collection Set: 1.1ms
[2025-12-22T22:28:29.957+0000][5576.453s][info][gc,phases   ] GC(652)   Other: 2.3ms
[2025-12-22T22:28:29.957+0000][5576.453s][info][gc,heap     ] GC(652) Eden regions: 675->0(675)
[2025-12-22T22:28:29.957+0000][5576.453s][info][gc,heap     ] GC(652) Survivor regions: 1->1(85)
[2025-12-22T22:28:29.957+0000][5576.454s][info][gc,heap     ] GC(652) Old regions: 58->58
[2025-12-22T22:28:29.957+0000][5576.454s][info][gc,heap     ] GC(652) Archive regions: 2->2
[2025-12-22T22:28:29.957+0000][5576.454s][info][gc,heap     ] GC(652) Humongous regions: 37->37
[2025-12-22T22:28:29.958+0000][5576.454s][info][gc,metaspace] GC(652) Metaspace: 87828K(88832K)->87828K(88832K) NonClass: 76506K(76992K)->76506K(76992K) Class: 11322K(11840K)->11322K(11840K)
[2025-12-22T22:28:29.958+0000][5576.454s][info][gc          ] GC(652) Pause Young (Normal) (G1 Evacuation Pause) 771M->96M(1128M) 6.242ms
[2025-12-22T22:28:29.958+0000][5576.454s][info][gc,cpu      ] GC(652) User=0.01s Sys=0.00s Real=0.01s
[2025-12-22T22:28:39.322+0000][5585.818s][info][gc,start    ] GC(653) Pause Young (Normal) (G1 Evacuation Pause)
[2025-12-22T22:28:39.323+0000][5585.819s][info][gc,task     ] GC(653) Using 3 workers of 3 for evacuation
[2025-12-22T22:28:39.328+0000][5585.824s][info][gc,phases   ] GC(653)   Pre Evacuate Collection Set: 0.5ms
[2025-12-22T22:28:39.328+0000][5585.824s][info][gc,phases   ] GC(653)   Merge Heap Roots: 0.2ms
[2025-12-22T22:28:39.328+0000][5585.824s][info][gc,phases   ] GC(653)   Evacuate Collection Set: 3.2ms
[2025-12-22T22:28:39.328+0000][5585.824s][info][gc,phases   ] GC(653)   Post Evacuate Collection Set: 1.0ms
[2025-12-22T22:28:39.328+0000][5585.824s][info][gc,phases   ] GC(653)   Other: 1.0ms
[2025-12-22T22:28:39.328+0000][5585.824s][info][gc,heap     ] GC(653) Eden regions: 675->0(675)
[2025-12-22T22:28:39.328+0000][5585.825s][info][gc,heap     ] GC(653) Survivor regions: 1->1(85)
[2025-12-22T22:28:39.328+0000][5585.825s][info][gc,heap     ] GC(653) Old regions: 58->58
[2025-12-22T22:28:39.328+0000][5585.825s][info][gc,heap     ] GC(653) Archive regions: 2->2
[2025-12-22T22:28:39.329+0000][5585.825s][info][gc,heap     ] GC(653) Humongous regions: 37->37
[2025-12-22T22:28:39.329+0000][5585.825s][info][gc,metaspace] GC(653) Metaspace: 87828K(88832K)->87828K(88832K) NonClass: 76506K(76992K)->76506K(76992K) Class: 11322K(11840K)->11322K(11840K)
[2025-12-22T22:28:39.329+0000][5585.825s][info][gc          ] GC(653) Pause Young (Normal) (G1 Evacuation Pause) 771M->96M(1128M) 6.609ms
[2025-12-22T22:28:39.329+0000][5585.825s][info][gc,cpu      ] GC(653) User=0.01s Sys=0.00s Real=0.01s
[2025-12-22T22:28:47.216+0000][5593.712s][info][gc,start    ] GC(654) Pause Young (Normal) (G1 Evacuation Pause)
[2025-12-22T22:28:47.216+0000][5593.713s][info][gc,task     ] GC(654) Using 3 workers of 3 for evacuation
[2025-12-22T22:28:47.220+0000][5593.716s][info][gc,phases   ] GC(654)   Pre Evacuate Collection Set: 0.2ms
[2025-12-22T22:28:47.220+0000][5593.716s][info][gc,phases   ] GC(654)   Merge Heap Roots: 0.1ms
[2025-12-22T22:28:47.220+0000][5593.716s][info][gc,phases   ] GC(654)   Evacuate Collection Set: 2.0ms
[2025-12-22T22:28:47.220+0000][5593.716s][info][gc,phases   ] GC(654)   Post Evacuate Collection Set: 0.5ms
[2025-12-22T22:28:47.220+0000][5593.716s][info][gc,phases   ] GC(654)   Other: 0.9ms
[2025-12-22T22:28:47.220+0000][5593.716s][info][gc,heap     ] GC(654) Eden regions: 675->0(675)
[2025-12-22T22:28:47.220+0000][5593.716s][info][gc,heap     ] GC(654) Survivor regions: 1->1(85)
[2025-12-22T22:28:47.220+0000][5593.716s][info][gc,heap     ] GC(654) Old regions: 58->58
[2025-12-22T22:28:47.220+0000][5593.716s][info][gc,heap     ] GC(654) Archive regions: 2->2
[2025-12-22T22:28:47.220+0000][5593.716s][info][gc,heap     ] GC(654) Humongous regions: 37->37
[2025-12-22T22:28:47.220+0000][5593.717s][info][gc,metaspace] GC(654) Metaspace: 87828K(88832K)->87828K(88832K) NonClass: 76506K(76992K)->76506K(76992K) Class: 11322K(11840K)->11322K(11840K)
[2025-12-22T22:28:47.220+0000][5593.717s][info][gc          ] GC(654) Pause Young (Normal) (G1 Evacuation Pause) 771M->96M(1128M) 4.525ms
[2025-12-22T22:28:47.221+0000][5593.717s][info][gc,cpu      ] GC(654) User=0.01s Sys=0.00s Real=0.00s
[2025-12-22T22:28:56.939+0000][5603.435s][info][gc,start    ] GC(655) Pause Young (Normal) (G1 Evacuation Pause)
[2025-12-22T22:28:56.939+0000][5603.435s][info][gc,task     ] GC(655) Using 3 workers of 3 for evacuation
[2025-12-22T22:28:56.946+0000][5603.442s][info][gc,phases   ] GC(655)   Pre Evacuate Collection Set: 0.4ms
[2025-12-22T22:28:56.946+0000][5603.442s][info][gc,phases   ] GC(655)   Merge Heap Roots: 0.2ms
[2025-12-22T22:28:56.946+0000][5603.442s][info][gc,phases   ] GC(655)   Evacuate Collection Set: 3.0ms
[2025-12-22T22:28:56.946+0000][5603.442s][info][gc,phases   ] GC(655)   Post Evacuate Collection Set: 2.6ms
[2025-12-22T22:28:56.946+0000][5603.442s][info][gc,phases   ] GC(655)   Other: 1.1ms
[2025-12-22T22:28:56.946+0000][5603.443s][info][gc,heap     ] GC(655) Eden regions: 675->0(675)
[2025-12-22T22:28:56.947+0000][5603.443s][info][gc,heap     ] GC(655) Survivor regions: 1->1(85)
[2025-12-22T22:28:56.947+0000][5603.443s][info][gc,heap     ] GC(655) Old regions: 58->58
[2025-12-22T22:28:56.947+0000][5603.443s][info][gc,heap     ] GC(655) Archive regions: 2->2
[2025-12-22T22:28:56.947+0000][5603.443s][info][gc,heap     ] GC(655) Humongous regions: 37->37
[2025-12-22T22:28:56.947+0000][5603.443s][info][gc,metaspace] GC(655) Metaspace: 87828K(88832K)->87828K(88832K) NonClass: 76506K(76992K)->76506K(76992K) Class: 11322K(11840K)->11322K(11840K)
[2025-12-22T22:28:56.947+0000][5603.444s][info][gc          ] GC(655) Pause Young (Normal) (G1 Evacuation Pause) 771M->96M(1128M) 8.946ms
[2025-12-22T22:28:56.948+0000][5603.444s][info][gc,cpu      ] GC(655) User=0.02s Sys=0.00s Real=0.01s
[2025-12-22T22:29:04.978+0000][5611.474s][info][gc,start    ] GC(656) Pause Young (Normal) (G1 Evacuation Pause)
[2025-12-22T22:29:04.979+0000][5611.475s][info][gc,task     ] GC(656) Using 3 workers of 3 for evacuation
[2025-12-22T22:29:04.981+0000][5611.477s][info][gc,phases   ] GC(656)   Pre Evacuate Collection Set: 0.2ms
[2025-12-22T22:29:04.981+0000][5611.477s][info][gc,phases   ] GC(656)   Merge Heap Roots: 0.1ms
[2025-12-22T22:29:04.981+0000][5611.478s][info][gc,phases   ] GC(656)   Evacuate Collection Set: 1.1ms
[2025-12-22T22:29:04.981+0000][5611.478s][info][gc,phases   ] GC(656)   Post Evacuate Collection Set: 0.5ms
[2025-12-22T22:29:04.982+0000][5611.478s][info][gc,phases   ] GC(656)   Other: 1.4ms
[2025-12-22T22:29:04.982+0000][5611.478s][info][gc,heap     ] GC(656) Eden regions: 675->0(675)
[2025-12-22T22:29:04.982+0000][5611.478s][info][gc,heap     ] GC(656) Survivor regions: 1->1(85)
[2025-12-22T22:29:04.982+0000][5611.478s][info][gc,heap     ] GC(656) Old regions: 58->58
[2025-12-22T22:29:04.982+0000][5611.478s][info][gc,heap     ] GC(656) Archive regions: 2->2
[2025-12-22T22:29:04.982+0000][5611.478s][info][gc,heap     ] GC(656) Humongous regions: 37->37
[2025-12-22T22:29:04.982+0000][5611.478s][info][gc,metaspace] GC(656) Metaspace: 87828K(88832K)->87828K(88832K) NonClass: 76506K(76992K)->76506K(76992K) Class: 11322K(11840K)->11322K(11840K)
[2025-12-22T22:29:04.982+0000][5611.478s][info][gc          ] GC(656) Pause Young (Normal) (G1 Evacuation Pause) 771M->96M(1128M) 4.373ms
[2025-12-22T22:29:04.982+0000][5611.479s][info][gc,cpu      ] GC(656) User=0.01s Sys=0.00s Real=0.00s
[2025-12-22T22:29:12.925+0000][5619.421s][info][gc,start    ] GC(657) Pause Young (Normal) (G1 Evacuation Pause)
[2025-12-22T22:29:12.925+0000][5619.422s][info][gc,task     ] GC(657) Using 3 workers of 3 for evacuation
[2025-12-22T22:29:12.927+0000][5619.424s][info][gc,phases   ] GC(657)   Pre Evacuate Collection Set: 0.2ms
[2025-12-22T22:29:12.928+0000][5619.424s][info][gc,phases   ] GC(657)   Merge Heap Roots: 0.1ms
[2025-12-22T22:29:12.928+0000][5619.424s][info][gc,phases   ] GC(657)   Evacuate Collection Set: 1.2ms
[2025-12-22T22:29:12.928+0000][5619.424s][info][gc,phases   ] GC(657)   Post Evacuate Collection Set: 0.4ms
[2025-12-22T22:29:12.928+0000][5619.424s][info][gc,phases   ] GC(657)   Other: 0.5ms
[2025-12-22T22:29:12.928+0000][5619.424s][info][gc,heap     ] GC(657) Eden regions: 675->0(675)
[2025-12-22T22:29:12.928+0000][5619.424s][info][gc,heap     ] GC(657) Survivor regions: 1->1(85)
[2025-12-22T22:29:12.928+0000][5619.424s][info][gc,heap     ] GC(657) Old regions: 58->58
[2025-12-22T22:29:12.928+0000][5619.424s][info][gc,heap     ] GC(657) Archive regions: 2->2
[2025-12-22T22:29:12.928+0000][5619.424s][info][gc,heap     ] GC(657) Humongous regions: 37->37
[2025-12-22T22:29:12.928+0000][5619.424s][info][gc,metaspace] GC(657) Metaspace: 87828K(88832K)->87828K(88832K) NonClass: 76506K(76992K)->76506K(76992K) Class: 11322K(11840K)->11322K(11840K)
[2025-12-22T22:29:12.928+0000][5619.425s][info][gc          ] GC(657) Pause Young (Normal) (G1 Evacuation Pause) 771M->96M(1128M) 3.191ms
[2025-12-22T22:29:12.928+0000][5619.425s][info][gc,cpu      ] GC(657) User=0.00s Sys=0.01s Real=0.00s
[2025-12-22T22:29:22.183+0000][5628.680s][info][gc,start    ] GC(658) Pause Young (Normal) (G1 Evacuation Pause)
[2025-12-22T22:29:22.184+0000][5628.681s][info][gc,task     ] GC(658) Using 3 workers of 3 for evacuation
[2025-12-22T22:29:22.189+0000][5628.685s][info][gc,phases   ] GC(658)   Pre Evacuate Collection Set: 0.4ms
[2025-12-22T22:29:22.189+0000][5628.685s][info][gc,phases   ] GC(658)   Merge Heap Roots: 0.2ms
[2025-12-22T22:29:22.189+0000][5628.685s][info][gc,phases   ] GC(658)   Evacuate Collection Set: 2.5ms
[2025-12-22T22:29:22.189+0000][5628.685s][info][gc,phases   ] GC(658)   Post Evacuate Collection Set: 0.9ms
[2025-12-22T22:29:22.189+0000][5628.685s][info][gc,phases   ] GC(658)   Other: 1.4ms
[2025-12-22T22:29:22.189+0000][5628.685s][info][gc,heap     ] GC(658) Eden regions: 675->0(675)
[2025-12-22T22:29:22.189+0000][5628.686s][info][gc,heap     ] GC(658) Survivor regions: 1->1(85)
[2025-12-22T22:29:22.189+0000][5628.686s][info][gc,heap     ] GC(658) Old regions: 58->58
[2025-12-22T22:29:22.189+0000][5628.686s][info][gc,heap     ] GC(658) Archive regions: 2->2
[2025-12-22T22:29:22.190+0000][5628.686s][info][gc,heap     ] GC(658) Humongous regions: 37->37
[2025-12-22T22:29:22.190+0000][5628.686s][info][gc,metaspace] GC(658) Metaspace: 87828K(88832K)->87828K(88832K) NonClass: 76506K(76992K)->76506K(76992K) Class: 11322K(11840K)->11322K(11840K)
[2025-12-22T22:29:22.190+0000][5628.686s][info][gc          ] GC(658) Pause Young (Normal) (G1 Evacuation Pause) 771M->96M(1128M) 6.468ms
[2025-12-22T22:29:22.190+0000][5628.686s][info][gc,cpu      ] GC(658) User=0.01s Sys=0.01s Real=0.01s
[2025-12-22T22:29:30.045+0000][5636.542s][info][gc,start    ] GC(659) Pause Young (Normal) (G1 Evacuation Pause)
[2025-12-22T22:29:30.046+0000][5636.543s][info][gc,task     ] GC(659) Using 3 workers of 3 for evacuation
[2025-12-22T22:29:30.049+0000][5636.545s][info][gc,phases   ] GC(659)   Pre Evacuate Collection Set: 0.2ms
[2025-12-22T22:29:30.049+0000][5636.545s][info][gc,phases   ] GC(659)   Merge Heap Roots: 0.1ms
[2025-12-22T22:29:30.049+0000][5636.545s][info][gc,phases   ] GC(659)   Evacuate Collection Set: 1.4ms
[2025-12-22T22:29:30.049+0000][5636.546s][info][gc,phases   ] GC(659)   Post Evacuate Collection Set: 0.6ms
[2025-12-22T22:29:30.049+0000][5636.546s][info][gc,phases   ] GC(659)   Other: 1.3ms
[2025-12-22T22:29:30.049+0000][5636.546s][info][gc,heap     ] GC(659) Eden regions: 675->0(675)
[2025-12-22T22:29:30.049+0000][5636.546s][info][gc,heap     ] GC(659) Survivor regions: 1->1(85)
[2025-12-22T22:29:30.050+0000][5636.546s][info][gc,heap     ] GC(659) Old regions: 58->58
[2025-12-22T22:29:30.050+0000][5636.546s][info][gc,heap     ] GC(659) Archive regions: 2->2
[2025-12-22T22:29:30.050+0000][5636.546s][info][gc,heap     ] GC(659) Humongous regions: 37->37
[2025-12-22T22:29:30.050+0000][5636.546s][info][gc,metaspace] GC(659) Metaspace: 87828K(88832K)->87828K(88832K) NonClass: 76506K(76992K)->76506K(76992K) Class: 11322K(11840K)->11322K(11840K)
[2025-12-22T22:29:30.050+0000][5636.546s][info][gc          ] GC(659) Pause Young (Normal) (G1 Evacuation Pause) 771M->96M(1128M) 4.323ms
[2025-12-22T22:29:30.050+0000][5636.546s][info][gc,cpu      ] GC(659) User=0.00s Sys=0.00s Real=0.00s
[2025-12-22T22:29:39.445+0000][5645.942s][info][gc,start    ] GC(660) Pause Young (Normal) (G1 Evacuation Pause)
[2025-12-22T22:29:39.446+0000][5645.942s][info][gc,task     ] GC(660) Using 3 workers of 3 for evacuation
[2025-12-22T22:29:39.448+0000][5645.944s][info][gc,phases   ] GC(660)   Pre Evacuate Collection Set: 0.1ms
[2025-12-22T22:29:39.448+0000][5645.945s][info][gc,phases   ] GC(660)   Merge Heap Roots: 0.1ms
[2025-12-22T22:29:39.448+0000][5645.945s][info][gc,phases   ] GC(660)   Evacuate Collection Set: 1.2ms
[2025-12-22T22:29:39.448+0000][5645.945s][info][gc,phases   ] GC(660)   Post Evacuate Collection Set: 0.5ms
[2025-12-22T22:29:39.448+0000][5645.945s][info][gc,phases   ] GC(660)   Other: 0.8ms
[2025-12-22T22:29:39.449+0000][5645.945s][info][gc,heap     ] GC(660) Eden regions: 675->0(675)
[2025-12-22T22:29:39.449+0000][5645.945s][info][gc,heap     ] GC(660) Survivor regions: 1->1(85)
[2025-12-22T22:29:39.449+0000][5645.945s][info][gc,heap     ] GC(660) Old regions: 58->58
[2025-12-22T22:29:39.449+0000][5645.945s][info][gc,heap     ] GC(660) Archive regions: 2->2
[2025-12-22T22:29:39.449+0000][5645.945s][info][gc,heap     ] GC(660) Humongous regions: 37->37
[2025-12-22T22:29:39.449+0000][5645.945s][info][gc,metaspace] GC(660) Metaspace: 87830K(88832K)->87830K(88832K) NonClass: 76507K(76992K)->76507K(76992K) Class: 11322K(11840K)->11322K(11840K)
[2025-12-22T22:29:39.449+0000][5645.945s][info][gc          ] GC(660) Pause Young (Normal) (G1 Evacuation Pause) 771M->96M(1128M) 3.453ms
[2025-12-22T22:29:39.449+0000][5645.945s][info][gc,cpu      ] GC(660) User=0.00s Sys=0.00s Real=0.00s
[2025-12-22T22:29:47.184+0000][5653.681s][info][gc,start    ] GC(661) Pause Young (Normal) (G1 Evacuation Pause)
[2025-12-22T22:29:47.185+0000][5653.681s][info][gc,task     ] GC(661) Using 3 workers of 3 for evacuation
[2025-12-22T22:29:47.187+0000][5653.683s][info][gc,phases   ] GC(661)   Pre Evacuate Collection Set: 0.1ms
[2025-12-22T22:29:47.187+0000][5653.683s][info][gc,phases   ] GC(661)   Merge Heap Roots: 0.1ms
[2025-12-22T22:29:47.187+0000][5653.683s][info][gc,phases   ] GC(661)   Evacuate Collection Set: 1.2ms
[2025-12-22T22:29:47.187+0000][5653.683s][info][gc,phases   ] GC(661)   Post Evacuate Collection Set: 0.4ms
[2025-12-22T22:29:47.187+0000][5653.683s][info][gc,phases   ] GC(661)   Other: 0.5ms
[2025-12-22T22:29:47.187+0000][5653.683s][info][gc,heap     ] GC(661) Eden regions: 675->0(675)
[2025-12-22T22:29:47.187+0000][5653.683s][info][gc,heap     ] GC(661) Survivor regions: 1->1(85)
[2025-12-22T22:29:47.187+0000][5653.683s][info][gc,heap     ] GC(661) Old regions: 58->58
[2025-12-22T22:29:47.187+0000][5653.683s][info][gc,heap     ] GC(661) Archive regions: 2->2
[2025-12-22T22:29:47.187+0000][5653.684s][info][gc,heap     ] GC(661) Humongous regions: 37->37
[2025-12-22T22:29:47.187+0000][5653.684s][info][gc,metaspace] GC(661) Metaspace: 87830K(88832K)->87830K(88832K) NonClass: 76507K(76992K)->76507K(76992K) Class: 11322K(11840K)->11322K(11840K)
[2025-12-22T22:29:47.187+0000][5653.684s][info][gc          ] GC(661) Pause Young (Normal) (G1 Evacuation Pause) 771M->96M(1128M) 3.108ms
[2025-12-22T22:29:47.188+0000][5653.684s][info][gc,cpu      ] GC(661) User=0.00s Sys=0.01s Real=0.01s
[2025-12-22T22:29:56.757+0000][5663.253s][info][gc,start    ] GC(662) Pause Young (Normal) (G1 Evacuation Pause)
[2025-12-22T22:29:56.758+0000][5663.254s][info][gc,task     ] GC(662) Using 3 workers of 3 for evacuation
[2025-12-22T22:29:56.764+0000][5663.260s][info][gc,phases   ] GC(662)   Pre Evacuate Collection Set: 0.5ms
[2025-12-22T22:29:56.764+0000][5663.260s][info][gc,phases   ] GC(662)   Merge Heap Roots: 0.1ms
[2025-12-22T22:29:56.764+0000][5663.260s][info][gc,phases   ] GC(662)   Evacuate Collection Set: 3.0ms
[2025-12-22T22:29:56.764+0000][5663.260s][info][gc,phases   ] GC(662)   Post Evacuate Collection Set: 1.4ms
[2025-12-22T22:29:56.764+0000][5663.260s][info][gc,phases   ] GC(662)   Other: 1.5ms
[2025-12-22T22:29:56.764+0000][5663.260s][info][gc,heap     ] GC(662) Eden regions: 675->0(675)
[2025-12-22T22:29:56.764+0000][5663.260s][info][gc,heap     ] GC(662) Survivor regions: 1->1(85)
[2025-12-22T22:29:56.764+0000][5663.261s][info][gc,heap     ] GC(662) Old regions: 58->58
[2025-12-22T22:29:56.764+0000][5663.261s][info][gc,heap     ] GC(662) Archive regions: 2->2
[2025-12-22T22:29:56.765+0000][5663.261s][info][gc,heap     ] GC(662) Humongous regions: 37->37
[2025-12-22T22:29:56.765+0000][5663.261s][info][gc,metaspace] GC(662) Metaspace: 87830K(88832K)->87830K(88832K) NonClass: 76507K(76992K)->76507K(76992K) Class: 11322K(11840K)->11322K(11840K)
[2025-12-22T22:29:56.765+0000][5663.261s][info][gc          ] GC(662) Pause Young (Normal) (G1 Evacuation Pause) 771M->96M(1128M) 7.571ms
[2025-12-22T22:29:56.765+0000][5663.261s][info][gc,cpu      ] GC(662) User=0.01s Sys=0.00s Real=0.01s
[2025-12-22T22:30:05.281+0000][5671.777s][info][gc,start    ] GC(663) Pause Young (Normal) (G1 Evacuation Pause)
[2025-12-22T22:30:05.282+0000][5671.778s][info][gc,task     ] GC(663) Using 3 workers of 3 for evacuation
[2025-12-22T22:30:05.294+0000][5671.791s][info][gc,phases   ] GC(663)   Pre Evacuate Collection Set: 1.5ms
[2025-12-22T22:30:05.295+0000][5671.791s][info][gc,phases   ] GC(663)   Merge Heap Roots: 0.2ms
[2025-12-22T22:30:05.295+0000][5671.791s][info][gc,phases   ] GC(663)   Evacuate Collection Set: 7.4ms
[2025-12-22T22:30:05.295+0000][5671.791s][info][gc,phases   ] GC(663)   Post Evacuate Collection Set: 2.7ms
[2025-12-22T22:30:05.295+0000][5671.791s][info][gc,phases   ] GC(663)   Other: 2.4ms
[2025-12-22T22:30:05.295+0000][5671.791s][info][gc,heap     ] GC(663) Eden regions: 675->0(675)
[2025-12-22T22:30:05.295+0000][5671.791s][info][gc,heap     ] GC(663) Survivor regions: 1->1(85)
[2025-12-22T22:30:05.295+0000][5671.791s][info][gc,heap     ] GC(663) Old regions: 58->58
[2025-12-22T22:30:05.295+0000][5671.791s][info][gc,heap     ] GC(663) Archive regions: 2->2
[2025-12-22T22:30:05.295+0000][5671.792s][info][gc,heap     ] GC(663) Humongous regions: 37->37
[2025-12-22T22:30:05.295+0000][5671.792s][info][gc,metaspace] GC(663) Metaspace: 87830K(88832K)->87830K(88832K) NonClass: 76507K(76992K)->76507K(76992K) Class: 11322K(11840K)->11322K(11840K)
[2025-12-22T22:30:05.296+0000][5671.792s][info][gc          ] GC(663) Pause Young (Normal) (G1 Evacuation Pause) 771M->96M(1128M) 15.020ms
[2025-12-22T22:30:05.296+0000][5671.792s][info][gc,cpu      ] GC(663) User=0.03s Sys=0.00s Real=0.02s
[2025-12-22T22:30:13.544+0000][5680.040s][info][gc,start    ] GC(664) Pause Young (Normal) (G1 Evacuation Pause)
[2025-12-22T22:30:13.544+0000][5680.040s][info][gc,task     ] GC(664) Using 3 workers of 3 for evacuation
[2025-12-22T22:30:13.549+0000][5680.045s][info][gc,phases   ] GC(664)   Pre Evacuate Collection Set: 0.5ms
[2025-12-22T22:30:13.549+0000][5680.045s][info][gc,phases   ] GC(664)   Merge Heap Roots: 0.1ms
[2025-12-22T22:30:13.549+0000][5680.045s][info][gc,phases   ] GC(664)   Evacuate Collection Set: 3.0ms
[2025-12-22T22:30:13.549+0000][5680.046s][info][gc,phases   ] GC(664)   Post Evacuate Collection Set: 1.0ms
[2025-12-22T22:30:13.549+0000][5680.046s][info][gc,phases   ] GC(664)   Other: 0.7ms
[2025-12-22T22:30:13.549+0000][5680.046s][info][gc,heap     ] GC(664) Eden regions: 675->0(675)
[2025-12-22T22:30:13.549+0000][5680.046s][info][gc,heap     ] GC(664) Survivor regions: 1->1(85)
[2025-12-22T22:30:13.549+0000][5680.046s][info][gc,heap     ] GC(664) Old regions: 58->58
[2025-12-22T22:30:13.549+0000][5680.046s][info][gc,heap     ] GC(664) Archive regions: 2->2
[2025-12-22T22:30:13.550+0000][5680.046s][info][gc,heap     ] GC(664) Humongous regions: 37->37
[2025-12-22T22:30:13.550+0000][5680.046s][info][gc,metaspace] GC(664) Metaspace: 87830K(88832K)->87830K(88832K) NonClass: 76507K(76992K)->76507K(76992K) Class: 11322K(11840K)->11322K(11840K)
[2025-12-22T22:30:13.550+0000][5680.046s][info][gc          ] GC(664) Pause Young (Normal) (G1 Evacuation Pause) 771M->96M(1128M) 5.812ms
[2025-12-22T22:30:13.550+0000][5680.046s][info][gc,cpu      ] GC(664) User=0.01s Sys=0.00s Real=0.01s
[2025-12-22T22:30:23.351+0000][5689.848s][info][gc,start    ] GC(665) Pause Young (Normal) (G1 Evacuation Pause)
[2025-12-22T22:30:23.352+0000][5689.848s][info][gc,task     ] GC(665) Using 3 workers of 3 for evacuation
[2025-12-22T22:30:23.355+0000][5689.851s][info][gc,phases   ] GC(665)   Pre Evacuate Collection Set: 0.2ms
[2025-12-22T22:30:23.355+0000][5689.851s][info][gc,phases   ] GC(665)   Merge Heap Roots: 0.1ms
[2025-12-22T22:30:23.355+0000][5689.851s][info][gc,phases   ] GC(665)   Evacuate Collection Set: 2.1ms
[2025-12-22T22:30:23.355+0000][5689.851s][info][gc,phases   ] GC(665)   Post Evacuate Collection Set: 0.5ms
[2025-12-22T22:30:23.355+0000][5689.852s][info][gc,phases   ] GC(665)   Other: 0.7ms
[2025-12-22T22:30:23.355+0000][5689.852s][info][gc,heap     ] GC(665) Eden regions: 675->0(675)
[2025-12-22T22:30:23.355+0000][5689.852s][info][gc,heap     ] GC(665) Survivor regions: 1->1(85)
[2025-12-22T22:30:23.356+0000][5689.852s][info][gc,heap     ] GC(665) Old regions: 58->58
[2025-12-22T22:30:23.356+0000][5689.852s][info][gc,heap     ] GC(665) Archive regions: 2->2
[2025-12-22T22:30:23.356+0000][5689.852s][info][gc,heap     ] GC(665) Humongous regions: 37->37
[2025-12-22T22:30:23.356+0000][5689.852s][info][gc,metaspace] GC(665) Metaspace: 87830K(88832K)->87830K(88832K) NonClass: 76507K(76992K)->76507K(76992K) Class: 11322K(11840K)->11322K(11840K)
[2025-12-22T22:30:23.356+0000][5689.852s][info][gc          ] GC(665) Pause Young (Normal) (G1 Evacuation Pause) 771M->96M(1128M) 4.630ms
[2025-12-22T22:30:23.356+0000][5689.852s][info][gc,cpu      ] GC(665) User=0.01s Sys=0.00s Real=0.01s
[2025-12-22T22:30:31.674+0000][5698.171s][info][gc,start    ] GC(666) Pause Young (Normal) (G1 Evacuation Pause)
[2025-12-22T22:30:31.676+0000][5698.172s][info][gc,task     ] GC(666) Using 3 workers of 3 for evacuation
[2025-12-22T22:30:31.680+0000][5698.177s][info][gc,phases   ] GC(666)   Pre Evacuate Collection Set: 0.6ms
[2025-12-22T22:30:31.681+0000][5698.177s][info][gc,phases   ] GC(666)   Merge Heap Roots: 0.1ms
[2025-12-22T22:30:31.681+0000][5698.177s][info][gc,phases   ] GC(666)   Evacuate Collection Set: 2.8ms
[2025-12-22T22:30:31.681+0000][5698.177s][info][gc,phases   ] GC(666)   Post Evacuate Collection Set: 1.0ms
[2025-12-22T22:30:31.681+0000][5698.177s][info][gc,phases   ] GC(666)   Other: 1.5ms
[2025-12-22T22:30:31.681+0000][5698.177s][info][gc,heap     ] GC(666) Eden regions: 675->0(675)
[2025-12-22T22:30:31.681+0000][5698.177s][info][gc,heap     ] GC(666) Survivor regions: 1->1(85)
[2025-12-22T22:30:31.681+0000][5698.177s][info][gc,heap     ] GC(666) Old regions: 58->58
[2025-12-22T22:30:31.681+0000][5698.177s][info][gc,heap     ] GC(666) Archive regions: 2->2
[2025-12-22T22:30:31.681+0000][5698.177s][info][gc,heap     ] GC(666) Humongous regions: 37->37
[2025-12-22T22:30:31.681+0000][5698.178s][info][gc,metaspace] GC(666) Metaspace: 87830K(88832K)->87830K(88832K) NonClass: 76508K(76992K)->76508K(76992K) Class: 11322K(11840K)->11322K(11840K)
[2025-12-22T22:30:31.681+0000][5698.178s][info][gc          ] GC(666) Pause Young (Normal) (G1 Evacuation Pause) 771M->96M(1128M) 6.969ms
[2025-12-22T22:30:31.682+0000][5698.178s][info][gc,cpu      ] GC(666) User=0.01s Sys=0.00s Real=0.01s
[2025-12-22T22:30:41.569+0000][5708.065s][info][gc,start    ] GC(667) Pause Young (Normal) (G1 Evacuation Pause)
[2025-12-22T22:30:41.570+0000][5708.066s][info][gc,task     ] GC(667) Using 3 workers of 3 for evacuation
[2025-12-22T22:30:41.575+0000][5708.071s][info][gc,phases   ] GC(667)   Pre Evacuate Collection Set: 0.4ms
[2025-12-22T22:30:41.575+0000][5708.071s][info][gc,phases   ] GC(667)   Merge Heap Roots: 0.2ms
[2025-12-22T22:30:41.575+0000][5708.071s][info][gc,phases   ] GC(667)   Evacuate Collection Set: 3.0ms
[2025-12-22T22:30:41.575+0000][5708.071s][info][gc,phases   ] GC(667)   Post Evacuate Collection Set: 0.9ms
[2025-12-22T22:30:41.575+0000][5708.072s][info][gc,phases   ] GC(667)   Other: 1.5ms
[2025-12-22T22:30:41.575+0000][5708.072s][info][gc,heap     ] GC(667) Eden regions: 675->0(675)
[2025-12-22T22:30:41.576+0000][5708.072s][info][gc,heap     ] GC(667) Survivor regions: 1->1(85)
[2025-12-22T22:30:41.576+0000][5708.072s][info][gc,heap     ] GC(667) Old regions: 58->58
[2025-12-22T22:30:41.576+0000][5708.072s][info][gc,heap     ] GC(667) Archive regions: 2->2
[2025-12-22T22:30:41.576+0000][5708.072s][info][gc,heap     ] GC(667) Humongous regions: 37->37
[2025-12-22T22:30:41.576+0000][5708.072s][info][gc,metaspace] GC(667) Metaspace: 87831K(88832K)->87831K(88832K) NonClass: 76509K(76992K)->76509K(76992K) Class: 11322K(11840K)->11322K(11840K)
[2025-12-22T22:30:41.576+0000][5708.072s][info][gc          ] GC(667) Pause Young (Normal) (G1 Evacuation Pause) 771M->96M(1128M) 6.976ms
[2025-12-22T22:30:41.576+0000][5708.072s][info][gc,cpu      ] GC(667) User=0.01s Sys=0.00s Real=0.01s
[2025-12-22T22:30:49.503+0000][5716.000s][info][gc,start    ] GC(668) Pause Young (Normal) (G1 Evacuation Pause)
[2025-12-22T22:30:49.505+0000][5716.001s][info][gc,task     ] GC(668) Using 3 workers of 3 for evacuation
[2025-12-22T22:30:49.506+0000][5716.003s][info][gc,phases   ] GC(668)   Pre Evacuate Collection Set: 0.1ms
[2025-12-22T22:30:49.506+0000][5716.003s][info][gc,phases   ] GC(668)   Merge Heap Roots: 0.1ms
[2025-12-22T22:30:49.507+0000][5716.003s][info][gc,phases   ] GC(668)   Evacuate Collection Set: 1.0ms
[2025-12-22T22:30:49.507+0000][5716.003s][info][gc,phases   ] GC(668)   Post Evacuate Collection Set: 0.4ms
[2025-12-22T22:30:49.507+0000][5716.003s][info][gc,phases   ] GC(668)   Other: 1.4ms
[2025-12-22T22:30:49.507+0000][5716.003s][info][gc,heap     ] GC(668) Eden regions: 675->0(675)
[2025-12-22T22:30:49.507+0000][5716.003s][info][gc,heap     ] GC(668) Survivor regions: 1->1(85)
[2025-12-22T22:30:49.507+0000][5716.003s][info][gc,heap     ] GC(668) Old regions: 58->58
[2025-12-22T22:30:49.507+0000][5716.003s][info][gc,heap     ] GC(668) Archive regions: 2->2
[2025-12-22T22:30:49.507+0000][5716.003s][info][gc,heap     ] GC(668) Humongous regions: 37->37
[2025-12-22T22:30:49.507+0000][5716.004s][info][gc,metaspace] GC(668) Metaspace: 87831K(88832K)->87831K(88832K) NonClass: 76509K(76992K)->76509K(76992K) Class: 11322K(11840K)->11322K(11840K)
[2025-12-22T22:30:49.507+0000][5716.004s][info][gc          ] GC(668) Pause Young (Normal) (G1 Evacuation Pause) 771M->96M(1128M) 4.031ms
[2025-12-22T22:30:49.508+0000][5716.004s][info][gc,cpu      ] GC(668) User=0.00s Sys=0.00s Real=0.01s
[2025-12-22T22:30:57.911+0000][5724.408s][info][gc,start    ] GC(669) Pause Young (Normal) (G1 Evacuation Pause)
[2025-12-22T22:30:57.912+0000][5724.408s][info][gc,task     ] GC(669) Using 3 workers of 3 for evacuation
[2025-12-22T22:30:57.913+0000][5724.410s][info][gc,phases   ] GC(669)   Pre Evacuate Collection Set: 0.1ms
[2025-12-22T22:30:57.913+0000][5724.410s][info][gc,phases   ] GC(669)   Merge Heap Roots: 0.1ms
[2025-12-22T22:30:57.914+0000][5724.410s][info][gc,phases   ] GC(669)   Evacuate Collection Set: 0.9ms
[2025-12-22T22:30:57.914+0000][5724.410s][info][gc,phases   ] GC(669)   Post Evacuate Collection Set: 0.3ms
[2025-12-22T22:30:57.914+0000][5724.410s][info][gc,phases   ] GC(669)   Other: 0.7ms
[2025-12-22T22:30:57.914+0000][5724.410s][info][gc,heap     ] GC(669) Eden regions: 675->0(675)
[2025-12-22T22:30:57.914+0000][5724.410s][info][gc,heap     ] GC(669) Survivor regions: 1->1(85)
[2025-12-22T22:30:57.914+0000][5724.410s][info][gc,heap     ] GC(669) Old regions: 58->58
[2025-12-22T22:30:57.914+0000][5724.410s][info][gc,heap     ] GC(669) Archive regions: 2->2
[2025-12-22T22:30:57.914+0000][5724.410s][info][gc,heap     ] GC(669) Humongous regions: 37->37
[2025-12-22T22:30:57.914+0000][5724.410s][info][gc,metaspace] GC(669) Metaspace: 87833K(88832K)->87833K(88832K) NonClass: 76511K(76992K)->76511K(76992K) Class: 11322K(11840K)->11322K(11840K)
[2025-12-22T22:30:57.914+0000][5724.410s][info][gc          ] GC(669) Pause Young (Normal) (G1 Evacuation Pause) 771M->96M(1128M) 2.533ms
[2025-12-22T22:30:57.914+0000][5724.410s][info][gc,cpu      ] GC(669) User=0.00s Sys=0.00s Real=0.00s
[2025-12-22T22:31:06.614+0000][5733.111s][info][gc,start    ] GC(670) Pause Young (Normal) (G1 Evacuation Pause)
[2025-12-22T22:31:06.615+0000][5733.111s][info][gc,task     ] GC(670) Using 3 workers of 3 for evacuation
[2025-12-22T22:31:06.617+0000][5733.113s][info][gc,phases   ] GC(670)   Pre Evacuate Collection Set: 0.2ms
[2025-12-22T22:31:06.617+0000][5733.113s][info][gc,phases   ] GC(670)   Merge Heap Roots: 0.1ms
[2025-12-22T22:31:06.617+0000][5733.113s][info][gc,phases   ] GC(670)   Evacuate Collection Set: 1.1ms
[2025-12-22T22:31:06.617+0000][5733.113s][info][gc,phases   ] GC(670)   Post Evacuate Collection Set: 0.5ms
[2025-12-22T22:31:06.617+0000][5733.113s][info][gc,phases   ] GC(670)   Other: 0.7ms
[2025-12-22T22:31:06.617+0000][5733.113s][info][gc,heap     ] GC(670) Eden regions: 675->0(675)
[2025-12-22T22:31:06.617+0000][5733.113s][info][gc,heap     ] GC(670) Survivor regions: 1->1(85)
[2025-12-22T22:31:06.617+0000][5733.113s][info][gc,heap     ] GC(670) Old regions: 58->58
[2025-12-22T22:31:06.617+0000][5733.113s][info][gc,heap     ] GC(670) Archive regions: 2->2
[2025-12-22T22:31:06.617+0000][5733.114s][info][gc,heap     ] GC(670) Humongous regions: 37->37
[2025-12-22T22:31:06.617+0000][5733.114s][info][gc,metaspace] GC(670) Metaspace: 87841K(88832K)->87841K(88832K) NonClass: 76518K(76992K)->76518K(76992K) Class: 11322K(11840K)->11322K(11840K)
[2025-12-22T22:31:06.617+0000][5733.114s][info][gc          ] GC(670) Pause Young (Normal) (G1 Evacuation Pause) 771M->96M(1128M) 3.092ms
[2025-12-22T22:31:06.618+0000][5733.114s][info][gc,cpu      ] GC(670) User=0.00s Sys=0.00s Real=0.01s
[2025-12-22T22:31:14.620+0000][5741.117s][info][gc,start    ] GC(671) Pause Young (Normal) (G1 Evacuation Pause)
[2025-12-22T22:31:14.621+0000][5741.117s][info][gc,task     ] GC(671) Using 3 workers of 3 for evacuation
[2025-12-22T22:31:14.628+0000][5741.124s][info][gc,phases   ] GC(671)   Pre Evacuate Collection Set: 0.4ms
[2025-12-22T22:31:14.628+0000][5741.124s][info][gc,phases   ] GC(671)   Merge Heap Roots: 0.2ms
[2025-12-22T22:31:14.628+0000][5741.124s][info][gc,phases   ] GC(671)   Evacuate Collection Set: 5.3ms
[2025-12-22T22:31:14.628+0000][5741.125s][info][gc,phases   ] GC(671)   Post Evacuate Collection Set: 0.9ms
[2025-12-22T22:31:14.628+0000][5741.125s][info][gc,phases   ] GC(671)   Other: 0.8ms
[2025-12-22T22:31:14.628+0000][5741.125s][info][gc,heap     ] GC(671) Eden regions: 675->0(675)
[2025-12-22T22:31:14.629+0000][5741.125s][info][gc,heap     ] GC(671) Survivor regions: 1->1(85)
[2025-12-22T22:31:14.629+0000][5741.125s][info][gc,heap     ] GC(671) Old regions: 58->58
[2025-12-22T22:31:14.629+0000][5741.125s][info][gc,heap     ] GC(671) Archive regions: 2->2
[2025-12-22T22:31:14.629+0000][5741.125s][info][gc,heap     ] GC(671) Humongous regions: 37->37
[2025-12-22T22:31:14.629+0000][5741.125s][info][gc,metaspace] GC(671) Metaspace: 87841K(88832K)->87841K(88832K) NonClass: 76518K(76992K)->76518K(76992K) Class: 11322K(11840K)->11322K(11840K)
[2025-12-22T22:31:14.629+0000][5741.125s][info][gc          ] GC(671) Pause Young (Normal) (G1 Evacuation Pause) 771M->96M(1128M) 8.735ms
[2025-12-22T22:31:14.629+0000][5741.125s][info][gc,cpu      ] GC(671) User=0.02s Sys=0.00s Real=0.01s
[2025-12-22T22:31:24.558+0000][5751.054s][info][gc,start    ] GC(672) Pause Young (Normal) (G1 Evacuation Pause)
[2025-12-22T22:31:24.559+0000][5751.055s][info][gc,task     ] GC(672) Using 3 workers of 3 for evacuation
[2025-12-22T22:31:24.563+0000][5751.060s][info][gc,phases   ] GC(672)   Pre Evacuate Collection Set: 0.3ms
[2025-12-22T22:31:24.564+0000][5751.060s][info][gc,phases   ] GC(672)   Merge Heap Roots: 0.1ms
[2025-12-22T22:31:24.564+0000][5751.060s][info][gc,phases   ] GC(672)   Evacuate Collection Set: 2.1ms
[2025-12-22T22:31:24.564+0000][5751.060s][info][gc,phases   ] GC(672)   Post Evacuate Collection Set: 1.4ms
[2025-12-22T22:31:24.564+0000][5751.060s][info][gc,phases   ] GC(672)   Other: 1.9ms
[2025-12-22T22:31:24.564+0000][5751.060s][info][gc,heap     ] GC(672) Eden regions: 675->0(675)
[2025-12-22T22:31:24.564+0000][5751.060s][info][gc,heap     ] GC(672) Survivor regions: 1->1(85)
[2025-12-22T22:31:24.564+0000][5751.060s][info][gc,heap     ] GC(672) Old regions: 58->58
[2025-12-22T22:31:24.564+0000][5751.060s][info][gc,heap     ] GC(672) Archive regions: 2->2
[2025-12-22T22:31:24.564+0000][5751.060s][info][gc,heap     ] GC(672) Humongous regions: 37->37
[2025-12-22T22:31:24.564+0000][5751.060s][info][gc,metaspace] GC(672) Metaspace: 87841K(88832K)->87841K(88832K) NonClass: 76518K(76992K)->76518K(76992K) Class: 11322K(11840K)->11322K(11840K)
[2025-12-22T22:31:24.564+0000][5751.061s][info][gc          ] GC(672) Pause Young (Normal) (G1 Evacuation Pause) 771M->96M(1128M) 6.648ms
[2025-12-22T22:31:24.564+0000][5751.061s][info][gc,cpu      ] GC(672) User=0.00s Sys=0.01s Real=0.00s
[2025-12-22T22:31:38.905+0000][5765.401s][info][gc,start    ] GC(673) Pause Young (Normal) (G1 Evacuation Pause)
[2025-12-22T22:31:38.907+0000][5765.403s][info][gc,task     ] GC(673) Using 3 workers of 3 for evacuation
[2025-12-22T22:31:38.953+0000][5765.449s][info][gc,phases   ] GC(673)   Pre Evacuate Collection Set: 2.4ms
[2025-12-22T22:31:38.955+0000][5765.451s][info][gc,phases   ] GC(673)   Merge Heap Roots: 1.2ms
[2025-12-22T22:31:38.955+0000][5765.451s][info][gc,phases   ] GC(673)   Evacuate Collection Set: 24.9ms
[2025-12-22T22:31:38.955+0000][5765.451s][info][gc,phases   ] GC(673)   Post Evacuate Collection Set: 10.5ms
[2025-12-22T22:31:38.956+0000][5765.452s][info][gc,phases   ] GC(673)   Other: 9.0ms
[2025-12-22T22:31:38.958+0000][5765.454s][info][gc,heap     ] GC(673) Eden regions: 675->0(674)
[2025-12-22T22:31:38.958+0000][5765.454s][info][gc,heap     ] GC(673) Survivor regions: 1->2(85)
[2025-12-22T22:31:38.958+0000][5765.454s][info][gc,heap     ] GC(673) Old regions: 58->58
[2025-12-22T22:31:38.959+0000][5765.455s][info][gc,heap     ] GC(673) Archive regions: 2->2
[2025-12-22T22:31:38.959+0000][5765.455s][info][gc,heap     ] GC(673) Humongous regions: 37->37
[2025-12-22T22:31:38.960+0000][5765.456s][info][gc,metaspace] GC(673) Metaspace: 87864K(88832K)->87864K(88832K) NonClass: 76541K(76992K)->76541K(76992K) Class: 11322K(11840K)->11322K(11840K)
[2025-12-22T22:31:38.963+0000][5765.459s][info][gc          ] GC(673) Pause Young (Normal) (G1 Evacuation Pause) 771M->96M(1128M) 58.064ms
[2025-12-22T22:31:38.964+0000][5765.460s][info][gc,cpu      ] GC(673) User=0.01s Sys=0.02s Real=0.06s
