[2025-12-25T04:22:24.366+0000][0.006s][info][gc] Using Serial
[2025-12-25T04:22:24.367+0000][0.007s][info][gc,init] Version: 17.0.14+7 (release)
[2025-12-25T04:22:24.367+0000][0.007s][info][gc,init] CPUs: 8 total, 4 available
[2025-12-25T04:22:24.367+0000][0.007s][info][gc,init] Memory: 1536M
[2025-12-25T04:22:24.367+0000][0.007s][info][gc,init] Large Page Support: Disabled
[2025-12-25T04:22:24.367+0000][0.007s][info][gc,init] NUMA Support: Disabled
[2025-12-25T04:22:24.367+0000][0.007s][info][gc,init] Compressed Oops: Enabled (32-bit)
[2025-12-25T04:22:24.368+0000][0.007s][info][gc,init] Heap Min Capacity: 288M
[2025-12-25T04:22:24.368+0000][0.008s][info][gc,init] Heap Initial Capacity: 288M
[2025-12-25T04:22:24.368+0000][0.008s][info][gc,init] Heap Max Capacity: 288M
[2025-12-25T04:22:24.368+0000][0.008s][info][gc,init] Pre-touch: Disabled
[2025-12-25T04:22:24.372+0000][0.012s][info][gc,metaspace] CDS archive(s) mapped at: [0x000000a000000000-0x000000a000a70000-0x000000a000a70000), size 10944512, SharedBaseAddress: 0x000000a000000000, ArchiveRelocationMode: 1.
[2025-12-25T04:22:24.373+0000][0.013s][info][gc,metaspace] Compressed class space mapped at: 0x000000a001000000-0x000000a00e000000, reserved size: 218103808
[2025-12-25T04:22:24.373+0000][0.013s][info][gc,metaspace] Narrow klass base: 0x000000a000000000, Narrow klass shift: 0, Narrow klass range: 0x100000000
[2025-12-25T04:22:24.946+0000][0.586s][info][gc,start    ] GC(0) Pause Young (Allocation Failure)
[2025-12-25T04:22:24.957+0000][0.597s][info][gc,heap     ] GC(0) DefNew: 78720K(88512K)->9792K(88512K) Eden: 78720K(78720K)->0K(78720K) From: 0K(9792K)->9792K(9792K)
[2025-12-25T04:22:24.958+0000][0.598s][info][gc,heap     ] GC(0) Tenured: 0K(196608K)->6539K(196608K)
[2025-12-25T04:22:24.958+0000][0.598s][info][gc,metaspace] GC(0) Metaspace: 17049K(17216K)->17049K(17216K) NonClass: 14877K(14976K)->14877K(14976K) Class: 2171K(2240K)->2171K(2240K)
[2025-12-25T04:22:24.958+0000][0.598s][info][gc          ] GC(0) Pause Young (Allocation Failure) 76M->15M(278M) 11.733ms
[2025-12-25T04:22:24.958+0000][0.598s][info][gc,cpu      ] GC(0) User=0.01s Sys=0.01s Real=0.01s
[2025-12-25T04:22:25.171+0000][0.811s][info][gc,start    ] GC(1) Pause Young (Allocation Failure)
[2025-12-25T04:22:25.185+0000][0.825s][info][gc,heap     ] GC(1) DefNew: 88512K(88512K)->4627K(88512K) Eden: 78720K(78720K)->0K(78720K) From: 9792K(9792K)->4627K(9792K)
[2025-12-25T04:22:25.185+0000][0.825s][info][gc,heap     ] GC(1) Tenured: 6539K(196608K)->16296K(196608K)
[2025-12-25T04:22:25.185+0000][0.825s][info][gc,metaspace] GC(1) Metaspace: 19708K(19968K)->19708K(19968K) NonClass: 17193K(17344K)->17193K(17344K) Class: 2515K(2624K)->2515K(2624K)
[2025-12-25T04:22:25.185+0000][0.825s][info][gc          ] GC(1) Pause Young (Allocation Failure) 92M->20M(278M) 14.021ms
[2025-12-25T04:22:25.185+0000][0.825s][info][gc,cpu      ] GC(1) User=0.01s Sys=0.01s Real=0.02s
[2025-12-25T04:22:25.266+0000][0.906s][info][gc,start    ] GC(2) Pause Full (Metadata GC Threshold)
[2025-12-25T04:22:25.266+0000][0.906s][info][gc,phases,start] GC(2) Phase 1: Mark live objects
[2025-12-25T04:22:25.272+0000][0.912s][info][gc,phases      ] GC(2) Phase 1: Mark live objects 5.657ms
[2025-12-25T04:22:25.272+0000][0.912s][info][gc,phases,start] GC(2) Phase 2: Compute new object addresses
[2025-12-25T04:22:25.277+0000][0.917s][info][gc,phases      ] GC(2) Phase 2: Compute new object addresses 5.122ms
[2025-12-25T04:22:25.277+0000][0.917s][info][gc,phases,start] GC(2) Phase 3: Adjust pointers
[2025-12-25T04:22:25.281+0000][0.921s][info][gc,phases      ] GC(2) Phase 3: Adjust pointers 3.962ms
[2025-12-25T04:22:25.281+0000][0.921s][info][gc,phases,start] GC(2) Phase 4: Move objects
[2025-12-25T04:22:25.283+0000][0.923s][info][gc,phases      ] GC(2) Phase 4: Move objects 1.713ms
[2025-12-25T04:22:25.283+0000][0.923s][info][gc,heap        ] GC(2) DefNew: 41673K(88512K)->0K(88512K) Eden: 37046K(78720K)->0K(78720K) From: 4627K(9792K)->0K(9792K)
[2025-12-25T04:22:25.283+0000][0.923s][info][gc,heap        ] GC(2) Tenured: 16296K(196608K)->21421K(196608K)
[2025-12-25T04:22:25.284+0000][0.924s][info][gc,metaspace   ] GC(2) Metaspace: 21221K(21504K)->21221K(21504K) NonClass: 18492K(18624K)->18492K(18624K) Class: 2729K(2880K)->2729K(2880K)
[2025-12-25T04:22:25.284+0000][0.924s][info][gc             ] GC(2) Pause Full (Metadata GC Threshold) 56M->20M(278M) 17.719ms
[2025-12-25T04:22:25.284+0000][0.924s][info][gc,cpu         ] GC(2) User=0.02s Sys=0.00s Real=0.01s
[2025-12-25T04:22:25.581+0000][1.221s][info][gc,start       ] GC(3) Pause Young (Allocation Failure)
[2025-12-25T04:22:25.586+0000][1.226s][info][gc,heap        ] GC(3) DefNew: 78720K(88512K)->4454K(88512K) Eden: 78720K(78720K)->0K(78720K) From: 0K(9792K)->4454K(9792K)
[2025-12-25T04:22:25.586+0000][1.226s][info][gc,heap        ] GC(3) Tenured: 21421K(196608K)->21421K(196608K)
[2025-12-25T04:22:25.586+0000][1.226s][info][gc,metaspace   ] GC(3) Metaspace: 30318K(30656K)->30318K(30656K) NonClass: 26365K(26560K)->26365K(26560K) Class: 3952K(4096K)->3952K(4096K)
[2025-12-25T04:22:25.586+0000][1.226s][info][gc             ] GC(3) Pause Young (Allocation Failure) 97M->25M(278M) 4.704ms
[2025-12-25T04:22:25.586+0000][1.226s][info][gc,cpu         ] GC(3) User=0.01s Sys=0.00s Real=0.01s
[2025-12-25T04:22:25.829+0000][1.469s][info][gc,start       ] GC(4) Pause Full (Metadata GC Threshold)
[2025-12-25T04:22:25.829+0000][1.469s][info][gc,phases,start] GC(4) Phase 1: Mark live objects
[2025-12-25T04:22:25.841+0000][1.481s][info][gc,phases      ] GC(4) Phase 1: Mark live objects 11.090ms
[2025-12-25T04:22:25.841+0000][1.481s][info][gc,phases,start] GC(4) Phase 2: Compute new object addresses
[2025-12-25T04:22:25.845+0000][1.485s][info][gc,phases      ] GC(4) Phase 2: Compute new object addresses 4.303ms
[2025-12-25T04:22:25.845+0000][1.485s][info][gc,phases,start] GC(4) Phase 3: Adjust pointers
[2025-12-25T04:22:25.851+0000][1.491s][info][gc,phases      ] GC(4) Phase 3: Adjust pointers 5.497ms
[2025-12-25T04:22:25.851+0000][1.491s][info][gc,phases,start] GC(4) Phase 4: Move objects
[2025-12-25T04:22:25.854+0000][1.494s][info][gc,phases      ] GC(4) Phase 4: Move objects 2.730ms
[2025-12-25T04:22:25.855+0000][1.495s][info][gc,heap        ] GC(4) DefNew: 33622K(88512K)->0K(88512K) Eden: 29167K(78720K)->0K(78720K) From: 4454K(9792K)->0K(9792K)
[2025-12-25T04:22:25.855+0000][1.495s][info][gc,heap        ] GC(4) Tenured: 21421K(196608K)->26497K(196608K)
[2025-12-25T04:22:25.855+0000][1.495s][info][gc,metaspace   ] GC(4) Metaspace: 35573K(35840K)->35561K(35840K) NonClass: 30913K(31040K)->30902K(31040K) Class: 4660K(4800K)->4659K(4800K)
[2025-12-25T04:22:25.855+0000][1.495s][info][gc             ] GC(4) Pause Full (Metadata GC Threshold) 53M->25M(278M) 25.614ms
[2025-12-25T04:22:25.855+0000][1.495s][info][gc,cpu         ] GC(4) User=0.02s Sys=0.00s Real=0.03s
[2025-12-25T04:22:26.085+0000][1.725s][info][gc,start       ] GC(5) Pause Young (Allocation Failure)
[2025-12-25T04:22:26.088+0000][1.728s][info][gc,heap        ] GC(5) DefNew: 78720K(88512K)->2062K(88512K) Eden: 78720K(78720K)->0K(78720K) From: 0K(9792K)->2062K(9792K)
[2025-12-25T04:22:26.089+0000][1.729s][info][gc,heap        ] GC(5) Tenured: 26497K(196608K)->26497K(196608K)
[2025-12-25T04:22:26.089+0000][1.729s][info][gc,metaspace   ] GC(5) Metaspace: 42488K(42816K)->42488K(42816K) NonClass: 36709K(36864K)->36709K(36864K) Class: 5778K(5952K)->5778K(5952K)
[2025-12-25T04:22:26.089+0000][1.729s][info][gc             ] GC(5) Pause Young (Allocation Failure) 102M->27M(278M) 3.594ms
[2025-12-25T04:22:26.089+0000][1.729s][info][gc,cpu         ] GC(5) User=0.00s Sys=0.00s Real=0.00s
[2025-12-25T04:22:26.456+0000][2.096s][info][gc,start       ] GC(6) Pause Young (Allocation Failure)
[2025-12-25T04:22:26.463+0000][2.103s][info][gc,heap        ] GC(6) DefNew: 80782K(88512K)->5801K(88512K) Eden: 78720K(78720K)->0K(78720K) From: 2062K(9792K)->5801K(9792K)
[2025-12-25T04:22:26.463+0000][2.103s][info][gc,heap        ] GC(6) Tenured: 26497K(196608K)->26497K(196608K)
[2025-12-25T04:22:26.463+0000][2.103s][info][gc,metaspace   ] GC(6) Metaspace: 50505K(50880K)->50505K(50880K) NonClass: 43579K(43776K)->43579K(43776K) Class: 6925K(7104K)->6925K(7104K)
[2025-12-25T04:22:26.463+0000][2.103s][info][gc             ] GC(6) Pause Young (Allocation Failure) 104M->31M(278M) 6.532ms
[2025-12-25T04:22:26.463+0000][2.103s][info][gc,cpu         ] GC(6) User=0.01s Sys=0.00s Real=0.00s
[2025-12-25T04:23:24.748+0000][60.388s][info][gc,start       ] GC(7) Pause Young (Allocation Failure)
[2025-12-25T04:23:24.780+0000][60.420s][info][gc,heap        ] GC(7) DefNew: 84521K(88512K)->9727K(88512K) Eden: 78720K(78720K)->0K(78720K) From: 5801K(9792K)->9727K(9792K)
[2025-12-25T04:23:24.780+0000][60.420s][info][gc,heap        ] GC(7) Tenured: 26497K(196608K)->27957K(196608K)
[2025-12-25T04:23:24.780+0000][60.420s][info][gc,metaspace   ] GC(7) Metaspace: 58451K(58880K)->58451K(58880K) NonClass: 50502K(50752K)->50502K(50752K) Class: 7949K(8128K)->7949K(8128K)
[2025-12-25T04:23:24.780+0000][60.420s][info][gc             ] GC(7) Pause Young (Allocation Failure) 108M->36M(278M) 32.158ms
[2025-12-25T04:23:24.780+0000][60.420s][info][gc,cpu         ] GC(7) User=0.02s Sys=0.00s Real=0.03s
[2025-12-25T04:27:19.302+0000][294.942s][info][gc,start       ] GC(8) Pause Full (Metadata GC Threshold)
[2025-12-25T04:27:19.303+0000][294.943s][info][gc,phases,start] GC(8) Phase 1: Mark live objects
[2025-12-25T04:27:19.359+0000][294.999s][info][gc,phases      ] GC(8) Phase 1: Mark live objects 55.933ms
[2025-12-25T04:27:19.359+0000][294.999s][info][gc,phases,start] GC(8) Phase 2: Compute new object addresses
[2025-12-25T04:27:19.370+0000][295.010s][info][gc,phases      ] GC(8) Phase 2: Compute new object addresses 11.237ms
[2025-12-25T04:27:19.371+0000][295.011s][info][gc,phases,start] GC(8) Phase 3: Adjust pointers
[2025-12-25T04:27:19.381+0000][295.021s][info][gc,phases      ] GC(8) Phase 3: Adjust pointers 10.888ms
[2025-12-25T04:27:19.382+0000][295.022s][info][gc,phases,start] GC(8) Phase 4: Move objects
[2025-12-25T04:27:19.390+0000][295.030s][info][gc,phases      ] GC(8) Phase 4: Move objects 8.698ms
[2025-12-25T04:27:19.396+0000][295.036s][info][gc,heap        ] GC(8) DefNew: 29905K(88512K)->0K(88512K) Eden: 20178K(78720K)->0K(78720K) From: 9727K(9792K)->0K(9792K)
[2025-12-25T04:27:19.396+0000][295.036s][info][gc,heap        ] GC(8) Tenured: 27957K(196608K)->38915K(196608K)
[2025-12-25T04:27:19.396+0000][295.036s][info][gc,metaspace   ] GC(8) Metaspace: 59376K(59776K)->59376K(59776K) NonClass: 51373K(51584K)->51373K(51584K) Class: 8002K(8192K)->8002K(8192K)
[2025-12-25T04:27:19.396+0000][295.036s][info][gc             ] GC(8) Pause Full (Metadata GC Threshold) 56M->38M(278M) 94.107ms
[2025-12-25T04:27:19.397+0000][295.037s][info][gc,cpu         ] GC(8) User=0.09s Sys=0.00s Real=0.10s
[2025-12-25T04:27:19.790+0000][295.430s][info][gc,start       ] GC(9) Pause Young (Allocation Failure)
[2025-12-25T04:27:19.802+0000][295.442s][info][gc,heap        ] GC(9) DefNew: 78720K(88512K)->8356K(88512K) Eden: 78720K(78720K)->0K(78720K) From: 0K(9792K)->8356K(9792K)
[2025-12-25T04:27:19.802+0000][295.442s][info][gc,heap        ] GC(9) Tenured: 38915K(196608K)->38915K(196608K)
[2025-12-25T04:27:19.803+0000][295.443s][info][gc,metaspace   ] GC(9) Metaspace: 64562K(65344K)->64562K(65344K) NonClass: 55759K(56128K)->55759K(56128K) Class: 8802K(9216K)->8802K(9216K)
[2025-12-25T04:27:19.803+0000][295.443s][info][gc             ] GC(9) Pause Young (Allocation Failure) 114M->46M(278M) 12.805ms
[2025-12-25T04:27:19.803+0000][295.443s][info][gc,cpu         ] GC(9) User=0.02s Sys=0.00s Real=0.01s
[2025-12-25T04:27:20.019+0000][295.659s][info][gc,start       ] GC(10) Pause Young (Allocation Failure)
[2025-12-25T04:27:20.029+0000][295.669s][info][gc,heap        ] GC(10) DefNew: 87076K(88512K)->3548K(88512K) Eden: 78720K(78720K)->0K(78720K) From: 8356K(9792K)->3548K(9792K)
[2025-12-25T04:27:20.029+0000][295.669s][info][gc,heap        ] GC(10) Tenured: 38915K(196608K)->46277K(196608K)
[2025-12-25T04:27:20.029+0000][295.669s][info][gc,metaspace   ] GC(10) Metaspace: 71799K(72576K)->71799K(72576K) NonClass: 62025K(62400K)->62025K(62400K) Class: 9773K(10176K)->9773K(10176K)
[2025-12-25T04:27:20.030+0000][295.670s][info][gc             ] GC(10) Pause Young (Allocation Failure) 123M->48M(278M) 10.935ms
[2025-12-25T04:27:20.030+0000][295.670s][info][gc,cpu         ] GC(10) User=0.02s Sys=0.00s Real=0.01s
[2025-12-25T04:27:20.117+0000][295.757s][info][gc,start       ] GC(11) Pause Young (Allocation Failure)
[2025-12-25T04:27:20.125+0000][295.765s][info][gc,heap        ] GC(11) DefNew: 82268K(88512K)->7160K(88512K) Eden: 78720K(78720K)->0K(78720K) From: 3548K(9792K)->7160K(9792K)
[2025-12-25T04:27:20.125+0000][295.765s][info][gc,heap        ] GC(11) Tenured: 46277K(196608K)->46277K(196608K)
[2025-12-25T04:27:20.125+0000][295.765s][info][gc,metaspace   ] GC(11) Metaspace: 73604K(74368K)->73604K(74368K) NonClass: 63691K(64064K)->63691K(64064K) Class: 9912K(10304K)->9912K(10304K)
[2025-12-25T04:27:20.125+0000][295.765s][info][gc             ] GC(11) Pause Young (Allocation Failure) 125M->52M(278M) 7.645ms
[2025-12-25T04:27:20.125+0000][295.765s][info][gc,cpu         ] GC(11) User=0.01s Sys=0.00s Real=0.01s
[2025-12-25T04:27:20.149+0000][295.789s][info][gc,start       ] GC(12) Pause Young (Allocation Failure)
[2025-12-25T04:27:20.160+0000][295.800s][info][gc,heap        ] GC(12) DefNew: 85880K(88512K)->6105K(88512K) Eden: 78720K(78720K)->0K(78720K) From: 7160K(9792K)->6105K(9792K)
[2025-12-25T04:27:20.160+0000][295.800s][info][gc,heap        ] GC(12) Tenured: 46277K(196608K)->48967K(196608K)
[2025-12-25T04:27:20.160+0000][295.800s][info][gc,metaspace   ] GC(12) Metaspace: 74913K(75712K)->74913K(75712K) NonClass: 64897K(65280K)->64897K(65280K) Class: 10016K(10432K)->10016K(10432K)
[2025-12-25T04:27:20.160+0000][295.800s][info][gc             ] GC(12) Pause Young (Allocation Failure) 129M->53M(278M) 10.851ms
[2025-12-25T04:27:20.160+0000][295.800s][info][gc,cpu         ] GC(12) User=0.01s Sys=0.00s Real=0.01s
[2025-12-25T04:27:20.224+0000][295.864s][info][gc,start       ] GC(13) Pause Young (Allocation Failure)
[2025-12-25T04:27:20.259+0000][295.899s][info][gc,heap        ] GC(13) DefNew: 84825K(88512K)->5143K(88512K) Eden: 78720K(78720K)->0K(78720K) From: 6105K(9792K)->5143K(9792K)
[2025-12-25T04:27:20.260+0000][295.900s][info][gc,heap        ] GC(13) Tenured: 48967K(196608K)->51718K(196608K)
[2025-12-25T04:27:20.260+0000][295.900s][info][gc,metaspace   ] GC(13) Metaspace: 76619K(77376K)->76619K(77376K) NonClass: 66432K(66816K)->66432K(66816K) Class: 10187K(10560K)->10187K(10560K)
[2025-12-25T04:27:20.261+0000][295.901s][info][gc             ] GC(13) Pause Young (Allocation Failure) 130M->55M(278M) 36.233ms
[2025-12-25T04:27:20.262+0000][295.902s][info][gc,cpu         ] GC(13) User=0.03s Sys=0.00s Real=0.03s
[2025-12-25T04:27:20.412+0000][296.052s][info][gc,start       ] GC(14) Pause Young (Allocation Failure)
[2025-12-25T04:27:20.419+0000][296.059s][info][gc,heap        ] GC(14) DefNew: 83863K(88512K)->4996K(88512K) Eden: 78720K(78720K)->0K(78720K) From: 5143K(9792K)->4996K(9792K)
[2025-12-25T04:27:20.419+0000][296.059s][info][gc,heap        ] GC(14) Tenured: 51718K(196608K)->53464K(196608K)
[2025-12-25T04:27:20.419+0000][296.059s][info][gc,metaspace   ] GC(14) Metaspace: 81108K(81920K)->81108K(81920K) NonClass: 70267K(70656K)->70267K(70656K) Class: 10840K(11264K)->10840K(11264K)
[2025-12-25T04:27:20.419+0000][296.059s][info][gc             ] GC(14) Pause Young (Allocation Failure) 132M->57M(278M) 7.371ms
[2025-12-25T04:27:20.419+0000][296.059s][info][gc,cpu         ] GC(14) User=0.02s Sys=0.01s Real=0.01s
[2025-12-25T04:27:21.125+0000][296.765s][info][gc,start       ] GC(15) Pause Young (Allocation Failure)
[2025-12-25T04:27:21.131+0000][296.771s][info][gc,heap        ] GC(15) DefNew: 83716K(88512K)->3579K(88512K) Eden: 78719K(78720K)->0K(78720K) From: 4996K(9792K)->3579K(9792K)
[2025-12-25T04:27:21.132+0000][296.771s][info][gc,heap        ] GC(15) Tenured: 53464K(196608K)->55268K(196608K)
[2025-12-25T04:27:21.132+0000][296.772s][info][gc,metaspace   ] GC(15) Metaspace: 81900K(82752K)->81900K(82752K) NonClass: 71014K(71424K)->71014K(71424K) Class: 10886K(11328K)->10886K(11328K)
[2025-12-25T04:27:21.132+0000][296.772s][info][gc             ] GC(15) Pause Young (Allocation Failure) 133M->57M(278M) 6.271ms
[2025-12-25T04:27:21.132+0000][296.772s][info][gc,cpu         ] GC(15) User=0.00s Sys=0.00s Real=0.00s
[2025-12-25T04:27:22.154+0000][297.794s][info][gc,start       ] GC(16) Pause Young (Allocation Failure)
[2025-12-25T04:27:22.165+0000][297.805s][info][gc,heap        ] GC(16) DefNew: 82290K(88512K)->4301K(88512K) Eden: 78711K(78720K)->0K(78720K) From: 3579K(9792K)->4301K(9792K)
[2025-12-25T04:27:22.165+0000][297.805s][info][gc,heap        ] GC(16) Tenured: 55268K(196608K)->55268K(196608K)
[2025-12-25T04:27:22.165+0000][297.805s][info][gc,metaspace   ] GC(16) Metaspace: 82873K(83840K)->82873K(83840K) NonClass: 71806K(72256K)->71806K(72256K) Class: 11066K(11584K)->11066K(11584K)
[2025-12-25T04:27:22.165+0000][297.805s][info][gc             ] GC(16) Pause Young (Allocation Failure) 134M->58M(278M) 11.244ms
[2025-12-25T04:27:22.166+0000][297.806s][info][gc,cpu         ] GC(16) User=0.01s Sys=0.00s Real=0.02s
[2025-12-25T04:27:23.411+0000][299.051s][info][gc,start       ] GC(17) Pause Young (Allocation Failure)
[2025-12-25T04:27:23.418+0000][299.058s][info][gc,heap        ] GC(17) DefNew: 83021K(88512K)->3932K(88512K) Eden: 78720K(78720K)->0K(78720K) From: 4301K(9792K)->3932K(9792K)
[2025-12-25T04:27:23.418+0000][299.058s][info][gc,heap        ] GC(17) Tenured: 55268K(196608K)->55268K(196608K)
[2025-12-25T04:27:23.418+0000][299.058s][info][gc,metaspace   ] GC(17) Metaspace: 82921K(83904K)->82921K(83904K) NonClass: 71843K(72320K)->71843K(72320K) Class: 11078K(11584K)->11078K(11584K)
[2025-12-25T04:27:23.418+0000][299.058s][info][gc             ] GC(17) Pause Young (Allocation Failure) 135M->57M(278M) 6.983ms
[2025-12-25T04:27:23.419+0000][299.059s][info][gc,cpu         ] GC(17) User=0.01s Sys=0.00s Real=0.01s
[2025-12-25T04:27:24.680+0000][300.320s][info][gc,start       ] GC(18) Pause Young (Allocation Failure)
[2025-12-25T04:27:24.686+0000][300.326s][info][gc,heap        ] GC(18) DefNew: 82645K(88512K)->4546K(88512K) Eden: 78712K(78720K)->0K(78720K) From: 3932K(9792K)->4546K(9792K)
[2025-12-25T04:27:24.687+0000][300.327s][info][gc,heap        ] GC(18) Tenured: 55268K(196608K)->55268K(196608K)
[2025-12-25T04:27:24.687+0000][300.327s][info][gc,metaspace   ] GC(18) Metaspace: 82987K(83968K)->82987K(83968K) NonClass: 71909K(72384K)->71909K(72384K) Class: 11078K(11584K)->11078K(11584K)
[2025-12-25T04:27:24.687+0000][300.327s][info][gc             ] GC(18) Pause Young (Allocation Failure) 134M->58M(278M) 7.314ms
[2025-12-25T04:27:24.687+0000][300.327s][info][gc,cpu         ] GC(18) User=0.00s Sys=0.00s Real=0.01s
[2025-12-25T04:27:25.918+0000][301.558s][info][gc,start       ] GC(19) Pause Young (Allocation Failure)
[2025-12-25T04:27:25.927+0000][301.567s][info][gc,heap        ] GC(19) DefNew: 83266K(88512K)->4647K(88512K) Eden: 78720K(78720K)->0K(78720K) From: 4546K(9792K)->4647K(9792K)
[2025-12-25T04:27:25.927+0000][301.567s][info][gc,heap        ] GC(19) Tenured: 55268K(196608K)->55268K(196608K)
[2025-12-25T04:27:25.927+0000][301.567s][info][gc,metaspace   ] GC(19) Metaspace: 82998K(83968K)->82998K(83968K) NonClass: 71919K(72384K)->71919K(72384K) Class: 11079K(11584K)->11079K(11584K)
[2025-12-25T04:27:25.927+0000][301.567s][info][gc             ] GC(19) Pause Young (Allocation Failure) 135M->58M(278M) 9.454ms
[2025-12-25T04:27:25.928+0000][301.568s][info][gc,cpu         ] GC(19) User=0.01s Sys=0.00s Real=0.01s
[2025-12-25T04:27:26.260+0000][301.900s][info][gc,start       ] GC(20) Pause Young (Allocation Failure)
[2025-12-25T04:27:26.265+0000][301.905s][info][gc,heap        ] GC(20) DefNew: 83367K(88512K)->4678K(88512K) Eden: 78720K(78720K)->0K(78720K) From: 4647K(9792K)->4678K(9792K)
[2025-12-25T04:27:26.266+0000][301.906s][info][gc,heap        ] GC(20) Tenured: 55268K(196608K)->55268K(196608K)
[2025-12-25T04:27:26.266+0000][301.906s][info][gc,metaspace   ] GC(20) Metaspace: 83020K(84032K)->83020K(84032K) NonClass: 71941K(72448K)->71941K(72448K) Class: 11079K(11584K)->11079K(11584K)
[2025-12-25T04:27:26.266+0000][301.906s][info][gc             ] GC(20) Pause Young (Allocation Failure) 135M->58M(278M) 5.842ms
[2025-12-25T04:27:26.266+0000][301.906s][info][gc,cpu         ] GC(20) User=0.00s Sys=0.00s Real=0.01s
[2025-12-25T04:27:26.481+0000][302.121s][info][gc,start       ] GC(21) Pause Young (Allocation Failure)
[2025-12-25T04:27:26.496+0000][302.136s][info][gc,heap        ] GC(21) DefNew: 83398K(88512K)->8768K(88512K) Eden: 78720K(78720K)->0K(78720K) From: 4678K(9792K)->8768K(9792K)
[2025-12-25T04:27:26.496+0000][302.136s][info][gc,heap        ] GC(21) Tenured: 55268K(196608K)->55268K(196608K)
[2025-12-25T04:27:26.497+0000][302.137s][info][gc,metaspace   ] GC(21) Metaspace: 83030K(84032K)->83030K(84032K) NonClass: 71951K(72448K)->71951K(72448K) Class: 11079K(11584K)->11079K(11584K)
[2025-12-25T04:27:26.497+0000][302.137s][info][gc             ] GC(21) Pause Young (Allocation Failure) 135M->62M(278M) 15.754ms
[2025-12-25T04:27:26.497+0000][302.137s][info][gc,cpu         ] GC(21) User=0.02s Sys=0.00s Real=0.02s
[2025-12-25T04:27:27.670+0000][303.310s][info][gc,start       ] GC(22) Pause Young (Allocation Failure)
[2025-12-25T04:27:27.680+0000][303.320s][info][gc,heap        ] GC(22) DefNew: 87488K(88512K)->4887K(88512K) Eden: 78720K(78720K)->0K(78720K) From: 8768K(9792K)->4887K(9792K)
[2025-12-25T04:27:27.681+0000][303.321s][info][gc,heap        ] GC(22) Tenured: 55268K(196608K)->59158K(196608K)
[2025-12-25T04:27:27.681+0000][303.321s][info][gc,metaspace   ] GC(22) Metaspace: 83085K(84032K)->83085K(84032K) NonClass: 72004K(72448K)->72004K(72448K) Class: 11080K(11584K)->11080K(11584K)
[2025-12-25T04:27:27.681+0000][303.321s][info][gc             ] GC(22) Pause Young (Allocation Failure) 139M->62M(278M) 11.300ms
[2025-12-25T04:27:27.681+0000][303.321s][info][gc,cpu         ] GC(22) User=0.01s Sys=0.00s Real=0.01s
[2025-12-25T04:27:28.934+0000][304.574s][info][gc,start       ] GC(23) Pause Young (Allocation Failure)
[2025-12-25T04:27:28.937+0000][304.577s][info][gc,heap        ] GC(23) DefNew: 83607K(88512K)->4891K(88512K) Eden: 78720K(78720K)->0K(78720K) From: 4887K(9792K)->4891K(9792K)
[2025-12-25T04:27:28.937+0000][304.577s][info][gc,heap        ] GC(23) Tenured: 59158K(196608K)->59158K(196608K)
[2025-12-25T04:27:28.937+0000][304.577s][info][gc,metaspace   ] GC(23) Metaspace: 83091K(84096K)->83091K(84096K) NonClass: 72010K(72512K)->72010K(72512K) Class: 11080K(11584K)->11080K(11584K)
[2025-12-25T04:27:28.937+0000][304.577s][info][gc             ] GC(23) Pause Young (Allocation Failure) 139M->62M(278M) 3.521ms
[2025-12-25T04:27:28.937+0000][304.577s][info][gc,cpu         ] GC(23) User=0.01s Sys=0.00s Real=0.01s
[2025-12-25T04:27:30.213+0000][305.853s][info][gc,start       ] GC(24) Pause Young (Allocation Failure)
[2025-12-25T04:27:30.223+0000][305.863s][info][gc,heap        ] GC(24) DefNew: 83611K(88512K)->5252K(88512K) Eden: 78720K(78720K)->0K(78720K) From: 4891K(9792K)->5252K(9792K)
[2025-12-25T04:27:30.223+0000][305.863s][info][gc,heap        ] GC(24) Tenured: 59158K(196608K)->59158K(196608K)
[2025-12-25T04:27:30.224+0000][305.864s][info][gc,metaspace   ] GC(24) Metaspace: 83301K(84224K)->83301K(84224K) NonClass: 72184K(72640K)->72184K(72640K) Class: 11117K(11584K)->11117K(11584K)
[2025-12-25T04:27:30.224+0000][305.864s][info][gc             ] GC(24) Pause Young (Allocation Failure) 139M->62M(278M) 10.859ms
[2025-12-25T04:27:30.224+0000][305.864s][info][gc,cpu         ] GC(24) User=0.01s Sys=0.00s Real=0.01s
[2025-12-25T04:27:31.333+0000][306.973s][info][gc,start       ] GC(25) Pause Young (Allocation Failure)
[2025-12-25T04:27:31.341+0000][306.981s][info][gc,heap        ] GC(25) DefNew: 83972K(88512K)->4753K(88512K) Eden: 78720K(78720K)->0K(78720K) From: 5252K(9792K)->4753K(9792K)
[2025-12-25T04:27:31.341+0000][306.981s][info][gc,heap        ] GC(25) Tenured: 59158K(196608K)->59777K(196608K)
[2025-12-25T04:27:31.341+0000][306.981s][info][gc,metaspace   ] GC(25) Metaspace: 83318K(84224K)->83318K(84224K) NonClass: 72197K(72640K)->72197K(72640K) Class: 11120K(11584K)->11120K(11584K)
[2025-12-25T04:27:31.341+0000][306.981s][info][gc             ] GC(25) Pause Young (Allocation Failure) 139M->63M(278M) 8.020ms
[2025-12-25T04:27:31.342+0000][306.982s][info][gc,cpu         ] GC(25) User=0.00s Sys=0.00s Real=0.01s
[2025-12-25T04:27:32.457+0000][308.097s][info][gc,start       ] GC(26) Pause Young (Allocation Failure)
[2025-12-25T04:27:32.460+0000][308.100s][info][gc,heap        ] GC(26) DefNew: 83473K(88512K)->4755K(88512K) Eden: 78720K(78720K)->0K(78720K) From: 4753K(9792K)->4755K(9792K)
[2025-12-25T04:27:32.461+0000][308.101s][info][gc,heap        ] GC(26) Tenured: 59777K(196608K)->59777K(196608K)
[2025-12-25T04:27:32.461+0000][308.101s][info][gc,metaspace   ] GC(26) Metaspace: 83361K(84288K)->83361K(84288K) NonClass: 72240K(72704K)->72240K(72704K) Class: 11120K(11584K)->11120K(11584K)
[2025-12-25T04:27:32.461+0000][308.101s][info][gc             ] GC(26) Pause Young (Allocation Failure) 139M->63M(278M) 4.371ms
[2025-12-25T04:27:32.461+0000][308.101s][info][gc,cpu         ] GC(26) User=0.00s Sys=0.00s Real=0.00s
[2025-12-25T04:27:33.665+0000][309.305s][info][gc,start       ] GC(27) Pause Young (Allocation Failure)
[2025-12-25T04:27:33.668+0000][309.308s][info][gc,heap        ] GC(27) DefNew: 83475K(88512K)->4755K(88512K) Eden: 78720K(78720K)->0K(78720K) From: 4755K(9792K)->4755K(9792K)
[2025-12-25T04:27:33.668+0000][309.308s][info][gc,heap        ] GC(27) Tenured: 59777K(196608K)->59777K(196608K)
[2025-12-25T04:27:33.668+0000][309.308s][info][gc,metaspace   ] GC(27) Metaspace: 83366K(84352K)->83366K(84352K) NonClass: 72246K(72768K)->72246K(72768K) Class: 11120K(11584K)->11120K(11584K)
[2025-12-25T04:27:33.668+0000][309.308s][info][gc             ] GC(27) Pause Young (Allocation Failure) 139M->63M(278M) 3.793ms
[2025-12-25T04:27:33.668+0000][309.308s][info][gc,cpu         ] GC(27) User=0.00s Sys=0.00s Real=0.00s
[2025-12-25T04:27:34.868+0000][310.507s][info][gc,start       ] GC(28) Pause Young (Allocation Failure)
[2025-12-25T04:27:34.871+0000][310.511s][info][gc,heap        ] GC(28) DefNew: 83475K(88512K)->4764K(88512K) Eden: 78720K(78720K)->0K(78720K) From: 4755K(9792K)->4764K(9792K)
[2025-12-25T04:27:34.871+0000][310.511s][info][gc,heap        ] GC(28) Tenured: 59777K(196608K)->59777K(196608K)
[2025-12-25T04:27:34.871+0000][310.511s][info][gc,metaspace   ] GC(28) Metaspace: 83369K(84352K)->83369K(84352K) NonClass: 72248K(72768K)->72248K(72768K) Class: 11120K(11584K)->11120K(11584K)
[2025-12-25T04:27:34.871+0000][310.511s][info][gc             ] GC(28) Pause Young (Allocation Failure) 139M->63M(278M) 3.951ms
[2025-12-25T04:27:34.872+0000][310.512s][info][gc,cpu         ] GC(28) User=0.00s Sys=0.00s Real=0.00s
[2025-12-25T04:27:36.230+0000][311.870s][info][gc,start       ] GC(29) Pause Young (Allocation Failure)
[2025-12-25T04:27:36.237+0000][311.877s][info][gc,heap        ] GC(29) DefNew: 83484K(88512K)->4764K(88512K) Eden: 78720K(78720K)->0K(78720K) From: 4764K(9792K)->4764K(9792K)
[2025-12-25T04:27:36.237+0000][311.877s][info][gc,heap        ] GC(29) Tenured: 59777K(196608K)->59777K(196608K)
[2025-12-25T04:27:36.237+0000][311.877s][info][gc,metaspace   ] GC(29) Metaspace: 83393K(84352K)->83393K(84352K) NonClass: 72273K(72768K)->72273K(72768K) Class: 11120K(11584K)->11120K(11584K)
[2025-12-25T04:27:36.237+0000][311.877s][info][gc             ] GC(29) Pause Young (Allocation Failure) 139M->63M(278M) 7.395ms
[2025-12-25T04:27:36.237+0000][311.877s][info][gc,cpu         ] GC(29) User=0.01s Sys=0.00s Real=0.01s
[2025-12-25T04:27:37.364+0000][313.004s][info][gc,start       ] GC(30) Pause Young (Allocation Failure)
[2025-12-25T04:27:37.369+0000][313.009s][info][gc,heap        ] GC(30) DefNew: 83484K(88512K)->4767K(88512K) Eden: 78720K(78720K)->0K(78720K) From: 4764K(9792K)->4767K(9792K)
[2025-12-25T04:27:37.370+0000][313.010s][info][gc,heap        ] GC(30) Tenured: 59777K(196608K)->59777K(196608K)
[2025-12-25T04:27:37.370+0000][313.010s][info][gc,metaspace   ] GC(30) Metaspace: 83458K(84416K)->83458K(84416K) NonClass: 72337K(72832K)->72337K(72832K) Class: 11120K(11584K)->11120K(11584K)
[2025-12-25T04:27:37.370+0000][313.010s][info][gc             ] GC(30) Pause Young (Allocation Failure) 139M->63M(278M) 6.544ms
[2025-12-25T04:27:37.370+0000][313.010s][info][gc,cpu         ] GC(30) User=0.00s Sys=0.00s Real=0.01s
[2025-12-25T04:27:38.596+0000][314.236s][info][gc,start       ] GC(31) Pause Young (Allocation Failure)
[2025-12-25T04:27:38.599+0000][314.239s][info][gc,heap        ] GC(31) DefNew: 83487K(88512K)->4775K(88512K) Eden: 78720K(78720K)->0K(78720K) From: 4767K(9792K)->4775K(9792K)
[2025-12-25T04:27:38.599+0000][314.239s][info][gc,heap        ] GC(31) Tenured: 59777K(196608K)->59777K(196608K)
[2025-12-25T04:27:38.599+0000][314.239s][info][gc,metaspace   ] GC(31) Metaspace: 83458K(84416K)->83458K(84416K) NonClass: 72338K(72832K)->72338K(72832K) Class: 11120K(11584K)->11120K(11584K)
[2025-12-25T04:27:38.599+0000][314.239s][info][gc             ] GC(31) Pause Young (Allocation Failure) 139M->63M(278M) 3.337ms
[2025-12-25T04:27:38.599+0000][314.239s][info][gc,cpu         ] GC(31) User=0.00s Sys=0.00s Real=0.00s
[2025-12-25T04:27:39.918+0000][315.558s][info][gc,start       ] GC(32) Pause Young (Allocation Failure)
[2025-12-25T04:27:39.934+0000][315.574s][info][gc,heap        ] GC(32) DefNew: 83495K(88512K)->4776K(88512K) Eden: 78720K(78720K)->0K(78720K) From: 4775K(9792K)->4776K(9792K)
[2025-12-25T04:27:39.934+0000][315.574s][info][gc,heap        ] GC(32) Tenured: 59777K(196608K)->59777K(196608K)
[2025-12-25T04:27:39.934+0000][315.574s][info][gc,metaspace   ] GC(32) Metaspace: 83463K(84416K)->83463K(84416K) NonClass: 72343K(72832K)->72343K(72832K) Class: 11120K(11584K)->11120K(11584K)
[2025-12-25T04:27:39.934+0000][315.574s][info][gc             ] GC(32) Pause Young (Allocation Failure) 139M->63M(278M) 16.788ms
[2025-12-25T04:27:39.934+0000][315.574s][info][gc,cpu         ] GC(32) User=0.02s Sys=0.00s Real=0.02s
[2025-12-25T04:27:41.246+0000][316.886s][info][gc,start       ] GC(33) Pause Young (Allocation Failure)
[2025-12-25T04:27:41.253+0000][316.893s][info][gc,heap        ] GC(33) DefNew: 83496K(88512K)->4800K(88512K) Eden: 78720K(78720K)->0K(78720K) From: 4776K(9792K)->4800K(9792K)
[2025-12-25T04:27:41.253+0000][316.893s][info][gc,heap        ] GC(33) Tenured: 59777K(196608K)->59777K(196608K)
[2025-12-25T04:27:41.253+0000][316.893s][info][gc,metaspace   ] GC(33) Metaspace: 83464K(84416K)->83464K(84416K) NonClass: 72343K(72832K)->72343K(72832K) Class: 11120K(11584K)->11120K(11584K)
[2025-12-25T04:27:41.254+0000][316.894s][info][gc             ] GC(33) Pause Young (Allocation Failure) 139M->63M(278M) 8.026ms
[2025-12-25T04:27:41.254+0000][316.894s][info][gc,cpu         ] GC(33) User=0.01s Sys=0.00s Real=0.00s
[2025-12-25T04:27:41.282+0000][316.922s][info][gc,start       ] GC(34) Pause Young (Allocation Failure)
[2025-12-25T04:27:41.286+0000][316.926s][info][gc,heap        ] GC(34) DefNew: 83520K(88512K)->6747K(88512K) Eden: 78720K(78720K)->0K(78720K) From: 4800K(9792K)->6747K(9792K)
[2025-12-25T04:27:41.286+0000][316.926s][info][gc,heap        ] GC(34) Tenured: 59777K(196608K)->59878K(196608K)
[2025-12-25T04:27:41.286+0000][316.926s][info][gc,metaspace   ] GC(34) Metaspace: 83475K(84416K)->83475K(84416K) NonClass: 72355K(72832K)->72355K(72832K) Class: 11120K(11584K)->11120K(11584K)
[2025-12-25T04:27:41.286+0000][316.926s][info][gc             ] GC(34) Pause Young (Allocation Failure) 139M->65M(278M) 4.254ms
[2025-12-25T04:27:41.286+0000][316.926s][info][gc,cpu         ] GC(34) User=0.01s Sys=0.00s Real=0.01s
[2025-12-25T04:27:41.801+0000][317.441s][info][gc,start       ] GC(35) Pause Young (Allocation Failure)
[2025-12-25T04:27:41.808+0000][317.448s][info][gc,heap        ] GC(35) DefNew: 85467K(88512K)->4659K(88512K) Eden: 78720K(78720K)->0K(78720K) From: 6747K(9792K)->4659K(9792K)
[2025-12-25T04:27:41.809+0000][317.449s][info][gc,heap        ] GC(35) Tenured: 59878K(196608K)->63999K(196608K)
[2025-12-25T04:27:41.809+0000][317.449s][info][gc,metaspace   ] GC(35) Metaspace: 83488K(84416K)->83488K(84416K) NonClass: 72368K(72832K)->72368K(72832K) Class: 11120K(11584K)->11120K(11584K)
[2025-12-25T04:27:41.809+0000][317.449s][info][gc             ] GC(35) Pause Young (Allocation Failure) 141M->67M(278M) 8.138ms
[2025-12-25T04:27:41.809+0000][317.449s][info][gc,cpu         ] GC(35) User=0.01s Sys=0.00s Real=0.01s
[2025-12-25T04:27:42.901+0000][318.541s][info][gc,start       ] GC(36) Pause Young (Allocation Failure)
[2025-12-25T04:27:42.903+0000][318.543s][info][gc,heap        ] GC(36) DefNew: 83379K(88512K)->4663K(88512K) Eden: 78720K(78720K)->0K(78720K) From: 4659K(9792K)->4663K(9792K)
[2025-12-25T04:27:42.903+0000][318.543s][info][gc,heap        ] GC(36) Tenured: 63999K(196608K)->63999K(196608K)
[2025-12-25T04:27:42.903+0000][318.543s][info][gc,metaspace   ] GC(36) Metaspace: 83560K(84480K)->83560K(84480K) NonClass: 72440K(72896K)->72440K(72896K) Class: 11120K(11584K)->11120K(11584K)
[2025-12-25T04:27:42.903+0000][318.543s][info][gc             ] GC(36) Pause Young (Allocation Failure) 143M->67M(278M) 2.715ms
[2025-12-25T04:27:42.903+0000][318.543s][info][gc,cpu         ] GC(36) User=0.00s Sys=0.00s Real=0.00s
[2025-12-25T04:27:44.127+0000][319.767s][info][gc,start       ] GC(37) Pause Young (Allocation Failure)
[2025-12-25T04:27:44.134+0000][319.774s][info][gc,heap        ] GC(37) DefNew: 83383K(88512K)->4650K(88512K) Eden: 78720K(78720K)->0K(78720K) From: 4663K(9792K)->4650K(9792K)
[2025-12-25T04:27:44.135+0000][319.775s][info][gc,heap        ] GC(37) Tenured: 63999K(196608K)->64012K(196608K)
[2025-12-25T04:27:44.135+0000][319.775s][info][gc,metaspace   ] GC(37) Metaspace: 83560K(84480K)->83560K(84480K) NonClass: 72440K(72896K)->72440K(72896K) Class: 11120K(11584K)->11120K(11584K)
[2025-12-25T04:27:44.135+0000][319.775s][info][gc             ] GC(37) Pause Young (Allocation Failure) 143M->67M(278M) 7.745ms
[2025-12-25T04:27:44.135+0000][319.775s][info][gc,cpu         ] GC(37) User=0.00s Sys=0.00s Real=0.01s
[2025-12-25T04:27:45.383+0000][321.023s][info][gc,start       ] GC(38) Pause Young (Allocation Failure)
[2025-12-25T04:27:45.386+0000][321.026s][info][gc,heap        ] GC(38) DefNew: 83370K(88512K)->4650K(88512K) Eden: 78720K(78720K)->0K(78720K) From: 4650K(9792K)->4650K(9792K)
[2025-12-25T04:27:45.387+0000][321.027s][info][gc,heap        ] GC(38) Tenured: 64012K(196608K)->64014K(196608K)
[2025-12-25T04:27:45.387+0000][321.027s][info][gc,metaspace   ] GC(38) Metaspace: 83567K(84480K)->83567K(84480K) NonClass: 72446K(72896K)->72446K(72896K) Class: 11120K(11584K)->11120K(11584K)
[2025-12-25T04:27:45.387+0000][321.027s][info][gc             ] GC(38) Pause Young (Allocation Failure) 143M->67M(278M) 3.264ms
[2025-12-25T04:27:45.387+0000][321.027s][info][gc,cpu         ] GC(38) User=0.00s Sys=0.00s Real=0.01s
[2025-12-25T04:27:46.624+0000][322.264s][info][gc,start       ] GC(39) Pause Young (Allocation Failure)
[2025-12-25T04:27:46.627+0000][322.267s][info][gc,heap        ] GC(39) DefNew: 83370K(88512K)->4309K(88512K) Eden: 78720K(78720K)->0K(78720K) From: 4650K(9792K)->4309K(9792K)
[2025-12-25T04:27:46.628+0000][322.268s][info][gc,heap        ] GC(39) Tenured: 64014K(196608K)->64355K(196608K)
[2025-12-25T04:27:46.628+0000][322.268s][info][gc,metaspace   ] GC(39) Metaspace: 83569K(84480K)->83569K(84480K) NonClass: 72449K(72896K)->72449K(72896K) Class: 11120K(11584K)->11120K(11584K)
[2025-12-25T04:27:46.628+0000][322.268s][info][gc             ] GC(39) Pause Young (Allocation Failure) 143M->67M(278M) 3.524ms
[2025-12-25T04:27:46.628+0000][322.268s][info][gc,cpu         ] GC(39) User=0.00s Sys=0.00s Real=0.01s
[2025-12-25T04:27:47.721+0000][323.361s][info][gc,start       ] GC(40) Pause Young (Allocation Failure)
[2025-12-25T04:27:47.724+0000][323.364s][info][gc,heap        ] GC(40) DefNew: 83029K(88512K)->4176K(88512K) Eden: 78720K(78720K)->0K(78720K) From: 4309K(9792K)->4176K(9792K)
[2025-12-25T04:27:47.724+0000][323.364s][info][gc,heap        ] GC(40) Tenured: 64355K(196608K)->64491K(196608K)
[2025-12-25T04:27:47.724+0000][323.364s][info][gc,metaspace   ] GC(40) Metaspace: 83600K(84544K)->83600K(84544K) NonClass: 72480K(72960K)->72480K(72960K) Class: 11120K(11584K)->11120K(11584K)
[2025-12-25T04:27:47.724+0000][323.364s][info][gc             ] GC(40) Pause Young (Allocation Failure) 143M->67M(278M) 3.303ms
[2025-12-25T04:27:47.724+0000][323.364s][info][gc,cpu         ] GC(40) User=0.01s Sys=0.00s Real=0.00s
[2025-12-25T04:27:48.969+0000][324.609s][info][gc,start       ] GC(41) Pause Young (Allocation Failure)
[2025-12-25T04:27:48.971+0000][324.611s][info][gc,heap        ] GC(41) DefNew: 82896K(88512K)->4175K(88512K) Eden: 78720K(78720K)->0K(78720K) From: 4176K(9792K)->4175K(9792K)
[2025-12-25T04:27:48.971+0000][324.611s][info][gc,heap        ] GC(41) Tenured: 64491K(196608K)->64493K(196608K)
[2025-12-25T04:27:48.971+0000][324.611s][info][gc,metaspace   ] GC(41) Metaspace: 83600K(84544K)->83600K(84544K) NonClass: 72480K(72960K)->72480K(72960K) Class: 11120K(11584K)->11120K(11584K)
[2025-12-25T04:27:48.971+0000][324.611s][info][gc             ] GC(41) Pause Young (Allocation Failure) 143M->67M(278M) 2.189ms
[2025-12-25T04:27:48.971+0000][324.611s][info][gc,cpu         ] GC(41) User=0.00s Sys=0.00s Real=0.00s
[2025-12-25T04:27:50.181+0000][325.821s][info][gc,start       ] GC(42) Pause Young (Allocation Failure)
[2025-12-25T04:27:50.185+0000][325.825s][info][gc,heap        ] GC(42) DefNew: 82895K(88512K)->4176K(88512K) Eden: 78720K(78720K)->0K(78720K) From: 4175K(9792K)->4176K(9792K)
[2025-12-25T04:27:50.185+0000][325.825s][info][gc,heap        ] GC(42) Tenured: 64493K(196608K)->64494K(196608K)
[2025-12-25T04:27:50.185+0000][325.825s][info][gc,metaspace   ] GC(42) Metaspace: 83601K(84544K)->83601K(84544K) NonClass: 72481K(72960K)->72481K(72960K) Class: 11120K(11584K)->11120K(11584K)
[2025-12-25T04:27:50.185+0000][325.825s][info][gc             ] GC(42) Pause Young (Allocation Failure) 143M->67M(278M) 4.655ms
[2025-12-25T04:27:50.185+0000][325.825s][info][gc,cpu         ] GC(42) User=0.01s Sys=0.00s Real=0.01s
[2025-12-25T04:27:51.437+0000][327.077s][info][gc,start       ] GC(43) Pause Young (Allocation Failure)
[2025-12-25T04:27:51.439+0000][327.079s][info][gc,heap        ] GC(43) DefNew: 82896K(88512K)->4180K(88512K) Eden: 78720K(78720K)->0K(78720K) From: 4176K(9792K)->4180K(9792K)
[2025-12-25T04:27:51.439+0000][327.079s][info][gc,heap        ] GC(43) Tenured: 64494K(196608K)->64501K(196608K)
[2025-12-25T04:27:51.439+0000][327.079s][info][gc,metaspace   ] GC(43) Metaspace: 83602K(84544K)->83602K(84544K) NonClass: 72481K(72960K)->72481K(72960K) Class: 11120K(11584K)->11120K(11584K)
[2025-12-25T04:27:51.440+0000][327.080s][info][gc             ] GC(43) Pause Young (Allocation Failure) 143M->67M(278M) 3.012ms
[2025-12-25T04:27:51.440+0000][327.080s][info][gc,cpu         ] GC(43) User=0.01s Sys=0.00s Real=0.00s
[2025-12-25T04:27:52.602+0000][328.242s][info][gc,start       ] GC(44) Pause Young (Allocation Failure)
[2025-12-25T04:27:52.604+0000][328.244s][info][gc,heap        ] GC(44) DefNew: 82900K(88512K)->4183K(88512K) Eden: 78720K(78720K)->0K(78720K) From: 4180K(9792K)->4183K(9792K)
[2025-12-25T04:27:52.605+0000][328.245s][info][gc,heap        ] GC(44) Tenured: 64501K(196608K)->64502K(196608K)
[2025-12-25T04:27:52.605+0000][328.245s][info][gc,metaspace   ] GC(44) Metaspace: 83652K(84544K)->83652K(84544K) NonClass: 72532K(72960K)->72532K(72960K) Class: 11120K(11584K)->11120K(11584K)
[2025-12-25T04:27:52.605+0000][328.245s][info][gc             ] GC(44) Pause Young (Allocation Failure) 143M->67M(278M) 3.098ms
[2025-12-25T04:27:52.605+0000][328.245s][info][gc,cpu         ] GC(44) User=0.00s Sys=0.00s Real=0.01s
[2025-12-25T04:27:53.827+0000][329.467s][info][gc,start       ] GC(45) Pause Young (Allocation Failure)
[2025-12-25T04:27:53.829+0000][329.469s][info][gc,heap        ] GC(45) DefNew: 82903K(88512K)->4182K(88512K) Eden: 78720K(78720K)->0K(78720K) From: 4183K(9792K)->4182K(9792K)
[2025-12-25T04:27:53.829+0000][329.469s][info][gc,heap        ] GC(45) Tenured: 64502K(196608K)->64505K(196608K)
[2025-12-25T04:27:53.830+0000][329.469s][info][gc,metaspace   ] GC(45) Metaspace: 83652K(84544K)->83652K(84544K) NonClass: 72532K(72960K)->72532K(72960K) Class: 11120K(11584K)->11120K(11584K)
[2025-12-25T04:27:53.830+0000][329.470s][info][gc             ] GC(45) Pause Young (Allocation Failure) 143M->67M(278M) 2.909ms
[2025-12-25T04:27:53.830+0000][329.470s][info][gc,cpu         ] GC(45) User=0.00s Sys=0.00s Real=0.00s
[2025-12-25T04:27:55.054+0000][330.694s][info][gc,start       ] GC(46) Pause Young (Allocation Failure)
[2025-12-25T04:27:55.057+0000][330.697s][info][gc,heap        ] GC(46) DefNew: 82902K(88512K)->4177K(88512K) Eden: 78720K(78720K)->0K(78720K) From: 4182K(9792K)->4177K(9792K)
[2025-12-25T04:27:55.057+0000][330.697s][info][gc,heap        ] GC(46) Tenured: 64505K(196608K)->64510K(196608K)
[2025-12-25T04:27:55.058+0000][330.698s][info][gc,metaspace   ] GC(46) Metaspace: 83666K(84544K)->83666K(84544K) NonClass: 72546K(72960K)->72546K(72960K) Class: 11120K(11584K)->11120K(11584K)
[2025-12-25T04:27:55.058+0000][330.698s][info][gc             ] GC(46) Pause Young (Allocation Failure) 143M->67M(278M) 3.545ms
[2025-12-25T04:27:55.058+0000][330.698s][info][gc,cpu         ] GC(46) User=0.01s Sys=0.00s Real=0.00s
[2025-12-25T04:27:56.269+0000][331.909s][info][gc,start       ] GC(47) Pause Young (Allocation Failure)
[2025-12-25T04:27:56.321+0000][331.961s][info][gc,heap        ] GC(47) DefNew: 82897K(88512K)->6738K(88512K) Eden: 78720K(78720K)->0K(78720K) From: 4177K(9792K)->6738K(9792K)
[2025-12-25T04:27:56.322+0000][331.962s][info][gc,heap        ] GC(47) Tenured: 64510K(196608K)->64511K(196608K)
[2025-12-25T04:27:56.322+0000][331.962s][info][gc,metaspace   ] GC(47) Metaspace: 86180K(87168K)->86180K(87168K) NonClass: 74602K(75072K)->74602K(75072K) Class: 11578K(12096K)->11578K(12096K)
[2025-12-25T04:27:56.322+0000][331.962s][info][gc             ] GC(47) Pause Young (Allocation Failure) 143M->69M(278M) 53.584ms
[2025-12-25T04:27:56.322+0000][331.962s][info][gc,cpu         ] GC(47) User=0.01s Sys=0.01s Real=0.05s
[2025-12-25T04:27:56.405+0000][332.045s][info][gc,start       ] GC(48) Pause Young (Allocation Failure)
[2025-12-25T04:27:56.432+0000][332.072s][info][gc,heap        ] GC(48) DefNew: 85458K(88512K)->4707K(88512K) Eden: 78720K(78720K)->0K(78720K) From: 6738K(9792K)->4707K(9792K)
[2025-12-25T04:27:56.432+0000][332.072s][info][gc,heap        ] GC(48) Tenured: 64511K(196608K)->68621K(196608K)
[2025-12-25T04:27:56.432+0000][332.072s][info][gc,metaspace   ] GC(48) Metaspace: 86820K(87872K)->86820K(87872K) NonClass: 75146K(75648K)->75146K(75648K) Class: 11673K(12224K)->11673K(12224K)
[2025-12-25T04:27:56.433+0000][332.073s][info][gc             ] GC(48) Pause Young (Allocation Failure) 146M->71M(278M) 28.235ms
[2025-12-25T04:27:56.434+0000][332.074s][info][gc,cpu         ] GC(48) User=0.01s Sys=0.01s Real=0.02s
[2025-12-25T04:27:57.067+0000][332.707s][info][gc,start       ] GC(49) Pause Young (Allocation Failure)
[2025-12-25T04:27:57.110+0000][332.750s][info][gc,heap        ] GC(49) DefNew: 83427K(88512K)->9792K(88512K) Eden: 78720K(78720K)->0K(78720K) From: 4707K(9792K)->9792K(9792K)
[2025-12-25T04:27:57.110+0000][332.750s][info][gc,heap        ] GC(49) Tenured: 68621K(196608K)->72885K(196608K)
[2025-12-25T04:27:57.111+0000][332.751s][info][gc,metaspace   ] GC(49) Metaspace: 91924K(93056K)->91924K(93056K) NonClass: 79263K(79808K)->79263K(79808K) Class: 12661K(13248K)->12661K(13248K)
[2025-12-25T04:27:57.111+0000][332.751s][info][gc             ] GC(49) Pause Young (Allocation Failure) 148M->80M(278M) 43.701ms
[2025-12-25T04:27:57.111+0000][332.751s][info][gc,cpu         ] GC(49) User=0.02s Sys=0.00s Real=0.04s
[2025-12-25T04:27:58.795+0000][334.435s][info][gc,start       ] GC(50) Pause Young (Allocation Failure)
[2025-12-25T04:27:58.880+0000][334.520s][info][gc,heap        ] GC(50) DefNew: 88498K(88512K)->5802K(88512K) Eden: 78706K(78720K)->0K(78720K) From: 9792K(9792K)->5802K(9792K)
[2025-12-25T04:27:58.881+0000][334.521s][info][gc,heap        ] GC(50) Tenured: 72885K(196608K)->80910K(196608K)
[2025-12-25T04:27:58.883+0000][334.523s][info][gc,metaspace   ] GC(50) Metaspace: 94519K(95680K)->94519K(95680K) NonClass: 81563K(82112K)->81563K(82112K) Class: 12955K(13568K)->12955K(13568K)
[2025-12-25T04:27:58.886+0000][334.526s][info][gc             ] GC(50) Pause Young (Allocation Failure) 157M->84M(278M) 90.675ms
[2025-12-25T04:27:58.888+0000][334.528s][info][gc,cpu         ] GC(50) User=0.03s Sys=0.02s Real=0.09s
[2025-12-25T04:28:00.199+0000][335.839s][info][gc,start       ] GC(51) Pause Young (Allocation Failure)
[2025-12-25T04:28:00.253+0000][335.893s][info][gc,heap        ] GC(51) DefNew: 84522K(88512K)->7601K(88512K) Eden: 78720K(78720K)->0K(78720K) From: 5802K(9792K)->7601K(9792K)
[2025-12-25T04:28:00.254+0000][335.894s][info][gc,heap        ] GC(51) Tenured: 80910K(196608K)->84289K(196608K)
[2025-12-25T04:28:00.254+0000][335.894s][info][gc,metaspace   ] GC(51) Metaspace: 95687K(96896K)->95687K(96896K) NonClass: 82520K(83136K)->82520K(83136K) Class: 13167K(13760K)->13167K(13760K)
[2025-12-25T04:28:00.255+0000][335.895s][info][gc             ] GC(51) Pause Young (Allocation Failure) 161M->89M(278M) 55.736ms
[2025-12-25T04:28:00.255+0000][335.895s][info][gc,cpu         ] GC(51) User=0.04s Sys=0.01s Real=0.06s
[2025-12-25T04:28:01.138+0000][336.778s][info][gc,start       ] GC(52) Pause Young (Allocation Failure)
[2025-12-25T04:28:01.157+0000][336.797s][info][gc,heap        ] GC(52) DefNew: 86321K(88512K)->1432K(88512K) Eden: 78720K(78720K)->0K(78720K) From: 7601K(9792K)->1432K(9792K)
[2025-12-25T04:28:01.163+0000][336.803s][info][gc,heap        ] GC(52) Tenured: 84289K(196608K)->90850K(196608K)
[2025-12-25T04:28:01.164+0000][336.804s][info][gc,metaspace   ] GC(52) Metaspace: 96066K(97216K)->96066K(97216K) NonClass: 82894K(83456K)->82894K(83456K) Class: 13172K(13760K)->13172K(13760K)
[2025-12-25T04:28:01.164+0000][336.804s][info][gc             ] GC(52) Pause Young (Allocation Failure) 166M->90M(278M) 25.817ms
[2025-12-25T04:28:01.164+0000][336.804s][info][gc,cpu         ] GC(52) User=0.02s Sys=0.01s Real=0.02s
[2025-12-25T04:28:01.757+0000][337.397s][info][gc,start       ] GC(53) Pause Young (Allocation Failure)
[2025-12-25T04:28:01.764+0000][337.404s][info][gc,heap        ] GC(53) DefNew: 80152K(88512K)->1503K(88512K) Eden: 78719K(78720K)->0K(78720K) From: 1432K(9792K)->1503K(9792K)
[2025-12-25T04:28:01.764+0000][337.404s][info][gc,heap        ] GC(53) Tenured: 90850K(196608K)->90850K(196608K)
[2025-12-25T04:28:01.764+0000][337.404s][info][gc,metaspace   ] GC(53) Metaspace: 96580K(97728K)->96580K(97728K) NonClass: 83407K(83968K)->83407K(83968K) Class: 13172K(13760K)->13172K(13760K)
[2025-12-25T04:28:01.765+0000][337.405s][info][gc             ] GC(53) Pause Young (Allocation Failure) 166M->90M(278M) 7.925ms
[2025-12-25T04:28:01.765+0000][337.405s][info][gc,cpu         ] GC(53) User=0.01s Sys=0.00s Real=0.01s
[2025-12-25T04:28:02.244+0000][337.884s][info][gc,start       ] GC(54) Pause Young (Allocation Failure)
[2025-12-25T04:28:02.250+0000][337.890s][info][gc,heap        ] GC(54) DefNew: 80223K(88512K)->2212K(88512K) Eden: 78720K(78720K)->0K(78720K) From: 1503K(9792K)->2212K(9792K)
[2025-12-25T04:28:02.251+0000][337.891s][info][gc,heap        ] GC(54) Tenured: 90850K(196608K)->90850K(196608K)
[2025-12-25T04:28:02.252+0000][337.892s][info][gc,metaspace   ] GC(54) Metaspace: 96666K(97856K)->96666K(97856K) NonClass: 83493K(84096K)->83493K(84096K) Class: 13173K(13760K)->13173K(13760K)
[2025-12-25T04:28:02.252+0000][337.892s][info][gc             ] GC(54) Pause Young (Allocation Failure) 167M->90M(278M) 7.261ms
[2025-12-25T04:28:02.252+0000][337.892s][info][gc,cpu         ] GC(54) User=0.00s Sys=0.00s Real=0.00s
[2025-12-25T04:28:02.553+0000][338.193s][info][gc,start       ] GC(55) Pause Young (Allocation Failure)
[2025-12-25T04:28:02.592+0000][338.232s][info][gc,heap        ] GC(55) DefNew: 80932K(88512K)->5384K(88512K) Eden: 78720K(78720K)->0K(78720K) From: 2212K(9792K)->5384K(9792K)
[2025-12-25T04:28:02.592+0000][338.232s][info][gc,heap        ] GC(55) Tenured: 90850K(196608K)->90850K(196608K)
[2025-12-25T04:28:02.593+0000][338.233s][info][gc,metaspace   ] GC(55) Metaspace: 96735K(97920K)->96735K(97920K) NonClass: 83560K(84160K)->83560K(84160K) Class: 13174K(13760K)->13174K(13760K)
[2025-12-25T04:28:02.593+0000][338.233s][info][gc             ] GC(55) Pause Young (Allocation Failure) 167M->93M(278M) 40.043ms
[2025-12-25T04:28:02.593+0000][338.233s][info][gc,cpu         ] GC(55) User=0.02s Sys=0.01s Real=0.04s
[2025-12-25T04:28:02.777+0000][338.417s][info][gc,start       ] GC(56) Pause Young (Allocation Failure)
[2025-12-25T04:28:02.794+0000][338.434s][info][gc,heap        ] GC(56) DefNew: 84104K(88512K)->2681K(88512K) Eden: 78720K(78720K)->0K(78720K) From: 5384K(9792K)->2681K(9792K)
[2025-12-25T04:28:02.795+0000][338.435s][info][gc,heap        ] GC(56) Tenured: 90850K(196608K)->91425K(196608K)
[2025-12-25T04:28:02.795+0000][338.435s][info][gc,metaspace   ] GC(56) Metaspace: 96765K(97920K)->96765K(97920K) NonClass: 83590K(84160K)->83590K(84160K) Class: 13174K(13760K)->13174K(13760K)
[2025-12-25T04:28:02.795+0000][338.435s][info][gc             ] GC(56) Pause Young (Allocation Failure) 170M->91M(278M) 17.983ms
[2025-12-25T04:28:02.798+0000][338.438s][info][gc,cpu         ] GC(56) User=0.01s Sys=0.00s Real=0.02s
[2025-12-25T04:28:03.012+0000][338.652s][info][gc,start       ] GC(57) Pause Young (Allocation Failure)
[2025-12-25T04:28:03.042+0000][338.682s][info][gc,heap        ] GC(57) DefNew: 81401K(88512K)->3608K(88512K) Eden: 78720K(78720K)->0K(78720K) From: 2681K(9792K)->3608K(9792K)
[2025-12-25T04:28:03.043+0000][338.683s][info][gc,heap        ] GC(57) Tenured: 91425K(196608K)->91425K(196608K)
[2025-12-25T04:28:03.043+0000][338.683s][info][gc,metaspace   ] GC(57) Metaspace: 96777K(97920K)->96777K(97920K) NonClass: 83603K(84160K)->83603K(84160K) Class: 13174K(13760K)->13174K(13760K)
[2025-12-25T04:28:03.043+0000][338.683s][info][gc             ] GC(57) Pause Young (Allocation Failure) 168M->92M(278M) 30.480ms
[2025-12-25T04:28:03.043+0000][338.683s][info][gc,cpu         ] GC(57) User=0.02s Sys=0.00s Real=0.03s
[2025-12-25T04:28:03.253+0000][338.893s][info][gc,start       ] GC(58) Pause Young (Allocation Failure)
[2025-12-25T04:28:03.262+0000][338.902s][info][gc,heap        ] GC(58) DefNew: 82328K(88512K)->2295K(88512K) Eden: 78719K(78720K)->0K(78720K) From: 3608K(9792K)->2295K(9792K)
[2025-12-25T04:28:03.267+0000][338.907s][info][gc,heap        ] GC(58) Tenured: 91425K(196608K)->91425K(196608K)
[2025-12-25T04:28:03.268+0000][338.908s][info][gc,metaspace   ] GC(58) Metaspace: 96815K(97984K)->96815K(97984K) NonClass: 83641K(84224K)->83641K(84224K) Class: 13174K(13760K)->13174K(13760K)
[2025-12-25T04:28:03.269+0000][338.909s][info][gc             ] GC(58) Pause Young (Allocation Failure) 169M->91M(278M) 15.976ms
[2025-12-25T04:28:03.271+0000][338.911s][info][gc,cpu         ] GC(58) User=0.02s Sys=0.00s Real=0.02s
[2025-12-25T04:28:03.533+0000][339.173s][info][gc,start       ] GC(59) Pause Young (Allocation Failure)
[2025-12-25T04:28:03.550+0000][339.190s][info][gc,heap        ] GC(59) DefNew: 81015K(88512K)->3038K(88512K) Eden: 78720K(78720K)->0K(78720K) From: 2295K(9792K)->3038K(9792K)
[2025-12-25T04:28:03.551+0000][339.191s][info][gc,heap        ] GC(59) Tenured: 91425K(196608K)->91425K(196608K)
[2025-12-25T04:28:03.551+0000][339.191s][info][gc,metaspace   ] GC(59) Metaspace: 96843K(97984K)->96843K(97984K) NonClass: 83668K(84224K)->83668K(84224K) Class: 13174K(13760K)->13174K(13760K)
[2025-12-25T04:28:03.551+0000][339.191s][info][gc             ] GC(59) Pause Young (Allocation Failure) 168M->92M(278M) 18.753ms
[2025-12-25T04:28:03.552+0000][339.192s][info][gc,cpu         ] GC(59) User=0.01s Sys=0.00s Real=0.02s
[2025-12-25T04:28:03.790+0000][339.430s][info][gc,start       ] GC(60) Pause Young (Allocation Failure)
[2025-12-25T04:28:03.804+0000][339.444s][info][gc,heap        ] GC(60) DefNew: 81758K(88512K)->4291K(88512K) Eden: 78720K(78720K)->0K(78720K) From: 3038K(9792K)->4291K(9792K)
[2025-12-25T04:28:03.805+0000][339.445s][info][gc,heap        ] GC(60) Tenured: 91425K(196608K)->91425K(196608K)
[2025-12-25T04:28:03.805+0000][339.445s][info][gc,metaspace   ] GC(60) Metaspace: 96958K(98048K)->96958K(98048K) NonClass: 83783K(84288K)->83783K(84288K) Class: 13174K(13760K)->13174K(13760K)
[2025-12-25T04:28:03.805+0000][339.445s][info][gc             ] GC(60) Pause Young (Allocation Failure) 169M->93M(278M) 15.660ms
[2025-12-25T04:28:03.806+0000][339.446s][info][gc,cpu         ] GC(60) User=0.01s Sys=0.00s Real=0.02s
[2025-12-25T04:28:04.010+0000][339.650s][info][gc,start       ] GC(61) Pause Young (Allocation Failure)
[2025-12-25T04:28:04.024+0000][339.664s][info][gc,heap        ] GC(61) DefNew: 83011K(88512K)->2605K(88512K) Eden: 78720K(78720K)->0K(78720K) From: 4291K(9792K)->2605K(9792K)
[2025-12-25T04:28:04.024+0000][339.664s][info][gc,heap        ] GC(61) Tenured: 91425K(196608K)->91425K(196608K)
[2025-12-25T04:28:04.025+0000][339.665s][info][gc,metaspace   ] GC(61) Metaspace: 96977K(98112K)->96977K(98112K) NonClass: 83802K(84352K)->83802K(84352K) Class: 13174K(13760K)->13174K(13760K)
[2025-12-25T04:28:04.027+0000][339.667s][info][gc             ] GC(61) Pause Young (Allocation Failure) 170M->91M(278M) 16.594ms
[2025-12-25T04:28:04.029+0000][339.669s][info][gc,cpu         ] GC(61) User=0.01s Sys=0.00s Real=0.02s
[2025-12-25T04:28:04.278+0000][339.918s][info][gc,start       ] GC(62) Pause Young (Allocation Failure)
[2025-12-25T04:28:04.299+0000][339.939s][info][gc,heap        ] GC(62) DefNew: 81325K(88512K)->5465K(88512K) Eden: 78720K(78720K)->0K(78720K) From: 2605K(9792K)->5465K(9792K)
[2025-12-25T04:28:04.300+0000][339.940s][info][gc,heap        ] GC(62) Tenured: 91425K(196608K)->91425K(196608K)
[2025-12-25T04:28:04.300+0000][339.940s][info][gc,metaspace   ] GC(62) Metaspace: 96993K(98112K)->96993K(98112K) NonClass: 83818K(84352K)->83818K(84352K) Class: 13175K(13760K)->13175K(13760K)
[2025-12-25T04:28:04.300+0000][339.940s][info][gc             ] GC(62) Pause Young (Allocation Failure) 168M->94M(278M) 22.330ms
[2025-12-25T04:28:04.300+0000][339.940s][info][gc,cpu         ] GC(62) User=0.02s Sys=0.00s Real=0.02s
[2025-12-25T04:28:04.483+0000][340.123s][info][gc,start       ] GC(63) Pause Young (Allocation Failure)
[2025-12-25T04:28:04.560+0000][340.200s][info][gc,heap        ] GC(63) DefNew: 84185K(88512K)->9791K(88512K) Eden: 78720K(78720K)->0K(78720K) From: 5465K(9792K)->9791K(9792K)
[2025-12-25T04:28:04.565+0000][340.205s][info][gc,heap        ] GC(63) Tenured: 91425K(196608K)->97117K(196608K)
[2025-12-25T04:28:04.567+0000][340.207s][info][gc,metaspace   ] GC(63) Metaspace: 97006K(98112K)->97006K(98112K) NonClass: 83830K(84352K)->83830K(84352K) Class: 13175K(13760K)->13175K(13760K)
[2025-12-25T04:28:04.568+0000][340.207s][info][gc             ] GC(63) Pause Young (Allocation Failure) 171M->104M(278M) 84.500ms
[2025-12-25T04:28:04.570+0000][340.210s][info][gc,cpu         ] GC(63) User=0.01s Sys=0.02s Real=0.09s
[2025-12-25T04:28:04.765+0000][340.405s][info][gc,start       ] GC(64) Pause Young (Allocation Failure)
[2025-12-25T04:28:04.797+0000][340.437s][info][gc,heap        ] GC(64) DefNew: 88511K(88512K)->9791K(88512K) Eden: 78720K(78720K)->0K(78720K) From: 9791K(9792K)->9791K(9792K)
[2025-12-25T04:28:04.797+0000][340.437s][info][gc,heap        ] GC(64) Tenured: 97117K(196608K)->107537K(196608K)
[2025-12-25T04:28:04.798+0000][340.438s][info][gc,metaspace   ] GC(64) Metaspace: 97019K(98112K)->97019K(98112K) NonClass: 83843K(84352K)->83843K(84352K) Class: 13175K(13760K)->13175K(13760K)
[2025-12-25T04:28:04.798+0000][340.438s][info][gc             ] GC(64) Pause Young (Allocation Failure) 181M->114M(278M) 33.178ms
[2025-12-25T04:28:04.799+0000][340.439s][info][gc,cpu         ] GC(64) User=0.02s Sys=0.00s Real=0.03s
[2025-12-25T04:28:04.954+0000][340.594s][info][gc,start       ] GC(65) Pause Young (Allocation Failure)
[2025-12-25T04:28:04.991+0000][340.631s][info][gc,heap        ] GC(65) DefNew: 88511K(88512K)->3536K(88512K) Eden: 78720K(78720K)->0K(78720K) From: 9791K(9792K)->3536K(9792K)
[2025-12-25T04:28:04.992+0000][340.632s][info][gc,heap        ] GC(65) Tenured: 107537K(196608K)->115680K(196608K)
[2025-12-25T04:28:04.992+0000][340.632s][info][gc,metaspace   ] GC(65) Metaspace: 97032K(98112K)->97032K(98112K) NonClass: 83857K(84352K)->83857K(84352K) Class: 13175K(13760K)->13175K(13760K)
[2025-12-25T04:28:04.994+0000][340.634s][info][gc             ] GC(65) Pause Young (Allocation Failure) 191M->116M(278M) 39.368ms
[2025-12-25T04:28:04.994+0000][340.634s][info][gc,cpu         ] GC(65) User=0.01s Sys=0.01s Real=0.04s
[2025-12-25T04:28:05.152+0000][340.792s][info][gc,start       ] GC(66) Pause Young (Allocation Failure)
[2025-12-25T04:28:05.166+0000][340.806s][info][gc,heap        ] GC(66) DefNew: 82256K(88512K)->4806K(88512K) Eden: 78720K(78720K)->0K(78720K) From: 3536K(9792K)->4806K(9792K)
[2025-12-25T04:28:05.167+0000][340.807s][info][gc,heap        ] GC(66) Tenured: 115680K(196608K)->115680K(196608K)
[2025-12-25T04:28:05.167+0000][340.807s][info][gc,metaspace   ] GC(66) Metaspace: 97037K(98176K)->97037K(98176K) NonClass: 83861K(84416K)->83861K(84416K) Class: 13176K(13760K)->13176K(13760K)
[2025-12-25T04:28:05.168+0000][340.808s][info][gc             ] GC(66) Pause Young (Allocation Failure) 193M->117M(278M) 16.300ms
[2025-12-25T04:28:05.168+0000][340.808s][info][gc,cpu         ] GC(66) User=0.01s Sys=0.00s Real=0.02s
[2025-12-25T04:28:05.351+0000][340.991s][info][gc,start       ] GC(67) Pause Young (Allocation Failure)
[2025-12-25T04:28:05.362+0000][341.002s][info][gc,heap        ] GC(67) DefNew: 83526K(88512K)->3361K(88512K) Eden: 78720K(78720K)->0K(78720K) From: 4806K(9792K)->3361K(9792K)
[2025-12-25T04:28:05.364+0000][341.004s][info][gc,heap        ] GC(67) Tenured: 115680K(196608K)->115680K(196608K)
[2025-12-25T04:28:05.365+0000][341.005s][info][gc,metaspace   ] GC(67) Metaspace: 97041K(98176K)->97041K(98176K) NonClass: 83865K(84416K)->83865K(84416K) Class: 13176K(13760K)->13176K(13760K)
[2025-12-25T04:28:05.365+0000][341.005s][info][gc             ] GC(67) Pause Young (Allocation Failure) 194M->116M(278M) 14.057ms
[2025-12-25T04:28:05.365+0000][341.005s][info][gc,cpu         ] GC(67) User=0.01s Sys=0.00s Real=0.02s
[2025-12-25T04:28:05.620+0000][341.260s][info][gc,start       ] GC(68) Pause Young (Allocation Failure)
[2025-12-25T04:28:05.647+0000][341.287s][info][gc,heap        ] GC(68) DefNew: 82081K(88512K)->4026K(88512K) Eden: 78720K(78720K)->0K(78720K) From: 3361K(9792K)->4026K(9792K)
[2025-12-25T04:28:05.651+0000][341.291s][info][gc,heap        ] GC(68) Tenured: 115680K(196608K)->115680K(196608K)
[2025-12-25T04:28:05.651+0000][341.291s][info][gc,metaspace   ] GC(68) Metaspace: 97043K(98176K)->97043K(98176K) NonClass: 83867K(84416K)->83867K(84416K) Class: 13176K(13760K)->13176K(13760K)
[2025-12-25T04:28:05.654+0000][341.293s][info][gc             ] GC(68) Pause Young (Allocation Failure) 193M->116M(278M) 33.406ms
[2025-12-25T04:28:05.654+0000][341.294s][info][gc,cpu         ] GC(68) User=0.02s Sys=0.00s Real=0.03s
[2025-12-25T04:28:06.007+0000][341.647s][info][gc,start       ] GC(69) Pause Young (Allocation Failure)
[2025-12-25T04:28:06.028+0000][341.668s][info][gc,heap        ] GC(69) DefNew: 82711K(88512K)->5726K(88512K) Eden: 78685K(78720K)->0K(78720K) From: 4026K(9792K)->5726K(9792K)
[2025-12-25T04:28:06.028+0000][341.668s][info][gc,heap        ] GC(69) Tenured: 115680K(196608K)->115680K(196608K)
[2025-12-25T04:28:06.028+0000][341.668s][info][gc,metaspace   ] GC(69) Metaspace: 97052K(98176K)->97052K(98176K) NonClass: 83876K(84416K)->83876K(84416K) Class: 13176K(13760K)->13176K(13760K)
[2025-12-25T04:28:06.029+0000][341.669s][info][gc             ] GC(69) Pause Young (Allocation Failure) 193M->118M(278M) 21.915ms
[2025-12-25T04:28:06.029+0000][341.669s][info][gc,cpu         ] GC(69) User=0.02s Sys=0.01s Real=0.02s
[2025-12-25T04:28:06.292+0000][341.932s][info][gc,start       ] GC(70) Pause Young (Allocation Failure)
[2025-12-25T04:28:06.303+0000][341.943s][info][gc,heap        ] GC(70) DefNew: 84446K(88512K)->2097K(88512K) Eden: 78720K(78720K)->0K(78720K) From: 5726K(9792K)->2097K(9792K)
[2025-12-25T04:28:06.304+0000][341.944s][info][gc,heap        ] GC(70) Tenured: 115680K(196608K)->117253K(196608K)
[2025-12-25T04:28:06.304+0000][341.944s][info][gc,metaspace   ] GC(70) Metaspace: 97060K(98176K)->97060K(98176K) NonClass: 83883K(84416K)->83883K(84416K) Class: 13176K(13760K)->13176K(13760K)
[2025-12-25T04:28:06.305+0000][341.945s][info][gc             ] GC(70) Pause Young (Allocation Failure) 195M->116M(278M) 13.144ms
[2025-12-25T04:28:06.305+0000][341.945s][info][gc,cpu         ] GC(70) User=0.01s Sys=0.00s Real=0.02s
[2025-12-25T04:28:06.608+0000][342.248s][info][gc,start       ] GC(71) Pause Young (Allocation Failure)
[2025-12-25T04:28:06.615+0000][342.255s][info][gc,heap        ] GC(71) DefNew: 80817K(88512K)->3340K(88512K) Eden: 78720K(78720K)->0K(78720K) From: 2097K(9792K)->3340K(9792K)
[2025-12-25T04:28:06.616+0000][342.256s][info][gc,heap        ] GC(71) Tenured: 117253K(196608K)->117253K(196608K)
[2025-12-25T04:28:06.616+0000][342.256s][info][gc,metaspace   ] GC(71) Metaspace: 97074K(98176K)->97074K(98176K) NonClass: 83896K(84416K)->83896K(84416K) Class: 13177K(13760K)->13177K(13760K)
[2025-12-25T04:28:06.616+0000][342.256s][info][gc             ] GC(71) Pause Young (Allocation Failure) 193M->117M(278M) 7.809ms
[2025-12-25T04:28:06.616+0000][342.256s][info][gc,cpu         ] GC(71) User=0.01s Sys=0.01s Real=0.01s
[2025-12-25T04:28:06.898+0000][342.538s][info][gc,start       ] GC(72) Pause Young (Allocation Failure)
[2025-12-25T04:28:06.910+0000][342.550s][info][gc,heap        ] GC(72) DefNew: 82060K(88512K)->4566K(88512K) Eden: 78720K(78720K)->0K(78720K) From: 3340K(9792K)->4566K(9792K)
[2025-12-25T04:28:06.911+0000][342.551s][info][gc,heap        ] GC(72) Tenured: 117253K(196608K)->117253K(196608K)
[2025-12-25T04:28:06.911+0000][342.551s][info][gc,metaspace   ] GC(72) Metaspace: 97076K(98176K)->97076K(98176K) NonClass: 83898K(84416K)->83898K(84416K) Class: 13177K(13760K)->13177K(13760K)
[2025-12-25T04:28:06.912+0000][342.552s][info][gc             ] GC(72) Pause Young (Allocation Failure) 194M->118M(278M) 13.332ms
[2025-12-25T04:28:06.912+0000][342.552s][info][gc,cpu         ] GC(72) User=0.01s Sys=0.00s Real=0.01s
[2025-12-25T04:28:07.289+0000][342.929s][info][gc,start       ] GC(73) Pause Young (Allocation Failure)
[2025-12-25T04:28:07.294+0000][342.934s][info][gc,heap        ] GC(73) DefNew: 83281K(88512K)->3048K(88512K) Eden: 78715K(78720K)->0K(78720K) From: 4566K(9792K)->3048K(9792K)
[2025-12-25T04:28:07.296+0000][342.936s][info][gc,heap        ] GC(73) Tenured: 117253K(196608K)->117253K(196608K)
[2025-12-25T04:28:07.296+0000][342.936s][info][gc,metaspace   ] GC(73) Metaspace: 97110K(98176K)->97110K(98176K) NonClass: 83932K(84416K)->83932K(84416K) Class: 13177K(13760K)->13177K(13760K)
[2025-12-25T04:28:07.297+0000][342.937s][info][gc             ] GC(73) Pause Young (Allocation Failure) 195M->117M(278M) 7.923ms
[2025-12-25T04:28:07.297+0000][342.937s][info][gc,cpu         ] GC(73) User=0.02s Sys=0.00s Real=0.01s
[2025-12-25T04:28:07.627+0000][343.267s][info][gc,start       ] GC(74) Pause Young (Allocation Failure)
[2025-12-25T04:28:07.650+0000][343.290s][info][gc,heap        ] GC(74) DefNew: 81768K(88512K)->6363K(88512K) Eden: 78720K(78720K)->0K(78720K) From: 3048K(9792K)->6363K(9792K)
[2025-12-25T04:28:07.655+0000][343.295s][info][gc,heap        ] GC(74) Tenured: 117253K(196608K)->117253K(196608K)
[2025-12-25T04:28:07.656+0000][343.296s][info][gc,metaspace   ] GC(74) Metaspace: 97124K(98176K)->97124K(98176K) NonClass: 83946K(84416K)->83946K(84416K) Class: 13177K(13760K)->13177K(13760K)
[2025-12-25T04:28:07.657+0000][343.297s][info][gc             ] GC(74) Pause Young (Allocation Failure) 194M->120M(278M) 29.814ms
[2025-12-25T04:28:07.658+0000][343.298s][info][gc,cpu         ] GC(74) User=0.02s Sys=0.00s Real=0.03s
[2025-12-25T04:28:08.119+0000][343.759s][info][gc,start       ] GC(75) Pause Young (Allocation Failure)
[2025-12-25T04:28:08.144+0000][343.784s][info][gc,heap        ] GC(75) DefNew: 85083K(88512K)->2854K(88512K) Eden: 78720K(78720K)->0K(78720K) From: 6363K(9792K)->2854K(9792K)
[2025-12-25T04:28:08.144+0000][343.784s][info][gc,heap        ] GC(75) Tenured: 117253K(196608K)->118284K(196608K)
[2025-12-25T04:28:08.145+0000][343.785s][info][gc,metaspace   ] GC(75) Metaspace: 97128K(98176K)->97128K(98176K) NonClass: 83950K(84416K)->83950K(84416K) Class: 13177K(13760K)->13177K(13760K)
[2025-12-25T04:28:08.145+0000][343.785s][info][gc             ] GC(75) Pause Young (Allocation Failure) 197M->118M(278M) 25.605ms
[2025-12-25T04:28:08.146+0000][343.786s][info][gc,cpu         ] GC(75) User=0.02s Sys=0.00s Real=0.03s
[2025-12-25T04:28:08.380+0000][344.020s][info][gc,start       ] GC(76) Pause Young (Allocation Failure)
[2025-12-25T04:28:08.398+0000][344.038s][info][gc,heap        ] GC(76) DefNew: 81574K(88512K)->3381K(88512K) Eden: 78720K(78720K)->0K(78720K) From: 2854K(9792K)->3381K(9792K)
[2025-12-25T04:28:08.398+0000][344.038s][info][gc,heap        ] GC(76) Tenured: 118284K(196608K)->118284K(196608K)
[2025-12-25T04:28:08.398+0000][344.038s][info][gc,metaspace   ] GC(76) Metaspace: 97141K(98240K)->97141K(98240K) NonClass: 83963K(84480K)->83963K(84480K) Class: 13177K(13760K)->13177K(13760K)
[2025-12-25T04:28:08.398+0000][344.038s][info][gc             ] GC(76) Pause Young (Allocation Failure) 195M->118M(278M) 18.258ms
[2025-12-25T04:28:08.399+0000][344.039s][info][gc,cpu         ] GC(76) User=0.01s Sys=0.00s Real=0.02s
[2025-12-25T04:28:08.523+0000][344.163s][info][gc,start       ] GC(77) Pause Young (Allocation Failure)
[2025-12-25T04:28:08.537+0000][344.177s][info][gc,heap        ] GC(77) DefNew: 82101K(88512K)->4082K(88512K) Eden: 78719K(78720K)->0K(78720K) From: 3381K(9792K)->4082K(9792K)
[2025-12-25T04:28:08.538+0000][344.178s][info][gc,heap        ] GC(77) Tenured: 118284K(196608K)->118284K(196608K)
[2025-12-25T04:28:08.538+0000][344.178s][info][gc,metaspace   ] GC(77) Metaspace: 97150K(98304K)->97150K(98304K) NonClass: 83972K(84544K)->83972K(84544K) Class: 13177K(13760K)->13177K(13760K)
[2025-12-25T04:28:08.538+0000][344.178s][info][gc             ] GC(77) Pause Young (Allocation Failure) 195M->119M(278M) 15.236ms
[2025-12-25T04:28:08.540+0000][344.180s][info][gc,cpu         ] GC(77) User=0.00s Sys=0.00s Real=0.02s
[2025-12-25T04:28:08.732+0000][344.372s][info][gc,start       ] GC(78) Pause Young (Allocation Failure)
[2025-12-25T04:28:08.737+0000][344.377s][info][gc,heap        ] GC(78) DefNew: 82786K(88512K)->4099K(88512K) Eden: 78704K(78720K)->0K(78720K) From: 4082K(9792K)->4099K(9792K)
[2025-12-25T04:28:08.738+0000][344.378s][info][gc,heap        ] GC(78) Tenured: 118284K(196608K)->118284K(196608K)
[2025-12-25T04:28:08.738+0000][344.378s][info][gc,metaspace   ] GC(78) Metaspace: 97157K(98304K)->97157K(98304K) NonClass: 83979K(84544K)->83979K(84544K) Class: 13177K(13760K)->13177K(13760K)
[2025-12-25T04:28:08.738+0000][344.378s][info][gc             ] GC(78) Pause Young (Allocation Failure) 196M->119M(278M) 5.883ms
[2025-12-25T04:28:08.738+0000][344.378s][info][gc,cpu         ] GC(78) User=0.01s Sys=0.00s Real=0.01s
[2025-12-25T04:28:08.854+0000][344.494s][info][gc,start       ] GC(79) Pause Young (Allocation Failure)
[2025-12-25T04:28:08.887+0000][344.527s][info][gc,heap        ] GC(79) DefNew: 82819K(88512K)->4471K(88512K) Eden: 78720K(78720K)->0K(78720K) From: 4099K(9792K)->4471K(9792K)
[2025-12-25T04:28:08.888+0000][344.528s][info][gc,heap        ] GC(79) Tenured: 118284K(196608K)->118284K(196608K)
[2025-12-25T04:28:08.891+0000][344.531s][info][gc,metaspace   ] GC(79) Metaspace: 97159K(98304K)->97159K(98304K) NonClass: 83981K(84544K)->83981K(84544K) Class: 13177K(13760K)->13177K(13760K)
[2025-12-25T04:28:08.896+0000][344.536s][info][gc             ] GC(79) Pause Young (Allocation Failure) 196M->119M(278M) 42.868ms
[2025-12-25T04:28:08.900+0000][344.540s][info][gc,cpu         ] GC(79) User=0.02s Sys=0.00s Real=0.05s
[2025-12-25T04:28:09.020+0000][344.659s][info][gc,start       ] GC(80) Pause Young (Allocation Failure)
[2025-12-25T04:28:09.028+0000][344.668s][info][gc,heap        ] GC(80) DefNew: 83191K(88512K)->5190K(88512K) Eden: 78720K(78720K)->0K(78720K) From: 4471K(9792K)->5190K(9792K)
[2025-12-25T04:28:09.028+0000][344.668s][info][gc,heap        ] GC(80) Tenured: 118284K(196608K)->118284K(196608K)
[2025-12-25T04:28:09.028+0000][344.668s][info][gc,metaspace   ] GC(80) Metaspace: 97164K(98304K)->97164K(98304K) NonClass: 83986K(84544K)->83986K(84544K) Class: 13177K(13760K)->13177K(13760K)
[2025-12-25T04:28:09.029+0000][344.669s][info][gc             ] GC(80) Pause Young (Allocation Failure) 196M->120M(278M) 9.225ms
[2025-12-25T04:28:09.029+0000][344.669s][info][gc,cpu         ] GC(80) User=0.01s Sys=0.00s Real=0.01s
[2025-12-25T04:28:09.219+0000][344.859s][info][gc,start       ] GC(81) Pause Young (Allocation Failure)
[2025-12-25T04:28:09.228+0000][344.868s][info][gc,heap        ] GC(81) DefNew: 83910K(88512K)->2835K(88512K) Eden: 78720K(78720K)->0K(78720K) From: 5190K(9792K)->2835K(9792K)
[2025-12-25T04:28:09.228+0000][344.868s][info][gc,heap        ] GC(81) Tenured: 118284K(196608K)->118943K(196608K)
[2025-12-25T04:28:09.230+0000][344.870s][info][gc,metaspace   ] GC(81) Metaspace: 97173K(98304K)->97173K(98304K) NonClass: 83995K(84544K)->83995K(84544K) Class: 13177K(13760K)->13177K(13760K)
[2025-12-25T04:28:09.234+0000][344.874s][info][gc             ] GC(81) Pause Young (Allocation Failure) 197M->118M(278M) 14.426ms
[2025-12-25T04:28:09.234+0000][344.874s][info][gc,cpu         ] GC(81) User=0.01s Sys=0.00s Real=0.01s
[2025-12-25T04:28:09.424+0000][345.064s][info][gc,start       ] GC(82) Pause Young (Allocation Failure)
[2025-12-25T04:28:09.432+0000][345.072s][info][gc,heap        ] GC(82) DefNew: 81555K(88512K)->4908K(88512K) Eden: 78720K(78720K)->0K(78720K) From: 2835K(9792K)->4908K(9792K)
[2025-12-25T04:28:09.432+0000][345.072s][info][gc,heap        ] GC(82) Tenured: 118943K(196608K)->118943K(196608K)
[2025-12-25T04:28:09.433+0000][345.073s][info][gc,metaspace   ] GC(82) Metaspace: 97174K(98304K)->97174K(98304K) NonClass: 83996K(84544K)->83996K(84544K) Class: 13177K(13760K)->13177K(13760K)
[2025-12-25T04:28:09.433+0000][345.073s][info][gc             ] GC(82) Pause Young (Allocation Failure) 195M->120M(278M) 9.515ms
[2025-12-25T04:28:09.433+0000][345.073s][info][gc,cpu         ] GC(82) User=0.01s Sys=0.00s Real=0.01s
[2025-12-25T04:28:09.619+0000][345.259s][info][gc,start       ] GC(83) Pause Young (Allocation Failure)
[2025-12-25T04:28:09.630+0000][345.270s][info][gc,heap        ] GC(83) DefNew: 83628K(88512K)->7522K(88512K) Eden: 78720K(78720K)->0K(78720K) From: 4908K(9792K)->7522K(9792K)
[2025-12-25T04:28:09.630+0000][345.270s][info][gc,heap        ] GC(83) Tenured: 118943K(196608K)->119043K(196608K)
[2025-12-25T04:28:09.630+0000][345.270s][info][gc,metaspace   ] GC(83) Metaspace: 97174K(98304K)->97174K(98304K) NonClass: 83996K(84544K)->83996K(84544K) Class: 13177K(13760K)->13177K(13760K)
[2025-12-25T04:28:09.630+0000][345.270s][info][gc             ] GC(83) Pause Young (Allocation Failure) 197M->123M(278M) 11.772ms
[2025-12-25T04:28:09.631+0000][345.271s][info][gc,cpu         ] GC(83) User=0.01s Sys=0.00s Real=0.01s
[2025-12-25T04:28:09.806+0000][345.446s][info][gc,start       ] GC(84) Pause Young (Allocation Failure)
[2025-12-25T04:28:09.838+0000][345.478s][info][gc,heap        ] GC(84) DefNew: 86242K(88512K)->3391K(88512K) Eden: 78720K(78720K)->0K(78720K) From: 7522K(9792K)->3391K(9792K)
[2025-12-25T04:28:09.839+0000][345.479s][info][gc,heap        ] GC(84) Tenured: 119043K(196608K)->120789K(196608K)
[2025-12-25T04:28:09.839+0000][345.479s][info][gc,metaspace   ] GC(84) Metaspace: 97180K(98304K)->97180K(98304K) NonClass: 84002K(84544K)->84002K(84544K) Class: 13177K(13760K)->13177K(13760K)
[2025-12-25T04:28:09.840+0000][345.480s][info][gc             ] GC(84) Pause Young (Allocation Failure) 200M->121M(278M) 34.597ms
[2025-12-25T04:28:09.842+0000][345.482s][info][gc,cpu         ] GC(84) User=0.03s Sys=0.00s Real=0.03s
[2025-12-25T04:28:09.954+0000][345.594s][info][gc,start       ] GC(85) Pause Young (Allocation Failure)
[2025-12-25T04:28:09.964+0000][345.604s][info][gc,heap        ] GC(85) DefNew: 82111K(88512K)->5099K(88512K) Eden: 78720K(78720K)->0K(78720K) From: 3391K(9792K)->5099K(9792K)
[2025-12-25T04:28:09.965+0000][345.605s][info][gc,heap        ] GC(85) Tenured: 120789K(196608K)->120789K(196608K)
[2025-12-25T04:28:09.966+0000][345.606s][info][gc,metaspace   ] GC(85) Metaspace: 97185K(98304K)->97185K(98304K) NonClass: 84006K(84544K)->84006K(84544K) Class: 13178K(13760K)->13178K(13760K)
[2025-12-25T04:28:09.966+0000][345.606s][info][gc             ] GC(85) Pause Young (Allocation Failure) 198M->122M(278M) 11.652ms
[2025-12-25T04:28:09.967+0000][345.607s][info][gc,cpu         ] GC(85) User=0.00s Sys=0.00s Real=0.01s
[2025-12-25T04:28:10.123+0000][345.763s][info][gc,start       ] GC(86) Pause Young (Allocation Failure)
[2025-12-25T04:28:10.139+0000][345.779s][info][gc,heap        ] GC(86) DefNew: 83819K(88512K)->3056K(88512K) Eden: 78720K(78720K)->0K(78720K) From: 5099K(9792K)->3056K(9792K)
[2025-12-25T04:28:10.141+0000][345.781s][info][gc,heap        ] GC(86) Tenured: 120789K(196608K)->122067K(196608K)
[2025-12-25T04:28:10.142+0000][345.782s][info][gc,metaspace   ] GC(86) Metaspace: 97200K(98304K)->97200K(98304K) NonClass: 84021K(84544K)->84021K(84544K) Class: 13178K(13760K)->13178K(13760K)
[2025-12-25T04:28:10.142+0000][345.782s][info][gc             ] GC(86) Pause Young (Allocation Failure) 199M->122M(278M) 19.161ms
[2025-12-25T04:28:10.143+0000][345.783s][info][gc,cpu         ] GC(86) User=0.01s Sys=0.01s Real=0.02s
[2025-12-25T04:28:10.388+0000][346.028s][info][gc,start       ] GC(87) Pause Young (Allocation Failure)
[2025-12-25T04:28:10.401+0000][346.041s][info][gc,heap        ] GC(87) DefNew: 81776K(88512K)->7613K(88512K) Eden: 78720K(78720K)->0K(78720K) From: 3056K(9792K)->7613K(9792K)
[2025-12-25T04:28:10.402+0000][346.042s][info][gc,heap        ] GC(87) Tenured: 122067K(196608K)->122067K(196608K)
[2025-12-25T04:28:10.402+0000][346.042s][info][gc,metaspace   ] GC(87) Metaspace: 97202K(98368K)->97202K(98368K) NonClass: 84024K(84608K)->84024K(84608K) Class: 13178K(13760K)->13178K(13760K)
[2025-12-25T04:28:10.403+0000][346.043s][info][gc             ] GC(87) Pause Young (Allocation Failure) 199M->126M(278M) 14.619ms
[2025-12-25T04:28:10.403+0000][346.043s][info][gc,cpu         ] GC(87) User=0.02s Sys=0.00s Real=0.01s
[2025-12-25T04:28:10.639+0000][346.279s][info][gc,start       ] GC(88) Pause Young (Allocation Failure)
[2025-12-25T04:28:10.686+0000][346.326s][info][gc,heap        ] GC(88) DefNew: 86333K(88512K)->3874K(88512K) Eden: 78720K(78720K)->0K(78720K) From: 7613K(9792K)->3874K(9792K)
[2025-12-25T04:28:10.687+0000][346.327s][info][gc,heap        ] GC(88) Tenured: 122067K(196608K)->128067K(196608K)
[2025-12-25T04:28:10.687+0000][346.327s][info][gc,metaspace   ] GC(88) Metaspace: 97216K(98368K)->97216K(98368K) NonClass: 84038K(84608K)->84038K(84608K) Class: 13178K(13760K)->13178K(13760K)
[2025-12-25T04:28:10.687+0000][346.327s][info][gc             ] GC(88) Pause Young (Allocation Failure) 203M->128M(278M) 47.812ms
[2025-12-25T04:28:10.687+0000][346.327s][info][gc,cpu         ] GC(88) User=0.01s Sys=0.00s Real=0.07s
[2025-12-25T04:28:10.817+0000][346.457s][info][gc,start       ] GC(89) Pause Young (Allocation Failure)
[2025-12-25T04:28:10.861+0000][346.501s][info][gc,heap        ] GC(89) DefNew: 82594K(88512K)->5015K(88512K) Eden: 78720K(78720K)->0K(78720K) From: 3874K(9792K)->5015K(9792K)
[2025-12-25T04:28:10.863+0000][346.503s][info][gc,heap        ] GC(89) Tenured: 128067K(196608K)->128067K(196608K)
[2025-12-25T04:28:10.876+0000][346.516s][info][gc,metaspace   ] GC(89) Metaspace: 97218K(98368K)->97218K(98368K) NonClass: 84040K(84608K)->84040K(84608K) Class: 13178K(13760K)->13178K(13760K)
[2025-12-25T04:28:10.879+0000][346.519s][info][gc             ] GC(89) Pause Young (Allocation Failure) 205M->129M(278M) 62.312ms
[2025-12-25T04:28:10.880+0000][346.520s][info][gc,cpu         ] GC(89) User=0.01s Sys=0.00s Real=0.06s
[2025-12-25T04:28:11.015+0000][346.655s][info][gc,start       ] GC(90) Pause Young (Allocation Failure)
[2025-12-25T04:28:11.052+0000][346.692s][info][gc,heap        ] GC(90) DefNew: 83735K(88512K)->5304K(88512K) Eden: 78720K(78720K)->0K(78720K) From: 5015K(9792K)->5304K(9792K)
[2025-12-25T04:28:11.052+0000][346.692s][info][gc,heap        ] GC(90) Tenured: 128067K(196608K)->130029K(196608K)
[2025-12-25T04:28:11.053+0000][346.693s][info][gc,metaspace   ] GC(90) Metaspace: 97220K(98368K)->97220K(98368K) NonClass: 84041K(84608K)->84041K(84608K) Class: 13178K(13760K)->13178K(13760K)
[2025-12-25T04:28:11.053+0000][346.693s][info][gc             ] GC(90) Pause Young (Allocation Failure) 206M->132M(278M) 37.476ms
[2025-12-25T04:28:11.053+0000][346.693s][info][gc,cpu         ] GC(90) User=0.03s Sys=0.00s Real=0.03s
[2025-12-25T04:28:11.191+0000][346.831s][info][gc,start       ] GC(91) Pause Young (Allocation Failure)
[2025-12-25T04:28:11.200+0000][346.840s][info][gc,heap        ] GC(91) DefNew: 84024K(88512K)->4170K(88512K) Eden: 78720K(78720K)->0K(78720K) From: 5304K(9792K)->4170K(9792K)
[2025-12-25T04:28:11.200+0000][346.840s][info][gc,heap        ] GC(91) Tenured: 130029K(196608K)->130783K(196608K)
[2025-12-25T04:28:11.200+0000][346.840s][info][gc,metaspace   ] GC(91) Metaspace: 97221K(98368K)->97221K(98368K) NonClass: 84042K(84608K)->84042K(84608K) Class: 13178K(13760K)->13178K(13760K)
[2025-12-25T04:28:11.201+0000][346.841s][info][gc             ] GC(91) Pause Young (Allocation Failure) 209M->131M(278M) 9.910ms
[2025-12-25T04:28:11.201+0000][346.841s][info][gc,cpu         ] GC(91) User=0.01s Sys=0.00s Real=0.01s
[2025-12-25T04:28:11.311+0000][346.951s][info][gc,start       ] GC(92) Pause Young (Allocation Failure)
[2025-12-25T04:28:11.320+0000][346.960s][info][gc,heap        ] GC(92) DefNew: 82890K(88512K)->2533K(88512K) Eden: 78720K(78720K)->0K(78720K) From: 4170K(9792K)->2533K(9792K)
[2025-12-25T04:28:11.321+0000][346.961s][info][gc,heap        ] GC(92) Tenured: 130783K(196608K)->130783K(196608K)
[2025-12-25T04:28:11.322+0000][346.962s][info][gc,metaspace   ] GC(92) Metaspace: 97230K(98368K)->97230K(98368K) NonClass: 84051K(84608K)->84051K(84608K) Class: 13178K(13760K)->13178K(13760K)
[2025-12-25T04:28:11.323+0000][346.963s][info][gc             ] GC(92) Pause Young (Allocation Failure) 208M->130M(278M) 12.678ms
[2025-12-25T04:28:11.324+0000][346.964s][info][gc,cpu         ] GC(92) User=0.01s Sys=0.00s Real=0.01s
[2025-12-25T04:28:11.385+0000][347.025s][info][gc,start       ] GC(93) Pause Young (Allocation Failure)
[2025-12-25T04:28:11.398+0000][347.038s][info][gc,heap        ] GC(93) DefNew: 81253K(88512K)->4779K(88512K) Eden: 78720K(78720K)->0K(78720K) From: 2533K(9792K)->4779K(9792K)
[2025-12-25T04:28:11.398+0000][347.038s][info][gc,heap        ] GC(93) Tenured: 130783K(196608K)->130783K(196608K)
[2025-12-25T04:28:11.398+0000][347.038s][info][gc,metaspace   ] GC(93) Metaspace: 97230K(98368K)->97230K(98368K) NonClass: 84051K(84608K)->84051K(84608K) Class: 13178K(13760K)->13178K(13760K)
[2025-12-25T04:28:11.401+0000][347.041s][info][gc             ] GC(93) Pause Young (Allocation Failure) 207M->132M(278M) 15.608ms
[2025-12-25T04:28:11.402+0000][347.042s][info][gc,cpu         ] GC(93) User=0.01s Sys=0.00s Real=0.01s
[2025-12-25T04:28:11.540+0000][347.180s][info][gc,start       ] GC(94) Pause Young (Allocation Failure)
[2025-12-25T04:28:11.592+0000][347.232s][info][gc,heap        ] GC(94) DefNew: 83499K(88512K)->8322K(88512K) Eden: 78720K(78720K)->0K(78720K) From: 4779K(9792K)->8322K(9792K)
[2025-12-25T04:28:11.592+0000][347.232s][info][gc,heap        ] GC(94) Tenured: 130783K(196608K)->130783K(196608K)
[2025-12-25T04:28:11.592+0000][347.232s][info][gc,metaspace   ] GC(94) Metaspace: 97235K(98368K)->97235K(98368K) NonClass: 84056K(84608K)->84056K(84608K) Class: 13178K(13760K)->13178K(13760K)
[2025-12-25T04:28:11.592+0000][347.232s][info][gc             ] GC(94) Pause Young (Allocation Failure) 209M->135M(278M) 52.680ms
[2025-12-25T04:28:11.593+0000][347.233s][info][gc,cpu         ] GC(94) User=0.02s Sys=0.01s Real=0.05s
[2025-12-25T04:28:11.783+0000][347.423s][info][gc,start       ] GC(95) Pause Young (Allocation Failure)
[2025-12-25T04:28:11.871+0000][347.511s][info][gc,heap        ] GC(95) DefNew: 87042K(88512K)->6109K(88512K) Eden: 78720K(78720K)->0K(78720K) From: 8322K(9792K)->6109K(9792K)
[2025-12-25T04:28:11.874+0000][347.514s][info][gc,heap        ] GC(95) Tenured: 130783K(196608K)->135352K(196608K)
[2025-12-25T04:28:11.880+0000][347.520s][info][gc,metaspace   ] GC(95) Metaspace: 97256K(98368K)->97256K(98368K) NonClass: 84076K(84608K)->84076K(84608K) Class: 13179K(13760K)->13179K(13760K)
[2025-12-25T04:28:11.881+0000][347.521s][info][gc             ] GC(95) Pause Young (Allocation Failure) 212M->138M(278M) 98.205ms
[2025-12-25T04:28:11.881+0000][347.521s][info][gc,cpu         ] GC(95) User=0.02s Sys=0.02s Real=0.10s
[2025-12-25T04:28:12.075+0000][347.715s][info][gc,start       ] GC(96) Pause Young (Allocation Failure)
[2025-12-25T04:28:12.090+0000][347.730s][info][gc,heap        ] GC(96) DefNew: 84829K(88512K)->3784K(88512K) Eden: 78720K(78720K)->0K(78720K) From: 6109K(9792K)->3784K(9792K)
[2025-12-25T04:28:12.092+0000][347.732s][info][gc,heap        ] GC(96) Tenured: 135352K(196608K)->135637K(196608K)
[2025-12-25T04:28:12.093+0000][347.733s][info][gc,metaspace   ] GC(96) Metaspace: 97317K(98432K)->97317K(98432K) NonClass: 84137K(84672K)->84137K(84672K) Class: 13179K(13760K)->13179K(13760K)
[2025-12-25T04:28:12.093+0000][347.733s][info][gc             ] GC(96) Pause Young (Allocation Failure) 215M->136M(278M) 17.409ms
[2025-12-25T04:28:12.093+0000][347.733s][info][gc,cpu         ] GC(96) User=0.02s Sys=0.01s Real=0.01s
[2025-12-25T04:28:12.299+0000][347.939s][info][gc,start       ] GC(97) Pause Young (Allocation Failure)
[2025-12-25T04:28:12.320+0000][347.960s][info][gc,heap        ] GC(97) DefNew: 82504K(88512K)->5426K(88512K) Eden: 78720K(78720K)->0K(78720K) From: 3784K(9792K)->5426K(9792K)
[2025-12-25T04:28:12.320+0000][347.960s][info][gc,heap        ] GC(97) Tenured: 135637K(196608K)->135637K(196608K)
[2025-12-25T04:28:12.320+0000][347.960s][info][gc,metaspace   ] GC(97) Metaspace: 97362K(98496K)->97362K(98496K) NonClass: 84182K(84736K)->84182K(84736K) Class: 13179K(13760K)->13179K(13760K)
[2025-12-25T04:28:12.321+0000][347.961s][info][gc             ] GC(97) Pause Young (Allocation Failure) 213M->137M(278M) 21.766ms
[2025-12-25T04:28:12.322+0000][347.962s][info][gc,cpu         ] GC(97) User=0.02s Sys=0.00s Real=0.02s
[2025-12-25T04:28:12.421+0000][348.061s][info][gc,start       ] GC(98) Pause Young (Allocation Failure)
[2025-12-25T04:28:12.449+0000][348.089s][info][gc,heap        ] GC(98) DefNew: 84146K(88512K)->8045K(88512K) Eden: 78720K(78720K)->0K(78720K) From: 5426K(9792K)->8045K(9792K)
[2025-12-25T04:28:12.449+0000][348.089s][info][gc,heap        ] GC(98) Tenured: 135637K(196608K)->136400K(196608K)
[2025-12-25T04:28:12.451+0000][348.091s][info][gc,metaspace   ] GC(98) Metaspace: 97469K(98560K)->97469K(98560K) NonClass: 84289K(84800K)->84289K(84800K) Class: 13179K(13760K)->13179K(13760K)
[2025-12-25T04:28:12.452+0000][348.092s][info][gc             ] GC(98) Pause Young (Allocation Failure) 214M->141M(278M) 30.648ms
[2025-12-25T04:28:12.454+0000][348.094s][info][gc,cpu         ] GC(98) User=0.01s Sys=0.01s Real=0.03s
[2025-12-25T04:28:12.829+0000][348.469s][info][gc,start       ] GC(99) Pause Young (Allocation Failure)
[2025-12-25T04:28:12.843+0000][348.483s][info][gc,heap        ] GC(99) DefNew: 86764K(88512K)->2789K(88512K) Eden: 78718K(78720K)->0K(78720K) From: 8045K(9792K)->2789K(9792K)
[2025-12-25T04:28:12.844+0000][348.484s][info][gc,heap        ] GC(99) Tenured: 136400K(196608K)->140111K(196608K)
[2025-12-25T04:28:12.848+0000][348.488s][info][gc,metaspace   ] GC(99) Metaspace: 97469K(98560K)->97469K(98560K) NonClass: 84289K(84800K)->84289K(84800K) Class: 13179K(13760K)->13179K(13760K)
[2025-12-25T04:28:12.848+0000][348.488s][info][gc             ] GC(99) Pause Young (Allocation Failure) 217M->139M(278M) 19.866ms
[2025-12-25T04:28:12.850+0000][348.490s][info][gc,cpu         ] GC(99) User=0.01s Sys=0.00s Real=0.02s
[2025-12-25T04:28:12.946+0000][348.585s][info][gc,start       ] GC(100) Pause Young (Allocation Failure)
[2025-12-25T04:28:12.952+0000][348.592s][info][gc,heap        ] GC(100) DefNew: 81509K(88512K)->5011K(88512K) Eden: 78720K(78720K)->0K(78720K) From: 2789K(9792K)->5011K(9792K)
[2025-12-25T04:28:12.952+0000][348.592s][info][gc,heap        ] GC(100) Tenured: 140111K(196608K)->140111K(196608K)
[2025-12-25T04:28:12.953+0000][348.593s][info][gc,metaspace   ] GC(100) Metaspace: 97471K(98560K)->97471K(98560K) NonClass: 84291K(84800K)->84291K(84800K) Class: 13179K(13760K)->13179K(13760K)
[2025-12-25T04:28:12.953+0000][348.593s][info][gc             ] GC(100) Pause Young (Allocation Failure) 216M->141M(278M) 7.790ms
[2025-12-25T04:28:12.954+0000][348.594s][info][gc,cpu         ] GC(100) User=0.01s Sys=0.00s Real=0.00s
[2025-12-25T04:28:13.151+0000][348.791s][info][gc,start       ] GC(101) Pause Young (Allocation Failure)
[2025-12-25T04:28:13.158+0000][348.798s][info][gc,heap        ] GC(101) DefNew: 83731K(88512K)->2960K(88512K) Eden: 78720K(78720K)->0K(78720K) From: 5011K(9792K)->2960K(9792K)
[2025-12-25T04:28:13.158+0000][348.798s][info][gc,heap        ] GC(101) Tenured: 140111K(196608K)->140655K(196608K)
[2025-12-25T04:28:13.158+0000][348.798s][info][gc,metaspace   ] GC(101) Metaspace: 97472K(98560K)->97472K(98560K) NonClass: 84292K(84800K)->84292K(84800K) Class: 13179K(13760K)->13179K(13760K)
[2025-12-25T04:28:13.158+0000][348.798s][info][gc             ] GC(101) Pause Young (Allocation Failure) 218M->140M(278M) 6.448ms
[2025-12-25T04:28:13.158+0000][348.798s][info][gc,cpu         ] GC(101) User=0.01s Sys=0.00s Real=0.01s
[2025-12-25T04:28:13.340+0000][348.980s][info][gc,start       ] GC(102) Pause Young (Allocation Failure)
[2025-12-25T04:28:13.350+0000][348.990s][info][gc,heap        ] GC(102) DefNew: 81680K(88512K)->3932K(88512K) Eden: 78720K(78720K)->0K(78720K) From: 2960K(9792K)->3932K(9792K)
[2025-12-25T04:28:13.350+0000][348.990s][info][gc,heap        ] GC(102) Tenured: 140655K(196608K)->140655K(196608K)
[2025-12-25T04:28:13.350+0000][348.990s][info][gc,metaspace   ] GC(102) Metaspace: 97472K(98560K)->97472K(98560K) NonClass: 84292K(84800K)->84292K(84800K) Class: 13179K(13760K)->13179K(13760K)
[2025-12-25T04:28:13.350+0000][348.990s][info][gc             ] GC(102) Pause Young (Allocation Failure) 217M->141M(278M) 10.837ms
[2025-12-25T04:28:13.351+0000][348.991s][info][gc,cpu         ] GC(102) User=0.01s Sys=0.00s Real=0.01s
[2025-12-25T04:28:13.558+0000][349.198s][info][gc,start       ] GC(103) Pause Young (Allocation Failure)
[2025-12-25T04:28:13.590+0000][349.230s][info][gc,heap        ] GC(103) DefNew: 82652K(88512K)->4288K(88512K) Eden: 78720K(78720K)->0K(78720K) From: 3932K(9792K)->4288K(9792K)
[2025-12-25T04:28:13.591+0000][349.231s][info][gc,heap        ] GC(103) Tenured: 140655K(196608K)->140655K(196608K)
[2025-12-25T04:28:13.592+0000][349.232s][info][gc,metaspace   ] GC(103) Metaspace: 97491K(98624K)->97491K(98624K) NonClass: 84310K(84864K)->84310K(84864K) Class: 13180K(13760K)->13180K(13760K)
[2025-12-25T04:28:13.592+0000][349.232s][info][gc             ] GC(103) Pause Young (Allocation Failure) 218M->141M(278M) 33.695ms
[2025-12-25T04:28:13.593+0000][349.233s][info][gc,cpu         ] GC(103) User=0.02s Sys=0.00s Real=0.03s
[2025-12-25T04:28:13.747+0000][349.387s][info][gc,start       ] GC(104) Pause Young (Allocation Failure)
[2025-12-25T04:28:13.754+0000][349.394s][info][gc,heap        ] GC(104) DefNew: 83008K(88512K)->4766K(88512K) Eden: 78720K(78720K)->0K(78720K) From: 4288K(9792K)->4766K(9792K)
[2025-12-25T04:28:13.754+0000][349.394s][info][gc,heap        ] GC(104) Tenured: 140655K(196608K)->140655K(196608K)
[2025-12-25T04:28:13.755+0000][349.395s][info][gc,metaspace   ] GC(104) Metaspace: 97491K(98624K)->97491K(98624K) NonClass: 84310K(84864K)->84310K(84864K) Class: 13180K(13760K)->13180K(13760K)
[2025-12-25T04:28:13.755+0000][349.395s][info][gc             ] GC(104) Pause Young (Allocation Failure) 218M->142M(278M) 7.841ms
[2025-12-25T04:28:13.755+0000][349.395s][info][gc,cpu         ] GC(104) User=0.01s Sys=0.00s Real=0.01s
[2025-12-25T04:28:13.910+0000][349.550s][info][gc,start       ] GC(105) Pause Young (Allocation Failure)
[2025-12-25T04:28:13.923+0000][349.563s][info][gc,heap        ] GC(105) DefNew: 83486K(88512K)->4834K(88512K) Eden: 78720K(78720K)->0K(78720K) From: 4766K(9792K)->4834K(9792K)
[2025-12-25T04:28:13.924+0000][349.564s][info][gc,heap        ] GC(105) Tenured: 140655K(196608K)->140655K(196608K)
[2025-12-25T04:28:13.925+0000][349.565s][info][gc,metaspace   ] GC(105) Metaspace: 97491K(98624K)->97491K(98624K) NonClass: 84310K(84864K)->84310K(84864K) Class: 13180K(13760K)->13180K(13760K)
[2025-12-25T04:28:13.925+0000][349.565s][info][gc             ] GC(105) Pause Young (Allocation Failure) 218M->142M(278M) 15.777ms
[2025-12-25T04:28:13.929+0000][349.569s][info][gc,cpu         ] GC(105) User=0.01s Sys=0.00s Real=0.02s
[2025-12-25T04:28:14.078+0000][349.718s][info][gc,start       ] GC(106) Pause Young (Allocation Failure)
[2025-12-25T04:28:14.101+0000][349.741s][info][gc,heap        ] GC(106) DefNew: 83554K(88512K)->6923K(88512K) Eden: 78720K(78720K)->0K(78720K) From: 4834K(9792K)->6923K(9792K)
[2025-12-25T04:28:14.101+0000][349.741s][info][gc,heap        ] GC(106) Tenured: 140655K(196608K)->140655K(196608K)
[2025-12-25T04:28:14.101+0000][349.741s][info][gc,metaspace   ] GC(106) Metaspace: 97491K(98624K)->97491K(98624K) NonClass: 84310K(84864K)->84310K(84864K) Class: 13180K(13760K)->13180K(13760K)
[2025-12-25T04:28:14.102+0000][349.742s][info][gc             ] GC(106) Pause Young (Allocation Failure) 218M->144M(278M) 23.281ms
[2025-12-25T04:28:14.108+0000][349.748s][info][gc,cpu         ] GC(106) User=0.02s Sys=0.00s Real=0.03s
[2025-12-25T04:28:14.274+0000][349.914s][info][gc,start       ] GC(107) Pause Young (Allocation Failure)
[2025-12-25T04:28:14.321+0000][349.961s][info][gc,heap        ] GC(107) DefNew: 85643K(88512K)->4042K(88512K) Eden: 78720K(78720K)->0K(78720K) From: 6923K(9792K)->4042K(9792K)
[2025-12-25T04:28:14.322+0000][349.962s][info][gc,heap        ] GC(107) Tenured: 140655K(196608K)->142665K(196608K)
[2025-12-25T04:28:14.322+0000][349.962s][info][gc,metaspace   ] GC(107) Metaspace: 97512K(98624K)->97512K(98624K) NonClass: 84331K(84864K)->84331K(84864K) Class: 13180K(13760K)->13180K(13760K)
[2025-12-25T04:28:14.322+0000][349.962s][info][gc             ] GC(107) Pause Young (Allocation Failure) 220M->143M(278M) 47.577ms
[2025-12-25T04:28:14.323+0000][349.963s][info][gc,cpu         ] GC(107) User=0.01s Sys=0.01s Real=0.04s
[2025-12-25T04:28:14.628+0000][350.268s][info][gc,start       ] GC(108) Pause Young (Allocation Failure)
[2025-12-25T04:28:14.663+0000][350.303s][info][gc,heap        ] GC(108) DefNew: 82762K(88512K)->5499K(88512K) Eden: 78719K(78720K)->0K(78720K) From: 4042K(9792K)->5499K(9792K)
[2025-12-25T04:28:14.665+0000][350.305s][info][gc,heap        ] GC(108) Tenured: 142665K(196608K)->142665K(196608K)
[2025-12-25T04:28:14.666+0000][350.306s][info][gc,metaspace   ] GC(108) Metaspace: 97517K(98624K)->97517K(98624K) NonClass: 84336K(84864K)->84336K(84864K) Class: 13180K(13760K)->13180K(13760K)
[2025-12-25T04:28:14.666+0000][350.306s][info][gc             ] GC(108) Pause Young (Allocation Failure) 220M->144M(278M) 37.619ms
[2025-12-25T04:28:14.666+0000][350.306s][info][gc,cpu         ] GC(108) User=0.02s Sys=0.00s Real=0.04s
[2025-12-25T04:28:14.752+0000][350.392s][info][gc,start       ] GC(109) Pause Young (Allocation Failure)
[2025-12-25T04:28:14.820+0000][350.460s][info][gc,heap        ] GC(109) DefNew: 84219K(88512K)->8191K(88512K) Eden: 78720K(78720K)->0K(78720K) From: 5499K(9792K)->8191K(9792K)
[2025-12-25T04:28:14.821+0000][350.461s][info][gc,heap        ] GC(109) Tenured: 142665K(196608K)->146429K(196608K)
[2025-12-25T04:28:14.821+0000][350.461s][info][gc,metaspace   ] GC(109) Metaspace: 97519K(98624K)->97519K(98624K) NonClass: 84339K(84864K)->84339K(84864K) Class: 13180K(13760K)->13180K(13760K)
[2025-12-25T04:28:14.821+0000][350.461s][info][gc             ] GC(109) Pause Young (Allocation Failure) 221M->150M(278M) 68.870ms
[2025-12-25T04:28:14.822+0000][350.462s][info][gc,cpu         ] GC(109) User=0.03s Sys=0.01s Real=0.07s
[2025-12-25T04:28:14.978+0000][350.618s][info][gc,start       ] GC(110) Pause Young (Allocation Failure)
[2025-12-25T04:28:15.005+0000][350.645s][info][gc,heap        ] GC(110) DefNew: 86911K(88512K)->5786K(88512K) Eden: 78720K(78720K)->0K(78720K) From: 8191K(9792K)->5786K(9792K)
[2025-12-25T04:28:15.007+0000][350.647s][info][gc,heap        ] GC(110) Tenured: 146429K(196608K)->150019K(196608K)
[2025-12-25T04:28:15.008+0000][350.648s][info][gc,metaspace   ] GC(110) Metaspace: 97522K(98624K)->97522K(98624K) NonClass: 84341K(84864K)->84341K(84864K) Class: 13180K(13760K)->13180K(13760K)
[2025-12-25T04:28:15.009+0000][350.649s][info][gc             ] GC(110) Pause Young (Allocation Failure) 227M->152M(278M) 30.787ms
[2025-12-25T04:28:15.012+0000][350.652s][info][gc,cpu         ] GC(110) User=0.01s Sys=0.00s Real=0.03s
[2025-12-25T04:28:15.178+0000][350.818s][info][gc,start       ] GC(111) Pause Young (Allocation Failure)
[2025-12-25T04:28:15.197+0000][350.837s][info][gc,heap        ] GC(111) DefNew: 84506K(88512K)->4991K(88512K) Eden: 78720K(78720K)->0K(78720K) From: 5786K(9792K)->4991K(9792K)
[2025-12-25T04:28:15.199+0000][350.839s][info][gc,heap        ] GC(111) Tenured: 150019K(196608K)->153594K(196608K)
[2025-12-25T04:28:15.199+0000][350.839s][info][gc,metaspace   ] GC(111) Metaspace: 97526K(98624K)->97526K(98624K) NonClass: 84345K(84864K)->84345K(84864K) Class: 13180K(13760K)->13180K(13760K)
[2025-12-25T04:28:15.199+0000][350.839s][info][gc             ] GC(111) Pause Young (Allocation Failure) 229M->154M(278M) 21.007ms
[2025-12-25T04:28:15.201+0000][350.841s][info][gc,cpu         ] GC(111) User=0.02s Sys=0.01s Real=0.02s
[2025-12-25T04:28:15.316+0000][350.956s][info][gc,start       ] GC(112) Pause Young (Allocation Failure)
[2025-12-25T04:28:15.338+0000][350.978s][info][gc,heap        ] GC(112) DefNew: 83711K(88512K)->3906K(88512K) Eden: 78720K(78720K)->0K(78720K) From: 4991K(9792K)->3906K(9792K)
[2025-12-25T04:28:15.340+0000][350.980s][info][gc,heap        ] GC(112) Tenured: 153594K(196608K)->155955K(196608K)
[2025-12-25T04:28:15.343+0000][350.983s][info][gc,metaspace   ] GC(112) Metaspace: 97532K(98624K)->97532K(98624K) NonClass: 84352K(84864K)->84352K(84864K) Class: 13180K(13760K)->13180K(13760K)
[2025-12-25T04:28:15.346+0000][350.986s][info][gc             ] GC(112) Pause Young (Allocation Failure) 231M->156M(278M) 29.931ms
[2025-12-25T04:28:15.349+0000][350.989s][info][gc,cpu         ] GC(112) User=0.01s Sys=0.01s Real=0.03s
[2025-12-25T04:28:15.776+0000][351.416s][info][gc,start       ] GC(113) Pause Young (Allocation Failure)
[2025-12-25T04:28:15.820+0000][351.460s][info][gc,heap        ] GC(113) DefNew: 82626K(88512K)->2153K(88512K) Eden: 78720K(78720K)->0K(78720K) From: 3906K(9792K)->2153K(9792K)
[2025-12-25T04:28:15.823+0000][351.463s][info][gc,heap        ] GC(113) Tenured: 155955K(196608K)->155955K(196608K)
[2025-12-25T04:28:15.825+0000][351.465s][info][gc,metaspace   ] GC(113) Metaspace: 97532K(98624K)->97532K(98624K) NonClass: 84352K(84864K)->84352K(84864K) Class: 13180K(13760K)->13180K(13760K)
[2025-12-25T04:28:15.827+0000][351.467s][info][gc             ] GC(113) Pause Young (Allocation Failure) 232M->154M(278M) 51.244ms
[2025-12-25T04:28:15.828+0000][351.468s][info][gc,cpu         ] GC(113) User=0.01s Sys=0.01s Real=0.05s
[2025-12-25T04:28:16.015+0000][351.655s][info][gc,start       ] GC(114) Pause Young (Allocation Failure)
[2025-12-25T04:28:16.034+0000][351.674s][info][gc,heap        ] GC(114) DefNew: 80873K(88512K)->4051K(88512K) Eden: 78720K(78720K)->0K(78720K) From: 2153K(9792K)->4051K(9792K)
[2025-12-25T04:28:16.035+0000][351.675s][info][gc,heap        ] GC(114) Tenured: 155955K(196608K)->155955K(196608K)
[2025-12-25T04:28:16.036+0000][351.676s][info][gc,metaspace   ] GC(114) Metaspace: 97533K(98624K)->97533K(98624K) NonClass: 84352K(84864K)->84352K(84864K) Class: 13180K(13760K)->13180K(13760K)
[2025-12-25T04:28:16.039+0000][351.679s][info][gc             ] GC(114) Pause Young (Allocation Failure) 231M->156M(278M) 24.064ms
[2025-12-25T04:28:16.040+0000][351.680s][info][gc,cpu         ] GC(114) User=0.01s Sys=0.00s Real=0.02s
[2025-12-25T04:28:16.206+0000][351.846s][info][gc,start       ] GC(115) Pause Young (Allocation Failure)
[2025-12-25T04:28:16.221+0000][351.861s][info][gc,heap        ] GC(115) DefNew: 82771K(88512K)->2167K(88512K) Eden: 78720K(78720K)->0K(78720K) From: 4051K(9792K)->2167K(9792K)
[2025-12-25T04:28:16.225+0000][351.865s][info][gc,heap        ] GC(115) Tenured: 155955K(196608K)->155955K(196608K)
[2025-12-25T04:28:16.225+0000][351.865s][info][gc,metaspace   ] GC(115) Metaspace: 97567K(98688K)->97567K(98688K) NonClass: 84386K(84928K)->84386K(84928K) Class: 13180K(13760K)->13180K(13760K)
[2025-12-25T04:28:16.225+0000][351.865s][info][gc             ] GC(115) Pause Young (Allocation Failure) 233M->154M(278M) 19.621ms
[2025-12-25T04:28:16.226+0000][351.866s][info][gc,cpu         ] GC(115) User=0.01s Sys=0.00s Real=0.02s
[2025-12-25T04:28:16.431+0000][352.071s][info][gc,start       ] GC(116) Pause Young (Allocation Failure)
[2025-12-25T04:28:16.435+0000][352.075s][info][gc,heap        ] GC(116) DefNew: 80887K(88512K)->2651K(88512K) Eden: 78720K(78720K)->0K(78720K) From: 2167K(9792K)->2651K(9792K)
[2025-12-25T04:28:16.439+0000][352.079s][info][gc,heap        ] GC(116) Tenured: 155955K(196608K)->155955K(196608K)
[2025-12-25T04:28:16.439+0000][352.079s][info][gc,metaspace   ] GC(116) Metaspace: 97574K(98688K)->97574K(98688K) NonClass: 84393K(84928K)->84393K(84928K) Class: 13180K(13760K)->13180K(13760K)
[2025-12-25T04:28:16.439+0000][352.079s][info][gc             ] GC(116) Pause Young (Allocation Failure) 231M->154M(278M) 8.156ms
[2025-12-25T04:28:16.440+0000][352.080s][info][gc,cpu         ] GC(116) User=0.00s Sys=0.00s Real=0.01s
[2025-12-25T04:28:16.543+0000][352.183s][info][gc,start       ] GC(117) Pause Young (Allocation Failure)
[2025-12-25T04:28:16.575+0000][352.215s][info][gc,heap        ] GC(117) DefNew: 81371K(88512K)->5659K(88512K) Eden: 78720K(78720K)->0K(78720K) From: 2651K(9792K)->5659K(9792K)
[2025-12-25T04:28:16.577+0000][352.217s][info][gc,heap        ] GC(117) Tenured: 155955K(196608K)->155955K(196608K)
[2025-12-25T04:28:16.578+0000][352.218s][info][gc,metaspace   ] GC(117) Metaspace: 97574K(98688K)->97574K(98688K) NonClass: 84393K(84928K)->84393K(84928K) Class: 13180K(13760K)->13180K(13760K)
[2025-12-25T04:28:16.578+0000][352.218s][info][gc             ] GC(117) Pause Young (Allocation Failure) 231M->157M(278M) 35.450ms
[2025-12-25T04:28:16.581+0000][352.221s][info][gc,cpu         ] GC(117) User=0.01s Sys=0.00s Real=0.04s
[2025-12-25T04:28:16.774+0000][352.414s][info][gc,start       ] GC(118) Pause Young (Allocation Failure)
[2025-12-25T04:28:16.824+0000][352.464s][info][gc,heap        ] GC(118) DefNew: 84379K(88512K)->4004K(88512K) Eden: 78720K(78720K)->0K(78720K) From: 5659K(9792K)->4004K(9792K)
[2025-12-25T04:28:16.833+0000][352.473s][info][gc,heap        ] GC(118) Tenured: 155955K(196608K)->157092K(196608K)
[2025-12-25T04:28:16.834+0000][352.474s][info][gc,metaspace   ] GC(118) Metaspace: 97574K(98688K)->97574K(98688K) NonClass: 84394K(84928K)->84394K(84928K) Class: 13180K(13760K)->13180K(13760K)
[2025-12-25T04:28:16.835+0000][352.475s][info][gc             ] GC(118) Pause Young (Allocation Failure) 234M->157M(278M) 61.177ms
[2025-12-25T04:28:16.835+0000][352.475s][info][gc,cpu         ] GC(118) User=0.04s Sys=0.00s Real=0.07s
[2025-12-25T04:28:16.933+0000][352.573s][info][gc,start       ] GC(119) Pause Young (Allocation Failure)
[2025-12-25T04:28:16.954+0000][352.594s][info][gc,heap        ] GC(119) DefNew: 82724K(88512K)->7615K(88512K) Eden: 78720K(78720K)->0K(78720K) From: 4004K(9792K)->7615K(9792K)
[2025-12-25T04:28:16.954+0000][352.594s][info][gc,heap        ] GC(119) Tenured: 157092K(196608K)->157092K(196608K)
[2025-12-25T04:28:16.956+0000][352.596s][info][gc,metaspace   ] GC(119) Metaspace: 97574K(98688K)->97574K(98688K) NonClass: 84394K(84928K)->84394K(84928K) Class: 13180K(13760K)->13180K(13760K)
[2025-12-25T04:28:16.956+0000][352.596s][info][gc             ] GC(119) Pause Young (Allocation Failure) 234M->160M(278M) 23.282ms
[2025-12-25T04:28:16.964+0000][352.604s][info][gc,cpu         ] GC(119) User=0.03s Sys=0.00s Real=0.03s
[2025-12-25T04:28:17.104+0000][352.744s][info][gc,start       ] GC(120) Pause Young (Allocation Failure)
[2025-12-25T04:28:17.151+0000][352.791s][info][gc,heap        ] GC(120) DefNew: 86335K(88512K)->3998K(88512K) Eden: 78720K(78720K)->0K(78720K) From: 7615K(9792K)->3998K(9792K)
[2025-12-25T04:28:17.153+0000][352.793s][info][gc,heap        ] GC(120) Tenured: 157092K(196608K)->160248K(196608K)
[2025-12-25T04:28:17.154+0000][352.794s][info][gc,metaspace   ] GC(120) Metaspace: 97575K(98688K)->97575K(98688K) NonClass: 84394K(84928K)->84394K(84928K) Class: 13180K(13760K)->13180K(13760K)
[2025-12-25T04:28:17.155+0000][352.795s][info][gc             ] GC(120) Pause Young (Allocation Failure) 237M->160M(278M) 50.877ms
[2025-12-25T04:28:17.159+0000][352.799s][info][gc,cpu         ] GC(120) User=0.03s Sys=0.01s Real=0.06s
[2025-12-25T04:28:17.397+0000][353.037s][info][gc,start       ] GC(121) Pause Young (Allocation Failure)
[2025-12-25T04:28:17.444+0000][353.084s][info][gc,heap        ] GC(121) DefNew: 82718K(88512K)->5123K(88512K) Eden: 78720K(78720K)->0K(78720K) From: 3998K(9792K)->5123K(9792K)
[2025-12-25T04:28:17.449+0000][353.089s][info][gc,heap        ] GC(121) Tenured: 160248K(196608K)->160248K(196608K)
[2025-12-25T04:28:17.449+0000][353.089s][info][gc,metaspace   ] GC(121) Metaspace: 97661K(98816K)->97661K(98816K) NonClass: 84472K(84992K)->84472K(84992K) Class: 13188K(13824K)->13188K(13824K)
[2025-12-25T04:28:17.450+0000][353.090s][info][gc             ] GC(121) Pause Young (Allocation Failure) 237M->161M(278M) 53.179ms
[2025-12-25T04:28:17.450+0000][353.090s][info][gc,cpu         ] GC(121) User=0.06s Sys=0.00s Real=0.05s
[2025-12-25T04:28:17.603+0000][353.243s][info][gc,start       ] GC(122) Pause Young (Allocation Failure)
[2025-12-25T04:28:17.612+0000][353.252s][info][gc,heap        ] GC(122) DefNew: 83843K(88512K)->4605K(88512K) Eden: 78720K(78720K)->0K(78720K) From: 5123K(9792K)->4605K(9792K)
[2025-12-25T04:28:17.614+0000][353.253s][info][gc,heap        ] GC(122) Tenured: 160248K(196608K)->161701K(196608K)
[2025-12-25T04:28:17.614+0000][353.254s][info][gc,metaspace   ] GC(122) Metaspace: 97661K(98816K)->97661K(98816K) NonClass: 84472K(84992K)->84472K(84992K) Class: 13188K(13824K)->13188K(13824K)
[2025-12-25T04:28:17.616+0000][353.256s][info][gc             ] GC(122) Pause Young (Allocation Failure) 238M->162M(278M) 12.585ms
[2025-12-25T04:28:17.616+0000][353.256s][info][gc,cpu         ] GC(122) User=0.02s Sys=0.00s Real=0.02s
[2025-12-25T04:28:17.713+0000][353.353s][info][gc,start       ] GC(123) Pause Young (Allocation Failure)
[2025-12-25T04:28:17.719+0000][353.359s][info][gc,heap        ] GC(123) DefNew: 83325K(88512K)->3387K(88512K) Eden: 78720K(78720K)->0K(78720K) From: 4605K(9792K)->3387K(9792K)
[2025-12-25T04:28:17.720+0000][353.360s][info][gc,heap        ] GC(123) Tenured: 161701K(196608K)->161701K(196608K)
[2025-12-25T04:28:17.720+0000][353.360s][info][gc,metaspace   ] GC(123) Metaspace: 97661K(98816K)->97661K(98816K) NonClass: 84472K(84992K)->84472K(84992K) Class: 13188K(13824K)->13188K(13824K)
[2025-12-25T04:28:17.721+0000][353.361s][info][gc             ] GC(123) Pause Young (Allocation Failure) 239M->161M(278M) 8.154ms
[2025-12-25T04:28:17.721+0000][353.361s][info][gc,cpu         ] GC(123) User=0.01s Sys=0.00s Real=0.01s
[2025-12-25T04:28:17.816+0000][353.456s][info][gc,start       ] GC(124) Pause Young (Allocation Failure)
[2025-12-25T04:28:17.828+0000][353.467s][info][gc,heap        ] GC(124) DefNew: 82107K(88512K)->7094K(88512K) Eden: 78720K(78720K)->0K(78720K) From: 3387K(9792K)->7094K(9792K)
[2025-12-25T04:28:17.828+0000][353.468s][info][gc,heap        ] GC(124) Tenured: 161701K(196608K)->161701K(196608K)
[2025-12-25T04:28:17.830+0000][353.470s][info][gc,metaspace   ] GC(124) Metaspace: 97661K(98816K)->97661K(98816K) NonClass: 84472K(84992K)->84472K(84992K) Class: 13188K(13824K)->13188K(13824K)
[2025-12-25T04:28:17.831+0000][353.471s][info][gc             ] GC(124) Pause Young (Allocation Failure) 238M->164M(278M) 14.702ms
[2025-12-25T04:28:17.831+0000][353.471s][info][gc,cpu         ] GC(124) User=0.01s Sys=0.00s Real=0.01s
[2025-12-25T04:28:17.936+0000][353.576s][info][gc,start       ] GC(125) Pause Young (Allocation Failure)
[2025-12-25T04:28:17.946+0000][353.586s][info][gc,heap        ] GC(125) DefNew: 85814K(88512K)->3023K(88512K) Eden: 78719K(78720K)->0K(78720K) From: 7094K(9792K)->3023K(9792K)
[2025-12-25T04:28:17.947+0000][353.586s][info][gc,heap        ] GC(125) Tenured: 161701K(196608K)->163788K(196608K)
[2025-12-25T04:28:17.947+0000][353.587s][info][gc,metaspace   ] GC(125) Metaspace: 97672K(98816K)->97672K(98816K) NonClass: 84483K(84992K)->84483K(84992K) Class: 13188K(13824K)->13188K(13824K)
[2025-12-25T04:28:17.948+0000][353.588s][info][gc             ] GC(125) Pause Young (Allocation Failure) 241M->162M(278M) 11.120ms
[2025-12-25T04:28:17.950+0000][353.590s][info][gc,cpu         ] GC(125) User=0.00s Sys=0.00s Real=0.01s
[2025-12-25T04:28:18.055+0000][353.695s][info][gc,start       ] GC(126) Pause Young (Allocation Failure)
[2025-12-25T04:28:18.066+0000][353.706s][info][gc,heap        ] GC(126) DefNew: 81743K(88512K)->3997K(88512K) Eden: 78720K(78720K)->0K(78720K) From: 3023K(9792K)->3997K(9792K)
[2025-12-25T04:28:18.067+0000][353.707s][info][gc,heap        ] GC(126) Tenured: 163788K(196608K)->163788K(196608K)
[2025-12-25T04:28:18.067+0000][353.707s][info][gc,metaspace   ] GC(126) Metaspace: 97672K(98816K)->97672K(98816K) NonClass: 84483K(84992K)->84483K(84992K) Class: 13188K(13824K)->13188K(13824K)
[2025-12-25T04:28:18.068+0000][353.708s][info][gc             ] GC(126) Pause Young (Allocation Failure) 239M->163M(278M) 13.228ms
[2025-12-25T04:28:18.068+0000][353.708s][info][gc,cpu         ] GC(126) User=0.02s Sys=0.00s Real=0.01s
[2025-12-25T04:28:18.144+0000][353.784s][info][gc,start       ] GC(127) Pause Young (Allocation Failure)
[2025-12-25T04:28:18.151+0000][353.791s][info][gc,heap        ] GC(127) DefNew: 82717K(88512K)->5383K(88512K) Eden: 78720K(78720K)->0K(78720K) From: 3997K(9792K)->5383K(9792K)
[2025-12-25T04:28:18.152+0000][353.792s][info][gc,heap        ] GC(127) Tenured: 163788K(196608K)->163788K(196608K)
[2025-12-25T04:28:18.152+0000][353.792s][info][gc,metaspace   ] GC(127) Metaspace: 97672K(98816K)->97672K(98816K) NonClass: 84483K(84992K)->84483K(84992K) Class: 13188K(13824K)->13188K(13824K)
[2025-12-25T04:28:18.153+0000][353.793s][info][gc             ] GC(127) Pause Young (Allocation Failure) 240M->165M(278M) 8.541ms
[2025-12-25T04:28:18.153+0000][353.793s][info][gc,cpu         ] GC(127) User=0.01s Sys=0.00s Real=0.01s
[2025-12-25T04:28:18.263+0000][353.903s][info][gc,start       ] GC(128) Pause Young (Allocation Failure)
[2025-12-25T04:28:18.276+0000][353.916s][info][gc,heap        ] GC(128) DefNew: 84103K(88512K)->6670K(88512K) Eden: 78720K(78720K)->0K(78720K) From: 5383K(9792K)->6670K(9792K)
[2025-12-25T04:28:18.277+0000][353.917s][info][gc,heap        ] GC(128) Tenured: 163788K(196608K)->164053K(196608K)
[2025-12-25T04:28:18.277+0000][353.917s][info][gc,metaspace   ] GC(128) Metaspace: 97673K(98816K)->97673K(98816K) NonClass: 84485K(84992K)->84485K(84992K) Class: 13188K(13824K)->13188K(13824K)
[2025-12-25T04:28:18.277+0000][353.917s][info][gc             ] GC(128) Pause Young (Allocation Failure) 242M->166M(278M) 13.435ms
[2025-12-25T04:28:18.277+0000][353.917s][info][gc,cpu         ] GC(128) User=0.01s Sys=0.00s Real=0.02s
[2025-12-25T04:28:18.358+0000][353.998s][info][gc,start       ] GC(129) Pause Young (Allocation Failure)
[2025-12-25T04:28:18.369+0000][354.009s][info][gc,heap        ] GC(129) DefNew: 85390K(88512K)->4372K(88512K) Eden: 78720K(78720K)->0K(78720K) From: 6670K(9792K)->4372K(9792K)
[2025-12-25T04:28:18.369+0000][354.009s][info][gc,heap        ] GC(129) Tenured: 164053K(196608K)->168217K(196608K)
[2025-12-25T04:28:18.370+0000][354.010s][info][gc,metaspace   ] GC(129) Metaspace: 97675K(98816K)->97675K(98816K) NonClass: 84486K(84992K)->84486K(84992K) Class: 13188K(13824K)->13188K(13824K)
[2025-12-25T04:28:18.371+0000][354.011s][info][gc             ] GC(129) Pause Young (Allocation Failure) 243M->168M(278M) 12.982ms
[2025-12-25T04:28:18.371+0000][354.011s][info][gc,cpu         ] GC(129) User=0.01s Sys=0.00s Real=0.01s
[2025-12-25T04:28:18.443+0000][354.083s][info][gc,start       ] GC(130) Pause Young (Allocation Failure)
[2025-12-25T04:28:18.452+0000][354.092s][info][gc,heap        ] GC(130) DefNew: 83092K(88512K)->4566K(88512K) Eden: 78719K(78720K)->0K(78720K) From: 4372K(9792K)->4566K(9792K)
[2025-12-25T04:28:18.452+0000][354.092s][info][gc,heap        ] GC(130) Tenured: 168217K(196608K)->168217K(196608K)
[2025-12-25T04:28:18.453+0000][354.093s][info][gc,metaspace   ] GC(130) Metaspace: 97675K(98816K)->97675K(98816K) NonClass: 84486K(84992K)->84486K(84992K) Class: 13188K(13824K)->13188K(13824K)
[2025-12-25T04:28:18.453+0000][354.093s][info][gc             ] GC(130) Pause Young (Allocation Failure) 245M->168M(278M) 9.625ms
[2025-12-25T04:28:18.454+0000][354.094s][info][gc,cpu         ] GC(130) User=0.01s Sys=0.00s Real=0.01s
[2025-12-25T04:28:18.541+0000][354.181s][info][gc,start       ] GC(131) Pause Young (Allocation Failure)
[2025-12-25T04:28:18.548+0000][354.188s][info][gc,heap        ] GC(131) DefNew: 83286K(88512K)->6416K(88512K) Eden: 78720K(78720K)->0K(78720K) From: 4566K(9792K)->6416K(9792K)
[2025-12-25T04:28:18.550+0000][354.190s][info][gc,heap        ] GC(131) Tenured: 168217K(196608K)->168217K(196608K)
[2025-12-25T04:28:18.551+0000][354.191s][info][gc,metaspace   ] GC(131) Metaspace: 97681K(98816K)->97681K(98816K) NonClass: 84493K(84992K)->84493K(84992K) Class: 13188K(13824K)->13188K(13824K)
[2025-12-25T04:28:18.551+0000][354.191s][info][gc             ] GC(131) Pause Young (Allocation Failure) 245M->170M(278M) 10.515ms
[2025-12-25T04:28:18.552+0000][354.192s][info][gc,cpu         ] GC(131) User=0.01s Sys=0.00s Real=0.01s
[2025-12-25T04:28:18.689+0000][354.329s][info][gc,start       ] GC(132) Pause Young (Allocation Failure)
[2025-12-25T04:28:18.696+0000][354.336s][info][gc,heap        ] GC(132) DefNew: 85136K(88512K)->4021K(88512K) Eden: 78720K(78720K)->0K(78720K) From: 6416K(9792K)->4021K(9792K)
[2025-12-25T04:28:18.697+0000][354.337s][info][gc,heap        ] GC(132) Tenured: 168217K(196608K)->170092K(196608K)
[2025-12-25T04:28:18.698+0000][354.338s][info][gc,metaspace   ] GC(132) Metaspace: 97796K(98944K)->97796K(98944K) NonClass: 84607K(85120K)->84607K(85120K) Class: 13188K(13824K)->13188K(13824K)
[2025-12-25T04:28:18.699+0000][354.339s][info][gc             ] GC(132) Pause Young (Allocation Failure) 247M->170M(278M) 9.684ms
[2025-12-25T04:28:18.699+0000][354.339s][info][gc,cpu         ] GC(132) User=0.00s Sys=0.00s Real=0.01s
[2025-12-25T04:28:18.746+0000][354.386s][info][gc,start       ] GC(133) Pause Young (Allocation Failure)
[2025-12-25T04:28:18.750+0000][354.390s][info][gc,heap        ] GC(133) DefNew: 82741K(88512K)->4507K(88512K) Eden: 78720K(78720K)->0K(78720K) From: 4021K(9792K)->4507K(9792K)
[2025-12-25T04:28:18.750+0000][354.390s][info][gc,heap        ] GC(133) Tenured: 170092K(196608K)->170092K(196608K)
[2025-12-25T04:28:18.750+0000][354.390s][info][gc,metaspace   ] GC(133) Metaspace: 97796K(98944K)->97796K(98944K) NonClass: 84607K(85120K)->84607K(85120K) Class: 13188K(13824K)->13188K(13824K)
[2025-12-25T04:28:18.750+0000][354.390s][info][gc             ] GC(133) Pause Young (Allocation Failure) 246M->170M(278M) 4.573ms
[2025-12-25T04:28:18.750+0000][354.390s][info][gc,cpu         ] GC(133) User=0.01s Sys=0.00s Real=0.00s
[2025-12-25T04:28:18.796+0000][354.436s][info][gc,start       ] GC(134) Pause Young (Allocation Failure)
[2025-12-25T04:28:18.803+0000][354.443s][info][gc,heap        ] GC(134) DefNew: 83227K(88512K)->6319K(88512K) Eden: 78720K(78720K)->0K(78720K) From: 4507K(9792K)->6319K(9792K)
[2025-12-25T04:28:18.803+0000][354.443s][info][gc,heap        ] GC(134) Tenured: 170092K(196608K)->170092K(196608K)
[2025-12-25T04:28:18.804+0000][354.443s][info][gc,metaspace   ] GC(134) Metaspace: 97797K(98944K)->97797K(98944K) NonClass: 84608K(85120K)->84608K(85120K) Class: 13188K(13824K)->13188K(13824K)
[2025-12-25T04:28:18.804+0000][354.444s][info][gc             ] GC(134) Pause Young (Allocation Failure) 247M->172M(278M) 7.665ms
[2025-12-25T04:28:18.804+0000][354.444s][info][gc,cpu         ] GC(134) User=0.01s Sys=0.00s Real=0.00s
[2025-12-25T04:28:18.849+0000][354.489s][info][gc,start       ] GC(135) Pause Young (Allocation Failure)
[2025-12-25T04:28:18.862+0000][354.502s][info][gc,heap        ] GC(135) DefNew: 85039K(88512K)->7707K(88512K) Eden: 78720K(78720K)->0K(78720K) From: 6319K(9792K)->7707K(9792K)
[2025-12-25T04:28:18.863+0000][354.503s][info][gc,heap        ] GC(135) Tenured: 170092K(196608K)->171608K(196608K)
[2025-12-25T04:28:18.864+0000][354.504s][info][gc,metaspace   ] GC(135) Metaspace: 97797K(98944K)->97797K(98944K) NonClass: 84608K(85120K)->84608K(85120K) Class: 13188K(13824K)->13188K(13824K)
[2025-12-25T04:28:18.865+0000][354.505s][info][gc             ] GC(135) Pause Young (Allocation Failure) 249M->175M(278M) 16.139ms
[2025-12-25T04:28:18.867+0000][354.507s][info][gc,cpu         ] GC(135) User=0.01s Sys=0.01s Real=0.02s
[2025-12-25T04:28:18.920+0000][354.560s][info][gc,start       ] GC(136) Pause Young (Allocation Failure)
[2025-12-25T04:28:18.931+0000][354.571s][info][gc,heap        ] GC(136) DefNew: 86427K(88512K)->7461K(88512K) Eden: 78720K(78720K)->0K(78720K) From: 7707K(9792K)->7461K(9792K)
[2025-12-25T04:28:18.932+0000][354.572s][info][gc,heap        ] GC(136) Tenured: 171608K(196608K)->175074K(196608K)
[2025-12-25T04:28:18.932+0000][354.572s][info][gc,metaspace   ] GC(136) Metaspace: 97798K(98944K)->97798K(98944K) NonClass: 84610K(85120K)->84610K(85120K) Class: 13188K(13824K)->13188K(13824K)
[2025-12-25T04:28:18.932+0000][354.572s][info][gc             ] GC(136) Pause Young (Allocation Failure) 251M->178M(278M) 11.829ms
[2025-12-25T04:28:18.932+0000][354.572s][info][gc,cpu         ] GC(136) User=0.02s Sys=0.00s Real=0.01s
[2025-12-25T04:28:18.976+0000][354.616s][info][gc,start       ] GC(137) Pause Young (Allocation Failure)
[2025-12-25T04:28:18.984+0000][354.624s][info][gc,heap        ] GC(137) DefNew: 86181K(88512K)->4725K(88512K) Eden: 78720K(78720K)->0K(78720K) From: 7461K(9792K)->4725K(9792K)
[2025-12-25T04:28:18.984+0000][354.624s][info][gc,heap        ] GC(137) Tenured: 175074K(196608K)->178745K(196608K)
[2025-12-25T04:28:18.984+0000][354.624s][info][gc,metaspace   ] GC(137) Metaspace: 97799K(98944K)->97799K(98944K) NonClass: 84610K(85120K)->84610K(85120K) Class: 13188K(13824K)->13188K(13824K)
[2025-12-25T04:28:18.985+0000][354.625s][info][gc             ] GC(137) Pause Young (Allocation Failure) 255M->179M(278M) 8.511ms
[2025-12-25T04:28:18.985+0000][354.625s][info][gc,cpu         ] GC(137) User=0.00s Sys=0.00s Real=0.01s
[2025-12-25T04:28:19.059+0000][354.699s][info][gc,start       ] GC(138) Pause Young (Allocation Failure)
[2025-12-25T04:28:19.070+0000][354.710s][info][gc,heap        ] GC(138) DefNew: 83445K(88512K)->6782K(88512K) Eden: 78720K(78720K)->0K(78720K) From: 4725K(9792K)->6782K(9792K)
[2025-12-25T04:28:19.071+0000][354.711s][info][gc,heap        ] GC(138) Tenured: 178745K(196608K)->178745K(196608K)
[2025-12-25T04:28:19.071+0000][354.711s][info][gc,metaspace   ] GC(138) Metaspace: 97799K(98944K)->97799K(98944K) NonClass: 84610K(85120K)->84610K(85120K) Class: 13188K(13824K)->13188K(13824K)
[2025-12-25T04:28:19.071+0000][354.711s][info][gc             ] GC(138) Pause Young (Allocation Failure) 256M->181M(278M) 12.430ms
[2025-12-25T04:28:19.072+0000][354.712s][info][gc,cpu         ] GC(138) User=0.03s Sys=0.00s Real=0.01s
[2025-12-25T04:28:19.136+0000][354.776s][info][gc,start       ] GC(139) Pause Young (Allocation Failure)
[2025-12-25T04:28:19.146+0000][354.786s][info][gc,heap        ] GC(139) DefNew: 85502K(88512K)->3363K(88512K) Eden: 78720K(78720K)->0K(78720K) From: 6782K(9792K)->3363K(9792K)
[2025-12-25T04:28:19.146+0000][354.786s][info][gc,heap        ] GC(139) Tenured: 178745K(196608K)->181328K(196608K)
[2025-12-25T04:28:19.146+0000][354.786s][info][gc,metaspace   ] GC(139) Metaspace: 97800K(98944K)->97800K(98944K) NonClass: 84610K(85120K)->84610K(85120K) Class: 13189K(13824K)->13189K(13824K)
[2025-12-25T04:28:19.146+0000][354.786s][info][gc             ] GC(139) Pause Young (Allocation Failure) 258M->180M(278M) 10.895ms
[2025-12-25T04:28:19.147+0000][354.787s][info][gc,cpu         ] GC(139) User=0.01s Sys=0.01s Real=0.01s
[2025-12-25T04:28:19.332+0000][354.972s][info][gc,start       ] GC(140) Pause Young (Allocation Failure)
[2025-12-25T04:28:19.383+0000][355.023s][info][gc,heap        ] GC(140) DefNew: 82083K(88512K)->5939K(88512K) Eden: 78720K(78720K)->0K(78720K) From: 3363K(9792K)->5939K(9792K)
[2025-12-25T04:28:19.384+0000][355.024s][info][gc,heap        ] GC(140) Tenured: 181328K(196608K)->181328K(196608K)
[2025-12-25T04:28:19.385+0000][355.025s][info][gc,metaspace   ] GC(140) Metaspace: 97800K(98944K)->97800K(98944K) NonClass: 84611K(85120K)->84611K(85120K) Class: 13189K(13824K)->13189K(13824K)
[2025-12-25T04:28:19.385+0000][355.025s][info][gc             ] GC(140) Pause Young (Allocation Failure) 257M->182M(278M) 53.316ms
[2025-12-25T04:28:19.386+0000][355.026s][info][gc,cpu         ] GC(140) User=0.07s Sys=0.00s Real=0.06s
[2025-12-25T04:28:19.752+0000][355.392s][info][gc,start       ] GC(141) Pause Young (Allocation Failure)
[2025-12-25T04:28:19.796+0000][355.436s][info][gc,heap        ] GC(141) DefNew: 84659K(88512K)->4276K(88512K) Eden: 78720K(78720K)->0K(78720K) From: 5939K(9792K)->4276K(9792K)
[2025-12-25T04:28:19.799+0000][355.439s][info][gc,heap        ] GC(141) Tenured: 181328K(196608K)->183718K(196608K)
[2025-12-25T04:28:19.802+0000][355.442s][info][gc,metaspace   ] GC(141) Metaspace: 97800K(98944K)->97800K(98944K) NonClass: 84611K(85120K)->84611K(85120K) Class: 13189K(13824K)->13189K(13824K)
[2025-12-25T04:28:19.805+0000][355.445s][info][gc             ] GC(141) Pause Young (Allocation Failure) 259M->183M(278M) 53.688ms
[2025-12-25T04:28:19.806+0000][355.446s][info][gc,cpu         ] GC(141) User=0.03s Sys=0.00s Real=0.06s
[2025-12-25T04:28:19.946+0000][355.586s][info][gc,start       ] GC(142) Pause Young (Allocation Failure)
[2025-12-25T04:28:19.972+0000][355.612s][info][gc,heap        ] GC(142) DefNew: 82996K(88512K)->8304K(88512K) Eden: 78720K(78720K)->0K(78720K) From: 4276K(9792K)->8304K(9792K)
[2025-12-25T04:28:19.973+0000][355.613s][info][gc,heap        ] GC(142) Tenured: 183718K(196608K)->183718K(196608K)
[2025-12-25T04:28:19.973+0000][355.613s][info][gc,metaspace   ] GC(142) Metaspace: 97801K(98944K)->97801K(98944K) NonClass: 84612K(85120K)->84612K(85120K) Class: 13189K(13824K)->13189K(13824K)
[2025-12-25T04:28:19.973+0000][355.613s][info][gc             ] GC(142) Pause Young (Allocation Failure) 260M->187M(278M) 27.717ms
[2025-12-25T04:28:19.974+0000][355.614s][info][gc,cpu         ] GC(142) User=0.04s Sys=0.00s Real=0.02s
[2025-12-25T04:28:20.059+0000][355.699s][info][gc,start       ] GC(143) Pause Young (Allocation Failure)
[2025-12-25T04:28:20.081+0000][355.721s][info][gc,heap        ] GC(143) DefNew: 87024K(88512K)->5331K(88512K) Eden: 78720K(78720K)->0K(78720K) From: 8304K(9792K)->5331K(9792K)
[2025-12-25T04:28:20.081+0000][355.721s][info][gc,heap        ] GC(143) Tenured: 183718K(196608K)->187379K(196608K)
[2025-12-25T04:28:20.081+0000][355.721s][info][gc,metaspace   ] GC(143) Metaspace: 97801K(98944K)->97801K(98944K) NonClass: 84612K(85120K)->84612K(85120K) Class: 13189K(13824K)->13189K(13824K)
[2025-12-25T04:28:20.081+0000][355.721s][info][gc             ] GC(143) Pause Young (Allocation Failure) 264M->188M(278M) 21.993ms
[2025-12-25T04:28:20.081+0000][355.721s][info][gc,cpu         ] GC(143) User=0.01s Sys=0.01s Real=0.02s
[2025-12-25T04:28:20.140+0000][355.780s][info][gc,start       ] GC(144) Pause Young (Allocation Failure)
[2025-12-25T04:28:20.148+0000][355.788s][info][gc,heap        ] GC(144) DefNew: 84051K(88512K)->6009K(88512K) Eden: 78720K(78720K)->0K(78720K) From: 5331K(9792K)->6009K(9792K)
[2025-12-25T04:28:20.148+0000][355.788s][info][gc,heap        ] GC(144) Tenured: 187379K(196608K)->188188K(196608K)
[2025-12-25T04:28:20.148+0000][355.788s][info][gc,metaspace   ] GC(144) Metaspace: 97801K(98944K)->97801K(98944K) NonClass: 84612K(85120K)->84612K(85120K) Class: 13189K(13824K)->13189K(13824K)
[2025-12-25T04:28:20.148+0000][355.788s][info][gc             ] GC(144) Pause Young (Allocation Failure) 265M->189M(278M) 8.069ms
[2025-12-25T04:28:20.148+0000][355.788s][info][gc,cpu         ] GC(144) User=0.01s Sys=0.00s Real=0.01s
[2025-12-25T04:28:20.202+0000][355.842s][info][gc,start       ] GC(145) Pause Young (Allocation Failure)
[2025-12-25T04:28:20.213+0000][355.853s][info][gc,heap        ] GC(145) DefNew: 84710K(88512K)->4120K(88512K) Eden: 78700K(78720K)->0K(78720K) From: 6009K(9792K)->4120K(9792K)
[2025-12-25T04:28:20.213+0000][355.853s][info][gc,heap        ] GC(145) Tenured: 188188K(196608K)->189471K(196608K)
[2025-12-25T04:28:20.213+0000][355.853s][info][gc,metaspace   ] GC(145) Metaspace: 97801K(98944K)->97801K(98944K) NonClass: 84612K(85120K)->84612K(85120K) Class: 13189K(13824K)->13189K(13824K)
[2025-12-25T04:28:20.214+0000][355.854s][info][gc             ] GC(145) Pause Young (Allocation Failure) 266M->189M(278M) 11.219ms
[2025-12-25T04:28:20.214+0000][355.854s][info][gc,cpu         ] GC(145) User=0.02s Sys=0.01s Real=0.01s
[2025-12-25T04:28:20.297+0000][355.937s][info][gc,start       ] GC(146) Pause Young (Allocation Failure)
[2025-12-25T04:28:20.302+0000][355.942s][info][gc,heap        ] GC(146) DefNew: 82840K(88512K)->3898K(88512K) Eden: 78720K(78720K)->0K(78720K) From: 4120K(9792K)->3898K(9792K)
[2025-12-25T04:28:20.302+0000][355.942s][info][gc,heap        ] GC(146) Tenured: 189471K(196608K)->189471K(196608K)
[2025-12-25T04:28:20.302+0000][355.942s][info][gc,metaspace   ] GC(146) Metaspace: 97801K(98944K)->97801K(98944K) NonClass: 84612K(85120K)->84612K(85120K) Class: 13189K(13824K)->13189K(13824K)
[2025-12-25T04:28:20.302+0000][355.942s][info][gc             ] GC(146) Pause Young (Allocation Failure) 265M->188M(278M) 4.820ms
[2025-12-25T04:28:20.302+0000][355.942s][info][gc,cpu         ] GC(146) User=0.01s Sys=0.00s Real=0.00s
[2025-12-25T04:28:20.387+0000][356.027s][info][gc,start       ] GC(147) Pause Young (Allocation Failure)
[2025-12-25T04:28:20.394+0000][356.034s][info][gc,heap        ] GC(147) DefNew: 82618K(88512K)->3218K(88512K) Eden: 78720K(78720K)->0K(78720K) From: 3898K(9792K)->3218K(9792K)
[2025-12-25T04:28:20.395+0000][356.035s][info][gc,heap        ] GC(147) Tenured: 189471K(196608K)->189471K(196608K)
[2025-12-25T04:28:20.395+0000][356.035s][info][gc,metaspace   ] GC(147) Metaspace: 97801K(98944K)->97801K(98944K) NonClass: 84612K(85120K)->84612K(85120K) Class: 13189K(13824K)->13189K(13824K)
[2025-12-25T04:28:20.395+0000][356.035s][info][gc             ] GC(147) Pause Young (Allocation Failure) 265M->188M(278M) 7.796ms
[2025-12-25T04:28:20.395+0000][356.035s][info][gc,cpu         ] GC(147) User=0.01s Sys=0.00s Real=0.01s
[2025-12-25T04:28:20.471+0000][356.111s][info][gc,start       ] GC(148) Pause Young (Allocation Failure)
[2025-12-25T04:28:20.477+0000][356.117s][info][gc,heap        ] GC(148) DefNew: 81938K(88512K)->4099K(88512K) Eden: 78720K(78720K)->0K(78720K) From: 3218K(9792K)->4099K(9792K)
[2025-12-25T04:28:20.478+0000][356.118s][info][gc,heap        ] GC(148) Tenured: 189471K(196608K)->189471K(196608K)
[2025-12-25T04:28:20.478+0000][356.118s][info][gc,metaspace   ] GC(148) Metaspace: 97801K(98944K)->97801K(98944K) NonClass: 84612K(85120K)->84612K(85120K) Class: 13189K(13824K)->13189K(13824K)
[2025-12-25T04:28:20.478+0000][356.118s][info][gc             ] GC(148) Pause Young (Allocation Failure) 265M->189M(278M) 6.476ms
[2025-12-25T04:28:20.478+0000][356.118s][info][gc,cpu         ] GC(148) User=0.01s Sys=0.00s Real=0.01s
[2025-12-25T04:28:20.544+0000][356.184s][info][gc,start       ] GC(149) Pause Young (Allocation Failure)
[2025-12-25T04:28:20.560+0000][356.200s][info][gc,heap        ] GC(149) DefNew: 82819K(88512K)->6342K(88512K) Eden: 78720K(78720K)->0K(78720K) From: 4099K(9792K)->6342K(9792K)
[2025-12-25T04:28:20.561+0000][356.201s][info][gc,heap        ] GC(149) Tenured: 189471K(196608K)->189471K(196608K)
[2025-12-25T04:28:20.561+0000][356.201s][info][gc,metaspace   ] GC(149) Metaspace: 97801K(98944K)->97801K(98944K) NonClass: 84612K(85120K)->84612K(85120K) Class: 13189K(13824K)->13189K(13824K)
[2025-12-25T04:28:20.562+0000][356.202s][info][gc             ] GC(149) Pause Young (Allocation Failure) 265M->191M(278M) 18.106ms
[2025-12-25T04:28:20.562+0000][356.202s][info][gc,cpu         ] GC(149) User=0.01s Sys=0.00s Real=0.02s
[2025-12-25T04:28:20.629+0000][356.269s][info][gc,start       ] GC(150) Pause Young (Allocation Failure)
[2025-12-25T04:28:20.637+0000][356.277s][info][gc,heap        ] GC(150) DefNew: 85061K(88512K)->5018K(88512K) Eden: 78719K(78720K)->0K(78720K) From: 6342K(9792K)->5018K(9792K)
[2025-12-25T04:28:20.637+0000][356.277s][info][gc,heap        ] GC(150) Tenured: 189471K(196608K)->191153K(196608K)
[2025-12-25T04:28:20.637+0000][356.277s][info][gc,metaspace   ] GC(150) Metaspace: 97808K(98944K)->97808K(98944K) NonClass: 84618K(85120K)->84618K(85120K) Class: 13189K(13824K)->13189K(13824K)
[2025-12-25T04:28:20.637+0000][356.277s][info][gc             ] GC(150) Pause Young (Allocation Failure) 268M->191M(278M) 8.660ms
[2025-12-25T04:28:20.638+0000][356.277s][info][gc,cpu         ] GC(150) User=0.01s Sys=0.00s Real=0.01s
[2025-12-25T04:28:20.707+0000][356.347s][info][gc,start       ] GC(151) Pause Young (Allocation Failure)
[2025-12-25T04:28:20.712+0000][356.352s][info][gc,heap        ] GC(151) DefNew: 83738K(88512K)->2340K(88512K) Eden: 78720K(78720K)->0K(78720K) From: 5018K(9792K)->2340K(9792K)
[2025-12-25T04:28:20.712+0000][356.352s][info][gc,heap        ] GC(151) Tenured: 191153K(196608K)->192574K(196608K)
[2025-12-25T04:28:20.712+0000][356.352s][info][gc,metaspace   ] GC(151) Metaspace: 97808K(98944K)->97808K(98944K) NonClass: 84618K(85120K)->84618K(85120K) Class: 13189K(13824K)->13189K(13824K)
[2025-12-25T04:28:20.712+0000][356.352s][info][gc             ] GC(151) Pause Young (Allocation Failure) 268M->190M(278M) 5.927ms
[2025-12-25T04:28:20.713+0000][356.353s][info][gc,cpu         ] GC(151) User=0.01s Sys=0.00s Real=0.00s
[2025-12-25T04:28:20.769+0000][356.409s][info][gc,start       ] GC(152) Pause Young (Allocation Failure)
[2025-12-25T04:28:20.770+0000][356.410s][info][gc             ] GC(152) Pause Young (Allocation Failure) 267M->267M(278M) 1.029ms
[2025-12-25T04:28:20.771+0000][356.411s][info][gc,cpu         ] GC(152) User=0.00s Sys=0.00s Real=0.00s
[2025-12-25T04:28:20.772+0000][356.412s][info][gc,start       ] GC(153) Pause Full (Allocation Failure)
[2025-12-25T04:28:20.772+0000][356.412s][info][gc,phases,start] GC(153) Phase 1: Mark live objects
[2025-12-25T04:28:20.922+0000][356.562s][info][gc,phases      ] GC(153) Phase 1: Mark live objects 150.046ms
[2025-12-25T04:28:20.922+0000][356.562s][info][gc,phases,start] GC(153) Phase 2: Compute new object addresses
[2025-12-25T04:28:20.984+0000][356.624s][info][gc,phases      ] GC(153) Phase 2: Compute new object addresses 62.229ms
[2025-12-25T04:28:20.985+0000][356.625s][info][gc,phases,start] GC(153) Phase 3: Adjust pointers
[2025-12-25T04:28:21.013+0000][356.653s][info][gc,phases      ] GC(153) Phase 3: Adjust pointers 28.216ms
[2025-12-25T04:28:21.013+0000][356.653s][info][gc,phases,start] GC(153) Phase 4: Move objects
[2025-12-25T04:28:21.077+0000][356.717s][info][gc,phases      ] GC(153) Phase 4: Move objects 63.674ms
[2025-12-25T04:28:21.086+0000][356.726s][info][gc,heap        ] GC(153) DefNew: 81060K(88512K)->0K(88512K) Eden: 78720K(78720K)->0K(78720K) From: 2340K(9792K)->0K(9792K)
[2025-12-25T04:28:21.086+0000][356.726s][info][gc,heap        ] GC(153) Tenured: 192574K(196608K)->98066K(196608K)
[2025-12-25T04:28:21.086+0000][356.726s][info][gc,metaspace   ] GC(153) Metaspace: 97808K(98944K)->96752K(98944K) NonClass: 84618K(85120K)->83755K(85120K) Class: 13189K(13824K)->12997K(13824K)
[2025-12-25T04:28:21.086+0000][356.726s][info][gc             ] GC(153) Pause Full (Allocation Failure) 267M->95M(278M) 314.703ms
[2025-12-25T04:28:21.087+0000][356.727s][info][gc,cpu         ] GC(153) User=0.32s Sys=0.00s Real=0.32s
[2025-12-25T04:28:21.162+0000][356.802s][info][gc,start       ] GC(154) Pause Young (Allocation Failure)
[2025-12-25T04:28:21.169+0000][356.809s][info][gc,heap        ] GC(154) DefNew: 78720K(88512K)->2959K(88512K) Eden: 78720K(78720K)->0K(78720K) From: 0K(9792K)->2959K(9792K)
[2025-12-25T04:28:21.171+0000][356.811s][info][gc,heap        ] GC(154) Tenured: 98066K(196608K)->98066K(196608K)
[2025-12-25T04:28:21.172+0000][356.812s][info][gc,metaspace   ] GC(154) Metaspace: 96752K(98944K)->96752K(98944K) NonClass: 83755K(85120K)->83755K(85120K) Class: 12997K(13824K)->12997K(13824K)
[2025-12-25T04:28:21.172+0000][356.812s][info][gc             ] GC(154) Pause Young (Allocation Failure) 172M->98M(278M) 9.909ms
[2025-12-25T04:28:21.172+0000][356.812s][info][gc,cpu         ] GC(154) User=0.01s Sys=0.00s Real=0.01s
[2025-12-25T04:28:21.219+0000][356.859s][info][gc,start       ] GC(155) Pause Young (Allocation Failure)
[2025-12-25T04:28:21.223+0000][356.863s][info][gc,heap        ] GC(155) DefNew: 81679K(88512K)->3143K(88512K) Eden: 78720K(78720K)->0K(78720K) From: 2959K(9792K)->3143K(9792K)
[2025-12-25T04:28:21.224+0000][356.864s][info][gc,heap        ] GC(155) Tenured: 98066K(196608K)->98066K(196608K)
[2025-12-25T04:28:21.224+0000][356.864s][info][gc,metaspace   ] GC(155) Metaspace: 96752K(98944K)->96752K(98944K) NonClass: 83755K(85120K)->83755K(85120K) Class: 12997K(13824K)->12997K(13824K)
[2025-12-25T04:28:21.224+0000][356.864s][info][gc             ] GC(155) Pause Young (Allocation Failure) 175M->98M(278M) 4.332ms
[2025-12-25T04:28:21.224+0000][356.864s][info][gc,cpu         ] GC(155) User=0.01s Sys=0.00s Real=0.00s
[2025-12-25T04:28:21.311+0000][356.951s][info][gc,start       ] GC(156) Pause Young (Allocation Failure)
[2025-12-25T04:28:21.316+0000][356.956s][info][gc,heap        ] GC(156) DefNew: 81863K(88512K)->4075K(88512K) Eden: 78720K(78720K)->0K(78720K) From: 3143K(9792K)->4075K(9792K)
[2025-12-25T04:28:21.316+0000][356.956s][info][gc,heap        ] GC(156) Tenured: 98066K(196608K)->98066K(196608K)
[2025-12-25T04:28:21.316+0000][356.956s][info][gc,metaspace   ] GC(156) Metaspace: 96752K(98944K)->96752K(98944K) NonClass: 83755K(85120K)->83755K(85120K) Class: 12997K(13824K)->12997K(13824K)
[2025-12-25T04:28:21.316+0000][356.956s][info][gc             ] GC(156) Pause Young (Allocation Failure) 175M->99M(278M) 5.758ms
[2025-12-25T04:28:21.317+0000][356.957s][info][gc,cpu         ] GC(156) User=0.01s Sys=0.00s Real=0.01s
[2025-12-25T04:28:21.394+0000][357.034s][info][gc,start       ] GC(157) Pause Young (Allocation Failure)
[2025-12-25T04:28:21.398+0000][357.038s][info][gc,heap        ] GC(157) DefNew: 82795K(88512K)->4193K(88512K) Eden: 78720K(78720K)->0K(78720K) From: 4075K(9792K)->4193K(9792K)
[2025-12-25T04:28:21.398+0000][357.038s][info][gc,heap        ] GC(157) Tenured: 98066K(196608K)->98066K(196608K)
[2025-12-25T04:28:21.399+0000][357.038s][info][gc,metaspace   ] GC(157) Metaspace: 96752K(98944K)->96752K(98944K) NonClass: 83755K(85120K)->83755K(85120K) Class: 12997K(13824K)->12997K(13824K)
[2025-12-25T04:28:21.399+0000][357.039s][info][gc             ] GC(157) Pause Young (Allocation Failure) 176M->99M(278M) 4.941ms
[2025-12-25T04:28:21.399+0000][357.039s][info][gc,cpu         ] GC(157) User=0.00s Sys=0.00s Real=0.01s
[2025-12-25T04:28:21.447+0000][357.087s][info][gc,start       ] GC(158) Pause Young (Allocation Failure)
[2025-12-25T04:28:21.451+0000][357.091s][info][gc,heap        ] GC(158) DefNew: 82913K(88512K)->5308K(88512K) Eden: 78720K(78720K)->0K(78720K) From: 4193K(9792K)->5308K(9792K)
[2025-12-25T04:28:21.451+0000][357.091s][info][gc,heap        ] GC(158) Tenured: 98066K(196608K)->98066K(196608K)
[2025-12-25T04:28:21.452+0000][357.092s][info][gc,metaspace   ] GC(158) Metaspace: 96752K(98944K)->96752K(98944K) NonClass: 83755K(85120K)->83755K(85120K) Class: 12997K(13824K)->12997K(13824K)
[2025-12-25T04:28:21.452+0000][357.092s][info][gc             ] GC(158) Pause Young (Allocation Failure) 176M->100M(278M) 5.065ms
[2025-12-25T04:28:21.452+0000][357.092s][info][gc,cpu         ] GC(158) User=0.01s Sys=0.00s Real=0.00s
[2025-12-25T04:28:21.498+0000][357.138s][info][gc,start       ] GC(159) Pause Young (Allocation Failure)
[2025-12-25T04:28:21.506+0000][357.146s][info][gc,heap        ] GC(159) DefNew: 84028K(88512K)->4375K(88512K) Eden: 78720K(78720K)->0K(78720K) From: 5308K(9792K)->4375K(9792K)
[2025-12-25T04:28:21.507+0000][357.147s][info][gc,heap        ] GC(159) Tenured: 98066K(196608K)->98836K(196608K)
[2025-12-25T04:28:21.507+0000][357.147s][info][gc,metaspace   ] GC(159) Metaspace: 96752K(98944K)->96752K(98944K) NonClass: 83755K(85120K)->83755K(85120K) Class: 12997K(13824K)->12997K(13824K)
[2025-12-25T04:28:21.507+0000][357.147s][info][gc             ] GC(159) Pause Young (Allocation Failure) 177M->100M(278M) 9.130ms
[2025-12-25T04:28:21.507+0000][357.147s][info][gc,cpu         ] GC(159) User=0.01s Sys=0.00s Real=0.01s
[2025-12-25T04:28:21.559+0000][357.199s][info][gc,start       ] GC(160) Pause Young (Allocation Failure)
[2025-12-25T04:28:21.564+0000][357.204s][info][gc,heap        ] GC(160) DefNew: 83095K(88512K)->5063K(88512K) Eden: 78720K(78720K)->0K(78720K) From: 4375K(9792K)->5063K(9792K)
[2025-12-25T04:28:21.565+0000][357.205s][info][gc,heap        ] GC(160) Tenured: 98836K(196608K)->98836K(196608K)
[2025-12-25T04:28:21.565+0000][357.205s][info][gc,metaspace   ] GC(160) Metaspace: 96752K(98944K)->96752K(98944K) NonClass: 83755K(85120K)->83755K(85120K) Class: 12997K(13824K)->12997K(13824K)
[2025-12-25T04:28:21.565+0000][357.205s][info][gc             ] GC(160) Pause Young (Allocation Failure) 177M->101M(278M) 6.608ms
[2025-12-25T04:28:21.566+0000][357.206s][info][gc,cpu         ] GC(160) User=0.01s Sys=0.00s Real=0.01s
[2025-12-25T04:28:21.614+0000][357.254s][info][gc,start       ] GC(161) Pause Young (Allocation Failure)
[2025-12-25T04:28:21.618+0000][357.258s][info][gc,heap        ] GC(161) DefNew: 83783K(88512K)->3825K(88512K) Eden: 78720K(78720K)->0K(78720K) From: 5063K(9792K)->3825K(9792K)
[2025-12-25T04:28:21.620+0000][357.260s][info][gc,heap        ] GC(161) Tenured: 98836K(196608K)->99257K(196608K)
[2025-12-25T04:28:21.620+0000][357.260s][info][gc,metaspace   ] GC(161) Metaspace: 96752K(98944K)->96752K(98944K) NonClass: 83755K(85120K)->83755K(85120K) Class: 12997K(13824K)->12997K(13824K)
[2025-12-25T04:28:21.621+0000][357.261s][info][gc             ] GC(161) Pause Young (Allocation Failure) 178M->100M(278M) 6.612ms
[2025-12-25T04:28:21.621+0000][357.261s][info][gc,cpu         ] GC(161) User=0.00s Sys=0.00s Real=0.01s
[2025-12-25T04:28:21.668+0000][357.308s][info][gc,start       ] GC(162) Pause Young (Allocation Failure)
[2025-12-25T04:28:21.672+0000][357.312s][info][gc,heap        ] GC(162) DefNew: 82545K(88512K)->3991K(88512K) Eden: 78720K(78720K)->0K(78720K) From: 3825K(9792K)->3991K(9792K)
[2025-12-25T04:28:21.673+0000][357.313s][info][gc,heap        ] GC(162) Tenured: 99257K(196608K)->99257K(196608K)
[2025-12-25T04:28:21.673+0000][357.313s][info][gc,metaspace   ] GC(162) Metaspace: 96752K(98944K)->96752K(98944K) NonClass: 83755K(85120K)->83755K(85120K) Class: 12997K(13824K)->12997K(13824K)
[2025-12-25T04:28:21.673+0000][357.313s][info][gc             ] GC(162) Pause Young (Allocation Failure) 177M->100M(278M) 4.662ms
[2025-12-25T04:28:21.673+0000][357.313s][info][gc,cpu         ] GC(162) User=0.00s Sys=0.00s Real=0.00s
[2025-12-25T04:28:21.725+0000][357.365s][info][gc,start       ] GC(163) Pause Young (Allocation Failure)
[2025-12-25T04:28:21.740+0000][357.380s][info][gc,heap        ] GC(163) DefNew: 82711K(88512K)->8543K(88512K) Eden: 78720K(78720K)->0K(78720K) From: 3991K(9792K)->8543K(9792K)
[2025-12-25T04:28:21.740+0000][357.380s][info][gc,heap        ] GC(163) Tenured: 99257K(196608K)->99257K(196608K)
[2025-12-25T04:28:21.740+0000][357.380s][info][gc,metaspace   ] GC(163) Metaspace: 96760K(98944K)->96760K(98944K) NonClass: 83763K(85120K)->83763K(85120K) Class: 12997K(13824K)->12997K(13824K)
[2025-12-25T04:28:21.741+0000][357.381s][info][gc             ] GC(163) Pause Young (Allocation Failure) 177M->105M(278M) 15.502ms
[2025-12-25T04:28:21.741+0000][357.381s][info][gc,cpu         ] GC(163) User=0.00s Sys=0.00s Real=0.01s
[2025-12-25T04:28:21.823+0000][357.463s][info][gc,start       ] GC(164) Pause Young (Allocation Failure)
[2025-12-25T04:28:21.831+0000][357.471s][info][gc,heap        ] GC(164) DefNew: 87263K(88512K)->3521K(88512K) Eden: 78720K(78720K)->0K(78720K) From: 8543K(9792K)->3521K(9792K)
[2025-12-25T04:28:21.831+0000][357.471s][info][gc,heap        ] GC(164) Tenured: 99257K(196608K)->101153K(196608K)
[2025-12-25T04:28:21.831+0000][357.471s][info][gc,metaspace   ] GC(164) Metaspace: 96760K(98944K)->96760K(98944K) NonClass: 83763K(85120K)->83763K(85120K) Class: 12997K(13824K)->12997K(13824K)
[2025-12-25T04:28:21.831+0000][357.471s][info][gc             ] GC(164) Pause Young (Allocation Failure) 182M->102M(278M) 8.146ms
[2025-12-25T04:28:21.831+0000][357.471s][info][gc,cpu         ] GC(164) User=0.01s Sys=0.00s Real=0.01s
[2025-12-25T04:28:21.951+0000][357.591s][info][gc,start       ] GC(165) Pause Young (Allocation Failure)
[2025-12-25T04:28:21.955+0000][357.595s][info][gc,heap        ] GC(165) DefNew: 82241K(88512K)->1441K(88512K) Eden: 78719K(78720K)->0K(78720K) From: 3521K(9792K)->1441K(9792K)
[2025-12-25T04:28:21.955+0000][357.595s][info][gc,heap        ] GC(165) Tenured: 101153K(196608K)->101153K(196608K)
[2025-12-25T04:28:21.955+0000][357.595s][info][gc,metaspace   ] GC(165) Metaspace: 96760K(98944K)->96760K(98944K) NonClass: 83763K(85120K)->83763K(85120K) Class: 12997K(13824K)->12997K(13824K)
[2025-12-25T04:28:21.955+0000][357.595s][info][gc             ] GC(165) Pause Young (Allocation Failure) 179M->100M(278M) 3.769ms
[2025-12-25T04:28:21.955+0000][357.595s][info][gc,cpu         ] GC(165) User=0.01s Sys=0.00s Real=0.01s
[2025-12-25T04:28:23.006+0000][358.646s][info][gc,start       ] GC(166) Pause Young (Allocation Failure)
[2025-12-25T04:28:23.009+0000][358.649s][info][gc,heap        ] GC(166) DefNew: 80161K(88512K)->1472K(88512K) Eden: 78720K(78720K)->0K(78720K) From: 1441K(9792K)->1472K(9792K)
[2025-12-25T04:28:23.009+0000][358.649s][info][gc,heap        ] GC(166) Tenured: 101153K(196608K)->101153K(196608K)
[2025-12-25T04:28:23.009+0000][358.649s][info][gc,metaspace   ] GC(166) Metaspace: 96800K(98944K)->96800K(98944K) NonClass: 83800K(85120K)->83800K(85120K) Class: 13000K(13824K)->13000K(13824K)
[2025-12-25T04:28:23.010+0000][358.650s][info][gc             ] GC(166) Pause Young (Allocation Failure) 177M->100M(278M) 3.875ms
[2025-12-25T04:28:23.010+0000][358.650s][info][gc,cpu         ] GC(166) User=0.00s Sys=0.00s Real=0.00s
[2025-12-25T04:28:24.200+0000][359.840s][info][gc,start       ] GC(167) Pause Young (Allocation Failure)
[2025-12-25T04:28:24.205+0000][359.845s][info][gc,heap        ] GC(167) DefNew: 80192K(88512K)->1471K(88512K) Eden: 78720K(78720K)->0K(78720K) From: 1472K(9792K)->1471K(9792K)
[2025-12-25T04:28:24.205+0000][359.845s][info][gc,heap        ] GC(167) Tenured: 101153K(196608K)->101153K(196608K)
[2025-12-25T04:28:24.205+0000][359.845s][info][gc,metaspace   ] GC(167) Metaspace: 96800K(98944K)->96800K(98944K) NonClass: 83800K(85120K)->83800K(85120K) Class: 13000K(13824K)->13000K(13824K)
[2025-12-25T04:28:24.205+0000][359.845s][info][gc             ] GC(167) Pause Young (Allocation Failure) 177M->100M(278M) 5.402ms
[2025-12-25T04:28:24.205+0000][359.845s][info][gc,cpu         ] GC(167) User=0.01s Sys=0.00s Real=0.01s
[2025-12-25T04:28:25.389+0000][361.029s][info][gc,start       ] GC(168) Pause Young (Allocation Failure)
[2025-12-25T04:28:25.395+0000][361.035s][info][gc,heap        ] GC(168) DefNew: 80191K(88512K)->2041K(88512K) Eden: 78720K(78720K)->0K(78720K) From: 1471K(9792K)->2041K(9792K)
[2025-12-25T04:28:25.395+0000][361.035s][info][gc,heap        ] GC(168) Tenured: 101153K(196608K)->101153K(196608K)
[2025-12-25T04:28:25.395+0000][361.035s][info][gc,metaspace   ] GC(168) Metaspace: 96824K(98944K)->96824K(98944K) NonClass: 83821K(85120K)->83821K(85120K) Class: 13003K(13824K)->13003K(13824K)
[2025-12-25T04:28:25.395+0000][361.035s][info][gc             ] GC(168) Pause Young (Allocation Failure) 177M->100M(278M) 6.056ms
[2025-12-25T04:28:25.395+0000][361.035s][info][gc,cpu         ] GC(168) User=0.00s Sys=0.00s Real=0.01s
[2025-12-25T04:28:26.040+0000][361.680s][info][gc,start       ] GC(169) Pause Young (Allocation Failure)
[2025-12-25T04:28:26.050+0000][361.690s][info][gc,heap        ] GC(169) DefNew: 80761K(88512K)->2882K(88512K) Eden: 78720K(78720K)->0K(78720K) From: 2041K(9792K)->2882K(9792K)
[2025-12-25T04:28:26.051+0000][361.691s][info][gc,heap        ] GC(169) Tenured: 101153K(196608K)->101153K(196608K)
[2025-12-25T04:28:26.051+0000][361.691s][info][gc,metaspace   ] GC(169) Metaspace: 96856K(98944K)->96856K(98944K) NonClass: 83852K(85120K)->83852K(85120K) Class: 13003K(13824K)->13003K(13824K)
[2025-12-25T04:28:26.051+0000][361.691s][info][gc             ] GC(169) Pause Young (Allocation Failure) 177M->101M(278M) 11.073ms
[2025-12-25T04:28:26.053+0000][361.693s][info][gc,cpu         ] GC(169) User=0.01s Sys=0.00s Real=0.01s
[2025-12-25T04:28:26.231+0000][361.871s][info][gc,start       ] GC(170) Pause Young (Allocation Failure)
[2025-12-25T04:28:26.243+0000][361.883s][info][gc,heap        ] GC(170) DefNew: 81602K(88512K)->3107K(88512K) Eden: 78720K(78720K)->0K(78720K) From: 2882K(9792K)->3107K(9792K)
[2025-12-25T04:28:26.245+0000][361.885s][info][gc,heap        ] GC(170) Tenured: 101153K(196608K)->101153K(196608K)
[2025-12-25T04:28:26.247+0000][361.887s][info][gc,metaspace   ] GC(170) Metaspace: 96891K(99008K)->96891K(99008K) NonClass: 83888K(85184K)->83888K(85184K) Class: 13003K(13824K)->13003K(13824K)
[2025-12-25T04:28:26.247+0000][361.887s][info][gc             ] GC(170) Pause Young (Allocation Failure) 178M->101M(278M) 15.734ms
[2025-12-25T04:28:26.248+0000][361.888s][info][gc,cpu         ] GC(170) User=0.01s Sys=0.01s Real=0.02s
[2025-12-25T04:28:26.306+0000][361.946s][info][gc,start       ] GC(171) Pause Young (Allocation Failure)
[2025-12-25T04:28:26.318+0000][361.958s][info][gc,heap        ] GC(171) DefNew: 81827K(88512K)->4051K(88512K) Eden: 78720K(78720K)->0K(78720K) From: 3107K(9792K)->4051K(9792K)
[2025-12-25T04:28:26.324+0000][361.964s][info][gc,heap        ] GC(171) Tenured: 101153K(196608K)->101153K(196608K)
[2025-12-25T04:28:26.325+0000][361.964s][info][gc,metaspace   ] GC(171) Metaspace: 96891K(99008K)->96891K(99008K) NonClass: 83888K(85184K)->83888K(85184K) Class: 13003K(13824K)->13003K(13824K)
[2025-12-25T04:28:26.338+0000][361.978s][info][gc             ] GC(171) Pause Young (Allocation Failure) 178M->102M(278M) 31.373ms
[2025-12-25T04:28:26.338+0000][361.978s][info][gc,cpu         ] GC(171) User=0.00s Sys=0.00s Real=0.03s
[2025-12-25T04:28:26.580+0000][362.220s][info][gc,start       ] GC(172) Pause Young (Allocation Failure)
[2025-12-25T04:28:26.658+0000][362.298s][info][gc,heap        ] GC(172) DefNew: 82771K(88512K)->6225K(88512K) Eden: 78720K(78720K)->0K(78720K) From: 4051K(9792K)->6225K(9792K)
[2025-12-25T04:28:26.658+0000][362.298s][info][gc,heap        ] GC(172) Tenured: 101153K(196608K)->101153K(196608K)
[2025-12-25T04:28:26.658+0000][362.298s][info][gc,metaspace   ] GC(172) Metaspace: 96891K(99008K)->96891K(99008K) NonClass: 83888K(85184K)->83888K(85184K) Class: 13003K(13824K)->13003K(13824K)
[2025-12-25T04:28:26.659+0000][362.299s][info][gc             ] GC(172) Pause Young (Allocation Failure) 179M->104M(278M) 78.812ms
[2025-12-25T04:28:26.661+0000][362.301s][info][gc,cpu         ] GC(172) User=0.07s Sys=0.01s Real=0.08s
[2025-12-25T04:28:26.795+0000][362.435s][info][gc,start       ] GC(173) Pause Young (Allocation Failure)
[2025-12-25T04:28:26.818+0000][362.458s][info][gc,heap        ] GC(173) DefNew: 84945K(88512K)->8906K(88512K) Eden: 78720K(78720K)->0K(78720K) From: 6225K(9792K)->8906K(9792K)
[2025-12-25T04:28:26.818+0000][362.458s][info][gc,heap        ] GC(173) Tenured: 101153K(196608K)->102049K(196608K)
[2025-12-25T04:28:26.819+0000][362.459s][info][gc,metaspace   ] GC(173) Metaspace: 96891K(99008K)->96891K(99008K) NonClass: 83888K(85184K)->83888K(85184K) Class: 13003K(13824K)->13003K(13824K)
[2025-12-25T04:28:26.820+0000][362.460s][info][gc             ] GC(173) Pause Young (Allocation Failure) 181M->108M(278M) 24.498ms
[2025-12-25T04:28:26.820+0000][362.460s][info][gc,cpu         ] GC(173) User=0.03s Sys=0.00s Real=0.02s
[2025-12-25T04:28:27.015+0000][362.655s][info][gc,start       ] GC(174) Pause Young (Allocation Failure)
[2025-12-25T04:28:27.029+0000][362.669s][info][gc,heap        ] GC(174) DefNew: 87626K(88512K)->2972K(88512K) Eden: 78720K(78720K)->0K(78720K) From: 8906K(9792K)->2972K(9792K)
[2025-12-25T04:28:27.030+0000][362.670s][info][gc,heap        ] GC(174) Tenured: 102049K(196608K)->106331K(196608K)
[2025-12-25T04:28:27.031+0000][362.671s][info][gc,metaspace   ] GC(174) Metaspace: 96893K(99008K)->96893K(99008K) NonClass: 83889K(85184K)->83889K(85184K) Class: 13003K(13824K)->13003K(13824K)
[2025-12-25T04:28:27.031+0000][362.671s][info][gc             ] GC(174) Pause Young (Allocation Failure) 185M->106M(278M) 15.764ms
[2025-12-25T04:28:27.032+0000][362.672s][info][gc,cpu         ] GC(174) User=0.01s Sys=0.00s Real=0.01s
[2025-12-25T04:28:27.154+0000][362.794s][info][gc,start       ] GC(175) Pause Young (Allocation Failure)
[2025-12-25T04:28:27.164+0000][362.804s][info][gc,heap        ] GC(175) DefNew: 81692K(88512K)->4567K(88512K) Eden: 78720K(78720K)->0K(78720K) From: 2972K(9792K)->4567K(9792K)
[2025-12-25T04:28:27.165+0000][362.805s][info][gc,heap        ] GC(175) Tenured: 106331K(196608K)->106331K(196608K)
[2025-12-25T04:28:27.165+0000][362.805s][info][gc,metaspace   ] GC(175) Metaspace: 96897K(99008K)->96897K(99008K) NonClass: 83893K(85184K)->83893K(85184K) Class: 13003K(13824K)->13003K(13824K)
[2025-12-25T04:28:27.166+0000][362.806s][info][gc             ] GC(175) Pause Young (Allocation Failure) 183M->108M(278M) 11.386ms
[2025-12-25T04:28:27.166+0000][362.806s][info][gc,cpu         ] GC(175) User=0.01s Sys=0.00s Real=0.02s
[2025-12-25T04:28:27.340+0000][362.980s][info][gc,start       ] GC(176) Pause Young (Allocation Failure)
[2025-12-25T04:28:27.348+0000][362.988s][info][gc,heap        ] GC(176) DefNew: 83287K(88512K)->3211K(88512K) Eden: 78720K(78720K)->0K(78720K) From: 4567K(9792K)->3211K(9792K)
[2025-12-25T04:28:27.350+0000][362.990s][info][gc,heap        ] GC(176) Tenured: 106331K(196608K)->106331K(196608K)
[2025-12-25T04:28:27.350+0000][362.990s][info][gc,metaspace   ] GC(176) Metaspace: 96897K(99008K)->96897K(99008K) NonClass: 83893K(85184K)->83893K(85184K) Class: 13003K(13824K)->13003K(13824K)
[2025-12-25T04:28:27.352+0000][362.992s][info][gc             ] GC(176) Pause Young (Allocation Failure) 185M->106M(278M) 11.860ms
[2025-12-25T04:28:27.352+0000][362.992s][info][gc,cpu         ] GC(176) User=0.01s Sys=0.00s Real=0.01s
[2025-12-25T04:28:27.527+0000][363.167s][info][gc,start       ] GC(177) Pause Young (Allocation Failure)
[2025-12-25T04:28:27.534+0000][363.174s][info][gc,heap        ] GC(177) DefNew: 81931K(88512K)->1933K(88512K) Eden: 78720K(78720K)->0K(78720K) From: 3211K(9792K)->1933K(9792K)
[2025-12-25T04:28:27.536+0000][363.176s][info][gc,heap        ] GC(177) Tenured: 106331K(196608K)->106331K(196608K)
[2025-12-25T04:28:27.536+0000][363.176s][info][gc,metaspace   ] GC(177) Metaspace: 96897K(99008K)->96897K(99008K) NonClass: 83893K(85184K)->83893K(85184K) Class: 13003K(13824K)->13003K(13824K)
[2025-12-25T04:28:27.536+0000][363.176s][info][gc             ] GC(177) Pause Young (Allocation Failure) 183M->105M(278M) 9.423ms
[2025-12-25T04:28:27.539+0000][363.179s][info][gc,cpu         ] GC(177) User=0.00s Sys=0.00s Real=0.01s
[2025-12-25T04:28:27.714+0000][363.354s][info][gc,start       ] GC(178) Pause Young (Allocation Failure)
[2025-12-25T04:28:27.721+0000][363.361s][info][gc,heap        ] GC(178) DefNew: 80653K(88512K)->2554K(88512K) Eden: 78720K(78720K)->0K(78720K) From: 1933K(9792K)->2554K(9792K)
[2025-12-25T04:28:27.721+0000][363.361s][info][gc,heap        ] GC(178) Tenured: 106331K(196608K)->106331K(196608K)
[2025-12-25T04:28:27.722+0000][363.361s][info][gc,metaspace   ] GC(178) Metaspace: 96897K(99008K)->96897K(99008K) NonClass: 83893K(85184K)->83893K(85184K) Class: 13003K(13824K)->13003K(13824K)
[2025-12-25T04:28:27.722+0000][363.362s][info][gc             ] GC(178) Pause Young (Allocation Failure) 182M->106M(278M) 7.351ms
[2025-12-25T04:28:27.722+0000][363.362s][info][gc,cpu         ] GC(178) User=0.00s Sys=0.00s Real=0.01s
[2025-12-25T04:28:27.935+0000][363.575s][info][gc,start       ] GC(179) Pause Young (Allocation Failure)
[2025-12-25T04:28:27.943+0000][363.583s][info][gc,heap        ] GC(179) DefNew: 81274K(88512K)->1882K(88512K) Eden: 78720K(78720K)->0K(78720K) From: 2554K(9792K)->1882K(9792K)
[2025-12-25T04:28:27.944+0000][363.584s][info][gc,heap        ] GC(179) Tenured: 106331K(196608K)->106331K(196608K)
[2025-12-25T04:28:27.944+0000][363.584s][info][gc,metaspace   ] GC(179) Metaspace: 96898K(99008K)->96898K(99008K) NonClass: 83894K(85184K)->83894K(85184K) Class: 13003K(13824K)->13003K(13824K)
[2025-12-25T04:28:27.944+0000][363.584s][info][gc             ] GC(179) Pause Young (Allocation Failure) 183M->105M(278M) 9.298ms
[2025-12-25T04:28:27.945+0000][363.585s][info][gc,cpu         ] GC(179) User=0.01s Sys=0.00s Real=0.01s
[2025-12-25T04:28:28.141+0000][363.781s][info][gc,start       ] GC(180) Pause Young (Allocation Failure)
[2025-12-25T04:28:28.156+0000][363.796s][info][gc,heap        ] GC(180) DefNew: 80602K(88512K)->2535K(88512K) Eden: 78720K(78720K)->0K(78720K) From: 1882K(9792K)->2535K(9792K)
[2025-12-25T04:28:28.156+0000][363.796s][info][gc,heap        ] GC(180) Tenured: 106331K(196608K)->106331K(196608K)
[2025-12-25T04:28:28.156+0000][363.796s][info][gc,metaspace   ] GC(180) Metaspace: 96898K(99008K)->96898K(99008K) NonClass: 83894K(85184K)->83894K(85184K) Class: 13003K(13824K)->13003K(13824K)
[2025-12-25T04:28:28.157+0000][363.797s][info][gc             ] GC(180) Pause Young (Allocation Failure) 182M->106M(278M) 16.047ms
[2025-12-25T04:28:28.158+0000][363.798s][info][gc,cpu         ] GC(180) User=0.00s Sys=0.01s Real=0.02s
[2025-12-25T04:28:28.382+0000][364.022s][info][gc,start       ] GC(181) Pause Young (Allocation Failure)
[2025-12-25T04:28:28.395+0000][364.035s][info][gc,heap        ] GC(181) DefNew: 81255K(88512K)->3446K(88512K) Eden: 78720K(78720K)->0K(78720K) From: 2535K(9792K)->3446K(9792K)
[2025-12-25T04:28:28.395+0000][364.035s][info][gc,heap        ] GC(181) Tenured: 106331K(196608K)->106331K(196608K)
[2025-12-25T04:28:28.396+0000][364.036s][info][gc,metaspace   ] GC(181) Metaspace: 96898K(99008K)->96898K(99008K) NonClass: 83894K(85184K)->83894K(85184K) Class: 13003K(13824K)->13003K(13824K)
[2025-12-25T04:28:28.396+0000][364.036s][info][gc             ] GC(181) Pause Young (Allocation Failure) 183M->107M(278M) 14.339ms
[2025-12-25T04:28:28.398+0000][364.038s][info][gc,cpu         ] GC(181) User=0.01s Sys=0.00s Real=0.02s
[2025-12-25T04:28:28.730+0000][364.370s][info][gc,start       ] GC(182) Pause Young (Allocation Failure)
[2025-12-25T04:28:28.743+0000][364.383s][info][gc,heap        ] GC(182) DefNew: 82166K(88512K)->4071K(88512K) Eden: 78720K(78720K)->0K(78720K) From: 3446K(9792K)->4071K(9792K)
[2025-12-25T04:28:28.744+0000][364.384s][info][gc,heap        ] GC(182) Tenured: 106331K(196608K)->106331K(196608K)
[2025-12-25T04:28:28.744+0000][364.384s][info][gc,metaspace   ] GC(182) Metaspace: 96898K(99008K)->96898K(99008K) NonClass: 83894K(85184K)->83894K(85184K) Class: 13003K(13824K)->13003K(13824K)
[2025-12-25T04:28:28.745+0000][364.385s][info][gc             ] GC(182) Pause Young (Allocation Failure) 184M->107M(278M) 14.563ms
[2025-12-25T04:28:28.748+0000][364.388s][info][gc,cpu         ] GC(182) User=0.01s Sys=0.00s Real=0.02s
[2025-12-25T04:28:28.905+0000][364.545s][info][gc,start       ] GC(183) Pause Young (Allocation Failure)
[2025-12-25T04:28:28.918+0000][364.558s][info][gc,heap        ] GC(183) DefNew: 82791K(88512K)->4236K(88512K) Eden: 78720K(78720K)->0K(78720K) From: 4071K(9792K)->4236K(9792K)
[2025-12-25T04:28:28.919+0000][364.559s][info][gc,heap        ] GC(183) Tenured: 106331K(196608K)->106331K(196608K)
[2025-12-25T04:28:28.919+0000][364.559s][info][gc,metaspace   ] GC(183) Metaspace: 96915K(99008K)->96915K(99008K) NonClass: 83912K(85184K)->83912K(85184K) Class: 13003K(13824K)->13003K(13824K)
[2025-12-25T04:28:28.919+0000][364.559s][info][gc             ] GC(183) Pause Young (Allocation Failure) 184M->107M(278M) 14.541ms
[2025-12-25T04:28:28.920+0000][364.560s][info][gc,cpu         ] GC(183) User=0.01s Sys=0.00s Real=0.02s
[2025-12-25T04:28:29.087+0000][364.727s][info][gc,start       ] GC(184) Pause Young (Allocation Failure)
[2025-12-25T04:28:29.100+0000][364.740s][info][gc,heap        ] GC(184) DefNew: 82956K(88512K)->2184K(88512K) Eden: 78720K(78720K)->0K(78720K) From: 4236K(9792K)->2184K(9792K)
[2025-12-25T04:28:29.101+0000][364.741s][info][gc,heap        ] GC(184) Tenured: 106331K(196608K)->106331K(196608K)
[2025-12-25T04:28:29.102+0000][364.742s][info][gc,metaspace   ] GC(184) Metaspace: 96915K(99008K)->96915K(99008K) NonClass: 83912K(85184K)->83912K(85184K) Class: 13003K(13824K)->13003K(13824K)
[2025-12-25T04:28:29.102+0000][364.742s][info][gc             ] GC(184) Pause Young (Allocation Failure) 184M->105M(278M) 15.077ms
[2025-12-25T04:28:29.103+0000][364.743s][info][gc,cpu         ] GC(184) User=0.00s Sys=0.00s Real=0.01s
[2025-12-25T04:28:29.280+0000][364.920s][info][gc,start       ] GC(185) Pause Young (Allocation Failure)
[2025-12-25T04:28:29.289+0000][364.929s][info][gc,heap        ] GC(185) DefNew: 80904K(88512K)->2706K(88512K) Eden: 78720K(78720K)->0K(78720K) From: 2184K(9792K)->2706K(9792K)
[2025-12-25T04:28:29.290+0000][364.930s][info][gc,heap        ] GC(185) Tenured: 106331K(196608K)->106331K(196608K)
[2025-12-25T04:28:29.290+0000][364.930s][info][gc,metaspace   ] GC(185) Metaspace: 96918K(99008K)->96918K(99008K) NonClass: 83915K(85184K)->83915K(85184K) Class: 13003K(13824K)->13003K(13824K)
[2025-12-25T04:28:29.291+0000][364.931s][info][gc             ] GC(185) Pause Young (Allocation Failure) 182M->106M(278M) 10.612ms
[2025-12-25T04:28:29.292+0000][364.932s][info][gc,cpu         ] GC(185) User=0.01s Sys=0.00s Real=0.01s
[2025-12-25T04:28:29.467+0000][365.107s][info][gc,start       ] GC(186) Pause Young (Allocation Failure)
[2025-12-25T04:28:29.476+0000][365.116s][info][gc,heap        ] GC(186) DefNew: 81426K(88512K)->2456K(88512K) Eden: 78720K(78720K)->0K(78720K) From: 2706K(9792K)->2456K(9792K)
[2025-12-25T04:28:29.477+0000][365.117s][info][gc,heap        ] GC(186) Tenured: 106331K(196608K)->106331K(196608K)
[2025-12-25T04:28:29.479+0000][365.119s][info][gc,metaspace   ] GC(186) Metaspace: 96918K(99008K)->96918K(99008K) NonClass: 83915K(85184K)->83915K(85184K) Class: 13003K(13824K)->13003K(13824K)
[2025-12-25T04:28:29.482+0000][365.122s][info][gc             ] GC(186) Pause Young (Allocation Failure) 183M->106M(278M) 14.284ms
[2025-12-25T04:28:29.483+0000][365.123s][info][gc,cpu         ] GC(186) User=0.00s Sys=0.00s Real=0.01s
[2025-12-25T04:28:29.810+0000][365.450s][info][gc,start       ] GC(187) Pause Young (Allocation Failure)
[2025-12-25T04:28:29.859+0000][365.499s][info][gc,heap        ] GC(187) DefNew: 81176K(88512K)->2629K(88512K) Eden: 78720K(78720K)->0K(78720K) From: 2456K(9792K)->2629K(9792K)
[2025-12-25T04:28:29.862+0000][365.502s][info][gc,heap        ] GC(187) Tenured: 106331K(196608K)->106331K(196608K)
[2025-12-25T04:28:29.866+0000][365.506s][info][gc,metaspace   ] GC(187) Metaspace: 96919K(99008K)->96919K(99008K) NonClass: 83915K(85184K)->83915K(85184K) Class: 13004K(13824K)->13004K(13824K)
[2025-12-25T04:28:29.868+0000][365.508s][info][gc             ] GC(187) Pause Young (Allocation Failure) 183M->106M(278M) 57.945ms
[2025-12-25T04:28:29.868+0000][365.508s][info][gc,cpu         ] GC(187) User=0.02s Sys=0.00s Real=0.06s
[2025-12-25T04:28:30.129+0000][365.769s][info][gc,start       ] GC(188) Pause Young (Allocation Failure)
[2025-12-25T04:28:30.140+0000][365.780s][info][gc,heap        ] GC(188) DefNew: 81349K(88512K)->2652K(88512K) Eden: 78720K(78720K)->0K(78720K) From: 2629K(9792K)->2652K(9792K)
[2025-12-25T04:28:30.141+0000][365.781s][info][gc,heap        ] GC(188) Tenured: 106331K(196608K)->106331K(196608K)
[2025-12-25T04:28:30.141+0000][365.781s][info][gc,metaspace   ] GC(188) Metaspace: 96920K(99008K)->96920K(99008K) NonClass: 83916K(85184K)->83916K(85184K) Class: 13004K(13824K)->13004K(13824K)
[2025-12-25T04:28:30.141+0000][365.781s][info][gc             ] GC(188) Pause Young (Allocation Failure) 183M->106M(278M) 12.555ms
[2025-12-25T04:28:30.142+0000][365.782s][info][gc,cpu         ] GC(188) User=0.01s Sys=0.00s Real=0.01s
[2025-12-25T04:28:30.318+0000][365.958s][info][gc,start       ] GC(189) Pause Young (Allocation Failure)
[2025-12-25T04:28:30.355+0000][365.995s][info][gc,heap        ] GC(189) DefNew: 81372K(88512K)->3054K(88512K) Eden: 78720K(78720K)->0K(78720K) From: 2652K(9792K)->3054K(9792K)
[2025-12-25T04:28:30.358+0000][365.998s][info][gc,heap        ] GC(189) Tenured: 106331K(196608K)->106340K(196608K)
[2025-12-25T04:28:30.363+0000][366.003s][info][gc,metaspace   ] GC(189) Metaspace: 96920K(99008K)->96920K(99008K) NonClass: 83916K(85184K)->83916K(85184K) Class: 13004K(13824K)->13004K(13824K)
[2025-12-25T04:28:30.389+0000][366.028s][info][gc             ] GC(189) Pause Young (Allocation Failure) 183M->106M(278M) 70.418ms
[2025-12-25T04:28:30.389+0000][366.029s][info][gc,cpu         ] GC(189) User=0.01s Sys=0.00s Real=0.07s
[2025-12-25T04:28:31.274+0000][366.914s][info][gc,start       ] GC(190) Pause Young (Allocation Failure)
[2025-12-25T04:28:31.337+0000][366.977s][info][gc,heap        ] GC(190) DefNew: 81774K(88512K)->5827K(88512K) Eden: 78720K(78720K)->0K(78720K) From: 3054K(9792K)->5827K(9792K)
[2025-12-25T04:28:31.339+0000][366.979s][info][gc,heap        ] GC(190) Tenured: 106340K(196608K)->106356K(196608K)
[2025-12-25T04:28:31.342+0000][366.982s][info][gc,metaspace   ] GC(190) Metaspace: 96921K(99008K)->96921K(99008K) NonClass: 83916K(85184K)->83916K(85184K) Class: 13005K(13824K)->13005K(13824K)
[2025-12-25T04:28:31.342+0000][366.982s][info][gc             ] GC(190) Pause Young (Allocation Failure) 183M->109M(278M) 68.734ms
[2025-12-25T04:28:31.345+0000][366.985s][info][gc,cpu         ] GC(190) User=0.06s Sys=0.00s Real=0.08s
[2025-12-25T04:28:31.653+0000][367.293s][info][gc,start       ] GC(191) Pause Young (Allocation Failure)
[2025-12-25T04:28:31.699+0000][367.339s][info][gc,heap        ] GC(191) DefNew: 84547K(88512K)->2832K(88512K) Eden: 78720K(78720K)->0K(78720K) From: 5827K(9792K)->2832K(9792K)
[2025-12-25T04:28:31.700+0000][367.340s][info][gc,heap        ] GC(191) Tenured: 106356K(196608K)->107114K(196608K)
[2025-12-25T04:28:31.700+0000][367.340s][info][gc,metaspace   ] GC(191) Metaspace: 96921K(99008K)->96921K(99008K) NonClass: 83916K(85184K)->83916K(85184K) Class: 13005K(13824K)->13005K(13824K)
[2025-12-25T04:28:31.701+0000][367.341s][info][gc             ] GC(191) Pause Young (Allocation Failure) 186M->107M(278M) 47.852ms
[2025-12-25T04:28:31.703+0000][367.343s][info][gc,cpu         ] GC(191) User=0.01s Sys=0.00s Real=0.05s
[2025-12-25T04:28:31.853+0000][367.493s][info][gc,start       ] GC(192) Pause Young (Allocation Failure)
[2025-12-25T04:28:31.861+0000][367.501s][info][gc,heap        ] GC(192) DefNew: 81552K(88512K)->3503K(88512K) Eden: 78720K(78720K)->0K(78720K) From: 2832K(9792K)->3503K(9792K)
[2025-12-25T04:28:31.861+0000][367.501s][info][gc,heap        ] GC(192) Tenured: 107114K(196608K)->107114K(196608K)
[2025-12-25T04:28:31.865+0000][367.505s][info][gc,metaspace   ] GC(192) Metaspace: 96921K(99008K)->96921K(99008K) NonClass: 83916K(85184K)->83916K(85184K) Class: 13005K(13824K)->13005K(13824K)
[2025-12-25T04:28:31.866+0000][367.506s][info][gc             ] GC(192) Pause Young (Allocation Failure) 184M->108M(278M) 13.261ms
[2025-12-25T04:28:31.866+0000][367.506s][info][gc,cpu         ] GC(192) User=0.01s Sys=0.00s Real=0.02s
[2025-12-25T04:28:32.072+0000][367.712s][info][gc,start       ] GC(193) Pause Young (Allocation Failure)
[2025-12-25T04:28:32.085+0000][367.724s][info][gc,heap        ] GC(193) DefNew: 82223K(88512K)->3422K(88512K) Eden: 78720K(78720K)->0K(78720K) From: 3503K(9792K)->3422K(9792K)
[2025-12-25T04:28:32.085+0000][367.725s][info][gc,heap        ] GC(193) Tenured: 107114K(196608K)->107114K(196608K)
[2025-12-25T04:28:32.086+0000][367.726s][info][gc,metaspace   ] GC(193) Metaspace: 96921K(99008K)->96921K(99008K) NonClass: 83916K(85184K)->83916K(85184K) Class: 13005K(13824K)->13005K(13824K)
[2025-12-25T04:28:32.086+0000][367.726s][info][gc             ] GC(193) Pause Young (Allocation Failure) 184M->107M(278M) 14.703ms
[2025-12-25T04:28:32.087+0000][367.727s][info][gc,cpu         ] GC(193) User=0.01s Sys=0.00s Real=0.02s
[2025-12-25T04:28:32.253+0000][367.893s][info][gc,start       ] GC(194) Pause Young (Allocation Failure)
[2025-12-25T04:28:32.269+0000][367.909s][info][gc,heap        ] GC(194) DefNew: 82142K(88512K)->4271K(88512K) Eden: 78720K(78720K)->0K(78720K) From: 3422K(9792K)->4271K(9792K)
[2025-12-25T04:28:32.269+0000][367.909s][info][gc,heap        ] GC(194) Tenured: 107114K(196608K)->107114K(196608K)
[2025-12-25T04:28:32.274+0000][367.914s][info][gc,metaspace   ] GC(194) Metaspace: 96923K(99008K)->96923K(99008K) NonClass: 83918K(85184K)->83918K(85184K) Class: 13005K(13824K)->13005K(13824K)
[2025-12-25T04:28:32.277+0000][367.917s][info][gc             ] GC(194) Pause Young (Allocation Failure) 184M->108M(278M) 23.388ms
[2025-12-25T04:28:32.277+0000][367.917s][info][gc,cpu         ] GC(194) User=0.02s Sys=0.00s Real=0.03s
[2025-12-25T04:28:32.400+0000][368.040s][info][gc,start       ] GC(195) Pause Young (Allocation Failure)
[2025-12-25T04:28:32.415+0000][368.055s][info][gc,heap        ] GC(195) DefNew: 82991K(88512K)->3366K(88512K) Eden: 78720K(78720K)->0K(78720K) From: 4271K(9792K)->3366K(9792K)
[2025-12-25T04:28:32.419+0000][368.059s][info][gc,heap        ] GC(195) Tenured: 107114K(196608K)->107114K(196608K)
[2025-12-25T04:28:32.420+0000][368.060s][info][gc,metaspace   ] GC(195) Metaspace: 96927K(99008K)->96927K(99008K) NonClass: 83922K(85184K)->83922K(85184K) Class: 13005K(13824K)->13005K(13824K)
[2025-12-25T04:28:32.420+0000][368.060s][info][gc             ] GC(195) Pause Young (Allocation Failure) 185M->107M(278M) 19.821ms
[2025-12-25T04:28:32.421+0000][368.061s][info][gc,cpu         ] GC(195) User=0.00s Sys=0.00s Real=0.02s
[2025-12-25T04:28:32.574+0000][368.214s][info][gc,start       ] GC(196) Pause Young (Allocation Failure)
[2025-12-25T04:28:32.580+0000][368.220s][info][gc,heap        ] GC(196) DefNew: 82086K(88512K)->3157K(88512K) Eden: 78720K(78720K)->0K(78720K) From: 3366K(9792K)->3157K(9792K)
[2025-12-25T04:28:32.581+0000][368.221s][info][gc,heap        ] GC(196) Tenured: 107114K(196608K)->107114K(196608K)
[2025-12-25T04:28:32.582+0000][368.222s][info][gc,metaspace   ] GC(196) Metaspace: 96927K(99008K)->96927K(99008K) NonClass: 83922K(85184K)->83922K(85184K) Class: 13005K(13824K)->13005K(13824K)
[2025-12-25T04:28:32.582+0000][368.222s][info][gc             ] GC(196) Pause Young (Allocation Failure) 184M->107M(278M) 8.225ms
[2025-12-25T04:28:32.583+0000][368.223s][info][gc,cpu         ] GC(196) User=0.00s Sys=0.00s Real=0.01s
[2025-12-25T04:28:32.738+0000][368.378s][info][gc,start       ] GC(197) Pause Young (Allocation Failure)
[2025-12-25T04:28:32.745+0000][368.385s][info][gc,heap        ] GC(197) DefNew: 81877K(88512K)->3649K(88512K) Eden: 78720K(78720K)->0K(78720K) From: 3157K(9792K)->3649K(9792K)
[2025-12-25T04:28:32.745+0000][368.385s][info][gc,heap        ] GC(197) Tenured: 107114K(196608K)->107114K(196608K)
[2025-12-25T04:28:32.745+0000][368.385s][info][gc,metaspace   ] GC(197) Metaspace: 96927K(99008K)->96927K(99008K) NonClass: 83922K(85184K)->83922K(85184K) Class: 13005K(13824K)->13005K(13824K)
[2025-12-25T04:28:32.745+0000][368.385s][info][gc             ] GC(197) Pause Young (Allocation Failure) 184M->108M(278M) 7.448ms
[2025-12-25T04:28:32.746+0000][368.386s][info][gc,cpu         ] GC(197) User=0.01s Sys=0.00s Real=0.01s
[2025-12-25T04:28:32.949+0000][368.589s][info][gc,start       ] GC(198) Pause Young (Allocation Failure)
[2025-12-25T04:28:32.961+0000][368.601s][info][gc,heap        ] GC(198) DefNew: 82369K(88512K)->4193K(88512K) Eden: 78720K(78720K)->0K(78720K) From: 3649K(9792K)->4193K(9792K)
[2025-12-25T04:28:32.961+0000][368.601s][info][gc,heap        ] GC(198) Tenured: 107114K(196608K)->107114K(196608K)
[2025-12-25T04:28:32.961+0000][368.601s][info][gc,metaspace   ] GC(198) Metaspace: 96927K(99008K)->96927K(99008K) NonClass: 83922K(85184K)->83922K(85184K) Class: 13005K(13824K)->13005K(13824K)
[2025-12-25T04:28:32.963+0000][368.603s][info][gc             ] GC(198) Pause Young (Allocation Failure) 185M->108M(278M) 13.893ms
[2025-12-25T04:28:32.963+0000][368.603s][info][gc,cpu         ] GC(198) User=0.01s Sys=0.00s Real=0.01s
[2025-12-25T04:28:33.093+0000][368.733s][info][gc,start       ] GC(199) Pause Young (Allocation Failure)
[2025-12-25T04:28:33.110+0000][368.750s][info][gc,heap        ] GC(199) DefNew: 82913K(88512K)->3006K(88512K) Eden: 78720K(78720K)->0K(78720K) From: 4193K(9792K)->3006K(9792K)
[2025-12-25T04:28:33.111+0000][368.751s][info][gc,heap        ] GC(199) Tenured: 107114K(196608K)->107114K(196608K)
[2025-12-25T04:28:33.111+0000][368.751s][info][gc,metaspace   ] GC(199) Metaspace: 96941K(99008K)->96941K(99008K) NonClass: 83936K(85184K)->83936K(85184K) Class: 13005K(13824K)->13005K(13824K)
[2025-12-25T04:28:33.111+0000][368.751s][info][gc             ] GC(199) Pause Young (Allocation Failure) 185M->107M(278M) 18.332ms
[2025-12-25T04:28:33.112+0000][368.752s][info][gc,cpu         ] GC(199) User=0.00s Sys=0.01s Real=0.02s
[2025-12-25T04:28:33.360+0000][369.000s][info][gc,start       ] GC(200) Pause Young (Allocation Failure)
[2025-12-25T04:28:33.367+0000][369.007s][info][gc,heap        ] GC(200) DefNew: 81726K(88512K)->3277K(88512K) Eden: 78720K(78720K)->0K(78720K) From: 3006K(9792K)->3277K(9792K)
[2025-12-25T04:28:33.367+0000][369.007s][info][gc,heap        ] GC(200) Tenured: 107114K(196608K)->107114K(196608K)
[2025-12-25T04:28:33.368+0000][369.008s][info][gc,metaspace   ] GC(200) Metaspace: 96941K(99008K)->96941K(99008K) NonClass: 83936K(85184K)->83936K(85184K) Class: 13005K(13824K)->13005K(13824K)
[2025-12-25T04:28:33.368+0000][369.008s][info][gc             ] GC(200) Pause Young (Allocation Failure) 184M->107M(278M) 7.995ms
[2025-12-25T04:28:33.369+0000][369.009s][info][gc,cpu         ] GC(200) User=0.01s Sys=0.00s Real=0.01s
[2025-12-25T04:28:33.510+0000][369.150s][info][gc,start       ] GC(201) Pause Young (Allocation Failure)
[2025-12-25T04:28:33.535+0000][369.175s][info][gc,heap        ] GC(201) DefNew: 81997K(88512K)->4573K(88512K) Eden: 78720K(78720K)->0K(78720K) From: 3277K(9792K)->4573K(9792K)
[2025-12-25T04:28:33.541+0000][369.181s][info][gc,heap        ] GC(201) Tenured: 107114K(196608K)->107114K(196608K)
[2025-12-25T04:28:33.542+0000][369.182s][info][gc,metaspace   ] GC(201) Metaspace: 96941K(99008K)->96941K(99008K) NonClass: 83936K(85184K)->83936K(85184K) Class: 13005K(13824K)->13005K(13824K)
[2025-12-25T04:28:33.542+0000][369.182s][info][gc             ] GC(201) Pause Young (Allocation Failure) 184M->109M(278M) 32.325ms
[2025-12-25T04:28:33.542+0000][369.182s][info][gc,cpu         ] GC(201) User=0.01s Sys=0.00s Real=0.03s
[2025-12-25T04:28:33.626+0000][369.266s][info][gc,start       ] GC(202) Pause Young (Allocation Failure)
[2025-12-25T04:28:33.636+0000][369.276s][info][gc,heap        ] GC(202) DefNew: 83293K(88512K)->3696K(88512K) Eden: 78720K(78720K)->0K(78720K) From: 4573K(9792K)->3696K(9792K)
[2025-12-25T04:28:33.636+0000][369.276s][info][gc,heap        ] GC(202) Tenured: 107114K(196608K)->107114K(196608K)
[2025-12-25T04:28:33.636+0000][369.276s][info][gc,metaspace   ] GC(202) Metaspace: 96941K(99008K)->96941K(99008K) NonClass: 83936K(85184K)->83936K(85184K) Class: 13005K(13824K)->13005K(13824K)
[2025-12-25T04:28:33.637+0000][369.277s][info][gc             ] GC(202) Pause Young (Allocation Failure) 185M->108M(278M) 11.638ms
[2025-12-25T04:28:33.639+0000][369.279s][info][gc,cpu         ] GC(202) User=0.01s Sys=0.00s Real=0.01s
[2025-12-25T04:28:33.758+0000][369.398s][info][gc,start       ] GC(203) Pause Young (Allocation Failure)
[2025-12-25T04:28:33.764+0000][369.404s][info][gc,heap        ] GC(203) DefNew: 82416K(88512K)->3201K(88512K) Eden: 78720K(78720K)->0K(78720K) From: 3696K(9792K)->3201K(9792K)
[2025-12-25T04:28:33.764+0000][369.404s][info][gc,heap        ] GC(203) Tenured: 107114K(196608K)->107114K(196608K)
[2025-12-25T04:28:33.765+0000][369.405s][info][gc,metaspace   ] GC(203) Metaspace: 96941K(99008K)->96941K(99008K) NonClass: 83936K(85184K)->83936K(85184K) Class: 13005K(13824K)->13005K(13824K)
[2025-12-25T04:28:33.765+0000][369.405s][info][gc             ] GC(203) Pause Young (Allocation Failure) 185M->107M(278M) 7.173ms
[2025-12-25T04:28:33.765+0000][369.405s][info][gc,cpu         ] GC(203) User=0.01s Sys=0.00s Real=0.01s
[2025-12-25T04:28:33.891+0000][369.531s][info][gc,start       ] GC(204) Pause Young (Allocation Failure)
[2025-12-25T04:28:33.909+0000][369.549s][info][gc,heap        ] GC(204) DefNew: 81921K(88512K)->4781K(88512K) Eden: 78720K(78720K)->0K(78720K) From: 3201K(9792K)->4781K(9792K)
[2025-12-25T04:28:33.911+0000][369.551s][info][gc,heap        ] GC(204) Tenured: 107114K(196608K)->107114K(196608K)
[2025-12-25T04:28:33.911+0000][369.551s][info][gc,metaspace   ] GC(204) Metaspace: 96941K(99008K)->96941K(99008K) NonClass: 83936K(85184K)->83936K(85184K) Class: 13005K(13824K)->13005K(13824K)
[2025-12-25T04:28:33.913+0000][369.553s][info][gc             ] GC(204) Pause Young (Allocation Failure) 184M->109M(278M) 21.867ms
[2025-12-25T04:28:33.915+0000][369.555s][info][gc,cpu         ] GC(204) User=0.01s Sys=0.00s Real=0.03s
[2025-12-25T04:28:34.065+0000][369.705s][info][gc,start       ] GC(205) Pause Young (Allocation Failure)
[2025-12-25T04:28:34.080+0000][369.720s][info][gc,heap        ] GC(205) DefNew: 83501K(88512K)->4345K(88512K) Eden: 78720K(78720K)->0K(78720K) From: 4781K(9792K)->4345K(9792K)
[2025-12-25T04:28:34.081+0000][369.721s][info][gc,heap        ] GC(205) Tenured: 107114K(196608K)->107114K(196608K)
[2025-12-25T04:28:34.081+0000][369.721s][info][gc,metaspace   ] GC(205) Metaspace: 96942K(99008K)->96942K(99008K) NonClass: 83936K(85184K)->83936K(85184K) Class: 13005K(13824K)->13005K(13824K)
[2025-12-25T04:28:34.081+0000][369.721s][info][gc             ] GC(205) Pause Young (Allocation Failure) 186M->108M(278M) 16.465ms
[2025-12-25T04:28:34.083+0000][369.723s][info][gc,cpu         ] GC(205) User=0.00s Sys=0.00s Real=0.01s
[2025-12-25T04:28:34.203+0000][369.843s][info][gc,start       ] GC(206) Pause Young (Allocation Failure)
[2025-12-25T04:28:34.240+0000][369.880s][info][gc,heap        ] GC(206) DefNew: 83065K(88512K)->3293K(88512K) Eden: 78720K(78720K)->0K(78720K) From: 4345K(9792K)->3293K(9792K)
[2025-12-25T04:28:34.241+0000][369.881s][info][gc,heap        ] GC(206) Tenured: 107114K(196608K)->107125K(196608K)
[2025-12-25T04:28:34.241+0000][369.881s][info][gc,metaspace   ] GC(206) Metaspace: 96942K(99008K)->96942K(99008K) NonClass: 83936K(85184K)->83936K(85184K) Class: 13005K(13824K)->13005K(13824K)
[2025-12-25T04:28:34.242+0000][369.882s][info][gc             ] GC(206) Pause Young (Allocation Failure) 185M->107M(278M) 38.079ms
[2025-12-25T04:28:34.243+0000][369.883s][info][gc,cpu         ] GC(206) User=0.01s Sys=0.01s Real=0.04s
[2025-12-25T04:28:34.356+0000][369.996s][info][gc,start       ] GC(207) Pause Young (Allocation Failure)
[2025-12-25T04:28:34.379+0000][370.019s][info][gc,heap        ] GC(207) DefNew: 82013K(88512K)->2602K(88512K) Eden: 78720K(78720K)->0K(78720K) From: 3293K(9792K)->2602K(9792K)
[2025-12-25T04:28:34.379+0000][370.019s][info][gc,heap        ] GC(207) Tenured: 107125K(196608K)->107210K(196608K)
[2025-12-25T04:28:34.380+0000][370.020s][info][gc,metaspace   ] GC(207) Metaspace: 96942K(99008K)->96942K(99008K) NonClass: 83936K(85184K)->83936K(85184K) Class: 13005K(13824K)->13005K(13824K)
[2025-12-25T04:28:34.381+0000][370.021s][info][gc             ] GC(207) Pause Young (Allocation Failure) 184M->107M(278M) 24.978ms
[2025-12-25T04:28:34.381+0000][370.021s][info][gc,cpu         ] GC(207) User=0.01s Sys=0.00s Real=0.02s
[2025-12-25T04:28:34.505+0000][370.145s][info][gc,start       ] GC(208) Pause Young (Allocation Failure)
[2025-12-25T04:28:34.522+0000][370.162s][info][gc,heap        ] GC(208) DefNew: 81302K(88512K)->2344K(88512K) Eden: 78699K(78720K)->0K(78720K) From: 2602K(9792K)->2344K(9792K)
[2025-12-25T04:28:34.529+0000][370.169s][info][gc,heap        ] GC(208) Tenured: 107210K(196608K)->107749K(196608K)
[2025-12-25T04:28:34.530+0000][370.170s][info][gc,metaspace   ] GC(208) Metaspace: 96942K(99008K)->96942K(99008K) NonClass: 83936K(85184K)->83936K(85184K) Class: 13005K(13824K)->13005K(13824K)
[2025-12-25T04:28:34.530+0000][370.170s][info][gc             ] GC(208) Pause Young (Allocation Failure) 184M->107M(278M) 24.670ms
[2025-12-25T04:28:34.530+0000][370.170s][info][gc,cpu         ] GC(208) User=0.00s Sys=0.00s Real=0.02s
[2025-12-25T04:28:34.666+0000][370.306s][info][gc,start       ] GC(209) Pause Young (Allocation Failure)
[2025-12-25T04:28:34.674+0000][370.314s][info][gc,heap        ] GC(209) DefNew: 81016K(88512K)->2477K(88512K) Eden: 78672K(78720K)->0K(78720K) From: 2344K(9792K)->2477K(9792K)
[2025-12-25T04:28:34.678+0000][370.318s][info][gc,heap        ] GC(209) Tenured: 107749K(196608K)->107759K(196608K)
[2025-12-25T04:28:34.679+0000][370.319s][info][gc,metaspace   ] GC(209) Metaspace: 96942K(99008K)->96942K(99008K) NonClass: 83936K(85184K)->83936K(85184K) Class: 13005K(13824K)->13005K(13824K)
[2025-12-25T04:28:34.679+0000][370.319s][info][gc             ] GC(209) Pause Young (Allocation Failure) 184M->107M(278M) 12.867ms
[2025-12-25T04:28:34.682+0000][370.322s][info][gc,cpu         ] GC(209) User=0.00s Sys=0.00s Real=0.01s
[2025-12-25T04:28:34.779+0000][370.419s][info][gc,start       ] GC(210) Pause Young (Allocation Failure)
[2025-12-25T04:28:34.788+0000][370.428s][info][gc,heap        ] GC(210) DefNew: 81197K(88512K)->4030K(88512K) Eden: 78720K(78720K)->0K(78720K) From: 2477K(9792K)->4030K(9792K)
[2025-12-25T04:28:34.788+0000][370.428s][info][gc,heap        ] GC(210) Tenured: 107759K(196608K)->107759K(196608K)
[2025-12-25T04:28:34.789+0000][370.429s][info][gc,metaspace   ] GC(210) Metaspace: 96942K(99008K)->96942K(99008K) NonClass: 83936K(85184K)->83936K(85184K) Class: 13005K(13824K)->13005K(13824K)
[2025-12-25T04:28:34.789+0000][370.429s][info][gc             ] GC(210) Pause Young (Allocation Failure) 184M->109M(278M) 9.685ms
[2025-12-25T04:28:34.789+0000][370.429s][info][gc,cpu         ] GC(210) User=0.00s Sys=0.00s Real=0.01s
[2025-12-25T04:28:34.918+0000][370.558s][info][gc,start       ] GC(211) Pause Young (Allocation Failure)
[2025-12-25T04:28:34.931+0000][370.571s][info][gc,heap        ] GC(211) DefNew: 82750K(88512K)->4800K(88512K) Eden: 78720K(78720K)->0K(78720K) From: 4030K(9792K)->4800K(9792K)
[2025-12-25T04:28:34.932+0000][370.572s][info][gc,heap        ] GC(211) Tenured: 107759K(196608K)->107759K(196608K)
[2025-12-25T04:28:34.934+0000][370.573s][info][gc,metaspace   ] GC(211) Metaspace: 96942K(99008K)->96942K(99008K) NonClass: 83936K(85184K)->83936K(85184K) Class: 13005K(13824K)->13005K(13824K)
[2025-12-25T04:28:34.934+0000][370.574s][info][gc             ] GC(211) Pause Young (Allocation Failure) 186M->109M(278M) 16.141ms
[2025-12-25T04:28:34.934+0000][370.574s][info][gc,cpu         ] GC(211) User=0.00s Sys=0.00s Real=0.01s
[2025-12-25T04:28:35.092+0000][370.732s][info][gc,start       ] GC(212) Pause Young (Allocation Failure)
[2025-12-25T04:28:35.102+0000][370.742s][info][gc,heap        ] GC(212) DefNew: 83520K(88512K)->4469K(88512K) Eden: 78720K(78720K)->0K(78720K) From: 4800K(9792K)->4469K(9792K)
[2025-12-25T04:28:35.104+0000][370.744s][info][gc,heap        ] GC(212) Tenured: 107759K(196608K)->107759K(196608K)
[2025-12-25T04:28:35.104+0000][370.744s][info][gc,metaspace   ] GC(212) Metaspace: 96942K(99008K)->96942K(99008K) NonClass: 83936K(85184K)->83936K(85184K) Class: 13006K(13824K)->13006K(13824K)
[2025-12-25T04:28:35.105+0000][370.745s][info][gc             ] GC(212) Pause Young (Allocation Failure) 186M->109M(278M) 12.913ms
[2025-12-25T04:28:35.105+0000][370.745s][info][gc,cpu         ] GC(212) User=0.00s Sys=0.00s Real=0.02s
[2025-12-25T04:28:35.209+0000][370.849s][info][gc,start       ] GC(213) Pause Young (Allocation Failure)
[2025-12-25T04:28:35.218+0000][370.858s][info][gc,heap        ] GC(213) DefNew: 83189K(88512K)->6311K(88512K) Eden: 78720K(78720K)->0K(78720K) From: 4469K(9792K)->6311K(9792K)
[2025-12-25T04:28:35.219+0000][370.859s][info][gc,heap        ] GC(213) Tenured: 107759K(196608K)->107763K(196608K)
[2025-12-25T04:28:35.219+0000][370.859s][info][gc,metaspace   ] GC(213) Metaspace: 96943K(99008K)->96943K(99008K) NonClass: 83937K(85184K)->83937K(85184K) Class: 13006K(13824K)->13006K(13824K)
[2025-12-25T04:28:35.219+0000][370.859s][info][gc             ] GC(213) Pause Young (Allocation Failure) 186M->111M(278M) 10.560ms
[2025-12-25T04:28:35.220+0000][370.860s][info][gc,cpu         ] GC(213) User=0.01s Sys=0.00s Real=0.01s
[2025-12-25T04:28:35.330+0000][370.970s][info][gc,start       ] GC(214) Pause Young (Allocation Failure)
[2025-12-25T04:28:35.351+0000][370.991s][info][gc,heap        ] GC(214) DefNew: 85031K(88512K)->6151K(88512K) Eden: 78720K(78720K)->0K(78720K) From: 6311K(9792K)->6151K(9792K)
[2025-12-25T04:28:35.351+0000][370.991s][info][gc,heap        ] GC(214) Tenured: 107763K(196608K)->109874K(196608K)
[2025-12-25T04:28:35.352+0000][370.992s][info][gc,metaspace   ] GC(214) Metaspace: 96945K(99008K)->96945K(99008K) NonClass: 83938K(85184K)->83938K(85184K) Class: 13006K(13824K)->13006K(13824K)
[2025-12-25T04:28:35.355+0000][370.995s][info][gc             ] GC(214) Pause Young (Allocation Failure) 188M->113M(278M) 25.445ms
[2025-12-25T04:28:35.356+0000][370.996s][info][gc,cpu         ] GC(214) User=0.02s Sys=0.00s Real=0.03s
[2025-12-25T04:28:35.479+0000][371.119s][info][gc,start       ] GC(215) Pause Young (Allocation Failure)
[2025-12-25T04:28:35.487+0000][371.127s][info][gc,heap        ] GC(215) DefNew: 84871K(88512K)->3280K(88512K) Eden: 78720K(78720K)->0K(78720K) From: 6151K(9792K)->3280K(9792K)
[2025-12-25T04:28:35.487+0000][371.127s][info][gc,heap        ] GC(215) Tenured: 109874K(196608K)->111975K(196608K)
[2025-12-25T04:28:35.487+0000][371.127s][info][gc,metaspace   ] GC(215) Metaspace: 96945K(99008K)->96945K(99008K) NonClass: 83938K(85184K)->83938K(85184K) Class: 13006K(13824K)->13006K(13824K)
[2025-12-25T04:28:35.488+0000][371.128s][info][gc             ] GC(215) Pause Young (Allocation Failure) 190M->112M(278M) 8.782ms
[2025-12-25T04:28:35.488+0000][371.128s][info][gc,cpu         ] GC(215) User=0.01s Sys=0.00s Real=0.01s
[2025-12-25T04:28:35.625+0000][371.265s][info][gc,start       ] GC(216) Pause Young (Allocation Failure)
[2025-12-25T04:28:35.633+0000][371.273s][info][gc,heap        ] GC(216) DefNew: 82000K(88512K)->4056K(88512K) Eden: 78720K(78720K)->0K(78720K) From: 3280K(9792K)->4056K(9792K)
[2025-12-25T04:28:35.634+0000][371.274s][info][gc,heap        ] GC(216) Tenured: 111975K(196608K)->111975K(196608K)
[2025-12-25T04:28:35.634+0000][371.274s][info][gc,metaspace   ] GC(216) Metaspace: 96945K(99008K)->96945K(99008K) NonClass: 83938K(85184K)->83938K(85184K) Class: 13006K(13824K)->13006K(13824K)
[2025-12-25T04:28:35.635+0000][371.275s][info][gc             ] GC(216) Pause Young (Allocation Failure) 189M->113M(278M) 9.092ms
[2025-12-25T04:28:35.635+0000][371.275s][info][gc,cpu         ] GC(216) User=0.01s Sys=0.00s Real=0.01s
[2025-12-25T04:28:35.797+0000][371.437s][info][gc,start       ] GC(217) Pause Young (Allocation Failure)
[2025-12-25T04:28:35.805+0000][371.445s][info][gc,heap        ] GC(217) DefNew: 82736K(88512K)->4155K(88512K) Eden: 78680K(78720K)->0K(78720K) From: 4056K(9792K)->4155K(9792K)
[2025-12-25T04:28:35.805+0000][371.445s][info][gc,heap        ] GC(217) Tenured: 111975K(196608K)->111975K(196608K)
[2025-12-25T04:28:35.806+0000][371.445s][info][gc,metaspace   ] GC(217) Metaspace: 96945K(99008K)->96945K(99008K) NonClass: 83938K(85184K)->83938K(85184K) Class: 13006K(13824K)->13006K(13824K)
[2025-12-25T04:28:35.806+0000][371.446s][info][gc             ] GC(217) Pause Young (Allocation Failure) 190M->113M(278M) 9.106ms
[2025-12-25T04:28:35.806+0000][371.446s][info][gc,cpu         ] GC(217) User=0.01s Sys=0.00s Real=0.01s
[2025-12-25T04:28:35.920+0000][371.560s][info][gc,start       ] GC(218) Pause Young (Allocation Failure)
[2025-12-25T04:28:35.925+0000][371.565s][info][gc,heap        ] GC(218) DefNew: 82875K(88512K)->3931K(88512K) Eden: 78720K(78720K)->0K(78720K) From: 4155K(9792K)->3931K(9792K)
[2025-12-25T04:28:35.929+0000][371.569s][info][gc,heap        ] GC(218) Tenured: 111975K(196608K)->111975K(196608K)
[2025-12-25T04:28:35.930+0000][371.570s][info][gc,metaspace   ] GC(218) Metaspace: 96945K(99008K)->96945K(99008K) NonClass: 83938K(85184K)->83938K(85184K) Class: 13006K(13824K)->13006K(13824K)
[2025-12-25T04:28:35.936+0000][371.576s][info][gc             ] GC(218) Pause Young (Allocation Failure) 190M->113M(278M) 15.325ms
[2025-12-25T04:28:35.937+0000][371.576s][info][gc,cpu         ] GC(218) User=0.00s Sys=0.00s Real=0.02s
[2025-12-25T04:28:36.100+0000][371.740s][info][gc,start       ] GC(219) Pause Young (Allocation Failure)
[2025-12-25T04:28:36.118+0000][371.758s][info][gc,heap        ] GC(219) DefNew: 82651K(88512K)->5389K(88512K) Eden: 78720K(78720K)->0K(78720K) From: 3931K(9792K)->5389K(9792K)
[2025-12-25T04:28:36.118+0000][371.758s][info][gc,heap        ] GC(219) Tenured: 111975K(196608K)->111975K(196608K)
[2025-12-25T04:28:36.119+0000][371.759s][info][gc,metaspace   ] GC(219) Metaspace: 96945K(99008K)->96945K(99008K) NonClass: 83938K(85184K)->83938K(85184K) Class: 13006K(13824K)->13006K(13824K)
[2025-12-25T04:28:36.120+0000][371.760s][info][gc             ] GC(219) Pause Young (Allocation Failure) 190M->114M(278M) 20.045ms
[2025-12-25T04:28:36.120+0000][371.760s][info][gc,cpu         ] GC(219) User=0.01s Sys=0.00s Real=0.02s
[2025-12-25T04:28:36.251+0000][371.891s][info][gc,start       ] GC(220) Pause Young (Allocation Failure)
[2025-12-25T04:28:36.269+0000][371.909s][info][gc,heap        ] GC(220) DefNew: 84109K(88512K)->2944K(88512K) Eden: 78720K(78720K)->0K(78720K) From: 5389K(9792K)->2944K(9792K)
[2025-12-25T04:28:36.272+0000][371.912s][info][gc,heap        ] GC(220) Tenured: 111975K(196608K)->112522K(196608K)
[2025-12-25T04:28:36.273+0000][371.913s][info][gc,metaspace   ] GC(220) Metaspace: 96945K(99008K)->96945K(99008K) NonClass: 83939K(85184K)->83939K(85184K) Class: 13006K(13824K)->13006K(13824K)
[2025-12-25T04:28:36.273+0000][371.913s][info][gc             ] GC(220) Pause Young (Allocation Failure) 191M->112M(278M) 21.909ms
[2025-12-25T04:28:36.273+0000][371.913s][info][gc,cpu         ] GC(220) User=0.00s Sys=0.00s Real=0.02s
[2025-12-25T04:28:36.399+0000][372.039s][info][gc,start       ] GC(221) Pause Young (Allocation Failure)
[2025-12-25T04:28:36.404+0000][372.044s][info][gc,heap        ] GC(221) DefNew: 81664K(88512K)->3777K(88512K) Eden: 78720K(78720K)->0K(78720K) From: 2944K(9792K)->3777K(9792K)
[2025-12-25T04:28:36.404+0000][372.044s][info][gc,heap        ] GC(221) Tenured: 112522K(196608K)->112522K(196608K)
[2025-12-25T04:28:36.405+0000][372.045s][info][gc,metaspace   ] GC(221) Metaspace: 96945K(99008K)->96945K(99008K) NonClass: 83939K(85184K)->83939K(85184K) Class: 13006K(13824K)->13006K(13824K)
[2025-12-25T04:28:36.409+0000][372.049s][info][gc             ] GC(221) Pause Young (Allocation Failure) 189M->113M(278M) 9.483ms
[2025-12-25T04:28:36.409+0000][372.049s][info][gc,cpu         ] GC(221) User=0.00s Sys=0.00s Real=0.01s
[2025-12-25T04:28:36.536+0000][372.176s][info][gc,start       ] GC(222) Pause Young (Allocation Failure)
[2025-12-25T04:28:36.545+0000][372.185s][info][gc,heap        ] GC(222) DefNew: 82497K(88512K)->2880K(88512K) Eden: 78720K(78720K)->0K(78720K) From: 3777K(9792K)->2880K(9792K)
[2025-12-25T04:28:36.545+0000][372.185s][info][gc,heap        ] GC(222) Tenured: 112522K(196608K)->112522K(196608K)
[2025-12-25T04:28:36.545+0000][372.185s][info][gc,metaspace   ] GC(222) Metaspace: 96945K(99008K)->96945K(99008K) NonClass: 83939K(85184K)->83939K(85184K) Class: 13006K(13824K)->13006K(13824K)
[2025-12-25T04:28:36.545+0000][372.185s][info][gc             ] GC(222) Pause Young (Allocation Failure) 190M->112M(278M) 8.918ms
[2025-12-25T04:28:36.545+0000][372.185s][info][gc,cpu         ] GC(222) User=0.00s Sys=0.00s Real=0.01s
[2025-12-25T04:28:36.701+0000][372.341s][info][gc,start       ] GC(223) Pause Young (Allocation Failure)
[2025-12-25T04:28:36.707+0000][372.347s][info][gc,heap        ] GC(223) DefNew: 81600K(88512K)->2995K(88512K) Eden: 78720K(78720K)->0K(78720K) From: 2880K(9792K)->2995K(9792K)
[2025-12-25T04:28:36.708+0000][372.348s][info][gc,heap        ] GC(223) Tenured: 112522K(196608K)->112522K(196608K)
[2025-12-25T04:28:36.708+0000][372.348s][info][gc,metaspace   ] GC(223) Metaspace: 96945K(99008K)->96945K(99008K) NonClass: 83939K(85184K)->83939K(85184K) Class: 13006K(13824K)->13006K(13824K)
[2025-12-25T04:28:36.708+0000][372.348s][info][gc             ] GC(223) Pause Young (Allocation Failure) 189M->112M(278M) 7.007ms
[2025-12-25T04:28:36.709+0000][372.349s][info][gc,cpu         ] GC(223) User=0.00s Sys=0.00s Real=0.01s
[2025-12-25T04:28:36.853+0000][372.493s][info][gc,start       ] GC(224) Pause Young (Allocation Failure)
[2025-12-25T04:28:36.868+0000][372.508s][info][gc,heap        ] GC(224) DefNew: 81715K(88512K)->3023K(88512K) Eden: 78720K(78720K)->0K(78720K) From: 2995K(9792K)->3023K(9792K)
[2025-12-25T04:28:36.869+0000][372.509s][info][gc,heap        ] GC(224) Tenured: 112522K(196608K)->112522K(196608K)
[2025-12-25T04:28:36.870+0000][372.510s][info][gc,metaspace   ] GC(224) Metaspace: 96945K(99008K)->96945K(99008K) NonClass: 83939K(85184K)->83939K(85184K) Class: 13006K(13824K)->13006K(13824K)
[2025-12-25T04:28:36.871+0000][372.511s][info][gc             ] GC(224) Pause Young (Allocation Failure) 189M->112M(278M) 18.443ms
[2025-12-25T04:28:36.874+0000][372.514s][info][gc,cpu         ] GC(224) User=0.02s Sys=0.00s Real=0.02s
[2025-12-25T04:28:37.066+0000][372.706s][info][gc,start       ] GC(225) Pause Young (Allocation Failure)
[2025-12-25T04:28:37.087+0000][372.727s][info][gc,heap        ] GC(225) DefNew: 81743K(88512K)->3357K(88512K) Eden: 78720K(78720K)->0K(78720K) From: 3023K(9792K)->3357K(9792K)
[2025-12-25T04:28:37.088+0000][372.728s][info][gc,heap        ] GC(225) Tenured: 112522K(196608K)->112522K(196608K)
[2025-12-25T04:28:37.089+0000][372.729s][info][gc,metaspace   ] GC(225) Metaspace: 96945K(99008K)->96945K(99008K) NonClass: 83939K(85184K)->83939K(85184K) Class: 13006K(13824K)->13006K(13824K)
[2025-12-25T04:28:37.089+0000][372.729s][info][gc             ] GC(225) Pause Young (Allocation Failure) 189M->113M(278M) 23.196ms
[2025-12-25T04:28:37.090+0000][372.730s][info][gc,cpu         ] GC(225) User=0.01s Sys=0.00s Real=0.02s
[2025-12-25T04:28:37.241+0000][372.881s][info][gc,start       ] GC(226) Pause Young (Allocation Failure)
[2025-12-25T04:28:37.257+0000][372.897s][info][gc,heap        ] GC(226) DefNew: 82077K(88512K)->4926K(88512K) Eden: 78720K(78720K)->0K(78720K) From: 3357K(9792K)->4926K(9792K)
[2025-12-25T04:28:37.258+0000][372.898s][info][gc,heap        ] GC(226) Tenured: 112522K(196608K)->112522K(196608K)
[2025-12-25T04:28:37.258+0000][372.898s][info][gc,metaspace   ] GC(226) Metaspace: 96949K(99008K)->96949K(99008K) NonClass: 83943K(85184K)->83943K(85184K) Class: 13006K(13824K)->13006K(13824K)
[2025-12-25T04:28:37.258+0000][372.898s][info][gc             ] GC(226) Pause Young (Allocation Failure) 190M->114M(278M) 17.788ms
[2025-12-25T04:28:37.260+0000][372.900s][info][gc,cpu         ] GC(226) User=0.00s Sys=0.00s Real=0.02s
[2025-12-25T04:28:37.407+0000][373.047s][info][gc,start       ] GC(227) Pause Young (Allocation Failure)
[2025-12-25T04:28:37.414+0000][373.054s][info][gc,heap        ] GC(227) DefNew: 83646K(88512K)->2552K(88512K) Eden: 78720K(78720K)->0K(78720K) From: 4926K(9792K)->2552K(9792K)
[2025-12-25T04:28:37.416+0000][373.056s][info][gc,heap        ] GC(227) Tenured: 112522K(196608K)->113102K(196608K)
[2025-12-25T04:28:37.419+0000][373.059s][info][gc,metaspace   ] GC(227) Metaspace: 96949K(99008K)->96949K(99008K) NonClass: 83943K(85184K)->83943K(85184K) Class: 13006K(13824K)->13006K(13824K)
[2025-12-25T04:28:37.420+0000][373.060s][info][gc             ] GC(227) Pause Young (Allocation Failure) 191M->112M(278M) 12.757ms
[2025-12-25T04:28:37.420+0000][373.060s][info][gc,cpu         ] GC(227) User=0.01s Sys=0.00s Real=0.01s
[2025-12-25T04:28:37.606+0000][373.246s][info][gc,start       ] GC(228) Pause Young (Allocation Failure)
[2025-12-25T04:28:37.612+0000][373.252s][info][gc,heap        ] GC(228) DefNew: 81272K(88512K)->3370K(88512K) Eden: 78720K(78720K)->0K(78720K) From: 2552K(9792K)->3370K(9792K)
[2025-12-25T04:28:37.613+0000][373.253s][info][gc,heap        ] GC(228) Tenured: 113102K(196608K)->113102K(196608K)
[2025-12-25T04:28:37.613+0000][373.253s][info][gc,metaspace   ] GC(228) Metaspace: 96949K(99008K)->96949K(99008K) NonClass: 83943K(85184K)->83943K(85184K) Class: 13006K(13824K)->13006K(13824K)
[2025-12-25T04:28:37.617+0000][373.257s][info][gc             ] GC(228) Pause Young (Allocation Failure) 189M->113M(278M) 10.942ms
[2025-12-25T04:28:37.618+0000][373.258s][info][gc,cpu         ] GC(228) User=0.01s Sys=0.00s Real=0.01s
[2025-12-25T04:28:37.731+0000][373.371s][info][gc,start       ] GC(229) Pause Young (Allocation Failure)
[2025-12-25T04:28:37.737+0000][373.377s][info][gc,heap        ] GC(229) DefNew: 82090K(88512K)->3223K(88512K) Eden: 78720K(78720K)->0K(78720K) From: 3370K(9792K)->3223K(9792K)
[2025-12-25T04:28:37.737+0000][373.377s][info][gc,heap        ] GC(229) Tenured: 113102K(196608K)->113102K(196608K)
[2025-12-25T04:28:37.738+0000][373.378s][info][gc,metaspace   ] GC(229) Metaspace: 96949K(99008K)->96949K(99008K) NonClass: 83943K(85184K)->83943K(85184K) Class: 13006K(13824K)->13006K(13824K)
[2025-12-25T04:28:37.738+0000][373.378s][info][gc             ] GC(229) Pause Young (Allocation Failure) 190M->113M(278M) 6.392ms
[2025-12-25T04:28:37.738+0000][373.378s][info][gc,cpu         ] GC(229) User=0.00s Sys=0.00s Real=0.01s
[2025-12-25T04:28:37.852+0000][373.492s][info][gc,start       ] GC(230) Pause Young (Allocation Failure)
[2025-12-25T04:28:37.855+0000][373.495s][info][gc,heap        ] GC(230) DefNew: 81943K(88512K)->1959K(88512K) Eden: 78720K(78720K)->0K(78720K) From: 3223K(9792K)->1959K(9792K)
[2025-12-25T04:28:37.856+0000][373.496s][info][gc,heap        ] GC(230) Tenured: 113102K(196608K)->113102K(196608K)
[2025-12-25T04:28:37.856+0000][373.496s][info][gc,metaspace   ] GC(230) Metaspace: 96949K(99008K)->96949K(99008K) NonClass: 83943K(85184K)->83943K(85184K) Class: 13006K(13824K)->13006K(13824K)
[2025-12-25T04:28:37.857+0000][373.497s][info][gc             ] GC(230) Pause Young (Allocation Failure) 190M->112M(278M) 4.914ms
[2025-12-25T04:28:37.857+0000][373.497s][info][gc,cpu         ] GC(230) User=0.00s Sys=0.00s Real=0.01s
[2025-12-25T04:28:38.015+0000][373.655s][info][gc,start       ] GC(231) Pause Young (Allocation Failure)
[2025-12-25T04:28:38.024+0000][373.664s][info][gc,heap        ] GC(231) DefNew: 80679K(88512K)->2545K(88512K) Eden: 78719K(78720K)->0K(78720K) From: 1959K(9792K)->2545K(9792K)
[2025-12-25T04:28:38.028+0000][373.668s][info][gc,heap        ] GC(231) Tenured: 113102K(196608K)->113102K(196608K)
[2025-12-25T04:28:38.028+0000][373.668s][info][gc,metaspace   ] GC(231) Metaspace: 96950K(99008K)->96950K(99008K) NonClass: 83944K(85184K)->83944K(85184K) Class: 13006K(13824K)->13006K(13824K)
[2025-12-25T04:28:38.028+0000][373.668s][info][gc             ] GC(231) Pause Young (Allocation Failure) 189M->112M(278M) 12.724ms
[2025-12-25T04:28:38.031+0000][373.671s][info][gc,cpu         ] GC(231) User=0.00s Sys=0.00s Real=0.01s
[2025-12-25T04:28:38.212+0000][373.852s][info][gc,start       ] GC(232) Pause Young (Allocation Failure)
[2025-12-25T04:28:38.228+0000][373.868s][info][gc,heap        ] GC(232) DefNew: 81265K(88512K)->2962K(88512K) Eden: 78720K(78720K)->0K(78720K) From: 2545K(9792K)->2962K(9792K)
[2025-12-25T04:28:38.228+0000][373.868s][info][gc,heap        ] GC(232) Tenured: 113102K(196608K)->113102K(196608K)
[2025-12-25T04:28:38.228+0000][373.868s][info][gc,metaspace   ] GC(232) Metaspace: 96950K(99008K)->96950K(99008K) NonClass: 83944K(85184K)->83944K(85184K) Class: 13006K(13824K)->13006K(13824K)
[2025-12-25T04:28:38.229+0000][373.869s][info][gc             ] GC(232) Pause Young (Allocation Failure) 189M->113M(278M) 16.385ms
[2025-12-25T04:28:38.229+0000][373.869s][info][gc,cpu         ] GC(232) User=0.01s Sys=0.00s Real=0.02s
[2025-12-25T04:28:38.389+0000][374.029s][info][gc,start       ] GC(233) Pause Young (Allocation Failure)
[2025-12-25T04:28:38.402+0000][374.042s][info][gc,heap        ] GC(233) DefNew: 81682K(88512K)->4215K(88512K) Eden: 78720K(78720K)->0K(78720K) From: 2962K(9792K)->4215K(9792K)
[2025-12-25T04:28:38.402+0000][374.042s][info][gc,heap        ] GC(233) Tenured: 113102K(196608K)->113102K(196608K)
[2025-12-25T04:28:38.403+0000][374.043s][info][gc,metaspace   ] GC(233) Metaspace: 96950K(99008K)->96950K(99008K) NonClass: 83944K(85184K)->83944K(85184K) Class: 13006K(13824K)->13006K(13824K)
[2025-12-25T04:28:38.403+0000][374.043s][info][gc             ] GC(233) Pause Young (Allocation Failure) 190M->114M(278M) 13.521ms
[2025-12-25T04:28:38.403+0000][374.043s][info][gc,cpu         ] GC(233) User=0.01s Sys=0.00s Real=0.01s
[2025-12-25T04:28:38.548+0000][374.188s][info][gc,start       ] GC(234) Pause Young (Allocation Failure)
[2025-12-25T04:28:38.559+0000][374.199s][info][gc,heap        ] GC(234) DefNew: 82935K(88512K)->3175K(88512K) Eden: 78720K(78720K)->0K(78720K) From: 4215K(9792K)->3175K(9792K)
[2025-12-25T04:28:38.562+0000][374.202s][info][gc,heap        ] GC(234) Tenured: 113102K(196608K)->113103K(196608K)
[2025-12-25T04:28:38.562+0000][374.202s][info][gc,metaspace   ] GC(234) Metaspace: 96950K(99008K)->96950K(99008K) NonClass: 83944K(85184K)->83944K(85184K) Class: 13006K(13824K)->13006K(13824K)
[2025-12-25T04:28:38.564+0000][374.204s][info][gc             ] GC(234) Pause Young (Allocation Failure) 191M->113M(278M) 15.713ms
[2025-12-25T04:28:38.564+0000][374.204s][info][gc,cpu         ] GC(234) User=0.00s Sys=0.00s Real=0.01s
[2025-12-25T04:28:38.650+0000][374.290s][info][gc,start       ] GC(235) Pause Young (Allocation Failure)
[2025-12-25T04:28:38.657+0000][374.297s][info][gc,heap        ] GC(235) DefNew: 81895K(88512K)->1936K(88512K) Eden: 78720K(78720K)->0K(78720K) From: 3175K(9792K)->1936K(9792K)
[2025-12-25T04:28:38.657+0000][374.297s][info][gc,heap        ] GC(235) Tenured: 113103K(196608K)->113103K(196608K)
[2025-12-25T04:28:38.658+0000][374.298s][info][gc,metaspace   ] GC(235) Metaspace: 96950K(99008K)->96950K(99008K) NonClass: 83944K(85184K)->83944K(85184K) Class: 13006K(13824K)->13006K(13824K)
[2025-12-25T04:28:38.659+0000][374.299s][info][gc             ] GC(235) Pause Young (Allocation Failure) 190M->112M(278M) 8.337ms
[2025-12-25T04:28:38.660+0000][374.300s][info][gc,cpu         ] GC(235) User=0.00s Sys=0.00s Real=0.01s
[2025-12-25T04:28:38.827+0000][374.467s][info][gc,start       ] GC(236) Pause Young (Allocation Failure)
[2025-12-25T04:28:38.839+0000][374.479s][info][gc,heap        ] GC(236) DefNew: 80656K(88512K)->2329K(88512K) Eden: 78720K(78720K)->0K(78720K) From: 1936K(9792K)->2329K(9792K)
[2025-12-25T04:28:38.841+0000][374.481s][info][gc,heap        ] GC(236) Tenured: 113103K(196608K)->113103K(196608K)
[2025-12-25T04:28:38.842+0000][374.482s][info][gc,metaspace   ] GC(236) Metaspace: 96950K(99008K)->96950K(99008K) NonClass: 83944K(85184K)->83944K(85184K) Class: 13006K(13824K)->13006K(13824K)
[2025-12-25T04:28:38.853+0000][374.493s][info][gc             ] GC(236) Pause Young (Allocation Failure) 189M->112M(278M) 26.345ms
[2025-12-25T04:28:38.854+0000][374.494s][info][gc,cpu         ] GC(236) User=0.00s Sys=0.00s Real=0.03s
[2025-12-25T04:28:39.085+0000][374.725s][info][gc,start       ] GC(237) Pause Young (Allocation Failure)
[2025-12-25T04:28:39.104+0000][374.744s][info][gc,heap        ] GC(237) DefNew: 81049K(88512K)->2391K(88512K) Eden: 78720K(78720K)->0K(78720K) From: 2329K(9792K)->2391K(9792K)
[2025-12-25T04:28:39.108+0000][374.748s][info][gc,heap        ] GC(237) Tenured: 113103K(196608K)->113103K(196608K)
[2025-12-25T04:28:39.108+0000][374.748s][info][gc,metaspace   ] GC(237) Metaspace: 96950K(99008K)->96950K(99008K) NonClass: 83944K(85184K)->83944K(85184K) Class: 13006K(13824K)->13006K(13824K)
[2025-12-25T04:28:39.109+0000][374.749s][info][gc             ] GC(237) Pause Young (Allocation Failure) 189M->112M(278M) 23.180ms
[2025-12-25T04:28:39.109+0000][374.749s][info][gc,cpu         ] GC(237) User=0.01s Sys=0.00s Real=0.02s
[2025-12-25T04:28:39.258+0000][374.898s][info][gc,start       ] GC(238) Pause Young (Allocation Failure)
[2025-12-25T04:28:39.268+0000][374.908s][info][gc,heap        ] GC(238) DefNew: 81111K(88512K)->3438K(88512K) Eden: 78720K(78720K)->0K(78720K) From: 2391K(9792K)->3438K(9792K)
[2025-12-25T04:28:39.269+0000][374.909s][info][gc,heap        ] GC(238) Tenured: 113103K(196608K)->113103K(196608K)
[2025-12-25T04:28:39.269+0000][374.909s][info][gc,metaspace   ] GC(238) Metaspace: 96950K(99008K)->96950K(99008K) NonClass: 83944K(85184K)->83944K(85184K) Class: 13006K(13824K)->13006K(13824K)
[2025-12-25T04:28:39.269+0000][374.909s][info][gc             ] GC(238) Pause Young (Allocation Failure) 189M->113M(278M) 11.796ms
[2025-12-25T04:28:39.270+0000][374.910s][info][gc,cpu         ] GC(238) User=0.01s Sys=0.00s Real=0.01s
[2025-12-25T04:28:39.425+0000][375.065s][info][gc,start       ] GC(239) Pause Young (Allocation Failure)
[2025-12-25T04:28:39.430+0000][375.070s][info][gc,heap        ] GC(239) DefNew: 82158K(88512K)->2546K(88512K) Eden: 78720K(78720K)->0K(78720K) From: 3438K(9792K)->2546K(9792K)
[2025-12-25T04:28:39.430+0000][375.070s][info][gc,heap        ] GC(239) Tenured: 113103K(196608K)->113104K(196608K)
[2025-12-25T04:28:39.430+0000][375.070s][info][gc,metaspace   ] GC(239) Metaspace: 96950K(99008K)->96950K(99008K) NonClass: 83944K(85184K)->83944K(85184K) Class: 13006K(13824K)->13006K(13824K)
[2025-12-25T04:28:39.431+0000][375.071s][info][gc             ] GC(239) Pause Young (Allocation Failure) 190M->112M(278M) 6.114ms
[2025-12-25T04:28:39.431+0000][375.071s][info][gc,cpu         ] GC(239) User=0.00s Sys=0.00s Real=0.00s
[2025-12-25T04:28:39.645+0000][375.285s][info][gc,start       ] GC(240) Pause Young (Allocation Failure)
[2025-12-25T04:28:39.673+0000][375.313s][info][gc,heap        ] GC(240) DefNew: 81266K(88512K)->3170K(88512K) Eden: 78720K(78720K)->0K(78720K) From: 2546K(9792K)->3170K(9792K)
[2025-12-25T04:28:39.683+0000][375.323s][info][gc,heap        ] GC(240) Tenured: 113104K(196608K)->113104K(196608K)
[2025-12-25T04:28:39.684+0000][375.324s][info][gc,metaspace   ] GC(240) Metaspace: 96950K(99008K)->96950K(99008K) NonClass: 83944K(85184K)->83944K(85184K) Class: 13006K(13824K)->13006K(13824K)
[2025-12-25T04:28:39.686+0000][375.326s][info][gc             ] GC(240) Pause Young (Allocation Failure) 189M->113M(278M) 40.916ms
[2025-12-25T04:28:39.687+0000][375.327s][info][gc,cpu         ] GC(240) User=0.01s Sys=0.00s Real=0.04s
[2025-12-25T04:28:39.959+0000][375.599s][info][gc,start       ] GC(241) Pause Young (Allocation Failure)
[2025-12-25T04:28:39.986+0000][375.626s][info][gc,heap        ] GC(241) DefNew: 81890K(88512K)->2888K(88512K) Eden: 78720K(78720K)->0K(78720K) From: 3170K(9792K)->2888K(9792K)
[2025-12-25T04:28:39.987+0000][375.627s][info][gc,heap        ] GC(241) Tenured: 113104K(196608K)->113116K(196608K)
[2025-12-25T04:28:39.987+0000][375.627s][info][gc,metaspace   ] GC(241) Metaspace: 96950K(99008K)->96950K(99008K) NonClass: 83944K(85184K)->83944K(85184K) Class: 13006K(13824K)->13006K(13824K)
[2025-12-25T04:28:39.987+0000][375.627s][info][gc             ] GC(241) Pause Young (Allocation Failure) 190M->113M(278M) 28.570ms
[2025-12-25T04:28:39.989+0000][375.629s][info][gc,cpu         ] GC(241) User=0.01s Sys=0.00s Real=0.03s
[2025-12-25T04:28:40.188+0000][375.828s][info][gc,start       ] GC(242) Pause Young (Allocation Failure)
[2025-12-25T04:28:40.202+0000][375.842s][info][gc,heap        ] GC(242) DefNew: 81608K(88512K)->2183K(88512K) Eden: 78719K(78720K)->0K(78720K) From: 2888K(9792K)->2183K(9792K)
[2025-12-25T04:28:40.203+0000][375.843s][info][gc,heap        ] GC(242) Tenured: 113116K(196608K)->113116K(196608K)
[2025-12-25T04:28:40.204+0000][375.844s][info][gc,metaspace   ] GC(242) Metaspace: 96950K(99008K)->96950K(99008K) NonClass: 83944K(85184K)->83944K(85184K) Class: 13006K(13824K)->13006K(13824K)
[2025-12-25T04:28:40.204+0000][375.844s][info][gc             ] GC(242) Pause Young (Allocation Failure) 190M->112M(278M) 16.543ms
[2025-12-25T04:28:40.205+0000][375.845s][info][gc,cpu         ] GC(242) User=0.00s Sys=0.00s Real=0.02s
[2025-12-25T04:28:40.361+0000][376.001s][info][gc,start       ] GC(243) Pause Young (Allocation Failure)
[2025-12-25T04:28:40.376+0000][376.016s][info][gc,heap        ] GC(243) DefNew: 80903K(88512K)->3491K(88512K) Eden: 78720K(78720K)->0K(78720K) From: 2183K(9792K)->3491K(9792K)
[2025-12-25T04:28:40.376+0000][376.016s][info][gc,heap        ] GC(243) Tenured: 113116K(196608K)->113124K(196608K)
[2025-12-25T04:28:40.376+0000][376.016s][info][gc,metaspace   ] GC(243) Metaspace: 96950K(99008K)->96950K(99008K) NonClass: 83944K(85184K)->83944K(85184K) Class: 13006K(13824K)->13006K(13824K)
[2025-12-25T04:28:40.376+0000][376.016s][info][gc             ] GC(243) Pause Young (Allocation Failure) 189M->113M(278M) 15.030ms
[2025-12-25T04:28:40.377+0000][376.017s][info][gc,cpu         ] GC(243) User=0.01s Sys=0.00s Real=0.02s
[2025-12-25T04:28:40.679+0000][376.319s][info][gc,start       ] GC(244) Pause Young (Allocation Failure)
[2025-12-25T04:28:40.712+0000][376.352s][info][gc,heap        ] GC(244) DefNew: 82211K(88512K)->2473K(88512K) Eden: 78720K(78720K)->0K(78720K) From: 3491K(9792K)->2473K(9792K)
[2025-12-25T04:28:40.714+0000][376.354s][info][gc,heap        ] GC(244) Tenured: 113124K(196608K)->113124K(196608K)
[2025-12-25T04:28:40.720+0000][376.360s][info][gc,metaspace   ] GC(244) Metaspace: 96950K(99008K)->96950K(99008K) NonClass: 83944K(85184K)->83944K(85184K) Class: 13006K(13824K)->13006K(13824K)
[2025-12-25T04:28:40.721+0000][376.361s][info][gc             ] GC(244) Pause Young (Allocation Failure) 190M->112M(278M) 41.680ms
[2025-12-25T04:28:40.723+0000][376.363s][info][gc,cpu         ] GC(244) User=0.01s Sys=0.00s Real=0.04s
[2025-12-25T04:28:40.873+0000][376.513s][info][gc,start       ] GC(245) Pause Young (Allocation Failure)
[2025-12-25T04:28:40.885+0000][376.525s][info][gc,heap        ] GC(245) DefNew: 81193K(88512K)->4553K(88512K) Eden: 78720K(78720K)->0K(78720K) From: 2473K(9792K)->4553K(9792K)
[2025-12-25T04:28:40.885+0000][376.525s][info][gc,heap        ] GC(245) Tenured: 113124K(196608K)->113124K(196608K)
[2025-12-25T04:28:40.886+0000][376.526s][info][gc,metaspace   ] GC(245) Metaspace: 96951K(99008K)->96951K(99008K) NonClass: 83944K(85184K)->83944K(85184K) Class: 13006K(13824K)->13006K(13824K)
[2025-12-25T04:28:40.886+0000][376.526s][info][gc             ] GC(245) Pause Young (Allocation Failure) 189M->114M(278M) 13.576ms
[2025-12-25T04:28:40.887+0000][376.527s][info][gc,cpu         ] GC(245) User=0.01s Sys=0.00s Real=0.02s
[2025-12-25T04:28:41.060+0000][376.700s][info][gc,start       ] GC(246) Pause Young (Allocation Failure)
[2025-12-25T04:28:41.066+0000][376.706s][info][gc,heap        ] GC(246) DefNew: 83273K(88512K)->3154K(88512K) Eden: 78720K(78720K)->0K(78720K) From: 4553K(9792K)->3154K(9792K)
[2025-12-25T04:28:41.067+0000][376.707s][info][gc,heap        ] GC(246) Tenured: 113124K(196608K)->113125K(196608K)
[2025-12-25T04:28:41.068+0000][376.708s][info][gc,metaspace   ] GC(246) Metaspace: 96951K(99008K)->96951K(99008K) NonClass: 83944K(85184K)->83944K(85184K) Class: 13006K(13824K)->13006K(13824K)
[2025-12-25T04:28:41.069+0000][376.709s][info][gc             ] GC(246) Pause Young (Allocation Failure) 191M->113M(278M) 9.045ms
[2025-12-25T04:28:41.070+0000][376.710s][info][gc,cpu         ] GC(246) User=0.00s Sys=0.00s Real=0.01s
[2025-12-25T04:28:41.234+0000][376.874s][info][gc,start       ] GC(247) Pause Young (Allocation Failure)
[2025-12-25T04:28:41.240+0000][376.880s][info][gc,heap        ] GC(247) DefNew: 81874K(88512K)->2645K(88512K) Eden: 78720K(78720K)->0K(78720K) From: 3154K(9792K)->2645K(9792K)
[2025-12-25T04:28:41.241+0000][376.881s][info][gc,heap        ] GC(247) Tenured: 113125K(196608K)->113125K(196608K)
[2025-12-25T04:28:41.241+0000][376.881s][info][gc,metaspace   ] GC(247) Metaspace: 96952K(99008K)->96952K(99008K) NonClass: 83946K(85184K)->83946K(85184K) Class: 13006K(13824K)->13006K(13824K)
[2025-12-25T04:28:41.242+0000][376.882s][info][gc             ] GC(247) Pause Young (Allocation Failure) 190M->113M(278M) 8.384ms
[2025-12-25T04:28:41.242+0000][376.882s][info][gc,cpu         ] GC(247) User=0.00s Sys=0.00s Real=0.01s
[2025-12-25T04:28:41.299+0000][376.939s][info][gc,start       ] GC(248) Pause Young (Allocation Failure)
[2025-12-25T04:28:41.313+0000][376.953s][info][gc,heap        ] GC(248) DefNew: 81365K(88512K)->2428K(88512K) Eden: 78720K(78720K)->0K(78720K) From: 2645K(9792K)->2428K(9792K)
[2025-12-25T04:28:41.313+0000][376.953s][info][gc,heap        ] GC(248) Tenured: 113125K(196608K)->113125K(196608K)
[2025-12-25T04:28:41.313+0000][376.953s][info][gc,metaspace   ] GC(248) Metaspace: 96952K(99008K)->96952K(99008K) NonClass: 83946K(85184K)->83946K(85184K) Class: 13006K(13824K)->13006K(13824K)
[2025-12-25T04:28:41.314+0000][376.954s][info][gc             ] GC(248) Pause Young (Allocation Failure) 189M->112M(278M) 14.921ms
[2025-12-25T04:28:41.314+0000][376.954s][info][gc,cpu         ] GC(248) User=0.00s Sys=0.00s Real=0.01s
[2025-12-25T04:28:41.357+0000][376.997s][info][gc,start       ] GC(249) Pause Young (Allocation Failure)
[2025-12-25T04:28:41.395+0000][377.035s][info][gc,heap        ] GC(249) DefNew: 81148K(88512K)->4291K(88512K) Eden: 78720K(78720K)->0K(78720K) From: 2428K(9792K)->4291K(9792K)
[2025-12-25T04:28:41.397+0000][377.037s][info][gc,heap        ] GC(249) Tenured: 113125K(196608K)->113125K(196608K)
[2025-12-25T04:28:41.397+0000][377.037s][info][gc,metaspace   ] GC(249) Metaspace: 96952K(99008K)->96952K(99008K) NonClass: 83946K(85184K)->83946K(85184K) Class: 13006K(13824K)->13006K(13824K)
[2025-12-25T04:28:41.398+0000][377.038s][info][gc             ] GC(249) Pause Young (Allocation Failure) 189M->114M(278M) 40.787ms
[2025-12-25T04:28:41.398+0000][377.038s][info][gc,cpu         ] GC(249) User=0.01s Sys=0.00s Real=0.04s
[2025-12-25T04:28:41.581+0000][377.221s][info][gc,start       ] GC(250) Pause Young (Allocation Failure)
[2025-12-25T04:28:41.596+0000][377.236s][info][gc,heap        ] GC(250) DefNew: 83011K(88512K)->3811K(88512K) Eden: 78719K(78720K)->0K(78720K) From: 4291K(9792K)->3811K(9792K)
[2025-12-25T04:28:41.596+0000][377.236s][info][gc,heap        ] GC(250) Tenured: 113125K(196608K)->113125K(196608K)
[2025-12-25T04:28:41.596+0000][377.236s][info][gc,metaspace   ] GC(250) Metaspace: 96952K(99008K)->96952K(99008K) NonClass: 83946K(85184K)->83946K(85184K) Class: 13006K(13824K)->13006K(13824K)
[2025-12-25T04:28:41.597+0000][377.237s][info][gc             ] GC(250) Pause Young (Allocation Failure) 191M->114M(278M) 16.438ms
[2025-12-25T04:28:41.597+0000][377.237s][info][gc,cpu         ] GC(250) User=0.01s Sys=0.00s Real=0.02s
[2025-12-25T04:28:41.723+0000][377.363s][info][gc,start       ] GC(251) Pause Young (Allocation Failure)
[2025-12-25T04:28:41.729+0000][377.369s][info][gc,heap        ] GC(251) DefNew: 82531K(88512K)->2500K(88512K) Eden: 78720K(78720K)->0K(78720K) From: 3811K(9792K)->2500K(9792K)
[2025-12-25T04:28:41.730+0000][377.370s][info][gc,heap        ] GC(251) Tenured: 113125K(196608K)->113125K(196608K)
[2025-12-25T04:28:41.730+0000][377.370s][info][gc,metaspace   ] GC(251) Metaspace: 96953K(99008K)->96953K(99008K) NonClass: 83947K(85184K)->83947K(85184K) Class: 13006K(13824K)->13006K(13824K)
[2025-12-25T04:28:41.730+0000][377.370s][info][gc             ] GC(251) Pause Young (Allocation Failure) 191M->112M(278M) 7.735ms
[2025-12-25T04:28:41.731+0000][377.371s][info][gc,cpu         ] GC(251) User=0.00s Sys=0.00s Real=0.01s
[2025-12-25T04:28:41.841+0000][377.481s][info][gc,start       ] GC(252) Pause Young (Allocation Failure)
[2025-12-25T04:28:41.845+0000][377.485s][info][gc,heap        ] GC(252) DefNew: 81183K(88512K)->2123K(88512K) Eden: 78683K(78720K)->0K(78720K) From: 2500K(9792K)->2123K(9792K)
[2025-12-25T04:28:41.845+0000][377.485s][info][gc,heap        ] GC(252) Tenured: 113125K(196608K)->113125K(196608K)
[2025-12-25T04:28:41.845+0000][377.485s][info][gc,metaspace   ] GC(252) Metaspace: 96953K(99008K)->96953K(99008K) NonClass: 83947K(85184K)->83947K(85184K) Class: 13006K(13824K)->13006K(13824K)
[2025-12-25T04:28:41.846+0000][377.486s][info][gc             ] GC(252) Pause Young (Allocation Failure) 189M->112M(278M) 5.170ms
[2025-12-25T04:28:41.846+0000][377.486s][info][gc,cpu         ] GC(252) User=0.01s Sys=0.00s Real=0.01s
[2025-12-25T04:28:41.990+0000][377.630s][info][gc,start       ] GC(253) Pause Young (Allocation Failure)
[2025-12-25T04:28:41.999+0000][377.639s][info][gc,heap        ] GC(253) DefNew: 80843K(88512K)->2725K(88512K) Eden: 78720K(78720K)->0K(78720K) From: 2123K(9792K)->2725K(9792K)
[2025-12-25T04:28:42.000+0000][377.640s][info][gc,heap        ] GC(253) Tenured: 113125K(196608K)->113126K(196608K)
[2025-12-25T04:28:42.000+0000][377.640s][info][gc,metaspace   ] GC(253) Metaspace: 96953K(99008K)->96953K(99008K) NonClass: 83947K(85184K)->83947K(85184K) Class: 13006K(13824K)->13006K(13824K)
[2025-12-25T04:28:42.000+0000][377.640s][info][gc             ] GC(253) Pause Young (Allocation Failure) 189M->113M(278M) 10.491ms
[2025-12-25T04:28:42.000+0000][377.640s][info][gc,cpu         ] GC(253) User=0.01s Sys=0.00s Real=0.01s
[2025-12-25T04:28:42.208+0000][377.848s][info][gc,start       ] GC(254) Pause Young (Allocation Failure)
[2025-12-25T04:28:42.223+0000][377.863s][info][gc,heap        ] GC(254) DefNew: 81445K(88512K)->2966K(88512K) Eden: 78720K(78720K)->0K(78720K) From: 2725K(9792K)->2966K(9792K)
[2025-12-25T04:28:42.223+0000][377.863s][info][gc,heap        ] GC(254) Tenured: 113126K(196608K)->113126K(196608K)
[2025-12-25T04:28:42.223+0000][377.863s][info][gc,metaspace   ] GC(254) Metaspace: 96956K(99008K)->96956K(99008K) NonClass: 83949K(85184K)->83949K(85184K) Class: 13006K(13824K)->13006K(13824K)
[2025-12-25T04:28:42.224+0000][377.864s][info][gc             ] GC(254) Pause Young (Allocation Failure) 190M->113M(278M) 16.351ms
[2025-12-25T04:28:42.224+0000][377.864s][info][gc,cpu         ] GC(254) User=0.00s Sys=0.00s Real=0.01s
[2025-12-25T04:28:42.375+0000][378.015s][info][gc,start       ] GC(255) Pause Young (Allocation Failure)
[2025-12-25T04:28:42.382+0000][378.022s][info][gc,heap        ] GC(255) DefNew: 81686K(88512K)->2226K(88512K) Eden: 78720K(78720K)->0K(78720K) From: 2966K(9792K)->2226K(9792K)
[2025-12-25T04:28:42.383+0000][378.023s][info][gc,heap        ] GC(255) Tenured: 113126K(196608K)->113126K(196608K)
[2025-12-25T04:28:42.386+0000][378.026s][info][gc,metaspace   ] GC(255) Metaspace: 96963K(99008K)->96963K(99008K) NonClass: 83956K(85184K)->83956K(85184K) Class: 13006K(13824K)->13006K(13824K)
[2025-12-25T04:28:42.387+0000][378.027s][info][gc             ] GC(255) Pause Young (Allocation Failure) 190M->112M(278M) 12.372ms
[2025-12-25T04:28:42.388+0000][378.028s][info][gc,cpu         ] GC(255) User=0.00s Sys=0.00s Real=0.01s
[2025-12-25T04:28:42.484+0000][378.124s][info][gc,start       ] GC(256) Pause Young (Allocation Failure)
[2025-12-25T04:28:42.490+0000][378.129s][info][gc,heap        ] GC(256) DefNew: 80946K(88512K)->2902K(88512K) Eden: 78720K(78720K)->0K(78720K) From: 2226K(9792K)->2902K(9792K)
[2025-12-25T04:28:42.490+0000][378.130s][info][gc,heap        ] GC(256) Tenured: 113126K(196608K)->113126K(196608K)
[2025-12-25T04:28:42.492+0000][378.132s][info][gc,metaspace   ] GC(256) Metaspace: 96963K(99008K)->96963K(99008K) NonClass: 83956K(85184K)->83956K(85184K) Class: 13006K(13824K)->13006K(13824K)
[2025-12-25T04:28:42.492+0000][378.132s][info][gc             ] GC(256) Pause Young (Allocation Failure) 189M->113M(278M) 7.578ms
[2025-12-25T04:28:42.492+0000][378.132s][info][gc,cpu         ] GC(256) User=0.00s Sys=0.00s Real=0.01s
[2025-12-25T04:28:42.642+0000][378.282s][info][gc,start       ] GC(257) Pause Young (Allocation Failure)
[2025-12-25T04:28:42.646+0000][378.286s][info][gc,heap        ] GC(257) DefNew: 81622K(88512K)->2847K(88512K) Eden: 78720K(78720K)->0K(78720K) From: 2902K(9792K)->2847K(9792K)
[2025-12-25T04:28:42.646+0000][378.286s][info][gc,heap        ] GC(257) Tenured: 113126K(196608K)->113126K(196608K)
[2025-12-25T04:28:42.647+0000][378.287s][info][gc,metaspace   ] GC(257) Metaspace: 96972K(99008K)->96972K(99008K) NonClass: 83965K(85184K)->83965K(85184K) Class: 13006K(13824K)->13006K(13824K)
[2025-12-25T04:28:42.647+0000][378.287s][info][gc             ] GC(257) Pause Young (Allocation Failure) 190M->113M(278M) 5.021ms
[2025-12-25T04:28:42.647+0000][378.287s][info][gc,cpu         ] GC(257) User=0.00s Sys=0.00s Real=0.01s
[2025-12-25T04:28:42.760+0000][378.400s][info][gc,start       ] GC(258) Pause Young (Allocation Failure)
[2025-12-25T04:28:42.766+0000][378.406s][info][gc,heap        ] GC(258) DefNew: 81567K(88512K)->2485K(88512K) Eden: 78720K(78720K)->0K(78720K) From: 2847K(9792K)->2485K(9792K)
[2025-12-25T04:28:42.766+0000][378.406s][info][gc,heap        ] GC(258) Tenured: 113126K(196608K)->113135K(196608K)
[2025-12-25T04:28:42.766+0000][378.406s][info][gc,metaspace   ] GC(258) Metaspace: 96972K(99008K)->96972K(99008K) NonClass: 83965K(85184K)->83965K(85184K) Class: 13006K(13824K)->13006K(13824K)
[2025-12-25T04:28:42.766+0000][378.406s][info][gc             ] GC(258) Pause Young (Allocation Failure) 190M->112M(278M) 6.544ms
[2025-12-25T04:28:42.767+0000][378.407s][info][gc,cpu         ] GC(258) User=0.00s Sys=0.00s Real=0.01s
[2025-12-25T04:28:42.885+0000][378.525s][info][gc,start       ] GC(259) Pause Young (Allocation Failure)
[2025-12-25T04:28:42.892+0000][378.532s][info][gc,heap        ] GC(259) DefNew: 81205K(88512K)->2657K(88512K) Eden: 78720K(78720K)->0K(78720K) From: 2485K(9792K)->2657K(9792K)
[2025-12-25T04:28:42.892+0000][378.532s][info][gc,heap        ] GC(259) Tenured: 113135K(196608K)->113159K(196608K)
[2025-12-25T04:28:42.892+0000][378.532s][info][gc,metaspace   ] GC(259) Metaspace: 96979K(99008K)->96979K(99008K) NonClass: 83972K(85184K)->83972K(85184K) Class: 13006K(13824K)->13006K(13824K)
[2025-12-25T04:28:42.893+0000][378.533s][info][gc             ] GC(259) Pause Young (Allocation Failure) 189M->113M(278M) 8.059ms
[2025-12-25T04:28:42.893+0000][378.533s][info][gc,cpu         ] GC(259) User=0.00s Sys=0.00s Real=0.00s
[2025-12-25T04:28:42.993+0000][378.633s][info][gc,start       ] GC(260) Pause Young (Allocation Failure)
[2025-12-25T04:28:42.998+0000][378.638s][info][gc,heap        ] GC(260) DefNew: 81377K(88512K)->1848K(88512K) Eden: 78720K(78720K)->0K(78720K) From: 2657K(9792K)->1848K(9792K)
[2025-12-25T04:28:42.998+0000][378.638s][info][gc,heap        ] GC(260) Tenured: 113159K(196608K)->113270K(196608K)
[2025-12-25T04:28:42.999+0000][378.639s][info][gc,metaspace   ] GC(260) Metaspace: 96979K(99008K)->96979K(99008K) NonClass: 83972K(85184K)->83972K(85184K) Class: 13006K(13824K)->13006K(13824K)
[2025-12-25T04:28:43.003+0000][378.643s][info][gc             ] GC(260) Pause Young (Allocation Failure) 189M->112M(278M) 9.155ms
[2025-12-25T04:28:43.003+0000][378.643s][info][gc,cpu         ] GC(260) User=0.01s Sys=0.00s Real=0.01s
[2025-12-25T04:28:43.124+0000][378.764s][info][gc,start       ] GC(261) Pause Young (Allocation Failure)
[2025-12-25T04:28:43.128+0000][378.768s][info][gc,heap        ] GC(261) DefNew: 80568K(88512K)->1622K(88512K) Eden: 78719K(78720K)->0K(78720K) From: 1848K(9792K)->1622K(9792K)
[2025-12-25T04:28:43.128+0000][378.768s][info][gc,heap        ] GC(261) Tenured: 113270K(196608K)->113816K(196608K)
[2025-12-25T04:28:43.129+0000][378.769s][info][gc,metaspace   ] GC(261) Metaspace: 96979K(99008K)->96979K(99008K) NonClass: 83972K(85184K)->83972K(85184K) Class: 13006K(13824K)->13006K(13824K)
[2025-12-25T04:28:43.129+0000][378.769s][info][gc             ] GC(261) Pause Young (Allocation Failure) 189M->112M(278M) 4.761ms
[2025-12-25T04:28:43.129+0000][378.769s][info][gc,cpu         ] GC(261) User=0.01s Sys=0.00s Real=0.01s
[2025-12-25T04:28:43.246+0000][378.886s][info][gc,start       ] GC(262) Pause Young (Allocation Failure)
[2025-12-25T04:28:43.251+0000][378.891s][info][gc,heap        ] GC(262) DefNew: 80342K(88512K)->1481K(88512K) Eden: 78720K(78720K)->0K(78720K) From: 1622K(9792K)->1481K(9792K)
[2025-12-25T04:28:43.252+0000][378.892s][info][gc,heap        ] GC(262) Tenured: 113816K(196608K)->113816K(196608K)
[2025-12-25T04:28:43.252+0000][378.892s][info][gc,metaspace   ] GC(262) Metaspace: 96979K(99008K)->96979K(99008K) NonClass: 83972K(85184K)->83972K(85184K) Class: 13006K(13824K)->13006K(13824K)
[2025-12-25T04:28:43.253+0000][378.893s][info][gc             ] GC(262) Pause Young (Allocation Failure) 189M->112M(278M) 6.517ms
[2025-12-25T04:28:43.256+0000][378.896s][info][gc,cpu         ] GC(262) User=0.01s Sys=0.00s Real=0.01s
[2025-12-25T04:28:43.365+0000][379.005s][info][gc,start       ] GC(263) Pause Young (Allocation Failure)
[2025-12-25T04:28:43.374+0000][379.014s][info][gc,heap        ] GC(263) DefNew: 80201K(88512K)->2056K(88512K) Eden: 78720K(78720K)->0K(78720K) From: 1481K(9792K)->2056K(9792K)
[2025-12-25T04:28:43.374+0000][379.014s][info][gc,heap        ] GC(263) Tenured: 113816K(196608K)->113823K(196608K)
[2025-12-25T04:28:43.375+0000][379.015s][info][gc,metaspace   ] GC(263) Metaspace: 96979K(99008K)->96979K(99008K) NonClass: 83972K(85184K)->83972K(85184K) Class: 13006K(13824K)->13006K(13824K)
[2025-12-25T04:28:43.375+0000][379.015s][info][gc             ] GC(263) Pause Young (Allocation Failure) 189M->113M(278M) 10.384ms
[2025-12-25T04:28:43.375+0000][379.015s][info][gc,cpu         ] GC(263) User=0.01s Sys=0.00s Real=0.01s
[2025-12-25T04:28:43.526+0000][379.166s][info][gc,start       ] GC(264) Pause Young (Allocation Failure)
[2025-12-25T04:28:43.537+0000][379.177s][info][gc,heap        ] GC(264) DefNew: 80776K(88512K)->1909K(88512K) Eden: 78720K(78720K)->0K(78720K) From: 2056K(9792K)->1909K(9792K)
[2025-12-25T04:28:43.538+0000][379.178s][info][gc,heap        ] GC(264) Tenured: 113823K(196608K)->113823K(196608K)
[2025-12-25T04:28:43.538+0000][379.178s][info][gc,metaspace   ] GC(264) Metaspace: 96979K(99008K)->96979K(99008K) NonClass: 83972K(85184K)->83972K(85184K) Class: 13006K(13824K)->13006K(13824K)
[2025-12-25T04:28:43.538+0000][379.178s][info][gc             ] GC(264) Pause Young (Allocation Failure) 190M->113M(278M) 12.417ms
[2025-12-25T04:28:43.539+0000][379.179s][info][gc,cpu         ] GC(264) User=0.01s Sys=0.00s Real=0.01s
[2025-12-25T04:28:43.629+0000][379.269s][info][gc,start       ] GC(265) Pause Young (Allocation Failure)
[2025-12-25T04:28:43.633+0000][379.273s][info][gc,heap        ] GC(265) DefNew: 80629K(88512K)->2056K(88512K) Eden: 78720K(78720K)->0K(78720K) From: 1909K(9792K)->2056K(9792K)
[2025-12-25T04:28:43.633+0000][379.273s][info][gc,heap        ] GC(265) Tenured: 113823K(196608K)->113829K(196608K)
[2025-12-25T04:28:43.633+0000][379.273s][info][gc,metaspace   ] GC(265) Metaspace: 96979K(99008K)->96979K(99008K) NonClass: 83972K(85184K)->83972K(85184K) Class: 13006K(13824K)->13006K(13824K)
[2025-12-25T04:28:43.633+0000][379.273s][info][gc             ] GC(265) Pause Young (Allocation Failure) 189M->113M(278M) 4.147ms
[2025-12-25T04:28:43.634+0000][379.274s][info][gc,cpu         ] GC(265) User=0.00s Sys=0.00s Real=0.00s
[2025-12-25T04:28:43.777+0000][379.417s][info][gc,start       ] GC(266) Pause Young (Allocation Failure)
[2025-12-25T04:28:43.784+0000][379.424s][info][gc,heap        ] GC(266) DefNew: 80776K(88512K)->2086K(88512K) Eden: 78720K(78720K)->0K(78720K) From: 2056K(9792K)->2086K(9792K)
[2025-12-25T04:28:43.785+0000][379.425s][info][gc,heap        ] GC(266) Tenured: 113829K(196608K)->113829K(196608K)
[2025-12-25T04:28:43.787+0000][379.427s][info][gc,metaspace   ] GC(266) Metaspace: 96979K(99008K)->96979K(99008K) NonClass: 83972K(85184K)->83972K(85184K) Class: 13006K(13824K)->13006K(13824K)
[2025-12-25T04:28:43.788+0000][379.428s][info][gc             ] GC(266) Pause Young (Allocation Failure) 190M->113M(278M) 10.627ms
[2025-12-25T04:28:43.788+0000][379.428s][info][gc,cpu         ] GC(266) User=0.00s Sys=0.00s Real=0.01s
[2025-12-25T04:28:43.886+0000][379.526s][info][gc,start       ] GC(267) Pause Young (Allocation Failure)
[2025-12-25T04:28:43.891+0000][379.531s][info][gc,heap        ] GC(267) DefNew: 80806K(88512K)->2024K(88512K) Eden: 78720K(78720K)->0K(78720K) From: 2086K(9792K)->2024K(9792K)
[2025-12-25T04:28:43.891+0000][379.531s][info][gc,heap        ] GC(267) Tenured: 113829K(196608K)->113829K(196608K)
[2025-12-25T04:28:43.892+0000][379.532s][info][gc,metaspace   ] GC(267) Metaspace: 96979K(99008K)->96979K(99008K) NonClass: 83972K(85184K)->83972K(85184K) Class: 13006K(13824K)->13006K(13824K)
[2025-12-25T04:28:43.892+0000][379.532s][info][gc             ] GC(267) Pause Young (Allocation Failure) 190M->113M(278M) 5.938ms
[2025-12-25T04:28:43.892+0000][379.532s][info][gc,cpu         ] GC(267) User=0.00s Sys=0.00s Real=0.00s
[2025-12-25T04:28:44.008+0000][379.648s][info][gc,start       ] GC(268) Pause Young (Allocation Failure)
[2025-12-25T04:28:44.025+0000][379.665s][info][gc,heap        ] GC(268) DefNew: 80744K(88512K)->2795K(88512K) Eden: 78720K(78720K)->0K(78720K) From: 2024K(9792K)->2795K(9792K)
[2025-12-25T04:28:44.026+0000][379.666s][info][gc,heap        ] GC(268) Tenured: 113829K(196608K)->113829K(196608K)
[2025-12-25T04:28:44.028+0000][379.668s][info][gc,metaspace   ] GC(268) Metaspace: 96985K(99008K)->96985K(99008K) NonClass: 83978K(85184K)->83978K(85184K) Class: 13006K(13824K)->13006K(13824K)
[2025-12-25T04:28:44.029+0000][379.669s][info][gc             ] GC(268) Pause Young (Allocation Failure) 190M->113M(278M) 21.209ms
[2025-12-25T04:28:44.029+0000][379.669s][info][gc,cpu         ] GC(268) User=0.00s Sys=0.00s Real=0.02s
[2025-12-25T04:28:44.169+0000][379.808s][info][gc,start       ] GC(269) Pause Young (Allocation Failure)
[2025-12-25T04:28:44.205+0000][379.845s][info][gc,heap        ] GC(269) DefNew: 81515K(88512K)->2787K(88512K) Eden: 78720K(78720K)->0K(78720K) From: 2795K(9792K)->2787K(9792K)
[2025-12-25T04:28:44.208+0000][379.848s][info][gc,heap        ] GC(269) Tenured: 113829K(196608K)->113843K(196608K)
[2025-12-25T04:28:44.208+0000][379.848s][info][gc,metaspace   ] GC(269) Metaspace: 96985K(99008K)->96985K(99008K) NonClass: 83978K(85184K)->83978K(85184K) Class: 13006K(13824K)->13006K(13824K)
[2025-12-25T04:28:44.208+0000][379.848s][info][gc             ] GC(269) Pause Young (Allocation Failure) 190M->113M(278M) 39.908ms
[2025-12-25T04:28:44.209+0000][379.849s][info][gc,cpu         ] GC(269) User=0.01s Sys=0.00s Real=0.04s
[2025-12-25T04:28:44.333+0000][379.973s][info][gc,start       ] GC(270) Pause Young (Allocation Failure)
[2025-12-25T04:28:44.346+0000][379.986s][info][gc,heap        ] GC(270) DefNew: 81507K(88512K)->4801K(88512K) Eden: 78720K(78720K)->0K(78720K) From: 2787K(9792K)->4801K(9792K)
[2025-12-25T04:28:44.346+0000][379.986s][info][gc,heap        ] GC(270) Tenured: 113843K(196608K)->113844K(196608K)
[2025-12-25T04:28:44.349+0000][379.989s][info][gc,metaspace   ] GC(270) Metaspace: 96985K(99008K)->96985K(99008K) NonClass: 83978K(85184K)->83978K(85184K) Class: 13006K(13824K)->13006K(13824K)
[2025-12-25T04:28:44.350+0000][379.990s][info][gc             ] GC(270) Pause Young (Allocation Failure) 190M->115M(278M) 17.051ms
[2025-12-25T04:28:44.352+0000][379.991s][info][gc,cpu         ] GC(270) User=0.01s Sys=0.00s Real=0.02s
[2025-12-25T04:28:44.491+0000][380.131s][info][gc,start       ] GC(271) Pause Young (Allocation Failure)
[2025-12-25T04:28:44.513+0000][380.153s][info][gc,heap        ] GC(271) DefNew: 83498K(88512K)->3003K(88512K) Eden: 78697K(78720K)->0K(78720K) From: 4801K(9792K)->3003K(9792K)
[2025-12-25T04:28:44.513+0000][380.153s][info][gc,heap        ] GC(271) Tenured: 113844K(196608K)->113844K(196608K)
[2025-12-25T04:28:44.513+0000][380.153s][info][gc,metaspace   ] GC(271) Metaspace: 96985K(99008K)->96985K(99008K) NonClass: 83978K(85184K)->83978K(85184K) Class: 13006K(13824K)->13006K(13824K)
[2025-12-25T04:28:44.514+0000][380.154s][info][gc             ] GC(271) Pause Young (Allocation Failure) 192M->114M(278M) 22.405ms
[2025-12-25T04:28:44.514+0000][380.154s][info][gc,cpu         ] GC(271) User=0.01s Sys=0.00s Real=0.03s
[2025-12-25T04:28:45.633+0000][381.273s][info][gc,start       ] GC(272) Pause Young (Allocation Failure)
[2025-12-25T04:28:45.640+0000][381.280s][info][gc,heap        ] GC(272) DefNew: 81723K(88512K)->2361K(88512K) Eden: 78720K(78720K)->0K(78720K) From: 3003K(9792K)->2361K(9792K)
[2025-12-25T04:28:45.640+0000][381.280s][info][gc,heap        ] GC(272) Tenured: 113844K(196608K)->113844K(196608K)
[2025-12-25T04:28:45.640+0000][381.280s][info][gc,metaspace   ] GC(272) Metaspace: 96985K(99008K)->96985K(99008K) NonClass: 83978K(85184K)->83978K(85184K) Class: 13006K(13824K)->13006K(13824K)
[2025-12-25T04:28:45.641+0000][381.281s][info][gc             ] GC(272) Pause Young (Allocation Failure) 190M->113M(278M) 7.322ms
[2025-12-25T04:28:45.641+0000][381.281s][info][gc,cpu         ] GC(272) User=0.01s Sys=0.00s Real=0.01s
[2025-12-25T04:28:46.805+0000][382.445s][info][gc,start       ] GC(273) Pause Young (Allocation Failure)
[2025-12-25T04:28:46.810+0000][382.450s][info][gc,heap        ] GC(273) DefNew: 81081K(88512K)->2363K(88512K) Eden: 78720K(78720K)->0K(78720K) From: 2361K(9792K)->2363K(9792K)
[2025-12-25T04:28:46.810+0000][382.450s][info][gc,heap        ] GC(273) Tenured: 113844K(196608K)->113844K(196608K)
[2025-12-25T04:28:46.810+0000][382.450s][info][gc,metaspace   ] GC(273) Metaspace: 96985K(99008K)->96985K(99008K) NonClass: 83978K(85184K)->83978K(85184K) Class: 13006K(13824K)->13006K(13824K)
[2025-12-25T04:28:46.810+0000][382.450s][info][gc             ] GC(273) Pause Young (Allocation Failure) 190M->113M(278M) 5.210ms
[2025-12-25T04:28:46.810+0000][382.450s][info][gc,cpu         ] GC(273) User=0.01s Sys=0.00s Real=0.00s
[2025-12-25T04:28:47.944+0000][383.584s][info][gc,start       ] GC(274) Pause Young (Allocation Failure)
[2025-12-25T04:28:47.949+0000][383.589s][info][gc,heap        ] GC(274) DefNew: 81083K(88512K)->2380K(88512K) Eden: 78720K(78720K)->0K(78720K) From: 2363K(9792K)->2380K(9792K)
[2025-12-25T04:28:47.950+0000][383.590s][info][gc,heap        ] GC(274) Tenured: 113844K(196608K)->113844K(196608K)
[2025-12-25T04:28:47.950+0000][383.590s][info][gc,metaspace   ] GC(274) Metaspace: 97001K(99008K)->97001K(99008K) NonClass: 83994K(85184K)->83994K(85184K) Class: 13006K(13824K)->13006K(13824K)
[2025-12-25T04:28:47.950+0000][383.590s][info][gc             ] GC(274) Pause Young (Allocation Failure) 190M->113M(278M) 5.695ms
[2025-12-25T04:28:47.950+0000][383.590s][info][gc,cpu         ] GC(274) User=0.01s Sys=0.00s Real=0.01s
[2025-12-25T04:28:49.127+0000][384.767s][info][gc,start       ] GC(275) Pause Young (Allocation Failure)
[2025-12-25T04:28:49.132+0000][384.772s][info][gc,heap        ] GC(275) DefNew: 81100K(88512K)->2376K(88512K) Eden: 78720K(78720K)->0K(78720K) From: 2380K(9792K)->2376K(9792K)
[2025-12-25T04:28:49.132+0000][384.772s][info][gc,heap        ] GC(275) Tenured: 113844K(196608K)->113844K(196608K)
[2025-12-25T04:28:49.132+0000][384.772s][info][gc,metaspace   ] GC(275) Metaspace: 97001K(99008K)->97001K(99008K) NonClass: 83994K(85184K)->83994K(85184K) Class: 13006K(13824K)->13006K(13824K)
[2025-12-25T04:28:49.133+0000][384.773s][info][gc             ] GC(275) Pause Young (Allocation Failure) 190M->113M(278M) 5.772ms
[2025-12-25T04:28:49.133+0000][384.773s][info][gc,cpu         ] GC(275) User=0.00s Sys=0.00s Real=0.00s
[2025-12-25T04:28:50.362+0000][386.002s][info][gc,start       ] GC(276) Pause Young (Allocation Failure)
[2025-12-25T04:28:50.368+0000][386.008s][info][gc,heap        ] GC(276) DefNew: 81096K(88512K)->1769K(88512K) Eden: 78720K(78720K)->0K(78720K) From: 2376K(9792K)->1769K(9792K)
[2025-12-25T04:28:50.369+0000][386.009s][info][gc,heap        ] GC(276) Tenured: 113844K(196608K)->113844K(196608K)
[2025-12-25T04:28:50.369+0000][386.009s][info][gc,metaspace   ] GC(276) Metaspace: 97003K(99008K)->97003K(99008K) NonClass: 83996K(85184K)->83996K(85184K) Class: 13006K(13824K)->13006K(13824K)
[2025-12-25T04:28:50.369+0000][386.009s][info][gc             ] GC(276) Pause Young (Allocation Failure) 190M->112M(278M) 6.559ms
[2025-12-25T04:28:50.369+0000][386.009s][info][gc,cpu         ] GC(276) User=0.01s Sys=0.00s Real=0.01s
[2025-12-25T04:28:51.141+0000][386.781s][info][gc,start       ] GC(277) Pause Young (Allocation Failure)
[2025-12-25T04:28:51.155+0000][386.795s][info][gc,heap        ] GC(277) DefNew: 80489K(88512K)->3336K(88512K) Eden: 78720K(78720K)->0K(78720K) From: 1769K(9792K)->3336K(9792K)
[2025-12-25T04:28:51.155+0000][386.795s][info][gc,heap        ] GC(277) Tenured: 113844K(196608K)->113844K(196608K)
[2025-12-25T04:28:51.156+0000][386.796s][info][gc,metaspace   ] GC(277) Metaspace: 97003K(99008K)->97003K(99008K) NonClass: 83996K(85184K)->83996K(85184K) Class: 13006K(13824K)->13006K(13824K)
[2025-12-25T04:28:51.157+0000][386.797s][info][gc             ] GC(277) Pause Young (Allocation Failure) 189M->114M(278M) 15.637ms
[2025-12-25T04:28:51.158+0000][386.798s][info][gc,cpu         ] GC(277) User=0.01s Sys=0.00s Real=0.02s
[2025-12-25T04:28:51.310+0000][386.950s][info][gc,start       ] GC(278) Pause Young (Allocation Failure)
[2025-12-25T04:28:51.324+0000][386.964s][info][gc,heap        ] GC(278) DefNew: 82056K(88512K)->3524K(88512K) Eden: 78720K(78720K)->0K(78720K) From: 3336K(9792K)->3524K(9792K)
[2025-12-25T04:28:51.326+0000][386.966s][info][gc,heap        ] GC(278) Tenured: 113844K(196608K)->113844K(196608K)
[2025-12-25T04:28:51.326+0000][386.966s][info][gc,metaspace   ] GC(278) Metaspace: 97003K(99008K)->97003K(99008K) NonClass: 83996K(85184K)->83996K(85184K) Class: 13006K(13824K)->13006K(13824K)
[2025-12-25T04:28:51.327+0000][386.967s][info][gc             ] GC(278) Pause Young (Allocation Failure) 191M->114M(278M) 16.241ms
[2025-12-25T04:28:51.327+0000][386.967s][info][gc,cpu         ] GC(278) User=0.01s Sys=0.01s Real=0.02s
[2025-12-25T04:28:51.516+0000][387.156s][info][gc,start       ] GC(279) Pause Young (Allocation Failure)
[2025-12-25T04:28:51.521+0000][387.161s][info][gc,heap        ] GC(279) DefNew: 82244K(88512K)->3513K(88512K) Eden: 78720K(78720K)->0K(78720K) From: 3524K(9792K)->3513K(9792K)
[2025-12-25T04:28:51.522+0000][387.162s][info][gc,heap        ] GC(279) Tenured: 113844K(196608K)->113844K(196608K)
[2025-12-25T04:28:51.523+0000][387.163s][info][gc,metaspace   ] GC(279) Metaspace: 97003K(99008K)->97003K(99008K) NonClass: 83996K(85184K)->83996K(85184K) Class: 13006K(13824K)->13006K(13824K)
[2025-12-25T04:28:51.523+0000][387.163s][info][gc             ] GC(279) Pause Young (Allocation Failure) 191M->114M(278M) 7.372ms
[2025-12-25T04:28:51.523+0000][387.163s][info][gc,cpu         ] GC(279) User=0.00s Sys=0.00s Real=0.00s
[2025-12-25T04:28:51.739+0000][387.379s][info][gc,start       ] GC(280) Pause Young (Allocation Failure)
[2025-12-25T04:28:51.758+0000][387.398s][info][gc,heap        ] GC(280) DefNew: 82233K(88512K)->3639K(88512K) Eden: 78720K(78720K)->0K(78720K) From: 3513K(9792K)->3639K(9792K)
[2025-12-25T04:28:51.761+0000][387.401s][info][gc,heap        ] GC(280) Tenured: 113844K(196608K)->113845K(196608K)
[2025-12-25T04:28:51.761+0000][387.401s][info][gc,metaspace   ] GC(280) Metaspace: 97011K(99008K)->97011K(99008K) NonClass: 84003K(85184K)->84003K(85184K) Class: 13007K(13824K)->13007K(13824K)
[2025-12-25T04:28:51.761+0000][387.401s][info][gc             ] GC(280) Pause Young (Allocation Failure) 191M->114M(278M) 22.180ms
[2025-12-25T04:28:51.761+0000][387.401s][info][gc,cpu         ] GC(280) User=0.00s Sys=0.00s Real=0.02s
[2025-12-25T04:28:51.862+0000][387.502s][info][gc,start       ] GC(281) Pause Young (Allocation Failure)
[2025-12-25T04:28:51.877+0000][387.517s][info][gc,heap        ] GC(281) DefNew: 82354K(88512K)->3196K(88512K) Eden: 78715K(78720K)->0K(78720K) From: 3639K(9792K)->3196K(9792K)
[2025-12-25T04:28:51.878+0000][387.518s][info][gc,heap        ] GC(281) Tenured: 113845K(196608K)->113846K(196608K)
[2025-12-25T04:28:51.879+0000][387.519s][info][gc,metaspace   ] GC(281) Metaspace: 97011K(99008K)->97011K(99008K) NonClass: 84003K(85184K)->84003K(85184K) Class: 13007K(13824K)->13007K(13824K)
[2025-12-25T04:28:51.880+0000][387.520s][info][gc             ] GC(281) Pause Young (Allocation Failure) 191M->114M(278M) 18.617ms
[2025-12-25T04:28:51.880+0000][387.520s][info][gc,cpu         ] GC(281) User=0.01s Sys=0.00s Real=0.02s
[2025-12-25T04:28:52.032+0000][387.672s][info][gc,start       ] GC(282) Pause Young (Allocation Failure)
[2025-12-25T04:28:52.042+0000][387.682s][info][gc,heap        ] GC(282) DefNew: 81916K(88512K)->3831K(88512K) Eden: 78720K(78720K)->0K(78720K) From: 3196K(9792K)->3831K(9792K)
[2025-12-25T04:28:52.044+0000][387.684s][info][gc,heap        ] GC(282) Tenured: 113846K(196608K)->113846K(196608K)
[2025-12-25T04:28:52.044+0000][387.684s][info][gc,metaspace   ] GC(282) Metaspace: 97012K(99008K)->97012K(99008K) NonClass: 84005K(85184K)->84005K(85184K) Class: 13007K(13824K)->13007K(13824K)
[2025-12-25T04:28:52.044+0000][387.684s][info][gc             ] GC(282) Pause Young (Allocation Failure) 191M->114M(278M) 12.410ms
[2025-12-25T04:28:52.044+0000][387.684s][info][gc,cpu         ] GC(282) User=0.01s Sys=0.00s Real=0.02s
[2025-12-25T04:28:52.229+0000][387.869s][info][gc,start       ] GC(283) Pause Young (Allocation Failure)
[2025-12-25T04:28:52.238+0000][387.878s][info][gc,heap        ] GC(283) DefNew: 82551K(88512K)->4496K(88512K) Eden: 78720K(78720K)->0K(78720K) From: 3831K(9792K)->4496K(9792K)
[2025-12-25T04:28:52.239+0000][387.879s][info][gc,heap        ] GC(283) Tenured: 113846K(196608K)->113865K(196608K)
[2025-12-25T04:28:52.242+0000][387.882s][info][gc,metaspace   ] GC(283) Metaspace: 97029K(99008K)->97029K(99008K) NonClass: 84022K(85184K)->84022K(85184K) Class: 13007K(13824K)->13007K(13824K)
[2025-12-25T04:28:52.244+0000][387.884s][info][gc             ] GC(283) Pause Young (Allocation Failure) 191M->115M(278M) 15.330ms
[2025-12-25T04:28:52.245+0000][387.885s][info][gc,cpu         ] GC(283) User=0.00s Sys=0.00s Real=0.02s
[2025-12-25T04:28:52.338+0000][387.978s][info][gc,start       ] GC(284) Pause Young (Allocation Failure)
[2025-12-25T04:28:52.346+0000][387.986s][info][gc,heap        ] GC(284) DefNew: 83216K(88512K)->2567K(88512K) Eden: 78720K(78720K)->0K(78720K) From: 4496K(9792K)->2567K(9792K)
[2025-12-25T04:28:52.347+0000][387.987s][info][gc,heap        ] GC(284) Tenured: 113865K(196608K)->114479K(196608K)
[2025-12-25T04:28:52.347+0000][387.987s][info][gc,metaspace   ] GC(284) Metaspace: 97035K(99008K)->97035K(99008K) NonClass: 84027K(85184K)->84027K(85184K) Class: 13007K(13824K)->13007K(13824K)
[2025-12-25T04:28:52.348+0000][387.988s][info][gc             ] GC(284) Pause Young (Allocation Failure) 192M->114M(278M) 10.614ms
[2025-12-25T04:28:52.349+0000][387.989s][info][gc,cpu         ] GC(284) User=0.00s Sys=0.00s Real=0.01s
[2025-12-25T04:28:52.464+0000][388.104s][info][gc,start       ] GC(285) Pause Young (Allocation Failure)
[2025-12-25T04:28:52.471+0000][388.111s][info][gc,heap        ] GC(285) DefNew: 81287K(88512K)->2347K(88512K) Eden: 78720K(78720K)->0K(78720K) From: 2567K(9792K)->2347K(9792K)
[2025-12-25T04:28:52.471+0000][388.111s][info][gc,heap        ] GC(285) Tenured: 114479K(196608K)->114480K(196608K)
[2025-12-25T04:28:52.471+0000][388.111s][info][gc,metaspace   ] GC(285) Metaspace: 97037K(99008K)->97037K(99008K) NonClass: 84030K(85184K)->84030K(85184K) Class: 13007K(13824K)->13007K(13824K)
[2025-12-25T04:28:52.472+0000][388.112s][info][gc             ] GC(285) Pause Young (Allocation Failure) 191M->114M(278M) 8.109ms
[2025-12-25T04:28:52.472+0000][388.112s][info][gc,cpu         ] GC(285) User=0.00s Sys=0.00s Real=0.01s
[2025-12-25T04:28:52.623+0000][388.263s][info][gc,start       ] GC(286) Pause Young (Allocation Failure)
[2025-12-25T04:28:52.632+0000][388.272s][info][gc,heap        ] GC(286) DefNew: 81067K(88512K)->1794K(88512K) Eden: 78720K(78720K)->0K(78720K) From: 2347K(9792K)->1794K(9792K)
[2025-12-25T04:28:52.633+0000][388.273s][info][gc,heap        ] GC(286) Tenured: 114480K(196608K)->114480K(196608K)
[2025-12-25T04:28:52.633+0000][388.273s][info][gc,metaspace   ] GC(286) Metaspace: 97037K(99008K)->97037K(99008K) NonClass: 84030K(85184K)->84030K(85184K) Class: 13007K(13824K)->13007K(13824K)
[2025-12-25T04:28:52.633+0000][388.273s][info][gc             ] GC(286) Pause Young (Allocation Failure) 190M->113M(278M) 9.809ms
[2025-12-25T04:28:52.633+0000][388.273s][info][gc,cpu         ] GC(286) User=0.01s Sys=0.00s Real=0.01s
[2025-12-25T04:28:52.739+0000][388.379s][info][gc,start       ] GC(287) Pause Young (Allocation Failure)
[2025-12-25T04:28:52.743+0000][388.383s][info][gc,heap        ] GC(287) DefNew: 80514K(88512K)->2573K(88512K) Eden: 78720K(78720K)->0K(78720K) From: 1794K(9792K)->2573K(9792K)
[2025-12-25T04:28:52.743+0000][388.383s][info][gc,heap        ] GC(287) Tenured: 114480K(196608K)->114481K(196608K)
[2025-12-25T04:28:52.743+0000][388.383s][info][gc,metaspace   ] GC(287) Metaspace: 97037K(99008K)->97037K(99008K) NonClass: 84030K(85184K)->84030K(85184K) Class: 13007K(13824K)->13007K(13824K)
[2025-12-25T04:28:52.744+0000][388.384s][info][gc             ] GC(287) Pause Young (Allocation Failure) 190M->114M(278M) 5.258ms
[2025-12-25T04:28:52.744+0000][388.384s][info][gc,cpu         ] GC(287) User=0.00s Sys=0.00s Real=0.00s
[2025-12-25T04:28:52.848+0000][388.488s][info][gc,start       ] GC(288) Pause Young (Allocation Failure)
[2025-12-25T04:28:52.857+0000][388.497s][info][gc,heap        ] GC(288) DefNew: 81293K(88512K)->2079K(88512K) Eden: 78720K(78720K)->0K(78720K) From: 2573K(9792K)->2079K(9792K)
[2025-12-25T04:28:52.857+0000][388.497s][info][gc,heap        ] GC(288) Tenured: 114481K(196608K)->114482K(196608K)
[2025-12-25T04:28:52.858+0000][388.498s][info][gc,metaspace   ] GC(288) Metaspace: 97037K(99008K)->97037K(99008K) NonClass: 84030K(85184K)->84030K(85184K) Class: 13007K(13824K)->13007K(13824K)
[2025-12-25T04:28:52.858+0000][388.498s][info][gc             ] GC(288) Pause Young (Allocation Failure) 191M->113M(278M) 9.725ms
[2025-12-25T04:28:52.858+0000][388.498s][info][gc,cpu         ] GC(288) User=0.01s Sys=0.00s Real=0.01s
[2025-12-25T04:28:52.985+0000][388.625s][info][gc,start       ] GC(289) Pause Young (Allocation Failure)
[2025-12-25T04:28:52.995+0000][388.635s][info][gc,heap        ] GC(289) DefNew: 80799K(88512K)->3293K(88512K) Eden: 78720K(78720K)->0K(78720K) From: 2079K(9792K)->3293K(9792K)
[2025-12-25T04:28:52.996+0000][388.636s][info][gc,heap        ] GC(289) Tenured: 114482K(196608K)->114486K(196608K)
[2025-12-25T04:28:52.997+0000][388.637s][info][gc,metaspace   ] GC(289) Metaspace: 97037K(99008K)->97037K(99008K) NonClass: 84030K(85184K)->84030K(85184K) Class: 13007K(13824K)->13007K(13824K)
[2025-12-25T04:28:52.998+0000][388.638s][info][gc             ] GC(289) Pause Young (Allocation Failure) 190M->115M(278M) 12.719ms
[2025-12-25T04:28:52.998+0000][388.638s][info][gc,cpu         ] GC(289) User=0.01s Sys=0.00s Real=0.01s
[2025-12-25T04:28:53.154+0000][388.794s][info][gc,start       ] GC(290) Pause Young (Allocation Failure)
[2025-12-25T04:28:53.158+0000][388.798s][info][gc,heap        ] GC(290) DefNew: 82013K(88512K)->1697K(88512K) Eden: 78720K(78720K)->0K(78720K) From: 3293K(9792K)->1697K(9792K)
[2025-12-25T04:28:53.159+0000][388.799s][info][gc,heap        ] GC(290) Tenured: 114486K(196608K)->114487K(196608K)
[2025-12-25T04:28:53.160+0000][388.800s][info][gc,metaspace   ] GC(290) Metaspace: 97037K(99008K)->97037K(99008K) NonClass: 84030K(85184K)->84030K(85184K) Class: 13007K(13824K)->13007K(13824K)
[2025-12-25T04:28:53.161+0000][388.801s][info][gc             ] GC(290) Pause Young (Allocation Failure) 191M->113M(278M) 6.839ms
[2025-12-25T04:28:53.162+0000][388.802s][info][gc,cpu         ] GC(290) User=0.00s Sys=0.00s Real=0.01s
[2025-12-25T04:28:53.347+0000][388.987s][info][gc,start       ] GC(291) Pause Young (Allocation Failure)
[2025-12-25T04:28:53.360+0000][389.000s][info][gc,heap        ] GC(291) DefNew: 80417K(88512K)->2952K(88512K) Eden: 78720K(78720K)->0K(78720K) From: 1697K(9792K)->2952K(9792K)
[2025-12-25T04:28:53.361+0000][389.001s][info][gc,heap        ] GC(291) Tenured: 114487K(196608K)->114488K(196608K)
[2025-12-25T04:28:53.361+0000][389.001s][info][gc,metaspace   ] GC(291) Metaspace: 97037K(99008K)->97037K(99008K) NonClass: 84030K(85184K)->84030K(85184K) Class: 13007K(13824K)->13007K(13824K)
[2025-12-25T04:28:53.362+0000][389.002s][info][gc             ] GC(291) Pause Young (Allocation Failure) 190M->114M(278M) 15.020ms
[2025-12-25T04:28:53.363+0000][389.003s][info][gc,cpu         ] GC(291) User=0.01s Sys=0.00s Real=0.01s
[2025-12-25T04:28:53.558+0000][389.198s][info][gc,start       ] GC(292) Pause Young (Allocation Failure)
[2025-12-25T04:28:53.574+0000][389.214s][info][gc,heap        ] GC(292) DefNew: 81672K(88512K)->2812K(88512K) Eden: 78720K(78720K)->0K(78720K) From: 2952K(9792K)->2812K(9792K)
[2025-12-25T04:28:53.576+0000][389.216s][info][gc,heap        ] GC(292) Tenured: 114488K(196608K)->114489K(196608K)
[2025-12-25T04:28:53.576+0000][389.216s][info][gc,metaspace   ] GC(292) Metaspace: 97037K(99008K)->97037K(99008K) NonClass: 84030K(85184K)->84030K(85184K) Class: 13007K(13824K)->13007K(13824K)
[2025-12-25T04:28:53.577+0000][389.217s][info][gc             ] GC(292) Pause Young (Allocation Failure) 191M->114M(278M) 19.829ms
[2025-12-25T04:28:53.579+0000][389.219s][info][gc,cpu         ] GC(292) User=0.01s Sys=0.00s Real=0.02s
[2025-12-25T04:28:53.796+0000][389.436s][info][gc,start       ] GC(293) Pause Young (Allocation Failure)
[2025-12-25T04:28:53.801+0000][389.441s][info][gc,heap        ] GC(293) DefNew: 81532K(88512K)->2346K(88512K) Eden: 78720K(78720K)->0K(78720K) From: 2812K(9792K)->2346K(9792K)
[2025-12-25T04:28:53.801+0000][389.441s][info][gc,heap        ] GC(293) Tenured: 114489K(196608K)->114489K(196608K)
[2025-12-25T04:28:53.802+0000][389.442s][info][gc,metaspace   ] GC(293) Metaspace: 97037K(99008K)->97037K(99008K) NonClass: 84030K(85184K)->84030K(85184K) Class: 13007K(13824K)->13007K(13824K)
[2025-12-25T04:28:53.802+0000][389.442s][info][gc             ] GC(293) Pause Young (Allocation Failure) 191M->114M(278M) 6.135ms
[2025-12-25T04:28:53.803+0000][389.443s][info][gc,cpu         ] GC(293) User=0.00s Sys=0.00s Real=0.00s
[2025-12-25T04:28:53.932+0000][389.572s][info][gc,start       ] GC(294) Pause Young (Allocation Failure)
[2025-12-25T04:28:53.942+0000][389.582s][info][gc,heap        ] GC(294) DefNew: 81066K(88512K)->3242K(88512K) Eden: 78720K(78720K)->0K(78720K) From: 2346K(9792K)->3242K(9792K)
[2025-12-25T04:28:53.943+0000][389.583s][info][gc,heap        ] GC(294) Tenured: 114489K(196608K)->114490K(196608K)
[2025-12-25T04:28:53.943+0000][389.583s][info][gc,metaspace   ] GC(294) Metaspace: 97037K(99008K)->97037K(99008K) NonClass: 84030K(85184K)->84030K(85184K) Class: 13007K(13824K)->13007K(13824K)
[2025-12-25T04:28:53.943+0000][389.583s][info][gc             ] GC(294) Pause Young (Allocation Failure) 190M->114M(278M) 11.404ms
[2025-12-25T04:28:53.943+0000][389.583s][info][gc,cpu         ] GC(294) User=0.01s Sys=0.00s Real=0.01s
[2025-12-25T04:28:54.083+0000][389.723s][info][gc,start       ] GC(295) Pause Young (Allocation Failure)
[2025-12-25T04:28:54.104+0000][389.744s][info][gc,heap        ] GC(295) DefNew: 81962K(88512K)->2134K(88512K) Eden: 78719K(78720K)->0K(78720K) From: 3242K(9792K)->2134K(9792K)
[2025-12-25T04:28:54.105+0000][389.745s][info][gc,heap        ] GC(295) Tenured: 114490K(196608K)->114491K(196608K)
[2025-12-25T04:28:54.106+0000][389.746s][info][gc,metaspace   ] GC(295) Metaspace: 97037K(99008K)->97037K(99008K) NonClass: 84030K(85184K)->84030K(85184K) Class: 13007K(13824K)->13007K(13824K)
[2025-12-25T04:28:54.108+0000][389.748s][info][gc             ] GC(295) Pause Young (Allocation Failure) 191M->113M(278M) 24.358ms
[2025-12-25T04:28:54.110+0000][389.750s][info][gc,cpu         ] GC(295) User=0.01s Sys=0.00s Real=0.03s
[2025-12-25T04:28:54.210+0000][389.850s][info][gc,start       ] GC(296) Pause Young (Allocation Failure)
[2025-12-25T04:28:54.220+0000][389.860s][info][gc,heap        ] GC(296) DefNew: 80854K(88512K)->2172K(88512K) Eden: 78720K(78720K)->0K(78720K) From: 2134K(9792K)->2172K(9792K)
[2025-12-25T04:28:54.220+0000][389.860s][info][gc,heap        ] GC(296) Tenured: 114491K(196608K)->114491K(196608K)
[2025-12-25T04:28:54.220+0000][389.860s][info][gc,metaspace   ] GC(296) Metaspace: 97037K(99008K)->97037K(99008K) NonClass: 84030K(85184K)->84030K(85184K) Class: 13007K(13824K)->13007K(13824K)
[2025-12-25T04:28:54.220+0000][389.860s][info][gc             ] GC(296) Pause Young (Allocation Failure) 190M->113M(278M) 9.906ms
[2025-12-25T04:28:54.221+0000][389.861s][info][gc,cpu         ] GC(296) User=0.00s Sys=0.00s Real=0.01s
[2025-12-25T04:28:54.350+0000][389.990s][info][gc,start       ] GC(297) Pause Young (Allocation Failure)
[2025-12-25T04:28:54.386+0000][390.026s][info][gc,heap        ] GC(297) DefNew: 80892K(88512K)->3346K(88512K) Eden: 78720K(78720K)->0K(78720K) From: 2172K(9792K)->3346K(9792K)
[2025-12-25T04:28:54.388+0000][390.028s][info][gc,heap        ] GC(297) Tenured: 114491K(196608K)->114491K(196608K)
[2025-12-25T04:28:54.389+0000][390.029s][info][gc,metaspace   ] GC(297) Metaspace: 97037K(99008K)->97037K(99008K) NonClass: 84030K(85184K)->84030K(85184K) Class: 13007K(13824K)->13007K(13824K)
[2025-12-25T04:28:54.389+0000][390.029s][info][gc             ] GC(297) Pause Young (Allocation Failure) 190M->115M(278M) 39.478ms
[2025-12-25T04:28:54.390+0000][390.030s][info][gc,cpu         ] GC(297) User=0.02s Sys=0.00s Real=0.04s
[2025-12-25T04:28:54.513+0000][390.153s][info][gc,start       ] GC(298) Pause Young (Allocation Failure)
[2025-12-25T04:28:54.524+0000][390.164s][info][gc,heap        ] GC(298) DefNew: 82046K(88512K)->3498K(88512K) Eden: 78699K(78720K)->0K(78720K) From: 3346K(9792K)->3498K(9792K)
[2025-12-25T04:28:54.525+0000][390.165s][info][gc,heap        ] GC(298) Tenured: 114491K(196608K)->114501K(196608K)
[2025-12-25T04:28:54.525+0000][390.165s][info][gc,metaspace   ] GC(298) Metaspace: 97037K(99008K)->97037K(99008K) NonClass: 84030K(85184K)->84030K(85184K) Class: 13007K(13824K)->13007K(13824K)
[2025-12-25T04:28:54.525+0000][390.165s][info][gc             ] GC(298) Pause Young (Allocation Failure) 191M->115M(278M) 12.531ms
[2025-12-25T04:28:54.526+0000][390.166s][info][gc,cpu         ] GC(298) User=0.01s Sys=0.00s Real=0.02s
[2025-12-25T04:28:54.687+0000][390.327s][info][gc,start       ] GC(299) Pause Young (Allocation Failure)
[2025-12-25T04:28:54.692+0000][390.332s][info][gc,heap        ] GC(299) DefNew: 82218K(88512K)->2369K(88512K) Eden: 78720K(78720K)->0K(78720K) From: 3498K(9792K)->2369K(9792K)
[2025-12-25T04:28:54.693+0000][390.333s][info][gc,heap        ] GC(299) Tenured: 114501K(196608K)->114502K(196608K)
[2025-12-25T04:28:54.693+0000][390.333s][info][gc,metaspace   ] GC(299) Metaspace: 97037K(99008K)->97037K(99008K) NonClass: 84030K(85184K)->84030K(85184K) Class: 13007K(13824K)->13007K(13824K)
[2025-12-25T04:28:54.693+0000][390.333s][info][gc             ] GC(299) Pause Young (Allocation Failure) 192M->114M(278M) 5.745ms
[2025-12-25T04:28:54.693+0000][390.333s][info][gc,cpu         ] GC(299) User=0.00s Sys=0.00s Real=0.00s
[2025-12-25T04:28:54.894+0000][390.534s][info][gc,start       ] GC(300) Pause Young (Allocation Failure)
[2025-12-25T04:28:54.905+0000][390.545s][info][gc,heap        ] GC(300) DefNew: 81089K(88512K)->2302K(88512K) Eden: 78720K(78720K)->0K(78720K) From: 2369K(9792K)->2302K(9792K)
[2025-12-25T04:28:54.909+0000][390.549s][info][gc,heap        ] GC(300) Tenured: 114502K(196608K)->114502K(196608K)
[2025-12-25T04:28:54.910+0000][390.550s][info][gc,metaspace   ] GC(300) Metaspace: 97037K(99008K)->97037K(99008K) NonClass: 84030K(85184K)->84030K(85184K) Class: 13007K(13824K)->13007K(13824K)
[2025-12-25T04:28:54.911+0000][390.551s][info][gc             ] GC(300) Pause Young (Allocation Failure) 191M->114M(278M) 16.330ms
[2025-12-25T04:28:54.911+0000][390.551s][info][gc,cpu         ] GC(300) User=0.01s Sys=0.00s Real=0.02s
[2025-12-25T04:28:55.102+0000][390.742s][info][gc,start       ] GC(301) Pause Young (Allocation Failure)
[2025-12-25T04:28:55.110+0000][390.750s][info][gc,heap        ] GC(301) DefNew: 81022K(88512K)->2321K(88512K) Eden: 78720K(78720K)->0K(78720K) From: 2302K(9792K)->2321K(9792K)
[2025-12-25T04:28:55.111+0000][390.751s][info][gc,heap        ] GC(301) Tenured: 114502K(196608K)->114502K(196608K)
[2025-12-25T04:28:55.116+0000][390.756s][info][gc,metaspace   ] GC(301) Metaspace: 97038K(99008K)->97038K(99008K) NonClass: 84030K(85184K)->84030K(85184K) Class: 13007K(13824K)->13007K(13824K)
[2025-12-25T04:28:55.118+0000][390.758s][info][gc             ] GC(301) Pause Young (Allocation Failure) 190M->114M(278M) 15.456ms
[2025-12-25T04:28:55.119+0000][390.759s][info][gc,cpu         ] GC(301) User=0.01s Sys=0.00s Real=0.02s
[2025-12-25T04:28:55.276+0000][390.916s][info][gc,start       ] GC(302) Pause Young (Allocation Failure)
[2025-12-25T04:28:55.284+0000][390.924s][info][gc,heap        ] GC(302) DefNew: 81041K(88512K)->2692K(88512K) Eden: 78720K(78720K)->0K(78720K) From: 2321K(9792K)->2692K(9792K)
[2025-12-25T04:28:55.285+0000][390.925s][info][gc,heap        ] GC(302) Tenured: 114502K(196608K)->114502K(196608K)
[2025-12-25T04:28:55.285+0000][390.925s][info][gc,metaspace   ] GC(302) Metaspace: 97038K(99008K)->97038K(99008K) NonClass: 84030K(85184K)->84030K(85184K) Class: 13007K(13824K)->13007K(13824K)
[2025-12-25T04:28:55.286+0000][390.926s][info][gc             ] GC(302) Pause Young (Allocation Failure) 190M->114M(278M) 9.250ms
[2025-12-25T04:28:55.286+0000][390.926s][info][gc,cpu         ] GC(302) User=0.00s Sys=0.00s Real=0.01s
[2025-12-25T04:28:55.695+0000][391.335s][info][gc,start       ] GC(303) Pause Young (Allocation Failure)
[2025-12-25T04:28:55.742+0000][391.382s][info][gc,heap        ] GC(303) DefNew: 81412K(88512K)->3086K(88512K) Eden: 78720K(78720K)->0K(78720K) From: 2692K(9792K)->3086K(9792K)
[2025-12-25T04:28:55.743+0000][391.383s][info][gc,heap        ] GC(303) Tenured: 114502K(196608K)->114502K(196608K)
[2025-12-25T04:28:55.743+0000][391.383s][info][gc,metaspace   ] GC(303) Metaspace: 97038K(99008K)->97038K(99008K) NonClass: 84030K(85184K)->84030K(85184K) Class: 13007K(13824K)->13007K(13824K)
[2025-12-25T04:28:55.743+0000][391.383s][info][gc             ] GC(303) Pause Young (Allocation Failure) 191M->114M(278M) 47.926ms
[2025-12-25T04:28:55.743+0000][391.383s][info][gc,cpu         ] GC(303) User=0.03s Sys=0.00s Real=0.04s
[2025-12-25T04:28:56.001+0000][391.641s][info][gc,start       ] GC(304) Pause Young (Allocation Failure)
[2025-12-25T04:28:56.031+0000][391.671s][info][gc,heap        ] GC(304) DefNew: 81806K(88512K)->4780K(88512K) Eden: 78720K(78720K)->0K(78720K) From: 3086K(9792K)->4780K(9792K)
[2025-12-25T04:28:56.032+0000][391.672s][info][gc,heap        ] GC(304) Tenured: 114502K(196608K)->114503K(196608K)
[2025-12-25T04:28:56.033+0000][391.673s][info][gc,metaspace   ] GC(304) Metaspace: 97038K(99008K)->97038K(99008K) NonClass: 84030K(85184K)->84030K(85184K) Class: 13007K(13824K)->13007K(13824K)
[2025-12-25T04:28:56.033+0000][391.673s][info][gc             ] GC(304) Pause Young (Allocation Failure) 191M->116M(278M) 32.388ms
[2025-12-25T04:28:56.034+0000][391.674s][info][gc,cpu         ] GC(304) User=0.03s Sys=0.00s Real=0.04s
[2025-12-25T04:28:56.450+0000][392.090s][info][gc,start       ] GC(305) Pause Young (Allocation Failure)
[2025-12-25T04:28:56.481+0000][392.121s][info][gc,heap        ] GC(305) DefNew: 83500K(88512K)->2695K(88512K) Eden: 78720K(78720K)->0K(78720K) From: 4780K(9792K)->2695K(9792K)
[2025-12-25T04:28:56.482+0000][392.122s][info][gc,heap        ] GC(305) Tenured: 114503K(196608K)->114511K(196608K)
[2025-12-25T04:28:56.482+0000][392.122s][info][gc,metaspace   ] GC(305) Metaspace: 97038K(99008K)->97038K(99008K) NonClass: 84030K(85184K)->84030K(85184K) Class: 13007K(13824K)->13007K(13824K)
[2025-12-25T04:28:56.483+0000][392.123s][info][gc             ] GC(305) Pause Young (Allocation Failure) 193M->114M(278M) 33.307ms
[2025-12-25T04:28:56.484+0000][392.124s][info][gc,cpu         ] GC(305) User=0.01s Sys=0.00s Real=0.03s
[2025-12-25T04:28:56.603+0000][392.243s][info][gc,start       ] GC(306) Pause Young (Allocation Failure)
[2025-12-25T04:28:56.612+0000][392.252s][info][gc,heap        ] GC(306) DefNew: 81415K(88512K)->2797K(88512K) Eden: 78720K(78720K)->0K(78720K) From: 2695K(9792K)->2797K(9792K)
[2025-12-25T04:28:56.614+0000][392.254s][info][gc,heap        ] GC(306) Tenured: 114511K(196608K)->114511K(196608K)
[2025-12-25T04:28:56.616+0000][392.256s][info][gc,metaspace   ] GC(306) Metaspace: 97038K(99008K)->97038K(99008K) NonClass: 84030K(85184K)->84030K(85184K) Class: 13007K(13824K)->13007K(13824K)
[2025-12-25T04:28:56.617+0000][392.257s][info][gc             ] GC(306) Pause Young (Allocation Failure) 191M->114M(278M) 14.122ms
[2025-12-25T04:28:56.619+0000][392.258s][info][gc,cpu         ] GC(306) User=0.00s Sys=0.00s Real=0.02s
[2025-12-25T04:28:56.686+0000][392.326s][info][gc,start       ] GC(307) Pause Young (Allocation Failure)
[2025-12-25T04:28:56.697+0000][392.337s][info][gc,heap        ] GC(307) DefNew: 81517K(88512K)->4518K(88512K) Eden: 78720K(78720K)->0K(78720K) From: 2797K(9792K)->4518K(9792K)
[2025-12-25T04:28:56.697+0000][392.337s][info][gc,heap        ] GC(307) Tenured: 114511K(196608K)->114519K(196608K)
[2025-12-25T04:28:56.697+0000][392.337s][info][gc,metaspace   ] GC(307) Metaspace: 97039K(99008K)->97039K(99008K) NonClass: 84032K(85184K)->84032K(85184K) Class: 13007K(13824K)->13007K(13824K)
[2025-12-25T04:28:56.698+0000][392.338s][info][gc             ] GC(307) Pause Young (Allocation Failure) 191M->116M(278M) 11.058ms
[2025-12-25T04:28:56.698+0000][392.338s][info][gc,cpu         ] GC(307) User=0.02s Sys=0.00s Real=0.01s
[2025-12-25T04:28:56.903+0000][392.543s][info][gc,start       ] GC(308) Pause Young (Allocation Failure)
[2025-12-25T04:28:56.920+0000][392.560s][info][gc,heap        ] GC(308) DefNew: 83238K(88512K)->4979K(88512K) Eden: 78720K(78720K)->0K(78720K) From: 4518K(9792K)->4979K(9792K)
[2025-12-25T04:28:56.921+0000][392.561s][info][gc,heap        ] GC(308) Tenured: 114519K(196608K)->114519K(196608K)
[2025-12-25T04:28:56.921+0000][392.561s][info][gc,metaspace   ] GC(308) Metaspace: 97040K(99008K)->97040K(99008K) NonClass: 84033K(85184K)->84033K(85184K) Class: 13007K(13824K)->13007K(13824K)
[2025-12-25T04:28:56.922+0000][392.562s][info][gc             ] GC(308) Pause Young (Allocation Failure) 193M->116M(278M) 18.754ms
[2025-12-25T04:28:56.922+0000][392.562s][info][gc,cpu         ] GC(308) User=0.01s Sys=0.00s Real=0.02s
[2025-12-25T04:28:57.079+0000][392.719s][info][gc,start       ] GC(309) Pause Young (Allocation Failure)
[2025-12-25T04:28:57.115+0000][392.755s][info][gc,heap        ] GC(309) DefNew: 83699K(88512K)->2889K(88512K) Eden: 78720K(78720K)->0K(78720K) From: 4979K(9792K)->2889K(9792K)
[2025-12-25T04:28:57.117+0000][392.757s][info][gc,heap        ] GC(309) Tenured: 114519K(196608K)->115249K(196608K)
[2025-12-25T04:28:57.120+0000][392.760s][info][gc,metaspace   ] GC(309) Metaspace: 97040K(99008K)->97040K(99008K) NonClass: 84033K(85184K)->84033K(85184K) Class: 13007K(13824K)->13007K(13824K)
[2025-12-25T04:28:57.121+0000][392.761s][info][gc             ] GC(309) Pause Young (Allocation Failure) 193M->115M(278M) 41.714ms
[2025-12-25T04:28:57.124+0000][392.764s][info][gc,cpu         ] GC(309) User=0.02s Sys=0.00s Real=0.04s
[2025-12-25T04:28:57.311+0000][392.951s][info][gc,start       ] GC(310) Pause Young (Allocation Failure)
[2025-12-25T04:28:57.343+0000][392.983s][info][gc,heap        ] GC(310) DefNew: 81609K(88512K)->5465K(88512K) Eden: 78720K(78720K)->0K(78720K) From: 2889K(9792K)->5465K(9792K)
[2025-12-25T04:28:57.345+0000][392.984s][info][gc,heap        ] GC(310) Tenured: 115249K(196608K)->115249K(196608K)
[2025-12-25T04:28:57.346+0000][392.986s][info][gc,metaspace   ] GC(310) Metaspace: 97048K(99008K)->97048K(99008K) NonClass: 84041K(85184K)->84041K(85184K) Class: 13007K(13824K)->13007K(13824K)
[2025-12-25T04:28:57.348+0000][392.988s][info][gc             ] GC(310) Pause Young (Allocation Failure) 192M->117M(278M) 37.167ms
[2025-12-25T04:28:57.350+0000][392.990s][info][gc,cpu         ] GC(310) User=0.01s Sys=0.00s Real=0.04s
[2025-12-25T04:28:57.629+0000][393.269s][info][gc,start       ] GC(311) Pause Young (Allocation Failure)
[2025-12-25T04:28:57.657+0000][393.297s][info][gc,heap        ] GC(311) DefNew: 84125K(88512K)->2016K(88512K) Eden: 78659K(78720K)->0K(78720K) From: 5465K(9792K)->2016K(9792K)
[2025-12-25T04:28:57.659+0000][393.299s][info][gc,heap        ] GC(311) Tenured: 115249K(196608K)->116587K(196608K)
[2025-12-25T04:28:57.660+0000][393.300s][info][gc,metaspace   ] GC(311) Metaspace: 97058K(99008K)->97058K(99008K) NonClass: 84051K(85184K)->84051K(85184K) Class: 13007K(13824K)->13007K(13824K)
[2025-12-25T04:28:57.662+0000][393.302s][info][gc             ] GC(311) Pause Young (Allocation Failure) 194M->115M(278M) 32.683ms
[2025-12-25T04:28:57.665+0000][393.305s][info][gc,cpu         ] GC(311) User=0.01s Sys=0.00s Real=0.04s
[2025-12-25T04:28:57.832+0000][393.472s][info][gc,start       ] GC(312) Pause Young (Allocation Failure)
[2025-12-25T04:28:57.852+0000][393.492s][info][gc,heap        ] GC(312) DefNew: 80736K(88512K)->4115K(88512K) Eden: 78720K(78720K)->0K(78720K) From: 2016K(9792K)->4115K(9792K)
[2025-12-25T04:28:57.853+0000][393.493s][info][gc,heap        ] GC(312) Tenured: 116587K(196608K)->116587K(196608K)
[2025-12-25T04:28:57.853+0000][393.493s][info][gc,metaspace   ] GC(312) Metaspace: 97058K(99008K)->97058K(99008K) NonClass: 84051K(85184K)->84051K(85184K) Class: 13007K(13824K)->13007K(13824K)
[2025-12-25T04:28:57.853+0000][393.493s][info][gc             ] GC(312) Pause Young (Allocation Failure) 192M->117M(278M) 21.278ms
[2025-12-25T04:28:57.854+0000][393.494s][info][gc,cpu         ] GC(312) User=0.02s Sys=0.00s Real=0.02s
[2025-12-25T04:28:57.982+0000][393.622s][info][gc,start       ] GC(313) Pause Young (Allocation Failure)
[2025-12-25T04:28:57.992+0000][393.632s][info][gc,heap        ] GC(313) DefNew: 82835K(88512K)->3226K(88512K) Eden: 78720K(78720K)->0K(78720K) From: 4115K(9792K)->3226K(9792K)
[2025-12-25T04:28:57.992+0000][393.632s][info][gc,heap        ] GC(313) Tenured: 116587K(196608K)->116587K(196608K)
[2025-12-25T04:28:57.992+0000][393.632s][info][gc,metaspace   ] GC(313) Metaspace: 97059K(99008K)->97059K(99008K) NonClass: 84051K(85184K)->84051K(85184K) Class: 13007K(13824K)->13007K(13824K)
[2025-12-25T04:28:57.992+0000][393.632s][info][gc             ] GC(313) Pause Young (Allocation Failure) 194M->117M(278M) 10.816ms
[2025-12-25T04:28:57.993+0000][393.633s][info][gc,cpu         ] GC(313) User=0.01s Sys=0.00s Real=0.01s
[2025-12-25T04:28:58.117+0000][393.757s][info][gc,start       ] GC(314) Pause Young (Allocation Failure)
[2025-12-25T04:28:58.128+0000][393.768s][info][gc,heap        ] GC(314) DefNew: 81946K(88512K)->3111K(88512K) Eden: 78720K(78720K)->0K(78720K) From: 3226K(9792K)->3111K(9792K)
[2025-12-25T04:28:58.134+0000][393.774s][info][gc,heap        ] GC(314) Tenured: 116587K(196608K)->116587K(196608K)
[2025-12-25T04:28:58.138+0000][393.778s][info][gc,metaspace   ] GC(314) Metaspace: 97059K(99008K)->97059K(99008K) NonClass: 84051K(85184K)->84051K(85184K) Class: 13007K(13824K)->13007K(13824K)
[2025-12-25T04:28:58.138+0000][393.778s][info][gc             ] GC(314) Pause Young (Allocation Failure) 193M->116M(278M) 21.439ms
[2025-12-25T04:28:58.143+0000][393.783s][info][gc,cpu         ] GC(314) User=0.00s Sys=0.00s Real=0.02s
[2025-12-25T04:28:58.313+0000][393.953s][info][gc,start       ] GC(315) Pause Young (Allocation Failure)
[2025-12-25T04:28:58.339+0000][393.979s][info][gc,heap        ] GC(315) DefNew: 81831K(88512K)->3310K(88512K) Eden: 78720K(78720K)->0K(78720K) From: 3111K(9792K)->3310K(9792K)
[2025-12-25T04:28:58.340+0000][393.980s][info][gc,heap        ] GC(315) Tenured: 116587K(196608K)->116587K(196608K)
[2025-12-25T04:28:58.340+0000][393.980s][info][gc,metaspace   ] GC(315) Metaspace: 97059K(99008K)->97059K(99008K) NonClass: 84051K(85184K)->84051K(85184K) Class: 13007K(13824K)->13007K(13824K)
[2025-12-25T04:28:58.341+0000][393.981s][info][gc             ] GC(315) Pause Young (Allocation Failure) 193M->117M(278M) 27.938ms
[2025-12-25T04:28:58.341+0000][393.981s][info][gc,cpu         ] GC(315) User=0.00s Sys=0.00s Real=0.03s
[2025-12-25T04:28:58.443+0000][394.083s][info][gc,start       ] GC(316) Pause Young (Allocation Failure)
[2025-12-25T04:28:58.459+0000][394.098s][info][gc,heap        ] GC(316) DefNew: 82030K(88512K)->4289K(88512K) Eden: 78720K(78720K)->0K(78720K) From: 3310K(9792K)->4289K(9792K)
[2025-12-25T04:28:58.459+0000][394.099s][info][gc,heap        ] GC(316) Tenured: 116587K(196608K)->116587K(196608K)
[2025-12-25T04:28:58.460+0000][394.100s][info][gc,metaspace   ] GC(316) Metaspace: 97059K(99008K)->97059K(99008K) NonClass: 84051K(85184K)->84051K(85184K) Class: 13007K(13824K)->13007K(13824K)
[2025-12-25T04:28:58.461+0000][394.101s][info][gc             ] GC(316) Pause Young (Allocation Failure) 193M->118M(278M) 18.421ms
[2025-12-25T04:28:58.463+0000][394.103s][info][gc,cpu         ] GC(316) User=0.01s Sys=0.00s Real=0.02s
[2025-12-25T04:28:58.596+0000][394.236s][info][gc,start       ] GC(317) Pause Young (Allocation Failure)
[2025-12-25T04:28:58.608+0000][394.248s][info][gc,heap        ] GC(317) DefNew: 83009K(88512K)->3295K(88512K) Eden: 78720K(78720K)->0K(78720K) From: 4289K(9792K)->3295K(9792K)
[2025-12-25T04:28:58.610+0000][394.250s][info][gc,heap        ] GC(317) Tenured: 116587K(196608K)->116587K(196608K)
[2025-12-25T04:28:58.610+0000][394.250s][info][gc,metaspace   ] GC(317) Metaspace: 97059K(99008K)->97059K(99008K) NonClass: 84051K(85184K)->84051K(85184K) Class: 13007K(13824K)->13007K(13824K)
[2025-12-25T04:28:58.611+0000][394.251s][info][gc             ] GC(317) Pause Young (Allocation Failure) 194M->117M(278M) 14.240ms
[2025-12-25T04:28:58.611+0000][394.251s][info][gc,cpu         ] GC(317) User=0.00s Sys=0.00s Real=0.01s
[2025-12-25T04:28:58.732+0000][394.372s][info][gc,start       ] GC(318) Pause Young (Allocation Failure)
[2025-12-25T04:28:58.742+0000][394.382s][info][gc,heap        ] GC(318) DefNew: 82015K(88512K)->3034K(88512K) Eden: 78720K(78720K)->0K(78720K) From: 3295K(9792K)->3034K(9792K)
[2025-12-25T04:28:58.744+0000][394.384s][info][gc,heap        ] GC(318) Tenured: 116587K(196608K)->116587K(196608K)
[2025-12-25T04:28:58.744+0000][394.384s][info][gc,metaspace   ] GC(318) Metaspace: 97059K(99008K)->97059K(99008K) NonClass: 84051K(85184K)->84051K(85184K) Class: 13007K(13824K)->13007K(13824K)
[2025-12-25T04:28:58.744+0000][394.384s][info][gc             ] GC(318) Pause Young (Allocation Failure) 193M->116M(278M) 12.311ms
[2025-12-25T04:28:58.745+0000][394.385s][info][gc,cpu         ] GC(318) User=0.00s Sys=0.00s Real=0.02s
[2025-12-25T04:28:58.903+0000][394.543s][info][gc,start       ] GC(319) Pause Young (Allocation Failure)
[2025-12-25T04:28:58.928+0000][394.568s][info][gc,heap        ] GC(319) DefNew: 81754K(88512K)->3378K(88512K) Eden: 78720K(78720K)->0K(78720K) From: 3034K(9792K)->3378K(9792K)
[2025-12-25T04:28:58.929+0000][394.569s][info][gc,heap        ] GC(319) Tenured: 116587K(196608K)->116587K(196608K)
[2025-12-25T04:28:58.929+0000][394.569s][info][gc,metaspace   ] GC(319) Metaspace: 97059K(99008K)->97059K(99008K) NonClass: 84051K(85184K)->84051K(85184K) Class: 13007K(13824K)->13007K(13824K)
[2025-12-25T04:28:58.930+0000][394.570s][info][gc             ] GC(319) Pause Young (Allocation Failure) 193M->117M(278M) 26.796ms
[2025-12-25T04:28:58.930+0000][394.570s][info][gc,cpu         ] GC(319) User=0.01s Sys=0.00s Real=0.03s
[2025-12-25T04:28:59.159+0000][394.799s][info][gc,start       ] GC(320) Pause Young (Allocation Failure)
[2025-12-25T04:28:59.177+0000][394.817s][info][gc,heap        ] GC(320) DefNew: 82098K(88512K)->5298K(88512K) Eden: 78720K(78720K)->0K(78720K) From: 3378K(9792K)->5298K(9792K)
[2025-12-25T04:28:59.177+0000][394.817s][info][gc,heap        ] GC(320) Tenured: 116587K(196608K)->116587K(196608K)
[2025-12-25T04:28:59.178+0000][394.818s][info][gc,metaspace   ] GC(320) Metaspace: 97061K(99008K)->97061K(99008K) NonClass: 84053K(85184K)->84053K(85184K) Class: 13008K(13824K)->13008K(13824K)
[2025-12-25T04:28:59.178+0000][394.818s][info][gc             ] GC(320) Pause Young (Allocation Failure) 194M->119M(278M) 19.081ms
[2025-12-25T04:28:59.178+0000][394.818s][info][gc,cpu         ] GC(320) User=0.01s Sys=0.00s Real=0.02s
[2025-12-25T04:28:59.426+0000][395.066s][info][gc,start       ] GC(321) Pause Young (Allocation Failure)
[2025-12-25T04:28:59.433+0000][395.073s][info][gc,heap        ] GC(321) DefNew: 84018K(88512K)->2388K(88512K) Eden: 78720K(78720K)->0K(78720K) From: 5298K(9792K)->2388K(9792K)
[2025-12-25T04:28:59.433+0000][395.073s][info][gc,heap        ] GC(321) Tenured: 116587K(196608K)->117217K(196608K)
[2025-12-25T04:28:59.434+0000][395.074s][info][gc,metaspace   ] GC(321) Metaspace: 97062K(99008K)->97062K(99008K) NonClass: 84054K(85184K)->84054K(85184K) Class: 13008K(13824K)->13008K(13824K)
[2025-12-25T04:28:59.434+0000][395.074s][info][gc             ] GC(321) Pause Young (Allocation Failure) 195M->116M(278M) 8.285ms
[2025-12-25T04:28:59.435+0000][395.075s][info][gc,cpu         ] GC(321) User=0.01s Sys=0.00s Real=0.01s
[2025-12-25T04:28:59.561+0000][395.201s][info][gc,start       ] GC(322) Pause Young (Allocation Failure)
[2025-12-25T04:28:59.584+0000][395.224s][info][gc,heap        ] GC(322) DefNew: 81108K(88512K)->3847K(88512K) Eden: 78720K(78720K)->0K(78720K) From: 2388K(9792K)->3847K(9792K)
[2025-12-25T04:28:59.587+0000][395.227s][info][gc,heap        ] GC(322) Tenured: 117217K(196608K)->117217K(196608K)
[2025-12-25T04:28:59.587+0000][395.227s][info][gc,metaspace   ] GC(322) Metaspace: 97062K(99008K)->97062K(99008K) NonClass: 84054K(85184K)->84054K(85184K) Class: 13008K(13824K)->13008K(13824K)
[2025-12-25T04:28:59.587+0000][395.227s][info][gc             ] GC(322) Pause Young (Allocation Failure) 193M->118M(278M) 26.356ms
[2025-12-25T04:28:59.587+0000][395.227s][info][gc,cpu         ] GC(322) User=0.01s Sys=0.00s Real=0.03s
[2025-12-25T04:28:59.734+0000][395.374s][info][gc,start       ] GC(323) Pause Young (Allocation Failure)
[2025-12-25T04:28:59.747+0000][395.387s][info][gc,heap        ] GC(323) DefNew: 82567K(88512K)->4801K(88512K) Eden: 78720K(78720K)->0K(78720K) From: 3847K(9792K)->4801K(9792K)
[2025-12-25T04:28:59.748+0000][395.388s][info][gc,heap        ] GC(323) Tenured: 117217K(196608K)->117217K(196608K)
[2025-12-25T04:28:59.748+0000][395.388s][info][gc,metaspace   ] GC(323) Metaspace: 97064K(99008K)->97064K(99008K) NonClass: 84055K(85184K)->84055K(85184K) Class: 13008K(13824K)->13008K(13824K)
[2025-12-25T04:28:59.749+0000][395.389s][info][gc             ] GC(323) Pause Young (Allocation Failure) 195M->119M(278M) 14.120ms
[2025-12-25T04:28:59.749+0000][395.389s][info][gc,cpu         ] GC(323) User=0.01s Sys=0.00s Real=0.01s
[2025-12-25T04:28:59.898+0000][395.538s][info][gc,start       ] GC(324) Pause Young (Allocation Failure)
[2025-12-25T04:28:59.919+0000][395.559s][info][gc,heap        ] GC(324) DefNew: 83521K(88512K)->4759K(88512K) Eden: 78720K(78720K)->0K(78720K) From: 4801K(9792K)->4759K(9792K)
[2025-12-25T04:28:59.919+0000][395.559s][info][gc,heap        ] GC(324) Tenured: 117217K(196608K)->117217K(196608K)
[2025-12-25T04:28:59.920+0000][395.560s][info][gc,metaspace   ] GC(324) Metaspace: 97073K(99008K)->97073K(99008K) NonClass: 84064K(85184K)->84064K(85184K) Class: 13008K(13824K)->13008K(13824K)
[2025-12-25T04:28:59.920+0000][395.560s][info][gc             ] GC(324) Pause Young (Allocation Failure) 196M->119M(278M) 22.177ms
[2025-12-25T04:28:59.920+0000][395.560s][info][gc,cpu         ] GC(324) User=0.01s Sys=0.00s Real=0.02s
[2025-12-25T04:29:00.274+0000][395.914s][info][gc,start       ] GC(325) Pause Young (Allocation Failure)
[2025-12-25T04:29:00.349+0000][395.989s][info][gc,heap        ] GC(325) DefNew: 83479K(88512K)->6498K(88512K) Eden: 78720K(78720K)->0K(78720K) From: 4759K(9792K)->6498K(9792K)
[2025-12-25T04:29:00.350+0000][395.990s][info][gc,heap        ] GC(325) Tenured: 117217K(196608K)->117217K(196608K)
[2025-12-25T04:29:00.351+0000][395.991s][info][gc,metaspace   ] GC(325) Metaspace: 97091K(99072K)->97091K(99072K) NonClass: 84082K(85248K)->84082K(85248K) Class: 13008K(13824K)->13008K(13824K)
[2025-12-25T04:29:00.352+0000][395.992s][info][gc             ] GC(325) Pause Young (Allocation Failure) 195M->120M(278M) 77.644ms
[2025-12-25T04:29:00.356+0000][395.996s][info][gc,cpu         ] GC(325) User=0.03s Sys=0.01s Real=0.09s
[2025-12-25T04:29:00.534+0000][396.174s][info][gc,start       ] GC(326) Pause Young (Allocation Failure)
[2025-12-25T04:29:00.544+0000][396.184s][info][gc,heap        ] GC(326) DefNew: 85218K(88512K)->4463K(88512K) Eden: 78720K(78720K)->0K(78720K) From: 6498K(9792K)->4463K(9792K)
[2025-12-25T04:29:00.544+0000][396.184s][info][gc,heap        ] GC(326) Tenured: 117217K(196608K)->119141K(196608K)
[2025-12-25T04:29:00.544+0000][396.184s][info][gc,metaspace   ] GC(326) Metaspace: 97091K(99072K)->97091K(99072K) NonClass: 84082K(85248K)->84082K(85248K) Class: 13008K(13824K)->13008K(13824K)
[2025-12-25T04:29:00.545+0000][396.185s][info][gc             ] GC(326) Pause Young (Allocation Failure) 197M->120M(278M) 10.675ms
[2025-12-25T04:29:00.545+0000][396.185s][info][gc,cpu         ] GC(326) User=0.02s Sys=0.00s Real=0.02s
[2025-12-25T04:29:00.746+0000][396.386s][info][gc,start       ] GC(327) Pause Young (Allocation Failure)
[2025-12-25T04:29:00.753+0000][396.393s][info][gc,heap        ] GC(327) DefNew: 83183K(88512K)->4191K(88512K) Eden: 78720K(78720K)->0K(78720K) From: 4463K(9792K)->4191K(9792K)
[2025-12-25T04:29:00.754+0000][396.394s][info][gc,heap        ] GC(327) Tenured: 119141K(196608K)->119141K(196608K)
[2025-12-25T04:29:00.755+0000][396.395s][info][gc,metaspace   ] GC(327) Metaspace: 97091K(99072K)->97091K(99072K) NonClass: 84082K(85248K)->84082K(85248K) Class: 13008K(13824K)->13008K(13824K)
[2025-12-25T04:29:00.756+0000][396.396s][info][gc             ] GC(327) Pause Young (Allocation Failure) 197M->120M(278M) 9.509ms
[2025-12-25T04:29:00.756+0000][396.396s][info][gc,cpu         ] GC(327) User=0.01s Sys=0.00s Real=0.01s
[2025-12-25T04:29:00.924+0000][396.564s][info][gc,start       ] GC(328) Pause Young (Allocation Failure)
[2025-12-25T04:29:00.933+0000][396.573s][info][gc,heap        ] GC(328) DefNew: 82911K(88512K)->4043K(88512K) Eden: 78720K(78720K)->0K(78720K) From: 4191K(9792K)->4043K(9792K)
[2025-12-25T04:29:00.934+0000][396.574s][info][gc,heap        ] GC(328) Tenured: 119141K(196608K)->119141K(196608K)
[2025-12-25T04:29:00.934+0000][396.574s][info][gc,metaspace   ] GC(328) Metaspace: 97091K(99072K)->97091K(99072K) NonClass: 84082K(85248K)->84082K(85248K) Class: 13008K(13824K)->13008K(13824K)
[2025-12-25T04:29:00.935+0000][396.575s][info][gc             ] GC(328) Pause Young (Allocation Failure) 197M->120M(278M) 10.657ms
[2025-12-25T04:29:00.936+0000][396.576s][info][gc,cpu         ] GC(328) User=0.00s Sys=0.00s Real=0.02s
[2025-12-25T04:29:01.114+0000][396.754s][info][gc,start       ] GC(329) Pause Young (Allocation Failure)
[2025-12-25T04:29:01.131+0000][396.771s][info][gc,heap        ] GC(329) DefNew: 82763K(88512K)->4898K(88512K) Eden: 78720K(78720K)->0K(78720K) From: 4043K(9792K)->4898K(9792K)
[2025-12-25T04:29:01.135+0000][396.775s][info][gc,heap        ] GC(329) Tenured: 119141K(196608K)->119141K(196608K)
[2025-12-25T04:29:01.136+0000][396.776s][info][gc,metaspace   ] GC(329) Metaspace: 97091K(99072K)->97091K(99072K) NonClass: 84082K(85248K)->84082K(85248K) Class: 13008K(13824K)->13008K(13824K)
[2025-12-25T04:29:01.138+0000][396.778s][info][gc             ] GC(329) Pause Young (Allocation Failure) 197M->121M(278M) 24.439ms
[2025-12-25T04:29:01.140+0000][396.780s][info][gc,cpu         ] GC(329) User=0.00s Sys=0.00s Real=0.03s
[2025-12-25T04:29:01.416+0000][397.056s][info][gc,start       ] GC(330) Pause Young (Allocation Failure)
[2025-12-25T04:29:01.432+0000][397.072s][info][gc,heap        ] GC(330) DefNew: 83618K(88512K)->6249K(88512K) Eden: 78719K(78720K)->0K(78720K) From: 4898K(9792K)->6249K(9792K)
[2025-12-25T04:29:01.432+0000][397.072s][info][gc,heap        ] GC(330) Tenured: 119141K(196608K)->119809K(196608K)
[2025-12-25T04:29:01.433+0000][397.073s][info][gc,metaspace   ] GC(330) Metaspace: 97091K(99072K)->97091K(99072K) NonClass: 84082K(85248K)->84082K(85248K) Class: 13008K(13824K)->13008K(13824K)
[2025-12-25T04:29:01.433+0000][397.073s][info][gc             ] GC(330) Pause Young (Allocation Failure) 198M->123M(278M) 17.085ms
[2025-12-25T04:29:01.434+0000][397.074s][info][gc,cpu         ] GC(330) User=0.02s Sys=0.00s Real=0.01s
[2025-12-25T04:29:01.624+0000][397.264s][info][gc,start       ] GC(331) Pause Young (Allocation Failure)
[2025-12-25T04:29:01.633+0000][397.273s][info][gc,heap        ] GC(331) DefNew: 84969K(88512K)->2332K(88512K) Eden: 78720K(78720K)->0K(78720K) From: 6249K(9792K)->2332K(9792K)
[2025-12-25T04:29:01.634+0000][397.274s][info][gc,heap        ] GC(331) Tenured: 119809K(196608K)->121247K(196608K)
[2025-12-25T04:29:01.634+0000][397.274s][info][gc,metaspace   ] GC(331) Metaspace: 97091K(99072K)->97091K(99072K) NonClass: 84082K(85248K)->84082K(85248K) Class: 13008K(13824K)->13008K(13824K)
[2025-12-25T04:29:01.635+0000][397.275s][info][gc             ] GC(331) Pause Young (Allocation Failure) 199M->120M(278M) 10.388ms
[2025-12-25T04:29:01.635+0000][397.275s][info][gc,cpu         ] GC(331) User=0.00s Sys=0.00s Real=0.01s
[2025-12-25T04:29:01.753+0000][397.393s][info][gc,start       ] GC(332) Pause Young (Allocation Failure)
[2025-12-25T04:29:01.758+0000][397.398s][info][gc,heap        ] GC(332) DefNew: 81040K(88512K)->2391K(88512K) Eden: 78708K(78720K)->0K(78720K) From: 2332K(9792K)->2391K(9792K)
[2025-12-25T04:29:01.760+0000][397.400s][info][gc,heap        ] GC(332) Tenured: 121247K(196608K)->121247K(196608K)
[2025-12-25T04:29:01.763+0000][397.403s][info][gc,metaspace   ] GC(332) Metaspace: 97091K(99072K)->97091K(99072K) NonClass: 84082K(85248K)->84082K(85248K) Class: 13008K(13824K)->13008K(13824K)
[2025-12-25T04:29:01.764+0000][397.404s][info][gc             ] GC(332) Pause Young (Allocation Failure) 197M->120M(278M) 10.502ms
[2025-12-25T04:29:01.764+0000][397.404s][info][gc,cpu         ] GC(332) User=0.01s Sys=0.00s Real=0.01s
[2025-12-25T04:29:01.947+0000][397.587s][info][gc,start       ] GC(333) Pause Young (Allocation Failure)
[2025-12-25T04:29:01.956+0000][397.596s][info][gc,heap        ] GC(333) DefNew: 81111K(88512K)->2758K(88512K) Eden: 78720K(78720K)->0K(78720K) From: 2391K(9792K)->2758K(9792K)
[2025-12-25T04:29:01.957+0000][397.597s][info][gc,heap        ] GC(333) Tenured: 121247K(196608K)->121247K(196608K)
[2025-12-25T04:29:01.957+0000][397.597s][info][gc,metaspace   ] GC(333) Metaspace: 97091K(99072K)->97091K(99072K) NonClass: 84082K(85248K)->84082K(85248K) Class: 13008K(13824K)->13008K(13824K)
[2025-12-25T04:29:01.958+0000][397.598s][info][gc             ] GC(333) Pause Young (Allocation Failure) 197M->121M(278M) 11.349ms
[2025-12-25T04:29:01.958+0000][397.598s][info][gc,cpu         ] GC(333) User=0.01s Sys=0.00s Real=0.01s
[2025-12-25T04:29:02.061+0000][397.701s][info][gc,start       ] GC(334) Pause Young (Allocation Failure)
[2025-12-25T04:29:02.076+0000][397.715s][info][gc,heap        ] GC(334) DefNew: 81478K(88512K)->3058K(88512K) Eden: 78720K(78720K)->0K(78720K) From: 2758K(9792K)->3058K(9792K)
[2025-12-25T04:29:02.079+0000][397.719s][info][gc,heap        ] GC(334) Tenured: 121247K(196608K)->121247K(196608K)
[2025-12-25T04:29:02.080+0000][397.720s][info][gc,metaspace   ] GC(334) Metaspace: 97091K(99072K)->97091K(99072K) NonClass: 84082K(85248K)->84082K(85248K) Class: 13008K(13824K)->13008K(13824K)
[2025-12-25T04:29:02.082+0000][397.722s][info][gc             ] GC(334) Pause Young (Allocation Failure) 197M->121M(278M) 21.112ms
[2025-12-25T04:29:02.086+0000][397.726s][info][gc,cpu         ] GC(334) User=0.01s Sys=0.00s Real=0.03s
[2025-12-25T04:29:02.250+0000][397.890s][info][gc,start       ] GC(335) Pause Young (Allocation Failure)
[2025-12-25T04:29:02.277+0000][397.917s][info][gc,heap        ] GC(335) DefNew: 81778K(88512K)->2701K(88512K) Eden: 78720K(78720K)->0K(78720K) From: 3058K(9792K)->2701K(9792K)
[2025-12-25T04:29:02.277+0000][397.917s][info][gc,heap        ] GC(335) Tenured: 121247K(196608K)->121247K(196608K)
[2025-12-25T04:29:02.278+0000][397.918s][info][gc,metaspace   ] GC(335) Metaspace: 97093K(99072K)->97093K(99072K) NonClass: 84084K(85248K)->84084K(85248K) Class: 13008K(13824K)->13008K(13824K)
[2025-12-25T04:29:02.278+0000][397.918s][info][gc             ] GC(335) Pause Young (Allocation Failure) 198M->121M(278M) 27.952ms
[2025-12-25T04:29:02.278+0000][397.918s][info][gc,cpu         ] GC(335) User=0.01s Sys=0.00s Real=0.03s
[2025-12-25T04:29:02.399+0000][398.039s][info][gc,start       ] GC(336) Pause Young (Allocation Failure)
[2025-12-25T04:29:02.412+0000][398.052s][info][gc,heap        ] GC(336) DefNew: 81421K(88512K)->2910K(88512K) Eden: 78720K(78720K)->0K(78720K) From: 2701K(9792K)->2910K(9792K)
[2025-12-25T04:29:02.416+0000][398.056s][info][gc,heap        ] GC(336) Tenured: 121247K(196608K)->121247K(196608K)
[2025-12-25T04:29:02.416+0000][398.056s][info][gc,metaspace   ] GC(336) Metaspace: 97096K(99072K)->97096K(99072K) NonClass: 84087K(85248K)->84087K(85248K) Class: 13008K(13824K)->13008K(13824K)
[2025-12-25T04:29:02.417+0000][398.057s][info][gc             ] GC(336) Pause Young (Allocation Failure) 197M->121M(278M) 17.959ms
[2025-12-25T04:29:02.417+0000][398.057s][info][gc,cpu         ] GC(336) User=0.01s Sys=0.00s Real=0.02s
[2025-12-25T04:29:02.545+0000][398.185s][info][gc,start       ] GC(337) Pause Young (Allocation Failure)
[2025-12-25T04:29:02.559+0000][398.199s][info][gc,heap        ] GC(337) DefNew: 81630K(88512K)->2918K(88512K) Eden: 78720K(78720K)->0K(78720K) From: 2910K(9792K)->2918K(9792K)
[2025-12-25T04:29:02.566+0000][398.206s][info][gc,heap        ] GC(337) Tenured: 121247K(196608K)->121247K(196608K)
[2025-12-25T04:29:02.566+0000][398.206s][info][gc,metaspace   ] GC(337) Metaspace: 97096K(99072K)->97096K(99072K) NonClass: 84087K(85248K)->84087K(85248K) Class: 13008K(13824K)->13008K(13824K)
[2025-12-25T04:29:02.567+0000][398.207s][info][gc             ] GC(337) Pause Young (Allocation Failure) 198M->121M(278M) 22.477ms
[2025-12-25T04:29:02.568+0000][398.208s][info][gc,cpu         ] GC(337) User=0.01s Sys=0.00s Real=0.02s
[2025-12-25T04:29:02.704+0000][398.344s][info][gc,start       ] GC(338) Pause Young (Allocation Failure)
[2025-12-25T04:29:02.714+0000][398.354s][info][gc,heap        ] GC(338) DefNew: 81638K(88512K)->2595K(88512K) Eden: 78720K(78720K)->0K(78720K) From: 2918K(9792K)->2595K(9792K)
[2025-12-25T04:29:02.714+0000][398.354s][info][gc,heap        ] GC(338) Tenured: 121247K(196608K)->121247K(196608K)
[2025-12-25T04:29:02.714+0000][398.354s][info][gc,metaspace   ] GC(338) Metaspace: 97096K(99072K)->97096K(99072K) NonClass: 84087K(85248K)->84087K(85248K) Class: 13008K(13824K)->13008K(13824K)
[2025-12-25T04:29:02.714+0000][398.354s][info][gc             ] GC(338) Pause Young (Allocation Failure) 198M->120M(278M) 10.167ms
[2025-12-25T04:29:02.715+0000][398.355s][info][gc,cpu         ] GC(338) User=0.00s Sys=0.00s Real=0.02s
[2025-12-25T04:29:02.847+0000][398.486s][info][gc,start       ] GC(339) Pause Young (Allocation Failure)
[2025-12-25T04:29:02.854+0000][398.494s][info][gc,heap        ] GC(339) DefNew: 81315K(88512K)->3042K(88512K) Eden: 78720K(78720K)->0K(78720K) From: 2595K(9792K)->3042K(9792K)
[2025-12-25T04:29:02.857+0000][398.497s][info][gc,heap        ] GC(339) Tenured: 121247K(196608K)->121247K(196608K)
[2025-12-25T04:29:02.858+0000][398.498s][info][gc,metaspace   ] GC(339) Metaspace: 97096K(99072K)->97096K(99072K) NonClass: 84087K(85248K)->84087K(85248K) Class: 13008K(13824K)->13008K(13824K)
[2025-12-25T04:29:02.858+0000][398.498s][info][gc             ] GC(339) Pause Young (Allocation Failure) 197M->121M(278M) 11.909ms
[2025-12-25T04:29:02.861+0000][398.501s][info][gc,cpu         ] GC(339) User=0.01s Sys=0.00s Real=0.01s
[2025-12-25T04:29:02.954+0000][398.593s][info][gc,start       ] GC(340) Pause Young (Allocation Failure)
[2025-12-25T04:29:02.961+0000][398.601s][info][gc,heap        ] GC(340) DefNew: 81762K(88512K)->3128K(88512K) Eden: 78720K(78720K)->0K(78720K) From: 3042K(9792K)->3128K(9792K)
[2025-12-25T04:29:02.962+0000][398.602s][info][gc,heap        ] GC(340) Tenured: 121247K(196608K)->121247K(196608K)
[2025-12-25T04:29:02.964+0000][398.604s][info][gc,metaspace   ] GC(340) Metaspace: 97096K(99072K)->97096K(99072K) NonClass: 84087K(85248K)->84087K(85248K) Class: 13008K(13824K)->13008K(13824K)
[2025-12-25T04:29:02.967+0000][398.607s][info][gc             ] GC(340) Pause Young (Allocation Failure) 198M->121M(278M) 13.968ms
[2025-12-25T04:29:02.968+0000][398.608s][info][gc,cpu         ] GC(340) User=0.01s Sys=0.00s Real=0.02s
[2025-12-25T04:29:03.130+0000][398.770s][info][gc,start       ] GC(341) Pause Young (Allocation Failure)
[2025-12-25T04:29:03.141+0000][398.781s][info][gc,heap        ] GC(341) DefNew: 81848K(88512K)->2402K(88512K) Eden: 78720K(78720K)->0K(78720K) From: 3128K(9792K)->2402K(9792K)
[2025-12-25T04:29:03.141+0000][398.781s][info][gc,heap        ] GC(341) Tenured: 121247K(196608K)->121247K(196608K)
[2025-12-25T04:29:03.141+0000][398.781s][info][gc,metaspace   ] GC(341) Metaspace: 97096K(99072K)->97096K(99072K) NonClass: 84087K(85248K)->84087K(85248K) Class: 13008K(13824K)->13008K(13824K)
[2025-12-25T04:29:03.142+0000][398.782s][info][gc             ] GC(341) Pause Young (Allocation Failure) 198M->120M(278M) 11.364ms
[2025-12-25T04:29:03.145+0000][398.784s][info][gc,cpu         ] GC(341) User=0.01s Sys=0.00s Real=0.02s
[2025-12-25T04:29:03.253+0000][398.893s][info][gc,start       ] GC(342) Pause Young (Allocation Failure)
[2025-12-25T04:29:03.261+0000][398.901s][info][gc,heap        ] GC(342) DefNew: 81122K(88512K)->3416K(88512K) Eden: 78720K(78720K)->0K(78720K) From: 2402K(9792K)->3416K(9792K)
[2025-12-25T04:29:03.264+0000][398.904s][info][gc,heap        ] GC(342) Tenured: 121247K(196608K)->121247K(196608K)
[2025-12-25T04:29:03.265+0000][398.905s][info][gc,metaspace   ] GC(342) Metaspace: 97096K(99072K)->97096K(99072K) NonClass: 84087K(85248K)->84087K(85248K) Class: 13008K(13824K)->13008K(13824K)
[2025-12-25T04:29:03.265+0000][398.905s][info][gc             ] GC(342) Pause Young (Allocation Failure) 197M->121M(278M) 12.100ms
[2025-12-25T04:29:03.266+0000][398.906s][info][gc,cpu         ] GC(342) User=0.00s Sys=0.00s Real=0.02s
[2025-12-25T04:29:03.395+0000][399.035s][info][gc,start       ] GC(343) Pause Young (Allocation Failure)
[2025-12-25T04:29:03.401+0000][399.041s][info][gc,heap        ] GC(343) DefNew: 82136K(88512K)->2125K(88512K) Eden: 78720K(78720K)->0K(78720K) From: 3416K(9792K)->2125K(9792K)
[2025-12-25T04:29:03.402+0000][399.042s][info][gc,heap        ] GC(343) Tenured: 121247K(196608K)->121800K(196608K)
[2025-12-25T04:29:03.402+0000][399.042s][info][gc,metaspace   ] GC(343) Metaspace: 97096K(99072K)->97096K(99072K) NonClass: 84087K(85248K)->84087K(85248K) Class: 13008K(13824K)->13008K(13824K)
[2025-12-25T04:29:03.402+0000][399.042s][info][gc             ] GC(343) Pause Young (Allocation Failure) 198M->121M(278M) 6.789ms
[2025-12-25T04:29:03.402+0000][399.042s][info][gc,cpu         ] GC(343) User=0.00s Sys=0.01s Real=0.00s
[2025-12-25T04:29:03.539+0000][399.179s][info][gc,start       ] GC(344) Pause Young (Allocation Failure)
[2025-12-25T04:29:03.544+0000][399.184s][info][gc,heap        ] GC(344) DefNew: 80845K(88512K)->2179K(88512K) Eden: 78720K(78720K)->0K(78720K) From: 2125K(9792K)->2179K(9792K)
[2025-12-25T04:29:03.545+0000][399.185s][info][gc,heap        ] GC(344) Tenured: 121800K(196608K)->121801K(196608K)
[2025-12-25T04:29:03.547+0000][399.187s][info][gc,metaspace   ] GC(344) Metaspace: 97096K(99072K)->97096K(99072K) NonClass: 84087K(85248K)->84087K(85248K) Class: 13008K(13824K)->13008K(13824K)
[2025-12-25T04:29:03.547+0000][399.187s][info][gc             ] GC(344) Pause Young (Allocation Failure) 197M->121M(278M) 8.186ms
[2025-12-25T04:29:03.548+0000][399.188s][info][gc,cpu         ] GC(344) User=0.00s Sys=0.00s Real=0.01s
[2025-12-25T04:29:03.695+0000][399.335s][info][gc,start       ] GC(345) Pause Young (Allocation Failure)
[2025-12-25T04:29:03.702+0000][399.342s][info][gc,heap        ] GC(345) DefNew: 80899K(88512K)->2179K(88512K) Eden: 78720K(78720K)->0K(78720K) From: 2179K(9792K)->2179K(9792K)
[2025-12-25T04:29:03.703+0000][399.343s][info][gc,heap        ] GC(345) Tenured: 121801K(196608K)->121801K(196608K)
[2025-12-25T04:29:03.704+0000][399.344s][info][gc,metaspace   ] GC(345) Metaspace: 97096K(99072K)->97096K(99072K) NonClass: 84087K(85248K)->84087K(85248K) Class: 13008K(13824K)->13008K(13824K)
[2025-12-25T04:29:03.706+0000][399.346s][info][gc             ] GC(345) Pause Young (Allocation Failure) 197M->121M(278M) 10.423ms
[2025-12-25T04:29:03.706+0000][399.346s][info][gc,cpu         ] GC(345) User=0.01s Sys=0.00s Real=0.01s
[2025-12-25T04:29:03.833+0000][399.473s][info][gc,start       ] GC(346) Pause Young (Allocation Failure)
[2025-12-25T04:29:03.836+0000][399.476s][info][gc,heap        ] GC(346) DefNew: 80899K(88512K)->2502K(88512K) Eden: 78720K(78720K)->0K(78720K) From: 2179K(9792K)->2502K(9792K)
[2025-12-25T04:29:03.838+0000][399.478s][info][gc,heap        ] GC(346) Tenured: 121801K(196608K)->121801K(196608K)
[2025-12-25T04:29:03.839+0000][399.479s][info][gc,metaspace   ] GC(346) Metaspace: 97096K(99072K)->97096K(99072K) NonClass: 84087K(85248K)->84087K(85248K) Class: 13008K(13824K)->13008K(13824K)
[2025-12-25T04:29:03.839+0000][399.479s][info][gc             ] GC(346) Pause Young (Allocation Failure) 197M->121M(278M) 6.414ms
[2025-12-25T04:29:03.840+0000][399.480s][info][gc,cpu         ] GC(346) User=0.00s Sys=0.00s Real=0.01s
[2025-12-25T04:29:03.985+0000][399.625s][info][gc,start       ] GC(347) Pause Young (Allocation Failure)
[2025-12-25T04:29:03.989+0000][399.629s][info][gc,heap        ] GC(347) DefNew: 81222K(88512K)->2295K(88512K) Eden: 78720K(78720K)->0K(78720K) From: 2502K(9792K)->2295K(9792K)
[2025-12-25T04:29:03.990+0000][399.630s][info][gc,heap        ] GC(347) Tenured: 121801K(196608K)->121801K(196608K)
[2025-12-25T04:29:03.990+0000][399.630s][info][gc,metaspace   ] GC(347) Metaspace: 97096K(99072K)->97096K(99072K) NonClass: 84087K(85248K)->84087K(85248K) Class: 13008K(13824K)->13008K(13824K)
[2025-12-25T04:29:03.990+0000][399.630s][info][gc             ] GC(347) Pause Young (Allocation Failure) 198M->121M(278M) 5.312ms
[2025-12-25T04:29:03.991+0000][399.631s][info][gc,cpu         ] GC(347) User=0.00s Sys=0.00s Real=0.00s
[2025-12-25T04:29:04.147+0000][399.787s][info][gc,start       ] GC(348) Pause Young (Allocation Failure)
[2025-12-25T04:29:04.154+0000][399.794s][info][gc,heap        ] GC(348) DefNew: 81015K(88512K)->2219K(88512K) Eden: 78720K(78720K)->0K(78720K) From: 2295K(9792K)->2219K(9792K)
[2025-12-25T04:29:04.155+0000][399.795s][info][gc,heap        ] GC(348) Tenured: 121801K(196608K)->121801K(196608K)
[2025-12-25T04:29:04.155+0000][399.795s][info][gc,metaspace   ] GC(348) Metaspace: 97096K(99072K)->97096K(99072K) NonClass: 84087K(85248K)->84087K(85248K) Class: 13008K(13824K)->13008K(13824K)
[2025-12-25T04:29:04.156+0000][399.796s][info][gc             ] GC(348) Pause Young (Allocation Failure) 198M->121M(278M) 8.417ms
[2025-12-25T04:29:04.157+0000][399.797s][info][gc,cpu         ] GC(348) User=0.01s Sys=0.00s Real=0.01s
[2025-12-25T04:29:04.319+0000][399.959s][info][gc,start       ] GC(349) Pause Young (Allocation Failure)
[2025-12-25T04:29:04.337+0000][399.977s][info][gc,heap        ] GC(349) DefNew: 80939K(88512K)->2795K(88512K) Eden: 78720K(78720K)->0K(78720K) From: 2219K(9792K)->2795K(9792K)
[2025-12-25T04:29:04.338+0000][399.978s][info][gc,heap        ] GC(349) Tenured: 121801K(196608K)->121801K(196608K)
[2025-12-25T04:29:04.339+0000][399.979s][info][gc,metaspace   ] GC(349) Metaspace: 97096K(99072K)->97096K(99072K) NonClass: 84087K(85248K)->84087K(85248K) Class: 13008K(13824K)->13008K(13824K)
[2025-12-25T04:29:04.339+0000][399.979s][info][gc             ] GC(349) Pause Young (Allocation Failure) 197M->121M(278M) 19.428ms
[2025-12-25T04:29:04.339+0000][399.979s][info][gc,cpu         ] GC(349) User=0.01s Sys=0.01s Real=0.02s
[2025-12-25T04:29:04.446+0000][400.086s][info][gc,start       ] GC(350) Pause Young (Allocation Failure)
[2025-12-25T04:29:04.475+0000][400.115s][info][gc,heap        ] GC(350) DefNew: 81515K(88512K)->1928K(88512K) Eden: 78719K(78720K)->0K(78720K) From: 2795K(9792K)->1928K(9792K)
[2025-12-25T04:29:04.477+0000][400.117s][info][gc,heap        ] GC(350) Tenured: 121801K(196608K)->121811K(196608K)
[2025-12-25T04:29:04.478+0000][400.118s][info][gc,metaspace   ] GC(350) Metaspace: 97096K(99072K)->97096K(99072K) NonClass: 84087K(85248K)->84087K(85248K) Class: 13008K(13824K)->13008K(13824K)
[2025-12-25T04:29:04.481+0000][400.121s][info][gc             ] GC(350) Pause Young (Allocation Failure) 198M->120M(278M) 35.244ms
[2025-12-25T04:29:04.481+0000][400.121s][info][gc,cpu         ] GC(350) User=0.00s Sys=0.00s Real=0.03s
[2025-12-25T04:29:04.678+0000][400.318s][info][gc,start       ] GC(351) Pause Young (Allocation Failure)
[2025-12-25T04:29:04.701+0000][400.341s][info][gc,heap        ] GC(351) DefNew: 80648K(88512K)->3781K(88512K) Eden: 78720K(78720K)->0K(78720K) From: 1928K(9792K)->3781K(9792K)
[2025-12-25T04:29:04.702+0000][400.342s][info][gc,heap        ] GC(351) Tenured: 121811K(196608K)->121812K(196608K)
[2025-12-25T04:29:04.702+0000][400.342s][info][gc,metaspace   ] GC(351) Metaspace: 97096K(99072K)->97096K(99072K) NonClass: 84087K(85248K)->84087K(85248K) Class: 13008K(13824K)->13008K(13824K)
[2025-12-25T04:29:04.703+0000][400.342s][info][gc             ] GC(351) Pause Young (Allocation Failure) 197M->122M(278M) 24.463ms
[2025-12-25T04:29:04.703+0000][400.343s][info][gc,cpu         ] GC(351) User=0.00s Sys=0.00s Real=0.02s
[2025-12-25T04:29:04.825+0000][400.465s][info][gc,start       ] GC(352) Pause Young (Allocation Failure)
[2025-12-25T04:29:04.839+0000][400.479s][info][gc,heap        ] GC(352) DefNew: 82501K(88512K)->3609K(88512K) Eden: 78720K(78720K)->0K(78720K) From: 3781K(9792K)->3609K(9792K)
[2025-12-25T04:29:04.839+0000][400.479s][info][gc,heap        ] GC(352) Tenured: 121812K(196608K)->121812K(196608K)
[2025-12-25T04:29:04.839+0000][400.479s][info][gc,metaspace   ] GC(352) Metaspace: 97096K(99072K)->97096K(99072K) NonClass: 84087K(85248K)->84087K(85248K) Class: 13008K(13824K)->13008K(13824K)
[2025-12-25T04:29:04.839+0000][400.479s][info][gc             ] GC(352) Pause Young (Allocation Failure) 199M->122M(278M) 13.791ms
[2025-12-25T04:29:04.840+0000][400.480s][info][gc,cpu         ] GC(352) User=0.01s Sys=0.00s Real=0.01s
[2025-12-25T04:29:04.997+0000][400.637s][info][gc,start       ] GC(353) Pause Young (Allocation Failure)
[2025-12-25T04:29:05.003+0000][400.643s][info][gc,heap        ] GC(353) DefNew: 82329K(88512K)->4015K(88512K) Eden: 78720K(78720K)->0K(78720K) From: 3609K(9792K)->4015K(9792K)
[2025-12-25T04:29:05.003+0000][400.643s][info][gc,heap        ] GC(353) Tenured: 121812K(196608K)->121812K(196608K)
[2025-12-25T04:29:05.004+0000][400.644s][info][gc,metaspace   ] GC(353) Metaspace: 97096K(99072K)->97096K(99072K) NonClass: 84087K(85248K)->84087K(85248K) Class: 13008K(13824K)->13008K(13824K)
[2025-12-25T04:29:05.004+0000][400.644s][info][gc             ] GC(353) Pause Young (Allocation Failure) 199M->122M(278M) 6.746ms
[2025-12-25T04:29:05.004+0000][400.644s][info][gc,cpu         ] GC(353) User=0.00s Sys=0.00s Real=0.00s
[2025-12-25T04:29:05.132+0000][400.772s][info][gc,start       ] GC(354) Pause Young (Allocation Failure)
[2025-12-25T04:29:05.138+0000][400.778s][info][gc,heap        ] GC(354) DefNew: 82735K(88512K)->3538K(88512K) Eden: 78720K(78720K)->0K(78720K) From: 4015K(9792K)->3538K(9792K)
[2025-12-25T04:29:05.138+0000][400.778s][info][gc,heap        ] GC(354) Tenured: 121812K(196608K)->121812K(196608K)
[2025-12-25T04:29:05.138+0000][400.778s][info][gc,metaspace   ] GC(354) Metaspace: 97096K(99072K)->97096K(99072K) NonClass: 84087K(85248K)->84087K(85248K) Class: 13008K(13824K)->13008K(13824K)
[2025-12-25T04:29:05.139+0000][400.779s][info][gc             ] GC(354) Pause Young (Allocation Failure) 199M->122M(278M) 6.569ms
[2025-12-25T04:29:05.140+0000][400.780s][info][gc,cpu         ] GC(354) User=0.01s Sys=0.00s Real=0.01s
[2025-12-25T04:29:05.266+0000][400.906s][info][gc,start       ] GC(355) Pause Young (Allocation Failure)
[2025-12-25T04:29:05.273+0000][400.913s][info][gc,heap        ] GC(355) DefNew: 82258K(88512K)->3152K(88512K) Eden: 78720K(78720K)->0K(78720K) From: 3538K(9792K)->3152K(9792K)
[2025-12-25T04:29:05.276+0000][400.916s][info][gc,heap        ] GC(355) Tenured: 121812K(196608K)->121812K(196608K)
[2025-12-25T04:29:05.276+0000][400.916s][info][gc,metaspace   ] GC(355) Metaspace: 97099K(99072K)->97099K(99072K) NonClass: 84090K(85248K)->84090K(85248K) Class: 13008K(13824K)->13008K(13824K)
[2025-12-25T04:29:05.276+0000][400.916s][info][gc             ] GC(355) Pause Young (Allocation Failure) 199M->122M(278M) 10.081ms
[2025-12-25T04:29:05.276+0000][400.916s][info][gc,cpu         ] GC(355) User=0.01s Sys=0.00s Real=0.01s
[2025-12-25T04:29:05.438+0000][401.078s][info][gc,start       ] GC(356) Pause Young (Allocation Failure)
[2025-12-25T04:29:05.445+0000][401.085s][info][gc,heap        ] GC(356) DefNew: 81872K(88512K)->3478K(88512K) Eden: 78720K(78720K)->0K(78720K) From: 3152K(9792K)->3478K(9792K)
[2025-12-25T04:29:05.449+0000][401.089s][info][gc,heap        ] GC(356) Tenured: 121812K(196608K)->121989K(196608K)
[2025-12-25T04:29:05.450+0000][401.090s][info][gc,metaspace   ] GC(356) Metaspace: 97099K(99072K)->97099K(99072K) NonClass: 84090K(85248K)->84090K(85248K) Class: 13008K(13824K)->13008K(13824K)
[2025-12-25T04:29:05.451+0000][401.091s][info][gc             ] GC(356) Pause Young (Allocation Failure) 198M->122M(278M) 12.691ms
[2025-12-25T04:29:05.451+0000][401.091s][info][gc,cpu         ] GC(356) User=0.00s Sys=0.00s Real=0.01s
[2025-12-25T04:29:05.578+0000][401.218s][info][gc,start       ] GC(357) Pause Young (Allocation Failure)
[2025-12-25T04:29:05.587+0000][401.227s][info][gc,heap        ] GC(357) DefNew: 82198K(88512K)->4143K(88512K) Eden: 78720K(78720K)->0K(78720K) From: 3478K(9792K)->4143K(9792K)
[2025-12-25T04:29:05.588+0000][401.228s][info][gc,heap        ] GC(357) Tenured: 121989K(196608K)->122230K(196608K)
[2025-12-25T04:29:05.589+0000][401.229s][info][gc,metaspace   ] GC(357) Metaspace: 97099K(99072K)->97099K(99072K) NonClass: 84090K(85248K)->84090K(85248K) Class: 13008K(13824K)->13008K(13824K)
[2025-12-25T04:29:05.589+0000][401.229s][info][gc             ] GC(357) Pause Young (Allocation Failure) 199M->123M(278M) 10.541ms
[2025-12-25T04:29:05.589+0000][401.229s][info][gc,cpu         ] GC(357) User=0.01s Sys=0.01s Real=0.01s
[2025-12-25T04:29:05.750+0000][401.390s][info][gc,start       ] GC(358) Pause Young (Allocation Failure)
[2025-12-25T04:29:05.765+0000][401.405s][info][gc,heap        ] GC(358) DefNew: 82863K(88512K)->4152K(88512K) Eden: 78720K(78720K)->0K(78720K) From: 4143K(9792K)->4152K(9792K)
[2025-12-25T04:29:05.767+0000][401.407s][info][gc,heap        ] GC(358) Tenured: 122230K(196608K)->122279K(196608K)
[2025-12-25T04:29:05.767+0000][401.407s][info][gc,metaspace   ] GC(358) Metaspace: 97099K(99072K)->97099K(99072K) NonClass: 84090K(85248K)->84090K(85248K) Class: 13008K(13824K)->13008K(13824K)
[2025-12-25T04:29:05.771+0000][401.411s][info][gc             ] GC(358) Pause Young (Allocation Failure) 200M->123M(278M) 21.069ms
[2025-12-25T04:29:05.773+0000][401.413s][info][gc,cpu         ] GC(358) User=0.01s Sys=0.00s Real=0.02s
[2025-12-25T04:29:05.931+0000][401.571s][info][gc,start       ] GC(359) Pause Young (Allocation Failure)
[2025-12-25T04:29:05.936+0000][401.576s][info][gc,heap        ] GC(359) DefNew: 82872K(88512K)->3532K(88512K) Eden: 78720K(78720K)->0K(78720K) From: 4152K(9792K)->3532K(9792K)
[2025-12-25T04:29:05.936+0000][401.576s][info][gc,heap        ] GC(359) Tenured: 122279K(196608K)->122279K(196608K)
[2025-12-25T04:29:05.936+0000][401.576s][info][gc,metaspace   ] GC(359) Metaspace: 97099K(99072K)->97099K(99072K) NonClass: 84090K(85248K)->84090K(85248K) Class: 13008K(13824K)->13008K(13824K)
[2025-12-25T04:29:05.937+0000][401.577s][info][gc             ] GC(359) Pause Young (Allocation Failure) 200M->122M(278M) 6.262ms
[2025-12-25T04:29:05.937+0000][401.577s][info][gc,cpu         ] GC(359) User=0.00s Sys=0.00s Real=0.01s
[2025-12-25T04:29:06.102+0000][401.742s][info][gc,start       ] GC(360) Pause Young (Allocation Failure)
[2025-12-25T04:29:06.108+0000][401.748s][info][gc,heap        ] GC(360) DefNew: 82252K(88512K)->4187K(88512K) Eden: 78720K(78720K)->0K(78720K) From: 3532K(9792K)->4187K(9792K)
[2025-12-25T04:29:06.108+0000][401.748s][info][gc,heap        ] GC(360) Tenured: 122279K(196608K)->122279K(196608K)
[2025-12-25T04:29:06.109+0000][401.749s][info][gc,metaspace   ] GC(360) Metaspace: 97100K(99072K)->97100K(99072K) NonClass: 84091K(85248K)->84091K(85248K) Class: 13008K(13824K)->13008K(13824K)
[2025-12-25T04:29:06.109+0000][401.749s][info][gc             ] GC(360) Pause Young (Allocation Failure) 199M->123M(278M) 6.410ms
[2025-12-25T04:29:06.109+0000][401.749s][info][gc,cpu         ] GC(360) User=0.01s Sys=0.00s Real=0.01s
[2025-12-25T04:29:06.286+0000][401.926s][info][gc,start       ] GC(361) Pause Young (Allocation Failure)
[2025-12-25T04:29:06.294+0000][401.934s][info][gc,heap        ] GC(361) DefNew: 82907K(88512K)->3493K(88512K) Eden: 78720K(78720K)->0K(78720K) From: 4187K(9792K)->3493K(9792K)
[2025-12-25T04:29:06.294+0000][401.934s][info][gc,heap        ] GC(361) Tenured: 122279K(196608K)->122279K(196608K)
[2025-12-25T04:29:06.295+0000][401.935s][info][gc,metaspace   ] GC(361) Metaspace: 97100K(99072K)->97100K(99072K) NonClass: 84091K(85248K)->84091K(85248K) Class: 13008K(13824K)->13008K(13824K)
[2025-12-25T04:29:06.295+0000][401.935s][info][gc             ] GC(361) Pause Young (Allocation Failure) 200M->122M(278M) 8.304ms
[2025-12-25T04:29:06.295+0000][401.935s][info][gc,cpu         ] GC(361) User=0.01s Sys=0.00s Real=0.01s
[2025-12-25T04:29:06.446+0000][402.086s][info][gc,start       ] GC(362) Pause Young (Allocation Failure)
[2025-12-25T04:29:06.451+0000][402.091s][info][gc,heap        ] GC(362) DefNew: 81716K(88512K)->3467K(88512K) Eden: 78222K(78720K)->0K(78720K) From: 3493K(9792K)->3467K(9792K)
[2025-12-25T04:29:06.451+0000][402.091s][info][gc,heap        ] GC(362) Tenured: 122279K(196608K)->122279K(196608K)
[2025-12-25T04:29:06.451+0000][402.091s][info][gc,metaspace   ] GC(362) Metaspace: 97100K(99072K)->97100K(99072K) NonClass: 84091K(85248K)->84091K(85248K) Class: 13008K(13824K)->13008K(13824K)
[2025-12-25T04:29:06.452+0000][402.092s][info][gc             ] GC(362) Pause Young (Allocation Failure) 199M->122M(278M) 6.212ms
[2025-12-25T04:29:06.452+0000][402.092s][info][gc,cpu         ] GC(362) User=0.00s Sys=0.00s Real=0.00s
[2025-12-25T04:29:06.623+0000][402.263s][info][gc,start       ] GC(363) Pause Young (Allocation Failure)
[2025-12-25T04:29:06.630+0000][402.270s][info][gc,heap        ] GC(363) DefNew: 82187K(88512K)->4122K(88512K) Eden: 78720K(78720K)->0K(78720K) From: 3467K(9792K)->4122K(9792K)
[2025-12-25T04:29:06.633+0000][402.273s][info][gc,heap        ] GC(363) Tenured: 122279K(196608K)->122280K(196608K)
[2025-12-25T04:29:06.634+0000][402.274s][info][gc,metaspace   ] GC(363) Metaspace: 97101K(99072K)->97101K(99072K) NonClass: 84092K(85248K)->84092K(85248K) Class: 13008K(13824K)->13008K(13824K)
[2025-12-25T04:29:06.634+0000][402.274s][info][gc             ] GC(363) Pause Young (Allocation Failure) 199M->123M(278M) 10.772ms
[2025-12-25T04:29:06.635+0000][402.275s][info][gc,cpu         ] GC(363) User=0.00s Sys=0.00s Real=0.02s
[2025-12-25T04:29:06.794+0000][402.434s][info][gc,start       ] GC(364) Pause Young (Allocation Failure)
[2025-12-25T04:29:06.803+0000][402.443s][info][gc,heap        ] GC(364) DefNew: 82842K(88512K)->5386K(88512K) Eden: 78720K(78720K)->0K(78720K) From: 4122K(9792K)->5386K(9792K)
[2025-12-25T04:29:06.804+0000][402.444s][info][gc,heap        ] GC(364) Tenured: 122280K(196608K)->122280K(196608K)
[2025-12-25T04:29:06.804+0000][402.444s][info][gc,metaspace   ] GC(364) Metaspace: 97101K(99072K)->97101K(99072K) NonClass: 84092K(85248K)->84092K(85248K) Class: 13008K(13824K)->13008K(13824K)
[2025-12-25T04:29:06.805+0000][402.445s][info][gc             ] GC(364) Pause Young (Allocation Failure) 200M->124M(278M) 11.077ms
[2025-12-25T04:29:06.807+0000][402.447s][info][gc,cpu         ] GC(364) User=0.01s Sys=0.00s Real=0.02s
[2025-12-25T04:29:06.932+0000][402.572s][info][gc,start       ] GC(365) Pause Young (Allocation Failure)
[2025-12-25T04:29:06.945+0000][402.585s][info][gc,heap        ] GC(365) DefNew: 84106K(88512K)->3376K(88512K) Eden: 78719K(78720K)->0K(78720K) From: 5386K(9792K)->3376K(9792K)
[2025-12-25T04:29:06.945+0000][402.585s][info][gc,heap        ] GC(365) Tenured: 122280K(196608K)->122926K(196608K)
[2025-12-25T04:29:06.945+0000][402.585s][info][gc,metaspace   ] GC(365) Metaspace: 97101K(99072K)->97101K(99072K) NonClass: 84092K(85248K)->84092K(85248K) Class: 13008K(13824K)->13008K(13824K)
[2025-12-25T04:29:06.946+0000][402.586s][info][gc             ] GC(365) Pause Young (Allocation Failure) 201M->123M(278M) 13.405ms
[2025-12-25T04:29:06.948+0000][402.588s][info][gc,cpu         ] GC(365) User=0.00s Sys=0.00s Real=0.02s
[2025-12-25T04:29:07.154+0000][402.794s][info][gc,start       ] GC(366) Pause Young (Allocation Failure)
[2025-12-25T04:29:07.185+0000][402.825s][info][gc,heap        ] GC(366) DefNew: 82096K(88512K)->4567K(88512K) Eden: 78720K(78720K)->0K(78720K) From: 3376K(9792K)->4567K(9792K)
[2025-12-25T04:29:07.188+0000][402.828s][info][gc,heap        ] GC(366) Tenured: 122926K(196608K)->122926K(196608K)
[2025-12-25T04:29:07.188+0000][402.828s][info][gc,metaspace   ] GC(366) Metaspace: 97102K(99072K)->97102K(99072K) NonClass: 84093K(85248K)->84093K(85248K) Class: 13008K(13824K)->13008K(13824K)
[2025-12-25T04:29:07.189+0000][402.829s][info][gc             ] GC(366) Pause Young (Allocation Failure) 200M->124M(278M) 34.914ms
[2025-12-25T04:29:07.189+0000][402.829s][info][gc,cpu         ] GC(366) User=0.01s Sys=0.00s Real=0.04s
[2025-12-25T04:29:07.350+0000][402.990s][info][gc,start       ] GC(367) Pause Young (Allocation Failure)
[2025-12-25T04:29:07.368+0000][403.008s][info][gc,heap        ] GC(367) DefNew: 83286K(88512K)->3273K(88512K) Eden: 78719K(78720K)->0K(78720K) From: 4567K(9792K)->3273K(9792K)
[2025-12-25T04:29:07.368+0000][403.008s][info][gc,heap        ] GC(367) Tenured: 122926K(196608K)->122926K(196608K)
[2025-12-25T04:29:07.369+0000][403.009s][info][gc,metaspace   ] GC(367) Metaspace: 97103K(99072K)->97103K(99072K) NonClass: 84094K(85248K)->84094K(85248K) Class: 13008K(13824K)->13008K(13824K)
[2025-12-25T04:29:07.369+0000][403.009s][info][gc             ] GC(367) Pause Young (Allocation Failure) 201M->123M(278M) 18.721ms
[2025-12-25T04:29:07.369+0000][403.009s][info][gc,cpu         ] GC(367) User=0.00s Sys=0.00s Real=0.02s
[2025-12-25T04:29:07.524+0000][403.164s][info][gc,start       ] GC(368) Pause Young (Allocation Failure)
[2025-12-25T04:29:07.527+0000][403.167s][info][gc,heap        ] GC(368) DefNew: 81985K(88512K)->3016K(88512K) Eden: 78712K(78720K)->0K(78720K) From: 3273K(9792K)->3016K(9792K)
[2025-12-25T04:29:07.528+0000][403.168s][info][gc,heap        ] GC(368) Tenured: 122926K(196608K)->122926K(196608K)
[2025-12-25T04:29:07.529+0000][403.168s][info][gc,metaspace   ] GC(368) Metaspace: 97103K(99072K)->97103K(99072K) NonClass: 84094K(85248K)->84094K(85248K) Class: 13008K(13824K)->13008K(13824K)
[2025-12-25T04:29:07.529+0000][403.169s][info][gc             ] GC(368) Pause Young (Allocation Failure) 200M->122M(278M) 5.083ms
[2025-12-25T04:29:07.529+0000][403.169s][info][gc,cpu         ] GC(368) User=0.00s Sys=0.00s Real=0.01s
[2025-12-25T04:29:07.643+0000][403.283s][info][gc,start       ] GC(369) Pause Young (Allocation Failure)
[2025-12-25T04:29:07.648+0000][403.288s][info][gc,heap        ] GC(369) DefNew: 81736K(88512K)->3781K(88512K) Eden: 78720K(78720K)->0K(78720K) From: 3016K(9792K)->3781K(9792K)
[2025-12-25T04:29:07.649+0000][403.289s][info][gc,heap        ] GC(369) Tenured: 122926K(196608K)->122954K(196608K)
[2025-12-25T04:29:07.649+0000][403.289s][info][gc,metaspace   ] GC(369) Metaspace: 97103K(99072K)->97103K(99072K) NonClass: 84094K(85248K)->84094K(85248K) Class: 13008K(13824K)->13008K(13824K)
[2025-12-25T04:29:07.649+0000][403.289s][info][gc             ] GC(369) Pause Young (Allocation Failure) 199M->123M(278M) 5.760ms
[2025-12-25T04:29:07.649+0000][403.289s][info][gc,cpu         ] GC(369) User=0.01s Sys=0.00s Real=0.01s
[2025-12-25T04:29:07.773+0000][403.413s][info][gc,start       ] GC(370) Pause Young (Allocation Failure)
[2025-12-25T04:29:07.779+0000][403.419s][info][gc,heap        ] GC(370) DefNew: 82501K(88512K)->3223K(88512K) Eden: 78720K(78720K)->0K(78720K) From: 3781K(9792K)->3223K(9792K)
[2025-12-25T04:29:07.779+0000][403.419s][info][gc,heap        ] GC(370) Tenured: 122954K(196608K)->123394K(196608K)
[2025-12-25T04:29:07.779+0000][403.419s][info][gc,metaspace   ] GC(370) Metaspace: 97103K(99072K)->97103K(99072K) NonClass: 84094K(85248K)->84094K(85248K) Class: 13008K(13824K)->13008K(13824K)
[2025-12-25T04:29:07.780+0000][403.420s][info][gc             ] GC(370) Pause Young (Allocation Failure) 200M->123M(278M) 7.127ms
[2025-12-25T04:29:07.783+0000][403.423s][info][gc,cpu         ] GC(370) User=0.01s Sys=0.00s Real=0.01s
[2025-12-25T04:29:07.941+0000][403.581s][info][gc,start       ] GC(371) Pause Young (Allocation Failure)
[2025-12-25T04:29:07.945+0000][403.585s][info][gc,heap        ] GC(371) DefNew: 81943K(88512K)->3043K(88512K) Eden: 78720K(78720K)->0K(78720K) From: 3223K(9792K)->3043K(9792K)
[2025-12-25T04:29:07.945+0000][403.585s][info][gc,heap        ] GC(371) Tenured: 123394K(196608K)->123394K(196608K)
[2025-12-25T04:29:07.945+0000][403.585s][info][gc,metaspace   ] GC(371) Metaspace: 97103K(99072K)->97103K(99072K) NonClass: 84094K(85248K)->84094K(85248K) Class: 13008K(13824K)->13008K(13824K)
[2025-12-25T04:29:07.945+0000][403.585s][info][gc             ] GC(371) Pause Young (Allocation Failure) 200M->123M(278M) 3.648ms
[2025-12-25T04:29:07.945+0000][403.585s][info][gc,cpu         ] GC(371) User=0.00s Sys=0.00s Real=0.01s
[2025-12-25T04:29:08.105+0000][403.745s][info][gc,start       ] GC(372) Pause Young (Allocation Failure)
[2025-12-25T04:29:08.113+0000][403.753s][info][gc,heap        ] GC(372) DefNew: 81763K(88512K)->3318K(88512K) Eden: 78720K(78720K)->0K(78720K) From: 3043K(9792K)->3318K(9792K)
[2025-12-25T04:29:08.114+0000][403.754s][info][gc,heap        ] GC(372) Tenured: 123394K(196608K)->123419K(196608K)
[2025-12-25T04:29:08.115+0000][403.755s][info][gc,metaspace   ] GC(372) Metaspace: 97103K(99072K)->97103K(99072K) NonClass: 84094K(85248K)->84094K(85248K) Class: 13008K(13824K)->13008K(13824K)
[2025-12-25T04:29:08.116+0000][403.756s][info][gc             ] GC(372) Pause Young (Allocation Failure) 200M->123M(278M) 11.567ms
[2025-12-25T04:29:08.120+0000][403.760s][info][gc,cpu         ] GC(372) User=0.01s Sys=0.00s Real=0.01s
[2025-12-25T04:29:08.266+0000][403.906s][info][gc,start       ] GC(373) Pause Young (Allocation Failure)
[2025-12-25T04:29:08.284+0000][403.924s][info][gc,heap        ] GC(373) DefNew: 82038K(88512K)->3128K(88512K) Eden: 78720K(78720K)->0K(78720K) From: 3318K(9792K)->3128K(9792K)
[2025-12-25T04:29:08.285+0000][403.925s][info][gc,heap        ] GC(373) Tenured: 123419K(196608K)->123444K(196608K)
[2025-12-25T04:29:08.286+0000][403.926s][info][gc,metaspace   ] GC(373) Metaspace: 97103K(99072K)->97103K(99072K) NonClass: 84094K(85248K)->84094K(85248K) Class: 13008K(13824K)->13008K(13824K)
[2025-12-25T04:29:08.286+0000][403.926s][info][gc             ] GC(373) Pause Young (Allocation Failure) 200M->123M(278M) 19.808ms
[2025-12-25T04:29:08.287+0000][403.927s][info][gc,cpu         ] GC(373) User=0.01s Sys=0.00s Real=0.02s
[2025-12-25T04:29:08.484+0000][404.124s][info][gc,start       ] GC(374) Pause Young (Allocation Failure)
[2025-12-25T04:29:08.506+0000][404.146s][info][gc,heap        ] GC(374) DefNew: 81848K(88512K)->4600K(88512K) Eden: 78720K(78720K)->0K(78720K) From: 3128K(9792K)->4600K(9792K)
[2025-12-25T04:29:08.509+0000][404.149s][info][gc,heap        ] GC(374) Tenured: 123444K(196608K)->123444K(196608K)
[2025-12-25T04:29:08.511+0000][404.151s][info][gc,metaspace   ] GC(374) Metaspace: 97106K(99072K)->97106K(99072K) NonClass: 84097K(85248K)->84097K(85248K) Class: 13008K(13824K)->13008K(13824K)
[2025-12-25T04:29:08.514+0000][404.154s][info][gc             ] GC(374) Pause Young (Allocation Failure) 200M->125M(278M) 29.612ms
[2025-12-25T04:29:08.514+0000][404.154s][info][gc,cpu         ] GC(374) User=0.01s Sys=0.00s Real=0.03s
[2025-12-25T04:29:08.683+0000][404.323s][info][gc,start       ] GC(375) Pause Young (Allocation Failure)
[2025-12-25T04:29:08.697+0000][404.337s][info][gc,heap        ] GC(375) DefNew: 83320K(88512K)->5332K(88512K) Eden: 78719K(78720K)->0K(78720K) From: 4600K(9792K)->5332K(9792K)
[2025-12-25T04:29:08.698+0000][404.338s][info][gc,heap        ] GC(375) Tenured: 123444K(196608K)->123444K(196608K)
[2025-12-25T04:29:08.698+0000][404.338s][info][gc,metaspace   ] GC(375) Metaspace: 97106K(99072K)->97106K(99072K) NonClass: 84097K(85248K)->84097K(85248K) Class: 13008K(13824K)->13008K(13824K)
[2025-12-25T04:29:08.700+0000][404.340s][info][gc             ] GC(375) Pause Young (Allocation Failure) 201M->125M(278M) 16.904ms
[2025-12-25T04:29:08.701+0000][404.341s][info][gc,cpu         ] GC(375) User=0.01s Sys=0.00s Real=0.02s
[2025-12-25T04:29:08.818+0000][404.458s][info][gc,start       ] GC(376) Pause Young (Allocation Failure)
[2025-12-25T04:29:08.823+0000][404.463s][info][gc,heap        ] GC(376) DefNew: 84052K(88512K)->3626K(88512K) Eden: 78720K(78720K)->0K(78720K) From: 5332K(9792K)->3626K(9792K)
[2025-12-25T04:29:08.823+0000][404.463s][info][gc,heap        ] GC(376) Tenured: 123444K(196608K)->123881K(196608K)
[2025-12-25T04:29:08.823+0000][404.463s][info][gc,metaspace   ] GC(376) Metaspace: 97106K(99072K)->97106K(99072K) NonClass: 84097K(85248K)->84097K(85248K) Class: 13008K(13824K)->13008K(13824K)
[2025-12-25T04:29:08.824+0000][404.464s][info][gc             ] GC(376) Pause Young (Allocation Failure) 202M->124M(278M) 5.395ms
[2025-12-25T04:29:08.824+0000][404.464s][info][gc,cpu         ] GC(376) User=0.00s Sys=0.00s Real=0.00s
[2025-12-25T04:29:08.967+0000][404.607s][info][gc,start       ] GC(377) Pause Young (Allocation Failure)
[2025-12-25T04:29:08.999+0000][404.639s][info][gc,heap        ] GC(377) DefNew: 82346K(88512K)->3435K(88512K) Eden: 78720K(78720K)->0K(78720K) From: 3626K(9792K)->3435K(9792K)
[2025-12-25T04:29:08.999+0000][404.639s][info][gc,heap        ] GC(377) Tenured: 123881K(196608K)->123881K(196608K)
[2025-12-25T04:29:09.000+0000][404.640s][info][gc,metaspace   ] GC(377) Metaspace: 97106K(99072K)->97106K(99072K) NonClass: 84097K(85248K)->84097K(85248K) Class: 13008K(13824K)->13008K(13824K)
[2025-12-25T04:29:09.000+0000][404.640s][info][gc             ] GC(377) Pause Young (Allocation Failure) 201M->124M(278M) 32.639ms
[2025-12-25T04:29:09.000+0000][404.640s][info][gc,cpu         ] GC(377) User=0.01s Sys=0.00s Real=0.03s
[2025-12-25T04:29:09.223+0000][404.863s][info][gc,start       ] GC(378) Pause Young (Allocation Failure)
[2025-12-25T04:29:09.241+0000][404.881s][info][gc,heap        ] GC(378) DefNew: 82155K(88512K)->4556K(88512K) Eden: 78720K(78720K)->0K(78720K) From: 3435K(9792K)->4556K(9792K)
[2025-12-25T04:29:09.241+0000][404.881s][info][gc,heap        ] GC(378) Tenured: 123881K(196608K)->123881K(196608K)
[2025-12-25T04:29:09.242+0000][404.882s][info][gc,metaspace   ] GC(378) Metaspace: 97106K(99072K)->97106K(99072K) NonClass: 84097K(85248K)->84097K(85248K) Class: 13008K(13824K)->13008K(13824K)
[2025-12-25T04:29:09.246+0000][404.886s][info][gc             ] GC(378) Pause Young (Allocation Failure) 201M->125M(278M) 22.422ms
[2025-12-25T04:29:09.251+0000][404.891s][info][gc,cpu         ] GC(378) User=0.01s Sys=0.01s Real=0.03s
[2025-12-25T04:29:09.501+0000][405.141s][info][gc,start       ] GC(379) Pause Young (Allocation Failure)
[2025-12-25T04:29:09.536+0000][405.176s][info][gc,heap        ] GC(379) DefNew: 83276K(88512K)->3579K(88512K) Eden: 78720K(78720K)->0K(78720K) From: 4556K(9792K)->3579K(9792K)
[2025-12-25T04:29:09.543+0000][405.183s][info][gc,heap        ] GC(379) Tenured: 123881K(196608K)->123881K(196608K)
[2025-12-25T04:29:09.544+0000][405.184s][info][gc,metaspace   ] GC(379) Metaspace: 97106K(99072K)->97106K(99072K) NonClass: 84097K(85248K)->84097K(85248K) Class: 13008K(13824K)->13008K(13824K)
[2025-12-25T04:29:09.544+0000][405.184s][info][gc             ] GC(379) Pause Young (Allocation Failure) 202M->124M(278M) 42.762ms
[2025-12-25T04:29:09.545+0000][405.185s][info][gc,cpu         ] GC(379) User=0.01s Sys=0.00s Real=0.05s
[2025-12-25T04:29:09.809+0000][405.449s][info][gc,start       ] GC(380) Pause Young (Allocation Failure)
[2025-12-25T04:29:09.815+0000][405.455s][info][gc,heap        ] GC(380) DefNew: 82299K(88512K)->3376K(88512K) Eden: 78720K(78720K)->0K(78720K) From: 3579K(9792K)->3376K(9792K)
[2025-12-25T04:29:09.815+0000][405.455s][info][gc,heap        ] GC(380) Tenured: 123881K(196608K)->123881K(196608K)
[2025-12-25T04:29:09.815+0000][405.455s][info][gc,metaspace   ] GC(380) Metaspace: 97106K(99072K)->97106K(99072K) NonClass: 84097K(85248K)->84097K(85248K) Class: 13008K(13824K)->13008K(13824K)
[2025-12-25T04:29:09.815+0000][405.455s][info][gc             ] GC(380) Pause Young (Allocation Failure) 201M->124M(278M) 6.104ms
[2025-12-25T04:29:09.816+0000][405.456s][info][gc,cpu         ] GC(380) User=0.00s Sys=0.00s Real=0.01s
[2025-12-25T04:29:10.029+0000][405.669s][info][gc,start       ] GC(381) Pause Young (Allocation Failure)
[2025-12-25T04:29:10.046+0000][405.686s][info][gc,heap        ] GC(381) DefNew: 82096K(88512K)->3479K(88512K) Eden: 78720K(78720K)->0K(78720K) From: 3376K(9792K)->3479K(9792K)
[2025-12-25T04:29:10.053+0000][405.693s][info][gc,heap        ] GC(381) Tenured: 123881K(196608K)->123881K(196608K)
[2025-12-25T04:29:10.060+0000][405.700s][info][gc,metaspace   ] GC(381) Metaspace: 97106K(99072K)->97106K(99072K) NonClass: 84097K(85248K)->84097K(85248K) Class: 13008K(13824K)->13008K(13824K)
[2025-12-25T04:29:10.060+0000][405.700s][info][gc             ] GC(381) Pause Young (Allocation Failure) 201M->124M(278M) 30.903ms
[2025-12-25T04:29:10.062+0000][405.702s][info][gc,cpu         ] GC(381) User=0.01s Sys=0.00s Real=0.03s
[2025-12-25T04:29:10.248+0000][405.888s][info][gc,start       ] GC(382) Pause Young (Allocation Failure)
[2025-12-25T04:29:10.264+0000][405.904s][info][gc,heap        ] GC(382) DefNew: 82199K(88512K)->4891K(88512K) Eden: 78720K(78720K)->0K(78720K) From: 3479K(9792K)->4891K(9792K)
[2025-12-25T04:29:10.265+0000][405.905s][info][gc,heap        ] GC(382) Tenured: 123881K(196608K)->123881K(196608K)
[2025-12-25T04:29:10.265+0000][405.905s][info][gc,metaspace   ] GC(382) Metaspace: 97106K(99072K)->97106K(99072K) NonClass: 84097K(85248K)->84097K(85248K) Class: 13008K(13824K)->13008K(13824K)
[2025-12-25T04:29:10.265+0000][405.905s][info][gc             ] GC(382) Pause Young (Allocation Failure) 201M->125M(278M) 17.493ms
[2025-12-25T04:29:10.265+0000][405.905s][info][gc,cpu         ] GC(382) User=0.01s Sys=0.00s Real=0.02s
[2025-12-25T04:29:10.672+0000][406.312s][info][gc,start       ] GC(383) Pause Young (Allocation Failure)
[2025-12-25T04:29:10.683+0000][406.323s][info][gc,heap        ] GC(383) DefNew: 83611K(88512K)->3826K(88512K) Eden: 78720K(78720K)->0K(78720K) From: 4891K(9792K)->3826K(9792K)
[2025-12-25T04:29:10.683+0000][406.323s][info][gc,heap        ] GC(383) Tenured: 123881K(196608K)->123881K(196608K)
[2025-12-25T04:29:10.684+0000][406.324s][info][gc,metaspace   ] GC(383) Metaspace: 97106K(99072K)->97106K(99072K) NonClass: 84097K(85248K)->84097K(85248K) Class: 13008K(13824K)->13008K(13824K)
[2025-12-25T04:29:10.685+0000][406.325s][info][gc             ] GC(383) Pause Young (Allocation Failure) 202M->124M(278M) 13.177ms
[2025-12-25T04:29:10.685+0000][406.325s][info][gc,cpu         ] GC(383) User=0.01s Sys=0.00s Real=0.02s
[2025-12-25T04:29:10.820+0000][406.460s][info][gc,start       ] GC(384) Pause Young (Allocation Failure)
[2025-12-25T04:29:10.830+0000][406.470s][info][gc,heap        ] GC(384) DefNew: 82546K(88512K)->4198K(88512K) Eden: 78720K(78720K)->0K(78720K) From: 3826K(9792K)->4198K(9792K)
[2025-12-25T04:29:10.830+0000][406.470s][info][gc,heap        ] GC(384) Tenured: 123881K(196608K)->123881K(196608K)
[2025-12-25T04:29:10.830+0000][406.470s][info][gc,metaspace   ] GC(384) Metaspace: 97106K(99072K)->97106K(99072K) NonClass: 84097K(85248K)->84097K(85248K) Class: 13008K(13824K)->13008K(13824K)
[2025-12-25T04:29:10.830+0000][406.470s][info][gc             ] GC(384) Pause Young (Allocation Failure) 201M->125M(278M) 10.584ms
[2025-12-25T04:29:10.832+0000][406.472s][info][gc,cpu         ] GC(384) User=0.01s Sys=0.00s Real=0.01s
[2025-12-25T04:29:11.008+0000][406.648s][info][gc,start       ] GC(385) Pause Young (Allocation Failure)
[2025-12-25T04:29:11.016+0000][406.656s][info][gc,heap        ] GC(385) DefNew: 82918K(88512K)->3592K(88512K) Eden: 78720K(78720K)->0K(78720K) From: 4198K(9792K)->3592K(9792K)
[2025-12-25T04:29:11.022+0000][406.662s][info][gc,heap        ] GC(385) Tenured: 123881K(196608K)->123881K(196608K)
[2025-12-25T04:29:11.023+0000][406.663s][info][gc,metaspace   ] GC(385) Metaspace: 97106K(99072K)->97106K(99072K) NonClass: 84097K(85248K)->84097K(85248K) Class: 13008K(13824K)->13008K(13824K)
[2025-12-25T04:29:11.023+0000][406.663s][info][gc             ] GC(385) Pause Young (Allocation Failure) 201M->124M(278M) 14.789ms
[2025-12-25T04:29:11.024+0000][406.664s][info][gc,cpu         ] GC(385) User=0.00s Sys=0.00s Real=0.01s
[2025-12-25T04:29:11.212+0000][406.852s][info][gc,start       ] GC(386) Pause Young (Allocation Failure)
[2025-12-25T04:29:11.237+0000][406.877s][info][gc,heap        ] GC(386) DefNew: 82312K(88512K)->3392K(88512K) Eden: 78720K(78720K)->0K(78720K) From: 3592K(9792K)->3392K(9792K)
[2025-12-25T04:29:11.238+0000][406.878s][info][gc,heap        ] GC(386) Tenured: 123881K(196608K)->123888K(196608K)
[2025-12-25T04:29:11.238+0000][406.878s][info][gc,metaspace   ] GC(386) Metaspace: 97106K(99072K)->97106K(99072K) NonClass: 84097K(85248K)->84097K(85248K) Class: 13008K(13824K)->13008K(13824K)
[2025-12-25T04:29:11.239+0000][406.879s][info][gc             ] GC(386) Pause Young (Allocation Failure) 201M->124M(278M) 27.737ms
[2025-12-25T04:29:11.241+0000][406.881s][info][gc,cpu         ] GC(386) User=0.00s Sys=0.00s Real=0.03s
[2025-12-25T04:29:11.311+0000][406.951s][info][gc,start       ] GC(387) Pause Young (Allocation Failure)
[2025-12-25T04:29:11.320+0000][406.960s][info][gc,heap        ] GC(387) DefNew: 82112K(88512K)->5168K(88512K) Eden: 78720K(78720K)->0K(78720K) From: 3392K(9792K)->5168K(9792K)
[2025-12-25T04:29:11.325+0000][406.965s][info][gc,heap        ] GC(387) Tenured: 123888K(196608K)->123948K(196608K)
[2025-12-25T04:29:11.326+0000][406.966s][info][gc,metaspace   ] GC(387) Metaspace: 97112K(99072K)->97112K(99072K) NonClass: 84103K(85248K)->84103K(85248K) Class: 13008K(13824K)->13008K(13824K)
[2025-12-25T04:29:11.329+0000][406.969s][info][gc             ] GC(387) Pause Young (Allocation Failure) 201M->126M(278M) 18.036ms
[2025-12-25T04:29:11.329+0000][406.969s][info][gc,cpu         ] GC(387) User=0.00s Sys=0.00s Real=0.02s
[2025-12-25T04:29:11.399+0000][407.039s][info][gc,start       ] GC(388) Pause Young (Allocation Failure)
[2025-12-25T04:29:11.406+0000][407.046s][info][gc,heap        ] GC(388) DefNew: 83887K(88512K)->3176K(88512K) Eden: 78718K(78720K)->0K(78720K) From: 5168K(9792K)->3176K(9792K)
[2025-12-25T04:29:11.407+0000][407.047s][info][gc,heap        ] GC(388) Tenured: 123948K(196608K)->125026K(196608K)
[2025-12-25T04:29:11.408+0000][407.048s][info][gc,metaspace   ] GC(388) Metaspace: 97114K(99072K)->97114K(99072K) NonClass: 84105K(85248K)->84105K(85248K) Class: 13008K(13824K)->13008K(13824K)
[2025-12-25T04:29:11.408+0000][407.048s][info][gc             ] GC(388) Pause Young (Allocation Failure) 202M->125M(278M) 9.159ms
[2025-12-25T04:29:11.409+0000][407.049s][info][gc,cpu         ] GC(388) User=0.01s Sys=0.00s Real=0.01s
[2025-12-25T04:29:11.506+0000][407.146s][info][gc,start       ] GC(389) Pause Young (Allocation Failure)
[2025-12-25T04:29:11.517+0000][407.157s][info][gc,heap        ] GC(389) DefNew: 81896K(88512K)->4944K(88512K) Eden: 78720K(78720K)->0K(78720K) From: 3176K(9792K)->4944K(9792K)
[2025-12-25T04:29:11.517+0000][407.157s][info][gc,heap        ] GC(389) Tenured: 125026K(196608K)->125026K(196608K)
[2025-12-25T04:29:11.519+0000][407.159s][info][gc,metaspace   ] GC(389) Metaspace: 97114K(99072K)->97114K(99072K) NonClass: 84105K(85248K)->84105K(85248K) Class: 13008K(13824K)->13008K(13824K)
[2025-12-25T04:29:11.522+0000][407.162s][info][gc             ] GC(389) Pause Young (Allocation Failure) 202M->126M(278M) 15.959ms
[2025-12-25T04:29:11.522+0000][407.162s][info][gc,cpu         ] GC(389) User=0.01s Sys=0.00s Real=0.01s
[2025-12-25T04:29:11.689+0000][407.328s][info][gc,start       ] GC(390) Pause Young (Allocation Failure)
[2025-12-25T04:29:11.702+0000][407.342s][info][gc,heap        ] GC(390) DefNew: 83664K(88512K)->2543K(88512K) Eden: 78720K(78720K)->0K(78720K) From: 4944K(9792K)->2543K(9792K)
[2025-12-25T04:29:11.705+0000][407.345s][info][gc,heap        ] GC(390) Tenured: 125026K(196608K)->125073K(196608K)
[2025-12-25T04:29:11.705+0000][407.345s][info][gc,metaspace   ] GC(390) Metaspace: 97114K(99072K)->97114K(99072K) NonClass: 84105K(85248K)->84105K(85248K) Class: 13008K(13824K)->13008K(13824K)
[2025-12-25T04:29:11.707+0000][407.347s][info][gc             ] GC(390) Pause Young (Allocation Failure) 203M->124M(278M) 18.039ms
[2025-12-25T04:29:11.708+0000][407.348s][info][gc,cpu         ] GC(390) User=0.01s Sys=0.00s Real=0.02s
[2025-12-25T04:29:11.819+0000][407.459s][info][gc,start       ] GC(391) Pause Young (Allocation Failure)
[2025-12-25T04:29:11.823+0000][407.463s][info][gc,heap        ] GC(391) DefNew: 81252K(88512K)->2266K(88512K) Eden: 78709K(78720K)->0K(78720K) From: 2543K(9792K)->2266K(9792K)
[2025-12-25T04:29:11.824+0000][407.464s][info][gc,heap        ] GC(391) Tenured: 125073K(196608K)->125073K(196608K)
[2025-12-25T04:29:11.826+0000][407.466s][info][gc,metaspace   ] GC(391) Metaspace: 97114K(99072K)->97114K(99072K) NonClass: 84105K(85248K)->84105K(85248K) Class: 13008K(13824K)->13008K(13824K)
[2025-12-25T04:29:11.827+0000][407.467s][info][gc             ] GC(391) Pause Young (Allocation Failure) 201M->124M(278M) 8.398ms
[2025-12-25T04:29:11.828+0000][407.467s][info][gc,cpu         ] GC(391) User=0.01s Sys=0.00s Real=0.01s
[2025-12-25T04:29:11.942+0000][407.582s][info][gc,start       ] GC(392) Pause Young (Allocation Failure)
[2025-12-25T04:29:11.947+0000][407.587s][info][gc,heap        ] GC(392) DefNew: 80986K(88512K)->2373K(88512K) Eden: 78720K(78720K)->0K(78720K) From: 2266K(9792K)->2373K(9792K)
[2025-12-25T04:29:11.948+0000][407.588s][info][gc,heap        ] GC(392) Tenured: 125073K(196608K)->125073K(196608K)
[2025-12-25T04:29:11.948+0000][407.588s][info][gc,metaspace   ] GC(392) Metaspace: 97114K(99072K)->97114K(99072K) NonClass: 84105K(85248K)->84105K(85248K) Class: 13008K(13824K)->13008K(13824K)
[2025-12-25T04:29:11.949+0000][407.589s][info][gc             ] GC(392) Pause Young (Allocation Failure) 201M->124M(278M) 7.242ms
[2025-12-25T04:29:11.950+0000][407.590s][info][gc,cpu         ] GC(392) User=0.00s Sys=0.01s Real=0.01s
[2025-12-25T04:29:12.127+0000][407.767s][info][gc,start       ] GC(393) Pause Young (Allocation Failure)
[2025-12-25T04:29:12.137+0000][407.777s][info][gc,heap        ] GC(393) DefNew: 81093K(88512K)->2681K(88512K) Eden: 78720K(78720K)->0K(78720K) From: 2373K(9792K)->2681K(9792K)
[2025-12-25T04:29:12.138+0000][407.778s][info][gc,heap        ] GC(393) Tenured: 125073K(196608K)->125073K(196608K)
[2025-12-25T04:29:12.138+0000][407.778s][info][gc,metaspace   ] GC(393) Metaspace: 97114K(99072K)->97114K(99072K) NonClass: 84105K(85248K)->84105K(85248K) Class: 13008K(13824K)->13008K(13824K)
[2025-12-25T04:29:12.138+0000][407.778s][info][gc             ] GC(393) Pause Young (Allocation Failure) 201M->124M(278M) 11.256ms
[2025-12-25T04:29:12.139+0000][407.779s][info][gc,cpu         ] GC(393) User=0.00s Sys=0.00s Real=0.01s
[2025-12-25T04:29:12.297+0000][407.937s][info][gc,start       ] GC(394) Pause Young (Allocation Failure)
[2025-12-25T04:29:12.302+0000][407.942s][info][gc,heap        ] GC(394) DefNew: 81401K(88512K)->2804K(88512K) Eden: 78720K(78720K)->0K(78720K) From: 2681K(9792K)->2804K(9792K)
[2025-12-25T04:29:12.303+0000][407.943s][info][gc,heap        ] GC(394) Tenured: 125073K(196608K)->125073K(196608K)
[2025-12-25T04:29:12.303+0000][407.943s][info][gc,metaspace   ] GC(394) Metaspace: 97125K(99072K)->97125K(99072K) NonClass: 84116K(85248K)->84116K(85248K) Class: 13008K(13824K)->13008K(13824K)
[2025-12-25T04:29:12.304+0000][407.944s][info][gc             ] GC(394) Pause Young (Allocation Failure) 201M->124M(278M) 6.277ms
[2025-12-25T04:29:12.304+0000][407.944s][info][gc,cpu         ] GC(394) User=0.00s Sys=0.00s Real=0.00s
[2025-12-25T04:29:12.446+0000][408.086s][info][gc,start       ] GC(395) Pause Young (Allocation Failure)
[2025-12-25T04:29:12.450+0000][408.090s][info][gc,heap        ] GC(395) DefNew: 81524K(88512K)->2370K(88512K) Eden: 78720K(78720K)->0K(78720K) From: 2804K(9792K)->2370K(9792K)
[2025-12-25T04:29:12.450+0000][408.090s][info][gc,heap        ] GC(395) Tenured: 125073K(196608K)->125073K(196608K)
[2025-12-25T04:29:12.450+0000][408.090s][info][gc,metaspace   ] GC(395) Metaspace: 97125K(99072K)->97125K(99072K) NonClass: 84116K(85248K)->84116K(85248K) Class: 13008K(13824K)->13008K(13824K)
[2025-12-25T04:29:12.450+0000][408.090s][info][gc             ] GC(395) Pause Young (Allocation Failure) 201M->124M(278M) 4.705ms
[2025-12-25T04:29:12.451+0000][408.091s][info][gc,cpu         ] GC(395) User=0.00s Sys=0.00s Real=0.00s
[2025-12-25T04:29:12.567+0000][408.207s][info][gc,start       ] GC(396) Pause Young (Allocation Failure)
[2025-12-25T04:29:12.572+0000][408.212s][info][gc,heap        ] GC(396) DefNew: 81090K(88512K)->2446K(88512K) Eden: 78720K(78720K)->0K(78720K) From: 2370K(9792K)->2446K(9792K)
[2025-12-25T04:29:12.574+0000][408.214s][info][gc,heap        ] GC(396) Tenured: 125073K(196608K)->125073K(196608K)
[2025-12-25T04:29:12.574+0000][408.214s][info][gc,metaspace   ] GC(396) Metaspace: 97125K(99072K)->97125K(99072K) NonClass: 84116K(85248K)->84116K(85248K) Class: 13008K(13824K)->13008K(13824K)
[2025-12-25T04:29:12.574+0000][408.214s][info][gc             ] GC(396) Pause Young (Allocation Failure) 201M->124M(278M) 6.898ms
[2025-12-25T04:29:12.576+0000][408.216s][info][gc,cpu         ] GC(396) User=0.01s Sys=0.00s Real=0.01s
[2025-12-25T04:29:12.695+0000][408.335s][info][gc,start       ] GC(397) Pause Young (Allocation Failure)
[2025-12-25T04:29:12.704+0000][408.344s][info][gc,heap        ] GC(397) DefNew: 81166K(88512K)->2680K(88512K) Eden: 78720K(78720K)->0K(78720K) From: 2446K(9792K)->2680K(9792K)
[2025-12-25T04:29:12.705+0000][408.345s][info][gc,heap        ] GC(397) Tenured: 125073K(196608K)->125073K(196608K)
[2025-12-25T04:29:12.705+0000][408.345s][info][gc,metaspace   ] GC(397) Metaspace: 97125K(99072K)->97125K(99072K) NonClass: 84116K(85248K)->84116K(85248K) Class: 13008K(13824K)->13008K(13824K)
[2025-12-25T04:29:12.706+0000][408.346s][info][gc             ] GC(397) Pause Young (Allocation Failure) 201M->124M(278M) 10.457ms
[2025-12-25T04:29:12.706+0000][408.346s][info][gc,cpu         ] GC(397) User=0.00s Sys=0.00s Real=0.01s
[2025-12-25T04:29:12.798+0000][408.438s][info][gc,start       ] GC(398) Pause Young (Allocation Failure)
[2025-12-25T04:29:12.805+0000][408.445s][info][gc,heap        ] GC(398) DefNew: 81400K(88512K)->2299K(88512K) Eden: 78720K(78720K)->0K(78720K) From: 2680K(9792K)->2299K(9792K)
[2025-12-25T04:29:12.805+0000][408.445s][info][gc,heap        ] GC(398) Tenured: 125073K(196608K)->125073K(196608K)
[2025-12-25T04:29:12.806+0000][408.446s][info][gc,metaspace   ] GC(398) Metaspace: 97125K(99072K)->97125K(99072K) NonClass: 84116K(85248K)->84116K(85248K) Class: 13008K(13824K)->13008K(13824K)
[2025-12-25T04:29:12.806+0000][408.446s][info][gc             ] GC(398) Pause Young (Allocation Failure) 201M->124M(278M) 8.546ms
[2025-12-25T04:29:12.807+0000][408.447s][info][gc,cpu         ] GC(398) User=0.00s Sys=0.00s Real=0.01s
[2025-12-25T04:29:12.930+0000][408.570s][info][gc,start       ] GC(399) Pause Young (Allocation Failure)
[2025-12-25T04:29:12.934+0000][408.573s][info][gc,heap        ] GC(399) DefNew: 81019K(88512K)->2298K(88512K) Eden: 78720K(78720K)->0K(78720K) From: 2299K(9792K)->2298K(9792K)
[2025-12-25T04:29:12.937+0000][408.577s][info][gc,heap        ] GC(399) Tenured: 125073K(196608K)->125073K(196608K)
[2025-12-25T04:29:12.938+0000][408.578s][info][gc,metaspace   ] GC(399) Metaspace: 97125K(99072K)->97125K(99072K) NonClass: 84116K(85248K)->84116K(85248K) Class: 13008K(13824K)->13008K(13824K)
[2025-12-25T04:29:12.938+0000][408.578s][info][gc             ] GC(399) Pause Young (Allocation Failure) 201M->124M(278M) 7.502ms
[2025-12-25T04:29:12.938+0000][408.578s][info][gc,cpu         ] GC(399) User=0.01s Sys=0.00s Real=0.01s
[2025-12-25T04:29:13.072+0000][408.711s][info][gc,start       ] GC(400) Pause Young (Allocation Failure)
[2025-12-25T04:29:13.079+0000][408.719s][info][gc,heap        ] GC(400) DefNew: 81018K(88512K)->2461K(88512K) Eden: 78720K(78720K)->0K(78720K) From: 2298K(9792K)->2461K(9792K)
[2025-12-25T04:29:13.079+0000][408.719s][info][gc,heap        ] GC(400) Tenured: 125073K(196608K)->125073K(196608K)
[2025-12-25T04:29:13.080+0000][408.720s][info][gc,metaspace   ] GC(400) Metaspace: 97125K(99072K)->97125K(99072K) NonClass: 84116K(85248K)->84116K(85248K) Class: 13008K(13824K)->13008K(13824K)
[2025-12-25T04:29:13.080+0000][408.720s][info][gc             ] GC(400) Pause Young (Allocation Failure) 201M->124M(278M) 8.444ms
[2025-12-25T04:29:13.081+0000][408.721s][info][gc,cpu         ] GC(400) User=0.00s Sys=0.00s Real=0.01s
[2025-12-25T04:29:13.232+0000][408.872s][info][gc,start       ] GC(401) Pause Young (Allocation Failure)
[2025-12-25T04:29:13.247+0000][408.887s][info][gc,heap        ] GC(401) DefNew: 81181K(88512K)->3390K(88512K) Eden: 78720K(78720K)->0K(78720K) From: 2461K(9792K)->3390K(9792K)
[2025-12-25T04:29:13.251+0000][408.891s][info][gc,heap        ] GC(401) Tenured: 125073K(196608K)->125093K(196608K)
[2025-12-25T04:29:13.251+0000][408.891s][info][gc,metaspace   ] GC(401) Metaspace: 97125K(99072K)->97125K(99072K) NonClass: 84116K(85248K)->84116K(85248K) Class: 13008K(13824K)->13008K(13824K)
[2025-12-25T04:29:13.252+0000][408.892s][info][gc             ] GC(401) Pause Young (Allocation Failure) 201M->125M(278M) 19.801ms
[2025-12-25T04:29:13.253+0000][408.893s][info][gc,cpu         ] GC(401) User=0.01s Sys=0.00s Real=0.02s
[2025-12-25T04:29:13.419+0000][409.059s][info][gc,start       ] GC(402) Pause Young (Allocation Failure)
[2025-12-25T04:29:13.427+0000][409.067s][info][gc,heap        ] GC(402) DefNew: 82110K(88512K)->3138K(88512K) Eden: 78720K(78720K)->0K(78720K) From: 3390K(9792K)->3138K(9792K)
[2025-12-25T04:29:13.428+0000][409.068s][info][gc,heap        ] GC(402) Tenured: 125093K(196608K)->125116K(196608K)
[2025-12-25T04:29:13.429+0000][409.069s][info][gc,metaspace   ] GC(402) Metaspace: 97125K(99072K)->97125K(99072K) NonClass: 84116K(85248K)->84116K(85248K) Class: 13008K(13824K)->13008K(13824K)
[2025-12-25T04:29:13.429+0000][409.069s][info][gc             ] GC(402) Pause Young (Allocation Failure) 202M->125M(278M) 9.305ms
[2025-12-25T04:29:13.429+0000][409.069s][info][gc,cpu         ] GC(402) User=0.00s Sys=0.00s Real=0.01s
[2025-12-25T04:29:13.589+0000][409.229s][info][gc,start       ] GC(403) Pause Young (Allocation Failure)
[2025-12-25T04:29:13.596+0000][409.236s][info][gc,heap        ] GC(403) DefNew: 81858K(88512K)->2775K(88512K) Eden: 78720K(78720K)->0K(78720K) From: 3138K(9792K)->2775K(9792K)
[2025-12-25T04:29:13.597+0000][409.237s][info][gc,heap        ] GC(403) Tenured: 125116K(196608K)->125126K(196608K)
[2025-12-25T04:29:13.597+0000][409.237s][info][gc,metaspace   ] GC(403) Metaspace: 97125K(99072K)->97125K(99072K) NonClass: 84116K(85248K)->84116K(85248K) Class: 13008K(13824K)->13008K(13824K)
[2025-12-25T04:29:13.597+0000][409.237s][info][gc             ] GC(403) Pause Young (Allocation Failure) 202M->124M(278M) 7.689ms
[2025-12-25T04:29:13.597+0000][409.237s][info][gc,cpu         ] GC(403) User=0.01s Sys=0.00s Real=0.01s
[2025-12-25T04:29:13.689+0000][409.329s][info][gc,start       ] GC(404) Pause Young (Allocation Failure)
[2025-12-25T04:29:13.693+0000][409.333s][info][gc,heap        ] GC(404) DefNew: 81495K(88512K)->2903K(88512K) Eden: 78720K(78720K)->0K(78720K) From: 2775K(9792K)->2903K(9792K)
[2025-12-25T04:29:13.694+0000][409.334s][info][gc,heap        ] GC(404) Tenured: 125126K(196608K)->125131K(196608K)
[2025-12-25T04:29:13.696+0000][409.336s][info][gc,metaspace   ] GC(404) Metaspace: 97125K(99072K)->97125K(99072K) NonClass: 84116K(85248K)->84116K(85248K) Class: 13008K(13824K)->13008K(13824K)
[2025-12-25T04:29:13.697+0000][409.337s][info][gc             ] GC(404) Pause Young (Allocation Failure) 201M->125M(278M) 7.800ms
[2025-12-25T04:29:13.697+0000][409.337s][info][gc,cpu         ] GC(404) User=0.01s Sys=0.00s Real=0.01s
[2025-12-25T04:29:13.857+0000][409.497s][info][gc,start       ] GC(405) Pause Young (Allocation Failure)
[2025-12-25T04:29:13.868+0000][409.508s][info][gc,heap        ] GC(405) DefNew: 81623K(88512K)->3709K(88512K) Eden: 78720K(78720K)->0K(78720K) From: 2903K(9792K)->3709K(9792K)
[2025-12-25T04:29:13.868+0000][409.508s][info][gc,heap        ] GC(405) Tenured: 125131K(196608K)->125138K(196608K)
[2025-12-25T04:29:13.868+0000][409.508s][info][gc,metaspace   ] GC(405) Metaspace: 97125K(99072K)->97125K(99072K) NonClass: 84116K(85248K)->84116K(85248K) Class: 13008K(13824K)->13008K(13824K)
[2025-12-25T04:29:13.869+0000][409.509s][info][gc             ] GC(405) Pause Young (Allocation Failure) 201M->125M(278M) 11.462ms
[2025-12-25T04:29:13.869+0000][409.509s][info][gc,cpu         ] GC(405) User=0.01s Sys=0.00s Real=0.01s
[2025-12-25T04:29:14.028+0000][409.668s][info][gc,start       ] GC(406) Pause Young (Allocation Failure)
[2025-12-25T04:29:14.039+0000][409.679s][info][gc,heap        ] GC(406) DefNew: 82429K(88512K)->3091K(88512K) Eden: 78720K(78720K)->0K(78720K) From: 3709K(9792K)->3091K(9792K)
[2025-12-25T04:29:14.040+0000][409.680s][info][gc,heap        ] GC(406) Tenured: 125138K(196608K)->125139K(196608K)
[2025-12-25T04:29:14.041+0000][409.681s][info][gc,metaspace   ] GC(406) Metaspace: 97125K(99072K)->97125K(99072K) NonClass: 84116K(85248K)->84116K(85248K) Class: 13008K(13824K)->13008K(13824K)
[2025-12-25T04:29:14.043+0000][409.683s][info][gc             ] GC(406) Pause Young (Allocation Failure) 202M->125M(278M) 14.835ms
[2025-12-25T04:29:14.046+0000][409.686s][info][gc,cpu         ] GC(406) User=0.01s Sys=0.00s Real=0.02s
[2025-12-25T04:29:14.286+0000][409.926s][info][gc,start       ] GC(407) Pause Young (Allocation Failure)
[2025-12-25T04:29:14.293+0000][409.933s][info][gc,heap        ] GC(407) DefNew: 81785K(88512K)->2376K(88512K) Eden: 78693K(78720K)->0K(78720K) From: 3091K(9792K)->2376K(9792K)
[2025-12-25T04:29:14.293+0000][409.933s][info][gc,heap        ] GC(407) Tenured: 125139K(196608K)->125139K(196608K)
[2025-12-25T04:29:14.293+0000][409.933s][info][gc,metaspace   ] GC(407) Metaspace: 97125K(99072K)->97125K(99072K) NonClass: 84116K(85248K)->84116K(85248K) Class: 13008K(13824K)->13008K(13824K)
[2025-12-25T04:29:14.294+0000][409.934s][info][gc             ] GC(407) Pause Young (Allocation Failure) 202M->124M(278M) 8.302ms
[2025-12-25T04:29:14.295+0000][409.935s][info][gc,cpu         ] GC(407) User=0.00s Sys=0.00s Real=0.01s
[2025-12-25T04:29:14.467+0000][410.107s][info][gc,start       ] GC(408) Pause Young (Allocation Failure)
[2025-12-25T04:29:14.486+0000][410.126s][info][gc,heap        ] GC(408) DefNew: 81096K(88512K)->3288K(88512K) Eden: 78720K(78720K)->0K(78720K) From: 2376K(9792K)->3288K(9792K)
[2025-12-25T04:29:14.487+0000][410.127s][info][gc,heap        ] GC(408) Tenured: 125139K(196608K)->125149K(196608K)
[2025-12-25T04:29:14.487+0000][410.127s][info][gc,metaspace   ] GC(408) Metaspace: 97125K(99072K)->97125K(99072K) NonClass: 84116K(85248K)->84116K(85248K) Class: 13008K(13824K)->13008K(13824K)
[2025-12-25T04:29:14.488+0000][410.128s][info][gc             ] GC(408) Pause Young (Allocation Failure) 201M->125M(278M) 20.599ms
[2025-12-25T04:29:14.489+0000][410.129s][info][gc,cpu         ] GC(408) User=0.00s Sys=0.00s Real=0.02s
[2025-12-25T04:29:14.691+0000][410.331s][info][gc,start       ] GC(409) Pause Young (Allocation Failure)
[2025-12-25T04:29:14.700+0000][410.340s][info][gc,heap        ] GC(409) DefNew: 82008K(88512K)->2830K(88512K) Eden: 78720K(78720K)->0K(78720K) From: 3288K(9792K)->2830K(9792K)
[2025-12-25T04:29:14.701+0000][410.341s][info][gc,heap        ] GC(409) Tenured: 125149K(196608K)->125168K(196608K)
[2025-12-25T04:29:14.702+0000][410.342s][info][gc,metaspace   ] GC(409) Metaspace: 97125K(99072K)->97125K(99072K) NonClass: 84116K(85248K)->84116K(85248K) Class: 13008K(13824K)->13008K(13824K)
[2025-12-25T04:29:14.702+0000][410.342s][info][gc             ] GC(409) Pause Young (Allocation Failure) 202M->124M(278M) 10.531ms
[2025-12-25T04:29:14.702+0000][410.342s][info][gc,cpu         ] GC(409) User=0.01s Sys=0.00s Real=0.01s
[2025-12-25T04:29:14.807+0000][410.447s][info][gc,start       ] GC(410) Pause Young (Allocation Failure)
[2025-12-25T04:29:14.823+0000][410.463s][info][gc,heap        ] GC(410) DefNew: 81550K(88512K)->4874K(88512K) Eden: 78720K(78720K)->0K(78720K) From: 2830K(9792K)->4874K(9792K)
[2025-12-25T04:29:14.824+0000][410.464s][info][gc,heap        ] GC(410) Tenured: 125168K(196608K)->125248K(196608K)
[2025-12-25T04:29:14.824+0000][410.464s][info][gc,metaspace   ] GC(410) Metaspace: 97125K(99072K)->97125K(99072K) NonClass: 84116K(85248K)->84116K(85248K) Class: 13008K(13824K)->13008K(13824K)
[2025-12-25T04:29:14.824+0000][410.464s][info][gc             ] GC(410) Pause Young (Allocation Failure) 201M->127M(278M) 17.005ms
[2025-12-25T04:29:14.825+0000][410.465s][info][gc,cpu         ] GC(410) User=0.01s Sys=0.00s Real=0.02s
[2025-12-25T04:29:14.965+0000][410.605s][info][gc,start       ] GC(411) Pause Young (Allocation Failure)
[2025-12-25T04:29:14.981+0000][410.621s][info][gc,heap        ] GC(411) DefNew: 83594K(88512K)->3513K(88512K) Eden: 78720K(78720K)->0K(78720K) From: 4874K(9792K)->3513K(9792K)
[2025-12-25T04:29:14.982+0000][410.622s][info][gc,heap        ] GC(411) Tenured: 125248K(196608K)->125256K(196608K)
[2025-12-25T04:29:14.982+0000][410.622s][info][gc,metaspace   ] GC(411) Metaspace: 97125K(99072K)->97125K(99072K) NonClass: 84116K(85248K)->84116K(85248K) Class: 13008K(13824K)->13008K(13824K)
[2025-12-25T04:29:14.985+0000][410.625s][info][gc             ] GC(411) Pause Young (Allocation Failure) 203M->125M(278M) 20.884ms
[2025-12-25T04:29:14.986+0000][410.626s][info][gc,cpu         ] GC(411) User=0.01s Sys=0.00s Real=0.02s
[2025-12-25T04:29:15.773+0000][411.413s][info][gc,start       ] GC(412) Pause Young (Allocation Failure)
[2025-12-25T04:29:15.789+0000][411.429s][info][gc,heap        ] GC(412) DefNew: 82233K(88512K)->2573K(88512K) Eden: 78720K(78720K)->0K(78720K) From: 3513K(9792K)->2573K(9792K)
[2025-12-25T04:29:15.789+0000][411.429s][info][gc,heap        ] GC(412) Tenured: 125256K(196608K)->125272K(196608K)
[2025-12-25T04:29:15.789+0000][411.429s][info][gc,metaspace   ] GC(412) Metaspace: 97125K(99072K)->97125K(99072K) NonClass: 84116K(85248K)->84116K(85248K) Class: 13008K(13824K)->13008K(13824K)
[2025-12-25T04:29:15.789+0000][411.429s][info][gc             ] GC(412) Pause Young (Allocation Failure) 202M->124M(278M) 15.725ms
[2025-12-25T04:29:15.789+0000][411.429s][info][gc,cpu         ] GC(412) User=0.02s Sys=0.00s Real=0.02s
[2025-12-25T04:29:17.011+0000][412.651s][info][gc,start       ] GC(413) Pause Young (Allocation Failure)
[2025-12-25T04:29:17.018+0000][412.658s][info][gc,heap        ] GC(413) DefNew: 81293K(88512K)->2667K(88512K) Eden: 78720K(78720K)->0K(78720K) From: 2573K(9792K)->2667K(9792K)
[2025-12-25T04:29:17.019+0000][412.659s][info][gc,heap        ] GC(413) Tenured: 125272K(196608K)->125272K(196608K)
[2025-12-25T04:29:17.019+0000][412.659s][info][gc,metaspace   ] GC(413) Metaspace: 97125K(99072K)->97125K(99072K) NonClass: 84116K(85248K)->84116K(85248K) Class: 13008K(13824K)->13008K(13824K)
[2025-12-25T04:29:17.019+0000][412.659s][info][gc             ] GC(413) Pause Young (Allocation Failure) 201M->124M(278M) 7.887ms
[2025-12-25T04:29:17.019+0000][412.659s][info][gc,cpu         ] GC(413) User=0.01s Sys=0.00s Real=0.01s
[2025-12-25T04:29:18.067+0000][413.707s][info][gc,start       ] GC(414) Pause Young (Allocation Failure)
[2025-12-25T04:29:18.071+0000][413.711s][info][gc,heap        ] GC(414) DefNew: 81387K(88512K)->2586K(88512K) Eden: 78720K(78720K)->0K(78720K) From: 2667K(9792K)->2586K(9792K)
[2025-12-25T04:29:18.072+0000][413.712s][info][gc,heap        ] GC(414) Tenured: 125272K(196608K)->125272K(196608K)
[2025-12-25T04:29:18.072+0000][413.712s][info][gc,metaspace   ] GC(414) Metaspace: 97127K(99072K)->97127K(99072K) NonClass: 84118K(85248K)->84118K(85248K) Class: 13008K(13824K)->13008K(13824K)
[2025-12-25T04:29:18.072+0000][413.712s][info][gc             ] GC(414) Pause Young (Allocation Failure) 201M->124M(278M) 5.521ms
[2025-12-25T04:29:18.073+0000][413.713s][info][gc,cpu         ] GC(414) User=0.00s Sys=0.00s Real=0.00s
[2025-12-25T04:29:19.238+0000][414.878s][info][gc,start       ] GC(415) Pause Young (Allocation Failure)
[2025-12-25T04:29:19.242+0000][414.882s][info][gc,heap        ] GC(415) DefNew: 81285K(88512K)->2641K(88512K) Eden: 78698K(78720K)->0K(78720K) From: 2586K(9792K)->2641K(9792K)
[2025-12-25T04:29:19.242+0000][414.882s][info][gc,heap        ] GC(415) Tenured: 125272K(196608K)->125272K(196608K)
[2025-12-25T04:29:19.242+0000][414.882s][info][gc,metaspace   ] GC(415) Metaspace: 97127K(99072K)->97127K(99072K) NonClass: 84118K(85248K)->84118K(85248K) Class: 13008K(13824K)->13008K(13824K)
[2025-12-25T04:29:19.243+0000][414.883s][info][gc             ] GC(415) Pause Young (Allocation Failure) 201M->124M(278M) 4.528ms
[2025-12-25T04:29:19.243+0000][414.883s][info][gc,cpu         ] GC(415) User=0.00s Sys=0.00s Real=0.00s
[2025-12-25T04:29:20.428+0000][416.068s][info][gc,start       ] GC(416) Pause Young (Allocation Failure)
[2025-12-25T04:29:20.432+0000][416.072s][info][gc,heap        ] GC(416) DefNew: 81361K(88512K)->1595K(88512K) Eden: 78720K(78720K)->0K(78720K) From: 2641K(9792K)->1595K(9792K)
[2025-12-25T04:29:20.432+0000][416.072s][info][gc,heap        ] GC(416) Tenured: 125272K(196608K)->125671K(196608K)
[2025-12-25T04:29:20.432+0000][416.072s][info][gc,metaspace   ] GC(416) Metaspace: 97127K(99072K)->97127K(99072K) NonClass: 84118K(85248K)->84118K(85248K) Class: 13008K(13824K)->13008K(13824K)
[2025-12-25T04:29:20.432+0000][416.072s][info][gc             ] GC(416) Pause Young (Allocation Failure) 201M->124M(278M) 4.333ms
[2025-12-25T04:29:20.432+0000][416.072s][info][gc,cpu         ] GC(416) User=0.00s Sys=0.00s Real=0.00s
[2025-12-25T04:29:21.735+0000][417.375s][info][gc,start       ] GC(417) Pause Young (Allocation Failure)
[2025-12-25T04:29:21.747+0000][417.387s][info][gc,heap        ] GC(417) DefNew: 80315K(88512K)->1399K(88512K) Eden: 78720K(78720K)->0K(78720K) From: 1595K(9792K)->1399K(9792K)
[2025-12-25T04:29:21.747+0000][417.387s][info][gc,heap        ] GC(417) Tenured: 125671K(196608K)->125866K(196608K)
[2025-12-25T04:29:21.747+0000][417.387s][info][gc,metaspace   ] GC(417) Metaspace: 97127K(99072K)->97127K(99072K) NonClass: 84118K(85248K)->84118K(85248K) Class: 13008K(13824K)->13008K(13824K)
[2025-12-25T04:29:21.747+0000][417.387s][info][gc             ] GC(417) Pause Young (Allocation Failure) 201M->124M(278M) 11.542ms
[2025-12-25T04:29:21.747+0000][417.387s][info][gc,cpu         ] GC(417) User=0.01s Sys=0.00s Real=0.01s
[2025-12-25T04:29:22.919+0000][418.559s][info][gc,start       ] GC(418) Pause Young (Allocation Failure)
[2025-12-25T04:29:22.925+0000][418.565s][info][gc,heap        ] GC(418) DefNew: 80119K(88512K)->1386K(88512K) Eden: 78720K(78720K)->0K(78720K) From: 1399K(9792K)->1386K(9792K)
[2025-12-25T04:29:22.925+0000][418.565s][info][gc,heap        ] GC(418) Tenured: 125866K(196608K)->125884K(196608K)
[2025-12-25T04:29:22.925+0000][418.565s][info][gc,metaspace   ] GC(418) Metaspace: 97128K(99072K)->97128K(99072K) NonClass: 84119K(85248K)->84119K(85248K) Class: 13008K(13824K)->13008K(13824K)
[2025-12-25T04:29:22.926+0000][418.566s][info][gc             ] GC(418) Pause Young (Allocation Failure) 201M->124M(278M) 6.291ms
[2025-12-25T04:29:22.926+0000][418.566s][info][gc,cpu         ] GC(418) User=0.00s Sys=0.00s Real=0.01s
[2025-12-25T04:29:24.169+0000][419.809s][info][gc,start       ] GC(419) Pause Young (Allocation Failure)
[2025-12-25T04:29:24.182+0000][419.822s][info][gc,heap        ] GC(419) DefNew: 79941K(88512K)->1384K(88512K) Eden: 78555K(78720K)->0K(78720K) From: 1386K(9792K)->1384K(9792K)
[2025-12-25T04:29:24.182+0000][419.822s][info][gc,heap        ] GC(419) Tenured: 125884K(196608K)->125886K(196608K)
[2025-12-25T04:29:24.182+0000][419.822s][info][gc,metaspace   ] GC(419) Metaspace: 97128K(99072K)->97128K(99072K) NonClass: 84119K(85248K)->84119K(85248K) Class: 13008K(13824K)->13008K(13824K)
[2025-12-25T04:29:24.182+0000][419.822s][info][gc             ] GC(419) Pause Young (Allocation Failure) 201M->124M(278M) 12.922ms
[2025-12-25T04:29:24.182+0000][419.822s][info][gc,cpu         ] GC(419) User=0.01s Sys=0.00s Real=0.01s
[2025-12-25T04:29:25.467+0000][421.107s][info][gc,start       ] GC(420) Pause Young (Allocation Failure)
[2025-12-25T04:29:25.473+0000][421.113s][info][gc,heap        ] GC(420) DefNew: 80104K(88512K)->1992K(88512K) Eden: 78720K(78720K)->0K(78720K) From: 1384K(9792K)->1992K(9792K)
[2025-12-25T04:29:25.474+0000][421.114s][info][gc,heap        ] GC(420) Tenured: 125886K(196608K)->125887K(196608K)
[2025-12-25T04:29:25.474+0000][421.114s][info][gc,metaspace   ] GC(420) Metaspace: 97137K(99072K)->97137K(99072K) NonClass: 84128K(85248K)->84128K(85248K) Class: 13008K(13824K)->13008K(13824K)
[2025-12-25T04:29:25.474+0000][421.114s][info][gc             ] GC(420) Pause Young (Allocation Failure) 201M->124M(278M) 6.628ms
[2025-12-25T04:29:25.474+0000][421.114s][info][gc,cpu         ] GC(420) User=0.01s Sys=0.01s Real=0.00s
[2025-12-25T04:29:26.252+0000][421.892s][info][gc,start       ] GC(421) Pause Young (Allocation Failure)
[2025-12-25T04:29:26.255+0000][421.895s][info][gc,heap        ] GC(421) DefNew: 80712K(88512K)->2010K(88512K) Eden: 78720K(78720K)->0K(78720K) From: 1992K(9792K)->2010K(9792K)
[2025-12-25T04:29:26.255+0000][421.895s][info][gc,heap        ] GC(421) Tenured: 125887K(196608K)->125898K(196608K)
[2025-12-25T04:29:26.255+0000][421.895s][info][gc,metaspace   ] GC(421) Metaspace: 97138K(99072K)->97138K(99072K) NonClass: 84129K(85248K)->84129K(85248K) Class: 13008K(13824K)->13008K(13824K)
[2025-12-25T04:29:26.255+0000][421.895s][info][gc             ] GC(421) Pause Young (Allocation Failure) 201M->124M(278M) 3.549ms
[2025-12-25T04:29:26.255+0000][421.895s][info][gc,cpu         ] GC(421) User=0.00s Sys=0.00s Real=0.01s
[2025-12-25T04:29:26.282+0000][421.922s][info][gc,start       ] GC(422) Pause Young (Allocation Failure)
[2025-12-25T04:29:26.285+0000][421.925s][info][gc,heap        ] GC(422) DefNew: 80730K(88512K)->2009K(88512K) Eden: 78720K(78720K)->0K(78720K) From: 2010K(9792K)->2009K(9792K)
[2025-12-25T04:29:26.285+0000][421.925s][info][gc,heap        ] GC(422) Tenured: 125898K(196608K)->125900K(196608K)
[2025-12-25T04:29:26.285+0000][421.925s][info][gc,metaspace   ] GC(422) Metaspace: 97142K(99072K)->97142K(99072K) NonClass: 84133K(85248K)->84133K(85248K) Class: 13008K(13824K)->13008K(13824K)
[2025-12-25T04:29:26.285+0000][421.925s][info][gc             ] GC(422) Pause Young (Allocation Failure) 201M->124M(278M) 2.615ms
[2025-12-25T04:29:26.285+0000][421.925s][info][gc,cpu         ] GC(422) User=0.00s Sys=0.00s Real=0.01s
[2025-12-25T04:29:27.215+0000][422.855s][info][gc,start       ] GC(423) Pause Young (Allocation Failure)
[2025-12-25T04:29:27.220+0000][422.860s][info][gc,heap        ] GC(423) DefNew: 80729K(88512K)->1997K(88512K) Eden: 78720K(78720K)->0K(78720K) From: 2009K(9792K)->1997K(9792K)
[2025-12-25T04:29:27.220+0000][422.860s][info][gc,heap        ] GC(423) Tenured: 125900K(196608K)->125903K(196608K)
[2025-12-25T04:29:27.220+0000][422.860s][info][gc,metaspace   ] GC(423) Metaspace: 97163K(99072K)->97163K(99072K) NonClass: 84154K(85248K)->84154K(85248K) Class: 13008K(13824K)->13008K(13824K)
[2025-12-25T04:29:27.220+0000][422.860s][info][gc             ] GC(423) Pause Young (Allocation Failure) 201M->124M(278M) 4.827ms
[2025-12-25T04:29:27.220+0000][422.860s][info][gc,cpu         ] GC(423) User=0.00s Sys=0.00s Real=0.00s
[2025-12-25T04:29:28.410+0000][424.050s][info][gc,start       ] GC(424) Pause Young (Allocation Failure)
[2025-12-25T04:29:28.416+0000][424.056s][info][gc,heap        ] GC(424) DefNew: 80717K(88512K)->1975K(88512K) Eden: 78720K(78720K)->0K(78720K) From: 1997K(9792K)->1975K(9792K)
[2025-12-25T04:29:28.416+0000][424.056s][info][gc,heap        ] GC(424) Tenured: 125903K(196608K)->125921K(196608K)
[2025-12-25T04:29:28.416+0000][424.056s][info][gc,metaspace   ] GC(424) Metaspace: 97163K(99072K)->97163K(99072K) NonClass: 84154K(85248K)->84154K(85248K) Class: 13008K(13824K)->13008K(13824K)
[2025-12-25T04:29:28.416+0000][424.056s][info][gc             ] GC(424) Pause Young (Allocation Failure) 201M->124M(278M) 6.284ms
[2025-12-25T04:29:28.416+0000][424.056s][info][gc,cpu         ] GC(424) User=0.01s Sys=0.00s Real=0.01s
[2025-12-25T04:29:29.678+0000][425.318s][info][gc,start       ] GC(425) Pause Young (Allocation Failure)
[2025-12-25T04:29:29.686+0000][425.326s][info][gc,heap        ] GC(425) DefNew: 80695K(88512K)->1943K(88512K) Eden: 78720K(78720K)->0K(78720K) From: 1975K(9792K)->1943K(9792K)
[2025-12-25T04:29:29.686+0000][425.326s][info][gc,heap        ] GC(425) Tenured: 125921K(196608K)->125954K(196608K)
[2025-12-25T04:29:29.686+0000][425.326s][info][gc,metaspace   ] GC(425) Metaspace: 97163K(99072K)->97163K(99072K) NonClass: 84154K(85248K)->84154K(85248K) Class: 13008K(13824K)->13008K(13824K)
[2025-12-25T04:29:29.686+0000][425.326s][info][gc             ] GC(425) Pause Young (Allocation Failure) 201M->124M(278M) 7.871ms
[2025-12-25T04:29:29.686+0000][425.326s][info][gc,cpu         ] GC(425) User=0.01s Sys=0.00s Real=0.01s
[2025-12-25T04:29:30.971+0000][426.611s][info][gc,start       ] GC(426) Pause Young (Allocation Failure)
[2025-12-25T04:29:30.974+0000][426.614s][info][gc,heap        ] GC(426) DefNew: 80663K(88512K)->1294K(88512K) Eden: 78720K(78720K)->0K(78720K) From: 1943K(9792K)->1294K(9792K)
[2025-12-25T04:29:30.974+0000][426.614s][info][gc,heap        ] GC(426) Tenured: 125954K(196608K)->126604K(196608K)
[2025-12-25T04:29:30.974+0000][426.614s][info][gc,metaspace   ] GC(426) Metaspace: 97163K(99072K)->97163K(99072K) NonClass: 84154K(85248K)->84154K(85248K) Class: 13008K(13824K)->13008K(13824K)
[2025-12-25T04:29:30.974+0000][426.614s][info][gc             ] GC(426) Pause Young (Allocation Failure) 201M->124M(278M) 2.910ms
[2025-12-25T04:29:30.974+0000][426.614s][info][gc,cpu         ] GC(426) User=0.00s Sys=0.00s Real=0.00s
[2025-12-25T04:29:32.038+0000][427.678s][info][gc,start       ] GC(427) Pause Young (Allocation Failure)
[2025-12-25T04:29:32.041+0000][427.681s][info][gc,heap        ] GC(427) DefNew: 80014K(88512K)->1159K(88512K) Eden: 78720K(78720K)->0K(78720K) From: 1294K(9792K)->1159K(9792K)
[2025-12-25T04:29:32.042+0000][427.682s][info][gc,heap        ] GC(427) Tenured: 126604K(196608K)->126746K(196608K)
[2025-12-25T04:29:32.042+0000][427.682s][info][gc,metaspace   ] GC(427) Metaspace: 97165K(99072K)->97165K(99072K) NonClass: 84156K(85248K)->84156K(85248K) Class: 13008K(13824K)->13008K(13824K)
[2025-12-25T04:29:32.042+0000][427.682s][info][gc             ] GC(427) Pause Young (Allocation Failure) 201M->124M(278M) 3.882ms
[2025-12-25T04:29:32.042+0000][427.682s][info][gc,cpu         ] GC(427) User=0.01s Sys=0.00s Real=0.00s
[2025-12-25T04:29:33.191+0000][428.831s][info][gc,start       ] GC(428) Pause Young (Allocation Failure)
[2025-12-25T04:29:33.194+0000][428.834s][info][gc,heap        ] GC(428) DefNew: 79879K(88512K)->1157K(88512K) Eden: 78720K(78720K)->0K(78720K) From: 1159K(9792K)->1157K(9792K)
[2025-12-25T04:29:33.194+0000][428.834s][info][gc,heap        ] GC(428) Tenured: 126746K(196608K)->126747K(196608K)
[2025-12-25T04:29:33.194+0000][428.834s][info][gc,metaspace   ] GC(428) Metaspace: 97165K(99072K)->97165K(99072K) NonClass: 84156K(85248K)->84156K(85248K) Class: 13008K(13824K)->13008K(13824K)
[2025-12-25T04:29:33.195+0000][428.835s][info][gc             ] GC(428) Pause Young (Allocation Failure) 201M->124M(278M) 3.670ms
[2025-12-25T04:29:33.195+0000][428.835s][info][gc,cpu         ] GC(428) User=0.01s Sys=0.00s Real=0.01s
[2025-12-25T04:29:34.357+0000][429.997s][info][gc,start       ] GC(429) Pause Young (Allocation Failure)
[2025-12-25T04:29:34.361+0000][430.001s][info][gc,heap        ] GC(429) DefNew: 79877K(88512K)->1155K(88512K) Eden: 78720K(78720K)->0K(78720K) From: 1157K(9792K)->1155K(9792K)
[2025-12-25T04:29:34.361+0000][430.001s][info][gc,heap        ] GC(429) Tenured: 126747K(196608K)->126750K(196608K)
[2025-12-25T04:29:34.361+0000][430.001s][info][gc,metaspace   ] GC(429) Metaspace: 97165K(99072K)->97165K(99072K) NonClass: 84156K(85248K)->84156K(85248K) Class: 13008K(13824K)->13008K(13824K)
[2025-12-25T04:29:34.361+0000][430.001s][info][gc             ] GC(429) Pause Young (Allocation Failure) 201M->124M(278M) 4.016ms
[2025-12-25T04:29:34.362+0000][430.002s][info][gc,cpu         ] GC(429) User=0.00s Sys=0.01s Real=0.00s
[2025-12-25T04:29:35.511+0000][431.151s][info][gc,start       ] GC(430) Pause Young (Allocation Failure)
[2025-12-25T04:29:35.516+0000][431.156s][info][gc,heap        ] GC(430) DefNew: 79875K(88512K)->1151K(88512K) Eden: 78720K(78720K)->0K(78720K) From: 1155K(9792K)->1151K(9792K)
[2025-12-25T04:29:35.516+0000][431.156s][info][gc,heap        ] GC(430) Tenured: 126750K(196608K)->126751K(196608K)
[2025-12-25T04:29:35.516+0000][431.156s][info][gc,metaspace   ] GC(430) Metaspace: 97166K(99072K)->97166K(99072K) NonClass: 84157K(85248K)->84157K(85248K) Class: 13008K(13824K)->13008K(13824K)
[2025-12-25T04:29:35.517+0000][431.156s][info][gc             ] GC(430) Pause Young (Allocation Failure) 201M->124M(278M) 5.161ms
[2025-12-25T04:29:35.517+0000][431.157s][info][gc,cpu         ] GC(430) User=0.01s Sys=0.00s Real=0.01s
[2025-12-25T04:29:36.793+0000][432.433s][info][gc,start       ] GC(431) Pause Young (Allocation Failure)
[2025-12-25T04:29:36.798+0000][432.438s][info][gc,heap        ] GC(431) DefNew: 79871K(88512K)->676K(88512K) Eden: 78720K(78720K)->0K(78720K) From: 1151K(9792K)->676K(9792K)
[2025-12-25T04:29:36.798+0000][432.438s][info][gc,heap        ] GC(431) Tenured: 126751K(196608K)->127226K(196608K)
[2025-12-25T04:29:36.798+0000][432.438s][info][gc,metaspace   ] GC(431) Metaspace: 97166K(99072K)->97166K(99072K) NonClass: 84157K(85248K)->84157K(85248K) Class: 13008K(13824K)->13008K(13824K)
[2025-12-25T04:29:36.799+0000][432.439s][info][gc             ] GC(431) Pause Young (Allocation Failure) 201M->124M(278M) 5.332ms
[2025-12-25T04:29:36.799+0000][432.439s][info][gc,cpu         ] GC(431) User=0.00s Sys=0.00s Real=0.01s
[2025-12-25T04:29:37.908+0000][433.548s][info][gc,start       ] GC(432) Pause Young (Allocation Failure)
[2025-12-25T04:29:37.912+0000][433.552s][info][gc,heap        ] GC(432) DefNew: 79396K(88512K)->679K(88512K) Eden: 78720K(78720K)->0K(78720K) From: 676K(9792K)->679K(9792K)
[2025-12-25T04:29:37.912+0000][433.552s][info][gc,heap        ] GC(432) Tenured: 127226K(196608K)->127227K(196608K)
[2025-12-25T04:29:37.912+0000][433.552s][info][gc,metaspace   ] GC(432) Metaspace: 97174K(99072K)->97174K(99072K) NonClass: 84162K(85248K)->84162K(85248K) Class: 13011K(13824K)->13011K(13824K)
[2025-12-25T04:29:37.912+0000][433.552s][info][gc             ] GC(432) Pause Young (Allocation Failure) 201M->124M(278M) 3.502ms
[2025-12-25T04:29:37.912+0000][433.552s][info][gc,cpu         ] GC(432) User=0.00s Sys=0.00s Real=0.00s
[2025-12-25T04:29:39.078+0000][434.718s][info][gc,start       ] GC(433) Pause Young (Allocation Failure)
[2025-12-25T04:29:39.081+0000][434.721s][info][gc,heap        ] GC(433) DefNew: 79399K(88512K)->678K(88512K) Eden: 78720K(78720K)->0K(78720K) From: 679K(9792K)->678K(9792K)
[2025-12-25T04:29:39.081+0000][434.721s][info][gc,heap        ] GC(433) Tenured: 127227K(196608K)->127229K(196608K)
[2025-12-25T04:29:39.081+0000][434.721s][info][gc,metaspace   ] GC(433) Metaspace: 97174K(99072K)->97174K(99072K) NonClass: 84162K(85248K)->84162K(85248K) Class: 13011K(13824K)->13011K(13824K)
[2025-12-25T04:29:39.081+0000][434.721s][info][gc             ] GC(433) Pause Young (Allocation Failure) 201M->124M(278M) 2.720ms
[2025-12-25T04:29:39.081+0000][434.721s][info][gc,cpu         ] GC(433) User=0.00s Sys=0.00s Real=0.00s
[2025-12-25T04:29:40.231+0000][435.871s][info][gc,start       ] GC(434) Pause Young (Allocation Failure)
[2025-12-25T04:29:40.235+0000][435.875s][info][gc,heap        ] GC(434) DefNew: 79398K(88512K)->680K(88512K) Eden: 78720K(78720K)->0K(78720K) From: 678K(9792K)->680K(9792K)
[2025-12-25T04:29:40.235+0000][435.875s][info][gc,heap        ] GC(434) Tenured: 127229K(196608K)->127229K(196608K)
[2025-12-25T04:29:40.235+0000][435.875s][info][gc,metaspace   ] GC(434) Metaspace: 97174K(99072K)->97174K(99072K) NonClass: 84162K(85248K)->84162K(85248K) Class: 13011K(13824K)->13011K(13824K)
[2025-12-25T04:29:40.235+0000][435.875s][info][gc             ] GC(434) Pause Young (Allocation Failure) 201M->124M(278M) 3.766ms
[2025-12-25T04:29:40.235+0000][435.875s][info][gc,cpu         ] GC(434) User=0.00s Sys=0.01s Real=0.01s
[2025-12-25T04:29:41.249+0000][436.889s][info][gc,start       ] GC(435) Pause Young (Allocation Failure)
[2025-12-25T04:29:41.254+0000][436.894s][info][gc,heap        ] GC(435) DefNew: 79400K(88512K)->115K(88512K) Eden: 78720K(78720K)->0K(78720K) From: 680K(9792K)->115K(9792K)
[2025-12-25T04:29:41.255+0000][436.895s][info][gc,heap        ] GC(435) Tenured: 127229K(196608K)->127843K(196608K)
[2025-12-25T04:29:41.255+0000][436.895s][info][gc,metaspace   ] GC(435) Metaspace: 97175K(99072K)->97175K(99072K) NonClass: 84163K(85248K)->84163K(85248K) Class: 13011K(13824K)->13011K(13824K)
[2025-12-25T04:29:41.255+0000][436.895s][info][gc             ] GC(435) Pause Young (Allocation Failure) 201M->124M(278M) 5.266ms
[2025-12-25T04:29:41.255+0000][436.895s][info][gc,cpu         ] GC(435) User=0.00s Sys=0.00s Real=0.01s
[2025-12-25T04:29:41.274+0000][436.914s][info][gc,start       ] GC(436) Pause Young (Allocation Failure)
[2025-12-25T04:29:41.276+0000][436.916s][info][gc,heap        ] GC(436) DefNew: 78835K(88512K)->87K(88512K) Eden: 78720K(78720K)->0K(78720K) From: 115K(9792K)->87K(9792K)
[2025-12-25T04:29:41.276+0000][436.916s][info][gc,heap        ] GC(436) Tenured: 127843K(196608K)->127850K(196608K)
[2025-12-25T04:29:41.276+0000][436.916s][info][gc,metaspace   ] GC(436) Metaspace: 97178K(99072K)->97178K(99072K) NonClass: 84166K(85248K)->84166K(85248K) Class: 13011K(13824K)->13011K(13824K)
[2025-12-25T04:29:41.276+0000][436.916s][info][gc             ] GC(436) Pause Young (Allocation Failure) 201M->124M(278M) 2.000ms
[2025-12-25T04:29:41.277+0000][436.917s][info][gc,cpu         ] GC(436) User=0.00s Sys=0.00s Real=0.00s
[2025-12-25T04:29:41.996+0000][437.636s][info][gc,start       ] GC(437) Pause Young (Allocation Failure)
[2025-12-25T04:29:42.002+0000][437.642s][info][gc,heap        ] GC(437) DefNew: 78807K(88512K)->114K(88512K) Eden: 78720K(78720K)->0K(78720K) From: 87K(9792K)->114K(9792K)
[2025-12-25T04:29:42.002+0000][437.642s][info][gc,heap        ] GC(437) Tenured: 127850K(196608K)->127850K(196608K)
[2025-12-25T04:29:42.002+0000][437.642s][info][gc,metaspace   ] GC(437) Metaspace: 97181K(99072K)->97181K(99072K) NonClass: 84169K(85248K)->84169K(85248K) Class: 13011K(13824K)->13011K(13824K)
[2025-12-25T04:29:42.002+0000][437.642s][info][gc             ] GC(437) Pause Young (Allocation Failure) 201M->124M(278M) 6.079ms
[2025-12-25T04:29:42.002+0000][437.642s][info][gc,cpu         ] GC(437) User=0.00s Sys=0.00s Real=0.00s
[2025-12-25T04:29:43.062+0000][438.702s][info][gc,start       ] GC(438) Pause Young (Allocation Failure)
[2025-12-25T04:29:43.066+0000][438.706s][info][gc,heap        ] GC(438) DefNew: 78834K(88512K)->55K(88512K) Eden: 78720K(78720K)->0K(78720K) From: 114K(9792K)->55K(9792K)
[2025-12-25T04:29:43.066+0000][438.706s][info][gc,heap        ] GC(438) Tenured: 127850K(196608K)->127857K(196608K)
[2025-12-25T04:29:43.066+0000][438.706s][info][gc,metaspace   ] GC(438) Metaspace: 97186K(99072K)->97186K(99072K) NonClass: 84174K(85248K)->84174K(85248K) Class: 13011K(13824K)->13011K(13824K)
[2025-12-25T04:29:43.066+0000][438.706s][info][gc             ] GC(438) Pause Young (Allocation Failure) 201M->124M(278M) 4.341ms
[2025-12-25T04:29:43.066+0000][438.706s][info][gc,cpu         ] GC(438) User=0.01s Sys=0.00s Real=0.01s
[2025-12-25T04:29:44.234+0000][439.874s][info][gc,start       ] GC(439) Pause Young (Allocation Failure)
[2025-12-25T04:29:44.236+0000][439.876s][info][gc,heap        ] GC(439) DefNew: 78775K(88512K)->56K(88512K) Eden: 78720K(78720K)->0K(78720K) From: 55K(9792K)->56K(9792K)
[2025-12-25T04:29:44.236+0000][439.876s][info][gc,heap        ] GC(439) Tenured: 127857K(196608K)->127858K(196608K)
[2025-12-25T04:29:44.236+0000][439.876s][info][gc,metaspace   ] GC(439) Metaspace: 97186K(99072K)->97186K(99072K) NonClass: 84174K(85248K)->84174K(85248K) Class: 13011K(13824K)->13011K(13824K)
[2025-12-25T04:29:44.236+0000][439.876s][info][gc             ] GC(439) Pause Young (Allocation Failure) 201M->124M(278M) 2.640ms
[2025-12-25T04:29:44.236+0000][439.876s][info][gc,cpu         ] GC(439) User=0.01s Sys=0.00s Real=0.01s
[2025-12-25T04:29:45.536+0000][441.176s][info][gc,start       ] GC(440) Pause Young (Allocation Failure)
[2025-12-25T04:29:45.538+0000][441.178s][info][gc,heap        ] GC(440) DefNew: 78776K(88512K)->50K(88512K) Eden: 78720K(78720K)->0K(78720K) From: 56K(9792K)->50K(9792K)
[2025-12-25T04:29:45.538+0000][441.178s][info][gc,heap        ] GC(440) Tenured: 127858K(196608K)->127859K(196608K)
[2025-12-25T04:29:45.538+0000][441.178s][info][gc,metaspace   ] GC(440) Metaspace: 97189K(99072K)->97189K(99072K) NonClass: 84177K(85248K)->84177K(85248K) Class: 13011K(13824K)->13011K(13824K)
[2025-12-25T04:29:45.538+0000][441.178s][info][gc             ] GC(440) Pause Young (Allocation Failure) 201M->124M(278M) 2.423ms
[2025-12-25T04:29:45.538+0000][441.178s][info][gc,cpu         ] GC(440) User=0.00s Sys=0.00s Real=0.00s
[2025-12-25T04:29:46.711+0000][442.350s][info][gc,start       ] GC(441) Pause Young (Allocation Failure)
[2025-12-25T04:29:46.714+0000][442.354s][info][gc,heap        ] GC(441) DefNew: 78770K(88512K)->50K(88512K) Eden: 78720K(78720K)->0K(78720K) From: 50K(9792K)->50K(9792K)
[2025-12-25T04:29:46.714+0000][442.354s][info][gc,heap        ] GC(441) Tenured: 127859K(196608K)->127859K(196608K)
[2025-12-25T04:29:46.714+0000][442.354s][info][gc,metaspace   ] GC(441) Metaspace: 97189K(99072K)->97189K(99072K) NonClass: 84177K(85248K)->84177K(85248K) Class: 13011K(13824K)->13011K(13824K)
[2025-12-25T04:29:46.714+0000][442.354s][info][gc             ] GC(441) Pause Young (Allocation Failure) 201M->124M(278M) 3.669ms
[2025-12-25T04:29:46.714+0000][442.354s][info][gc,cpu         ] GC(441) User=0.01s Sys=0.00s Real=0.01s
[2025-12-25T04:29:47.782+0000][443.422s][info][gc,start       ] GC(442) Pause Young (Allocation Failure)
[2025-12-25T04:29:47.787+0000][443.426s][info][gc,heap        ] GC(442) DefNew: 78770K(88512K)->56K(88512K) Eden: 78720K(78720K)->0K(78720K) From: 50K(9792K)->56K(9792K)
[2025-12-25T04:29:47.787+0000][443.427s][info][gc,heap        ] GC(442) Tenured: 127859K(196608K)->127862K(196608K)
[2025-12-25T04:29:47.787+0000][443.427s][info][gc,metaspace   ] GC(442) Metaspace: 97203K(99072K)->97203K(99072K) NonClass: 84191K(85248K)->84191K(85248K) Class: 13011K(13824K)->13011K(13824K)
[2025-12-25T04:29:47.787+0000][443.427s][info][gc             ] GC(442) Pause Young (Allocation Failure) 201M->124M(278M) 4.698ms
[2025-12-25T04:29:47.787+0000][443.427s][info][gc,cpu         ] GC(442) User=0.00s Sys=0.00s Real=0.01s
[2025-12-25T04:29:48.947+0000][444.587s][info][gc,start       ] GC(443) Pause Young (Allocation Failure)
[2025-12-25T04:29:48.950+0000][444.590s][info][gc,heap        ] GC(443) DefNew: 78776K(88512K)->55K(88512K) Eden: 78720K(78720K)->0K(78720K) From: 56K(9792K)->55K(9792K)
[2025-12-25T04:29:48.950+0000][444.590s][info][gc,heap        ] GC(443) Tenured: 127862K(196608K)->127863K(196608K)
[2025-12-25T04:29:48.951+0000][444.591s][info][gc,metaspace   ] GC(443) Metaspace: 97203K(99072K)->97203K(99072K) NonClass: 84191K(85248K)->84191K(85248K) Class: 13011K(13824K)->13011K(13824K)
[2025-12-25T04:29:48.951+0000][444.591s][info][gc             ] GC(443) Pause Young (Allocation Failure) 201M->124M(278M) 3.721ms
[2025-12-25T04:29:48.951+0000][444.591s][info][gc,cpu         ] GC(443) User=0.00s Sys=0.00s Real=0.00s
[2025-12-25T04:29:50.151+0000][445.791s][info][gc,start       ] GC(444) Pause Young (Allocation Failure)
[2025-12-25T04:29:50.154+0000][445.794s][info][gc,heap        ] GC(444) DefNew: 78775K(88512K)->55K(88512K) Eden: 78720K(78720K)->0K(78720K) From: 55K(9792K)->55K(9792K)
[2025-12-25T04:29:50.154+0000][445.794s][info][gc,heap        ] GC(444) Tenured: 127863K(196608K)->127863K(196608K)
[2025-12-25T04:29:50.154+0000][445.794s][info][gc,metaspace   ] GC(444) Metaspace: 97208K(99072K)->97208K(99072K) NonClass: 84195K(85248K)->84195K(85248K) Class: 13012K(13824K)->13012K(13824K)
[2025-12-25T04:29:50.155+0000][445.795s][info][gc             ] GC(444) Pause Young (Allocation Failure) 201M->124M(278M) 3.171ms
[2025-12-25T04:29:50.155+0000][445.795s][info][gc,cpu         ] GC(444) User=0.00s Sys=0.00s Real=0.01s
[2025-12-25T04:29:51.341+0000][446.981s][info][gc,start       ] GC(445) Pause Young (Allocation Failure)
[2025-12-25T04:29:51.343+0000][446.983s][info][gc,heap        ] GC(445) DefNew: 78775K(88512K)->56K(88512K) Eden: 78720K(78720K)->0K(78720K) From: 55K(9792K)->56K(9792K)
[2025-12-25T04:29:51.343+0000][446.983s][info][gc,heap        ] GC(445) Tenured: 127863K(196608K)->127864K(196608K)
[2025-12-25T04:29:51.344+0000][446.984s][info][gc,metaspace   ] GC(445) Metaspace: 97208K(99072K)->97208K(99072K) NonClass: 84195K(85248K)->84195K(85248K) Class: 13012K(13824K)->13012K(13824K)
[2025-12-25T04:29:51.344+0000][446.984s][info][gc             ] GC(445) Pause Young (Allocation Failure) 201M->124M(278M) 2.732ms
[2025-12-25T04:29:51.344+0000][446.984s][info][gc,cpu         ] GC(445) User=0.00s Sys=0.00s Real=0.00s
[2025-12-25T04:29:52.404+0000][448.044s][info][gc,start       ] GC(446) Pause Young (Allocation Failure)
[2025-12-25T04:29:52.407+0000][448.047s][info][gc,heap        ] GC(446) DefNew: 78776K(88512K)->59K(88512K) Eden: 78720K(78720K)->0K(78720K) From: 56K(9792K)->59K(9792K)
[2025-12-25T04:29:52.407+0000][448.047s][info][gc,heap        ] GC(446) Tenured: 127864K(196608K)->127865K(196608K)
[2025-12-25T04:29:52.407+0000][448.047s][info][gc,metaspace   ] GC(446) Metaspace: 97215K(99072K)->97215K(99072K) NonClass: 84202K(85248K)->84202K(85248K) Class: 13012K(13824K)->13012K(13824K)
[2025-12-25T04:29:52.407+0000][448.047s][info][gc             ] GC(446) Pause Young (Allocation Failure) 201M->124M(278M) 2.575ms
[2025-12-25T04:29:52.407+0000][448.047s][info][gc,cpu         ] GC(446) User=0.00s Sys=0.00s Real=0.00s
[2025-12-25T04:29:53.589+0000][449.229s][info][gc,start       ] GC(447) Pause Young (Allocation Failure)
[2025-12-25T04:29:53.595+0000][449.235s][info][gc,heap        ] GC(447) DefNew: 78779K(88512K)->57K(88512K) Eden: 78720K(78720K)->0K(78720K) From: 59K(9792K)->57K(9792K)
[2025-12-25T04:29:53.595+0000][449.235s][info][gc,heap        ] GC(447) Tenured: 127865K(196608K)->127867K(196608K)
[2025-12-25T04:29:53.595+0000][449.235s][info][gc,metaspace   ] GC(447) Metaspace: 97215K(99072K)->97215K(99072K) NonClass: 84202K(85248K)->84202K(85248K) Class: 13012K(13824K)->13012K(13824K)
[2025-12-25T04:29:53.595+0000][449.235s][info][gc             ] GC(447) Pause Young (Allocation Failure) 201M->124M(278M) 6.060ms
[2025-12-25T04:29:53.595+0000][449.235s][info][gc,cpu         ] GC(447) User=0.00s Sys=0.00s Real=0.01s
[2025-12-25T04:29:54.802+0000][450.442s][info][gc,start       ] GC(448) Pause Young (Allocation Failure)
[2025-12-25T04:29:54.807+0000][450.447s][info][gc,heap        ] GC(448) DefNew: 78777K(88512K)->57K(88512K) Eden: 78720K(78720K)->0K(78720K) From: 57K(9792K)->57K(9792K)
[2025-12-25T04:29:54.807+0000][450.447s][info][gc,heap        ] GC(448) Tenured: 127867K(196608K)->127868K(196608K)
[2025-12-25T04:29:54.807+0000][450.447s][info][gc,metaspace   ] GC(448) Metaspace: 97215K(99072K)->97215K(99072K) NonClass: 84202K(85248K)->84202K(85248K) Class: 13012K(13824K)->13012K(13824K)
[2025-12-25T04:29:54.807+0000][450.447s][info][gc             ] GC(448) Pause Young (Allocation Failure) 201M->124M(278M) 5.405ms
[2025-12-25T04:29:54.807+0000][450.447s][info][gc,cpu         ] GC(448) User=0.00s Sys=0.00s Real=0.01s
[2025-12-25T04:29:56.244+0000][451.884s][info][gc,start       ] GC(449) Pause Young (Allocation Failure)
[2025-12-25T04:29:56.248+0000][451.888s][info][gc,heap        ] GC(449) DefNew: 78777K(88512K)->53K(88512K) Eden: 78720K(78720K)->0K(78720K) From: 57K(9792K)->53K(9792K)
[2025-12-25T04:29:56.249+0000][451.889s][info][gc,heap        ] GC(449) Tenured: 127868K(196608K)->127869K(196608K)
[2025-12-25T04:29:56.249+0000][451.889s][info][gc,metaspace   ] GC(449) Metaspace: 97215K(99072K)->97215K(99072K) NonClass: 84203K(85248K)->84203K(85248K) Class: 13012K(13824K)->13012K(13824K)
[2025-12-25T04:29:56.249+0000][451.889s][info][gc             ] GC(449) Pause Young (Allocation Failure) 201M->124M(278M) 4.974ms
[2025-12-25T04:29:56.249+0000][451.889s][info][gc,cpu         ] GC(449) User=0.01s Sys=0.00s Real=0.01s
[2025-12-25T04:29:56.294+0000][451.934s][info][gc,start       ] GC(450) Pause Young (Allocation Failure)
[2025-12-25T04:29:56.300+0000][451.940s][info][gc,heap        ] GC(450) DefNew: 78773K(88512K)->80K(88512K) Eden: 78720K(78720K)->0K(78720K) From: 53K(9792K)->80K(9792K)
[2025-12-25T04:29:56.301+0000][451.940s][info][gc,heap        ] GC(450) Tenured: 127869K(196608K)->127870K(196608K)
[2025-12-25T04:29:56.301+0000][451.941s][info][gc,metaspace   ] GC(450) Metaspace: 97217K(99072K)->97217K(99072K) NonClass: 84204K(85248K)->84204K(85248K) Class: 13012K(13824K)->13012K(13824K)
[2025-12-25T04:29:56.301+0000][451.941s][info][gc             ] GC(450) Pause Young (Allocation Failure) 201M->124M(278M) 6.654ms
[2025-12-25T04:29:56.301+0000][451.941s][info][gc,cpu         ] GC(450) User=0.00s Sys=0.00s Real=0.00s
[2025-12-25T04:29:56.899+0000][452.539s][info][gc,start       ] GC(451) Pause Young (Allocation Failure)
[2025-12-25T04:29:56.904+0000][452.544s][info][gc,heap        ] GC(451) DefNew: 78800K(88512K)->64K(88512K) Eden: 78720K(78720K)->0K(78720K) From: 80K(9792K)->64K(9792K)
[2025-12-25T04:29:56.905+0000][452.545s][info][gc,heap        ] GC(451) Tenured: 127870K(196608K)->127870K(196608K)
[2025-12-25T04:29:56.905+0000][452.545s][info][gc,metaspace   ] GC(451) Metaspace: 97220K(99072K)->97220K(99072K) NonClass: 84207K(85248K)->84207K(85248K) Class: 13012K(13824K)->13012K(13824K)
[2025-12-25T04:29:56.905+0000][452.545s][info][gc             ] GC(451) Pause Young (Allocation Failure) 201M->124M(278M) 5.784ms
[2025-12-25T04:29:56.905+0000][452.545s][info][gc,cpu         ] GC(451) User=0.01s Sys=0.00s Real=0.01s
[2025-12-25T04:29:58.035+0000][453.675s][info][gc,start       ] GC(452) Pause Young (Allocation Failure)
[2025-12-25T04:29:58.040+0000][453.680s][info][gc,heap        ] GC(452) DefNew: 78784K(88512K)->54K(88512K) Eden: 78720K(78720K)->0K(78720K) From: 64K(9792K)->54K(9792K)
[2025-12-25T04:29:58.040+0000][453.680s][info][gc,heap        ] GC(452) Tenured: 127870K(196608K)->127870K(196608K)
[2025-12-25T04:29:58.040+0000][453.680s][info][gc,metaspace   ] GC(452) Metaspace: 97253K(99072K)->97253K(99072K) NonClass: 84240K(85248K)->84240K(85248K) Class: 13012K(13824K)->13012K(13824K)
[2025-12-25T04:29:58.040+0000][453.680s][info][gc             ] GC(452) Pause Young (Allocation Failure) 201M->124M(278M) 4.652ms
[2025-12-25T04:29:58.040+0000][453.680s][info][gc,cpu         ] GC(452) User=0.01s Sys=0.00s Real=0.00s
[2025-12-25T04:29:59.251+0000][454.891s][info][gc,start       ] GC(453) Pause Young (Allocation Failure)
[2025-12-25T04:29:59.258+0000][454.898s][info][gc,heap        ] GC(453) DefNew: 78774K(88512K)->54K(88512K) Eden: 78720K(78720K)->0K(78720K) From: 54K(9792K)->54K(9792K)
[2025-12-25T04:29:59.258+0000][454.898s][info][gc,heap        ] GC(453) Tenured: 127870K(196608K)->127871K(196608K)
[2025-12-25T04:29:59.258+0000][454.898s][info][gc,metaspace   ] GC(453) Metaspace: 97253K(99072K)->97253K(99072K) NonClass: 84240K(85248K)->84240K(85248K) Class: 13012K(13824K)->13012K(13824K)
[2025-12-25T04:29:59.258+0000][454.898s][info][gc             ] GC(453) Pause Young (Allocation Failure) 201M->124M(278M) 6.978ms
[2025-12-25T04:29:59.258+0000][454.898s][info][gc,cpu         ] GC(453) User=0.01s Sys=0.00s Real=0.01s
[2025-12-25T04:30:00.541+0000][456.181s][info][gc,start       ] GC(454) Pause Young (Allocation Failure)
[2025-12-25T04:30:00.548+0000][456.188s][info][gc,heap        ] GC(454) DefNew: 78774K(88512K)->55K(88512K) Eden: 78720K(78720K)->0K(78720K) From: 54K(9792K)->55K(9792K)
[2025-12-25T04:30:00.548+0000][456.188s][info][gc,heap        ] GC(454) Tenured: 127871K(196608K)->127872K(196608K)
[2025-12-25T04:30:00.548+0000][456.188s][info][gc,metaspace   ] GC(454) Metaspace: 97257K(99072K)->97257K(99072K) NonClass: 84244K(85248K)->84244K(85248K) Class: 13013K(13824K)->13013K(13824K)
[2025-12-25T04:30:00.548+0000][456.188s][info][gc             ] GC(454) Pause Young (Allocation Failure) 201M->124M(278M) 6.661ms
[2025-12-25T04:30:00.548+0000][456.188s][info][gc,cpu         ] GC(454) User=0.01s Sys=0.00s Real=0.01s
[2025-12-25T04:30:01.723+0000][457.363s][info][gc,start       ] GC(455) Pause Young (Allocation Failure)
[2025-12-25T04:30:01.725+0000][457.365s][info][gc,heap        ] GC(455) DefNew: 78775K(88512K)->55K(88512K) Eden: 78720K(78720K)->0K(78720K) From: 55K(9792K)->55K(9792K)
[2025-12-25T04:30:01.725+0000][457.365s][info][gc,heap        ] GC(455) Tenured: 127872K(196608K)->127873K(196608K)
[2025-12-25T04:30:01.725+0000][457.365s][info][gc,metaspace   ] GC(455) Metaspace: 97257K(99072K)->97257K(99072K) NonClass: 84244K(85248K)->84244K(85248K) Class: 13013K(13824K)->13013K(13824K)
[2025-12-25T04:30:01.725+0000][457.365s][info][gc             ] GC(455) Pause Young (Allocation Failure) 201M->124M(278M) 2.480ms
[2025-12-25T04:30:01.725+0000][457.365s][info][gc,cpu         ] GC(455) User=0.00s Sys=0.00s Real=0.01s
[2025-12-25T04:30:02.783+0000][458.423s][info][gc,start       ] GC(456) Pause Young (Allocation Failure)
[2025-12-25T04:30:02.786+0000][458.426s][info][gc,heap        ] GC(456) DefNew: 78775K(88512K)->58K(88512K) Eden: 78720K(78720K)->0K(78720K) From: 55K(9792K)->58K(9792K)
[2025-12-25T04:30:02.786+0000][458.426s][info][gc,heap        ] GC(456) Tenured: 127873K(196608K)->127874K(196608K)
[2025-12-25T04:30:02.786+0000][458.426s][info][gc,metaspace   ] GC(456) Metaspace: 97325K(99072K)->97325K(99072K) NonClass: 84312K(85248K)->84312K(85248K) Class: 13013K(13824K)->13013K(13824K)
[2025-12-25T04:30:02.786+0000][458.426s][info][gc             ] GC(456) Pause Young (Allocation Failure) 201M->124M(278M) 3.045ms
[2025-12-25T04:30:02.786+0000][458.426s][info][gc,cpu         ] GC(456) User=0.00s Sys=0.00s Real=0.01s
[2025-12-25T04:30:03.946+0000][459.586s][info][gc,start       ] GC(457) Pause Young (Allocation Failure)
[2025-12-25T04:30:03.949+0000][459.589s][info][gc,heap        ] GC(457) DefNew: 78778K(88512K)->53K(88512K) Eden: 78720K(78720K)->0K(78720K) From: 58K(9792K)->53K(9792K)
[2025-12-25T04:30:03.949+0000][459.589s][info][gc,heap        ] GC(457) Tenured: 127874K(196608K)->127878K(196608K)
[2025-12-25T04:30:03.949+0000][459.589s][info][gc,metaspace   ] GC(457) Metaspace: 97325K(99072K)->97325K(99072K) NonClass: 84312K(85248K)->84312K(85248K) Class: 13013K(13824K)->13013K(13824K)
[2025-12-25T04:30:03.950+0000][459.590s][info][gc             ] GC(457) Pause Young (Allocation Failure) 201M->124M(278M) 3.981ms
[2025-12-25T04:30:03.950+0000][459.590s][info][gc,cpu         ] GC(457) User=0.00s Sys=0.01s Real=0.00s
[2025-12-25T04:30:05.124+0000][460.764s][info][gc,start       ] GC(458) Pause Young (Allocation Failure)
[2025-12-25T04:30:05.126+0000][460.766s][info][gc,heap        ] GC(458) DefNew: 78773K(88512K)->49K(88512K) Eden: 78720K(78720K)->0K(78720K) From: 53K(9792K)->49K(9792K)
[2025-12-25T04:30:05.126+0000][460.766s][info][gc,heap        ] GC(458) Tenured: 127878K(196608K)->127878K(196608K)
[2025-12-25T04:30:05.126+0000][460.766s][info][gc,metaspace   ] GC(458) Metaspace: 97343K(99072K)->97343K(99072K) NonClass: 84330K(85248K)->84330K(85248K) Class: 13013K(13824K)->13013K(13824K)
[2025-12-25T04:30:05.126+0000][460.766s][info][gc             ] GC(458) Pause Young (Allocation Failure) 201M->124M(278M) 2.232ms
[2025-12-25T04:30:05.126+0000][460.766s][info][gc,cpu         ] GC(458) User=0.00s Sys=0.00s Real=0.01s
[2025-12-25T04:30:06.364+0000][462.004s][info][gc,start       ] GC(459) Pause Young (Allocation Failure)
[2025-12-25T04:30:06.367+0000][462.007s][info][gc,heap        ] GC(459) DefNew: 78769K(88512K)->49K(88512K) Eden: 78720K(78720K)->0K(78720K) From: 49K(9792K)->49K(9792K)
[2025-12-25T04:30:06.368+0000][462.008s][info][gc,heap        ] GC(459) Tenured: 127878K(196608K)->127881K(196608K)
[2025-12-25T04:30:06.368+0000][462.008s][info][gc,metaspace   ] GC(459) Metaspace: 97343K(99072K)->97343K(99072K) NonClass: 84330K(85248K)->84330K(85248K) Class: 13013K(13824K)->13013K(13824K)
[2025-12-25T04:30:06.368+0000][462.008s][info][gc             ] GC(459) Pause Young (Allocation Failure) 201M->124M(278M) 3.719ms
[2025-12-25T04:30:06.368+0000][462.008s][info][gc,cpu         ] GC(459) User=0.00s Sys=0.00s Real=0.01s
[2025-12-25T04:30:07.501+0000][463.141s][info][gc,start       ] GC(460) Pause Young (Allocation Failure)
[2025-12-25T04:30:07.505+0000][463.145s][info][gc,heap        ] GC(460) DefNew: 78769K(88512K)->52K(88512K) Eden: 78720K(78720K)->0K(78720K) From: 49K(9792K)->52K(9792K)
[2025-12-25T04:30:07.505+0000][463.145s][info][gc,heap        ] GC(460) Tenured: 127881K(196608K)->127881K(196608K)
[2025-12-25T04:30:07.505+0000][463.145s][info][gc,metaspace   ] GC(460) Metaspace: 97362K(99072K)->97362K(99072K) NonClass: 84349K(85248K)->84349K(85248K) Class: 13013K(13824K)->13013K(13824K)
[2025-12-25T04:30:07.505+0000][463.145s][info][gc             ] GC(460) Pause Young (Allocation Failure) 201M->124M(278M) 4.324ms
[2025-12-25T04:30:07.506+0000][463.146s][info][gc,cpu         ] GC(460) User=0.00s Sys=0.00s Real=0.01s
[2025-12-25T04:30:08.735+0000][464.375s][info][gc,start       ] GC(461) Pause Young (Allocation Failure)
[2025-12-25T04:30:08.741+0000][464.381s][info][gc,heap        ] GC(461) DefNew: 78772K(88512K)->52K(88512K) Eden: 78720K(78720K)->0K(78720K) From: 52K(9792K)->52K(9792K)
[2025-12-25T04:30:08.741+0000][464.381s][info][gc,heap        ] GC(461) Tenured: 127881K(196608K)->127882K(196608K)
[2025-12-25T04:30:08.741+0000][464.381s][info][gc,metaspace   ] GC(461) Metaspace: 97362K(99072K)->97362K(99072K) NonClass: 84349K(85248K)->84349K(85248K) Class: 13013K(13824K)->13013K(13824K)
[2025-12-25T04:30:08.741+0000][464.381s][info][gc             ] GC(461) Pause Young (Allocation Failure) 201M->124M(278M) 6.084ms
[2025-12-25T04:30:08.742+0000][464.382s][info][gc,cpu         ] GC(461) User=0.01s Sys=0.01s Real=0.00s
[2025-12-25T04:30:09.941+0000][465.581s][info][gc,start       ] GC(462) Pause Young (Allocation Failure)
[2025-12-25T04:30:09.944+0000][465.584s][info][gc,heap        ] GC(462) DefNew: 78772K(88512K)->51K(88512K) Eden: 78720K(78720K)->0K(78720K) From: 52K(9792K)->51K(9792K)
[2025-12-25T04:30:09.944+0000][465.584s][info][gc,heap        ] GC(462) Tenured: 127882K(196608K)->127883K(196608K)
[2025-12-25T04:30:09.944+0000][465.584s][info][gc,metaspace   ] GC(462) Metaspace: 97363K(99072K)->97363K(99072K) NonClass: 84350K(85248K)->84350K(85248K) Class: 13013K(13824K)->13013K(13824K)
[2025-12-25T04:30:09.944+0000][465.584s][info][gc             ] GC(462) Pause Young (Allocation Failure) 201M->124M(278M) 3.189ms
[2025-12-25T04:30:09.945+0000][465.585s][info][gc,cpu         ] GC(462) User=0.01s Sys=0.00s Real=0.01s
[2025-12-25T04:30:11.092+0000][466.732s][info][gc,start       ] GC(463) Pause Young (Allocation Failure)
[2025-12-25T04:30:11.094+0000][466.734s][info][gc,heap        ] GC(463) DefNew: 78771K(88512K)->48K(88512K) Eden: 78720K(78720K)->0K(78720K) From: 51K(9792K)->48K(9792K)
[2025-12-25T04:30:11.094+0000][466.734s][info][gc,heap        ] GC(463) Tenured: 127883K(196608K)->127883K(196608K)
[2025-12-25T04:30:11.094+0000][466.734s][info][gc,metaspace   ] GC(463) Metaspace: 97363K(99072K)->97363K(99072K) NonClass: 84350K(85248K)->84350K(85248K) Class: 13013K(13824K)->13013K(13824K)
[2025-12-25T04:30:11.095+0000][466.735s][info][gc             ] GC(463) Pause Young (Allocation Failure) 201M->124M(278M) 2.276ms
[2025-12-25T04:30:11.095+0000][466.735s][info][gc,cpu         ] GC(463) User=0.00s Sys=0.01s Real=0.01s
[2025-12-25T04:30:11.266+0000][466.906s][info][gc,start       ] GC(464) Pause Young (Allocation Failure)
[2025-12-25T04:30:11.268+0000][466.908s][info][gc,heap        ] GC(464) DefNew: 78768K(88512K)->78K(88512K) Eden: 78720K(78720K)->0K(78720K) From: 48K(9792K)->78K(9792K)
[2025-12-25T04:30:11.268+0000][466.908s][info][gc,heap        ] GC(464) Tenured: 127883K(196608K)->127885K(196608K)
[2025-12-25T04:30:11.268+0000][466.908s][info][gc,metaspace   ] GC(464) Metaspace: 97366K(99072K)->97366K(99072K) NonClass: 84352K(85248K)->84352K(85248K) Class: 13013K(13824K)->13013K(13824K)
[2025-12-25T04:30:11.268+0000][466.908s][info][gc             ] GC(464) Pause Young (Allocation Failure) 201M->124M(278M) 2.213ms
[2025-12-25T04:30:11.268+0000][466.908s][info][gc,cpu         ] GC(464) User=0.00s Sys=0.00s Real=0.00s
[2025-12-25T04:30:11.663+0000][467.303s][info][gc,start       ] GC(465) Pause Young (Allocation Failure)
[2025-12-25T04:30:11.665+0000][467.305s][info][gc,heap        ] GC(465) DefNew: 78798K(88512K)->63K(88512K) Eden: 78720K(78720K)->0K(78720K) From: 78K(9792K)->63K(9792K)
[2025-12-25T04:30:11.665+0000][467.305s][info][gc,heap        ] GC(465) Tenured: 127885K(196608K)->127885K(196608K)
[2025-12-25T04:30:11.666+0000][467.306s][info][gc,metaspace   ] GC(465) Metaspace: 97370K(99072K)->97370K(99072K) NonClass: 84357K(85248K)->84357K(85248K) Class: 13013K(13824K)->13013K(13824K)
[2025-12-25T04:30:11.666+0000][467.306s][info][gc             ] GC(465) Pause Young (Allocation Failure) 201M->124M(278M) 2.293ms
[2025-12-25T04:30:11.666+0000][467.306s][info][gc,cpu         ] GC(465) User=0.00s Sys=0.00s Real=0.01s
[2025-12-25T04:30:12.685+0000][468.325s][info][gc,start       ] GC(466) Pause Young (Allocation Failure)
[2025-12-25T04:30:12.688+0000][468.328s][info][gc,heap        ] GC(466) DefNew: 78783K(88512K)->60K(88512K) Eden: 78719K(78720K)->0K(78720K) From: 63K(9792K)->60K(9792K)
[2025-12-25T04:30:12.688+0000][468.328s][info][gc,heap        ] GC(466) Tenured: 127885K(196608K)->127885K(196608K)
[2025-12-25T04:30:12.688+0000][468.328s][info][gc,metaspace   ] GC(466) Metaspace: 97374K(99072K)->97374K(99072K) NonClass: 84361K(85248K)->84361K(85248K) Class: 13013K(13824K)->13013K(13824K)
[2025-12-25T04:30:12.688+0000][468.328s][info][gc             ] GC(466) Pause Young (Allocation Failure) 201M->124M(278M) 3.796ms
[2025-12-25T04:30:12.689+0000][468.329s][info][gc,cpu         ] GC(466) User=0.00s Sys=0.00s Real=0.00s
[2025-12-25T04:30:13.095+0000][468.735s][info][gc,start       ] GC(467) Pause Young (Allocation Failure)
[2025-12-25T04:30:13.141+0000][468.781s][info][gc,heap        ] GC(467) DefNew: 78780K(88512K)->4052K(88512K) Eden: 78720K(78720K)->0K(78720K) From: 60K(9792K)->4052K(9792K)
[2025-12-25T04:30:13.143+0000][468.783s][info][gc,heap        ] GC(467) Tenured: 127885K(196608K)->127886K(196608K)
[2025-12-25T04:30:13.143+0000][468.783s][info][gc,metaspace   ] GC(467) Metaspace: 97395K(99072K)->97395K(99072K) NonClass: 84382K(85248K)->84382K(85248K) Class: 13013K(13824K)->13013K(13824K)
[2025-12-25T04:30:13.143+0000][468.783s][info][gc             ] GC(467) Pause Young (Allocation Failure) 201M->128M(278M) 48.558ms
[2025-12-25T04:30:13.144+0000][468.784s][info][gc,cpu         ] GC(467) User=0.03s Sys=0.00s Real=0.04s
[2025-12-25T04:30:13.297+0000][468.937s][info][gc,start       ] GC(468) Pause Young (Allocation Failure)
[2025-12-25T04:30:13.329+0000][468.969s][info][gc,heap        ] GC(468) DefNew: 82772K(88512K)->4611K(88512K) Eden: 78720K(78720K)->0K(78720K) From: 4052K(9792K)->4611K(9792K)
[2025-12-25T04:30:13.330+0000][468.970s][info][gc,heap        ] GC(468) Tenured: 127886K(196608K)->127886K(196608K)
[2025-12-25T04:30:13.330+0000][468.970s][info][gc,metaspace   ] GC(468) Metaspace: 97395K(99072K)->97395K(99072K) NonClass: 84382K(85248K)->84382K(85248K) Class: 13013K(13824K)->13013K(13824K)
[2025-12-25T04:30:13.331+0000][468.971s][info][gc             ] GC(468) Pause Young (Allocation Failure) 205M->129M(278M) 33.659ms
[2025-12-25T04:30:13.332+0000][468.972s][info][gc,cpu         ] GC(468) User=0.02s Sys=0.00s Real=0.03s
[2025-12-25T04:30:13.471+0000][469.111s][info][gc,start       ] GC(469) Pause Young (Allocation Failure)
[2025-12-25T04:30:13.486+0000][469.126s][info][gc,heap        ] GC(469) DefNew: 83331K(88512K)->4084K(88512K) Eden: 78720K(78720K)->0K(78720K) From: 4611K(9792K)->4084K(9792K)
[2025-12-25T04:30:13.486+0000][469.126s][info][gc,heap        ] GC(469) Tenured: 127886K(196608K)->127889K(196608K)
[2025-12-25T04:30:13.487+0000][469.127s][info][gc,metaspace   ] GC(469) Metaspace: 97395K(99072K)->97395K(99072K) NonClass: 84382K(85248K)->84382K(85248K) Class: 13013K(13824K)->13013K(13824K)
[2025-12-25T04:30:13.487+0000][469.127s][info][gc             ] GC(469) Pause Young (Allocation Failure) 206M->128M(278M) 15.957ms
[2025-12-25T04:30:13.488+0000][469.128s][info][gc,cpu         ] GC(469) User=0.01s Sys=0.01s Real=0.02s
[2025-12-25T04:30:13.686+0000][469.326s][info][gc,start       ] GC(470) Pause Young (Allocation Failure)
[2025-12-25T04:30:13.711+0000][469.351s][info][gc,heap        ] GC(470) DefNew: 82804K(88512K)->5495K(88512K) Eden: 78720K(78720K)->0K(78720K) From: 4084K(9792K)->5495K(9792K)
[2025-12-25T04:30:13.711+0000][469.351s][info][gc,heap        ] GC(470) Tenured: 127889K(196608K)->127889K(196608K)
[2025-12-25T04:30:13.712+0000][469.352s][info][gc,metaspace   ] GC(470) Metaspace: 97395K(99072K)->97395K(99072K) NonClass: 84382K(85248K)->84382K(85248K) Class: 13013K(13824K)->13013K(13824K)
[2025-12-25T04:30:13.714+0000][469.354s][info][gc             ] GC(470) Pause Young (Allocation Failure) 205M->130M(278M) 27.855ms
[2025-12-25T04:30:13.714+0000][469.354s][info][gc,cpu         ] GC(470) User=0.01s Sys=0.00s Real=0.02s
[2025-12-25T04:30:13.897+0000][469.537s][info][gc,start       ] GC(471) Pause Young (Allocation Failure)
[2025-12-25T04:30:13.907+0000][469.547s][info][gc,heap        ] GC(471) DefNew: 84215K(88512K)->3325K(88512K) Eden: 78720K(78720K)->0K(78720K) From: 5495K(9792K)->3325K(9792K)
[2025-12-25T04:30:13.910+0000][469.550s][info][gc,heap        ] GC(471) Tenured: 127889K(196608K)->128579K(196608K)
[2025-12-25T04:30:13.911+0000][469.551s][info][gc,metaspace   ] GC(471) Metaspace: 97395K(99072K)->97395K(99072K) NonClass: 84382K(85248K)->84382K(85248K) Class: 13013K(13824K)->13013K(13824K)
[2025-12-25T04:30:13.911+0000][469.551s][info][gc             ] GC(471) Pause Young (Allocation Failure) 207M->128M(278M) 14.483ms
[2025-12-25T04:30:13.911+0000][469.551s][info][gc,cpu         ] GC(471) User=0.01s Sys=0.00s Real=0.01s
[2025-12-25T04:30:14.041+0000][469.681s][info][gc,start       ] GC(472) Pause Young (Allocation Failure)
[2025-12-25T04:30:14.048+0000][469.688s][info][gc,heap        ] GC(472) DefNew: 82045K(88512K)->3563K(88512K) Eden: 78720K(78720K)->0K(78720K) From: 3325K(9792K)->3563K(9792K)
[2025-12-25T04:30:14.048+0000][469.688s][info][gc,heap        ] GC(472) Tenured: 128579K(196608K)->128579K(196608K)
[2025-12-25T04:30:14.048+0000][469.688s][info][gc,metaspace   ] GC(472) Metaspace: 97406K(99072K)->97406K(99072K) NonClass: 84393K(85248K)->84393K(85248K) Class: 13013K(13824K)->13013K(13824K)
[2025-12-25T04:30:14.049+0000][469.689s][info][gc             ] GC(472) Pause Young (Allocation Failure) 205M->129M(278M) 8.044ms
[2025-12-25T04:30:14.049+0000][469.689s][info][gc,cpu         ] GC(472) User=0.01s Sys=0.00s Real=0.01s
[2025-12-25T04:30:14.222+0000][469.862s][info][gc,start       ] GC(473) Pause Young (Allocation Failure)
[2025-12-25T04:30:14.256+0000][469.896s][info][gc,heap        ] GC(473) DefNew: 82283K(88512K)->3664K(88512K) Eden: 78720K(78720K)->0K(78720K) From: 3563K(9792K)->3664K(9792K)
[2025-12-25T04:30:14.263+0000][469.903s][info][gc,heap        ] GC(473) Tenured: 128579K(196608K)->128579K(196608K)
[2025-12-25T04:30:14.272+0000][469.912s][info][gc,metaspace   ] GC(473) Metaspace: 97407K(99072K)->97407K(99072K) NonClass: 84394K(85248K)->84394K(85248K) Class: 13013K(13824K)->13013K(13824K)
[2025-12-25T04:30:14.273+0000][469.913s][info][gc             ] GC(473) Pause Young (Allocation Failure) 205M->129M(278M) 50.659ms
[2025-12-25T04:30:14.274+0000][469.913s][info][gc,cpu         ] GC(473) User=0.01s Sys=0.00s Real=0.05s
[2025-12-25T04:30:14.400+0000][470.040s][info][gc,start       ] GC(474) Pause Young (Allocation Failure)
[2025-12-25T04:30:14.406+0000][470.046s][info][gc,heap        ] GC(474) DefNew: 82384K(88512K)->3804K(88512K) Eden: 78720K(78720K)->0K(78720K) From: 3664K(9792K)->3804K(9792K)
[2025-12-25T04:30:14.407+0000][470.047s][info][gc,heap        ] GC(474) Tenured: 128579K(196608K)->128579K(196608K)
[2025-12-25T04:30:14.409+0000][470.049s][info][gc,metaspace   ] GC(474) Metaspace: 97407K(99072K)->97407K(99072K) NonClass: 84394K(85248K)->84394K(85248K) Class: 13013K(13824K)->13013K(13824K)
[2025-12-25T04:30:14.409+0000][470.049s][info][gc             ] GC(474) Pause Young (Allocation Failure) 206M->129M(278M) 9.042ms
[2025-12-25T04:30:14.413+0000][470.053s][info][gc,cpu         ] GC(474) User=0.01s Sys=0.00s Real=0.01s
[2025-12-25T04:30:14.572+0000][470.212s][info][gc,start       ] GC(475) Pause Young (Allocation Failure)
[2025-12-25T04:30:14.588+0000][470.228s][info][gc,heap        ] GC(475) DefNew: 82524K(88512K)->3917K(88512K) Eden: 78720K(78720K)->0K(78720K) From: 3804K(9792K)->3917K(9792K)
[2025-12-25T04:30:14.593+0000][470.233s][info][gc,heap        ] GC(475) Tenured: 128579K(196608K)->128579K(196608K)
[2025-12-25T04:30:14.595+0000][470.235s][info][gc,metaspace   ] GC(475) Metaspace: 97407K(99072K)->97407K(99072K) NonClass: 84394K(85248K)->84394K(85248K) Class: 13013K(13824K)->13013K(13824K)
[2025-12-25T04:30:14.595+0000][470.235s][info][gc             ] GC(475) Pause Young (Allocation Failure) 206M->129M(278M) 23.363ms
[2025-12-25T04:30:14.595+0000][470.235s][info][gc,cpu         ] GC(475) User=0.00s Sys=0.00s Real=0.03s
[2025-12-25T04:30:14.726+0000][470.366s][info][gc,start       ] GC(476) Pause Young (Allocation Failure)
[2025-12-25T04:30:14.735+0000][470.375s][info][gc,heap        ] GC(476) DefNew: 82637K(88512K)->3285K(88512K) Eden: 78720K(78720K)->0K(78720K) From: 3917K(9792K)->3285K(9792K)
[2025-12-25T04:30:14.735+0000][470.375s][info][gc,heap        ] GC(476) Tenured: 128579K(196608K)->128579K(196608K)
[2025-12-25T04:30:14.735+0000][470.375s][info][gc,metaspace   ] GC(476) Metaspace: 97407K(99072K)->97407K(99072K) NonClass: 84394K(85248K)->84394K(85248K) Class: 13013K(13824K)->13013K(13824K)
[2025-12-25T04:30:14.736+0000][470.376s][info][gc             ] GC(476) Pause Young (Allocation Failure) 206M->128M(278M) 9.721ms
[2025-12-25T04:30:14.736+0000][470.376s][info][gc,cpu         ] GC(476) User=0.01s Sys=0.00s Real=0.01s
[2025-12-25T04:30:14.898+0000][470.538s][info][gc,start       ] GC(477) Pause Young (Allocation Failure)
[2025-12-25T04:30:14.904+0000][470.544s][info][gc,heap        ] GC(477) DefNew: 82005K(88512K)->3957K(88512K) Eden: 78720K(78720K)->0K(78720K) From: 3285K(9792K)->3957K(9792K)
[2025-12-25T04:30:14.904+0000][470.544s][info][gc,heap        ] GC(477) Tenured: 128579K(196608K)->128579K(196608K)
[2025-12-25T04:30:14.904+0000][470.544s][info][gc,metaspace   ] GC(477) Metaspace: 97407K(99072K)->97407K(99072K) NonClass: 84394K(85248K)->84394K(85248K) Class: 13013K(13824K)->13013K(13824K)
[2025-12-25T04:30:14.904+0000][470.544s][info][gc             ] GC(477) Pause Young (Allocation Failure) 205M->129M(278M) 6.297ms
[2025-12-25T04:30:14.904+0000][470.544s][info][gc,cpu         ] GC(477) User=0.00s Sys=0.00s Real=0.00s
[2025-12-25T04:30:15.007+0000][470.647s][info][gc,start       ] GC(478) Pause Young (Allocation Failure)
[2025-12-25T04:30:15.012+0000][470.652s][info][gc,heap        ] GC(478) DefNew: 82677K(88512K)->3535K(88512K) Eden: 78720K(78720K)->0K(78720K) From: 3957K(9792K)->3535K(9792K)
[2025-12-25T04:30:15.012+0000][470.652s][info][gc,heap        ] GC(478) Tenured: 128579K(196608K)->128579K(196608K)
[2025-12-25T04:30:15.015+0000][470.655s][info][gc,metaspace   ] GC(478) Metaspace: 97407K(99072K)->97407K(99072K) NonClass: 84394K(85248K)->84394K(85248K) Class: 13013K(13824K)->13013K(13824K)
[2025-12-25T04:30:15.015+0000][470.655s][info][gc             ] GC(478) Pause Young (Allocation Failure) 206M->129M(278M) 8.251ms
[2025-12-25T04:30:15.016+0000][470.656s][info][gc,cpu         ] GC(478) User=0.00s Sys=0.00s Real=0.01s
[2025-12-25T04:30:15.132+0000][470.772s][info][gc,start       ] GC(479) Pause Young (Allocation Failure)
[2025-12-25T04:30:15.140+0000][470.780s][info][gc,heap        ] GC(479) DefNew: 82255K(88512K)->3858K(88512K) Eden: 78720K(78720K)->0K(78720K) From: 3535K(9792K)->3858K(9792K)
[2025-12-25T04:30:15.141+0000][470.781s][info][gc,heap        ] GC(479) Tenured: 128579K(196608K)->128579K(196608K)
[2025-12-25T04:30:15.142+0000][470.782s][info][gc,metaspace   ] GC(479) Metaspace: 97407K(99072K)->97407K(99072K) NonClass: 84394K(85248K)->84394K(85248K) Class: 13013K(13824K)->13013K(13824K)
[2025-12-25T04:30:15.145+0000][470.785s][info][gc             ] GC(479) Pause Young (Allocation Failure) 205M->129M(278M) 13.227ms
[2025-12-25T04:30:15.145+0000][470.785s][info][gc,cpu         ] GC(479) User=0.01s Sys=0.00s Real=0.02s
[2025-12-25T04:30:15.281+0000][470.921s][info][gc,start       ] GC(480) Pause Young (Allocation Failure)
[2025-12-25T04:30:15.288+0000][470.928s][info][gc,heap        ] GC(480) DefNew: 82578K(88512K)->3757K(88512K) Eden: 78720K(78720K)->0K(78720K) From: 3858K(9792K)->3757K(9792K)
[2025-12-25T04:30:15.288+0000][470.928s][info][gc,heap        ] GC(480) Tenured: 128579K(196608K)->128579K(196608K)
[2025-12-25T04:30:15.289+0000][470.929s][info][gc,metaspace   ] GC(480) Metaspace: 97407K(99072K)->97407K(99072K) NonClass: 84394K(85248K)->84394K(85248K) Class: 13013K(13824K)->13013K(13824K)
[2025-12-25T04:30:15.289+0000][470.929s][info][gc             ] GC(480) Pause Young (Allocation Failure) 206M->129M(278M) 7.438ms
[2025-12-25T04:30:15.289+0000][470.929s][info][gc,cpu         ] GC(480) User=0.00s Sys=0.01s Real=0.01s
[2025-12-25T04:30:15.492+0000][471.132s][info][gc,start       ] GC(481) Pause Young (Allocation Failure)
[2025-12-25T04:30:15.525+0000][471.165s][info][gc,heap        ] GC(481) DefNew: 82477K(88512K)->5152K(88512K) Eden: 78720K(78720K)->0K(78720K) From: 3757K(9792K)->5152K(9792K)
[2025-12-25T04:30:15.527+0000][471.167s][info][gc,heap        ] GC(481) Tenured: 128579K(196608K)->128579K(196608K)
[2025-12-25T04:30:15.528+0000][471.168s][info][gc,metaspace   ] GC(481) Metaspace: 97407K(99072K)->97407K(99072K) NonClass: 84394K(85248K)->84394K(85248K) Class: 13013K(13824K)->13013K(13824K)
[2025-12-25T04:30:15.528+0000][471.168s][info][gc             ] GC(481) Pause Young (Allocation Failure) 206M->130M(278M) 35.396ms
[2025-12-25T04:30:15.530+0000][471.170s][info][gc,cpu         ] GC(481) User=0.01s Sys=0.00s Real=0.04s
[2025-12-25T04:30:15.725+0000][471.365s][info][gc,start       ] GC(482) Pause Young (Allocation Failure)
[2025-12-25T04:30:15.737+0000][471.377s][info][gc,heap        ] GC(482) DefNew: 83872K(88512K)->2686K(88512K) Eden: 78720K(78720K)->0K(78720K) From: 5152K(9792K)->2686K(9792K)
[2025-12-25T04:30:15.737+0000][471.377s][info][gc,heap        ] GC(482) Tenured: 128579K(196608K)->129162K(196608K)
[2025-12-25T04:30:15.739+0000][471.379s][info][gc,metaspace   ] GC(482) Metaspace: 97407K(99072K)->97407K(99072K) NonClass: 84394K(85248K)->84394K(85248K) Class: 13013K(13824K)->13013K(13824K)
[2025-12-25T04:30:15.739+0000][471.379s][info][gc             ] GC(482) Pause Young (Allocation Failure) 207M->128M(278M) 13.692ms
[2025-12-25T04:30:15.740+0000][471.380s][info][gc,cpu         ] GC(482) User=0.01s Sys=0.00s Real=0.01s
[2025-12-25T04:30:15.910+0000][471.550s][info][gc,start       ] GC(483) Pause Young (Allocation Failure)
[2025-12-25T04:30:15.915+0000][471.555s][info][gc,heap        ] GC(483) DefNew: 81406K(88512K)->3587K(88512K) Eden: 78720K(78720K)->0K(78720K) From: 2686K(9792K)->3587K(9792K)
[2025-12-25T04:30:15.916+0000][471.556s][info][gc,heap        ] GC(483) Tenured: 129162K(196608K)->129162K(196608K)
[2025-12-25T04:30:15.918+0000][471.558s][info][gc,metaspace   ] GC(483) Metaspace: 97407K(99072K)->97407K(99072K) NonClass: 84394K(85248K)->84394K(85248K) Class: 13013K(13824K)->13013K(13824K)
[2025-12-25T04:30:15.922+0000][471.562s][info][gc             ] GC(483) Pause Young (Allocation Failure) 205M->129M(278M) 12.529ms
[2025-12-25T04:30:15.923+0000][471.563s][info][gc,cpu         ] GC(483) User=0.00s Sys=0.00s Real=0.01s
[2025-12-25T04:30:16.149+0000][471.789s][info][gc,start       ] GC(484) Pause Young (Allocation Failure)
[2025-12-25T04:30:16.164+0000][471.804s][info][gc,heap        ] GC(484) DefNew: 82307K(88512K)->3863K(88512K) Eden: 78720K(78720K)->0K(78720K) From: 3587K(9792K)->3863K(9792K)
[2025-12-25T04:30:16.165+0000][471.805s][info][gc,heap        ] GC(484) Tenured: 129162K(196608K)->129162K(196608K)
[2025-12-25T04:30:16.166+0000][471.806s][info][gc,metaspace   ] GC(484) Metaspace: 97407K(99072K)->97407K(99072K) NonClass: 84394K(85248K)->84394K(85248K) Class: 13013K(13824K)->13013K(13824K)
[2025-12-25T04:30:16.166+0000][471.806s][info][gc             ] GC(484) Pause Young (Allocation Failure) 206M->129M(278M) 17.541ms
[2025-12-25T04:30:16.167+0000][471.807s][info][gc,cpu         ] GC(484) User=0.01s Sys=0.00s Real=0.02s
[2025-12-25T04:30:16.295+0000][471.935s][info][gc,start       ] GC(485) Pause Young (Allocation Failure)
[2025-12-25T04:30:16.305+0000][471.945s][info][gc,heap        ] GC(485) DefNew: 82583K(88512K)->4136K(88512K) Eden: 78720K(78720K)->0K(78720K) From: 3863K(9792K)->4136K(9792K)
[2025-12-25T04:30:16.305+0000][471.945s][info][gc,heap        ] GC(485) Tenured: 129162K(196608K)->129162K(196608K)
[2025-12-25T04:30:16.306+0000][471.946s][info][gc,metaspace   ] GC(485) Metaspace: 97407K(99072K)->97407K(99072K) NonClass: 84394K(85248K)->84394K(85248K) Class: 13013K(13824K)->13013K(13824K)
[2025-12-25T04:30:16.306+0000][471.946s][info][gc             ] GC(485) Pause Young (Allocation Failure) 206M->130M(278M) 10.838ms
[2025-12-25T04:30:16.306+0000][471.946s][info][gc,cpu         ] GC(485) User=0.01s Sys=0.00s Real=0.01s
[2025-12-25T04:30:16.434+0000][472.074s][info][gc,start       ] GC(486) Pause Young (Allocation Failure)
[2025-12-25T04:30:16.443+0000][472.083s][info][gc,heap        ] GC(486) DefNew: 82856K(88512K)->3756K(88512K) Eden: 78720K(78720K)->0K(78720K) From: 4136K(9792K)->3756K(9792K)
[2025-12-25T04:30:16.443+0000][472.083s][info][gc,heap        ] GC(486) Tenured: 129162K(196608K)->129316K(196608K)
[2025-12-25T04:30:16.443+0000][472.083s][info][gc,metaspace   ] GC(486) Metaspace: 97407K(99072K)->97407K(99072K) NonClass: 84394K(85248K)->84394K(85248K) Class: 13013K(13824K)->13013K(13824K)
[2025-12-25T04:30:16.444+0000][472.084s][info][gc             ] GC(486) Pause Young (Allocation Failure) 207M->129M(278M) 10.005ms
[2025-12-25T04:30:16.444+0000][472.084s][info][gc,cpu         ] GC(486) User=0.00s Sys=0.00s Real=0.02s
[2025-12-25T04:30:16.658+0000][472.298s][info][gc,start       ] GC(487) Pause Young (Allocation Failure)
[2025-12-25T04:30:16.678+0000][472.318s][info][gc,heap        ] GC(487) DefNew: 82476K(88512K)->4549K(88512K) Eden: 78720K(78720K)->0K(78720K) From: 3756K(9792K)->4549K(9792K)
[2025-12-25T04:30:16.679+0000][472.319s][info][gc,heap        ] GC(487) Tenured: 129316K(196608K)->129571K(196608K)
[2025-12-25T04:30:16.680+0000][472.320s][info][gc,metaspace   ] GC(487) Metaspace: 97407K(99072K)->97407K(99072K) NonClass: 84394K(85248K)->84394K(85248K) Class: 13013K(13824K)->13013K(13824K)
[2025-12-25T04:30:16.682+0000][472.322s][info][gc             ] GC(487) Pause Young (Allocation Failure) 206M->130M(278M) 24.042ms
[2025-12-25T04:30:16.685+0000][472.325s][info][gc,cpu         ] GC(487) User=0.01s Sys=0.00s Real=0.02s
[2025-12-25T04:30:16.904+0000][472.544s][info][gc,start       ] GC(488) Pause Young (Allocation Failure)
[2025-12-25T04:30:16.941+0000][472.581s][info][gc,heap        ] GC(488) DefNew: 83269K(88512K)->5755K(88512K) Eden: 78720K(78720K)->0K(78720K) From: 4549K(9792K)->5755K(9792K)
[2025-12-25T04:30:16.942+0000][472.582s][info][gc,heap        ] GC(488) Tenured: 129571K(196608K)->129921K(196608K)
[2025-12-25T04:30:16.942+0000][472.582s][info][gc,metaspace   ] GC(488) Metaspace: 97407K(99072K)->97407K(99072K) NonClass: 84394K(85248K)->84394K(85248K) Class: 13013K(13824K)->13013K(13824K)
[2025-12-25T04:30:16.943+0000][472.583s][info][gc             ] GC(488) Pause Young (Allocation Failure) 207M->132M(278M) 38.458ms
[2025-12-25T04:30:16.944+0000][472.584s][info][gc,cpu         ] GC(488) User=0.02s Sys=0.00s Real=0.04s
[2025-12-25T04:30:17.084+0000][472.724s][info][gc,start       ] GC(489) Pause Young (Allocation Failure)
[2025-12-25T04:30:17.091+0000][472.731s][info][gc,heap        ] GC(489) DefNew: 84475K(88512K)->2667K(88512K) Eden: 78719K(78720K)->0K(78720K) From: 5755K(9792K)->2667K(9792K)
[2025-12-25T04:30:17.092+0000][472.732s][info][gc,heap        ] GC(489) Tenured: 129921K(196608K)->130670K(196608K)
[2025-12-25T04:30:17.092+0000][472.732s][info][gc,metaspace   ] GC(489) Metaspace: 97411K(99072K)->97411K(99072K) NonClass: 84398K(85248K)->84398K(85248K) Class: 13013K(13824K)->13013K(13824K)
[2025-12-25T04:30:17.092+0000][472.732s][info][gc             ] GC(489) Pause Young (Allocation Failure) 209M->130M(278M) 8.756ms
[2025-12-25T04:30:17.093+0000][472.733s][info][gc,cpu         ] GC(489) User=0.01s Sys=0.00s Real=0.01s
[2025-12-25T04:30:17.284+0000][472.924s][info][gc,start       ] GC(490) Pause Young (Allocation Failure)
[2025-12-25T04:30:17.295+0000][472.935s][info][gc,heap        ] GC(490) DefNew: 81387K(88512K)->2715K(88512K) Eden: 78720K(78720K)->0K(78720K) From: 2667K(9792K)->2715K(9792K)
[2025-12-25T04:30:17.297+0000][472.937s][info][gc,heap        ] GC(490) Tenured: 130670K(196608K)->130670K(196608K)
[2025-12-25T04:30:17.297+0000][472.937s][info][gc,metaspace   ] GC(490) Metaspace: 97413K(99072K)->97413K(99072K) NonClass: 84400K(85248K)->84400K(85248K) Class: 13013K(13824K)->13013K(13824K)
[2025-12-25T04:30:17.297+0000][472.937s][info][gc             ] GC(490) Pause Young (Allocation Failure) 207M->130M(278M) 12.934ms
[2025-12-25T04:30:17.297+0000][472.937s][info][gc,cpu         ] GC(490) User=0.02s Sys=0.00s Real=0.02s
[2025-12-25T04:30:17.466+0000][473.106s][info][gc,start       ] GC(491) Pause Young (Allocation Failure)
[2025-12-25T04:30:17.486+0000][473.126s][info][gc,heap        ] GC(491) DefNew: 81435K(88512K)->3180K(88512K) Eden: 78720K(78720K)->0K(78720K) From: 2715K(9792K)->3180K(9792K)
[2025-12-25T04:30:17.486+0000][473.126s][info][gc,heap        ] GC(491) Tenured: 130670K(196608K)->130670K(196608K)
[2025-12-25T04:30:17.487+0000][473.127s][info][gc,metaspace   ] GC(491) Metaspace: 97413K(99072K)->97413K(99072K) NonClass: 84400K(85248K)->84400K(85248K) Class: 13013K(13824K)->13013K(13824K)
[2025-12-25T04:30:17.491+0000][473.131s][info][gc             ] GC(491) Pause Young (Allocation Failure) 207M->130M(278M) 25.272ms
[2025-12-25T04:30:17.491+0000][473.131s][info][gc,cpu         ] GC(491) User=0.01s Sys=0.00s Real=0.02s
[2025-12-25T04:30:17.620+0000][473.260s][info][gc,start       ] GC(492) Pause Young (Allocation Failure)
[2025-12-25T04:30:17.628+0000][473.268s][info][gc,heap        ] GC(492) DefNew: 81900K(88512K)->2623K(88512K) Eden: 78720K(78720K)->0K(78720K) From: 3180K(9792K)->2623K(9792K)
[2025-12-25T04:30:17.632+0000][473.272s][info][gc,heap        ] GC(492) Tenured: 130670K(196608K)->130670K(196608K)
[2025-12-25T04:30:17.639+0000][473.279s][info][gc,metaspace   ] GC(492) Metaspace: 97413K(99072K)->97413K(99072K) NonClass: 84400K(85248K)->84400K(85248K) Class: 13013K(13824K)->13013K(13824K)
[2025-12-25T04:30:17.641+0000][473.281s][info][gc             ] GC(492) Pause Young (Allocation Failure) 207M->130M(278M) 21.014ms
[2025-12-25T04:30:17.641+0000][473.281s][info][gc,cpu         ] GC(492) User=0.00s Sys=0.00s Real=0.02s
[2025-12-25T04:30:17.802+0000][473.442s][info][gc,start       ] GC(493) Pause Young (Allocation Failure)
[2025-12-25T04:30:17.807+0000][473.447s][info][gc,heap        ] GC(493) DefNew: 81343K(88512K)->2154K(88512K) Eden: 78720K(78720K)->0K(78720K) From: 2623K(9792K)->2154K(9792K)
[2025-12-25T04:30:17.807+0000][473.447s][info][gc,heap        ] GC(493) Tenured: 130670K(196608K)->130670K(196608K)
[2025-12-25T04:30:17.808+0000][473.448s][info][gc,metaspace   ] GC(493) Metaspace: 97413K(99072K)->97413K(99072K) NonClass: 84400K(85248K)->84400K(85248K) Class: 13013K(13824K)->13013K(13824K)
[2025-12-25T04:30:17.808+0000][473.448s][info][gc             ] GC(493) Pause Young (Allocation Failure) 207M->129M(278M) 6.709ms
[2025-12-25T04:30:17.809+0000][473.449s][info][gc,cpu         ] GC(493) User=0.01s Sys=0.00s Real=0.01s
[2025-12-25T04:30:18.020+0000][473.660s][info][gc,start       ] GC(494) Pause Young (Allocation Failure)
[2025-12-25T04:30:18.027+0000][473.667s][info][gc,heap        ] GC(494) DefNew: 80874K(88512K)->2917K(88512K) Eden: 78720K(78720K)->0K(78720K) From: 2154K(9792K)->2917K(9792K)
[2025-12-25T04:30:18.028+0000][473.668s][info][gc,heap        ] GC(494) Tenured: 130670K(196608K)->130670K(196608K)
[2025-12-25T04:30:18.028+0000][473.668s][info][gc,metaspace   ] GC(494) Metaspace: 97413K(99072K)->97413K(99072K) NonClass: 84400K(85248K)->84400K(85248K) Class: 13013K(13824K)->13013K(13824K)
[2025-12-25T04:30:18.029+0000][473.669s][info][gc             ] GC(494) Pause Young (Allocation Failure) 206M->130M(278M) 8.894ms
[2025-12-25T04:30:18.029+0000][473.669s][info][gc,cpu         ] GC(494) User=0.01s Sys=0.00s Real=0.01s
[2025-12-25T04:30:18.180+0000][473.820s][info][gc,start       ] GC(495) Pause Young (Allocation Failure)
[2025-12-25T04:30:18.185+0000][473.825s][info][gc,heap        ] GC(495) DefNew: 81637K(88512K)->2761K(88512K) Eden: 78720K(78720K)->0K(78720K) From: 2917K(9792K)->2761K(9792K)
[2025-12-25T04:30:18.185+0000][473.825s][info][gc,heap        ] GC(495) Tenured: 130670K(196608K)->130670K(196608K)
[2025-12-25T04:30:18.186+0000][473.826s][info][gc,metaspace   ] GC(495) Metaspace: 97413K(99072K)->97413K(99072K) NonClass: 84400K(85248K)->84400K(85248K) Class: 13013K(13824K)->13013K(13824K)
[2025-12-25T04:30:18.186+0000][473.826s][info][gc             ] GC(495) Pause Young (Allocation Failure) 207M->130M(278M) 6.164ms
[2025-12-25T04:30:18.186+0000][473.826s][info][gc,cpu         ] GC(495) User=0.01s Sys=0.00s Real=0.01s
[2025-12-25T04:30:18.386+0000][474.026s][info][gc,start       ] GC(496) Pause Young (Allocation Failure)
[2025-12-25T04:30:18.402+0000][474.042s][info][gc,heap        ] GC(496) DefNew: 81481K(88512K)->2867K(88512K) Eden: 78720K(78720K)->0K(78720K) From: 2761K(9792K)->2867K(9792K)
[2025-12-25T04:30:18.403+0000][474.043s][info][gc,heap        ] GC(496) Tenured: 130670K(196608K)->130670K(196608K)
[2025-12-25T04:30:18.403+0000][474.043s][info][gc,metaspace   ] GC(496) Metaspace: 97413K(99072K)->97413K(99072K) NonClass: 84400K(85248K)->84400K(85248K) Class: 13013K(13824K)->13013K(13824K)
[2025-12-25T04:30:18.404+0000][474.044s][info][gc             ] GC(496) Pause Young (Allocation Failure) 207M->130M(278M) 18.487ms
[2025-12-25T04:30:18.405+0000][474.045s][info][gc,cpu         ] GC(496) User=0.00s Sys=0.00s Real=0.02s
[2025-12-25T04:30:18.668+0000][474.308s][info][gc,start       ] GC(497) Pause Young (Allocation Failure)
[2025-12-25T04:30:18.699+0000][474.339s][info][gc,heap        ] GC(497) DefNew: 81587K(88512K)->3345K(88512K) Eden: 78720K(78720K)->0K(78720K) From: 2867K(9792K)->3345K(9792K)
[2025-12-25T04:30:18.703+0000][474.343s][info][gc,heap        ] GC(497) Tenured: 130670K(196608K)->130670K(196608K)
[2025-12-25T04:30:18.705+0000][474.345s][info][gc,metaspace   ] GC(497) Metaspace: 97413K(99072K)->97413K(99072K) NonClass: 84400K(85248K)->84400K(85248K) Class: 13013K(13824K)->13013K(13824K)
[2025-12-25T04:30:18.707+0000][474.347s][info][gc             ] GC(497) Pause Young (Allocation Failure) 207M->130M(278M) 39.007ms
[2025-12-25T04:30:18.707+0000][474.347s][info][gc,cpu         ] GC(497) User=0.02s Sys=0.01s Real=0.04s
[2025-12-25T04:30:19.073+0000][474.713s][info][gc,start       ] GC(498) Pause Young (Allocation Failure)
[2025-12-25T04:30:19.093+0000][474.733s][info][gc,heap        ] GC(498) DefNew: 82065K(88512K)->3027K(88512K) Eden: 78720K(78720K)->0K(78720K) From: 3345K(9792K)->3027K(9792K)
[2025-12-25T04:30:19.095+0000][474.735s][info][gc,heap        ] GC(498) Tenured: 130670K(196608K)->130670K(196608K)
[2025-12-25T04:30:19.095+0000][474.735s][info][gc,metaspace   ] GC(498) Metaspace: 97426K(99072K)->97426K(99072K) NonClass: 84413K(85248K)->84413K(85248K) Class: 13013K(13824K)->13013K(13824K)
[2025-12-25T04:30:19.097+0000][474.737s][info][gc             ] GC(498) Pause Young (Allocation Failure) 207M->130M(278M) 24.515ms
[2025-12-25T04:30:19.098+0000][474.738s][info][gc,cpu         ] GC(498) User=0.01s Sys=0.00s Real=0.03s
[2025-12-25T04:30:19.274+0000][474.914s][info][gc,start       ] GC(499) Pause Young (Allocation Failure)
[2025-12-25T04:30:19.289+0000][474.929s][info][gc,heap        ] GC(499) DefNew: 81747K(88512K)->3626K(88512K) Eden: 78720K(78720K)->0K(78720K) From: 3027K(9792K)->3626K(9792K)
[2025-12-25T04:30:19.291+0000][474.931s][info][gc,heap        ] GC(499) Tenured: 130670K(196608K)->130670K(196608K)
[2025-12-25T04:30:19.292+0000][474.932s][info][gc,metaspace   ] GC(499) Metaspace: 97426K(99072K)->97426K(99072K) NonClass: 84413K(85248K)->84413K(85248K) Class: 13013K(13824K)->13013K(13824K)
[2025-12-25T04:30:19.293+0000][474.933s][info][gc             ] GC(499) Pause Young (Allocation Failure) 207M->131M(278M) 18.938ms
[2025-12-25T04:30:19.293+0000][474.933s][info][gc,cpu         ] GC(499) User=0.01s Sys=0.00s Real=0.02s
[2025-12-25T04:30:19.480+0000][475.120s][info][gc,start       ] GC(500) Pause Young (Allocation Failure)
[2025-12-25T04:30:19.512+0000][475.152s][info][gc,heap        ] GC(500) DefNew: 82346K(88512K)->4069K(88512K) Eden: 78720K(78720K)->0K(78720K) From: 3626K(9792K)->4069K(9792K)
[2025-12-25T04:30:19.516+0000][475.156s][info][gc,heap        ] GC(500) Tenured: 130670K(196608K)->130670K(196608K)
[2025-12-25T04:30:19.516+0000][475.156s][info][gc,metaspace   ] GC(500) Metaspace: 97426K(99072K)->97426K(99072K) NonClass: 84413K(85248K)->84413K(85248K) Class: 13013K(13824K)->13013K(13824K)
[2025-12-25T04:30:19.517+0000][475.157s][info][gc             ] GC(500) Pause Young (Allocation Failure) 208M->131M(278M) 37.190ms
[2025-12-25T04:30:19.518+0000][475.158s][info][gc,cpu         ] GC(500) User=0.01s Sys=0.00s Real=0.04s
[2025-12-25T04:30:19.957+0000][475.597s][info][gc,start       ] GC(501) Pause Young (Allocation Failure)
[2025-12-25T04:30:20.058+0000][475.698s][info][gc,heap        ] GC(501) DefNew: 82789K(88512K)->5000K(88512K) Eden: 78720K(78720K)->0K(78720K) From: 4069K(9792K)->5000K(9792K)
[2025-12-25T04:30:20.060+0000][475.700s][info][gc,heap        ] GC(501) Tenured: 130670K(196608K)->130670K(196608K)
[2025-12-25T04:30:20.064+0000][475.704s][info][gc,metaspace   ] GC(501) Metaspace: 97426K(99072K)->97426K(99072K) NonClass: 84413K(85248K)->84413K(85248K) Class: 13013K(13824K)->13013K(13824K)
[2025-12-25T04:30:20.068+0000][475.708s][info][gc             ] GC(501) Pause Young (Allocation Failure) 208M->132M(278M) 110.675ms
[2025-12-25T04:30:20.068+0000][475.708s][info][gc,cpu         ] GC(501) User=0.01s Sys=0.00s Real=0.11s
[2025-12-25T04:30:20.311+0000][475.951s][info][gc,start       ] GC(502) Pause Young (Allocation Failure)
[2025-12-25T04:30:20.339+0000][475.979s][info][gc,heap        ] GC(502) DefNew: 83720K(88512K)->4523K(88512K) Eden: 78720K(78720K)->0K(78720K) From: 5000K(9792K)->4523K(9792K)
[2025-12-25T04:30:20.339+0000][475.979s][info][gc,heap        ] GC(502) Tenured: 130670K(196608K)->130757K(196608K)
[2025-12-25T04:30:20.340+0000][475.980s][info][gc,metaspace   ] GC(502) Metaspace: 97426K(99072K)->97426K(99072K) NonClass: 84413K(85248K)->84413K(85248K) Class: 13013K(13824K)->13013K(13824K)
[2025-12-25T04:30:20.340+0000][475.980s][info][gc             ] GC(502) Pause Young (Allocation Failure) 209M->132M(278M) 28.935ms
[2025-12-25T04:30:20.343+0000][475.983s][info][gc,cpu         ] GC(502) User=0.01s Sys=0.00s Real=0.03s
[2025-12-25T04:30:20.541+0000][476.181s][info][gc,start       ] GC(503) Pause Young (Allocation Failure)
[2025-12-25T04:30:20.552+0000][476.192s][info][gc,heap        ] GC(503) DefNew: 83243K(88512K)->3959K(88512K) Eden: 78720K(78720K)->0K(78720K) From: 4523K(9792K)->3959K(9792K)
[2025-12-25T04:30:20.553+0000][476.193s][info][gc,heap        ] GC(503) Tenured: 130757K(196608K)->130757K(196608K)
[2025-12-25T04:30:20.555+0000][476.195s][info][gc,metaspace   ] GC(503) Metaspace: 97426K(99072K)->97426K(99072K) NonClass: 84413K(85248K)->84413K(85248K) Class: 13013K(13824K)->13013K(13824K)
[2025-12-25T04:30:20.555+0000][476.195s][info][gc             ] GC(503) Pause Young (Allocation Failure) 208M->131M(278M) 14.440ms
[2025-12-25T04:30:20.560+0000][476.200s][info][gc,cpu         ] GC(503) User=0.01s Sys=0.00s Real=0.02s
[2025-12-25T04:30:20.810+0000][476.450s][info][gc,start       ] GC(504) Pause Young (Allocation Failure)
[2025-12-25T04:30:20.835+0000][476.475s][info][gc,heap        ] GC(504) DefNew: 82679K(88512K)->4387K(88512K) Eden: 78720K(78720K)->0K(78720K) From: 3959K(9792K)->4387K(9792K)
[2025-12-25T04:30:20.836+0000][476.476s][info][gc,heap        ] GC(504) Tenured: 130757K(196608K)->130757K(196608K)
[2025-12-25T04:30:20.836+0000][476.476s][info][gc,metaspace   ] GC(504) Metaspace: 97426K(99072K)->97426K(99072K) NonClass: 84413K(85248K)->84413K(85248K) Class: 13013K(13824K)->13013K(13824K)
[2025-12-25T04:30:20.837+0000][476.477s][info][gc             ] GC(504) Pause Young (Allocation Failure) 208M->131M(278M) 26.938ms
[2025-12-25T04:30:20.837+0000][476.477s][info][gc,cpu         ] GC(504) User=0.01s Sys=0.00s Real=0.03s
[2025-12-25T04:30:21.224+0000][476.864s][info][gc,start       ] GC(505) Pause Young (Allocation Failure)
[2025-12-25T04:30:21.243+0000][476.883s][info][gc,heap        ] GC(505) DefNew: 83107K(88512K)->3270K(88512K) Eden: 78720K(78720K)->0K(78720K) From: 4387K(9792K)->3270K(9792K)
[2025-12-25T04:30:21.244+0000][476.884s][info][gc,heap        ] GC(505) Tenured: 130757K(196608K)->130757K(196608K)
[2025-12-25T04:30:21.246+0000][476.886s][info][gc,metaspace   ] GC(505) Metaspace: 97426K(99072K)->97426K(99072K) NonClass: 84413K(85248K)->84413K(85248K) Class: 13013K(13824K)->13013K(13824K)
[2025-12-25T04:30:21.255+0000][476.895s][info][gc             ] GC(505) Pause Young (Allocation Failure) 208M->130M(278M) 31.197ms
[2025-12-25T04:30:21.259+0000][476.899s][info][gc,cpu         ] GC(505) User=0.02s Sys=0.00s Real=0.04s
[2025-12-25T04:30:21.752+0000][477.392s][info][gc,start       ] GC(506) Pause Young (Allocation Failure)
[2025-12-25T04:30:21.777+0000][477.417s][info][gc,heap        ] GC(506) DefNew: 81990K(88512K)->3953K(88512K) Eden: 78720K(78720K)->0K(78720K) From: 3270K(9792K)->3953K(9792K)
[2025-12-25T04:30:21.779+0000][477.419s][info][gc,heap        ] GC(506) Tenured: 130757K(196608K)->130757K(196608K)
[2025-12-25T04:30:21.781+0000][477.421s][info][gc,metaspace   ] GC(506) Metaspace: 97426K(99072K)->97426K(99072K) NonClass: 84413K(85248K)->84413K(85248K) Class: 13013K(13824K)->13013K(13824K)
[2025-12-25T04:30:21.782+0000][477.422s][info][gc             ] GC(506) Pause Young (Allocation Failure) 207M->131M(278M) 29.815ms
[2025-12-25T04:30:21.782+0000][477.422s][info][gc,cpu         ] GC(506) User=0.01s Sys=0.00s Real=0.03s
[2025-12-25T04:30:21.857+0000][477.497s][info][gc,start       ] GC(507) Pause Young (Allocation Failure)
[2025-12-25T04:30:21.869+0000][477.509s][info][gc,heap        ] GC(507) DefNew: 82673K(88512K)->4713K(88512K) Eden: 78720K(78720K)->0K(78720K) From: 3953K(9792K)->4713K(9792K)
[2025-12-25T04:30:21.875+0000][477.515s][info][gc,heap        ] GC(507) Tenured: 130757K(196608K)->130757K(196608K)
[2025-12-25T04:30:21.876+0000][477.516s][info][gc,metaspace   ] GC(507) Metaspace: 97426K(99072K)->97426K(99072K) NonClass: 84413K(85248K)->84413K(85248K) Class: 13013K(13824K)->13013K(13824K)
[2025-12-25T04:30:21.876+0000][477.516s][info][gc             ] GC(507) Pause Young (Allocation Failure) 208M->132M(278M) 19.586ms
[2025-12-25T04:30:21.877+0000][477.517s][info][gc,cpu         ] GC(507) User=0.01s Sys=0.00s Real=0.02s
[2025-12-25T04:30:22.020+0000][477.660s][info][gc,start       ] GC(508) Pause Young (Allocation Failure)
[2025-12-25T04:30:22.036+0000][477.676s][info][gc,heap        ] GC(508) DefNew: 83433K(88512K)->3293K(88512K) Eden: 78720K(78720K)->0K(78720K) From: 4713K(9792K)->3293K(9792K)
[2025-12-25T04:30:22.038+0000][477.678s][info][gc,heap        ] GC(508) Tenured: 130757K(196608K)->130757K(196608K)
[2025-12-25T04:30:22.038+0000][477.678s][info][gc,metaspace   ] GC(508) Metaspace: 97426K(99072K)->97426K(99072K) NonClass: 84413K(85248K)->84413K(85248K) Class: 13013K(13824K)->13013K(13824K)
[2025-12-25T04:30:22.039+0000][477.679s][info][gc             ] GC(508) Pause Young (Allocation Failure) 209M->130M(278M) 18.884ms
[2025-12-25T04:30:22.040+0000][477.680s][info][gc,cpu         ] GC(508) User=0.01s Sys=0.00s Real=0.02s
[2025-12-25T04:30:22.225+0000][477.865s][info][gc,start       ] GC(509) Pause Young (Allocation Failure)
[2025-12-25T04:30:22.236+0000][477.876s][info][gc,heap        ] GC(509) DefNew: 82013K(88512K)->3799K(88512K) Eden: 78720K(78720K)->0K(78720K) From: 3293K(9792K)->3799K(9792K)
[2025-12-25T04:30:22.238+0000][477.878s][info][gc,heap        ] GC(509) Tenured: 130757K(196608K)->130757K(196608K)
[2025-12-25T04:30:22.239+0000][477.879s][info][gc,metaspace   ] GC(509) Metaspace: 97437K(99072K)->97437K(99072K) NonClass: 84424K(85248K)->84424K(85248K) Class: 13013K(13824K)->13013K(13824K)
[2025-12-25T04:30:22.242+0000][477.882s][info][gc             ] GC(509) Pause Young (Allocation Failure) 207M->131M(278M) 17.193ms
[2025-12-25T04:30:22.247+0000][477.887s][info][gc,cpu         ] GC(509) User=0.00s Sys=0.01s Real=0.02s
[2025-12-25T04:30:22.483+0000][478.123s][info][gc,start       ] GC(510) Pause Young (Allocation Failure)
[2025-12-25T04:30:22.493+0000][478.133s][info][gc,heap        ] GC(510) DefNew: 82519K(88512K)->3806K(88512K) Eden: 78720K(78720K)->0K(78720K) From: 3799K(9792K)->3806K(9792K)
[2025-12-25T04:30:22.493+0000][478.133s][info][gc,heap        ] GC(510) Tenured: 130757K(196608K)->130757K(196608K)
[2025-12-25T04:30:22.493+0000][478.133s][info][gc,metaspace   ] GC(510) Metaspace: 97437K(99072K)->97437K(99072K) NonClass: 84424K(85248K)->84424K(85248K) Class: 13013K(13824K)->13013K(13824K)
[2025-12-25T04:30:22.493+0000][478.133s][info][gc             ] GC(510) Pause Young (Allocation Failure) 208M->131M(278M) 10.828ms
[2025-12-25T04:30:22.494+0000][478.134s][info][gc,cpu         ] GC(510) User=0.01s Sys=0.00s Real=0.01s
[2025-12-25T04:30:22.702+0000][478.342s][info][gc,start       ] GC(511) Pause Young (Allocation Failure)
[2025-12-25T04:30:22.718+0000][478.358s][info][gc,heap        ] GC(511) DefNew: 82526K(88512K)->3001K(88512K) Eden: 78720K(78720K)->0K(78720K) From: 3806K(9792K)->3001K(9792K)
[2025-12-25T04:30:22.719+0000][478.359s][info][gc,heap        ] GC(511) Tenured: 130757K(196608K)->130757K(196608K)
[2025-12-25T04:30:22.719+0000][478.359s][info][gc,metaspace   ] GC(511) Metaspace: 97437K(99072K)->97437K(99072K) NonClass: 84424K(85248K)->84424K(85248K) Class: 13013K(13824K)->13013K(13824K)
[2025-12-25T04:30:22.720+0000][478.360s][info][gc             ] GC(511) Pause Young (Allocation Failure) 208M->130M(278M) 18.081ms
[2025-12-25T04:30:22.720+0000][478.360s][info][gc,cpu         ] GC(511) User=0.00s Sys=0.00s Real=0.02s
[2025-12-25T04:30:22.890+0000][478.530s][info][gc,start       ] GC(512) Pause Young (Allocation Failure)
[2025-12-25T04:30:22.901+0000][478.541s][info][gc,heap        ] GC(512) DefNew: 81721K(88512K)->3231K(88512K) Eden: 78720K(78720K)->0K(78720K) From: 3001K(9792K)->3231K(9792K)
[2025-12-25T04:30:22.902+0000][478.542s][info][gc,heap        ] GC(512) Tenured: 130757K(196608K)->130834K(196608K)
[2025-12-25T04:30:22.905+0000][478.545s][info][gc,metaspace   ] GC(512) Metaspace: 97437K(99072K)->97437K(99072K) NonClass: 84424K(85248K)->84424K(85248K) Class: 13013K(13824K)->13013K(13824K)
[2025-12-25T04:30:22.905+0000][478.545s][info][gc             ] GC(512) Pause Young (Allocation Failure) 207M->130M(278M) 15.053ms
[2025-12-25T04:30:22.906+0000][478.546s][info][gc,cpu         ] GC(512) User=0.01s Sys=0.00s Real=0.02s
[2025-12-25T04:30:23.066+0000][478.706s][info][gc,start       ] GC(513) Pause Young (Allocation Failure)
[2025-12-25T04:30:23.087+0000][478.727s][info][gc,heap        ] GC(513) DefNew: 81951K(88512K)->2382K(88512K) Eden: 78720K(78720K)->0K(78720K) From: 3231K(9792K)->2382K(9792K)
[2025-12-25T04:30:23.088+0000][478.728s][info][gc,heap        ] GC(513) Tenured: 130834K(196608K)->131572K(196608K)
[2025-12-25T04:30:23.088+0000][478.728s][info][gc,metaspace   ] GC(513) Metaspace: 97437K(99072K)->97437K(99072K) NonClass: 84424K(85248K)->84424K(85248K) Class: 13013K(13824K)->13013K(13824K)
[2025-12-25T04:30:23.090+0000][478.730s][info][gc             ] GC(513) Pause Young (Allocation Failure) 207M->130M(278M) 23.236ms
[2025-12-25T04:30:23.090+0000][478.730s][info][gc,cpu         ] GC(513) User=0.01s Sys=0.00s Real=0.02s
[2025-12-25T04:30:23.237+0000][478.877s][info][gc,start       ] GC(514) Pause Young (Allocation Failure)
[2025-12-25T04:30:23.250+0000][478.890s][info][gc,heap        ] GC(514) DefNew: 81102K(88512K)->4439K(88512K) Eden: 78720K(78720K)->0K(78720K) From: 2382K(9792K)->4439K(9792K)
[2025-12-25T04:30:23.251+0000][478.891s][info][gc,heap        ] GC(514) Tenured: 131572K(196608K)->131701K(196608K)
[2025-12-25T04:30:23.251+0000][478.891s][info][gc,metaspace   ] GC(514) Metaspace: 97437K(99072K)->97437K(99072K) NonClass: 84424K(85248K)->84424K(85248K) Class: 13013K(13824K)->13013K(13824K)
[2025-12-25T04:30:23.251+0000][478.891s][info][gc             ] GC(514) Pause Young (Allocation Failure) 207M->132M(278M) 13.871ms
[2025-12-25T04:30:23.252+0000][478.892s][info][gc,cpu         ] GC(514) User=0.00s Sys=0.00s Real=0.01s
[2025-12-25T04:30:23.439+0000][479.079s][info][gc,start       ] GC(515) Pause Young (Allocation Failure)
[2025-12-25T04:30:23.447+0000][479.087s][info][gc,heap        ] GC(515) DefNew: 83159K(88512K)->3946K(88512K) Eden: 78720K(78720K)->0K(78720K) From: 4439K(9792K)->3946K(9792K)
[2025-12-25T04:30:23.447+0000][479.087s][info][gc,heap        ] GC(515) Tenured: 131701K(196608K)->131725K(196608K)
[2025-12-25T04:30:23.448+0000][479.088s][info][gc,metaspace   ] GC(515) Metaspace: 97456K(99136K)->97456K(99136K) NonClass: 84443K(85312K)->84443K(85312K) Class: 13013K(13824K)->13013K(13824K)
[2025-12-25T04:30:23.448+0000][479.088s][info][gc             ] GC(515) Pause Young (Allocation Failure) 209M->132M(278M) 9.394ms
[2025-12-25T04:30:23.452+0000][479.092s][info][gc,cpu         ] GC(515) User=0.01s Sys=0.00s Real=0.01s
[2025-12-25T04:30:23.638+0000][479.278s][info][gc,start       ] GC(516) Pause Young (Allocation Failure)
[2025-12-25T04:30:23.656+0000][479.296s][info][gc,heap        ] GC(516) DefNew: 82666K(88512K)->2328K(88512K) Eden: 78720K(78720K)->0K(78720K) From: 3946K(9792K)->2328K(9792K)
[2025-12-25T04:30:23.659+0000][479.299s][info][gc,heap        ] GC(516) Tenured: 131725K(196608K)->131725K(196608K)
[2025-12-25T04:30:23.659+0000][479.299s][info][gc,metaspace   ] GC(516) Metaspace: 97456K(99136K)->97456K(99136K) NonClass: 84443K(85312K)->84443K(85312K) Class: 13013K(13824K)->13013K(13824K)
[2025-12-25T04:30:23.659+0000][479.299s][info][gc             ] GC(516) Pause Young (Allocation Failure) 209M->130M(278M) 21.272ms
[2025-12-25T04:30:23.660+0000][479.300s][info][gc,cpu         ] GC(516) User=0.01s Sys=0.00s Real=0.02s
[2025-12-25T04:30:23.845+0000][479.485s][info][gc,start       ] GC(517) Pause Young (Allocation Failure)
[2025-12-25T04:30:23.855+0000][479.495s][info][gc,heap        ] GC(517) DefNew: 81048K(88512K)->3602K(88512K) Eden: 78720K(78720K)->0K(78720K) From: 2328K(9792K)->3602K(9792K)
[2025-12-25T04:30:23.856+0000][479.496s][info][gc,heap        ] GC(517) Tenured: 131725K(196608K)->131726K(196608K)
[2025-12-25T04:30:23.858+0000][479.498s][info][gc,metaspace   ] GC(517) Metaspace: 97456K(99136K)->97456K(99136K) NonClass: 84443K(85312K)->84443K(85312K) Class: 13013K(13824K)->13013K(13824K)
[2025-12-25T04:30:23.860+0000][479.500s][info][gc             ] GC(517) Pause Young (Allocation Failure) 207M->132M(278M) 14.969ms
[2025-12-25T04:30:23.860+0000][479.500s][info][gc,cpu         ] GC(517) User=0.01s Sys=0.00s Real=0.01s
[2025-12-25T04:30:23.986+0000][479.626s][info][gc,start       ] GC(518) Pause Young (Allocation Failure)
[2025-12-25T04:30:23.994+0000][479.634s][info][gc,heap        ] GC(518) DefNew: 82322K(88512K)->3141K(88512K) Eden: 78720K(78720K)->0K(78720K) From: 3602K(9792K)->3141K(9792K)
[2025-12-25T04:30:23.997+0000][479.637s][info][gc,heap        ] GC(518) Tenured: 131726K(196608K)->131726K(196608K)
[2025-12-25T04:30:23.997+0000][479.637s][info][gc,metaspace   ] GC(518) Metaspace: 97456K(99136K)->97456K(99136K) NonClass: 84443K(85312K)->84443K(85312K) Class: 13013K(13824K)->13013K(13824K)
[2025-12-25T04:30:23.998+0000][479.638s][info][gc             ] GC(518) Pause Young (Allocation Failure) 209M->131M(278M) 11.908ms
[2025-12-25T04:30:24.000+0000][479.640s][info][gc,cpu         ] GC(518) User=0.01s Sys=0.00s Real=0.01s
[2025-12-25T04:30:24.129+0000][479.769s][info][gc,start       ] GC(519) Pause Young (Allocation Failure)
[2025-12-25T04:30:24.135+0000][479.775s][info][gc,heap        ] GC(519) DefNew: 81861K(88512K)->2744K(88512K) Eden: 78720K(78720K)->0K(78720K) From: 3141K(9792K)->2744K(9792K)
[2025-12-25T04:30:24.135+0000][479.775s][info][gc,heap        ] GC(519) Tenured: 131726K(196608K)->131734K(196608K)
[2025-12-25T04:30:24.136+0000][479.776s][info][gc,metaspace   ] GC(519) Metaspace: 97456K(99136K)->97456K(99136K) NonClass: 84443K(85312K)->84443K(85312K) Class: 13013K(13824K)->13013K(13824K)
[2025-12-25T04:30:24.136+0000][479.776s][info][gc             ] GC(519) Pause Young (Allocation Failure) 208M->131M(278M) 7.205ms
[2025-12-25T04:30:24.136+0000][479.776s][info][gc,cpu         ] GC(519) User=0.00s Sys=0.00s Real=0.01s
[2025-12-25T04:30:24.280+0000][479.920s][info][gc,start       ] GC(520) Pause Young (Allocation Failure)
[2025-12-25T04:30:24.288+0000][479.928s][info][gc,heap        ] GC(520) DefNew: 81464K(88512K)->2530K(88512K) Eden: 78720K(78720K)->0K(78720K) From: 2744K(9792K)->2530K(9792K)
[2025-12-25T04:30:24.288+0000][479.928s][info][gc,heap        ] GC(520) Tenured: 131734K(196608K)->131735K(196608K)
[2025-12-25T04:30:24.288+0000][479.928s][info][gc,metaspace   ] GC(520) Metaspace: 97456K(99136K)->97456K(99136K) NonClass: 84443K(85312K)->84443K(85312K) Class: 13013K(13824K)->13013K(13824K)
[2025-12-25T04:30:24.289+0000][479.929s][info][gc             ] GC(520) Pause Young (Allocation Failure) 208M->131M(278M) 8.639ms
[2025-12-25T04:30:24.289+0000][479.929s][info][gc,cpu         ] GC(520) User=0.00s Sys=0.00s Real=0.01s
[2025-12-25T04:30:24.451+0000][480.091s][info][gc,start       ] GC(521) Pause Young (Allocation Failure)
[2025-12-25T04:30:24.461+0000][480.101s][info][gc,heap        ] GC(521) DefNew: 81250K(88512K)->3846K(88512K) Eden: 78720K(78720K)->0K(78720K) From: 2530K(9792K)->3846K(9792K)
[2025-12-25T04:30:24.462+0000][480.102s][info][gc,heap        ] GC(521) Tenured: 131735K(196608K)->131735K(196608K)
[2025-12-25T04:30:24.463+0000][480.103s][info][gc,metaspace   ] GC(521) Metaspace: 97456K(99136K)->97456K(99136K) NonClass: 84443K(85312K)->84443K(85312K) Class: 13013K(13824K)->13013K(13824K)
[2025-12-25T04:30:24.464+0000][480.104s][info][gc             ] GC(521) Pause Young (Allocation Failure) 207M->132M(278M) 13.188ms
[2025-12-25T04:30:24.465+0000][480.105s][info][gc,cpu         ] GC(521) User=0.01s Sys=0.00s Real=0.02s
[2025-12-25T04:30:24.704+0000][480.344s][info][gc,start       ] GC(522) Pause Young (Allocation Failure)
[2025-12-25T04:30:24.713+0000][480.353s][info][gc,heap        ] GC(522) DefNew: 82566K(88512K)->3786K(88512K) Eden: 78720K(78720K)->0K(78720K) From: 3846K(9792K)->3786K(9792K)
[2025-12-25T04:30:24.713+0000][480.353s][info][gc,heap        ] GC(522) Tenured: 131735K(196608K)->131736K(196608K)
[2025-12-25T04:30:24.714+0000][480.354s][info][gc,metaspace   ] GC(522) Metaspace: 97458K(99136K)->97458K(99136K) NonClass: 84445K(85312K)->84445K(85312K) Class: 13013K(13824K)->13013K(13824K)
[2025-12-25T04:30:24.714+0000][480.354s][info][gc             ] GC(522) Pause Young (Allocation Failure) 209M->132M(278M) 9.978ms
[2025-12-25T04:30:24.714+0000][480.354s][info][gc,cpu         ] GC(522) User=0.00s Sys=0.00s Real=0.02s
[2025-12-25T04:30:24.885+0000][480.525s][info][gc,start       ] GC(523) Pause Young (Allocation Failure)
[2025-12-25T04:30:24.899+0000][480.539s][info][gc,heap        ] GC(523) DefNew: 82506K(88512K)->3498K(88512K) Eden: 78720K(78720K)->0K(78720K) From: 3786K(9792K)->3498K(9792K)
[2025-12-25T04:30:24.899+0000][480.539s][info][gc,heap        ] GC(523) Tenured: 131736K(196608K)->131736K(196608K)
[2025-12-25T04:30:24.899+0000][480.539s][info][gc,metaspace   ] GC(523) Metaspace: 97463K(99136K)->97463K(99136K) NonClass: 84450K(85312K)->84450K(85312K) Class: 13013K(13824K)->13013K(13824K)
[2025-12-25T04:30:24.900+0000][480.540s][info][gc             ] GC(523) Pause Young (Allocation Failure) 209M->132M(278M) 15.017ms
[2025-12-25T04:30:24.900+0000][480.540s][info][gc,cpu         ] GC(523) User=0.01s Sys=0.00s Real=0.01s
[2025-12-25T04:30:25.054+0000][480.694s][info][gc,start       ] GC(524) Pause Young (Allocation Failure)
[2025-12-25T04:30:25.060+0000][480.700s][info][gc,heap        ] GC(524) DefNew: 82218K(88512K)->3577K(88512K) Eden: 78720K(78720K)->0K(78720K) From: 3498K(9792K)->3577K(9792K)
[2025-12-25T04:30:25.061+0000][480.701s][info][gc,heap        ] GC(524) Tenured: 131736K(196608K)->131745K(196608K)
[2025-12-25T04:30:25.061+0000][480.701s][info][gc,metaspace   ] GC(524) Metaspace: 97464K(99136K)->97464K(99136K) NonClass: 84451K(85312K)->84451K(85312K) Class: 13013K(13824K)->13013K(13824K)
[2025-12-25T04:30:25.062+0000][480.702s][info][gc             ] GC(524) Pause Young (Allocation Failure) 208M->132M(278M) 7.337ms
[2025-12-25T04:30:25.062+0000][480.702s][info][gc,cpu         ] GC(524) User=0.01s Sys=0.00s Real=0.01s
[2025-12-25T04:30:25.220+0000][480.860s][info][gc,start       ] GC(525) Pause Young (Allocation Failure)
[2025-12-25T04:30:25.231+0000][480.871s][info][gc,heap        ] GC(525) DefNew: 82297K(88512K)->3905K(88512K) Eden: 78720K(78720K)->0K(78720K) From: 3577K(9792K)->3905K(9792K)
[2025-12-25T04:30:25.232+0000][480.872s][info][gc,heap        ] GC(525) Tenured: 131745K(196608K)->131745K(196608K)
[2025-12-25T04:30:25.234+0000][480.874s][info][gc,metaspace   ] GC(525) Metaspace: 97464K(99136K)->97464K(99136K) NonClass: 84451K(85312K)->84451K(85312K) Class: 13013K(13824K)->13013K(13824K)
[2025-12-25T04:30:25.235+0000][480.875s][info][gc             ] GC(525) Pause Young (Allocation Failure) 209M->132M(278M) 14.803ms
[2025-12-25T04:30:25.235+0000][480.875s][info][gc,cpu         ] GC(525) User=0.01s Sys=0.00s Real=0.02s
[2025-12-25T04:30:25.369+0000][481.009s][info][gc,start       ] GC(526) Pause Young (Allocation Failure)
[2025-12-25T04:30:25.376+0000][481.016s][info][gc,heap        ] GC(526) DefNew: 82625K(88512K)->4662K(88512K) Eden: 78720K(78720K)->0K(78720K) From: 3905K(9792K)->4662K(9792K)
[2025-12-25T04:30:25.377+0000][481.017s][info][gc,heap        ] GC(526) Tenured: 131745K(196608K)->131746K(196608K)
[2025-12-25T04:30:25.377+0000][481.017s][info][gc,metaspace   ] GC(526) Metaspace: 97469K(99136K)->97469K(99136K) NonClass: 84456K(85312K)->84456K(85312K) Class: 13013K(13824K)->13013K(13824K)
[2025-12-25T04:30:25.377+0000][481.017s][info][gc             ] GC(526) Pause Young (Allocation Failure) 209M->133M(278M) 7.601ms
[2025-12-25T04:30:25.377+0000][481.017s][info][gc,cpu         ] GC(526) User=0.01s Sys=0.00s Real=0.01s
[2025-12-25T04:30:25.528+0000][481.168s][info][gc,start       ] GC(527) Pause Young (Allocation Failure)
[2025-12-25T04:30:25.548+0000][481.188s][info][gc,heap        ] GC(527) DefNew: 83382K(88512K)->4099K(88512K) Eden: 78720K(78720K)->0K(78720K) From: 4662K(9792K)->4099K(9792K)
[2025-12-25T04:30:25.549+0000][481.189s][info][gc,heap        ] GC(527) Tenured: 131746K(196608K)->131798K(196608K)
[2025-12-25T04:30:25.551+0000][481.191s][info][gc,metaspace   ] GC(527) Metaspace: 97469K(99136K)->97469K(99136K) NonClass: 84456K(85312K)->84456K(85312K) Class: 13013K(13824K)->13013K(13824K)
[2025-12-25T04:30:25.552+0000][481.192s][info][gc             ] GC(527) Pause Young (Allocation Failure) 210M->132M(278M) 23.621ms
[2025-12-25T04:30:25.552+0000][481.192s][info][gc,cpu         ] GC(527) User=0.00s Sys=0.00s Real=0.02s
[2025-12-25T04:30:25.838+0000][481.478s][info][gc,start       ] GC(528) Pause Young (Allocation Failure)
[2025-12-25T04:30:25.888+0000][481.528s][info][gc,heap        ] GC(528) DefNew: 82819K(88512K)->3687K(88512K) Eden: 78720K(78720K)->0K(78720K) From: 4099K(9792K)->3687K(9792K)
[2025-12-25T04:30:25.892+0000][481.532s][info][gc,heap        ] GC(528) Tenured: 131798K(196608K)->131859K(196608K)
[2025-12-25T04:30:25.895+0000][481.534s][info][gc,metaspace   ] GC(528) Metaspace: 97469K(99136K)->97469K(99136K) NonClass: 84456K(85312K)->84456K(85312K) Class: 13013K(13824K)->13013K(13824K)
[2025-12-25T04:30:25.900+0000][481.540s][info][gc             ] GC(528) Pause Young (Allocation Failure) 209M->132M(278M) 61.968ms
[2025-12-25T04:30:25.901+0000][481.541s][info][gc,cpu         ] GC(528) User=0.01s Sys=0.00s Real=0.06s
[2025-12-25T04:30:26.124+0000][481.764s][info][gc,start       ] GC(529) Pause Young (Allocation Failure)
[2025-12-25T04:30:26.139+0000][481.779s][info][gc,heap        ] GC(529) DefNew: 82407K(88512K)->3991K(88512K) Eden: 78720K(78720K)->0K(78720K) From: 3687K(9792K)->3991K(9792K)
[2025-12-25T04:30:26.144+0000][481.784s][info][gc,heap        ] GC(529) Tenured: 131859K(196608K)->131859K(196608K)
[2025-12-25T04:30:26.146+0000][481.786s][info][gc,metaspace   ] GC(529) Metaspace: 97469K(99136K)->97469K(99136K) NonClass: 84456K(85312K)->84456K(85312K) Class: 13013K(13824K)->13013K(13824K)
[2025-12-25T04:30:26.151+0000][481.791s][info][gc             ] GC(529) Pause Young (Allocation Failure) 209M->132M(278M) 27.486ms
[2025-12-25T04:30:26.153+0000][481.793s][info][gc,cpu         ] GC(529) User=0.01s Sys=0.01s Real=0.03s
[2025-12-25T04:30:26.271+0000][481.910s][info][gc,start       ] GC(530) Pause Young (Allocation Failure)
[2025-12-25T04:30:26.278+0000][481.918s][info][gc,heap        ] GC(530) DefNew: 82711K(88512K)->3658K(88512K) Eden: 78720K(78720K)->0K(78720K) From: 3991K(9792K)->3658K(9792K)
[2025-12-25T04:30:26.278+0000][481.918s][info][gc,heap        ] GC(530) Tenured: 131859K(196608K)->131875K(196608K)
[2025-12-25T04:30:26.278+0000][481.918s][info][gc,metaspace   ] GC(530) Metaspace: 97469K(99136K)->97469K(99136K) NonClass: 84456K(85312K)->84456K(85312K) Class: 13013K(13824K)->13013K(13824K)
[2025-12-25T04:30:26.279+0000][481.918s][info][gc             ] GC(530) Pause Young (Allocation Failure) 209M->132M(278M) 8.003ms
[2025-12-25T04:30:26.279+0000][481.919s][info][gc,cpu         ] GC(530) User=0.01s Sys=0.00s Real=0.01s
[2025-12-25T04:30:26.308+0000][481.948s][info][gc,start       ] GC(531) Pause Young (Allocation Failure)
[2025-12-25T04:30:26.314+0000][481.954s][info][gc,heap        ] GC(531) DefNew: 82378K(88512K)->4139K(88512K) Eden: 78720K(78720K)->0K(78720K) From: 3658K(9792K)->4139K(9792K)
[2025-12-25T04:30:26.314+0000][481.954s][info][gc,heap        ] GC(531) Tenured: 131875K(196608K)->132210K(196608K)
[2025-12-25T04:30:26.314+0000][481.954s][info][gc,metaspace   ] GC(531) Metaspace: 97469K(99136K)->97469K(99136K) NonClass: 84456K(85312K)->84456K(85312K) Class: 13013K(13824K)->13013K(13824K)
[2025-12-25T04:30:26.315+0000][481.955s][info][gc             ] GC(531) Pause Young (Allocation Failure) 209M->133M(278M) 6.774ms
[2025-12-25T04:30:26.315+0000][481.955s][info][gc,cpu         ] GC(531) User=0.01s Sys=0.00s Real=0.01s
[2025-12-25T04:30:26.744+0000][482.384s][info][gc,start       ] GC(532) Pause Young (Allocation Failure)
[2025-12-25T04:30:26.826+0000][482.466s][info][gc,heap        ] GC(532) DefNew: 82859K(88512K)->4987K(88512K) Eden: 78720K(78720K)->0K(78720K) From: 4139K(9792K)->4987K(9792K)
[2025-12-25T04:30:26.827+0000][482.467s][info][gc,heap        ] GC(532) Tenured: 132210K(196608K)->132290K(196608K)
[2025-12-25T04:30:26.827+0000][482.467s][info][gc,metaspace   ] GC(532) Metaspace: 97470K(99136K)->97470K(99136K) NonClass: 84457K(85312K)->84457K(85312K) Class: 13013K(13824K)->13013K(13824K)
[2025-12-25T04:30:26.828+0000][482.468s][info][gc             ] GC(532) Pause Young (Allocation Failure) 210M->134M(278M) 84.021ms
[2025-12-25T04:30:26.830+0000][482.470s][info][gc,cpu         ] GC(532) User=0.06s Sys=0.00s Real=0.09s
[2025-12-25T04:30:27.055+0000][482.695s][info][gc,start       ] GC(533) Pause Young (Allocation Failure)
[2025-12-25T04:30:27.082+0000][482.722s][info][gc,heap        ] GC(533) DefNew: 83664K(88512K)->5499K(88512K) Eden: 78677K(78720K)->0K(78720K) From: 4987K(9792K)->5499K(9792K)
[2025-12-25T04:30:27.089+0000][482.729s][info][gc,heap        ] GC(533) Tenured: 132290K(196608K)->132469K(196608K)
[2025-12-25T04:30:27.090+0000][482.730s][info][gc,metaspace   ] GC(533) Metaspace: 97470K(99136K)->97470K(99136K) NonClass: 84457K(85312K)->84457K(85312K) Class: 13013K(13824K)->13013K(13824K)
[2025-12-25T04:30:27.090+0000][482.730s][info][gc             ] GC(533) Pause Young (Allocation Failure) 210M->134M(278M) 34.881ms
[2025-12-25T04:30:27.091+0000][482.731s][info][gc,cpu         ] GC(533) User=0.02s Sys=0.00s Real=0.03s
[2025-12-25T04:30:27.289+0000][482.929s][info][gc,start       ] GC(534) Pause Young (Allocation Failure)
[2025-12-25T04:30:27.303+0000][482.943s][info][gc,heap        ] GC(534) DefNew: 84219K(88512K)->3660K(88512K) Eden: 78720K(78720K)->0K(78720K) From: 5499K(9792K)->3660K(9792K)
[2025-12-25T04:30:27.306+0000][482.946s][info][gc,heap        ] GC(534) Tenured: 132469K(196608K)->133387K(196608K)
[2025-12-25T04:30:27.306+0000][482.946s][info][gc,metaspace   ] GC(534) Metaspace: 97472K(99136K)->97472K(99136K) NonClass: 84459K(85312K)->84459K(85312K) Class: 13013K(13824K)->13013K(13824K)
[2025-12-25T04:30:27.309+0000][482.949s][info][gc             ] GC(534) Pause Young (Allocation Failure) 211M->133M(278M) 19.990ms
[2025-12-25T04:30:27.310+0000][482.950s][info][gc,cpu         ] GC(534) User=0.01s Sys=0.00s Real=0.02s
[2025-12-25T04:30:27.503+0000][483.143s][info][gc,start       ] GC(535) Pause Young (Allocation Failure)
[2025-12-25T04:30:27.523+0000][483.163s][info][gc,heap        ] GC(535) DefNew: 82380K(88512K)->3442K(88512K) Eden: 78720K(78720K)->0K(78720K) From: 3660K(9792K)->3442K(9792K)
[2025-12-25T04:30:27.525+0000][483.165s][info][gc,heap        ] GC(535) Tenured: 133387K(196608K)->133387K(196608K)
[2025-12-25T04:30:27.525+0000][483.165s][info][gc,metaspace   ] GC(535) Metaspace: 97472K(99136K)->97472K(99136K) NonClass: 84459K(85312K)->84459K(85312K) Class: 13013K(13824K)->13013K(13824K)
[2025-12-25T04:30:27.525+0000][483.165s][info][gc             ] GC(535) Pause Young (Allocation Failure) 210M->133M(278M) 21.633ms
[2025-12-25T04:30:27.525+0000][483.165s][info][gc,cpu         ] GC(535) User=0.01s Sys=0.00s Real=0.03s
[2025-12-25T04:30:27.763+0000][483.403s][info][gc,start       ] GC(536) Pause Young (Allocation Failure)
[2025-12-25T04:30:27.774+0000][483.414s][info][gc,heap        ] GC(536) DefNew: 82162K(88512K)->4881K(88512K) Eden: 78720K(78720K)->0K(78720K) From: 3442K(9792K)->4881K(9792K)
[2025-12-25T04:30:27.774+0000][483.414s][info][gc,heap        ] GC(536) Tenured: 133387K(196608K)->133387K(196608K)
[2025-12-25T04:30:27.775+0000][483.415s][info][gc,metaspace   ] GC(536) Metaspace: 97472K(99136K)->97472K(99136K) NonClass: 84459K(85312K)->84459K(85312K) Class: 13013K(13824K)->13013K(13824K)
[2025-12-25T04:30:27.775+0000][483.415s][info][gc             ] GC(536) Pause Young (Allocation Failure) 210M->135M(278M) 11.938ms
[2025-12-25T04:30:27.776+0000][483.416s][info][gc,cpu         ] GC(536) User=0.00s Sys=0.00s Real=0.02s
[2025-12-25T04:30:27.898+0000][483.538s][info][gc,start       ] GC(537) Pause Young (Allocation Failure)
[2025-12-25T04:30:27.905+0000][483.545s][info][gc,heap        ] GC(537) DefNew: 83601K(88512K)->3655K(88512K) Eden: 78720K(78720K)->0K(78720K) From: 4881K(9792K)->3655K(9792K)
[2025-12-25T04:30:27.907+0000][483.547s][info][gc,heap        ] GC(537) Tenured: 133387K(196608K)->133387K(196608K)
[2025-12-25T04:30:27.909+0000][483.549s][info][gc,metaspace   ] GC(537) Metaspace: 97472K(99136K)->97472K(99136K) NonClass: 84459K(85312K)->84459K(85312K) Class: 13013K(13824K)->13013K(13824K)
[2025-12-25T04:30:27.910+0000][483.550s][info][gc             ] GC(537) Pause Young (Allocation Failure) 211M->133M(278M) 12.326ms
[2025-12-25T04:30:27.911+0000][483.551s][info][gc,cpu         ] GC(537) User=0.01s Sys=0.00s Real=0.01s
[2025-12-25T04:30:28.045+0000][483.685s][info][gc,start       ] GC(538) Pause Young (Allocation Failure)
[2025-12-25T04:30:28.066+0000][483.706s][info][gc,heap        ] GC(538) DefNew: 82375K(88512K)->4134K(88512K) Eden: 78720K(78720K)->0K(78720K) From: 3655K(9792K)->4134K(9792K)
[2025-12-25T04:30:28.067+0000][483.707s][info][gc,heap        ] GC(538) Tenured: 133387K(196608K)->133387K(196608K)
[2025-12-25T04:30:28.068+0000][483.708s][info][gc,metaspace   ] GC(538) Metaspace: 97472K(99136K)->97472K(99136K) NonClass: 84459K(85312K)->84459K(85312K) Class: 13013K(13824K)->13013K(13824K)
[2025-12-25T04:30:28.069+0000][483.709s][info][gc             ] GC(538) Pause Young (Allocation Failure) 210M->134M(278M) 24.154ms
[2025-12-25T04:30:28.069+0000][483.709s][info][gc,cpu         ] GC(538) User=0.01s Sys=0.00s Real=0.02s
[2025-12-25T04:30:28.232+0000][483.872s][info][gc,start       ] GC(539) Pause Young (Allocation Failure)
[2025-12-25T04:30:28.239+0000][483.879s][info][gc,heap        ] GC(539) DefNew: 82854K(88512K)->3827K(88512K) Eden: 78719K(78720K)->0K(78720K) From: 4134K(9792K)->3827K(9792K)
[2025-12-25T04:30:28.240+0000][483.880s][info][gc,heap        ] GC(539) Tenured: 133387K(196608K)->133387K(196608K)
[2025-12-25T04:30:28.240+0000][483.880s][info][gc,metaspace   ] GC(539) Metaspace: 97472K(99136K)->97472K(99136K) NonClass: 84459K(85312K)->84459K(85312K) Class: 13013K(13824K)->13013K(13824K)
[2025-12-25T04:30:28.241+0000][483.881s][info][gc             ] GC(539) Pause Young (Allocation Failure) 211M->133M(278M) 8.083ms
[2025-12-25T04:30:28.242+0000][483.882s][info][gc,cpu         ] GC(539) User=0.01s Sys=0.00s Real=0.01s
[2025-12-25T04:30:28.416+0000][484.056s][info][gc,start       ] GC(540) Pause Young (Allocation Failure)
[2025-12-25T04:30:28.423+0000][484.063s][info][gc,heap        ] GC(540) DefNew: 82547K(88512K)->4242K(88512K) Eden: 78720K(78720K)->0K(78720K) From: 3827K(9792K)->4242K(9792K)
[2025-12-25T04:30:28.423+0000][484.063s][info][gc,heap        ] GC(540) Tenured: 133387K(196608K)->133387K(196608K)
[2025-12-25T04:30:28.423+0000][484.063s][info][gc,metaspace   ] GC(540) Metaspace: 97472K(99136K)->97472K(99136K) NonClass: 84459K(85312K)->84459K(85312K) Class: 13013K(13824K)->13013K(13824K)
[2025-12-25T04:30:28.426+0000][484.066s][info][gc             ] GC(540) Pause Young (Allocation Failure) 210M->134M(278M) 10.247ms
[2025-12-25T04:30:28.427+0000][484.067s][info][gc,cpu         ] GC(540) User=0.00s Sys=0.00s Real=0.01s
[2025-12-25T04:30:28.612+0000][484.252s][info][gc,start       ] GC(541) Pause Young (Allocation Failure)
[2025-12-25T04:30:28.618+0000][484.258s][info][gc,heap        ] GC(541) DefNew: 82956K(88512K)->3639K(88512K) Eden: 78713K(78720K)->0K(78720K) From: 4242K(9792K)->3639K(9792K)
[2025-12-25T04:30:28.623+0000][484.263s][info][gc,heap        ] GC(541) Tenured: 133387K(196608K)->133387K(196608K)
[2025-12-25T04:30:28.624+0000][484.264s][info][gc,metaspace   ] GC(541) Metaspace: 97472K(99136K)->97472K(99136K) NonClass: 84459K(85312K)->84459K(85312K) Class: 13013K(13824K)->13013K(13824K)
[2025-12-25T04:30:28.625+0000][484.265s][info][gc             ] GC(541) Pause Young (Allocation Failure) 211M->133M(278M) 12.804ms
[2025-12-25T04:30:28.626+0000][484.266s][info][gc,cpu         ] GC(541) User=0.01s Sys=0.00s Real=0.02s
[2025-12-25T04:30:28.787+0000][484.427s][info][gc,start       ] GC(542) Pause Young (Allocation Failure)
[2025-12-25T04:30:28.803+0000][484.443s][info][gc,heap        ] GC(542) DefNew: 82356K(88512K)->3785K(88512K) Eden: 78716K(78720K)->0K(78720K) From: 3639K(9792K)->3785K(9792K)
[2025-12-25T04:30:28.804+0000][484.444s][info][gc,heap        ] GC(542) Tenured: 133387K(196608K)->133387K(196608K)
[2025-12-25T04:30:28.804+0000][484.444s][info][gc,metaspace   ] GC(542) Metaspace: 97472K(99136K)->97472K(99136K) NonClass: 84459K(85312K)->84459K(85312K) Class: 13013K(13824K)->13013K(13824K)
[2025-12-25T04:30:28.804+0000][484.444s][info][gc             ] GC(542) Pause Young (Allocation Failure) 210M->133M(278M) 17.066ms
[2025-12-25T04:30:28.806+0000][484.446s][info][gc,cpu         ] GC(542) User=0.01s Sys=0.00s Real=0.02s
[2025-12-25T04:30:28.954+0000][484.594s][info][gc,start       ] GC(543) Pause Young (Allocation Failure)
[2025-12-25T04:30:28.972+0000][484.612s][info][gc,heap        ] GC(543) DefNew: 82505K(88512K)->3814K(88512K) Eden: 78720K(78720K)->0K(78720K) From: 3785K(9792K)->3814K(9792K)
[2025-12-25T04:30:28.985+0000][484.625s][info][gc,heap        ] GC(543) Tenured: 133387K(196608K)->133519K(196608K)
[2025-12-25T04:30:28.987+0000][484.627s][info][gc,metaspace   ] GC(543) Metaspace: 97472K(99136K)->97472K(99136K) NonClass: 84459K(85312K)->84459K(85312K) Class: 13013K(13824K)->13013K(13824K)
[2025-12-25T04:30:28.988+0000][484.628s][info][gc             ] GC(543) Pause Young (Allocation Failure) 210M->134M(278M) 34.167ms
[2025-12-25T04:30:28.989+0000][484.629s][info][gc,cpu         ] GC(543) User=0.01s Sys=0.00s Real=0.04s
[2025-12-25T04:30:29.226+0000][484.866s][info][gc,start       ] GC(544) Pause Young (Allocation Failure)
[2025-12-25T04:30:29.242+0000][484.882s][info][gc,heap        ] GC(544) DefNew: 82534K(88512K)->3136K(88512K) Eden: 78720K(78720K)->0K(78720K) From: 3814K(9792K)->3136K(9792K)
[2025-12-25T04:30:29.246+0000][484.886s][info][gc,heap        ] GC(544) Tenured: 133519K(196608K)->133721K(196608K)
[2025-12-25T04:30:29.247+0000][484.887s][info][gc,metaspace   ] GC(544) Metaspace: 97472K(99136K)->97472K(99136K) NonClass: 84459K(85312K)->84459K(85312K) Class: 13013K(13824K)->13013K(13824K)
[2025-12-25T04:30:29.251+0000][484.891s][info][gc             ] GC(544) Pause Young (Allocation Failure) 210M->133M(278M) 24.972ms
[2025-12-25T04:30:29.251+0000][484.891s][info][gc,cpu         ] GC(544) User=0.01s Sys=0.00s Real=0.02s
[2025-12-25T04:30:29.443+0000][485.083s][info][gc,start       ] GC(545) Pause Young (Allocation Failure)
[2025-12-25T04:30:29.459+0000][485.099s][info][gc,heap        ] GC(545) DefNew: 81856K(88512K)->4732K(88512K) Eden: 78720K(78720K)->0K(78720K) From: 3136K(9792K)->4732K(9792K)
[2025-12-25T04:30:29.459+0000][485.099s][info][gc,heap        ] GC(545) Tenured: 133721K(196608K)->133728K(196608K)
[2025-12-25T04:30:29.459+0000][485.099s][info][gc,metaspace   ] GC(545) Metaspace: 97472K(99136K)->97472K(99136K) NonClass: 84459K(85312K)->84459K(85312K) Class: 13013K(13824K)->13013K(13824K)
[2025-12-25T04:30:29.459+0000][485.099s][info][gc             ] GC(545) Pause Young (Allocation Failure) 210M->135M(278M) 16.458ms
[2025-12-25T04:30:29.460+0000][485.100s][info][gc,cpu         ] GC(545) User=0.01s Sys=0.00s Real=0.02s
[2025-12-25T04:30:29.729+0000][485.369s][info][gc,start       ] GC(546) Pause Young (Allocation Failure)
[2025-12-25T04:30:29.854+0000][485.494s][info][gc,heap        ] GC(546) DefNew: 83452K(88512K)->4383K(88512K) Eden: 78720K(78720K)->0K(78720K) From: 4732K(9792K)->4383K(9792K)
[2025-12-25T04:30:29.855+0000][485.495s][info][gc,heap        ] GC(546) Tenured: 133728K(196608K)->133728K(196608K)
[2025-12-25T04:30:29.857+0000][485.497s][info][gc,metaspace   ] GC(546) Metaspace: 97472K(99136K)->97472K(99136K) NonClass: 84459K(85312K)->84459K(85312K) Class: 13013K(13824K)->13013K(13824K)
[2025-12-25T04:30:29.858+0000][485.498s][info][gc             ] GC(546) Pause Young (Allocation Failure) 212M->134M(278M) 129.361ms
[2025-12-25T04:30:29.858+0000][485.498s][info][gc,cpu         ] GC(546) User=0.01s Sys=0.00s Real=0.13s
[2025-12-25T04:30:30.129+0000][485.769s][info][gc,start       ] GC(547) Pause Young (Allocation Failure)
[2025-12-25T04:30:30.137+0000][485.777s][info][gc,heap        ] GC(547) DefNew: 83103K(88512K)->3141K(88512K) Eden: 78720K(78720K)->0K(78720K) From: 4383K(9792K)->3141K(9792K)
[2025-12-25T04:30:30.138+0000][485.778s][info][gc,heap        ] GC(547) Tenured: 133728K(196608K)->134086K(196608K)
[2025-12-25T04:30:30.138+0000][485.778s][info][gc,metaspace   ] GC(547) Metaspace: 97472K(99136K)->97472K(99136K) NonClass: 84459K(85312K)->84459K(85312K) Class: 13013K(13824K)->13013K(13824K)
[2025-12-25T04:30:30.139+0000][485.779s][info][gc             ] GC(547) Pause Young (Allocation Failure) 211M->134M(278M) 9.625ms
[2025-12-25T04:30:30.139+0000][485.779s][info][gc,cpu         ] GC(547) User=0.00s Sys=0.00s Real=0.01s
[2025-12-25T04:30:30.329+0000][485.969s][info][gc,start       ] GC(548) Pause Young (Allocation Failure)
[2025-12-25T04:30:30.356+0000][485.996s][info][gc,heap        ] GC(548) DefNew: 81861K(88512K)->2307K(88512K) Eden: 78720K(78720K)->0K(78720K) From: 3141K(9792K)->2307K(9792K)
[2025-12-25T04:30:30.357+0000][485.997s][info][gc,heap        ] GC(548) Tenured: 134086K(196608K)->134749K(196608K)
[2025-12-25T04:30:30.357+0000][485.997s][info][gc,metaspace   ] GC(548) Metaspace: 97472K(99136K)->97472K(99136K) NonClass: 84459K(85312K)->84459K(85312K) Class: 13013K(13824K)->13013K(13824K)
[2025-12-25T04:30:30.358+0000][485.998s][info][gc             ] GC(548) Pause Young (Allocation Failure) 210M->133M(278M) 28.367ms
[2025-12-25T04:30:30.358+0000][485.998s][info][gc,cpu         ] GC(548) User=0.02s Sys=0.01s Real=0.03s
[2025-12-25T04:30:30.565+0000][486.205s][info][gc,start       ] GC(549) Pause Young (Allocation Failure)
[2025-12-25T04:30:30.573+0000][486.213s][info][gc,heap        ] GC(549) DefNew: 81027K(88512K)->3337K(88512K) Eden: 78720K(78720K)->0K(78720K) From: 2307K(9792K)->3337K(9792K)
[2025-12-25T04:30:30.581+0000][486.221s][info][gc,heap        ] GC(549) Tenured: 134749K(196608K)->134759K(196608K)
[2025-12-25T04:30:30.585+0000][486.225s][info][gc,metaspace   ] GC(549) Metaspace: 97472K(99136K)->97472K(99136K) NonClass: 84459K(85312K)->84459K(85312K) Class: 13013K(13824K)->13013K(13824K)
[2025-12-25T04:30:30.586+0000][486.226s][info][gc             ] GC(549) Pause Young (Allocation Failure) 210M->134M(278M) 21.009ms
[2025-12-25T04:30:30.586+0000][486.226s][info][gc,cpu         ] GC(549) User=0.01s Sys=0.00s Real=0.02s
[2025-12-25T04:30:30.731+0000][486.371s][info][gc,start       ] GC(550) Pause Young (Allocation Failure)
[2025-12-25T04:30:30.740+0000][486.380s][info][gc,heap        ] GC(550) DefNew: 82057K(88512K)->3038K(88512K) Eden: 78720K(78720K)->0K(78720K) From: 3337K(9792K)->3038K(9792K)
[2025-12-25T04:30:30.741+0000][486.381s][info][gc,heap        ] GC(550) Tenured: 134759K(196608K)->134760K(196608K)
[2025-12-25T04:30:30.741+0000][486.381s][info][gc,metaspace   ] GC(550) Metaspace: 97472K(99136K)->97472K(99136K) NonClass: 84459K(85312K)->84459K(85312K) Class: 13013K(13824K)->13013K(13824K)
[2025-12-25T04:30:30.746+0000][486.386s][info][gc             ] GC(550) Pause Young (Allocation Failure) 211M->134M(278M) 14.261ms
[2025-12-25T04:30:30.747+0000][486.387s][info][gc,cpu         ] GC(550) User=0.01s Sys=0.00s Real=0.02s
[2025-12-25T04:30:30.937+0000][486.577s][info][gc,start       ] GC(551) Pause Young (Allocation Failure)
[2025-12-25T04:30:30.946+0000][486.586s][info][gc,heap        ] GC(551) DefNew: 81758K(88512K)->2819K(88512K) Eden: 78720K(78720K)->0K(78720K) From: 3038K(9792K)->2819K(9792K)
[2025-12-25T04:30:30.946+0000][486.586s][info][gc,heap        ] GC(551) Tenured: 134760K(196608K)->134760K(196608K)
[2025-12-25T04:30:30.946+0000][486.586s][info][gc,metaspace   ] GC(551) Metaspace: 97472K(99136K)->97472K(99136K) NonClass: 84459K(85312K)->84459K(85312K) Class: 13013K(13824K)->13013K(13824K)
[2025-12-25T04:30:30.947+0000][486.587s][info][gc             ] GC(551) Pause Young (Allocation Failure) 211M->134M(278M) 9.737ms
[2025-12-25T04:30:30.948+0000][486.588s][info][gc,cpu         ] GC(551) User=0.00s Sys=0.01s Real=0.01s
[2025-12-25T04:30:31.176+0000][486.816s][info][gc,start       ] GC(552) Pause Young (Allocation Failure)
[2025-12-25T04:30:31.186+0000][486.826s][info][gc,heap        ] GC(552) DefNew: 81539K(88512K)->3685K(88512K) Eden: 78720K(78720K)->0K(78720K) From: 2819K(9792K)->3685K(9792K)
[2025-12-25T04:30:31.186+0000][486.826s][info][gc,heap        ] GC(552) Tenured: 134760K(196608K)->134760K(196608K)
[2025-12-25T04:30:31.186+0000][486.826s][info][gc,metaspace   ] GC(552) Metaspace: 97472K(99136K)->97472K(99136K) NonClass: 84459K(85312K)->84459K(85312K) Class: 13013K(13824K)->13013K(13824K)
[2025-12-25T04:30:31.187+0000][486.827s][info][gc             ] GC(552) Pause Young (Allocation Failure) 211M->135M(278M) 10.674ms
[2025-12-25T04:30:31.187+0000][486.827s][info][gc,cpu         ] GC(552) User=0.01s Sys=0.00s Real=0.01s
[2025-12-25T04:30:31.337+0000][486.977s][info][gc,start       ] GC(553) Pause Young (Allocation Failure)
[2025-12-25T04:30:31.368+0000][487.008s][info][gc,heap        ] GC(553) DefNew: 82405K(88512K)->2326K(88512K) Eden: 78720K(78720K)->0K(78720K) From: 3685K(9792K)->2326K(9792K)
[2025-12-25T04:30:31.376+0000][487.016s][info][gc,heap        ] GC(553) Tenured: 134760K(196608K)->134760K(196608K)
[2025-12-25T04:30:31.377+0000][487.017s][info][gc,metaspace   ] GC(553) Metaspace: 97472K(99136K)->97472K(99136K) NonClass: 84459K(85312K)->84459K(85312K) Class: 13013K(13824K)->13013K(13824K)
[2025-12-25T04:30:31.378+0000][487.018s][info][gc             ] GC(553) Pause Young (Allocation Failure) 212M->133M(278M) 41.032ms
[2025-12-25T04:30:31.379+0000][487.019s][info][gc,cpu         ] GC(553) User=0.01s Sys=0.00s Real=0.04s
[2025-12-25T04:30:31.552+0000][487.192s][info][gc,start       ] GC(554) Pause Young (Allocation Failure)
[2025-12-25T04:30:31.559+0000][487.199s][info][gc,heap        ] GC(554) DefNew: 81046K(88512K)->2352K(88512K) Eden: 78720K(78720K)->0K(78720K) From: 2326K(9792K)->2352K(9792K)
[2025-12-25T04:30:31.559+0000][487.199s][info][gc,heap        ] GC(554) Tenured: 134760K(196608K)->134760K(196608K)
[2025-12-25T04:30:31.559+0000][487.199s][info][gc,metaspace   ] GC(554) Metaspace: 97472K(99136K)->97472K(99136K) NonClass: 84459K(85312K)->84459K(85312K) Class: 13013K(13824K)->13013K(13824K)
[2025-12-25T04:30:31.559+0000][487.199s][info][gc             ] GC(554) Pause Young (Allocation Failure) 210M->133M(278M) 7.169ms
[2025-12-25T04:30:31.559+0000][487.199s][info][gc,cpu         ] GC(554) User=0.00s Sys=0.01s Real=0.01s
[2025-12-25T04:30:31.754+0000][487.394s][info][gc,start       ] GC(555) Pause Young (Allocation Failure)
[2025-12-25T04:30:31.768+0000][487.408s][info][gc,heap        ] GC(555) DefNew: 81072K(88512K)->2476K(88512K) Eden: 78720K(78720K)->0K(78720K) From: 2352K(9792K)->2476K(9792K)
[2025-12-25T04:30:31.771+0000][487.411s][info][gc,heap        ] GC(555) Tenured: 134760K(196608K)->134760K(196608K)
[2025-12-25T04:30:31.772+0000][487.412s][info][gc,metaspace   ] GC(555) Metaspace: 97472K(99136K)->97472K(99136K) NonClass: 84459K(85312K)->84459K(85312K) Class: 13013K(13824K)->13013K(13824K)
[2025-12-25T04:30:31.772+0000][487.412s][info][gc             ] GC(555) Pause Young (Allocation Failure) 210M->134M(278M) 18.011ms
[2025-12-25T04:30:31.773+0000][487.413s][info][gc,cpu         ] GC(555) User=0.00s Sys=0.00s Real=0.02s
[2025-12-25T04:30:31.943+0000][487.583s][info][gc,start       ] GC(556) Pause Young (Allocation Failure)
[2025-12-25T04:30:31.954+0000][487.594s][info][gc,heap        ] GC(556) DefNew: 81196K(88512K)->2819K(88512K) Eden: 78720K(78720K)->0K(78720K) From: 2476K(9792K)->2819K(9792K)
[2025-12-25T04:30:31.955+0000][487.595s][info][gc,heap        ] GC(556) Tenured: 134760K(196608K)->134793K(196608K)
[2025-12-25T04:30:31.956+0000][487.596s][info][gc,metaspace   ] GC(556) Metaspace: 97472K(99136K)->97472K(99136K) NonClass: 84459K(85312K)->84459K(85312K) Class: 13013K(13824K)->13013K(13824K)
[2025-12-25T04:30:31.957+0000][487.597s][info][gc             ] GC(556) Pause Young (Allocation Failure) 210M->134M(278M) 14.583ms
[2025-12-25T04:30:31.959+0000][487.599s][info][gc,cpu         ] GC(556) User=0.00s Sys=0.00s Real=0.02s
[2025-12-25T04:30:32.175+0000][487.815s][info][gc,start       ] GC(557) Pause Young (Allocation Failure)
[2025-12-25T04:30:32.211+0000][487.851s][info][gc,heap        ] GC(557) DefNew: 81539K(88512K)->1935K(88512K) Eden: 78720K(78720K)->0K(78720K) From: 2819K(9792K)->1935K(9792K)
[2025-12-25T04:30:32.213+0000][487.853s][info][gc,heap        ] GC(557) Tenured: 134793K(196608K)->134873K(196608K)
[2025-12-25T04:30:32.215+0000][487.855s][info][gc,metaspace   ] GC(557) Metaspace: 97472K(99136K)->97472K(99136K) NonClass: 84459K(85312K)->84459K(85312K) Class: 13013K(13824K)->13013K(13824K)
[2025-12-25T04:30:32.216+0000][487.856s][info][gc             ] GC(557) Pause Young (Allocation Failure) 211M->133M(278M) 41.413ms
[2025-12-25T04:30:32.218+0000][487.858s][info][gc,cpu         ] GC(557) User=0.01s Sys=0.00s Real=0.04s
[2025-12-25T04:30:32.358+0000][487.998s][info][gc,start       ] GC(558) Pause Young (Allocation Failure)
[2025-12-25T04:30:32.369+0000][488.009s][info][gc,heap        ] GC(558) DefNew: 80655K(88512K)->2674K(88512K) Eden: 78720K(78720K)->0K(78720K) From: 1935K(9792K)->2674K(9792K)
[2025-12-25T04:30:32.370+0000][488.010s][info][gc,heap        ] GC(558) Tenured: 134873K(196608K)->134905K(196608K)
[2025-12-25T04:30:32.374+0000][488.014s][info][gc,metaspace   ] GC(558) Metaspace: 97472K(99136K)->97472K(99136K) NonClass: 84459K(85312K)->84459K(85312K) Class: 13013K(13824K)->13013K(13824K)
[2025-12-25T04:30:32.374+0000][488.014s][info][gc             ] GC(558) Pause Young (Allocation Failure) 210M->134M(278M) 16.266ms
[2025-12-25T04:30:32.375+0000][488.015s][info][gc,cpu         ] GC(558) User=0.01s Sys=0.00s Real=0.02s
[2025-12-25T04:30:32.530+0000][488.170s][info][gc,start       ] GC(559) Pause Young (Allocation Failure)
[2025-12-25T04:30:32.558+0000][488.198s][info][gc,heap        ] GC(559) DefNew: 81378K(88512K)->2541K(88512K) Eden: 78704K(78720K)->0K(78720K) From: 2674K(9792K)->2541K(9792K)
[2025-12-25T04:30:32.559+0000][488.199s][info][gc,heap        ] GC(559) Tenured: 134905K(196608K)->134906K(196608K)
[2025-12-25T04:30:32.559+0000][488.199s][info][gc,metaspace   ] GC(559) Metaspace: 97472K(99136K)->97472K(99136K) NonClass: 84459K(85312K)->84459K(85312K) Class: 13013K(13824K)->13013K(13824K)
[2025-12-25T04:30:32.560+0000][488.200s][info][gc             ] GC(559) Pause Young (Allocation Failure) 211M->134M(278M) 29.332ms
[2025-12-25T04:30:32.563+0000][488.203s][info][gc,cpu         ] GC(559) User=0.00s Sys=0.00s Real=0.03s
[2025-12-25T04:30:32.870+0000][488.510s][info][gc,start       ] GC(560) Pause Young (Allocation Failure)
[2025-12-25T04:30:32.892+0000][488.532s][info][gc,heap        ] GC(560) DefNew: 81234K(88512K)->2993K(88512K) Eden: 78693K(78720K)->0K(78720K) From: 2541K(9792K)->2993K(9792K)
[2025-12-25T04:30:32.893+0000][488.533s][info][gc,heap        ] GC(560) Tenured: 134906K(196608K)->134906K(196608K)
[2025-12-25T04:30:32.893+0000][488.533s][info][gc,metaspace   ] GC(560) Metaspace: 97472K(99136K)->97472K(99136K) NonClass: 84459K(85312K)->84459K(85312K) Class: 13013K(13824K)->13013K(13824K)
[2025-12-25T04:30:32.893+0000][488.533s][info][gc             ] GC(560) Pause Young (Allocation Failure) 211M->134M(278M) 23.725ms
[2025-12-25T04:30:32.894+0000][488.534s][info][gc,cpu         ] GC(560) User=0.01s Sys=0.00s Real=0.02s
[2025-12-25T04:30:33.051+0000][488.691s][info][gc,start       ] GC(561) Pause Young (Allocation Failure)
[2025-12-25T04:30:33.061+0000][488.701s][info][gc,heap        ] GC(561) DefNew: 81713K(88512K)->2871K(88512K) Eden: 78720K(78720K)->0K(78720K) From: 2993K(9792K)->2871K(9792K)
[2025-12-25T04:30:33.062+0000][488.702s][info][gc,heap        ] GC(561) Tenured: 134906K(196608K)->134907K(196608K)
[2025-12-25T04:30:33.063+0000][488.703s][info][gc,metaspace   ] GC(561) Metaspace: 97472K(99136K)->97472K(99136K) NonClass: 84459K(85312K)->84459K(85312K) Class: 13013K(13824K)->13013K(13824K)
[2025-12-25T04:30:33.064+0000][488.704s][info][gc             ] GC(561) Pause Young (Allocation Failure) 211M->134M(278M) 13.028ms
[2025-12-25T04:30:33.064+0000][488.704s][info][gc,cpu         ] GC(561) User=0.01s Sys=0.00s Real=0.01s
[2025-12-25T04:30:33.196+0000][488.836s][info][gc,start       ] GC(562) Pause Young (Allocation Failure)
[2025-12-25T04:30:33.211+0000][488.851s][info][gc,heap        ] GC(562) DefNew: 81591K(88512K)->2270K(88512K) Eden: 78720K(78720K)->0K(78720K) From: 2871K(9792K)->2270K(9792K)
[2025-12-25T04:30:33.213+0000][488.853s][info][gc,heap        ] GC(562) Tenured: 134907K(196608K)->134907K(196608K)
[2025-12-25T04:30:33.213+0000][488.853s][info][gc,metaspace   ] GC(562) Metaspace: 97472K(99136K)->97472K(99136K) NonClass: 84459K(85312K)->84459K(85312K) Class: 13013K(13824K)->13013K(13824K)
[2025-12-25T04:30:33.214+0000][488.853s][info][gc             ] GC(562) Pause Young (Allocation Failure) 211M->133M(278M) 17.185ms
[2025-12-25T04:30:33.214+0000][488.854s][info][gc,cpu         ] GC(562) User=0.00s Sys=0.01s Real=0.01s
[2025-12-25T04:30:33.438+0000][489.078s][info][gc,start       ] GC(563) Pause Young (Allocation Failure)
[2025-12-25T04:30:33.451+0000][489.091s][info][gc,heap        ] GC(563) DefNew: 80990K(88512K)->2992K(88512K) Eden: 78720K(78720K)->0K(78720K) From: 2270K(9792K)->2992K(9792K)
[2025-12-25T04:30:33.451+0000][489.091s][info][gc,heap        ] GC(563) Tenured: 134907K(196608K)->134907K(196608K)
[2025-12-25T04:30:33.451+0000][489.091s][info][gc,metaspace   ] GC(563) Metaspace: 97472K(99136K)->97472K(99136K) NonClass: 84459K(85312K)->84459K(85312K) Class: 13013K(13824K)->13013K(13824K)
[2025-12-25T04:30:33.452+0000][489.092s][info][gc             ] GC(563) Pause Young (Allocation Failure) 210M->134M(278M) 13.501ms
[2025-12-25T04:30:33.452+0000][489.092s][info][gc,cpu         ] GC(563) User=0.00s Sys=0.00s Real=0.01s
[2025-12-25T04:30:33.592+0000][489.232s][info][gc,start       ] GC(564) Pause Young (Allocation Failure)
[2025-12-25T04:30:33.607+0000][489.247s][info][gc,heap        ] GC(564) DefNew: 81712K(88512K)->3915K(88512K) Eden: 78720K(78720K)->0K(78720K) From: 2992K(9792K)->3915K(9792K)
[2025-12-25T04:30:33.608+0000][489.248s][info][gc,heap        ] GC(564) Tenured: 134907K(196608K)->134908K(196608K)
[2025-12-25T04:30:33.608+0000][489.248s][info][gc,metaspace   ] GC(564) Metaspace: 97472K(99136K)->97472K(99136K) NonClass: 84459K(85312K)->84459K(85312K) Class: 13013K(13824K)->13013K(13824K)
[2025-12-25T04:30:33.608+0000][489.248s][info][gc             ] GC(564) Pause Young (Allocation Failure) 211M->135M(278M) 16.301ms
[2025-12-25T04:30:33.609+0000][489.249s][info][gc,cpu         ] GC(564) User=0.01s Sys=0.00s Real=0.02s
[2025-12-25T04:30:33.814+0000][489.454s][info][gc,start       ] GC(565) Pause Young (Allocation Failure)
[2025-12-25T04:30:33.827+0000][489.467s][info][gc,heap        ] GC(565) DefNew: 82635K(88512K)->2715K(88512K) Eden: 78720K(78720K)->0K(78720K) From: 3915K(9792K)->2715K(9792K)
[2025-12-25T04:30:33.831+0000][489.471s][info][gc,heap        ] GC(565) Tenured: 134908K(196608K)->134908K(196608K)
[2025-12-25T04:30:33.836+0000][489.476s][info][gc,metaspace   ] GC(565) Metaspace: 97472K(99136K)->97472K(99136K) NonClass: 84459K(85312K)->84459K(85312K) Class: 13013K(13824K)->13013K(13824K)
[2025-12-25T04:30:33.836+0000][489.476s][info][gc             ] GC(565) Pause Young (Allocation Failure) 212M->134M(278M) 22.617ms
[2025-12-25T04:30:33.840+0000][489.480s][info][gc,cpu         ] GC(565) User=0.01s Sys=0.00s Real=0.03s
[2025-12-25T04:30:34.024+0000][489.664s][info][gc,start       ] GC(566) Pause Young (Allocation Failure)
[2025-12-25T04:30:34.037+0000][489.677s][info][gc,heap        ] GC(566) DefNew: 81435K(88512K)->3282K(88512K) Eden: 78720K(78720K)->0K(78720K) From: 2715K(9792K)->3282K(9792K)
[2025-12-25T04:30:34.038+0000][489.677s][info][gc,heap        ] GC(566) Tenured: 134908K(196608K)->134924K(196608K)
[2025-12-25T04:30:34.039+0000][489.679s][info][gc,metaspace   ] GC(566) Metaspace: 97472K(99136K)->97472K(99136K) NonClass: 84459K(85312K)->84459K(85312K) Class: 13013K(13824K)->13013K(13824K)
[2025-12-25T04:30:34.040+0000][489.680s][info][gc             ] GC(566) Pause Young (Allocation Failure) 211M->134M(278M) 16.305ms
[2025-12-25T04:30:34.042+0000][489.682s][info][gc,cpu         ] GC(566) User=0.01s Sys=0.00s Real=0.02s
[2025-12-25T04:30:34.296+0000][489.936s][info][gc,start       ] GC(567) Pause Young (Allocation Failure)
[2025-12-25T04:30:34.317+0000][489.957s][info][gc,heap        ] GC(567) DefNew: 82002K(88512K)->3780K(88512K) Eden: 78720K(78720K)->0K(78720K) From: 3282K(9792K)->3780K(9792K)
[2025-12-25T04:30:34.317+0000][489.957s][info][gc,heap        ] GC(567) Tenured: 134924K(196608K)->134940K(196608K)
[2025-12-25T04:30:34.317+0000][489.957s][info][gc,metaspace   ] GC(567) Metaspace: 97472K(99136K)->97472K(99136K) NonClass: 84459K(85312K)->84459K(85312K) Class: 13013K(13824K)->13013K(13824K)
[2025-12-25T04:30:34.317+0000][489.957s][info][gc             ] GC(567) Pause Young (Allocation Failure) 211M->135M(278M) 21.116ms
[2025-12-25T04:30:34.317+0000][489.957s][info][gc,cpu         ] GC(567) User=0.01s Sys=0.00s Real=0.02s
[2025-12-25T04:30:34.466+0000][490.106s][info][gc,start       ] GC(568) Pause Young (Allocation Failure)
[2025-12-25T04:30:34.491+0000][490.131s][info][gc,heap        ] GC(568) DefNew: 82500K(88512K)->3564K(88512K) Eden: 78720K(78720K)->0K(78720K) From: 3780K(9792K)->3564K(9792K)
[2025-12-25T04:30:34.495+0000][490.135s][info][gc,heap        ] GC(568) Tenured: 134940K(196608K)->134956K(196608K)
[2025-12-25T04:30:34.495+0000][490.135s][info][gc,metaspace   ] GC(568) Metaspace: 97472K(99136K)->97472K(99136K) NonClass: 84459K(85312K)->84459K(85312K) Class: 13013K(13824K)->13013K(13824K)
[2025-12-25T04:30:34.495+0000][490.135s][info][gc             ] GC(568) Pause Young (Allocation Failure) 212M->135M(278M) 28.946ms
[2025-12-25T04:30:34.505+0000][490.145s][info][gc,cpu         ] GC(568) User=0.00s Sys=0.01s Real=0.04s
[2025-12-25T04:30:34.726+0000][490.366s][info][gc,start       ] GC(569) Pause Young (Allocation Failure)
[2025-12-25T04:30:34.745+0000][490.385s][info][gc,heap        ] GC(569) DefNew: 82284K(88512K)->3281K(88512K) Eden: 78720K(78720K)->0K(78720K) From: 3564K(9792K)->3281K(9792K)
[2025-12-25T04:30:34.750+0000][490.390s][info][gc,heap        ] GC(569) Tenured: 134956K(196608K)->134956K(196608K)
[2025-12-25T04:30:34.756+0000][490.396s][info][gc,metaspace   ] GC(569) Metaspace: 97472K(99136K)->97472K(99136K) NonClass: 84459K(85312K)->84459K(85312K) Class: 13013K(13824K)->13013K(13824K)
[2025-12-25T04:30:34.757+0000][490.397s][info][gc             ] GC(569) Pause Young (Allocation Failure) 212M->134M(278M) 30.849ms
[2025-12-25T04:30:34.757+0000][490.397s][info][gc,cpu         ] GC(569) User=0.01s Sys=0.00s Real=0.03s
[2025-12-25T04:30:34.953+0000][490.593s][info][gc,start       ] GC(570) Pause Young (Allocation Failure)
[2025-12-25T04:30:34.968+0000][490.608s][info][gc,heap        ] GC(570) DefNew: 82001K(88512K)->3269K(88512K) Eden: 78720K(78720K)->0K(78720K) From: 3281K(9792K)->3269K(9792K)
[2025-12-25T04:30:34.968+0000][490.608s][info][gc,heap        ] GC(570) Tenured: 134956K(196608K)->134957K(196608K)
[2025-12-25T04:30:34.969+0000][490.609s][info][gc,metaspace   ] GC(570) Metaspace: 97472K(99136K)->97472K(99136K) NonClass: 84459K(85312K)->84459K(85312K) Class: 13013K(13824K)->13013K(13824K)
[2025-12-25T04:30:34.970+0000][490.610s][info][gc             ] GC(570) Pause Young (Allocation Failure) 211M->134M(278M) 16.611ms
[2025-12-25T04:30:34.971+0000][490.611s][info][gc,cpu         ] GC(570) User=0.01s Sys=0.00s Real=0.02s
[2025-12-25T04:30:35.195+0000][490.835s][info][gc,start       ] GC(571) Pause Young (Allocation Failure)
[2025-12-25T04:30:35.202+0000][490.842s][info][gc,heap        ] GC(571) DefNew: 81989K(88512K)->3312K(88512K) Eden: 78720K(78720K)->0K(78720K) From: 3269K(9792K)->3312K(9792K)
[2025-12-25T04:30:35.203+0000][490.843s][info][gc,heap        ] GC(571) Tenured: 134957K(196608K)->134973K(196608K)
[2025-12-25T04:30:35.203+0000][490.843s][info][gc,metaspace   ] GC(571) Metaspace: 97474K(99136K)->97474K(99136K) NonClass: 84461K(85312K)->84461K(85312K) Class: 13013K(13824K)->13013K(13824K)
[2025-12-25T04:30:35.204+0000][490.844s][info][gc             ] GC(571) Pause Young (Allocation Failure) 211M->135M(278M) 8.419ms
[2025-12-25T04:30:35.204+0000][490.844s][info][gc,cpu         ] GC(571) User=0.00s Sys=0.00s Real=0.00s
[2025-12-25T04:30:35.432+0000][491.072s][info][gc,start       ] GC(572) Pause Young (Allocation Failure)
[2025-12-25T04:30:35.443+0000][491.083s][info][gc,heap        ] GC(572) DefNew: 82032K(88512K)->3409K(88512K) Eden: 78720K(78720K)->0K(78720K) From: 3312K(9792K)->3409K(9792K)
[2025-12-25T04:30:35.444+0000][491.084s][info][gc,heap        ] GC(572) Tenured: 134973K(196608K)->135015K(196608K)
[2025-12-25T04:30:35.445+0000][491.085s][info][gc,metaspace   ] GC(572) Metaspace: 97474K(99136K)->97474K(99136K) NonClass: 84461K(85312K)->84461K(85312K) Class: 13013K(13824K)->13013K(13824K)
[2025-12-25T04:30:35.446+0000][491.086s][info][gc             ] GC(572) Pause Young (Allocation Failure) 211M->135M(278M) 13.284ms
[2025-12-25T04:30:35.446+0000][491.086s][info][gc,cpu         ] GC(572) User=0.01s Sys=0.00s Real=0.02s
[2025-12-25T04:30:35.655+0000][491.295s][info][gc,start       ] GC(573) Pause Young (Allocation Failure)
[2025-12-25T04:30:35.673+0000][491.313s][info][gc,heap        ] GC(573) DefNew: 82129K(88512K)->3587K(88512K) Eden: 78720K(78720K)->0K(78720K) From: 3409K(9792K)->3587K(9792K)
[2025-12-25T04:30:35.673+0000][491.313s][info][gc,heap        ] GC(573) Tenured: 135015K(196608K)->135097K(196608K)
[2025-12-25T04:30:35.673+0000][491.313s][info][gc,metaspace   ] GC(573) Metaspace: 97474K(99136K)->97474K(99136K) NonClass: 84461K(85312K)->84461K(85312K) Class: 13013K(13824K)->13013K(13824K)
[2025-12-25T04:30:35.673+0000][491.313s][info][gc             ] GC(573) Pause Young (Allocation Failure) 212M->135M(278M) 17.998ms
[2025-12-25T04:30:35.674+0000][491.314s][info][gc,cpu         ] GC(573) User=0.01s Sys=0.00s Real=0.01s
[2025-12-25T04:30:35.937+0000][491.577s][info][gc,start       ] GC(574) Pause Young (Allocation Failure)
[2025-12-25T04:30:35.947+0000][491.587s][info][gc,heap        ] GC(574) DefNew: 82307K(88512K)->2872K(88512K) Eden: 78720K(78720K)->0K(78720K) From: 3587K(9792K)->2872K(9792K)
[2025-12-25T04:30:35.947+0000][491.587s][info][gc,heap        ] GC(574) Tenured: 135097K(196608K)->135129K(196608K)
[2025-12-25T04:30:35.947+0000][491.587s][info][gc,metaspace   ] GC(574) Metaspace: 97474K(99136K)->97474K(99136K) NonClass: 84461K(85312K)->84461K(85312K) Class: 13013K(13824K)->13013K(13824K)
[2025-12-25T04:30:35.947+0000][491.587s][info][gc             ] GC(574) Pause Young (Allocation Failure) 212M->134M(278M) 10.603ms
[2025-12-25T04:30:35.948+0000][491.588s][info][gc,cpu         ] GC(574) User=0.01s Sys=0.00s Real=0.01s
[2025-12-25T04:30:36.146+0000][491.786s][info][gc,start       ] GC(575) Pause Young (Allocation Failure)
[2025-12-25T04:30:36.158+0000][491.798s][info][gc,heap        ] GC(575) DefNew: 81592K(88512K)->3267K(88512K) Eden: 78720K(78720K)->0K(78720K) From: 2872K(9792K)->3267K(9792K)
[2025-12-25T04:30:36.159+0000][491.799s][info][gc,heap        ] GC(575) Tenured: 135129K(196608K)->135129K(196608K)
[2025-12-25T04:30:36.161+0000][491.801s][info][gc,metaspace   ] GC(575) Metaspace: 97474K(99136K)->97474K(99136K) NonClass: 84461K(85312K)->84461K(85312K) Class: 13013K(13824K)->13013K(13824K)
[2025-12-25T04:30:36.162+0000][491.802s][info][gc             ] GC(575) Pause Young (Allocation Failure) 211M->135M(278M) 16.187ms
[2025-12-25T04:30:36.164+0000][491.804s][info][gc,cpu         ] GC(575) User=0.01s Sys=0.00s Real=0.01s
[2025-12-25T04:30:36.310+0000][491.950s][info][gc,start       ] GC(576) Pause Young (Allocation Failure)
[2025-12-25T04:30:36.328+0000][491.968s][info][gc,heap        ] GC(576) DefNew: 81987K(88512K)->3058K(88512K) Eden: 78720K(78720K)->0K(78720K) From: 3267K(9792K)->3058K(9792K)
[2025-12-25T04:30:36.330+0000][491.970s][info][gc,heap        ] GC(576) Tenured: 135129K(196608K)->135129K(196608K)
[2025-12-25T04:30:36.331+0000][491.971s][info][gc,metaspace   ] GC(576) Metaspace: 97474K(99136K)->97474K(99136K) NonClass: 84461K(85312K)->84461K(85312K) Class: 13013K(13824K)->13013K(13824K)
[2025-12-25T04:30:36.335+0000][491.975s][info][gc             ] GC(576) Pause Young (Allocation Failure) 212M->134M(278M) 25.113ms
[2025-12-25T04:30:36.341+0000][491.981s][info][gc,cpu         ] GC(576) User=0.00s Sys=0.00s Real=0.03s
[2025-12-25T04:30:36.535+0000][492.175s][info][gc,start       ] GC(577) Pause Young (Allocation Failure)
[2025-12-25T04:30:36.546+0000][492.186s][info][gc,heap        ] GC(577) DefNew: 81777K(88512K)->3108K(88512K) Eden: 78718K(78720K)->0K(78720K) From: 3058K(9792K)->3108K(9792K)
[2025-12-25T04:30:36.548+0000][492.188s][info][gc,heap        ] GC(577) Tenured: 135129K(196608K)->135129K(196608K)
[2025-12-25T04:30:36.548+0000][492.188s][info][gc,metaspace   ] GC(577) Metaspace: 97474K(99136K)->97474K(99136K) NonClass: 84461K(85312K)->84461K(85312K) Class: 13013K(13824K)->13013K(13824K)
[2025-12-25T04:30:36.550+0000][492.190s][info][gc             ] GC(577) Pause Young (Allocation Failure) 211M->134M(278M) 14.965ms
[2025-12-25T04:30:36.550+0000][492.190s][info][gc,cpu         ] GC(577) User=0.01s Sys=0.00s Real=0.01s
[2025-12-25T04:30:36.690+0000][492.330s][info][gc,start       ] GC(578) Pause Young (Allocation Failure)
[2025-12-25T04:30:36.696+0000][492.336s][info][gc,heap        ] GC(578) DefNew: 81828K(88512K)->4118K(88512K) Eden: 78720K(78720K)->0K(78720K) From: 3108K(9792K)->4118K(9792K)
[2025-12-25T04:30:36.697+0000][492.337s][info][gc,heap        ] GC(578) Tenured: 135129K(196608K)->135192K(196608K)
[2025-12-25T04:30:36.697+0000][492.337s][info][gc,metaspace   ] GC(578) Metaspace: 97474K(99136K)->97474K(99136K) NonClass: 84461K(85312K)->84461K(85312K) Class: 13013K(13824K)->13013K(13824K)
[2025-12-25T04:30:36.698+0000][492.338s][info][gc             ] GC(578) Pause Young (Allocation Failure) 211M->136M(278M) 8.425ms
[2025-12-25T04:30:36.698+0000][492.338s][info][gc,cpu         ] GC(578) User=0.00s Sys=0.00s Real=0.01s
[2025-12-25T04:30:36.877+0000][492.517s][info][gc,start       ] GC(579) Pause Young (Allocation Failure)
[2025-12-25T04:30:36.890+0000][492.530s][info][gc,heap        ] GC(579) DefNew: 82838K(88512K)->3136K(88512K) Eden: 78720K(78720K)->0K(78720K) From: 4118K(9792K)->3136K(9792K)
[2025-12-25T04:30:36.890+0000][492.530s][info][gc,heap        ] GC(579) Tenured: 135192K(196608K)->135342K(196608K)
[2025-12-25T04:30:36.891+0000][492.531s][info][gc,metaspace   ] GC(579) Metaspace: 97474K(99136K)->97474K(99136K) NonClass: 84461K(85312K)->84461K(85312K) Class: 13013K(13824K)->13013K(13824K)
[2025-12-25T04:30:36.891+0000][492.531s][info][gc             ] GC(579) Pause Young (Allocation Failure) 212M->135M(278M) 13.513ms
[2025-12-25T04:30:36.892+0000][492.532s][info][gc,cpu         ] GC(579) User=0.01s Sys=0.00s Real=0.01s
[2025-12-25T04:30:37.248+0000][492.888s][info][gc,start       ] GC(580) Pause Young (Allocation Failure)
[2025-12-25T04:30:37.260+0000][492.900s][info][gc,heap        ] GC(580) DefNew: 81856K(88512K)->2283K(88512K) Eden: 78720K(78720K)->0K(78720K) From: 3136K(9792K)->2283K(9792K)
[2025-12-25T04:30:37.263+0000][492.903s][info][gc,heap        ] GC(580) Tenured: 135342K(196608K)->135727K(196608K)
[2025-12-25T04:30:37.264+0000][492.904s][info][gc,metaspace   ] GC(580) Metaspace: 97477K(99136K)->97477K(99136K) NonClass: 84464K(85312K)->84464K(85312K) Class: 13013K(13824K)->13013K(13824K)
[2025-12-25T04:30:37.267+0000][492.907s][info][gc             ] GC(580) Pause Young (Allocation Failure) 212M->134M(278M) 19.686ms
[2025-12-25T04:30:37.268+0000][492.908s][info][gc,cpu         ] GC(580) User=0.01s Sys=0.00s Real=0.02s
[2025-12-25T04:30:37.519+0000][493.159s][info][gc,start       ] GC(581) Pause Young (Allocation Failure)
[2025-12-25T04:30:37.530+0000][493.170s][info][gc,heap        ] GC(581) DefNew: 81003K(88512K)->3824K(88512K) Eden: 78720K(78720K)->0K(78720K) From: 2283K(9792K)->3824K(9792K)
[2025-12-25T04:30:37.531+0000][493.171s][info][gc,heap        ] GC(581) Tenured: 135727K(196608K)->135840K(196608K)
[2025-12-25T04:30:37.531+0000][493.171s][info][gc,metaspace   ] GC(581) Metaspace: 97478K(99136K)->97478K(99136K) NonClass: 84465K(85312K)->84465K(85312K) Class: 13013K(13824K)->13013K(13824K)
[2025-12-25T04:30:37.532+0000][493.172s][info][gc             ] GC(581) Pause Young (Allocation Failure) 211M->136M(278M) 13.129ms
[2025-12-25T04:30:37.533+0000][493.173s][info][gc,cpu         ] GC(581) User=0.01s Sys=0.00s Real=0.01s
[2025-12-25T04:30:37.862+0000][493.502s][info][gc,start       ] GC(582) Pause Young (Allocation Failure)
[2025-12-25T04:30:37.877+0000][493.517s][info][gc,heap        ] GC(582) DefNew: 82544K(88512K)->2243K(88512K) Eden: 78720K(78720K)->0K(78720K) From: 3824K(9792K)->2243K(9792K)
[2025-12-25T04:30:37.878+0000][493.518s][info][gc,heap        ] GC(582) Tenured: 135840K(196608K)->135840K(196608K)
[2025-12-25T04:30:37.879+0000][493.518s][info][gc,metaspace   ] GC(582) Metaspace: 97478K(99136K)->97478K(99136K) NonClass: 84465K(85312K)->84465K(85312K) Class: 13013K(13824K)->13013K(13824K)
[2025-12-25T04:30:37.880+0000][493.520s][info][gc             ] GC(582) Pause Young (Allocation Failure) 213M->134M(278M) 17.369ms
[2025-12-25T04:30:37.880+0000][493.520s][info][gc,cpu         ] GC(582) User=0.01s Sys=0.00s Real=0.02s
[2025-12-25T04:30:39.100+0000][494.740s][info][gc,start       ] GC(583) Pause Young (Allocation Failure)
[2025-12-25T04:30:39.103+0000][494.743s][info][gc,heap        ] GC(583) DefNew: 80963K(88512K)->2243K(88512K) Eden: 78720K(78720K)->0K(78720K) From: 2243K(9792K)->2243K(9792K)
[2025-12-25T04:30:39.103+0000][494.743s][info][gc,heap        ] GC(583) Tenured: 135840K(196608K)->135840K(196608K)
[2025-12-25T04:30:39.104+0000][494.744s][info][gc,metaspace   ] GC(583) Metaspace: 97478K(99136K)->97478K(99136K) NonClass: 84465K(85312K)->84465K(85312K) Class: 13013K(13824K)->13013K(13824K)
[2025-12-25T04:30:39.104+0000][494.744s][info][gc             ] GC(583) Pause Young (Allocation Failure) 211M->134M(278M) 4.103ms
[2025-12-25T04:30:39.104+0000][494.744s][info][gc,cpu         ] GC(583) User=0.01s Sys=0.00s Real=0.00s
[2025-12-25T04:30:40.419+0000][496.059s][info][gc,start       ] GC(584) Pause Young (Allocation Failure)
[2025-12-25T04:30:40.428+0000][496.068s][info][gc,heap        ] GC(584) DefNew: 80963K(88512K)->2244K(88512K) Eden: 78720K(78720K)->0K(78720K) From: 2243K(9792K)->2244K(9792K)
[2025-12-25T04:30:40.428+0000][496.068s][info][gc,heap        ] GC(584) Tenured: 135840K(196608K)->135840K(196608K)
[2025-12-25T04:30:40.428+0000][496.068s][info][gc,metaspace   ] GC(584) Metaspace: 97478K(99136K)->97478K(99136K) NonClass: 84465K(85312K)->84465K(85312K) Class: 13013K(13824K)->13013K(13824K)
[2025-12-25T04:30:40.428+0000][496.068s][info][gc             ] GC(584) Pause Young (Allocation Failure) 211M->134M(278M) 9.324ms
[2025-12-25T04:30:40.428+0000][496.068s][info][gc,cpu         ] GC(584) User=0.01s Sys=0.00s Real=0.01s
[2025-12-25T04:30:41.285+0000][496.925s][info][gc,start       ] GC(585) Pause Young (Allocation Failure)
[2025-12-25T04:30:41.295+0000][496.935s][info][gc,heap        ] GC(585) DefNew: 80964K(88512K)->2272K(88512K) Eden: 78720K(78720K)->0K(78720K) From: 2244K(9792K)->2272K(9792K)
[2025-12-25T04:30:41.295+0000][496.935s][info][gc,heap        ] GC(585) Tenured: 135840K(196608K)->135841K(196608K)
[2025-12-25T04:30:41.295+0000][496.935s][info][gc,metaspace   ] GC(585) Metaspace: 97480K(99136K)->97480K(99136K) NonClass: 84466K(85312K)->84466K(85312K) Class: 13013K(13824K)->13013K(13824K)
[2025-12-25T04:30:41.295+0000][496.935s][info][gc             ] GC(585) Pause Young (Allocation Failure) 211M->134M(278M) 10.715ms
[2025-12-25T04:30:41.296+0000][496.936s][info][gc,cpu         ] GC(585) User=0.01s Sys=0.00s Real=0.01s
[2025-12-25T04:30:41.330+0000][496.970s][info][gc,start       ] GC(586) Pause Young (Allocation Failure)
[2025-12-25T04:30:41.334+0000][496.974s][info][gc,heap        ] GC(586) DefNew: 80992K(88512K)->2274K(88512K) Eden: 78720K(78720K)->0K(78720K) From: 2272K(9792K)->2274K(9792K)
[2025-12-25T04:30:41.334+0000][496.974s][info][gc,heap        ] GC(586) Tenured: 135841K(196608K)->135841K(196608K)
[2025-12-25T04:30:41.334+0000][496.974s][info][gc,metaspace   ] GC(586) Metaspace: 97480K(99136K)->97480K(99136K) NonClass: 84466K(85312K)->84466K(85312K) Class: 13013K(13824K)->13013K(13824K)
[2025-12-25T04:30:41.334+0000][496.974s][info][gc             ] GC(586) Pause Young (Allocation Failure) 211M->134M(278M) 3.994ms
[2025-12-25T04:30:41.334+0000][496.974s][info][gc,cpu         ] GC(586) User=0.00s Sys=0.00s Real=0.00s
[2025-12-25T04:30:42.226+0000][497.866s][info][gc,start       ] GC(587) Pause Young (Allocation Failure)
[2025-12-25T04:30:42.230+0000][497.870s][info][gc,heap        ] GC(587) DefNew: 80994K(88512K)->2232K(88512K) Eden: 78720K(78720K)->0K(78720K) From: 2274K(9792K)->2232K(9792K)
[2025-12-25T04:30:42.230+0000][497.870s][info][gc,heap        ] GC(587) Tenured: 135841K(196608K)->135865K(196608K)
[2025-12-25T04:30:42.230+0000][497.870s][info][gc,metaspace   ] GC(587) Metaspace: 97486K(99136K)->97486K(99136K) NonClass: 84473K(85312K)->84473K(85312K) Class: 13013K(13824K)->13013K(13824K)
[2025-12-25T04:30:42.231+0000][497.871s][info][gc             ] GC(587) Pause Young (Allocation Failure) 211M->134M(278M) 5.022ms
[2025-12-25T04:30:42.231+0000][497.871s][info][gc,cpu         ] GC(587) User=0.00s Sys=0.00s Real=0.00s
[2025-12-25T04:30:43.520+0000][499.160s][info][gc,start       ] GC(588) Pause Young (Allocation Failure)
[2025-12-25T04:30:43.524+0000][499.164s][info][gc,heap        ] GC(588) DefNew: 80952K(88512K)->1671K(88512K) Eden: 78720K(78720K)->0K(78720K) From: 2232K(9792K)->1671K(9792K)
[2025-12-25T04:30:43.524+0000][499.164s][info][gc,heap        ] GC(588) Tenured: 135865K(196608K)->135874K(196608K)
[2025-12-25T04:30:43.524+0000][499.164s][info][gc,metaspace   ] GC(588) Metaspace: 97486K(99136K)->97486K(99136K) NonClass: 84473K(85312K)->84473K(85312K) Class: 13013K(13824K)->13013K(13824K)
[2025-12-25T04:30:43.524+0000][499.164s][info][gc             ] GC(588) Pause Young (Allocation Failure) 211M->134M(278M) 4.680ms
[2025-12-25T04:30:43.525+0000][499.165s][info][gc,cpu         ] GC(588) User=0.01s Sys=0.00s Real=0.01s
[2025-12-25T04:30:44.770+0000][500.410s][info][gc,start       ] GC(589) Pause Young (Allocation Failure)
[2025-12-25T04:30:44.777+0000][500.417s][info][gc,heap        ] GC(589) DefNew: 80391K(88512K)->1660K(88512K) Eden: 78720K(78720K)->0K(78720K) From: 1671K(9792K)->1660K(9792K)
[2025-12-25T04:30:44.778+0000][500.418s][info][gc,heap        ] GC(589) Tenured: 135874K(196608K)->135883K(196608K)
[2025-12-25T04:30:44.778+0000][500.418s][info][gc,metaspace   ] GC(589) Metaspace: 97486K(99136K)->97486K(99136K) NonClass: 84473K(85312K)->84473K(85312K) Class: 13013K(13824K)->13013K(13824K)
[2025-12-25T04:30:44.778+0000][500.418s][info][gc             ] GC(589) Pause Young (Allocation Failure) 211M->134M(278M) 7.688ms
[2025-12-25T04:30:44.778+0000][500.418s][info][gc,cpu         ] GC(589) User=0.01s Sys=0.00s Real=0.01s
[2025-12-25T04:30:45.987+0000][501.627s][info][gc,start       ] GC(590) Pause Young (Allocation Failure)
[2025-12-25T04:30:45.991+0000][501.631s][info][gc,heap        ] GC(590) DefNew: 80380K(88512K)->1654K(88512K) Eden: 78720K(78720K)->0K(78720K) From: 1660K(9792K)->1654K(9792K)
[2025-12-25T04:30:45.991+0000][501.631s][info][gc,heap        ] GC(590) Tenured: 135883K(196608K)->135892K(196608K)
[2025-12-25T04:30:45.992+0000][501.632s][info][gc,metaspace   ] GC(590) Metaspace: 97486K(99136K)->97486K(99136K) NonClass: 84473K(85312K)->84473K(85312K) Class: 13013K(13824K)->13013K(13824K)
[2025-12-25T04:30:45.992+0000][501.632s][info][gc             ] GC(590) Pause Young (Allocation Failure) 211M->134M(278M) 4.771ms
[2025-12-25T04:30:45.992+0000][501.632s][info][gc,cpu         ] GC(590) User=0.00s Sys=0.00s Real=0.00s
[2025-12-25T04:30:47.093+0000][502.733s][info][gc,start       ] GC(591) Pause Young (Allocation Failure)
[2025-12-25T04:30:47.097+0000][502.737s][info][gc,heap        ] GC(591) DefNew: 80374K(88512K)->1637K(88512K) Eden: 78720K(78720K)->0K(78720K) From: 1654K(9792K)->1637K(9792K)
[2025-12-25T04:30:47.097+0000][502.737s][info][gc,heap        ] GC(591) Tenured: 135892K(196608K)->135913K(196608K)
[2025-12-25T04:30:47.097+0000][502.737s][info][gc,metaspace   ] GC(591) Metaspace: 97489K(99136K)->97489K(99136K) NonClass: 84476K(85312K)->84476K(85312K) Class: 13013K(13824K)->13013K(13824K)
[2025-12-25T04:30:47.097+0000][502.737s][info][gc             ] GC(591) Pause Young (Allocation Failure) 211M->134M(278M) 4.189ms
[2025-12-25T04:30:47.097+0000][502.737s][info][gc,cpu         ] GC(591) User=0.01s Sys=0.00s Real=0.01s
[2025-12-25T04:30:48.351+0000][503.991s][info][gc,start       ] GC(592) Pause Young (Allocation Failure)
[2025-12-25T04:30:48.354+0000][503.994s][info][gc,heap        ] GC(592) DefNew: 80357K(88512K)->1566K(88512K) Eden: 78720K(78720K)->0K(78720K) From: 1637K(9792K)->1566K(9792K)
[2025-12-25T04:30:48.355+0000][503.995s][info][gc,heap        ] GC(592) Tenured: 135913K(196608K)->135980K(196608K)
[2025-12-25T04:30:48.355+0000][503.995s][info][gc,metaspace   ] GC(592) Metaspace: 97489K(99136K)->97489K(99136K) NonClass: 84476K(85312K)->84476K(85312K) Class: 13013K(13824K)->13013K(13824K)
[2025-12-25T04:30:48.355+0000][503.995s][info][gc             ] GC(592) Pause Young (Allocation Failure) 211M->134M(278M) 3.839ms
[2025-12-25T04:30:48.355+0000][503.995s][info][gc,cpu         ] GC(592) User=0.00s Sys=0.00s Real=0.01s
[2025-12-25T04:30:49.504+0000][505.144s][info][gc,start       ] GC(593) Pause Young (Allocation Failure)
[2025-12-25T04:30:49.507+0000][505.147s][info][gc,heap        ] GC(593) DefNew: 80286K(88512K)->1557K(88512K) Eden: 78720K(78720K)->0K(78720K) From: 1566K(9792K)->1557K(9792K)
[2025-12-25T04:30:49.507+0000][505.147s][info][gc,heap        ] GC(593) Tenured: 135980K(196608K)->135990K(196608K)
[2025-12-25T04:30:49.508+0000][505.148s][info][gc,metaspace   ] GC(593) Metaspace: 97489K(99136K)->97489K(99136K) NonClass: 84476K(85312K)->84476K(85312K) Class: 13013K(13824K)->13013K(13824K)
[2025-12-25T04:30:49.508+0000][505.148s][info][gc             ] GC(593) Pause Young (Allocation Failure) 211M->134M(278M) 3.494ms
[2025-12-25T04:30:49.508+0000][505.148s][info][gc,cpu         ] GC(593) User=0.01s Sys=0.00s Real=0.01s
[2025-12-25T04:30:50.684+0000][506.324s][info][gc,start       ] GC(594) Pause Young (Allocation Failure)
[2025-12-25T04:30:50.688+0000][506.328s][info][gc,heap        ] GC(594) DefNew: 80277K(88512K)->929K(88512K) Eden: 78720K(78720K)->0K(78720K) From: 1557K(9792K)->929K(9792K)
[2025-12-25T04:30:50.688+0000][506.328s][info][gc,heap        ] GC(594) Tenured: 135990K(196608K)->136616K(196608K)
[2025-12-25T04:30:50.688+0000][506.328s][info][gc,metaspace   ] GC(594) Metaspace: 97489K(99136K)->97489K(99136K) NonClass: 84476K(85312K)->84476K(85312K) Class: 13013K(13824K)->13013K(13824K)
[2025-12-25T04:30:50.688+0000][506.328s][info][gc             ] GC(594) Pause Young (Allocation Failure) 211M->134M(278M) 4.320ms
[2025-12-25T04:30:50.688+0000][506.328s][info][gc,cpu         ] GC(594) User=0.00s Sys=0.00s Real=0.01s
[2025-12-25T04:30:51.970+0000][507.610s][info][gc,start       ] GC(595) Pause Young (Allocation Failure)
[2025-12-25T04:30:51.977+0000][507.617s][info][gc,heap        ] GC(595) DefNew: 79649K(88512K)->883K(88512K) Eden: 78720K(78720K)->0K(78720K) From: 929K(9792K)->883K(9792K)
[2025-12-25T04:30:51.977+0000][507.617s][info][gc,heap        ] GC(595) Tenured: 136616K(196608K)->136665K(196608K)
[2025-12-25T04:30:51.977+0000][507.617s][info][gc,metaspace   ] GC(595) Metaspace: 97491K(99136K)->97491K(99136K) NonClass: 84478K(85312K)->84478K(85312K) Class: 13013K(13824K)->13013K(13824K)
[2025-12-25T04:30:51.977+0000][507.617s][info][gc             ] GC(595) Pause Young (Allocation Failure) 211M->134M(278M) 7.204ms
[2025-12-25T04:30:51.977+0000][507.617s][info][gc,cpu         ] GC(595) User=0.01s Sys=0.00s Real=0.01s
[2025-12-25T04:30:53.058+0000][508.698s][info][gc,start       ] GC(596) Pause Young (Allocation Failure)
[2025-12-25T04:30:53.070+0000][508.710s][info][gc,heap        ] GC(596) DefNew: 79603K(88512K)->682K(88512K) Eden: 78720K(78720K)->0K(78720K) From: 883K(9792K)->682K(9792K)
[2025-12-25T04:30:53.070+0000][508.710s][info][gc,heap        ] GC(596) Tenured: 136665K(196608K)->136868K(196608K)
[2025-12-25T04:30:53.070+0000][508.710s][info][gc,metaspace   ] GC(596) Metaspace: 97494K(99136K)->97494K(99136K) NonClass: 84480K(85312K)->84480K(85312K) Class: 13013K(13824K)->13013K(13824K)
[2025-12-25T04:30:53.070+0000][508.710s][info][gc             ] GC(596) Pause Young (Allocation Failure) 211M->134M(278M) 12.357ms
[2025-12-25T04:30:53.070+0000][508.710s][info][gc,cpu         ] GC(596) User=0.01s Sys=0.00s Real=0.01s
[2025-12-25T04:30:54.260+0000][509.900s][info][gc,start       ] GC(597) Pause Young (Allocation Failure)
[2025-12-25T04:30:54.263+0000][509.903s][info][gc,heap        ] GC(597) DefNew: 79402K(88512K)->316K(88512K) Eden: 78720K(78720K)->0K(78720K) From: 682K(9792K)->316K(9792K)
[2025-12-25T04:30:54.263+0000][509.903s][info][gc,heap        ] GC(597) Tenured: 136868K(196608K)->137235K(196608K)
[2025-12-25T04:30:54.263+0000][509.903s][info][gc,metaspace   ] GC(597) Metaspace: 97494K(99136K)->97494K(99136K) NonClass: 84480K(85312K)->84480K(85312K) Class: 13013K(13824K)->13013K(13824K)
[2025-12-25T04:30:54.263+0000][509.903s][info][gc             ] GC(597) Pause Young (Allocation Failure) 211M->134M(278M) 3.611ms
[2025-12-25T04:30:54.263+0000][509.903s][info][gc,cpu         ] GC(597) User=0.00s Sys=0.00s Real=0.00s
[2025-12-25T04:30:55.495+0000][511.135s][info][gc,start       ] GC(598) Pause Young (Allocation Failure)
[2025-12-25T04:30:55.499+0000][511.139s][info][gc,heap        ] GC(598) DefNew: 79036K(88512K)->315K(88512K) Eden: 78720K(78720K)->0K(78720K) From: 316K(9792K)->315K(9792K)
[2025-12-25T04:30:55.499+0000][511.139s][info][gc,heap        ] GC(598) Tenured: 137235K(196608K)->137235K(196608K)
[2025-12-25T04:30:55.499+0000][511.139s][info][gc,metaspace   ] GC(598) Metaspace: 97494K(99136K)->97494K(99136K) NonClass: 84480K(85312K)->84480K(85312K) Class: 13013K(13824K)->13013K(13824K)
[2025-12-25T04:30:55.499+0000][511.139s][info][gc             ] GC(598) Pause Young (Allocation Failure) 211M->134M(278M) 3.778ms
[2025-12-25T04:30:55.499+0000][511.139s][info][gc,cpu         ] GC(598) User=0.00s Sys=0.00s Real=0.00s
[2025-12-25T04:30:56.252+0000][511.892s][info][gc,start       ] GC(599) Pause Young (Allocation Failure)
[2025-12-25T04:30:56.254+0000][511.894s][info][gc,heap        ] GC(599) DefNew: 79035K(88512K)->345K(88512K) Eden: 78720K(78720K)->0K(78720K) From: 315K(9792K)->345K(9792K)
[2025-12-25T04:30:56.254+0000][511.894s][info][gc,heap        ] GC(599) Tenured: 137235K(196608K)->137236K(196608K)
[2025-12-25T04:30:56.254+0000][511.894s][info][gc,metaspace   ] GC(599) Metaspace: 97494K(99136K)->97494K(99136K) NonClass: 84481K(85312K)->84481K(85312K) Class: 13013K(13824K)->13013K(13824K)
[2025-12-25T04:30:56.254+0000][511.894s][info][gc             ] GC(599) Pause Young (Allocation Failure) 211M->134M(278M) 2.617ms
[2025-12-25T04:30:56.255+0000][511.894s][info][gc,cpu         ] GC(599) User=0.00s Sys=0.00s Real=0.01s
[2025-12-25T04:30:56.280+0000][511.920s][info][gc,start       ] GC(600) Pause Young (Allocation Failure)
[2025-12-25T04:30:56.283+0000][511.923s][info][gc,heap        ] GC(600) DefNew: 79065K(88512K)->337K(88512K) Eden: 78720K(78720K)->0K(78720K) From: 345K(9792K)->337K(9792K)
[2025-12-25T04:30:56.284+0000][511.924s][info][gc,heap        ] GC(600) Tenured: 137236K(196608K)->137244K(196608K)
[2025-12-25T04:30:56.284+0000][511.924s][info][gc,metaspace   ] GC(600) Metaspace: 97494K(99136K)->97494K(99136K) NonClass: 84481K(85312K)->84481K(85312K) Class: 13013K(13824K)->13013K(13824K)
[2025-12-25T04:30:56.284+0000][511.924s][info][gc             ] GC(600) Pause Young (Allocation Failure) 211M->134M(278M) 3.790ms
[2025-12-25T04:30:56.284+0000][511.924s][info][gc,cpu         ] GC(600) User=0.00s Sys=0.00s Real=0.00s
[2025-12-25T04:30:56.742+0000][512.382s][info][gc,start       ] GC(601) Pause Young (Allocation Failure)
[2025-12-25T04:30:56.759+0000][512.399s][info][gc,heap        ] GC(601) DefNew: 79053K(88512K)->2435K(88512K) Eden: 78715K(78720K)->0K(78720K) From: 337K(9792K)->2435K(9792K)
[2025-12-25T04:30:56.759+0000][512.399s][info][gc,heap        ] GC(601) Tenured: 137244K(196608K)->137244K(196608K)
[2025-12-25T04:30:56.759+0000][512.399s][info][gc,metaspace   ] GC(601) Metaspace: 97500K(99136K)->97500K(99136K) NonClass: 84487K(85312K)->84487K(85312K) Class: 13013K(13824K)->13013K(13824K)
[2025-12-25T04:30:56.759+0000][512.399s][info][gc             ] GC(601) Pause Young (Allocation Failure) 211M->136M(278M) 16.932ms
[2025-12-25T04:30:56.759+0000][512.399s][info][gc,cpu         ] GC(601) User=0.02s Sys=0.00s Real=0.02s
[2025-12-25T04:30:56.930+0000][512.570s][info][gc,start       ] GC(602) Pause Young (Allocation Failure)
[2025-12-25T04:30:56.946+0000][512.585s][info][gc,heap        ] GC(602) DefNew: 81155K(88512K)->2537K(88512K) Eden: 78720K(78720K)->0K(78720K) From: 2435K(9792K)->2537K(9792K)
[2025-12-25T04:30:56.946+0000][512.586s][info][gc,heap        ] GC(602) Tenured: 137244K(196608K)->137250K(196608K)
[2025-12-25T04:30:56.947+0000][512.587s][info][gc,metaspace   ] GC(602) Metaspace: 97500K(99136K)->97500K(99136K) NonClass: 84487K(85312K)->84487K(85312K) Class: 13013K(13824K)->13013K(13824K)
[2025-12-25T04:30:56.947+0000][512.587s][info][gc             ] GC(602) Pause Young (Allocation Failure) 213M->136M(278M) 17.015ms
[2025-12-25T04:30:56.947+0000][512.587s][info][gc,cpu         ] GC(602) User=0.00s Sys=0.00s Real=0.02s
[2025-12-25T04:30:57.108+0000][512.748s][info][gc,start       ] GC(603) Pause Young (Allocation Failure)
[2025-12-25T04:30:57.139+0000][512.779s][info][gc,heap        ] GC(603) DefNew: 81257K(88512K)->3182K(88512K) Eden: 78720K(78720K)->0K(78720K) From: 2537K(9792K)->3182K(9792K)
[2025-12-25T04:30:57.139+0000][512.779s][info][gc,heap        ] GC(603) Tenured: 137250K(196608K)->137251K(196608K)
[2025-12-25T04:30:57.140+0000][512.780s][info][gc,metaspace   ] GC(603) Metaspace: 97502K(99136K)->97502K(99136K) NonClass: 84488K(85312K)->84488K(85312K) Class: 13013K(13824K)->13013K(13824K)
[2025-12-25T04:30:57.141+0000][512.781s][info][gc             ] GC(603) Pause Young (Allocation Failure) 213M->137M(278M) 33.311ms
[2025-12-25T04:30:57.141+0000][512.781s][info][gc,cpu         ] GC(603) User=0.01s Sys=0.00s Real=0.03s
[2025-12-25T04:30:57.276+0000][512.916s][info][gc,start       ] GC(604) Pause Young (Allocation Failure)
[2025-12-25T04:30:57.294+0000][512.934s][info][gc,heap        ] GC(604) DefNew: 81902K(88512K)->5101K(88512K) Eden: 78720K(78720K)->0K(78720K) From: 3182K(9792K)->5101K(9792K)
[2025-12-25T04:30:57.294+0000][512.934s][info][gc,heap        ] GC(604) Tenured: 137251K(196608K)->137251K(196608K)
[2025-12-25T04:30:57.294+0000][512.934s][info][gc,metaspace   ] GC(604) Metaspace: 97502K(99136K)->97502K(99136K) NonClass: 84488K(85312K)->84488K(85312K) Class: 13013K(13824K)->13013K(13824K)
[2025-12-25T04:30:57.294+0000][512.934s][info][gc             ] GC(604) Pause Young (Allocation Failure) 214M->139M(278M) 18.237ms
[2025-12-25T04:30:57.295+0000][512.935s][info][gc,cpu         ] GC(604) User=0.01s Sys=0.00s Real=0.02s
[2025-12-25T04:30:57.435+0000][513.075s][info][gc,start       ] GC(605) Pause Young (Allocation Failure)
[2025-12-25T04:30:57.446+0000][513.086s][info][gc,heap        ] GC(605) DefNew: 83821K(88512K)->2458K(88512K) Eden: 78719K(78720K)->0K(78720K) From: 5101K(9792K)->2458K(9792K)
[2025-12-25T04:30:57.448+0000][513.088s][info][gc,heap        ] GC(605) Tenured: 137251K(196608K)->137574K(196608K)
[2025-12-25T04:30:57.449+0000][513.089s][info][gc,metaspace   ] GC(605) Metaspace: 97502K(99136K)->97502K(99136K) NonClass: 84488K(85312K)->84488K(85312K) Class: 13013K(13824K)->13013K(13824K)
[2025-12-25T04:30:57.449+0000][513.089s][info][gc             ] GC(605) Pause Young (Allocation Failure) 215M->136M(278M) 14.801ms
[2025-12-25T04:30:57.450+0000][513.090s][info][gc,cpu         ] GC(605) User=0.01s Sys=0.00s Real=0.01s
[2025-12-25T04:30:57.583+0000][513.223s][info][gc,start       ] GC(606) Pause Young (Allocation Failure)
[2025-12-25T04:30:57.607+0000][513.246s][info][gc,heap        ] GC(606) DefNew: 81178K(88512K)->3650K(88512K) Eden: 78720K(78720K)->0K(78720K) From: 2458K(9792K)->3650K(9792K)
[2025-12-25T04:30:57.610+0000][513.250s][info][gc,heap        ] GC(606) Tenured: 137574K(196608K)->137574K(196608K)
[2025-12-25T04:30:57.612+0000][513.252s][info][gc,metaspace   ] GC(606) Metaspace: 97502K(99136K)->97502K(99136K) NonClass: 84488K(85312K)->84488K(85312K) Class: 13013K(13824K)->13013K(13824K)
[2025-12-25T04:30:57.613+0000][513.253s][info][gc             ] GC(606) Pause Young (Allocation Failure) 213M->137M(278M) 29.914ms
[2025-12-25T04:30:57.615+0000][513.255s][info][gc,cpu         ] GC(606) User=0.01s Sys=0.00s Real=0.04s
[2025-12-25T04:30:57.806+0000][513.446s][info][gc,start       ] GC(607) Pause Young (Allocation Failure)
[2025-12-25T04:30:57.817+0000][513.457s][info][gc,heap        ] GC(607) DefNew: 82370K(88512K)->2879K(88512K) Eden: 78720K(78720K)->0K(78720K) From: 3650K(9792K)->2879K(9792K)
[2025-12-25T04:30:57.818+0000][513.458s][info][gc,heap        ] GC(607) Tenured: 137574K(196608K)->137574K(196608K)
[2025-12-25T04:30:57.818+0000][513.458s][info][gc,metaspace   ] GC(607) Metaspace: 97502K(99136K)->97502K(99136K) NonClass: 84488K(85312K)->84488K(85312K) Class: 13013K(13824K)->13013K(13824K)
[2025-12-25T04:30:57.818+0000][513.458s][info][gc             ] GC(607) Pause Young (Allocation Failure) 214M->137M(278M) 12.423ms
[2025-12-25T04:30:57.819+0000][513.459s][info][gc,cpu         ] GC(607) User=0.00s Sys=0.00s Real=0.01s
[2025-12-25T04:30:57.929+0000][513.569s][info][gc,start       ] GC(608) Pause Young (Allocation Failure)
[2025-12-25T04:30:57.938+0000][513.578s][info][gc,heap        ] GC(608) DefNew: 81599K(88512K)->2709K(88512K) Eden: 78720K(78720K)->0K(78720K) From: 2879K(9792K)->2709K(9792K)
[2025-12-25T04:30:57.939+0000][513.579s][info][gc,heap        ] GC(608) Tenured: 137574K(196608K)->137574K(196608K)
[2025-12-25T04:30:57.939+0000][513.579s][info][gc,metaspace   ] GC(608) Metaspace: 97502K(99136K)->97502K(99136K) NonClass: 84488K(85312K)->84488K(85312K) Class: 13013K(13824K)->13013K(13824K)
[2025-12-25T04:30:57.940+0000][513.580s][info][gc             ] GC(608) Pause Young (Allocation Failure) 214M->136M(278M) 10.641ms
[2025-12-25T04:30:57.940+0000][513.580s][info][gc,cpu         ] GC(608) User=0.00s Sys=0.00s Real=0.01s
[2025-12-25T04:30:58.055+0000][513.695s][info][gc,start       ] GC(609) Pause Young (Allocation Failure)
[2025-12-25T04:30:58.061+0000][513.701s][info][gc,heap        ] GC(609) DefNew: 81429K(88512K)->2445K(88512K) Eden: 78720K(78720K)->0K(78720K) From: 2709K(9792K)->2445K(9792K)
[2025-12-25T04:30:58.061+0000][513.701s][info][gc,heap        ] GC(609) Tenured: 137574K(196608K)->137574K(196608K)
[2025-12-25T04:30:58.062+0000][513.702s][info][gc,metaspace   ] GC(609) Metaspace: 97502K(99136K)->97502K(99136K) NonClass: 84488K(85312K)->84488K(85312K) Class: 13013K(13824K)->13013K(13824K)
[2025-12-25T04:30:58.062+0000][513.702s][info][gc             ] GC(609) Pause Young (Allocation Failure) 213M->136M(278M) 6.886ms
[2025-12-25T04:30:58.062+0000][513.702s][info][gc,cpu         ] GC(609) User=0.00s Sys=0.00s Real=0.00s
[2025-12-25T04:30:58.193+0000][513.832s][info][gc,start       ] GC(610) Pause Young (Allocation Failure)
[2025-12-25T04:30:58.200+0000][513.840s][info][gc,heap        ] GC(610) DefNew: 81165K(88512K)->2967K(88512K) Eden: 78720K(78720K)->0K(78720K) From: 2445K(9792K)->2967K(9792K)
[2025-12-25T04:30:58.201+0000][513.841s][info][gc,heap        ] GC(610) Tenured: 137574K(196608K)->137574K(196608K)
[2025-12-25T04:30:58.201+0000][513.841s][info][gc,metaspace   ] GC(610) Metaspace: 97502K(99136K)->97502K(99136K) NonClass: 84488K(85312K)->84488K(85312K) Class: 13013K(13824K)->13013K(13824K)
[2025-12-25T04:30:58.202+0000][513.842s][info][gc             ] GC(610) Pause Young (Allocation Failure) 213M->137M(278M) 9.140ms
[2025-12-25T04:30:58.202+0000][513.842s][info][gc,cpu         ] GC(610) User=0.01s Sys=0.00s Real=0.01s
[2025-12-25T04:30:58.326+0000][513.966s][info][gc,start       ] GC(611) Pause Young (Allocation Failure)
[2025-12-25T04:30:58.335+0000][513.975s][info][gc,heap        ] GC(611) DefNew: 81676K(88512K)->3568K(88512K) Eden: 78709K(78720K)->0K(78720K) From: 2967K(9792K)->3568K(9792K)
[2025-12-25T04:30:58.338+0000][513.978s][info][gc,heap        ] GC(611) Tenured: 137574K(196608K)->137574K(196608K)
[2025-12-25T04:30:58.339+0000][513.979s][info][gc,metaspace   ] GC(611) Metaspace: 97502K(99136K)->97502K(99136K) NonClass: 84488K(85312K)->84488K(85312K) Class: 13013K(13824K)->13013K(13824K)
[2025-12-25T04:30:58.339+0000][513.979s][info][gc             ] GC(611) Pause Young (Allocation Failure) 214M->137M(278M) 13.030ms
[2025-12-25T04:30:58.339+0000][513.979s][info][gc,cpu         ] GC(611) User=0.01s Sys=0.00s Real=0.01s
[2025-12-25T04:30:58.454+0000][514.093s][info][gc,start       ] GC(612) Pause Young (Allocation Failure)
[2025-12-25T04:30:58.480+0000][514.120s][info][gc,heap        ] GC(612) DefNew: 82288K(88512K)->3125K(88512K) Eden: 78720K(78720K)->0K(78720K) From: 3568K(9792K)->3125K(9792K)
[2025-12-25T04:30:58.481+0000][514.121s][info][gc,heap        ] GC(612) Tenured: 137574K(196608K)->137574K(196608K)
[2025-12-25T04:30:58.483+0000][514.123s][info][gc,metaspace   ] GC(612) Metaspace: 97502K(99136K)->97502K(99136K) NonClass: 84488K(85312K)->84488K(85312K) Class: 13013K(13824K)->13013K(13824K)
[2025-12-25T04:30:58.483+0000][514.123s][info][gc             ] GC(612) Pause Young (Allocation Failure) 214M->137M(278M) 29.326ms
[2025-12-25T04:30:58.483+0000][514.123s][info][gc,cpu         ] GC(612) User=0.01s Sys=0.00s Real=0.03s
[2025-12-25T04:30:58.630+0000][514.270s][info][gc,start       ] GC(613) Pause Young (Allocation Failure)
[2025-12-25T04:30:58.634+0000][514.274s][info][gc,heap        ] GC(613) DefNew: 81845K(88512K)->2612K(88512K) Eden: 78720K(78720K)->0K(78720K) From: 3125K(9792K)->2612K(9792K)
[2025-12-25T04:30:58.636+0000][514.276s][info][gc,heap        ] GC(613) Tenured: 137574K(196608K)->137574K(196608K)
[2025-12-25T04:30:58.636+0000][514.276s][info][gc,metaspace   ] GC(613) Metaspace: 97502K(99136K)->97502K(99136K) NonClass: 84488K(85312K)->84488K(85312K) Class: 13013K(13824K)->13013K(13824K)
[2025-12-25T04:30:58.637+0000][514.277s][info][gc             ] GC(613) Pause Young (Allocation Failure) 214M->136M(278M) 7.293ms
[2025-12-25T04:30:58.637+0000][514.277s][info][gc,cpu         ] GC(613) User=0.01s Sys=0.00s Real=0.01s
[2025-12-25T04:30:58.839+0000][514.479s][info][gc,start       ] GC(614) Pause Young (Allocation Failure)
[2025-12-25T04:30:58.847+0000][514.487s][info][gc,heap        ] GC(614) DefNew: 81332K(88512K)->3204K(88512K) Eden: 78720K(78720K)->0K(78720K) From: 2612K(9792K)->3204K(9792K)
[2025-12-25T04:30:58.847+0000][514.487s][info][gc,heap        ] GC(614) Tenured: 137574K(196608K)->137574K(196608K)
[2025-12-25T04:30:58.848+0000][514.488s][info][gc,metaspace   ] GC(614) Metaspace: 97502K(99136K)->97502K(99136K) NonClass: 84488K(85312K)->84488K(85312K) Class: 13013K(13824K)->13013K(13824K)
[2025-12-25T04:30:58.848+0000][514.488s][info][gc             ] GC(614) Pause Young (Allocation Failure) 213M->137M(278M) 8.514ms
[2025-12-25T04:30:58.848+0000][514.488s][info][gc,cpu         ] GC(614) User=0.01s Sys=0.00s Real=0.01s
[2025-12-25T04:30:58.965+0000][514.605s][info][gc,start       ] GC(615) Pause Young (Allocation Failure)
[2025-12-25T04:30:58.971+0000][514.611s][info][gc,heap        ] GC(615) DefNew: 81924K(88512K)->3030K(88512K) Eden: 78720K(78720K)->0K(78720K) From: 3204K(9792K)->3030K(9792K)
[2025-12-25T04:30:58.971+0000][514.611s][info][gc,heap        ] GC(615) Tenured: 137574K(196608K)->137574K(196608K)
[2025-12-25T04:30:58.972+0000][514.612s][info][gc,metaspace   ] GC(615) Metaspace: 97502K(99136K)->97502K(99136K) NonClass: 84488K(85312K)->84488K(85312K) Class: 13013K(13824K)->13013K(13824K)
[2025-12-25T04:30:58.972+0000][514.612s][info][gc             ] GC(615) Pause Young (Allocation Failure) 214M->137M(278M) 6.457ms
[2025-12-25T04:30:58.972+0000][514.612s][info][gc,cpu         ] GC(615) User=0.01s Sys=0.00s Real=0.00s
[2025-12-25T04:30:59.084+0000][514.724s][info][gc,start       ] GC(616) Pause Young (Allocation Failure)
[2025-12-25T04:30:59.091+0000][514.731s][info][gc,heap        ] GC(616) DefNew: 81750K(88512K)->3489K(88512K) Eden: 78720K(78720K)->0K(78720K) From: 3030K(9792K)->3489K(9792K)
[2025-12-25T04:30:59.092+0000][514.732s][info][gc,heap        ] GC(616) Tenured: 137574K(196608K)->137574K(196608K)
[2025-12-25T04:30:59.092+0000][514.732s][info][gc,metaspace   ] GC(616) Metaspace: 97502K(99136K)->97502K(99136K) NonClass: 84488K(85312K)->84488K(85312K) Class: 13013K(13824K)->13013K(13824K)
[2025-12-25T04:30:59.092+0000][514.732s][info][gc             ] GC(616) Pause Young (Allocation Failure) 214M->137M(278M) 8.455ms
[2025-12-25T04:30:59.093+0000][514.733s][info][gc,cpu         ] GC(616) User=0.00s Sys=0.00s Real=0.01s
[2025-12-25T04:30:59.217+0000][514.857s][info][gc,start       ] GC(617) Pause Young (Allocation Failure)
[2025-12-25T04:30:59.226+0000][514.866s][info][gc,heap        ] GC(617) DefNew: 82209K(88512K)->3838K(88512K) Eden: 78720K(78720K)->0K(78720K) From: 3489K(9792K)->3838K(9792K)
[2025-12-25T04:30:59.227+0000][514.867s][info][gc,heap        ] GC(617) Tenured: 137574K(196608K)->137574K(196608K)
[2025-12-25T04:30:59.227+0000][514.867s][info][gc,metaspace   ] GC(617) Metaspace: 97502K(99136K)->97502K(99136K) NonClass: 84488K(85312K)->84488K(85312K) Class: 13013K(13824K)->13013K(13824K)
[2025-12-25T04:30:59.227+0000][514.867s][info][gc             ] GC(617) Pause Young (Allocation Failure) 214M->138M(278M) 10.565ms
[2025-12-25T04:30:59.227+0000][514.867s][info][gc,cpu         ] GC(617) User=0.01s Sys=0.00s Real=0.01s
[2025-12-25T04:30:59.393+0000][515.033s][info][gc,start       ] GC(618) Pause Young (Allocation Failure)
[2025-12-25T04:30:59.401+0000][515.041s][info][gc,heap        ] GC(618) DefNew: 82558K(88512K)->3512K(88512K) Eden: 78720K(78720K)->0K(78720K) From: 3838K(9792K)->3512K(9792K)
[2025-12-25T04:30:59.401+0000][515.041s][info][gc,heap        ] GC(618) Tenured: 137574K(196608K)->137629K(196608K)
[2025-12-25T04:30:59.401+0000][515.041s][info][gc,metaspace   ] GC(618) Metaspace: 97502K(99136K)->97502K(99136K) NonClass: 84488K(85312K)->84488K(85312K) Class: 13013K(13824K)->13013K(13824K)
[2025-12-25T04:30:59.402+0000][515.042s][info][gc             ] GC(618) Pause Young (Allocation Failure) 214M->137M(278M) 8.951ms
[2025-12-25T04:30:59.402+0000][515.042s][info][gc,cpu         ] GC(618) User=0.00s Sys=0.00s Real=0.01s
[2025-12-25T04:30:59.545+0000][515.185s][info][gc,start       ] GC(619) Pause Young (Allocation Failure)
[2025-12-25T04:30:59.552+0000][515.192s][info][gc,heap        ] GC(619) DefNew: 82203K(88512K)->2237K(88512K) Eden: 78691K(78720K)->0K(78720K) From: 3512K(9792K)->2237K(9792K)
[2025-12-25T04:30:59.553+0000][515.193s][info][gc,heap        ] GC(619) Tenured: 137629K(196608K)->138830K(196608K)
[2025-12-25T04:30:59.553+0000][515.193s][info][gc,metaspace   ] GC(619) Metaspace: 97502K(99136K)->97502K(99136K) NonClass: 84488K(85312K)->84488K(85312K) Class: 13013K(13824K)->13013K(13824K)
[2025-12-25T04:30:59.554+0000][515.194s][info][gc             ] GC(619) Pause Young (Allocation Failure) 214M->137M(278M) 9.779ms
[2025-12-25T04:30:59.556+0000][515.196s][info][gc,cpu         ] GC(619) User=0.01s Sys=0.00s Real=0.01s
[2025-12-25T04:30:59.705+0000][515.345s][info][gc,start       ] GC(620) Pause Young (Allocation Failure)
[2025-12-25T04:30:59.712+0000][515.352s][info][gc,heap        ] GC(620) DefNew: 80957K(88512K)->1589K(88512K) Eden: 78719K(78720K)->0K(78720K) From: 2237K(9792K)->1589K(9792K)
[2025-12-25T04:30:59.712+0000][515.352s][info][gc,heap        ] GC(620) Tenured: 138830K(196608K)->138830K(196608K)
[2025-12-25T04:30:59.714+0000][515.354s][info][gc,metaspace   ] GC(620) Metaspace: 97502K(99136K)->97502K(99136K) NonClass: 84488K(85312K)->84488K(85312K) Class: 13013K(13824K)->13013K(13824K)
[2025-12-25T04:30:59.715+0000][515.355s][info][gc             ] GC(620) Pause Young (Allocation Failure) 214M->137M(278M) 9.551ms
[2025-12-25T04:30:59.715+0000][515.355s][info][gc,cpu         ] GC(620) User=0.00s Sys=0.00s Real=0.01s
[2025-12-25T04:30:59.829+0000][515.469s][info][gc,start       ] GC(621) Pause Young (Allocation Failure)
[2025-12-25T04:30:59.835+0000][515.475s][info][gc,heap        ] GC(621) DefNew: 80298K(88512K)->1903K(88512K) Eden: 78708K(78720K)->0K(78720K) From: 1589K(9792K)->1903K(9792K)
[2025-12-25T04:30:59.835+0000][515.475s][info][gc,heap        ] GC(621) Tenured: 138830K(196608K)->138830K(196608K)
[2025-12-25T04:30:59.836+0000][515.476s][info][gc,metaspace   ] GC(621) Metaspace: 97502K(99136K)->97502K(99136K) NonClass: 84488K(85312K)->84488K(85312K) Class: 13013K(13824K)->13013K(13824K)
[2025-12-25T04:30:59.837+0000][515.477s][info][gc             ] GC(621) Pause Young (Allocation Failure) 213M->137M(278M) 8.129ms
[2025-12-25T04:30:59.838+0000][515.478s][info][gc,cpu         ] GC(621) User=0.00s Sys=0.00s Real=0.01s
[2025-12-25T04:30:59.999+0000][515.639s][info][gc,start       ] GC(622) Pause Young (Allocation Failure)
[2025-12-25T04:31:00.004+0000][515.644s][info][gc,heap        ] GC(622) DefNew: 80623K(88512K)->2899K(88512K) Eden: 78720K(78720K)->0K(78720K) From: 1903K(9792K)->2899K(9792K)
[2025-12-25T04:31:00.004+0000][515.644s][info][gc,heap        ] GC(622) Tenured: 138830K(196608K)->138838K(196608K)
[2025-12-25T04:31:00.005+0000][515.645s][info][gc,metaspace   ] GC(622) Metaspace: 97502K(99136K)->97502K(99136K) NonClass: 84488K(85312K)->84488K(85312K) Class: 13013K(13824K)->13013K(13824K)
[2025-12-25T04:31:00.005+0000][515.645s][info][gc             ] GC(622) Pause Young (Allocation Failure) 214M->138M(278M) 5.905ms
[2025-12-25T04:31:00.005+0000][515.645s][info][gc,cpu         ] GC(622) User=0.01s Sys=0.00s Real=0.01s
[2025-12-25T04:31:00.129+0000][515.769s][info][gc,start       ] GC(623) Pause Young (Allocation Failure)
[2025-12-25T04:31:00.143+0000][515.783s][info][gc,heap        ] GC(623) DefNew: 81619K(88512K)->2467K(88512K) Eden: 78720K(78720K)->0K(78720K) From: 2899K(9792K)->2467K(9792K)
[2025-12-25T04:31:00.145+0000][515.785s][info][gc,heap        ] GC(623) Tenured: 138838K(196608K)->138838K(196608K)
[2025-12-25T04:31:00.145+0000][515.785s][info][gc,metaspace   ] GC(623) Metaspace: 97502K(99136K)->97502K(99136K) NonClass: 84488K(85312K)->84488K(85312K) Class: 13013K(13824K)->13013K(13824K)
[2025-12-25T04:31:00.146+0000][515.786s][info][gc             ] GC(623) Pause Young (Allocation Failure) 215M->137M(278M) 16.276ms
[2025-12-25T04:31:00.146+0000][515.786s][info][gc,cpu         ] GC(623) User=0.00s Sys=0.00s Real=0.02s
[2025-12-25T04:31:00.391+0000][516.031s][info][gc,start       ] GC(624) Pause Young (Allocation Failure)
[2025-12-25T04:31:00.415+0000][516.055s][info][gc,heap        ] GC(624) DefNew: 81187K(88512K)->2501K(88512K) Eden: 78720K(78720K)->0K(78720K) From: 2467K(9792K)->2501K(9792K)
[2025-12-25T04:31:00.415+0000][516.055s][info][gc,heap        ] GC(624) Tenured: 138838K(196608K)->138838K(196608K)
[2025-12-25T04:31:00.420+0000][516.060s][info][gc,metaspace   ] GC(624) Metaspace: 97502K(99136K)->97502K(99136K) NonClass: 84488K(85312K)->84488K(85312K) Class: 13013K(13824K)->13013K(13824K)
[2025-12-25T04:31:00.422+0000][516.062s][info][gc             ] GC(624) Pause Young (Allocation Failure) 214M->138M(278M) 30.503ms
[2025-12-25T04:31:00.422+0000][516.062s][info][gc,cpu         ] GC(624) User=0.01s Sys=0.00s Real=0.03s
[2025-12-25T04:31:00.637+0000][516.277s][info][gc,start       ] GC(625) Pause Young (Allocation Failure)
[2025-12-25T04:31:00.643+0000][516.283s][info][gc,heap        ] GC(625) DefNew: 81221K(88512K)->2279K(88512K) Eden: 78719K(78720K)->0K(78720K) From: 2501K(9792K)->2279K(9792K)
[2025-12-25T04:31:00.643+0000][516.283s][info][gc,heap        ] GC(625) Tenured: 138838K(196608K)->138903K(196608K)
[2025-12-25T04:31:00.643+0000][516.283s][info][gc,metaspace   ] GC(625) Metaspace: 97502K(99136K)->97502K(99136K) NonClass: 84488K(85312K)->84488K(85312K) Class: 13013K(13824K)->13013K(13824K)
[2025-12-25T04:31:00.643+0000][516.283s][info][gc             ] GC(625) Pause Young (Allocation Failure) 214M->137M(278M) 6.559ms
[2025-12-25T04:31:00.643+0000][516.283s][info][gc,cpu         ] GC(625) User=0.01s Sys=0.00s Real=0.00s
[2025-12-25T04:31:00.807+0000][516.447s][info][gc,start       ] GC(626) Pause Young (Allocation Failure)
[2025-12-25T04:31:00.818+0000][516.457s][info][gc,heap        ] GC(626) DefNew: 80999K(88512K)->3031K(88512K) Eden: 78720K(78720K)->0K(78720K) From: 2279K(9792K)->3031K(9792K)
[2025-12-25T04:31:00.818+0000][516.458s][info][gc,heap        ] GC(626) Tenured: 138903K(196608K)->138935K(196608K)
[2025-12-25T04:31:00.818+0000][516.458s][info][gc,metaspace   ] GC(626) Metaspace: 97502K(99136K)->97502K(99136K) NonClass: 84488K(85312K)->84488K(85312K) Class: 13013K(13824K)->13013K(13824K)
[2025-12-25T04:31:00.818+0000][516.458s][info][gc             ] GC(626) Pause Young (Allocation Failure) 214M->138M(278M) 11.007ms
[2025-12-25T04:31:00.818+0000][516.458s][info][gc,cpu         ] GC(626) User=0.01s Sys=0.00s Real=0.01s
[2025-12-25T04:31:00.995+0000][516.635s][info][gc,start       ] GC(627) Pause Young (Allocation Failure)
[2025-12-25T04:31:01.016+0000][516.656s][info][gc,heap        ] GC(627) DefNew: 81751K(88512K)->2966K(88512K) Eden: 78720K(78720K)->0K(78720K) From: 3031K(9792K)->2966K(9792K)
[2025-12-25T04:31:01.016+0000][516.656s][info][gc,heap        ] GC(627) Tenured: 138935K(196608K)->138936K(196608K)
[2025-12-25T04:31:01.017+0000][516.657s][info][gc,metaspace   ] GC(627) Metaspace: 97502K(99136K)->97502K(99136K) NonClass: 84488K(85312K)->84488K(85312K) Class: 13013K(13824K)->13013K(13824K)
[2025-12-25T04:31:01.017+0000][516.657s][info][gc             ] GC(627) Pause Young (Allocation Failure) 215M->138M(278M) 21.503ms
[2025-12-25T04:31:01.017+0000][516.657s][info][gc,cpu         ] GC(627) User=0.01s Sys=0.01s Real=0.02s
[2025-12-25T04:31:01.145+0000][516.785s][info][gc,start       ] GC(628) Pause Young (Allocation Failure)
[2025-12-25T04:31:01.154+0000][516.794s][info][gc,heap        ] GC(628) DefNew: 81686K(88512K)->2998K(88512K) Eden: 78720K(78720K)->0K(78720K) From: 2966K(9792K)->2998K(9792K)
[2025-12-25T04:31:01.154+0000][516.794s][info][gc,heap        ] GC(628) Tenured: 138936K(196608K)->139096K(196608K)
[2025-12-25T04:31:01.155+0000][516.795s][info][gc,metaspace   ] GC(628) Metaspace: 97502K(99136K)->97502K(99136K) NonClass: 84488K(85312K)->84488K(85312K) Class: 13013K(13824K)->13013K(13824K)
[2025-12-25T04:31:01.155+0000][516.795s][info][gc             ] GC(628) Pause Young (Allocation Failure) 215M->138M(278M) 10.514ms
[2025-12-25T04:31:01.156+0000][516.796s][info][gc,cpu         ] GC(628) User=0.00s Sys=0.00s Real=0.01s
[2025-12-25T04:31:01.281+0000][516.921s][info][gc,start       ] GC(629) Pause Young (Allocation Failure)
[2025-12-25T04:31:01.294+0000][516.934s][info][gc,heap        ] GC(629) DefNew: 81718K(88512K)->4648K(88512K) Eden: 78720K(78720K)->0K(78720K) From: 2998K(9792K)->4648K(9792K)
[2025-12-25T04:31:01.294+0000][516.934s][info][gc,heap        ] GC(629) Tenured: 139096K(196608K)->139145K(196608K)
[2025-12-25T04:31:01.294+0000][516.934s][info][gc,metaspace   ] GC(629) Metaspace: 97502K(99136K)->97502K(99136K) NonClass: 84488K(85312K)->84488K(85312K) Class: 13013K(13824K)->13013K(13824K)
[2025-12-25T04:31:01.295+0000][516.935s][info][gc             ] GC(629) Pause Young (Allocation Failure) 215M->140M(278M) 13.883ms
[2025-12-25T04:31:01.300+0000][516.940s][info][gc,cpu         ] GC(629) User=0.01s Sys=0.00s Real=0.02s
[2025-12-25T04:31:01.481+0000][517.121s][info][gc,start       ] GC(630) Pause Young (Allocation Failure)
[2025-12-25T04:31:01.522+0000][517.162s][info][gc,heap        ] GC(630) DefNew: 83368K(88512K)->5886K(88512K) Eden: 78720K(78720K)->0K(78720K) From: 4648K(9792K)->5886K(9792K)
[2025-12-25T04:31:01.528+0000][517.168s][info][gc,heap        ] GC(630) Tenured: 139145K(196608K)->139145K(196608K)
[2025-12-25T04:31:01.537+0000][517.177s][info][gc,metaspace   ] GC(630) Metaspace: 97502K(99136K)->97502K(99136K) NonClass: 84488K(85312K)->84488K(85312K) Class: 13013K(13824K)->13013K(13824K)
[2025-12-25T04:31:01.543+0000][517.183s][info][gc             ] GC(630) Pause Young (Allocation Failure) 217M->141M(278M) 62.150ms
[2025-12-25T04:31:01.544+0000][517.184s][info][gc,cpu         ] GC(630) User=0.01s Sys=0.00s Real=0.06s
[2025-12-25T04:31:01.675+0000][517.315s][info][gc,start       ] GC(631) Pause Young (Allocation Failure)
[2025-12-25T04:31:01.687+0000][517.327s][info][gc,heap        ] GC(631) DefNew: 84606K(88512K)->4108K(88512K) Eden: 78720K(78720K)->0K(78720K) From: 5886K(9792K)->4108K(9792K)
[2025-12-25T04:31:01.687+0000][517.327s][info][gc,heap        ] GC(631) Tenured: 139145K(196608K)->140115K(196608K)
[2025-12-25T04:31:01.688+0000][517.328s][info][gc,metaspace   ] GC(631) Metaspace: 97502K(99136K)->97502K(99136K) NonClass: 84488K(85312K)->84488K(85312K) Class: 13013K(13824K)->13013K(13824K)
[2025-12-25T04:31:01.689+0000][517.329s][info][gc             ] GC(631) Pause Young (Allocation Failure) 218M->140M(278M) 13.418ms
[2025-12-25T04:31:01.690+0000][517.330s][info][gc,cpu         ] GC(631) User=0.01s Sys=0.00s Real=0.01s
[2025-12-25T04:31:01.818+0000][517.458s][info][gc,start       ] GC(632) Pause Young (Allocation Failure)
[2025-12-25T04:31:01.824+0000][517.464s][info][gc,heap        ] GC(632) DefNew: 82828K(88512K)->3113K(88512K) Eden: 78720K(78720K)->0K(78720K) From: 4108K(9792K)->3113K(9792K)
[2025-12-25T04:31:01.824+0000][517.464s][info][gc,heap        ] GC(632) Tenured: 140115K(196608K)->140115K(196608K)
[2025-12-25T04:31:01.824+0000][517.464s][info][gc,metaspace   ] GC(632) Metaspace: 97504K(99136K)->97504K(99136K) NonClass: 84490K(85312K)->84490K(85312K) Class: 13013K(13824K)->13013K(13824K)
[2025-12-25T04:31:01.824+0000][517.464s][info][gc             ] GC(632) Pause Young (Allocation Failure) 217M->139M(278M) 6.600ms
[2025-12-25T04:31:01.824+0000][517.464s][info][gc,cpu         ] GC(632) User=0.00s Sys=0.00s Real=0.01s
[2025-12-25T04:31:01.928+0000][517.568s][info][gc,start       ] GC(633) Pause Young (Allocation Failure)
[2025-12-25T04:31:01.937+0000][517.577s][info][gc,heap        ] GC(633) DefNew: 81833K(88512K)->3166K(88512K) Eden: 78720K(78720K)->0K(78720K) From: 3113K(9792K)->3166K(9792K)
[2025-12-25T04:31:01.938+0000][517.578s][info][gc,heap        ] GC(633) Tenured: 140115K(196608K)->140115K(196608K)
[2025-12-25T04:31:01.938+0000][517.578s][info][gc,metaspace   ] GC(633) Metaspace: 97504K(99136K)->97504K(99136K) NonClass: 84491K(85312K)->84491K(85312K) Class: 13013K(13824K)->13013K(13824K)
[2025-12-25T04:31:01.939+0000][517.579s][info][gc             ] GC(633) Pause Young (Allocation Failure) 216M->139M(278M) 10.444ms
[2025-12-25T04:31:01.940+0000][517.580s][info][gc,cpu         ] GC(633) User=0.00s Sys=0.00s Real=0.01s
[2025-12-25T04:31:02.103+0000][517.743s][info][gc,start       ] GC(634) Pause Young (Allocation Failure)
[2025-12-25T04:31:02.113+0000][517.753s][info][gc,heap        ] GC(634) DefNew: 81886K(88512K)->3415K(88512K) Eden: 78720K(78720K)->0K(78720K) From: 3166K(9792K)->3415K(9792K)
[2025-12-25T04:31:02.115+0000][517.755s][info][gc,heap        ] GC(634) Tenured: 140115K(196608K)->140115K(196608K)
[2025-12-25T04:31:02.115+0000][517.755s][info][gc,metaspace   ] GC(634) Metaspace: 97504K(99136K)->97504K(99136K) NonClass: 84491K(85312K)->84491K(85312K) Class: 13013K(13824K)->13013K(13824K)
[2025-12-25T04:31:02.118+0000][517.758s][info][gc             ] GC(634) Pause Young (Allocation Failure) 216M->140M(278M) 14.866ms
[2025-12-25T04:31:02.118+0000][517.758s][info][gc,cpu         ] GC(634) User=0.01s Sys=0.00s Real=0.02s
[2025-12-25T04:31:02.266+0000][517.906s][info][gc,start       ] GC(635) Pause Young (Allocation Failure)
[2025-12-25T04:31:02.278+0000][517.918s][info][gc,heap        ] GC(635) DefNew: 82135K(88512K)->2910K(88512K) Eden: 78720K(78720K)->0K(78720K) From: 3415K(9792K)->2910K(9792K)
[2025-12-25T04:31:02.284+0000][517.924s][info][gc,heap        ] GC(635) Tenured: 140115K(196608K)->140115K(196608K)
[2025-12-25T04:31:02.285+0000][517.925s][info][gc,metaspace   ] GC(635) Metaspace: 97504K(99136K)->97504K(99136K) NonClass: 84491K(85312K)->84491K(85312K) Class: 13013K(13824K)->13013K(13824K)
[2025-12-25T04:31:02.285+0000][517.925s][info][gc             ] GC(635) Pause Young (Allocation Failure) 217M->139M(278M) 18.665ms
[2025-12-25T04:31:02.285+0000][517.925s][info][gc,cpu         ] GC(635) User=0.01s Sys=0.00s Real=0.02s
[2025-12-25T04:31:02.430+0000][518.070s][info][gc,start       ] GC(636) Pause Young (Allocation Failure)
[2025-12-25T04:31:02.436+0000][518.076s][info][gc,heap        ] GC(636) DefNew: 81630K(88512K)->2925K(88512K) Eden: 78720K(78720K)->0K(78720K) From: 2910K(9792K)->2925K(9792K)
[2025-12-25T04:31:02.436+0000][518.076s][info][gc,heap        ] GC(636) Tenured: 140115K(196608K)->140115K(196608K)
[2025-12-25T04:31:02.436+0000][518.076s][info][gc,metaspace   ] GC(636) Metaspace: 97504K(99136K)->97504K(99136K) NonClass: 84491K(85312K)->84491K(85312K) Class: 13013K(13824K)->13013K(13824K)
[2025-12-25T04:31:02.437+0000][518.077s][info][gc             ] GC(636) Pause Young (Allocation Failure) 216M->139M(278M) 6.669ms
[2025-12-25T04:31:02.437+0000][518.077s][info][gc,cpu         ] GC(636) User=0.00s Sys=0.00s Real=0.01s
[2025-12-25T04:31:02.654+0000][518.294s][info][gc,start       ] GC(637) Pause Young (Allocation Failure)
[2025-12-25T04:31:02.663+0000][518.302s][info][gc,heap        ] GC(637) DefNew: 81645K(88512K)->3721K(88512K) Eden: 78720K(78720K)->0K(78720K) From: 2925K(9792K)->3721K(9792K)
[2025-12-25T04:31:02.664+0000][518.304s][info][gc,heap        ] GC(637) Tenured: 140115K(196608K)->140115K(196608K)
[2025-12-25T04:31:02.664+0000][518.304s][info][gc,metaspace   ] GC(637) Metaspace: 97504K(99136K)->97504K(99136K) NonClass: 84491K(85312K)->84491K(85312K) Class: 13013K(13824K)->13013K(13824K)
[2025-12-25T04:31:02.664+0000][518.304s][info][gc             ] GC(637) Pause Young (Allocation Failure) 216M->140M(278M) 10.263ms
[2025-12-25T04:31:02.664+0000][518.304s][info][gc,cpu         ] GC(637) User=0.01s Sys=0.00s Real=0.02s
[2025-12-25T04:31:02.780+0000][518.420s][info][gc,start       ] GC(638) Pause Young (Allocation Failure)
[2025-12-25T04:31:02.785+0000][518.425s][info][gc,heap        ] GC(638) DefNew: 82441K(88512K)->3525K(88512K) Eden: 78720K(78720K)->0K(78720K) From: 3721K(9792K)->3525K(9792K)
[2025-12-25T04:31:02.786+0000][518.426s][info][gc,heap        ] GC(638) Tenured: 140115K(196608K)->140115K(196608K)
[2025-12-25T04:31:02.786+0000][518.426s][info][gc,metaspace   ] GC(638) Metaspace: 97504K(99136K)->97504K(99136K) NonClass: 84491K(85312K)->84491K(85312K) Class: 13013K(13824K)->13013K(13824K)
[2025-12-25T04:31:02.786+0000][518.426s][info][gc             ] GC(638) Pause Young (Allocation Failure) 217M->140M(278M) 5.975ms
[2025-12-25T04:31:02.787+0000][518.427s][info][gc,cpu         ] GC(638) User=0.00s Sys=0.00s Real=0.01s
[2025-12-25T04:31:02.924+0000][518.564s][info][gc,start       ] GC(639) Pause Young (Allocation Failure)
[2025-12-25T04:31:02.941+0000][518.581s][info][gc,heap        ] GC(639) DefNew: 82245K(88512K)->3381K(88512K) Eden: 78720K(78720K)->0K(78720K) From: 3525K(9792K)->3381K(9792K)
[2025-12-25T04:31:02.943+0000][518.583s][info][gc,heap        ] GC(639) Tenured: 140115K(196608K)->140115K(196608K)
[2025-12-25T04:31:02.944+0000][518.584s][info][gc,metaspace   ] GC(639) Metaspace: 97504K(99136K)->97504K(99136K) NonClass: 84491K(85312K)->84491K(85312K) Class: 13013K(13824K)->13013K(13824K)
[2025-12-25T04:31:02.944+0000][518.584s][info][gc             ] GC(639) Pause Young (Allocation Failure) 217M->140M(278M) 19.975ms
[2025-12-25T04:31:02.945+0000][518.585s][info][gc,cpu         ] GC(639) User=0.01s Sys=0.00s Real=0.03s
[2025-12-25T04:31:03.122+0000][518.762s][info][gc,start       ] GC(640) Pause Young (Allocation Failure)
[2025-12-25T04:31:03.129+0000][518.769s][info][gc,heap        ] GC(640) DefNew: 82101K(88512K)->3945K(88512K) Eden: 78720K(78720K)->0K(78720K) From: 3381K(9792K)->3945K(9792K)
[2025-12-25T04:31:03.130+0000][518.770s][info][gc,heap        ] GC(640) Tenured: 140115K(196608K)->140115K(196608K)
[2025-12-25T04:31:03.130+0000][518.770s][info][gc,metaspace   ] GC(640) Metaspace: 97504K(99136K)->97504K(99136K) NonClass: 84491K(85312K)->84491K(85312K) Class: 13013K(13824K)->13013K(13824K)
[2025-12-25T04:31:03.131+0000][518.771s][info][gc             ] GC(640) Pause Young (Allocation Failure) 217M->140M(278M) 9.018ms
[2025-12-25T04:31:03.131+0000][518.771s][info][gc,cpu         ] GC(640) User=0.00s Sys=0.00s Real=0.01s
[2025-12-25T04:31:03.268+0000][518.908s][info][gc,start       ] GC(641) Pause Young (Allocation Failure)
[2025-12-25T04:31:03.274+0000][518.914s][info][gc,heap        ] GC(641) DefNew: 82633K(88512K)->3891K(88512K) Eden: 78687K(78720K)->0K(78720K) From: 3945K(9792K)->3891K(9792K)
[2025-12-25T04:31:03.274+0000][518.914s][info][gc,heap        ] GC(641) Tenured: 140115K(196608K)->140115K(196608K)
[2025-12-25T04:31:03.275+0000][518.915s][info][gc,metaspace   ] GC(641) Metaspace: 97504K(99136K)->97504K(99136K) NonClass: 84491K(85312K)->84491K(85312K) Class: 13013K(13824K)->13013K(13824K)
[2025-12-25T04:31:03.275+0000][518.915s][info][gc             ] GC(641) Pause Young (Allocation Failure) 217M->140M(278M) 7.340ms
[2025-12-25T04:31:03.275+0000][518.915s][info][gc,cpu         ] GC(641) User=0.01s Sys=0.00s Real=0.01s
[2025-12-25T04:31:03.408+0000][519.048s][info][gc,start       ] GC(642) Pause Young (Allocation Failure)
[2025-12-25T04:31:03.413+0000][519.053s][info][gc,heap        ] GC(642) DefNew: 82611K(88512K)->2947K(88512K) Eden: 78720K(78720K)->0K(78720K) From: 3891K(9792K)->2947K(9792K)
[2025-12-25T04:31:03.414+0000][519.054s][info][gc,heap        ] GC(642) Tenured: 140115K(196608K)->140115K(196608K)
[2025-12-25T04:31:03.414+0000][519.054s][info][gc,metaspace   ] GC(642) Metaspace: 97504K(99136K)->97504K(99136K) NonClass: 84491K(85312K)->84491K(85312K) Class: 13013K(13824K)->13013K(13824K)
[2025-12-25T04:31:03.414+0000][519.054s][info][gc             ] GC(642) Pause Young (Allocation Failure) 217M->139M(278M) 5.756ms
[2025-12-25T04:31:03.414+0000][519.054s][info][gc,cpu         ] GC(642) User=0.01s Sys=0.01s Real=0.01s
[2025-12-25T04:31:03.557+0000][519.197s][info][gc,start       ] GC(643) Pause Young (Allocation Failure)
[2025-12-25T04:31:03.568+0000][519.208s][info][gc,heap        ] GC(643) DefNew: 81667K(88512K)->4026K(88512K) Eden: 78720K(78720K)->0K(78720K) From: 2947K(9792K)->4026K(9792K)
[2025-12-25T04:31:03.569+0000][519.209s][info][gc,heap        ] GC(643) Tenured: 140115K(196608K)->140115K(196608K)
[2025-12-25T04:31:03.570+0000][519.210s][info][gc,metaspace   ] GC(643) Metaspace: 97518K(99136K)->97518K(99136K) NonClass: 84504K(85312K)->84504K(85312K) Class: 13013K(13824K)->13013K(13824K)
[2025-12-25T04:31:03.573+0000][519.213s][info][gc             ] GC(643) Pause Young (Allocation Failure) 216M->140M(278M) 15.303ms
[2025-12-25T04:31:03.579+0000][519.219s][info][gc,cpu         ] GC(643) User=0.01s Sys=0.01s Real=0.02s
[2025-12-25T04:31:03.704+0000][519.344s][info][gc,start       ] GC(644) Pause Young (Allocation Failure)
[2025-12-25T04:31:03.725+0000][519.365s][info][gc,heap        ] GC(644) DefNew: 82746K(88512K)->3227K(88512K) Eden: 78720K(78720K)->0K(78720K) From: 4026K(9792K)->3227K(9792K)
[2025-12-25T04:31:03.725+0000][519.365s][info][gc,heap        ] GC(644) Tenured: 140115K(196608K)->140722K(196608K)
[2025-12-25T04:31:03.725+0000][519.365s][info][gc,metaspace   ] GC(644) Metaspace: 97518K(99136K)->97518K(99136K) NonClass: 84504K(85312K)->84504K(85312K) Class: 13013K(13824K)->13013K(13824K)
[2025-12-25T04:31:03.726+0000][519.366s][info][gc             ] GC(644) Pause Young (Allocation Failure) 217M->140M(278M) 21.905ms
[2025-12-25T04:31:03.726+0000][519.366s][info][gc,cpu         ] GC(644) User=0.00s Sys=0.00s Real=0.03s
[2025-12-25T04:31:03.863+0000][519.503s][info][gc,start       ] GC(645) Pause Young (Allocation Failure)
[2025-12-25T04:31:03.876+0000][519.516s][info][gc,heap        ] GC(645) DefNew: 81947K(88512K)->3120K(88512K) Eden: 78720K(78720K)->0K(78720K) From: 3227K(9792K)->3120K(9792K)
[2025-12-25T04:31:03.877+0000][519.517s][info][gc,heap        ] GC(645) Tenured: 140722K(196608K)->140723K(196608K)
[2025-12-25T04:31:03.877+0000][519.517s][info][gc,metaspace   ] GC(645) Metaspace: 97518K(99136K)->97518K(99136K) NonClass: 84504K(85312K)->84504K(85312K) Class: 13013K(13824K)->13013K(13824K)
[2025-12-25T04:31:03.878+0000][519.518s][info][gc             ] GC(645) Pause Young (Allocation Failure) 217M->140M(278M) 14.854ms
[2025-12-25T04:31:03.880+0000][519.520s][info][gc,cpu         ] GC(645) User=0.01s Sys=0.00s Real=0.02s
[2025-12-25T04:31:04.038+0000][519.678s][info][gc,start       ] GC(646) Pause Young (Allocation Failure)
[2025-12-25T04:31:04.044+0000][519.684s][info][gc,heap        ] GC(646) DefNew: 81840K(88512K)->3241K(88512K) Eden: 78720K(78720K)->0K(78720K) From: 3120K(9792K)->3241K(9792K)
[2025-12-25T04:31:04.047+0000][519.687s][info][gc,heap        ] GC(646) Tenured: 140723K(196608K)->140755K(196608K)
[2025-12-25T04:31:04.049+0000][519.689s][info][gc,metaspace   ] GC(646) Metaspace: 97518K(99136K)->97518K(99136K) NonClass: 84504K(85312K)->84504K(85312K) Class: 13013K(13824K)->13013K(13824K)
[2025-12-25T04:31:04.049+0000][519.689s][info][gc             ] GC(646) Pause Young (Allocation Failure) 217M->140M(278M) 10.790ms
[2025-12-25T04:31:04.050+0000][519.690s][info][gc,cpu         ] GC(646) User=0.00s Sys=0.00s Real=0.01s
[2025-12-25T04:31:04.233+0000][519.873s][info][gc,start       ] GC(647) Pause Young (Allocation Failure)
[2025-12-25T04:31:04.240+0000][519.880s][info][gc,heap        ] GC(647) DefNew: 81961K(88512K)->3052K(88512K) Eden: 78720K(78720K)->0K(78720K) From: 3241K(9792K)->3052K(9792K)
[2025-12-25T04:31:04.241+0000][519.881s][info][gc,heap        ] GC(647) Tenured: 140755K(196608K)->140771K(196608K)
[2025-12-25T04:31:04.241+0000][519.881s][info][gc,metaspace   ] GC(647) Metaspace: 97518K(99136K)->97518K(99136K) NonClass: 84504K(85312K)->84504K(85312K) Class: 13013K(13824K)->13013K(13824K)
[2025-12-25T04:31:04.241+0000][519.881s][info][gc             ] GC(647) Pause Young (Allocation Failure) 217M->140M(278M) 8.607ms
[2025-12-25T04:31:04.242+0000][519.882s][info][gc,cpu         ] GC(647) User=0.01s Sys=0.00s Real=0.01s
[2025-12-25T04:31:04.362+0000][520.002s][info][gc,start       ] GC(648) Pause Young (Allocation Failure)
[2025-12-25T04:31:04.370+0000][520.010s][info][gc,heap        ] GC(648) DefNew: 81772K(88512K)->2907K(88512K) Eden: 78720K(78720K)->0K(78720K) From: 3052K(9792K)->2907K(9792K)
[2025-12-25T04:31:04.374+0000][520.014s][info][gc,heap        ] GC(648) Tenured: 140771K(196608K)->140808K(196608K)
[2025-12-25T04:31:04.377+0000][520.017s][info][gc,metaspace   ] GC(648) Metaspace: 97518K(99136K)->97518K(99136K) NonClass: 84504K(85312K)->84504K(85312K) Class: 13013K(13824K)->13013K(13824K)
[2025-12-25T04:31:04.378+0000][520.018s][info][gc             ] GC(648) Pause Young (Allocation Failure) 217M->140M(278M) 15.076ms
[2025-12-25T04:31:04.378+0000][520.018s][info][gc,cpu         ] GC(648) User=0.00s Sys=0.00s Real=0.02s
[2025-12-25T04:31:04.555+0000][520.195s][info][gc,start       ] GC(649) Pause Young (Allocation Failure)
[2025-12-25T04:31:04.582+0000][520.222s][info][gc,heap        ] GC(649) DefNew: 81627K(88512K)->2781K(88512K) Eden: 78720K(78720K)->0K(78720K) From: 2907K(9792K)->2781K(9792K)
[2025-12-25T04:31:04.583+0000][520.223s][info][gc,heap        ] GC(649) Tenured: 140808K(196608K)->140819K(196608K)
[2025-12-25T04:31:04.583+0000][520.223s][info][gc,metaspace   ] GC(649) Metaspace: 97519K(99136K)->97519K(99136K) NonClass: 84506K(85312K)->84506K(85312K) Class: 13013K(13824K)->13013K(13824K)
[2025-12-25T04:31:04.586+0000][520.226s][info][gc             ] GC(649) Pause Young (Allocation Failure) 217M->140M(278M) 30.162ms
[2025-12-25T04:31:04.588+0000][520.228s][info][gc,cpu         ] GC(649) User=0.01s Sys=0.00s Real=0.03s
[2025-12-25T04:31:04.753+0000][520.393s][info][gc,start       ] GC(650) Pause Young (Allocation Failure)
[2025-12-25T04:31:04.768+0000][520.408s][info][gc,heap        ] GC(650) DefNew: 81501K(88512K)->3667K(88512K) Eden: 78720K(78720K)->0K(78720K) From: 2781K(9792K)->3667K(9792K)
[2025-12-25T04:31:04.768+0000][520.408s][info][gc,heap        ] GC(650) Tenured: 140819K(196608K)->140820K(196608K)
[2025-12-25T04:31:04.768+0000][520.408s][info][gc,metaspace   ] GC(650) Metaspace: 97519K(99136K)->97519K(99136K) NonClass: 84506K(85312K)->84506K(85312K) Class: 13013K(13824K)->13013K(13824K)
[2025-12-25T04:31:04.768+0000][520.408s][info][gc             ] GC(650) Pause Young (Allocation Failure) 217M->141M(278M) 15.416ms
[2025-12-25T04:31:04.768+0000][520.408s][info][gc,cpu         ] GC(650) User=0.00s Sys=0.00s Real=0.02s
[2025-12-25T04:31:04.875+0000][520.515s][info][gc,start       ] GC(651) Pause Young (Allocation Failure)
[2025-12-25T04:31:04.884+0000][520.524s][info][gc,heap        ] GC(651) DefNew: 82387K(88512K)->3715K(88512K) Eden: 78719K(78720K)->0K(78720K) From: 3667K(9792K)->3715K(9792K)
[2025-12-25T04:31:04.885+0000][520.525s][info][gc,heap        ] GC(651) Tenured: 140820K(196608K)->140820K(196608K)
[2025-12-25T04:31:04.886+0000][520.526s][info][gc,metaspace   ] GC(651) Metaspace: 97519K(99136K)->97519K(99136K) NonClass: 84506K(85312K)->84506K(85312K) Class: 13013K(13824K)->13013K(13824K)
[2025-12-25T04:31:04.887+0000][520.527s][info][gc             ] GC(651) Pause Young (Allocation Failure) 217M->141M(278M) 12.525ms
[2025-12-25T04:31:04.889+0000][520.529s][info][gc,cpu         ] GC(651) User=0.01s Sys=0.00s Real=0.01s
[2025-12-25T04:31:05.001+0000][520.641s][info][gc,start       ] GC(652) Pause Young (Allocation Failure)
[2025-12-25T04:31:05.008+0000][520.648s][info][gc,heap        ] GC(652) DefNew: 82435K(88512K)->3411K(88512K) Eden: 78720K(78720K)->0K(78720K) From: 3715K(9792K)->3411K(9792K)
[2025-12-25T04:31:05.009+0000][520.649s][info][gc,heap        ] GC(652) Tenured: 140820K(196608K)->140866K(196608K)
[2025-12-25T04:31:05.009+0000][520.649s][info][gc,metaspace   ] GC(652) Metaspace: 97519K(99136K)->97519K(99136K) NonClass: 84506K(85312K)->84506K(85312K) Class: 13013K(13824K)->13013K(13824K)
[2025-12-25T04:31:05.010+0000][520.650s][info][gc             ] GC(652) Pause Young (Allocation Failure) 218M->140M(278M) 8.596ms
[2025-12-25T04:31:05.014+0000][520.654s][info][gc,cpu         ] GC(652) User=0.01s Sys=0.00s Real=0.01s
[2025-12-25T04:31:05.134+0000][520.774s][info][gc,start       ] GC(653) Pause Young (Allocation Failure)
[2025-12-25T04:31:05.153+0000][520.793s][info][gc,heap        ] GC(653) DefNew: 82131K(88512K)->3749K(88512K) Eden: 78720K(78720K)->0K(78720K) From: 3411K(9792K)->3749K(9792K)
[2025-12-25T04:31:05.153+0000][520.793s][info][gc,heap        ] GC(653) Tenured: 140866K(196608K)->140897K(196608K)
[2025-12-25T04:31:05.153+0000][520.793s][info][gc,metaspace   ] GC(653) Metaspace: 97519K(99136K)->97519K(99136K) NonClass: 84506K(85312K)->84506K(85312K) Class: 13013K(13824K)->13013K(13824K)
[2025-12-25T04:31:05.153+0000][520.793s][info][gc             ] GC(653) Pause Young (Allocation Failure) 217M->141M(278M) 18.967ms
[2025-12-25T04:31:05.154+0000][520.793s][info][gc,cpu         ] GC(653) User=0.01s Sys=0.00s Real=0.02s
[2025-12-25T04:31:05.282+0000][520.922s][info][gc,start       ] GC(654) Pause Young (Allocation Failure)
[2025-12-25T04:31:05.298+0000][520.938s][info][gc,heap        ] GC(654) DefNew: 82469K(88512K)->3457K(88512K) Eden: 78720K(78720K)->0K(78720K) From: 3749K(9792K)->3457K(9792K)
[2025-12-25T04:31:05.302+0000][520.942s][info][gc,heap        ] GC(654) Tenured: 140897K(196608K)->140897K(196608K)
[2025-12-25T04:31:05.302+0000][520.942s][info][gc,metaspace   ] GC(654) Metaspace: 97519K(99136K)->97519K(99136K) NonClass: 84506K(85312K)->84506K(85312K) Class: 13013K(13824K)->13013K(13824K)
[2025-12-25T04:31:05.302+0000][520.942s][info][gc             ] GC(654) Pause Young (Allocation Failure) 218M->140M(278M) 20.148ms
[2025-12-25T04:31:05.302+0000][520.942s][info][gc,cpu         ] GC(654) User=0.00s Sys=0.00s Real=0.02s
[2025-12-25T04:31:05.422+0000][521.062s][info][gc,start       ] GC(655) Pause Young (Allocation Failure)
[2025-12-25T04:31:05.432+0000][521.072s][info][gc,heap        ] GC(655) DefNew: 82177K(88512K)->3372K(88512K) Eden: 78720K(78720K)->0K(78720K) From: 3457K(9792K)->3372K(9792K)
[2025-12-25T04:31:05.432+0000][521.072s][info][gc,heap        ] GC(655) Tenured: 140897K(196608K)->141130K(196608K)
[2025-12-25T04:31:05.432+0000][521.072s][info][gc,metaspace   ] GC(655) Metaspace: 97523K(99136K)->97523K(99136K) NonClass: 84509K(85312K)->84509K(85312K) Class: 13013K(13824K)->13013K(13824K)
[2025-12-25T04:31:05.433+0000][521.073s][info][gc             ] GC(655) Pause Young (Allocation Failure) 217M->141M(278M) 11.475ms
[2025-12-25T04:31:05.434+0000][521.074s][info][gc,cpu         ] GC(655) User=0.00s Sys=0.00s Real=0.01s
[2025-12-25T04:31:05.691+0000][521.331s][info][gc,start       ] GC(656) Pause Young (Allocation Failure)
[2025-12-25T04:31:05.702+0000][521.342s][info][gc,heap        ] GC(656) DefNew: 82092K(88512K)->3632K(88512K) Eden: 78720K(78720K)->0K(78720K) From: 3372K(9792K)->3632K(9792K)
[2025-12-25T04:31:05.702+0000][521.342s][info][gc,heap        ] GC(656) Tenured: 141130K(196608K)->141137K(196608K)
[2025-12-25T04:31:05.703+0000][521.342s][info][gc,metaspace   ] GC(656) Metaspace: 97523K(99136K)->97523K(99136K) NonClass: 84509K(85312K)->84509K(85312K) Class: 13013K(13824K)->13013K(13824K)
[2025-12-25T04:31:05.703+0000][521.343s][info][gc             ] GC(656) Pause Young (Allocation Failure) 217M->141M(278M) 12.045ms
[2025-12-25T04:31:05.703+0000][521.343s][info][gc,cpu         ] GC(656) User=0.01s Sys=0.00s Real=0.01s
[2025-12-25T04:31:05.842+0000][521.482s][info][gc,start       ] GC(657) Pause Young (Allocation Failure)
[2025-12-25T04:31:05.867+0000][521.507s][info][gc,heap        ] GC(657) DefNew: 82352K(88512K)->3236K(88512K) Eden: 78720K(78720K)->0K(78720K) From: 3632K(9792K)->3236K(9792K)
[2025-12-25T04:31:05.869+0000][521.509s][info][gc,heap        ] GC(657) Tenured: 141137K(196608K)->141160K(196608K)
[2025-12-25T04:31:05.873+0000][521.513s][info][gc,metaspace   ] GC(657) Metaspace: 97523K(99136K)->97523K(99136K) NonClass: 84509K(85312K)->84509K(85312K) Class: 13013K(13824K)->13013K(13824K)
[2025-12-25T04:31:05.874+0000][521.514s][info][gc             ] GC(657) Pause Young (Allocation Failure) 218M->141M(278M) 32.012ms
[2025-12-25T04:31:05.874+0000][521.514s][info][gc,cpu         ] GC(657) User=0.00s Sys=0.00s Real=0.03s
[2025-12-25T04:31:05.982+0000][521.622s][info][gc,start       ] GC(658) Pause Young (Allocation Failure)
[2025-12-25T04:31:05.998+0000][521.638s][info][gc,heap        ] GC(658) DefNew: 81956K(88512K)->2801K(88512K) Eden: 78720K(78720K)->0K(78720K) From: 3236K(9792K)->2801K(9792K)
[2025-12-25T04:31:06.000+0000][521.640s][info][gc,heap        ] GC(658) Tenured: 141160K(196608K)->141335K(196608K)
[2025-12-25T04:31:06.003+0000][521.643s][info][gc,metaspace   ] GC(658) Metaspace: 97523K(99136K)->97523K(99136K) NonClass: 84509K(85312K)->84509K(85312K) Class: 13013K(13824K)->13013K(13824K)
[2025-12-25T04:31:06.003+0000][521.643s][info][gc             ] GC(658) Pause Young (Allocation Failure) 217M->140M(278M) 21.204ms
[2025-12-25T04:31:06.003+0000][521.643s][info][gc,cpu         ] GC(658) User=0.00s Sys=0.00s Real=0.02s
[2025-12-25T04:31:06.217+0000][521.857s][info][gc,start       ] GC(659) Pause Young (Allocation Failure)
[2025-12-25T04:31:06.222+0000][521.862s][info][gc,heap        ] GC(659) DefNew: 81521K(88512K)->3331K(88512K) Eden: 78720K(78720K)->0K(78720K) From: 2801K(9792K)->3331K(9792K)
[2025-12-25T04:31:06.222+0000][521.862s][info][gc,heap        ] GC(659) Tenured: 141335K(196608K)->141335K(196608K)
[2025-12-25T04:31:06.222+0000][521.862s][info][gc,metaspace   ] GC(659) Metaspace: 97523K(99136K)->97523K(99136K) NonClass: 84509K(85312K)->84509K(85312K) Class: 13013K(13824K)->13013K(13824K)
[2025-12-25T04:31:06.223+0000][521.863s][info][gc             ] GC(659) Pause Young (Allocation Failure) 217M->141M(278M) 6.080ms
[2025-12-25T04:31:06.223+0000][521.863s][info][gc,cpu         ] GC(659) User=0.01s Sys=0.00s Real=0.00s
[2025-12-25T04:31:06.358+0000][521.998s][info][gc,start       ] GC(660) Pause Young (Allocation Failure)
[2025-12-25T04:31:06.367+0000][522.007s][info][gc,heap        ] GC(660) DefNew: 82013K(88512K)->3688K(88512K) Eden: 78682K(78720K)->0K(78720K) From: 3331K(9792K)->3688K(9792K)
[2025-12-25T04:31:06.371+0000][522.011s][info][gc,heap        ] GC(660) Tenured: 141335K(196608K)->141335K(196608K)
[2025-12-25T04:31:06.371+0000][522.011s][info][gc,metaspace   ] GC(660) Metaspace: 97523K(99136K)->97523K(99136K) NonClass: 84509K(85312K)->84509K(85312K) Class: 13013K(13824K)->13013K(13824K)
[2025-12-25T04:31:06.371+0000][522.011s][info][gc             ] GC(660) Pause Young (Allocation Failure) 218M->141M(278M) 13.136ms
[2025-12-25T04:31:06.372+0000][522.012s][info][gc,cpu         ] GC(660) User=0.01s Sys=0.00s Real=0.01s
[2025-12-25T04:31:06.537+0000][522.177s][info][gc,start       ] GC(661) Pause Young (Allocation Failure)
[2025-12-25T04:31:06.547+0000][522.187s][info][gc,heap        ] GC(661) DefNew: 82408K(88512K)->2817K(88512K) Eden: 78720K(78720K)->0K(78720K) From: 3688K(9792K)->2817K(9792K)
[2025-12-25T04:31:06.549+0000][522.189s][info][gc,heap        ] GC(661) Tenured: 141335K(196608K)->141343K(196608K)
[2025-12-25T04:31:06.549+0000][522.189s][info][gc,metaspace   ] GC(661) Metaspace: 97523K(99136K)->97523K(99136K) NonClass: 84509K(85312K)->84509K(85312K) Class: 13013K(13824K)->13013K(13824K)
[2025-12-25T04:31:06.550+0000][522.190s][info][gc             ] GC(661) Pause Young (Allocation Failure) 218M->140M(278M) 12.951ms
[2025-12-25T04:31:06.550+0000][522.190s][info][gc,cpu         ] GC(661) User=0.01s Sys=0.00s Real=0.01s
[2025-12-25T04:31:06.664+0000][522.304s][info][gc,start       ] GC(662) Pause Young (Allocation Failure)
[2025-12-25T04:31:06.671+0000][522.311s][info][gc,heap        ] GC(662) DefNew: 81512K(88512K)->2748K(88512K) Eden: 78695K(78720K)->0K(78720K) From: 2817K(9792K)->2748K(9792K)
[2025-12-25T04:31:06.671+0000][522.311s][info][gc,heap        ] GC(662) Tenured: 141343K(196608K)->141350K(196608K)
[2025-12-25T04:31:06.672+0000][522.312s][info][gc,metaspace   ] GC(662) Metaspace: 97523K(99136K)->97523K(99136K) NonClass: 84509K(85312K)->84509K(85312K) Class: 13013K(13824K)->13013K(13824K)
[2025-12-25T04:31:06.672+0000][522.312s][info][gc             ] GC(662) Pause Young (Allocation Failure) 217M->140M(278M) 7.451ms
[2025-12-25T04:31:06.676+0000][522.315s][info][gc,cpu         ] GC(662) User=0.00s Sys=0.00s Real=0.02s
[2025-12-25T04:31:06.821+0000][522.461s][info][gc,start       ] GC(663) Pause Young (Allocation Failure)
[2025-12-25T04:31:06.833+0000][522.473s][info][gc,heap        ] GC(663) DefNew: 81468K(88512K)->3134K(88512K) Eden: 78720K(78720K)->0K(78720K) From: 2748K(9792K)->3134K(9792K)
[2025-12-25T04:31:06.836+0000][522.476s][info][gc,heap        ] GC(663) Tenured: 141350K(196608K)->141380K(196608K)
[2025-12-25T04:31:06.837+0000][522.477s][info][gc,metaspace   ] GC(663) Metaspace: 97523K(99136K)->97523K(99136K) NonClass: 84509K(85312K)->84509K(85312K) Class: 13013K(13824K)->13013K(13824K)
[2025-12-25T04:31:06.837+0000][522.477s][info][gc             ] GC(663) Pause Young (Allocation Failure) 217M->141M(278M) 16.029ms
[2025-12-25T04:31:06.838+0000][522.478s][info][gc,cpu         ] GC(663) User=0.00s Sys=0.00s Real=0.02s
[2025-12-25T04:31:06.954+0000][522.594s][info][gc,start       ] GC(664) Pause Young (Allocation Failure)
[2025-12-25T04:31:06.961+0000][522.601s][info][gc,heap        ] GC(664) DefNew: 81854K(88512K)->3872K(88512K) Eden: 78720K(78720K)->0K(78720K) From: 3134K(9792K)->3872K(9792K)
[2025-12-25T04:31:06.966+0000][522.606s][info][gc,heap        ] GC(664) Tenured: 141380K(196608K)->141580K(196608K)
[2025-12-25T04:31:06.967+0000][522.607s][info][gc,metaspace   ] GC(664) Metaspace: 97523K(99136K)->97523K(99136K) NonClass: 84509K(85312K)->84509K(85312K) Class: 13013K(13824K)->13013K(13824K)
[2025-12-25T04:31:06.968+0000][522.608s][info][gc             ] GC(664) Pause Young (Allocation Failure) 218M->142M(278M) 13.625ms
[2025-12-25T04:31:06.968+0000][522.608s][info][gc,cpu         ] GC(664) User=0.01s Sys=0.00s Real=0.02s
[2025-12-25T04:31:07.223+0000][522.863s][info][gc,start       ] GC(665) Pause Young (Allocation Failure)
[2025-12-25T04:31:07.234+0000][522.874s][info][gc,heap        ] GC(665) DefNew: 82592K(88512K)->4770K(88512K) Eden: 78720K(78720K)->0K(78720K) From: 3872K(9792K)->4770K(9792K)
[2025-12-25T04:31:07.234+0000][522.874s][info][gc,heap        ] GC(665) Tenured: 141580K(196608K)->141955K(196608K)
[2025-12-25T04:31:07.234+0000][522.874s][info][gc,metaspace   ] GC(665) Metaspace: 97528K(99136K)->97528K(99136K) NonClass: 84514K(85312K)->84514K(85312K) Class: 13013K(13824K)->13013K(13824K)
[2025-12-25T04:31:07.235+0000][522.875s][info][gc             ] GC(665) Pause Young (Allocation Failure) 218M->143M(278M) 12.130ms
[2025-12-25T04:31:07.235+0000][522.875s][info][gc,cpu         ] GC(665) User=0.01s Sys=0.00s Real=0.02s
[2025-12-25T04:31:07.544+0000][523.184s][info][gc,start       ] GC(666) Pause Young (Allocation Failure)
[2025-12-25T04:31:07.569+0000][523.209s][info][gc,heap        ] GC(666) DefNew: 83490K(88512K)->3853K(88512K) Eden: 78720K(78720K)->0K(78720K) From: 4770K(9792K)->3853K(9792K)
[2025-12-25T04:31:07.572+0000][523.212s][info][gc,heap        ] GC(666) Tenured: 141955K(196608K)->141955K(196608K)
[2025-12-25T04:31:07.575+0000][523.215s][info][gc,metaspace   ] GC(666) Metaspace: 97530K(99136K)->97530K(99136K) NonClass: 84516K(85312K)->84516K(85312K) Class: 13013K(13824K)->13013K(13824K)
[2025-12-25T04:31:07.578+0000][523.218s][info][gc             ] GC(666) Pause Young (Allocation Failure) 220M->142M(278M) 33.272ms
[2025-12-25T04:31:07.578+0000][523.218s][info][gc,cpu         ] GC(666) User=0.01s Sys=0.00s Real=0.03s
[2025-12-25T04:31:07.904+0000][523.544s][info][gc,start       ] GC(667) Pause Young (Allocation Failure)
[2025-12-25T04:31:07.944+0000][523.584s][info][gc,heap        ] GC(667) DefNew: 82573K(88512K)->2826K(88512K) Eden: 78720K(78720K)->0K(78720K) From: 3853K(9792K)->2826K(9792K)
[2025-12-25T04:31:07.945+0000][523.585s][info][gc,heap        ] GC(667) Tenured: 141955K(196608K)->141955K(196608K)
[2025-12-25T04:31:07.947+0000][523.587s][info][gc,metaspace   ] GC(667) Metaspace: 97530K(99136K)->97530K(99136K) NonClass: 84516K(85312K)->84516K(85312K) Class: 13013K(13824K)->13013K(13824K)
[2025-12-25T04:31:07.948+0000][523.588s][info][gc             ] GC(667) Pause Young (Allocation Failure) 219M->141M(278M) 43.833ms
[2025-12-25T04:31:07.948+0000][523.588s][info][gc,cpu         ] GC(667) User=0.03s Sys=0.01s Real=0.05s
[2025-12-25T04:31:08.142+0000][523.782s][info][gc,start       ] GC(668) Pause Young (Allocation Failure)
[2025-12-25T04:31:08.169+0000][523.809s][info][gc,heap        ] GC(668) DefNew: 81546K(88512K)->4333K(88512K) Eden: 78720K(78720K)->0K(78720K) From: 2826K(9792K)->4333K(9792K)
[2025-12-25T04:31:08.170+0000][523.810s][info][gc,heap        ] GC(668) Tenured: 141955K(196608K)->141955K(196608K)
[2025-12-25T04:31:08.170+0000][523.810s][info][gc,metaspace   ] GC(668) Metaspace: 97530K(99136K)->97530K(99136K) NonClass: 84516K(85312K)->84516K(85312K) Class: 13013K(13824K)->13013K(13824K)
[2025-12-25T04:31:08.171+0000][523.811s][info][gc             ] GC(668) Pause Young (Allocation Failure) 218M->142M(278M) 28.672ms
[2025-12-25T04:31:08.172+0000][523.812s][info][gc,cpu         ] GC(668) User=0.01s Sys=0.00s Real=0.03s
[2025-12-25T04:31:08.418+0000][524.058s][info][gc,start       ] GC(669) Pause Young (Allocation Failure)
[2025-12-25T04:31:08.431+0000][524.071s][info][gc,heap        ] GC(669) DefNew: 83053K(88512K)->4399K(88512K) Eden: 78720K(78720K)->0K(78720K) From: 4333K(9792K)->4399K(9792K)
[2025-12-25T04:31:08.431+0000][524.071s][info][gc,heap        ] GC(669) Tenured: 141955K(196608K)->141955K(196608K)
[2025-12-25T04:31:08.432+0000][524.072s][info][gc,metaspace   ] GC(669) Metaspace: 97530K(99136K)->97530K(99136K) NonClass: 84516K(85312K)->84516K(85312K) Class: 13013K(13824K)->13013K(13824K)
[2025-12-25T04:31:08.432+0000][524.072s][info][gc             ] GC(669) Pause Young (Allocation Failure) 219M->142M(278M) 14.377ms
[2025-12-25T04:31:08.437+0000][524.077s][info][gc,cpu         ] GC(669) User=0.01s Sys=0.00s Real=0.02s
[2025-12-25T04:31:08.607+0000][524.247s][info][gc,start       ] GC(670) Pause Young (Allocation Failure)
[2025-12-25T04:31:08.636+0000][524.276s][info][gc,heap        ] GC(670) DefNew: 83119K(88512K)->5228K(88512K) Eden: 78720K(78720K)->0K(78720K) From: 4399K(9792K)->5228K(9792K)
[2025-12-25T04:31:08.638+0000][524.278s][info][gc,heap        ] GC(670) Tenured: 141955K(196608K)->141956K(196608K)
[2025-12-25T04:31:08.638+0000][524.278s][info][gc,metaspace   ] GC(670) Metaspace: 97530K(99136K)->97530K(99136K) NonClass: 84516K(85312K)->84516K(85312K) Class: 13013K(13824K)->13013K(13824K)
[2025-12-25T04:31:08.639+0000][524.279s][info][gc             ] GC(670) Pause Young (Allocation Failure) 219M->143M(278M) 31.687ms
[2025-12-25T04:31:08.639+0000][524.279s][info][gc,cpu         ] GC(670) User=0.01s Sys=0.00s Real=0.03s
[2025-12-25T04:31:08.902+0000][524.542s][info][gc,start       ] GC(671) Pause Young (Allocation Failure)
[2025-12-25T04:31:08.916+0000][524.556s][info][gc,heap        ] GC(671) DefNew: 83948K(88512K)->3557K(88512K) Eden: 78720K(78720K)->0K(78720K) From: 5228K(9792K)->3557K(9792K)
[2025-12-25T04:31:08.917+0000][524.557s][info][gc,heap        ] GC(671) Tenured: 141956K(196608K)->142479K(196608K)
[2025-12-25T04:31:08.917+0000][524.557s][info][gc,metaspace   ] GC(671) Metaspace: 97530K(99136K)->97530K(99136K) NonClass: 84516K(85312K)->84516K(85312K) Class: 13013K(13824K)->13013K(13824K)
[2025-12-25T04:31:08.917+0000][524.557s][info][gc             ] GC(671) Pause Young (Allocation Failure) 220M->142M(278M) 15.256ms
[2025-12-25T04:31:08.920+0000][524.560s][info][gc,cpu         ] GC(671) User=0.00s Sys=0.01s Real=0.02s
[2025-12-25T04:31:09.105+0000][524.745s][info][gc,start       ] GC(672) Pause Young (Allocation Failure)
[2025-12-25T04:31:09.127+0000][524.767s][info][gc,heap        ] GC(672) DefNew: 82277K(88512K)->3234K(88512K) Eden: 78720K(78720K)->0K(78720K) From: 3557K(9792K)->3234K(9792K)
[2025-12-25T04:31:09.128+0000][524.768s][info][gc,heap        ] GC(672) Tenured: 142479K(196608K)->142479K(196608K)
[2025-12-25T04:31:09.130+0000][524.770s][info][gc,metaspace   ] GC(672) Metaspace: 97530K(99136K)->97530K(99136K) NonClass: 84516K(85312K)->84516K(85312K) Class: 13013K(13824K)->13013K(13824K)
[2025-12-25T04:31:09.130+0000][524.770s][info][gc             ] GC(672) Pause Young (Allocation Failure) 219M->142M(278M) 25.312ms
[2025-12-25T04:31:09.135+0000][524.775s][info][gc,cpu         ] GC(672) User=0.01s Sys=0.00s Real=0.03s
[2025-12-25T04:31:09.267+0000][524.907s][info][gc,start       ] GC(673) Pause Young (Allocation Failure)
[2025-12-25T04:31:09.280+0000][524.920s][info][gc,heap        ] GC(673) DefNew: 81954K(88512K)->2712K(88512K) Eden: 78719K(78720K)->0K(78720K) From: 3234K(9792K)->2712K(9792K)
[2025-12-25T04:31:09.281+0000][524.921s][info][gc,heap        ] GC(673) Tenured: 142479K(196608K)->142479K(196608K)
[2025-12-25T04:31:09.281+0000][524.921s][info][gc,metaspace   ] GC(673) Metaspace: 97530K(99136K)->97530K(99136K) NonClass: 84516K(85312K)->84516K(85312K) Class: 13013K(13824K)->13013K(13824K)
[2025-12-25T04:31:09.281+0000][524.921s][info][gc             ] GC(673) Pause Young (Allocation Failure) 219M->141M(278M) 14.089ms
[2025-12-25T04:31:09.282+0000][524.922s][info][gc,cpu         ] GC(673) User=0.00s Sys=0.00s Real=0.01s
[2025-12-25T04:31:09.544+0000][525.184s][info][gc,start       ] GC(674) Pause Young (Allocation Failure)
[2025-12-25T04:31:09.622+0000][525.262s][info][gc,heap        ] GC(674) DefNew: 81432K(88512K)->3014K(88512K) Eden: 78720K(78720K)->0K(78720K) From: 2712K(9792K)->3014K(9792K)
[2025-12-25T04:31:09.626+0000][525.266s][info][gc,heap        ] GC(674) Tenured: 142479K(196608K)->142479K(196608K)
[2025-12-25T04:31:09.626+0000][525.266s][info][gc,metaspace   ] GC(674) Metaspace: 97530K(99136K)->97530K(99136K) NonClass: 84516K(85312K)->84516K(85312K) Class: 13013K(13824K)->13013K(13824K)
[2025-12-25T04:31:09.626+0000][525.266s][info][gc             ] GC(674) Pause Young (Allocation Failure) 218M->142M(278M) 82.454ms
[2025-12-25T04:31:09.627+0000][525.267s][info][gc,cpu         ] GC(674) User=0.02s Sys=0.00s Real=0.09s
[2025-12-25T04:31:09.841+0000][525.481s][info][gc,start       ] GC(675) Pause Young (Allocation Failure)
[2025-12-25T04:31:09.861+0000][525.501s][info][gc,heap        ] GC(675) DefNew: 81734K(88512K)->3379K(88512K) Eden: 78720K(78720K)->0K(78720K) From: 3014K(9792K)->3379K(9792K)
[2025-12-25T04:31:09.861+0000][525.501s][info][gc,heap        ] GC(675) Tenured: 142479K(196608K)->142479K(196608K)
[2025-12-25T04:31:09.862+0000][525.502s][info][gc,metaspace   ] GC(675) Metaspace: 97530K(99136K)->97530K(99136K) NonClass: 84516K(85312K)->84516K(85312K) Class: 13013K(13824K)->13013K(13824K)
[2025-12-25T04:31:09.862+0000][525.502s][info][gc             ] GC(675) Pause Young (Allocation Failure) 218M->142M(278M) 20.856ms
[2025-12-25T04:31:09.863+0000][525.503s][info][gc,cpu         ] GC(675) User=0.01s Sys=0.00s Real=0.02s
[2025-12-25T04:31:10.032+0000][525.672s][info][gc,start       ] GC(676) Pause Young (Allocation Failure)
[2025-12-25T04:31:10.042+0000][525.682s][info][gc,heap        ] GC(676) DefNew: 82099K(88512K)->2831K(88512K) Eden: 78720K(78720K)->0K(78720K) From: 3379K(9792K)->2831K(9792K)
[2025-12-25T04:31:10.043+0000][525.683s][info][gc,heap        ] GC(676) Tenured: 142479K(196608K)->142479K(196608K)
[2025-12-25T04:31:10.043+0000][525.683s][info][gc,metaspace   ] GC(676) Metaspace: 97530K(99136K)->97530K(99136K) NonClass: 84516K(85312K)->84516K(85312K) Class: 13013K(13824K)->13013K(13824K)
[2025-12-25T04:31:10.048+0000][525.688s][info][gc             ] GC(676) Pause Young (Allocation Failure) 219M->141M(278M) 15.913ms
[2025-12-25T04:31:10.051+0000][525.691s][info][gc,cpu         ] GC(676) User=0.00s Sys=0.00s Real=0.02s
[2025-12-25T04:31:10.155+0000][525.795s][info][gc,start       ] GC(677) Pause Young (Allocation Failure)
[2025-12-25T04:31:10.161+0000][525.801s][info][gc,heap        ] GC(677) DefNew: 81551K(88512K)->3008K(88512K) Eden: 78720K(78720K)->0K(78720K) From: 2831K(9792K)->3008K(9792K)
[2025-12-25T04:31:10.164+0000][525.804s][info][gc,heap        ] GC(677) Tenured: 142479K(196608K)->142479K(196608K)
[2025-12-25T04:31:10.164+0000][525.804s][info][gc,metaspace   ] GC(677) Metaspace: 97530K(99136K)->97530K(99136K) NonClass: 84516K(85312K)->84516K(85312K) Class: 13013K(13824K)->13013K(13824K)
[2025-12-25T04:31:10.165+0000][525.805s][info][gc             ] GC(677) Pause Young (Allocation Failure) 218M->142M(278M) 9.778ms
[2025-12-25T04:31:10.165+0000][525.805s][info][gc,cpu         ] GC(677) User=0.01s Sys=0.00s Real=0.01s
[2025-12-25T04:31:10.317+0000][525.957s][info][gc,start       ] GC(678) Pause Young (Allocation Failure)
[2025-12-25T04:31:10.322+0000][525.962s][info][gc,heap        ] GC(678) DefNew: 81728K(88512K)->2734K(88512K) Eden: 78720K(78720K)->0K(78720K) From: 3008K(9792K)->2734K(9792K)
[2025-12-25T04:31:10.325+0000][525.965s][info][gc,heap        ] GC(678) Tenured: 142479K(196608K)->142479K(196608K)
[2025-12-25T04:31:10.325+0000][525.965s][info][gc,metaspace   ] GC(678) Metaspace: 97530K(99136K)->97530K(99136K) NonClass: 84516K(85312K)->84516K(85312K) Class: 13013K(13824K)->13013K(13824K)
[2025-12-25T04:31:10.326+0000][525.966s][info][gc             ] GC(678) Pause Young (Allocation Failure) 218M->141M(278M) 8.176ms
[2025-12-25T04:31:10.326+0000][525.966s][info][gc,cpu         ] GC(678) User=0.01s Sys=0.00s Real=0.01s
[2025-12-25T04:31:10.594+0000][526.234s][info][gc,start       ] GC(679) Pause Young (Allocation Failure)
[2025-12-25T04:31:10.629+0000][526.269s][info][gc,heap        ] GC(679) DefNew: 81454K(88512K)->2829K(88512K) Eden: 78720K(78720K)->0K(78720K) From: 2734K(9792K)->2829K(9792K)
[2025-12-25T04:31:10.629+0000][526.269s][info][gc,heap        ] GC(679) Tenured: 142479K(196608K)->142479K(196608K)
[2025-12-25T04:31:10.630+0000][526.270s][info][gc,metaspace   ] GC(679) Metaspace: 97530K(99136K)->97530K(99136K) NonClass: 84516K(85312K)->84516K(85312K) Class: 13013K(13824K)->13013K(13824K)
[2025-12-25T04:31:10.630+0000][526.270s][info][gc             ] GC(679) Pause Young (Allocation Failure) 218M->141M(278M) 36.511ms
[2025-12-25T04:31:10.631+0000][526.271s][info][gc,cpu         ] GC(679) User=0.01s Sys=0.00s Real=0.04s
[2025-12-25T04:31:10.742+0000][526.382s][info][gc,start       ] GC(680) Pause Young (Allocation Failure)
[2025-12-25T04:31:10.758+0000][526.398s][info][gc,heap        ] GC(680) DefNew: 81549K(88512K)->3665K(88512K) Eden: 78719K(78720K)->0K(78720K) From: 2829K(9792K)->3665K(9792K)
[2025-12-25T04:31:10.758+0000][526.398s][info][gc,heap        ] GC(680) Tenured: 142479K(196608K)->142479K(196608K)
[2025-12-25T04:31:10.759+0000][526.399s][info][gc,metaspace   ] GC(680) Metaspace: 97530K(99136K)->97530K(99136K) NonClass: 84516K(85312K)->84516K(85312K) Class: 13013K(13824K)->13013K(13824K)
[2025-12-25T04:31:10.760+0000][526.400s][info][gc             ] GC(680) Pause Young (Allocation Failure) 218M->142M(278M) 17.813ms
[2025-12-25T04:31:10.761+0000][526.401s][info][gc,cpu         ] GC(680) User=0.01s Sys=0.00s Real=0.02s
[2025-12-25T04:31:10.910+0000][526.550s][info][gc,start       ] GC(681) Pause Young (Allocation Failure)
[2025-12-25T04:31:10.937+0000][526.577s][info][gc,heap        ] GC(681) DefNew: 82385K(88512K)->3791K(88512K) Eden: 78720K(78720K)->0K(78720K) From: 3665K(9792K)->3791K(9792K)
[2025-12-25T04:31:10.938+0000][526.578s][info][gc,heap        ] GC(681) Tenured: 142479K(196608K)->142479K(196608K)
[2025-12-25T04:31:10.938+0000][526.578s][info][gc,metaspace   ] GC(681) Metaspace: 97530K(99136K)->97530K(99136K) NonClass: 84516K(85312K)->84516K(85312K) Class: 13013K(13824K)->13013K(13824K)
[2025-12-25T04:31:10.939+0000][526.579s][info][gc             ] GC(681) Pause Young (Allocation Failure) 219M->142M(278M) 28.929ms
[2025-12-25T04:31:10.940+0000][526.580s][info][gc,cpu         ] GC(681) User=0.01s Sys=0.00s Real=0.03s
[2025-12-25T04:31:11.071+0000][526.711s][info][gc,start       ] GC(682) Pause Young (Allocation Failure)
[2025-12-25T04:31:11.107+0000][526.747s][info][gc,heap        ] GC(682) DefNew: 82511K(88512K)->4215K(88512K) Eden: 78720K(78720K)->0K(78720K) From: 3791K(9792K)->4215K(9792K)
[2025-12-25T04:31:11.110+0000][526.750s][info][gc,heap        ] GC(682) Tenured: 142479K(196608K)->142803K(196608K)
[2025-12-25T04:31:11.111+0000][526.751s][info][gc,metaspace   ] GC(682) Metaspace: 97530K(99136K)->97530K(99136K) NonClass: 84516K(85312K)->84516K(85312K) Class: 13013K(13824K)->13013K(13824K)
[2025-12-25T04:31:11.113+0000][526.753s][info][gc             ] GC(682) Pause Young (Allocation Failure) 219M->143M(278M) 41.818ms
[2025-12-25T04:31:11.114+0000][526.754s][info][gc,cpu         ] GC(682) User=0.01s Sys=0.01s Real=0.04s
[2025-12-25T04:31:11.256+0000][526.896s][info][gc,start       ] GC(683) Pause Young (Allocation Failure)
[2025-12-25T04:31:11.267+0000][526.907s][info][gc,heap        ] GC(683) DefNew: 82890K(88512K)->2991K(88512K) Eden: 78675K(78720K)->0K(78720K) From: 4215K(9792K)->2991K(9792K)
[2025-12-25T04:31:11.270+0000][526.910s][info][gc,heap        ] GC(683) Tenured: 142803K(196608K)->142803K(196608K)
[2025-12-25T04:31:11.271+0000][526.911s][info][gc,metaspace   ] GC(683) Metaspace: 97530K(99136K)->97530K(99136K) NonClass: 84516K(85312K)->84516K(85312K) Class: 13013K(13824K)->13013K(13824K)
[2025-12-25T04:31:11.271+0000][526.911s][info][gc             ] GC(683) Pause Young (Allocation Failure) 220M->142M(278M) 15.253ms
[2025-12-25T04:31:11.272+0000][526.912s][info][gc,cpu         ] GC(683) User=0.00s Sys=0.00s Real=0.01s
[2025-12-25T04:31:11.385+0000][527.025s][info][gc,start       ] GC(684) Pause Young (Allocation Failure)
[2025-12-25T04:31:11.423+0000][527.063s][info][gc,heap        ] GC(684) DefNew: 81711K(88512K)->2771K(88512K) Eden: 78720K(78720K)->0K(78720K) From: 2991K(9792K)->2771K(9792K)
[2025-12-25T04:31:11.426+0000][527.066s][info][gc,heap        ] GC(684) Tenured: 142803K(196608K)->142878K(196608K)
[2025-12-25T04:31:11.426+0000][527.066s][info][gc,metaspace   ] GC(684) Metaspace: 97540K(99136K)->97540K(99136K) NonClass: 84527K(85312K)->84527K(85312K) Class: 13013K(13824K)->13013K(13824K)
[2025-12-25T04:31:11.426+0000][527.066s][info][gc             ] GC(684) Pause Young (Allocation Failure) 219M->142M(278M) 40.665ms
[2025-12-25T04:31:11.431+0000][527.071s][info][gc,cpu         ] GC(684) User=0.01s Sys=0.00s Real=0.04s
[2025-12-25T04:31:11.513+0000][527.153s][info][gc,start       ] GC(685) Pause Young (Allocation Failure)
[2025-12-25T04:31:11.529+0000][527.169s][info][gc,heap        ] GC(685) DefNew: 81491K(88512K)->4435K(88512K) Eden: 78719K(78720K)->0K(78720K) From: 2771K(9792K)->4435K(9792K)
[2025-12-25T04:31:11.532+0000][527.171s][info][gc,heap        ] GC(685) Tenured: 142878K(196608K)->142879K(196608K)
[2025-12-25T04:31:11.532+0000][527.172s][info][gc,metaspace   ] GC(685) Metaspace: 97544K(99136K)->97544K(99136K) NonClass: 84531K(85312K)->84531K(85312K) Class: 13013K(13824K)->13013K(13824K)
[2025-12-25T04:31:11.533+0000][527.173s][info][gc             ] GC(685) Pause Young (Allocation Failure) 219M->143M(278M) 19.510ms
[2025-12-25T04:31:11.533+0000][527.173s][info][gc,cpu         ] GC(685) User=0.01s Sys=0.00s Real=0.02s
[2025-12-25T04:31:11.736+0000][527.376s][info][gc,start       ] GC(686) Pause Young (Allocation Failure)
[2025-12-25T04:31:11.747+0000][527.387s][info][gc,heap        ] GC(686) DefNew: 83155K(88512K)->3189K(88512K) Eden: 78720K(78720K)->0K(78720K) From: 4435K(9792K)->3189K(9792K)
[2025-12-25T04:31:11.748+0000][527.388s][info][gc,heap        ] GC(686) Tenured: 142879K(196608K)->142879K(196608K)
[2025-12-25T04:31:11.748+0000][527.388s][info][gc,metaspace   ] GC(686) Metaspace: 97547K(99136K)->97547K(99136K) NonClass: 84533K(85312K)->84533K(85312K) Class: 13013K(13824K)->13013K(13824K)
[2025-12-25T04:31:11.750+0000][527.390s][info][gc             ] GC(686) Pause Young (Allocation Failure) 220M->142M(278M) 14.220ms
[2025-12-25T04:31:11.751+0000][527.391s][info][gc,cpu         ] GC(686) User=0.01s Sys=0.01s Real=0.01s
[2025-12-25T04:31:11.903+0000][527.543s][info][gc,start       ] GC(687) Pause Young (Allocation Failure)
[2025-12-25T04:31:11.911+0000][527.551s][info][gc,heap        ] GC(687) DefNew: 81909K(88512K)->2239K(88512K) Eden: 78720K(78720K)->0K(78720K) From: 3189K(9792K)->2239K(9792K)
[2025-12-25T04:31:11.911+0000][527.551s][info][gc,heap        ] GC(687) Tenured: 142879K(196608K)->142911K(196608K)
[2025-12-25T04:31:11.911+0000][527.551s][info][gc,metaspace   ] GC(687) Metaspace: 97547K(99136K)->97547K(99136K) NonClass: 84533K(85312K)->84533K(85312K) Class: 13013K(13824K)->13013K(13824K)
[2025-12-25T04:31:11.912+0000][527.552s][info][gc             ] GC(687) Pause Young (Allocation Failure) 219M->141M(278M) 8.822ms
[2025-12-25T04:31:11.912+0000][527.552s][info][gc,cpu         ] GC(687) User=0.01s Sys=0.00s Real=0.01s
[2025-12-25T04:31:12.152+0000][527.792s][info][gc,start       ] GC(688) Pause Young (Allocation Failure)
[2025-12-25T04:31:12.164+0000][527.804s][info][gc,heap        ] GC(688) DefNew: 80959K(88512K)->2610K(88512K) Eden: 78720K(78720K)->0K(78720K) From: 2239K(9792K)->2610K(9792K)
[2025-12-25T04:31:12.164+0000][527.804s][info][gc,heap        ] GC(688) Tenured: 142911K(196608K)->142941K(196608K)
[2025-12-25T04:31:12.165+0000][527.805s][info][gc,metaspace   ] GC(688) Metaspace: 97552K(99136K)->97552K(99136K) NonClass: 84538K(85312K)->84538K(85312K) Class: 13013K(13824K)->13013K(13824K)
[2025-12-25T04:31:12.165+0000][527.805s][info][gc             ] GC(688) Pause Young (Allocation Failure) 218M->142M(278M) 13.063ms
[2025-12-25T04:31:12.166+0000][527.806s][info][gc,cpu         ] GC(688) User=0.01s Sys=0.00s Real=0.02s
[2025-12-25T04:31:12.305+0000][527.945s][info][gc,start       ] GC(689) Pause Young (Allocation Failure)
[2025-12-25T04:31:12.318+0000][527.958s][info][gc,heap        ] GC(689) DefNew: 81330K(88512K)->3292K(88512K) Eden: 78720K(78720K)->0K(78720K) From: 2610K(9792K)->3292K(9792K)
[2025-12-25T04:31:12.319+0000][527.959s][info][gc,heap        ] GC(689) Tenured: 142941K(196608K)->142942K(196608K)
[2025-12-25T04:31:12.320+0000][527.960s][info][gc,metaspace   ] GC(689) Metaspace: 97552K(99136K)->97552K(99136K) NonClass: 84538K(85312K)->84538K(85312K) Class: 13013K(13824K)->13013K(13824K)
[2025-12-25T04:31:12.320+0000][527.960s][info][gc             ] GC(689) Pause Young (Allocation Failure) 219M->142M(278M) 14.658ms
[2025-12-25T04:31:12.321+0000][527.961s][info][gc,cpu         ] GC(689) User=0.01s Sys=0.00s Real=0.01s
[2025-12-25T04:31:12.478+0000][528.118s][info][gc,start       ] GC(690) Pause Young (Allocation Failure)
[2025-12-25T04:31:12.493+0000][528.133s][info][gc,heap        ] GC(690) DefNew: 82012K(88512K)->3148K(88512K) Eden: 78720K(78720K)->0K(78720K) From: 3292K(9792K)->3148K(9792K)
[2025-12-25T04:31:12.493+0000][528.133s][info][gc,heap        ] GC(690) Tenured: 142942K(196608K)->143039K(196608K)
[2025-12-25T04:31:12.493+0000][528.133s][info][gc,metaspace   ] GC(690) Metaspace: 97552K(99136K)->97552K(99136K) NonClass: 84538K(85312K)->84538K(85312K) Class: 13013K(13824K)->13013K(13824K)
[2025-12-25T04:31:12.493+0000][528.133s][info][gc             ] GC(690) Pause Young (Allocation Failure) 219M->142M(278M) 15.293ms
[2025-12-25T04:31:12.493+0000][528.133s][info][gc,cpu         ] GC(690) User=0.01s Sys=0.00s Real=0.01s
[2025-12-25T04:31:12.637+0000][528.277s][info][gc,start       ] GC(691) Pause Young (Allocation Failure)
[2025-12-25T04:31:12.648+0000][528.288s][info][gc,heap        ] GC(691) DefNew: 81868K(88512K)->3584K(88512K) Eden: 78720K(78720K)->0K(78720K) From: 3148K(9792K)->3584K(9792K)
[2025-12-25T04:31:12.650+0000][528.290s][info][gc,heap        ] GC(691) Tenured: 143039K(196608K)->143129K(196608K)
[2025-12-25T04:31:12.651+0000][528.291s][info][gc,metaspace   ] GC(691) Metaspace: 97552K(99136K)->97552K(99136K) NonClass: 84538K(85312K)->84538K(85312K) Class: 13013K(13824K)->13013K(13824K)
[2025-12-25T04:31:12.651+0000][528.291s][info][gc             ] GC(691) Pause Young (Allocation Failure) 219M->143M(278M) 14.579ms
[2025-12-25T04:31:12.654+0000][528.294s][info][gc,cpu         ] GC(691) User=0.01s Sys=0.00s Real=0.01s
[2025-12-25T04:31:13.007+0000][528.647s][info][gc,start       ] GC(692) Pause Young (Allocation Failure)
[2025-12-25T04:31:13.024+0000][528.664s][info][gc,heap        ] GC(692) DefNew: 82304K(88512K)->3132K(88512K) Eden: 78720K(78720K)->0K(78720K) From: 3584K(9792K)->3132K(9792K)
[2025-12-25T04:31:13.025+0000][528.665s][info][gc,heap        ] GC(692) Tenured: 143129K(196608K)->143129K(196608K)
[2025-12-25T04:31:13.025+0000][528.665s][info][gc,metaspace   ] GC(692) Metaspace: 97552K(99136K)->97552K(99136K) NonClass: 84538K(85312K)->84538K(85312K) Class: 13013K(13824K)->13013K(13824K)
[2025-12-25T04:31:13.026+0000][528.666s][info][gc             ] GC(692) Pause Young (Allocation Failure) 220M->142M(278M) 19.060ms
[2025-12-25T04:31:13.027+0000][528.667s][info][gc,cpu         ] GC(692) User=0.02s Sys=0.00s Real=0.02s
[2025-12-25T04:31:13.265+0000][528.905s][info][gc,start       ] GC(693) Pause Young (Allocation Failure)
[2025-12-25T04:31:13.281+0000][528.921s][info][gc,heap        ] GC(693) DefNew: 81852K(88512K)->2542K(88512K) Eden: 78719K(78720K)->0K(78720K) From: 3132K(9792K)->2542K(9792K)
[2025-12-25T04:31:13.281+0000][528.921s][info][gc,heap        ] GC(693) Tenured: 143129K(196608K)->143129K(196608K)
[2025-12-25T04:31:13.281+0000][528.921s][info][gc,metaspace   ] GC(693) Metaspace: 97552K(99136K)->97552K(99136K) NonClass: 84538K(85312K)->84538K(85312K) Class: 13013K(13824K)->13013K(13824K)
[2025-12-25T04:31:13.282+0000][528.922s][info][gc             ] GC(693) Pause Young (Allocation Failure) 219M->142M(278M) 16.591ms
[2025-12-25T04:31:13.282+0000][528.922s][info][gc,cpu         ] GC(693) User=0.01s Sys=0.00s Real=0.01s
[2025-12-25T04:31:13.433+0000][529.073s][info][gc,start       ] GC(694) Pause Young (Allocation Failure)
[2025-12-25T04:31:13.443+0000][529.083s][info][gc,heap        ] GC(694) DefNew: 81262K(88512K)->2937K(88512K) Eden: 78720K(78720K)->0K(78720K) From: 2542K(9792K)->2937K(9792K)
[2025-12-25T04:31:13.446+0000][529.086s][info][gc,heap        ] GC(694) Tenured: 143129K(196608K)->143130K(196608K)
[2025-12-25T04:31:13.446+0000][529.086s][info][gc,metaspace   ] GC(694) Metaspace: 97552K(99136K)->97552K(99136K) NonClass: 84538K(85312K)->84538K(85312K) Class: 13013K(13824K)->13013K(13824K)
[2025-12-25T04:31:13.446+0000][529.086s][info][gc             ] GC(694) Pause Young (Allocation Failure) 219M->142M(278M) 13.566ms
[2025-12-25T04:31:13.447+0000][529.087s][info][gc,cpu         ] GC(694) User=0.01s Sys=0.00s Real=0.02s
[2025-12-25T04:31:13.611+0000][529.251s][info][gc,start       ] GC(695) Pause Young (Allocation Failure)
[2025-12-25T04:31:13.625+0000][529.265s][info][gc,heap        ] GC(695) DefNew: 81657K(88512K)->2911K(88512K) Eden: 78720K(78720K)->0K(78720K) From: 2937K(9792K)->2911K(9792K)
[2025-12-25T04:31:13.626+0000][529.266s][info][gc,heap        ] GC(695) Tenured: 143130K(196608K)->143355K(196608K)
[2025-12-25T04:31:13.626+0000][529.266s][info][gc,metaspace   ] GC(695) Metaspace: 97552K(99136K)->97552K(99136K) NonClass: 84538K(85312K)->84538K(85312K) Class: 13013K(13824K)->13013K(13824K)
[2025-12-25T04:31:13.628+0000][529.268s][info][gc             ] GC(695) Pause Young (Allocation Failure) 219M->142M(278M) 16.873ms
[2025-12-25T04:31:13.630+0000][529.270s][info][gc,cpu         ] GC(695) User=0.01s Sys=0.00s Real=0.02s
[2025-12-25T04:31:13.801+0000][529.441s][info][gc,start       ] GC(696) Pause Young (Allocation Failure)
[2025-12-25T04:31:13.808+0000][529.448s][info][gc,heap        ] GC(696) DefNew: 81631K(88512K)->2899K(88512K) Eden: 78720K(78720K)->0K(78720K) From: 2911K(9792K)->2899K(9792K)
[2025-12-25T04:31:13.808+0000][529.448s][info][gc,heap        ] GC(696) Tenured: 143355K(196608K)->143371K(196608K)
[2025-12-25T04:31:13.809+0000][529.449s][info][gc,metaspace   ] GC(696) Metaspace: 97552K(99136K)->97552K(99136K) NonClass: 84538K(85312K)->84538K(85312K) Class: 13013K(13824K)->13013K(13824K)
[2025-12-25T04:31:13.812+0000][529.452s][info][gc             ] GC(696) Pause Young (Allocation Failure) 219M->142M(278M) 11.068ms
[2025-12-25T04:31:13.812+0000][529.452s][info][gc,cpu         ] GC(696) User=0.00s Sys=0.00s Real=0.01s
[2025-12-25T04:31:13.951+0000][529.591s][info][gc,start       ] GC(697) Pause Young (Allocation Failure)
[2025-12-25T04:31:13.955+0000][529.595s][info][gc,heap        ] GC(697) DefNew: 81604K(88512K)->2706K(88512K) Eden: 78704K(78720K)->0K(78720K) From: 2899K(9792K)->2706K(9792K)
[2025-12-25T04:31:13.956+0000][529.596s][info][gc,heap        ] GC(697) Tenured: 143371K(196608K)->143556K(196608K)
[2025-12-25T04:31:13.956+0000][529.596s][info][gc,metaspace   ] GC(697) Metaspace: 97552K(99136K)->97552K(99136K) NonClass: 84538K(85312K)->84538K(85312K) Class: 13013K(13824K)->13013K(13824K)
[2025-12-25T04:31:13.956+0000][529.596s][info][gc             ] GC(697) Pause Young (Allocation Failure) 219M->142M(278M) 5.290ms
[2025-12-25T04:31:13.957+0000][529.597s][info][gc,cpu         ] GC(697) User=0.00s Sys=0.00s Real=0.01s
[2025-12-25T04:31:14.109+0000][529.749s][info][gc,start       ] GC(698) Pause Young (Allocation Failure)
[2025-12-25T04:31:14.124+0000][529.764s][info][gc,heap        ] GC(698) DefNew: 81426K(88512K)->2817K(88512K) Eden: 78720K(78720K)->0K(78720K) From: 2706K(9792K)->2817K(9792K)
[2025-12-25T04:31:14.125+0000][529.765s][info][gc,heap        ] GC(698) Tenured: 143556K(196608K)->143579K(196608K)
[2025-12-25T04:31:14.125+0000][529.765s][info][gc,metaspace   ] GC(698) Metaspace: 97552K(99136K)->97552K(99136K) NonClass: 84538K(85312K)->84538K(85312K) Class: 13013K(13824K)->13013K(13824K)
[2025-12-25T04:31:14.126+0000][529.766s][info][gc             ] GC(698) Pause Young (Allocation Failure) 219M->142M(278M) 16.517ms
[2025-12-25T04:31:14.130+0000][529.770s][info][gc,cpu         ] GC(698) User=0.01s Sys=0.00s Real=0.02s
[2025-12-25T04:31:14.309+0000][529.949s][info][gc,start       ] GC(699) Pause Young (Allocation Failure)
[2025-12-25T04:31:14.320+0000][529.960s][info][gc,heap        ] GC(699) DefNew: 81537K(88512K)->3990K(88512K) Eden: 78720K(78720K)->0K(78720K) From: 2817K(9792K)->3990K(9792K)
[2025-12-25T04:31:14.323+0000][529.963s][info][gc,heap        ] GC(699) Tenured: 143579K(196608K)->143619K(196608K)
[2025-12-25T04:31:14.325+0000][529.965s][info][gc,metaspace   ] GC(699) Metaspace: 97552K(99136K)->97552K(99136K) NonClass: 84538K(85312K)->84538K(85312K) Class: 13013K(13824K)->13013K(13824K)
[2025-12-25T04:31:14.332+0000][529.972s][info][gc             ] GC(699) Pause Young (Allocation Failure) 219M->144M(278M) 23.204ms
[2025-12-25T04:31:14.333+0000][529.973s][info][gc,cpu         ] GC(699) User=0.01s Sys=0.00s Real=0.02s
[2025-12-25T04:31:14.653+0000][530.293s][info][gc,start       ] GC(700) Pause Young (Allocation Failure)
[2025-12-25T04:31:14.692+0000][530.332s][info][gc,heap        ] GC(700) DefNew: 82710K(88512K)->3437K(88512K) Eden: 78720K(78720K)->0K(78720K) From: 3990K(9792K)->3437K(9792K)
[2025-12-25T04:31:14.692+0000][530.332s][info][gc,heap        ] GC(700) Tenured: 143619K(196608K)->143660K(196608K)
[2025-12-25T04:31:14.693+0000][530.333s][info][gc,metaspace   ] GC(700) Metaspace: 97552K(99136K)->97552K(99136K) NonClass: 84538K(85312K)->84538K(85312K) Class: 13013K(13824K)->13013K(13824K)
[2025-12-25T04:31:14.693+0000][530.333s][info][gc             ] GC(700) Pause Young (Allocation Failure) 221M->143M(278M) 40.359ms
[2025-12-25T04:31:14.694+0000][530.334s][info][gc,cpu         ] GC(700) User=0.02s Sys=0.00s Real=0.04s
[2025-12-25T04:31:14.917+0000][530.557s][info][gc,start       ] GC(701) Pause Young (Allocation Failure)
[2025-12-25T04:31:14.925+0000][530.565s][info][gc,heap        ] GC(701) DefNew: 82157K(88512K)->4217K(88512K) Eden: 78720K(78720K)->0K(78720K) From: 3437K(9792K)->4217K(9792K)
[2025-12-25T04:31:14.925+0000][530.565s][info][gc,heap        ] GC(701) Tenured: 143660K(196608K)->143673K(196608K)
[2025-12-25T04:31:14.925+0000][530.565s][info][gc,metaspace   ] GC(701) Metaspace: 97552K(99136K)->97552K(99136K) NonClass: 84538K(85312K)->84538K(85312K) Class: 13013K(13824K)->13013K(13824K)
[2025-12-25T04:31:14.926+0000][530.566s][info][gc             ] GC(701) Pause Young (Allocation Failure) 220M->144M(278M) 8.669ms
[2025-12-25T04:31:14.926+0000][530.566s][info][gc,cpu         ] GC(701) User=0.01s Sys=0.00s Real=0.01s
[2025-12-25T04:31:15.186+0000][530.826s][info][gc,start       ] GC(702) Pause Young (Allocation Failure)
[2025-12-25T04:31:15.206+0000][530.846s][info][gc,heap        ] GC(702) DefNew: 82937K(88512K)->3420K(88512K) Eden: 78720K(78720K)->0K(78720K) From: 4217K(9792K)->3420K(9792K)
[2025-12-25T04:31:15.214+0000][530.854s][info][gc,heap        ] GC(702) Tenured: 143673K(196608K)->143673K(196608K)
[2025-12-25T04:31:15.215+0000][530.855s][info][gc,metaspace   ] GC(702) Metaspace: 97555K(99136K)->97555K(99136K) NonClass: 84541K(85312K)->84541K(85312K) Class: 13013K(13824K)->13013K(13824K)
[2025-12-25T04:31:15.217+0000][530.857s][info][gc             ] GC(702) Pause Young (Allocation Failure) 221M->143M(278M) 30.929ms
[2025-12-25T04:31:15.218+0000][530.858s][info][gc,cpu         ] GC(702) User=0.01s Sys=0.00s Real=0.03s
[2025-12-25T04:31:15.583+0000][531.223s][info][gc,start       ] GC(703) Pause Young (Allocation Failure)
[2025-12-25T04:31:15.622+0000][531.262s][info][gc,heap        ] GC(703) DefNew: 82140K(88512K)->4126K(88512K) Eden: 78720K(78720K)->0K(78720K) From: 3420K(9792K)->4126K(9792K)
[2025-12-25T04:31:15.624+0000][531.264s][info][gc,heap        ] GC(703) Tenured: 143673K(196608K)->143683K(196608K)
[2025-12-25T04:31:15.625+0000][531.265s][info][gc,metaspace   ] GC(703) Metaspace: 97555K(99136K)->97555K(99136K) NonClass: 84541K(85312K)->84541K(85312K) Class: 13013K(13824K)->13013K(13824K)
[2025-12-25T04:31:15.634+0000][531.274s][info][gc             ] GC(703) Pause Young (Allocation Failure) 220M->144M(278M) 51.435ms
[2025-12-25T04:31:15.636+0000][531.276s][info][gc,cpu         ] GC(703) User=0.02s Sys=0.00s Real=0.06s
[2025-12-25T04:31:15.788+0000][531.428s][info][gc,start       ] GC(704) Pause Young (Allocation Failure)
[2025-12-25T04:31:15.802+0000][531.442s][info][gc,heap        ] GC(704) DefNew: 82846K(88512K)->2890K(88512K) Eden: 78720K(78720K)->0K(78720K) From: 4126K(9792K)->2890K(9792K)
[2025-12-25T04:31:15.804+0000][531.444s][info][gc,heap        ] GC(704) Tenured: 143683K(196608K)->143700K(196608K)
[2025-12-25T04:31:15.804+0000][531.444s][info][gc,metaspace   ] GC(704) Metaspace: 97555K(99136K)->97555K(99136K) NonClass: 84541K(85312K)->84541K(85312K) Class: 13013K(13824K)->13013K(13824K)
[2025-12-25T04:31:15.806+0000][531.446s][info][gc             ] GC(704) Pause Young (Allocation Failure) 221M->143M(278M) 17.901ms
[2025-12-25T04:31:15.807+0000][531.447s][info][gc,cpu         ] GC(704) User=0.01s Sys=0.00s Real=0.02s
[2025-12-25T04:31:15.985+0000][531.625s][info][gc,start       ] GC(705) Pause Young (Allocation Failure)
[2025-12-25T04:31:15.993+0000][531.633s][info][gc,heap        ] GC(705) DefNew: 81610K(88512K)->3413K(88512K) Eden: 78720K(78720K)->0K(78720K) From: 2890K(9792K)->3413K(9792K)
[2025-12-25T04:31:15.993+0000][531.633s][info][gc,heap        ] GC(705) Tenured: 143700K(196608K)->143700K(196608K)
[2025-12-25T04:31:15.994+0000][531.634s][info][gc,metaspace   ] GC(705) Metaspace: 97555K(99136K)->97555K(99136K) NonClass: 84541K(85312K)->84541K(85312K) Class: 13013K(13824K)->13013K(13824K)
[2025-12-25T04:31:15.994+0000][531.634s][info][gc             ] GC(705) Pause Young (Allocation Failure) 220M->143M(278M) 9.106ms
[2025-12-25T04:31:15.994+0000][531.634s][info][gc,cpu         ] GC(705) User=0.01s Sys=0.00s Real=0.00s
[2025-12-25T04:31:16.153+0000][531.793s][info][gc,start       ] GC(706) Pause Young (Allocation Failure)
[2025-12-25T04:31:16.171+0000][531.811s][info][gc,heap        ] GC(706) DefNew: 82133K(88512K)->4007K(88512K) Eden: 78720K(78720K)->0K(78720K) From: 3413K(9792K)->4007K(9792K)
[2025-12-25T04:31:16.172+0000][531.812s][info][gc,heap        ] GC(706) Tenured: 143700K(196608K)->143700K(196608K)
[2025-12-25T04:31:16.173+0000][531.813s][info][gc,metaspace   ] GC(706) Metaspace: 97555K(99136K)->97555K(99136K) NonClass: 84541K(85312K)->84541K(85312K) Class: 13013K(13824K)->13013K(13824K)
[2025-12-25T04:31:16.175+0000][531.815s][info][gc             ] GC(706) Pause Young (Allocation Failure) 220M->144M(278M) 22.071ms
[2025-12-25T04:31:16.176+0000][531.816s][info][gc,cpu         ] GC(706) User=0.00s Sys=0.00s Real=0.03s
[2025-12-25T04:31:16.343+0000][531.983s][info][gc,start       ] GC(707) Pause Young (Allocation Failure)
[2025-12-25T04:31:16.351+0000][531.991s][info][gc,heap        ] GC(707) DefNew: 82727K(88512K)->3289K(88512K) Eden: 78720K(78720K)->0K(78720K) From: 4007K(9792K)->3289K(9792K)
[2025-12-25T04:31:16.351+0000][531.991s][info][gc,heap        ] GC(707) Tenured: 143700K(196608K)->143749K(196608K)
[2025-12-25T04:31:16.352+0000][531.992s][info][gc,metaspace   ] GC(707) Metaspace: 97555K(99136K)->97555K(99136K) NonClass: 84541K(85312K)->84541K(85312K) Class: 13013K(13824K)->13013K(13824K)
[2025-12-25T04:31:16.352+0000][531.992s][info][gc             ] GC(707) Pause Young (Allocation Failure) 221M->143M(278M) 8.929ms
[2025-12-25T04:31:16.353+0000][531.993s][info][gc,cpu         ] GC(707) User=0.01s Sys=0.00s Real=0.01s
[2025-12-25T04:31:16.473+0000][532.113s][info][gc,start       ] GC(708) Pause Young (Allocation Failure)
[2025-12-25T04:31:16.479+0000][532.119s][info][gc,heap        ] GC(708) DefNew: 82009K(88512K)->4295K(88512K) Eden: 78720K(78720K)->0K(78720K) From: 3289K(9792K)->4295K(9792K)
[2025-12-25T04:31:16.480+0000][532.120s][info][gc,heap        ] GC(708) Tenured: 143749K(196608K)->143749K(196608K)
[2025-12-25T04:31:16.480+0000][532.120s][info][gc,metaspace   ] GC(708) Metaspace: 97555K(99136K)->97555K(99136K) NonClass: 84541K(85312K)->84541K(85312K) Class: 13013K(13824K)->13013K(13824K)
[2025-12-25T04:31:16.480+0000][532.120s][info][gc             ] GC(708) Pause Young (Allocation Failure) 220M->144M(278M) 6.641ms
[2025-12-25T04:31:16.480+0000][532.120s][info][gc,cpu         ] GC(708) User=0.00s Sys=0.00s Real=0.01s
[2025-12-25T04:31:16.644+0000][532.284s][info][gc,start       ] GC(709) Pause Young (Allocation Failure)
[2025-12-25T04:31:16.656+0000][532.296s][info][gc,heap        ] GC(709) DefNew: 83015K(88512K)->3522K(88512K) Eden: 78720K(78720K)->0K(78720K) From: 4295K(9792K)->3522K(9792K)
[2025-12-25T04:31:16.656+0000][532.296s][info][gc,heap        ] GC(709) Tenured: 143749K(196608K)->143838K(196608K)
[2025-12-25T04:31:16.657+0000][532.297s][info][gc,metaspace   ] GC(709) Metaspace: 97555K(99136K)->97555K(99136K) NonClass: 84541K(85312K)->84541K(85312K) Class: 13013K(13824K)->13013K(13824K)
[2025-12-25T04:31:16.658+0000][532.298s][info][gc             ] GC(709) Pause Young (Allocation Failure) 221M->143M(278M) 13.200ms
[2025-12-25T04:31:16.661+0000][532.301s][info][gc,cpu         ] GC(709) User=0.00s Sys=0.00s Real=0.02s
[2025-12-25T04:31:16.826+0000][532.466s][info][gc,start       ] GC(710) Pause Young (Allocation Failure)
[2025-12-25T04:31:16.835+0000][532.475s][info][gc,heap        ] GC(710) DefNew: 82242K(88512K)->3959K(88512K) Eden: 78720K(78720K)->0K(78720K) From: 3522K(9792K)->3959K(9792K)
[2025-12-25T04:31:16.835+0000][532.475s][info][gc,heap        ] GC(710) Tenured: 143838K(196608K)->143868K(196608K)
[2025-12-25T04:31:16.836+0000][532.476s][info][gc,metaspace   ] GC(710) Metaspace: 97555K(99136K)->97555K(99136K) NonClass: 84541K(85312K)->84541K(85312K) Class: 13013K(13824K)->13013K(13824K)
[2025-12-25T04:31:16.836+0000][532.476s][info][gc             ] GC(710) Pause Young (Allocation Failure) 220M->144M(278M) 9.962ms
[2025-12-25T04:31:16.836+0000][532.476s][info][gc,cpu         ] GC(710) User=0.00s Sys=0.00s Real=0.01s
[2025-12-25T04:31:16.950+0000][532.590s][info][gc,start       ] GC(711) Pause Young (Allocation Failure)
[2025-12-25T04:31:16.959+0000][532.599s][info][gc,heap        ] GC(711) DefNew: 82679K(88512K)->4051K(88512K) Eden: 78720K(78720K)->0K(78720K) From: 3959K(9792K)->4051K(9792K)
[2025-12-25T04:31:16.960+0000][532.600s][info][gc,heap        ] GC(711) Tenured: 143868K(196608K)->144172K(196608K)
[2025-12-25T04:31:16.960+0000][532.600s][info][gc,metaspace   ] GC(711) Metaspace: 97555K(99136K)->97555K(99136K) NonClass: 84541K(85312K)->84541K(85312K) Class: 13013K(13824K)->13013K(13824K)
[2025-12-25T04:31:16.962+0000][532.602s][info][gc             ] GC(711) Pause Young (Allocation Failure) 221M->144M(278M) 12.214ms
[2025-12-25T04:31:16.963+0000][532.603s][info][gc,cpu         ] GC(711) User=0.01s Sys=0.00s Real=0.01s
[2025-12-25T04:31:17.121+0000][532.761s][info][gc,start       ] GC(712) Pause Young (Allocation Failure)
[2025-12-25T04:31:17.145+0000][532.785s][info][gc,heap        ] GC(712) DefNew: 82771K(88512K)->2570K(88512K) Eden: 78720K(78720K)->0K(78720K) From: 4051K(9792K)->2570K(9792K)
[2025-12-25T04:31:17.145+0000][532.785s][info][gc,heap        ] GC(712) Tenured: 144172K(196608K)->144195K(196608K)
[2025-12-25T04:31:17.146+0000][532.786s][info][gc,metaspace   ] GC(712) Metaspace: 97562K(99136K)->97562K(99136K) NonClass: 84548K(85312K)->84548K(85312K) Class: 13013K(13824K)->13013K(13824K)
[2025-12-25T04:31:17.146+0000][532.786s][info][gc             ] GC(712) Pause Young (Allocation Failure) 221M->143M(278M) 25.704ms
[2025-12-25T04:31:17.147+0000][532.787s][info][gc,cpu         ] GC(712) User=0.01s Sys=0.00s Real=0.03s
[2025-12-25T04:31:17.295+0000][532.935s][info][gc,start       ] GC(713) Pause Young (Allocation Failure)
[2025-12-25T04:31:17.302+0000][532.942s][info][gc,heap        ] GC(713) DefNew: 81290K(88512K)->3241K(88512K) Eden: 78720K(78720K)->0K(78720K) From: 2570K(9792K)->3241K(9792K)
[2025-12-25T04:31:17.302+0000][532.942s][info][gc,heap        ] GC(713) Tenured: 144195K(196608K)->144195K(196608K)
[2025-12-25T04:31:17.303+0000][532.943s][info][gc,metaspace   ] GC(713) Metaspace: 97565K(99136K)->97565K(99136K) NonClass: 84552K(85312K)->84552K(85312K) Class: 13013K(13824K)->13013K(13824K)
[2025-12-25T04:31:17.303+0000][532.943s][info][gc             ] GC(713) Pause Young (Allocation Failure) 220M->143M(278M) 7.619ms
[2025-12-25T04:31:17.303+0000][532.943s][info][gc,cpu         ] GC(713) User=0.00s Sys=0.00s Real=0.00s
[2025-12-25T04:31:17.427+0000][533.067s][info][gc,start       ] GC(714) Pause Young (Allocation Failure)
[2025-12-25T04:31:17.439+0000][533.079s][info][gc,heap        ] GC(714) DefNew: 81961K(88512K)->3166K(88512K) Eden: 78720K(78720K)->0K(78720K) From: 3241K(9792K)->3166K(9792K)
[2025-12-25T04:31:17.439+0000][533.079s][info][gc,heap        ] GC(714) Tenured: 144195K(196608K)->144228K(196608K)
[2025-12-25T04:31:17.439+0000][533.079s][info][gc,metaspace   ] GC(714) Metaspace: 97565K(99136K)->97565K(99136K) NonClass: 84552K(85312K)->84552K(85312K) Class: 13013K(13824K)->13013K(13824K)
[2025-12-25T04:31:17.439+0000][533.079s][info][gc             ] GC(714) Pause Young (Allocation Failure) 220M->143M(278M) 12.278ms
[2025-12-25T04:31:17.443+0000][533.083s][info][gc,cpu         ] GC(714) User=0.01s Sys=0.00s Real=0.01s
[2025-12-25T04:31:17.609+0000][533.249s][info][gc,start       ] GC(715) Pause Young (Allocation Failure)
[2025-12-25T04:31:17.624+0000][533.264s][info][gc,heap        ] GC(715) DefNew: 81886K(88512K)->3494K(88512K) Eden: 78720K(78720K)->0K(78720K) From: 3166K(9792K)->3494K(9792K)
[2025-12-25T04:31:17.627+0000][533.267s][info][gc,heap        ] GC(715) Tenured: 144228K(196608K)->144293K(196608K)
[2025-12-25T04:31:17.628+0000][533.268s][info][gc,metaspace   ] GC(715) Metaspace: 97565K(99136K)->97565K(99136K) NonClass: 84552K(85312K)->84552K(85312K) Class: 13013K(13824K)->13013K(13824K)
[2025-12-25T04:31:17.628+0000][533.268s][info][gc             ] GC(715) Pause Young (Allocation Failure) 220M->144M(278M) 18.784ms
[2025-12-25T04:31:17.629+0000][533.269s][info][gc,cpu         ] GC(715) User=0.01s Sys=0.00s Real=0.02s
[2025-12-25T04:31:17.790+0000][533.429s][info][gc,start       ] GC(716) Pause Young (Allocation Failure)
[2025-12-25T04:31:17.795+0000][533.435s][info][gc,heap        ] GC(716) DefNew: 82214K(88512K)->2800K(88512K) Eden: 78720K(78720K)->0K(78720K) From: 3494K(9792K)->2800K(9792K)
[2025-12-25T04:31:17.796+0000][533.436s][info][gc,heap        ] GC(716) Tenured: 144293K(196608K)->144301K(196608K)
[2025-12-25T04:31:17.796+0000][533.436s][info][gc,metaspace   ] GC(716) Metaspace: 97565K(99136K)->97565K(99136K) NonClass: 84552K(85312K)->84552K(85312K) Class: 13013K(13824K)->13013K(13824K)
[2025-12-25T04:31:17.797+0000][533.437s][info][gc             ] GC(716) Pause Young (Allocation Failure) 221M->143M(278M) 7.084ms
[2025-12-25T04:31:17.801+0000][533.441s][info][gc,cpu         ] GC(716) User=0.00s Sys=0.00s Real=0.01s
[2025-12-25T04:31:17.985+0000][533.625s][info][gc,start       ] GC(717) Pause Young (Allocation Failure)
[2025-12-25T04:31:17.989+0000][533.629s][info][gc,heap        ] GC(717) DefNew: 81308K(88512K)->2479K(88512K) Eden: 78507K(78720K)->0K(78720K) From: 2800K(9792K)->2479K(9792K)
[2025-12-25T04:31:17.991+0000][533.631s][info][gc,heap        ] GC(717) Tenured: 144301K(196608K)->144306K(196608K)
[2025-12-25T04:31:17.991+0000][533.631s][info][gc,metaspace   ] GC(717) Metaspace: 97565K(99136K)->97565K(99136K) NonClass: 84552K(85312K)->84552K(85312K) Class: 13013K(13824K)->13013K(13824K)
[2025-12-25T04:31:17.991+0000][533.631s][info][gc             ] GC(717) Pause Young (Allocation Failure) 220M->143M(278M) 6.494ms
[2025-12-25T04:31:17.991+0000][533.631s][info][gc,cpu         ] GC(717) User=0.01s Sys=0.01s Real=0.00s
[2025-12-25T04:31:18.155+0000][533.795s][info][gc,start       ] GC(718) Pause Young (Allocation Failure)
[2025-12-25T04:31:18.179+0000][533.819s][info][gc,heap        ] GC(718) DefNew: 81199K(88512K)->3587K(88512K) Eden: 78720K(78720K)->0K(78720K) From: 2479K(9792K)->3587K(9792K)
[2025-12-25T04:31:18.183+0000][533.823s][info][gc,heap        ] GC(718) Tenured: 144306K(196608K)->144445K(196608K)
[2025-12-25T04:31:18.185+0000][533.825s][info][gc,metaspace   ] GC(718) Metaspace: 97565K(99136K)->97565K(99136K) NonClass: 84552K(85312K)->84552K(85312K) Class: 13013K(13824K)->13013K(13824K)
[2025-12-25T04:31:18.186+0000][533.826s][info][gc             ] GC(718) Pause Young (Allocation Failure) 220M->144M(278M) 31.496ms
[2025-12-25T04:31:18.187+0000][533.827s][info][gc,cpu         ] GC(718) User=0.01s Sys=0.00s Real=0.03s
[2025-12-25T04:31:18.383+0000][534.023s][info][gc,start       ] GC(719) Pause Young (Allocation Failure)
[2025-12-25T04:31:18.398+0000][534.038s][info][gc,heap        ] GC(719) DefNew: 82307K(88512K)->2719K(88512K) Eden: 78720K(78720K)->0K(78720K) From: 3587K(9792K)->2719K(9792K)
[2025-12-25T04:31:18.401+0000][534.041s][info][gc,heap        ] GC(719) Tenured: 144445K(196608K)->144811K(196608K)
[2025-12-25T04:31:18.402+0000][534.042s][info][gc,metaspace   ] GC(719) Metaspace: 97565K(99136K)->97565K(99136K) NonClass: 84552K(85312K)->84552K(85312K) Class: 13013K(13824K)->13013K(13824K)
[2025-12-25T04:31:18.402+0000][534.042s][info][gc             ] GC(719) Pause Young (Allocation Failure) 221M->144M(278M) 18.978ms
[2025-12-25T04:31:18.402+0000][534.042s][info][gc,cpu         ] GC(719) User=0.01s Sys=0.00s Real=0.02s
[2025-12-25T04:31:18.564+0000][534.204s][info][gc,start       ] GC(720) Pause Young (Allocation Failure)
[2025-12-25T04:31:18.588+0000][534.228s][info][gc,heap        ] GC(720) DefNew: 81439K(88512K)->3360K(88512K) Eden: 78720K(78720K)->0K(78720K) From: 2719K(9792K)->3360K(9792K)
[2025-12-25T04:31:18.589+0000][534.229s][info][gc,heap        ] GC(720) Tenured: 144811K(196608K)->144812K(196608K)
[2025-12-25T04:31:18.589+0000][534.229s][info][gc,metaspace   ] GC(720) Metaspace: 97565K(99136K)->97565K(99136K) NonClass: 84552K(85312K)->84552K(85312K) Class: 13013K(13824K)->13013K(13824K)
[2025-12-25T04:31:18.590+0000][534.230s][info][gc             ] GC(720) Pause Young (Allocation Failure) 220M->144M(278M) 26.195ms
[2025-12-25T04:31:18.591+0000][534.231s][info][gc,cpu         ] GC(720) User=0.00s Sys=0.00s Real=0.03s
[2025-12-25T04:31:18.743+0000][534.383s][info][gc,start       ] GC(721) Pause Young (Allocation Failure)
[2025-12-25T04:31:18.751+0000][534.391s][info][gc,heap        ] GC(721) DefNew: 82080K(88512K)->3213K(88512K) Eden: 78720K(78720K)->0K(78720K) From: 3360K(9792K)->3213K(9792K)
[2025-12-25T04:31:18.752+0000][534.392s][info][gc,heap        ] GC(721) Tenured: 144812K(196608K)->144812K(196608K)
[2025-12-25T04:31:18.752+0000][534.392s][info][gc,metaspace   ] GC(721) Metaspace: 97565K(99136K)->97565K(99136K) NonClass: 84552K(85312K)->84552K(85312K) Class: 13013K(13824K)->13013K(13824K)
[2025-12-25T04:31:18.753+0000][534.393s][info][gc             ] GC(721) Pause Young (Allocation Failure) 221M->144M(278M) 10.405ms
[2025-12-25T04:31:18.754+0000][534.394s][info][gc,cpu         ] GC(721) User=0.01s Sys=0.00s Real=0.01s
[2025-12-25T04:31:18.882+0000][534.522s][info][gc,start       ] GC(722) Pause Young (Allocation Failure)
[2025-12-25T04:31:18.890+0000][534.530s][info][gc,heap        ] GC(722) DefNew: 81933K(88512K)->3744K(88512K) Eden: 78720K(78720K)->0K(78720K) From: 3213K(9792K)->3744K(9792K)
[2025-12-25T04:31:18.890+0000][534.530s][info][gc,heap        ] GC(722) Tenured: 144812K(196608K)->144933K(196608K)
[2025-12-25T04:31:18.891+0000][534.531s][info][gc,metaspace   ] GC(722) Metaspace: 97565K(99136K)->97565K(99136K) NonClass: 84552K(85312K)->84552K(85312K) Class: 13013K(13824K)->13013K(13824K)
[2025-12-25T04:31:18.891+0000][534.531s][info][gc             ] GC(722) Pause Young (Allocation Failure) 221M->145M(278M) 9.567ms
[2025-12-25T04:31:18.892+0000][534.532s][info][gc,cpu         ] GC(722) User=0.00s Sys=0.00s Real=0.01s
[2025-12-25T04:31:19.058+0000][534.698s][info][gc,start       ] GC(723) Pause Young (Allocation Failure)
[2025-12-25T04:31:19.065+0000][534.705s][info][gc,heap        ] GC(723) DefNew: 82464K(88512K)->2782K(88512K) Eden: 78720K(78720K)->0K(78720K) From: 3744K(9792K)->2782K(9792K)
[2025-12-25T04:31:19.066+0000][534.706s][info][gc,heap        ] GC(723) Tenured: 144933K(196608K)->145592K(196608K)
[2025-12-25T04:31:19.067+0000][534.707s][info][gc,metaspace   ] GC(723) Metaspace: 97565K(99136K)->97565K(99136K) NonClass: 84552K(85312K)->84552K(85312K) Class: 13013K(13824K)->13013K(13824K)
[2025-12-25T04:31:19.067+0000][534.707s][info][gc             ] GC(723) Pause Young (Allocation Failure) 222M->144M(278M) 9.217ms
[2025-12-25T04:31:19.068+0000][534.708s][info][gc,cpu         ] GC(723) User=0.00s Sys=0.00s Real=0.01s
[2025-12-25T04:31:19.193+0000][534.833s][info][gc,start       ] GC(724) Pause Young (Allocation Failure)
[2025-12-25T04:31:19.200+0000][534.840s][info][gc,heap        ] GC(724) DefNew: 81502K(88512K)->2610K(88512K) Eden: 78720K(78720K)->0K(78720K) From: 2782K(9792K)->2610K(9792K)
[2025-12-25T04:31:19.203+0000][534.843s][info][gc,heap        ] GC(724) Tenured: 145592K(196608K)->145592K(196608K)
[2025-12-25T04:31:19.204+0000][534.844s][info][gc,metaspace   ] GC(724) Metaspace: 97565K(99136K)->97565K(99136K) NonClass: 84552K(85312K)->84552K(85312K) Class: 13013K(13824K)->13013K(13824K)
[2025-12-25T04:31:19.204+0000][534.844s][info][gc             ] GC(724) Pause Young (Allocation Failure) 221M->144M(278M) 11.026ms
[2025-12-25T04:31:19.204+0000][534.844s][info][gc,cpu         ] GC(724) User=0.00s Sys=0.01s Real=0.01s
[2025-12-25T04:31:19.337+0000][534.977s][info][gc,start       ] GC(725) Pause Young (Allocation Failure)
[2025-12-25T04:31:19.354+0000][534.994s][info][gc,heap        ] GC(725) DefNew: 81330K(88512K)->2365K(88512K) Eden: 78720K(78720K)->0K(78720K) From: 2610K(9792K)->2365K(9792K)
[2025-12-25T04:31:19.355+0000][534.995s][info][gc,heap        ] GC(725) Tenured: 145592K(196608K)->145592K(196608K)
[2025-12-25T04:31:19.355+0000][534.995s][info][gc,metaspace   ] GC(725) Metaspace: 97566K(99136K)->97566K(99136K) NonClass: 84553K(85312K)->84553K(85312K) Class: 13013K(13824K)->13013K(13824K)
[2025-12-25T04:31:19.356+0000][534.996s][info][gc             ] GC(725) Pause Young (Allocation Failure) 221M->144M(278M) 18.279ms
[2025-12-25T04:31:19.356+0000][534.996s][info][gc,cpu         ] GC(725) User=0.01s Sys=0.00s Real=0.02s
[2025-12-25T04:31:19.509+0000][535.149s][info][gc,start       ] GC(726) Pause Young (Allocation Failure)
[2025-12-25T04:31:19.518+0000][535.158s][info][gc,heap        ] GC(726) DefNew: 81085K(88512K)->1873K(88512K) Eden: 78720K(78720K)->0K(78720K) From: 2365K(9792K)->1873K(9792K)
[2025-12-25T04:31:19.518+0000][535.158s][info][gc,heap        ] GC(726) Tenured: 145592K(196608K)->145608K(196608K)
[2025-12-25T04:31:19.518+0000][535.158s][info][gc,metaspace   ] GC(726) Metaspace: 97566K(99136K)->97566K(99136K) NonClass: 84553K(85312K)->84553K(85312K) Class: 13013K(13824K)->13013K(13824K)
[2025-12-25T04:31:19.518+0000][535.158s][info][gc             ] GC(726) Pause Young (Allocation Failure) 221M->144M(278M) 9.425ms
[2025-12-25T04:31:19.518+0000][535.158s][info][gc,cpu         ] GC(726) User=0.01s Sys=0.00s Real=0.01s
[2025-12-25T04:31:19.692+0000][535.331s][info][gc,start       ] GC(727) Pause Young (Allocation Failure)
[2025-12-25T04:31:19.700+0000][535.340s][info][gc,heap        ] GC(727) DefNew: 80593K(88512K)->2265K(88512K) Eden: 78720K(78720K)->0K(78720K) From: 1873K(9792K)->2265K(9792K)
[2025-12-25T04:31:19.704+0000][535.344s][info][gc,heap        ] GC(727) Tenured: 145608K(196608K)->145623K(196608K)
[2025-12-25T04:31:19.704+0000][535.344s][info][gc,metaspace   ] GC(727) Metaspace: 97566K(99136K)->97566K(99136K) NonClass: 84553K(85312K)->84553K(85312K) Class: 13013K(13824K)->13013K(13824K)
[2025-12-25T04:31:19.705+0000][535.345s][info][gc             ] GC(727) Pause Young (Allocation Failure) 220M->144M(278M) 13.394ms
[2025-12-25T04:31:19.707+0000][535.347s][info][gc,cpu         ] GC(727) User=0.01s Sys=0.00s Real=0.02s
[2025-12-25T04:31:19.906+0000][535.546s][info][gc,start       ] GC(728) Pause Young (Allocation Failure)
[2025-12-25T04:31:19.912+0000][535.552s][info][gc,heap        ] GC(728) DefNew: 80983K(88512K)->2815K(88512K) Eden: 78718K(78720K)->0K(78720K) From: 2265K(9792K)->2815K(9792K)
[2025-12-25T04:31:19.912+0000][535.552s][info][gc,heap        ] GC(728) Tenured: 145623K(196608K)->145655K(196608K)
[2025-12-25T04:31:19.912+0000][535.552s][info][gc,metaspace   ] GC(728) Metaspace: 97566K(99136K)->97566K(99136K) NonClass: 84553K(85312K)->84553K(85312K) Class: 13013K(13824K)->13013K(13824K)
[2025-12-25T04:31:19.913+0000][535.553s][info][gc             ] GC(728) Pause Young (Allocation Failure) 221M->144M(278M) 6.407ms
[2025-12-25T04:31:19.913+0000][535.553s][info][gc,cpu         ] GC(728) User=0.01s Sys=0.00s Real=0.00s
[2025-12-25T04:31:20.059+0000][535.699s][info][gc,start       ] GC(729) Pause Young (Allocation Failure)
[2025-12-25T04:31:20.068+0000][535.708s][info][gc,heap        ] GC(729) DefNew: 81535K(88512K)->2237K(88512K) Eden: 78720K(78720K)->0K(78720K) From: 2815K(9792K)->2237K(9792K)
[2025-12-25T04:31:20.069+0000][535.709s][info][gc,heap        ] GC(729) Tenured: 145655K(196608K)->145655K(196608K)
[2025-12-25T04:31:20.069+0000][535.709s][info][gc,metaspace   ] GC(729) Metaspace: 97566K(99136K)->97566K(99136K) NonClass: 84553K(85312K)->84553K(85312K) Class: 13013K(13824K)->13013K(13824K)
[2025-12-25T04:31:20.070+0000][535.710s][info][gc             ] GC(729) Pause Young (Allocation Failure) 221M->144M(278M) 10.229ms
[2025-12-25T04:31:20.070+0000][535.710s][info][gc,cpu         ] GC(729) User=0.01s Sys=0.00s Real=0.01s
[2025-12-25T04:31:20.195+0000][535.835s][info][gc,start       ] GC(730) Pause Young (Allocation Failure)
[2025-12-25T04:31:20.199+0000][535.839s][info][gc,heap        ] GC(730) DefNew: 80957K(88512K)->2664K(88512K) Eden: 78720K(78720K)->0K(78720K) From: 2237K(9792K)->2664K(9792K)
[2025-12-25T04:31:20.200+0000][535.840s][info][gc,heap        ] GC(730) Tenured: 145655K(196608K)->145656K(196608K)
[2025-12-25T04:31:20.201+0000][535.841s][info][gc,metaspace   ] GC(730) Metaspace: 97566K(99136K)->97566K(99136K) NonClass: 84553K(85312K)->84553K(85312K) Class: 13013K(13824K)->13013K(13824K)
[2025-12-25T04:31:20.201+0000][535.841s][info][gc             ] GC(730) Pause Young (Allocation Failure) 221M->144M(278M) 6.865ms
[2025-12-25T04:31:20.202+0000][535.842s][info][gc,cpu         ] GC(730) User=0.01s Sys=0.00s Real=0.00s
[2025-12-25T04:31:20.321+0000][535.961s][info][gc,start       ] GC(731) Pause Young (Allocation Failure)
[2025-12-25T04:31:20.325+0000][535.965s][info][gc,heap        ] GC(731) DefNew: 81384K(88512K)->2234K(88512K) Eden: 78720K(78720K)->0K(78720K) From: 2664K(9792K)->2234K(9792K)
[2025-12-25T04:31:20.326+0000][535.966s][info][gc,heap        ] GC(731) Tenured: 145656K(196608K)->145656K(196608K)
[2025-12-25T04:31:20.327+0000][535.967s][info][gc,metaspace   ] GC(731) Metaspace: 97566K(99136K)->97566K(99136K) NonClass: 84553K(85312K)->84553K(85312K) Class: 13013K(13824K)->13013K(13824K)
[2025-12-25T04:31:20.327+0000][535.967s][info][gc             ] GC(731) Pause Young (Allocation Failure) 221M->144M(278M) 5.787ms
[2025-12-25T04:31:20.328+0000][535.968s][info][gc,cpu         ] GC(731) User=0.00s Sys=0.00s Real=0.01s
[2025-12-25T04:31:20.437+0000][536.077s][info][gc,start       ] GC(732) Pause Young (Allocation Failure)
[2025-12-25T04:31:20.445+0000][536.085s][info][gc,heap        ] GC(732) DefNew: 80954K(88512K)->4046K(88512K) Eden: 78720K(78720K)->0K(78720K) From: 2234K(9792K)->4046K(9792K)
[2025-12-25T04:31:20.445+0000][536.085s][info][gc,heap        ] GC(732) Tenured: 145656K(196608K)->145656K(196608K)
[2025-12-25T04:31:20.445+0000][536.085s][info][gc,metaspace   ] GC(732) Metaspace: 97566K(99136K)->97566K(99136K) NonClass: 84553K(85312K)->84553K(85312K) Class: 13013K(13824K)->13013K(13824K)
[2025-12-25T04:31:20.446+0000][536.086s][info][gc             ] GC(732) Pause Young (Allocation Failure) 221M->146M(278M) 9.053ms
[2025-12-25T04:31:20.446+0000][536.086s][info][gc,cpu         ] GC(732) User=0.01s Sys=0.00s Real=0.01s
[2025-12-25T04:31:20.670+0000][536.310s][info][gc,start       ] GC(733) Pause Young (Allocation Failure)
[2025-12-25T04:31:20.682+0000][536.322s][info][gc,heap        ] GC(733) DefNew: 82766K(88512K)->4171K(88512K) Eden: 78720K(78720K)->0K(78720K) From: 4046K(9792K)->4171K(9792K)
[2025-12-25T04:31:20.682+0000][536.322s][info][gc,heap        ] GC(733) Tenured: 145656K(196608K)->145841K(196608K)
[2025-12-25T04:31:20.682+0000][536.322s][info][gc,metaspace   ] GC(733) Metaspace: 97566K(99136K)->97566K(99136K) NonClass: 84553K(85312K)->84553K(85312K) Class: 13013K(13824K)->13013K(13824K)
[2025-12-25T04:31:20.683+0000][536.323s][info][gc             ] GC(733) Pause Young (Allocation Failure) 223M->146M(278M) 12.903ms
[2025-12-25T04:31:20.684+0000][536.324s][info][gc,cpu         ] GC(733) User=0.01s Sys=0.00s Real=0.01s
[2025-12-25T04:31:20.864+0000][536.504s][info][gc,start       ] GC(734) Pause Young (Allocation Failure)
[2025-12-25T04:31:20.882+0000][536.522s][info][gc,heap        ] GC(734) DefNew: 82891K(88512K)->3447K(88512K) Eden: 78720K(78720K)->0K(78720K) From: 4171K(9792K)->3447K(9792K)
[2025-12-25T04:31:20.885+0000][536.525s][info][gc,heap        ] GC(734) Tenured: 145841K(196608K)->146206K(196608K)
[2025-12-25T04:31:20.885+0000][536.525s][info][gc,metaspace   ] GC(734) Metaspace: 97566K(99136K)->97566K(99136K) NonClass: 84553K(85312K)->84553K(85312K) Class: 13013K(13824K)->13013K(13824K)
[2025-12-25T04:31:20.886+0000][536.526s][info][gc             ] GC(734) Pause Young (Allocation Failure) 223M->146M(278M) 21.767ms
[2025-12-25T04:31:20.887+0000][536.527s][info][gc,cpu         ] GC(734) User=0.00s Sys=0.01s Real=0.02s
[2025-12-25T04:31:21.086+0000][536.726s][info][gc,start       ] GC(735) Pause Young (Allocation Failure)
[2025-12-25T04:31:21.093+0000][536.733s][info][gc,heap        ] GC(735) DefNew: 82167K(88512K)->3775K(88512K) Eden: 78720K(78720K)->0K(78720K) From: 3447K(9792K)->3775K(9792K)
[2025-12-25T04:31:21.093+0000][536.733s][info][gc,heap        ] GC(735) Tenured: 146206K(196608K)->146383K(196608K)
[2025-12-25T04:31:21.093+0000][536.733s][info][gc,metaspace   ] GC(735) Metaspace: 97566K(99136K)->97566K(99136K) NonClass: 84553K(85312K)->84553K(85312K) Class: 13013K(13824K)->13013K(13824K)
[2025-12-25T04:31:21.094+0000][536.734s][info][gc             ] GC(735) Pause Young (Allocation Failure) 223M->146M(278M) 7.784ms
[2025-12-25T04:31:21.095+0000][536.734s][info][gc,cpu         ] GC(735) User=0.01s Sys=0.00s Real=0.01s
[2025-12-25T04:31:21.273+0000][536.913s][info][gc,start       ] GC(736) Pause Young (Allocation Failure)
[2025-12-25T04:31:21.284+0000][536.924s][info][gc,heap        ] GC(736) DefNew: 82495K(88512K)->3453K(88512K) Eden: 78720K(78720K)->0K(78720K) From: 3775K(9792K)->3453K(9792K)
[2025-12-25T04:31:21.284+0000][536.924s][info][gc,heap        ] GC(736) Tenured: 146383K(196608K)->146432K(196608K)
[2025-12-25T04:31:21.285+0000][536.925s][info][gc,metaspace   ] GC(736) Metaspace: 97566K(99136K)->97566K(99136K) NonClass: 84553K(85312K)->84553K(85312K) Class: 13013K(13824K)->13013K(13824K)
[2025-12-25T04:31:21.286+0000][536.926s][info][gc             ] GC(736) Pause Young (Allocation Failure) 223M->146M(278M) 12.710ms
[2025-12-25T04:31:21.286+0000][536.926s][info][gc,cpu         ] GC(736) User=0.01s Sys=0.00s Real=0.02s
[2025-12-25T04:31:21.454+0000][537.094s][info][gc,start       ] GC(737) Pause Young (Allocation Failure)
[2025-12-25T04:31:21.480+0000][537.120s][info][gc,heap        ] GC(737) DefNew: 82173K(88512K)->3676K(88512K) Eden: 78720K(78720K)->0K(78720K) From: 3453K(9792K)->3676K(9792K)
[2025-12-25T04:31:21.484+0000][537.124s][info][gc,heap        ] GC(737) Tenured: 146432K(196608K)->146432K(196608K)
[2025-12-25T04:31:21.485+0000][537.125s][info][gc,metaspace   ] GC(737) Metaspace: 97566K(99136K)->97566K(99136K) NonClass: 84553K(85312K)->84553K(85312K) Class: 13013K(13824K)->13013K(13824K)
[2025-12-25T04:31:21.487+0000][537.127s][info][gc             ] GC(737) Pause Young (Allocation Failure) 223M->146M(278M) 32.896ms
[2025-12-25T04:31:21.490+0000][537.130s][info][gc,cpu         ] GC(737) User=0.01s Sys=0.00s Real=0.04s
[2025-12-25T04:31:21.624+0000][537.264s][info][gc,start       ] GC(738) Pause Young (Allocation Failure)
[2025-12-25T04:31:21.629+0000][537.269s][info][gc,heap        ] GC(738) DefNew: 82396K(88512K)->3303K(88512K) Eden: 78720K(78720K)->0K(78720K) From: 3676K(9792K)->3303K(9792K)
[2025-12-25T04:31:21.630+0000][537.270s][info][gc,heap        ] GC(738) Tenured: 146432K(196608K)->146439K(196608K)
[2025-12-25T04:31:21.630+0000][537.270s][info][gc,metaspace   ] GC(738) Metaspace: 97566K(99136K)->97566K(99136K) NonClass: 84553K(85312K)->84553K(85312K) Class: 13013K(13824K)->13013K(13824K)
[2025-12-25T04:31:21.630+0000][537.270s][info][gc             ] GC(738) Pause Young (Allocation Failure) 223M->146M(278M) 6.398ms
[2025-12-25T04:31:21.630+0000][537.270s][info][gc,cpu         ] GC(738) User=0.00s Sys=0.00s Real=0.01s
[2025-12-25T04:31:21.771+0000][537.411s][info][gc,start       ] GC(739) Pause Young (Allocation Failure)
[2025-12-25T04:31:21.780+0000][537.420s][info][gc,heap        ] GC(739) DefNew: 82023K(88512K)->3408K(88512K) Eden: 78720K(78720K)->0K(78720K) From: 3303K(9792K)->3408K(9792K)
[2025-12-25T04:31:21.791+0000][537.431s][info][gc,heap        ] GC(739) Tenured: 146439K(196608K)->146439K(196608K)
[2025-12-25T04:31:21.792+0000][537.432s][info][gc,metaspace   ] GC(739) Metaspace: 97566K(99136K)->97566K(99136K) NonClass: 84553K(85312K)->84553K(85312K) Class: 13013K(13824K)->13013K(13824K)
[2025-12-25T04:31:21.793+0000][537.433s][info][gc             ] GC(739) Pause Young (Allocation Failure) 223M->146M(278M) 21.742ms
[2025-12-25T04:31:21.793+0000][537.433s][info][gc,cpu         ] GC(739) User=0.01s Sys=0.01s Real=0.02s
[2025-12-25T04:31:21.935+0000][537.575s][info][gc,start       ] GC(740) Pause Young (Allocation Failure)
[2025-12-25T04:31:21.942+0000][537.582s][info][gc,heap        ] GC(740) DefNew: 82128K(88512K)->3864K(88512K) Eden: 78720K(78720K)->0K(78720K) From: 3408K(9792K)->3864K(9792K)
[2025-12-25T04:31:21.942+0000][537.582s][info][gc,heap        ] GC(740) Tenured: 146439K(196608K)->146447K(196608K)
[2025-12-25T04:31:21.943+0000][537.583s][info][gc,metaspace   ] GC(740) Metaspace: 97566K(99136K)->97566K(99136K) NonClass: 84553K(85312K)->84553K(85312K) Class: 13013K(13824K)->13013K(13824K)
[2025-12-25T04:31:21.943+0000][537.583s][info][gc             ] GC(740) Pause Young (Allocation Failure) 223M->146M(278M) 8.340ms
[2025-12-25T04:31:21.944+0000][537.584s][info][gc,cpu         ] GC(740) User=0.01s Sys=0.00s Real=0.00s
[2025-12-25T04:31:22.133+0000][537.773s][info][gc,start       ] GC(741) Pause Young (Allocation Failure)
[2025-12-25T04:31:22.143+0000][537.783s][info][gc,heap        ] GC(741) DefNew: 82584K(88512K)->4862K(88512K) Eden: 78720K(78720K)->0K(78720K) From: 3864K(9792K)->4862K(9792K)
[2025-12-25T04:31:22.144+0000][537.784s][info][gc,heap        ] GC(741) Tenured: 146447K(196608K)->146455K(196608K)
[2025-12-25T04:31:22.144+0000][537.784s][info][gc,metaspace   ] GC(741) Metaspace: 97589K(99136K)->97589K(99136K) NonClass: 84575K(85312K)->84575K(85312K) Class: 13013K(13824K)->13013K(13824K)
[2025-12-25T04:31:22.146+0000][537.786s][info][gc             ] GC(741) Pause Young (Allocation Failure) 223M->147M(278M) 13.826ms
[2025-12-25T04:31:22.147+0000][537.787s][info][gc,cpu         ] GC(741) User=0.00s Sys=0.00s Real=0.02s
[2025-12-25T04:31:22.315+0000][537.955s][info][gc,start       ] GC(742) Pause Young (Allocation Failure)
[2025-12-25T04:31:22.323+0000][537.963s][info][gc,heap        ] GC(742) DefNew: 83582K(88512K)->4012K(88512K) Eden: 78720K(78720K)->0K(78720K) From: 4862K(9792K)->4012K(9792K)
[2025-12-25T04:31:22.328+0000][537.968s][info][gc,heap        ] GC(742) Tenured: 146455K(196608K)->146455K(196608K)
[2025-12-25T04:31:22.335+0000][537.975s][info][gc,metaspace   ] GC(742) Metaspace: 97599K(99136K)->97599K(99136K) NonClass: 84585K(85312K)->84585K(85312K) Class: 13013K(13824K)->13013K(13824K)
[2025-12-25T04:31:22.338+0000][537.978s][info][gc             ] GC(742) Pause Young (Allocation Failure) 224M->146M(278M) 23.130ms
[2025-12-25T04:31:22.342+0000][537.982s][info][gc,cpu         ] GC(742) User=0.00s Sys=0.00s Real=0.02s
[2025-12-25T04:31:22.495+0000][538.135s][info][gc,start       ] GC(743) Pause Young (Allocation Failure)
[2025-12-25T04:31:22.503+0000][538.143s][info][gc,heap        ] GC(743) DefNew: 82732K(88512K)->3213K(88512K) Eden: 78720K(78720K)->0K(78720K) From: 4012K(9792K)->3213K(9792K)
[2025-12-25T04:31:22.505+0000][538.145s][info][gc,heap        ] GC(743) Tenured: 146455K(196608K)->146455K(196608K)
[2025-12-25T04:31:22.505+0000][538.145s][info][gc,metaspace   ] GC(743) Metaspace: 97599K(99136K)->97599K(99136K) NonClass: 84585K(85312K)->84585K(85312K) Class: 13013K(13824K)->13013K(13824K)
[2025-12-25T04:31:22.506+0000][538.146s][info][gc             ] GC(743) Pause Young (Allocation Failure) 223M->146M(278M) 10.987ms
[2025-12-25T04:31:22.506+0000][538.146s][info][gc,cpu         ] GC(743) User=0.01s Sys=0.00s Real=0.01s
[2025-12-25T04:31:22.679+0000][538.319s][info][gc,start       ] GC(744) Pause Young (Allocation Failure)
[2025-12-25T04:31:22.688+0000][538.328s][info][gc,heap        ] GC(744) DefNew: 81933K(88512K)->4057K(88512K) Eden: 78720K(78720K)->0K(78720K) From: 3213K(9792K)->4057K(9792K)
[2025-12-25T04:31:22.689+0000][538.329s][info][gc,heap        ] GC(744) Tenured: 146455K(196608K)->146455K(196608K)
[2025-12-25T04:31:22.689+0000][538.329s][info][gc,metaspace   ] GC(744) Metaspace: 97599K(99136K)->97599K(99136K) NonClass: 84585K(85312K)->84585K(85312K) Class: 13013K(13824K)->13013K(13824K)
[2025-12-25T04:31:22.693+0000][538.333s][info][gc             ] GC(744) Pause Young (Allocation Failure) 223M->146M(278M) 13.588ms
[2025-12-25T04:31:22.693+0000][538.333s][info][gc,cpu         ] GC(744) User=0.00s Sys=0.00s Real=0.01s
[2025-12-25T04:31:22.840+0000][538.480s][info][gc,start       ] GC(745) Pause Young (Allocation Failure)
[2025-12-25T04:31:22.856+0000][538.496s][info][gc,heap        ] GC(745) DefNew: 82777K(88512K)->3740K(88512K) Eden: 78720K(78720K)->0K(78720K) From: 4057K(9792K)->3740K(9792K)
[2025-12-25T04:31:22.859+0000][538.499s][info][gc,heap        ] GC(745) Tenured: 146455K(196608K)->146455K(196608K)
[2025-12-25T04:31:22.859+0000][538.499s][info][gc,metaspace   ] GC(745) Metaspace: 97599K(99136K)->97599K(99136K) NonClass: 84585K(85312K)->84585K(85312K) Class: 13013K(13824K)->13013K(13824K)
[2025-12-25T04:31:22.861+0000][538.501s][info][gc             ] GC(745) Pause Young (Allocation Failure) 223M->146M(278M) 21.192ms
[2025-12-25T04:31:22.861+0000][538.501s][info][gc,cpu         ] GC(745) User=0.01s Sys=0.00s Real=0.02s
[2025-12-25T04:31:23.014+0000][538.654s][info][gc,start       ] GC(746) Pause Young (Allocation Failure)
[2025-12-25T04:31:23.021+0000][538.661s][info][gc,heap        ] GC(746) DefNew: 82460K(88512K)->4286K(88512K) Eden: 78720K(78720K)->0K(78720K) From: 3740K(9792K)->4286K(9792K)
[2025-12-25T04:31:23.021+0000][538.661s][info][gc,heap        ] GC(746) Tenured: 146455K(196608K)->146463K(196608K)
[2025-12-25T04:31:23.021+0000][538.661s][info][gc,metaspace   ] GC(746) Metaspace: 97599K(99136K)->97599K(99136K) NonClass: 84585K(85312K)->84585K(85312K) Class: 13013K(13824K)->13013K(13824K)
[2025-12-25T04:31:23.022+0000][538.662s][info][gc             ] GC(746) Pause Young (Allocation Failure) 223M->147M(278M) 8.394ms
[2025-12-25T04:31:23.022+0000][538.662s][info][gc,cpu         ] GC(746) User=0.01s Sys=0.00s Real=0.01s
[2025-12-25T04:31:23.150+0000][538.790s][info][gc,start       ] GC(747) Pause Young (Allocation Failure)
[2025-12-25T04:31:23.160+0000][538.800s][info][gc,heap        ] GC(747) DefNew: 83006K(88512K)->3266K(88512K) Eden: 78720K(78720K)->0K(78720K) From: 4286K(9792K)->3266K(9792K)
[2025-12-25T04:31:23.161+0000][538.800s][info][gc,heap        ] GC(747) Tenured: 146463K(196608K)->147066K(196608K)
[2025-12-25T04:31:23.161+0000][538.801s][info][gc,metaspace   ] GC(747) Metaspace: 97599K(99136K)->97599K(99136K) NonClass: 84585K(85312K)->84585K(85312K) Class: 13013K(13824K)->13013K(13824K)
[2025-12-25T04:31:23.161+0000][538.801s][info][gc             ] GC(747) Pause Young (Allocation Failure) 224M->146M(278M) 11.146ms
[2025-12-25T04:31:23.162+0000][538.802s][info][gc,cpu         ] GC(747) User=0.01s Sys=0.00s Real=0.01s
[2025-12-25T04:31:23.320+0000][538.960s][info][gc,start       ] GC(748) Pause Young (Allocation Failure)
[2025-12-25T04:31:23.328+0000][538.968s][info][gc,heap        ] GC(748) DefNew: 81986K(88512K)->3513K(88512K) Eden: 78720K(78720K)->0K(78720K) From: 3266K(9792K)->3513K(9792K)
[2025-12-25T04:31:23.329+0000][538.969s][info][gc,heap        ] GC(748) Tenured: 147066K(196608K)->147097K(196608K)
[2025-12-25T04:31:23.329+0000][538.969s][info][gc,metaspace   ] GC(748) Metaspace: 97599K(99136K)->97599K(99136K) NonClass: 84585K(85312K)->84585K(85312K) Class: 13013K(13824K)->13013K(13824K)
[2025-12-25T04:31:23.329+0000][538.969s][info][gc             ] GC(748) Pause Young (Allocation Failure) 223M->147M(278M) 9.445ms
[2025-12-25T04:31:23.330+0000][538.970s][info][gc,cpu         ] GC(748) User=0.01s Sys=0.00s Real=0.01s
[2025-12-25T04:31:23.539+0000][539.179s][info][gc,start       ] GC(749) Pause Young (Allocation Failure)
[2025-12-25T04:31:23.565+0000][539.205s][info][gc,heap        ] GC(749) DefNew: 82233K(88512K)->3910K(88512K) Eden: 78720K(78720K)->0K(78720K) From: 3513K(9792K)->3910K(9792K)
[2025-12-25T04:31:23.568+0000][539.207s][info][gc,heap        ] GC(749) Tenured: 147097K(196608K)->147159K(196608K)
[2025-12-25T04:31:23.568+0000][539.208s][info][gc,metaspace   ] GC(749) Metaspace: 97599K(99136K)->97599K(99136K) NonClass: 84585K(85312K)->84585K(85312K) Class: 13013K(13824K)->13013K(13824K)
[2025-12-25T04:31:23.569+0000][539.209s][info][gc             ] GC(749) Pause Young (Allocation Failure) 223M->147M(278M) 29.486ms
[2025-12-25T04:31:23.570+0000][539.210s][info][gc,cpu         ] GC(749) User=0.00s Sys=0.00s Real=0.03s
[2025-12-25T04:31:23.672+0000][539.312s][info][gc,start       ] GC(750) Pause Young (Allocation Failure)
[2025-12-25T04:31:23.678+0000][539.318s][info][gc,heap        ] GC(750) DefNew: 82630K(88512K)->2511K(88512K) Eden: 78720K(78720K)->0K(78720K) From: 3910K(9792K)->2511K(9792K)
[2025-12-25T04:31:23.678+0000][539.318s][info][gc,heap        ] GC(750) Tenured: 147159K(196608K)->147210K(196608K)
[2025-12-25T04:31:23.678+0000][539.318s][info][gc,metaspace   ] GC(750) Metaspace: 97599K(99136K)->97599K(99136K) NonClass: 84585K(85312K)->84585K(85312K) Class: 13013K(13824K)->13013K(13824K)
[2025-12-25T04:31:23.678+0000][539.318s][info][gc             ] GC(750) Pause Young (Allocation Failure) 224M->146M(278M) 6.765ms
[2025-12-25T04:31:23.679+0000][539.319s][info][gc,cpu         ] GC(750) User=0.00s Sys=0.00s Real=0.01s
[2025-12-25T04:31:23.849+0000][539.489s][info][gc,start       ] GC(751) Pause Young (Allocation Failure)
[2025-12-25T04:31:23.853+0000][539.493s][info][gc,heap        ] GC(751) DefNew: 81231K(88512K)->3067K(88512K) Eden: 78720K(78720K)->0K(78720K) From: 2511K(9792K)->3067K(9792K)
[2025-12-25T04:31:23.853+0000][539.493s][info][gc,heap        ] GC(751) Tenured: 147210K(196608K)->147210K(196608K)
[2025-12-25T04:31:23.854+0000][539.494s][info][gc,metaspace   ] GC(751) Metaspace: 97599K(99136K)->97599K(99136K) NonClass: 84585K(85312K)->84585K(85312K) Class: 13013K(13824K)->13013K(13824K)
[2025-12-25T04:31:23.854+0000][539.494s][info][gc             ] GC(751) Pause Young (Allocation Failure) 223M->146M(278M) 5.660ms
[2025-12-25T04:31:23.854+0000][539.494s][info][gc,cpu         ] GC(751) User=0.00s Sys=0.00s Real=0.01s
[2025-12-25T04:31:23.988+0000][539.628s][info][gc,start       ] GC(752) Pause Young (Allocation Failure)
[2025-12-25T04:31:24.001+0000][539.641s][info][gc,heap        ] GC(752) DefNew: 81787K(88512K)->3205K(88512K) Eden: 78720K(78720K)->0K(78720K) From: 3067K(9792K)->3205K(9792K)
[2025-12-25T04:31:24.003+0000][539.643s][info][gc,heap        ] GC(752) Tenured: 147210K(196608K)->147499K(196608K)
[2025-12-25T04:31:24.003+0000][539.643s][info][gc,metaspace   ] GC(752) Metaspace: 97599K(99136K)->97599K(99136K) NonClass: 84585K(85312K)->84585K(85312K) Class: 13013K(13824K)->13013K(13824K)
[2025-12-25T04:31:24.003+0000][539.643s][info][gc             ] GC(752) Pause Young (Allocation Failure) 223M->147M(278M) 15.378ms
[2025-12-25T04:31:24.004+0000][539.644s][info][gc,cpu         ] GC(752) User=0.00s Sys=0.00s Real=0.01s
[2025-12-25T04:31:24.149+0000][539.789s][info][gc,start       ] GC(753) Pause Young (Allocation Failure)
[2025-12-25T04:31:24.156+0000][539.796s][info][gc,heap        ] GC(753) DefNew: 81925K(88512K)->3272K(88512K) Eden: 78720K(78720K)->0K(78720K) From: 3205K(9792K)->3272K(9792K)
[2025-12-25T04:31:24.157+0000][539.797s][info][gc,heap        ] GC(753) Tenured: 147499K(196608K)->147499K(196608K)
[2025-12-25T04:31:24.158+0000][539.798s][info][gc,metaspace   ] GC(753) Metaspace: 97599K(99136K)->97599K(99136K) NonClass: 84585K(85312K)->84585K(85312K) Class: 13013K(13824K)->13013K(13824K)
[2025-12-25T04:31:24.159+0000][539.799s][info][gc             ] GC(753) Pause Young (Allocation Failure) 224M->147M(278M) 9.263ms
[2025-12-25T04:31:24.164+0000][539.804s][info][gc,cpu         ] GC(753) User=0.01s Sys=0.00s Real=0.01s
[2025-12-25T04:31:24.334+0000][539.974s][info][gc,start       ] GC(754) Pause Young (Allocation Failure)
[2025-12-25T04:31:24.344+0000][539.984s][info][gc,heap        ] GC(754) DefNew: 81992K(88512K)->2977K(88512K) Eden: 78720K(78720K)->0K(78720K) From: 3272K(9792K)->2977K(9792K)
[2025-12-25T04:31:24.345+0000][539.985s][info][gc,heap        ] GC(754) Tenured: 147499K(196608K)->147500K(196608K)
[2025-12-25T04:31:24.345+0000][539.985s][info][gc,metaspace   ] GC(754) Metaspace: 97599K(99136K)->97599K(99136K) NonClass: 84585K(85312K)->84585K(85312K) Class: 13013K(13824K)->13013K(13824K)
[2025-12-25T04:31:24.346+0000][539.986s][info][gc             ] GC(754) Pause Young (Allocation Failure) 224M->146M(278M) 11.751ms
[2025-12-25T04:31:24.347+0000][539.987s][info][gc,cpu         ] GC(754) User=0.01s Sys=0.00s Real=0.02s
[2025-12-25T04:31:24.477+0000][540.117s][info][gc,start       ] GC(755) Pause Young (Allocation Failure)
[2025-12-25T04:31:24.485+0000][540.125s][info][gc,heap        ] GC(755) DefNew: 81697K(88512K)->3188K(88512K) Eden: 78719K(78720K)->0K(78720K) From: 2977K(9792K)->3188K(9792K)
[2025-12-25T04:31:24.490+0000][540.130s][info][gc,heap        ] GC(755) Tenured: 147500K(196608K)->147500K(196608K)
[2025-12-25T04:31:24.490+0000][540.130s][info][gc,metaspace   ] GC(755) Metaspace: 97599K(99136K)->97599K(99136K) NonClass: 84585K(85312K)->84585K(85312K) Class: 13013K(13824K)->13013K(13824K)
[2025-12-25T04:31:24.491+0000][540.131s][info][gc             ] GC(755) Pause Young (Allocation Failure) 223M->147M(278M) 13.952ms
[2025-12-25T04:31:24.494+0000][540.134s][info][gc,cpu         ] GC(755) User=0.00s Sys=0.00s Real=0.01s
[2025-12-25T04:31:24.782+0000][540.422s][info][gc,start       ] GC(756) Pause Young (Allocation Failure)
[2025-12-25T04:31:24.802+0000][540.442s][info][gc,heap        ] GC(756) DefNew: 81908K(88512K)->4087K(88512K) Eden: 78720K(78720K)->0K(78720K) From: 3188K(9792K)->4087K(9792K)
[2025-12-25T04:31:24.804+0000][540.444s][info][gc,heap        ] GC(756) Tenured: 147500K(196608K)->147509K(196608K)
[2025-12-25T04:31:24.804+0000][540.444s][info][gc,metaspace   ] GC(756) Metaspace: 97606K(99136K)->97606K(99136K) NonClass: 84592K(85312K)->84592K(85312K) Class: 13013K(13824K)->13013K(13824K)
[2025-12-25T04:31:24.805+0000][540.445s][info][gc             ] GC(756) Pause Young (Allocation Failure) 224M->148M(278M) 22.823ms
[2025-12-25T04:31:24.805+0000][540.445s][info][gc,cpu         ] GC(756) User=0.01s Sys=0.00s Real=0.03s
[2025-12-25T04:31:24.987+0000][540.627s][info][gc,start       ] GC(757) Pause Young (Allocation Failure)
[2025-12-25T04:31:24.995+0000][540.635s][info][gc,heap        ] GC(757) DefNew: 82807K(88512K)->4077K(88512K) Eden: 78720K(78720K)->0K(78720K) From: 4087K(9792K)->4077K(9792K)
[2025-12-25T04:31:24.999+0000][540.639s][info][gc,heap        ] GC(757) Tenured: 147509K(196608K)->147510K(196608K)
[2025-12-25T04:31:25.000+0000][540.640s][info][gc,metaspace   ] GC(757) Metaspace: 97606K(99136K)->97606K(99136K) NonClass: 84592K(85312K)->84592K(85312K) Class: 13013K(13824K)->13013K(13824K)
[2025-12-25T04:31:25.001+0000][540.641s][info][gc             ] GC(757) Pause Young (Allocation Failure) 224M->148M(278M) 13.700ms
[2025-12-25T04:31:25.001+0000][540.641s][info][gc,cpu         ] GC(757) User=0.00s Sys=0.00s Real=0.01s
[2025-12-25T04:31:25.177+0000][540.817s][info][gc,start       ] GC(758) Pause Young (Allocation Failure)
[2025-12-25T04:31:25.186+0000][540.826s][info][gc,heap        ] GC(758) DefNew: 82797K(88512K)->4805K(88512K) Eden: 78720K(78720K)->0K(78720K) From: 4077K(9792K)->4805K(9792K)
[2025-12-25T04:31:25.187+0000][540.827s][info][gc,heap        ] GC(758) Tenured: 147510K(196608K)->147535K(196608K)
[2025-12-25T04:31:25.187+0000][540.827s][info][gc,metaspace   ] GC(758) Metaspace: 97606K(99136K)->97606K(99136K) NonClass: 84592K(85312K)->84592K(85312K) Class: 13013K(13824K)->13013K(13824K)
[2025-12-25T04:31:25.187+0000][540.827s][info][gc             ] GC(758) Pause Young (Allocation Failure) 224M->148M(278M) 10.796ms
[2025-12-25T04:31:25.188+0000][540.828s][info][gc,cpu         ] GC(758) User=0.01s Sys=0.00s Real=0.01s
[2025-12-25T04:31:25.318+0000][540.958s][info][gc,start       ] GC(759) Pause Young (Allocation Failure)
[2025-12-25T04:31:25.340+0000][540.979s][info][gc,heap        ] GC(759) DefNew: 83474K(88512K)->3114K(88512K) Eden: 78668K(78720K)->0K(78720K) From: 4805K(9792K)->3114K(9792K)
[2025-12-25T04:31:25.340+0000][540.980s][info][gc,heap        ] GC(759) Tenured: 147535K(196608K)->148128K(196608K)
[2025-12-25T04:31:25.340+0000][540.980s][info][gc,metaspace   ] GC(759) Metaspace: 97606K(99136K)->97606K(99136K) NonClass: 84592K(85312K)->84592K(85312K) Class: 13013K(13824K)->13013K(13824K)
[2025-12-25T04:31:25.340+0000][540.980s][info][gc             ] GC(759) Pause Young (Allocation Failure) 225M->147M(278M) 22.446ms
[2025-12-25T04:31:25.341+0000][540.981s][info][gc,cpu         ] GC(759) User=0.02s Sys=0.00s Real=0.02s
[2025-12-25T04:31:25.466+0000][541.106s][info][gc,start       ] GC(760) Pause Young (Allocation Failure)
[2025-12-25T04:31:25.481+0000][541.121s][info][gc,heap        ] GC(760) DefNew: 81834K(88512K)->3157K(88512K) Eden: 78720K(78720K)->0K(78720K) From: 3114K(9792K)->3157K(9792K)
[2025-12-25T04:31:25.483+0000][541.123s][info][gc,heap        ] GC(760) Tenured: 148128K(196608K)->148143K(196608K)
[2025-12-25T04:31:25.483+0000][541.123s][info][gc,metaspace   ] GC(760) Metaspace: 97606K(99136K)->97606K(99136K) NonClass: 84592K(85312K)->84592K(85312K) Class: 13013K(13824K)->13013K(13824K)
[2025-12-25T04:31:25.486+0000][541.126s][info][gc             ] GC(760) Pause Young (Allocation Failure) 224M->147M(278M) 20.384ms
[2025-12-25T04:31:25.489+0000][541.129s][info][gc,cpu         ] GC(760) User=0.01s Sys=0.01s Real=0.02s
[2025-12-25T04:31:25.677+0000][541.317s][info][gc,start       ] GC(761) Pause Young (Allocation Failure)
[2025-12-25T04:31:25.683+0000][541.323s][info][gc,heap        ] GC(761) DefNew: 81877K(88512K)->3449K(88512K) Eden: 78720K(78720K)->0K(78720K) From: 3157K(9792K)->3449K(9792K)
[2025-12-25T04:31:25.687+0000][541.327s][info][gc,heap        ] GC(761) Tenured: 148143K(196608K)->148144K(196608K)
[2025-12-25T04:31:25.688+0000][541.328s][info][gc,metaspace   ] GC(761) Metaspace: 97606K(99136K)->97606K(99136K) NonClass: 84592K(85312K)->84592K(85312K) Class: 13013K(13824K)->13013K(13824K)
[2025-12-25T04:31:25.689+0000][541.329s][info][gc             ] GC(761) Pause Young (Allocation Failure) 224M->148M(278M) 11.872ms
[2025-12-25T04:31:25.689+0000][541.329s][info][gc,cpu         ] GC(761) User=0.00s Sys=0.00s Real=0.01s
[2025-12-25T04:31:25.826+0000][541.466s][info][gc,start       ] GC(762) Pause Young (Allocation Failure)
[2025-12-25T04:31:25.843+0000][541.483s][info][gc,heap        ] GC(762) DefNew: 82169K(88512K)->4269K(88512K) Eden: 78720K(78720K)->0K(78720K) From: 3449K(9792K)->4269K(9792K)
[2025-12-25T04:31:25.843+0000][541.483s][info][gc,heap        ] GC(762) Tenured: 148144K(196608K)->148144K(196608K)
[2025-12-25T04:31:25.843+0000][541.483s][info][gc,metaspace   ] GC(762) Metaspace: 97606K(99136K)->97606K(99136K) NonClass: 84592K(85312K)->84592K(85312K) Class: 13013K(13824K)->13013K(13824K)
[2025-12-25T04:31:25.843+0000][541.483s][info][gc             ] GC(762) Pause Young (Allocation Failure) 224M->148M(278M) 17.063ms
[2025-12-25T04:31:25.844+0000][541.484s][info][gc,cpu         ] GC(762) User=0.01s Sys=0.00s Real=0.01s
[2025-12-25T04:31:25.998+0000][541.638s][info][gc,start       ] GC(763) Pause Young (Allocation Failure)
[2025-12-25T04:31:26.005+0000][541.645s][info][gc,heap        ] GC(763) DefNew: 82989K(88512K)->3288K(88512K) Eden: 78720K(78720K)->0K(78720K) From: 4269K(9792K)->3288K(9792K)
[2025-12-25T04:31:26.005+0000][541.645s][info][gc,heap        ] GC(763) Tenured: 148144K(196608K)->148144K(196608K)
[2025-12-25T04:31:26.006+0000][541.646s][info][gc,metaspace   ] GC(763) Metaspace: 97606K(99136K)->97606K(99136K) NonClass: 84592K(85312K)->84592K(85312K) Class: 13013K(13824K)->13013K(13824K)
[2025-12-25T04:31:26.007+0000][541.647s][info][gc             ] GC(763) Pause Young (Allocation Failure) 225M->147M(278M) 8.743ms
[2025-12-25T04:31:26.008+0000][541.648s][info][gc,cpu         ] GC(763) User=0.00s Sys=0.00s Real=0.01s
[2025-12-25T04:31:26.146+0000][541.786s][info][gc,start       ] GC(764) Pause Young (Allocation Failure)
[2025-12-25T04:31:26.152+0000][541.792s][info][gc,heap        ] GC(764) DefNew: 82008K(88512K)->3538K(88512K) Eden: 78720K(78720K)->0K(78720K) From: 3288K(9792K)->3538K(9792K)
[2025-12-25T04:31:26.153+0000][541.793s][info][gc,heap        ] GC(764) Tenured: 148144K(196608K)->148144K(196608K)
[2025-12-25T04:31:26.153+0000][541.793s][info][gc,metaspace   ] GC(764) Metaspace: 97606K(99136K)->97606K(99136K) NonClass: 84592K(85312K)->84592K(85312K) Class: 13013K(13824K)->13013K(13824K)
[2025-12-25T04:31:26.154+0000][541.794s][info][gc             ] GC(764) Pause Young (Allocation Failure) 224M->148M(278M) 7.833ms
[2025-12-25T04:31:26.154+0000][541.794s][info][gc,cpu         ] GC(764) User=0.01s Sys=0.00s Real=0.00s
[2025-12-25T04:31:26.250+0000][541.890s][info][gc,start       ] GC(765) Pause Young (Allocation Failure)
[2025-12-25T04:31:26.273+0000][541.913s][info][gc,heap        ] GC(765) DefNew: 82258K(88512K)->3911K(88512K) Eden: 78720K(78720K)->0K(78720K) From: 3538K(9792K)->3911K(9792K)
[2025-12-25T04:31:26.277+0000][541.917s][info][gc,heap        ] GC(765) Tenured: 148144K(196608K)->148144K(196608K)
[2025-12-25T04:31:26.278+0000][541.918s][info][gc,metaspace   ] GC(765) Metaspace: 97606K(99136K)->97606K(99136K) NonClass: 84592K(85312K)->84592K(85312K) Class: 13013K(13824K)->13013K(13824K)
[2025-12-25T04:31:26.278+0000][541.918s][info][gc             ] GC(765) Pause Young (Allocation Failure) 225M->148M(278M) 28.509ms
[2025-12-25T04:31:26.281+0000][541.921s][info][gc,cpu         ] GC(765) User=0.01s Sys=0.00s Real=0.03s
[2025-12-25T04:31:26.413+0000][542.053s][info][gc,start       ] GC(766) Pause Young (Allocation Failure)
[2025-12-25T04:31:26.470+0000][542.110s][info][gc,heap        ] GC(766) DefNew: 82631K(88512K)->3371K(88512K) Eden: 78720K(78720K)->0K(78720K) From: 3911K(9792K)->3371K(9792K)
[2025-12-25T04:31:26.472+0000][542.112s][info][gc,heap        ] GC(766) Tenured: 148144K(196608K)->148194K(196608K)
[2025-12-25T04:31:26.474+0000][542.114s][info][gc,metaspace   ] GC(766) Metaspace: 97606K(99136K)->97606K(99136K) NonClass: 84592K(85312K)->84592K(85312K) Class: 13013K(13824K)->13013K(13824K)
[2025-12-25T04:31:26.475+0000][542.115s][info][gc             ] GC(766) Pause Young (Allocation Failure) 225M->148M(278M) 61.998ms
[2025-12-25T04:31:26.478+0000][542.118s][info][gc,cpu         ] GC(766) User=0.03s Sys=0.01s Real=0.07s
[2025-12-25T04:31:26.565+0000][542.205s][info][gc,start       ] GC(767) Pause Young (Allocation Failure)
[2025-12-25T04:31:26.594+0000][542.234s][info][gc,heap        ] GC(767) DefNew: 82091K(88512K)->4353K(88512K) Eden: 78720K(78720K)->0K(78720K) From: 3371K(9792K)->4353K(9792K)
[2025-12-25T04:31:26.595+0000][542.235s][info][gc,heap        ] GC(767) Tenured: 148194K(196608K)->148194K(196608K)
[2025-12-25T04:31:26.595+0000][542.235s][info][gc,metaspace   ] GC(767) Metaspace: 97606K(99136K)->97606K(99136K) NonClass: 84592K(85312K)->84592K(85312K) Class: 13013K(13824K)->13013K(13824K)
[2025-12-25T04:31:26.595+0000][542.235s][info][gc             ] GC(767) Pause Young (Allocation Failure) 224M->148M(278M) 29.984ms
[2025-12-25T04:31:26.596+0000][542.236s][info][gc,cpu         ] GC(767) User=0.01s Sys=0.00s Real=0.03s
[2025-12-25T04:31:26.696+0000][542.336s][info][gc,start       ] GC(768) Pause Young (Allocation Failure)
[2025-12-25T04:31:26.722+0000][542.362s][info][gc,heap        ] GC(768) DefNew: 83073K(88512K)->3723K(88512K) Eden: 78720K(78720K)->0K(78720K) From: 4353K(9792K)->3723K(9792K)
[2025-12-25T04:31:26.723+0000][542.363s][info][gc,heap        ] GC(768) Tenured: 148194K(196608K)->148211K(196608K)
[2025-12-25T04:31:26.723+0000][542.363s][info][gc,metaspace   ] GC(768) Metaspace: 97606K(99136K)->97606K(99136K) NonClass: 84592K(85312K)->84592K(85312K) Class: 13013K(13824K)->13013K(13824K)
[2025-12-25T04:31:26.724+0000][542.364s][info][gc             ] GC(768) Pause Young (Allocation Failure) 225M->148M(278M) 27.583ms
[2025-12-25T04:31:26.725+0000][542.365s][info][gc,cpu         ] GC(768) User=0.01s Sys=0.00s Real=0.03s
[2025-12-25T04:31:26.916+0000][542.556s][info][gc,start       ] GC(769) Pause Young (Allocation Failure)
[2025-12-25T04:31:26.923+0000][542.563s][info][gc,heap        ] GC(769) DefNew: 82443K(88512K)->4094K(88512K) Eden: 78720K(78720K)->0K(78720K) From: 3723K(9792K)->4094K(9792K)
[2025-12-25T04:31:26.923+0000][542.563s][info][gc,heap        ] GC(769) Tenured: 148211K(196608K)->148235K(196608K)
[2025-12-25T04:31:26.923+0000][542.563s][info][gc,metaspace   ] GC(769) Metaspace: 97606K(99136K)->97606K(99136K) NonClass: 84592K(85312K)->84592K(85312K) Class: 13013K(13824K)->13013K(13824K)
[2025-12-25T04:31:26.924+0000][542.564s][info][gc             ] GC(769) Pause Young (Allocation Failure) 225M->148M(278M) 7.888ms
[2025-12-25T04:31:26.925+0000][542.564s][info][gc,cpu         ] GC(769) User=0.00s Sys=0.00s Real=0.01s
[2025-12-25T04:31:27.067+0000][542.707s][info][gc,start       ] GC(770) Pause Young (Allocation Failure)
[2025-12-25T04:31:27.077+0000][542.717s][info][gc,heap        ] GC(770) DefNew: 82814K(88512K)->3628K(88512K) Eden: 78720K(78720K)->0K(78720K) From: 4094K(9792K)->3628K(9792K)
[2025-12-25T04:31:27.078+0000][542.718s][info][gc,heap        ] GC(770) Tenured: 148235K(196608K)->148276K(196608K)
[2025-12-25T04:31:27.078+0000][542.718s][info][gc,metaspace   ] GC(770) Metaspace: 97616K(99136K)->97616K(99136K) NonClass: 84602K(85312K)->84602K(85312K) Class: 13013K(13824K)->13013K(13824K)
[2025-12-25T04:31:27.078+0000][542.718s][info][gc             ] GC(770) Pause Young (Allocation Failure) 225M->148M(278M) 11.497ms
[2025-12-25T04:31:27.079+0000][542.719s][info][gc,cpu         ] GC(770) User=0.01s Sys=0.00s Real=0.01s
[2025-12-25T04:31:27.246+0000][542.886s][info][gc,start       ] GC(771) Pause Young (Allocation Failure)
[2025-12-25T04:31:27.262+0000][542.901s][info][gc,heap        ] GC(771) DefNew: 81602K(88512K)->2923K(88512K) Eden: 77973K(78720K)->0K(78720K) From: 3628K(9792K)->2923K(9792K)
[2025-12-25T04:31:27.264+0000][542.904s][info][gc,heap        ] GC(771) Tenured: 148276K(196608K)->149718K(196608K)
[2025-12-25T04:31:27.265+0000][542.905s][info][gc,metaspace   ] GC(771) Metaspace: 97642K(99136K)->97642K(99136K) NonClass: 84626K(85312K)->84626K(85312K) Class: 13016K(13824K)->13016K(13824K)
[2025-12-25T04:31:27.266+0000][542.906s][info][gc             ] GC(771) Pause Young (Allocation Failure) 224M->149M(278M) 20.054ms
[2025-12-25T04:31:27.270+0000][542.910s][info][gc,cpu         ] GC(771) User=0.01s Sys=0.00s Real=0.02s
[2025-12-25T04:31:27.448+0000][543.088s][info][gc,start       ] GC(772) Pause Young (Allocation Failure)
[2025-12-25T04:31:27.518+0000][543.158s][info][gc,heap        ] GC(772) DefNew: 81643K(88512K)->2801K(88512K) Eden: 78720K(78720K)->0K(78720K) From: 2923K(9792K)->2801K(9792K)
[2025-12-25T04:31:27.521+0000][543.161s][info][gc,heap        ] GC(772) Tenured: 149718K(196608K)->149832K(196608K)
[2025-12-25T04:31:27.522+0000][543.162s][info][gc,metaspace   ] GC(772) Metaspace: 97642K(99136K)->97642K(99136K) NonClass: 84626K(85312K)->84626K(85312K) Class: 13016K(13824K)->13016K(13824K)
[2025-12-25T04:31:27.523+0000][543.163s][info][gc             ] GC(772) Pause Young (Allocation Failure) 225M->149M(278M) 75.156ms
[2025-12-25T04:31:27.524+0000][543.163s][info][gc,cpu         ] GC(772) User=0.05s Sys=0.00s Real=0.07s
[2025-12-25T04:31:27.734+0000][543.374s][info][gc,start       ] GC(773) Pause Young (Allocation Failure)
[2025-12-25T04:31:27.754+0000][543.394s][info][gc,heap        ] GC(773) DefNew: 81521K(88512K)->3197K(88512K) Eden: 78720K(78720K)->0K(78720K) From: 2801K(9792K)->3197K(9792K)
[2025-12-25T04:31:27.755+0000][543.395s][info][gc,heap        ] GC(773) Tenured: 149832K(196608K)->149832K(196608K)
[2025-12-25T04:31:27.755+0000][543.395s][info][gc,metaspace   ] GC(773) Metaspace: 97642K(99136K)->97642K(99136K) NonClass: 84626K(85312K)->84626K(85312K) Class: 13016K(13824K)->13016K(13824K)
[2025-12-25T04:31:27.756+0000][543.396s][info][gc             ] GC(773) Pause Young (Allocation Failure) 225M->149M(278M) 21.848ms
[2025-12-25T04:31:27.756+0000][543.396s][info][gc,cpu         ] GC(773) User=0.01s Sys=0.00s Real=0.03s
[2025-12-25T04:31:27.940+0000][543.580s][info][gc,start       ] GC(774) Pause Young (Allocation Failure)
[2025-12-25T04:31:27.950+0000][543.590s][info][gc,heap        ] GC(774) DefNew: 81917K(88512K)->2495K(88512K) Eden: 78720K(78720K)->0K(78720K) From: 3197K(9792K)->2495K(9792K)
[2025-12-25T04:31:27.951+0000][543.591s][info][gc,heap        ] GC(774) Tenured: 149832K(196608K)->149832K(196608K)
[2025-12-25T04:31:27.954+0000][543.594s][info][gc,metaspace   ] GC(774) Metaspace: 97642K(99136K)->97642K(99136K) NonClass: 84626K(85312K)->84626K(85312K) Class: 13016K(13824K)->13016K(13824K)
[2025-12-25T04:31:27.955+0000][543.595s][info][gc             ] GC(774) Pause Young (Allocation Failure) 226M->148M(278M) 14.866ms
[2025-12-25T04:31:27.955+0000][543.595s][info][gc,cpu         ] GC(774) User=0.00s Sys=0.00s Real=0.02s
[2025-12-25T04:31:28.087+0000][543.727s][info][gc,start       ] GC(775) Pause Young (Allocation Failure)
[2025-12-25T04:31:28.101+0000][543.741s][info][gc,heap        ] GC(775) DefNew: 81215K(88512K)->2870K(88512K) Eden: 78720K(78720K)->0K(78720K) From: 2495K(9792K)->2870K(9792K)
[2025-12-25T04:31:28.102+0000][543.742s][info][gc,heap        ] GC(775) Tenured: 149832K(196608K)->149832K(196608K)
[2025-12-25T04:31:28.102+0000][543.742s][info][gc,metaspace   ] GC(775) Metaspace: 97642K(99136K)->97642K(99136K) NonClass: 84626K(85312K)->84626K(85312K) Class: 13016K(13824K)->13016K(13824K)
[2025-12-25T04:31:28.102+0000][543.742s][info][gc             ] GC(775) Pause Young (Allocation Failure) 225M->149M(278M) 15.261ms
[2025-12-25T04:31:28.103+0000][543.743s][info][gc,cpu         ] GC(775) User=0.01s Sys=0.00s Real=0.01s
[2025-12-25T04:31:28.281+0000][543.921s][info][gc,start       ] GC(776) Pause Young (Allocation Failure)
[2025-12-25T04:31:28.287+0000][543.927s][info][gc,heap        ] GC(776) DefNew: 81590K(88512K)->3055K(88512K) Eden: 78720K(78720K)->0K(78720K) From: 2870K(9792K)->3055K(9792K)
[2025-12-25T04:31:28.287+0000][543.927s][info][gc,heap        ] GC(776) Tenured: 149832K(196608K)->149832K(196608K)
[2025-12-25T04:31:28.289+0000][543.929s][info][gc,metaspace   ] GC(776) Metaspace: 97642K(99136K)->97642K(99136K) NonClass: 84626K(85312K)->84626K(85312K) Class: 13016K(13824K)->13016K(13824K)
[2025-12-25T04:31:28.289+0000][543.929s][info][gc             ] GC(776) Pause Young (Allocation Failure) 225M->149M(278M) 7.361ms
[2025-12-25T04:31:28.289+0000][543.929s][info][gc,cpu         ] GC(776) User=0.01s Sys=0.00s Real=0.01s
[2025-12-25T04:31:28.404+0000][544.044s][info][gc,start       ] GC(777) Pause Young (Allocation Failure)
[2025-12-25T04:31:28.411+0000][544.051s][info][gc,heap        ] GC(777) DefNew: 81775K(88512K)->3272K(88512K) Eden: 78720K(78720K)->0K(78720K) From: 3055K(9792K)->3272K(9792K)
[2025-12-25T04:31:28.411+0000][544.051s][info][gc,heap        ] GC(777) Tenured: 149832K(196608K)->149833K(196608K)
[2025-12-25T04:31:28.411+0000][544.051s][info][gc,metaspace   ] GC(777) Metaspace: 97642K(99136K)->97642K(99136K) NonClass: 84626K(85312K)->84626K(85312K) Class: 13016K(13824K)->13016K(13824K)
[2025-12-25T04:31:28.411+0000][544.051s][info][gc             ] GC(777) Pause Young (Allocation Failure) 226M->149M(278M) 7.219ms
[2025-12-25T04:31:28.412+0000][544.052s][info][gc,cpu         ] GC(777) User=0.00s Sys=0.00s Real=0.01s
[2025-12-25T04:31:28.557+0000][544.197s][info][gc,start       ] GC(778) Pause Young (Allocation Failure)
[2025-12-25T04:31:28.566+0000][544.206s][info][gc,heap        ] GC(778) DefNew: 81992K(88512K)->2976K(88512K) Eden: 78720K(78720K)->0K(78720K) From: 3272K(9792K)->2976K(9792K)
[2025-12-25T04:31:28.566+0000][544.206s][info][gc,heap        ] GC(778) Tenured: 149833K(196608K)->149840K(196608K)
[2025-12-25T04:31:28.566+0000][544.206s][info][gc,metaspace   ] GC(778) Metaspace: 97642K(99136K)->97642K(99136K) NonClass: 84626K(85312K)->84626K(85312K) Class: 13016K(13824K)->13016K(13824K)
[2025-12-25T04:31:28.567+0000][544.207s][info][gc             ] GC(778) Pause Young (Allocation Failure) 226M->149M(278M) 9.406ms
[2025-12-25T04:31:28.570+0000][544.210s][info][gc,cpu         ] GC(778) User=0.00s Sys=0.00s Real=0.01s
[2025-12-25T04:31:28.709+0000][544.349s][info][gc,start       ] GC(779) Pause Young (Allocation Failure)
[2025-12-25T04:31:28.751+0000][544.391s][info][gc,heap        ] GC(779) DefNew: 81696K(88512K)->2635K(88512K) Eden: 78720K(78720K)->0K(78720K) From: 2976K(9792K)->2635K(9792K)
[2025-12-25T04:31:28.753+0000][544.393s][info][gc,heap        ] GC(779) Tenured: 149840K(196608K)->149880K(196608K)
[2025-12-25T04:31:28.754+0000][544.394s][info][gc,metaspace   ] GC(779) Metaspace: 97642K(99136K)->97642K(99136K) NonClass: 84626K(85312K)->84626K(85312K) Class: 13016K(13824K)->13016K(13824K)
[2025-12-25T04:31:28.756+0000][544.396s][info][gc             ] GC(779) Pause Young (Allocation Failure) 226M->148M(278M) 47.276ms
[2025-12-25T04:31:28.757+0000][544.397s][info][gc,cpu         ] GC(779) User=0.03s Sys=0.00s Real=0.05s
[2025-12-25T04:31:28.910+0000][544.550s][info][gc,start       ] GC(780) Pause Young (Allocation Failure)
[2025-12-25T04:31:28.922+0000][544.562s][info][gc,heap        ] GC(780) DefNew: 81355K(88512K)->4568K(88512K) Eden: 78720K(78720K)->0K(78720K) From: 2635K(9792K)->4568K(9792K)
[2025-12-25T04:31:28.925+0000][544.565s][info][gc,heap        ] GC(780) Tenured: 149880K(196608K)->150188K(196608K)
[2025-12-25T04:31:28.926+0000][544.566s][info][gc,metaspace   ] GC(780) Metaspace: 97642K(99136K)->97642K(99136K) NonClass: 84626K(85312K)->84626K(85312K) Class: 13016K(13824K)->13016K(13824K)
[2025-12-25T04:31:28.926+0000][544.566s][info][gc             ] GC(780) Pause Young (Allocation Failure) 225M->151M(278M) 16.477ms
[2025-12-25T04:31:28.927+0000][544.567s][info][gc,cpu         ] GC(780) User=0.01s Sys=0.00s Real=0.02s
[2025-12-25T04:31:29.039+0000][544.679s][info][gc,start       ] GC(781) Pause Young (Allocation Failure)
[2025-12-25T04:31:29.069+0000][544.709s][info][gc,heap        ] GC(781) DefNew: 83288K(88512K)->3122K(88512K) Eden: 78720K(78720K)->0K(78720K) From: 4568K(9792K)->3122K(9792K)
[2025-12-25T04:31:29.073+0000][544.712s][info][gc,heap        ] GC(781) Tenured: 150188K(196608K)->150271K(196608K)
[2025-12-25T04:31:29.073+0000][544.713s][info][gc,metaspace   ] GC(781) Metaspace: 97642K(99136K)->97642K(99136K) NonClass: 84626K(85312K)->84626K(85312K) Class: 13016K(13824K)->13016K(13824K)
[2025-12-25T04:31:29.073+0000][544.713s][info][gc             ] GC(781) Pause Young (Allocation Failure) 228M->149M(278M) 34.208ms
[2025-12-25T04:31:29.080+0000][544.720s][info][gc,cpu         ] GC(781) User=0.01s Sys=0.00s Real=0.04s
[2025-12-25T04:31:29.250+0000][544.890s][info][gc,start       ] GC(782) Pause Young (Allocation Failure)
[2025-12-25T04:31:29.257+0000][544.897s][info][gc,heap        ] GC(782) DefNew: 81842K(88512K)->3451K(88512K) Eden: 78720K(78720K)->0K(78720K) From: 3122K(9792K)->3451K(9792K)
[2025-12-25T04:31:29.258+0000][544.898s][info][gc,heap        ] GC(782) Tenured: 150271K(196608K)->150271K(196608K)
[2025-12-25T04:31:29.258+0000][544.898s][info][gc,metaspace   ] GC(782) Metaspace: 97642K(99136K)->97642K(99136K) NonClass: 84626K(85312K)->84626K(85312K) Class: 13016K(13824K)->13016K(13824K)
[2025-12-25T04:31:29.258+0000][544.898s][info][gc             ] GC(782) Pause Young (Allocation Failure) 226M->150M(278M) 8.320ms
[2025-12-25T04:31:29.258+0000][544.898s][info][gc,cpu         ] GC(782) User=0.01s Sys=0.00s Real=0.01s
[2025-12-25T04:31:29.521+0000][545.161s][info][gc,start       ] GC(783) Pause Young (Allocation Failure)
[2025-12-25T04:31:29.534+0000][545.174s][info][gc,heap        ] GC(783) DefNew: 82171K(88512K)->3146K(88512K) Eden: 78720K(78720K)->0K(78720K) From: 3451K(9792K)->3146K(9792K)
[2025-12-25T04:31:29.534+0000][545.174s][info][gc,heap        ] GC(783) Tenured: 150271K(196608K)->150276K(196608K)
[2025-12-25T04:31:29.534+0000][545.174s][info][gc,metaspace   ] GC(783) Metaspace: 97642K(99136K)->97642K(99136K) NonClass: 84626K(85312K)->84626K(85312K) Class: 13016K(13824K)->13016K(13824K)
[2025-12-25T04:31:29.535+0000][545.175s][info][gc             ] GC(783) Pause Young (Allocation Failure) 226M->149M(278M) 13.942ms
[2025-12-25T04:31:29.537+0000][545.177s][info][gc,cpu         ] GC(783) User=0.01s Sys=0.00s Real=0.02s
[2025-12-25T04:31:29.795+0000][545.435s][info][gc,start       ] GC(784) Pause Young (Allocation Failure)
[2025-12-25T04:31:29.803+0000][545.443s][info][gc,heap        ] GC(784) DefNew: 81866K(88512K)->4745K(88512K) Eden: 78720K(78720K)->0K(78720K) From: 3146K(9792K)->4745K(9792K)
[2025-12-25T04:31:29.804+0000][545.444s][info][gc,heap        ] GC(784) Tenured: 150276K(196608K)->150276K(196608K)
[2025-12-25T04:31:29.804+0000][545.444s][info][gc,metaspace   ] GC(784) Metaspace: 97642K(99136K)->97642K(99136K) NonClass: 84626K(85312K)->84626K(85312K) Class: 13016K(13824K)->13016K(13824K)
[2025-12-25T04:31:29.804+0000][545.444s][info][gc             ] GC(784) Pause Young (Allocation Failure) 226M->151M(278M) 9.555ms
[2025-12-25T04:31:29.805+0000][545.445s][info][gc,cpu         ] GC(784) User=0.01s Sys=0.00s Real=0.01s
[2025-12-25T04:31:29.983+0000][545.623s][info][gc,start       ] GC(785) Pause Young (Allocation Failure)
[2025-12-25T04:31:29.994+0000][545.634s][info][gc,heap        ] GC(785) DefNew: 83465K(88512K)->5024K(88512K) Eden: 78720K(78720K)->0K(78720K) From: 4745K(9792K)->5024K(9792K)
[2025-12-25T04:31:29.995+0000][545.635s][info][gc,heap        ] GC(785) Tenured: 150276K(196608K)->150286K(196608K)
[2025-12-25T04:31:29.995+0000][545.635s][info][gc,metaspace   ] GC(785) Metaspace: 97642K(99136K)->97642K(99136K) NonClass: 84626K(85312K)->84626K(85312K) Class: 13016K(13824K)->13016K(13824K)
[2025-12-25T04:31:29.995+0000][545.635s][info][gc             ] GC(785) Pause Young (Allocation Failure) 228M->151M(278M) 11.832ms
[2025-12-25T04:31:29.996+0000][545.636s][info][gc,cpu         ] GC(785) User=0.01s Sys=0.00s Real=0.02s
[2025-12-25T04:31:30.144+0000][545.784s][info][gc,start       ] GC(786) Pause Young (Allocation Failure)
[2025-12-25T04:31:30.161+0000][545.801s][info][gc,heap        ] GC(786) DefNew: 83744K(88512K)->4154K(88512K) Eden: 78720K(78720K)->0K(78720K) From: 5024K(9792K)->4154K(9792K)
[2025-12-25T04:31:30.165+0000][545.805s][info][gc,heap        ] GC(786) Tenured: 150286K(196608K)->150662K(196608K)
[2025-12-25T04:31:30.166+0000][545.806s][info][gc,metaspace   ] GC(786) Metaspace: 97642K(99136K)->97642K(99136K) NonClass: 84626K(85312K)->84626K(85312K) Class: 13016K(13824K)->13016K(13824K)
[2025-12-25T04:31:30.167+0000][545.807s][info][gc             ] GC(786) Pause Young (Allocation Failure) 228M->151M(278M) 22.472ms
[2025-12-25T04:31:30.167+0000][545.807s][info][gc,cpu         ] GC(786) User=0.01s Sys=0.00s Real=0.03s
[2025-12-25T04:31:30.325+0000][545.965s][info][gc,start       ] GC(787) Pause Young (Allocation Failure)
[2025-12-25T04:31:30.331+0000][545.971s][info][gc,heap        ] GC(787) DefNew: 82874K(88512K)->3596K(88512K) Eden: 78720K(78720K)->0K(78720K) From: 4154K(9792K)->3596K(9792K)
[2025-12-25T04:31:30.332+0000][545.972s][info][gc,heap        ] GC(787) Tenured: 150662K(196608K)->150662K(196608K)
[2025-12-25T04:31:30.332+0000][545.972s][info][gc,metaspace   ] GC(787) Metaspace: 97642K(99136K)->97642K(99136K) NonClass: 84626K(85312K)->84626K(85312K) Class: 13016K(13824K)->13016K(13824K)
[2025-12-25T04:31:30.333+0000][545.973s][info][gc             ] GC(787) Pause Young (Allocation Failure) 228M->150M(278M) 7.977ms
[2025-12-25T04:31:30.337+0000][545.977s][info][gc,cpu         ] GC(787) User=0.01s Sys=0.00s Real=0.01s
[2025-12-25T04:31:30.473+0000][546.113s][info][gc,start       ] GC(788) Pause Young (Allocation Failure)
[2025-12-25T04:31:30.495+0000][546.135s][info][gc,heap        ] GC(788) DefNew: 82316K(88512K)->4003K(88512K) Eden: 78720K(78720K)->0K(78720K) From: 3596K(9792K)->4003K(9792K)
[2025-12-25T04:31:30.502+0000][546.142s][info][gc,heap        ] GC(788) Tenured: 150662K(196608K)->150662K(196608K)
[2025-12-25T04:31:30.502+0000][546.142s][info][gc,metaspace   ] GC(788) Metaspace: 97642K(99136K)->97642K(99136K) NonClass: 84626K(85312K)->84626K(85312K) Class: 13016K(13824K)->13016K(13824K)
[2025-12-25T04:31:30.503+0000][546.143s][info][gc             ] GC(788) Pause Young (Allocation Failure) 227M->151M(278M) 29.068ms
[2025-12-25T04:31:30.503+0000][546.143s][info][gc,cpu         ] GC(788) User=0.01s Sys=0.00s Real=0.03s
[2025-12-25T04:31:30.645+0000][546.285s][info][gc,start       ] GC(789) Pause Young (Allocation Failure)
[2025-12-25T04:31:30.650+0000][546.290s][info][gc,heap        ] GC(789) DefNew: 82723K(88512K)->3686K(88512K) Eden: 78720K(78720K)->0K(78720K) From: 4003K(9792K)->3686K(9792K)
[2025-12-25T04:31:30.653+0000][546.293s][info][gc,heap        ] GC(789) Tenured: 150662K(196608K)->150662K(196608K)
[2025-12-25T04:31:30.656+0000][546.296s][info][gc,metaspace   ] GC(789) Metaspace: 97642K(99136K)->97642K(99136K) NonClass: 84626K(85312K)->84626K(85312K) Class: 13016K(13824K)->13016K(13824K)
[2025-12-25T04:31:30.656+0000][546.296s][info][gc             ] GC(789) Pause Young (Allocation Failure) 227M->150M(278M) 11.315ms
[2025-12-25T04:31:30.656+0000][546.296s][info][gc,cpu         ] GC(789) User=0.01s Sys=0.00s Real=0.01s
[2025-12-25T04:31:30.834+0000][546.474s][info][gc,start       ] GC(790) Pause Young (Allocation Failure)
[2025-12-25T04:31:30.841+0000][546.481s][info][gc,heap        ] GC(790) DefNew: 82406K(88512K)->3685K(88512K) Eden: 78720K(78720K)->0K(78720K) From: 3686K(9792K)->3685K(9792K)
[2025-12-25T04:31:30.841+0000][546.481s][info][gc,heap        ] GC(790) Tenured: 150662K(196608K)->150663K(196608K)
[2025-12-25T04:31:30.842+0000][546.482s][info][gc,metaspace   ] GC(790) Metaspace: 97642K(99136K)->97642K(99136K) NonClass: 84626K(85312K)->84626K(85312K) Class: 13016K(13824K)->13016K(13824K)
[2025-12-25T04:31:30.842+0000][546.482s][info][gc             ] GC(790) Pause Young (Allocation Failure) 227M->150M(278M) 8.449ms
[2025-12-25T04:31:30.842+0000][546.482s][info][gc,cpu         ] GC(790) User=0.01s Sys=0.00s Real=0.01s
[2025-12-25T04:31:31.000+0000][546.640s][info][gc,start       ] GC(791) Pause Young (Allocation Failure)
[2025-12-25T04:31:31.006+0000][546.646s][info][gc,heap        ] GC(791) DefNew: 82405K(88512K)->3279K(88512K) Eden: 78720K(78720K)->0K(78720K) From: 3685K(9792K)->3279K(9792K)
[2025-12-25T04:31:31.006+0000][546.646s][info][gc,heap        ] GC(791) Tenured: 150663K(196608K)->150743K(196608K)
[2025-12-25T04:31:31.006+0000][546.646s][info][gc,metaspace   ] GC(791) Metaspace: 97642K(99136K)->97642K(99136K) NonClass: 84626K(85312K)->84626K(85312K) Class: 13016K(13824K)->13016K(13824K)
[2025-12-25T04:31:31.007+0000][546.647s][info][gc             ] GC(791) Pause Young (Allocation Failure) 227M->150M(278M) 6.602ms
[2025-12-25T04:31:31.008+0000][546.648s][info][gc,cpu         ] GC(791) User=0.00s Sys=0.00s Real=0.01s
[2025-12-25T04:31:31.150+0000][546.790s][info][gc,start       ] GC(792) Pause Young (Allocation Failure)
[2025-12-25T04:31:31.155+0000][546.795s][info][gc,heap        ] GC(792) DefNew: 81999K(88512K)->3998K(88512K) Eden: 78720K(78720K)->0K(78720K) From: 3279K(9792K)->3998K(9792K)
[2025-12-25T04:31:31.155+0000][546.795s][info][gc,heap        ] GC(792) Tenured: 150743K(196608K)->150823K(196608K)
[2025-12-25T04:31:31.156+0000][546.796s][info][gc,metaspace   ] GC(792) Metaspace: 97642K(99136K)->97642K(99136K) NonClass: 84626K(85312K)->84626K(85312K) Class: 13016K(13824K)->13016K(13824K)
[2025-12-25T04:31:31.156+0000][546.796s][info][gc             ] GC(792) Pause Young (Allocation Failure) 227M->151M(278M) 6.661ms
[2025-12-25T04:31:31.157+0000][546.797s][info][gc,cpu         ] GC(792) User=0.01s Sys=0.00s Real=0.01s
[2025-12-25T04:31:31.313+0000][546.953s][info][gc,start       ] GC(793) Pause Young (Allocation Failure)
[2025-12-25T04:31:31.320+0000][546.960s][info][gc,heap        ] GC(793) DefNew: 82718K(88512K)->3939K(88512K) Eden: 78720K(78720K)->0K(78720K) From: 3998K(9792K)->3939K(9792K)
[2025-12-25T04:31:31.321+0000][546.961s][info][gc,heap        ] GC(793) Tenured: 150823K(196608K)->150856K(196608K)
[2025-12-25T04:31:31.323+0000][546.963s][info][gc,metaspace   ] GC(793) Metaspace: 97642K(99136K)->97642K(99136K) NonClass: 84626K(85312K)->84626K(85312K) Class: 13016K(13824K)->13016K(13824K)
[2025-12-25T04:31:31.324+0000][546.964s][info][gc             ] GC(793) Pause Young (Allocation Failure) 228M->151M(278M) 10.303ms
[2025-12-25T04:31:31.324+0000][546.964s][info][gc,cpu         ] GC(793) User=0.00s Sys=0.00s Real=0.02s
[2025-12-25T04:31:31.517+0000][547.157s][info][gc,start       ] GC(794) Pause Young (Allocation Failure)
[2025-12-25T04:31:31.553+0000][547.193s][info][gc,heap        ] GC(794) DefNew: 82659K(88512K)->3574K(88512K) Eden: 78720K(78720K)->0K(78720K) From: 3939K(9792K)->3574K(9792K)
[2025-12-25T04:31:31.553+0000][547.193s][info][gc,heap        ] GC(794) Tenured: 150856K(196608K)->150900K(196608K)
[2025-12-25T04:31:31.554+0000][547.194s][info][gc,metaspace   ] GC(794) Metaspace: 97642K(99136K)->97642K(99136K) NonClass: 84626K(85312K)->84626K(85312K) Class: 13016K(13824K)->13016K(13824K)
[2025-12-25T04:31:31.554+0000][547.194s][info][gc             ] GC(794) Pause Young (Allocation Failure) 228M->150M(278M) 36.665ms
[2025-12-25T04:31:31.554+0000][547.194s][info][gc,cpu         ] GC(794) User=0.01s Sys=0.00s Real=0.04s
[2025-12-25T04:31:31.703+0000][547.343s][info][gc,start       ] GC(795) Pause Young (Allocation Failure)
[2025-12-25T04:31:31.710+0000][547.350s][info][gc,heap        ] GC(795) DefNew: 82294K(88512K)->3227K(88512K) Eden: 78720K(78720K)->0K(78720K) From: 3574K(9792K)->3227K(9792K)
[2025-12-25T04:31:31.711+0000][547.351s][info][gc,heap        ] GC(795) Tenured: 150900K(196608K)->152168K(196608K)
[2025-12-25T04:31:31.711+0000][547.351s][info][gc,metaspace   ] GC(795) Metaspace: 97642K(99136K)->97642K(99136K) NonClass: 84626K(85312K)->84626K(85312K) Class: 13016K(13824K)->13016K(13824K)
[2025-12-25T04:31:31.711+0000][547.351s][info][gc             ] GC(795) Pause Young (Allocation Failure) 227M->151M(278M) 8.431ms
[2025-12-25T04:31:31.711+0000][547.351s][info][gc,cpu         ] GC(795) User=0.01s Sys=0.00s Real=0.01s
[2025-12-25T04:31:31.832+0000][547.472s][info][gc,start       ] GC(796) Pause Young (Allocation Failure)
[2025-12-25T04:31:31.837+0000][547.477s][info][gc,heap        ] GC(796) DefNew: 81947K(88512K)->2348K(88512K) Eden: 78720K(78720K)->0K(78720K) From: 3227K(9792K)->2348K(9792K)
[2025-12-25T04:31:31.837+0000][547.477s][info][gc,heap        ] GC(796) Tenured: 152168K(196608K)->152168K(196608K)
[2025-12-25T04:31:31.838+0000][547.478s][info][gc,metaspace   ] GC(796) Metaspace: 97642K(99136K)->97642K(99136K) NonClass: 84626K(85312K)->84626K(85312K) Class: 13016K(13824K)->13016K(13824K)
[2025-12-25T04:31:31.838+0000][547.478s][info][gc             ] GC(796) Pause Young (Allocation Failure) 228M->150M(278M) 6.456ms
[2025-12-25T04:31:31.838+0000][547.478s][info][gc,cpu         ] GC(796) User=0.00s Sys=0.00s Real=0.01s
[2025-12-25T04:31:31.946+0000][547.586s][info][gc,start       ] GC(797) Pause Young (Allocation Failure)
[2025-12-25T04:31:31.953+0000][547.593s][info][gc,heap        ] GC(797) DefNew: 81068K(88512K)->3317K(88512K) Eden: 78720K(78720K)->0K(78720K) From: 2348K(9792K)->3317K(9792K)
[2025-12-25T04:31:31.955+0000][547.595s][info][gc,heap        ] GC(797) Tenured: 152168K(196608K)->152168K(196608K)
[2025-12-25T04:31:31.961+0000][547.601s][info][gc,metaspace   ] GC(797) Metaspace: 97642K(99136K)->97642K(99136K) NonClass: 84626K(85312K)->84626K(85312K) Class: 13016K(13824K)->13016K(13824K)
[2025-12-25T04:31:31.962+0000][547.602s][info][gc             ] GC(797) Pause Young (Allocation Failure) 227M->151M(278M) 15.751ms
[2025-12-25T04:31:31.962+0000][547.602s][info][gc,cpu         ] GC(797) User=0.00s Sys=0.00s Real=0.01s
[2025-12-25T04:31:32.150+0000][547.790s][info][gc,start       ] GC(798) Pause Young (Allocation Failure)
[2025-12-25T04:31:32.167+0000][547.807s][info][gc,heap        ] GC(798) DefNew: 82037K(88512K)->2695K(88512K) Eden: 78720K(78720K)->0K(78720K) From: 3317K(9792K)->2695K(9792K)
[2025-12-25T04:31:32.167+0000][547.807s][info][gc,heap        ] GC(798) Tenured: 152168K(196608K)->152169K(196608K)
[2025-12-25T04:31:32.168+0000][547.808s][info][gc,metaspace   ] GC(798) Metaspace: 97646K(99136K)->97646K(99136K) NonClass: 84629K(85312K)->84629K(85312K) Class: 13016K(13824K)->13016K(13824K)
[2025-12-25T04:31:32.168+0000][547.808s][info][gc             ] GC(798) Pause Young (Allocation Failure) 228M->151M(278M) 18.076ms
[2025-12-25T04:31:32.168+0000][547.808s][info][gc,cpu         ] GC(798) User=0.01s Sys=0.00s Real=0.02s
[2025-12-25T04:31:32.314+0000][547.954s][info][gc,start       ] GC(799) Pause Young (Allocation Failure)
[2025-12-25T04:31:32.319+0000][547.959s][info][gc,heap        ] GC(799) DefNew: 81415K(88512K)->2581K(88512K) Eden: 78720K(78720K)->0K(78720K) From: 2695K(9792K)->2581K(9792K)
[2025-12-25T04:31:32.319+0000][547.959s][info][gc,heap        ] GC(799) Tenured: 152169K(196608K)->152378K(196608K)
[2025-12-25T04:31:32.320+0000][547.960s][info][gc,metaspace   ] GC(799) Metaspace: 97652K(99136K)->97652K(99136K) NonClass: 84635K(85312K)->84635K(85312K) Class: 13016K(13824K)->13016K(13824K)
[2025-12-25T04:31:32.321+0000][547.961s][info][gc             ] GC(799) Pause Young (Allocation Failure) 228M->151M(278M) 6.898ms
[2025-12-25T04:31:32.322+0000][547.962s][info][gc,cpu         ] GC(799) User=0.01s Sys=0.00s Real=0.01s
[2025-12-25T04:31:32.503+0000][548.143s][info][gc,start       ] GC(800) Pause Young (Allocation Failure)
[2025-12-25T04:31:32.526+0000][548.166s][info][gc,heap        ] GC(800) DefNew: 81301K(88512K)->2353K(88512K) Eden: 78719K(78720K)->0K(78720K) From: 2581K(9792K)->2353K(9792K)
[2025-12-25T04:31:32.528+0000][548.168s][info][gc,heap        ] GC(800) Tenured: 152378K(196608K)->152424K(196608K)
[2025-12-25T04:31:32.534+0000][548.174s][info][gc,metaspace   ] GC(800) Metaspace: 97652K(99136K)->97652K(99136K) NonClass: 84635K(85312K)->84635K(85312K) Class: 13016K(13824K)->13016K(13824K)
[2025-12-25T04:31:32.534+0000][548.174s][info][gc             ] GC(800) Pause Young (Allocation Failure) 228M->151M(278M) 30.971ms
[2025-12-25T04:31:32.538+0000][548.178s][info][gc,cpu         ] GC(800) User=0.01s Sys=0.00s Real=0.04s
[2025-12-25T04:31:32.742+0000][548.382s][info][gc,start       ] GC(801) Pause Young (Allocation Failure)
[2025-12-25T04:31:32.747+0000][548.387s][info][gc,heap        ] GC(801) DefNew: 81073K(88512K)->2064K(88512K) Eden: 78720K(78720K)->0K(78720K) From: 2353K(9792K)->2064K(9792K)
[2025-12-25T04:31:32.748+0000][548.388s][info][gc,heap        ] GC(801) Tenured: 152424K(196608K)->152469K(196608K)
[2025-12-25T04:31:32.750+0000][548.390s][info][gc,metaspace   ] GC(801) Metaspace: 97652K(99136K)->97652K(99136K) NonClass: 84635K(85312K)->84635K(85312K) Class: 13016K(13824K)->13016K(13824K)
[2025-12-25T04:31:32.752+0000][548.392s][info][gc             ] GC(801) Pause Young (Allocation Failure) 228M->150M(278M) 10.040ms
[2025-12-25T04:31:32.752+0000][548.392s][info][gc,cpu         ] GC(801) User=0.01s Sys=0.00s Real=0.01s
[2025-12-25T04:31:32.910+0000][548.550s][info][gc,start       ] GC(802) Pause Young (Allocation Failure)
[2025-12-25T04:31:32.917+0000][548.557s][info][gc,heap        ] GC(802) DefNew: 80784K(88512K)->2198K(88512K) Eden: 78720K(78720K)->0K(78720K) From: 2064K(9792K)->2198K(9792K)
[2025-12-25T04:31:32.917+0000][548.557s][info][gc,heap        ] GC(802) Tenured: 152469K(196608K)->152469K(196608K)
[2025-12-25T04:31:32.918+0000][548.558s][info][gc,metaspace   ] GC(802) Metaspace: 97652K(99136K)->97652K(99136K) NonClass: 84635K(85312K)->84635K(85312K) Class: 13016K(13824K)->13016K(13824K)
[2025-12-25T04:31:32.918+0000][548.558s][info][gc             ] GC(802) Pause Young (Allocation Failure) 227M->151M(278M) 8.036ms
[2025-12-25T04:31:32.919+0000][548.559s][info][gc,cpu         ] GC(802) User=0.01s Sys=0.00s Real=0.01s
[2025-12-25T04:31:33.063+0000][548.703s][info][gc,start       ] GC(803) Pause Young (Allocation Failure)
[2025-12-25T04:31:33.074+0000][548.714s][info][gc,heap        ] GC(803) DefNew: 80913K(88512K)->2500K(88512K) Eden: 78715K(78720K)->0K(78720K) From: 2198K(9792K)->2500K(9792K)
[2025-12-25T04:31:33.074+0000][548.714s][info][gc,heap        ] GC(803) Tenured: 152469K(196608K)->152469K(196608K)
[2025-12-25T04:31:33.074+0000][548.714s][info][gc,metaspace   ] GC(803) Metaspace: 97652K(99136K)->97652K(99136K) NonClass: 84635K(85312K)->84635K(85312K) Class: 13016K(13824K)->13016K(13824K)
[2025-12-25T04:31:33.074+0000][548.714s][info][gc             ] GC(803) Pause Young (Allocation Failure) 227M->151M(278M) 11.794ms
[2025-12-25T04:31:33.075+0000][548.715s][info][gc,cpu         ] GC(803) User=0.00s Sys=0.00s Real=0.02s
[2025-12-25T04:31:33.198+0000][548.838s][info][gc,start       ] GC(804) Pause Young (Allocation Failure)
[2025-12-25T04:31:33.202+0000][548.842s][info][gc,heap        ] GC(804) DefNew: 81220K(88512K)->2183K(88512K) Eden: 78720K(78720K)->0K(78720K) From: 2500K(9792K)->2183K(9792K)
[2025-12-25T04:31:33.203+0000][548.843s][info][gc,heap        ] GC(804) Tenured: 152469K(196608K)->152469K(196608K)
[2025-12-25T04:31:33.203+0000][548.843s][info][gc,metaspace   ] GC(804) Metaspace: 97652K(99136K)->97652K(99136K) NonClass: 84635K(85312K)->84635K(85312K) Class: 13016K(13824K)->13016K(13824K)
[2025-12-25T04:31:33.204+0000][548.844s][info][gc             ] GC(804) Pause Young (Allocation Failure) 228M->151M(278M) 5.589ms
[2025-12-25T04:31:33.204+0000][548.844s][info][gc,cpu         ] GC(804) User=0.00s Sys=0.00s Real=0.00s
[2025-12-25T04:31:33.312+0000][548.951s][info][gc,start       ] GC(805) Pause Young (Allocation Failure)
[2025-12-25T04:31:33.317+0000][548.957s][info][gc,heap        ] GC(805) DefNew: 80903K(88512K)->2507K(88512K) Eden: 78720K(78720K)->0K(78720K) From: 2183K(9792K)->2507K(9792K)
[2025-12-25T04:31:33.318+0000][548.958s][info][gc,heap        ] GC(805) Tenured: 152469K(196608K)->152469K(196608K)
[2025-12-25T04:31:33.318+0000][548.958s][info][gc,metaspace   ] GC(805) Metaspace: 97652K(99136K)->97652K(99136K) NonClass: 84635K(85312K)->84635K(85312K) Class: 13016K(13824K)->13016K(13824K)
[2025-12-25T04:31:33.318+0000][548.958s][info][gc             ] GC(805) Pause Young (Allocation Failure) 227M->151M(278M) 6.881ms
[2025-12-25T04:31:33.319+0000][548.959s][info][gc,cpu         ] GC(805) User=0.00s Sys=0.00s Real=0.01s
[2025-12-25T04:31:33.464+0000][549.104s][info][gc,start       ] GC(806) Pause Young (Allocation Failure)
[2025-12-25T04:31:33.482+0000][549.122s][info][gc,heap        ] GC(806) DefNew: 81227K(88512K)->2685K(88512K) Eden: 78720K(78720K)->0K(78720K) From: 2507K(9792K)->2685K(9792K)
[2025-12-25T04:31:33.483+0000][549.123s][info][gc,heap        ] GC(806) Tenured: 152469K(196608K)->152469K(196608K)
[2025-12-25T04:31:33.487+0000][549.127s][info][gc,metaspace   ] GC(806) Metaspace: 97652K(99136K)->97652K(99136K) NonClass: 84635K(85312K)->84635K(85312K) Class: 13016K(13824K)->13016K(13824K)
[2025-12-25T04:31:33.488+0000][549.128s][info][gc             ] GC(806) Pause Young (Allocation Failure) 228M->151M(278M) 23.243ms
[2025-12-25T04:31:33.488+0000][549.128s][info][gc,cpu         ] GC(806) User=0.00s Sys=0.00s Real=0.02s
[2025-12-25T04:31:33.663+0000][549.303s][info][gc,start       ] GC(807) Pause Young (Allocation Failure)
[2025-12-25T04:31:33.690+0000][549.330s][info][gc,heap        ] GC(807) DefNew: 81405K(88512K)->2665K(88512K) Eden: 78720K(78720K)->0K(78720K) From: 2685K(9792K)->2665K(9792K)
[2025-12-25T04:31:33.691+0000][549.331s][info][gc,heap        ] GC(807) Tenured: 152469K(196608K)->152573K(196608K)
[2025-12-25T04:31:33.691+0000][549.331s][info][gc,metaspace   ] GC(807) Metaspace: 97652K(99136K)->97652K(99136K) NonClass: 84635K(85312K)->84635K(85312K) Class: 13016K(13824K)->13016K(13824K)
[2025-12-25T04:31:33.693+0000][549.333s][info][gc             ] GC(807) Pause Young (Allocation Failure) 228M->151M(278M) 29.155ms
[2025-12-25T04:31:33.693+0000][549.333s][info][gc,cpu         ] GC(807) User=0.00s Sys=0.00s Real=0.03s
[2025-12-25T04:31:33.827+0000][549.467s][info][gc,start       ] GC(808) Pause Young (Allocation Failure)
[2025-12-25T04:31:33.835+0000][549.475s][info][gc,heap        ] GC(808) DefNew: 81385K(88512K)->2600K(88512K) Eden: 78720K(78720K)->0K(78720K) From: 2665K(9792K)->2600K(9792K)
[2025-12-25T04:31:33.837+0000][549.477s][info][gc,heap        ] GC(808) Tenured: 152573K(196608K)->152573K(196608K)
[2025-12-25T04:31:33.837+0000][549.477s][info][gc,metaspace   ] GC(808) Metaspace: 97652K(99136K)->97652K(99136K) NonClass: 84635K(85312K)->84635K(85312K) Class: 13016K(13824K)->13016K(13824K)
[2025-12-25T04:31:33.838+0000][549.478s][info][gc             ] GC(808) Pause Young (Allocation Failure) 228M->151M(278M) 10.612ms
[2025-12-25T04:31:33.838+0000][549.478s][info][gc,cpu         ] GC(808) User=0.00s Sys=0.00s Real=0.01s
[2025-12-25T04:31:33.945+0000][549.585s][info][gc,start       ] GC(809) Pause Young (Allocation Failure)
[2025-12-25T04:31:33.968+0000][549.608s][info][gc,heap        ] GC(809) DefNew: 81320K(88512K)->2811K(88512K) Eden: 78720K(78720K)->0K(78720K) From: 2600K(9792K)->2811K(9792K)
[2025-12-25T04:31:33.968+0000][549.608s][info][gc,heap        ] GC(809) Tenured: 152573K(196608K)->152574K(196608K)
[2025-12-25T04:31:33.968+0000][549.608s][info][gc,metaspace   ] GC(809) Metaspace: 97652K(99136K)->97652K(99136K) NonClass: 84635K(85312K)->84635K(85312K) Class: 13016K(13824K)->13016K(13824K)
[2025-12-25T04:31:33.969+0000][549.609s][info][gc             ] GC(809) Pause Young (Allocation Failure) 228M->151M(278M) 23.813ms
[2025-12-25T04:31:33.970+0000][549.610s][info][gc,cpu         ] GC(809) User=0.01s Sys=0.00s Real=0.02s
[2025-12-25T04:31:34.076+0000][549.716s][info][gc,start       ] GC(810) Pause Young (Allocation Failure)
[2025-12-25T04:31:34.084+0000][549.724s][info][gc,heap        ] GC(810) DefNew: 81531K(88512K)->1689K(88512K) Eden: 78720K(78720K)->0K(78720K) From: 2811K(9792K)->1689K(9792K)
[2025-12-25T04:31:34.084+0000][549.724s][info][gc,heap        ] GC(810) Tenured: 152574K(196608K)->152648K(196608K)
[2025-12-25T04:31:34.084+0000][549.724s][info][gc,metaspace   ] GC(810) Metaspace: 97652K(99136K)->97652K(99136K) NonClass: 84635K(85312K)->84635K(85312K) Class: 13016K(13824K)->13016K(13824K)
[2025-12-25T04:31:34.087+0000][549.727s][info][gc             ] GC(810) Pause Young (Allocation Failure) 228M->150M(278M) 10.929ms
[2025-12-25T04:31:34.089+0000][549.729s][info][gc,cpu         ] GC(810) User=0.01s Sys=0.00s Real=0.01s
[2025-12-25T04:31:34.227+0000][549.867s][info][gc,start       ] GC(811) Pause Young (Allocation Failure)
[2025-12-25T04:31:34.235+0000][549.875s][info][gc,heap        ] GC(811) DefNew: 80409K(88512K)->2127K(88512K) Eden: 78720K(78720K)->0K(78720K) From: 1689K(9792K)->2127K(9792K)
[2025-12-25T04:31:34.236+0000][549.876s][info][gc,heap        ] GC(811) Tenured: 152648K(196608K)->152723K(196608K)
[2025-12-25T04:31:34.236+0000][549.876s][info][gc,metaspace   ] GC(811) Metaspace: 97652K(99136K)->97652K(99136K) NonClass: 84635K(85312K)->84635K(85312K) Class: 13016K(13824K)->13016K(13824K)
[2025-12-25T04:31:34.236+0000][549.876s][info][gc             ] GC(811) Pause Young (Allocation Failure) 227M->151M(278M) 9.904ms
[2025-12-25T04:31:34.237+0000][549.877s][info][gc,cpu         ] GC(811) User=0.01s Sys=0.00s Real=0.01s
[2025-12-25T04:31:34.358+0000][549.998s][info][gc,start       ] GC(812) Pause Young (Allocation Failure)
[2025-12-25T04:31:34.362+0000][550.002s][info][gc,heap        ] GC(812) DefNew: 80847K(88512K)->2004K(88512K) Eden: 78720K(78720K)->0K(78720K) From: 2127K(9792K)->2004K(9792K)
[2025-12-25T04:31:34.362+0000][550.002s][info][gc,heap        ] GC(812) Tenured: 152723K(196608K)->152723K(196608K)
[2025-12-25T04:31:34.362+0000][550.002s][info][gc,metaspace   ] GC(812) Metaspace: 97652K(99136K)->97652K(99136K) NonClass: 84635K(85312K)->84635K(85312K) Class: 13016K(13824K)->13016K(13824K)
[2025-12-25T04:31:34.366+0000][550.006s][info][gc             ] GC(812) Pause Young (Allocation Failure) 228M->151M(278M) 8.757ms
[2025-12-25T04:31:34.367+0000][550.007s][info][gc,cpu         ] GC(812) User=0.01s Sys=0.00s Real=0.01s
[2025-12-25T04:31:34.501+0000][550.141s][info][gc,start       ] GC(813) Pause Young (Allocation Failure)
[2025-12-25T04:31:34.537+0000][550.177s][info][gc,heap        ] GC(813) DefNew: 80724K(88512K)->2381K(88512K) Eden: 78720K(78720K)->0K(78720K) From: 2004K(9792K)->2381K(9792K)
[2025-12-25T04:31:34.539+0000][550.179s][info][gc,heap        ] GC(813) Tenured: 152723K(196608K)->152888K(196608K)
[2025-12-25T04:31:34.539+0000][550.179s][info][gc,metaspace   ] GC(813) Metaspace: 97652K(99136K)->97652K(99136K) NonClass: 84635K(85312K)->84635K(85312K) Class: 13016K(13824K)->13016K(13824K)
[2025-12-25T04:31:34.539+0000][550.179s][info][gc             ] GC(813) Pause Young (Allocation Failure) 227M->151M(278M) 37.895ms
[2025-12-25T04:31:34.540+0000][550.180s][info][gc,cpu         ] GC(813) User=0.01s Sys=0.00s Real=0.04s
[2025-12-25T04:31:34.728+0000][550.368s][info][gc,start       ] GC(814) Pause Young (Allocation Failure)
[2025-12-25T04:31:34.740+0000][550.380s][info][gc,heap        ] GC(814) DefNew: 81101K(88512K)->3413K(88512K) Eden: 78720K(78720K)->0K(78720K) From: 2381K(9792K)->3413K(9792K)
[2025-12-25T04:31:34.743+0000][550.383s][info][gc,heap        ] GC(814) Tenured: 152888K(196608K)->152988K(196608K)
[2025-12-25T04:31:34.743+0000][550.383s][info][gc,metaspace   ] GC(814) Metaspace: 97652K(99136K)->97652K(99136K) NonClass: 84635K(85312K)->84635K(85312K) Class: 13016K(13824K)->13016K(13824K)
[2025-12-25T04:31:34.743+0000][550.383s][info][gc             ] GC(814) Pause Young (Allocation Failure) 228M->152M(278M) 14.858ms
[2025-12-25T04:31:34.744+0000][550.384s][info][gc,cpu         ] GC(814) User=0.00s Sys=0.00s Real=0.02s
[2025-12-25T04:31:34.903+0000][550.543s][info][gc,start       ] GC(815) Pause Young (Allocation Failure)
[2025-12-25T04:31:34.914+0000][550.554s][info][gc,heap        ] GC(815) DefNew: 82133K(88512K)->3859K(88512K) Eden: 78720K(78720K)->0K(78720K) From: 3413K(9792K)->3859K(9792K)
[2025-12-25T04:31:34.914+0000][550.554s][info][gc,heap        ] GC(815) Tenured: 152988K(196608K)->152988K(196608K)
[2025-12-25T04:31:34.915+0000][550.555s][info][gc,metaspace   ] GC(815) Metaspace: 97652K(99136K)->97652K(99136K) NonClass: 84635K(85312K)->84635K(85312K) Class: 13016K(13824K)->13016K(13824K)
[2025-12-25T04:31:34.915+0000][550.555s][info][gc             ] GC(815) Pause Young (Allocation Failure) 229M->153M(278M) 11.848ms
[2025-12-25T04:31:34.915+0000][550.555s][info][gc,cpu         ] GC(815) User=0.01s Sys=0.00s Real=0.02s
[2025-12-25T04:31:35.055+0000][550.695s][info][gc,start       ] GC(816) Pause Young (Allocation Failure)
[2025-12-25T04:31:35.068+0000][550.708s][info][gc,heap        ] GC(816) DefNew: 82579K(88512K)->3237K(88512K) Eden: 78720K(78720K)->0K(78720K) From: 3859K(9792K)->3237K(9792K)
[2025-12-25T04:31:35.068+0000][550.708s][info][gc,heap        ] GC(816) Tenured: 152988K(196608K)->152988K(196608K)
[2025-12-25T04:31:35.068+0000][550.708s][info][gc,metaspace   ] GC(816) Metaspace: 97653K(99136K)->97653K(99136K) NonClass: 84636K(85312K)->84636K(85312K) Class: 13016K(13824K)->13016K(13824K)
[2025-12-25T04:31:35.068+0000][550.708s][info][gc             ] GC(816) Pause Young (Allocation Failure) 230M->152M(278M) 12.789ms
[2025-12-25T04:31:35.068+0000][550.708s][info][gc,cpu         ] GC(816) User=0.02s Sys=0.02s Real=0.01s
[2025-12-25T04:31:35.226+0000][550.866s][info][gc,start       ] GC(817) Pause Young (Allocation Failure)
[2025-12-25T04:31:35.243+0000][550.883s][info][gc,heap        ] GC(817) DefNew: 81957K(88512K)->4394K(88512K) Eden: 78720K(78720K)->0K(78720K) From: 3237K(9792K)->4394K(9792K)
[2025-12-25T04:31:35.245+0000][550.885s][info][gc,heap        ] GC(817) Tenured: 152988K(196608K)->152988K(196608K)
[2025-12-25T04:31:35.245+0000][550.885s][info][gc,metaspace   ] GC(817) Metaspace: 97654K(99136K)->97654K(99136K) NonClass: 84637K(85312K)->84637K(85312K) Class: 13016K(13824K)->13016K(13824K)
[2025-12-25T04:31:35.245+0000][550.885s][info][gc             ] GC(817) Pause Young (Allocation Failure) 229M->153M(278M) 19.376ms
[2025-12-25T04:31:35.247+0000][550.887s][info][gc,cpu         ] GC(817) User=0.01s Sys=0.00s Real=0.02s
[2025-12-25T04:31:35.364+0000][551.004s][info][gc,start       ] GC(818) Pause Young (Allocation Failure)
[2025-12-25T04:31:35.375+0000][551.015s][info][gc,heap        ] GC(818) DefNew: 83114K(88512K)->4326K(88512K) Eden: 78720K(78720K)->0K(78720K) From: 4394K(9792K)->4326K(9792K)
[2025-12-25T04:31:35.376+0000][551.016s][info][gc,heap        ] GC(818) Tenured: 152988K(196608K)->152988K(196608K)
[2025-12-25T04:31:35.376+0000][551.016s][info][gc,metaspace   ] GC(818) Metaspace: 97654K(99136K)->97654K(99136K) NonClass: 84637K(85312K)->84637K(85312K) Class: 13016K(13824K)->13016K(13824K)
[2025-12-25T04:31:35.377+0000][551.017s][info][gc             ] GC(818) Pause Young (Allocation Failure) 230M->153M(278M) 12.779ms
[2025-12-25T04:31:35.377+0000][551.017s][info][gc,cpu         ] GC(818) User=0.00s Sys=0.00s Real=0.02s
[2025-12-25T04:31:35.543+0000][551.183s][info][gc,start       ] GC(819) Pause Young (Allocation Failure)
[2025-12-25T04:31:35.555+0000][551.195s][info][gc,heap        ] GC(819) DefNew: 83046K(88512K)->3302K(88512K) Eden: 78720K(78720K)->0K(78720K) From: 4326K(9792K)->3302K(9792K)
[2025-12-25T04:31:35.556+0000][551.196s][info][gc,heap        ] GC(819) Tenured: 152988K(196608K)->153036K(196608K)
[2025-12-25T04:31:35.557+0000][551.197s][info][gc,metaspace   ] GC(819) Metaspace: 97654K(99136K)->97654K(99136K) NonClass: 84637K(85312K)->84637K(85312K) Class: 13016K(13824K)->13016K(13824K)
[2025-12-25T04:31:35.558+0000][551.198s][info][gc             ] GC(819) Pause Young (Allocation Failure) 230M->152M(278M) 14.747ms
[2025-12-25T04:31:35.559+0000][551.199s][info][gc,cpu         ] GC(819) User=0.01s Sys=0.01s Real=0.02s
[2025-12-25T04:31:35.785+0000][551.425s][info][gc,start       ] GC(820) Pause Young (Allocation Failure)
[2025-12-25T04:31:35.802+0000][551.442s][info][gc,heap        ] GC(820) DefNew: 82022K(88512K)->4155K(88512K) Eden: 78720K(78720K)->0K(78720K) From: 3302K(9792K)->4155K(9792K)
[2025-12-25T04:31:35.802+0000][551.442s][info][gc,heap        ] GC(820) Tenured: 153036K(196608K)->153037K(196608K)
[2025-12-25T04:31:35.803+0000][551.443s][info][gc,metaspace   ] GC(820) Metaspace: 97654K(99136K)->97654K(99136K) NonClass: 84637K(85312K)->84637K(85312K) Class: 13016K(13824K)->13016K(13824K)
[2025-12-25T04:31:35.803+0000][551.443s][info][gc             ] GC(820) Pause Young (Allocation Failure) 229M->153M(278M) 17.773ms
[2025-12-25T04:31:35.803+0000][551.443s][info][gc,cpu         ] GC(820) User=0.01s Sys=0.00s Real=0.01s
[2025-12-25T04:31:35.983+0000][551.623s][info][gc,start       ] GC(821) Pause Young (Allocation Failure)
[2025-12-25T04:31:35.990+0000][551.630s][info][gc,heap        ] GC(821) DefNew: 82875K(88512K)->5060K(88512K) Eden: 78720K(78720K)->0K(78720K) From: 4155K(9792K)->5060K(9792K)
[2025-12-25T04:31:35.991+0000][551.631s][info][gc,heap        ] GC(821) Tenured: 153037K(196608K)->153085K(196608K)
[2025-12-25T04:31:35.992+0000][551.632s][info][gc,metaspace   ] GC(821) Metaspace: 97654K(99136K)->97654K(99136K) NonClass: 84637K(85312K)->84637K(85312K) Class: 13016K(13824K)->13016K(13824K)
[2025-12-25T04:31:35.992+0000][551.632s][info][gc             ] GC(821) Pause Young (Allocation Failure) 230M->154M(278M) 9.216ms
[2025-12-25T04:31:35.992+0000][551.632s][info][gc,cpu         ] GC(821) User=0.01s Sys=0.00s Real=0.01s
[2025-12-25T04:31:36.123+0000][551.763s][info][gc,start       ] GC(822) Pause Young (Allocation Failure)
[2025-12-25T04:31:36.128+0000][551.768s][info][gc,heap        ] GC(822) DefNew: 83780K(88512K)->2945K(88512K) Eden: 78720K(78720K)->0K(78720K) From: 5060K(9792K)->2945K(9792K)
[2025-12-25T04:31:36.128+0000][551.768s][info][gc,heap        ] GC(822) Tenured: 153085K(196608K)->153263K(196608K)
[2025-12-25T04:31:36.128+0000][551.768s][info][gc,metaspace   ] GC(822) Metaspace: 97654K(99136K)->97654K(99136K) NonClass: 84637K(85312K)->84637K(85312K) Class: 13016K(13824K)->13016K(13824K)
[2025-12-25T04:31:36.129+0000][551.769s][info][gc             ] GC(822) Pause Young (Allocation Failure) 231M->152M(278M) 5.569ms
[2025-12-25T04:31:36.129+0000][551.769s][info][gc,cpu         ] GC(822) User=0.00s Sys=0.00s Real=0.01s
[2025-12-25T04:31:36.259+0000][551.899s][info][gc,start       ] GC(823) Pause Young (Allocation Failure)
[2025-12-25T04:31:36.276+0000][551.916s][info][gc,heap        ] GC(823) DefNew: 81665K(88512K)->3840K(88512K) Eden: 78720K(78720K)->0K(78720K) From: 2945K(9792K)->3840K(9792K)
[2025-12-25T04:31:36.277+0000][551.917s][info][gc,heap        ] GC(823) Tenured: 153263K(196608K)->153263K(196608K)
[2025-12-25T04:31:36.277+0000][551.917s][info][gc,metaspace   ] GC(823) Metaspace: 97654K(99136K)->97654K(99136K) NonClass: 84637K(85312K)->84637K(85312K) Class: 13016K(13824K)->13016K(13824K)
[2025-12-25T04:31:36.278+0000][551.918s][info][gc             ] GC(823) Pause Young (Allocation Failure) 229M->153M(278M) 19.008ms
[2025-12-25T04:31:36.279+0000][551.919s][info][gc,cpu         ] GC(823) User=0.00s Sys=0.00s Real=0.02s
[2025-12-25T04:31:36.406+0000][552.046s][info][gc,start       ] GC(824) Pause Young (Allocation Failure)
[2025-12-25T04:31:36.411+0000][552.051s][info][gc,heap        ] GC(824) DefNew: 82560K(88512K)->3312K(88512K) Eden: 78720K(78720K)->0K(78720K) From: 3840K(9792K)->3312K(9792K)
[2025-12-25T04:31:36.411+0000][552.051s][info][gc,heap        ] GC(824) Tenured: 153263K(196608K)->153263K(196608K)
[2025-12-25T04:31:36.412+0000][552.052s][info][gc,metaspace   ] GC(824) Metaspace: 97654K(99136K)->97654K(99136K) NonClass: 84637K(85312K)->84637K(85312K) Class: 13016K(13824K)->13016K(13824K)
[2025-12-25T04:31:36.412+0000][552.052s][info][gc             ] GC(824) Pause Young (Allocation Failure) 230M->152M(278M) 5.782ms
[2025-12-25T04:31:36.412+0000][552.052s][info][gc,cpu         ] GC(824) User=0.00s Sys=0.00s Real=0.00s
[2025-12-25T04:31:36.623+0000][552.263s][info][gc,start       ] GC(825) Pause Young (Allocation Failure)
[2025-12-25T04:31:36.633+0000][552.273s][info][gc,heap        ] GC(825) DefNew: 82032K(88512K)->3744K(88512K) Eden: 78720K(78720K)->0K(78720K) From: 3312K(9792K)->3744K(9792K)
[2025-12-25T04:31:36.637+0000][552.277s][info][gc,heap        ] GC(825) Tenured: 153263K(196608K)->153263K(196608K)
[2025-12-25T04:31:36.637+0000][552.277s][info][gc,metaspace   ] GC(825) Metaspace: 97654K(99136K)->97654K(99136K) NonClass: 84637K(85312K)->84637K(85312K) Class: 13016K(13824K)->13016K(13824K)
[2025-12-25T04:31:36.638+0000][552.278s][info][gc             ] GC(825) Pause Young (Allocation Failure) 229M->153M(278M) 14.143ms
[2025-12-25T04:31:36.638+0000][552.278s][info][gc,cpu         ] GC(825) User=0.01s Sys=0.00s Real=0.02s
[2025-12-25T04:31:36.809+0000][552.449s][info][gc,start       ] GC(826) Pause Young (Allocation Failure)
[2025-12-25T04:31:36.817+0000][552.457s][info][gc,heap        ] GC(826) DefNew: 82464K(88512K)->4499K(88512K) Eden: 78720K(78720K)->0K(78720K) From: 3744K(9792K)->4499K(9792K)
[2025-12-25T04:31:36.817+0000][552.457s][info][gc,heap        ] GC(826) Tenured: 153263K(196608K)->153263K(196608K)
[2025-12-25T04:31:36.818+0000][552.458s][info][gc,metaspace   ] GC(826) Metaspace: 97654K(99136K)->97654K(99136K) NonClass: 84637K(85312K)->84637K(85312K) Class: 13016K(13824K)->13016K(13824K)
[2025-12-25T04:31:36.819+0000][552.459s][info][gc             ] GC(826) Pause Young (Allocation Failure) 230M->154M(278M) 9.724ms
[2025-12-25T04:31:36.820+0000][552.460s][info][gc,cpu         ] GC(826) User=0.00s Sys=0.00s Real=0.01s
[2025-12-25T04:31:37.000+0000][552.640s][info][gc,start       ] GC(827) Pause Young (Allocation Failure)
[2025-12-25T04:31:37.009+0000][552.649s][info][gc,heap        ] GC(827) DefNew: 83219K(88512K)->3978K(88512K) Eden: 78720K(78720K)->0K(78720K) From: 4499K(9792K)->3978K(9792K)
[2025-12-25T04:31:37.009+0000][552.649s][info][gc,heap        ] GC(827) Tenured: 153263K(196608K)->153293K(196608K)
[2025-12-25T04:31:37.010+0000][552.650s][info][gc,metaspace   ] GC(827) Metaspace: 97654K(99136K)->97654K(99136K) NonClass: 84637K(85312K)->84637K(85312K) Class: 13016K(13824K)->13016K(13824K)
[2025-12-25T04:31:37.011+0000][552.651s][info][gc             ] GC(827) Pause Young (Allocation Failure) 230M->153M(278M) 10.841ms
[2025-12-25T04:31:37.011+0000][552.651s][info][gc,cpu         ] GC(827) User=0.01s Sys=0.00s Real=0.01s
[2025-12-25T04:31:37.237+0000][552.877s][info][gc,start       ] GC(828) Pause Young (Allocation Failure)
[2025-12-25T04:31:37.244+0000][552.884s][info][gc,heap        ] GC(828) DefNew: 82698K(88512K)->3541K(88512K) Eden: 78720K(78720K)->0K(78720K) From: 3978K(9792K)->3541K(9792K)
[2025-12-25T04:31:37.245+0000][552.885s][info][gc,heap        ] GC(828) Tenured: 153293K(196608K)->153315K(196608K)
[2025-12-25T04:31:37.245+0000][552.885s][info][gc,metaspace   ] GC(828) Metaspace: 97656K(99136K)->97656K(99136K) NonClass: 84639K(85312K)->84639K(85312K) Class: 13016K(13824K)->13016K(13824K)
[2025-12-25T04:31:37.245+0000][552.885s][info][gc             ] GC(828) Pause Young (Allocation Failure) 230M->153M(278M) 8.740ms
[2025-12-25T04:31:37.247+0000][552.887s][info][gc,cpu         ] GC(828) User=0.01s Sys=0.00s Real=0.01s
[2025-12-25T04:31:37.443+0000][553.083s][info][gc,start       ] GC(829) Pause Young (Allocation Failure)
[2025-12-25T04:31:37.455+0000][553.095s][info][gc,heap        ] GC(829) DefNew: 82261K(88512K)->2475K(88512K) Eden: 78720K(78720K)->0K(78720K) From: 3541K(9792K)->2475K(9792K)
[2025-12-25T04:31:37.455+0000][553.095s][info][gc,heap        ] GC(829) Tenured: 153315K(196608K)->153962K(196608K)
[2025-12-25T04:31:37.455+0000][553.095s][info][gc,metaspace   ] GC(829) Metaspace: 97657K(99136K)->97657K(99136K) NonClass: 84640K(85312K)->84640K(85312K) Class: 13016K(13824K)->13016K(13824K)
[2025-12-25T04:31:37.456+0000][553.096s][info][gc             ] GC(829) Pause Young (Allocation Failure) 230M->152M(278M) 13.018ms
[2025-12-25T04:31:37.457+0000][553.097s][info][gc,cpu         ] GC(829) User=0.01s Sys=0.00s Real=0.02s
[2025-12-25T04:31:37.662+0000][553.302s][info][gc,start       ] GC(830) Pause Young (Allocation Failure)
[2025-12-25T04:31:37.674+0000][553.314s][info][gc,heap        ] GC(830) DefNew: 81195K(88512K)->2061K(88512K) Eden: 78720K(78720K)->0K(78720K) From: 2475K(9792K)->2061K(9792K)
[2025-12-25T04:31:37.674+0000][553.314s][info][gc,heap        ] GC(830) Tenured: 153962K(196608K)->153985K(196608K)
[2025-12-25T04:31:37.675+0000][553.315s][info][gc,metaspace   ] GC(830) Metaspace: 97657K(99136K)->97657K(99136K) NonClass: 84640K(85312K)->84640K(85312K) Class: 13016K(13824K)->13016K(13824K)
[2025-12-25T04:31:37.675+0000][553.315s][info][gc             ] GC(830) Pause Young (Allocation Failure) 229M->152M(278M) 12.669ms
[2025-12-25T04:31:37.676+0000][553.316s][info][gc,cpu         ] GC(830) User=0.00s Sys=0.00s Real=0.02s
[2025-12-25T04:31:37.826+0000][553.466s][info][gc,start       ] GC(831) Pause Young (Allocation Failure)
[2025-12-25T04:31:37.833+0000][553.473s][info][gc,heap        ] GC(831) DefNew: 80781K(88512K)->3229K(88512K) Eden: 78720K(78720K)->0K(78720K) From: 2061K(9792K)->3229K(9792K)
[2025-12-25T04:31:37.833+0000][553.473s][info][gc,heap        ] GC(831) Tenured: 153985K(196608K)->154008K(196608K)
[2025-12-25T04:31:37.833+0000][553.473s][info][gc,metaspace   ] GC(831) Metaspace: 97657K(99136K)->97657K(99136K) NonClass: 84640K(85312K)->84640K(85312K) Class: 13016K(13824K)->13016K(13824K)
[2025-12-25T04:31:37.834+0000][553.474s][info][gc             ] GC(831) Pause Young (Allocation Failure) 229M->153M(278M) 8.078ms
[2025-12-25T04:31:37.834+0000][553.474s][info][gc,cpu         ] GC(831) User=0.00s Sys=0.00s Real=0.00s
[2025-12-25T04:31:37.983+0000][553.623s][info][gc,start       ] GC(832) Pause Young (Allocation Failure)
[2025-12-25T04:31:37.993+0000][553.633s][info][gc,heap        ] GC(832) DefNew: 81949K(88512K)->2568K(88512K) Eden: 78720K(78720K)->0K(78720K) From: 3229K(9792K)->2568K(9792K)
[2025-12-25T04:31:37.993+0000][553.633s][info][gc,heap        ] GC(832) Tenured: 154008K(196608K)->154008K(196608K)
[2025-12-25T04:31:37.993+0000][553.633s][info][gc,metaspace   ] GC(832) Metaspace: 97657K(99136K)->97657K(99136K) NonClass: 84640K(85312K)->84640K(85312K) Class: 13016K(13824K)->13016K(13824K)
[2025-12-25T04:31:37.993+0000][553.633s][info][gc             ] GC(832) Pause Young (Allocation Failure) 230M->152M(278M) 10.183ms
[2025-12-25T04:31:37.994+0000][553.634s][info][gc,cpu         ] GC(832) User=0.01s Sys=0.00s Real=0.01s
[2025-12-25T04:31:38.112+0000][553.752s][info][gc,start       ] GC(833) Pause Young (Allocation Failure)
[2025-12-25T04:31:38.116+0000][553.756s][info][gc,heap        ] GC(833) DefNew: 81288K(88512K)->2938K(88512K) Eden: 78720K(78720K)->0K(78720K) From: 2568K(9792K)->2938K(9792K)
[2025-12-25T04:31:38.117+0000][553.757s][info][gc,heap        ] GC(833) Tenured: 154008K(196608K)->154008K(196608K)
[2025-12-25T04:31:38.117+0000][553.757s][info][gc,metaspace   ] GC(833) Metaspace: 97657K(99136K)->97657K(99136K) NonClass: 84640K(85312K)->84640K(85312K) Class: 13016K(13824K)->13016K(13824K)
[2025-12-25T04:31:38.118+0000][553.758s][info][gc             ] GC(833) Pause Young (Allocation Failure) 229M->153M(278M) 6.408ms
[2025-12-25T04:31:38.119+0000][553.759s][info][gc,cpu         ] GC(833) User=0.01s Sys=0.00s Real=0.01s
[2025-12-25T04:31:38.251+0000][553.891s][info][gc,start       ] GC(834) Pause Young (Allocation Failure)
[2025-12-25T04:31:38.268+0000][553.908s][info][gc,heap        ] GC(834) DefNew: 81658K(88512K)->2947K(88512K) Eden: 78720K(78720K)->0K(78720K) From: 2938K(9792K)->2947K(9792K)
[2025-12-25T04:31:38.269+0000][553.909s][info][gc,heap        ] GC(834) Tenured: 154008K(196608K)->154008K(196608K)
[2025-12-25T04:31:38.269+0000][553.909s][info][gc,metaspace   ] GC(834) Metaspace: 97657K(99136K)->97657K(99136K) NonClass: 84640K(85312K)->84640K(85312K) Class: 13016K(13824K)->13016K(13824K)
[2025-12-25T04:31:38.269+0000][553.909s][info][gc             ] GC(834) Pause Young (Allocation Failure) 230M->153M(278M) 17.906ms
[2025-12-25T04:31:38.270+0000][553.910s][info][gc,cpu         ] GC(834) User=0.01s Sys=0.00s Real=0.02s
[2025-12-25T04:31:38.406+0000][554.046s][info][gc,start       ] GC(835) Pause Young (Allocation Failure)
[2025-12-25T04:31:38.412+0000][554.052s][info][gc,heap        ] GC(835) DefNew: 81667K(88512K)->2509K(88512K) Eden: 78720K(78720K)->0K(78720K) From: 2947K(9792K)->2509K(9792K)
[2025-12-25T04:31:38.413+0000][554.053s][info][gc,heap        ] GC(835) Tenured: 154008K(196608K)->154009K(196608K)
[2025-12-25T04:31:38.413+0000][554.053s][info][gc,metaspace   ] GC(835) Metaspace: 97657K(99136K)->97657K(99136K) NonClass: 84640K(85312K)->84640K(85312K) Class: 13016K(13824K)->13016K(13824K)
[2025-12-25T04:31:38.414+0000][554.054s][info][gc             ] GC(835) Pause Young (Allocation Failure) 230M->152M(278M) 8.445ms
[2025-12-25T04:31:38.415+0000][554.055s][info][gc,cpu         ] GC(835) User=0.01s Sys=0.01s Real=0.01s
[2025-12-25T04:31:38.532+0000][554.172s][info][gc,start       ] GC(836) Pause Young (Allocation Failure)
[2025-12-25T04:31:38.549+0000][554.189s][info][gc,heap        ] GC(836) DefNew: 81229K(88512K)->3479K(88512K) Eden: 78720K(78720K)->0K(78720K) From: 2509K(9792K)->3479K(9792K)
[2025-12-25T04:31:38.549+0000][554.189s][info][gc,heap        ] GC(836) Tenured: 154009K(196608K)->154009K(196608K)
[2025-12-25T04:31:38.550+0000][554.190s][info][gc,metaspace   ] GC(836) Metaspace: 97657K(99136K)->97657K(99136K) NonClass: 84640K(85312K)->84640K(85312K) Class: 13016K(13824K)->13016K(13824K)
[2025-12-25T04:31:38.552+0000][554.192s][info][gc             ] GC(836) Pause Young (Allocation Failure) 229M->153M(278M) 19.768ms
[2025-12-25T04:31:38.557+0000][554.197s][info][gc,cpu         ] GC(836) User=0.01s Sys=0.00s Real=0.03s
[2025-12-25T04:31:38.755+0000][554.395s][info][gc,start       ] GC(837) Pause Young (Allocation Failure)
[2025-12-25T04:31:38.764+0000][554.404s][info][gc,heap        ] GC(837) DefNew: 82199K(88512K)->2760K(88512K) Eden: 78719K(78720K)->0K(78720K) From: 3479K(9792K)->2760K(9792K)
[2025-12-25T04:31:38.765+0000][554.405s][info][gc,heap        ] GC(837) Tenured: 154009K(196608K)->154009K(196608K)
[2025-12-25T04:31:38.766+0000][554.406s][info][gc,metaspace   ] GC(837) Metaspace: 97657K(99136K)->97657K(99136K) NonClass: 84640K(85312K)->84640K(85312K) Class: 13016K(13824K)->13016K(13824K)
[2025-12-25T04:31:38.771+0000][554.411s][info][gc             ] GC(837) Pause Young (Allocation Failure) 230M->153M(278M) 15.740ms
[2025-12-25T04:31:38.771+0000][554.411s][info][gc,cpu         ] GC(837) User=0.01s Sys=0.00s Real=0.01s
[2025-12-25T04:31:38.911+0000][554.551s][info][gc,start       ] GC(838) Pause Young (Allocation Failure)
[2025-12-25T04:31:38.917+0000][554.557s][info][gc,heap        ] GC(838) DefNew: 81480K(88512K)->3296K(88512K) Eden: 78720K(78720K)->0K(78720K) From: 2760K(9792K)->3296K(9792K)
[2025-12-25T04:31:38.918+0000][554.558s][info][gc,heap        ] GC(838) Tenured: 154009K(196608K)->154009K(196608K)
[2025-12-25T04:31:38.918+0000][554.558s][info][gc,metaspace   ] GC(838) Metaspace: 97657K(99136K)->97657K(99136K) NonClass: 84640K(85312K)->84640K(85312K) Class: 13016K(13824K)->13016K(13824K)
[2025-12-25T04:31:38.918+0000][554.558s][info][gc             ] GC(838) Pause Young (Allocation Failure) 229M->153M(278M) 7.613ms
[2025-12-25T04:31:38.919+0000][554.559s][info][gc,cpu         ] GC(838) User=0.01s Sys=0.00s Real=0.01s
[2025-12-25T04:31:39.056+0000][554.696s][info][gc,start       ] GC(839) Pause Young (Allocation Failure)
[2025-12-25T04:31:39.062+0000][554.702s][info][gc,heap        ] GC(839) DefNew: 82016K(88512K)->3752K(88512K) Eden: 78720K(78720K)->0K(78720K) From: 3296K(9792K)->3752K(9792K)
[2025-12-25T04:31:39.063+0000][554.703s][info][gc,heap        ] GC(839) Tenured: 154009K(196608K)->154009K(196608K)
[2025-12-25T04:31:39.063+0000][554.703s][info][gc,metaspace   ] GC(839) Metaspace: 97657K(99136K)->97657K(99136K) NonClass: 84640K(85312K)->84640K(85312K) Class: 13016K(13824K)->13016K(13824K)
[2025-12-25T04:31:39.063+0000][554.703s][info][gc             ] GC(839) Pause Young (Allocation Failure) 230M->154M(278M) 7.539ms
[2025-12-25T04:31:39.063+0000][554.703s][info][gc,cpu         ] GC(839) User=0.01s Sys=0.00s Real=0.00s
[2025-12-25T04:31:39.168+0000][554.808s][info][gc,start       ] GC(840) Pause Young (Allocation Failure)
[2025-12-25T04:31:39.179+0000][554.819s][info][gc,heap        ] GC(840) DefNew: 82472K(88512K)->2895K(88512K) Eden: 78720K(78720K)->0K(78720K) From: 3752K(9792K)->2895K(9792K)
[2025-12-25T04:31:39.180+0000][554.820s][info][gc,heap        ] GC(840) Tenured: 154009K(196608K)->154009K(196608K)
[2025-12-25T04:31:39.180+0000][554.820s][info][gc,metaspace   ] GC(840) Metaspace: 97657K(99136K)->97657K(99136K) NonClass: 84640K(85312K)->84640K(85312K) Class: 13016K(13824K)->13016K(13824K)
[2025-12-25T04:31:39.180+0000][554.820s][info][gc             ] GC(840) Pause Young (Allocation Failure) 230M->153M(278M) 11.984ms
[2025-12-25T04:31:39.181+0000][554.821s][info][gc,cpu         ] GC(840) User=0.01s Sys=0.00s Real=0.01s
[2025-12-25T04:31:39.341+0000][554.981s][info][gc,start       ] GC(841) Pause Young (Allocation Failure)
[2025-12-25T04:31:39.355+0000][554.995s][info][gc,heap        ] GC(841) DefNew: 81615K(88512K)->2670K(88512K) Eden: 78720K(78720K)->0K(78720K) From: 2895K(9792K)->2670K(9792K)
[2025-12-25T04:31:39.355+0000][554.995s][info][gc,heap        ] GC(841) Tenured: 154009K(196608K)->154050K(196608K)
[2025-12-25T04:31:39.355+0000][554.995s][info][gc,metaspace   ] GC(841) Metaspace: 97657K(99136K)->97657K(99136K) NonClass: 84640K(85312K)->84640K(85312K) Class: 13016K(13824K)->13016K(13824K)
[2025-12-25T04:31:39.355+0000][554.995s][info][gc             ] GC(841) Pause Young (Allocation Failure) 230M->153M(278M) 14.431ms
[2025-12-25T04:31:39.356+0000][554.996s][info][gc,cpu         ] GC(841) User=0.01s Sys=0.00s Real=0.02s
[2025-12-25T04:31:39.477+0000][555.117s][info][gc,start       ] GC(842) Pause Young (Allocation Failure)
[2025-12-25T04:31:39.485+0000][555.125s][info][gc,heap        ] GC(842) DefNew: 81390K(88512K)->3209K(88512K) Eden: 78720K(78720K)->0K(78720K) From: 2670K(9792K)->3209K(9792K)
[2025-12-25T04:31:39.485+0000][555.125s][info][gc,heap        ] GC(842) Tenured: 154050K(196608K)->154231K(196608K)
[2025-12-25T04:31:39.486+0000][555.126s][info][gc,metaspace   ] GC(842) Metaspace: 97657K(99136K)->97657K(99136K) NonClass: 84640K(85312K)->84640K(85312K) Class: 13016K(13824K)->13016K(13824K)
[2025-12-25T04:31:39.486+0000][555.126s][info][gc             ] GC(842) Pause Young (Allocation Failure) 229M->153M(278M) 8.871ms
[2025-12-25T04:31:39.486+0000][555.126s][info][gc,cpu         ] GC(842) User=0.01s Sys=0.00s Real=0.01s
[2025-12-25T04:31:39.697+0000][555.337s][info][gc,start       ] GC(843) Pause Young (Allocation Failure)
[2025-12-25T04:31:39.738+0000][555.378s][info][gc,heap        ] GC(843) DefNew: 81929K(88512K)->4275K(88512K) Eden: 78720K(78720K)->0K(78720K) From: 3209K(9792K)->4275K(9792K)
[2025-12-25T04:31:39.739+0000][555.379s][info][gc,heap        ] GC(843) Tenured: 154231K(196608K)->154243K(196608K)
[2025-12-25T04:31:39.739+0000][555.379s][info][gc,metaspace   ] GC(843) Metaspace: 97657K(99136K)->97657K(99136K) NonClass: 84640K(85312K)->84640K(85312K) Class: 13016K(13824K)->13016K(13824K)
[2025-12-25T04:31:39.739+0000][555.379s][info][gc             ] GC(843) Pause Young (Allocation Failure) 230M->154M(278M) 42.288ms
[2025-12-25T04:31:39.740+0000][555.380s][info][gc,cpu         ] GC(843) User=0.01s Sys=0.00s Real=0.04s
[2025-12-25T04:31:39.900+0000][555.540s][info][gc,start       ] GC(844) Pause Young (Allocation Failure)
[2025-12-25T04:31:39.905+0000][555.545s][info][gc,heap        ] GC(844) DefNew: 82995K(88512K)->4238K(88512K) Eden: 78720K(78720K)->0K(78720K) From: 4275K(9792K)->4238K(9792K)
[2025-12-25T04:31:39.906+0000][555.546s][info][gc,heap        ] GC(844) Tenured: 154243K(196608K)->154251K(196608K)
[2025-12-25T04:31:39.906+0000][555.546s][info][gc,metaspace   ] GC(844) Metaspace: 97657K(99136K)->97657K(99136K) NonClass: 84640K(85312K)->84640K(85312K) Class: 13016K(13824K)->13016K(13824K)
[2025-12-25T04:31:39.907+0000][555.547s][info][gc             ] GC(844) Pause Young (Allocation Failure) 231M->154M(278M) 6.428ms
[2025-12-25T04:31:39.908+0000][555.548s][info][gc,cpu         ] GC(844) User=0.01s Sys=0.00s Real=0.01s
[2025-12-25T04:31:40.037+0000][555.677s][info][gc,start       ] GC(845) Pause Young (Allocation Failure)
[2025-12-25T04:31:40.049+0000][555.689s][info][gc,heap        ] GC(845) DefNew: 82958K(88512K)->3380K(88512K) Eden: 78720K(78720K)->0K(78720K) From: 4238K(9792K)->3380K(9792K)
[2025-12-25T04:31:40.050+0000][555.690s][info][gc,heap        ] GC(845) Tenured: 154251K(196608K)->154373K(196608K)
[2025-12-25T04:31:40.051+0000][555.691s][info][gc,metaspace   ] GC(845) Metaspace: 97657K(99136K)->97657K(99136K) NonClass: 84640K(85312K)->84640K(85312K) Class: 13016K(13824K)->13016K(13824K)
[2025-12-25T04:31:40.052+0000][555.692s][info][gc             ] GC(845) Pause Young (Allocation Failure) 231M->154M(278M) 14.956ms
[2025-12-25T04:31:40.053+0000][555.693s][info][gc,cpu         ] GC(845) User=0.00s Sys=0.00s Real=0.01s
[2025-12-25T04:31:40.172+0000][555.812s][info][gc,start       ] GC(846) Pause Young (Allocation Failure)
[2025-12-25T04:31:40.185+0000][555.825s][info][gc,heap        ] GC(846) DefNew: 82100K(88512K)->2621K(88512K) Eden: 78720K(78720K)->0K(78720K) From: 3380K(9792K)->2621K(9792K)
[2025-12-25T04:31:40.186+0000][555.826s][info][gc,heap        ] GC(846) Tenured: 154373K(196608K)->155002K(196608K)
[2025-12-25T04:31:40.187+0000][555.827s][info][gc,metaspace   ] GC(846) Metaspace: 97657K(99136K)->97657K(99136K) NonClass: 84640K(85312K)->84640K(85312K) Class: 13016K(13824K)->13016K(13824K)
[2025-12-25T04:31:40.187+0000][555.827s][info][gc             ] GC(846) Pause Young (Allocation Failure) 230M->153M(278M) 15.419ms
[2025-12-25T04:31:40.188+0000][555.828s][info][gc,cpu         ] GC(846) User=0.00s Sys=0.00s Real=0.02s
[2025-12-25T04:31:40.335+0000][555.975s][info][gc,start       ] GC(847) Pause Young (Allocation Failure)
[2025-12-25T04:31:40.341+0000][555.981s][info][gc,heap        ] GC(847) DefNew: 81341K(88512K)->3366K(88512K) Eden: 78720K(78720K)->0K(78720K) From: 2621K(9792K)->3366K(9792K)
[2025-12-25T04:31:40.342+0000][555.982s][info][gc,heap        ] GC(847) Tenured: 155002K(196608K)->155002K(196608K)
[2025-12-25T04:31:40.342+0000][555.982s][info][gc,metaspace   ] GC(847) Metaspace: 97657K(99136K)->97657K(99136K) NonClass: 84640K(85312K)->84640K(85312K) Class: 13016K(13824K)->13016K(13824K)
[2025-12-25T04:31:40.343+0000][555.983s][info][gc             ] GC(847) Pause Young (Allocation Failure) 230M->154M(278M) 7.944ms
[2025-12-25T04:31:40.344+0000][555.984s][info][gc,cpu         ] GC(847) User=0.00s Sys=0.00s Real=0.00s
[2025-12-25T04:31:40.488+0000][556.128s][info][gc,start       ] GC(848) Pause Young (Allocation Failure)
[2025-12-25T04:31:40.507+0000][556.147s][info][gc,heap        ] GC(848) DefNew: 82086K(88512K)->2558K(88512K) Eden: 78720K(78720K)->0K(78720K) From: 3366K(9792K)->2558K(9792K)
[2025-12-25T04:31:40.513+0000][556.153s][info][gc,heap        ] GC(848) Tenured: 155002K(196608K)->155002K(196608K)
[2025-12-25T04:31:40.513+0000][556.153s][info][gc,metaspace   ] GC(848) Metaspace: 97657K(99136K)->97657K(99136K) NonClass: 84640K(85312K)->84640K(85312K) Class: 13016K(13824K)->13016K(13824K)
[2025-12-25T04:31:40.514+0000][556.154s][info][gc             ] GC(848) Pause Young (Allocation Failure) 231M->153M(278M) 25.420ms
[2025-12-25T04:31:40.515+0000][556.155s][info][gc,cpu         ] GC(848) User=0.00s Sys=0.00s Real=0.03s
[2025-12-25T04:31:40.663+0000][556.303s][info][gc,start       ] GC(849) Pause Young (Allocation Failure)
[2025-12-25T04:31:40.668+0000][556.308s][info][gc,heap        ] GC(849) DefNew: 81278K(88512K)->3131K(88512K) Eden: 78720K(78720K)->0K(78720K) From: 2558K(9792K)->3131K(9792K)
[2025-12-25T04:31:40.669+0000][556.309s][info][gc,heap        ] GC(849) Tenured: 155002K(196608K)->155002K(196608K)
[2025-12-25T04:31:40.673+0000][556.313s][info][gc,metaspace   ] GC(849) Metaspace: 97657K(99136K)->97657K(99136K) NonClass: 84640K(85312K)->84640K(85312K) Class: 13016K(13824K)->13016K(13824K)
[2025-12-25T04:31:40.673+0000][556.313s][info][gc             ] GC(849) Pause Young (Allocation Failure) 230M->154M(278M) 10.164ms
[2025-12-25T04:31:40.674+0000][556.314s][info][gc,cpu         ] GC(849) User=0.00s Sys=0.00s Real=0.01s
[2025-12-25T04:31:40.787+0000][556.427s][info][gc,start       ] GC(850) Pause Young (Allocation Failure)
[2025-12-25T04:31:40.799+0000][556.439s][info][gc,heap        ] GC(850) DefNew: 81851K(88512K)->2799K(88512K) Eden: 78720K(78720K)->0K(78720K) From: 3131K(9792K)->2799K(9792K)
[2025-12-25T04:31:40.801+0000][556.441s][info][gc,heap        ] GC(850) Tenured: 155002K(196608K)->155147K(196608K)
[2025-12-25T04:31:40.803+0000][556.443s][info][gc,metaspace   ] GC(850) Metaspace: 97657K(99136K)->97657K(99136K) NonClass: 84640K(85312K)->84640K(85312K) Class: 13016K(13824K)->13016K(13824K)
[2025-12-25T04:31:40.804+0000][556.444s][info][gc             ] GC(850) Pause Young (Allocation Failure) 231M->154M(278M) 17.308ms
[2025-12-25T04:31:40.806+0000][556.446s][info][gc,cpu         ] GC(850) User=0.01s Sys=0.00s Real=0.02s
[2025-12-25T04:31:40.951+0000][556.591s][info][gc,start       ] GC(851) Pause Young (Allocation Failure)
[2025-12-25T04:31:40.957+0000][556.597s][info][gc,heap        ] GC(851) DefNew: 81519K(88512K)->2512K(88512K) Eden: 78720K(78720K)->0K(78720K) From: 2799K(9792K)->2512K(9792K)
[2025-12-25T04:31:40.957+0000][556.597s][info][gc,heap        ] GC(851) Tenured: 155147K(196608K)->155147K(196608K)
[2025-12-25T04:31:40.957+0000][556.597s][info][gc,metaspace   ] GC(851) Metaspace: 97657K(99136K)->97657K(99136K) NonClass: 84640K(85312K)->84640K(85312K) Class: 13016K(13824K)->13016K(13824K)
[2025-12-25T04:31:40.957+0000][556.597s][info][gc             ] GC(851) Pause Young (Allocation Failure) 231M->153M(278M) 6.612ms
[2025-12-25T04:31:40.957+0000][556.597s][info][gc,cpu         ] GC(851) User=0.01s Sys=0.00s Real=0.01s
[2025-12-25T04:31:41.057+0000][556.697s][info][gc,start       ] GC(852) Pause Young (Allocation Failure)
[2025-12-25T04:31:41.063+0000][556.703s][info][gc,heap        ] GC(852) DefNew: 81232K(88512K)->3393K(88512K) Eden: 78720K(78720K)->0K(78720K) From: 2512K(9792K)->3393K(9792K)
[2025-12-25T04:31:41.064+0000][556.704s][info][gc,heap        ] GC(852) Tenured: 155147K(196608K)->155147K(196608K)
[2025-12-25T04:31:41.064+0000][556.704s][info][gc,metaspace   ] GC(852) Metaspace: 97657K(99136K)->97657K(99136K) NonClass: 84640K(85312K)->84640K(85312K) Class: 13016K(13824K)->13016K(13824K)
[2025-12-25T04:31:41.064+0000][556.704s][info][gc             ] GC(852) Pause Young (Allocation Failure) 230M->154M(278M) 7.481ms
[2025-12-25T04:31:41.065+0000][556.705s][info][gc,cpu         ] GC(852) User=0.01s Sys=0.00s Real=0.01s
[2025-12-25T04:31:41.220+0000][556.860s][info][gc,start       ] GC(853) Pause Young (Allocation Failure)
[2025-12-25T04:31:41.226+0000][556.866s][info][gc,heap        ] GC(853) DefNew: 82113K(88512K)->3288K(88512K) Eden: 78720K(78720K)->0K(78720K) From: 3393K(9792K)->3288K(9792K)
[2025-12-25T04:31:41.227+0000][556.867s][info][gc,heap        ] GC(853) Tenured: 155147K(196608K)->155147K(196608K)
[2025-12-25T04:31:41.227+0000][556.867s][info][gc,metaspace   ] GC(853) Metaspace: 97657K(99136K)->97657K(99136K) NonClass: 84640K(85312K)->84640K(85312K) Class: 13016K(13824K)->13016K(13824K)
[2025-12-25T04:31:41.227+0000][556.867s][info][gc             ] GC(853) Pause Young (Allocation Failure) 231M->154M(278M) 7.756ms
[2025-12-25T04:31:41.228+0000][556.868s][info][gc,cpu         ] GC(853) User=0.01s Sys=0.00s Real=0.01s
[2025-12-25T04:31:41.323+0000][556.963s][info][gc,start       ] GC(854) Pause Young (Allocation Failure)
[2025-12-25T04:31:41.333+0000][556.973s][info][gc,heap        ] GC(854) DefNew: 82008K(88512K)->2450K(88512K) Eden: 78720K(78720K)->0K(78720K) From: 3288K(9792K)->2450K(9792K)
[2025-12-25T04:31:41.335+0000][556.975s][info][gc,heap        ] GC(854) Tenured: 155147K(196608K)->155147K(196608K)
[2025-12-25T04:31:41.337+0000][556.977s][info][gc,metaspace   ] GC(854) Metaspace: 97658K(99136K)->97658K(99136K) NonClass: 84641K(85312K)->84641K(85312K) Class: 13016K(13824K)->13016K(13824K)
[2025-12-25T04:31:41.340+0000][556.980s][info][gc             ] GC(854) Pause Young (Allocation Failure) 231M->153M(278M) 16.365ms
[2025-12-25T04:31:41.340+0000][556.980s][info][gc,cpu         ] GC(854) User=0.01s Sys=0.01s Real=0.02s
[2025-12-25T04:31:41.392+0000][557.032s][info][gc,start       ] GC(855) Pause Young (Allocation Failure)
[2025-12-25T04:31:41.399+0000][557.039s][info][gc,heap        ] GC(855) DefNew: 81170K(88512K)->2747K(88512K) Eden: 78720K(78720K)->0K(78720K) From: 2450K(9792K)->2747K(9792K)
[2025-12-25T04:31:41.399+0000][557.039s][info][gc,heap        ] GC(855) Tenured: 155147K(196608K)->155179K(196608K)
[2025-12-25T04:31:41.399+0000][557.039s][info][gc,metaspace   ] GC(855) Metaspace: 97659K(99136K)->97659K(99136K) NonClass: 84642K(85312K)->84642K(85312K) Class: 13016K(13824K)->13016K(13824K)
[2025-12-25T04:31:41.400+0000][557.040s][info][gc             ] GC(855) Pause Young (Allocation Failure) 230M->154M(278M) 7.781ms
[2025-12-25T04:31:41.400+0000][557.040s][info][gc,cpu         ] GC(855) User=0.00s Sys=0.00s Real=0.01s
[2025-12-25T04:31:41.520+0000][557.160s][info][gc,start       ] GC(856) Pause Young (Allocation Failure)
[2025-12-25T04:31:41.563+0000][557.203s][info][gc,heap        ] GC(856) DefNew: 82380K(88512K)->2917K(88512K) Eden: 78720K(78720K)->0K(78720K) From: 3660K(9792K)->2917K(9792K)
[2025-12-25T04:31:41.573+0000][557.213s][info][gc,heap        ] GC(856) Tenured: 155179K(196608K)->155180K(196608K)
[2025-12-25T04:31:41.574+0000][557.214s][info][gc,metaspace   ] GC(856) Metaspace: 97659K(99136K)->97659K(99136K) NonClass: 84642K(85312K)->84642K(85312K) Class: 13016K(13824K)->13016K(13824K)
[2025-12-25T04:31:41.576+0000][557.216s][info][gc             ] GC(856) Pause Young (Allocation Failure) 231M->154M(278M) 56.268ms
[2025-12-25T04:31:41.577+0000][557.217s][info][gc,cpu         ] GC(856) User=0.01s Sys=0.00s Real=0.06s
[2025-12-25T04:31:41.754+0000][557.394s][info][gc,start       ] GC(857) Pause Young (Allocation Failure)
[2025-12-25T04:31:41.764+0000][557.404s][info][gc,heap        ] GC(857) DefNew: 81637K(88512K)->2407K(88512K) Eden: 78720K(78720K)->0K(78720K) From: 2917K(9792K)->2407K(9792K)
[2025-12-25T04:31:41.765+0000][557.405s][info][gc,heap        ] GC(857) Tenured: 155180K(196608K)->155397K(196608K)
[2025-12-25T04:31:41.765+0000][557.405s][info][gc,metaspace   ] GC(857) Metaspace: 97659K(99136K)->97659K(99136K) NonClass: 84642K(85312K)->84642K(85312K) Class: 13016K(13824K)->13016K(13824K)
[2025-12-25T04:31:41.766+0000][557.406s][info][gc             ] GC(857) Pause Young (Allocation Failure) 231M->154M(278M) 11.864ms
[2025-12-25T04:31:41.770+0000][557.410s][info][gc,cpu         ] GC(857) User=0.01s Sys=0.00s Real=0.01s
[2025-12-25T04:31:41.921+0000][557.561s][info][gc,start       ] GC(858) Pause Young (Allocation Failure)
[2025-12-25T04:31:41.931+0000][557.571s][info][gc,heap        ] GC(858) DefNew: 81127K(88512K)->3148K(88512K) Eden: 78720K(78720K)->0K(78720K) From: 2407K(9792K)->3148K(9792K)
[2025-12-25T04:31:41.932+0000][557.572s][info][gc,heap        ] GC(858) Tenured: 155397K(196608K)->155447K(196608K)
[2025-12-25T04:31:41.933+0000][557.573s][info][gc,metaspace   ] GC(858) Metaspace: 97659K(99136K)->97659K(99136K) NonClass: 84642K(85312K)->84642K(85312K) Class: 13016K(13824K)->13016K(13824K)
[2025-12-25T04:31:41.933+0000][557.573s][info][gc             ] GC(858) Pause Young (Allocation Failure) 230M->154M(278M) 12.134ms
[2025-12-25T04:31:41.933+0000][557.573s][info][gc,cpu         ] GC(858) User=0.01s Sys=0.00s Real=0.01s
[2025-12-25T04:31:42.092+0000][557.732s][info][gc,start       ] GC(859) Pause Young (Allocation Failure)
[2025-12-25T04:31:42.100+0000][557.740s][info][gc,heap        ] GC(859) DefNew: 81868K(88512K)->1762K(88512K) Eden: 78720K(78720K)->0K(78720K) From: 3148K(9792K)->1762K(9792K)
[2025-12-25T04:31:42.100+0000][557.740s][info][gc,heap        ] GC(859) Tenured: 155447K(196608K)->156048K(196608K)
[2025-12-25T04:31:42.100+0000][557.740s][info][gc,metaspace   ] GC(859) Metaspace: 97659K(99136K)->97659K(99136K) NonClass: 84642K(85312K)->84642K(85312K) Class: 13016K(13824K)->13016K(13824K)
[2025-12-25T04:31:42.101+0000][557.741s][info][gc             ] GC(859) Pause Young (Allocation Failure) 231M->154M(278M) 8.683ms
[2025-12-25T04:31:42.101+0000][557.741s][info][gc,cpu         ] GC(859) User=0.01s Sys=0.00s Real=0.01s
[2025-12-25T04:31:42.237+0000][557.877s][info][gc,start       ] GC(860) Pause Young (Allocation Failure)
[2025-12-25T04:31:42.246+0000][557.886s][info][gc,heap        ] GC(860) DefNew: 80482K(88512K)->3097K(88512K) Eden: 78720K(78720K)->0K(78720K) From: 1762K(9792K)->3097K(9792K)
[2025-12-25T04:31:42.250+0000][557.890s][info][gc,heap        ] GC(860) Tenured: 156048K(196608K)->156048K(196608K)
[2025-12-25T04:31:42.250+0000][557.890s][info][gc,metaspace   ] GC(860) Metaspace: 97714K(99136K)->97714K(99136K) NonClass: 84689K(85312K)->84689K(85312K) Class: 13024K(13824K)->13024K(13824K)
[2025-12-25T04:31:42.250+0000][557.890s][info][gc             ] GC(860) Pause Young (Allocation Failure) 230M->155M(278M) 13.078ms
[2025-12-25T04:31:42.251+0000][557.891s][info][gc,cpu         ] GC(860) User=0.01s Sys=0.00s Real=0.01s
[2025-12-25T04:31:42.417+0000][558.057s][info][gc,start       ] GC(861) Pause Young (Allocation Failure)
[2025-12-25T04:31:42.425+0000][558.065s][info][gc,heap        ] GC(861) DefNew: 81817K(88512K)->2123K(88512K) Eden: 78719K(78720K)->0K(78720K) From: 3097K(9792K)->2123K(9792K)
[2025-12-25T04:31:42.425+0000][558.065s][info][gc,heap        ] GC(861) Tenured: 156048K(196608K)->156055K(196608K)
[2025-12-25T04:31:42.425+0000][558.065s][info][gc,metaspace   ] GC(861) Metaspace: 97714K(99136K)->97714K(99136K) NonClass: 84689K(85312K)->84689K(85312K) Class: 13024K(13824K)->13024K(13824K)
[2025-12-25T04:31:42.426+0000][558.066s][info][gc             ] GC(861) Pause Young (Allocation Failure) 232M->154M(278M) 8.332ms
[2025-12-25T04:31:42.426+0000][558.066s][info][gc,cpu         ] GC(861) User=0.01s Sys=0.00s Real=0.01s
[2025-12-25T04:31:42.554+0000][558.194s][info][gc,start       ] GC(862) Pause Young (Allocation Failure)
[2025-12-25T04:31:42.576+0000][558.216s][info][gc,heap        ] GC(862) DefNew: 80843K(88512K)->2505K(88512K) Eden: 78720K(78720K)->0K(78720K) From: 2123K(9792K)->2505K(9792K)
[2025-12-25T04:31:42.577+0000][558.217s][info][gc,heap        ] GC(862) Tenured: 156055K(196608K)->156063K(196608K)
[2025-12-25T04:31:42.579+0000][558.219s][info][gc,metaspace   ] GC(862) Metaspace: 97714K(99136K)->97714K(99136K) NonClass: 84689K(85312K)->84689K(85312K) Class: 13024K(13824K)->13024K(13824K)
[2025-12-25T04:31:42.580+0000][558.220s][info][gc             ] GC(862) Pause Young (Allocation Failure) 231M->154M(278M) 25.342ms
[2025-12-25T04:31:42.580+0000][558.220s][info][gc,cpu         ] GC(862) User=0.01s Sys=0.00s Real=0.03s
[2025-12-25T04:31:42.745+0000][558.385s][info][gc,start       ] GC(863) Pause Young (Allocation Failure)
[2025-12-25T04:31:42.751+0000][558.391s][info][gc,heap        ] GC(863) DefNew: 81225K(88512K)->1991K(88512K) Eden: 78720K(78720K)->0K(78720K) From: 2505K(9792K)->1991K(9792K)
[2025-12-25T04:31:42.751+0000][558.391s][info][gc,heap        ] GC(863) Tenured: 156063K(196608K)->156063K(196608K)
[2025-12-25T04:31:42.751+0000][558.391s][info][gc,metaspace   ] GC(863) Metaspace: 97714K(99136K)->97714K(99136K) NonClass: 84689K(85312K)->84689K(85312K) Class: 13024K(13824K)->13024K(13824K)
[2025-12-25T04:31:42.752+0000][558.392s][info][gc             ] GC(863) Pause Young (Allocation Failure) 231M->154M(278M) 6.569ms
[2025-12-25T04:31:42.752+0000][558.392s][info][gc,cpu         ] GC(863) User=0.00s Sys=0.00s Real=0.00s
[2025-12-25T04:31:42.897+0000][558.537s][info][gc,start       ] GC(864) Pause Young (Allocation Failure)
[2025-12-25T04:31:42.901+0000][558.541s][info][gc,heap        ] GC(864) DefNew: 80711K(88512K)->2121K(88512K) Eden: 78720K(78720K)->0K(78720K) From: 1991K(9792K)->2121K(9792K)
[2025-12-25T04:31:42.901+0000][558.541s][info][gc,heap        ] GC(864) Tenured: 156063K(196608K)->156063K(196608K)
[2025-12-25T04:31:42.902+0000][558.542s][info][gc,metaspace   ] GC(864) Metaspace: 97714K(99136K)->97714K(99136K) NonClass: 84689K(85312K)->84689K(85312K) Class: 13024K(13824K)->13024K(13824K)
[2025-12-25T04:31:42.902+0000][558.542s][info][gc             ] GC(864) Pause Young (Allocation Failure) 231M->154M(278M) 5.409ms
[2025-12-25T04:31:42.902+0000][558.542s][info][gc,cpu         ] GC(864) User=0.01s Sys=0.00s Real=0.00s
[2025-12-25T04:31:43.038+0000][558.678s][info][gc,start       ] GC(865) Pause Young (Allocation Failure)
[2025-12-25T04:31:43.048+0000][558.688s][info][gc,heap        ] GC(865) DefNew: 80841K(88512K)->3529K(88512K) Eden: 78720K(78720K)->0K(78720K) From: 2121K(9792K)->3529K(9792K)
[2025-12-25T04:31:43.048+0000][558.688s][info][gc,heap        ] GC(865) Tenured: 156063K(196608K)->156063K(196608K)
[2025-12-25T04:31:43.048+0000][558.688s][info][gc,metaspace   ] GC(865) Metaspace: 97714K(99136K)->97714K(99136K) NonClass: 84689K(85312K)->84689K(85312K) Class: 13024K(13824K)->13024K(13824K)
[2025-12-25T04:31:43.049+0000][558.689s][info][gc             ] GC(865) Pause Young (Allocation Failure) 231M->155M(278M) 11.439ms
[2025-12-25T04:31:43.050+0000][558.690s][info][gc,cpu         ] GC(865) User=0.01s Sys=0.00s Real=0.01s
[2025-12-25T04:31:43.320+0000][558.960s][info][gc,start       ] GC(866) Pause Young (Allocation Failure)
[2025-12-25T04:31:43.356+0000][558.996s][info][gc,heap        ] GC(866) DefNew: 82249K(88512K)->3457K(88512K) Eden: 78720K(78720K)->0K(78720K) From: 3529K(9792K)->3457K(9792K)
[2025-12-25T04:31:43.356+0000][558.996s][info][gc,heap        ] GC(866) Tenured: 156063K(196608K)->156063K(196608K)
[2025-12-25T04:31:43.357+0000][558.997s][info][gc,metaspace   ] GC(866) Metaspace: 97714K(99136K)->97714K(99136K) NonClass: 84689K(85312K)->84689K(85312K) Class: 13024K(13824K)->13024K(13824K)
[2025-12-25T04:31:43.358+0000][558.997s][info][gc             ] GC(866) Pause Young (Allocation Failure) 232M->155M(278M) 37.880ms
[2025-12-25T04:31:43.358+0000][558.998s][info][gc,cpu         ] GC(866) User=0.02s Sys=0.00s Real=0.04s
[2025-12-25T04:31:43.756+0000][559.396s][info][gc,start       ] GC(867) Pause Young (Allocation Failure)
[2025-12-25T04:31:43.773+0000][559.413s][info][gc,heap        ] GC(867) DefNew: 82177K(88512K)->3835K(88512K) Eden: 78720K(78720K)->0K(78720K) From: 3457K(9792K)->3835K(9792K)
[2025-12-25T04:31:43.774+0000][559.414s][info][gc,heap        ] GC(867) Tenured: 156063K(196608K)->156063K(196608K)
[2025-12-25T04:31:43.778+0000][559.418s][info][gc,metaspace   ] GC(867) Metaspace: 97714K(99136K)->97714K(99136K) NonClass: 84689K(85312K)->84689K(85312K) Class: 13024K(13824K)->13024K(13824K)
[2025-12-25T04:31:43.780+0000][559.420s][info][gc             ] GC(867) Pause Young (Allocation Failure) 232M->156M(278M) 24.022ms
[2025-12-25T04:31:43.781+0000][559.421s][info][gc,cpu         ] GC(867) User=0.01s Sys=0.00s Real=0.02s
[2025-12-25T04:31:44.030+0000][559.670s][info][gc,start       ] GC(868) Pause Young (Allocation Failure)
[2025-12-25T04:31:44.044+0000][559.684s][info][gc,heap        ] GC(868) DefNew: 82555K(88512K)->4008K(88512K) Eden: 78720K(78720K)->0K(78720K) From: 3835K(9792K)->4008K(9792K)
[2025-12-25T04:31:44.044+0000][559.684s][info][gc,heap        ] GC(868) Tenured: 156063K(196608K)->156063K(196608K)
[2025-12-25T04:31:44.044+0000][559.684s][info][gc,metaspace   ] GC(868) Metaspace: 97714K(99136K)->97714K(99136K) NonClass: 84689K(85312K)->84689K(85312K) Class: 13024K(13824K)->13024K(13824K)
[2025-12-25T04:31:44.045+0000][559.685s][info][gc             ] GC(868) Pause Young (Allocation Failure) 233M->156M(278M) 14.962ms
[2025-12-25T04:31:44.045+0000][559.685s][info][gc,cpu         ] GC(868) User=0.01s Sys=0.00s Real=0.02s
[2025-12-25T04:31:44.215+0000][559.854s][info][gc,start       ] GC(869) Pause Young (Allocation Failure)
[2025-12-25T04:31:44.226+0000][559.866s][info][gc,heap        ] GC(869) DefNew: 82728K(88512K)->4414K(88512K) Eden: 78720K(78720K)->0K(78720K) From: 4008K(9792K)->4414K(9792K)
[2025-12-25T04:31:44.226+0000][559.866s][info][gc,heap        ] GC(869) Tenured: 156063K(196608K)->156071K(196608K)
[2025-12-25T04:31:44.226+0000][559.866s][info][gc,metaspace   ] GC(869) Metaspace: 97714K(99136K)->97714K(99136K) NonClass: 84689K(85312K)->84689K(85312K) Class: 13024K(13824K)->13024K(13824K)
[2025-12-25T04:31:44.227+0000][559.867s][info][gc             ] GC(869) Pause Young (Allocation Failure) 233M->156M(278M) 12.716ms
[2025-12-25T04:31:44.228+0000][559.868s][info][gc,cpu         ] GC(869) User=0.01s Sys=0.00s Real=0.02s
[2025-12-25T04:31:44.496+0000][560.136s][info][gc,start       ] GC(870) Pause Young (Allocation Failure)
[2025-12-25T04:31:44.503+0000][560.143s][info][gc,heap        ] GC(870) DefNew: 83134K(88512K)->4049K(88512K) Eden: 78720K(78720K)->0K(78720K) From: 4414K(9792K)->4049K(9792K)
[2025-12-25T04:31:44.504+0000][560.144s][info][gc,heap        ] GC(870) Tenured: 156071K(196608K)->156071K(196608K)
[2025-12-25T04:31:44.505+0000][560.145s][info][gc,metaspace   ] GC(870) Metaspace: 97714K(99136K)->97714K(99136K) NonClass: 84689K(85312K)->84689K(85312K) Class: 13024K(13824K)->13024K(13824K)
[2025-12-25T04:31:44.505+0000][560.145s][info][gc             ] GC(870) Pause Young (Allocation Failure) 233M->156M(278M) 9.114ms
[2025-12-25T04:31:44.507+0000][560.147s][info][gc,cpu         ] GC(870) User=0.01s Sys=0.00s Real=0.01s
[2025-12-25T04:31:44.663+0000][560.303s][info][gc,start       ] GC(871) Pause Young (Allocation Failure)
[2025-12-25T04:31:44.675+0000][560.315s][info][gc,heap        ] GC(871) DefNew: 82769K(88512K)->3461K(88512K) Eden: 78720K(78720K)->0K(78720K) From: 4049K(9792K)->3461K(9792K)
[2025-12-25T04:31:44.680+0000][560.320s][info][gc,heap        ] GC(871) Tenured: 156071K(196608K)->156076K(196608K)
[2025-12-25T04:31:44.680+0000][560.320s][info][gc,metaspace   ] GC(871) Metaspace: 97714K(99136K)->97714K(99136K) NonClass: 84689K(85312K)->84689K(85312K) Class: 13024K(13824K)->13024K(13824K)
[2025-12-25T04:31:44.680+0000][560.320s][info][gc             ] GC(871) Pause Young (Allocation Failure) 233M->155M(278M) 16.708ms
[2025-12-25T04:31:44.680+0000][560.320s][info][gc,cpu         ] GC(871) User=0.00s Sys=0.00s Real=0.02s
[2025-12-25T04:31:44.852+0000][560.492s][info][gc,start       ] GC(872) Pause Young (Allocation Failure)
[2025-12-25T04:31:44.866+0000][560.506s][info][gc,heap        ] GC(872) DefNew: 82181K(88512K)->3442K(88512K) Eden: 78720K(78720K)->0K(78720K) From: 3461K(9792K)->3442K(9792K)
[2025-12-25T04:31:44.866+0000][560.506s][info][gc,heap        ] GC(872) Tenured: 156076K(196608K)->156076K(196608K)
[2025-12-25T04:31:44.870+0000][560.510s][info][gc,metaspace   ] GC(872) Metaspace: 97714K(99136K)->97714K(99136K) NonClass: 84689K(85312K)->84689K(85312K) Class: 13024K(13824K)->13024K(13824K)
[2025-12-25T04:31:44.873+0000][560.513s][info][gc             ] GC(872) Pause Young (Allocation Failure) 232M->155M(278M) 20.929ms
[2025-12-25T04:31:44.874+0000][560.514s][info][gc,cpu         ] GC(872) User=0.01s Sys=0.00s Real=0.02s
[2025-12-25T04:31:45.065+0000][560.705s][info][gc,start       ] GC(873) Pause Young (Allocation Failure)
[2025-12-25T04:31:45.071+0000][560.711s][info][gc,heap        ] GC(873) DefNew: 82162K(88512K)->4079K(88512K) Eden: 78720K(78720K)->0K(78720K) From: 3442K(9792K)->4079K(9792K)
[2025-12-25T04:31:45.072+0000][560.712s][info][gc,heap        ] GC(873) Tenured: 156076K(196608K)->156156K(196608K)
[2025-12-25T04:31:45.072+0000][560.712s][info][gc,metaspace   ] GC(873) Metaspace: 97714K(99136K)->97714K(99136K) NonClass: 84689K(85312K)->84689K(85312K) Class: 13024K(13824K)->13024K(13824K)
[2025-12-25T04:31:45.072+0000][560.712s][info][gc             ] GC(873) Pause Young (Allocation Failure) 232M->156M(278M) 7.165ms
[2025-12-25T04:31:45.072+0000][560.712s][info][gc,cpu         ] GC(873) User=0.00s Sys=0.00s Real=0.00s
[2025-12-25T04:31:45.220+0000][560.860s][info][gc,start       ] GC(874) Pause Young (Allocation Failure)
[2025-12-25T04:31:45.226+0000][560.866s][info][gc,heap        ] GC(874) DefNew: 82799K(88512K)->4091K(88512K) Eden: 78720K(78720K)->0K(78720K) From: 4079K(9792K)->4091K(9792K)
[2025-12-25T04:31:45.226+0000][560.866s][info][gc,heap        ] GC(874) Tenured: 156156K(196608K)->156173K(196608K)
[2025-12-25T04:31:45.226+0000][560.866s][info][gc,metaspace   ] GC(874) Metaspace: 97714K(99136K)->97714K(99136K) NonClass: 84689K(85312K)->84689K(85312K) Class: 13024K(13824K)->13024K(13824K)
[2025-12-25T04:31:45.227+0000][560.867s][info][gc             ] GC(874) Pause Young (Allocation Failure) 233M->156M(278M) 6.145ms
[2025-12-25T04:31:45.227+0000][560.867s][info][gc,cpu         ] GC(874) User=0.00s Sys=0.00s Real=0.01s
[2025-12-25T04:31:45.355+0000][560.995s][info][gc,start       ] GC(875) Pause Young (Allocation Failure)
[2025-12-25T04:31:45.360+0000][561.000s][info][gc,heap        ] GC(875) DefNew: 82811K(88512K)->4166K(88512K) Eden: 78720K(78720K)->0K(78720K) From: 4091K(9792K)->4166K(9792K)
[2025-12-25T04:31:45.361+0000][561.001s][info][gc,heap        ] GC(875) Tenured: 156173K(196608K)->156210K(196608K)
[2025-12-25T04:31:45.363+0000][561.003s][info][gc,metaspace   ] GC(875) Metaspace: 97714K(99136K)->97714K(99136K) NonClass: 84689K(85312K)->84689K(85312K) Class: 13024K(13824K)->13024K(13824K)
[2025-12-25T04:31:45.366+0000][561.006s][info][gc             ] GC(875) Pause Young (Allocation Failure) 233M->156M(278M) 10.633ms
[2025-12-25T04:31:45.366+0000][561.006s][info][gc,cpu         ] GC(875) User=0.00s Sys=0.00s Real=0.01s
[2025-12-25T04:31:45.566+0000][561.206s][info][gc,start       ] GC(876) Pause Young (Allocation Failure)
[2025-12-25T04:31:45.587+0000][561.227s][info][gc,heap        ] GC(876) DefNew: 82886K(88512K)->4144K(88512K) Eden: 78720K(78720K)->0K(78720K) From: 4166K(9792K)->4144K(9792K)
[2025-12-25T04:31:45.588+0000][561.228s][info][gc,heap        ] GC(876) Tenured: 156210K(196608K)->156226K(196608K)
[2025-12-25T04:31:45.588+0000][561.228s][info][gc,metaspace   ] GC(876) Metaspace: 97714K(99136K)->97714K(99136K) NonClass: 84689K(85312K)->84689K(85312K) Class: 13024K(13824K)->13024K(13824K)
[2025-12-25T04:31:45.588+0000][561.228s][info][gc             ] GC(876) Pause Young (Allocation Failure) 233M->156M(278M) 22.193ms
[2025-12-25T04:31:45.590+0000][561.230s][info][gc,cpu         ] GC(876) User=0.01s Sys=0.00s Real=0.02s
[2025-12-25T04:31:45.690+0000][561.330s][info][gc,start       ] GC(877) Pause Young (Allocation Failure)
[2025-12-25T04:31:45.708+0000][561.348s][info][gc,heap        ] GC(877) DefNew: 82864K(88512K)->4362K(88512K) Eden: 78720K(78720K)->0K(78720K) From: 4144K(9792K)->4362K(9792K)
[2025-12-25T04:31:45.711+0000][561.351s][info][gc,heap        ] GC(877) Tenured: 156226K(196608K)->156226K(196608K)
[2025-12-25T04:31:45.712+0000][561.352s][info][gc,metaspace   ] GC(877) Metaspace: 97714K(99136K)->97714K(99136K) NonClass: 84689K(85312K)->84689K(85312K) Class: 13024K(13824K)->13024K(13824K)
[2025-12-25T04:31:45.713+0000][561.353s][info][gc             ] GC(877) Pause Young (Allocation Failure) 233M->156M(278M) 22.680ms
[2025-12-25T04:31:45.713+0000][561.353s][info][gc,cpu         ] GC(877) User=0.00s Sys=0.00s Real=0.02s
[2025-12-25T04:31:45.843+0000][561.483s][info][gc,start       ] GC(878) Pause Young (Allocation Failure)
[2025-12-25T04:31:45.850+0000][561.490s][info][gc,heap        ] GC(878) DefNew: 83082K(88512K)->3716K(88512K) Eden: 78720K(78720K)->0K(78720K) From: 4362K(9792K)->3716K(9792K)
[2025-12-25T04:31:45.851+0000][561.491s][info][gc,heap        ] GC(878) Tenured: 156226K(196608K)->156258K(196608K)
[2025-12-25T04:31:45.852+0000][561.492s][info][gc,metaspace   ] GC(878) Metaspace: 97714K(99136K)->97714K(99136K) NonClass: 84689K(85312K)->84689K(85312K) Class: 13024K(13824K)->13024K(13824K)
[2025-12-25T04:31:45.854+0000][561.494s][info][gc             ] GC(878) Pause Young (Allocation Failure) 233M->156M(278M) 10.391ms
[2025-12-25T04:31:45.855+0000][561.495s][info][gc,cpu         ] GC(878) User=0.00s Sys=0.00s Real=0.02s
[2025-12-25T04:31:46.000+0000][561.640s][info][gc,start       ] GC(879) Pause Young (Allocation Failure)
[2025-12-25T04:31:46.012+0000][561.652s][info][gc,heap        ] GC(879) DefNew: 82436K(88512K)->3668K(88512K) Eden: 78720K(78720K)->0K(78720K) From: 3716K(9792K)->3668K(9792K)
[2025-12-25T04:31:46.014+0000][561.654s][info][gc,heap        ] GC(879) Tenured: 156258K(196608K)->156548K(196608K)
[2025-12-25T04:31:46.014+0000][561.654s][info][gc,metaspace   ] GC(879) Metaspace: 97714K(99136K)->97714K(99136K) NonClass: 84689K(85312K)->84689K(85312K) Class: 13024K(13824K)->13024K(13824K)
[2025-12-25T04:31:46.014+0000][561.654s][info][gc             ] GC(879) Pause Young (Allocation Failure) 233M->156M(278M) 14.283ms
[2025-12-25T04:31:46.017+0000][561.657s][info][gc,cpu         ] GC(879) User=0.01s Sys=0.00s Real=0.02s
[2025-12-25T04:31:46.160+0000][561.800s][info][gc,start       ] GC(880) Pause Young (Allocation Failure)
[2025-12-25T04:31:46.165+0000][561.805s][info][gc,heap        ] GC(880) DefNew: 82388K(88512K)->3496K(88512K) Eden: 78720K(78720K)->0K(78720K) From: 3668K(9792K)->3496K(9792K)
[2025-12-25T04:31:46.166+0000][561.806s][info][gc,heap        ] GC(880) Tenured: 156548K(196608K)->156630K(196608K)
[2025-12-25T04:31:46.166+0000][561.806s][info][gc,metaspace   ] GC(880) Metaspace: 97714K(99136K)->97714K(99136K) NonClass: 84689K(85312K)->84689K(85312K) Class: 13024K(13824K)->13024K(13824K)
[2025-12-25T04:31:46.167+0000][561.807s][info][gc             ] GC(880) Pause Young (Allocation Failure) 233M->156M(278M) 6.409ms
[2025-12-25T04:31:46.167+0000][561.807s][info][gc,cpu         ] GC(880) User=0.00s Sys=0.00s Real=0.01s
[2025-12-25T04:31:46.994+0000][562.634s][info][gc,start       ] GC(881) Pause Young (Allocation Failure)
[2025-12-25T04:31:47.001+0000][562.641s][info][gc,heap        ] GC(881) DefNew: 82216K(88512K)->2332K(88512K) Eden: 78720K(78720K)->0K(78720K) From: 3496K(9792K)->2332K(9792K)
[2025-12-25T04:31:47.001+0000][562.641s][info][gc,heap        ] GC(881) Tenured: 156630K(196608K)->157249K(196608K)
[2025-12-25T04:31:47.001+0000][562.641s][info][gc,metaspace   ] GC(881) Metaspace: 97714K(99136K)->97714K(99136K) NonClass: 84689K(85312K)->84689K(85312K) Class: 13024K(13824K)->13024K(13824K)
[2025-12-25T04:31:47.002+0000][562.642s][info][gc             ] GC(881) Pause Young (Allocation Failure) 233M->155M(278M) 7.307ms
[2025-12-25T04:31:47.002+0000][562.642s][info][gc,cpu         ] GC(881) User=0.00s Sys=0.01s Real=0.01s
[2025-12-25T04:31:48.496+0000][564.136s][info][gc,start       ] GC(882) Pause Young (Allocation Failure)
[2025-12-25T04:31:48.516+0000][564.156s][info][gc,heap        ] GC(882) DefNew: 81052K(88512K)->2344K(88512K) Eden: 78720K(78720K)->0K(78720K) From: 2332K(9792K)->2344K(9792K)
[2025-12-25T04:31:48.516+0000][564.156s][info][gc,heap        ] GC(882) Tenured: 157249K(196608K)->157250K(196608K)
[2025-12-25T04:31:48.516+0000][564.156s][info][gc,metaspace   ] GC(882) Metaspace: 97714K(99136K)->97714K(99136K) NonClass: 84689K(85312K)->84689K(85312K) Class: 13024K(13824K)->13024K(13824K)
[2025-12-25T04:31:48.516+0000][564.156s][info][gc             ] GC(882) Pause Young (Allocation Failure) 232M->155M(278M) 20.078ms
[2025-12-25T04:31:48.516+0000][564.156s][info][gc,cpu         ] GC(882) User=0.02s Sys=0.00s Real=0.02s
[2025-12-25T04:31:49.812+0000][565.452s][info][gc,start       ] GC(883) Pause Young (Allocation Failure)
[2025-12-25T04:31:49.817+0000][565.457s][info][gc,heap        ] GC(883) DefNew: 81064K(88512K)->2344K(88512K) Eden: 78720K(78720K)->0K(78720K) From: 2344K(9792K)->2344K(9792K)
[2025-12-25T04:31:49.818+0000][565.458s][info][gc,heap        ] GC(883) Tenured: 157250K(196608K)->157250K(196608K)
[2025-12-25T04:31:49.818+0000][565.458s][info][gc,metaspace   ] GC(883) Metaspace: 97714K(99136K)->97714K(99136K) NonClass: 84689K(85312K)->84689K(85312K) Class: 13024K(13824K)->13024K(13824K)
[2025-12-25T04:31:49.818+0000][565.458s][info][gc             ] GC(883) Pause Young (Allocation Failure) 232M->155M(278M) 5.883ms
[2025-12-25T04:31:49.818+0000][565.458s][info][gc,cpu         ] GC(883) User=0.01s Sys=0.00s Real=0.01s
[2025-12-25T04:31:51.009+0000][566.649s][info][gc,start       ] GC(884) Pause Young (Allocation Failure)
[2025-12-25T04:31:51.012+0000][566.652s][info][gc,heap        ] GC(884) DefNew: 81064K(88512K)->2322K(88512K) Eden: 78720K(78720K)->0K(78720K) From: 2344K(9792K)->2322K(9792K)
[2025-12-25T04:31:51.012+0000][566.652s][info][gc,heap        ] GC(884) Tenured: 157250K(196608K)->157273K(196608K)
[2025-12-25T04:31:51.012+0000][566.652s][info][gc,metaspace   ] GC(884) Metaspace: 97714K(99136K)->97714K(99136K) NonClass: 84689K(85312K)->84689K(85312K) Class: 13024K(13824K)->13024K(13824K)
[2025-12-25T04:31:51.012+0000][566.652s][info][gc             ] GC(884) Pause Young (Allocation Failure) 232M->155M(278M) 3.183ms
[2025-12-25T04:31:51.013+0000][566.653s][info][gc,cpu         ] GC(884) User=0.00s Sys=0.00s Real=0.00s
[2025-12-25T04:31:52.073+0000][567.713s][info][gc,start       ] GC(885) Pause Young (Allocation Failure)
[2025-12-25T04:31:52.077+0000][567.717s][info][gc,heap        ] GC(885) DefNew: 81042K(88512K)->1714K(88512K) Eden: 78720K(78720K)->0K(78720K) From: 2322K(9792K)->1714K(9792K)
[2025-12-25T04:31:52.077+0000][567.717s][info][gc,heap        ] GC(885) Tenured: 157273K(196608K)->157295K(196608K)
[2025-12-25T04:31:52.077+0000][567.717s][info][gc,metaspace   ] GC(885) Metaspace: 97714K(99136K)->97714K(99136K) NonClass: 84689K(85312K)->84689K(85312K) Class: 13024K(13824K)->13024K(13824K)
[2025-12-25T04:31:52.077+0000][567.717s][info][gc             ] GC(885) Pause Young (Allocation Failure) 232M->155M(278M) 3.876ms
[2025-12-25T04:31:52.077+0000][567.717s][info][gc,cpu         ] GC(885) User=0.01s Sys=0.00s Real=0.01s
[2025-12-25T04:31:53.229+0000][568.869s][info][gc,start       ] GC(886) Pause Young (Allocation Failure)
[2025-12-25T04:31:53.236+0000][568.876s][info][gc,heap        ] GC(886) DefNew: 80434K(88512K)->1714K(88512K) Eden: 78720K(78720K)->0K(78720K) From: 1714K(9792K)->1714K(9792K)
[2025-12-25T04:31:53.236+0000][568.876s][info][gc,heap        ] GC(886) Tenured: 157295K(196608K)->157295K(196608K)
[2025-12-25T04:31:53.236+0000][568.876s][info][gc,metaspace   ] GC(886) Metaspace: 97714K(99136K)->97714K(99136K) NonClass: 84689K(85312K)->84689K(85312K) Class: 13024K(13824K)->13024K(13824K)
[2025-12-25T04:31:53.236+0000][568.876s][info][gc             ] GC(886) Pause Young (Allocation Failure) 232M->155M(278M) 7.442ms
[2025-12-25T04:31:53.236+0000][568.876s][info][gc,cpu         ] GC(886) User=0.01s Sys=0.00s Real=0.01s
[2025-12-25T04:31:54.413+0000][570.053s][info][gc,start       ] GC(887) Pause Young (Allocation Failure)
[2025-12-25T04:31:54.415+0000][570.055s][info][gc,heap        ] GC(887) DefNew: 80434K(88512K)->1705K(88512K) Eden: 78720K(78720K)->0K(78720K) From: 1714K(9792K)->1705K(9792K)
[2025-12-25T04:31:54.415+0000][570.055s][info][gc,heap        ] GC(887) Tenured: 157295K(196608K)->157305K(196608K)
[2025-12-25T04:31:54.415+0000][570.055s][info][gc,metaspace   ] GC(887) Metaspace: 97714K(99136K)->97714K(99136K) NonClass: 84689K(85312K)->84689K(85312K) Class: 13024K(13824K)->13024K(13824K)
[2025-12-25T04:31:54.416+0000][570.056s][info][gc             ] GC(887) Pause Young (Allocation Failure) 232M->155M(278M) 2.640ms
[2025-12-25T04:31:54.416+0000][570.056s][info][gc,cpu         ] GC(887) User=0.00s Sys=0.00s Real=0.01s
[2025-12-25T04:31:55.581+0000][571.221s][info][gc,start       ] GC(888) Pause Young (Allocation Failure)
[2025-12-25T04:31:55.584+0000][571.224s][info][gc,heap        ] GC(888) DefNew: 80425K(88512K)->1696K(88512K) Eden: 78720K(78720K)->0K(78720K) From: 1705K(9792K)->1696K(9792K)
[2025-12-25T04:31:55.584+0000][571.224s][info][gc,heap        ] GC(888) Tenured: 157305K(196608K)->157315K(196608K)
[2025-12-25T04:31:55.584+0000][571.224s][info][gc,metaspace   ] GC(888) Metaspace: 97714K(99136K)->97714K(99136K) NonClass: 84689K(85312K)->84689K(85312K) Class: 13024K(13824K)->13024K(13824K)
[2025-12-25T04:31:55.584+0000][571.224s][info][gc             ] GC(888) Pause Young (Allocation Failure) 232M->155M(278M) 2.708ms
[2025-12-25T04:31:55.584+0000][571.224s][info][gc,cpu         ] GC(888) User=0.00s Sys=0.00s Real=0.00s
[2025-12-25T04:31:56.251+0000][571.891s][info][gc,start       ] GC(889) Pause Young (Allocation Failure)
[2025-12-25T04:31:56.254+0000][571.894s][info][gc,heap        ] GC(889) DefNew: 80416K(88512K)->1569K(88512K) Eden: 78720K(78720K)->0K(78720K) From: 1696K(9792K)->1569K(9792K)
[2025-12-25T04:31:56.254+0000][571.894s][info][gc,heap        ] GC(889) Tenured: 157315K(196608K)->157467K(196608K)
[2025-12-25T04:31:56.254+0000][571.894s][info][gc,metaspace   ] GC(889) Metaspace: 97724K(99136K)->97724K(99136K) NonClass: 84699K(85312K)->84699K(85312K) Class: 13024K(13824K)->13024K(13824K)
[2025-12-25T04:31:56.254+0000][571.894s][info][gc             ] GC(889) Pause Young (Allocation Failure) 232M->155M(278M) 3.006ms
[2025-12-25T04:31:56.254+0000][571.894s][info][gc,cpu         ] GC(889) User=0.00s Sys=0.01s Real=0.01s
[2025-12-25T04:31:56.267+0000][571.907s][info][gc,start       ] GC(890) Pause Young (Allocation Failure)
[2025-12-25T04:31:56.270+0000][571.910s][info][gc,heap        ] GC(890) DefNew: 80289K(88512K)->1311K(88512K) Eden: 78720K(78720K)->0K(78720K) From: 1569K(9792K)->1311K(9792K)
[2025-12-25T04:31:56.270+0000][571.910s][info][gc,heap        ] GC(890) Tenured: 157467K(196608K)->157726K(196608K)
[2025-12-25T04:31:56.270+0000][571.910s][info][gc,metaspace   ] GC(890) Metaspace: 97727K(99136K)->97727K(99136K) NonClass: 84702K(85312K)->84702K(85312K) Class: 13024K(13824K)->13024K(13824K)
[2025-12-25T04:31:56.270+0000][571.910s][info][gc             ] GC(890) Pause Young (Allocation Failure) 232M->155M(278M) 2.897ms
[2025-12-25T04:31:56.270+0000][571.910s][info][gc,cpu         ] GC(890) User=0.01s Sys=0.00s Real=0.00s
[2025-12-25T04:31:57.192+0000][572.832s][info][gc,start       ] GC(891) Pause Young (Allocation Failure)
[2025-12-25T04:31:57.194+0000][572.834s][info][gc,heap        ] GC(891) DefNew: 80031K(88512K)->1250K(88512K) Eden: 78720K(78720K)->0K(78720K) From: 1311K(9792K)->1250K(9792K)
[2025-12-25T04:31:57.195+0000][572.835s][info][gc,heap        ] GC(891) Tenured: 157726K(196608K)->157774K(196608K)
[2025-12-25T04:31:57.195+0000][572.835s][info][gc,metaspace   ] GC(891) Metaspace: 97728K(99136K)->97728K(99136K) NonClass: 84703K(85312K)->84703K(85312K) Class: 13024K(13824K)->13024K(13824K)
[2025-12-25T04:31:57.195+0000][572.835s][info][gc             ] GC(891) Pause Young (Allocation Failure) 232M->155M(278M) 3.155ms
[2025-12-25T04:31:57.195+0000][572.835s][info][gc,cpu         ] GC(891) User=0.00s Sys=0.00s Real=0.01s
[2025-12-25T04:31:58.351+0000][573.991s][info][gc,start       ] GC(892) Pause Young (Allocation Failure)
[2025-12-25T04:31:58.356+0000][573.996s][info][gc,heap        ] GC(892) DefNew: 79970K(88512K)->575K(88512K) Eden: 78720K(78720K)->0K(78720K) From: 1250K(9792K)->575K(9792K)
[2025-12-25T04:31:58.357+0000][573.997s][info][gc,heap        ] GC(892) Tenured: 157774K(196608K)->158450K(196608K)
[2025-12-25T04:31:58.357+0000][573.997s][info][gc,metaspace   ] GC(892) Metaspace: 97728K(99136K)->97728K(99136K) NonClass: 84703K(85312K)->84703K(85312K) Class: 13024K(13824K)->13024K(13824K)
[2025-12-25T04:31:58.357+0000][573.997s][info][gc             ] GC(892) Pause Young (Allocation Failure) 232M->155M(278M) 5.856ms
[2025-12-25T04:31:58.357+0000][573.997s][info][gc,cpu         ] GC(892) User=0.01s Sys=0.00s Real=0.01s
[2025-12-25T04:31:59.640+0000][575.280s][info][gc,start       ] GC(893) Pause Young (Allocation Failure)
[2025-12-25T04:31:59.644+0000][575.284s][info][gc,heap        ] GC(893) DefNew: 79295K(88512K)->490K(88512K) Eden: 78720K(78720K)->0K(78720K) From: 575K(9792K)->490K(9792K)
[2025-12-25T04:31:59.644+0000][575.284s][info][gc,heap        ] GC(893) Tenured: 158450K(196608K)->158535K(196608K)
[2025-12-25T04:31:59.644+0000][575.284s][info][gc,metaspace   ] GC(893) Metaspace: 97729K(99136K)->97729K(99136K) NonClass: 84704K(85312K)->84704K(85312K) Class: 13024K(13824K)->13024K(13824K)
[2025-12-25T04:31:59.644+0000][575.284s][info][gc             ] GC(893) Pause Young (Allocation Failure) 232M->155M(278M) 3.899ms
[2025-12-25T04:31:59.644+0000][575.284s][info][gc,cpu         ] GC(893) User=0.00s Sys=0.00s Real=0.01s
[2025-12-25T04:32:00.978+0000][576.618s][info][gc,start       ] GC(894) Pause Young (Allocation Failure)
[2025-12-25T04:32:00.985+0000][576.625s][info][gc,heap        ] GC(894) DefNew: 79210K(88512K)->471K(88512K) Eden: 78720K(78720K)->0K(78720K) From: 490K(9792K)->471K(9792K)
[2025-12-25T04:32:00.985+0000][576.625s][info][gc,heap        ] GC(894) Tenured: 158535K(196608K)->158553K(196608K)
[2025-12-25T04:32:00.985+0000][576.625s][info][gc,metaspace   ] GC(894) Metaspace: 97729K(99136K)->97729K(99136K) NonClass: 84704K(85312K)->84704K(85312K) Class: 13024K(13824K)->13024K(13824K)
[2025-12-25T04:32:00.985+0000][576.625s][info][gc             ] GC(894) Pause Young (Allocation Failure) 232M->155M(278M) 7.843ms
[2025-12-25T04:32:00.986+0000][576.626s][info][gc,cpu         ] GC(894) User=0.01s Sys=0.00s Real=0.01s
[2025-12-25T04:32:02.083+0000][577.723s][info][gc,start       ] GC(895) Pause Young (Allocation Failure)
[2025-12-25T04:32:02.086+0000][577.726s][info][gc,heap        ] GC(895) DefNew: 79191K(88512K)->447K(88512K) Eden: 78720K(78720K)->0K(78720K) From: 471K(9792K)->447K(9792K)
[2025-12-25T04:32:02.087+0000][577.727s][info][gc,heap        ] GC(895) Tenured: 158553K(196608K)->158581K(196608K)
[2025-12-25T04:32:02.087+0000][577.727s][info][gc,metaspace   ] GC(895) Metaspace: 97730K(99136K)->97730K(99136K) NonClass: 84705K(85312K)->84705K(85312K) Class: 13024K(13824K)->13024K(13824K)
[2025-12-25T04:32:02.087+0000][577.727s][info][gc             ] GC(895) Pause Young (Allocation Failure) 232M->155M(278M) 4.297ms
[2025-12-25T04:32:02.087+0000][577.727s][info][gc,cpu         ] GC(895) User=0.00s Sys=0.00s Real=0.01s
[2025-12-25T04:32:03.262+0000][578.902s][info][gc,start       ] GC(896) Pause Young (Allocation Failure)
[2025-12-25T04:32:03.266+0000][578.906s][info][gc,heap        ] GC(896) DefNew: 79167K(88512K)->357K(88512K) Eden: 78720K(78720K)->0K(78720K) From: 447K(9792K)->357K(9792K)
[2025-12-25T04:32:03.266+0000][578.906s][info][gc,heap        ] GC(896) Tenured: 158581K(196608K)->158672K(196608K)
[2025-12-25T04:32:03.266+0000][578.906s][info][gc,metaspace   ] GC(896) Metaspace: 97730K(99136K)->97730K(99136K) NonClass: 84705K(85312K)->84705K(85312K) Class: 13024K(13824K)->13024K(13824K)
[2025-12-25T04:32:03.266+0000][578.906s][info][gc             ] GC(896) Pause Young (Allocation Failure) 232M->155M(278M) 4.552ms
[2025-12-25T04:32:03.267+0000][578.907s][info][gc,cpu         ] GC(896) User=0.00s Sys=0.00s Real=0.01s
[2025-12-25T04:32:04.486+0000][580.126s][info][gc,start       ] GC(897) Pause Young (Allocation Failure)
[2025-12-25T04:32:04.488+0000][580.128s][info][gc,heap        ] GC(897) DefNew: 79077K(88512K)->354K(88512K) Eden: 78720K(78720K)->0K(78720K) From: 357K(9792K)->354K(9792K)
[2025-12-25T04:32:04.488+0000][580.128s][info][gc,heap        ] GC(897) Tenured: 158672K(196608K)->158676K(196608K)
[2025-12-25T04:32:04.488+0000][580.128s][info][gc,metaspace   ] GC(897) Metaspace: 97730K(99136K)->97730K(99136K) NonClass: 84705K(85312K)->84705K(85312K) Class: 13024K(13824K)->13024K(13824K)
[2025-12-25T04:32:04.488+0000][580.128s][info][gc             ] GC(897) Pause Young (Allocation Failure) 232M->155M(278M) 2.355ms
[2025-12-25T04:32:04.488+0000][580.128s][info][gc,cpu         ] GC(897) User=0.01s Sys=0.00s Real=0.00s
[2025-12-25T04:32:05.693+0000][581.333s][info][gc,start       ] GC(898) Pause Young (Allocation Failure)
[2025-12-25T04:32:05.706+0000][581.346s][info][gc,heap        ] GC(898) DefNew: 79074K(88512K)->354K(88512K) Eden: 78720K(78720K)->0K(78720K) From: 354K(9792K)->354K(9792K)
[2025-12-25T04:32:05.706+0000][581.346s][info][gc,heap        ] GC(898) Tenured: 158676K(196608K)->158677K(196608K)
[2025-12-25T04:32:05.706+0000][581.346s][info][gc,metaspace   ] GC(898) Metaspace: 97730K(99136K)->97730K(99136K) NonClass: 84705K(85312K)->84705K(85312K) Class: 13024K(13824K)->13024K(13824K)
[2025-12-25T04:32:05.707+0000][581.347s][info][gc             ] GC(898) Pause Young (Allocation Failure) 232M->155M(278M) 13.565ms
[2025-12-25T04:32:05.707+0000][581.347s][info][gc,cpu         ] GC(898) User=0.01s Sys=0.01s Real=0.02s
[2025-12-25T04:32:06.930+0000][582.570s][info][gc,start       ] GC(899) Pause Young (Allocation Failure)
[2025-12-25T04:32:06.932+0000][582.572s][info][gc,heap        ] GC(899) DefNew: 79074K(88512K)->346K(88512K) Eden: 78720K(78720K)->0K(78720K) From: 354K(9792K)->346K(9792K)
[2025-12-25T04:32:06.932+0000][582.572s][info][gc,heap        ] GC(899) Tenured: 158677K(196608K)->158678K(196608K)
[2025-12-25T04:32:06.932+0000][582.572s][info][gc,metaspace   ] GC(899) Metaspace: 97730K(99136K)->97730K(99136K) NonClass: 84705K(85312K)->84705K(85312K) Class: 13024K(13824K)->13024K(13824K)
[2025-12-25T04:32:06.932+0000][582.572s][info][gc             ] GC(899) Pause Young (Allocation Failure) 232M->155M(278M) 2.543ms
[2025-12-25T04:32:06.933+0000][582.573s][info][gc,cpu         ] GC(899) User=0.00s Sys=0.00s Real=0.00s
[2025-12-25T04:32:07.999+0000][583.639s][info][gc,start       ] GC(900) Pause Young (Allocation Failure)
[2025-12-25T04:32:08.004+0000][583.644s][info][gc,heap        ] GC(900) DefNew: 79066K(88512K)->60K(88512K) Eden: 78720K(78720K)->0K(78720K) From: 346K(9792K)->60K(9792K)
[2025-12-25T04:32:08.004+0000][583.644s][info][gc,heap        ] GC(900) Tenured: 158678K(196608K)->158969K(196608K)
[2025-12-25T04:32:08.004+0000][583.644s][info][gc,metaspace   ] GC(900) Metaspace: 97733K(99136K)->97733K(99136K) NonClass: 84708K(85312K)->84708K(85312K) Class: 13024K(13824K)->13024K(13824K)
[2025-12-25T04:32:08.004+0000][583.644s][info][gc             ] GC(900) Pause Young (Allocation Failure) 232M->155M(278M) 4.618ms
[2025-12-25T04:32:08.004+0000][583.644s][info][gc,cpu         ] GC(900) User=0.01s Sys=0.00s Real=0.00s
[2025-12-25T04:32:09.189+0000][584.829s][info][gc,start       ] GC(901) Pause Young (Allocation Failure)
[2025-12-25T04:32:09.191+0000][584.831s][info][gc,heap        ] GC(901) DefNew: 78780K(88512K)->61K(88512K) Eden: 78720K(78720K)->0K(78720K) From: 60K(9792K)->61K(9792K)
[2025-12-25T04:32:09.191+0000][584.831s][info][gc,heap        ] GC(901) Tenured: 158969K(196608K)->158970K(196608K)
[2025-12-25T04:32:09.191+0000][584.831s][info][gc,metaspace   ] GC(901) Metaspace: 97733K(99136K)->97733K(99136K) NonClass: 84708K(85312K)->84708K(85312K) Class: 13024K(13824K)->13024K(13824K)
[2025-12-25T04:32:09.191+0000][584.831s][info][gc             ] GC(901) Pause Young (Allocation Failure) 232M->155M(278M) 2.344ms
[2025-12-25T04:32:09.191+0000][584.831s][info][gc,cpu         ] GC(901) User=0.00s Sys=0.00s Real=0.00s
[2025-12-25T04:32:10.360+0000][586.000s][info][gc,start       ] GC(902) Pause Young (Allocation Failure)
[2025-12-25T04:32:10.363+0000][586.003s][info][gc,heap        ] GC(902) DefNew: 78781K(88512K)->61K(88512K) Eden: 78720K(78720K)->0K(78720K) From: 61K(9792K)->61K(9792K)
[2025-12-25T04:32:10.363+0000][586.003s][info][gc,heap        ] GC(902) Tenured: 158970K(196608K)->158970K(196608K)
[2025-12-25T04:32:10.364+0000][586.004s][info][gc,metaspace   ] GC(902) Metaspace: 97733K(99136K)->97733K(99136K) NonClass: 84708K(85312K)->84708K(85312K) Class: 13024K(13824K)->13024K(13824K)
[2025-12-25T04:32:10.364+0000][586.004s][info][gc             ] GC(902) Pause Young (Allocation Failure) 232M->155M(278M) 3.853ms
[2025-12-25T04:32:10.364+0000][586.004s][info][gc,cpu         ] GC(902) User=0.01s Sys=0.00s Real=0.00s
[2025-12-25T04:32:11.251+0000][586.891s][info][gc,start       ] GC(903) Pause Young (Allocation Failure)
[2025-12-25T04:32:11.253+0000][586.893s][info][gc,heap        ] GC(903) DefNew: 78781K(88512K)->88K(88512K) Eden: 78720K(78720K)->0K(78720K) From: 61K(9792K)->88K(9792K)
[2025-12-25T04:32:11.253+0000][586.893s][info][gc,heap        ] GC(903) Tenured: 158970K(196608K)->158971K(196608K)
[2025-12-25T04:32:11.253+0000][586.893s][info][gc,metaspace   ] GC(903) Metaspace: 97736K(99136K)->97736K(99136K) NonClass: 84711K(85312K)->84711K(85312K) Class: 13024K(13824K)->13024K(13824K)
[2025-12-25T04:32:11.253+0000][586.893s][info][gc             ] GC(903) Pause Young (Allocation Failure) 232M->155M(278M) 2.404ms
[2025-12-25T04:32:11.253+0000][586.893s][info][gc,cpu         ] GC(903) User=0.00s Sys=0.00s Real=0.00s
[2025-12-25T04:32:11.268+0000][586.908s][info][gc,start       ] GC(904) Pause Young (Allocation Failure)
[2025-12-25T04:32:11.270+0000][586.910s][info][gc,heap        ] GC(904) DefNew: 78808K(88512K)->83K(88512K) Eden: 78720K(78720K)->0K(78720K) From: 88K(9792K)->83K(9792K)
[2025-12-25T04:32:11.270+0000][586.910s][info][gc,heap        ] GC(904) Tenured: 158971K(196608K)->158978K(196608K)
[2025-12-25T04:32:11.271+0000][586.910s][info][gc,metaspace   ] GC(904) Metaspace: 97737K(99136K)->97737K(99136K) NonClass: 84712K(85312K)->84712K(85312K) Class: 13024K(13824K)->13024K(13824K)
[2025-12-25T04:32:11.271+0000][586.911s][info][gc             ] GC(904) Pause Young (Allocation Failure) 232M->155M(278M) 2.249ms
[2025-12-25T04:32:11.271+0000][586.911s][info][gc,cpu         ] GC(904) User=0.01s Sys=0.00s Real=0.00s
[2025-12-25T04:32:12.024+0000][587.664s][info][gc,start       ] GC(905) Pause Young (Allocation Failure)
[2025-12-25T04:32:12.030+0000][587.670s][info][gc,heap        ] GC(905) DefNew: 78803K(88512K)->66K(88512K) Eden: 78720K(78720K)->0K(78720K) From: 83K(9792K)->66K(9792K)
[2025-12-25T04:32:12.030+0000][587.670s][info][gc,heap        ] GC(905) Tenured: 158978K(196608K)->158978K(196608K)
[2025-12-25T04:32:12.030+0000][587.670s][info][gc,metaspace   ] GC(905) Metaspace: 97737K(99136K)->97737K(99136K) NonClass: 84712K(85312K)->84712K(85312K) Class: 13024K(13824K)->13024K(13824K)
[2025-12-25T04:32:12.030+0000][587.670s][info][gc             ] GC(905) Pause Young (Allocation Failure) 232M->155M(278M) 6.473ms
[2025-12-25T04:32:12.031+0000][587.670s][info][gc,cpu         ] GC(905) User=0.00s Sys=0.00s Real=0.01s
[2025-12-25T04:32:13.200+0000][588.840s][info][gc,start       ] GC(906) Pause Young (Allocation Failure)
[2025-12-25T04:32:13.207+0000][588.847s][info][gc,heap        ] GC(906) DefNew: 78786K(88512K)->49K(88512K) Eden: 78720K(78720K)->0K(78720K) From: 66K(9792K)->49K(9792K)
[2025-12-25T04:32:13.207+0000][588.847s][info][gc,heap        ] GC(906) Tenured: 158978K(196608K)->158985K(196608K)
[2025-12-25T04:32:13.207+0000][588.847s][info][gc,metaspace   ] GC(906) Metaspace: 97737K(99136K)->97737K(99136K) NonClass: 84712K(85312K)->84712K(85312K) Class: 13024K(13824K)->13024K(13824K)
[2025-12-25T04:32:13.207+0000][588.847s][info][gc             ] GC(906) Pause Young (Allocation Failure) 232M->155M(278M) 6.658ms
[2025-12-25T04:32:13.207+0000][588.847s][info][gc,cpu         ] GC(906) User=0.00s Sys=0.00s Real=0.01s
[2025-12-25T04:32:14.419+0000][590.059s][info][gc,start       ] GC(907) Pause Young (Allocation Failure)
[2025-12-25T04:32:14.425+0000][590.065s][info][gc,heap        ] GC(907) DefNew: 78769K(88512K)->49K(88512K) Eden: 78720K(78720K)->0K(78720K) From: 49K(9792K)->49K(9792K)
[2025-12-25T04:32:14.426+0000][590.066s][info][gc,heap        ] GC(907) Tenured: 158985K(196608K)->158986K(196608K)
[2025-12-25T04:32:14.426+0000][590.066s][info][gc,metaspace   ] GC(907) Metaspace: 97737K(99136K)->97737K(99136K) NonClass: 84712K(85312K)->84712K(85312K) Class: 13024K(13824K)->13024K(13824K)
[2025-12-25T04:32:14.426+0000][590.066s][info][gc             ] GC(907) Pause Young (Allocation Failure) 232M->155M(278M) 7.368ms
[2025-12-25T04:32:14.427+0000][590.067s][info][gc,cpu         ] GC(907) User=0.00s Sys=0.00s Real=0.01s
[2025-12-25T04:32:15.678+0000][591.318s][info][gc,start       ] GC(908) Pause Young (Allocation Failure)
[2025-12-25T04:32:15.681+0000][591.321s][info][gc,heap        ] GC(908) DefNew: 78769K(88512K)->50K(88512K) Eden: 78720K(78720K)->0K(78720K) From: 49K(9792K)->50K(9792K)
[2025-12-25T04:32:15.682+0000][591.322s][info][gc,heap        ] GC(908) Tenured: 158986K(196608K)->158986K(196608K)
[2025-12-25T04:32:15.682+0000][591.322s][info][gc,metaspace   ] GC(908) Metaspace: 97737K(99136K)->97737K(99136K) NonClass: 84712K(85312K)->84712K(85312K) Class: 13024K(13824K)->13024K(13824K)
[2025-12-25T04:32:15.682+0000][591.322s][info][gc             ] GC(908) Pause Young (Allocation Failure) 232M->155M(278M) 3.484ms
[2025-12-25T04:32:15.682+0000][591.322s][info][gc,cpu         ] GC(908) User=0.00s Sys=0.01s Real=0.00s
[2025-12-25T04:32:16.844+0000][592.484s][info][gc,start       ] GC(909) Pause Young (Allocation Failure)
[2025-12-25T04:32:16.846+0000][592.486s][info][gc,heap        ] GC(909) DefNew: 78770K(88512K)->46K(88512K) Eden: 78720K(78720K)->0K(78720K) From: 50K(9792K)->46K(9792K)
[2025-12-25T04:32:16.847+0000][592.486s][info][gc,heap        ] GC(909) Tenured: 158986K(196608K)->158987K(196608K)
[2025-12-25T04:32:16.847+0000][592.487s][info][gc,metaspace   ] GC(909) Metaspace: 97737K(99136K)->97737K(99136K) NonClass: 84712K(85312K)->84712K(85312K) Class: 13024K(13824K)->13024K(13824K)
[2025-12-25T04:32:16.847+0000][592.487s][info][gc             ] GC(909) Pause Young (Allocation Failure) 232M->155M(278M) 2.495ms
[2025-12-25T04:32:16.847+0000][592.487s][info][gc,cpu         ] GC(909) User=0.00s Sys=0.00s Real=0.01s
[2025-12-25T04:32:17.907+0000][593.547s][info][gc,start       ] GC(910) Pause Young (Allocation Failure)
[2025-12-25T04:32:17.910+0000][593.550s][info][gc,heap        ] GC(910) DefNew: 78766K(88512K)->48K(88512K) Eden: 78720K(78720K)->0K(78720K) From: 46K(9792K)->48K(9792K)
[2025-12-25T04:32:17.910+0000][593.550s][info][gc,heap        ] GC(910) Tenured: 158987K(196608K)->158988K(196608K)
[2025-12-25T04:32:17.910+0000][593.550s][info][gc,metaspace   ] GC(910) Metaspace: 97737K(99136K)->97737K(99136K) NonClass: 84712K(85312K)->84712K(85312K) Class: 13024K(13824K)->13024K(13824K)
[2025-12-25T04:32:17.910+0000][593.550s][info][gc             ] GC(910) Pause Young (Allocation Failure) 232M->155M(278M) 2.786ms
[2025-12-25T04:32:17.910+0000][593.550s][info][gc,cpu         ] GC(910) User=0.00s Sys=0.00s Real=0.00s
[2025-12-25T04:32:19.110+0000][594.750s][info][gc,start       ] GC(911) Pause Young (Allocation Failure)
[2025-12-25T04:32:19.118+0000][594.758s][info][gc,heap        ] GC(911) DefNew: 78768K(88512K)->47K(88512K) Eden: 78720K(78720K)->0K(78720K) From: 48K(9792K)->47K(9792K)
[2025-12-25T04:32:19.118+0000][594.758s][info][gc,heap        ] GC(911) Tenured: 158988K(196608K)->158988K(196608K)
[2025-12-25T04:32:19.118+0000][594.758s][info][gc,metaspace   ] GC(911) Metaspace: 97737K(99136K)->97737K(99136K) NonClass: 84712K(85312K)->84712K(85312K) Class: 13024K(13824K)->13024K(13824K)
[2025-12-25T04:32:19.118+0000][594.758s][info][gc             ] GC(911) Pause Young (Allocation Failure) 232M->155M(278M) 8.548ms
[2025-12-25T04:32:19.119+0000][594.759s][info][gc,cpu         ] GC(911) User=0.01s Sys=0.00s Real=0.01s
[2025-12-25T04:32:20.357+0000][595.997s][info][gc,start       ] GC(912) Pause Young (Allocation Failure)
[2025-12-25T04:32:20.359+0000][595.999s][info][gc,heap        ] GC(912) DefNew: 78767K(88512K)->44K(88512K) Eden: 78720K(78720K)->0K(78720K) From: 47K(9792K)->44K(9792K)
[2025-12-25T04:32:20.360+0000][596.000s][info][gc,heap        ] GC(912) Tenured: 158988K(196608K)->158989K(196608K)
[2025-12-25T04:32:20.360+0000][596.000s][info][gc,metaspace   ] GC(912) Metaspace: 97738K(99136K)->97738K(99136K) NonClass: 84713K(85312K)->84713K(85312K) Class: 13024K(13824K)->13024K(13824K)
[2025-12-25T04:32:20.360+0000][596.000s][info][gc             ] GC(912) Pause Young (Allocation Failure) 232M->155M(278M) 2.779ms
[2025-12-25T04:32:20.360+0000][596.000s][info][gc,cpu         ] GC(912) User=0.00s Sys=0.00s Real=0.00s
[2025-12-25T04:32:21.043+0000][596.683s][info][gc,start       ] GC(913) Pause Young (Allocation Failure)
[2025-12-25T04:32:21.051+0000][596.691s][info][gc,heap        ] GC(913) DefNew: 78764K(88512K)->559K(88512K) Eden: 78720K(78720K)->0K(78720K) From: 44K(9792K)->559K(9792K)
[2025-12-25T04:32:21.051+0000][596.691s][info][gc,heap        ] GC(913) Tenured: 158989K(196608K)->158990K(196608K)
[2025-12-25T04:32:21.051+0000][596.691s][info][gc,metaspace   ] GC(913) Metaspace: 97742K(99136K)->97742K(99136K) NonClass: 84718K(85312K)->84718K(85312K) Class: 13024K(13824K)->13024K(13824K)
[2025-12-25T04:32:21.051+0000][596.691s][info][gc             ] GC(913) Pause Young (Allocation Failure) 232M->155M(278M) 8.026ms
[2025-12-25T04:32:21.051+0000][596.691s][info][gc,cpu         ] GC(913) User=0.00s Sys=0.00s Real=0.01s
[2025-12-25T04:32:22.261+0000][597.901s][info][gc,start       ] GC(914) Pause Young (Allocation Failure)
[2025-12-25T04:32:22.265+0000][597.905s][info][gc,heap        ] GC(914) DefNew: 79279K(88512K)->561K(88512K) Eden: 78720K(78720K)->0K(78720K) From: 559K(9792K)->561K(9792K)
[2025-12-25T04:32:22.265+0000][597.905s][info][gc,heap        ] GC(914) Tenured: 158990K(196608K)->158990K(196608K)
[2025-12-25T04:32:22.265+0000][597.905s][info][gc,metaspace   ] GC(914) Metaspace: 97742K(99136K)->97742K(99136K) NonClass: 84718K(85312K)->84718K(85312K) Class: 13024K(13824K)->13024K(13824K)
[2025-12-25T04:32:22.265+0000][597.905s][info][gc             ] GC(914) Pause Young (Allocation Failure) 232M->155M(278M) 3.883ms
[2025-12-25T04:32:22.265+0000][597.905s][info][gc,cpu         ] GC(914) User=0.01s Sys=0.01s Real=0.01s
[2025-12-25T04:32:23.496+0000][599.136s][info][gc,start       ] GC(915) Pause Young (Allocation Failure)
[2025-12-25T04:32:23.510+0000][599.150s][info][gc,heap        ] GC(915) DefNew: 79281K(88512K)->561K(88512K) Eden: 78719K(78720K)->0K(78720K) From: 561K(9792K)->561K(9792K)
[2025-12-25T04:32:23.510+0000][599.150s][info][gc,heap        ] GC(915) Tenured: 158990K(196608K)->158991K(196608K)
[2025-12-25T04:32:23.511+0000][599.151s][info][gc,metaspace   ] GC(915) Metaspace: 97742K(99136K)->97742K(99136K) NonClass: 84718K(85312K)->84718K(85312K) Class: 13024K(13824K)->13024K(13824K)
[2025-12-25T04:32:23.511+0000][599.151s][info][gc             ] GC(915) Pause Young (Allocation Failure) 232M->155M(278M) 14.861ms
[2025-12-25T04:32:23.511+0000][599.151s][info][gc,cpu         ] GC(915) User=0.02s Sys=0.00s Real=0.01s
[2025-12-25T04:32:24.855+0000][600.495s][info][gc,start       ] GC(916) Pause Young (Allocation Failure)
[2025-12-25T04:32:24.863+0000][600.503s][info][gc,heap        ] GC(916) DefNew: 79281K(88512K)->1179K(88512K) Eden: 78720K(78720K)->0K(78720K) From: 561K(9792K)->1179K(9792K)
[2025-12-25T04:32:24.864+0000][600.504s][info][gc,heap        ] GC(916) Tenured: 158991K(196608K)->158991K(196608K)
[2025-12-25T04:32:24.864+0000][600.504s][info][gc,metaspace   ] GC(916) Metaspace: 97744K(99136K)->97744K(99136K) NonClass: 84719K(85312K)->84719K(85312K) Class: 13024K(13824K)->13024K(13824K)
[2025-12-25T04:32:24.864+0000][600.504s][info][gc             ] GC(916) Pause Young (Allocation Failure) 232M->156M(278M) 8.759ms
[2025-12-25T04:32:24.864+0000][600.504s][info][gc,cpu         ] GC(916) User=0.01s Sys=0.00s Real=0.00s
[2025-12-25T04:32:26.077+0000][601.717s][info][gc,start       ] GC(917) Pause Young (Allocation Failure)
[2025-12-25T04:32:26.083+0000][601.723s][info][gc,heap        ] GC(917) DefNew: 79899K(88512K)->1179K(88512K) Eden: 78720K(78720K)->0K(78720K) From: 1179K(9792K)->1179K(9792K)
[2025-12-25T04:32:26.083+0000][601.723s][info][gc,heap        ] GC(917) Tenured: 158991K(196608K)->158992K(196608K)
[2025-12-25T04:32:26.083+0000][601.723s][info][gc,metaspace   ] GC(917) Metaspace: 97744K(99136K)->97744K(99136K) NonClass: 84719K(85312K)->84719K(85312K) Class: 13024K(13824K)->13024K(13824K)
[2025-12-25T04:32:26.083+0000][601.723s][info][gc             ] GC(917) Pause Young (Allocation Failure) 233M->156M(278M) 6.091ms
[2025-12-25T04:32:26.083+0000][601.723s][info][gc,cpu         ] GC(917) User=0.00s Sys=0.00s Real=0.00s
[2025-12-25T04:32:26.294+0000][601.934s][info][gc,start       ] GC(918) Pause Young (Allocation Failure)
[2025-12-25T04:32:26.302+0000][601.942s][info][gc,heap        ] GC(918) DefNew: 79899K(88512K)->1201K(88512K) Eden: 78720K(78720K)->0K(78720K) From: 1179K(9792K)->1201K(9792K)
[2025-12-25T04:32:26.302+0000][601.942s][info][gc,heap        ] GC(918) Tenured: 158992K(196608K)->158992K(196608K)
[2025-12-25T04:32:26.302+0000][601.942s][info][gc,metaspace   ] GC(918) Metaspace: 97744K(99136K)->97744K(99136K) NonClass: 84720K(85312K)->84720K(85312K) Class: 13024K(13824K)->13024K(13824K)
[2025-12-25T04:32:26.303+0000][601.943s][info][gc             ] GC(918) Pause Young (Allocation Failure) 233M->156M(278M) 8.918ms
[2025-12-25T04:32:26.303+0000][601.943s][info][gc,cpu         ] GC(918) User=0.00s Sys=0.00s Real=0.01s
[2025-12-25T04:32:26.786+0000][602.426s][info][gc,start       ] GC(919) Pause Young (Allocation Failure)
[2025-12-25T04:32:26.788+0000][602.428s][info][gc,heap        ] GC(919) DefNew: 79921K(88512K)->1187K(88512K) Eden: 78720K(78720K)->0K(78720K) From: 1201K(9792K)->1187K(9792K)
[2025-12-25T04:32:26.789+0000][602.429s][info][gc,heap        ] GC(919) Tenured: 158992K(196608K)->158992K(196608K)
[2025-12-25T04:32:26.789+0000][602.429s][info][gc,metaspace   ] GC(919) Metaspace: 97744K(99136K)->97744K(99136K) NonClass: 84720K(85312K)->84720K(85312K) Class: 13024K(13824K)->13024K(13824K)
[2025-12-25T04:32:26.789+0000][602.429s][info][gc             ] GC(919) Pause Young (Allocation Failure) 233M->156M(278M) 2.973ms
[2025-12-25T04:32:26.789+0000][602.429s][info][gc,cpu         ] GC(919) User=0.00s Sys=0.00s Real=0.00s
[2025-12-25T04:32:27.887+0000][603.527s][info][gc,start       ] GC(920) Pause Young (Allocation Failure)
[2025-12-25T04:32:27.890+0000][603.530s][info][gc,heap        ] GC(920) DefNew: 79907K(88512K)->1176K(88512K) Eden: 78720K(78720K)->0K(78720K) From: 1187K(9792K)->1176K(9792K)
[2025-12-25T04:32:27.890+0000][603.530s][info][gc,heap        ] GC(920) Tenured: 158992K(196608K)->158993K(196608K)
[2025-12-25T04:32:27.890+0000][603.530s][info][gc,metaspace   ] GC(920) Metaspace: 97744K(99136K)->97744K(99136K) NonClass: 84720K(85312K)->84720K(85312K) Class: 13024K(13824K)->13024K(13824K)
[2025-12-25T04:32:27.890+0000][603.530s][info][gc             ] GC(920) Pause Young (Allocation Failure) 233M->156M(278M) 3.347ms
[2025-12-25T04:32:27.891+0000][603.530s][info][gc,cpu         ] GC(920) User=0.00s Sys=0.00s Real=0.00s
[2025-12-25T04:32:29.153+0000][604.793s][info][gc,start       ] GC(921) Pause Young (Allocation Failure)
[2025-12-25T04:32:29.174+0000][604.814s][info][gc,heap        ] GC(921) DefNew: 79896K(88512K)->1176K(88512K) Eden: 78720K(78720K)->0K(78720K) From: 1176K(9792K)->1176K(9792K)
[2025-12-25T04:32:29.174+0000][604.814s][info][gc,heap        ] GC(921) Tenured: 158993K(196608K)->158993K(196608K)
[2025-12-25T04:32:29.174+0000][604.814s][info][gc,metaspace   ] GC(921) Metaspace: 97747K(99136K)->97747K(99136K) NonClass: 84721K(85312K)->84721K(85312K) Class: 13025K(13824K)->13025K(13824K)
[2025-12-25T04:32:29.175+0000][604.815s][info][gc             ] GC(921) Pause Young (Allocation Failure) 233M->156M(278M) 21.881ms
[2025-12-25T04:32:29.175+0000][604.815s][info][gc,cpu         ] GC(921) User=0.02s Sys=0.00s Real=0.03s
[2025-12-25T04:32:30.476+0000][606.116s][info][gc,start       ] GC(922) Pause Young (Allocation Failure)
[2025-12-25T04:32:30.484+0000][606.124s][info][gc,heap        ] GC(922) DefNew: 79896K(88512K)->1176K(88512K) Eden: 78720K(78720K)->0K(78720K) From: 1176K(9792K)->1176K(9792K)
[2025-12-25T04:32:30.484+0000][606.124s][info][gc,heap        ] GC(922) Tenured: 158993K(196608K)->158994K(196608K)
[2025-12-25T04:32:30.484+0000][606.124s][info][gc,metaspace   ] GC(922) Metaspace: 97747K(99136K)->97747K(99136K) NonClass: 84721K(85312K)->84721K(85312K) Class: 13025K(13824K)->13025K(13824K)
[2025-12-25T04:32:30.485+0000][606.125s][info][gc             ] GC(922) Pause Young (Allocation Failure) 233M->156M(278M) 8.128ms
[2025-12-25T04:32:30.485+0000][606.125s][info][gc,cpu         ] GC(922) User=0.01s Sys=0.00s Real=0.01s
[2025-12-25T04:32:31.731+0000][607.371s][info][gc,start       ] GC(923) Pause Young (Allocation Failure)
[2025-12-25T04:32:31.734+0000][607.374s][info][gc,heap        ] GC(923) DefNew: 79896K(88512K)->1176K(88512K) Eden: 78720K(78720K)->0K(78720K) From: 1176K(9792K)->1176K(9792K)
[2025-12-25T04:32:31.734+0000][607.374s][info][gc,heap        ] GC(923) Tenured: 158994K(196608K)->158995K(196608K)
[2025-12-25T04:32:31.734+0000][607.374s][info][gc,metaspace   ] GC(923) Metaspace: 97747K(99136K)->97747K(99136K) NonClass: 84721K(85312K)->84721K(85312K) Class: 13025K(13824K)->13025K(13824K)
[2025-12-25T04:32:31.735+0000][607.375s][info][gc             ] GC(923) Pause Young (Allocation Failure) 233M->156M(278M) 3.595ms
[2025-12-25T04:32:31.735+0000][607.375s][info][gc,cpu         ] GC(923) User=0.00s Sys=0.00s Real=0.01s
[2025-12-25T04:32:32.839+0000][608.479s][info][gc,start       ] GC(924) Pause Young (Allocation Failure)
[2025-12-25T04:32:32.842+0000][608.482s][info][gc,heap        ] GC(924) DefNew: 79896K(88512K)->1184K(88512K) Eden: 78720K(78720K)->0K(78720K) From: 1176K(9792K)->1184K(9792K)
[2025-12-25T04:32:32.842+0000][608.482s][info][gc,heap        ] GC(924) Tenured: 158995K(196608K)->158996K(196608K)
[2025-12-25T04:32:32.842+0000][608.482s][info][gc,metaspace   ] GC(924) Metaspace: 97748K(99136K)->97748K(99136K) NonClass: 84723K(85312K)->84723K(85312K) Class: 13025K(13824K)->13025K(13824K)
[2025-12-25T04:32:32.843+0000][608.483s][info][gc             ] GC(924) Pause Young (Allocation Failure) 233M->156M(278M) 3.612ms
[2025-12-25T04:32:32.843+0000][608.483s][info][gc,cpu         ] GC(924) User=0.01s Sys=0.00s Real=0.00s
[2025-12-25T04:32:34.042+0000][609.682s][info][gc,start       ] GC(925) Pause Young (Allocation Failure)
[2025-12-25T04:32:34.045+0000][609.685s][info][gc,heap        ] GC(925) DefNew: 79904K(88512K)->1181K(88512K) Eden: 78720K(78720K)->0K(78720K) From: 1184K(9792K)->1181K(9792K)
[2025-12-25T04:32:34.046+0000][609.686s][info][gc,heap        ] GC(925) Tenured: 158996K(196608K)->158997K(196608K)
[2025-12-25T04:32:34.046+0000][609.686s][info][gc,metaspace   ] GC(925) Metaspace: 97748K(99136K)->97748K(99136K) NonClass: 84723K(85312K)->84723K(85312K) Class: 13025K(13824K)->13025K(13824K)
[2025-12-25T04:32:34.046+0000][609.686s][info][gc             ] GC(925) Pause Young (Allocation Failure) 233M->156M(278M) 3.692ms
[2025-12-25T04:32:34.046+0000][609.686s][info][gc,cpu         ] GC(925) User=0.00s Sys=0.00s Real=0.01s
[2025-12-25T04:32:35.232+0000][610.872s][info][gc,start       ] GC(926) Pause Young (Allocation Failure)
[2025-12-25T04:32:35.237+0000][610.877s][info][gc,heap        ] GC(926) DefNew: 79901K(88512K)->1182K(88512K) Eden: 78720K(78720K)->0K(78720K) From: 1181K(9792K)->1182K(9792K)
[2025-12-25T04:32:35.237+0000][610.877s][info][gc,heap        ] GC(926) Tenured: 158997K(196608K)->158997K(196608K)
[2025-12-25T04:32:35.237+0000][610.877s][info][gc,metaspace   ] GC(926) Metaspace: 97749K(99136K)->97749K(99136K) NonClass: 84724K(85312K)->84724K(85312K) Class: 13025K(13824K)->13025K(13824K)
[2025-12-25T04:32:35.237+0000][610.877s][info][gc             ] GC(926) Pause Young (Allocation Failure) 233M->156M(278M) 5.088ms
[2025-12-25T04:32:35.238+0000][610.878s][info][gc,cpu         ] GC(926) User=0.00s Sys=0.00s Real=0.01s
[2025-12-25T04:32:36.508+0000][612.148s][info][gc,start       ] GC(927) Pause Young (Allocation Failure)
[2025-12-25T04:32:36.515+0000][612.155s][info][gc,heap        ] GC(927) DefNew: 79902K(88512K)->1176K(88512K) Eden: 78720K(78720K)->0K(78720K) From: 1182K(9792K)->1176K(9792K)
[2025-12-25T04:32:36.515+0000][612.155s][info][gc,heap        ] GC(927) Tenured: 158997K(196608K)->158998K(196608K)
[2025-12-25T04:32:36.515+0000][612.155s][info][gc,metaspace   ] GC(927) Metaspace: 97749K(99136K)->97749K(99136K) NonClass: 84724K(85312K)->84724K(85312K) Class: 13025K(13824K)->13025K(13824K)
[2025-12-25T04:32:36.516+0000][612.156s][info][gc             ] GC(927) Pause Young (Allocation Failure) 233M->156M(278M) 7.611ms
[2025-12-25T04:32:36.516+0000][612.156s][info][gc,cpu         ] GC(927) User=0.01s Sys=0.00s Real=0.01s
[2025-12-25T04:32:37.688+0000][613.328s][info][gc,start       ] GC(928) Pause Young (Allocation Failure)
[2025-12-25T04:32:37.693+0000][613.333s][info][gc,heap        ] GC(928) DefNew: 79896K(88512K)->668K(88512K) Eden: 78720K(78720K)->0K(78720K) From: 1176K(9792K)->668K(9792K)
[2025-12-25T04:32:37.694+0000][613.334s][info][gc,heap        ] GC(928) Tenured: 158998K(196608K)->159510K(196608K)
[2025-12-25T04:32:37.694+0000][613.334s][info][gc,metaspace   ] GC(928) Metaspace: 97758K(99136K)->97758K(99136K) NonClass: 84732K(85312K)->84732K(85312K) Class: 13025K(13824K)->13025K(13824K)
[2025-12-25T04:32:37.694+0000][613.334s][info][gc             ] GC(928) Pause Young (Allocation Failure) 233M->156M(278M) 5.328ms
[2025-12-25T04:32:37.694+0000][613.334s][info][gc,cpu         ] GC(928) User=0.00s Sys=0.00s Real=0.00s
[2025-12-25T04:32:38.922+0000][614.562s][info][gc,start       ] GC(929) Pause Young (Allocation Failure)
[2025-12-25T04:32:38.925+0000][614.565s][info][gc,heap        ] GC(929) DefNew: 79388K(88512K)->669K(88512K) Eden: 78720K(78720K)->0K(78720K) From: 668K(9792K)->669K(9792K)
[2025-12-25T04:32:38.925+0000][614.565s][info][gc,heap        ] GC(929) Tenured: 159510K(196608K)->159511K(196608K)
[2025-12-25T04:32:38.926+0000][614.566s][info][gc,metaspace   ] GC(929) Metaspace: 97758K(99136K)->97758K(99136K) NonClass: 84732K(85312K)->84732K(85312K) Class: 13025K(13824K)->13025K(13824K)
[2025-12-25T04:32:38.926+0000][614.566s][info][gc             ] GC(929) Pause Young (Allocation Failure) 233M->156M(278M) 3.551ms
[2025-12-25T04:32:38.926+0000][614.566s][info][gc,cpu         ] GC(929) User=0.00s Sys=0.00s Real=0.01s
[2025-12-25T04:32:40.121+0000][615.761s][info][gc,start       ] GC(930) Pause Young (Allocation Failure)
[2025-12-25T04:32:40.124+0000][615.764s][info][gc,heap        ] GC(930) DefNew: 79389K(88512K)->668K(88512K) Eden: 78720K(78720K)->0K(78720K) From: 669K(9792K)->668K(9792K)
[2025-12-25T04:32:40.124+0000][615.764s][info][gc,heap        ] GC(930) Tenured: 159511K(196608K)->159511K(196608K)
[2025-12-25T04:32:40.125+0000][615.765s][info][gc,metaspace   ] GC(930) Metaspace: 97760K(99136K)->97760K(99136K) NonClass: 84734K(85312K)->84734K(85312K) Class: 13025K(13824K)->13025K(13824K)
[2025-12-25T04:32:40.125+0000][615.765s][info][gc             ] GC(930) Pause Young (Allocation Failure) 233M->156M(278M) 3.468ms
[2025-12-25T04:32:40.125+0000][615.765s][info][gc,cpu         ] GC(930) User=0.00s Sys=0.00s Real=0.01s
[2025-12-25T04:32:41.248+0000][616.888s][info][gc,start       ] GC(931) Pause Young (Allocation Failure)
[2025-12-25T04:32:41.254+0000][616.893s][info][gc,heap        ] GC(931) DefNew: 79388K(88512K)->80K(88512K) Eden: 78720K(78720K)->0K(78720K) From: 668K(9792K)->80K(9792K)
[2025-12-25T04:32:41.255+0000][616.895s][info][gc,heap        ] GC(931) Tenured: 159511K(196608K)->160129K(196608K)
[2025-12-25T04:32:41.255+0000][616.895s][info][gc,metaspace   ] GC(931) Metaspace: 97760K(99136K)->97760K(99136K) NonClass: 84734K(85312K)->84734K(85312K) Class: 13025K(13824K)->13025K(13824K)
[2025-12-25T04:32:41.255+0000][616.895s][info][gc             ] GC(931) Pause Young (Allocation Failure) 233M->156M(278M) 7.465ms
[2025-12-25T04:32:41.256+0000][616.896s][info][gc,cpu         ] GC(931) User=0.00s Sys=0.00s Real=0.01s
[2025-12-25T04:32:41.287+0000][616.927s][info][gc,start       ] GC(932) Pause Young (Allocation Failure)
[2025-12-25T04:32:41.289+0000][616.929s][info][gc,heap        ] GC(932) DefNew: 78800K(88512K)->79K(88512K) Eden: 78720K(78720K)->0K(78720K) From: 80K(9792K)->79K(9792K)
[2025-12-25T04:32:41.289+0000][616.929s][info][gc,heap        ] GC(932) Tenured: 160129K(196608K)->160130K(196608K)
[2025-12-25T04:32:41.289+0000][616.929s][info][gc,metaspace   ] GC(932) Metaspace: 97763K(99136K)->97763K(99136K) NonClass: 84738K(85312K)->84738K(85312K) Class: 13025K(13824K)->13025K(13824K)
[2025-12-25T04:32:41.289+0000][616.929s][info][gc             ] GC(932) Pause Young (Allocation Failure) 233M->156M(278M) 2.016ms
[2025-12-25T04:32:41.289+0000][616.929s][info][gc,cpu         ] GC(932) User=0.00s Sys=0.00s Real=0.00s
[2025-12-25T04:32:41.926+0000][617.566s][info][gc,start       ] GC(933) Pause Young (Allocation Failure)
[2025-12-25T04:32:41.928+0000][617.568s][info][gc,heap        ] GC(933) DefNew: 78799K(88512K)->63K(88512K) Eden: 78720K(78720K)->0K(78720K) From: 79K(9792K)->63K(9792K)
[2025-12-25T04:32:41.929+0000][617.569s][info][gc,heap        ] GC(933) Tenured: 160130K(196608K)->160130K(196608K)
[2025-12-25T04:32:41.929+0000][617.569s][info][gc,metaspace   ] GC(933) Metaspace: 97764K(99136K)->97764K(99136K) NonClass: 84738K(85312K)->84738K(85312K) Class: 13025K(13824K)->13025K(13824K)
[2025-12-25T04:32:41.929+0000][617.569s][info][gc             ] GC(933) Pause Young (Allocation Failure) 233M->156M(278M) 2.405ms
[2025-12-25T04:32:41.929+0000][617.569s][info][gc,cpu         ] GC(933) User=0.00s Sys=0.00s Real=0.00s
[2025-12-25T04:32:42.990+0000][618.630s][info][gc,start       ] GC(934) Pause Young (Allocation Failure)
[2025-12-25T04:32:42.992+0000][618.632s][info][gc,heap        ] GC(934) DefNew: 78783K(88512K)->55K(88512K) Eden: 78720K(78720K)->0K(78720K) From: 63K(9792K)->55K(9792K)
[2025-12-25T04:32:42.992+0000][618.632s][info][gc,heap        ] GC(934) Tenured: 160130K(196608K)->160130K(196608K)
[2025-12-25T04:32:42.992+0000][618.632s][info][gc,metaspace   ] GC(934) Metaspace: 97772K(99136K)->97772K(99136K) NonClass: 84746K(85312K)->84746K(85312K) Class: 13025K(13824K)->13025K(13824K)
[2025-12-25T04:32:42.992+0000][618.632s][info][gc             ] GC(934) Pause Young (Allocation Failure) 233M->156M(278M) 2.521ms
[2025-12-25T04:32:42.992+0000][618.632s][info][gc,cpu         ] GC(934) User=0.00s Sys=0.00s Real=0.00s
[2025-12-25T04:32:44.185+0000][619.825s][info][gc,start       ] GC(935) Pause Young (Allocation Failure)
[2025-12-25T04:32:44.190+0000][619.830s][info][gc,heap        ] GC(935) DefNew: 78775K(88512K)->55K(88512K) Eden: 78720K(78720K)->0K(78720K) From: 55K(9792K)->55K(9792K)
[2025-12-25T04:32:44.190+0000][619.830s][info][gc,heap        ] GC(935) Tenured: 160130K(196608K)->160131K(196608K)
[2025-12-25T04:32:44.191+0000][619.831s][info][gc,metaspace   ] GC(935) Metaspace: 97772K(99136K)->97772K(99136K) NonClass: 84746K(85312K)->84746K(85312K) Class: 13025K(13824K)->13025K(13824K)
[2025-12-25T04:32:44.191+0000][619.831s][info][gc             ] GC(935) Pause Young (Allocation Failure) 233M->156M(278M) 5.779ms
[2025-12-25T04:32:44.191+0000][619.831s][info][gc,cpu         ] GC(935) User=0.01s Sys=0.00s Real=0.00s
[2025-12-25T04:32:45.389+0000][621.029s][info][gc,start       ] GC(936) Pause Young (Allocation Failure)
[2025-12-25T04:32:45.392+0000][621.032s][info][gc,heap        ] GC(936) DefNew: 78775K(88512K)->55K(88512K) Eden: 78720K(78720K)->0K(78720K) From: 55K(9792K)->55K(9792K)
[2025-12-25T04:32:45.392+0000][621.032s][info][gc,heap        ] GC(936) Tenured: 160131K(196608K)->160132K(196608K)
[2025-12-25T04:32:45.392+0000][621.032s][info][gc,metaspace   ] GC(936) Metaspace: 97772K(99136K)->97772K(99136K) NonClass: 84746K(85312K)->84746K(85312K) Class: 13025K(13824K)->13025K(13824K)
[2025-12-25T04:32:45.392+0000][621.032s][info][gc             ] GC(936) Pause Young (Allocation Failure) 233M->156M(278M) 2.883ms
[2025-12-25T04:32:45.392+0000][621.032s][info][gc,cpu         ] GC(936) User=0.00s Sys=0.00s Real=0.00s
[2025-12-25T04:32:46.589+0000][622.229s][info][gc,start       ] GC(937) Pause Young (Allocation Failure)
[2025-12-25T04:32:46.591+0000][622.231s][info][gc,heap        ] GC(937) DefNew: 78775K(88512K)->51K(88512K) Eden: 78720K(78720K)->0K(78720K) From: 55K(9792K)->51K(9792K)
[2025-12-25T04:32:46.591+0000][622.231s][info][gc,heap        ] GC(937) Tenured: 160132K(196608K)->160133K(196608K)
[2025-12-25T04:32:46.592+0000][622.232s][info][gc,metaspace   ] GC(937) Metaspace: 97788K(99200K)->97788K(99200K) NonClass: 84762K(85376K)->84762K(85376K) Class: 13025K(13824K)->13025K(13824K)
[2025-12-25T04:32:46.592+0000][622.232s][info][gc             ] GC(937) Pause Young (Allocation Failure) 233M->156M(278M) 3.142ms
[2025-12-25T04:32:46.592+0000][622.232s][info][gc,cpu         ] GC(937) User=0.01s Sys=0.00s Real=0.00s
[2025-12-25T04:32:47.771+0000][623.411s][info][gc,start       ] GC(938) Pause Young (Allocation Failure)
[2025-12-25T04:32:47.776+0000][623.416s][info][gc,heap        ] GC(938) DefNew: 78771K(88512K)->62K(88512K) Eden: 78720K(78720K)->0K(78720K) From: 51K(9792K)->62K(9792K)
[2025-12-25T04:32:47.777+0000][623.417s][info][gc,heap        ] GC(938) Tenured: 160133K(196608K)->160133K(196608K)
[2025-12-25T04:32:47.777+0000][623.417s][info][gc,metaspace   ] GC(938) Metaspace: 97792K(99200K)->97792K(99200K) NonClass: 84766K(85376K)->84766K(85376K) Class: 13026K(13824K)->13026K(13824K)
[2025-12-25T04:32:47.777+0000][623.417s][info][gc             ] GC(938) Pause Young (Allocation Failure) 233M->156M(278M) 5.602ms
[2025-12-25T04:32:47.777+0000][623.417s][info][gc,cpu         ] GC(938) User=0.01s Sys=0.00s Real=0.01s
[2025-12-25T04:32:49.069+0000][624.709s][info][gc,start       ] GC(939) Pause Young (Allocation Failure)
[2025-12-25T04:32:49.076+0000][624.716s][info][gc,heap        ] GC(939) DefNew: 78782K(88512K)->61K(88512K) Eden: 78720K(78720K)->0K(78720K) From: 62K(9792K)->61K(9792K)
[2025-12-25T04:32:49.076+0000][624.716s][info][gc,heap        ] GC(939) Tenured: 160133K(196608K)->160136K(196608K)
[2025-12-25T04:32:49.076+0000][624.716s][info][gc,metaspace   ] GC(939) Metaspace: 97792K(99200K)->97792K(99200K) NonClass: 84766K(85376K)->84766K(85376K) Class: 13026K(13824K)->13026K(13824K)
[2025-12-25T04:32:49.076+0000][624.716s][info][gc             ] GC(939) Pause Young (Allocation Failure) 233M->156M(278M) 6.892ms
[2025-12-25T04:32:49.076+0000][624.716s][info][gc,cpu         ] GC(939) User=0.01s Sys=0.00s Real=0.01s
[2025-12-25T04:32:50.283+0000][625.923s][info][gc,start       ] GC(940) Pause Young (Allocation Failure)
[2025-12-25T04:32:50.285+0000][625.925s][info][gc,heap        ] GC(940) DefNew: 78781K(88512K)->61K(88512K) Eden: 78720K(78720K)->0K(78720K) From: 61K(9792K)->61K(9792K)
[2025-12-25T04:32:50.285+0000][625.925s][info][gc,heap        ] GC(940) Tenured: 160136K(196608K)->160137K(196608K)
[2025-12-25T04:32:50.285+0000][625.925s][info][gc,metaspace   ] GC(940) Metaspace: 97793K(99200K)->97793K(99200K) NonClass: 84767K(85376K)->84767K(85376K) Class: 13026K(13824K)->13026K(13824K)
[2025-12-25T04:32:50.285+0000][625.925s][info][gc             ] GC(940) Pause Young (Allocation Failure) 233M->156M(278M) 2.880ms
[2025-12-25T04:32:50.286+0000][625.926s][info][gc,cpu         ] GC(940) User=0.00s Sys=0.00s Real=0.01s
[2025-12-25T04:32:51.487+0000][627.127s][info][gc,start       ] GC(941) Pause Young (Allocation Failure)
[2025-12-25T04:32:51.495+0000][627.135s][info][gc,heap        ] GC(941) DefNew: 78781K(88512K)->61K(88512K) Eden: 78720K(78720K)->0K(78720K) From: 61K(9792K)->61K(9792K)
[2025-12-25T04:32:51.495+0000][627.135s][info][gc,heap        ] GC(941) Tenured: 160137K(196608K)->160138K(196608K)
[2025-12-25T04:32:51.496+0000][627.136s][info][gc,metaspace   ] GC(941) Metaspace: 97793K(99200K)->97793K(99200K) NonClass: 84767K(85376K)->84767K(85376K) Class: 13026K(13824K)->13026K(13824K)
[2025-12-25T04:32:51.496+0000][627.136s][info][gc             ] GC(941) Pause Young (Allocation Failure) 233M->156M(278M) 8.364ms
[2025-12-25T04:32:51.496+0000][627.136s][info][gc,cpu         ] GC(941) User=0.00s Sys=0.00s Real=0.01s
[2025-12-25T04:32:52.663+0000][628.303s][info][gc,start       ] GC(942) Pause Young (Allocation Failure)
[2025-12-25T04:32:52.674+0000][628.314s][info][gc,heap        ] GC(942) DefNew: 78781K(88512K)->68K(88512K) Eden: 78720K(78720K)->0K(78720K) From: 61K(9792K)->68K(9792K)
[2025-12-25T04:32:52.674+0000][628.314s][info][gc,heap        ] GC(942) Tenured: 160138K(196608K)->160138K(196608K)
[2025-12-25T04:32:52.674+0000][628.314s][info][gc,metaspace   ] GC(942) Metaspace: 97795K(99200K)->97795K(99200K) NonClass: 84769K(85376K)->84769K(85376K) Class: 13026K(13824K)->13026K(13824K)
[2025-12-25T04:32:52.675+0000][628.314s][info][gc             ] GC(942) Pause Young (Allocation Failure) 233M->156M(278M) 11.086ms
[2025-12-25T04:32:52.675+0000][628.315s][info][gc,cpu         ] GC(942) User=0.01s Sys=0.00s Real=0.02s
[2025-12-25T04:32:53.417+0000][629.057s][info][gc,start       ] GC(943) Pause Young (Allocation Failure)
[2025-12-25T04:32:53.434+0000][629.074s][info][gc,heap        ] GC(943) DefNew: 78776K(88512K)->3658K(88512K) Eden: 78708K(78720K)->0K(78720K) From: 68K(9792K)->3658K(9792K)
[2025-12-25T04:32:53.435+0000][629.075s][info][gc,heap        ] GC(943) Tenured: 160138K(196608K)->160140K(196608K)
[2025-12-25T04:32:53.435+0000][629.075s][info][gc,metaspace   ] GC(943) Metaspace: 97798K(99200K)->97798K(99200K) NonClass: 84771K(85376K)->84771K(85376K) Class: 13026K(13824K)->13026K(13824K)
[2025-12-25T04:32:53.435+0000][629.075s][info][gc             ] GC(943) Pause Young (Allocation Failure) 233M->159M(278M) 17.869ms
[2025-12-25T04:32:53.436+0000][629.076s][info][gc,cpu         ] GC(943) User=0.01s Sys=0.00s Real=0.02s
[2025-12-25T04:32:53.561+0000][629.201s][info][gc,start       ] GC(944) Pause Young (Allocation Failure)
[2025-12-25T04:32:53.604+0000][629.244s][info][gc,heap        ] GC(944) DefNew: 82378K(88512K)->4321K(88512K) Eden: 78719K(78720K)->0K(78720K) From: 3658K(9792K)->4321K(9792K)
[2025-12-25T04:32:53.605+0000][629.245s][info][gc,heap        ] GC(944) Tenured: 160140K(196608K)->160140K(196608K)
[2025-12-25T04:32:53.605+0000][629.245s][info][gc,metaspace   ] GC(944) Metaspace: 97798K(99200K)->97798K(99200K) NonClass: 84771K(85376K)->84771K(85376K) Class: 13026K(13824K)->13026K(13824K)
[2025-12-25T04:32:53.605+0000][629.245s][info][gc             ] GC(944) Pause Young (Allocation Failure) 236M->160M(278M) 43.994ms
[2025-12-25T04:32:53.606+0000][629.246s][info][gc,cpu         ] GC(944) User=0.02s Sys=0.00s Real=0.05s
[2025-12-25T04:32:53.708+0000][629.348s][info][gc,start       ] GC(945) Pause Young (Allocation Failure)
[2025-12-25T04:32:53.728+0000][629.368s][info][gc,heap        ] GC(945) DefNew: 83041K(88512K)->2395K(88512K) Eden: 78720K(78720K)->0K(78720K) From: 4321K(9792K)->2395K(9792K)
[2025-12-25T04:32:53.728+0000][629.368s][info][gc,heap        ] GC(945) Tenured: 160140K(196608K)->160141K(196608K)
[2025-12-25T04:32:53.730+0000][629.370s][info][gc,metaspace   ] GC(945) Metaspace: 97798K(99200K)->97798K(99200K) NonClass: 84771K(85376K)->84771K(85376K) Class: 13026K(13824K)->13026K(13824K)
[2025-12-25T04:32:53.731+0000][629.370s][info][gc             ] GC(945) Pause Young (Allocation Failure) 237M->158M(278M) 22.128ms
[2025-12-25T04:32:53.731+0000][629.371s][info][gc,cpu         ] GC(945) User=0.00s Sys=0.00s Real=0.02s
[2025-12-25T04:32:53.850+0000][629.490s][info][gc,start       ] GC(946) Pause Young (Allocation Failure)
[2025-12-25T04:32:53.858+0000][629.498s][info][gc,heap        ] GC(946) DefNew: 81115K(88512K)->4613K(88512K) Eden: 78720K(78720K)->0K(78720K) From: 2395K(9792K)->4613K(9792K)
[2025-12-25T04:32:53.860+0000][629.500s][info][gc,heap        ] GC(946) Tenured: 160141K(196608K)->160142K(196608K)
[2025-12-25T04:32:53.860+0000][629.500s][info][gc,metaspace   ] GC(946) Metaspace: 97798K(99200K)->97798K(99200K) NonClass: 84771K(85376K)->84771K(85376K) Class: 13026K(13824K)->13026K(13824K)
[2025-12-25T04:32:53.861+0000][629.501s][info][gc             ] GC(946) Pause Young (Allocation Failure) 235M->160M(278M) 10.738ms
[2025-12-25T04:32:53.861+0000][629.501s][info][gc,cpu         ] GC(946) User=0.00s Sys=0.00s Real=0.01s
[2025-12-25T04:32:53.995+0000][629.635s][info][gc,start       ] GC(947) Pause Young (Allocation Failure)
[2025-12-25T04:32:54.001+0000][629.641s][info][gc,heap        ] GC(947) DefNew: 83333K(88512K)->2516K(88512K) Eden: 78720K(78720K)->0K(78720K) From: 4613K(9792K)->2516K(9792K)
[2025-12-25T04:32:54.002+0000][629.642s][info][gc,heap        ] GC(947) Tenured: 160142K(196608K)->160142K(196608K)
[2025-12-25T04:32:54.002+0000][629.642s][info][gc,metaspace   ] GC(947) Metaspace: 97798K(99200K)->97798K(99200K) NonClass: 84771K(85376K)->84771K(85376K) Class: 13026K(13824K)->13026K(13824K)
[2025-12-25T04:32:54.002+0000][629.642s][info][gc             ] GC(947) Pause Young (Allocation Failure) 237M->158M(278M) 6.982ms
[2025-12-25T04:32:54.002+0000][629.642s][info][gc,cpu         ] GC(947) User=0.01s Sys=0.00s Real=0.00s
[2025-12-25T04:32:54.113+0000][629.753s][info][gc,start       ] GC(948) Pause Young (Allocation Failure)
[2025-12-25T04:32:54.120+0000][629.760s][info][gc,heap        ] GC(948) DefNew: 81236K(88512K)->1989K(88512K) Eden: 78720K(78720K)->0K(78720K) From: 2516K(9792K)->1989K(9792K)
[2025-12-25T04:32:54.121+0000][629.761s][info][gc,heap        ] GC(948) Tenured: 160142K(196608K)->160142K(196608K)
[2025-12-25T04:32:54.121+0000][629.761s][info][gc,metaspace   ] GC(948) Metaspace: 97798K(99200K)->97798K(99200K) NonClass: 84771K(85376K)->84771K(85376K) Class: 13026K(13824K)->13026K(13824K)
[2025-12-25T04:32:54.124+0000][629.764s][info][gc             ] GC(948) Pause Young (Allocation Failure) 235M->158M(278M) 10.608ms
[2025-12-25T04:32:54.125+0000][629.765s][info][gc,cpu         ] GC(948) User=0.01s Sys=0.00s Real=0.02s
[2025-12-25T04:32:54.269+0000][629.909s][info][gc,start       ] GC(949) Pause Young (Allocation Failure)
[2025-12-25T04:32:54.278+0000][629.918s][info][gc,heap        ] GC(949) DefNew: 80709K(88512K)->2169K(88512K) Eden: 78720K(78720K)->0K(78720K) From: 1989K(9792K)->2169K(9792K)
[2025-12-25T04:32:54.280+0000][629.920s][info][gc,heap        ] GC(949) Tenured: 160142K(196608K)->160144K(196608K)
[2025-12-25T04:32:54.280+0000][629.920s][info][gc,metaspace   ] GC(949) Metaspace: 97798K(99200K)->97798K(99200K) NonClass: 84771K(85376K)->84771K(85376K) Class: 13026K(13824K)->13026K(13824K)
[2025-12-25T04:32:54.281+0000][629.921s][info][gc             ] GC(949) Pause Young (Allocation Failure) 235M->158M(278M) 12.011ms
[2025-12-25T04:32:54.281+0000][629.921s][info][gc,cpu         ] GC(949) User=0.01s Sys=0.00s Real=0.01s
[2025-12-25T04:32:54.485+0000][630.125s][info][gc,start       ] GC(950) Pause Young (Allocation Failure)
[2025-12-25T04:32:54.492+0000][630.132s][info][gc,heap        ] GC(950) DefNew: 80889K(88512K)->2727K(88512K) Eden: 78720K(78720K)->0K(78720K) From: 2169K(9792K)->2727K(9792K)
[2025-12-25T04:32:54.493+0000][630.133s][info][gc,heap        ] GC(950) Tenured: 160144K(196608K)->160145K(196608K)
[2025-12-25T04:32:54.493+0000][630.133s][info][gc,metaspace   ] GC(950) Metaspace: 97798K(99200K)->97798K(99200K) NonClass: 84771K(85376K)->84771K(85376K) Class: 13026K(13824K)->13026K(13824K)
[2025-12-25T04:32:54.494+0000][630.134s][info][gc             ] GC(950) Pause Young (Allocation Failure) 235M->159M(278M) 8.974ms
[2025-12-25T04:32:54.494+0000][630.134s][info][gc,cpu         ] GC(950) User=0.01s Sys=0.00s Real=0.00s
[2025-12-25T04:32:54.654+0000][630.294s][info][gc,start       ] GC(951) Pause Young (Allocation Failure)
[2025-12-25T04:32:54.664+0000][630.304s][info][gc,heap        ] GC(951) DefNew: 81434K(88512K)->2540K(88512K) Eden: 78706K(78720K)->0K(78720K) From: 2727K(9792K)->2540K(9792K)
[2025-12-25T04:32:54.666+0000][630.306s][info][gc,heap        ] GC(951) Tenured: 160145K(196608K)->160146K(196608K)
[2025-12-25T04:32:54.669+0000][630.309s][info][gc,metaspace   ] GC(951) Metaspace: 97798K(99264K)->97798K(99264K) NonClass: 84772K(85440K)->84772K(85440K) Class: 13026K(13824K)->13026K(13824K)
[2025-12-25T04:32:54.669+0000][630.309s][info][gc             ] GC(951) Pause Young (Allocation Failure) 235M->158M(278M) 15.819ms
[2025-12-25T04:32:54.673+0000][630.313s][info][gc,cpu         ] GC(951) User=0.00s Sys=0.00s Real=0.02s
[2025-12-25T04:32:54.793+0000][630.433s][info][gc,start       ] GC(952) Pause Young (Allocation Failure)
[2025-12-25T04:32:54.800+0000][630.440s][info][gc,heap        ] GC(952) DefNew: 81260K(88512K)->3285K(88512K) Eden: 78720K(78720K)->0K(78720K) From: 2540K(9792K)->3285K(9792K)
[2025-12-25T04:32:54.800+0000][630.440s][info][gc,heap        ] GC(952) Tenured: 160146K(196608K)->160148K(196608K)
[2025-12-25T04:32:54.800+0000][630.440s][info][gc,metaspace   ] GC(952) Metaspace: 97798K(99264K)->97798K(99264K) NonClass: 84772K(85440K)->84772K(85440K) Class: 13026K(13824K)->13026K(13824K)
[2025-12-25T04:32:54.801+0000][630.441s][info][gc             ] GC(952) Pause Young (Allocation Failure) 235M->159M(278M) 7.385ms
[2025-12-25T04:32:54.801+0000][630.441s][info][gc,cpu         ] GC(952) User=0.00s Sys=0.00s Real=0.01s
[2025-12-25T04:32:54.938+0000][630.578s][info][gc,start       ] GC(953) Pause Young (Allocation Failure)
[2025-12-25T04:32:54.953+0000][630.593s][info][gc,heap        ] GC(953) DefNew: 82005K(88512K)->3146K(88512K) Eden: 78720K(78720K)->0K(78720K) From: 3285K(9792K)->3146K(9792K)
[2025-12-25T04:32:54.961+0000][630.601s][info][gc,heap        ] GC(953) Tenured: 160148K(196608K)->160159K(196608K)
[2025-12-25T04:32:54.963+0000][630.603s][info][gc,metaspace   ] GC(953) Metaspace: 97798K(99264K)->97798K(99264K) NonClass: 84772K(85440K)->84772K(85440K) Class: 13026K(13824K)->13026K(13824K)
[2025-12-25T04:32:54.963+0000][630.603s][info][gc             ] GC(953) Pause Young (Allocation Failure) 236M->159M(278M) 25.819ms
[2025-12-25T04:32:54.964+0000][630.604s][info][gc,cpu         ] GC(953) User=0.00s Sys=0.00s Real=0.02s
[2025-12-25T04:32:55.111+0000][630.751s][info][gc,start       ] GC(954) Pause Young (Allocation Failure)
[2025-12-25T04:32:55.133+0000][630.773s][info][gc,heap        ] GC(954) DefNew: 81866K(88512K)->3824K(88512K) Eden: 78720K(78720K)->0K(78720K) From: 3146K(9792K)->3824K(9792K)
[2025-12-25T04:32:55.134+0000][630.774s][info][gc,heap        ] GC(954) Tenured: 160159K(196608K)->160159K(196608K)
[2025-12-25T04:32:55.135+0000][630.775s][info][gc,metaspace   ] GC(954) Metaspace: 97798K(99264K)->97798K(99264K) NonClass: 84772K(85440K)->84772K(85440K) Class: 13026K(13824K)->13026K(13824K)
[2025-12-25T04:32:55.135+0000][630.775s][info][gc             ] GC(954) Pause Young (Allocation Failure) 236M->160M(278M) 24.336ms
[2025-12-25T04:32:55.135+0000][630.775s][info][gc,cpu         ] GC(954) User=0.01s Sys=0.00s Real=0.03s
[2025-12-25T04:32:55.316+0000][630.956s][info][gc,start       ] GC(955) Pause Young (Allocation Failure)
[2025-12-25T04:32:55.331+0000][630.971s][info][gc,heap        ] GC(955) DefNew: 82544K(88512K)->2602K(88512K) Eden: 78720K(78720K)->0K(78720K) From: 3824K(9792K)->2602K(9792K)
[2025-12-25T04:32:55.334+0000][630.974s][info][gc,heap        ] GC(955) Tenured: 160159K(196608K)->160160K(196608K)
[2025-12-25T04:32:55.335+0000][630.975s][info][gc,metaspace   ] GC(955) Metaspace: 97798K(99264K)->97798K(99264K) NonClass: 84772K(85440K)->84772K(85440K) Class: 13026K(13824K)->13026K(13824K)
[2025-12-25T04:32:55.338+0000][630.978s][info][gc             ] GC(955) Pause Young (Allocation Failure) 237M->158M(278M) 22.022ms
[2025-12-25T04:32:55.340+0000][630.980s][info][gc,cpu         ] GC(955) User=0.01s Sys=0.01s Real=0.02s
[2025-12-25T04:32:55.594+0000][631.234s][info][gc,start       ] GC(956) Pause Young (Allocation Failure)
[2025-12-25T04:32:55.603+0000][631.243s][info][gc,heap        ] GC(956) DefNew: 81322K(88512K)->3949K(88512K) Eden: 78720K(78720K)->0K(78720K) From: 2602K(9792K)->3949K(9792K)
[2025-12-25T04:32:55.604+0000][631.244s][info][gc,heap        ] GC(956) Tenured: 160160K(196608K)->160161K(196608K)
[2025-12-25T04:32:55.604+0000][631.244s][info][gc,metaspace   ] GC(956) Metaspace: 97798K(99264K)->97798K(99264K) NonClass: 84772K(85440K)->84772K(85440K) Class: 13026K(13824K)->13026K(13824K)
[2025-12-25T04:32:55.604+0000][631.244s][info][gc             ] GC(956) Pause Young (Allocation Failure) 235M->160M(278M) 10.580ms
[2025-12-25T04:32:55.605+0000][631.245s][info][gc,cpu         ] GC(956) User=0.01s Sys=0.00s Real=0.02s
[2025-12-25T04:32:55.704+0000][631.344s][info][gc,start       ] GC(957) Pause Young (Allocation Failure)
[2025-12-25T04:32:55.717+0000][631.357s][info][gc,heap        ] GC(957) DefNew: 82669K(88512K)->2860K(88512K) Eden: 78720K(78720K)->0K(78720K) From: 3949K(9792K)->2860K(9792K)
[2025-12-25T04:32:55.718+0000][631.358s][info][gc,heap        ] GC(957) Tenured: 160161K(196608K)->160172K(196608K)
[2025-12-25T04:32:55.719+0000][631.359s][info][gc,metaspace   ] GC(957) Metaspace: 97798K(99264K)->97798K(99264K) NonClass: 84772K(85440K)->84772K(85440K) Class: 13026K(13824K)->13026K(13824K)
[2025-12-25T04:32:55.723+0000][631.363s][info][gc             ] GC(957) Pause Young (Allocation Failure) 237M->159M(278M) 19.420ms
[2025-12-25T04:32:55.724+0000][631.364s][info][gc,cpu         ] GC(957) User=0.00s Sys=0.00s Real=0.02s
[2025-12-25T04:32:55.836+0000][631.476s][info][gc,start       ] GC(958) Pause Young (Allocation Failure)
[2025-12-25T04:32:55.842+0000][631.482s][info][gc,heap        ] GC(958) DefNew: 81580K(88512K)->2645K(88512K) Eden: 78720K(78720K)->0K(78720K) From: 2860K(9792K)->2645K(9792K)
[2025-12-25T04:32:55.843+0000][631.482s][info][gc,heap        ] GC(958) Tenured: 160172K(196608K)->160817K(196608K)
[2025-12-25T04:32:55.843+0000][631.483s][info][gc,metaspace   ] GC(958) Metaspace: 97798K(99264K)->97798K(99264K) NonClass: 84772K(85440K)->84772K(85440K) Class: 13026K(13824K)->13026K(13824K)
[2025-12-25T04:32:55.843+0000][631.483s][info][gc             ] GC(958) Pause Young (Allocation Failure) 236M->159M(278M) 6.760ms
[2025-12-25T04:32:55.843+0000][631.483s][info][gc,cpu         ] GC(958) User=0.01s Sys=0.00s Real=0.00s
[2025-12-25T04:32:55.965+0000][631.605s][info][gc,start       ] GC(959) Pause Young (Allocation Failure)
[2025-12-25T04:32:55.972+0000][631.612s][info][gc,heap        ] GC(959) DefNew: 81365K(88512K)->2894K(88512K) Eden: 78720K(78720K)->0K(78720K) From: 2645K(9792K)->2894K(9792K)
[2025-12-25T04:32:55.972+0000][631.612s][info][gc,heap        ] GC(959) Tenured: 160817K(196608K)->160818K(196608K)
[2025-12-25T04:32:55.973+0000][631.613s][info][gc,metaspace   ] GC(959) Metaspace: 97798K(99264K)->97798K(99264K) NonClass: 84772K(85440K)->84772K(85440K) Class: 13026K(13824K)->13026K(13824K)
[2025-12-25T04:32:55.973+0000][631.613s][info][gc             ] GC(959) Pause Young (Allocation Failure) 236M->159M(278M) 7.424ms
[2025-12-25T04:32:55.974+0000][631.614s][info][gc,cpu         ] GC(959) User=0.00s Sys=0.00s Real=0.00s
[2025-12-25T04:32:56.140+0000][631.780s][info][gc,start       ] GC(960) Pause Young (Allocation Failure)
[2025-12-25T04:32:56.144+0000][631.784s][info][gc,heap        ] GC(960) DefNew: 81614K(88512K)->3115K(88512K) Eden: 78720K(78720K)->0K(78720K) From: 2894K(9792K)->3115K(9792K)
[2025-12-25T04:32:56.145+0000][631.785s][info][gc,heap        ] GC(960) Tenured: 160818K(196608K)->160819K(196608K)
[2025-12-25T04:32:56.146+0000][631.786s][info][gc,metaspace   ] GC(960) Metaspace: 97798K(99264K)->97798K(99264K) NonClass: 84772K(85440K)->84772K(85440K) Class: 13026K(13824K)->13026K(13824K)
[2025-12-25T04:32:56.146+0000][631.786s][info][gc             ] GC(960) Pause Young (Allocation Failure) 236M->160M(278M) 6.303ms
[2025-12-25T04:32:56.147+0000][631.787s][info][gc,cpu         ] GC(960) User=0.01s Sys=0.00s Real=0.01s
[2025-12-25T04:32:56.316+0000][631.956s][info][gc,start       ] GC(961) Pause Young (Allocation Failure)
[2025-12-25T04:32:56.321+0000][631.961s][info][gc,heap        ] GC(961) DefNew: 81835K(88512K)->3017K(88512K) Eden: 78720K(78720K)->0K(78720K) From: 3115K(9792K)->3017K(9792K)
[2025-12-25T04:32:56.323+0000][631.963s][info][gc,heap        ] GC(961) Tenured: 160819K(196608K)->160819K(196608K)
[2025-12-25T04:32:56.324+0000][631.964s][info][gc,metaspace   ] GC(961) Metaspace: 97798K(99264K)->97798K(99264K) NonClass: 84772K(85440K)->84772K(85440K) Class: 13026K(13824K)->13026K(13824K)
[2025-12-25T04:32:56.325+0000][631.965s][info][gc             ] GC(961) Pause Young (Allocation Failure) 236M->159M(278M) 8.758ms
[2025-12-25T04:32:56.326+0000][631.966s][info][gc,cpu         ] GC(961) User=0.01s Sys=0.00s Real=0.01s
[2025-12-25T04:32:56.486+0000][632.125s][info][gc,start       ] GC(962) Pause Young (Allocation Failure)
[2025-12-25T04:32:56.495+0000][632.135s][info][gc,heap        ] GC(962) DefNew: 81737K(88512K)->2546K(88512K) Eden: 78720K(78720K)->0K(78720K) From: 3017K(9792K)->2546K(9792K)
[2025-12-25T04:32:56.497+0000][632.137s][info][gc,heap        ] GC(962) Tenured: 160819K(196608K)->160819K(196608K)
[2025-12-25T04:32:56.498+0000][632.138s][info][gc,metaspace   ] GC(962) Metaspace: 97798K(99264K)->97798K(99264K) NonClass: 84772K(85440K)->84772K(85440K) Class: 13026K(13824K)->13026K(13824K)
[2025-12-25T04:32:56.498+0000][632.138s][info][gc             ] GC(962) Pause Young (Allocation Failure) 236M->159M(278M) 12.435ms
[2025-12-25T04:32:56.498+0000][632.138s][info][gc,cpu         ] GC(962) User=0.01s Sys=0.00s Real=0.01s
[2025-12-25T04:32:56.591+0000][632.231s][info][gc,start       ] GC(963) Pause Young (Allocation Failure)
[2025-12-25T04:32:56.602+0000][632.242s][info][gc,heap        ] GC(963) DefNew: 81266K(88512K)->4017K(88512K) Eden: 78720K(78720K)->0K(78720K) From: 2546K(9792K)->4017K(9792K)
[2025-12-25T04:32:56.607+0000][632.247s][info][gc,heap        ] GC(963) Tenured: 160819K(196608K)->160827K(196608K)
[2025-12-25T04:32:56.607+0000][632.247s][info][gc,metaspace   ] GC(963) Metaspace: 97798K(99264K)->97798K(99264K) NonClass: 84772K(85440K)->84772K(85440K) Class: 13026K(13824K)->13026K(13824K)
[2025-12-25T04:32:56.608+0000][632.248s][info][gc             ] GC(963) Pause Young (Allocation Failure) 236M->160M(278M) 16.659ms
[2025-12-25T04:32:56.608+0000][632.248s][info][gc,cpu         ] GC(963) User=0.00s Sys=0.00s Real=0.02s
[2025-12-25T04:32:56.796+0000][632.436s][info][gc,start       ] GC(964) Pause Young (Allocation Failure)
[2025-12-25T04:32:56.818+0000][632.458s][info][gc,heap        ] GC(964) DefNew: 82737K(88512K)->3092K(88512K) Eden: 78720K(78720K)->0K(78720K) From: 4017K(9792K)->3092K(9792K)
[2025-12-25T04:32:56.819+0000][632.459s][info][gc,heap        ] GC(964) Tenured: 160827K(196608K)->160831K(196608K)
[2025-12-25T04:32:56.819+0000][632.459s][info][gc,metaspace   ] GC(964) Metaspace: 97798K(99264K)->97798K(99264K) NonClass: 84772K(85440K)->84772K(85440K) Class: 13026K(13824K)->13026K(13824K)
[2025-12-25T04:32:56.820+0000][632.460s][info][gc             ] GC(964) Pause Young (Allocation Failure) 237M->160M(278M) 23.599ms
[2025-12-25T04:32:56.821+0000][632.461s][info][gc,cpu         ] GC(964) User=0.01s Sys=0.00s Real=0.02s
[2025-12-25T04:32:56.938+0000][632.578s][info][gc,start       ] GC(965) Pause Young (Allocation Failure)
[2025-12-25T04:32:56.947+0000][632.587s][info][gc,heap        ] GC(965) DefNew: 81812K(88512K)->4429K(88512K) Eden: 78719K(78720K)->0K(78720K) From: 3092K(9792K)->4429K(9792K)
[2025-12-25T04:32:56.947+0000][632.587s][info][gc,heap        ] GC(965) Tenured: 160831K(196608K)->160831K(196608K)
[2025-12-25T04:32:56.948+0000][632.588s][info][gc,metaspace   ] GC(965) Metaspace: 97798K(99264K)->97798K(99264K) NonClass: 84772K(85440K)->84772K(85440K) Class: 13026K(13824K)->13026K(13824K)
[2025-12-25T04:32:56.948+0000][632.588s][info][gc             ] GC(965) Pause Young (Allocation Failure) 236M->161M(278M) 9.707ms
[2025-12-25T04:32:56.948+0000][632.588s][info][gc,cpu         ] GC(965) User=0.00s Sys=0.00s Real=0.01s
[2025-12-25T04:32:57.109+0000][632.749s][info][gc,start       ] GC(966) Pause Young (Allocation Failure)
[2025-12-25T04:32:57.116+0000][632.756s][info][gc,heap        ] GC(966) DefNew: 83149K(88512K)->2770K(88512K) Eden: 78720K(78720K)->0K(78720K) From: 4429K(9792K)->2770K(9792K)
[2025-12-25T04:32:57.117+0000][632.757s][info][gc,heap        ] GC(966) Tenured: 160831K(196608K)->160832K(196608K)
[2025-12-25T04:32:57.118+0000][632.758s][info][gc,metaspace   ] GC(966) Metaspace: 97798K(99264K)->97798K(99264K) NonClass: 84772K(85440K)->84772K(85440K) Class: 13026K(13824K)->13026K(13824K)
[2025-12-25T04:32:57.120+0000][632.760s][info][gc             ] GC(966) Pause Young (Allocation Failure) 238M->159M(278M) 10.576ms
[2025-12-25T04:32:57.121+0000][632.761s][info][gc,cpu         ] GC(966) User=0.01s Sys=0.00s Real=0.01s
[2025-12-25T04:32:57.294+0000][632.934s][info][gc,start       ] GC(967) Pause Young (Allocation Failure)
[2025-12-25T04:32:57.305+0000][632.945s][info][gc,heap        ] GC(967) DefNew: 81490K(88512K)->3518K(88512K) Eden: 78719K(78720K)->0K(78720K) From: 2770K(9792K)->3518K(9792K)
[2025-12-25T04:32:57.305+0000][632.945s][info][gc,heap        ] GC(967) Tenured: 160832K(196608K)->160832K(196608K)
[2025-12-25T04:32:57.305+0000][632.945s][info][gc,metaspace   ] GC(967) Metaspace: 97799K(99264K)->97799K(99264K) NonClass: 84773K(85440K)->84773K(85440K) Class: 13026K(13824K)->13026K(13824K)
[2025-12-25T04:32:57.306+0000][632.946s][info][gc             ] GC(967) Pause Young (Allocation Failure) 236M->160M(278M) 11.830ms
[2025-12-25T04:32:57.307+0000][632.947s][info][gc,cpu         ] GC(967) User=0.00s Sys=0.01s Real=0.02s
[2025-12-25T04:32:57.432+0000][633.072s][info][gc,start       ] GC(968) Pause Young (Allocation Failure)
[2025-12-25T04:32:57.439+0000][633.079s][info][gc,heap        ] GC(968) DefNew: 82238K(88512K)->3879K(88512K) Eden: 78720K(78720K)->0K(78720K) From: 3518K(9792K)->3879K(9792K)
[2025-12-25T04:32:57.440+0000][633.080s][info][gc,heap        ] GC(968) Tenured: 160832K(196608K)->160832K(196608K)
[2025-12-25T04:32:57.441+0000][633.081s][info][gc,metaspace   ] GC(968) Metaspace: 97799K(99264K)->97799K(99264K) NonClass: 84773K(85440K)->84773K(85440K) Class: 13026K(13824K)->13026K(13824K)
[2025-12-25T04:32:57.441+0000][633.081s][info][gc             ] GC(968) Pause Young (Allocation Failure) 237M->160M(278M) 9.386ms
[2025-12-25T04:32:57.442+0000][633.082s][info][gc,cpu         ] GC(968) User=0.01s Sys=0.00s Real=0.01s
[2025-12-25T04:32:57.585+0000][633.224s][info][gc,start       ] GC(969) Pause Young (Allocation Failure)
[2025-12-25T04:32:57.592+0000][633.232s][info][gc,heap        ] GC(969) DefNew: 82599K(88512K)->3116K(88512K) Eden: 78720K(78720K)->0K(78720K) From: 3879K(9792K)->3116K(9792K)
[2025-12-25T04:32:57.592+0000][633.232s][info][gc,heap        ] GC(969) Tenured: 160832K(196608K)->160833K(196608K)
[2025-12-25T04:32:57.592+0000][633.232s][info][gc,metaspace   ] GC(969) Metaspace: 97799K(99264K)->97799K(99264K) NonClass: 84773K(85440K)->84773K(85440K) Class: 13026K(13824K)->13026K(13824K)
[2025-12-25T04:32:57.593+0000][633.233s][info][gc             ] GC(969) Pause Young (Allocation Failure) 237M->160M(278M) 8.152ms
[2025-12-25T04:32:57.594+0000][633.234s][info][gc,cpu         ] GC(969) User=0.01s Sys=0.01s Real=0.00s
[2025-12-25T04:32:57.703+0000][633.343s][info][gc,start       ] GC(970) Pause Young (Allocation Failure)
[2025-12-25T04:32:57.709+0000][633.349s][info][gc,heap        ] GC(970) DefNew: 81836K(88512K)->2974K(88512K) Eden: 78720K(78720K)->0K(78720K) From: 3116K(9792K)->2974K(9792K)
[2025-12-25T04:32:57.711+0000][633.351s][info][gc,heap        ] GC(970) Tenured: 160833K(196608K)->160841K(196608K)
[2025-12-25T04:32:57.711+0000][633.351s][info][gc,metaspace   ] GC(970) Metaspace: 97799K(99264K)->97799K(99264K) NonClass: 84773K(85440K)->84773K(85440K) Class: 13026K(13824K)->13026K(13824K)
[2025-12-25T04:32:57.714+0000][633.354s][info][gc             ] GC(970) Pause Young (Allocation Failure) 236M->159M(278M) 10.568ms
[2025-12-25T04:32:57.715+0000][633.355s][info][gc,cpu         ] GC(970) User=0.01s Sys=0.00s Real=0.02s
[2025-12-25T04:32:57.839+0000][633.479s][info][gc,start       ] GC(971) Pause Young (Allocation Failure)
[2025-12-25T04:32:57.851+0000][633.491s][info][gc,heap        ] GC(971) DefNew: 81694K(88512K)->3228K(88512K) Eden: 78720K(78720K)->0K(78720K) From: 2974K(9792K)->3228K(9792K)
[2025-12-25T04:32:57.851+0000][633.491s][info][gc,heap        ] GC(971) Tenured: 160841K(196608K)->160953K(196608K)
[2025-12-25T04:32:57.851+0000][633.491s][info][gc,metaspace   ] GC(971) Metaspace: 97799K(99264K)->97799K(99264K) NonClass: 84773K(85440K)->84773K(85440K) Class: 13026K(13824K)->13026K(13824K)
[2025-12-25T04:32:57.852+0000][633.492s][info][gc             ] GC(971) Pause Young (Allocation Failure) 236M->160M(278M) 12.831ms
[2025-12-25T04:32:57.853+0000][633.493s][info][gc,cpu         ] GC(971) User=0.01s Sys=0.00s Real=0.01s
[2025-12-25T04:32:58.010+0000][633.650s][info][gc,start       ] GC(972) Pause Young (Allocation Failure)
[2025-12-25T04:32:58.026+0000][633.666s][info][gc,heap        ] GC(972) DefNew: 81948K(88512K)->4020K(88512K) Eden: 78720K(78720K)->0K(78720K) From: 3228K(9792K)->4020K(9792K)
[2025-12-25T04:32:58.028+0000][633.668s][info][gc,heap        ] GC(972) Tenured: 160953K(196608K)->160969K(196608K)
[2025-12-25T04:32:58.029+0000][633.669s][info][gc,metaspace   ] GC(972) Metaspace: 97799K(99264K)->97799K(99264K) NonClass: 84773K(85440K)->84773K(85440K) Class: 13026K(13824K)->13026K(13824K)
[2025-12-25T04:32:58.030+0000][633.670s][info][gc             ] GC(972) Pause Young (Allocation Failure) 237M->161M(278M) 19.288ms
[2025-12-25T04:32:58.030+0000][633.670s][info][gc,cpu         ] GC(972) User=0.01s Sys=0.00s Real=0.02s
[2025-12-25T04:32:58.210+0000][633.850s][info][gc,start       ] GC(973) Pause Young (Allocation Failure)
[2025-12-25T04:32:58.217+0000][633.857s][info][gc,heap        ] GC(973) DefNew: 82740K(88512K)->2757K(88512K) Eden: 78720K(78720K)->0K(78720K) From: 4020K(9792K)->2757K(9792K)
[2025-12-25T04:32:58.218+0000][633.858s][info][gc,heap        ] GC(973) Tenured: 160969K(196608K)->161258K(196608K)
[2025-12-25T04:32:58.219+0000][633.859s][info][gc,metaspace   ] GC(973) Metaspace: 97799K(99264K)->97799K(99264K) NonClass: 84773K(85440K)->84773K(85440K) Class: 13026K(13824K)->13026K(13824K)
[2025-12-25T04:32:58.219+0000][633.859s][info][gc             ] GC(973) Pause Young (Allocation Failure) 237M->160M(278M) 9.268ms
[2025-12-25T04:32:58.220+0000][633.860s][info][gc,cpu         ] GC(973) User=0.00s Sys=0.00s Real=0.01s
[2025-12-25T04:32:58.417+0000][634.057s][info][gc,start       ] GC(974) Pause Young (Allocation Failure)
[2025-12-25T04:32:58.427+0000][634.067s][info][gc,heap        ] GC(974) DefNew: 81477K(88512K)->4172K(88512K) Eden: 78720K(78720K)->0K(78720K) From: 2757K(9792K)->4172K(9792K)
[2025-12-25T04:32:58.428+0000][634.068s][info][gc,heap        ] GC(974) Tenured: 161258K(196608K)->161275K(196608K)
[2025-12-25T04:32:58.428+0000][634.068s][info][gc,metaspace   ] GC(974) Metaspace: 97799K(99264K)->97799K(99264K) NonClass: 84773K(85440K)->84773K(85440K) Class: 13026K(13824K)->13026K(13824K)
[2025-12-25T04:32:58.428+0000][634.068s][info][gc             ] GC(974) Pause Young (Allocation Failure) 237M->161M(278M) 11.410ms
[2025-12-25T04:32:58.428+0000][634.068s][info][gc,cpu         ] GC(974) User=0.01s Sys=0.00s Real=0.01s
[2025-12-25T04:32:58.577+0000][634.217s][info][gc,start       ] GC(975) Pause Young (Allocation Failure)
[2025-12-25T04:32:58.588+0000][634.228s][info][gc,heap        ] GC(975) DefNew: 82892K(88512K)->4690K(88512K) Eden: 78720K(78720K)->0K(78720K) From: 4172K(9792K)->4690K(9792K)
[2025-12-25T04:32:58.589+0000][634.229s][info][gc,heap        ] GC(975) Tenured: 161275K(196608K)->161275K(196608K)
[2025-12-25T04:32:58.590+0000][634.230s][info][gc,metaspace   ] GC(975) Metaspace: 97799K(99264K)->97799K(99264K) NonClass: 84773K(85440K)->84773K(85440K) Class: 13026K(13824K)->13026K(13824K)
[2025-12-25T04:32:58.590+0000][634.230s][info][gc             ] GC(975) Pause Young (Allocation Failure) 238M->162M(278M) 13.150ms
[2025-12-25T04:32:58.591+0000][634.231s][info][gc,cpu         ] GC(975) User=0.00s Sys=0.01s Real=0.01s
[2025-12-25T04:32:58.722+0000][634.362s][info][gc,start       ] GC(976) Pause Young (Allocation Failure)
[2025-12-25T04:32:58.733+0000][634.373s][info][gc,heap        ] GC(976) DefNew: 83410K(88512K)->3955K(88512K) Eden: 78720K(78720K)->0K(78720K) From: 4690K(9792K)->3955K(9792K)
[2025-12-25T04:32:58.733+0000][634.373s][info][gc,heap        ] GC(976) Tenured: 161275K(196608K)->161282K(196608K)
[2025-12-25T04:32:58.733+0000][634.373s][info][gc,metaspace   ] GC(976) Metaspace: 97799K(99264K)->97799K(99264K) NonClass: 84773K(85440K)->84773K(85440K) Class: 13026K(13824K)->13026K(13824K)
[2025-12-25T04:32:58.733+0000][634.373s][info][gc             ] GC(976) Pause Young (Allocation Failure) 238M->161M(278M) 11.683ms
[2025-12-25T04:32:58.733+0000][634.373s][info][gc,cpu         ] GC(976) User=0.02s Sys=0.00s Real=0.01s
[2025-12-25T04:32:58.853+0000][634.493s][info][gc,start       ] GC(977) Pause Young (Allocation Failure)
[2025-12-25T04:32:58.874+0000][634.514s][info][gc,heap        ] GC(977) DefNew: 82675K(88512K)->4242K(88512K) Eden: 78720K(78720K)->0K(78720K) From: 3955K(9792K)->4242K(9792K)
[2025-12-25T04:32:58.877+0000][634.517s][info][gc,heap        ] GC(977) Tenured: 161282K(196608K)->161282K(196608K)
[2025-12-25T04:32:58.877+0000][634.517s][info][gc,metaspace   ] GC(977) Metaspace: 97799K(99264K)->97799K(99264K) NonClass: 84773K(85440K)->84773K(85440K) Class: 13026K(13824K)->13026K(13824K)
[2025-12-25T04:32:58.877+0000][634.517s][info][gc             ] GC(977) Pause Young (Allocation Failure) 238M->161M(278M) 24.280ms
[2025-12-25T04:32:58.877+0000][634.517s][info][gc,cpu         ] GC(977) User=0.00s Sys=0.01s Real=0.03s
[2025-12-25T04:32:58.984+0000][634.624s][info][gc,start       ] GC(978) Pause Young (Allocation Failure)
[2025-12-25T04:32:58.993+0000][634.633s][info][gc,heap        ] GC(978) DefNew: 82962K(88512K)->3777K(88512K) Eden: 78720K(78720K)->0K(78720K) From: 4242K(9792K)->3777K(9792K)
[2025-12-25T04:32:58.994+0000][634.634s][info][gc,heap        ] GC(978) Tenured: 161282K(196608K)->161287K(196608K)
[2025-12-25T04:32:58.996+0000][634.636s][info][gc,metaspace   ] GC(978) Metaspace: 97799K(99264K)->97799K(99264K) NonClass: 84773K(85440K)->84773K(85440K) Class: 13026K(13824K)->13026K(13824K)
[2025-12-25T04:32:58.996+0000][634.636s][info][gc             ] GC(978) Pause Young (Allocation Failure) 238M->161M(278M) 12.032ms
[2025-12-25T04:32:58.997+0000][634.637s][info][gc,cpu         ] GC(978) User=0.01s Sys=0.00s Real=0.01s
[2025-12-25T04:32:59.141+0000][634.781s][info][gc,start       ] GC(979) Pause Young (Allocation Failure)
[2025-12-25T04:32:59.147+0000][634.787s][info][gc,heap        ] GC(979) DefNew: 82497K(88512K)->3529K(88512K) Eden: 78720K(78720K)->0K(78720K) From: 3777K(9792K)->3529K(9792K)
[2025-12-25T04:32:59.147+0000][634.787s][info][gc,heap        ] GC(979) Tenured: 161287K(196608K)->161292K(196608K)
[2025-12-25T04:32:59.148+0000][634.788s][info][gc,metaspace   ] GC(979) Metaspace: 97799K(99264K)->97799K(99264K) NonClass: 84773K(85440K)->84773K(85440K) Class: 13026K(13824K)->13026K(13824K)
[2025-12-25T04:32:59.148+0000][634.788s][info][gc             ] GC(979) Pause Young (Allocation Failure) 238M->160M(278M) 6.451ms
[2025-12-25T04:32:59.148+0000][634.788s][info][gc,cpu         ] GC(979) User=0.01s Sys=0.00s Real=0.01s
[2025-12-25T04:32:59.268+0000][634.908s][info][gc,start       ] GC(980) Pause Young (Allocation Failure)
[2025-12-25T04:32:59.274+0000][634.914s][info][gc,heap        ] GC(980) DefNew: 82249K(88512K)->4305K(88512K) Eden: 78720K(78720K)->0K(78720K) From: 3529K(9792K)->4305K(9792K)
[2025-12-25T04:32:59.274+0000][634.914s][info][gc,heap        ] GC(980) Tenured: 161292K(196608K)->161292K(196608K)
[2025-12-25T04:32:59.275+0000][634.915s][info][gc,metaspace   ] GC(980) Metaspace: 97799K(99264K)->97799K(99264K) NonClass: 84773K(85440K)->84773K(85440K) Class: 13026K(13824K)->13026K(13824K)
[2025-12-25T04:32:59.275+0000][634.915s][info][gc             ] GC(980) Pause Young (Allocation Failure) 237M->161M(278M) 7.534ms
[2025-12-25T04:32:59.276+0000][634.916s][info][gc,cpu         ] GC(980) User=0.00s Sys=0.00s Real=0.01s
[2025-12-25T04:32:59.479+0000][635.119s][info][gc,start       ] GC(981) Pause Young (Allocation Failure)
[2025-12-25T04:32:59.485+0000][635.125s][info][gc,heap        ] GC(981) DefNew: 83025K(88512K)->3409K(88512K) Eden: 78720K(78720K)->0K(78720K) From: 4305K(9792K)->3409K(9792K)
[2025-12-25T04:32:59.485+0000][635.125s][info][gc,heap        ] GC(981) Tenured: 161292K(196608K)->161305K(196608K)
[2025-12-25T04:32:59.485+0000][635.125s][info][gc,metaspace   ] GC(981) Metaspace: 97800K(99264K)->97800K(99264K) NonClass: 84774K(85440K)->84774K(85440K) Class: 13026K(13824K)->13026K(13824K)
[2025-12-25T04:32:59.485+0000][635.125s][info][gc             ] GC(981) Pause Young (Allocation Failure) 238M->160M(278M) 6.212ms
[2025-12-25T04:32:59.486+0000][635.126s][info][gc,cpu         ] GC(981) User=0.00s Sys=0.00s Real=0.01s
[2025-12-25T04:32:59.652+0000][635.292s][info][gc,start       ] GC(982) Pause Young (Allocation Failure)
[2025-12-25T04:32:59.657+0000][635.297s][info][gc,heap        ] GC(982) DefNew: 82129K(88512K)->3778K(88512K) Eden: 78720K(78720K)->0K(78720K) From: 3409K(9792K)->3778K(9792K)
[2025-12-25T04:32:59.657+0000][635.297s][info][gc,heap        ] GC(982) Tenured: 161305K(196608K)->161328K(196608K)
[2025-12-25T04:32:59.657+0000][635.297s][info][gc,metaspace   ] GC(982) Metaspace: 97800K(99264K)->97800K(99264K) NonClass: 84774K(85440K)->84774K(85440K) Class: 13026K(13824K)->13026K(13824K)
[2025-12-25T04:32:59.657+0000][635.297s][info][gc             ] GC(982) Pause Young (Allocation Failure) 237M->161M(278M) 5.274ms
[2025-12-25T04:32:59.657+0000][635.297s][info][gc,cpu         ] GC(982) User=0.00s Sys=0.00s Real=0.01s
[2025-12-25T04:32:59.797+0000][635.437s][info][gc,start       ] GC(983) Pause Young (Allocation Failure)
[2025-12-25T04:32:59.809+0000][635.449s][info][gc,heap        ] GC(983) DefNew: 81544K(88512K)->3280K(88512K) Eden: 77765K(78720K)->0K(78720K) From: 3778K(9792K)->3280K(9792K)
[2025-12-25T04:32:59.810+0000][635.450s][info][gc,heap        ] GC(983) Tenured: 161328K(196608K)->161843K(196608K)
[2025-12-25T04:32:59.810+0000][635.450s][info][gc,metaspace   ] GC(983) Metaspace: 97800K(99264K)->97800K(99264K) NonClass: 84774K(85440K)->84774K(85440K) Class: 13026K(13824K)->13026K(13824K)
[2025-12-25T04:32:59.811+0000][635.451s][info][gc             ] GC(983) Pause Young (Allocation Failure) 237M->161M(278M) 13.460ms
[2025-12-25T04:32:59.812+0000][635.451s][info][gc,cpu         ] GC(983) User=0.01s Sys=0.00s Real=0.01s
[2025-12-25T04:32:59.949+0000][635.589s][info][gc,start       ] GC(984) Pause Young (Allocation Failure)
[2025-12-25T04:32:59.959+0000][635.599s][info][gc,heap        ] GC(984) DefNew: 82000K(88512K)->3335K(88512K) Eden: 78720K(78720K)->0K(78720K) From: 3280K(9792K)->3335K(9792K)
[2025-12-25T04:32:59.963+0000][635.603s][info][gc,heap        ] GC(984) Tenured: 161843K(196608K)->161843K(196608K)
[2025-12-25T04:32:59.964+0000][635.604s][info][gc,metaspace   ] GC(984) Metaspace: 97800K(99264K)->97800K(99264K) NonClass: 84774K(85440K)->84774K(85440K) Class: 13026K(13824K)->13026K(13824K)
[2025-12-25T04:32:59.965+0000][635.605s][info][gc             ] GC(984) Pause Young (Allocation Failure) 238M->161M(278M) 15.747ms
[2025-12-25T04:32:59.966+0000][635.606s][info][gc,cpu         ] GC(984) User=0.00s Sys=0.00s Real=0.02s
[2025-12-25T04:33:00.105+0000][635.745s][info][gc,start       ] GC(985) Pause Young (Allocation Failure)
[2025-12-25T04:33:00.116+0000][635.756s][info][gc,heap        ] GC(985) DefNew: 82055K(88512K)->3580K(88512K) Eden: 78720K(78720K)->0K(78720K) From: 3335K(9792K)->3580K(9792K)
[2025-12-25T04:33:00.120+0000][635.760s][info][gc,heap        ] GC(985) Tenured: 161843K(196608K)->161843K(196608K)
[2025-12-25T04:33:00.120+0000][635.760s][info][gc,metaspace   ] GC(985) Metaspace: 97800K(99264K)->97800K(99264K) NonClass: 84774K(85440K)->84774K(85440K) Class: 13026K(13824K)->13026K(13824K)
[2025-12-25T04:33:00.122+0000][635.762s][info][gc             ] GC(985) Pause Young (Allocation Failure) 238M->161M(278M) 16.909ms
[2025-12-25T04:33:00.123+0000][635.763s][info][gc,cpu         ] GC(985) User=0.01s Sys=0.00s Real=0.01s
[2025-12-25T04:33:00.284+0000][635.924s][info][gc,start       ] GC(986) Pause Young (Allocation Failure)
[2025-12-25T04:33:00.292+0000][635.932s][info][gc,heap        ] GC(986) DefNew: 82300K(88512K)->3585K(88512K) Eden: 78720K(78720K)->0K(78720K) From: 3580K(9792K)->3585K(9792K)
[2025-12-25T04:33:00.293+0000][635.933s][info][gc,heap        ] GC(986) Tenured: 161843K(196608K)->161843K(196608K)
[2025-12-25T04:33:00.293+0000][635.933s][info][gc,metaspace   ] GC(986) Metaspace: 97800K(99264K)->97800K(99264K) NonClass: 84774K(85440K)->84774K(85440K) Class: 13026K(13824K)->13026K(13824K)
[2025-12-25T04:33:00.293+0000][635.933s][info][gc             ] GC(986) Pause Young (Allocation Failure) 238M->161M(278M) 9.441ms
[2025-12-25T04:33:00.293+0000][635.933s][info][gc,cpu         ] GC(986) User=0.01s Sys=0.00s Real=0.01s
[2025-12-25T04:33:00.423+0000][636.063s][info][gc,start       ] GC(987) Pause Young (Allocation Failure)
[2025-12-25T04:33:00.430+0000][636.070s][info][gc,heap        ] GC(987) DefNew: 82305K(88512K)->4058K(88512K) Eden: 78720K(78720K)->0K(78720K) From: 3585K(9792K)->4058K(9792K)
[2025-12-25T04:33:00.430+0000][636.070s][info][gc,heap        ] GC(987) Tenured: 161843K(196608K)->161843K(196608K)
[2025-12-25T04:33:00.431+0000][636.071s][info][gc,metaspace   ] GC(987) Metaspace: 97800K(99264K)->97800K(99264K) NonClass: 84774K(85440K)->84774K(85440K) Class: 13026K(13824K)->13026K(13824K)
[2025-12-25T04:33:00.431+0000][636.071s][info][gc             ] GC(987) Pause Young (Allocation Failure) 238M->162M(278M) 7.996ms
[2025-12-25T04:33:00.431+0000][636.071s][info][gc,cpu         ] GC(987) User=0.01s Sys=0.00s Real=0.01s
[2025-12-25T04:33:00.559+0000][636.199s][info][gc,start       ] GC(988) Pause Young (Allocation Failure)
[2025-12-25T04:33:00.576+0000][636.216s][info][gc,heap        ] GC(988) DefNew: 82778K(88512K)->3360K(88512K) Eden: 78720K(78720K)->0K(78720K) From: 4058K(9792K)->3360K(9792K)
[2025-12-25T04:33:00.579+0000][636.219s][info][gc,heap        ] GC(988) Tenured: 161843K(196608K)->161844K(196608K)
[2025-12-25T04:33:00.579+0000][636.219s][info][gc,metaspace   ] GC(988) Metaspace: 97800K(99264K)->97800K(99264K) NonClass: 84774K(85440K)->84774K(85440K) Class: 13026K(13824K)->13026K(13824K)
[2025-12-25T04:33:00.580+0000][636.219s][info][gc             ] GC(988) Pause Young (Allocation Failure) 238M->161M(278M) 20.535ms
[2025-12-25T04:33:00.580+0000][636.220s][info][gc,cpu         ] GC(988) User=0.01s Sys=0.00s Real=0.02s
[2025-12-25T04:33:00.713+0000][636.353s][info][gc,start       ] GC(989) Pause Young (Allocation Failure)
[2025-12-25T04:33:00.723+0000][636.363s][info][gc,heap        ] GC(989) DefNew: 82080K(88512K)->3104K(88512K) Eden: 78720K(78720K)->0K(78720K) From: 3360K(9792K)->3104K(9792K)
[2025-12-25T04:33:00.723+0000][636.363s][info][gc,heap        ] GC(989) Tenured: 161844K(196608K)->162777K(196608K)
[2025-12-25T04:33:00.724+0000][636.364s][info][gc,metaspace   ] GC(989) Metaspace: 97800K(99264K)->97800K(99264K) NonClass: 84774K(85440K)->84774K(85440K) Class: 13026K(13824K)->13026K(13824K)
[2025-12-25T04:33:00.724+0000][636.364s][info][gc             ] GC(989) Pause Young (Allocation Failure) 238M->161M(278M) 11.196ms
[2025-12-25T04:33:00.725+0000][636.365s][info][gc,cpu         ] GC(989) User=0.01s Sys=0.00s Real=0.02s
[2025-12-25T04:33:00.845+0000][636.485s][info][gc,start       ] GC(990) Pause Young (Allocation Failure)
[2025-12-25T04:33:00.852+0000][636.492s][info][gc,heap        ] GC(990) DefNew: 81824K(88512K)->3029K(88512K) Eden: 78720K(78720K)->0K(78720K) From: 3104K(9792K)->3029K(9792K)
[2025-12-25T04:33:00.853+0000][636.493s][info][gc,heap        ] GC(990) Tenured: 162777K(196608K)->162869K(196608K)
[2025-12-25T04:33:00.853+0000][636.493s][info][gc,metaspace   ] GC(990) Metaspace: 97800K(99264K)->97800K(99264K) NonClass: 84774K(85440K)->84774K(85440K) Class: 13026K(13824K)->13026K(13824K)
[2025-12-25T04:33:00.853+0000][636.493s][info][gc             ] GC(990) Pause Young (Allocation Failure) 238M->162M(278M) 8.154ms
[2025-12-25T04:33:00.854+0000][636.494s][info][gc,cpu         ] GC(990) User=0.00s Sys=0.00s Real=0.00s
[2025-12-25T04:33:00.987+0000][636.627s][info][gc,start       ] GC(991) Pause Young (Allocation Failure)
[2025-12-25T04:33:00.994+0000][636.634s][info][gc,heap        ] GC(991) DefNew: 81749K(88512K)->2578K(88512K) Eden: 78719K(78720K)->0K(78720K) From: 3029K(9792K)->2578K(9792K)
[2025-12-25T04:33:00.994+0000][636.634s][info][gc,heap        ] GC(991) Tenured: 162869K(196608K)->163433K(196608K)
[2025-12-25T04:33:00.995+0000][636.635s][info][gc,metaspace   ] GC(991) Metaspace: 97800K(99264K)->97800K(99264K) NonClass: 84774K(85440K)->84774K(85440K) Class: 13026K(13824K)->13026K(13824K)
[2025-12-25T04:33:00.995+0000][636.635s][info][gc             ] GC(991) Pause Young (Allocation Failure) 238M->162M(278M) 7.483ms
[2025-12-25T04:33:00.995+0000][636.635s][info][gc,cpu         ] GC(991) User=0.00s Sys=0.00s Real=0.01s
[2025-12-25T04:33:01.142+0000][636.782s][info][gc,start       ] GC(992) Pause Young (Allocation Failure)
[2025-12-25T04:33:01.147+0000][636.787s][info][gc,heap        ] GC(992) DefNew: 81298K(88512K)->2547K(88512K) Eden: 78720K(78720K)->0K(78720K) From: 2578K(9792K)->2547K(9792K)
[2025-12-25T04:33:01.147+0000][636.787s][info][gc,heap        ] GC(992) Tenured: 163433K(196608K)->163435K(196608K)
[2025-12-25T04:33:01.148+0000][636.788s][info][gc,metaspace   ] GC(992) Metaspace: 97800K(99264K)->97800K(99264K) NonClass: 84774K(85440K)->84774K(85440K) Class: 13026K(13824K)->13026K(13824K)
[2025-12-25T04:33:01.148+0000][636.788s][info][gc             ] GC(992) Pause Young (Allocation Failure) 238M->162M(278M) 6.131ms
[2025-12-25T04:33:01.148+0000][636.788s][info][gc,cpu         ] GC(992) User=0.00s Sys=0.00s Real=0.01s
[2025-12-25T04:33:01.304+0000][636.944s][info][gc,start       ] GC(993) Pause Young (Allocation Failure)
[2025-12-25T04:33:01.314+0000][636.954s][info][gc,heap        ] GC(993) DefNew: 81267K(88512K)->2683K(88512K) Eden: 78720K(78720K)->0K(78720K) From: 2547K(9792K)->2683K(9792K)
[2025-12-25T04:33:01.314+0000][636.954s][info][gc,heap        ] GC(993) Tenured: 163435K(196608K)->163435K(196608K)
[2025-12-25T04:33:01.315+0000][636.955s][info][gc,metaspace   ] GC(993) Metaspace: 97800K(99264K)->97800K(99264K) NonClass: 84774K(85440K)->84774K(85440K) Class: 13026K(13824K)->13026K(13824K)
[2025-12-25T04:33:01.316+0000][636.956s][info][gc             ] GC(993) Pause Young (Allocation Failure) 238M->162M(278M) 12.140ms
[2025-12-25T04:33:01.317+0000][636.957s][info][gc,cpu         ] GC(993) User=0.01s Sys=0.00s Real=0.02s
[2025-12-25T04:33:01.485+0000][637.125s][info][gc,start       ] GC(994) Pause Young (Allocation Failure)
[2025-12-25T04:33:01.491+0000][637.130s][info][gc,heap        ] GC(994) DefNew: 81403K(88512K)->2891K(88512K) Eden: 78720K(78720K)->0K(78720K) From: 2683K(9792K)->2891K(9792K)
[2025-12-25T04:33:01.491+0000][637.131s][info][gc,heap        ] GC(994) Tenured: 163435K(196608K)->163435K(196608K)
[2025-12-25T04:33:01.491+0000][637.131s][info][gc,metaspace   ] GC(994) Metaspace: 97800K(99264K)->97800K(99264K) NonClass: 84774K(85440K)->84774K(85440K) Class: 13026K(13824K)->13026K(13824K)
[2025-12-25T04:33:01.491+0000][637.131s][info][gc             ] GC(994) Pause Young (Allocation Failure) 239M->162M(278M) 5.609ms
[2025-12-25T04:33:01.491+0000][637.131s][info][gc,cpu         ] GC(994) User=0.01s Sys=0.00s Real=0.00s
[2025-12-25T04:33:01.629+0000][637.269s][info][gc,start       ] GC(995) Pause Young (Allocation Failure)
[2025-12-25T04:33:01.637+0000][637.277s][info][gc,heap        ] GC(995) DefNew: 81611K(88512K)->1793K(88512K) Eden: 78720K(78720K)->0K(78720K) From: 2891K(9792K)->1793K(9792K)
[2025-12-25T04:33:01.638+0000][637.278s][info][gc,heap        ] GC(995) Tenured: 163435K(196608K)->163435K(196608K)
[2025-12-25T04:33:01.638+0000][637.278s][info][gc,metaspace   ] GC(995) Metaspace: 97800K(99264K)->97800K(99264K) NonClass: 84774K(85440K)->84774K(85440K) Class: 13026K(13824K)->13026K(13824K)
[2025-12-25T04:33:01.639+0000][637.279s][info][gc             ] GC(995) Pause Young (Allocation Failure) 239M->161M(278M) 9.543ms
[2025-12-25T04:33:01.639+0000][637.279s][info][gc,cpu         ] GC(995) User=0.01s Sys=0.00s Real=0.01s
[2025-12-25T04:33:01.793+0000][637.433s][info][gc,start       ] GC(996) Pause Young (Allocation Failure)
[2025-12-25T04:33:01.799+0000][637.439s][info][gc,heap        ] GC(996) DefNew: 80513K(88512K)->2126K(88512K) Eden: 78720K(78720K)->0K(78720K) From: 1793K(9792K)->2126K(9792K)
[2025-12-25T04:33:01.802+0000][637.442s][info][gc,heap        ] GC(996) Tenured: 163435K(196608K)->163436K(196608K)
[2025-12-25T04:33:01.802+0000][637.442s][info][gc,metaspace   ] GC(996) Metaspace: 97800K(99264K)->97800K(99264K) NonClass: 84774K(85440K)->84774K(85440K) Class: 13026K(13824K)->13026K(13824K)
[2025-12-25T04:33:01.803+0000][637.443s][info][gc             ] GC(996) Pause Young (Allocation Failure) 238M->161M(278M) 9.884ms
[2025-12-25T04:33:01.806+0000][637.446s][info][gc,cpu         ] GC(996) User=0.00s Sys=0.00s Real=0.02s
[2025-12-25T04:33:01.942+0000][637.582s][info][gc,start       ] GC(997) Pause Young (Allocation Failure)
[2025-12-25T04:33:01.968+0000][637.608s][info][gc,heap        ] GC(997) DefNew: 80846K(88512K)->3362K(88512K) Eden: 78720K(78720K)->0K(78720K) From: 2126K(9792K)->3362K(9792K)
[2025-12-25T04:33:01.968+0000][637.608s][info][gc,heap        ] GC(997) Tenured: 163436K(196608K)->163436K(196608K)
[2025-12-25T04:33:01.968+0000][637.608s][info][gc,metaspace   ] GC(997) Metaspace: 97800K(99264K)->97800K(99264K) NonClass: 84774K(85440K)->84774K(85440K) Class: 13026K(13824K)->13026K(13824K)
[2025-12-25T04:33:01.969+0000][637.609s][info][gc             ] GC(997) Pause Young (Allocation Failure) 238M->162M(278M) 27.711ms
[2025-12-25T04:33:01.971+0000][637.611s][info][gc,cpu         ] GC(997) User=0.01s Sys=0.00s Real=0.03s
[2025-12-25T04:33:02.187+0000][637.827s][info][gc,start       ] GC(998) Pause Young (Allocation Failure)
[2025-12-25T04:33:02.199+0000][637.839s][info][gc,heap        ] GC(998) DefNew: 82082K(88512K)->3827K(88512K) Eden: 78720K(78720K)->0K(78720K) From: 3362K(9792K)->3827K(9792K)
[2025-12-25T04:33:02.203+0000][637.843s][info][gc,heap        ] GC(998) Tenured: 163436K(196608K)->163436K(196608K)
[2025-12-25T04:33:02.203+0000][637.843s][info][gc,metaspace   ] GC(998) Metaspace: 97817K(99264K)->97817K(99264K) NonClass: 84790K(85440K)->84790K(85440K) Class: 13026K(13824K)->13026K(13824K)
[2025-12-25T04:33:02.203+0000][637.843s][info][gc             ] GC(998) Pause Young (Allocation Failure) 239M->163M(278M) 15.942ms
[2025-12-25T04:33:02.203+0000][637.843s][info][gc,cpu         ] GC(998) User=0.01s Sys=0.00s Real=0.01s
[2025-12-25T04:33:02.324+0000][637.964s][info][gc,start       ] GC(999) Pause Young (Allocation Failure)
[2025-12-25T04:33:02.331+0000][637.971s][info][gc,heap        ] GC(999) DefNew: 82547K(88512K)->3718K(88512K) Eden: 78720K(78720K)->0K(78720K) From: 3827K(9792K)->3718K(9792K)
[2025-12-25T04:33:02.332+0000][637.972s][info][gc,heap        ] GC(999) Tenured: 163436K(196608K)->163444K(196608K)
[2025-12-25T04:33:02.332+0000][637.972s][info][gc,metaspace   ] GC(999) Metaspace: 97817K(99264K)->97817K(99264K) NonClass: 84790K(85440K)->84790K(85440K) Class: 13026K(13824K)->13026K(13824K)
[2025-12-25T04:33:02.332+0000][637.972s][info][gc             ] GC(999) Pause Young (Allocation Failure) 240M->163M(278M) 8.656ms
[2025-12-25T04:33:02.333+0000][637.973s][info][gc,cpu         ] GC(999) User=0.01s Sys=0.00s Real=0.01s
[2025-12-25T04:33:02.446+0000][638.086s][info][gc,start       ] GC(1000) Pause Young (Allocation Failure)
[2025-12-25T04:33:02.456+0000][638.096s][info][gc,heap        ] GC(1000) DefNew: 82438K(88512K)->3277K(88512K) Eden: 78720K(78720K)->0K(78720K) From: 3718K(9792K)->3277K(9792K)
[2025-12-25T04:33:02.457+0000][638.097s][info][gc,heap        ] GC(1000) Tenured: 163444K(196608K)->163460K(196608K)
[2025-12-25T04:33:02.457+0000][638.097s][info][gc,metaspace   ] GC(1000) Metaspace: 97817K(99264K)->97817K(99264K) NonClass: 84790K(85440K)->84790K(85440K) Class: 13026K(13824K)->13026K(13824K)
[2025-12-25T04:33:02.457+0000][638.097s][info][gc             ] GC(1000) Pause Young (Allocation Failure) 240M->162M(278M) 11.439ms
[2025-12-25T04:33:02.458+0000][638.098s][info][gc,cpu         ] GC(1000) User=0.00s Sys=0.00s Real=0.01s
[2025-12-25T04:33:02.568+0000][638.208s][info][gc,start       ] GC(1001) Pause Young (Allocation Failure)
[2025-12-25T04:33:02.573+0000][638.213s][info][gc,heap        ] GC(1001) DefNew: 81997K(88512K)->2364K(88512K) Eden: 78720K(78720K)->0K(78720K) From: 3277K(9792K)->2364K(9792K)
[2025-12-25T04:33:02.574+0000][638.214s][info][gc,heap        ] GC(1001) Tenured: 163460K(196608K)->163621K(196608K)
[2025-12-25T04:33:02.574+0000][638.214s][info][gc,metaspace   ] GC(1001) Metaspace: 97817K(99264K)->97817K(99264K) NonClass: 84790K(85440K)->84790K(85440K) Class: 13026K(13824K)->13026K(13824K)
[2025-12-25T04:33:02.574+0000][638.214s][info][gc             ] GC(1001) Pause Young (Allocation Failure) 239M->162M(278M) 6.009ms
[2025-12-25T04:33:02.574+0000][638.214s][info][gc,cpu         ] GC(1001) User=0.00s Sys=0.00s Real=0.00s
[2025-12-25T04:33:02.701+0000][638.341s][info][gc,start       ] GC(1002) Pause Young (Allocation Failure)
[2025-12-25T04:33:02.707+0000][638.347s][info][gc,heap        ] GC(1002) DefNew: 81084K(88512K)->3297K(88512K) Eden: 78720K(78720K)->0K(78720K) From: 2364K(9792K)->3297K(9792K)
[2025-12-25T04:33:02.707+0000][638.347s][info][gc,heap        ] GC(1002) Tenured: 163621K(196608K)->163669K(196608K)
[2025-12-25T04:33:02.708+0000][638.348s][info][gc,metaspace   ] GC(1002) Metaspace: 97817K(99264K)->97817K(99264K) NonClass: 84790K(85440K)->84790K(85440K) Class: 13026K(13824K)->13026K(13824K)
[2025-12-25T04:33:02.708+0000][638.348s][info][gc             ] GC(1002) Pause Young (Allocation Failure) 238M->163M(278M) 6.596ms
[2025-12-25T04:33:02.709+0000][638.348s][info][gc,cpu         ] GC(1002) User=0.00s Sys=0.00s Real=0.01s
[2025-12-25T04:33:02.849+0000][638.489s][info][gc,start       ] GC(1003) Pause Young (Allocation Failure)
[2025-12-25T04:33:02.854+0000][638.494s][info][gc,heap        ] GC(1003) DefNew: 82017K(88512K)->2924K(88512K) Eden: 78720K(78720K)->0K(78720K) From: 3297K(9792K)->2924K(9792K)
[2025-12-25T04:33:02.854+0000][638.494s][info][gc,heap        ] GC(1003) Tenured: 163669K(196608K)->163669K(196608K)
[2025-12-25T04:33:02.854+0000][638.494s][info][gc,metaspace   ] GC(1003) Metaspace: 97817K(99264K)->97817K(99264K) NonClass: 84790K(85440K)->84790K(85440K) Class: 13026K(13824K)->13026K(13824K)
[2025-12-25T04:33:02.854+0000][638.494s][info][gc             ] GC(1003) Pause Young (Allocation Failure) 239M->162M(278M) 5.630ms
[2025-12-25T04:33:02.854+0000][638.494s][info][gc,cpu         ] GC(1003) User=0.01s Sys=0.00s Real=0.01s
[2025-12-25T04:33:03.008+0000][638.648s][info][gc,start       ] GC(1004) Pause Young (Allocation Failure)
[2025-12-25T04:33:03.020+0000][638.660s][info][gc,heap        ] GC(1004) DefNew: 81644K(88512K)->3579K(88512K) Eden: 78720K(78720K)->0K(78720K) From: 2924K(9792K)->3579K(9792K)
[2025-12-25T04:33:03.025+0000][638.665s][info][gc,heap        ] GC(1004) Tenured: 163669K(196608K)->163669K(196608K)
[2025-12-25T04:33:03.025+0000][638.665s][info][gc,metaspace   ] GC(1004) Metaspace: 97817K(99264K)->97817K(99264K) NonClass: 84790K(85440K)->84790K(85440K) Class: 13026K(13824K)->13026K(13824K)
[2025-12-25T04:33:03.026+0000][638.666s][info][gc             ] GC(1004) Pause Young (Allocation Failure) 239M->163M(278M) 17.872ms
[2025-12-25T04:33:03.026+0000][638.666s][info][gc,cpu         ] GC(1004) User=0.00s Sys=0.00s Real=0.02s
[2025-12-25T04:33:03.143+0000][638.783s][info][gc,start       ] GC(1005) Pause Young (Allocation Failure)
[2025-12-25T04:33:03.155+0000][638.795s][info][gc,heap        ] GC(1005) DefNew: 82299K(88512K)->3013K(88512K) Eden: 78720K(78720K)->0K(78720K) From: 3579K(9792K)->3013K(9792K)
[2025-12-25T04:33:03.156+0000][638.796s][info][gc,heap        ] GC(1005) Tenured: 163669K(196608K)->163670K(196608K)
[2025-12-25T04:33:03.157+0000][638.797s][info][gc,metaspace   ] GC(1005) Metaspace: 97817K(99264K)->97817K(99264K) NonClass: 84790K(85440K)->84790K(85440K) Class: 13026K(13824K)->13026K(13824K)
[2025-12-25T04:33:03.158+0000][638.798s][info][gc             ] GC(1005) Pause Young (Allocation Failure) 240M->162M(278M) 15.219ms
[2025-12-25T04:33:03.161+0000][638.801s][info][gc,cpu         ] GC(1005) User=0.01s Sys=0.01s Real=0.02s
[2025-12-25T04:33:03.280+0000][638.920s][info][gc,start       ] GC(1006) Pause Young (Allocation Failure)
[2025-12-25T04:33:03.288+0000][638.928s][info][gc,heap        ] GC(1006) DefNew: 81733K(88512K)->3141K(88512K) Eden: 78719K(78720K)->0K(78720K) From: 3013K(9792K)->3141K(9792K)
[2025-12-25T04:33:03.288+0000][638.928s][info][gc,heap        ] GC(1006) Tenured: 163670K(196608K)->163670K(196608K)
[2025-12-25T04:33:03.288+0000][638.928s][info][gc,metaspace   ] GC(1006) Metaspace: 97817K(99264K)->97817K(99264K) NonClass: 84790K(85440K)->84790K(85440K) Class: 13026K(13824K)->13026K(13824K)
[2025-12-25T04:33:03.289+0000][638.929s][info][gc             ] GC(1006) Pause Young (Allocation Failure) 239M->162M(278M) 8.674ms
[2025-12-25T04:33:03.289+0000][638.929s][info][gc,cpu         ] GC(1006) User=0.00s Sys=0.00s Real=0.01s
[2025-12-25T04:33:03.433+0000][639.073s][info][gc,start       ] GC(1007) Pause Young (Allocation Failure)
[2025-12-25T04:33:03.440+0000][639.080s][info][gc,heap        ] GC(1007) DefNew: 81861K(88512K)->3407K(88512K) Eden: 78720K(78720K)->0K(78720K) From: 3141K(9792K)->3407K(9792K)
[2025-12-25T04:33:03.440+0000][639.080s][info][gc,heap        ] GC(1007) Tenured: 163670K(196608K)->163670K(196608K)
[2025-12-25T04:33:03.441+0000][639.081s][info][gc,metaspace   ] GC(1007) Metaspace: 97817K(99264K)->97817K(99264K) NonClass: 84790K(85440K)->84790K(85440K) Class: 13026K(13824K)->13026K(13824K)
[2025-12-25T04:33:03.441+0000][639.081s][info][gc             ] GC(1007) Pause Young (Allocation Failure) 239M->163M(278M) 8.236ms
[2025-12-25T04:33:03.442+0000][639.082s][info][gc,cpu         ] GC(1007) User=0.00s Sys=0.00s Real=0.01s
[2025-12-25T04:33:03.589+0000][639.229s][info][gc,start       ] GC(1008) Pause Young (Allocation Failure)
[2025-12-25T04:33:03.597+0000][639.237s][info][gc,heap        ] GC(1008) DefNew: 82127K(88512K)->4685K(88512K) Eden: 78720K(78720K)->0K(78720K) From: 3407K(9792K)->4685K(9792K)
[2025-12-25T04:33:03.599+0000][639.239s][info][gc,heap        ] GC(1008) Tenured: 163670K(196608K)->163670K(196608K)
[2025-12-25T04:33:03.600+0000][639.240s][info][gc,metaspace   ] GC(1008) Metaspace: 97817K(99264K)->97817K(99264K) NonClass: 84790K(85440K)->84790K(85440K) Class: 13026K(13824K)->13026K(13824K)
[2025-12-25T04:33:03.600+0000][639.240s][info][gc             ] GC(1008) Pause Young (Allocation Failure) 240M->164M(278M) 11.793ms
[2025-12-25T04:33:03.601+0000][639.241s][info][gc,cpu         ] GC(1008) User=0.01s Sys=0.00s Real=0.01s
[2025-12-25T04:33:03.722+0000][639.362s][info][gc,start       ] GC(1009) Pause Young (Allocation Failure)
[2025-12-25T04:33:03.732+0000][639.372s][info][gc,heap        ] GC(1009) DefNew: 83405K(88512K)->3681K(88512K) Eden: 78720K(78720K)->0K(78720K) From: 4685K(9792K)->3681K(9792K)
[2025-12-25T04:33:03.733+0000][639.373s][info][gc,heap        ] GC(1009) Tenured: 163670K(196608K)->163670K(196608K)
[2025-12-25T04:33:03.733+0000][639.373s][info][gc,metaspace   ] GC(1009) Metaspace: 97817K(99264K)->97817K(99264K) NonClass: 84790K(85440K)->84790K(85440K) Class: 13026K(13824K)->13026K(13824K)
[2025-12-25T04:33:03.738+0000][639.378s][info][gc             ] GC(1009) Pause Young (Allocation Failure) 241M->163M(278M) 16.266ms
[2025-12-25T04:33:03.739+0000][639.379s][info][gc,cpu         ] GC(1009) User=0.00s Sys=0.00s Real=0.02s
[2025-12-25T04:33:04.086+0000][639.726s][info][gc,start       ] GC(1010) Pause Young (Allocation Failure)
[2025-12-25T04:33:04.105+0000][639.745s][info][gc,heap        ] GC(1010) DefNew: 82401K(88512K)->3741K(88512K) Eden: 78720K(78720K)->0K(78720K) From: 3681K(9792K)->3741K(9792K)
[2025-12-25T04:33:04.105+0000][639.745s][info][gc,heap        ] GC(1010) Tenured: 163670K(196608K)->163670K(196608K)
[2025-12-25T04:33:04.106+0000][639.746s][info][gc,metaspace   ] GC(1010) Metaspace: 97817K(99264K)->97817K(99264K) NonClass: 84790K(85440K)->84790K(85440K) Class: 13026K(13824K)->13026K(13824K)
[2025-12-25T04:33:04.107+0000][639.747s][info][gc             ] GC(1010) Pause Young (Allocation Failure) 240M->163M(278M) 20.462ms
[2025-12-25T04:33:04.108+0000][639.748s][info][gc,cpu         ] GC(1010) User=0.01s Sys=0.00s Real=0.02s
[2025-12-25T04:33:04.447+0000][640.087s][info][gc,start       ] GC(1011) Pause Young (Allocation Failure)
[2025-12-25T04:33:04.457+0000][640.097s][info][gc,heap        ] GC(1011) DefNew: 82461K(88512K)->4310K(88512K) Eden: 78720K(78720K)->0K(78720K) From: 3741K(9792K)->4310K(9792K)
[2025-12-25T04:33:04.458+0000][640.098s][info][gc,heap        ] GC(1011) Tenured: 163670K(196608K)->163670K(196608K)
[2025-12-25T04:33:04.460+0000][640.100s][info][gc,metaspace   ] GC(1011) Metaspace: 97817K(99264K)->97817K(99264K) NonClass: 84790K(85440K)->84790K(85440K) Class: 13026K(13824K)->13026K(13824K)
[2025-12-25T04:33:04.460+0000][640.100s][info][gc             ] GC(1011) Pause Young (Allocation Failure) 240M->164M(278M) 12.656ms
[2025-12-25T04:33:04.462+0000][640.102s][info][gc,cpu         ] GC(1011) User=0.01s Sys=0.00s Real=0.01s
[2025-12-25T04:33:04.684+0000][640.324s][info][gc,start       ] GC(1012) Pause Young (Allocation Failure)
[2025-12-25T04:33:04.692+0000][640.332s][info][gc,heap        ] GC(1012) DefNew: 83030K(88512K)->3750K(88512K) Eden: 78720K(78720K)->0K(78720K) From: 4310K(9792K)->3750K(9792K)
[2025-12-25T04:33:04.693+0000][640.333s][info][gc,heap        ] GC(1012) Tenured: 163670K(196608K)->163754K(196608K)
[2025-12-25T04:33:04.693+0000][640.333s][info][gc,metaspace   ] GC(1012) Metaspace: 97817K(99264K)->97817K(99264K) NonClass: 84790K(85440K)->84790K(85440K) Class: 13026K(13824K)->13026K(13824K)
[2025-12-25T04:33:04.693+0000][640.333s][info][gc             ] GC(1012) Pause Young (Allocation Failure) 240M->163M(278M) 9.022ms
[2025-12-25T04:33:04.694+0000][640.334s][info][gc,cpu         ] GC(1012) User=0.01s Sys=0.00s Real=0.01s
[2025-12-25T04:33:04.815+0000][640.455s][info][gc,start       ] GC(1013) Pause Young (Allocation Failure)
[2025-12-25T04:33:04.822+0000][640.462s][info][gc,heap        ] GC(1013) DefNew: 82470K(88512K)->3518K(88512K) Eden: 78720K(78720K)->0K(78720K) From: 3750K(9792K)->3518K(9792K)
[2025-12-25T04:33:04.822+0000][640.462s][info][gc,heap        ] GC(1013) Tenured: 163754K(196608K)->164291K(196608K)
[2025-12-25T04:33:04.822+0000][640.462s][info][gc,metaspace   ] GC(1013) Metaspace: 97817K(99264K)->97817K(99264K) NonClass: 84790K(85440K)->84790K(85440K) Class: 13026K(13824K)->13026K(13824K)
[2025-12-25T04:33:04.822+0000][640.462s][info][gc             ] GC(1013) Pause Young (Allocation Failure) 240M->163M(278M) 6.594ms
[2025-12-25T04:33:04.822+0000][640.462s][info][gc,cpu         ] GC(1013) User=0.00s Sys=0.00s Real=0.00s
[2025-12-25T04:33:04.935+0000][640.575s][info][gc,start       ] GC(1014) Pause Young (Allocation Failure)
[2025-12-25T04:33:04.939+0000][640.579s][info][gc,heap        ] GC(1014) DefNew: 82238K(88512K)->2930K(88512K) Eden: 78720K(78720K)->0K(78720K) From: 3518K(9792K)->2930K(9792K)
[2025-12-25T04:33:04.939+0000][640.579s][info][gc,heap        ] GC(1014) Tenured: 164291K(196608K)->164292K(196608K)
[2025-12-25T04:33:04.939+0000][640.579s][info][gc,metaspace   ] GC(1014) Metaspace: 97817K(99264K)->97817K(99264K) NonClass: 84790K(85440K)->84790K(85440K) Class: 13026K(13824K)->13026K(13824K)
[2025-12-25T04:33:04.939+0000][640.579s][info][gc             ] GC(1014) Pause Young (Allocation Failure) 240M->163M(278M) 4.472ms
[2025-12-25T04:33:04.940+0000][640.580s][info][gc,cpu         ] GC(1014) User=0.01s Sys=0.00s Real=0.00s
[2025-12-25T04:33:05.105+0000][640.745s][info][gc,start       ] GC(1015) Pause Young (Allocation Failure)
[2025-12-25T04:33:05.114+0000][640.754s][info][gc,heap        ] GC(1015) DefNew: 81650K(88512K)->3497K(88512K) Eden: 78720K(78720K)->0K(78720K) From: 2930K(9792K)->3497K(9792K)
[2025-12-25T04:33:05.114+0000][640.754s][info][gc,heap        ] GC(1015) Tenured: 164292K(196608K)->164292K(196608K)
[2025-12-25T04:33:05.115+0000][640.755s][info][gc,metaspace   ] GC(1015) Metaspace: 97817K(99264K)->97817K(99264K) NonClass: 84790K(85440K)->84790K(85440K) Class: 13026K(13824K)->13026K(13824K)
[2025-12-25T04:33:05.115+0000][640.755s][info][gc             ] GC(1015) Pause Young (Allocation Failure) 240M->163M(278M) 9.535ms
[2025-12-25T04:33:05.115+0000][640.755s][info][gc,cpu         ] GC(1015) User=0.00s Sys=0.00s Real=0.01s
[2025-12-25T04:33:05.319+0000][640.959s][info][gc,start       ] GC(1016) Pause Young (Allocation Failure)
[2025-12-25T04:33:05.324+0000][640.964s][info][gc,heap        ] GC(1016) DefNew: 82217K(88512K)->3649K(88512K) Eden: 78720K(78720K)->0K(78720K) From: 3497K(9792K)->3649K(9792K)
[2025-12-25T04:33:05.324+0000][640.964s][info][gc,heap        ] GC(1016) Tenured: 164292K(196608K)->164292K(196608K)
[2025-12-25T04:33:05.325+0000][640.965s][info][gc,metaspace   ] GC(1016) Metaspace: 97817K(99264K)->97817K(99264K) NonClass: 84790K(85440K)->84790K(85440K) Class: 13026K(13824K)->13026K(13824K)
[2025-12-25T04:33:05.325+0000][640.965s][info][gc             ] GC(1016) Pause Young (Allocation Failure) 240M->164M(278M) 6.027ms
[2025-12-25T04:33:05.326+0000][640.966s][info][gc,cpu         ] GC(1016) User=0.01s Sys=0.00s Real=0.01s
[2025-12-25T04:33:05.437+0000][641.077s][info][gc,start       ] GC(1017) Pause Young (Allocation Failure)
[2025-12-25T04:33:05.443+0000][641.083s][info][gc,heap        ] GC(1017) DefNew: 82369K(88512K)->3209K(88512K) Eden: 78720K(78720K)->0K(78720K) From: 3649K(9792K)->3209K(9792K)
[2025-12-25T04:33:05.446+0000][641.086s][info][gc,heap        ] GC(1017) Tenured: 164292K(196608K)->164292K(196608K)
[2025-12-25T04:33:05.446+0000][641.086s][info][gc,metaspace   ] GC(1017) Metaspace: 97817K(99264K)->97817K(99264K) NonClass: 84790K(85440K)->84790K(85440K) Class: 13026K(13824K)->13026K(13824K)
[2025-12-25T04:33:05.446+0000][641.086s][info][gc             ] GC(1017) Pause Young (Allocation Failure) 240M->163M(278M) 9.487ms
[2025-12-25T04:33:05.447+0000][641.087s][info][gc,cpu         ] GC(1017) User=0.00s Sys=0.00s Real=0.01s
[2025-12-25T04:33:05.587+0000][641.227s][info][gc,start       ] GC(1018) Pause Young (Allocation Failure)
[2025-12-25T04:33:05.592+0000][641.232s][info][gc,heap        ] GC(1018) DefNew: 81929K(88512K)->3816K(88512K) Eden: 78720K(78720K)->0K(78720K) From: 3209K(9792K)->3816K(9792K)
[2025-12-25T04:33:05.592+0000][641.232s][info][gc,heap        ] GC(1018) Tenured: 164292K(196608K)->164292K(196608K)
[2025-12-25T04:33:05.592+0000][641.232s][info][gc,metaspace   ] GC(1018) Metaspace: 97817K(99264K)->97817K(99264K) NonClass: 84790K(85440K)->84790K(85440K) Class: 13026K(13824K)->13026K(13824K)
[2025-12-25T04:33:05.593+0000][641.233s][info][gc             ] GC(1018) Pause Young (Allocation Failure) 240M->164M(278M) 5.185ms
[2025-12-25T04:33:05.593+0000][641.233s][info][gc,cpu         ] GC(1018) User=0.01s Sys=0.00s Real=0.00s
[2025-12-25T04:33:05.744+0000][641.384s][info][gc,start       ] GC(1019) Pause Young (Allocation Failure)
[2025-12-25T04:33:05.760+0000][641.400s][info][gc,heap        ] GC(1019) DefNew: 82536K(88512K)->3102K(88512K) Eden: 78720K(78720K)->0K(78720K) From: 3816K(9792K)->3102K(9792K)
[2025-12-25T04:33:05.765+0000][641.405s][info][gc,heap        ] GC(1019) Tenured: 164292K(196608K)->164292K(196608K)
[2025-12-25T04:33:05.766+0000][641.406s][info][gc,metaspace   ] GC(1019) Metaspace: 97817K(99264K)->97817K(99264K) NonClass: 84790K(85440K)->84790K(85440K) Class: 13026K(13824K)->13026K(13824K)
[2025-12-25T04:33:05.767+0000][641.407s][info][gc             ] GC(1019) Pause Young (Allocation Failure) 241M->163M(278M) 22.664ms
[2025-12-25T04:33:05.767+0000][641.407s][info][gc,cpu         ] GC(1019) User=0.00s Sys=0.00s Real=0.03s
[2025-12-25T04:33:05.883+0000][641.523s][info][gc,start       ] GC(1020) Pause Young (Allocation Failure)
[2025-12-25T04:33:05.893+0000][641.533s][info][gc,heap        ] GC(1020) DefNew: 81822K(88512K)->2757K(88512K) Eden: 78720K(78720K)->0K(78720K) From: 3102K(9792K)->2757K(9792K)
[2025-12-25T04:33:05.893+0000][641.533s][info][gc,heap        ] GC(1020) Tenured: 164292K(196608K)->164373K(196608K)
[2025-12-25T04:33:05.893+0000][641.533s][info][gc,metaspace   ] GC(1020) Metaspace: 97817K(99264K)->97817K(99264K) NonClass: 84790K(85440K)->84790K(85440K) Class: 13026K(13824K)->13026K(13824K)
[2025-12-25T04:33:05.893+0000][641.533s][info][gc             ] GC(1020) Pause Young (Allocation Failure) 240M->163M(278M) 10.521ms
[2025-12-25T04:33:05.894+0000][641.534s][info][gc,cpu         ] GC(1020) User=0.01s Sys=0.00s Real=0.01s
[2025-12-25T04:33:06.028+0000][641.668s][info][gc,start       ] GC(1021) Pause Young (Allocation Failure)
[2025-12-25T04:33:06.039+0000][641.679s][info][gc,heap        ] GC(1021) DefNew: 81477K(88512K)->2794K(88512K) Eden: 78720K(78720K)->0K(78720K) From: 2757K(9792K)->2794K(9792K)
[2025-12-25T04:33:06.039+0000][641.679s][info][gc,heap        ] GC(1021) Tenured: 164373K(196608K)->164894K(196608K)
[2025-12-25T04:33:06.040+0000][641.680s][info][gc,metaspace   ] GC(1021) Metaspace: 97817K(99264K)->97817K(99264K) NonClass: 84790K(85440K)->84790K(85440K) Class: 13026K(13824K)->13026K(13824K)
[2025-12-25T04:33:06.040+0000][641.680s][info][gc             ] GC(1021) Pause Young (Allocation Failure) 240M->163M(278M) 12.578ms
[2025-12-25T04:33:06.041+0000][641.681s][info][gc,cpu         ] GC(1021) User=0.00s Sys=0.00s Real=0.01s
[2025-12-25T04:33:06.173+0000][641.813s][info][gc,start       ] GC(1022) Pause Young (Allocation Failure)
[2025-12-25T04:33:06.179+0000][641.819s][info][gc,heap        ] GC(1022) DefNew: 81514K(88512K)->3202K(88512K) Eden: 78720K(78720K)->0K(78720K) From: 2794K(9792K)->3202K(9792K)
[2025-12-25T04:33:06.184+0000][641.824s][info][gc,heap        ] GC(1022) Tenured: 164894K(196608K)->164976K(196608K)
[2025-12-25T04:33:06.185+0000][641.825s][info][gc,metaspace   ] GC(1022) Metaspace: 97817K(99264K)->97817K(99264K) NonClass: 84790K(85440K)->84790K(85440K) Class: 13026K(13824K)->13026K(13824K)
[2025-12-25T04:33:06.185+0000][641.825s][info][gc             ] GC(1022) Pause Young (Allocation Failure) 240M->164M(278M) 12.256ms
[2025-12-25T04:33:06.186+0000][641.826s][info][gc,cpu         ] GC(1022) User=0.00s Sys=0.00s Real=0.02s
[2025-12-25T04:33:06.302+0000][641.942s][info][gc,start       ] GC(1023) Pause Young (Allocation Failure)
[2025-12-25T04:33:06.310+0000][641.950s][info][gc,heap        ] GC(1023) DefNew: 81922K(88512K)->3471K(88512K) Eden: 78720K(78720K)->0K(78720K) From: 3202K(9792K)->3471K(9792K)
[2025-12-25T04:33:06.311+0000][641.951s][info][gc,heap        ] GC(1023) Tenured: 164976K(196608K)->164991K(196608K)
[2025-12-25T04:33:06.311+0000][641.951s][info][gc,metaspace   ] GC(1023) Metaspace: 97817K(99264K)->97817K(99264K) NonClass: 84790K(85440K)->84790K(85440K) Class: 13026K(13824K)->13026K(13824K)
[2025-12-25T04:33:06.312+0000][641.952s][info][gc             ] GC(1023) Pause Young (Allocation Failure) 241M->164M(278M) 10.704ms
[2025-12-25T04:33:06.313+0000][641.953s][info][gc,cpu         ] GC(1023) User=0.01s Sys=0.00s Real=0.01s
[2025-12-25T04:33:06.439+0000][642.079s][info][gc,start       ] GC(1024) Pause Young (Allocation Failure)
[2025-12-25T04:33:06.443+0000][642.083s][info][gc,heap        ] GC(1024) DefNew: 82191K(88512K)->2909K(88512K) Eden: 78720K(78720K)->0K(78720K) From: 3471K(9792K)->2909K(9792K)
[2025-12-25T04:33:06.447+0000][642.087s][info][gc,heap        ] GC(1024) Tenured: 164991K(196608K)->164992K(196608K)
[2025-12-25T04:33:06.448+0000][642.088s][info][gc,metaspace   ] GC(1024) Metaspace: 97817K(99264K)->97817K(99264K) NonClass: 84790K(85440K)->84790K(85440K) Class: 13026K(13824K)->13026K(13824K)
[2025-12-25T04:33:06.449+0000][642.089s][info][gc             ] GC(1024) Pause Young (Allocation Failure) 241M->163M(278M) 9.636ms
[2025-12-25T04:33:06.450+0000][642.090s][info][gc,cpu         ] GC(1024) User=0.00s Sys=0.00s Real=0.01s
[2025-12-25T04:33:06.583+0000][642.223s][info][gc,start       ] GC(1025) Pause Young (Allocation Failure)
[2025-12-25T04:33:06.589+0000][642.229s][info][gc,heap        ] GC(1025) DefNew: 81629K(88512K)->2790K(88512K) Eden: 78720K(78720K)->0K(78720K) From: 2909K(9792K)->2790K(9792K)
[2025-12-25T04:33:06.589+0000][642.229s][info][gc,heap        ] GC(1025) Tenured: 164992K(196608K)->164992K(196608K)
[2025-12-25T04:33:06.590+0000][642.230s][info][gc,metaspace   ] GC(1025) Metaspace: 97817K(99264K)->97817K(99264K) NonClass: 84790K(85440K)->84790K(85440K) Class: 13026K(13824K)->13026K(13824K)
[2025-12-25T04:33:06.590+0000][642.230s][info][gc             ] GC(1025) Pause Young (Allocation Failure) 240M->163M(278M) 6.267ms
[2025-12-25T04:33:06.590+0000][642.230s][info][gc,cpu         ] GC(1025) User=0.00s Sys=0.00s Real=0.01s
[2025-12-25T04:33:06.728+0000][642.368s][info][gc,start       ] GC(1026) Pause Young (Allocation Failure)
[2025-12-25T04:33:06.739+0000][642.379s][info][gc,heap        ] GC(1026) DefNew: 80817K(88512K)->2657K(88512K) Eden: 78026K(78720K)->0K(78720K) From: 2790K(9792K)->2657K(9792K)
[2025-12-25T04:33:06.740+0000][642.380s][info][gc,heap        ] GC(1026) Tenured: 164992K(196608K)->164993K(196608K)
[2025-12-25T04:33:06.741+0000][642.381s][info][gc,metaspace   ] GC(1026) Metaspace: 97817K(99264K)->97817K(99264K) NonClass: 84790K(85440K)->84790K(85440K) Class: 13026K(13824K)->13026K(13824K)
[2025-12-25T04:33:06.741+0000][642.381s][info][gc             ] GC(1026) Pause Young (Allocation Failure) 240M->163M(278M) 12.902ms
[2025-12-25T04:33:06.743+0000][642.383s][info][gc,cpu         ] GC(1026) User=0.00s Sys=0.00s Real=0.01s
[2025-12-25T04:33:06.860+0000][642.500s][info][gc,start       ] GC(1027) Pause Young (Allocation Failure)
[2025-12-25T04:33:06.865+0000][642.505s][info][gc,heap        ] GC(1027) DefNew: 81377K(88512K)->3372K(88512K) Eden: 78720K(78720K)->0K(78720K) From: 2657K(9792K)->3372K(9792K)
[2025-12-25T04:33:06.865+0000][642.505s][info][gc,heap        ] GC(1027) Tenured: 164993K(196608K)->164993K(196608K)
[2025-12-25T04:33:06.868+0000][642.508s][info][gc,metaspace   ] GC(1027) Metaspace: 97817K(99264K)->97817K(99264K) NonClass: 84790K(85440K)->84790K(85440K) Class: 13026K(13824K)->13026K(13824K)
[2025-12-25T04:33:06.868+0000][642.508s][info][gc             ] GC(1027) Pause Young (Allocation Failure) 240M->164M(278M) 7.676ms
[2025-12-25T04:33:06.872+0000][642.512s][info][gc,cpu         ] GC(1027) User=0.00s Sys=0.00s Real=0.01s
[2025-12-25T04:33:06.982+0000][642.622s][info][gc,start       ] GC(1028) Pause Young (Allocation Failure)
[2025-12-25T04:33:06.993+0000][642.633s][info][gc,heap        ] GC(1028) DefNew: 82092K(88512K)->2980K(88512K) Eden: 78720K(78720K)->0K(78720K) From: 3372K(9792K)->2980K(9792K)
[2025-12-25T04:33:06.993+0000][642.633s][info][gc,heap        ] GC(1028) Tenured: 164993K(196608K)->164993K(196608K)
[2025-12-25T04:33:06.994+0000][642.634s][info][gc,metaspace   ] GC(1028) Metaspace: 97817K(99264K)->97817K(99264K) NonClass: 84790K(85440K)->84790K(85440K) Class: 13026K(13824K)->13026K(13824K)
[2025-12-25T04:33:06.994+0000][642.634s][info][gc             ] GC(1028) Pause Young (Allocation Failure) 241M->164M(278M) 11.561ms
[2025-12-25T04:33:06.994+0000][642.634s][info][gc,cpu         ] GC(1028) User=0.00s Sys=0.00s Real=0.01s
[2025-12-25T04:33:07.147+0000][642.787s][info][gc,start       ] GC(1029) Pause Young (Allocation Failure)
[2025-12-25T04:33:07.164+0000][642.804s][info][gc,heap        ] GC(1029) DefNew: 81700K(88512K)->3711K(88512K) Eden: 78720K(78720K)->0K(78720K) From: 2980K(9792K)->3711K(9792K)
[2025-12-25T04:33:07.165+0000][642.805s][info][gc,heap        ] GC(1029) Tenured: 164993K(196608K)->165002K(196608K)
[2025-12-25T04:33:07.165+0000][642.805s][info][gc,metaspace   ] GC(1029) Metaspace: 97817K(99264K)->97817K(99264K) NonClass: 84790K(85440K)->84790K(85440K) Class: 13026K(13824K)->13026K(13824K)
[2025-12-25T04:33:07.165+0000][642.805s][info][gc             ] GC(1029) Pause Young (Allocation Failure) 240M->164M(278M) 17.970ms
[2025-12-25T04:33:07.167+0000][642.807s][info][gc,cpu         ] GC(1029) User=0.00s Sys=0.01s Real=0.02s
[2025-12-25T04:33:07.292+0000][642.932s][info][gc,start       ] GC(1030) Pause Young (Allocation Failure)
[2025-12-25T04:33:07.297+0000][642.937s][info][gc,heap        ] GC(1030) DefNew: 82431K(88512K)->3460K(88512K) Eden: 78720K(78720K)->0K(78720K) From: 3711K(9792K)->3460K(9792K)
[2025-12-25T04:33:07.297+0000][642.937s][info][gc,heap        ] GC(1030) Tenured: 165002K(196608K)->165002K(196608K)
[2025-12-25T04:33:07.297+0000][642.937s][info][gc,metaspace   ] GC(1030) Metaspace: 97817K(99264K)->97817K(99264K) NonClass: 84790K(85440K)->84790K(85440K) Class: 13026K(13824K)->13026K(13824K)
[2025-12-25T04:33:07.298+0000][642.938s][info][gc             ] GC(1030) Pause Young (Allocation Failure) 241M->164M(278M) 5.427ms
[2025-12-25T04:33:07.298+0000][642.938s][info][gc,cpu         ] GC(1030) User=0.00s Sys=0.00s Real=0.01s
[2025-12-25T04:33:07.432+0000][643.071s][info][gc,start       ] GC(1031) Pause Young (Allocation Failure)
[2025-12-25T04:33:07.437+0000][643.077s][info][gc,heap        ] GC(1031) DefNew: 82180K(88512K)->3159K(88512K) Eden: 78720K(78720K)->0K(78720K) From: 3460K(9792K)->3159K(9792K)
[2025-12-25T04:33:07.438+0000][643.078s][info][gc,heap        ] GC(1031) Tenured: 165002K(196608K)->165002K(196608K)
[2025-12-25T04:33:07.440+0000][643.080s][info][gc,metaspace   ] GC(1031) Metaspace: 97817K(99264K)->97817K(99264K) NonClass: 84790K(85440K)->84790K(85440K) Class: 13026K(13824K)->13026K(13824K)
[2025-12-25T04:33:07.440+0000][643.080s][info][gc             ] GC(1031) Pause Young (Allocation Failure) 241M->164M(278M) 8.957ms
[2025-12-25T04:33:07.441+0000][643.081s][info][gc,cpu         ] GC(1031) User=0.00s Sys=0.00s Real=0.01s
[2025-12-25T04:33:07.604+0000][643.244s][info][gc,start       ] GC(1032) Pause Young (Allocation Failure)
[2025-12-25T04:33:07.608+0000][643.248s][info][gc,heap        ] GC(1032) DefNew: 81879K(88512K)->3086K(88512K) Eden: 78720K(78720K)->0K(78720K) From: 3159K(9792K)->3086K(9792K)
[2025-12-25T04:33:07.608+0000][643.248s][info][gc,heap        ] GC(1032) Tenured: 165002K(196608K)->165010K(196608K)
[2025-12-25T04:33:07.608+0000][643.248s][info][gc,metaspace   ] GC(1032) Metaspace: 97817K(99264K)->97817K(99264K) NonClass: 84790K(85440K)->84790K(85440K) Class: 13026K(13824K)->13026K(13824K)
[2025-12-25T04:33:07.609+0000][643.249s][info][gc             ] GC(1032) Pause Young (Allocation Failure) 241M->164M(278M) 4.939ms
[2025-12-25T04:33:07.609+0000][643.249s][info][gc,cpu         ] GC(1032) User=0.00s Sys=0.00s Real=0.01s
[2025-12-25T04:33:07.719+0000][643.359s][info][gc,start       ] GC(1033) Pause Young (Allocation Failure)
[2025-12-25T04:33:07.743+0000][643.383s][info][gc,heap        ] GC(1033) DefNew: 81806K(88512K)->2855K(88512K) Eden: 78720K(78720K)->0K(78720K) From: 3086K(9792K)->2855K(9792K)
[2025-12-25T04:33:07.744+0000][643.384s][info][gc,heap        ] GC(1033) Tenured: 165010K(196608K)->165018K(196608K)
[2025-12-25T04:33:07.752+0000][643.392s][info][gc,metaspace   ] GC(1033) Metaspace: 97817K(99264K)->97817K(99264K) NonClass: 84790K(85440K)->84790K(85440K) Class: 13026K(13824K)->13026K(13824K)
[2025-12-25T04:33:07.752+0000][643.392s][info][gc             ] GC(1033) Pause Young (Allocation Failure) 241M->163M(278M) 33.059ms
[2025-12-25T04:33:07.755+0000][643.395s][info][gc,cpu         ] GC(1033) User=0.00s Sys=0.01s Real=0.04s
[2025-12-25T04:33:07.885+0000][643.525s][info][gc,start       ] GC(1034) Pause Young (Allocation Failure)
[2025-12-25T04:33:07.888+0000][643.528s][info][gc,heap        ] GC(1034) DefNew: 81575K(88512K)->3356K(88512K) Eden: 78720K(78720K)->0K(78720K) From: 2855K(9792K)->3356K(9792K)
[2025-12-25T04:33:07.889+0000][643.529s][info][gc,heap        ] GC(1034) Tenured: 165018K(196608K)->165019K(196608K)
[2025-12-25T04:33:07.889+0000][643.529s][info][gc,metaspace   ] GC(1034) Metaspace: 97817K(99264K)->97817K(99264K) NonClass: 84790K(85440K)->84790K(85440K) Class: 13026K(13824K)->13026K(13824K)
[2025-12-25T04:33:07.890+0000][643.530s][info][gc             ] GC(1034) Pause Young (Allocation Failure) 240M->164M(278M) 5.247ms
[2025-12-25T04:33:07.891+0000][643.531s][info][gc,cpu         ] GC(1034) User=0.00s Sys=0.00s Real=0.00s
[2025-12-25T04:33:08.018+0000][643.658s][info][gc,start       ] GC(1035) Pause Young (Allocation Failure)
[2025-12-25T04:33:08.030+0000][643.670s][info][gc,heap        ] GC(1035) DefNew: 82076K(88512K)->3175K(88512K) Eden: 78720K(78720K)->0K(78720K) From: 3356K(9792K)->3175K(9792K)
[2025-12-25T04:33:08.033+0000][643.673s][info][gc,heap        ] GC(1035) Tenured: 165019K(196608K)->165043K(196608K)
[2025-12-25T04:33:08.034+0000][643.674s][info][gc,metaspace   ] GC(1035) Metaspace: 97817K(99264K)->97817K(99264K) NonClass: 84790K(85440K)->84790K(85440K) Class: 13026K(13824K)->13026K(13824K)
[2025-12-25T04:33:08.038+0000][643.678s][info][gc             ] GC(1035) Pause Young (Allocation Failure) 241M->164M(278M) 19.839ms
[2025-12-25T04:33:08.039+0000][643.679s][info][gc,cpu         ] GC(1035) User=0.00s Sys=0.00s Real=0.02s
[2025-12-25T04:33:08.189+0000][643.829s][info][gc,start       ] GC(1036) Pause Young (Allocation Failure)
[2025-12-25T04:33:08.199+0000][643.839s][info][gc,heap        ] GC(1036) DefNew: 81895K(88512K)->4089K(88512K) Eden: 78720K(78720K)->0K(78720K) From: 3175K(9792K)->4089K(9792K)
[2025-12-25T04:33:08.200+0000][643.840s][info][gc,heap        ] GC(1036) Tenured: 165043K(196608K)->165285K(196608K)
[2025-12-25T04:33:08.200+0000][643.840s][info][gc,metaspace   ] GC(1036) Metaspace: 97817K(99264K)->97817K(99264K) NonClass: 84790K(85440K)->84790K(85440K) Class: 13026K(13824K)->13026K(13824K)
[2025-12-25T04:33:08.200+0000][643.840s][info][gc             ] GC(1036) Pause Young (Allocation Failure) 241M->165M(278M) 11.466ms
[2025-12-25T04:33:08.201+0000][643.841s][info][gc,cpu         ] GC(1036) User=0.00s Sys=0.00s Real=0.01s
[2025-12-25T04:33:08.338+0000][643.978s][info][gc,start       ] GC(1037) Pause Young (Allocation Failure)
[2025-12-25T04:33:08.350+0000][643.990s][info][gc,heap        ] GC(1037) DefNew: 82809K(88512K)->2437K(88512K) Eden: 78719K(78720K)->0K(78720K) From: 4089K(9792K)->2437K(9792K)
[2025-12-25T04:33:08.354+0000][643.994s][info][gc,heap        ] GC(1037) Tenured: 165285K(196608K)->165319K(196608K)
[2025-12-25T04:33:08.356+0000][643.996s][info][gc,metaspace   ] GC(1037) Metaspace: 97817K(99264K)->97817K(99264K) NonClass: 84790K(85440K)->84790K(85440K) Class: 13026K(13824K)->13026K(13824K)
[2025-12-25T04:33:08.359+0000][643.999s][info][gc             ] GC(1037) Pause Young (Allocation Failure) 242M->163M(278M) 21.885ms
[2025-12-25T04:33:08.363+0000][644.003s][info][gc,cpu         ] GC(1037) User=0.00s Sys=0.01s Real=0.02s
[2025-12-25T04:33:08.825+0000][644.465s][info][gc,start       ] GC(1038) Pause Young (Allocation Failure)
[2025-12-25T04:33:08.859+0000][644.499s][info][gc,heap        ] GC(1038) DefNew: 81157K(88512K)->4428K(88512K) Eden: 78720K(78720K)->0K(78720K) From: 2437K(9792K)->4428K(9792K)
[2025-12-25T04:33:08.860+0000][644.500s][info][gc,heap        ] GC(1038) Tenured: 165319K(196608K)->165319K(196608K)
[2025-12-25T04:33:08.861+0000][644.501s][info][gc,metaspace   ] GC(1038) Metaspace: 97817K(99264K)->97817K(99264K) NonClass: 84790K(85440K)->84790K(85440K) Class: 13026K(13824K)->13026K(13824K)
[2025-12-25T04:33:08.862+0000][644.502s][info][gc             ] GC(1038) Pause Young (Allocation Failure) 240M->165M(278M) 37.481ms
[2025-12-25T04:33:08.863+0000][644.503s][info][gc,cpu         ] GC(1038) User=0.02s Sys=0.00s Real=0.03s
[2025-12-25T04:33:09.117+0000][644.757s][info][gc,start       ] GC(1039) Pause Young (Allocation Failure)
[2025-12-25T04:33:09.150+0000][644.790s][info][gc,heap        ] GC(1039) DefNew: 83148K(88512K)->6769K(88512K) Eden: 78720K(78720K)->0K(78720K) From: 4428K(9792K)->6769K(9792K)
[2025-12-25T04:33:09.152+0000][644.792s][info][gc,heap        ] GC(1039) Tenured: 165319K(196608K)->165319K(196608K)
[2025-12-25T04:33:09.152+0000][644.792s][info][gc,metaspace   ] GC(1039) Metaspace: 97817K(99264K)->97817K(99264K) NonClass: 84790K(85440K)->84790K(85440K) Class: 13026K(13824K)->13026K(13824K)
[2025-12-25T04:33:09.154+0000][644.794s][info][gc             ] GC(1039) Pause Young (Allocation Failure) 242M->168M(278M) 36.442ms
[2025-12-25T04:33:09.159+0000][644.799s][info][gc,cpu         ] GC(1039) User=0.03s Sys=0.00s Real=0.04s
[2025-12-25T04:33:09.303+0000][644.943s][info][gc,start       ] GC(1040) Pause Young (Allocation Failure)
[2025-12-25T04:33:09.316+0000][644.956s][info][gc,heap        ] GC(1040) DefNew: 85489K(88512K)->3088K(88512K) Eden: 78720K(78720K)->0K(78720K) From: 6769K(9792K)->3088K(9792K)
[2025-12-25T04:33:09.317+0000][644.957s][info][gc,heap        ] GC(1040) Tenured: 165319K(196608K)->166935K(196608K)
[2025-12-25T04:33:09.318+0000][644.958s][info][gc,metaspace   ] GC(1040) Metaspace: 97817K(99264K)->97817K(99264K) NonClass: 84790K(85440K)->84790K(85440K) Class: 13026K(13824K)->13026K(13824K)
[2025-12-25T04:33:09.319+0000][644.959s][info][gc             ] GC(1040) Pause Young (Allocation Failure) 244M->166M(278M) 15.806ms
[2025-12-25T04:33:09.321+0000][644.961s][info][gc,cpu         ] GC(1040) User=0.00s Sys=0.01s Real=0.02s
[2025-12-25T04:33:09.486+0000][645.126s][info][gc,start       ] GC(1041) Pause Young (Allocation Failure)
[2025-12-25T04:33:09.493+0000][645.133s][info][gc,heap        ] GC(1041) DefNew: 81808K(88512K)->2327K(88512K) Eden: 78720K(78720K)->0K(78720K) From: 3088K(9792K)->2327K(9792K)
[2025-12-25T04:33:09.494+0000][645.134s][info][gc,heap        ] GC(1041) Tenured: 166935K(196608K)->166935K(196608K)
[2025-12-25T04:33:09.494+0000][645.134s][info][gc,metaspace   ] GC(1041) Metaspace: 97817K(99264K)->97817K(99264K) NonClass: 84790K(85440K)->84790K(85440K) Class: 13026K(13824K)->13026K(13824K)
[2025-12-25T04:33:09.494+0000][645.134s][info][gc             ] GC(1041) Pause Young (Allocation Failure) 242M->165M(278M) 8.305ms
[2025-12-25T04:33:09.494+0000][645.134s][info][gc,cpu         ] GC(1041) User=0.01s Sys=0.00s Real=0.01s
[2025-12-25T04:33:09.620+0000][645.260s][info][gc,start       ] GC(1042) Pause Young (Allocation Failure)
[2025-12-25T04:33:09.639+0000][645.279s][info][gc,heap        ] GC(1042) DefNew: 81047K(88512K)->3461K(88512K) Eden: 78720K(78720K)->0K(78720K) From: 2327K(9792K)->3461K(9792K)
[2025-12-25T04:33:09.639+0000][645.279s][info][gc,heap        ] GC(1042) Tenured: 166935K(196608K)->166935K(196608K)
[2025-12-25T04:33:09.640+0000][645.280s][info][gc,metaspace   ] GC(1042) Metaspace: 97817K(99264K)->97817K(99264K) NonClass: 84790K(85440K)->84790K(85440K) Class: 13026K(13824K)->13026K(13824K)
[2025-12-25T04:33:09.640+0000][645.280s][info][gc             ] GC(1042) Pause Young (Allocation Failure) 242M->166M(278M) 20.544ms
[2025-12-25T04:33:09.641+0000][645.281s][info][gc,cpu         ] GC(1042) User=0.00s Sys=0.00s Real=0.02s
[2025-12-25T04:33:09.905+0000][645.545s][info][gc,start       ] GC(1043) Pause Young (Allocation Failure)
[2025-12-25T04:33:09.922+0000][645.562s][info][gc,heap        ] GC(1043) DefNew: 82181K(88512K)->2692K(88512K) Eden: 78720K(78720K)->0K(78720K) From: 3461K(9792K)->2692K(9792K)
[2025-12-25T04:33:09.922+0000][645.562s][info][gc,heap        ] GC(1043) Tenured: 166935K(196608K)->166935K(196608K)
[2025-12-25T04:33:09.922+0000][645.562s][info][gc,metaspace   ] GC(1043) Metaspace: 97817K(99264K)->97817K(99264K) NonClass: 84790K(85440K)->84790K(85440K) Class: 13026K(13824K)->13026K(13824K)
[2025-12-25T04:33:09.922+0000][645.562s][info][gc             ] GC(1043) Pause Young (Allocation Failure) 243M->165M(278M) 17.339ms
[2025-12-25T04:33:09.923+0000][645.563s][info][gc,cpu         ] GC(1043) User=0.01s Sys=0.00s Real=0.01s
[2025-12-25T04:33:10.034+0000][645.674s][info][gc,start       ] GC(1044) Pause Young (Allocation Failure)
[2025-12-25T04:33:10.046+0000][645.686s][info][gc,heap        ] GC(1044) DefNew: 81412K(88512K)->2593K(88512K) Eden: 78720K(78720K)->0K(78720K) From: 2692K(9792K)->2593K(9792K)
[2025-12-25T04:33:10.050+0000][645.690s][info][gc,heap        ] GC(1044) Tenured: 166935K(196608K)->166935K(196608K)
[2025-12-25T04:33:10.052+0000][645.692s][info][gc,metaspace   ] GC(1044) Metaspace: 97817K(99264K)->97817K(99264K) NonClass: 84790K(85440K)->84790K(85440K) Class: 13026K(13824K)->13026K(13824K)
[2025-12-25T04:33:10.054+0000][645.694s][info][gc             ] GC(1044) Pause Young (Allocation Failure) 242M->165M(278M) 19.740ms
[2025-12-25T04:33:10.054+0000][645.694s][info][gc,cpu         ] GC(1044) User=0.01s Sys=0.00s Real=0.03s
[2025-12-25T04:33:10.218+0000][645.858s][info][gc,start       ] GC(1045) Pause Young (Allocation Failure)
[2025-12-25T04:33:10.236+0000][645.876s][info][gc,heap        ] GC(1045) DefNew: 81313K(88512K)->2403K(88512K) Eden: 78720K(78720K)->0K(78720K) From: 2593K(9792K)->2403K(9792K)
[2025-12-25T04:33:10.238+0000][645.878s][info][gc,heap        ] GC(1045) Tenured: 166935K(196608K)->166935K(196608K)
[2025-12-25T04:33:10.239+0000][645.879s][info][gc,metaspace   ] GC(1045) Metaspace: 97817K(99264K)->97817K(99264K) NonClass: 84790K(85440K)->84790K(85440K) Class: 13026K(13824K)->13026K(13824K)
[2025-12-25T04:33:10.242+0000][645.882s][info][gc             ] GC(1045) Pause Young (Allocation Failure) 242M->165M(278M) 24.161ms
[2025-12-25T04:33:10.243+0000][645.883s][info][gc,cpu         ] GC(1045) User=0.01s Sys=0.00s Real=0.02s
[2025-12-25T04:33:10.406+0000][646.046s][info][gc,start       ] GC(1046) Pause Young (Allocation Failure)
[2025-12-25T04:33:10.413+0000][646.053s][info][gc,heap        ] GC(1046) DefNew: 81123K(88512K)->3098K(88512K) Eden: 78720K(78720K)->0K(78720K) From: 2403K(9792K)->3098K(9792K)
[2025-12-25T04:33:10.413+0000][646.053s][info][gc,heap        ] GC(1046) Tenured: 166935K(196608K)->166935K(196608K)
[2025-12-25T04:33:10.413+0000][646.053s][info][gc,metaspace   ] GC(1046) Metaspace: 97817K(99264K)->97817K(99264K) NonClass: 84790K(85440K)->84790K(85440K) Class: 13026K(13824K)->13026K(13824K)
[2025-12-25T04:33:10.413+0000][646.053s][info][gc             ] GC(1046) Pause Young (Allocation Failure) 242M->166M(278M) 7.033ms
[2025-12-25T04:33:10.414+0000][646.054s][info][gc,cpu         ] GC(1046) User=0.01s Sys=0.00s Real=0.00s
[2025-12-25T04:33:10.564+0000][646.204s][info][gc,start       ] GC(1047) Pause Young (Allocation Failure)
[2025-12-25T04:33:10.581+0000][646.221s][info][gc,heap        ] GC(1047) DefNew: 81818K(88512K)->3390K(88512K) Eden: 78720K(78720K)->0K(78720K) From: 3098K(9792K)->3390K(9792K)
[2025-12-25T04:33:10.581+0000][646.221s][info][gc,heap        ] GC(1047) Tenured: 166935K(196608K)->166935K(196608K)
[2025-12-25T04:33:10.581+0000][646.221s][info][gc,metaspace   ] GC(1047) Metaspace: 97817K(99264K)->97817K(99264K) NonClass: 84790K(85440K)->84790K(85440K) Class: 13026K(13824K)->13026K(13824K)
[2025-12-25T04:33:10.583+0000][646.223s][info][gc             ] GC(1047) Pause Young (Allocation Failure) 242M->166M(278M) 19.658ms
[2025-12-25T04:33:10.586+0000][646.226s][info][gc,cpu         ] GC(1047) User=0.01s Sys=0.00s Real=0.03s
[2025-12-25T04:33:10.739+0000][646.379s][info][gc,start       ] GC(1048) Pause Young (Allocation Failure)
[2025-12-25T04:33:10.745+0000][646.385s][info][gc,heap        ] GC(1048) DefNew: 82110K(88512K)->3349K(88512K) Eden: 78720K(78720K)->0K(78720K) From: 3390K(9792K)->3349K(9792K)
[2025-12-25T04:33:10.745+0000][646.385s][info][gc,heap        ] GC(1048) Tenured: 166935K(196608K)->166935K(196608K)
[2025-12-25T04:33:10.746+0000][646.386s][info][gc,metaspace   ] GC(1048) Metaspace: 97821K(99264K)->97821K(99264K) NonClass: 84794K(85440K)->84794K(85440K) Class: 13026K(13824K)->13026K(13824K)
[2025-12-25T04:33:10.746+0000][646.386s][info][gc             ] GC(1048) Pause Young (Allocation Failure) 243M->166M(278M) 7.393ms
[2025-12-25T04:33:10.746+0000][646.386s][info][gc,cpu         ] GC(1048) User=0.00s Sys=0.00s Real=0.01s
[2025-12-25T04:33:10.875+0000][646.515s][info][gc,start       ] GC(1049) Pause Young (Allocation Failure)
[2025-12-25T04:33:10.890+0000][646.529s][info][gc,heap        ] GC(1049) DefNew: 82069K(88512K)->2379K(88512K) Eden: 78720K(78720K)->0K(78720K) From: 3349K(9792K)->2379K(9792K)
[2025-12-25T04:33:10.890+0000][646.530s][info][gc,heap        ] GC(1049) Tenured: 166935K(196608K)->166935K(196608K)
[2025-12-25T04:33:10.890+0000][646.530s][info][gc,metaspace   ] GC(1049) Metaspace: 97821K(99264K)->97821K(99264K) NonClass: 84794K(85440K)->84794K(85440K) Class: 13026K(13824K)->13026K(13824K)
[2025-12-25T04:33:10.891+0000][646.531s][info][gc             ] GC(1049) Pause Young (Allocation Failure) 243M->165M(278M) 16.341ms
[2025-12-25T04:33:10.892+0000][646.532s][info][gc,cpu         ] GC(1049) User=0.01s Sys=0.00s Real=0.01s
[2025-12-25T04:33:11.037+0000][646.677s][info][gc,start       ] GC(1050) Pause Young (Allocation Failure)
[2025-12-25T04:33:11.059+0000][646.699s][info][gc,heap        ] GC(1050) DefNew: 81099K(88512K)->2167K(88512K) Eden: 78720K(78720K)->0K(78720K) From: 2379K(9792K)->2167K(9792K)
[2025-12-25T04:33:11.063+0000][646.703s][info][gc,heap        ] GC(1050) Tenured: 166935K(196608K)->166935K(196608K)
[2025-12-25T04:33:11.064+0000][646.704s][info][gc,metaspace   ] GC(1050) Metaspace: 97821K(99264K)->97821K(99264K) NonClass: 84794K(85440K)->84794K(85440K) Class: 13026K(13824K)->13026K(13824K)
[2025-12-25T04:33:11.064+0000][646.704s][info][gc             ] GC(1050) Pause Young (Allocation Failure) 242M->165M(278M) 26.844ms
[2025-12-25T04:33:11.064+0000][646.704s][info][gc,cpu         ] GC(1050) User=0.00s Sys=0.00s Real=0.03s
[2025-12-25T04:33:11.247+0000][646.887s][info][gc,start       ] GC(1051) Pause Young (Allocation Failure)
[2025-12-25T04:33:11.250+0000][646.890s][info][gc,heap        ] GC(1051) DefNew: 80887K(88512K)->1717K(88512K) Eden: 78720K(78720K)->0K(78720K) From: 2167K(9792K)->1717K(9792K)
[2025-12-25T04:33:11.250+0000][646.890s][info][gc,heap        ] GC(1051) Tenured: 166935K(196608K)->166935K(196608K)
[2025-12-25T04:33:11.250+0000][646.890s][info][gc,metaspace   ] GC(1051) Metaspace: 97823K(99264K)->97823K(99264K) NonClass: 84796K(85440K)->84796K(85440K) Class: 13026K(13824K)->13026K(13824K)
[2025-12-25T04:33:11.250+0000][646.890s][info][gc             ] GC(1051) Pause Young (Allocation Failure) 242M->164M(278M) 3.061ms
[2025-12-25T04:33:11.250+0000][646.890s][info][gc,cpu         ] GC(1051) User=0.00s Sys=0.00s Real=0.00s
[2025-12-25T04:33:11.272+0000][646.912s][info][gc,start       ] GC(1052) Pause Young (Allocation Failure)
[2025-12-25T04:33:11.274+0000][646.914s][info][gc,heap        ] GC(1052) DefNew: 80437K(88512K)->1715K(88512K) Eden: 78720K(78720K)->0K(78720K) From: 1717K(9792K)->1715K(9792K)
[2025-12-25T04:33:11.274+0000][646.914s][info][gc,heap        ] GC(1052) Tenured: 166935K(196608K)->166935K(196608K)
[2025-12-25T04:33:11.275+0000][646.915s][info][gc,metaspace   ] GC(1052) Metaspace: 97831K(99264K)->97831K(99264K) NonClass: 84804K(85440K)->84804K(85440K) Class: 13026K(13824K)->13026K(13824K)
[2025-12-25T04:33:11.275+0000][646.915s][info][gc             ] GC(1052) Pause Young (Allocation Failure) 241M->164M(278M) 2.933ms
[2025-12-25T04:33:11.275+0000][646.915s][info][gc,cpu         ] GC(1052) User=0.00s Sys=0.00s Real=0.01s
[2025-12-25T04:33:11.921+0000][647.561s][info][gc,start       ] GC(1053) Pause Young (Allocation Failure)
[2025-12-25T04:33:11.924+0000][647.564s][info][gc,heap        ] GC(1053) DefNew: 80435K(88512K)->1698K(88512K) Eden: 78720K(78720K)->0K(78720K) From: 1715K(9792K)->1698K(9792K)
[2025-12-25T04:33:11.925+0000][647.565s][info][gc,heap        ] GC(1053) Tenured: 166935K(196608K)->166935K(196608K)
[2025-12-25T04:33:11.925+0000][647.565s][info][gc,metaspace   ] GC(1053) Metaspace: 97834K(99264K)->97834K(99264K) NonClass: 84807K(85440K)->84807K(85440K) Class: 13026K(13824K)->13026K(13824K)
[2025-12-25T04:33:11.925+0000][647.565s][info][gc             ] GC(1053) Pause Young (Allocation Failure) 241M->164M(278M) 3.382ms
[2025-12-25T04:33:11.925+0000][647.565s][info][gc,cpu         ] GC(1053) User=0.00s Sys=0.01s Real=0.01s
[2025-12-25T04:33:13.018+0000][648.658s][info][gc,start       ] GC(1054) Pause Young (Allocation Failure)
[2025-12-25T04:33:13.031+0000][648.671s][info][gc,heap        ] GC(1054) DefNew: 80418K(88512K)->1711K(88512K) Eden: 78720K(78720K)->0K(78720K) From: 1698K(9792K)->1711K(9792K)
[2025-12-25T04:33:13.031+0000][648.671s][info][gc,heap        ] GC(1054) Tenured: 166935K(196608K)->166935K(196608K)
[2025-12-25T04:33:13.031+0000][648.671s][info][gc,metaspace   ] GC(1054) Metaspace: 97834K(99264K)->97834K(99264K) NonClass: 84807K(85440K)->84807K(85440K) Class: 13026K(13824K)->13026K(13824K)
[2025-12-25T04:33:13.031+0000][648.671s][info][gc             ] GC(1054) Pause Young (Allocation Failure) 241M->164M(278M) 12.758ms
[2025-12-25T04:33:13.031+0000][648.671s][info][gc,cpu         ] GC(1054) User=0.02s Sys=0.00s Real=0.01s
[2025-12-25T04:33:14.270+0000][649.910s][info][gc,start       ] GC(1055) Pause Young (Allocation Failure)
[2025-12-25T04:33:14.275+0000][649.915s][info][gc,heap        ] GC(1055) DefNew: 80431K(88512K)->1710K(88512K) Eden: 78720K(78720K)->0K(78720K) From: 1711K(9792K)->1710K(9792K)
[2025-12-25T04:33:14.275+0000][649.915s][info][gc,heap        ] GC(1055) Tenured: 166935K(196608K)->166935K(196608K)
[2025-12-25T04:33:14.275+0000][649.915s][info][gc,metaspace   ] GC(1055) Metaspace: 97834K(99264K)->97834K(99264K) NonClass: 84807K(85440K)->84807K(85440K) Class: 13026K(13824K)->13026K(13824K)
[2025-12-25T04:33:14.275+0000][649.915s][info][gc             ] GC(1055) Pause Young (Allocation Failure) 241M->164M(278M) 4.683ms
[2025-12-25T04:33:14.275+0000][649.915s][info][gc,cpu         ] GC(1055) User=0.00s Sys=0.00s Real=0.01s
[2025-12-25T04:33:15.519+0000][651.159s][info][gc,start       ] GC(1056) Pause Young (Allocation Failure)
[2025-12-25T04:33:15.522+0000][651.162s][info][gc,heap        ] GC(1056) DefNew: 80430K(88512K)->1711K(88512K) Eden: 78720K(78720K)->0K(78720K) From: 1710K(9792K)->1711K(9792K)
[2025-12-25T04:33:15.522+0000][651.162s][info][gc,heap        ] GC(1056) Tenured: 166935K(196608K)->166936K(196608K)
[2025-12-25T04:33:15.522+0000][651.162s][info][gc,metaspace   ] GC(1056) Metaspace: 97834K(99264K)->97834K(99264K) NonClass: 84807K(85440K)->84807K(85440K) Class: 13026K(13824K)->13026K(13824K)
[2025-12-25T04:33:15.522+0000][651.162s][info][gc             ] GC(1056) Pause Young (Allocation Failure) 241M->164M(278M) 3.387ms
[2025-12-25T04:33:15.522+0000][651.162s][info][gc,cpu         ] GC(1056) User=0.00s Sys=0.00s Real=0.00s
[2025-12-25T04:33:16.742+0000][652.382s][info][gc,start       ] GC(1057) Pause Young (Allocation Failure)
[2025-12-25T04:33:16.746+0000][652.386s][info][gc,heap        ] GC(1057) DefNew: 80431K(88512K)->1109K(88512K) Eden: 78720K(78720K)->0K(78720K) From: 1711K(9792K)->1109K(9792K)
[2025-12-25T04:33:16.746+0000][652.386s][info][gc,heap        ] GC(1057) Tenured: 166936K(196608K)->166936K(196608K)
[2025-12-25T04:33:16.746+0000][652.386s][info][gc,metaspace   ] GC(1057) Metaspace: 97834K(99264K)->97834K(99264K) NonClass: 84807K(85440K)->84807K(85440K) Class: 13026K(13824K)->13026K(13824K)
[2025-12-25T04:33:16.746+0000][652.386s][info][gc             ] GC(1057) Pause Young (Allocation Failure) 241M->164M(278M) 3.944ms
[2025-12-25T04:33:16.746+0000][652.386s][info][gc,cpu         ] GC(1057) User=0.00s Sys=0.00s Real=0.01s
[2025-12-25T04:33:17.823+0000][653.463s][info][gc,start       ] GC(1058) Pause Young (Allocation Failure)
[2025-12-25T04:33:17.829+0000][653.469s][info][gc,heap        ] GC(1058) DefNew: 79829K(88512K)->1110K(88512K) Eden: 78720K(78720K)->0K(78720K) From: 1109K(9792K)->1110K(9792K)
[2025-12-25T04:33:17.829+0000][653.469s][info][gc,heap        ] GC(1058) Tenured: 166936K(196608K)->166938K(196608K)
[2025-12-25T04:33:17.829+0000][653.469s][info][gc,metaspace   ] GC(1058) Metaspace: 97834K(99264K)->97834K(99264K) NonClass: 84807K(85440K)->84807K(85440K) Class: 13026K(13824K)->13026K(13824K)
[2025-12-25T04:33:17.829+0000][653.469s][info][gc             ] GC(1058) Pause Young (Allocation Failure) 240M->164M(278M) 5.991ms
[2025-12-25T04:33:17.829+0000][653.469s][info][gc,cpu         ] GC(1058) User=0.00s Sys=0.00s Real=0.01s
[2025-12-25T04:33:18.144+0000][653.784s][info][gc,start       ] GC(1059) Pause Young (Allocation Failure)
[2025-12-25T04:33:18.179+0000][653.819s][info][gc,heap        ] GC(1059) DefNew: 79780K(88512K)->2750K(88512K) Eden: 78670K(78720K)->0K(78720K) From: 1110K(9792K)->2750K(9792K)
[2025-12-25T04:33:18.179+0000][653.819s][info][gc,heap        ] GC(1059) Tenured: 166938K(196608K)->166948K(196608K)
[2025-12-25T04:33:18.179+0000][653.819s][info][gc,metaspace   ] GC(1059) Metaspace: 97834K(99264K)->97834K(99264K) NonClass: 84807K(85440K)->84807K(85440K) Class: 13026K(13824K)->13026K(13824K)
[2025-12-25T04:33:18.179+0000][653.819s][info][gc             ] GC(1059) Pause Young (Allocation Failure) 240M->165M(278M) 35.400ms
[2025-12-25T04:33:18.180+0000][653.820s][info][gc,cpu         ] GC(1059) User=0.01s Sys=0.00s Real=0.04s
[2025-12-25T04:33:18.291+0000][653.931s][info][gc,start       ] GC(1060) Pause Young (Allocation Failure)
[2025-12-25T04:33:18.319+0000][653.959s][info][gc,heap        ] GC(1060) DefNew: 81470K(88512K)->2234K(88512K) Eden: 78720K(78720K)->0K(78720K) From: 2750K(9792K)->2234K(9792K)
[2025-12-25T04:33:18.323+0000][653.963s][info][gc,heap        ] GC(1060) Tenured: 166948K(196608K)->166966K(196608K)
[2025-12-25T04:33:18.323+0000][653.963s][info][gc,metaspace   ] GC(1060) Metaspace: 97834K(99264K)->97834K(99264K) NonClass: 84807K(85440K)->84807K(85440K) Class: 13026K(13824K)->13026K(13824K)
[2025-12-25T04:33:18.325+0000][653.964s][info][gc             ] GC(1060) Pause Young (Allocation Failure) 242M->165M(278M) 33.742ms
[2025-12-25T04:33:18.325+0000][653.965s][info][gc,cpu         ] GC(1060) User=0.01s Sys=0.00s Real=0.04s
[2025-12-25T04:33:18.459+0000][654.099s][info][gc,start       ] GC(1061) Pause Young (Allocation Failure)
[2025-12-25T04:33:18.466+0000][654.106s][info][gc,heap        ] GC(1061) DefNew: 80954K(88512K)->2170K(88512K) Eden: 78720K(78720K)->0K(78720K) From: 2234K(9792K)->2170K(9792K)
[2025-12-25T04:33:18.466+0000][654.106s][info][gc,heap        ] GC(1061) Tenured: 166966K(196608K)->166968K(196608K)
[2025-12-25T04:33:18.466+0000][654.106s][info][gc,metaspace   ] GC(1061) Metaspace: 97834K(99264K)->97834K(99264K) NonClass: 84807K(85440K)->84807K(85440K) Class: 13026K(13824K)->13026K(13824K)
[2025-12-25T04:33:18.467+0000][654.107s][info][gc             ] GC(1061) Pause Young (Allocation Failure) 242M->165M(278M) 8.117ms
[2025-12-25T04:33:18.467+0000][654.107s][info][gc,cpu         ] GC(1061) User=0.01s Sys=0.00s Real=0.01s
[2025-12-25T04:33:18.601+0000][654.240s][info][gc,start       ] GC(1062) Pause Young (Allocation Failure)
[2025-12-25T04:33:18.621+0000][654.261s][info][gc,heap        ] GC(1062) DefNew: 80890K(88512K)->2811K(88512K) Eden: 78720K(78720K)->0K(78720K) From: 2170K(9792K)->2811K(9792K)
[2025-12-25T04:33:18.623+0000][654.263s][info][gc,heap        ] GC(1062) Tenured: 166968K(196608K)->166978K(196608K)
[2025-12-25T04:33:18.623+0000][654.263s][info][gc,metaspace   ] GC(1062) Metaspace: 97834K(99264K)->97834K(99264K) NonClass: 84807K(85440K)->84807K(85440K) Class: 13026K(13824K)->13026K(13824K)
[2025-12-25T04:33:18.624+0000][654.264s][info][gc             ] GC(1062) Pause Young (Allocation Failure) 242M->165M(278M) 23.148ms
[2025-12-25T04:33:18.624+0000][654.264s][info][gc,cpu         ] GC(1062) User=0.00s Sys=0.00s Real=0.02s
[2025-12-25T04:33:18.720+0000][654.360s][info][gc,start       ] GC(1063) Pause Young (Allocation Failure)
[2025-12-25T04:33:18.727+0000][654.367s][info][gc,heap        ] GC(1063) DefNew: 81531K(88512K)->3355K(88512K) Eden: 78720K(78720K)->0K(78720K) From: 2811K(9792K)->3355K(9792K)
[2025-12-25T04:33:18.727+0000][654.367s][info][gc,heap        ] GC(1063) Tenured: 166978K(196608K)->166988K(196608K)
[2025-12-25T04:33:18.728+0000][654.368s][info][gc,metaspace   ] GC(1063) Metaspace: 97834K(99264K)->97834K(99264K) NonClass: 84807K(85440K)->84807K(85440K) Class: 13026K(13824K)->13026K(13824K)
[2025-12-25T04:33:18.728+0000][654.368s][info][gc             ] GC(1063) Pause Young (Allocation Failure) 242M->166M(278M) 7.664ms
[2025-12-25T04:33:18.728+0000][654.368s][info][gc,cpu         ] GC(1063) User=0.01s Sys=0.00s Real=0.01s
[2025-12-25T04:33:18.845+0000][654.485s][info][gc,start       ] GC(1064) Pause Young (Allocation Failure)
[2025-12-25T04:33:18.857+0000][654.497s][info][gc,heap        ] GC(1064) DefNew: 82075K(88512K)->2060K(88512K) Eden: 78720K(78720K)->0K(78720K) From: 3355K(9792K)->2060K(9792K)
[2025-12-25T04:33:18.858+0000][654.498s][info][gc,heap        ] GC(1064) Tenured: 166988K(196608K)->167030K(196608K)
[2025-12-25T04:33:18.858+0000][654.498s][info][gc,metaspace   ] GC(1064) Metaspace: 97834K(99264K)->97834K(99264K) NonClass: 84807K(85440K)->84807K(85440K) Class: 13026K(13824K)->13026K(13824K)
[2025-12-25T04:33:18.858+0000][654.498s][info][gc             ] GC(1064) Pause Young (Allocation Failure) 243M->165M(278M) 12.923ms
[2025-12-25T04:33:18.858+0000][654.498s][info][gc,cpu         ] GC(1064) User=0.01s Sys=0.00s Real=0.01s
[2025-12-25T04:33:19.015+0000][654.655s][info][gc,start       ] GC(1065) Pause Young (Allocation Failure)
[2025-12-25T04:33:19.044+0000][654.684s][info][gc,heap        ] GC(1065) DefNew: 80780K(88512K)->2930K(88512K) Eden: 78720K(78720K)->0K(78720K) From: 2060K(9792K)->2930K(9792K)
[2025-12-25T04:33:19.045+0000][654.685s][info][gc,heap        ] GC(1065) Tenured: 167030K(196608K)->167041K(196608K)
[2025-12-25T04:33:19.046+0000][654.686s][info][gc,metaspace   ] GC(1065) Metaspace: 97834K(99264K)->97834K(99264K) NonClass: 84807K(85440K)->84807K(85440K) Class: 13026K(13824K)->13026K(13824K)
[2025-12-25T04:33:19.046+0000][654.686s][info][gc             ] GC(1065) Pause Young (Allocation Failure) 242M->165M(278M) 30.312ms
[2025-12-25T04:33:19.047+0000][654.687s][info][gc,cpu         ] GC(1065) User=0.01s Sys=0.00s Real=0.03s
[2025-12-25T04:33:19.139+0000][654.779s][info][gc,start       ] GC(1066) Pause Young (Allocation Failure)
[2025-12-25T04:33:19.147+0000][654.787s][info][gc,heap        ] GC(1066) DefNew: 81650K(88512K)->1752K(88512K) Eden: 78719K(78720K)->0K(78720K) From: 2930K(9792K)->1752K(9792K)
[2025-12-25T04:33:19.148+0000][654.788s][info][gc,heap        ] GC(1066) Tenured: 167041K(196608K)->167066K(196608K)
[2025-12-25T04:33:19.148+0000][654.788s][info][gc,metaspace   ] GC(1066) Metaspace: 97834K(99264K)->97834K(99264K) NonClass: 84807K(85440K)->84807K(85440K) Class: 13026K(13824K)->13026K(13824K)
[2025-12-25T04:33:19.148+0000][654.788s][info][gc             ] GC(1066) Pause Young (Allocation Failure) 242M->164M(278M) 8.962ms
[2025-12-25T04:33:19.149+0000][654.789s][info][gc,cpu         ] GC(1066) User=0.01s Sys=0.00s Real=0.01s
[2025-12-25T04:33:19.242+0000][654.882s][info][gc,start       ] GC(1067) Pause Young (Allocation Failure)
[2025-12-25T04:33:19.248+0000][654.888s][info][gc,heap        ] GC(1067) DefNew: 80472K(88512K)->3797K(88512K) Eden: 78720K(78720K)->0K(78720K) From: 1752K(9792K)->3797K(9792K)
[2025-12-25T04:33:19.249+0000][654.889s][info][gc,heap        ] GC(1067) Tenured: 167066K(196608K)->167066K(196608K)
[2025-12-25T04:33:19.249+0000][654.889s][info][gc,metaspace   ] GC(1067) Metaspace: 97834K(99264K)->97834K(99264K) NonClass: 84807K(85440K)->84807K(85440K) Class: 13026K(13824K)->13026K(13824K)
[2025-12-25T04:33:19.249+0000][654.889s][info][gc             ] GC(1067) Pause Young (Allocation Failure) 241M->166M(278M) 6.707ms
[2025-12-25T04:33:19.250+0000][654.890s][info][gc,cpu         ] GC(1067) User=0.01s Sys=0.00s Real=0.01s
[2025-12-25T04:33:19.381+0000][655.021s][info][gc,start       ] GC(1068) Pause Young (Allocation Failure)
[2025-12-25T04:33:19.386+0000][655.026s][info][gc,heap        ] GC(1068) DefNew: 82517K(88512K)->2829K(88512K) Eden: 78720K(78720K)->0K(78720K) From: 3797K(9792K)->2829K(9792K)
[2025-12-25T04:33:19.387+0000][655.027s][info][gc,heap        ] GC(1068) Tenured: 167066K(196608K)->167072K(196608K)
[2025-12-25T04:33:19.387+0000][655.027s][info][gc,metaspace   ] GC(1068) Metaspace: 97834K(99264K)->97834K(99264K) NonClass: 84807K(85440K)->84807K(85440K) Class: 13026K(13824K)->13026K(13824K)
[2025-12-25T04:33:19.387+0000][655.027s][info][gc             ] GC(1068) Pause Young (Allocation Failure) 243M->165M(278M) 6.483ms
[2025-12-25T04:33:19.388+0000][655.028s][info][gc,cpu         ] GC(1068) User=0.01s Sys=0.00s Real=0.01s
[2025-12-25T04:33:19.532+0000][655.172s][info][gc,start       ] GC(1069) Pause Young (Allocation Failure)
[2025-12-25T04:33:19.542+0000][655.182s][info][gc,heap        ] GC(1069) DefNew: 81549K(88512K)->2381K(88512K) Eden: 78720K(78720K)->0K(78720K) From: 2829K(9792K)->2381K(9792K)
[2025-12-25T04:33:19.543+0000][655.183s][info][gc,heap        ] GC(1069) Tenured: 167072K(196608K)->167075K(196608K)
[2025-12-25T04:33:19.543+0000][655.183s][info][gc,metaspace   ] GC(1069) Metaspace: 97834K(99264K)->97834K(99264K) NonClass: 84807K(85440K)->84807K(85440K) Class: 13026K(13824K)->13026K(13824K)
[2025-12-25T04:33:19.543+0000][655.183s][info][gc             ] GC(1069) Pause Young (Allocation Failure) 242M->165M(278M) 11.742ms
[2025-12-25T04:33:19.544+0000][655.184s][info][gc,cpu         ] GC(1069) User=0.00s Sys=0.01s Real=0.01s
[2025-12-25T04:33:19.688+0000][655.328s][info][gc,start       ] GC(1070) Pause Young (Allocation Failure)
[2025-12-25T04:33:19.695+0000][655.335s][info][gc,heap        ] GC(1070) DefNew: 81101K(88512K)->2351K(88512K) Eden: 78720K(78720K)->0K(78720K) From: 2381K(9792K)->2351K(9792K)
[2025-12-25T04:33:19.696+0000][655.336s][info][gc,heap        ] GC(1070) Tenured: 167075K(196608K)->167076K(196608K)
[2025-12-25T04:33:19.696+0000][655.336s][info][gc,metaspace   ] GC(1070) Metaspace: 97834K(99264K)->97834K(99264K) NonClass: 84807K(85440K)->84807K(85440K) Class: 13026K(13824K)->13026K(13824K)
[2025-12-25T04:33:19.696+0000][655.336s][info][gc             ] GC(1070) Pause Young (Allocation Failure) 242M->165M(278M) 8.220ms
[2025-12-25T04:33:19.697+0000][655.337s][info][gc,cpu         ] GC(1070) User=0.00s Sys=0.00s Real=0.01s
[2025-12-25T04:33:19.799+0000][655.439s][info][gc,start       ] GC(1071) Pause Young (Allocation Failure)
[2025-12-25T04:33:19.805+0000][655.445s][info][gc,heap        ] GC(1071) DefNew: 81071K(88512K)->3094K(88512K) Eden: 78720K(78720K)->0K(78720K) From: 2351K(9792K)->3094K(9792K)
[2025-12-25T04:33:19.806+0000][655.446s][info][gc,heap        ] GC(1071) Tenured: 167076K(196608K)->167077K(196608K)
[2025-12-25T04:33:19.807+0000][655.447s][info][gc,metaspace   ] GC(1071) Metaspace: 97834K(99264K)->97834K(99264K) NonClass: 84807K(85440K)->84807K(85440K) Class: 13026K(13824K)->13026K(13824K)
[2025-12-25T04:33:19.807+0000][655.447s][info][gc             ] GC(1071) Pause Young (Allocation Failure) 242M->166M(278M) 7.934ms
[2025-12-25T04:33:19.808+0000][655.448s][info][gc,cpu         ] GC(1071) User=0.00s Sys=0.00s Real=0.01s
[2025-12-25T04:33:19.912+0000][655.552s][info][gc,start       ] GC(1072) Pause Young (Allocation Failure)
[2025-12-25T04:33:19.919+0000][655.559s][info][gc,heap        ] GC(1072) DefNew: 81814K(88512K)->3041K(88512K) Eden: 78720K(78720K)->0K(78720K) From: 3094K(9792K)->3041K(9792K)
[2025-12-25T04:33:19.920+0000][655.560s][info][gc,heap        ] GC(1072) Tenured: 167077K(196608K)->167077K(196608K)
[2025-12-25T04:33:19.921+0000][655.561s][info][gc,metaspace   ] GC(1072) Metaspace: 97834K(99264K)->97834K(99264K) NonClass: 84807K(85440K)->84807K(85440K) Class: 13026K(13824K)->13026K(13824K)
[2025-12-25T04:33:19.922+0000][655.562s][info][gc             ] GC(1072) Pause Young (Allocation Failure) 243M->166M(278M) 9.542ms
[2025-12-25T04:33:19.924+0000][655.564s][info][gc,cpu         ] GC(1072) User=0.00s Sys=0.00s Real=0.02s
[2025-12-25T04:33:20.041+0000][655.681s][info][gc,start       ] GC(1073) Pause Young (Allocation Failure)
[2025-12-25T04:33:20.057+0000][655.697s][info][gc,heap        ] GC(1073) DefNew: 81761K(88512K)->2767K(88512K) Eden: 78720K(78720K)->0K(78720K) From: 3041K(9792K)->2767K(9792K)
[2025-12-25T04:33:20.057+0000][655.697s][info][gc,heap        ] GC(1073) Tenured: 167077K(196608K)->167086K(196608K)
[2025-12-25T04:33:20.058+0000][655.698s][info][gc,metaspace   ] GC(1073) Metaspace: 97834K(99264K)->97834K(99264K) NonClass: 84807K(85440K)->84807K(85440K) Class: 13026K(13824K)->13026K(13824K)
[2025-12-25T04:33:20.059+0000][655.699s][info][gc             ] GC(1073) Pause Young (Allocation Failure) 243M->165M(278M) 17.929ms
[2025-12-25T04:33:20.060+0000][655.700s][info][gc,cpu         ] GC(1073) User=0.01s Sys=0.00s Real=0.02s
[2025-12-25T04:33:20.204+0000][655.844s][info][gc,start       ] GC(1074) Pause Young (Allocation Failure)
[2025-12-25T04:33:20.217+0000][655.857s][info][gc,heap        ] GC(1074) DefNew: 81487K(88512K)->2622K(88512K) Eden: 78720K(78720K)->0K(78720K) From: 2767K(9792K)->2622K(9792K)
[2025-12-25T04:33:20.220+0000][655.860s][info][gc,heap        ] GC(1074) Tenured: 167086K(196608K)->167119K(196608K)
[2025-12-25T04:33:20.220+0000][655.860s][info][gc,metaspace   ] GC(1074) Metaspace: 97834K(99264K)->97834K(99264K) NonClass: 84807K(85440K)->84807K(85440K) Class: 13026K(13824K)->13026K(13824K)
[2025-12-25T04:33:20.220+0000][655.860s][info][gc             ] GC(1074) Pause Young (Allocation Failure) 242M->165M(278M) 15.845ms
[2025-12-25T04:33:20.220+0000][655.860s][info][gc,cpu         ] GC(1074) User=0.01s Sys=0.00s Real=0.02s
[2025-12-25T04:33:20.319+0000][655.959s][info][gc,start       ] GC(1075) Pause Young (Allocation Failure)
[2025-12-25T04:33:20.323+0000][655.963s][info][gc,heap        ] GC(1075) DefNew: 81342K(88512K)->2826K(88512K) Eden: 78720K(78720K)->0K(78720K) From: 2622K(9792K)->2826K(9792K)
[2025-12-25T04:33:20.324+0000][655.964s][info][gc,heap        ] GC(1075) Tenured: 167119K(196608K)->167119K(196608K)
[2025-12-25T04:33:20.325+0000][655.965s][info][gc,metaspace   ] GC(1075) Metaspace: 97834K(99264K)->97834K(99264K) NonClass: 84807K(85440K)->84807K(85440K) Class: 13026K(13824K)->13026K(13824K)
[2025-12-25T04:33:20.327+0000][655.967s][info][gc             ] GC(1075) Pause Young (Allocation Failure) 242M->165M(278M) 7.425ms
[2025-12-25T04:33:20.327+0000][655.967s][info][gc,cpu         ] GC(1075) User=0.01s Sys=0.00s Real=0.01s
[2025-12-25T04:33:20.432+0000][656.072s][info][gc,start       ] GC(1076) Pause Young (Allocation Failure)
[2025-12-25T04:33:20.436+0000][656.076s][info][gc,heap        ] GC(1076) DefNew: 81546K(88512K)->2187K(88512K) Eden: 78720K(78720K)->0K(78720K) From: 2826K(9792K)->2187K(9792K)
[2025-12-25T04:33:20.436+0000][656.076s][info][gc,heap        ] GC(1076) Tenured: 167119K(196608K)->167136K(196608K)
[2025-12-25T04:33:20.436+0000][656.076s][info][gc,metaspace   ] GC(1076) Metaspace: 97834K(99264K)->97834K(99264K) NonClass: 84807K(85440K)->84807K(85440K) Class: 13026K(13824K)->13026K(13824K)
[2025-12-25T04:33:20.436+0000][656.076s][info][gc             ] GC(1076) Pause Young (Allocation Failure) 242M->165M(278M) 4.558ms
[2025-12-25T04:33:20.436+0000][656.076s][info][gc,cpu         ] GC(1076) User=0.01s Sys=0.00s Real=0.01s
[2025-12-25T04:33:20.619+0000][656.259s][info][gc,start       ] GC(1077) Pause Young (Allocation Failure)
[2025-12-25T04:33:20.631+0000][656.271s][info][gc,heap        ] GC(1077) DefNew: 80907K(88512K)->3024K(88512K) Eden: 78720K(78720K)->0K(78720K) From: 2187K(9792K)->3024K(9792K)
[2025-12-25T04:33:20.631+0000][656.271s][info][gc,heap        ] GC(1077) Tenured: 167136K(196608K)->167136K(196608K)
[2025-12-25T04:33:20.632+0000][656.272s][info][gc,metaspace   ] GC(1077) Metaspace: 97834K(99264K)->97834K(99264K) NonClass: 84807K(85440K)->84807K(85440K) Class: 13026K(13824K)->13026K(13824K)
[2025-12-25T04:33:20.632+0000][656.272s][info][gc             ] GC(1077) Pause Young (Allocation Failure) 242M->166M(278M) 12.907ms
[2025-12-25T04:33:20.633+0000][656.273s][info][gc,cpu         ] GC(1077) User=0.00s Sys=0.00s Real=0.01s
[2025-12-25T04:33:20.754+0000][656.394s][info][gc,start       ] GC(1078) Pause Young (Allocation Failure)
[2025-12-25T04:33:20.764+0000][656.404s][info][gc,heap        ] GC(1078) DefNew: 81744K(88512K)->3572K(88512K) Eden: 78720K(78720K)->0K(78720K) From: 3024K(9792K)->3572K(9792K)
[2025-12-25T04:33:20.767+0000][656.407s][info][gc,heap        ] GC(1078) Tenured: 167136K(196608K)->167152K(196608K)
[2025-12-25T04:33:20.768+0000][656.408s][info][gc,metaspace   ] GC(1078) Metaspace: 97834K(99264K)->97834K(99264K) NonClass: 84807K(85440K)->84807K(85440K) Class: 13026K(13824K)->13026K(13824K)
[2025-12-25T04:33:20.768+0000][656.408s][info][gc             ] GC(1078) Pause Young (Allocation Failure) 243M->166M(278M) 14.161ms
[2025-12-25T04:33:20.774+0000][656.414s][info][gc,cpu         ] GC(1078) User=0.00s Sys=0.00s Real=0.02s
[2025-12-25T04:33:20.897+0000][656.537s][info][gc,start       ] GC(1079) Pause Young (Allocation Failure)
[2025-12-25T04:33:20.909+0000][656.549s][info][gc,heap        ] GC(1079) DefNew: 82292K(88512K)->2757K(88512K) Eden: 78720K(78720K)->0K(78720K) From: 3572K(9792K)->2757K(9792K)
[2025-12-25T04:33:20.909+0000][656.549s][info][gc,heap        ] GC(1079) Tenured: 167152K(196608K)->167168K(196608K)
[2025-12-25T04:33:20.910+0000][656.550s][info][gc,metaspace   ] GC(1079) Metaspace: 97834K(99264K)->97834K(99264K) NonClass: 84807K(85440K)->84807K(85440K) Class: 13026K(13824K)->13026K(13824K)
[2025-12-25T04:33:20.910+0000][656.550s][info][gc             ] GC(1079) Pause Young (Allocation Failure) 243M->165M(278M) 13.001ms
[2025-12-25T04:33:20.911+0000][656.551s][info][gc,cpu         ] GC(1079) User=0.01s Sys=0.00s Real=0.01s
[2025-12-25T04:33:21.079+0000][656.719s][info][gc,start       ] GC(1080) Pause Young (Allocation Failure)
[2025-12-25T04:33:21.087+0000][656.727s][info][gc,heap        ] GC(1080) DefNew: 81477K(88512K)->2221K(88512K) Eden: 78720K(78720K)->0K(78720K) From: 2757K(9792K)->2221K(9792K)
[2025-12-25T04:33:21.090+0000][656.730s][info][gc,heap        ] GC(1080) Tenured: 167168K(196608K)->167168K(196608K)
[2025-12-25T04:33:21.090+0000][656.730s][info][gc,metaspace   ] GC(1080) Metaspace: 97834K(99264K)->97834K(99264K) NonClass: 84807K(85440K)->84807K(85440K) Class: 13026K(13824K)->13026K(13824K)
[2025-12-25T04:33:21.090+0000][656.730s][info][gc             ] GC(1080) Pause Young (Allocation Failure) 242M->165M(278M) 11.069ms
[2025-12-25T04:33:21.091+0000][656.731s][info][gc,cpu         ] GC(1080) User=0.00s Sys=0.00s Real=0.01s
[2025-12-25T04:33:21.209+0000][656.849s][info][gc,start       ] GC(1081) Pause Young (Allocation Failure)
[2025-12-25T04:33:21.215+0000][656.855s][info][gc,heap        ] GC(1081) DefNew: 80930K(88512K)->2268K(88512K) Eden: 78708K(78720K)->0K(78720K) From: 2221K(9792K)->2268K(9792K)
[2025-12-25T04:33:21.215+0000][656.855s][info][gc,heap        ] GC(1081) Tenured: 167168K(196608K)->167168K(196608K)
[2025-12-25T04:33:21.215+0000][656.855s][info][gc,metaspace   ] GC(1081) Metaspace: 97834K(99264K)->97834K(99264K) NonClass: 84807K(85440K)->84807K(85440K) Class: 13026K(13824K)->13026K(13824K)
[2025-12-25T04:33:21.216+0000][656.856s][info][gc             ] GC(1081) Pause Young (Allocation Failure) 242M->165M(278M) 6.723ms
[2025-12-25T04:33:21.216+0000][656.856s][info][gc,cpu         ] GC(1081) User=0.00s Sys=0.00s Real=0.01s
[2025-12-25T04:33:21.348+0000][656.988s][info][gc,start       ] GC(1082) Pause Young (Allocation Failure)
[2025-12-25T04:33:21.363+0000][657.003s][info][gc,heap        ] GC(1082) DefNew: 80988K(88512K)->2401K(88512K) Eden: 78720K(78720K)->0K(78720K) From: 2268K(9792K)->2401K(9792K)
[2025-12-25T04:33:21.364+0000][657.004s][info][gc,heap        ] GC(1082) Tenured: 167168K(196608K)->167168K(196608K)
[2025-12-25T04:33:21.364+0000][657.004s][info][gc,metaspace   ] GC(1082) Metaspace: 97834K(99264K)->97834K(99264K) NonClass: 84807K(85440K)->84807K(85440K) Class: 13026K(13824K)->13026K(13824K)
[2025-12-25T04:33:21.365+0000][657.005s][info][gc             ] GC(1082) Pause Young (Allocation Failure) 242M->165M(278M) 17.562ms
[2025-12-25T04:33:21.366+0000][657.006s][info][gc,cpu         ] GC(1082) User=0.01s Sys=0.00s Real=0.02s
[2025-12-25T04:33:21.513+0000][657.153s][info][gc,start       ] GC(1083) Pause Young (Allocation Failure)
[2025-12-25T04:33:21.519+0000][657.159s][info][gc,heap        ] GC(1083) DefNew: 81121K(88512K)->3278K(88512K) Eden: 78720K(78720K)->0K(78720K) From: 2401K(9792K)->3278K(9792K)
[2025-12-25T04:33:21.519+0000][657.159s][info][gc,heap        ] GC(1083) Tenured: 167168K(196608K)->167169K(196608K)
[2025-12-25T04:33:21.519+0000][657.159s][info][gc,metaspace   ] GC(1083) Metaspace: 97834K(99264K)->97834K(99264K) NonClass: 84807K(85440K)->84807K(85440K) Class: 13026K(13824K)->13026K(13824K)
[2025-12-25T04:33:21.520+0000][657.160s][info][gc             ] GC(1083) Pause Young (Allocation Failure) 242M->166M(278M) 6.231ms
[2025-12-25T04:33:21.520+0000][657.160s][info][gc,cpu         ] GC(1083) User=0.01s Sys=0.00s Real=0.01s
[2025-12-25T04:33:21.631+0000][657.271s][info][gc,start       ] GC(1084) Pause Young (Allocation Failure)
[2025-12-25T04:33:21.639+0000][657.279s][info][gc,heap        ] GC(1084) DefNew: 81998K(88512K)->3965K(88512K) Eden: 78720K(78720K)->0K(78720K) From: 3278K(9792K)->3965K(9792K)
[2025-12-25T04:33:21.639+0000][657.279s][info][gc,heap        ] GC(1084) Tenured: 167169K(196608K)->167169K(196608K)
[2025-12-25T04:33:21.640+0000][657.280s][info][gc,metaspace   ] GC(1084) Metaspace: 97844K(99264K)->97844K(99264K) NonClass: 84817K(85440K)->84817K(85440K) Class: 13027K(13824K)->13027K(13824K)
[2025-12-25T04:33:21.641+0000][657.281s][info][gc             ] GC(1084) Pause Young (Allocation Failure) 243M->167M(278M) 10.347ms
[2025-12-25T04:33:21.642+0000][657.282s][info][gc,cpu         ] GC(1084) User=0.01s Sys=0.00s Real=0.01s
[2025-12-25T04:33:21.763+0000][657.403s][info][gc,start       ] GC(1085) Pause Young (Allocation Failure)
[2025-12-25T04:33:21.774+0000][657.414s][info][gc,heap        ] GC(1085) DefNew: 82685K(88512K)->3178K(88512K) Eden: 78720K(78720K)->0K(78720K) From: 3965K(9792K)->3178K(9792K)
[2025-12-25T04:33:21.774+0000][657.414s][info][gc,heap        ] GC(1085) Tenured: 167169K(196608K)->167169K(196608K)
[2025-12-25T04:33:21.776+0000][657.416s][info][gc,metaspace   ] GC(1085) Metaspace: 97844K(99264K)->97844K(99264K) NonClass: 84817K(85440K)->84817K(85440K) Class: 13027K(13824K)->13027K(13824K)
[2025-12-25T04:33:21.776+0000][657.416s][info][gc             ] GC(1085) Pause Young (Allocation Failure) 243M->166M(278M) 12.867ms
[2025-12-25T04:33:21.776+0000][657.416s][info][gc,cpu         ] GC(1085) User=0.01s Sys=0.00s Real=0.02s
[2025-12-25T04:33:21.991+0000][657.631s][info][gc,start       ] GC(1086) Pause Young (Allocation Failure)
[2025-12-25T04:33:22.011+0000][657.651s][info][gc,heap        ] GC(1086) DefNew: 81898K(88512K)->3728K(88512K) Eden: 78720K(78720K)->0K(78720K) From: 3178K(9792K)->3728K(9792K)
[2025-12-25T04:33:22.012+0000][657.652s][info][gc,heap        ] GC(1086) Tenured: 167169K(196608K)->167185K(196608K)
[2025-12-25T04:33:22.012+0000][657.652s][info][gc,metaspace   ] GC(1086) Metaspace: 97844K(99264K)->97844K(99264K) NonClass: 84817K(85440K)->84817K(85440K) Class: 13027K(13824K)->13027K(13824K)
[2025-12-25T04:33:22.014+0000][657.654s][info][gc             ] GC(1086) Pause Young (Allocation Failure) 243M->166M(278M) 22.207ms
[2025-12-25T04:33:22.014+0000][657.654s][info][gc,cpu         ] GC(1086) User=0.02s Sys=0.00s Real=0.02s
[2025-12-25T04:33:22.224+0000][657.864s][info][gc,start       ] GC(1087) Pause Young (Allocation Failure)
[2025-12-25T04:33:22.243+0000][657.883s][info][gc,heap        ] GC(1087) DefNew: 82448K(88512K)->4735K(88512K) Eden: 78720K(78720K)->0K(78720K) From: 3728K(9792K)->4735K(9792K)
[2025-12-25T04:33:22.243+0000][657.883s][info][gc,heap        ] GC(1087) Tenured: 167185K(196608K)->167201K(196608K)
[2025-12-25T04:33:22.244+0000][657.884s][info][gc,metaspace   ] GC(1087) Metaspace: 97845K(99264K)->97845K(99264K) NonClass: 84817K(85440K)->84817K(85440K) Class: 13027K(13824K)->13027K(13824K)
[2025-12-25T04:33:22.244+0000][657.884s][info][gc             ] GC(1087) Pause Young (Allocation Failure) 243M->167M(278M) 20.059ms
[2025-12-25T04:33:22.244+0000][657.884s][info][gc,cpu         ] GC(1087) User=0.01s Sys=0.00s Real=0.02s
[2025-12-25T04:33:22.430+0000][658.070s][info][gc,start       ] GC(1088) Pause Young (Allocation Failure)
[2025-12-25T04:33:22.437+0000][658.077s][info][gc,heap        ] GC(1088) DefNew: 83455K(88512K)->3268K(88512K) Eden: 78720K(78720K)->0K(78720K) From: 4735K(9792K)->3268K(9792K)
[2025-12-25T04:33:22.437+0000][658.077s][info][gc,heap        ] GC(1088) Tenured: 167201K(196608K)->167234K(196608K)
[2025-12-25T04:33:22.438+0000][658.078s][info][gc,metaspace   ] GC(1088) Metaspace: 97845K(99264K)->97845K(99264K) NonClass: 84817K(85440K)->84817K(85440K) Class: 13027K(13824K)->13027K(13824K)
[2025-12-25T04:33:22.438+0000][658.078s][info][gc             ] GC(1088) Pause Young (Allocation Failure) 244M->166M(278M) 8.128ms
[2025-12-25T04:33:22.438+0000][658.078s][info][gc,cpu         ] GC(1088) User=0.00s Sys=0.00s Real=0.01s
[2025-12-25T04:33:22.576+0000][658.216s][info][gc,start       ] GC(1089) Pause Young (Allocation Failure)
[2025-12-25T04:33:22.596+0000][658.236s][info][gc,heap        ] GC(1089) DefNew: 81988K(88512K)->3495K(88512K) Eden: 78720K(78720K)->0K(78720K) From: 3268K(9792K)->3495K(9792K)
[2025-12-25T04:33:22.596+0000][658.236s][info][gc,heap        ] GC(1089) Tenured: 167234K(196608K)->167234K(196608K)
[2025-12-25T04:33:22.597+0000][658.237s][info][gc,metaspace   ] GC(1089) Metaspace: 97845K(99264K)->97845K(99264K) NonClass: 84817K(85440K)->84817K(85440K) Class: 13027K(13824K)->13027K(13824K)
[2025-12-25T04:33:22.598+0000][658.238s][info][gc             ] GC(1089) Pause Young (Allocation Failure) 243M->166M(278M) 21.802ms
[2025-12-25T04:33:22.599+0000][658.239s][info][gc,cpu         ] GC(1089) User=0.00s Sys=0.00s Real=0.02s
[2025-12-25T04:33:22.764+0000][658.404s][info][gc,start       ] GC(1090) Pause Young (Allocation Failure)
[2025-12-25T04:33:22.782+0000][658.422s][info][gc,heap        ] GC(1090) DefNew: 82215K(88512K)->4458K(88512K) Eden: 78720K(78720K)->0K(78720K) From: 3495K(9792K)->4458K(9792K)
[2025-12-25T04:33:22.783+0000][658.423s][info][gc,heap        ] GC(1090) Tenured: 167234K(196608K)->167234K(196608K)
[2025-12-25T04:33:22.784+0000][658.423s][info][gc,metaspace   ] GC(1090) Metaspace: 97845K(99264K)->97845K(99264K) NonClass: 84817K(85440K)->84817K(85440K) Class: 13027K(13824K)->13027K(13824K)
[2025-12-25T04:33:22.784+0000][658.424s][info][gc             ] GC(1090) Pause Young (Allocation Failure) 243M->167M(278M) 19.953ms
[2025-12-25T04:33:22.784+0000][658.424s][info][gc,cpu         ] GC(1090) User=0.01s Sys=0.00s Real=0.02s
[2025-12-25T04:33:22.869+0000][658.509s][info][gc,start       ] GC(1091) Pause Young (Allocation Failure)
[2025-12-25T04:33:22.879+0000][658.519s][info][gc,heap        ] GC(1091) DefNew: 83178K(88512K)->4666K(88512K) Eden: 78720K(78720K)->0K(78720K) From: 4458K(9792K)->4666K(9792K)
[2025-12-25T04:33:22.880+0000][658.520s][info][gc,heap        ] GC(1091) Tenured: 167234K(196608K)->167234K(196608K)
[2025-12-25T04:33:22.881+0000][658.521s][info][gc,metaspace   ] GC(1091) Metaspace: 97845K(99264K)->97845K(99264K) NonClass: 84817K(85440K)->84817K(85440K) Class: 13027K(13824K)->13027K(13824K)
[2025-12-25T04:33:22.881+0000][658.521s][info][gc             ] GC(1091) Pause Young (Allocation Failure) 244M->167M(278M) 11.434ms
[2025-12-25T04:33:22.881+0000][658.521s][info][gc,cpu         ] GC(1091) User=0.00s Sys=0.00s Real=0.01s
[2025-12-25T04:33:22.997+0000][658.637s][info][gc,start       ] GC(1092) Pause Young (Allocation Failure)
[2025-12-25T04:33:23.002+0000][658.642s][info][gc,heap        ] GC(1092) DefNew: 83386K(88512K)->2744K(88512K) Eden: 78720K(78720K)->0K(78720K) From: 4666K(9792K)->2744K(9792K)
[2025-12-25T04:33:23.007+0000][658.646s][info][gc,heap        ] GC(1092) Tenured: 167234K(196608K)->167234K(196608K)
[2025-12-25T04:33:23.011+0000][658.651s][info][gc,metaspace   ] GC(1092) Metaspace: 97845K(99264K)->97845K(99264K) NonClass: 84817K(85440K)->84817K(85440K) Class: 13027K(13824K)->13027K(13824K)
[2025-12-25T04:33:23.014+0000][658.654s][info][gc             ] GC(1092) Pause Young (Allocation Failure) 244M->165M(278M) 17.557ms
[2025-12-25T04:33:23.018+0000][658.658s][info][gc,cpu         ] GC(1092) User=0.01s Sys=0.00s Real=0.02s
[2025-12-25T04:33:23.148+0000][658.788s][info][gc,start       ] GC(1093) Pause Young (Allocation Failure)
[2025-12-25T04:33:23.157+0000][658.797s][info][gc,heap        ] GC(1093) DefNew: 81464K(88512K)->3211K(88512K) Eden: 78720K(78720K)->0K(78720K) From: 2744K(9792K)->3211K(9792K)
[2025-12-25T04:33:23.157+0000][658.797s][info][gc,heap        ] GC(1093) Tenured: 167234K(196608K)->167234K(196608K)
[2025-12-25T04:33:23.160+0000][658.800s][info][gc,metaspace   ] GC(1093) Metaspace: 97845K(99264K)->97845K(99264K) NonClass: 84817K(85440K)->84817K(85440K) Class: 13027K(13824K)->13027K(13824K)
[2025-12-25T04:33:23.162+0000][658.802s][info][gc             ] GC(1093) Pause Young (Allocation Failure) 242M->166M(278M) 13.947ms
[2025-12-25T04:33:23.163+0000][658.803s][info][gc,cpu         ] GC(1093) User=0.01s Sys=0.01s Real=0.01s
[2025-12-25T04:33:23.304+0000][658.944s][info][gc,start       ] GC(1094) Pause Young (Allocation Failure)
[2025-12-25T04:33:23.327+0000][658.967s][info][gc,heap        ] GC(1094) DefNew: 81931K(88512K)->3333K(88512K) Eden: 78720K(78720K)->0K(78720K) From: 3211K(9792K)->3333K(9792K)
[2025-12-25T04:33:23.333+0000][658.973s][info][gc,heap        ] GC(1094) Tenured: 167234K(196608K)->167234K(196608K)
[2025-12-25T04:33:23.333+0000][658.973s][info][gc,metaspace   ] GC(1094) Metaspace: 97845K(99264K)->97845K(99264K) NonClass: 84817K(85440K)->84817K(85440K) Class: 13027K(13824K)->13027K(13824K)
[2025-12-25T04:33:23.333+0000][658.973s][info][gc             ] GC(1094) Pause Young (Allocation Failure) 243M->166M(278M) 29.449ms
[2025-12-25T04:33:23.333+0000][658.973s][info][gc,cpu         ] GC(1094) User=0.01s Sys=0.00s Real=0.03s
[2025-12-25T04:33:23.550+0000][659.190s][info][gc,start       ] GC(1095) Pause Young (Allocation Failure)
[2025-12-25T04:33:23.574+0000][659.214s][info][gc,heap        ] GC(1095) DefNew: 82053K(88512K)->3303K(88512K) Eden: 78719K(78720K)->0K(78720K) From: 3333K(9792K)->3303K(9792K)
[2025-12-25T04:33:23.575+0000][659.215s][info][gc,heap        ] GC(1095) Tenured: 167234K(196608K)->167251K(196608K)
[2025-12-25T04:33:23.576+0000][659.216s][info][gc,metaspace   ] GC(1095) Metaspace: 97845K(99264K)->97845K(99264K) NonClass: 84817K(85440K)->84817K(85440K) Class: 13027K(13824K)->13027K(13824K)
[2025-12-25T04:33:23.577+0000][659.217s][info][gc             ] GC(1095) Pause Young (Allocation Failure) 243M->166M(278M) 26.515ms
[2025-12-25T04:33:23.577+0000][659.217s][info][gc,cpu         ] GC(1095) User=0.01s Sys=0.00s Real=0.03s
[2025-12-25T04:33:23.726+0000][659.366s][info][gc,start       ] GC(1096) Pause Young (Allocation Failure)
[2025-12-25T04:33:23.734+0000][659.374s][info][gc,heap        ] GC(1096) DefNew: 82023K(88512K)->2882K(88512K) Eden: 78720K(78720K)->0K(78720K) From: 3303K(9792K)->2882K(9792K)
[2025-12-25T04:33:23.734+0000][659.374s][info][gc,heap        ] GC(1096) Tenured: 167251K(196608K)->167267K(196608K)
[2025-12-25T04:33:23.734+0000][659.374s][info][gc,metaspace   ] GC(1096) Metaspace: 97845K(99264K)->97845K(99264K) NonClass: 84817K(85440K)->84817K(85440K) Class: 13027K(13824K)->13027K(13824K)
[2025-12-25T04:33:23.734+0000][659.374s][info][gc             ] GC(1096) Pause Young (Allocation Failure) 243M->166M(278M) 8.422ms
[2025-12-25T04:33:23.735+0000][659.375s][info][gc,cpu         ] GC(1096) User=0.00s Sys=0.00s Real=0.01s
[2025-12-25T04:33:23.845+0000][659.485s][info][gc,start       ] GC(1097) Pause Young (Allocation Failure)
[2025-12-25T04:33:23.857+0000][659.497s][info][gc,heap        ] GC(1097) DefNew: 81596K(88512K)->3397K(88512K) Eden: 78713K(78720K)->0K(78720K) From: 2882K(9792K)->3397K(9792K)
[2025-12-25T04:33:23.858+0000][659.498s][info][gc,heap        ] GC(1097) Tenured: 167267K(196608K)->167275K(196608K)
[2025-12-25T04:33:23.859+0000][659.499s][info][gc,metaspace   ] GC(1097) Metaspace: 97845K(99264K)->97845K(99264K) NonClass: 84817K(85440K)->84817K(85440K) Class: 13027K(13824K)->13027K(13824K)
[2025-12-25T04:33:23.861+0000][659.501s][info][gc             ] GC(1097) Pause Young (Allocation Failure) 243M->166M(278M) 16.028ms
[2025-12-25T04:33:23.862+0000][659.502s][info][gc,cpu         ] GC(1097) User=0.00s Sys=0.00s Real=0.01s
[2025-12-25T04:33:24.023+0000][659.663s][info][gc,start       ] GC(1098) Pause Young (Allocation Failure)
[2025-12-25T04:33:24.033+0000][659.673s][info][gc,heap        ] GC(1098) DefNew: 82117K(88512K)->3896K(88512K) Eden: 78720K(78720K)->0K(78720K) From: 3397K(9792K)->3896K(9792K)
[2025-12-25T04:33:24.035+0000][659.675s][info][gc,heap        ] GC(1098) Tenured: 167275K(196608K)->167509K(196608K)
[2025-12-25T04:33:24.036+0000][659.675s][info][gc,metaspace   ] GC(1098) Metaspace: 97845K(99264K)->97845K(99264K) NonClass: 84817K(85440K)->84817K(85440K) Class: 13027K(13824K)->13027K(13824K)
[2025-12-25T04:33:24.036+0000][659.676s][info][gc             ] GC(1098) Pause Young (Allocation Failure) 243M->167M(278M) 12.670ms
[2025-12-25T04:33:24.037+0000][659.677s][info][gc,cpu         ] GC(1098) User=0.00s Sys=0.00s Real=0.02s
[2025-12-25T04:33:24.194+0000][659.834s][info][gc,start       ] GC(1099) Pause Young (Allocation Failure)
[2025-12-25T04:33:24.201+0000][659.841s][info][gc,heap        ] GC(1099) DefNew: 82616K(88512K)->2827K(88512K) Eden: 78720K(78720K)->0K(78720K) From: 3896K(9792K)->2827K(9792K)
[2025-12-25T04:33:24.202+0000][659.842s][info][gc,heap        ] GC(1099) Tenured: 167509K(196608K)->168064K(196608K)
[2025-12-25T04:33:24.202+0000][659.842s][info][gc,metaspace   ] GC(1099) Metaspace: 97845K(99264K)->97845K(99264K) NonClass: 84817K(85440K)->84817K(85440K) Class: 13027K(13824K)->13027K(13824K)
[2025-12-25T04:33:24.202+0000][659.842s][info][gc             ] GC(1099) Pause Young (Allocation Failure) 244M->166M(278M) 8.003ms
[2025-12-25T04:33:24.202+0000][659.842s][info][gc,cpu         ] GC(1099) User=0.01s Sys=0.00s Real=0.01s
[2025-12-25T04:33:24.325+0000][659.965s][info][gc,start       ] GC(1100) Pause Young (Allocation Failure)
[2025-12-25T04:33:24.331+0000][659.971s][info][gc,heap        ] GC(1100) DefNew: 81547K(88512K)->2016K(88512K) Eden: 78720K(78720K)->0K(78720K) From: 2827K(9792K)->2016K(9792K)
[2025-12-25T04:33:24.331+0000][659.971s][info][gc,heap        ] GC(1100) Tenured: 168064K(196608K)->168072K(196608K)
[2025-12-25T04:33:24.331+0000][659.971s][info][gc,metaspace   ] GC(1100) Metaspace: 97845K(99264K)->97845K(99264K) NonClass: 84817K(85440K)->84817K(85440K) Class: 13027K(13824K)->13027K(13824K)
[2025-12-25T04:33:24.332+0000][659.972s][info][gc             ] GC(1100) Pause Young (Allocation Failure) 243M->166M(278M) 7.115ms
[2025-12-25T04:33:24.332+0000][659.972s][info][gc,cpu         ] GC(1100) User=0.01s Sys=0.00s Real=0.00s
[2025-12-25T04:33:24.448+0000][660.088s][info][gc,start       ] GC(1101) Pause Young (Allocation Failure)
[2025-12-25T04:33:24.456+0000][660.096s][info][gc,heap        ] GC(1101) DefNew: 80736K(88512K)->2624K(88512K) Eden: 78720K(78720K)->0K(78720K) From: 2016K(9792K)->2624K(9792K)
[2025-12-25T04:33:24.456+0000][660.096s][info][gc,heap        ] GC(1101) Tenured: 168072K(196608K)->168088K(196608K)
[2025-12-25T04:33:24.457+0000][660.097s][info][gc,metaspace   ] GC(1101) Metaspace: 97845K(99264K)->97845K(99264K) NonClass: 84817K(85440K)->84817K(85440K) Class: 13027K(13824K)->13027K(13824K)
[2025-12-25T04:33:24.458+0000][660.098s][info][gc             ] GC(1101) Pause Young (Allocation Failure) 242M->166M(278M) 9.594ms
[2025-12-25T04:33:24.459+0000][660.099s][info][gc,cpu         ] GC(1101) User=0.00s Sys=0.00s Real=0.01s
[2025-12-25T04:33:24.616+0000][660.256s][info][gc,start       ] GC(1102) Pause Young (Allocation Failure)
[2025-12-25T04:33:24.646+0000][660.286s][info][gc,heap        ] GC(1102) DefNew: 81344K(88512K)->2042K(88512K) Eden: 78720K(78720K)->0K(78720K) From: 2624K(9792K)->2042K(9792K)
[2025-12-25T04:33:24.647+0000][660.287s][info][gc,heap        ] GC(1102) Tenured: 168088K(196608K)->168101K(196608K)
[2025-12-25T04:33:24.647+0000][660.287s][info][gc,metaspace   ] GC(1102) Metaspace: 97845K(99264K)->97845K(99264K) NonClass: 84817K(85440K)->84817K(85440K) Class: 13027K(13824K)->13027K(13824K)
[2025-12-25T04:33:24.647+0000][660.287s][info][gc             ] GC(1102) Pause Young (Allocation Failure) 243M->166M(278M) 31.900ms
[2025-12-25T04:33:24.648+0000][660.288s][info][gc,cpu         ] GC(1102) User=0.01s Sys=0.00s Real=0.03s
[2025-12-25T04:33:24.811+0000][660.451s][info][gc,start       ] GC(1103) Pause Young (Allocation Failure)
[2025-12-25T04:33:24.823+0000][660.463s][info][gc,heap        ] GC(1103) DefNew: 80762K(88512K)->3322K(88512K) Eden: 78720K(78720K)->0K(78720K) From: 2042K(9792K)->3322K(9792K)
[2025-12-25T04:33:24.830+0000][660.470s][info][gc,heap        ] GC(1103) Tenured: 168101K(196608K)->168108K(196608K)
[2025-12-25T04:33:24.830+0000][660.470s][info][gc,metaspace   ] GC(1103) Metaspace: 97848K(99264K)->97848K(99264K) NonClass: 84821K(85440K)->84821K(85440K) Class: 13027K(13824K)->13027K(13824K)
[2025-12-25T04:33:24.831+0000][660.471s][info][gc             ] GC(1103) Pause Young (Allocation Failure) 243M->167M(278M) 20.016ms
[2025-12-25T04:33:24.831+0000][660.471s][info][gc,cpu         ] GC(1103) User=0.01s Sys=0.00s Real=0.02s
[2025-12-25T04:33:24.994+0000][660.634s][info][gc,start       ] GC(1104) Pause Young (Allocation Failure)
[2025-12-25T04:33:25.005+0000][660.645s][info][gc,heap        ] GC(1104) DefNew: 82042K(88512K)->3273K(88512K) Eden: 78720K(78720K)->0K(78720K) From: 3322K(9792K)->3273K(9792K)
[2025-12-25T04:33:25.006+0000][660.646s][info][gc,heap        ] GC(1104) Tenured: 168108K(196608K)->168108K(196608K)
[2025-12-25T04:33:25.006+0000][660.646s][info][gc,metaspace   ] GC(1104) Metaspace: 97848K(99264K)->97848K(99264K) NonClass: 84821K(85440K)->84821K(85440K) Class: 13027K(13824K)->13027K(13824K)
[2025-12-25T04:33:25.007+0000][660.647s][info][gc             ] GC(1104) Pause Young (Allocation Failure) 244M->167M(278M) 12.587ms
[2025-12-25T04:33:25.008+0000][660.648s][info][gc,cpu         ] GC(1104) User=0.01s Sys=0.00s Real=0.02s
[2025-12-25T04:33:25.146+0000][660.786s][info][gc,start       ] GC(1105) Pause Young (Allocation Failure)
[2025-12-25T04:33:25.151+0000][660.791s][info][gc,heap        ] GC(1105) DefNew: 81993K(88512K)->3278K(88512K) Eden: 78720K(78720K)->0K(78720K) From: 3273K(9792K)->3278K(9792K)
[2025-12-25T04:33:25.151+0000][660.791s][info][gc,heap        ] GC(1105) Tenured: 168108K(196608K)->168123K(196608K)
[2025-12-25T04:33:25.151+0000][660.791s][info][gc,metaspace   ] GC(1105) Metaspace: 97848K(99264K)->97848K(99264K) NonClass: 84821K(85440K)->84821K(85440K) Class: 13027K(13824K)->13027K(13824K)
[2025-12-25T04:33:25.152+0000][660.792s][info][gc             ] GC(1105) Pause Young (Allocation Failure) 244M->167M(278M) 5.895ms
[2025-12-25T04:33:25.152+0000][660.792s][info][gc,cpu         ] GC(1105) User=0.01s Sys=0.00s Real=0.00s
[2025-12-25T04:33:25.271+0000][660.911s][info][gc,start       ] GC(1106) Pause Young (Allocation Failure)
[2025-12-25T04:33:25.291+0000][660.931s][info][gc,heap        ] GC(1106) DefNew: 81998K(88512K)->2967K(88512K) Eden: 78720K(78720K)->0K(78720K) From: 3278K(9792K)->2967K(9792K)
[2025-12-25T04:33:25.291+0000][660.931s][info][gc,heap        ] GC(1106) Tenured: 168123K(196608K)->168123K(196608K)
[2025-12-25T04:33:25.291+0000][660.931s][info][gc,metaspace   ] GC(1106) Metaspace: 97848K(99264K)->97848K(99264K) NonClass: 84821K(85440K)->84821K(85440K) Class: 13027K(13824K)->13027K(13824K)
[2025-12-25T04:33:25.291+0000][660.931s][info][gc             ] GC(1106) Pause Young (Allocation Failure) 244M->167M(278M) 20.258ms
[2025-12-25T04:33:25.292+0000][660.932s][info][gc,cpu         ] GC(1106) User=0.00s Sys=0.00s Real=0.02s
[2025-12-25T04:33:25.431+0000][661.071s][info][gc,start       ] GC(1107) Pause Young (Allocation Failure)
[2025-12-25T04:33:25.440+0000][661.080s][info][gc,heap        ] GC(1107) DefNew: 81687K(88512K)->3476K(88512K) Eden: 78720K(78720K)->0K(78720K) From: 2967K(9792K)->3476K(9792K)
[2025-12-25T04:33:25.440+0000][661.080s][info][gc,heap        ] GC(1107) Tenured: 168123K(196608K)->168123K(196608K)
[2025-12-25T04:33:25.445+0000][661.085s][info][gc,metaspace   ] GC(1107) Metaspace: 97848K(99264K)->97848K(99264K) NonClass: 84821K(85440K)->84821K(85440K) Class: 13027K(13824K)->13027K(13824K)
[2025-12-25T04:33:25.445+0000][661.085s][info][gc             ] GC(1107) Pause Young (Allocation Failure) 243M->167M(278M) 14.839ms
[2025-12-25T04:33:25.446+0000][661.086s][info][gc,cpu         ] GC(1107) User=0.00s Sys=0.00s Real=0.02s
[2025-12-25T04:33:25.606+0000][661.246s][info][gc,start       ] GC(1108) Pause Young (Allocation Failure)
[2025-12-25T04:33:25.613+0000][661.253s][info][gc,heap        ] GC(1108) DefNew: 82196K(88512K)->4279K(88512K) Eden: 78720K(78720K)->0K(78720K) From: 3476K(9792K)->4279K(9792K)
[2025-12-25T04:33:25.614+0000][661.253s][info][gc,heap        ] GC(1108) Tenured: 168123K(196608K)->168124K(196608K)
[2025-12-25T04:33:25.614+0000][661.254s][info][gc,metaspace   ] GC(1108) Metaspace: 97848K(99264K)->97848K(99264K) NonClass: 84821K(85440K)->84821K(85440K) Class: 13027K(13824K)->13027K(13824K)
[2025-12-25T04:33:25.614+0000][661.254s][info][gc             ] GC(1108) Pause Young (Allocation Failure) 244M->168M(278M) 8.272ms
[2025-12-25T04:33:25.614+0000][661.254s][info][gc,cpu         ] GC(1108) User=0.01s Sys=0.00s Real=0.01s
[2025-12-25T04:33:25.748+0000][661.388s][info][gc,start       ] GC(1109) Pause Young (Allocation Failure)
[2025-12-25T04:33:25.754+0000][661.394s][info][gc,heap        ] GC(1109) DefNew: 82999K(88512K)->3999K(88512K) Eden: 78720K(78720K)->0K(78720K) From: 4279K(9792K)->3999K(9792K)
[2025-12-25T04:33:25.754+0000][661.394s][info][gc,heap        ] GC(1109) Tenured: 168124K(196608K)->168124K(196608K)
[2025-12-25T04:33:25.754+0000][661.394s][info][gc,metaspace   ] GC(1109) Metaspace: 97848K(99264K)->97848K(99264K) NonClass: 84821K(85440K)->84821K(85440K) Class: 13027K(13824K)->13027K(13824K)
[2025-12-25T04:33:25.755+0000][661.395s][info][gc             ] GC(1109) Pause Young (Allocation Failure) 245M->168M(278M) 6.809ms
[2025-12-25T04:33:25.755+0000][661.395s][info][gc,cpu         ] GC(1109) User=0.01s Sys=0.00s Real=0.01s
[2025-12-25T04:33:25.854+0000][661.494s][info][gc,start       ] GC(1110) Pause Young (Allocation Failure)
[2025-12-25T04:33:25.857+0000][661.497s][info][gc,heap        ] GC(1110) DefNew: 82719K(88512K)->3677K(88512K) Eden: 78720K(78720K)->0K(78720K) From: 3999K(9792K)->3677K(9792K)
[2025-12-25T04:33:25.859+0000][661.499s][info][gc,heap        ] GC(1110) Tenured: 168124K(196608K)->168132K(196608K)
[2025-12-25T04:33:25.859+0000][661.499s][info][gc,metaspace   ] GC(1110) Metaspace: 97848K(99264K)->97848K(99264K) NonClass: 84821K(85440K)->84821K(85440K) Class: 13027K(13824K)->13027K(13824K)
[2025-12-25T04:33:25.860+0000][661.500s][info][gc             ] GC(1110) Pause Young (Allocation Failure) 244M->167M(278M) 6.232ms
[2025-12-25T04:33:25.862+0000][661.502s][info][gc,cpu         ] GC(1110) User=0.01s Sys=0.00s Real=0.01s
[2025-12-25T04:33:26.008+0000][661.648s][info][gc,start       ] GC(1111) Pause Young (Allocation Failure)
[2025-12-25T04:33:26.019+0000][661.659s][info][gc,heap        ] GC(1111) DefNew: 82397K(88512K)->3363K(88512K) Eden: 78720K(78720K)->0K(78720K) From: 3677K(9792K)->3363K(9792K)
[2025-12-25T04:33:26.021+0000][661.661s][info][gc,heap        ] GC(1111) Tenured: 168132K(196608K)->168144K(196608K)
[2025-12-25T04:33:26.022+0000][661.662s][info][gc,metaspace   ] GC(1111) Metaspace: 97848K(99264K)->97848K(99264K) NonClass: 84821K(85440K)->84821K(85440K) Class: 13027K(13824K)->13027K(13824K)
[2025-12-25T04:33:26.023+0000][661.663s][info][gc             ] GC(1111) Pause Young (Allocation Failure) 244M->167M(278M) 14.322ms
[2025-12-25T04:33:26.023+0000][661.663s][info][gc,cpu         ] GC(1111) User=0.01s Sys=0.00s Real=0.01s
[2025-12-25T04:33:26.213+0000][661.853s][info][gc,start       ] GC(1112) Pause Young (Allocation Failure)
[2025-12-25T04:33:26.220+0000][661.860s][info][gc,heap        ] GC(1112) DefNew: 82083K(88512K)->3671K(88512K) Eden: 78720K(78720K)->0K(78720K) From: 3363K(9792K)->3671K(9792K)
[2025-12-25T04:33:26.220+0000][661.860s][info][gc,heap        ] GC(1112) Tenured: 168144K(196608K)->168170K(196608K)
[2025-12-25T04:33:26.220+0000][661.860s][info][gc,metaspace   ] GC(1112) Metaspace: 97848K(99264K)->97848K(99264K) NonClass: 84821K(85440K)->84821K(85440K) Class: 13027K(13824K)->13027K(13824K)
[2025-12-25T04:33:26.220+0000][661.860s][info][gc             ] GC(1112) Pause Young (Allocation Failure) 244M->167M(278M) 7.337ms
[2025-12-25T04:33:26.220+0000][661.860s][info][gc,cpu         ] GC(1112) User=0.01s Sys=0.00s Real=0.01s
[2025-12-25T04:33:26.303+0000][661.943s][info][gc,start       ] GC(1113) Pause Young (Allocation Failure)
[2025-12-25T04:33:26.315+0000][661.955s][info][gc,heap        ] GC(1113) DefNew: 82391K(88512K)->3069K(88512K) Eden: 78720K(78720K)->0K(78720K) From: 3671K(9792K)->3069K(9792K)
[2025-12-25T04:33:26.316+0000][661.956s][info][gc,heap        ] GC(1113) Tenured: 168170K(196608K)->168178K(196608K)
[2025-12-25T04:33:26.318+0000][661.958s][info][gc,metaspace   ] GC(1113) Metaspace: 97848K(99264K)->97848K(99264K) NonClass: 84821K(85440K)->84821K(85440K) Class: 13027K(13824K)->13027K(13824K)
[2025-12-25T04:33:26.318+0000][661.958s][info][gc             ] GC(1113) Pause Young (Allocation Failure) 244M->167M(278M) 15.384ms
[2025-12-25T04:33:26.318+0000][661.958s][info][gc,cpu         ] GC(1113) User=0.01s Sys=0.00s Real=0.02s
[2025-12-25T04:33:26.434+0000][662.074s][info][gc,start       ] GC(1114) Pause Young (Allocation Failure)
[2025-12-25T04:33:26.443+0000][662.083s][info][gc,heap        ] GC(1114) DefNew: 81789K(88512K)->3398K(88512K) Eden: 78720K(78720K)->0K(78720K) From: 3069K(9792K)->3398K(9792K)
[2025-12-25T04:33:26.444+0000][662.084s][info][gc,heap        ] GC(1114) Tenured: 168178K(196608K)->168280K(196608K)
[2025-12-25T04:33:26.445+0000][662.085s][info][gc,metaspace   ] GC(1114) Metaspace: 97854K(99264K)->97854K(99264K) NonClass: 84826K(85440K)->84826K(85440K) Class: 13027K(13824K)->13027K(13824K)
[2025-12-25T04:33:26.446+0000][662.086s][info][gc             ] GC(1114) Pause Young (Allocation Failure) 244M->167M(278M) 11.905ms
[2025-12-25T04:33:26.446+0000][662.086s][info][gc,cpu         ] GC(1114) User=0.01s Sys=0.01s Real=0.02s
[2025-12-25T04:33:26.535+0000][662.175s][info][gc,start       ] GC(1115) Pause Young (Allocation Failure)
[2025-12-25T04:33:26.544+0000][662.184s][info][gc,heap        ] GC(1115) DefNew: 82531K(88512K)->3884K(88512K) Eden: 78720K(78720K)->0K(78720K) From: 3811K(9792K)->3884K(9792K)
[2025-12-25T04:33:26.544+0000][662.184s][info][gc,heap        ] GC(1115) Tenured: 168280K(196608K)->168814K(196608K)
[2025-12-25T04:33:26.544+0000][662.184s][info][gc,metaspace   ] GC(1115) Metaspace: 97854K(99264K)->97854K(99264K) NonClass: 84826K(85440K)->84826K(85440K) Class: 13027K(13824K)->13027K(13824K)
[2025-12-25T04:33:26.545+0000][662.185s][info][gc             ] GC(1115) Pause Young (Allocation Failure) 244M->168M(278M) 10.034ms
[2025-12-25T04:33:26.546+0000][662.186s][info][gc,cpu         ] GC(1115) User=0.01s Sys=0.00s Real=0.01s
[2025-12-25T04:33:26.687+0000][662.327s][info][gc,start       ] GC(1116) Pause Young (Allocation Failure)
[2025-12-25T04:33:26.692+0000][662.332s][info][gc,heap        ] GC(1116) DefNew: 82604K(88512K)->3834K(88512K) Eden: 78720K(78720K)->0K(78720K) From: 3884K(9792K)->3834K(9792K)
[2025-12-25T04:33:26.692+0000][662.332s][info][gc,heap        ] GC(1116) Tenured: 168814K(196608K)->168814K(196608K)
[2025-12-25T04:33:26.692+0000][662.332s][info][gc,metaspace   ] GC(1116) Metaspace: 97854K(99264K)->97854K(99264K) NonClass: 84826K(85440K)->84826K(85440K) Class: 13027K(13824K)->13027K(13824K)
[2025-12-25T04:33:26.692+0000][662.332s][info][gc             ] GC(1116) Pause Young (Allocation Failure) 245M->168M(278M) 5.570ms
[2025-12-25T04:33:26.692+0000][662.332s][info][gc,cpu         ] GC(1116) User=0.00s Sys=0.00s Real=0.00s
[2025-12-25T04:33:26.845+0000][662.485s][info][gc,start       ] GC(1117) Pause Young (Allocation Failure)
[2025-12-25T04:33:26.851+0000][662.491s][info][gc,heap        ] GC(1117) DefNew: 82554K(88512K)->4006K(88512K) Eden: 78720K(78720K)->0K(78720K) From: 3834K(9792K)->4006K(9792K)
[2025-12-25T04:33:26.852+0000][662.492s][info][gc,heap        ] GC(1117) Tenured: 168814K(196608K)->168814K(196608K)
[2025-12-25T04:33:26.852+0000][662.492s][info][gc,metaspace   ] GC(1117) Metaspace: 97854K(99264K)->97854K(99264K) NonClass: 84826K(85440K)->84826K(85440K) Class: 13027K(13824K)->13027K(13824K)
[2025-12-25T04:33:26.852+0000][662.492s][info][gc             ] GC(1117) Pause Young (Allocation Failure) 245M->168M(278M) 6.807ms
[2025-12-25T04:33:26.852+0000][662.492s][info][gc,cpu         ] GC(1117) User=0.00s Sys=0.00s Real=0.00s
[2025-12-25T04:33:27.004+0000][662.644s][info][gc,start       ] GC(1118) Pause Young (Allocation Failure)
[2025-12-25T04:33:27.014+0000][662.654s][info][gc,heap        ] GC(1118) DefNew: 82726K(88512K)->3778K(88512K) Eden: 78720K(78720K)->0K(78720K) From: 4006K(9792K)->3778K(9792K)
[2025-12-25T04:33:27.018+0000][662.658s][info][gc,heap        ] GC(1118) Tenured: 168814K(196608K)->169479K(196608K)
[2025-12-25T04:33:27.018+0000][662.658s][info][gc,metaspace   ] GC(1118) Metaspace: 97854K(99264K)->97854K(99264K) NonClass: 84826K(85440K)->84826K(85440K) Class: 13027K(13824K)->13027K(13824K)
[2025-12-25T04:33:27.019+0000][662.659s][info][gc             ] GC(1118) Pause Young (Allocation Failure) 245M->169M(278M) 14.575ms
[2025-12-25T04:33:27.019+0000][662.659s][info][gc,cpu         ] GC(1118) User=0.00s Sys=0.00s Real=0.02s
[2025-12-25T04:33:27.148+0000][662.788s][info][gc,start       ] GC(1119) Pause Young (Allocation Failure)
[2025-12-25T04:33:27.157+0000][662.797s][info][gc,heap        ] GC(1119) DefNew: 82498K(88512K)->3958K(88512K) Eden: 78720K(78720K)->0K(78720K) From: 3778K(9792K)->3958K(9792K)
[2025-12-25T04:33:27.158+0000][662.798s][info][gc,heap        ] GC(1119) Tenured: 169479K(196608K)->169503K(196608K)
[2025-12-25T04:33:27.158+0000][662.798s][info][gc,metaspace   ] GC(1119) Metaspace: 97854K(99264K)->97854K(99264K) NonClass: 84827K(85440K)->84827K(85440K) Class: 13027K(13824K)->13027K(13824K)
[2025-12-25T04:33:27.160+0000][662.800s][info][gc             ] GC(1119) Pause Young (Allocation Failure) 246M->169M(278M) 11.941ms
[2025-12-25T04:33:27.161+0000][662.801s][info][gc,cpu         ] GC(1119) User=0.00s Sys=0.00s Real=0.01s
[2025-12-25T04:33:27.293+0000][662.933s][info][gc,start       ] GC(1120) Pause Young (Allocation Failure)
[2025-12-25T04:33:27.300+0000][662.940s][info][gc,heap        ] GC(1120) DefNew: 82678K(88512K)->4555K(88512K) Eden: 78720K(78720K)->0K(78720K) From: 3958K(9792K)->4555K(9792K)
[2025-12-25T04:33:27.301+0000][662.941s][info][gc,heap        ] GC(1120) Tenured: 169503K(196608K)->169504K(196608K)
[2025-12-25T04:33:27.301+0000][662.941s][info][gc,metaspace   ] GC(1120) Metaspace: 97898K(99264K)->97898K(99264K) NonClass: 84862K(85440K)->84862K(85440K) Class: 13035K(13824K)->13035K(13824K)
[2025-12-25T04:33:27.301+0000][662.941s][info][gc             ] GC(1120) Pause Young (Allocation Failure) 246M->169M(278M) 7.613ms
[2025-12-25T04:33:27.301+0000][662.941s][info][gc,cpu         ] GC(1120) User=0.01s Sys=0.00s Real=0.01s
[2025-12-25T04:33:27.429+0000][663.069s][info][gc,start       ] GC(1121) Pause Young (Allocation Failure)
[2025-12-25T04:33:27.443+0000][663.083s][info][gc,heap        ] GC(1121) DefNew: 83275K(88512K)->4147K(88512K) Eden: 78720K(78720K)->0K(78720K) From: 4555K(9792K)->4147K(9792K)
[2025-12-25T04:33:27.443+0000][663.083s][info][gc,heap        ] GC(1121) Tenured: 169504K(196608K)->169717K(196608K)
[2025-12-25T04:33:27.444+0000][663.084s][info][gc,metaspace   ] GC(1121) Metaspace: 97898K(99264K)->97898K(99264K) NonClass: 84862K(85440K)->84862K(85440K) Class: 13035K(13824K)->13035K(13824K)
[2025-12-25T04:33:27.444+0000][663.084s][info][gc             ] GC(1121) Pause Young (Allocation Failure) 246M->169M(278M) 15.557ms
[2025-12-25T04:33:27.445+0000][663.085s][info][gc,cpu         ] GC(1121) User=0.01s Sys=0.00s Real=0.02s
[2025-12-25T04:33:27.562+0000][663.202s][info][gc,start       ] GC(1122) Pause Young (Allocation Failure)
[2025-12-25T04:33:27.572+0000][663.212s][info][gc,heap        ] GC(1122) DefNew: 82867K(88512K)->3253K(88512K) Eden: 78720K(78720K)->0K(78720K) From: 4147K(9792K)->3253K(9792K)
[2025-12-25T04:33:27.573+0000][663.213s][info][gc,heap        ] GC(1122) Tenured: 169717K(196608K)->170071K(196608K)
[2025-12-25T04:33:27.573+0000][663.213s][info][gc,metaspace   ] GC(1122) Metaspace: 97898K(99264K)->97898K(99264K) NonClass: 84862K(85440K)->84862K(85440K) Class: 13035K(13824K)->13035K(13824K)
[2025-12-25T04:33:27.574+0000][663.214s][info][gc             ] GC(1122) Pause Young (Allocation Failure) 246M->169M(278M) 11.710ms
[2025-12-25T04:33:27.576+0000][663.216s][info][gc,cpu         ] GC(1122) User=0.00s Sys=0.00s Real=0.02s
[2025-12-25T04:33:27.699+0000][663.339s][info][gc,start       ] GC(1123) Pause Young (Allocation Failure)
[2025-12-25T04:33:27.709+0000][663.349s][info][gc,heap        ] GC(1123) DefNew: 81973K(88512K)->3084K(88512K) Eden: 78720K(78720K)->0K(78720K) From: 3253K(9792K)->3084K(9792K)
[2025-12-25T04:33:27.710+0000][663.350s][info][gc,heap        ] GC(1123) Tenured: 170071K(196608K)->170071K(196608K)
[2025-12-25T04:33:27.713+0000][663.353s][info][gc,metaspace   ] GC(1123) Metaspace: 97898K(99264K)->97898K(99264K) NonClass: 84862K(85440K)->84862K(85440K) Class: 13035K(13824K)->13035K(13824K)
[2025-12-25T04:33:27.718+0000][663.358s][info][gc             ] GC(1123) Pause Young (Allocation Failure) 246M->169M(278M) 19.343ms
[2025-12-25T04:33:27.719+0000][663.359s][info][gc,cpu         ] GC(1123) User=0.01s Sys=0.00s Real=0.02s
[2025-12-25T04:33:27.967+0000][663.607s][info][gc,start       ] GC(1124) Pause Young (Allocation Failure)
[2025-12-25T04:33:27.978+0000][663.618s][info][gc,heap        ] GC(1124) DefNew: 81804K(88512K)->3775K(88512K) Eden: 78720K(78720K)->0K(78720K) From: 3084K(9792K)->3775K(9792K)
[2025-12-25T04:33:27.978+0000][663.618s][info][gc,heap        ] GC(1124) Tenured: 170071K(196608K)->170071K(196608K)
[2025-12-25T04:33:27.978+0000][663.618s][info][gc,metaspace   ] GC(1124) Metaspace: 97898K(99264K)->97898K(99264K) NonClass: 84862K(85440K)->84862K(85440K) Class: 13035K(13824K)->13035K(13824K)
[2025-12-25T04:33:27.979+0000][663.619s][info][gc             ] GC(1124) Pause Young (Allocation Failure) 245M->169M(278M) 11.332ms
[2025-12-25T04:33:27.979+0000][663.619s][info][gc,cpu         ] GC(1124) User=0.01s Sys=0.00s Real=0.01s
[2025-12-25T04:33:28.161+0000][663.801s][info][gc,start       ] GC(1125) Pause Young (Allocation Failure)
[2025-12-25T04:33:28.187+0000][663.827s][info][gc,heap        ] GC(1125) DefNew: 82495K(88512K)->3644K(88512K) Eden: 78720K(78720K)->0K(78720K) From: 3775K(9792K)->3644K(9792K)
[2025-12-25T04:33:28.187+0000][663.827s][info][gc,heap        ] GC(1125) Tenured: 170071K(196608K)->170071K(196608K)
[2025-12-25T04:33:28.188+0000][663.828s][info][gc,metaspace   ] GC(1125) Metaspace: 97898K(99264K)->97898K(99264K) NonClass: 84862K(85440K)->84862K(85440K) Class: 13035K(13824K)->13035K(13824K)
[2025-12-25T04:33:28.188+0000][663.828s][info][gc             ] GC(1125) Pause Young (Allocation Failure) 246M->169M(278M) 27.163ms
[2025-12-25T04:33:28.188+0000][663.828s][info][gc,cpu         ] GC(1125) User=0.01s Sys=0.00s Real=0.03s
[2025-12-25T04:33:28.429+0000][664.069s][info][gc,start       ] GC(1126) Pause Young (Allocation Failure)
[2025-12-25T04:33:28.438+0000][664.078s][info][gc,heap        ] GC(1126) DefNew: 82364K(88512K)->3661K(88512K) Eden: 78720K(78720K)->0K(78720K) From: 3644K(9792K)->3661K(9792K)
[2025-12-25T04:33:28.439+0000][664.079s][info][gc,heap        ] GC(1126) Tenured: 170071K(196608K)->170071K(196608K)
[2025-12-25T04:33:28.439+0000][664.079s][info][gc,metaspace   ] GC(1126) Metaspace: 97898K(99264K)->97898K(99264K) NonClass: 84862K(85440K)->84862K(85440K) Class: 13035K(13824K)->13035K(13824K)
[2025-12-25T04:33:28.441+0000][664.081s][info][gc             ] GC(1126) Pause Young (Allocation Failure) 246M->169M(278M) 11.959ms
[2025-12-25T04:33:28.444+0000][664.084s][info][gc,cpu         ] GC(1126) User=0.01s Sys=0.00s Real=0.01s
[2025-12-25T04:33:28.593+0000][664.233s][info][gc,start       ] GC(1127) Pause Young (Allocation Failure)
[2025-12-25T04:33:28.601+0000][664.241s][info][gc,heap        ] GC(1127) DefNew: 82381K(88512K)->4203K(88512K) Eden: 78720K(78720K)->0K(78720K) From: 3661K(9792K)->4203K(9792K)
[2025-12-25T04:33:28.602+0000][664.242s][info][gc,heap        ] GC(1127) Tenured: 170071K(196608K)->170071K(196608K)
[2025-12-25T04:33:28.603+0000][664.243s][info][gc,metaspace   ] GC(1127) Metaspace: 97898K(99264K)->97898K(99264K) NonClass: 84862K(85440K)->84862K(85440K) Class: 13035K(13824K)->13035K(13824K)
[2025-12-25T04:33:28.603+0000][664.243s][info][gc             ] GC(1127) Pause Young (Allocation Failure) 246M->170M(278M) 10.267ms
[2025-12-25T04:33:28.603+0000][664.243s][info][gc,cpu         ] GC(1127) User=0.01s Sys=0.00s Real=0.01s
[2025-12-25T04:33:28.731+0000][664.371s][info][gc,start       ] GC(1128) Pause Young (Allocation Failure)
[2025-12-25T04:33:28.737+0000][664.377s][info][gc,heap        ] GC(1128) DefNew: 82923K(88512K)->3165K(88512K) Eden: 78720K(78720K)->0K(78720K) From: 4203K(9792K)->3165K(9792K)
[2025-12-25T04:33:28.741+0000][664.381s][info][gc,heap        ] GC(1128) Tenured: 170071K(196608K)->170079K(196608K)
[2025-12-25T04:33:28.742+0000][664.382s][info][gc,metaspace   ] GC(1128) Metaspace: 97898K(99264K)->97898K(99264K) NonClass: 84862K(85440K)->84862K(85440K) Class: 13035K(13824K)->13035K(13824K)
[2025-12-25T04:33:28.742+0000][664.382s][info][gc             ] GC(1128) Pause Young (Allocation Failure) 247M->169M(278M) 11.150ms
[2025-12-25T04:33:28.743+0000][664.383s][info][gc,cpu         ] GC(1128) User=0.00s Sys=0.00s Real=0.01s
[2025-12-25T04:33:28.853+0000][664.493s][info][gc,start       ] GC(1129) Pause Young (Allocation Failure)
[2025-12-25T04:33:28.858+0000][664.498s][info][gc,heap        ] GC(1129) DefNew: 81885K(88512K)->3611K(88512K) Eden: 78720K(78720K)->0K(78720K) From: 3165K(9792K)->3611K(9792K)
[2025-12-25T04:33:28.858+0000][664.498s][info][gc,heap        ] GC(1129) Tenured: 170079K(196608K)->170079K(196608K)
[2025-12-25T04:33:28.858+0000][664.498s][info][gc,metaspace   ] GC(1129) Metaspace: 97898K(99264K)->97898K(99264K) NonClass: 84862K(85440K)->84862K(85440K) Class: 13035K(13824K)->13035K(13824K)
[2025-12-25T04:33:28.858+0000][664.498s][info][gc             ] GC(1129) Pause Young (Allocation Failure) 246M->169M(278M) 5.558ms
[2025-12-25T04:33:28.858+0000][664.498s][info][gc,cpu         ] GC(1129) User=0.00s Sys=0.00s Real=0.01s
[2025-12-25T04:33:29.035+0000][664.675s][info][gc,start       ] GC(1130) Pause Young (Allocation Failure)
[2025-12-25T04:33:29.041+0000][664.681s][info][gc,heap        ] GC(1130) DefNew: 82331K(88512K)->3835K(88512K) Eden: 78720K(78720K)->0K(78720K) From: 3611K(9792K)->3835K(9792K)
[2025-12-25T04:33:29.042+0000][664.682s][info][gc,heap        ] GC(1130) Tenured: 170079K(196608K)->170183K(196608K)
[2025-12-25T04:33:29.043+0000][664.683s][info][gc,metaspace   ] GC(1130) Metaspace: 97898K(99264K)->97898K(99264K) NonClass: 84862K(85440K)->84862K(85440K) Class: 13035K(13824K)->13035K(13824K)
[2025-12-25T04:33:29.044+0000][664.684s][info][gc             ] GC(1130) Pause Young (Allocation Failure) 246M->169M(278M) 9.507ms
[2025-12-25T04:33:29.045+0000][664.685s][info][gc,cpu         ] GC(1130) User=0.00s Sys=0.00s Real=0.01s
[2025-12-25T04:33:29.219+0000][664.859s][info][gc,start       ] GC(1131) Pause Young (Allocation Failure)
[2025-12-25T04:33:29.229+0000][664.869s][info][gc,heap        ] GC(1131) DefNew: 82555K(88512K)->2306K(88512K) Eden: 78720K(78720K)->0K(78720K) From: 3835K(9792K)->2306K(9792K)
[2025-12-25T04:33:29.229+0000][664.869s][info][gc,heap        ] GC(1131) Tenured: 170183K(196608K)->170760K(196608K)
[2025-12-25T04:33:29.230+0000][664.870s][info][gc,metaspace   ] GC(1131) Metaspace: 97898K(99264K)->97898K(99264K) NonClass: 84862K(85440K)->84862K(85440K) Class: 13035K(13824K)->13035K(13824K)
[2025-12-25T04:33:29.230+0000][664.870s][info][gc             ] GC(1131) Pause Young (Allocation Failure) 246M->169M(278M) 11.186ms
[2025-12-25T04:33:29.230+0000][664.870s][info][gc,cpu         ] GC(1131) User=0.01s Sys=0.00s Real=0.01s
[2025-12-25T04:33:29.400+0000][665.040s][info][gc,start       ] GC(1132) Pause Young (Allocation Failure)
[2025-12-25T04:33:29.411+0000][665.051s][info][gc,heap        ] GC(1132) DefNew: 81026K(88512K)->3060K(88512K) Eden: 78720K(78720K)->0K(78720K) From: 2306K(9792K)->3060K(9792K)
[2025-12-25T04:33:29.411+0000][665.051s][info][gc,heap        ] GC(1132) Tenured: 170760K(196608K)->170841K(196608K)
[2025-12-25T04:33:29.412+0000][665.052s][info][gc,metaspace   ] GC(1132) Metaspace: 97898K(99264K)->97898K(99264K) NonClass: 84862K(85440K)->84862K(85440K) Class: 13035K(13824K)->13035K(13824K)
[2025-12-25T04:33:29.413+0000][665.053s][info][gc             ] GC(1132) Pause Young (Allocation Failure) 245M->169M(278M) 12.730ms
[2025-12-25T04:33:29.415+0000][665.055s][info][gc,cpu         ] GC(1132) User=0.01s Sys=0.00s Real=0.02s
[2025-12-25T04:33:29.573+0000][665.213s][info][gc,start       ] GC(1133) Pause Young (Allocation Failure)
[2025-12-25T04:33:29.586+0000][665.226s][info][gc,heap        ] GC(1133) DefNew: 81780K(88512K)->2959K(88512K) Eden: 78720K(78720K)->0K(78720K) From: 3060K(9792K)->2959K(9792K)
[2025-12-25T04:33:29.589+0000][665.229s][info][gc,heap        ] GC(1133) Tenured: 170841K(196608K)->170841K(196608K)
[2025-12-25T04:33:29.594+0000][665.234s][info][gc,metaspace   ] GC(1133) Metaspace: 97898K(99264K)->97898K(99264K) NonClass: 84862K(85440K)->84862K(85440K) Class: 13035K(13824K)->13035K(13824K)
[2025-12-25T04:33:29.594+0000][665.234s][info][gc             ] GC(1133) Pause Young (Allocation Failure) 246M->169M(278M) 21.040ms
[2025-12-25T04:33:29.595+0000][665.235s][info][gc,cpu         ] GC(1133) User=0.01s Sys=0.00s Real=0.03s
[2025-12-25T04:33:29.727+0000][665.367s][info][gc,start       ] GC(1134) Pause Young (Allocation Failure)
[2025-12-25T04:33:29.734+0000][665.374s][info][gc,heap        ] GC(1134) DefNew: 81679K(88512K)->3941K(88512K) Eden: 78720K(78720K)->0K(78720K) From: 2959K(9792K)->3941K(9792K)
[2025-12-25T04:33:29.734+0000][665.374s][info][gc,heap        ] GC(1134) Tenured: 170841K(196608K)->170883K(196608K)
[2025-12-25T04:33:29.737+0000][665.377s][info][gc,metaspace   ] GC(1134) Metaspace: 97898K(99264K)->97898K(99264K) NonClass: 84862K(85440K)->84862K(85440K) Class: 13035K(13824K)->13035K(13824K)
[2025-12-25T04:33:29.737+0000][665.377s][info][gc             ] GC(1134) Pause Young (Allocation Failure) 246M->170M(278M) 10.559ms
[2025-12-25T04:33:29.738+0000][665.378s][info][gc,cpu         ] GC(1134) User=0.01s Sys=0.00s Real=0.01s
[2025-12-25T04:33:29.858+0000][665.498s][info][gc,start       ] GC(1135) Pause Young (Allocation Failure)
[2025-12-25T04:33:29.863+0000][665.503s][info][gc,heap        ] GC(1135) DefNew: 82661K(88512K)->3237K(88512K) Eden: 78720K(78720K)->0K(78720K) From: 3941K(9792K)->3237K(9792K)
[2025-12-25T04:33:29.864+0000][665.504s][info][gc,heap        ] GC(1135) Tenured: 170883K(196608K)->170904K(196608K)
[2025-12-25T04:33:29.864+0000][665.504s][info][gc,metaspace   ] GC(1135) Metaspace: 97898K(99264K)->97898K(99264K) NonClass: 84862K(85440K)->84862K(85440K) Class: 13035K(13824K)->13035K(13824K)
[2025-12-25T04:33:29.865+0000][665.505s][info][gc             ] GC(1135) Pause Young (Allocation Failure) 247M->170M(278M) 7.250ms
[2025-12-25T04:33:29.867+0000][665.507s][info][gc,cpu         ] GC(1135) User=0.01s Sys=0.00s Real=0.01s
[2025-12-25T04:33:30.031+0000][665.671s][info][gc,start       ] GC(1136) Pause Young (Allocation Failure)
[2025-12-25T04:33:30.053+0000][665.693s][info][gc,heap        ] GC(1136) DefNew: 81957K(88512K)->3212K(88512K) Eden: 78720K(78720K)->0K(78720K) From: 3237K(9792K)->3212K(9792K)
[2025-12-25T04:33:30.053+0000][665.693s][info][gc,heap        ] GC(1136) Tenured: 170904K(196608K)->170904K(196608K)
[2025-12-25T04:33:30.055+0000][665.695s][info][gc,metaspace   ] GC(1136) Metaspace: 97898K(99264K)->97898K(99264K) NonClass: 84862K(85440K)->84862K(85440K) Class: 13035K(13824K)->13035K(13824K)
[2025-12-25T04:33:30.055+0000][665.695s][info][gc             ] GC(1136) Pause Young (Allocation Failure) 246M->170M(278M) 24.580ms
[2025-12-25T04:33:30.056+0000][665.696s][info][gc,cpu         ] GC(1136) User=0.00s Sys=0.00s Real=0.03s
[2025-12-25T04:33:30.196+0000][665.836s][info][gc,start       ] GC(1137) Pause Young (Allocation Failure)
[2025-12-25T04:33:30.211+0000][665.851s][info][gc,heap        ] GC(1137) DefNew: 81932K(88512K)->3579K(88512K) Eden: 78720K(78720K)->0K(78720K) From: 3212K(9792K)->3579K(9792K)
[2025-12-25T04:33:30.213+0000][665.853s][info][gc,heap        ] GC(1137) Tenured: 170904K(196608K)->170904K(196608K)
[2025-12-25T04:33:30.214+0000][665.854s][info][gc,metaspace   ] GC(1137) Metaspace: 97898K(99264K)->97898K(99264K) NonClass: 84862K(85440K)->84862K(85440K) Class: 13035K(13824K)->13035K(13824K)
[2025-12-25T04:33:30.214+0000][665.854s][info][gc             ] GC(1137) Pause Young (Allocation Failure) 246M->170M(278M) 17.675ms
[2025-12-25T04:33:30.214+0000][665.854s][info][gc,cpu         ] GC(1137) User=0.00s Sys=0.00s Real=0.02s
[2025-12-25T04:33:30.327+0000][665.967s][info][gc,start       ] GC(1138) Pause Young (Allocation Failure)
[2025-12-25T04:33:30.331+0000][665.971s][info][gc,heap        ] GC(1138) DefNew: 82299K(88512K)->2944K(88512K) Eden: 78720K(78720K)->0K(78720K) From: 3579K(9792K)->2944K(9792K)
[2025-12-25T04:33:30.332+0000][665.972s][info][gc,heap        ] GC(1138) Tenured: 170904K(196608K)->170934K(196608K)
[2025-12-25T04:33:30.332+0000][665.972s][info][gc,metaspace   ] GC(1138) Metaspace: 97898K(99264K)->97898K(99264K) NonClass: 84862K(85440K)->84862K(85440K) Class: 13035K(13824K)->13035K(13824K)
[2025-12-25T04:33:30.333+0000][665.973s][info][gc             ] GC(1138) Pause Young (Allocation Failure) 247M->169M(278M) 6.141ms
[2025-12-25T04:33:30.333+0000][665.973s][info][gc,cpu         ] GC(1138) User=0.00s Sys=0.00s Real=0.00s
[2025-12-25T04:33:30.474+0000][666.114s][info][gc,start       ] GC(1139) Pause Young (Allocation Failure)
[2025-12-25T04:33:30.483+0000][666.123s][info][gc,heap        ] GC(1139) DefNew: 81664K(88512K)->3751K(88512K) Eden: 78720K(78720K)->0K(78720K) From: 2944K(9792K)->3751K(9792K)
[2025-12-25T04:33:30.483+0000][666.123s][info][gc,heap        ] GC(1139) Tenured: 170934K(196608K)->171178K(196608K)
[2025-12-25T04:33:30.483+0000][666.123s][info][gc,metaspace   ] GC(1139) Metaspace: 97898K(99264K)->97898K(99264K) NonClass: 84862K(85440K)->84862K(85440K) Class: 13035K(13824K)->13035K(13824K)
[2025-12-25T04:33:30.485+0000][666.125s][info][gc             ] GC(1139) Pause Young (Allocation Failure) 246M->170M(278M) 10.277ms
[2025-12-25T04:33:30.485+0000][666.125s][info][gc,cpu         ] GC(1139) User=0.00s Sys=0.00s Real=0.01s
[2025-12-25T04:33:30.592+0000][666.232s][info][gc,start       ] GC(1140) Pause Young (Allocation Failure)
[2025-12-25T04:33:30.607+0000][666.247s][info][gc,heap        ] GC(1140) DefNew: 82471K(88512K)->2004K(88512K) Eden: 78720K(78720K)->0K(78720K) From: 3751K(9792K)->2004K(9792K)
[2025-12-25T04:33:30.608+0000][666.248s][info][gc,heap        ] GC(1140) Tenured: 171178K(196608K)->171187K(196608K)
[2025-12-25T04:33:30.609+0000][666.249s][info][gc,metaspace   ] GC(1140) Metaspace: 97898K(99264K)->97898K(99264K) NonClass: 84862K(85440K)->84862K(85440K) Class: 13035K(13824K)->13035K(13824K)
[2025-12-25T04:33:30.610+0000][666.250s][info][gc             ] GC(1140) Pause Young (Allocation Failure) 247M->169M(278M) 17.086ms
[2025-12-25T04:33:30.610+0000][666.250s][info][gc,cpu         ] GC(1140) User=0.00s Sys=0.00s Real=0.02s
[2025-12-25T04:33:30.734+0000][666.374s][info][gc,start       ] GC(1141) Pause Young (Allocation Failure)
[2025-12-25T04:33:30.739+0000][666.379s][info][gc,heap        ] GC(1141) DefNew: 80724K(88512K)->3210K(88512K) Eden: 78720K(78720K)->0K(78720K) From: 2004K(9792K)->3210K(9792K)
[2025-12-25T04:33:30.740+0000][666.380s][info][gc,heap        ] GC(1141) Tenured: 171187K(196608K)->171187K(196608K)
[2025-12-25T04:33:30.740+0000][666.380s][info][gc,metaspace   ] GC(1141) Metaspace: 97898K(99264K)->97898K(99264K) NonClass: 84862K(85440K)->84862K(85440K) Class: 13035K(13824K)->13035K(13824K)
[2025-12-25T04:33:30.740+0000][666.380s][info][gc             ] GC(1141) Pause Young (Allocation Failure) 246M->170M(278M) 5.993ms
[2025-12-25T04:33:30.741+0000][666.381s][info][gc,cpu         ] GC(1141) User=0.00s Sys=0.00s Real=0.00s
[2025-12-25T04:33:30.851+0000][666.491s][info][gc,start       ] GC(1142) Pause Young (Allocation Failure)
[2025-12-25T04:33:30.863+0000][666.503s][info][gc,heap        ] GC(1142) DefNew: 81930K(88512K)->3523K(88512K) Eden: 78720K(78720K)->0K(78720K) From: 3210K(9792K)->3523K(9792K)
[2025-12-25T04:33:30.864+0000][666.504s][info][gc,heap        ] GC(1142) Tenured: 171187K(196608K)->171211K(196608K)
[2025-12-25T04:33:30.867+0000][666.507s][info][gc,metaspace   ] GC(1142) Metaspace: 97898K(99264K)->97898K(99264K) NonClass: 84862K(85440K)->84862K(85440K) Class: 13035K(13824K)->13035K(13824K)
[2025-12-25T04:33:30.867+0000][666.507s][info][gc             ] GC(1142) Pause Young (Allocation Failure) 247M->170M(278M) 16.715ms
[2025-12-25T04:33:30.868+0000][666.508s][info][gc,cpu         ] GC(1142) User=0.01s Sys=0.00s Real=0.02s
[2025-12-25T04:33:31.007+0000][666.647s][info][gc,start       ] GC(1143) Pause Young (Allocation Failure)
[2025-12-25T04:33:31.018+0000][666.658s][info][gc,heap        ] GC(1143) DefNew: 82243K(88512K)->2690K(88512K) Eden: 78720K(78720K)->0K(78720K) From: 3523K(9792K)->2690K(9792K)
[2025-12-25T04:33:31.018+0000][666.658s][info][gc,heap        ] GC(1143) Tenured: 171211K(196608K)->171227K(196608K)
[2025-12-25T04:33:31.018+0000][666.658s][info][gc,metaspace   ] GC(1143) Metaspace: 97898K(99264K)->97898K(99264K) NonClass: 84862K(85440K)->84862K(85440K) Class: 13035K(13824K)->13035K(13824K)
[2025-12-25T04:33:31.018+0000][666.658s][info][gc             ] GC(1143) Pause Young (Allocation Failure) 247M->169M(278M) 10.754ms
[2025-12-25T04:33:31.018+0000][666.658s][info][gc,cpu         ] GC(1143) User=0.00s Sys=0.00s Real=0.01s
[2025-12-25T04:33:31.131+0000][666.771s][info][gc,start       ] GC(1144) Pause Young (Allocation Failure)
[2025-12-25T04:33:31.138+0000][666.778s][info][gc,heap        ] GC(1144) DefNew: 81410K(88512K)->2928K(88512K) Eden: 78720K(78720K)->0K(78720K) From: 2690K(9792K)->2928K(9792K)
[2025-12-25T04:33:31.139+0000][666.779s][info][gc,heap        ] GC(1144) Tenured: 171227K(196608K)->171227K(196608K)
[2025-12-25T04:33:31.139+0000][666.779s][info][gc,metaspace   ] GC(1144) Metaspace: 97898K(99264K)->97898K(99264K) NonClass: 84862K(85440K)->84862K(85440K) Class: 13035K(13824K)->13035K(13824K)
[2025-12-25T04:33:31.139+0000][666.779s][info][gc             ] GC(1144) Pause Young (Allocation Failure) 246M->170M(278M) 8.361ms
[2025-12-25T04:33:31.142+0000][666.782s][info][gc,cpu         ] GC(1144) User=0.00s Sys=0.00s Real=0.01s
[2025-12-25T04:33:31.258+0000][666.898s][info][gc,start       ] GC(1145) Pause Young (Allocation Failure)
[2025-12-25T04:33:31.283+0000][666.923s][info][gc,heap        ] GC(1145) DefNew: 81648K(88512K)->2990K(88512K) Eden: 78720K(78720K)->0K(78720K) From: 2928K(9792K)->2990K(9792K)
[2025-12-25T04:33:31.288+0000][666.928s][info][gc,heap        ] GC(1145) Tenured: 171227K(196608K)->171227K(196608K)
[2025-12-25T04:33:31.289+0000][666.929s][info][gc,metaspace   ] GC(1145) Metaspace: 97898K(99264K)->97898K(99264K) NonClass: 84862K(85440K)->84862K(85440K) Class: 13035K(13824K)->13035K(13824K)
[2025-12-25T04:33:31.289+0000][666.929s][info][gc             ] GC(1145) Pause Young (Allocation Failure) 246M->170M(278M) 31.324ms
[2025-12-25T04:33:31.290+0000][666.930s][info][gc,cpu         ] GC(1145) User=0.00s Sys=0.00s Real=0.03s
[2025-12-25T04:33:31.407+0000][667.047s][info][gc,start       ] GC(1146) Pause Young (Allocation Failure)
[2025-12-25T04:33:31.432+0000][667.072s][info][gc,heap        ] GC(1146) DefNew: 81709K(88512K)->3051K(88512K) Eden: 78719K(78720K)->0K(78720K) From: 2990K(9792K)->3051K(9792K)
[2025-12-25T04:33:31.433+0000][667.073s][info][gc,heap        ] GC(1146) Tenured: 171227K(196608K)->171502K(196608K)
[2025-12-25T04:33:31.434+0000][667.074s][info][gc,metaspace   ] GC(1146) Metaspace: 97898K(99264K)->97898K(99264K) NonClass: 84862K(85440K)->84862K(85440K) Class: 13035K(13824K)->13035K(13824K)
[2025-12-25T04:33:31.434+0000][667.074s][info][gc             ] GC(1146) Pause Young (Allocation Failure) 247M->170M(278M) 26.675ms
[2025-12-25T04:33:31.434+0000][667.074s][info][gc,cpu         ] GC(1146) User=0.01s Sys=0.00s Real=0.03s
[2025-12-25T04:33:31.579+0000][667.219s][info][gc,start       ] GC(1147) Pause Young (Allocation Failure)
[2025-12-25T04:33:31.594+0000][667.234s][info][gc,heap        ] GC(1147) DefNew: 81771K(88512K)->3809K(88512K) Eden: 78720K(78720K)->0K(78720K) From: 3051K(9792K)->3809K(9792K)
[2025-12-25T04:33:31.597+0000][667.237s][info][gc,heap        ] GC(1147) Tenured: 171502K(196608K)->171502K(196608K)
[2025-12-25T04:33:31.598+0000][667.238s][info][gc,metaspace   ] GC(1147) Metaspace: 97898K(99264K)->97898K(99264K) NonClass: 84862K(85440K)->84862K(85440K) Class: 13035K(13824K)->13035K(13824K)
[2025-12-25T04:33:31.599+0000][667.239s][info][gc             ] GC(1147) Pause Young (Allocation Failure) 247M->171M(278M) 19.339ms
[2025-12-25T04:33:31.600+0000][667.240s][info][gc,cpu         ] GC(1147) User=0.01s Sys=0.00s Real=0.02s
[2025-12-25T04:33:31.720+0000][667.360s][info][gc,start       ] GC(1148) Pause Young (Allocation Failure)
[2025-12-25T04:33:31.742+0000][667.382s][info][gc,heap        ] GC(1148) DefNew: 82529K(88512K)->2820K(88512K) Eden: 78720K(78720K)->0K(78720K) From: 3809K(9792K)->2820K(9792K)
[2025-12-25T04:33:31.745+0000][667.385s][info][gc,heap        ] GC(1148) Tenured: 171502K(196608K)->171615K(196608K)
[2025-12-25T04:33:31.746+0000][667.386s][info][gc,metaspace   ] GC(1148) Metaspace: 97898K(99264K)->97898K(99264K) NonClass: 84862K(85440K)->84862K(85440K) Class: 13035K(13824K)->13035K(13824K)
[2025-12-25T04:33:31.746+0000][667.386s][info][gc             ] GC(1148) Pause Young (Allocation Failure) 248M->170M(278M) 25.307ms
[2025-12-25T04:33:31.746+0000][667.386s][info][gc,cpu         ] GC(1148) User=0.01s Sys=0.00s Real=0.03s
[2025-12-25T04:33:31.911+0000][667.551s][info][gc,start       ] GC(1149) Pause Young (Allocation Failure)
[2025-12-25T04:33:31.919+0000][667.559s][info][gc,heap        ] GC(1149) DefNew: 81540K(88512K)->2696K(88512K) Eden: 78720K(78720K)->0K(78720K) From: 2820K(9792K)->2696K(9792K)
[2025-12-25T04:33:31.923+0000][667.563s][info][gc,heap        ] GC(1149) Tenured: 171615K(196608K)->171631K(196608K)
[2025-12-25T04:33:31.924+0000][667.564s][info][gc,metaspace   ] GC(1149) Metaspace: 97898K(99264K)->97898K(99264K) NonClass: 84862K(85440K)->84862K(85440K) Class: 13035K(13824K)->13035K(13824K)
[2025-12-25T04:33:31.927+0000][667.567s][info][gc             ] GC(1149) Pause Young (Allocation Failure) 247M->170M(278M) 15.580ms
[2025-12-25T04:33:31.928+0000][667.568s][info][gc,cpu         ] GC(1149) User=0.00s Sys=0.00s Real=0.02s
[2025-12-25T04:33:32.070+0000][667.710s][info][gc,start       ] GC(1150) Pause Young (Allocation Failure)
[2025-12-25T04:33:32.096+0000][667.736s][info][gc,heap        ] GC(1150) DefNew: 81416K(88512K)->4473K(88512K) Eden: 78720K(78720K)->0K(78720K) From: 2696K(9792K)->4473K(9792K)
[2025-12-25T04:33:32.097+0000][667.737s][info][gc,heap        ] GC(1150) Tenured: 171631K(196608K)->171639K(196608K)
[2025-12-25T04:33:32.098+0000][667.738s][info][gc,metaspace   ] GC(1150) Metaspace: 97898K(99264K)->97898K(99264K) NonClass: 84862K(85440K)->84862K(85440K) Class: 13035K(13824K)->13035K(13824K)
[2025-12-25T04:33:32.099+0000][667.739s][info][gc             ] GC(1150) Pause Young (Allocation Failure) 247M->171M(278M) 28.291ms
[2025-12-25T04:33:32.099+0000][667.739s][info][gc,cpu         ] GC(1150) User=0.01s Sys=0.00s Real=0.03s
[2025-12-25T04:33:32.236+0000][667.876s][info][gc,start       ] GC(1151) Pause Young (Allocation Failure)
[2025-12-25T04:33:32.256+0000][667.896s][info][gc,heap        ] GC(1151) DefNew: 83193K(88512K)->4245K(88512K) Eden: 78720K(78720K)->0K(78720K) From: 4473K(9792K)->4245K(9792K)
[2025-12-25T04:33:32.259+0000][667.899s][info][gc,heap        ] GC(1151) Tenured: 171639K(196608K)->171639K(196608K)
[2025-12-25T04:33:32.259+0000][667.899s][info][gc,metaspace   ] GC(1151) Metaspace: 97898K(99264K)->97898K(99264K) NonClass: 84862K(85440K)->84862K(85440K) Class: 13035K(13824K)->13035K(13824K)
[2025-12-25T04:33:32.259+0000][667.899s][info][gc             ] GC(1151) Pause Young (Allocation Failure) 248M->171M(278M) 23.480ms
[2025-12-25T04:33:32.259+0000][667.899s][info][gc,cpu         ] GC(1151) User=0.02s Sys=0.00s Real=0.02s
[2025-12-25T04:33:32.418+0000][668.058s][info][gc,start       ] GC(1152) Pause Young (Allocation Failure)
[2025-12-25T04:33:32.424+0000][668.064s][info][gc,heap        ] GC(1152) DefNew: 82965K(88512K)->4038K(88512K) Eden: 78720K(78720K)->0K(78720K) From: 4245K(9792K)->4038K(9792K)
[2025-12-25T04:33:32.424+0000][668.064s][info][gc,heap        ] GC(1152) Tenured: 171639K(196608K)->171639K(196608K)
[2025-12-25T04:33:32.424+0000][668.064s][info][gc,metaspace   ] GC(1152) Metaspace: 97898K(99264K)->97898K(99264K) NonClass: 84862K(85440K)->84862K(85440K) Class: 13035K(13824K)->13035K(13824K)
[2025-12-25T04:33:32.424+0000][668.064s][info][gc             ] GC(1152) Pause Young (Allocation Failure) 248M->171M(278M) 6.339ms
[2025-12-25T04:33:32.425+0000][668.065s][info][gc,cpu         ] GC(1152) User=0.00s Sys=0.00s Real=0.01s
[2025-12-25T04:33:32.565+0000][668.205s][info][gc,start       ] GC(1153) Pause Young (Allocation Failure)
[2025-12-25T04:33:32.569+0000][668.209s][info][gc,heap        ] GC(1153) DefNew: 82758K(88512K)->3672K(88512K) Eden: 78720K(78720K)->0K(78720K) From: 4038K(9792K)->3672K(9792K)
[2025-12-25T04:33:32.570+0000][668.210s][info][gc,heap        ] GC(1153) Tenured: 171639K(196608K)->171639K(196608K)
[2025-12-25T04:33:32.570+0000][668.210s][info][gc,metaspace   ] GC(1153) Metaspace: 97898K(99264K)->97898K(99264K) NonClass: 84862K(85440K)->84862K(85440K) Class: 13035K(13824K)->13035K(13824K)
[2025-12-25T04:33:32.570+0000][668.210s][info][gc             ] GC(1153) Pause Young (Allocation Failure) 248M->171M(278M) 4.952ms
[2025-12-25T04:33:32.570+0000][668.210s][info][gc,cpu         ] GC(1153) User=0.00s Sys=0.00s Real=0.00s
[2025-12-25T04:33:32.679+0000][668.319s][info][gc,start       ] GC(1154) Pause Young (Allocation Failure)
[2025-12-25T04:33:32.709+0000][668.349s][info][gc,heap        ] GC(1154) DefNew: 82392K(88512K)->3796K(88512K) Eden: 78720K(78720K)->0K(78720K) From: 3672K(9792K)->3796K(9792K)
[2025-12-25T04:33:32.710+0000][668.350s][info][gc,heap        ] GC(1154) Tenured: 171639K(196608K)->171640K(196608K)
[2025-12-25T04:33:32.711+0000][668.351s][info][gc,metaspace   ] GC(1154) Metaspace: 97898K(99264K)->97898K(99264K) NonClass: 84862K(85440K)->84862K(85440K) Class: 13035K(13824K)->13035K(13824K)
[2025-12-25T04:33:32.711+0000][668.351s][info][gc             ] GC(1154) Pause Young (Allocation Failure) 248M->171M(278M) 31.742ms
[2025-12-25T04:33:32.711+0000][668.351s][info][gc,cpu         ] GC(1154) User=0.01s Sys=0.00s Real=0.03s
[2025-12-25T04:33:32.812+0000][668.452s][info][gc,start       ] GC(1155) Pause Young (Allocation Failure)
[2025-12-25T04:33:32.817+0000][668.457s][info][gc,heap        ] GC(1155) DefNew: 82516K(88512K)->2998K(88512K) Eden: 78720K(78720K)->0K(78720K) From: 3796K(9792K)->2998K(9792K)
[2025-12-25T04:33:32.821+0000][668.461s][info][gc,heap        ] GC(1155) Tenured: 171640K(196608K)->171640K(196608K)
[2025-12-25T04:33:32.822+0000][668.462s][info][gc,metaspace   ] GC(1155) Metaspace: 97898K(99264K)->97898K(99264K) NonClass: 84862K(85440K)->84862K(85440K) Class: 13035K(13824K)->13035K(13824K)
[2025-12-25T04:33:32.823+0000][668.463s][info][gc             ] GC(1155) Pause Young (Allocation Failure) 248M->170M(278M) 10.279ms
[2025-12-25T04:33:32.823+0000][668.463s][info][gc,cpu         ] GC(1155) User=0.00s Sys=0.00s Real=0.01s
[2025-12-25T04:33:32.947+0000][668.587s][info][gc,start       ] GC(1156) Pause Young (Allocation Failure)
[2025-12-25T04:33:32.952+0000][668.592s][info][gc,heap        ] GC(1156) DefNew: 81718K(88512K)->2990K(88512K) Eden: 78720K(78720K)->0K(78720K) From: 2998K(9792K)->2990K(9792K)
[2025-12-25T04:33:32.952+0000][668.592s][info][gc,heap        ] GC(1156) Tenured: 171640K(196608K)->171640K(196608K)
[2025-12-25T04:33:32.953+0000][668.593s][info][gc,metaspace   ] GC(1156) Metaspace: 97898K(99264K)->97898K(99264K) NonClass: 84862K(85440K)->84862K(85440K) Class: 13035K(13824K)->13035K(13824K)
[2025-12-25T04:33:32.953+0000][668.593s][info][gc             ] GC(1156) Pause Young (Allocation Failure) 247M->170M(278M) 6.332ms
[2025-12-25T04:33:32.953+0000][668.593s][info][gc,cpu         ] GC(1156) User=0.01s Sys=0.00s Real=0.00s
[2025-12-25T04:33:33.095+0000][668.735s][info][gc,start       ] GC(1157) Pause Young (Allocation Failure)
[2025-12-25T04:33:33.100+0000][668.740s][info][gc,heap        ] GC(1157) DefNew: 81710K(88512K)->3182K(88512K) Eden: 78720K(78720K)->0K(78720K) From: 2990K(9792K)->3182K(9792K)
[2025-12-25T04:33:33.100+0000][668.740s][info][gc,heap        ] GC(1157) Tenured: 171640K(196608K)->171699K(196608K)
[2025-12-25T04:33:33.100+0000][668.740s][info][gc,metaspace   ] GC(1157) Metaspace: 97898K(99264K)->97898K(99264K) NonClass: 84862K(85440K)->84862K(85440K) Class: 13035K(13824K)->13035K(13824K)
[2025-12-25T04:33:33.101+0000][668.741s][info][gc             ] GC(1157) Pause Young (Allocation Failure) 247M->170M(278M) 5.971ms
[2025-12-25T04:33:33.101+0000][668.741s][info][gc,cpu         ] GC(1157) User=0.00s Sys=0.00s Real=0.00s
[2025-12-25T04:33:33.212+0000][668.852s][info][gc,start       ] GC(1158) Pause Young (Allocation Failure)
[2025-12-25T04:33:33.229+0000][668.869s][info][gc,heap        ] GC(1158) DefNew: 81902K(88512K)->3543K(88512K) Eden: 78720K(78720K)->0K(78720K) From: 3182K(9792K)->3543K(9792K)
[2025-12-25T04:33:33.231+0000][668.871s][info][gc,heap        ] GC(1158) Tenured: 171699K(196608K)->171876K(196608K)
[2025-12-25T04:33:33.231+0000][668.871s][info][gc,metaspace   ] GC(1158) Metaspace: 97898K(99264K)->97898K(99264K) NonClass: 84862K(85440K)->84862K(85440K) Class: 13035K(13824K)->13035K(13824K)
[2025-12-25T04:33:33.231+0000][668.871s][info][gc             ] GC(1158) Pause Young (Allocation Failure) 247M->171M(278M) 18.924ms
[2025-12-25T04:33:33.232+0000][668.872s][info][gc,cpu         ] GC(1158) User=0.01s Sys=0.00s Real=0.02s
[2025-12-25T04:33:33.373+0000][669.013s][info][gc,start       ] GC(1159) Pause Young (Allocation Failure)
[2025-12-25T04:33:33.383+0000][669.023s][info][gc,heap        ] GC(1159) DefNew: 82263K(88512K)->3173K(88512K) Eden: 78720K(78720K)->0K(78720K) From: 3543K(9792K)->3173K(9792K)
[2025-12-25T04:33:33.384+0000][669.024s][info][gc,heap        ] GC(1159) Tenured: 171876K(196608K)->171876K(196608K)
[2025-12-25T04:33:33.384+0000][669.024s][info][gc,metaspace   ] GC(1159) Metaspace: 97898K(99264K)->97898K(99264K) NonClass: 84862K(85440K)->84862K(85440K) Class: 13035K(13824K)->13035K(13824K)
[2025-12-25T04:33:33.385+0000][669.025s][info][gc             ] GC(1159) Pause Young (Allocation Failure) 248M->170M(278M) 11.098ms
[2025-12-25T04:33:33.385+0000][669.025s][info][gc,cpu         ] GC(1159) User=0.00s Sys=0.00s Real=0.02s
[2025-12-25T04:33:33.522+0000][669.162s][info][gc,start       ] GC(1160) Pause Young (Allocation Failure)
[2025-12-25T04:33:33.527+0000][669.167s][info][gc,heap        ] GC(1160) DefNew: 81893K(88512K)->3462K(88512K) Eden: 78720K(78720K)->0K(78720K) From: 3173K(9792K)->3462K(9792K)
[2025-12-25T04:33:33.527+0000][669.167s][info][gc,heap        ] GC(1160) Tenured: 171876K(196608K)->171876K(196608K)
[2025-12-25T04:33:33.528+0000][669.168s][info][gc,metaspace   ] GC(1160) Metaspace: 97898K(99264K)->97898K(99264K) NonClass: 84862K(85440K)->84862K(85440K) Class: 13035K(13824K)->13035K(13824K)
[2025-12-25T04:33:33.528+0000][669.168s][info][gc             ] GC(1160) Pause Young (Allocation Failure) 247M->171M(278M) 5.964ms
[2025-12-25T04:33:33.528+0000][669.168s][info][gc,cpu         ] GC(1160) User=0.00s Sys=0.00s Real=0.01s
[2025-12-25T04:33:33.639+0000][669.279s][info][gc,start       ] GC(1161) Pause Young (Allocation Failure)
[2025-12-25T04:33:33.646+0000][669.286s][info][gc,heap        ] GC(1161) DefNew: 82182K(88512K)->3293K(88512K) Eden: 78720K(78720K)->0K(78720K) From: 3462K(9792K)->3293K(9792K)
[2025-12-25T04:33:33.647+0000][669.287s][info][gc,heap        ] GC(1161) Tenured: 171876K(196608K)->171876K(196608K)
[2025-12-25T04:33:33.647+0000][669.287s][info][gc,metaspace   ] GC(1161) Metaspace: 97898K(99264K)->97898K(99264K) NonClass: 84862K(85440K)->84862K(85440K) Class: 13035K(13824K)->13035K(13824K)
[2025-12-25T04:33:33.647+0000][669.287s][info][gc             ] GC(1161) Pause Young (Allocation Failure) 248M->171M(278M) 8.561ms
[2025-12-25T04:33:33.648+0000][669.288s][info][gc,cpu         ] GC(1161) User=0.00s Sys=0.00s Real=0.01s
[2025-12-25T04:33:33.789+0000][669.429s][info][gc,start       ] GC(1162) Pause Young (Allocation Failure)
[2025-12-25T04:33:33.813+0000][669.453s][info][gc,heap        ] GC(1162) DefNew: 82013K(88512K)->3337K(88512K) Eden: 78720K(78720K)->0K(78720K) From: 3293K(9792K)->3337K(9792K)
[2025-12-25T04:33:33.813+0000][669.453s][info][gc,heap        ] GC(1162) Tenured: 171876K(196608K)->171877K(196608K)
[2025-12-25T04:33:33.814+0000][669.454s][info][gc,metaspace   ] GC(1162) Metaspace: 97898K(99264K)->97898K(99264K) NonClass: 84862K(85440K)->84862K(85440K) Class: 13035K(13824K)->13035K(13824K)
[2025-12-25T04:33:33.814+0000][669.454s][info][gc             ] GC(1162) Pause Young (Allocation Failure) 247M->171M(278M) 24.689ms
[2025-12-25T04:33:33.814+0000][669.454s][info][gc,cpu         ] GC(1162) User=0.00s Sys=0.00s Real=0.02s
[2025-12-25T04:33:33.944+0000][669.584s][info][gc,start       ] GC(1163) Pause Young (Allocation Failure)
[2025-12-25T04:33:33.967+0000][669.607s][info][gc,heap        ] GC(1163) DefNew: 82057K(88512K)->3493K(88512K) Eden: 78720K(78720K)->0K(78720K) From: 3337K(9792K)->3493K(9792K)
[2025-12-25T04:33:33.972+0000][669.612s][info][gc,heap        ] GC(1163) Tenured: 171877K(196608K)->172018K(196608K)
[2025-12-25T04:33:33.974+0000][669.614s][info][gc,metaspace   ] GC(1163) Metaspace: 97898K(99264K)->97898K(99264K) NonClass: 84862K(85440K)->84862K(85440K) Class: 13035K(13824K)->13035K(13824K)
[2025-12-25T04:33:33.976+0000][669.616s][info][gc             ] GC(1163) Pause Young (Allocation Failure) 247M->171M(278M) 32.115ms
[2025-12-25T04:33:33.978+0000][669.618s][info][gc,cpu         ] GC(1163) User=0.01s Sys=0.00s Real=0.04s
[2025-12-25T04:33:34.129+0000][669.769s][info][gc,start       ] GC(1164) Pause Young (Allocation Failure)
[2025-12-25T04:33:34.138+0000][669.778s][info][gc,heap        ] GC(1164) DefNew: 82153K(88512K)->3223K(88512K) Eden: 78660K(78720K)->0K(78720K) From: 3493K(9792K)->3223K(9792K)
[2025-12-25T04:33:34.140+0000][669.780s][info][gc,heap        ] GC(1164) Tenured: 172018K(196608K)->172108K(196608K)
[2025-12-25T04:33:34.140+0000][669.780s][info][gc,metaspace   ] GC(1164) Metaspace: 97898K(99264K)->97898K(99264K) NonClass: 84862K(85440K)->84862K(85440K) Class: 13035K(13824K)->13035K(13824K)
[2025-12-25T04:33:34.140+0000][669.780s][info][gc             ] GC(1164) Pause Young (Allocation Failure) 248M->171M(278M) 11.106ms
[2025-12-25T04:33:34.142+0000][669.782s][info][gc,cpu         ] GC(1164) User=0.01s Sys=0.00s Real=0.01s
[2025-12-25T04:33:34.304+0000][669.944s][info][gc,start       ] GC(1165) Pause Young (Allocation Failure)
[2025-12-25T04:33:34.342+0000][669.982s][info][gc,heap        ] GC(1165) DefNew: 81943K(88512K)->5889K(88512K) Eden: 78720K(78720K)->0K(78720K) From: 3223K(9792K)->5889K(9792K)
[2025-12-25T04:33:34.343+0000][669.983s][info][gc,heap        ] GC(1165) Tenured: 172108K(196608K)->172234K(196608K)
[2025-12-25T04:33:34.343+0000][669.983s][info][gc,metaspace   ] GC(1165) Metaspace: 97898K(99264K)->97898K(99264K) NonClass: 84862K(85440K)->84862K(85440K) Class: 13035K(13824K)->13035K(13824K)
[2025-12-25T04:33:34.344+0000][669.984s][info][gc             ] GC(1165) Pause Young (Allocation Failure) 248M->173M(278M) 40.002ms
[2025-12-25T04:33:34.345+0000][669.985s][info][gc,cpu         ] GC(1165) User=0.02s Sys=0.00s Real=0.05s
[2025-12-25T04:33:34.438+0000][670.078s][info][gc,start       ] GC(1166) Pause Young (Allocation Failure)
[2025-12-25T04:33:34.447+0000][670.087s][info][gc,heap        ] GC(1166) DefNew: 84609K(88512K)->4316K(88512K) Eden: 78720K(78720K)->0K(78720K) From: 5889K(9792K)->4316K(9792K)
[2025-12-25T04:33:34.448+0000][670.088s][info][gc,heap        ] GC(1166) Tenured: 172234K(196608K)->172607K(196608K)
[2025-12-25T04:33:34.450+0000][670.090s][info][gc,metaspace   ] GC(1166) Metaspace: 97898K(99264K)->97898K(99264K) NonClass: 84862K(85440K)->84862K(85440K) Class: 13035K(13824K)->13035K(13824K)
[2025-12-25T04:33:34.450+0000][670.090s][info][gc             ] GC(1166) Pause Young (Allocation Failure) 250M->172M(278M) 11.850ms
[2025-12-25T04:33:34.451+0000][670.091s][info][gc,cpu         ] GC(1166) User=0.01s Sys=0.00s Real=0.01s
[2025-12-25T04:33:34.590+0000][670.230s][info][gc,start       ] GC(1167) Pause Young (Allocation Failure)
[2025-12-25T04:33:34.603+0000][670.243s][info][gc,heap        ] GC(1167) DefNew: 83036K(88512K)->4066K(88512K) Eden: 78720K(78720K)->0K(78720K) From: 4316K(9792K)->4066K(9792K)
[2025-12-25T04:33:34.603+0000][670.243s][info][gc,heap        ] GC(1167) Tenured: 172607K(196608K)->172607K(196608K)
[2025-12-25T04:33:34.604+0000][670.244s][info][gc,metaspace   ] GC(1167) Metaspace: 97898K(99264K)->97898K(99264K) NonClass: 84862K(85440K)->84862K(85440K) Class: 13035K(13824K)->13035K(13824K)
[2025-12-25T04:33:34.604+0000][670.244s][info][gc             ] GC(1167) Pause Young (Allocation Failure) 249M->172M(278M) 13.599ms
[2025-12-25T04:33:34.604+0000][670.244s][info][gc,cpu         ] GC(1167) User=0.01s Sys=0.00s Real=0.01s
[2025-12-25T04:33:34.785+0000][670.425s][info][gc,start       ] GC(1168) Pause Young (Allocation Failure)
[2025-12-25T04:33:34.792+0000][670.432s][info][gc,heap        ] GC(1168) DefNew: 82786K(88512K)->2438K(88512K) Eden: 78720K(78720K)->0K(78720K) From: 4066K(9792K)->2438K(9792K)
[2025-12-25T04:33:34.792+0000][670.432s][info][gc,heap        ] GC(1168) Tenured: 172607K(196608K)->172607K(196608K)
[2025-12-25T04:33:34.792+0000][670.432s][info][gc,metaspace   ] GC(1168) Metaspace: 97898K(99264K)->97898K(99264K) NonClass: 84862K(85440K)->84862K(85440K) Class: 13035K(13824K)->13035K(13824K)
[2025-12-25T04:33:34.793+0000][670.433s][info][gc             ] GC(1168) Pause Young (Allocation Failure) 249M->170M(278M) 8.454ms
[2025-12-25T04:33:34.793+0000][670.433s][info][gc,cpu         ] GC(1168) User=0.00s Sys=0.00s Real=0.00s
[2025-12-25T04:33:34.925+0000][670.565s][info][gc,start       ] GC(1169) Pause Young (Allocation Failure)
[2025-12-25T04:33:34.936+0000][670.576s][info][gc,heap        ] GC(1169) DefNew: 81158K(88512K)->3773K(88512K) Eden: 78720K(78720K)->0K(78720K) From: 2438K(9792K)->3773K(9792K)
[2025-12-25T04:33:34.936+0000][670.576s][info][gc,heap        ] GC(1169) Tenured: 172607K(196608K)->172607K(196608K)
[2025-12-25T04:33:34.937+0000][670.577s][info][gc,metaspace   ] GC(1169) Metaspace: 97898K(99264K)->97898K(99264K) NonClass: 84862K(85440K)->84862K(85440K) Class: 13035K(13824K)->13035K(13824K)
[2025-12-25T04:33:34.937+0000][670.577s][info][gc             ] GC(1169) Pause Young (Allocation Failure) 247M->172M(278M) 12.394ms
[2025-12-25T04:33:34.938+0000][670.578s][info][gc,cpu         ] GC(1169) User=0.01s Sys=0.00s Real=0.01s
[2025-12-25T04:33:35.084+0000][670.724s][info][gc,start       ] GC(1170) Pause Young (Allocation Failure)
[2025-12-25T04:33:35.094+0000][670.734s][info][gc,heap        ] GC(1170) DefNew: 82493K(88512K)->3489K(88512K) Eden: 78720K(78720K)->0K(78720K) From: 3773K(9792K)->3489K(9792K)
[2025-12-25T04:33:35.097+0000][670.737s][info][gc,heap        ] GC(1170) Tenured: 172607K(196608K)->172607K(196608K)
[2025-12-25T04:33:35.101+0000][670.741s][info][gc,metaspace   ] GC(1170) Metaspace: 97898K(99264K)->97898K(99264K) NonClass: 84862K(85440K)->84862K(85440K) Class: 13035K(13824K)->13035K(13824K)
[2025-12-25T04:33:35.107+0000][670.747s][info][gc             ] GC(1170) Pause Young (Allocation Failure) 249M->171M(278M) 22.821ms
[2025-12-25T04:33:35.108+0000][670.747s][info][gc,cpu         ] GC(1170) User=0.01s Sys=0.00s Real=0.03s
[2025-12-25T04:33:35.224+0000][670.864s][info][gc,start       ] GC(1171) Pause Young (Allocation Failure)
[2025-12-25T04:33:35.238+0000][670.878s][info][gc,heap        ] GC(1171) DefNew: 82209K(88512K)->3358K(88512K) Eden: 78720K(78720K)->0K(78720K) From: 3489K(9792K)->3358K(9792K)
[2025-12-25T04:33:35.242+0000][670.882s][info][gc,heap        ] GC(1171) Tenured: 172607K(196608K)->172607K(196608K)
[2025-12-25T04:33:35.242+0000][670.882s][info][gc,metaspace   ] GC(1171) Metaspace: 97898K(99264K)->97898K(99264K) NonClass: 84862K(85440K)->84862K(85440K) Class: 13035K(13824K)->13035K(13824K)
[2025-12-25T04:33:35.243+0000][670.883s][info][gc             ] GC(1171) Pause Young (Allocation Failure) 248M->171M(278M) 18.657ms
[2025-12-25T04:33:35.244+0000][670.884s][info][gc,cpu         ] GC(1171) User=0.00s Sys=0.00s Real=0.02s
[2025-12-25T04:33:35.396+0000][671.036s][info][gc,start       ] GC(1172) Pause Young (Allocation Failure)
[2025-12-25T04:33:35.404+0000][671.044s][info][gc,heap        ] GC(1172) DefNew: 82078K(88512K)->3300K(88512K) Eden: 78720K(78720K)->0K(78720K) From: 3358K(9792K)->3300K(9792K)
[2025-12-25T04:33:35.404+0000][671.044s][info][gc,heap        ] GC(1172) Tenured: 172607K(196608K)->172607K(196608K)
[2025-12-25T04:33:35.405+0000][671.045s][info][gc,metaspace   ] GC(1172) Metaspace: 97898K(99264K)->97898K(99264K) NonClass: 84862K(85440K)->84862K(85440K) Class: 13035K(13824K)->13035K(13824K)
[2025-12-25T04:33:35.405+0000][671.045s][info][gc             ] GC(1172) Pause Young (Allocation Failure) 248M->171M(278M) 8.623ms
[2025-12-25T04:33:35.405+0000][671.045s][info][gc,cpu         ] GC(1172) User=0.00s Sys=0.00s Real=0.01s
[2025-12-25T04:33:35.531+0000][671.171s][info][gc,start       ] GC(1173) Pause Young (Allocation Failure)
[2025-12-25T04:33:35.544+0000][671.184s][info][gc,heap        ] GC(1173) DefNew: 82020K(88512K)->4654K(88512K) Eden: 78720K(78720K)->0K(78720K) From: 3300K(9792K)->4654K(9792K)
[2025-12-25T04:33:35.545+0000][671.185s][info][gc,heap        ] GC(1173) Tenured: 172607K(196608K)->172607K(196608K)
[2025-12-25T04:33:35.545+0000][671.185s][info][gc,metaspace   ] GC(1173) Metaspace: 97898K(99264K)->97898K(99264K) NonClass: 84862K(85440K)->84862K(85440K) Class: 13035K(13824K)->13035K(13824K)
[2025-12-25T04:33:35.545+0000][671.185s][info][gc             ] GC(1173) Pause Young (Allocation Failure) 248M->173M(278M) 14.733ms
[2025-12-25T04:33:35.546+0000][671.186s][info][gc,cpu         ] GC(1173) User=0.01s Sys=0.00s Real=0.02s
[2025-12-25T04:33:35.682+0000][671.322s][info][gc,start       ] GC(1174) Pause Young (Allocation Failure)
[2025-12-25T04:33:35.688+0000][671.328s][info][gc,heap        ] GC(1174) DefNew: 83374K(88512K)->3502K(88512K) Eden: 78720K(78720K)->0K(78720K) From: 4654K(9792K)->3502K(9792K)
[2025-12-25T04:33:35.688+0000][671.328s][info][gc,heap        ] GC(1174) Tenured: 172607K(196608K)->173190K(196608K)
[2025-12-25T04:33:35.689+0000][671.329s][info][gc,metaspace   ] GC(1174) Metaspace: 97898K(99264K)->97898K(99264K) NonClass: 84862K(85440K)->84862K(85440K) Class: 13035K(13824K)->13035K(13824K)
[2025-12-25T04:33:35.691+0000][671.331s][info][gc             ] GC(1174) Pause Young (Allocation Failure) 249M->172M(278M) 8.734ms
[2025-12-25T04:33:35.693+0000][671.333s][info][gc,cpu         ] GC(1174) User=0.01s Sys=0.00s Real=0.01s
[2025-12-25T04:33:35.816+0000][671.455s][info][gc,start       ] GC(1175) Pause Young (Allocation Failure)
[2025-12-25T04:33:35.820+0000][671.460s][info][gc,heap        ] GC(1175) DefNew: 82222K(88512K)->2334K(88512K) Eden: 78720K(78720K)->0K(78720K) From: 3502K(9792K)->2334K(9792K)
[2025-12-25T04:33:35.821+0000][671.461s][info][gc,heap        ] GC(1175) Tenured: 173190K(196608K)->173214K(196608K)
[2025-12-25T04:33:35.821+0000][671.461s][info][gc,metaspace   ] GC(1175) Metaspace: 97898K(99264K)->97898K(99264K) NonClass: 84862K(85440K)->84862K(85440K) Class: 13035K(13824K)->13035K(13824K)
[2025-12-25T04:33:35.821+0000][671.461s][info][gc             ] GC(1175) Pause Young (Allocation Failure) 249M->171M(278M) 5.739ms
[2025-12-25T04:33:35.822+0000][671.462s][info][gc,cpu         ] GC(1175) User=0.00s Sys=0.00s Real=0.00s
[2025-12-25T04:33:35.943+0000][671.583s][info][gc,start       ] GC(1176) Pause Young (Allocation Failure)
[2025-12-25T04:33:35.950+0000][671.590s][info][gc,heap        ] GC(1176) DefNew: 81054K(88512K)->3297K(88512K) Eden: 78720K(78720K)->0K(78720K) From: 2334K(9792K)->3297K(9792K)
[2025-12-25T04:33:35.950+0000][671.590s][info][gc,heap        ] GC(1176) Tenured: 173214K(196608K)->173214K(196608K)
[2025-12-25T04:33:35.951+0000][671.591s][info][gc,metaspace   ] GC(1176) Metaspace: 97898K(99264K)->97898K(99264K) NonClass: 84862K(85440K)->84862K(85440K) Class: 13035K(13824K)->13035K(13824K)
[2025-12-25T04:33:35.952+0000][671.592s][info][gc             ] GC(1176) Pause Young (Allocation Failure) 248M->172M(278M) 8.532ms
[2025-12-25T04:33:35.953+0000][671.593s][info][gc,cpu         ] GC(1176) User=0.00s Sys=0.00s Real=0.01s
[2025-12-25T04:33:36.132+0000][671.772s][info][gc,start       ] GC(1177) Pause Young (Allocation Failure)
[2025-12-25T04:33:36.137+0000][671.777s][info][gc,heap        ] GC(1177) DefNew: 82017K(88512K)->3595K(88512K) Eden: 78720K(78720K)->0K(78720K) From: 3297K(9792K)->3595K(9792K)
[2025-12-25T04:33:36.137+0000][671.777s][info][gc,heap        ] GC(1177) Tenured: 173214K(196608K)->173214K(196608K)
[2025-12-25T04:33:36.137+0000][671.777s][info][gc,metaspace   ] GC(1177) Metaspace: 97898K(99264K)->97898K(99264K) NonClass: 84862K(85440K)->84862K(85440K) Class: 13035K(13824K)->13035K(13824K)
[2025-12-25T04:33:36.137+0000][671.777s][info][gc             ] GC(1177) Pause Young (Allocation Failure) 249M->172M(278M) 5.852ms
[2025-12-25T04:33:36.138+0000][671.778s][info][gc,cpu         ] GC(1177) User=0.00s Sys=0.00s Real=0.01s
[2025-12-25T04:33:36.245+0000][671.885s][info][gc,start       ] GC(1178) Pause Young (Allocation Failure)
[2025-12-25T04:33:36.265+0000][671.905s][info][gc,heap        ] GC(1178) DefNew: 82315K(88512K)->2171K(88512K) Eden: 78720K(78720K)->0K(78720K) From: 3595K(9792K)->2171K(9792K)
[2025-12-25T04:33:36.267+0000][671.907s][info][gc,heap        ] GC(1178) Tenured: 173214K(196608K)->173214K(196608K)
[2025-12-25T04:33:36.267+0000][671.907s][info][gc,metaspace   ] GC(1178) Metaspace: 97898K(99264K)->97898K(99264K) NonClass: 84862K(85440K)->84862K(85440K) Class: 13035K(13824K)->13035K(13824K)
[2025-12-25T04:33:36.267+0000][671.907s][info][gc             ] GC(1178) Pause Young (Allocation Failure) 249M->171M(278M) 22.052ms
[2025-12-25T04:33:36.267+0000][671.907s][info][gc,cpu         ] GC(1178) User=0.01s Sys=0.00s Real=0.02s
[2025-12-25T04:33:36.378+0000][672.018s][info][gc,start       ] GC(1179) Pause Young (Allocation Failure)
[2025-12-25T04:33:36.405+0000][672.045s][info][gc,heap        ] GC(1179) DefNew: 80891K(88512K)->2811K(88512K) Eden: 78720K(78720K)->0K(78720K) From: 2171K(9792K)->2811K(9792K)
[2025-12-25T04:33:36.406+0000][672.045s][info][gc,heap        ] GC(1179) Tenured: 173214K(196608K)->173246K(196608K)
[2025-12-25T04:33:36.406+0000][672.046s][info][gc,metaspace   ] GC(1179) Metaspace: 97898K(99264K)->97898K(99264K) NonClass: 84862K(85440K)->84862K(85440K) Class: 13035K(13824K)->13035K(13824K)
[2025-12-25T04:33:36.406+0000][672.046s][info][gc             ] GC(1179) Pause Young (Allocation Failure) 248M->171M(278M) 28.500ms
[2025-12-25T04:33:36.408+0000][672.048s][info][gc,cpu         ] GC(1179) User=0.01s Sys=0.00s Real=0.03s
[2025-12-25T04:33:36.577+0000][672.217s][info][gc,start       ] GC(1180) Pause Young (Allocation Failure)
[2025-12-25T04:33:36.591+0000][672.231s][info][gc,heap        ] GC(1180) DefNew: 81495K(88512K)->2460K(88512K) Eden: 78683K(78720K)->0K(78720K) From: 2811K(9792K)->2460K(9792K)
[2025-12-25T04:33:36.592+0000][672.232s][info][gc,heap        ] GC(1180) Tenured: 173246K(196608K)->173295K(196608K)
[2025-12-25T04:33:36.592+0000][672.232s][info][gc,metaspace   ] GC(1180) Metaspace: 97898K(99264K)->97898K(99264K) NonClass: 84862K(85440K)->84862K(85440K) Class: 13035K(13824K)->13035K(13824K)
[2025-12-25T04:33:36.593+0000][672.233s][info][gc             ] GC(1180) Pause Young (Allocation Failure) 248M->171M(278M) 15.647ms
[2025-12-25T04:33:36.598+0000][672.238s][info][gc,cpu         ] GC(1180) User=0.00s Sys=0.00s Real=0.02s
[2025-12-25T04:33:36.744+0000][672.384s][info][gc,start       ] GC(1181) Pause Young (Allocation Failure)
[2025-12-25T04:33:36.752+0000][672.392s][info][gc,heap        ] GC(1181) DefNew: 81180K(88512K)->3431K(88512K) Eden: 78720K(78720K)->0K(78720K) From: 2460K(9792K)->3431K(9792K)
[2025-12-25T04:33:36.756+0000][672.396s][info][gc,heap        ] GC(1181) Tenured: 173295K(196608K)->173304K(196608K)
[2025-12-25T04:33:36.758+0000][672.398s][info][gc,metaspace   ] GC(1181) Metaspace: 97898K(99264K)->97898K(99264K) NonClass: 84862K(85440K)->84862K(85440K) Class: 13035K(13824K)->13035K(13824K)
[2025-12-25T04:33:36.758+0000][672.398s][info][gc             ] GC(1181) Pause Young (Allocation Failure) 248M->172M(278M) 14.154ms
[2025-12-25T04:33:36.759+0000][672.399s][info][gc,cpu         ] GC(1181) User=0.00s Sys=0.00s Real=0.02s
[2025-12-25T04:33:36.902+0000][672.542s][info][gc,start       ] GC(1182) Pause Young (Allocation Failure)
[2025-12-25T04:33:36.905+0000][672.545s][info][gc,heap        ] GC(1182) DefNew: 82148K(88512K)->2653K(88512K) Eden: 78716K(78720K)->0K(78720K) From: 3431K(9792K)->2653K(9792K)
[2025-12-25T04:33:36.905+0000][672.545s][info][gc,heap        ] GC(1182) Tenured: 173304K(196608K)->173304K(196608K)
[2025-12-25T04:33:36.906+0000][672.546s][info][gc,metaspace   ] GC(1182) Metaspace: 97898K(99264K)->97898K(99264K) NonClass: 84862K(85440K)->84862K(85440K) Class: 13035K(13824K)->13035K(13824K)
[2025-12-25T04:33:36.906+0000][672.546s][info][gc             ] GC(1182) Pause Young (Allocation Failure) 249M->171M(278M) 4.004ms
[2025-12-25T04:33:36.906+0000][672.546s][info][gc,cpu         ] GC(1182) User=0.00s Sys=0.00s Real=0.01s
[2025-12-25T04:33:37.074+0000][672.714s][info][gc,start       ] GC(1183) Pause Young (Allocation Failure)
[2025-12-25T04:33:37.092+0000][672.732s][info][gc,heap        ] GC(1183) DefNew: 81373K(88512K)->2851K(88512K) Eden: 78719K(78720K)->0K(78720K) From: 2653K(9792K)->2851K(9792K)
[2025-12-25T04:33:37.094+0000][672.734s][info][gc,heap        ] GC(1183) Tenured: 173304K(196608K)->173311K(196608K)
[2025-12-25T04:33:37.094+0000][672.734s][info][gc,metaspace   ] GC(1183) Metaspace: 97898K(99264K)->97898K(99264K) NonClass: 84862K(85440K)->84862K(85440K) Class: 13035K(13824K)->13035K(13824K)
[2025-12-25T04:33:37.094+0000][672.734s][info][gc             ] GC(1183) Pause Young (Allocation Failure) 248M->172M(278M) 19.827ms
[2025-12-25T04:33:37.096+0000][672.736s][info][gc,cpu         ] GC(1183) User=0.01s Sys=0.00s Real=0.02s
[2025-12-25T04:33:37.285+0000][672.925s][info][gc,start       ] GC(1184) Pause Young (Allocation Failure)
[2025-12-25T04:33:37.311+0000][672.951s][info][gc,heap        ] GC(1184) DefNew: 81571K(88512K)->2772K(88512K) Eden: 78720K(78720K)->0K(78720K) From: 2851K(9792K)->2772K(9792K)
[2025-12-25T04:33:37.313+0000][672.953s][info][gc,heap        ] GC(1184) Tenured: 173311K(196608K)->173504K(196608K)
[2025-12-25T04:33:37.317+0000][672.957s][info][gc,metaspace   ] GC(1184) Metaspace: 97898K(99264K)->97898K(99264K) NonClass: 84862K(85440K)->84862K(85440K) Class: 13035K(13824K)->13035K(13824K)
[2025-12-25T04:33:37.317+0000][672.957s][info][gc             ] GC(1184) Pause Young (Allocation Failure) 248M->172M(278M) 32.866ms
[2025-12-25T04:33:37.320+0000][672.960s][info][gc,cpu         ] GC(1184) User=0.01s Sys=0.01s Real=0.03s
[2025-12-25T04:33:37.475+0000][673.115s][info][gc,start       ] GC(1185) Pause Young (Allocation Failure)
[2025-12-25T04:33:37.494+0000][673.134s][info][gc,heap        ] GC(1185) DefNew: 81492K(88512K)->4833K(88512K) Eden: 78720K(78720K)->0K(78720K) From: 2772K(9792K)->4833K(9792K)
[2025-12-25T04:33:37.496+0000][673.136s][info][gc,heap        ] GC(1185) Tenured: 173504K(196608K)->173520K(196608K)
[2025-12-25T04:33:37.496+0000][673.136s][info][gc,metaspace   ] GC(1185) Metaspace: 97898K(99264K)->97898K(99264K) NonClass: 84862K(85440K)->84862K(85440K) Class: 13035K(13824K)->13035K(13824K)
[2025-12-25T04:33:37.497+0000][673.137s][info][gc             ] GC(1185) Pause Young (Allocation Failure) 249M->174M(278M) 21.879ms
[2025-12-25T04:33:37.499+0000][673.139s][info][gc,cpu         ] GC(1185) User=0.02s Sys=0.00s Real=0.02s
[2025-12-25T04:33:37.655+0000][673.295s][info][gc,start       ] GC(1186) Pause Young (Allocation Failure)
[2025-12-25T04:33:37.661+0000][673.301s][info][gc,heap        ] GC(1186) DefNew: 83553K(88512K)->3065K(88512K) Eden: 78720K(78720K)->0K(78720K) From: 4833K(9792K)->3065K(9792K)
[2025-12-25T04:33:37.661+0000][673.301s][info][gc,heap        ] GC(1186) Tenured: 173520K(196608K)->173521K(196608K)
[2025-12-25T04:33:37.662+0000][673.302s][info][gc,metaspace   ] GC(1186) Metaspace: 97898K(99264K)->97898K(99264K) NonClass: 84862K(85440K)->84862K(85440K) Class: 13035K(13824K)->13035K(13824K)
[2025-12-25T04:33:37.662+0000][673.302s][info][gc             ] GC(1186) Pause Young (Allocation Failure) 251M->172M(278M) 7.571ms
[2025-12-25T04:33:37.662+0000][673.302s][info][gc,cpu         ] GC(1186) User=0.00s Sys=0.00s Real=0.00s
[2025-12-25T04:33:37.755+0000][673.395s][info][gc,start       ] GC(1187) Pause Young (Allocation Failure)
[2025-12-25T04:33:37.760+0000][673.400s][info][gc,heap        ] GC(1187) DefNew: 81785K(88512K)->3791K(88512K) Eden: 78720K(78720K)->0K(78720K) From: 3065K(9792K)->3791K(9792K)
[2025-12-25T04:33:37.760+0000][673.400s][info][gc,heap        ] GC(1187) Tenured: 173521K(196608K)->173525K(196608K)
[2025-12-25T04:33:37.760+0000][673.400s][info][gc,metaspace   ] GC(1187) Metaspace: 97898K(99264K)->97898K(99264K) NonClass: 84862K(85440K)->84862K(85440K) Class: 13035K(13824K)->13035K(13824K)
[2025-12-25T04:33:37.761+0000][673.401s][info][gc             ] GC(1187) Pause Young (Allocation Failure) 249M->173M(278M) 5.937ms
[2025-12-25T04:33:37.761+0000][673.401s][info][gc,cpu         ] GC(1187) User=0.01s Sys=0.00s Real=0.00s
[2025-12-25T04:33:37.925+0000][673.565s][info][gc,start       ] GC(1188) Pause Young (Allocation Failure)
[2025-12-25T04:33:37.933+0000][673.573s][info][gc,heap        ] GC(1188) DefNew: 82511K(88512K)->3387K(88512K) Eden: 78720K(78720K)->0K(78720K) From: 3791K(9792K)->3387K(9792K)
[2025-12-25T04:33:37.933+0000][673.573s][info][gc,heap        ] GC(1188) Tenured: 173525K(196608K)->173533K(196608K)
[2025-12-25T04:33:37.936+0000][673.576s][info][gc,metaspace   ] GC(1188) Metaspace: 97898K(99264K)->97898K(99264K) NonClass: 84862K(85440K)->84862K(85440K) Class: 13035K(13824K)->13035K(13824K)
[2025-12-25T04:33:37.937+0000][673.577s][info][gc             ] GC(1188) Pause Young (Allocation Failure) 250M->172M(278M) 11.873ms
[2025-12-25T04:33:37.938+0000][673.578s][info][gc,cpu         ] GC(1188) User=0.00s Sys=0.00s Real=0.01s
[2025-12-25T04:33:38.058+0000][673.698s][info][gc,start       ] GC(1189) Pause Young (Allocation Failure)
[2025-12-25T04:33:38.067+0000][673.707s][info][gc,heap        ] GC(1189) DefNew: 82107K(88512K)->4746K(88512K) Eden: 78720K(78720K)->0K(78720K) From: 3387K(9792K)->4746K(9792K)
[2025-12-25T04:33:38.067+0000][673.707s][info][gc,heap        ] GC(1189) Tenured: 173533K(196608K)->173540K(196608K)
[2025-12-25T04:33:38.068+0000][673.708s][info][gc,metaspace   ] GC(1189) Metaspace: 97898K(99264K)->97898K(99264K) NonClass: 84862K(85440K)->84862K(85440K) Class: 13035K(13824K)->13035K(13824K)
[2025-12-25T04:33:38.068+0000][673.708s][info][gc             ] GC(1189) Pause Young (Allocation Failure) 249M->174M(278M) 10.620ms
[2025-12-25T04:33:38.069+0000][673.709s][info][gc,cpu         ] GC(1189) User=0.01s Sys=0.00s Real=0.01s
[2025-12-25T04:33:38.209+0000][673.849s][info][gc,start       ] GC(1190) Pause Young (Allocation Failure)
[2025-12-25T04:33:38.216+0000][673.856s][info][gc,heap        ] GC(1190) DefNew: 83466K(88512K)->3517K(88512K) Eden: 78719K(78720K)->0K(78720K) From: 4746K(9792K)->3517K(9792K)
[2025-12-25T04:33:38.216+0000][673.856s][info][gc,heap        ] GC(1190) Tenured: 173540K(196608K)->173540K(196608K)
[2025-12-25T04:33:38.217+0000][673.857s][info][gc,metaspace   ] GC(1190) Metaspace: 97898K(99264K)->97898K(99264K) NonClass: 84862K(85440K)->84862K(85440K) Class: 13035K(13824K)->13035K(13824K)
[2025-12-25T04:33:38.217+0000][673.857s][info][gc             ] GC(1190) Pause Young (Allocation Failure) 250M->172M(278M) 8.464ms
[2025-12-25T04:33:38.218+0000][673.858s][info][gc,cpu         ] GC(1190) User=0.00s Sys=0.00s Real=0.01s
[2025-12-25T04:33:38.389+0000][674.029s][info][gc,start       ] GC(1191) Pause Young (Allocation Failure)
[2025-12-25T04:33:38.405+0000][674.045s][info][gc,heap        ] GC(1191) DefNew: 82237K(88512K)->3169K(88512K) Eden: 78720K(78720K)->0K(78720K) From: 3517K(9792K)->3169K(9792K)
[2025-12-25T04:33:38.406+0000][674.046s][info][gc,heap        ] GC(1191) Tenured: 173540K(196608K)->173540K(196608K)
[2025-12-25T04:33:38.408+0000][674.048s][info][gc,metaspace   ] GC(1191) Metaspace: 97898K(99264K)->97898K(99264K) NonClass: 84862K(85440K)->84862K(85440K) Class: 13035K(13824K)->13035K(13824K)
[2025-12-25T04:33:38.409+0000][674.049s][info][gc             ] GC(1191) Pause Young (Allocation Failure) 249M->172M(278M) 20.093ms
[2025-12-25T04:33:38.409+0000][674.049s][info][gc,cpu         ] GC(1191) User=0.00s Sys=0.00s Real=0.02s
[2025-12-25T04:33:38.525+0000][674.165s][info][gc,start       ] GC(1192) Pause Young (Allocation Failure)
[2025-12-25T04:33:38.536+0000][674.176s][info][gc,heap        ] GC(1192) DefNew: 81889K(88512K)->3579K(88512K) Eden: 78720K(78720K)->0K(78720K) From: 3169K(9792K)->3579K(9792K)
[2025-12-25T04:33:38.536+0000][674.176s][info][gc,heap        ] GC(1192) Tenured: 173540K(196608K)->173555K(196608K)
[2025-12-25T04:33:38.537+0000][674.177s][info][gc,metaspace   ] GC(1192) Metaspace: 97898K(99264K)->97898K(99264K) NonClass: 84862K(85440K)->84862K(85440K) Class: 13035K(13824K)->13035K(13824K)
[2025-12-25T04:33:38.537+0000][674.177s][info][gc             ] GC(1192) Pause Young (Allocation Failure) 249M->172M(278M) 12.703ms
[2025-12-25T04:33:38.538+0000][674.178s][info][gc,cpu         ] GC(1192) User=0.01s Sys=0.00s Real=0.01s
[2025-12-25T04:33:38.643+0000][674.283s][info][gc,start       ] GC(1193) Pause Young (Allocation Failure)
[2025-12-25T04:33:38.648+0000][674.288s][info][gc,heap        ] GC(1193) DefNew: 82299K(88512K)->2860K(88512K) Eden: 78720K(78720K)->0K(78720K) From: 3579K(9792K)->2860K(9792K)
[2025-12-25T04:33:38.648+0000][674.288s][info][gc,heap        ] GC(1193) Tenured: 173555K(196608K)->173563K(196608K)
[2025-12-25T04:33:38.649+0000][674.289s][info][gc,metaspace   ] GC(1193) Metaspace: 97898K(99264K)->97898K(99264K) NonClass: 84862K(85440K)->84862K(85440K) Class: 13035K(13824K)->13035K(13824K)
[2025-12-25T04:33:38.649+0000][674.289s][info][gc             ] GC(1193) Pause Young (Allocation Failure) 249M->172M(278M) 5.545ms
[2025-12-25T04:33:38.649+0000][674.289s][info][gc,cpu         ] GC(1193) User=0.00s Sys=0.00s Real=0.01s
[2025-12-25T04:33:38.780+0000][674.420s][info][gc,start       ] GC(1194) Pause Young (Allocation Failure)
[2025-12-25T04:33:38.786+0000][674.426s][info][gc,heap        ] GC(1194) DefNew: 81574K(88512K)->3565K(88512K) Eden: 78714K(78720K)->0K(78720K) From: 2860K(9792K)->3565K(9792K)
[2025-12-25T04:33:38.786+0000][674.426s][info][gc,heap        ] GC(1194) Tenured: 173563K(196608K)->173563K(196608K)
[2025-12-25T04:33:38.786+0000][674.426s][info][gc,metaspace   ] GC(1194) Metaspace: 97898K(99264K)->97898K(99264K) NonClass: 84862K(85440K)->84862K(85440K) Class: 13035K(13824K)->13035K(13824K)
[2025-12-25T04:33:38.787+0000][674.427s][info][gc             ] GC(1194) Pause Young (Allocation Failure) 249M->172M(278M) 7.223ms
[2025-12-25T04:33:38.788+0000][674.428s][info][gc,cpu         ] GC(1194) User=0.00s Sys=0.00s Real=0.01s
[2025-12-25T04:33:38.892+0000][674.532s][info][gc,start       ] GC(1195) Pause Young (Allocation Failure)
[2025-12-25T04:33:38.907+0000][674.547s][info][gc,heap        ] GC(1195) DefNew: 82285K(88512K)->4160K(88512K) Eden: 78720K(78720K)->0K(78720K) From: 3565K(9792K)->4160K(9792K)
[2025-12-25T04:33:38.911+0000][674.551s][info][gc,heap        ] GC(1195) Tenured: 173563K(196608K)->173563K(196608K)
[2025-12-25T04:33:38.911+0000][674.551s][info][gc,metaspace   ] GC(1195) Metaspace: 97898K(99264K)->97898K(99264K) NonClass: 84862K(85440K)->84862K(85440K) Class: 13035K(13824K)->13035K(13824K)
[2025-12-25T04:33:38.912+0000][674.552s][info][gc             ] GC(1195) Pause Young (Allocation Failure) 249M->173M(278M) 19.990ms
[2025-12-25T04:33:38.913+0000][674.553s][info][gc,cpu         ] GC(1195) User=0.00s Sys=0.00s Real=0.02s
[2025-12-25T04:33:39.025+0000][674.665s][info][gc,start       ] GC(1196) Pause Young (Allocation Failure)
[2025-12-25T04:33:39.031+0000][674.671s][info][gc,heap        ] GC(1196) DefNew: 82880K(88512K)->3328K(88512K) Eden: 78720K(78720K)->0K(78720K) From: 4160K(9792K)->3328K(9792K)
[2025-12-25T04:33:39.034+0000][674.674s][info][gc,heap        ] GC(1196) Tenured: 173563K(196608K)->173563K(196608K)
[2025-12-25T04:33:39.039+0000][674.679s][info][gc,metaspace   ] GC(1196) Metaspace: 97898K(99264K)->97898K(99264K) NonClass: 84862K(85440K)->84862K(85440K) Class: 13035K(13824K)->13035K(13824K)
[2025-12-25T04:33:39.039+0000][674.679s][info][gc             ] GC(1196) Pause Young (Allocation Failure) 250M->172M(278M) 14.147ms
[2025-12-25T04:33:39.042+0000][674.682s][info][gc,cpu         ] GC(1196) User=0.01s Sys=0.00s Real=0.01s
[2025-12-25T04:33:39.203+0000][674.843s][info][gc,start       ] GC(1197) Pause Young (Allocation Failure)
[2025-12-25T04:33:39.209+0000][674.849s][info][gc,heap        ] GC(1197) DefNew: 82048K(88512K)->4135K(88512K) Eden: 78720K(78720K)->0K(78720K) From: 3328K(9792K)->4135K(9792K)
[2025-12-25T04:33:39.209+0000][674.849s][info][gc,heap        ] GC(1197) Tenured: 173563K(196608K)->173571K(196608K)
[2025-12-25T04:33:39.210+0000][674.850s][info][gc,metaspace   ] GC(1197) Metaspace: 97898K(99264K)->97898K(99264K) NonClass: 84862K(85440K)->84862K(85440K) Class: 13035K(13824K)->13035K(13824K)
[2025-12-25T04:33:39.210+0000][674.850s][info][gc             ] GC(1197) Pause Young (Allocation Failure) 249M->173M(278M) 6.359ms
[2025-12-25T04:33:39.210+0000][674.850s][info][gc,cpu         ] GC(1197) User=0.00s Sys=0.00s Real=0.01s
[2025-12-25T04:33:39.325+0000][674.965s][info][gc,start       ] GC(1198) Pause Young (Allocation Failure)
[2025-12-25T04:33:39.336+0000][674.975s][info][gc,heap        ] GC(1198) DefNew: 82854K(88512K)->3279K(88512K) Eden: 78718K(78720K)->0K(78720K) From: 4135K(9792K)->3279K(9792K)
[2025-12-25T04:33:39.337+0000][674.977s][info][gc,heap        ] GC(1198) Tenured: 173571K(196608K)->173589K(196608K)
[2025-12-25T04:33:39.338+0000][674.978s][info][gc,metaspace   ] GC(1198) Metaspace: 97898K(99264K)->97898K(99264K) NonClass: 84862K(85440K)->84862K(85440K) Class: 13035K(13824K)->13035K(13824K)
[2025-12-25T04:33:39.340+0000][674.980s][info][gc             ] GC(1198) Pause Young (Allocation Failure) 250M->172M(278M) 14.392ms
[2025-12-25T04:33:39.341+0000][674.981s][info][gc,cpu         ] GC(1198) User=0.01s Sys=0.00s Real=0.01s
[2025-12-25T04:33:39.446+0000][675.086s][info][gc,start       ] GC(1199) Pause Young (Allocation Failure)
[2025-12-25T04:33:39.453+0000][675.093s][info][gc,heap        ] GC(1199) DefNew: 81999K(88512K)->2868K(88512K) Eden: 78720K(78720K)->0K(78720K) From: 3279K(9792K)->2868K(9792K)
[2025-12-25T04:33:39.454+0000][675.094s][info][gc,heap        ] GC(1199) Tenured: 173589K(196608K)->173936K(196608K)
[2025-12-25T04:33:39.454+0000][675.094s][info][gc,metaspace   ] GC(1199) Metaspace: 97898K(99264K)->97898K(99264K) NonClass: 84862K(85440K)->84862K(85440K) Class: 13035K(13824K)->13035K(13824K)
[2025-12-25T04:33:39.455+0000][675.095s][info][gc             ] GC(1199) Pause Young (Allocation Failure) 249M->172M(278M) 8.252ms
[2025-12-25T04:33:39.455+0000][675.095s][info][gc,cpu         ] GC(1199) User=0.01s Sys=0.00s Real=0.01s
[2025-12-25T04:33:39.610+0000][675.250s][info][gc,start       ] GC(1200) Pause Young (Allocation Failure)
[2025-12-25T04:33:39.619+0000][675.259s][info][gc,heap        ] GC(1200) DefNew: 81588K(88512K)->3695K(88512K) Eden: 78720K(78720K)->0K(78720K) From: 2868K(9792K)->3695K(9792K)
[2025-12-25T04:33:39.619+0000][675.259s][info][gc,heap        ] GC(1200) Tenured: 173936K(196608K)->173990K(196608K)
[2025-12-25T04:33:39.619+0000][675.259s][info][gc,metaspace   ] GC(1200) Metaspace: 97898K(99264K)->97898K(99264K) NonClass: 84862K(85440K)->84862K(85440K) Class: 13035K(13824K)->13035K(13824K)
[2025-12-25T04:33:39.620+0000][675.260s][info][gc             ] GC(1200) Pause Young (Allocation Failure) 249M->173M(278M) 10.230ms
[2025-12-25T04:33:39.620+0000][675.260s][info][gc,cpu         ] GC(1200) User=0.01s Sys=0.00s Real=0.01s
[2025-12-25T04:33:39.727+0000][675.367s][info][gc,start       ] GC(1201) Pause Young (Allocation Failure)
[2025-12-25T04:33:39.738+0000][675.378s][info][gc,heap        ] GC(1201) DefNew: 82415K(88512K)->3050K(88512K) Eden: 78720K(78720K)->0K(78720K) From: 3695K(9792K)->3050K(9792K)
[2025-12-25T04:33:39.739+0000][675.379s][info][gc,heap        ] GC(1201) Tenured: 173990K(196608K)->174058K(196608K)
[2025-12-25T04:33:39.739+0000][675.379s][info][gc,metaspace   ] GC(1201) Metaspace: 97898K(99264K)->97898K(99264K) NonClass: 84862K(85440K)->84862K(85440K) Class: 13035K(13824K)->13035K(13824K)
[2025-12-25T04:33:39.739+0000][675.379s][info][gc             ] GC(1201) Pause Young (Allocation Failure) 250M->172M(278M) 12.037ms
[2025-12-25T04:33:39.740+0000][675.380s][info][gc,cpu         ] GC(1201) User=0.00s Sys=0.00s Real=0.01s
[2025-12-25T04:33:39.841+0000][675.481s][info][gc,start       ] GC(1202) Pause Young (Allocation Failure)
[2025-12-25T04:33:39.853+0000][675.493s][info][gc,heap        ] GC(1202) DefNew: 81770K(88512K)->2423K(88512K) Eden: 78720K(78720K)->0K(78720K) From: 3050K(9792K)->2423K(9792K)
[2025-12-25T04:33:39.854+0000][675.494s][info][gc,heap        ] GC(1202) Tenured: 174058K(196608K)->174058K(196608K)
[2025-12-25T04:33:39.854+0000][675.494s][info][gc,metaspace   ] GC(1202) Metaspace: 97898K(99264K)->97898K(99264K) NonClass: 84862K(85440K)->84862K(85440K) Class: 13035K(13824K)->13035K(13824K)
[2025-12-25T04:33:39.855+0000][675.495s][info][gc             ] GC(1202) Pause Young (Allocation Failure) 249M->172M(278M) 13.266ms
[2025-12-25T04:33:39.855+0000][675.495s][info][gc,cpu         ] GC(1202) User=0.00s Sys=0.00s Real=0.02s
[2025-12-25T04:33:39.983+0000][675.623s][info][gc,start       ] GC(1203) Pause Young (Allocation Failure)
[2025-12-25T04:33:39.997+0000][675.637s][info][gc,heap        ] GC(1203) DefNew: 81135K(88512K)->3492K(88512K) Eden: 78711K(78720K)->0K(78720K) From: 2423K(9792K)->3492K(9792K)
[2025-12-25T04:33:39.998+0000][675.638s][info][gc,heap        ] GC(1203) Tenured: 174058K(196608K)->174058K(196608K)
[2025-12-25T04:33:39.998+0000][675.638s][info][gc,metaspace   ] GC(1203) Metaspace: 97898K(99264K)->97898K(99264K) NonClass: 84862K(85440K)->84862K(85440K) Class: 13035K(13824K)->13035K(13824K)
[2025-12-25T04:33:39.999+0000][675.639s][info][gc             ] GC(1203) Pause Young (Allocation Failure) 249M->173M(278M) 15.834ms
[2025-12-25T04:33:39.999+0000][675.639s][info][gc,cpu         ] GC(1203) User=0.00s Sys=0.00s Real=0.02s
[2025-12-25T04:33:40.135+0000][675.775s][info][gc,start       ] GC(1204) Pause Young (Allocation Failure)
[2025-12-25T04:33:40.141+0000][675.781s][info][gc,heap        ] GC(1204) DefNew: 82212K(88512K)->3493K(88512K) Eden: 78720K(78720K)->0K(78720K) From: 3492K(9792K)->3493K(9792K)
[2025-12-25T04:33:40.143+0000][675.783s][info][gc,heap        ] GC(1204) Tenured: 174058K(196608K)->174058K(196608K)
[2025-12-25T04:33:40.143+0000][675.783s][info][gc,metaspace   ] GC(1204) Metaspace: 97898K(99264K)->97898K(99264K) NonClass: 84862K(85440K)->84862K(85440K) Class: 13035K(13824K)->13035K(13824K)
[2025-12-25T04:33:40.143+0000][675.783s][info][gc             ] GC(1204) Pause Young (Allocation Failure) 250M->173M(278M) 7.691ms
[2025-12-25T04:33:40.144+0000][675.784s][info][gc,cpu         ] GC(1204) User=0.00s Sys=0.00s Real=0.00s
[2025-12-25T04:33:40.247+0000][675.887s][info][gc,start       ] GC(1205) Pause Young (Allocation Failure)
[2025-12-25T04:33:40.252+0000][675.892s][info][gc,heap        ] GC(1205) DefNew: 82213K(88512K)->2792K(88512K) Eden: 78720K(78720K)->0K(78720K) From: 3493K(9792K)->2792K(9792K)
[2025-12-25T04:33:40.256+0000][675.896s][info][gc,heap        ] GC(1205) Tenured: 174058K(196608K)->174090K(196608K)
[2025-12-25T04:33:40.257+0000][675.897s][info][gc,metaspace   ] GC(1205) Metaspace: 97898K(99264K)->97898K(99264K) NonClass: 84862K(85440K)->84862K(85440K) Class: 13035K(13824K)->13035K(13824K)
[2025-12-25T04:33:40.257+0000][675.897s][info][gc             ] GC(1205) Pause Young (Allocation Failure) 250M->172M(278M) 10.003ms
[2025-12-25T04:33:40.257+0000][675.897s][info][gc,cpu         ] GC(1205) User=0.00s Sys=0.00s Real=0.01s
[2025-12-25T04:33:40.360+0000][676.000s][info][gc,start       ] GC(1206) Pause Young (Allocation Failure)
[2025-12-25T04:33:40.369+0000][676.009s][info][gc,heap        ] GC(1206) DefNew: 81512K(88512K)->4007K(88512K) Eden: 78720K(78720K)->0K(78720K) From: 2792K(9792K)->4007K(9792K)
[2025-12-25T04:33:40.372+0000][676.012s][info][gc,heap        ] GC(1206) Tenured: 174090K(196608K)->174090K(196608K)
[2025-12-25T04:33:40.374+0000][676.014s][info][gc,metaspace   ] GC(1206) Metaspace: 97898K(99264K)->97898K(99264K) NonClass: 84862K(85440K)->84862K(85440K) Class: 13035K(13824K)->13035K(13824K)
[2025-12-25T04:33:40.375+0000][676.015s][info][gc             ] GC(1206) Pause Young (Allocation Failure) 249M->173M(278M) 14.952ms
[2025-12-25T04:33:40.376+0000][676.016s][info][gc,cpu         ] GC(1206) User=0.01s Sys=0.00s Real=0.02s
[2025-12-25T04:33:40.498+0000][676.138s][info][gc,start       ] GC(1207) Pause Young (Allocation Failure)
[2025-12-25T04:33:40.509+0000][676.149s][info][gc,heap        ] GC(1207) DefNew: 82699K(88512K)->3102K(88512K) Eden: 78691K(78720K)->0K(78720K) From: 4007K(9792K)->3102K(9792K)
[2025-12-25T04:33:40.509+0000][676.149s][info][gc,heap        ] GC(1207) Tenured: 174090K(196608K)->174091K(196608K)
[2025-12-25T04:33:40.510+0000][676.150s][info][gc,metaspace   ] GC(1207) Metaspace: 97898K(99264K)->97898K(99264K) NonClass: 84862K(85440K)->84862K(85440K) Class: 13035K(13824K)->13035K(13824K)
[2025-12-25T04:33:40.510+0000][676.150s][info][gc             ] GC(1207) Pause Young (Allocation Failure) 250M->173M(278M) 12.209ms
[2025-12-25T04:33:40.510+0000][676.150s][info][gc,cpu         ] GC(1207) User=0.01s Sys=0.00s Real=0.01s
[2025-12-25T04:33:40.607+0000][676.247s][info][gc,start       ] GC(1208) Pause Young (Allocation Failure)
[2025-12-25T04:33:40.613+0000][676.253s][info][gc,heap        ] GC(1208) DefNew: 81822K(88512K)->3305K(88512K) Eden: 78720K(78720K)->0K(78720K) From: 3102K(9792K)->3305K(9792K)
[2025-12-25T04:33:40.614+0000][676.254s][info][gc,heap        ] GC(1208) Tenured: 174091K(196608K)->174091K(196608K)
[2025-12-25T04:33:40.614+0000][676.254s][info][gc,metaspace   ] GC(1208) Metaspace: 97898K(99264K)->97898K(99264K) NonClass: 84862K(85440K)->84862K(85440K) Class: 13035K(13824K)->13035K(13824K)
[2025-12-25T04:33:40.614+0000][676.254s][info][gc             ] GC(1208) Pause Young (Allocation Failure) 249M->173M(278M) 6.917ms
[2025-12-25T04:33:40.614+0000][676.254s][info][gc,cpu         ] GC(1208) User=0.00s Sys=0.00s Real=0.00s
[2025-12-25T04:33:40.719+0000][676.359s][info][gc,start       ] GC(1209) Pause Young (Allocation Failure)
[2025-12-25T04:33:40.735+0000][676.375s][info][gc,heap        ] GC(1209) DefNew: 82025K(88512K)->2801K(88512K) Eden: 78720K(78720K)->0K(78720K) From: 3305K(9792K)->2801K(9792K)
[2025-12-25T04:33:40.735+0000][676.375s][info][gc,heap        ] GC(1209) Tenured: 174091K(196608K)->174150K(196608K)
[2025-12-25T04:33:40.735+0000][676.375s][info][gc,metaspace   ] GC(1209) Metaspace: 97898K(99264K)->97898K(99264K) NonClass: 84862K(85440K)->84862K(85440K) Class: 13035K(13824K)->13035K(13824K)
[2025-12-25T04:33:40.735+0000][676.375s][info][gc             ] GC(1209) Pause Young (Allocation Failure) 250M->172M(278M) 16.664ms
[2025-12-25T04:33:40.736+0000][676.376s][info][gc,cpu         ] GC(1209) User=0.01s Sys=0.00s Real=0.02s
[2025-12-25T04:33:40.873+0000][676.513s][info][gc,start       ] GC(1210) Pause Young (Allocation Failure)
[2025-12-25T04:33:40.879+0000][676.519s][info][gc,heap        ] GC(1210) DefNew: 81521K(88512K)->3275K(88512K) Eden: 78720K(78720K)->0K(78720K) From: 2801K(9792K)->3275K(9792K)
[2025-12-25T04:33:40.879+0000][676.519s][info][gc,heap        ] GC(1210) Tenured: 174150K(196608K)->174470K(196608K)
[2025-12-25T04:33:40.880+0000][676.520s][info][gc,metaspace   ] GC(1210) Metaspace: 97898K(99264K)->97898K(99264K) NonClass: 84862K(85440K)->84862K(85440K) Class: 13035K(13824K)->13035K(13824K)
[2025-12-25T04:33:40.880+0000][676.520s][info][gc             ] GC(1210) Pause Young (Allocation Failure) 249M->173M(278M) 7.255ms
[2025-12-25T04:33:40.880+0000][676.520s][info][gc,cpu         ] GC(1210) User=0.00s Sys=0.00s Real=0.01s
[2025-12-25T04:33:41.007+0000][676.647s][info][gc,start       ] GC(1211) Pause Young (Allocation Failure)
[2025-12-25T04:33:41.010+0000][676.650s][info][gc,heap        ] GC(1211) DefNew: 81995K(88512K)->2991K(88512K) Eden: 78720K(78720K)->0K(78720K) From: 3275K(9792K)->2991K(9792K)
[2025-12-25T04:33:41.015+0000][676.655s][info][gc,heap        ] GC(1211) Tenured: 174470K(196608K)->174470K(196608K)
[2025-12-25T04:33:41.016+0000][676.656s][info][gc,metaspace   ] GC(1211) Metaspace: 97898K(99264K)->97898K(99264K) NonClass: 84862K(85440K)->84862K(85440K) Class: 13035K(13824K)->13035K(13824K)
[2025-12-25T04:33:41.018+0000][676.658s][info][gc             ] GC(1211) Pause Young (Allocation Failure) 250M->173M(278M) 10.928ms
[2025-12-25T04:33:41.019+0000][676.659s][info][gc,cpu         ] GC(1211) User=0.00s Sys=0.00s Real=0.01s
[2025-12-25T04:33:41.156+0000][676.796s][info][gc,start       ] GC(1212) Pause Young (Allocation Failure)
[2025-12-25T04:33:41.163+0000][676.803s][info][gc,heap        ] GC(1212) DefNew: 81711K(88512K)->2999K(88512K) Eden: 78720K(78720K)->0K(78720K) From: 2991K(9792K)->2999K(9792K)
[2025-12-25T04:33:41.164+0000][676.804s][info][gc,heap        ] GC(1212) Tenured: 174470K(196608K)->174620K(196608K)
[2025-12-25T04:33:41.165+0000][676.805s][info][gc,metaspace   ] GC(1212) Metaspace: 97898K(99264K)->97898K(99264K) NonClass: 84862K(85440K)->84862K(85440K) Class: 13035K(13824K)->13035K(13824K)
[2025-12-25T04:33:41.165+0000][676.805s][info][gc             ] GC(1212) Pause Young (Allocation Failure) 250M->173M(278M) 8.821ms
[2025-12-25T04:33:41.165+0000][676.805s][info][gc,cpu         ] GC(1212) User=0.01s Sys=0.00s Real=0.01s
[2025-12-25T04:33:41.258+0000][676.898s][info][gc,start       ] GC(1213) Pause Young (Allocation Failure)
[2025-12-25T04:33:41.262+0000][676.902s][info][gc,heap        ] GC(1213) DefNew: 81719K(88512K)->2085K(88512K) Eden: 78720K(78720K)->0K(78720K) From: 2999K(9792K)->2085K(9792K)
[2025-12-25T04:33:41.262+0000][676.902s][info][gc,heap        ] GC(1213) Tenured: 174620K(196608K)->174620K(196608K)
[2025-12-25T04:33:41.262+0000][676.902s][info][gc,metaspace   ] GC(1213) Metaspace: 97898K(99264K)->97898K(99264K) NonClass: 84862K(85440K)->84862K(85440K) Class: 13035K(13824K)->13035K(13824K)
[2025-12-25T04:33:41.263+0000][676.903s][info][gc             ] GC(1213) Pause Young (Allocation Failure) 250M->172M(278M) 4.839ms
[2025-12-25T04:33:41.263+0000][676.903s][info][gc,cpu         ] GC(1213) User=0.01s Sys=0.00s Real=0.00s
[2025-12-25T04:33:41.305+0000][676.945s][info][gc,start       ] GC(1214) Pause Young (Allocation Failure)
[2025-12-25T04:33:41.312+0000][676.952s][info][gc,heap        ] GC(1214) DefNew: 80805K(88512K)->2339K(88512K) Eden: 78720K(78720K)->0K(78720K) From: 2085K(9792K)->2339K(9792K)
[2025-12-25T04:33:41.313+0000][676.953s][info][gc,heap        ] GC(1214) Tenured: 174620K(196608K)->174621K(196608K)
[2025-12-25T04:33:41.314+0000][676.954s][info][gc,metaspace   ] GC(1214) Metaspace: 97898K(99264K)->97898K(99264K) NonClass: 84862K(85440K)->84862K(85440K) Class: 13035K(13824K)->13035K(13824K)
[2025-12-25T04:33:41.314+0000][676.954s][info][gc             ] GC(1214) Pause Young (Allocation Failure) 249M->172M(278M) 8.940ms
[2025-12-25T04:33:41.314+0000][676.954s][info][gc,cpu         ] GC(1214) User=0.01s Sys=0.00s Real=0.00s
[2025-12-25T04:33:41.365+0000][677.005s][info][gc,start       ] GC(1215) Pause Young (Allocation Failure)
[2025-12-25T04:33:41.372+0000][677.012s][info][gc,heap        ] GC(1215) DefNew: 81059K(88512K)->2800K(88512K) Eden: 78720K(78720K)->0K(78720K) From: 2339K(9792K)->2800K(9792K)
[2025-12-25T04:33:41.372+0000][677.012s][info][gc,heap        ] GC(1215) Tenured: 174621K(196608K)->174621K(196608K)
[2025-12-25T04:33:41.372+0000][677.012s][info][gc,metaspace   ] GC(1215) Metaspace: 97898K(99264K)->97898K(99264K) NonClass: 84862K(85440K)->84862K(85440K) Class: 13035K(13824K)->13035K(13824K)
[2025-12-25T04:33:41.373+0000][677.013s][info][gc             ] GC(1215) Pause Young (Allocation Failure) 249M->173M(278M) 8.261ms
[2025-12-25T04:33:41.373+0000][677.013s][info][gc,cpu         ] GC(1215) User=0.00s Sys=0.01s Real=0.00s
[2025-12-25T04:33:41.514+0000][677.154s][info][gc,start       ] GC(1216) Pause Young (Allocation Failure)
[2025-12-25T04:33:41.519+0000][677.159s][info][gc,heap        ] GC(1216) DefNew: 81520K(88512K)->2936K(88512K) Eden: 78720K(78720K)->0K(78720K) From: 2800K(9792K)->2936K(9792K)
[2025-12-25T04:33:41.519+0000][677.159s][info][gc,heap        ] GC(1216) Tenured: 174621K(196608K)->174621K(196608K)
[2025-12-25T04:33:41.519+0000][677.159s][info][gc,metaspace   ] GC(1216) Metaspace: 97898K(99264K)->97898K(99264K) NonClass: 84862K(85440K)->84862K(85440K) Class: 13035K(13824K)->13035K(13824K)
[2025-12-25T04:33:41.520+0000][677.160s][info][gc             ] GC(1216) Pause Young (Allocation Failure) 250M->173M(278M) 5.360ms
[2025-12-25T04:33:41.520+0000][677.160s][info][gc,cpu         ] GC(1216) User=0.01s Sys=0.00s Real=0.01s
[2025-12-25T04:33:41.635+0000][677.275s][info][gc,start       ] GC(1217) Pause Young (Allocation Failure)
[2025-12-25T04:33:41.657+0000][677.297s][info][gc,heap        ] GC(1217) DefNew: 81038K(88512K)->3121K(88512K) Eden: 78102K(78720K)->0K(78720K) From: 2936K(9792K)->3121K(9792K)
[2025-12-25T04:33:41.657+0000][677.297s][info][gc,heap        ] GC(1217) Tenured: 174621K(196608K)->174621K(196608K)
[2025-12-25T04:33:41.658+0000][677.298s][info][gc,metaspace   ] GC(1217) Metaspace: 97898K(99264K)->97898K(99264K) NonClass: 84862K(85440K)->84862K(85440K) Class: 13035K(13824K)->13035K(13824K)
[2025-12-25T04:33:41.658+0000][677.298s][info][gc             ] GC(1217) Pause Young (Allocation Failure) 249M->173M(278M) 22.892ms
[2025-12-25T04:33:41.658+0000][677.298s][info][gc,cpu         ] GC(1217) User=0.00s Sys=0.00s Real=0.02s
[2025-12-25T04:33:41.774+0000][677.414s][info][gc,start       ] GC(1218) Pause Young (Allocation Failure)
[2025-12-25T04:33:41.801+0000][677.441s][info][gc,heap        ] GC(1218) DefNew: 81841K(88512K)->4008K(88512K) Eden: 78720K(78720K)->0K(78720K) From: 3121K(9792K)->4008K(9792K)
[2025-12-25T04:33:41.801+0000][677.441s][info][gc,heap        ] GC(1218) Tenured: 174621K(196608K)->174686K(196608K)
[2025-12-25T04:33:41.801+0000][677.441s][info][gc,metaspace   ] GC(1218) Metaspace: 97898K(99264K)->97898K(99264K) NonClass: 84862K(85440K)->84862K(85440K) Class: 13035K(13824K)->13035K(13824K)
[2025-12-25T04:33:41.802+0000][677.441s][info][gc             ] GC(1218) Pause Young (Allocation Failure) 250M->174M(278M) 27.574ms
[2025-12-25T04:33:41.802+0000][677.442s][info][gc,cpu         ] GC(1218) User=0.00s Sys=0.00s Real=0.03s
[2025-12-25T04:33:41.933+0000][677.573s][info][gc,start       ] GC(1219) Pause Young (Allocation Failure)
[2025-12-25T04:33:41.938+0000][677.578s][info][gc,heap        ] GC(1219) DefNew: 82728K(88512K)->3367K(88512K) Eden: 78720K(78720K)->0K(78720K) From: 4008K(9792K)->3367K(9792K)
[2025-12-25T04:33:41.939+0000][677.579s][info][gc,heap        ] GC(1219) Tenured: 174686K(196608K)->174742K(196608K)
[2025-12-25T04:33:41.939+0000][677.579s][info][gc,metaspace   ] GC(1219) Metaspace: 97898K(99264K)->97898K(99264K) NonClass: 84862K(85440K)->84862K(85440K) Class: 13035K(13824K)->13035K(13824K)
[2025-12-25T04:33:41.941+0000][677.581s][info][gc             ] GC(1219) Pause Young (Allocation Failure) 251M->173M(278M) 7.855ms
[2025-12-25T04:33:41.941+0000][677.581s][info][gc,cpu         ] GC(1219) User=0.00s Sys=0.00s Real=0.01s
[2025-12-25T04:33:42.139+0000][677.779s][info][gc,start       ] GC(1220) Pause Young (Allocation Failure)
[2025-12-25T04:33:42.157+0000][677.797s][info][gc,heap        ] GC(1220) DefNew: 82087K(88512K)->3809K(88512K) Eden: 78720K(78720K)->0K(78720K) From: 3367K(9792K)->3809K(9792K)
[2025-12-25T04:33:42.157+0000][677.797s][info][gc,heap        ] GC(1220) Tenured: 174742K(196608K)->174758K(196608K)
[2025-12-25T04:33:42.158+0000][677.798s][info][gc,metaspace   ] GC(1220) Metaspace: 97898K(99264K)->97898K(99264K) NonClass: 84862K(85440K)->84862K(85440K) Class: 13035K(13824K)->13035K(13824K)
[2025-12-25T04:33:42.158+0000][677.798s][info][gc             ] GC(1220) Pause Young (Allocation Failure) 250M->174M(278M) 19.550ms
[2025-12-25T04:33:42.159+0000][677.799s][info][gc,cpu         ] GC(1220) User=0.01s Sys=0.01s Real=0.02s
[2025-12-25T04:33:42.334+0000][677.974s][info][gc,start       ] GC(1221) Pause Young (Allocation Failure)
[2025-12-25T04:33:42.342+0000][677.982s][info][gc,heap        ] GC(1221) DefNew: 82506K(88512K)->3845K(88512K) Eden: 78696K(78720K)->0K(78720K) From: 3809K(9792K)->3845K(9792K)
[2025-12-25T04:33:42.342+0000][677.982s][info][gc,heap        ] GC(1221) Tenured: 174758K(196608K)->174758K(196608K)
[2025-12-25T04:33:42.343+0000][677.983s][info][gc,metaspace   ] GC(1221) Metaspace: 97898K(99264K)->97898K(99264K) NonClass: 84862K(85440K)->84862K(85440K) Class: 13035K(13824K)->13035K(13824K)
[2025-12-25T04:33:42.343+0000][677.983s][info][gc             ] GC(1221) Pause Young (Allocation Failure) 251M->174M(278M) 9.257ms
[2025-12-25T04:33:42.343+0000][677.983s][info][gc,cpu         ] GC(1221) User=0.01s Sys=0.00s Real=0.01s
[2025-12-25T04:33:42.466+0000][678.106s][info][gc,start       ] GC(1222) Pause Young (Allocation Failure)
[2025-12-25T04:33:42.473+0000][678.113s][info][gc,heap        ] GC(1222) DefNew: 82565K(88512K)->3531K(88512K) Eden: 78720K(78720K)->0K(78720K) From: 3845K(9792K)->3531K(9792K)
[2025-12-25T04:33:42.473+0000][678.113s][info][gc,heap        ] GC(1222) Tenured: 174758K(196608K)->174790K(196608K)
[2025-12-25T04:33:42.473+0000][678.113s][info][gc,metaspace   ] GC(1222) Metaspace: 97898K(99264K)->97898K(99264K) NonClass: 84862K(85440K)->84862K(85440K) Class: 13035K(13824K)->13035K(13824K)
[2025-12-25T04:33:42.474+0000][678.114s][info][gc             ] GC(1222) Pause Young (Allocation Failure) 251M->174M(278M) 7.247ms
[2025-12-25T04:33:42.474+0000][678.114s][info][gc,cpu         ] GC(1222) User=0.01s Sys=0.00s Real=0.00s
[2025-12-25T04:33:42.629+0000][678.269s][info][gc,start       ] GC(1223) Pause Young (Allocation Failure)
[2025-12-25T04:33:42.640+0000][678.280s][info][gc,heap        ] GC(1223) DefNew: 82251K(88512K)->2855K(88512K) Eden: 78720K(78720K)->0K(78720K) From: 3531K(9792K)->2855K(9792K)
[2025-12-25T04:33:42.640+0000][678.280s][info][gc,heap        ] GC(1223) Tenured: 174790K(196608K)->174855K(196608K)
[2025-12-25T04:33:42.641+0000][678.281s][info][gc,metaspace   ] GC(1223) Metaspace: 97898K(99264K)->97898K(99264K) NonClass: 84862K(85440K)->84862K(85440K) Class: 13035K(13824K)->13035K(13824K)
[2025-12-25T04:33:42.642+0000][678.282s][info][gc             ] GC(1223) Pause Young (Allocation Failure) 251M->173M(278M) 12.489ms
[2025-12-25T04:33:42.643+0000][678.283s][info][gc,cpu         ] GC(1223) User=0.00s Sys=0.00s Real=0.01s
[2025-12-25T04:33:42.781+0000][678.421s][info][gc,start       ] GC(1224) Pause Young (Allocation Failure)
[2025-12-25T04:33:42.794+0000][678.434s][info][gc,heap        ] GC(1224) DefNew: 81568K(88512K)->2894K(88512K) Eden: 78712K(78720K)->0K(78720K) From: 2855K(9792K)->2894K(9792K)
[2025-12-25T04:33:42.795+0000][678.435s][info][gc,heap        ] GC(1224) Tenured: 174855K(196608K)->174857K(196608K)
[2025-12-25T04:33:42.795+0000][678.435s][info][gc,metaspace   ] GC(1224) Metaspace: 97898K(99264K)->97898K(99264K) NonClass: 84862K(85440K)->84862K(85440K) Class: 13035K(13824K)->13035K(13824K)
[2025-12-25T04:33:42.796+0000][678.436s][info][gc             ] GC(1224) Pause Young (Allocation Failure) 250M->173M(278M) 14.577ms
[2025-12-25T04:33:42.796+0000][678.436s][info][gc,cpu         ] GC(1224) User=0.00s Sys=0.00s Real=0.02s
[2025-12-25T04:33:42.991+0000][678.631s][info][gc,start       ] GC(1225) Pause Young (Allocation Failure)
[2025-12-25T04:33:42.998+0000][678.638s][info][gc,heap        ] GC(1225) DefNew: 81614K(88512K)->3846K(88512K) Eden: 78720K(78720K)->0K(78720K) From: 2894K(9792K)->3846K(9792K)
[2025-12-25T04:33:42.999+0000][678.639s][info][gc,heap        ] GC(1225) Tenured: 174857K(196608K)->174909K(196608K)
[2025-12-25T04:33:43.000+0000][678.640s][info][gc,metaspace   ] GC(1225) Metaspace: 97898K(99264K)->97898K(99264K) NonClass: 84862K(85440K)->84862K(85440K) Class: 13035K(13824K)->13035K(13824K)
[2025-12-25T04:33:43.000+0000][678.640s][info][gc             ] GC(1225) Pause Young (Allocation Failure) 250M->174M(278M) 9.310ms
[2025-12-25T04:33:43.002+0000][678.642s][info][gc,cpu         ] GC(1225) User=0.00s Sys=0.00s Real=0.01s
[2025-12-25T04:33:43.138+0000][678.778s][info][gc,start       ] GC(1226) Pause Young (Allocation Failure)
[2025-12-25T04:33:43.146+0000][678.786s][info][gc,heap        ] GC(1226) DefNew: 82529K(88512K)->3062K(88512K) Eden: 78682K(78720K)->0K(78720K) From: 3846K(9792K)->3062K(9792K)
[2025-12-25T04:33:43.147+0000][678.787s][info][gc,heap        ] GC(1226) Tenured: 174909K(196608K)->174957K(196608K)
[2025-12-25T04:33:43.148+0000][678.788s][info][gc,metaspace   ] GC(1226) Metaspace: 97898K(99264K)->97898K(99264K) NonClass: 84862K(85440K)->84862K(85440K) Class: 13035K(13824K)->13035K(13824K)
[2025-12-25T04:33:43.148+0000][678.788s][info][gc             ] GC(1226) Pause Young (Allocation Failure) 251M->173M(278M) 9.893ms
[2025-12-25T04:33:43.148+0000][678.788s][info][gc,cpu         ] GC(1226) User=0.01s Sys=0.00s Real=0.01s
[2025-12-25T04:33:43.356+0000][678.996s][info][gc,start       ] GC(1227) Pause Young (Allocation Failure)
[2025-12-25T04:33:43.371+0000][679.011s][info][gc,heap        ] GC(1227) DefNew: 81782K(88512K)->3233K(88512K) Eden: 78720K(78720K)->0K(78720K) From: 3062K(9792K)->3233K(9792K)
[2025-12-25T04:33:43.372+0000][679.012s][info][gc,heap        ] GC(1227) Tenured: 174957K(196608K)->174964K(196608K)
[2025-12-25T04:33:43.373+0000][679.013s][info][gc,metaspace   ] GC(1227) Metaspace: 97898K(99264K)->97898K(99264K) NonClass: 84862K(85440K)->84862K(85440K) Class: 13035K(13824K)->13035K(13824K)
[2025-12-25T04:33:43.375+0000][679.015s][info][gc             ] GC(1227) Pause Young (Allocation Failure) 250M->174M(278M) 18.755ms
[2025-12-25T04:33:43.376+0000][679.016s][info][gc,cpu         ] GC(1227) User=0.01s Sys=0.00s Real=0.02s
[2025-12-25T04:33:43.509+0000][679.149s][info][gc,start       ] GC(1228) Pause Young (Allocation Failure)
[2025-12-25T04:33:43.518+0000][679.158s][info][gc,heap        ] GC(1228) DefNew: 81953K(88512K)->2844K(88512K) Eden: 78720K(78720K)->0K(78720K) From: 3233K(9792K)->2844K(9792K)
[2025-12-25T04:33:43.518+0000][679.158s][info][gc,heap        ] GC(1228) Tenured: 174964K(196608K)->175081K(196608K)
[2025-12-25T04:33:43.518+0000][679.158s][info][gc,metaspace   ] GC(1228) Metaspace: 97898K(99264K)->97898K(99264K) NonClass: 84862K(85440K)->84862K(85440K) Class: 13035K(13824K)->13035K(13824K)
[2025-12-25T04:33:43.519+0000][679.159s][info][gc             ] GC(1228) Pause Young (Allocation Failure) 250M->173M(278M) 9.459ms
[2025-12-25T04:33:43.519+0000][679.159s][info][gc,cpu         ] GC(1228) User=0.00s Sys=0.00s Real=0.01s
[2025-12-25T04:33:43.650+0000][679.290s][info][gc,start       ] GC(1229) Pause Young (Allocation Failure)
[2025-12-25T04:33:43.655+0000][679.295s][info][gc,heap        ] GC(1229) DefNew: 81564K(88512K)->2565K(88512K) Eden: 78720K(78720K)->0K(78720K) From: 2844K(9792K)->2565K(9792K)
[2025-12-25T04:33:43.656+0000][679.296s][info][gc,heap        ] GC(1229) Tenured: 175081K(196608K)->175141K(196608K)
[2025-12-25T04:33:43.656+0000][679.296s][info][gc,metaspace   ] GC(1229) Metaspace: 97898K(99264K)->97898K(99264K) NonClass: 84862K(85440K)->84862K(85440K) Class: 13035K(13824K)->13035K(13824K)
[2025-12-25T04:33:43.660+0000][679.300s][info][gc             ] GC(1229) Pause Young (Allocation Failure) 250M->173M(278M) 10.021ms
[2025-12-25T04:33:43.661+0000][679.301s][info][gc,cpu         ] GC(1229) User=0.01s Sys=0.00s Real=0.01s
[2025-12-25T04:33:43.796+0000][679.436s][info][gc,start       ] GC(1230) Pause Young (Allocation Failure)
[2025-12-25T04:33:43.811+0000][679.451s][info][gc,heap        ] GC(1230) DefNew: 81285K(88512K)->3323K(88512K) Eden: 78720K(78720K)->0K(78720K) From: 2565K(9792K)->3323K(9792K)
[2025-12-25T04:33:43.812+0000][679.452s][info][gc,heap        ] GC(1230) Tenured: 175141K(196608K)->175167K(196608K)
[2025-12-25T04:33:43.813+0000][679.453s][info][gc,metaspace   ] GC(1230) Metaspace: 97898K(99264K)->97898K(99264K) NonClass: 84862K(85440K)->84862K(85440K) Class: 13035K(13824K)->13035K(13824K)
[2025-12-25T04:33:43.813+0000][679.453s][info][gc             ] GC(1230) Pause Young (Allocation Failure) 250M->174M(278M) 16.620ms
[2025-12-25T04:33:43.813+0000][679.453s][info][gc,cpu         ] GC(1230) User=0.01s Sys=0.01s Real=0.01s
[2025-12-25T04:33:43.975+0000][679.615s][info][gc,start       ] GC(1231) Pause Young (Allocation Failure)
[2025-12-25T04:33:43.984+0000][679.624s][info][gc,heap        ] GC(1231) DefNew: 82043K(88512K)->3003K(88512K) Eden: 78720K(78720K)->0K(78720K) From: 3323K(9792K)->3003K(9792K)
[2025-12-25T04:33:43.985+0000][679.625s][info][gc,heap        ] GC(1231) Tenured: 175167K(196608K)->175172K(196608K)
[2025-12-25T04:33:43.987+0000][679.627s][info][gc,metaspace   ] GC(1231) Metaspace: 97898K(99264K)->97898K(99264K) NonClass: 84862K(85440K)->84862K(85440K) Class: 13035K(13824K)->13035K(13824K)
[2025-12-25T04:33:43.989+0000][679.629s][info][gc             ] GC(1231) Pause Young (Allocation Failure) 251M->173M(278M) 13.849ms
[2025-12-25T04:33:43.990+0000][679.630s][info][gc,cpu         ] GC(1231) User=0.00s Sys=0.00s Real=0.01s
[2025-12-25T04:33:44.128+0000][679.768s][info][gc,start       ] GC(1232) Pause Young (Allocation Failure)
[2025-12-25T04:33:44.167+0000][679.807s][info][gc,heap        ] GC(1232) DefNew: 81723K(88512K)->2968K(88512K) Eden: 78720K(78720K)->0K(78720K) From: 3003K(9792K)->2968K(9792K)
[2025-12-25T04:33:44.168+0000][679.808s][info][gc,heap        ] GC(1232) Tenured: 175172K(196608K)->175546K(196608K)
[2025-12-25T04:33:44.168+0000][679.808s][info][gc,metaspace   ] GC(1232) Metaspace: 97898K(99264K)->97898K(99264K) NonClass: 84862K(85440K)->84862K(85440K) Class: 13035K(13824K)->13035K(13824K)
[2025-12-25T04:33:44.169+0000][679.809s][info][gc             ] GC(1232) Pause Young (Allocation Failure) 250M->174M(278M) 41.090ms
[2025-12-25T04:33:44.170+0000][679.810s][info][gc,cpu         ] GC(1232) User=0.01s Sys=0.01s Real=0.04s
[2025-12-25T04:33:44.295+0000][679.935s][info][gc,start       ] GC(1233) Pause Young (Allocation Failure)
[2025-12-25T04:33:44.306+0000][679.946s][info][gc,heap        ] GC(1233) DefNew: 81688K(88512K)->2198K(88512K) Eden: 78720K(78720K)->0K(78720K) From: 2968K(9792K)->2198K(9792K)
[2025-12-25T04:33:44.307+0000][679.947s][info][gc,heap        ] GC(1233) Tenured: 175546K(196608K)->175586K(196608K)
[2025-12-25T04:33:44.307+0000][679.947s][info][gc,metaspace   ] GC(1233) Metaspace: 97898K(99264K)->97898K(99264K) NonClass: 84862K(85440K)->84862K(85440K) Class: 13035K(13824K)->13035K(13824K)
[2025-12-25T04:33:44.308+0000][679.948s][info][gc             ] GC(1233) Pause Young (Allocation Failure) 251M->173M(278M) 13.043ms
[2025-12-25T04:33:44.309+0000][679.949s][info][gc,cpu         ] GC(1233) User=0.01s Sys=0.00s Real=0.01s
[2025-12-25T04:33:44.496+0000][680.136s][info][gc,start       ] GC(1234) Pause Young (Allocation Failure)
[2025-12-25T04:33:44.514+0000][680.154s][info][gc,heap        ] GC(1234) DefNew: 80918K(88512K)->3445K(88512K) Eden: 78720K(78720K)->0K(78720K) From: 2198K(9792K)->3445K(9792K)
[2025-12-25T04:33:44.516+0000][680.155s][info][gc,heap        ] GC(1234) Tenured: 175586K(196608K)->175586K(196608K)
[2025-12-25T04:33:44.516+0000][680.156s][info][gc,metaspace   ] GC(1234) Metaspace: 97898K(99264K)->97898K(99264K) NonClass: 84862K(85440K)->84862K(85440K) Class: 13035K(13824K)->13035K(13824K)
[2025-12-25T04:33:44.516+0000][680.156s][info][gc             ] GC(1234) Pause Young (Allocation Failure) 250M->174M(278M) 20.647ms
[2025-12-25T04:33:44.518+0000][680.158s][info][gc,cpu         ] GC(1234) User=0.01s Sys=0.00s Real=0.02s
[2025-12-25T04:33:44.716+0000][680.356s][info][gc,start       ] GC(1235) Pause Young (Allocation Failure)
[2025-12-25T04:33:44.720+0000][680.360s][info][gc,heap        ] GC(1235) DefNew: 82165K(88512K)->2535K(88512K) Eden: 78720K(78720K)->0K(78720K) From: 3445K(9792K)->2535K(9792K)
[2025-12-25T04:33:44.721+0000][680.361s][info][gc,heap        ] GC(1235) Tenured: 175586K(196608K)->175596K(196608K)
[2025-12-25T04:33:44.721+0000][680.361s][info][gc,metaspace   ] GC(1235) Metaspace: 97898K(99264K)->97898K(99264K) NonClass: 84862K(85440K)->84862K(85440K) Class: 13035K(13824K)->13035K(13824K)
[2025-12-25T04:33:44.721+0000][680.361s][info][gc             ] GC(1235) Pause Young (Allocation Failure) 251M->173M(278M) 5.427ms
[2025-12-25T04:33:44.722+0000][680.362s][info][gc,cpu         ] GC(1235) User=0.00s Sys=0.00s Real=0.00s
[2025-12-25T04:33:44.824+0000][680.464s][info][gc,start       ] GC(1236) Pause Young (Allocation Failure)
[2025-12-25T04:33:44.829+0000][680.469s][info][gc,heap        ] GC(1236) DefNew: 81255K(88512K)->3299K(88512K) Eden: 78720K(78720K)->0K(78720K) From: 2535K(9792K)->3299K(9792K)
[2025-12-25T04:33:44.829+0000][680.469s][info][gc,heap        ] GC(1236) Tenured: 175596K(196608K)->175599K(196608K)
[2025-12-25T04:33:44.829+0000][680.469s][info][gc,metaspace   ] GC(1236) Metaspace: 97898K(99264K)->97898K(99264K) NonClass: 84862K(85440K)->84862K(85440K) Class: 13035K(13824K)->13035K(13824K)
[2025-12-25T04:33:44.829+0000][680.469s][info][gc             ] GC(1236) Pause Young (Allocation Failure) 250M->174M(278M) 5.193ms
[2025-12-25T04:33:44.830+0000][680.470s][info][gc,cpu         ] GC(1236) User=0.01s Sys=0.00s Real=0.01s
[2025-12-25T04:33:45.032+0000][680.672s][info][gc,start       ] GC(1237) Pause Young (Allocation Failure)
[2025-12-25T04:33:45.037+0000][680.677s][info][gc,heap        ] GC(1237) DefNew: 82019K(88512K)->2608K(88512K) Eden: 78720K(78720K)->0K(78720K) From: 3299K(9792K)->2608K(9792K)
[2025-12-25T04:33:45.037+0000][680.677s][info][gc,heap        ] GC(1237) Tenured: 175599K(196608K)->175599K(196608K)
[2025-12-25T04:33:45.038+0000][680.678s][info][gc,metaspace   ] GC(1237) Metaspace: 97898K(99264K)->97898K(99264K) NonClass: 84862K(85440K)->84862K(85440K) Class: 13035K(13824K)->13035K(13824K)
[2025-12-25T04:33:45.038+0000][680.678s][info][gc             ] GC(1237) Pause Young (Allocation Failure) 251M->174M(278M) 5.927ms
[2025-12-25T04:33:45.038+0000][680.678s][info][gc,cpu         ] GC(1237) User=0.01s Sys=0.00s Real=0.01s
[2025-12-25T04:33:45.245+0000][680.885s][info][gc,start       ] GC(1238) Pause Young (Allocation Failure)
[2025-12-25T04:33:45.257+0000][680.897s][info][gc,heap        ] GC(1238) DefNew: 81328K(88512K)->3797K(88512K) Eden: 78720K(78720K)->0K(78720K) From: 2608K(9792K)->3797K(9792K)
[2025-12-25T04:33:45.260+0000][680.900s][info][gc,heap        ] GC(1238) Tenured: 175599K(196608K)->175599K(196608K)
[2025-12-25T04:33:45.261+0000][680.901s][info][gc,metaspace   ] GC(1238) Metaspace: 97898K(99264K)->97898K(99264K) NonClass: 84862K(85440K)->84862K(85440K) Class: 13035K(13824K)->13035K(13824K)
[2025-12-25T04:33:45.261+0000][680.901s][info][gc             ] GC(1238) Pause Young (Allocation Failure) 250M->175M(278M) 16.180ms
[2025-12-25T04:33:45.262+0000][680.902s][info][gc,cpu         ] GC(1238) User=0.01s Sys=0.00s Real=0.01s
[2025-12-25T04:33:45.378+0000][681.018s][info][gc,start       ] GC(1239) Pause Young (Allocation Failure)
[2025-12-25T04:33:45.406+0000][681.046s][info][gc,heap        ] GC(1239) DefNew: 82517K(88512K)->6725K(88512K) Eden: 78720K(78720K)->0K(78720K) From: 3797K(9792K)->6725K(9792K)
[2025-12-25T04:33:45.406+0000][681.046s][info][gc,heap        ] GC(1239) Tenured: 175599K(196608K)->175599K(196608K)
[2025-12-25T04:33:45.406+0000][681.046s][info][gc,metaspace   ] GC(1239) Metaspace: 97898K(99264K)->97898K(99264K) NonClass: 84862K(85440K)->84862K(85440K) Class: 13035K(13824K)->13035K(13824K)
[2025-12-25T04:33:45.407+0000][681.047s][info][gc             ] GC(1239) Pause Young (Allocation Failure) 252M->178M(278M) 29.111ms
[2025-12-25T04:33:45.407+0000][681.047s][info][gc,cpu         ] GC(1239) User=0.02s Sys=0.01s Real=0.03s
[2025-12-25T04:33:45.595+0000][681.235s][info][gc,start       ] GC(1240) Pause Young (Allocation Failure)
[2025-12-25T04:33:45.619+0000][681.259s][info][gc,heap        ] GC(1240) DefNew: 85445K(88512K)->1838K(88512K) Eden: 78720K(78720K)->0K(78720K) From: 6725K(9792K)->1838K(9792K)
[2025-12-25T04:33:45.621+0000][681.261s][info][gc,heap        ] GC(1240) Tenured: 175599K(196608K)->177452K(196608K)
[2025-12-25T04:33:45.622+0000][681.262s][info][gc,metaspace   ] GC(1240) Metaspace: 97898K(99264K)->97898K(99264K) NonClass: 84862K(85440K)->84862K(85440K) Class: 13035K(13824K)->13035K(13824K)
[2025-12-25T04:33:45.622+0000][681.262s][info][gc             ] GC(1240) Pause Young (Allocation Failure) 254M->175M(278M) 27.060ms
[2025-12-25T04:33:45.623+0000][681.263s][info][gc,cpu         ] GC(1240) User=0.01s Sys=0.00s Real=0.02s
[2025-12-25T04:33:45.744+0000][681.384s][info][gc,start       ] GC(1241) Pause Young (Allocation Failure)
[2025-12-25T04:33:45.748+0000][681.388s][info][gc,heap        ] GC(1241) DefNew: 80558K(88512K)->2736K(88512K) Eden: 78720K(78720K)->0K(78720K) From: 1838K(9792K)->2736K(9792K)
[2025-12-25T04:33:45.748+0000][681.388s][info][gc,heap        ] GC(1241) Tenured: 177452K(196608K)->177452K(196608K)
[2025-12-25T04:33:45.748+0000][681.388s][info][gc,metaspace   ] GC(1241) Metaspace: 97898K(99264K)->97898K(99264K) NonClass: 84862K(85440K)->84862K(85440K) Class: 13035K(13824K)->13035K(13824K)
[2025-12-25T04:33:45.748+0000][681.388s][info][gc             ] GC(1241) Pause Young (Allocation Failure) 251M->175M(278M) 4.401ms
[2025-12-25T04:33:45.749+0000][681.389s][info][gc,cpu         ] GC(1241) User=0.01s Sys=0.00s Real=0.01s
[2025-12-25T04:33:45.889+0000][681.529s][info][gc,start       ] GC(1242) Pause Young (Allocation Failure)
[2025-12-25T04:33:45.896+0000][681.536s][info][gc,heap        ] GC(1242) DefNew: 81456K(88512K)->2530K(88512K) Eden: 78720K(78720K)->0K(78720K) From: 2736K(9792K)->2530K(9792K)
[2025-12-25T04:33:45.896+0000][681.536s][info][gc,heap        ] GC(1242) Tenured: 177452K(196608K)->177452K(196608K)
[2025-12-25T04:33:45.897+0000][681.537s][info][gc,metaspace   ] GC(1242) Metaspace: 97898K(99264K)->97898K(99264K) NonClass: 84862K(85440K)->84862K(85440K) Class: 13035K(13824K)->13035K(13824K)
[2025-12-25T04:33:45.897+0000][681.537s][info][gc             ] GC(1242) Pause Young (Allocation Failure) 252M->175M(278M) 7.741ms
[2025-12-25T04:33:45.898+0000][681.538s][info][gc,cpu         ] GC(1242) User=0.00s Sys=0.00s Real=0.01s
[2025-12-25T04:33:46.027+0000][681.667s][info][gc,start       ] GC(1243) Pause Young (Allocation Failure)
[2025-12-25T04:33:46.032+0000][681.672s][info][gc,heap        ] GC(1243) DefNew: 81250K(88512K)->2963K(88512K) Eden: 78719K(78720K)->0K(78720K) From: 2530K(9792K)->2963K(9792K)
[2025-12-25T04:33:46.032+0000][681.672s][info][gc,heap        ] GC(1243) Tenured: 177452K(196608K)->177452K(196608K)
[2025-12-25T04:33:46.033+0000][681.673s][info][gc,metaspace   ] GC(1243) Metaspace: 97898K(99264K)->97898K(99264K) NonClass: 84862K(85440K)->84862K(85440K) Class: 13035K(13824K)->13035K(13824K)
[2025-12-25T04:33:46.034+0000][681.674s][info][gc             ] GC(1243) Pause Young (Allocation Failure) 252M->176M(278M) 7.156ms
[2025-12-25T04:33:46.035+0000][681.675s][info][gc,cpu         ] GC(1243) User=0.00s Sys=0.00s Real=0.01s
[2025-12-25T04:33:46.194+0000][681.834s][info][gc,start       ] GC(1244) Pause Young (Allocation Failure)
[2025-12-25T04:33:46.198+0000][681.838s][info][gc,heap        ] GC(1244) DefNew: 81683K(88512K)->2281K(88512K) Eden: 78720K(78720K)->0K(78720K) From: 2963K(9792K)->2281K(9792K)
[2025-12-25T04:33:46.199+0000][681.839s][info][gc,heap        ] GC(1244) Tenured: 177452K(196608K)->177452K(196608K)
[2025-12-25T04:33:46.199+0000][681.839s][info][gc,metaspace   ] GC(1244) Metaspace: 97898K(99264K)->97898K(99264K) NonClass: 84862K(85440K)->84862K(85440K) Class: 13035K(13824K)->13035K(13824K)
[2025-12-25T04:33:46.200+0000][681.840s][info][gc             ] GC(1244) Pause Young (Allocation Failure) 253M->175M(278M) 6.838ms
[2025-12-25T04:33:46.201+0000][681.841s][info][gc,cpu         ] GC(1244) User=0.01s Sys=0.00s Real=0.01s
[2025-12-25T04:33:46.387+0000][682.027s][info][gc,start       ] GC(1245) Pause Young (Allocation Failure)
[2025-12-25T04:33:46.394+0000][682.034s][info][gc,heap        ] GC(1245) DefNew: 81001K(88512K)->2526K(88512K) Eden: 78720K(78720K)->0K(78720K) From: 2281K(9792K)->2526K(9792K)
[2025-12-25T04:33:46.394+0000][682.034s][info][gc,heap        ] GC(1245) Tenured: 177452K(196608K)->177452K(196608K)
[2025-12-25T04:33:46.394+0000][682.034s][info][gc,metaspace   ] GC(1245) Metaspace: 97898K(99264K)->97898K(99264K) NonClass: 84862K(85440K)->84862K(85440K) Class: 13035K(13824K)->13035K(13824K)
[2025-12-25T04:33:46.395+0000][682.035s][info][gc             ] GC(1245) Pause Young (Allocation Failure) 252M->175M(278M) 7.624ms
[2025-12-25T04:33:46.398+0000][682.038s][info][gc,cpu         ] GC(1245) User=0.01s Sys=0.01s Real=0.01s
[2025-12-25T04:33:46.580+0000][682.220s][info][gc,start       ] GC(1246) Pause Young (Allocation Failure)
[2025-12-25T04:33:46.591+0000][682.231s][info][gc,heap        ] GC(1246) DefNew: 81246K(88512K)->4341K(88512K) Eden: 78720K(78720K)->0K(78720K) From: 2526K(9792K)->4341K(9792K)
[2025-12-25T04:33:46.593+0000][682.233s][info][gc,heap        ] GC(1246) Tenured: 177452K(196608K)->177452K(196608K)
[2025-12-25T04:33:46.594+0000][682.233s][info][gc,metaspace   ] GC(1246) Metaspace: 97898K(99264K)->97898K(99264K) NonClass: 84862K(85440K)->84862K(85440K) Class: 13035K(13824K)->13035K(13824K)
[2025-12-25T04:33:46.594+0000][682.234s][info][gc             ] GC(1246) Pause Young (Allocation Failure) 252M->177M(278M) 13.444ms
[2025-12-25T04:33:46.594+0000][682.234s][info][gc,cpu         ] GC(1246) User=0.01s Sys=0.00s Real=0.01s
[2025-12-25T04:33:46.737+0000][682.377s][info][gc,start       ] GC(1247) Pause Young (Allocation Failure)
[2025-12-25T04:33:46.745+0000][682.385s][info][gc,heap        ] GC(1247) DefNew: 83061K(88512K)->3232K(88512K) Eden: 78720K(78720K)->0K(78720K) From: 4341K(9792K)->3232K(9792K)
[2025-12-25T04:33:46.745+0000][682.385s][info][gc,heap        ] GC(1247) Tenured: 177452K(196608K)->177452K(196608K)
[2025-12-25T04:33:46.746+0000][682.386s][info][gc,metaspace   ] GC(1247) Metaspace: 97898K(99264K)->97898K(99264K) NonClass: 84862K(85440K)->84862K(85440K) Class: 13035K(13824K)->13035K(13824K)
[2025-12-25T04:33:46.746+0000][682.386s][info][gc             ] GC(1247) Pause Young (Allocation Failure) 254M->176M(278M) 9.784ms
[2025-12-25T04:33:46.747+0000][682.387s][info][gc,cpu         ] GC(1247) User=0.01s Sys=0.00s Real=0.01s
[2025-12-25T04:33:46.922+0000][682.562s][info][gc,start       ] GC(1248) Pause Young (Allocation Failure)
[2025-12-25T04:33:46.943+0000][682.583s][info][gc,heap        ] GC(1248) DefNew: 81952K(88512K)->3794K(88512K) Eden: 78720K(78720K)->0K(78720K) From: 3232K(9792K)->3794K(9792K)
[2025-12-25T04:33:46.943+0000][682.583s][info][gc,heap        ] GC(1248) Tenured: 177452K(196608K)->177452K(196608K)
[2025-12-25T04:33:46.944+0000][682.584s][info][gc,metaspace   ] GC(1248) Metaspace: 97898K(99264K)->97898K(99264K) NonClass: 84862K(85440K)->84862K(85440K) Class: 13035K(13824K)->13035K(13824K)
[2025-12-25T04:33:46.944+0000][682.584s][info][gc             ] GC(1248) Pause Young (Allocation Failure) 253M->176M(278M) 21.666ms
[2025-12-25T04:33:46.944+0000][682.584s][info][gc,cpu         ] GC(1248) User=0.01s Sys=0.01s Real=0.03s
[2025-12-25T04:33:47.096+0000][682.736s][info][gc,start       ] GC(1249) Pause Young (Allocation Failure)
[2025-12-25T04:33:47.113+0000][682.753s][info][gc,heap        ] GC(1249) DefNew: 82514K(88512K)->3555K(88512K) Eden: 78720K(78720K)->0K(78720K) From: 3794K(9792K)->3555K(9792K)
[2025-12-25T04:33:47.114+0000][682.754s][info][gc,heap        ] GC(1249) Tenured: 177452K(196608K)->177452K(196608K)
[2025-12-25T04:33:47.114+0000][682.754s][info][gc,metaspace   ] GC(1249) Metaspace: 97898K(99264K)->97898K(99264K) NonClass: 84862K(85440K)->84862K(85440K) Class: 13035K(13824K)->13035K(13824K)
[2025-12-25T04:33:47.114+0000][682.754s][info][gc             ] GC(1249) Pause Young (Allocation Failure) 253M->176M(278M) 18.227ms
[2025-12-25T04:33:47.115+0000][682.755s][info][gc,cpu         ] GC(1249) User=0.02s Sys=0.00s Real=0.02s
[2025-12-25T04:33:47.265+0000][682.905s][info][gc,start       ] GC(1250) Pause Young (Allocation Failure)
[2025-12-25T04:33:47.281+0000][682.921s][info][gc,heap        ] GC(1250) DefNew: 82275K(88512K)->3399K(88512K) Eden: 78720K(78720K)->0K(78720K) From: 3555K(9792K)->3399K(9792K)
[2025-12-25T04:33:47.283+0000][682.923s][info][gc,heap        ] GC(1250) Tenured: 177452K(196608K)->177452K(196608K)
[2025-12-25T04:33:47.283+0000][682.923s][info][gc,metaspace   ] GC(1250) Metaspace: 97898K(99264K)->97898K(99264K) NonClass: 84862K(85440K)->84862K(85440K) Class: 13035K(13824K)->13035K(13824K)
[2025-12-25T04:33:47.283+0000][682.923s][info][gc             ] GC(1250) Pause Young (Allocation Failure) 253M->176M(278M) 17.831ms
[2025-12-25T04:33:47.283+0000][682.923s][info][gc,cpu         ] GC(1250) User=0.01s Sys=0.01s Real=0.01s
[2025-12-25T04:33:47.395+0000][683.035s][info][gc,start       ] GC(1251) Pause Young (Allocation Failure)
[2025-12-25T04:33:47.399+0000][683.039s][info][gc,heap        ] GC(1251) DefNew: 82119K(88512K)->3956K(88512K) Eden: 78720K(78720K)->0K(78720K) From: 3399K(9792K)->3956K(9792K)
[2025-12-25T04:33:47.399+0000][683.039s][info][gc,heap        ] GC(1251) Tenured: 177452K(196608K)->177452K(196608K)
[2025-12-25T04:33:47.400+0000][683.040s][info][gc,metaspace   ] GC(1251) Metaspace: 97898K(99264K)->97898K(99264K) NonClass: 84862K(85440K)->84862K(85440K) Class: 13035K(13824K)->13035K(13824K)
[2025-12-25T04:33:47.400+0000][683.040s][info][gc             ] GC(1251) Pause Young (Allocation Failure) 253M->177M(278M) 4.948ms
[2025-12-25T04:33:47.401+0000][683.041s][info][gc,cpu         ] GC(1251) User=0.00s Sys=0.00s Real=0.00s
[2025-12-25T04:33:47.542+0000][683.182s][info][gc,start       ] GC(1252) Pause Young (Allocation Failure)
[2025-12-25T04:33:47.551+0000][683.191s][info][gc,heap        ] GC(1252) DefNew: 82676K(88512K)->3055K(88512K) Eden: 78720K(78720K)->0K(78720K) From: 3956K(9792K)->3055K(9792K)
[2025-12-25T04:33:47.555+0000][683.195s][info][gc,heap        ] GC(1252) Tenured: 177452K(196608K)->177452K(196608K)
[2025-12-25T04:33:47.555+0000][683.195s][info][gc,metaspace   ] GC(1252) Metaspace: 97898K(99264K)->97898K(99264K) NonClass: 84862K(85440K)->84862K(85440K) Class: 13035K(13824K)->13035K(13824K)
[2025-12-25T04:33:47.555+0000][683.195s][info][gc             ] GC(1252) Pause Young (Allocation Failure) 254M->176M(278M) 13.439ms
[2025-12-25T04:33:47.556+0000][683.196s][info][gc,cpu         ] GC(1252) User=0.01s Sys=0.00s Real=0.02s
[2025-12-25T04:33:47.705+0000][683.345s][info][gc,start       ] GC(1253) Pause Young (Allocation Failure)
[2025-12-25T04:33:47.714+0000][683.354s][info][gc,heap        ] GC(1253) DefNew: 81775K(88512K)->2850K(88512K) Eden: 78720K(78720K)->0K(78720K) From: 3055K(9792K)->2850K(9792K)
[2025-12-25T04:33:47.715+0000][683.355s][info][gc,heap        ] GC(1253) Tenured: 177452K(196608K)->177452K(196608K)
[2025-12-25T04:33:47.715+0000][683.355s][info][gc,metaspace   ] GC(1253) Metaspace: 97898K(99264K)->97898K(99264K) NonClass: 84862K(85440K)->84862K(85440K) Class: 13035K(13824K)->13035K(13824K)
[2025-12-25T04:33:47.716+0000][683.356s][info][gc             ] GC(1253) Pause Young (Allocation Failure) 253M->176M(278M) 10.273ms
[2025-12-25T04:33:47.716+0000][683.356s][info][gc,cpu         ] GC(1253) User=0.01s Sys=0.00s Real=0.01s
[2025-12-25T04:33:47.799+0000][683.439s][info][gc,start       ] GC(1254) Pause Young (Allocation Failure)
[2025-12-25T04:33:47.805+0000][683.445s][info][gc,heap        ] GC(1254) DefNew: 81570K(88512K)->3700K(88512K) Eden: 78720K(78720K)->0K(78720K) From: 2850K(9792K)->3700K(9792K)
[2025-12-25T04:33:47.805+0000][683.445s][info][gc,heap        ] GC(1254) Tenured: 177452K(196608K)->177452K(196608K)
[2025-12-25T04:33:47.805+0000][683.445s][info][gc,metaspace   ] GC(1254) Metaspace: 97898K(99264K)->97898K(99264K) NonClass: 84862K(85440K)->84862K(85440K) Class: 13035K(13824K)->13035K(13824K)
[2025-12-25T04:33:47.805+0000][683.445s][info][gc             ] GC(1254) Pause Young (Allocation Failure) 252M->176M(278M) 5.775ms
[2025-12-25T04:33:47.805+0000][683.445s][info][gc,cpu         ] GC(1254) User=0.00s Sys=0.00s Real=0.01s
[2025-12-25T04:33:47.917+0000][683.557s][info][gc,start       ] GC(1255) Pause Young (Allocation Failure)
[2025-12-25T04:33:47.922+0000][683.562s][info][gc,heap        ] GC(1255) DefNew: 82420K(88512K)->4046K(88512K) Eden: 78720K(78720K)->0K(78720K) From: 3700K(9792K)->4046K(9792K)
[2025-12-25T04:33:47.922+0000][683.562s][info][gc,heap        ] GC(1255) Tenured: 177452K(196608K)->177452K(196608K)
[2025-12-25T04:33:47.922+0000][683.562s][info][gc,metaspace   ] GC(1255) Metaspace: 97898K(99264K)->97898K(99264K) NonClass: 84862K(85440K)->84862K(85440K) Class: 13035K(13824K)->13035K(13824K)
[2025-12-25T04:33:47.922+0000][683.562s][info][gc             ] GC(1255) Pause Young (Allocation Failure) 253M->177M(278M) 5.165ms
[2025-12-25T04:33:47.923+0000][683.563s][info][gc,cpu         ] GC(1255) User=0.00s Sys=0.00s Real=0.00s
[2025-12-25T04:33:48.036+0000][683.676s][info][gc,start       ] GC(1256) Pause Young (Allocation Failure)
[2025-12-25T04:33:48.060+0000][683.700s][info][gc,heap        ] GC(1256) DefNew: 82766K(88512K)->3223K(88512K) Eden: 78719K(78720K)->0K(78720K) From: 4046K(9792K)->3223K(9792K)
[2025-12-25T04:33:48.061+0000][683.701s][info][gc,heap        ] GC(1256) Tenured: 177452K(196608K)->178031K(196608K)
[2025-12-25T04:33:48.062+0000][683.702s][info][gc,metaspace   ] GC(1256) Metaspace: 97898K(99264K)->97898K(99264K) NonClass: 84862K(85440K)->84862K(85440K) Class: 13035K(13824K)->13035K(13824K)
[2025-12-25T04:33:48.063+0000][683.703s][info][gc             ] GC(1256) Pause Young (Allocation Failure) 254M->177M(278M) 26.585ms
[2025-12-25T04:33:48.063+0000][683.703s][info][gc,cpu         ] GC(1256) User=0.00s Sys=0.00s Real=0.02s
[2025-12-25T04:33:48.160+0000][683.800s][info][gc,start       ] GC(1257) Pause Young (Allocation Failure)
[2025-12-25T04:33:48.172+0000][683.812s][info][gc,heap        ] GC(1257) DefNew: 81943K(88512K)->3431K(88512K) Eden: 78720K(78720K)->0K(78720K) From: 3223K(9792K)->3431K(9792K)
[2025-12-25T04:33:48.172+0000][683.812s][info][gc,heap        ] GC(1257) Tenured: 178031K(196608K)->178031K(196608K)
[2025-12-25T04:33:48.173+0000][683.813s][info][gc,metaspace   ] GC(1257) Metaspace: 97898K(99264K)->97898K(99264K) NonClass: 84862K(85440K)->84862K(85440K) Class: 13035K(13824K)->13035K(13824K)
[2025-12-25T04:33:48.173+0000][683.813s][info][gc             ] GC(1257) Pause Young (Allocation Failure) 253M->177M(278M) 13.257ms
[2025-12-25T04:33:48.173+0000][683.813s][info][gc,cpu         ] GC(1257) User=0.01s Sys=0.01s Real=0.01s
[2025-12-25T04:33:48.297+0000][683.937s][info][gc,start       ] GC(1258) Pause Young (Allocation Failure)
[2025-12-25T04:33:48.311+0000][683.951s][info][gc,heap        ] GC(1258) DefNew: 82151K(88512K)->2426K(88512K) Eden: 78720K(78720K)->0K(78720K) From: 3431K(9792K)->2426K(9792K)
[2025-12-25T04:33:48.314+0000][683.954s][info][gc,heap        ] GC(1258) Tenured: 178031K(196608K)->178031K(196608K)
[2025-12-25T04:33:48.314+0000][683.954s][info][gc,metaspace   ] GC(1258) Metaspace: 97898K(99264K)->97898K(99264K) NonClass: 84862K(85440K)->84862K(85440K) Class: 13035K(13824K)->13035K(13824K)
[2025-12-25T04:33:48.315+0000][683.955s][info][gc             ] GC(1258) Pause Young (Allocation Failure) 254M->176M(278M) 17.729ms
[2025-12-25T04:33:48.315+0000][683.955s][info][gc,cpu         ] GC(1258) User=0.00s Sys=0.00s Real=0.02s
[2025-12-25T04:33:48.647+0000][684.287s][info][gc,start       ] GC(1259) Pause Young (Allocation Failure)
[2025-12-25T04:33:48.662+0000][684.302s][info][gc,heap        ] GC(1259) DefNew: 81146K(88512K)->3207K(88512K) Eden: 78720K(78720K)->0K(78720K) From: 2426K(9792K)->3207K(9792K)
[2025-12-25T04:33:48.662+0000][684.302s][info][gc,heap        ] GC(1259) Tenured: 178031K(196608K)->178031K(196608K)
[2025-12-25T04:33:48.663+0000][684.303s][info][gc,metaspace   ] GC(1259) Metaspace: 97898K(99264K)->97898K(99264K) NonClass: 84862K(85440K)->84862K(85440K) Class: 13035K(13824K)->13035K(13824K)
[2025-12-25T04:33:48.663+0000][684.303s][info][gc             ] GC(1259) Pause Young (Allocation Failure) 253M->176M(278M) 15.843ms
[2025-12-25T04:33:48.664+0000][684.304s][info][gc,cpu         ] GC(1259) User=0.01s Sys=0.00s Real=0.01s
[2025-12-25T04:33:48.829+0000][684.469s][info][gc,start       ] GC(1260) Pause Young (Allocation Failure)
[2025-12-25T04:33:48.838+0000][684.478s][info][gc,heap        ] GC(1260) DefNew: 81927K(88512K)->3902K(88512K) Eden: 78720K(78720K)->0K(78720K) From: 3207K(9792K)->3902K(9792K)
[2025-12-25T04:33:48.839+0000][684.479s][info][gc,heap        ] GC(1260) Tenured: 178031K(196608K)->178032K(196608K)
[2025-12-25T04:33:48.839+0000][684.479s][info][gc,metaspace   ] GC(1260) Metaspace: 97898K(99264K)->97898K(99264K) NonClass: 84862K(85440K)->84862K(85440K) Class: 13035K(13824K)->13035K(13824K)
[2025-12-25T04:33:48.839+0000][684.479s][info][gc             ] GC(1260) Pause Young (Allocation Failure) 253M->177M(278M) 10.580ms
[2025-12-25T04:33:48.840+0000][684.480s][info][gc,cpu         ] GC(1260) User=0.01s Sys=0.00s Real=0.01s
[2025-12-25T04:33:49.012+0000][684.652s][info][gc,start       ] GC(1261) Pause Young (Allocation Failure)
[2025-12-25T04:33:49.018+0000][684.658s][info][gc,heap        ] GC(1261) DefNew: 82622K(88512K)->2972K(88512K) Eden: 78720K(78720K)->0K(78720K) From: 3902K(9792K)->2972K(9792K)
[2025-12-25T04:33:49.019+0000][684.659s][info][gc,heap        ] GC(1261) Tenured: 178032K(196608K)->178032K(196608K)
[2025-12-25T04:33:49.020+0000][684.660s][info][gc,metaspace   ] GC(1261) Metaspace: 97898K(99264K)->97898K(99264K) NonClass: 84862K(85440K)->84862K(85440K) Class: 13035K(13824K)->13035K(13824K)
[2025-12-25T04:33:49.021+0000][684.661s][info][gc             ] GC(1261) Pause Young (Allocation Failure) 254M->176M(278M) 8.464ms
[2025-12-25T04:33:49.021+0000][684.661s][info][gc,cpu         ] GC(1261) User=0.01s Sys=0.00s Real=0.01s
[2025-12-25T04:33:49.206+0000][684.846s][info][gc,start       ] GC(1262) Pause Young (Allocation Failure)
[2025-12-25T04:33:49.239+0000][684.879s][info][gc,heap        ] GC(1262) DefNew: 81692K(88512K)->3094K(88512K) Eden: 78720K(78720K)->0K(78720K) From: 2972K(9792K)->3094K(9792K)
[2025-12-25T04:33:49.241+0000][684.881s][info][gc,heap        ] GC(1262) Tenured: 178032K(196608K)->178032K(196608K)
[2025-12-25T04:33:49.243+0000][684.883s][info][gc,metaspace   ] GC(1262) Metaspace: 97898K(99264K)->97898K(99264K) NonClass: 84862K(85440K)->84862K(85440K) Class: 13035K(13824K)->13035K(13824K)
[2025-12-25T04:33:49.244+0000][684.884s][info][gc             ] GC(1262) Pause Young (Allocation Failure) 253M->176M(278M) 38.073ms
[2025-12-25T04:33:49.245+0000][684.885s][info][gc,cpu         ] GC(1262) User=0.01s Sys=0.01s Real=0.04s
[2025-12-25T04:33:49.430+0000][685.070s][info][gc,start       ] GC(1263) Pause Young (Allocation Failure)
[2025-12-25T04:33:49.449+0000][685.089s][info][gc,heap        ] GC(1263) DefNew: 81814K(88512K)->3863K(88512K) Eden: 78720K(78720K)->0K(78720K) From: 3094K(9792K)->3863K(9792K)
[2025-12-25T04:33:49.449+0000][685.089s][info][gc,heap        ] GC(1263) Tenured: 178032K(196608K)->178032K(196608K)
[2025-12-25T04:33:49.449+0000][685.089s][info][gc,metaspace   ] GC(1263) Metaspace: 97898K(99264K)->97898K(99264K) NonClass: 84862K(85440K)->84862K(85440K) Class: 13035K(13824K)->13035K(13824K)
[2025-12-25T04:33:49.450+0000][685.090s][info][gc             ] GC(1263) Pause Young (Allocation Failure) 253M->177M(278M) 19.525ms
[2025-12-25T04:33:49.450+0000][685.090s][info][gc,cpu         ] GC(1263) User=0.01s Sys=0.01s Real=0.02s
[2025-12-25T04:33:49.677+0000][685.317s][info][gc,start       ] GC(1264) Pause Young (Allocation Failure)
[2025-12-25T04:33:49.687+0000][685.327s][info][gc,heap        ] GC(1264) DefNew: 82583K(88512K)->2783K(88512K) Eden: 78720K(78720K)->0K(78720K) From: 3863K(9792K)->2783K(9792K)
[2025-12-25T04:33:49.687+0000][685.327s][info][gc,heap        ] GC(1264) Tenured: 178032K(196608K)->178040K(196608K)
[2025-12-25T04:33:49.688+0000][685.328s][info][gc,metaspace   ] GC(1264) Metaspace: 97898K(99264K)->97898K(99264K) NonClass: 84862K(85440K)->84862K(85440K) Class: 13035K(13824K)->13035K(13824K)
[2025-12-25T04:33:49.688+0000][685.328s][info][gc             ] GC(1264) Pause Young (Allocation Failure) 254M->176M(278M) 11.073ms
[2025-12-25T04:33:49.688+0000][685.328s][info][gc,cpu         ] GC(1264) User=0.01s Sys=0.00s Real=0.01s
[2025-12-25T04:33:49.863+0000][685.503s][info][gc,start       ] GC(1265) Pause Young (Allocation Failure)
[2025-12-25T04:33:49.876+0000][685.516s][info][gc,heap        ] GC(1265) DefNew: 81503K(88512K)->3075K(88512K) Eden: 78719K(78720K)->0K(78720K) From: 2783K(9792K)->3075K(9792K)
[2025-12-25T04:33:49.876+0000][685.516s][info][gc,heap        ] GC(1265) Tenured: 178040K(196608K)->178045K(196608K)
[2025-12-25T04:33:49.877+0000][685.517s][info][gc,metaspace   ] GC(1265) Metaspace: 97898K(99264K)->97898K(99264K) NonClass: 84862K(85440K)->84862K(85440K) Class: 13035K(13824K)->13035K(13824K)
[2025-12-25T04:33:49.877+0000][685.517s][info][gc             ] GC(1265) Pause Young (Allocation Failure) 253M->176M(278M) 14.196ms
[2025-12-25T04:33:49.877+0000][685.517s][info][gc,cpu         ] GC(1265) User=0.01s Sys=0.00s Real=0.02s
[2025-12-25T04:33:50.006+0000][685.646s][info][gc,start       ] GC(1266) Pause Young (Allocation Failure)
[2025-12-25T04:33:50.011+0000][685.651s][info][gc,heap        ] GC(1266) DefNew: 81795K(88512K)->3088K(88512K) Eden: 78720K(78720K)->0K(78720K) From: 3075K(9792K)->3088K(9792K)
[2025-12-25T04:33:50.011+0000][685.651s][info][gc,heap        ] GC(1266) Tenured: 178045K(196608K)->178045K(196608K)
[2025-12-25T04:33:50.013+0000][685.653s][info][gc,metaspace   ] GC(1266) Metaspace: 97898K(99264K)->97898K(99264K) NonClass: 84862K(85440K)->84862K(85440K) Class: 13035K(13824K)->13035K(13824K)
[2025-12-25T04:33:50.015+0000][685.655s][info][gc             ] GC(1266) Pause Young (Allocation Failure) 253M->176M(278M) 8.922ms
[2025-12-25T04:33:50.015+0000][685.655s][info][gc,cpu         ] GC(1266) User=0.00s Sys=0.00s Real=0.01s
[2025-12-25T04:33:50.197+0000][685.837s][info][gc,start       ] GC(1267) Pause Young (Allocation Failure)
[2025-12-25T04:33:50.211+0000][685.851s][info][gc,heap        ] GC(1267) DefNew: 80992K(88512K)->3901K(88512K) Eden: 77904K(78720K)->0K(78720K) From: 3088K(9792K)->3901K(9792K)
[2025-12-25T04:33:50.216+0000][685.856s][info][gc,heap        ] GC(1267) Tenured: 178045K(196608K)->178166K(196608K)
[2025-12-25T04:33:50.217+0000][685.857s][info][gc,metaspace   ] GC(1267) Metaspace: 97898K(99264K)->97898K(99264K) NonClass: 84862K(85440K)->84862K(85440K) Class: 13035K(13824K)->13035K(13824K)
[2025-12-25T04:33:50.217+0000][685.857s][info][gc             ] GC(1267) Pause Young (Allocation Failure) 252M->177M(278M) 19.741ms
[2025-12-25T04:33:50.217+0000][685.857s][info][gc,cpu         ] GC(1267) User=0.01s Sys=0.00s Real=0.02s
[2025-12-25T04:33:50.352+0000][685.992s][info][gc,start       ] GC(1268) Pause Young (Allocation Failure)
[2025-12-25T04:33:50.363+0000][686.003s][info][gc,heap        ] GC(1268) DefNew: 82621K(88512K)->3135K(88512K) Eden: 78719K(78720K)->0K(78720K) From: 3901K(9792K)->3135K(9792K)
[2025-12-25T04:33:50.364+0000][686.004s][info][gc,heap        ] GC(1268) Tenured: 178166K(196608K)->178359K(196608K)
[2025-12-25T04:33:50.364+0000][686.004s][info][gc,metaspace   ] GC(1268) Metaspace: 97898K(99264K)->97898K(99264K) NonClass: 84862K(85440K)->84862K(85440K) Class: 13035K(13824K)->13035K(13824K)
[2025-12-25T04:33:50.364+0000][686.004s][info][gc             ] GC(1268) Pause Young (Allocation Failure) 254M->177M(278M) 11.958ms
[2025-12-25T04:33:50.365+0000][686.005s][info][gc,cpu         ] GC(1268) User=0.00s Sys=0.00s Real=0.02s
[2025-12-25T04:33:50.549+0000][686.189s][info][gc,start       ] GC(1269) Pause Young (Allocation Failure)
[2025-12-25T04:33:50.555+0000][686.195s][info][gc,heap        ] GC(1269) DefNew: 81855K(88512K)->3027K(88512K) Eden: 78720K(78720K)->0K(78720K) From: 3135K(9792K)->3027K(9792K)
[2025-12-25T04:33:50.555+0000][686.195s][info][gc,heap        ] GC(1269) Tenured: 178359K(196608K)->178423K(196608K)
[2025-12-25T04:33:50.556+0000][686.196s][info][gc,metaspace   ] GC(1269) Metaspace: 97898K(99264K)->97898K(99264K) NonClass: 84862K(85440K)->84862K(85440K) Class: 13035K(13824K)->13035K(13824K)
[2025-12-25T04:33:50.556+0000][686.196s][info][gc             ] GC(1269) Pause Young (Allocation Failure) 254M->177M(278M) 7.162ms
[2025-12-25T04:33:50.556+0000][686.196s][info][gc,cpu         ] GC(1269) User=0.00s Sys=0.00s Real=0.01s
[2025-12-25T04:33:50.674+0000][686.314s][info][gc,start       ] GC(1270) Pause Young (Allocation Failure)
[2025-12-25T04:33:50.686+0000][686.326s][info][gc,heap        ] GC(1270) DefNew: 81747K(88512K)->4712K(88512K) Eden: 78720K(78720K)->0K(78720K) From: 3027K(9792K)->4712K(9792K)
[2025-12-25T04:33:50.686+0000][686.326s][info][gc,heap        ] GC(1270) Tenured: 178423K(196608K)->178423K(196608K)
[2025-12-25T04:33:50.690+0000][686.330s][info][gc,metaspace   ] GC(1270) Metaspace: 97898K(99264K)->97898K(99264K) NonClass: 84862K(85440K)->84862K(85440K) Class: 13035K(13824K)->13035K(13824K)
[2025-12-25T04:33:50.690+0000][686.330s][info][gc             ] GC(1270) Pause Young (Allocation Failure) 254M->178M(278M) 15.543ms
[2025-12-25T04:33:50.690+0000][686.330s][info][gc,cpu         ] GC(1270) User=0.00s Sys=0.00s Real=0.02s
[2025-12-25T04:33:50.784+0000][686.424s][info][gc,start       ] GC(1271) Pause Young (Allocation Failure)
[2025-12-25T04:33:50.788+0000][686.428s][info][gc,heap        ] GC(1271) DefNew: 83432K(88512K)->3290K(88512K) Eden: 78720K(78720K)->0K(78720K) From: 4712K(9792K)->3290K(9792K)
[2025-12-25T04:33:50.792+0000][686.432s][info][gc,heap        ] GC(1271) Tenured: 178423K(196608K)->178423K(196608K)
[2025-12-25T04:33:50.793+0000][686.433s][info][gc,metaspace   ] GC(1271) Metaspace: 97898K(99264K)->97898K(99264K) NonClass: 84862K(85440K)->84862K(85440K) Class: 13035K(13824K)->13035K(13824K)
[2025-12-25T04:33:50.794+0000][686.434s][info][gc             ] GC(1271) Pause Young (Allocation Failure) 255M->177M(278M) 9.858ms
[2025-12-25T04:33:50.794+0000][686.434s][info][gc,cpu         ] GC(1271) User=0.01s Sys=0.00s Real=0.01s
[2025-12-25T04:33:50.908+0000][686.548s][info][gc,start       ] GC(1272) Pause Young (Allocation Failure)
[2025-12-25T04:33:50.917+0000][686.557s][info][gc,heap        ] GC(1272) DefNew: 82010K(88512K)->3236K(88512K) Eden: 78720K(78720K)->0K(78720K) From: 3290K(9792K)->3236K(9792K)
[2025-12-25T04:33:50.919+0000][686.559s][info][gc,heap        ] GC(1272) Tenured: 178423K(196608K)->178423K(196608K)
[2025-12-25T04:33:50.919+0000][686.559s][info][gc,metaspace   ] GC(1272) Metaspace: 97898K(99264K)->97898K(99264K) NonClass: 84862K(85440K)->84862K(85440K) Class: 13035K(13824K)->13035K(13824K)
[2025-12-25T04:33:50.921+0000][686.561s][info][gc             ] GC(1272) Pause Young (Allocation Failure) 254M->177M(278M) 13.238ms
[2025-12-25T04:33:50.922+0000][686.562s][info][gc,cpu         ] GC(1272) User=0.00s Sys=0.00s Real=0.01s
[2025-12-25T04:33:51.055+0000][686.695s][info][gc,start       ] GC(1273) Pause Young (Allocation Failure)
[2025-12-25T04:33:51.069+0000][686.709s][info][gc,heap        ] GC(1273) DefNew: 81949K(88512K)->2847K(88512K) Eden: 78712K(78720K)->0K(78720K) From: 3236K(9792K)->2847K(9792K)
[2025-12-25T04:33:51.071+0000][686.711s][info][gc,heap        ] GC(1273) Tenured: 178423K(196608K)->178432K(196608K)
[2025-12-25T04:33:51.071+0000][686.711s][info][gc,metaspace   ] GC(1273) Metaspace: 97898K(99264K)->97898K(99264K) NonClass: 84862K(85440K)->84862K(85440K) Class: 13035K(13824K)->13035K(13824K)
[2025-12-25T04:33:51.072+0000][686.712s][info][gc             ] GC(1273) Pause Young (Allocation Failure) 254M->177M(278M) 16.529ms
[2025-12-25T04:33:51.072+0000][686.712s][info][gc,cpu         ] GC(1273) User=0.01s Sys=0.00s Real=0.01s
[2025-12-25T04:33:51.205+0000][686.845s][info][gc,start       ] GC(1274) Pause Young (Allocation Failure)
[2025-12-25T04:33:51.210+0000][686.850s][info][gc,heap        ] GC(1274) DefNew: 81562K(88512K)->3528K(88512K) Eden: 78715K(78720K)->0K(78720K) From: 2847K(9792K)->3528K(9792K)
[2025-12-25T04:33:51.210+0000][686.850s][info][gc,heap        ] GC(1274) Tenured: 178432K(196608K)->178448K(196608K)
[2025-12-25T04:33:51.211+0000][686.851s][info][gc,metaspace   ] GC(1274) Metaspace: 97898K(99264K)->97898K(99264K) NonClass: 84862K(85440K)->84862K(85440K) Class: 13035K(13824K)->13035K(13824K)
[2025-12-25T04:33:51.211+0000][686.851s][info][gc             ] GC(1274) Pause Young (Allocation Failure) 253M->177M(278M) 6.522ms
[2025-12-25T04:33:51.212+0000][686.852s][info][gc,cpu         ] GC(1274) User=0.00s Sys=0.00s Real=0.00s
[2025-12-25T04:33:51.327+0000][686.967s][info][gc,start       ] GC(1275) Pause Young (Allocation Failure)
[2025-12-25T04:33:51.332+0000][686.972s][info][gc,heap        ] GC(1275) DefNew: 82248K(88512K)->2927K(88512K) Eden: 78720K(78720K)->0K(78720K) From: 3528K(9792K)->2927K(9792K)
[2025-12-25T04:33:51.332+0000][686.972s][info][gc,heap        ] GC(1275) Tenured: 178448K(196608K)->178448K(196608K)
[2025-12-25T04:33:51.332+0000][686.972s][info][gc,metaspace   ] GC(1275) Metaspace: 97898K(99264K)->97898K(99264K) NonClass: 84862K(85440K)->84862K(85440K) Class: 13035K(13824K)->13035K(13824K)
[2025-12-25T04:33:51.332+0000][686.972s][info][gc             ] GC(1275) Pause Young (Allocation Failure) 254M->177M(278M) 5.262ms
[2025-12-25T04:33:51.333+0000][686.973s][info][gc,cpu         ] GC(1275) User=0.01s Sys=0.00s Real=0.00s
[2025-12-25T04:33:51.479+0000][687.119s][info][gc,start       ] GC(1276) Pause Young (Allocation Failure)
[2025-12-25T04:33:51.487+0000][687.127s][info][gc,heap        ] GC(1276) DefNew: 81647K(88512K)->3516K(88512K) Eden: 78720K(78720K)->0K(78720K) From: 2927K(9792K)->3516K(9792K)
[2025-12-25T04:33:51.489+0000][687.129s][info][gc,heap        ] GC(1276) Tenured: 178448K(196608K)->178456K(196608K)
[2025-12-25T04:33:51.489+0000][687.129s][info][gc,metaspace   ] GC(1276) Metaspace: 97898K(99264K)->97898K(99264K) NonClass: 84862K(85440K)->84862K(85440K) Class: 13035K(13824K)->13035K(13824K)
[2025-12-25T04:33:51.489+0000][687.129s][info][gc             ] GC(1276) Pause Young (Allocation Failure) 253M->177M(278M) 10.457ms
[2025-12-25T04:33:51.490+0000][687.130s][info][gc,cpu         ] GC(1276) User=0.01s Sys=0.00s Real=0.01s
[2025-12-25T04:33:51.607+0000][687.247s][info][gc,start       ] GC(1277) Pause Young (Allocation Failure)
[2025-12-25T04:33:51.614+0000][687.254s][info][gc,heap        ] GC(1277) DefNew: 82236K(88512K)->2856K(88512K) Eden: 78720K(78720K)->0K(78720K) From: 3516K(9792K)->2856K(9792K)
[2025-12-25T04:33:51.614+0000][687.254s][info][gc,heap        ] GC(1277) Tenured: 178456K(196608K)->178574K(196608K)
[2025-12-25T04:33:51.614+0000][687.254s][info][gc,metaspace   ] GC(1277) Metaspace: 97898K(99264K)->97898K(99264K) NonClass: 84862K(85440K)->84862K(85440K) Class: 13035K(13824K)->13035K(13824K)
[2025-12-25T04:33:51.614+0000][687.254s][info][gc             ] GC(1277) Pause Young (Allocation Failure) 254M->177M(278M) 6.774ms
[2025-12-25T04:33:51.614+0000][687.254s][info][gc,cpu         ] GC(1277) User=0.01s Sys=0.00s Real=0.01s
[2025-12-25T04:33:51.763+0000][687.403s][info][gc,start       ] GC(1278) Pause Young (Allocation Failure)
[2025-12-25T04:33:51.769+0000][687.409s][info][gc,heap        ] GC(1278) DefNew: 81576K(88512K)->2591K(88512K) Eden: 78720K(78720K)->0K(78720K) From: 2856K(9792K)->2591K(9792K)
[2025-12-25T04:33:51.769+0000][687.409s][info][gc,heap        ] GC(1278) Tenured: 178574K(196608K)->179086K(196608K)
[2025-12-25T04:33:51.769+0000][687.409s][info][gc,metaspace   ] GC(1278) Metaspace: 97898K(99264K)->97898K(99264K) NonClass: 84862K(85440K)->84862K(85440K) Class: 13035K(13824K)->13035K(13824K)
[2025-12-25T04:33:51.770+0000][687.410s][info][gc             ] GC(1278) Pause Young (Allocation Failure) 254M->177M(278M) 7.578ms
[2025-12-25T04:33:51.771+0000][687.411s][info][gc,cpu         ] GC(1278) User=0.01s Sys=0.00s Real=0.01s
[2025-12-25T04:33:51.897+0000][687.537s][info][gc,start       ] GC(1279) Pause Young (Allocation Failure)
[2025-12-25T04:33:51.901+0000][687.541s][info][gc,heap        ] GC(1279) DefNew: 81308K(88512K)->2131K(88512K) Eden: 78716K(78720K)->0K(78720K) From: 2591K(9792K)->2131K(9792K)
[2025-12-25T04:33:51.901+0000][687.541s][info][gc,heap        ] GC(1279) Tenured: 179086K(196608K)->179087K(196608K)
[2025-12-25T04:33:51.901+0000][687.541s][info][gc,metaspace   ] GC(1279) Metaspace: 97898K(99264K)->97898K(99264K) NonClass: 84862K(85440K)->84862K(85440K) Class: 13035K(13824K)->13035K(13824K)
[2025-12-25T04:33:51.901+0000][687.541s][info][gc             ] GC(1279) Pause Young (Allocation Failure) 254M->176M(278M) 4.082ms
[2025-12-25T04:33:51.902+0000][687.542s][info][gc,cpu         ] GC(1279) User=0.00s Sys=0.00s Real=0.00s
[2025-12-25T04:33:52.048+0000][687.688s][info][gc,start       ] GC(1280) Pause Young (Allocation Failure)
[2025-12-25T04:33:52.058+0000][687.698s][info][gc,heap        ] GC(1280) DefNew: 80851K(88512K)->2655K(88512K) Eden: 78720K(78720K)->0K(78720K) From: 2131K(9792K)->2655K(9792K)
[2025-12-25T04:33:52.060+0000][687.700s][info][gc,heap        ] GC(1280) Tenured: 179087K(196608K)->179087K(196608K)
[2025-12-25T04:33:52.066+0000][687.706s][info][gc,metaspace   ] GC(1280) Metaspace: 97898K(99264K)->97898K(99264K) NonClass: 84862K(85440K)->84862K(85440K) Class: 13035K(13824K)->13035K(13824K)
[2025-12-25T04:33:52.071+0000][687.711s][info][gc             ] GC(1280) Pause Young (Allocation Failure) 253M->177M(278M) 23.392ms
[2025-12-25T04:33:52.072+0000][687.712s][info][gc,cpu         ] GC(1280) User=0.00s Sys=0.00s Real=0.02s
[2025-12-25T04:33:52.257+0000][687.897s][info][gc,start       ] GC(1281) Pause Young (Allocation Failure)
[2025-12-25T04:33:52.271+0000][687.911s][info][gc,heap        ] GC(1281) DefNew: 81375K(88512K)->2618K(88512K) Eden: 78720K(78720K)->0K(78720K) From: 2655K(9792K)->2618K(9792K)
[2025-12-25T04:33:52.271+0000][687.911s][info][gc,heap        ] GC(1281) Tenured: 179087K(196608K)->179087K(196608K)
[2025-12-25T04:33:52.272+0000][687.912s][info][gc,metaspace   ] GC(1281) Metaspace: 97898K(99264K)->97898K(99264K) NonClass: 84863K(85440K)->84863K(85440K) Class: 13035K(13824K)->13035K(13824K)
[2025-12-25T04:33:52.273+0000][687.913s][info][gc             ] GC(1281) Pause Young (Allocation Failure) 254M->177M(278M) 15.905ms
[2025-12-25T04:33:52.274+0000][687.914s][info][gc,cpu         ] GC(1281) User=0.01s Sys=0.00s Real=0.01s
[2025-12-25T04:33:52.443+0000][688.083s][info][gc,start       ] GC(1282) Pause Young (Allocation Failure)
[2025-12-25T04:33:52.449+0000][688.089s][info][gc,heap        ] GC(1282) DefNew: 81338K(88512K)->3130K(88512K) Eden: 78720K(78720K)->0K(78720K) From: 2618K(9792K)->3130K(9792K)
[2025-12-25T04:33:52.449+0000][688.089s][info][gc,heap        ] GC(1282) Tenured: 179087K(196608K)->179087K(196608K)
[2025-12-25T04:33:52.450+0000][688.090s][info][gc,metaspace   ] GC(1282) Metaspace: 97898K(99264K)->97898K(99264K) NonClass: 84863K(85440K)->84863K(85440K) Class: 13035K(13824K)->13035K(13824K)
[2025-12-25T04:33:52.450+0000][688.090s][info][gc             ] GC(1282) Pause Young (Allocation Failure) 254M->177M(278M) 6.706ms
[2025-12-25T04:33:52.450+0000][688.090s][info][gc,cpu         ] GC(1282) User=0.01s Sys=0.00s Real=0.01s
[2025-12-25T04:33:52.598+0000][688.238s][info][gc,start       ] GC(1283) Pause Young (Allocation Failure)
[2025-12-25T04:33:52.603+0000][688.243s][info][gc,heap        ] GC(1283) DefNew: 81850K(88512K)->3437K(88512K) Eden: 78720K(78720K)->0K(78720K) From: 3130K(9792K)->3437K(9792K)
[2025-12-25T04:33:52.604+0000][688.244s][info][gc,heap        ] GC(1283) Tenured: 179087K(196608K)->179087K(196608K)
[2025-12-25T04:33:52.604+0000][688.244s][info][gc,metaspace   ] GC(1283) Metaspace: 97898K(99264K)->97898K(99264K) NonClass: 84863K(85440K)->84863K(85440K) Class: 13035K(13824K)->13035K(13824K)
[2025-12-25T04:33:52.604+0000][688.244s][info][gc             ] GC(1283) Pause Young (Allocation Failure) 254M->178M(278M) 6.234ms
[2025-12-25T04:33:52.605+0000][688.245s][info][gc,cpu         ] GC(1283) User=0.01s Sys=0.00s Real=0.01s
[2025-12-25T04:33:52.753+0000][688.393s][info][gc,start       ] GC(1284) Pause Young (Allocation Failure)
[2025-12-25T04:33:52.760+0000][688.400s][info][gc,heap        ] GC(1284) DefNew: 82157K(88512K)->3530K(88512K) Eden: 78720K(78720K)->0K(78720K) From: 3437K(9792K)->3530K(9792K)
[2025-12-25T04:33:52.760+0000][688.400s][info][gc,heap        ] GC(1284) Tenured: 179087K(196608K)->179087K(196608K)
[2025-12-25T04:33:52.761+0000][688.401s][info][gc,metaspace   ] GC(1284) Metaspace: 97898K(99264K)->97898K(99264K) NonClass: 84863K(85440K)->84863K(85440K) Class: 13035K(13824K)->13035K(13824K)
[2025-12-25T04:33:52.761+0000][688.401s][info][gc             ] GC(1284) Pause Young (Allocation Failure) 255M->178M(278M) 8.535ms
[2025-12-25T04:33:52.761+0000][688.401s][info][gc,cpu         ] GC(1284) User=0.00s Sys=0.00s Real=0.01s
[2025-12-25T04:33:52.856+0000][688.496s][info][gc,start       ] GC(1285) Pause Young (Allocation Failure)
[2025-12-25T04:33:52.861+0000][688.501s][info][gc,heap        ] GC(1285) DefNew: 82250K(88512K)->3189K(88512K) Eden: 78720K(78720K)->0K(78720K) From: 3530K(9792K)->3189K(9792K)
[2025-12-25T04:33:52.861+0000][688.501s][info][gc,heap        ] GC(1285) Tenured: 179087K(196608K)->179087K(196608K)
[2025-12-25T04:33:52.861+0000][688.501s][info][gc,metaspace   ] GC(1285) Metaspace: 97898K(99264K)->97898K(99264K) NonClass: 84863K(85440K)->84863K(85440K) Class: 13035K(13824K)->13035K(13824K)
[2025-12-25T04:33:52.862+0000][688.502s][info][gc             ] GC(1285) Pause Young (Allocation Failure) 255M->178M(278M) 5.511ms
[2025-12-25T04:33:52.862+0000][688.502s][info][gc,cpu         ] GC(1285) User=0.00s Sys=0.00s Real=0.00s
[2025-12-25T04:33:52.976+0000][688.616s][info][gc,start       ] GC(1286) Pause Young (Allocation Failure)
[2025-12-25T04:33:52.990+0000][688.630s][info][gc,heap        ] GC(1286) DefNew: 81909K(88512K)->2682K(88512K) Eden: 78719K(78720K)->0K(78720K) From: 3189K(9792K)->2682K(9792K)
[2025-12-25T04:33:52.994+0000][688.634s][info][gc,heap        ] GC(1286) Tenured: 179087K(196608K)->179087K(196608K)
[2025-12-25T04:33:52.994+0000][688.634s][info][gc,metaspace   ] GC(1286) Metaspace: 97898K(99264K)->97898K(99264K) NonClass: 84863K(85440K)->84863K(85440K) Class: 13035K(13824K)->13035K(13824K)
[2025-12-25T04:33:52.995+0000][688.635s][info][gc             ] GC(1286) Pause Young (Allocation Failure) 254M->177M(278M) 19.027ms
[2025-12-25T04:33:52.995+0000][688.635s][info][gc,cpu         ] GC(1286) User=0.00s Sys=0.00s Real=0.02s
[2025-12-25T04:33:53.244+0000][688.884s][info][gc,start       ] GC(1287) Pause Young (Allocation Failure)
[2025-12-25T04:33:53.260+0000][688.900s][info][gc,heap        ] GC(1287) DefNew: 81402K(88512K)->3676K(88512K) Eden: 78720K(78720K)->0K(78720K) From: 2682K(9792K)->3676K(9792K)
[2025-12-25T04:33:53.261+0000][688.901s][info][gc,heap        ] GC(1287) Tenured: 179087K(196608K)->179087K(196608K)
[2025-12-25T04:33:53.261+0000][688.901s][info][gc,metaspace   ] GC(1287) Metaspace: 97898K(99264K)->97898K(99264K) NonClass: 84863K(85440K)->84863K(85440K) Class: 13035K(13824K)->13035K(13824K)
[2025-12-25T04:33:53.262+0000][688.902s][info][gc             ] GC(1287) Pause Young (Allocation Failure) 254M->178M(278M) 18.008ms
[2025-12-25T04:33:53.263+0000][688.903s][info][gc,cpu         ] GC(1287) User=0.00s Sys=0.00s Real=0.02s
[2025-12-25T04:33:53.387+0000][689.027s][info][gc,start       ] GC(1288) Pause Young (Allocation Failure)
[2025-12-25T04:33:53.395+0000][689.035s][info][gc,heap        ] GC(1288) DefNew: 82396K(88512K)->3058K(88512K) Eden: 78720K(78720K)->0K(78720K) From: 3676K(9792K)->3058K(9792K)
[2025-12-25T04:33:53.395+0000][689.035s][info][gc,heap        ] GC(1288) Tenured: 179087K(196608K)->179248K(196608K)
[2025-12-25T04:33:53.395+0000][689.035s][info][gc,metaspace   ] GC(1288) Metaspace: 97898K(99264K)->97898K(99264K) NonClass: 84863K(85440K)->84863K(85440K) Class: 13035K(13824K)->13035K(13824K)
[2025-12-25T04:33:53.396+0000][689.036s][info][gc             ] GC(1288) Pause Young (Allocation Failure) 255M->178M(278M) 8.957ms
[2025-12-25T04:33:53.396+0000][689.036s][info][gc,cpu         ] GC(1288) User=0.00s Sys=0.00s Real=0.01s
[2025-12-25T04:33:53.501+0000][689.141s][info][gc,start       ] GC(1289) Pause Young (Allocation Failure)
[2025-12-25T04:33:53.510+0000][689.150s][info][gc,heap        ] GC(1289) DefNew: 81778K(88512K)->2813K(88512K) Eden: 78720K(78720K)->0K(78720K) From: 3058K(9792K)->2813K(9792K)
[2025-12-25T04:33:53.510+0000][689.150s][info][gc,heap        ] GC(1289) Tenured: 179248K(196608K)->179344K(196608K)
[2025-12-25T04:33:53.511+0000][689.151s][info][gc,metaspace   ] GC(1289) Metaspace: 97898K(99264K)->97898K(99264K) NonClass: 84863K(85440K)->84863K(85440K) Class: 13035K(13824K)->13035K(13824K)
[2025-12-25T04:33:53.512+0000][689.152s][info][gc             ] GC(1289) Pause Young (Allocation Failure) 254M->177M(278M) 11.077ms
[2025-12-25T04:33:53.512+0000][689.152s][info][gc,cpu         ] GC(1289) User=0.01s Sys=0.00s Real=0.01s
[2025-12-25T04:33:53.645+0000][689.285s][info][gc,start       ] GC(1290) Pause Young (Allocation Failure)
[2025-12-25T04:33:53.653+0000][689.293s][info][gc,heap        ] GC(1290) DefNew: 81533K(88512K)->3194K(88512K) Eden: 78720K(78720K)->0K(78720K) From: 2813K(9792K)->3194K(9792K)
[2025-12-25T04:33:53.654+0000][689.294s][info][gc,heap        ] GC(1290) Tenured: 179344K(196608K)->179385K(196608K)
[2025-12-25T04:33:53.655+0000][689.295s][info][gc,metaspace   ] GC(1290) Metaspace: 97898K(99264K)->97898K(99264K) NonClass: 84863K(85440K)->84863K(85440K) Class: 13035K(13824K)->13035K(13824K)
[2025-12-25T04:33:53.656+0000][689.296s][info][gc             ] GC(1290) Pause Young (Allocation Failure) 254M->178M(278M) 10.531ms
[2025-12-25T04:33:53.656+0000][689.296s][info][gc,cpu         ] GC(1290) User=0.01s Sys=0.00s Real=0.01s
[2025-12-25T04:33:53.800+0000][689.440s][info][gc,start       ] GC(1291) Pause Young (Allocation Failure)
[2025-12-25T04:33:53.807+0000][689.447s][info][gc,heap        ] GC(1291) DefNew: 81914K(88512K)->3852K(88512K) Eden: 78720K(78720K)->0K(78720K) From: 3194K(9792K)->3852K(9792K)
[2025-12-25T04:33:53.808+0000][689.448s][info][gc,heap        ] GC(1291) Tenured: 179385K(196608K)->179385K(196608K)
[2025-12-25T04:33:53.809+0000][689.449s][info][gc,metaspace   ] GC(1291) Metaspace: 97898K(99264K)->97898K(99264K) NonClass: 84863K(85440K)->84863K(85440K) Class: 13035K(13824K)->13035K(13824K)
[2025-12-25T04:33:53.811+0000][689.451s][info][gc             ] GC(1291) Pause Young (Allocation Failure) 255M->178M(278M) 11.130ms
[2025-12-25T04:33:53.812+0000][689.452s][info][gc,cpu         ] GC(1291) User=0.01s Sys=0.00s Real=0.01s
[2025-12-25T04:33:53.994+0000][689.634s][info][gc,start       ] GC(1292) Pause Young (Allocation Failure)
[2025-12-25T04:33:54.007+0000][689.647s][info][gc,heap        ] GC(1292) DefNew: 82572K(88512K)->3442K(88512K) Eden: 78720K(78720K)->0K(78720K) From: 3852K(9792K)->3442K(9792K)
[2025-12-25T04:33:54.009+0000][689.648s][info][gc,heap        ] GC(1292) Tenured: 179385K(196608K)->179385K(196608K)
[2025-12-25T04:33:54.010+0000][689.650s][info][gc,metaspace   ] GC(1292) Metaspace: 97898K(99264K)->97898K(99264K) NonClass: 84863K(85440K)->84863K(85440K) Class: 13035K(13824K)->13035K(13824K)
[2025-12-25T04:33:54.010+0000][689.650s][info][gc             ] GC(1292) Pause Young (Allocation Failure) 255M->178M(278M) 15.940ms
[2025-12-25T04:33:54.011+0000][689.651s][info][gc,cpu         ] GC(1292) User=0.01s Sys=0.00s Real=0.01s
[2025-12-25T04:33:54.202+0000][689.842s][info][gc,start       ] GC(1293) Pause Young (Allocation Failure)
[2025-12-25T04:33:54.208+0000][689.848s][info][gc,heap        ] GC(1293) DefNew: 82162K(88512K)->4010K(88512K) Eden: 78720K(78720K)->0K(78720K) From: 3442K(9792K)->4010K(9792K)
[2025-12-25T04:33:54.208+0000][689.848s][info][gc,heap        ] GC(1293) Tenured: 179385K(196608K)->179385K(196608K)
[2025-12-25T04:33:54.209+0000][689.849s][info][gc,metaspace   ] GC(1293) Metaspace: 97898K(99264K)->97898K(99264K) NonClass: 84863K(85440K)->84863K(85440K) Class: 13035K(13824K)->13035K(13824K)
[2025-12-25T04:33:54.209+0000][689.849s][info][gc             ] GC(1293) Pause Young (Allocation Failure) 255M->179M(278M) 7.088ms
[2025-12-25T04:33:54.209+0000][689.849s][info][gc,cpu         ] GC(1293) User=0.00s Sys=0.00s Real=0.01s
[2025-12-25T04:33:54.394+0000][690.034s][info][gc,start       ] GC(1294) Pause Young (Allocation Failure)
[2025-12-25T04:33:54.405+0000][690.045s][info][gc,heap        ] GC(1294) DefNew: 82730K(88512K)->3358K(88512K) Eden: 78720K(78720K)->0K(78720K) From: 4010K(9792K)->3358K(9792K)
[2025-12-25T04:33:54.408+0000][690.048s][info][gc,heap        ] GC(1294) Tenured: 179385K(196608K)->179385K(196608K)
[2025-12-25T04:33:54.409+0000][690.049s][info][gc,metaspace   ] GC(1294) Metaspace: 97898K(99264K)->97898K(99264K) NonClass: 84863K(85440K)->84863K(85440K) Class: 13035K(13824K)->13035K(13824K)
[2025-12-25T04:33:54.409+0000][690.049s][info][gc             ] GC(1294) Pause Young (Allocation Failure) 255M->178M(278M) 15.312ms
[2025-12-25T04:33:54.414+0000][690.054s][info][gc,cpu         ] GC(1294) User=0.00s Sys=0.00s Real=0.02s
[2025-12-25T04:33:54.572+0000][690.212s][info][gc,start       ] GC(1295) Pause Young (Allocation Failure)
[2025-12-25T04:33:54.581+0000][690.221s][info][gc,heap        ] GC(1295) DefNew: 82078K(88512K)->3494K(88512K) Eden: 78720K(78720K)->0K(78720K) From: 3358K(9792K)->3494K(9792K)
[2025-12-25T04:33:54.583+0000][690.223s][info][gc,heap        ] GC(1295) Tenured: 179385K(196608K)->179400K(196608K)
[2025-12-25T04:33:54.584+0000][690.224s][info][gc,metaspace   ] GC(1295) Metaspace: 97898K(99264K)->97898K(99264K) NonClass: 84863K(85440K)->84863K(85440K) Class: 13035K(13824K)->13035K(13824K)
[2025-12-25T04:33:54.584+0000][690.224s][info][gc             ] GC(1295) Pause Young (Allocation Failure) 255M->178M(278M) 12.290ms
[2025-12-25T04:33:54.584+0000][690.224s][info][gc,cpu         ] GC(1295) User=0.01s Sys=0.00s Real=0.01s
[2025-12-25T04:33:54.705+0000][690.345s][info][gc,start       ] GC(1296) Pause Young (Allocation Failure)
[2025-12-25T04:33:54.713+0000][690.353s][info][gc,heap        ] GC(1296) DefNew: 81993K(88512K)->2982K(88512K) Eden: 78498K(78720K)->0K(78720K) From: 3494K(9792K)->2982K(9792K)
[2025-12-25T04:33:54.713+0000][690.353s][info][gc,heap        ] GC(1296) Tenured: 179400K(196608K)->179661K(196608K)
[2025-12-25T04:33:54.714+0000][690.354s][info][gc,metaspace   ] GC(1296) Metaspace: 97898K(99264K)->97898K(99264K) NonClass: 84863K(85440K)->84863K(85440K) Class: 13035K(13824K)->13035K(13824K)
[2025-12-25T04:33:54.714+0000][690.354s][info][gc             ] GC(1296) Pause Young (Allocation Failure) 255M->178M(278M) 8.798ms
[2025-12-25T04:33:54.714+0000][690.354s][info][gc,cpu         ] GC(1296) User=0.00s Sys=0.00s Real=0.01s
[2025-12-25T04:33:54.839+0000][690.479s][info][gc,start       ] GC(1297) Pause Young (Allocation Failure)
[2025-12-25T04:33:54.845+0000][690.485s][info][gc,heap        ] GC(1297) DefNew: 81702K(88512K)->3577K(88512K) Eden: 78720K(78720K)->0K(78720K) From: 2982K(9792K)->3577K(9792K)
[2025-12-25T04:33:54.845+0000][690.485s][info][gc,heap        ] GC(1297) Tenured: 179661K(196608K)->179855K(196608K)
[2025-12-25T04:33:54.845+0000][690.485s][info][gc,metaspace   ] GC(1297) Metaspace: 97898K(99264K)->97898K(99264K) NonClass: 84863K(85440K)->84863K(85440K) Class: 13035K(13824K)->13035K(13824K)
[2025-12-25T04:33:54.845+0000][690.485s][info][gc             ] GC(1297) Pause Young (Allocation Failure) 255M->179M(278M) 5.904ms
[2025-12-25T04:33:54.846+0000][690.485s][info][gc,cpu         ] GC(1297) User=0.01s Sys=0.00s Real=0.01s
[2025-12-25T04:33:54.984+0000][690.624s][info][gc,start       ] GC(1298) Pause Young (Allocation Failure)
[2025-12-25T04:33:54.994+0000][690.634s][info][gc,heap        ] GC(1298) DefNew: 82297K(88512K)->3952K(88512K) Eden: 78720K(78720K)->0K(78720K) From: 3577K(9792K)->3952K(9792K)
[2025-12-25T04:33:54.995+0000][690.635s][info][gc,heap        ] GC(1298) Tenured: 179855K(196608K)->179905K(196608K)
[2025-12-25T04:33:54.995+0000][690.635s][info][gc,metaspace   ] GC(1298) Metaspace: 97898K(99264K)->97898K(99264K) NonClass: 84863K(85440K)->84863K(85440K) Class: 13035K(13824K)->13035K(13824K)
[2025-12-25T04:33:54.997+0000][690.637s][info][gc             ] GC(1298) Pause Young (Allocation Failure) 256M->179M(278M) 12.670ms
[2025-12-25T04:33:54.997+0000][690.637s][info][gc,cpu         ] GC(1298) User=0.01s Sys=0.00s Real=0.02s
[2025-12-25T04:33:55.135+0000][690.775s][info][gc,start       ] GC(1299) Pause Young (Allocation Failure)
[2025-12-25T04:33:55.141+0000][690.781s][info][gc,heap        ] GC(1299) DefNew: 82672K(88512K)->3396K(88512K) Eden: 78720K(78720K)->0K(78720K) From: 3952K(9792K)->3396K(9792K)
[2025-12-25T04:33:55.145+0000][690.785s][info][gc,heap        ] GC(1299) Tenured: 179905K(196608K)->179905K(196608K)
[2025-12-25T04:33:55.146+0000][690.786s][info][gc,metaspace   ] GC(1299) Metaspace: 97898K(99264K)->97898K(99264K) NonClass: 84863K(85440K)->84863K(85440K) Class: 13035K(13824K)->13035K(13824K)
[2025-12-25T04:33:55.148+0000][690.788s][info][gc             ] GC(1299) Pause Young (Allocation Failure) 256M->179M(278M) 13.110ms
[2025-12-25T04:33:55.149+0000][690.789s][info][gc,cpu         ] GC(1299) User=0.01s Sys=0.00s Real=0.01s
[2025-12-25T04:33:55.332+0000][690.972s][info][gc,start       ] GC(1300) Pause Young (Allocation Failure)
[2025-12-25T04:33:55.338+0000][690.978s][info][gc,heap        ] GC(1300) DefNew: 82116K(88512K)->2842K(88512K) Eden: 78720K(78720K)->0K(78720K) From: 3396K(9792K)->2842K(9792K)
[2025-12-25T04:33:55.338+0000][690.978s][info][gc,heap        ] GC(1300) Tenured: 179905K(196608K)->179906K(196608K)
[2025-12-25T04:33:55.338+0000][690.978s][info][gc,metaspace   ] GC(1300) Metaspace: 97898K(99264K)->97898K(99264K) NonClass: 84863K(85440K)->84863K(85440K) Class: 13035K(13824K)->13035K(13824K)
[2025-12-25T04:33:55.338+0000][690.978s][info][gc             ] GC(1300) Pause Young (Allocation Failure) 255M->178M(278M) 6.164ms
[2025-12-25T04:33:55.343+0000][690.982s][info][gc,cpu         ] GC(1300) User=0.00s Sys=0.00s Real=0.01s
[2025-12-25T04:33:55.512+0000][691.152s][info][gc,start       ] GC(1301) Pause Young (Allocation Failure)
[2025-12-25T04:33:55.521+0000][691.161s][info][gc,heap        ] GC(1301) DefNew: 81562K(88512K)->3091K(88512K) Eden: 78720K(78720K)->0K(78720K) From: 2842K(9792K)->3091K(9792K)
[2025-12-25T04:33:55.522+0000][691.162s][info][gc,heap        ] GC(1301) Tenured: 179906K(196608K)->179906K(196608K)
[2025-12-25T04:33:55.522+0000][691.162s][info][gc,metaspace   ] GC(1301) Metaspace: 97898K(99264K)->97898K(99264K) NonClass: 84863K(85440K)->84863K(85440K) Class: 13035K(13824K)->13035K(13824K)
[2025-12-25T04:33:55.526+0000][691.166s][info][gc             ] GC(1301) Pause Young (Allocation Failure) 255M->178M(278M) 14.428ms
[2025-12-25T04:33:55.527+0000][691.167s][info][gc,cpu         ] GC(1301) User=0.00s Sys=0.00s Real=0.02s
[2025-12-25T04:33:55.727+0000][691.367s][info][gc,start       ] GC(1302) Pause Young (Allocation Failure)
[2025-12-25T04:33:55.739+0000][691.379s][info][gc,heap        ] GC(1302) DefNew: 81811K(88512K)->3207K(88512K) Eden: 78720K(78720K)->0K(78720K) From: 3091K(9792K)->3207K(9792K)
[2025-12-25T04:33:55.739+0000][691.379s][info][gc,heap        ] GC(1302) Tenured: 179906K(196608K)->179906K(196608K)
[2025-12-25T04:33:55.740+0000][691.380s][info][gc,metaspace   ] GC(1302) Metaspace: 97898K(99264K)->97898K(99264K) NonClass: 84863K(85440K)->84863K(85440K) Class: 13035K(13824K)->13035K(13824K)
[2025-12-25T04:33:55.740+0000][691.380s][info][gc             ] GC(1302) Pause Young (Allocation Failure) 255M->178M(278M) 13.334ms
[2025-12-25T04:33:55.740+0000][691.380s][info][gc,cpu         ] GC(1302) User=0.00s Sys=0.00s Real=0.01s
[2025-12-25T04:33:55.878+0000][691.518s][info][gc,start       ] GC(1303) Pause Young (Allocation Failure)
[2025-12-25T04:33:55.892+0000][691.532s][info][gc,heap        ] GC(1303) DefNew: 81927K(88512K)->3927K(88512K) Eden: 78720K(78720K)->0K(78720K) From: 3207K(9792K)->3927K(9792K)
[2025-12-25T04:33:55.893+0000][691.532s][info][gc,heap        ] GC(1303) Tenured: 179906K(196608K)->180031K(196608K)
[2025-12-25T04:33:55.893+0000][691.533s][info][gc,metaspace   ] GC(1303) Metaspace: 97898K(99264K)->97898K(99264K) NonClass: 84863K(85440K)->84863K(85440K) Class: 13035K(13824K)->13035K(13824K)
[2025-12-25T04:33:55.893+0000][691.533s][info][gc             ] GC(1303) Pause Young (Allocation Failure) 255M->179M(278M) 15.009ms
[2025-12-25T04:33:55.893+0000][691.533s][info][gc,cpu         ] GC(1303) User=0.01s Sys=0.00s Real=0.01s
[2025-12-25T04:33:56.009+0000][691.649s][info][gc,start       ] GC(1304) Pause Young (Allocation Failure)
[2025-12-25T04:33:56.014+0000][691.654s][info][gc,heap        ] GC(1304) DefNew: 82647K(88512K)->3283K(88512K) Eden: 78720K(78720K)->0K(78720K) From: 3927K(9792K)->3283K(9792K)
[2025-12-25T04:33:56.015+0000][691.655s][info][gc,heap        ] GC(1304) Tenured: 180031K(196608K)->180071K(196608K)
[2025-12-25T04:33:56.017+0000][691.657s][info][gc,metaspace   ] GC(1304) Metaspace: 97898K(99264K)->97898K(99264K) NonClass: 84863K(85440K)->84863K(85440K) Class: 13035K(13824K)->13035K(13824K)
[2025-12-25T04:33:56.018+0000][691.658s][info][gc             ] GC(1304) Pause Young (Allocation Failure) 256M->179M(278M) 9.863ms
[2025-12-25T04:33:56.021+0000][691.661s][info][gc,cpu         ] GC(1304) User=0.00s Sys=0.00s Real=0.01s
[2025-12-25T04:33:56.200+0000][691.840s][info][gc,start       ] GC(1305) Pause Young (Allocation Failure)
[2025-12-25T04:33:56.214+0000][691.854s][info][gc,heap        ] GC(1305) DefNew: 82003K(88512K)->2707K(88512K) Eden: 78720K(78720K)->0K(78720K) From: 3283K(9792K)->2707K(9792K)
[2025-12-25T04:33:56.224+0000][691.864s][info][gc,heap        ] GC(1305) Tenured: 180071K(196608K)->180160K(196608K)
[2025-12-25T04:33:56.232+0000][691.872s][info][gc,metaspace   ] GC(1305) Metaspace: 97898K(99264K)->97898K(99264K) NonClass: 84863K(85440K)->84863K(85440K) Class: 13035K(13824K)->13035K(13824K)
[2025-12-25T04:33:56.242+0000][691.882s][info][gc             ] GC(1305) Pause Young (Allocation Failure) 255M->178M(278M) 42.041ms
[2025-12-25T04:33:56.243+0000][691.883s][info][gc,cpu         ] GC(1305) User=0.00s Sys=0.01s Real=0.04s
[2025-12-25T04:33:56.406+0000][692.046s][info][gc,start       ] GC(1306) Pause Young (Allocation Failure)
[2025-12-25T04:33:56.419+0000][692.059s][info][gc,heap        ] GC(1306) DefNew: 81427K(88512K)->2843K(88512K) Eden: 78720K(78720K)->0K(78720K) From: 2707K(9792K)->2843K(9792K)
[2025-12-25T04:33:56.419+0000][692.059s][info][gc,heap        ] GC(1306) Tenured: 180160K(196608K)->180232K(196608K)
[2025-12-25T04:33:56.420+0000][692.060s][info][gc,metaspace   ] GC(1306) Metaspace: 97898K(99264K)->97898K(99264K) NonClass: 84863K(85440K)->84863K(85440K) Class: 13035K(13824K)->13035K(13824K)
[2025-12-25T04:33:56.420+0000][692.060s][info][gc             ] GC(1306) Pause Young (Allocation Failure) 255M->178M(278M) 13.900ms
[2025-12-25T04:33:56.421+0000][692.061s][info][gc,cpu         ] GC(1306) User=0.01s Sys=0.00s Real=0.01s
[2025-12-25T04:33:56.507+0000][692.147s][info][gc,start       ] GC(1307) Pause Young (Allocation Failure)
[2025-12-25T04:33:56.511+0000][692.151s][info][gc,heap        ] GC(1307) DefNew: 81563K(88512K)->2746K(88512K) Eden: 78720K(78720K)->0K(78720K) From: 2843K(9792K)->2746K(9792K)
[2025-12-25T04:33:56.511+0000][692.151s][info][gc,heap        ] GC(1307) Tenured: 180232K(196608K)->180264K(196608K)
[2025-12-25T04:33:56.511+0000][692.151s][info][gc,metaspace   ] GC(1307) Metaspace: 97901K(99264K)->97901K(99264K) NonClass: 84865K(85440K)->84865K(85440K) Class: 13035K(13824K)->13035K(13824K)
[2025-12-25T04:33:56.512+0000][692.152s][info][gc             ] GC(1307) Pause Young (Allocation Failure) 255M->178M(278M) 4.187ms
[2025-12-25T04:33:56.512+0000][692.152s][info][gc,cpu         ] GC(1307) User=0.00s Sys=0.00s Real=0.00s
[2025-12-25T04:33:56.602+0000][692.242s][info][gc,start       ] GC(1308) Pause Young (GCLocker Initiated GC)
[2025-12-25T04:33:56.612+0000][692.252s][info][gc,heap        ] GC(1308) DefNew: 83983K(88512K)->2742K(88512K) Eden: 78720K(78720K)->0K(78720K) From: 5263K(9792K)->2742K(9792K)
[2025-12-25T04:33:56.613+0000][692.253s][info][gc,heap        ] GC(1308) Tenured: 180264K(196608K)->180280K(196608K)
[2025-12-25T04:33:56.614+0000][692.254s][info][gc,metaspace   ] GC(1308) Metaspace: 97901K(99264K)->97901K(99264K) NonClass: 84865K(85440K)->84865K(85440K) Class: 13035K(13824K)->13035K(13824K)
[2025-12-25T04:33:56.614+0000][692.254s][info][gc             ] GC(1308) Pause Young (GCLocker Initiated GC) 258M->178M(278M) 11.924ms
[2025-12-25T04:33:56.614+0000][692.254s][info][gc,cpu         ] GC(1308) User=0.01s Sys=0.00s Real=0.01s
[2025-12-25T04:33:56.742+0000][692.382s][info][gc,start       ] GC(1309) Pause Young (Allocation Failure)
[2025-12-25T04:33:56.752+0000][692.392s][info][gc,heap        ] GC(1309) DefNew: 81462K(88512K)->3075K(88512K) Eden: 78720K(78720K)->0K(78720K) From: 2742K(9792K)->3075K(9792K)
[2025-12-25T04:33:56.752+0000][692.392s][info][gc,heap        ] GC(1309) Tenured: 180280K(196608K)->180313K(196608K)
[2025-12-25T04:33:56.753+0000][692.393s][info][gc,metaspace   ] GC(1309) Metaspace: 97901K(99264K)->97901K(99264K) NonClass: 84865K(85440K)->84865K(85440K) Class: 13035K(13824K)->13035K(13824K)
[2025-12-25T04:33:56.754+0000][692.394s][info][gc             ] GC(1309) Pause Young (Allocation Failure) 255M->179M(278M) 12.044ms
[2025-12-25T04:33:56.754+0000][692.394s][info][gc,cpu         ] GC(1309) User=0.01s Sys=0.00s Real=0.01s
[2025-12-25T04:33:56.923+0000][692.563s][info][gc,start       ] GC(1310) Pause Young (Allocation Failure)
[2025-12-25T04:33:56.936+0000][692.576s][info][gc,heap        ] GC(1310) DefNew: 81795K(88512K)->3907K(88512K) Eden: 78720K(78720K)->0K(78720K) From: 3075K(9792K)->3907K(9792K)
[2025-12-25T04:33:56.938+0000][692.578s][info][gc,heap        ] GC(1310) Tenured: 180313K(196608K)->180329K(196608K)
[2025-12-25T04:33:56.939+0000][692.579s][info][gc,metaspace   ] GC(1310) Metaspace: 97901K(99264K)->97901K(99264K) NonClass: 84865K(85440K)->84865K(85440K) Class: 13035K(13824K)->13035K(13824K)
[2025-12-25T04:33:56.939+0000][692.579s][info][gc             ] GC(1310) Pause Young (Allocation Failure) 255M->179M(278M) 16.272ms
[2025-12-25T04:33:56.940+0000][692.580s][info][gc,cpu         ] GC(1310) User=0.01s Sys=0.00s Real=0.02s
[2025-12-25T04:33:57.103+0000][692.743s][info][gc,start       ] GC(1311) Pause Young (Allocation Failure)
[2025-12-25T04:33:57.127+0000][692.767s][info][gc,heap        ] GC(1311) DefNew: 82627K(88512K)->5042K(88512K) Eden: 78720K(78720K)->0K(78720K) From: 3907K(9792K)->5042K(9792K)
[2025-12-25T04:33:57.130+0000][692.770s][info][gc,heap        ] GC(1311) Tenured: 180329K(196608K)->180337K(196608K)
[2025-12-25T04:33:57.136+0000][692.776s][info][gc,metaspace   ] GC(1311) Metaspace: 97901K(99264K)->97901K(99264K) NonClass: 84865K(85440K)->84865K(85440K) Class: 13035K(13824K)->13035K(13824K)
[2025-12-25T04:33:57.139+0000][692.779s][info][gc             ] GC(1311) Pause Young (Allocation Failure) 256M->181M(278M) 35.973ms
[2025-12-25T04:33:57.139+0000][692.779s][info][gc,cpu         ] GC(1311) User=0.02s Sys=0.00s Real=0.04s
[2025-12-25T04:33:57.287+0000][692.927s][info][gc,start       ] GC(1312) Pause Young (Allocation Failure)
[2025-12-25T04:33:57.313+0000][692.953s][info][gc,heap        ] GC(1312) DefNew: 83762K(88512K)->2108K(88512K) Eden: 78719K(78720K)->0K(78720K) From: 5042K(9792K)->2108K(9792K)
[2025-12-25T04:33:57.321+0000][692.961s][info][gc,heap        ] GC(1312) Tenured: 180337K(196608K)->180664K(196608K)
[2025-12-25T04:33:57.322+0000][692.962s][info][gc,metaspace   ] GC(1312) Metaspace: 97901K(99264K)->97901K(99264K) NonClass: 84865K(85440K)->84865K(85440K) Class: 13035K(13824K)->13035K(13824K)
[2025-12-25T04:33:57.323+0000][692.963s][info][gc             ] GC(1312) Pause Young (Allocation Failure) 257M->178M(278M) 35.886ms
[2025-12-25T04:33:57.323+0000][692.963s][info][gc,cpu         ] GC(1312) User=0.01s Sys=0.00s Real=0.03s
[2025-12-25T04:33:57.456+0000][693.096s][info][gc,start       ] GC(1313) Pause Young (Allocation Failure)
[2025-12-25T04:33:57.465+0000][693.105s][info][gc,heap        ] GC(1313) DefNew: 80828K(88512K)->2949K(88512K) Eden: 78720K(78720K)->0K(78720K) From: 2108K(9792K)->2949K(9792K)
[2025-12-25T04:33:57.466+0000][693.106s][info][gc,heap        ] GC(1313) Tenured: 180664K(196608K)->180664K(196608K)
[2025-12-25T04:33:57.466+0000][693.106s][info][gc,metaspace   ] GC(1313) Metaspace: 97901K(99264K)->97901K(99264K) NonClass: 84865K(85440K)->84865K(85440K) Class: 13035K(13824K)->13035K(13824K)
[2025-12-25T04:33:57.467+0000][693.107s][info][gc             ] GC(1313) Pause Young (Allocation Failure) 255M->179M(278M) 11.082ms
[2025-12-25T04:33:57.468+0000][693.108s][info][gc,cpu         ] GC(1313) User=0.02s Sys=0.00s Real=0.01s
[2025-12-25T04:33:57.640+0000][693.280s][info][gc,start       ] GC(1314) Pause Young (Allocation Failure)
[2025-12-25T04:33:57.647+0000][693.287s][info][gc,heap        ] GC(1314) DefNew: 81669K(88512K)->3496K(88512K) Eden: 78720K(78720K)->0K(78720K) From: 2949K(9792K)->3496K(9792K)
[2025-12-25T04:33:57.648+0000][693.288s][info][gc,heap        ] GC(1314) Tenured: 180664K(196608K)->180664K(196608K)
[2025-12-25T04:33:57.648+0000][693.288s][info][gc,metaspace   ] GC(1314) Metaspace: 97901K(99264K)->97901K(99264K) NonClass: 84865K(85440K)->84865K(85440K) Class: 13035K(13824K)->13035K(13824K)
[2025-12-25T04:33:57.649+0000][693.289s][info][gc             ] GC(1314) Pause Young (Allocation Failure) 256M->179M(278M) 8.568ms
[2025-12-25T04:33:57.655+0000][693.295s][info][gc,cpu         ] GC(1314) User=0.01s Sys=0.00s Real=0.02s
[2025-12-25T04:33:57.796+0000][693.436s][info][gc,start       ] GC(1315) Pause Young (Allocation Failure)
[2025-12-25T04:33:57.800+0000][693.440s][info][gc,heap        ] GC(1315) DefNew: 82216K(88512K)->2799K(88512K) Eden: 78720K(78720K)->0K(78720K) From: 3496K(9792K)->2799K(9792K)
[2025-12-25T04:33:57.801+0000][693.441s][info][gc,heap        ] GC(1315) Tenured: 180664K(196608K)->180672K(196608K)
[2025-12-25T04:33:57.801+0000][693.441s][info][gc,metaspace   ] GC(1315) Metaspace: 97901K(99264K)->97901K(99264K) NonClass: 84865K(85440K)->84865K(85440K) Class: 13035K(13824K)->13035K(13824K)
[2025-12-25T04:33:57.802+0000][693.442s][info][gc             ] GC(1315) Pause Young (Allocation Failure) 256M->179M(278M) 5.654ms
[2025-12-25T04:33:57.802+0000][693.442s][info][gc,cpu         ] GC(1315) User=0.01s Sys=0.00s Real=0.00s
[2025-12-25T04:33:57.926+0000][693.566s][info][gc,start       ] GC(1316) Pause Young (Allocation Failure)
[2025-12-25T04:33:57.934+0000][693.574s][info][gc,heap        ] GC(1316) DefNew: 81486K(88512K)->2413K(88512K) Eden: 78686K(78720K)->0K(78720K) From: 2799K(9792K)->2413K(9792K)
[2025-12-25T04:33:57.934+0000][693.574s][info][gc,heap        ] GC(1316) Tenured: 180672K(196608K)->180782K(196608K)
[2025-12-25T04:33:57.934+0000][693.574s][info][gc,metaspace   ] GC(1316) Metaspace: 97901K(99264K)->97901K(99264K) NonClass: 84865K(85440K)->84865K(85440K) Class: 13035K(13824K)->13035K(13824K)
[2025-12-25T04:33:57.935+0000][693.575s][info][gc             ] GC(1316) Pause Young (Allocation Failure) 256M->178M(278M) 8.974ms
[2025-12-25T04:33:57.935+0000][693.575s][info][gc,cpu         ] GC(1316) User=0.01s Sys=0.00s Real=0.01s
[2025-12-25T04:33:58.050+0000][693.690s][info][gc,start       ] GC(1317) Pause Young (Allocation Failure)
[2025-12-25T04:33:58.071+0000][693.711s][info][gc,heap        ] GC(1317) DefNew: 81133K(88512K)->2493K(88512K) Eden: 78720K(78720K)->0K(78720K) From: 2413K(9792K)->2493K(9792K)
[2025-12-25T04:33:58.073+0000][693.713s][info][gc,heap        ] GC(1317) Tenured: 180782K(196608K)->180797K(196608K)
[2025-12-25T04:33:58.075+0000][693.715s][info][gc,metaspace   ] GC(1317) Metaspace: 97901K(99264K)->97901K(99264K) NonClass: 84865K(85440K)->84865K(85440K) Class: 13035K(13824K)->13035K(13824K)
[2025-12-25T04:33:58.076+0000][693.716s][info][gc             ] GC(1317) Pause Young (Allocation Failure) 255M->178M(278M) 25.478ms
[2025-12-25T04:33:58.076+0000][693.716s][info][gc,cpu         ] GC(1317) User=0.00s Sys=0.00s Real=0.03s
[2025-12-25T04:33:58.253+0000][693.893s][info][gc,start       ] GC(1318) Pause Young (Allocation Failure)
[2025-12-25T04:33:58.257+0000][693.897s][info][gc,heap        ] GC(1318) DefNew: 81213K(88512K)->2823K(88512K) Eden: 78719K(78720K)->0K(78720K) From: 2493K(9792K)->2823K(9792K)
[2025-12-25T04:33:58.258+0000][693.898s][info][gc,heap        ] GC(1318) Tenured: 180797K(196608K)->180805K(196608K)
[2025-12-25T04:33:58.264+0000][693.904s][info][gc,metaspace   ] GC(1318) Metaspace: 97901K(99264K)->97901K(99264K) NonClass: 84865K(85440K)->84865K(85440K) Class: 13035K(13824K)->13035K(13824K)
[2025-12-25T04:33:58.266+0000][693.906s][info][gc             ] GC(1318) Pause Young (Allocation Failure) 255M->179M(278M) 12.978ms
[2025-12-25T04:33:58.267+0000][693.907s][info][gc,cpu         ] GC(1318) User=0.00s Sys=0.00s Real=0.02s
[2025-12-25T04:33:58.406+0000][694.046s][info][gc,start       ] GC(1319) Pause Young (Allocation Failure)
[2025-12-25T04:33:58.410+0000][694.050s][info][gc,heap        ] GC(1319) DefNew: 81543K(88512K)->2464K(88512K) Eden: 78720K(78720K)->0K(78720K) From: 2823K(9792K)->2464K(9792K)
[2025-12-25T04:33:58.410+0000][694.050s][info][gc,heap        ] GC(1319) Tenured: 180805K(196608K)->180805K(196608K)
[2025-12-25T04:33:58.410+0000][694.050s][info][gc,metaspace   ] GC(1319) Metaspace: 97901K(99264K)->97901K(99264K) NonClass: 84865K(85440K)->84865K(85440K) Class: 13035K(13824K)->13035K(13824K)
[2025-12-25T04:33:58.411+0000][694.051s][info][gc             ] GC(1319) Pause Young (Allocation Failure) 256M->178M(278M) 4.911ms
[2025-12-25T04:33:58.411+0000][694.051s][info][gc,cpu         ] GC(1319) User=0.00s Sys=0.00s Real=0.00s
[2025-12-25T04:33:58.601+0000][694.241s][info][gc,start       ] GC(1320) Pause Young (Allocation Failure)
[2025-12-25T04:33:58.612+0000][694.252s][info][gc,heap        ] GC(1320) DefNew: 81184K(88512K)->3042K(88512K) Eden: 78720K(78720K)->0K(78720K) From: 2464K(9792K)->3042K(9792K)
[2025-12-25T04:33:58.612+0000][694.252s][info][gc,heap        ] GC(1320) Tenured: 180805K(196608K)->180805K(196608K)
[2025-12-25T04:33:58.613+0000][694.253s][info][gc,metaspace   ] GC(1320) Metaspace: 97901K(99264K)->97901K(99264K) NonClass: 84865K(85440K)->84865K(85440K) Class: 13035K(13824K)->13035K(13824K)
[2025-12-25T04:33:58.613+0000][694.253s][info][gc             ] GC(1320) Pause Young (Allocation Failure) 255M->179M(278M) 11.999ms
[2025-12-25T04:33:58.614+0000][694.254s][info][gc,cpu         ] GC(1320) User=0.01s Sys=0.00s Real=0.01s
[2025-12-25T04:33:59.073+0000][694.713s][info][gc,start       ] GC(1321) Pause Young (Allocation Failure)
[2025-12-25T04:33:59.084+0000][694.724s][info][gc,heap        ] GC(1321) DefNew: 81762K(88512K)->2514K(88512K) Eden: 78720K(78720K)->0K(78720K) From: 3042K(9792K)->2514K(9792K)
[2025-12-25T04:33:59.084+0000][694.724s][info][gc,heap        ] GC(1321) Tenured: 180805K(196608K)->180821K(196608K)
[2025-12-25T04:33:59.084+0000][694.724s][info][gc,metaspace   ] GC(1321) Metaspace: 97901K(99264K)->97901K(99264K) NonClass: 84865K(85440K)->84865K(85440K) Class: 13035K(13824K)->13035K(13824K)
[2025-12-25T04:33:59.084+0000][694.724s][info][gc             ] GC(1321) Pause Young (Allocation Failure) 256M->179M(278M) 11.507ms
[2025-12-25T04:33:59.084+0000][694.724s][info][gc,cpu         ] GC(1321) User=0.01s Sys=0.00s Real=0.01s
[2025-12-25T04:34:00.366+0000][696.006s][info][gc,start       ] GC(1322) Pause Young (Allocation Failure)
[2025-12-25T04:34:00.378+0000][696.018s][info][gc,heap        ] GC(1322) DefNew: 81234K(88512K)->2387K(88512K) Eden: 78720K(78720K)->0K(78720K) From: 2514K(9792K)->2387K(9792K)
[2025-12-25T04:34:00.379+0000][696.019s][info][gc,heap        ] GC(1322) Tenured: 180821K(196608K)->180945K(196608K)
[2025-12-25T04:34:00.379+0000][696.019s][info][gc,metaspace   ] GC(1322) Metaspace: 97901K(99264K)->97901K(99264K) NonClass: 84865K(85440K)->84865K(85440K) Class: 13035K(13824K)->13035K(13824K)
[2025-12-25T04:34:00.379+0000][696.019s][info][gc             ] GC(1322) Pause Young (Allocation Failure) 255M->179M(278M) 13.193ms
[2025-12-25T04:34:00.379+0000][696.019s][info][gc,cpu         ] GC(1322) User=0.01s Sys=0.00s Real=0.01s
[2025-12-25T04:34:01.573+0000][697.213s][info][gc,start       ] GC(1323) Pause Young (Allocation Failure)
[2025-12-25T04:34:01.577+0000][697.217s][info][gc,heap        ] GC(1323) DefNew: 81107K(88512K)->2385K(88512K) Eden: 78720K(78720K)->0K(78720K) From: 2387K(9792K)->2385K(9792K)
[2025-12-25T04:34:01.577+0000][697.217s][info][gc,heap        ] GC(1323) Tenured: 180945K(196608K)->180950K(196608K)
[2025-12-25T04:34:01.577+0000][697.217s][info][gc,metaspace   ] GC(1323) Metaspace: 97901K(99264K)->97901K(99264K) NonClass: 84865K(85440K)->84865K(85440K) Class: 13035K(13824K)->13035K(13824K)
[2025-12-25T04:34:01.578+0000][697.218s][info][gc             ] GC(1323) Pause Young (Allocation Failure) 255M->179M(278M) 4.214ms
[2025-12-25T04:34:01.578+0000][697.218s][info][gc,cpu         ] GC(1323) User=0.01s Sys=0.00s Real=0.01s
[2025-12-25T04:34:02.670+0000][698.310s][info][gc,start       ] GC(1324) Pause Young (Allocation Failure)
[2025-12-25T04:34:02.673+0000][698.313s][info][gc,heap        ] GC(1324) DefNew: 81105K(88512K)->2368K(88512K) Eden: 78720K(78720K)->0K(78720K) From: 2385K(9792K)->2368K(9792K)
[2025-12-25T04:34:02.673+0000][698.313s][info][gc,heap        ] GC(1324) Tenured: 180950K(196608K)->180966K(196608K)
[2025-12-25T04:34:02.673+0000][698.313s][info][gc,metaspace   ] GC(1324) Metaspace: 97901K(99264K)->97901K(99264K) NonClass: 84865K(85440K)->84865K(85440K) Class: 13035K(13824K)->13035K(13824K)
[2025-12-25T04:34:02.673+0000][698.313s][info][gc             ] GC(1324) Pause Young (Allocation Failure) 255M->179M(278M) 3.440ms
[2025-12-25T04:34:02.673+0000][698.313s][info][gc,cpu         ] GC(1324) User=0.01s Sys=0.00s Real=0.00s
[2025-12-25T04:34:03.852+0000][699.492s][info][gc,start       ] GC(1325) Pause Young (Allocation Failure)
[2025-12-25T04:34:03.855+0000][699.495s][info][gc,heap        ] GC(1325) DefNew: 81088K(88512K)->1835K(88512K) Eden: 78720K(78720K)->0K(78720K) From: 2368K(9792K)->1835K(9792K)
[2025-12-25T04:34:03.855+0000][699.495s][info][gc,heap        ] GC(1325) Tenured: 180966K(196608K)->180988K(196608K)
[2025-12-25T04:34:03.855+0000][699.495s][info][gc,metaspace   ] GC(1325) Metaspace: 97901K(99264K)->97901K(99264K) NonClass: 84865K(85440K)->84865K(85440K) Class: 13035K(13824K)->13035K(13824K)
[2025-12-25T04:34:03.856+0000][699.496s][info][gc             ] GC(1325) Pause Young (Allocation Failure) 255M->178M(278M) 3.625ms
[2025-12-25T04:34:03.856+0000][699.496s][info][gc,cpu         ] GC(1325) User=0.00s Sys=0.00s Real=0.01s
[2025-12-25T04:34:05.115+0000][700.755s][info][gc,start       ] GC(1326) Pause Young (Allocation Failure)
[2025-12-25T04:34:05.118+0000][700.758s][info][gc,heap        ] GC(1326) DefNew: 80555K(88512K)->1604K(88512K) Eden: 78720K(78720K)->0K(78720K) From: 1835K(9792K)->1604K(9792K)
[2025-12-25T04:34:05.118+0000][700.758s][info][gc,heap        ] GC(1326) Tenured: 180988K(196608K)->181221K(196608K)
[2025-12-25T04:34:05.118+0000][700.758s][info][gc,metaspace   ] GC(1326) Metaspace: 97901K(99264K)->97901K(99264K) NonClass: 84865K(85440K)->84865K(85440K) Class: 13035K(13824K)->13035K(13824K)
[2025-12-25T04:34:05.118+0000][700.758s][info][gc             ] GC(1326) Pause Young (Allocation Failure) 255M->178M(278M) 3.029ms
[2025-12-25T04:34:05.118+0000][700.758s][info][gc,cpu         ] GC(1326) User=0.01s Sys=0.00s Real=0.00s
[2025-12-25T04:34:06.313+0000][701.953s][info][gc,start       ] GC(1327) Pause Young (Allocation Failure)
[2025-12-25T04:34:06.320+0000][701.960s][info][gc,heap        ] GC(1327) DefNew: 80324K(88512K)->1513K(88512K) Eden: 78720K(78720K)->0K(78720K) From: 1604K(9792K)->1513K(9792K)
[2025-12-25T04:34:06.320+0000][701.960s][info][gc,heap        ] GC(1327) Tenured: 181221K(196608K)->181312K(196608K)
[2025-12-25T04:34:06.320+0000][701.960s][info][gc,metaspace   ] GC(1327) Metaspace: 97901K(99264K)->97901K(99264K) NonClass: 84865K(85440K)->84865K(85440K) Class: 13035K(13824K)->13035K(13824K)
[2025-12-25T04:34:06.321+0000][701.961s][info][gc             ] GC(1327) Pause Young (Allocation Failure) 255M->178M(278M) 7.607ms
[2025-12-25T04:34:06.321+0000][701.961s][info][gc,cpu         ] GC(1327) User=0.01s Sys=0.00s Real=0.01s
[2025-12-25T04:34:07.428+0000][703.068s][info][gc,start       ] GC(1328) Pause Young (Allocation Failure)
[2025-12-25T04:34:07.433+0000][703.073s][info][gc,heap        ] GC(1328) DefNew: 80233K(88512K)->1490K(88512K) Eden: 78720K(78720K)->0K(78720K) From: 1513K(9792K)->1490K(9792K)
[2025-12-25T04:34:07.434+0000][703.074s][info][gc,heap        ] GC(1328) Tenured: 181312K(196608K)->181339K(196608K)
[2025-12-25T04:34:07.434+0000][703.074s][info][gc,metaspace   ] GC(1328) Metaspace: 97902K(99264K)->97902K(99264K) NonClass: 84867K(85440K)->84867K(85440K) Class: 13035K(13824K)->13035K(13824K)
[2025-12-25T04:34:07.434+0000][703.074s][info][gc             ] GC(1328) Pause Young (Allocation Failure) 255M->178M(278M) 5.890ms
[2025-12-25T04:34:07.434+0000][703.074s][info][gc,cpu         ] GC(1328) User=0.01s Sys=0.00s Real=0.00s
[2025-12-25T04:34:08.726+0000][704.366s][info][gc,start       ] GC(1329) Pause Young (Allocation Failure)
[2025-12-25T04:34:08.730+0000][704.370s][info][gc,heap        ] GC(1329) DefNew: 80210K(88512K)->1467K(88512K) Eden: 78720K(78720K)->0K(78720K) From: 1490K(9792K)->1467K(9792K)
[2025-12-25T04:34:08.730+0000][704.370s][info][gc,heap        ] GC(1329) Tenured: 181339K(196608K)->181357K(196608K)
[2025-12-25T04:34:08.730+0000][704.370s][info][gc,metaspace   ] GC(1329) Metaspace: 97902K(99264K)->97902K(99264K) NonClass: 84867K(85440K)->84867K(85440K) Class: 13035K(13824K)->13035K(13824K)
[2025-12-25T04:34:08.730+0000][704.370s][info][gc             ] GC(1329) Pause Young (Allocation Failure) 255M->178M(278M) 4.291ms
[2025-12-25T04:34:08.730+0000][704.370s][info][gc,cpu         ] GC(1329) User=0.00s Sys=0.00s Real=0.00s
[2025-12-25T04:34:10.004+0000][705.644s][info][gc,start       ] GC(1330) Pause Young (Allocation Failure)
[2025-12-25T04:34:10.013+0000][705.653s][info][gc,heap        ] GC(1330) DefNew: 80187K(88512K)->1442K(88512K) Eden: 78720K(78720K)->0K(78720K) From: 1467K(9792K)->1442K(9792K)
[2025-12-25T04:34:10.013+0000][705.653s][info][gc,heap        ] GC(1330) Tenured: 181357K(196608K)->181384K(196608K)
[2025-12-25T04:34:10.013+0000][705.653s][info][gc,metaspace   ] GC(1330) Metaspace: 97902K(99264K)->97902K(99264K) NonClass: 84867K(85440K)->84867K(85440K) Class: 13035K(13824K)->13035K(13824K)
[2025-12-25T04:34:10.014+0000][705.654s][info][gc             ] GC(1330) Pause Young (Allocation Failure) 255M->178M(278M) 9.403ms
[2025-12-25T04:34:10.014+0000][705.654s][info][gc,cpu         ] GC(1330) User=0.01s Sys=0.00s Real=0.01s
[2025-12-25T04:34:11.247+0000][706.887s][info][gc,start       ] GC(1331) Pause Young (Allocation Failure)
[2025-12-25T04:34:11.251+0000][706.891s][info][gc,heap        ] GC(1331) DefNew: 80162K(88512K)->1469K(88512K) Eden: 78720K(78720K)->0K(78720K) From: 1442K(9792K)->1469K(9792K)
[2025-12-25T04:34:11.251+0000][706.891s][info][gc,heap        ] GC(1331) Tenured: 181384K(196608K)->181386K(196608K)
[2025-12-25T04:34:11.251+0000][706.891s][info][gc,metaspace   ] GC(1331) Metaspace: 97902K(99264K)->97902K(99264K) NonClass: 84867K(85440K)->84867K(85440K) Class: 13035K(13824K)->13035K(13824K)
[2025-12-25T04:34:11.251+0000][706.891s][info][gc             ] GC(1331) Pause Young (Allocation Failure) 255M->178M(278M) 4.476ms
[2025-12-25T04:34:11.251+0000][706.891s][info][gc,cpu         ] GC(1331) User=0.00s Sys=0.00s Real=0.00s
[2025-12-25T04:34:11.287+0000][706.927s][info][gc,start       ] GC(1332) Pause Young (Allocation Failure)
[2025-12-25T04:34:11.289+0000][706.929s][info][gc,heap        ] GC(1332) DefNew: 80189K(88512K)->1467K(88512K) Eden: 78720K(78720K)->0K(78720K) From: 1469K(9792K)->1467K(9792K)
[2025-12-25T04:34:11.289+0000][706.929s][info][gc,heap        ] GC(1332) Tenured: 181386K(196608K)->181388K(196608K)
[2025-12-25T04:34:11.289+0000][706.929s][info][gc,metaspace   ] GC(1332) Metaspace: 97902K(99264K)->97902K(99264K) NonClass: 84867K(85440K)->84867K(85440K) Class: 13035K(13824K)->13035K(13824K)
[2025-12-25T04:34:11.289+0000][706.929s][info][gc             ] GC(1332) Pause Young (Allocation Failure) 255M->178M(278M) 2.297ms
[2025-12-25T04:34:11.289+0000][706.929s][info][gc,cpu         ] GC(1332) User=0.00s Sys=0.00s Real=0.00s
[2025-12-25T04:34:11.920+0000][707.560s][info][gc,start       ] GC(1333) Pause Young (Allocation Failure)
[2025-12-25T04:34:11.923+0000][707.563s][info][gc,heap        ] GC(1333) DefNew: 80187K(88512K)->1442K(88512K) Eden: 78720K(78720K)->0K(78720K) From: 1467K(9792K)->1442K(9792K)
[2025-12-25T04:34:11.923+0000][707.563s][info][gc,heap        ] GC(1333) Tenured: 181388K(196608K)->181398K(196608K)
[2025-12-25T04:34:11.923+0000][707.563s][info][gc,metaspace   ] GC(1333) Metaspace: 97902K(99264K)->97902K(99264K) NonClass: 84867K(85440K)->84867K(85440K) Class: 13035K(13824K)->13035K(13824K)
[2025-12-25T04:34:11.923+0000][707.563s][info][gc             ] GC(1333) Pause Young (Allocation Failure) 255M->178M(278M) 2.823ms
[2025-12-25T04:34:11.923+0000][707.563s][info][gc,cpu         ] GC(1333) User=0.01s Sys=0.00s Real=0.00s
[2025-12-25T04:34:13.057+0000][708.697s][info][gc,start       ] GC(1334) Pause Young (Allocation Failure)
[2025-12-25T04:34:13.061+0000][708.701s][info][gc,heap        ] GC(1334) DefNew: 80162K(88512K)->1428K(88512K) Eden: 78720K(78720K)->0K(78720K) From: 1442K(9792K)->1428K(9792K)
[2025-12-25T04:34:13.061+0000][708.701s][info][gc,heap        ] GC(1334) Tenured: 181398K(196608K)->181415K(196608K)
[2025-12-25T04:34:13.062+0000][708.701s][info][gc,metaspace   ] GC(1334) Metaspace: 97903K(99264K)->97903K(99264K) NonClass: 84867K(85440K)->84867K(85440K) Class: 13035K(13824K)->13035K(13824K)
[2025-12-25T04:34:13.062+0000][708.702s][info][gc             ] GC(1334) Pause Young (Allocation Failure) 255M->178M(278M) 4.441ms
[2025-12-25T04:34:13.062+0000][708.702s][info][gc,cpu         ] GC(1334) User=0.00s Sys=0.00s Real=0.00s
[2025-12-25T04:34:14.258+0000][709.898s][info][gc,start       ] GC(1335) Pause Young (Allocation Failure)
[2025-12-25T04:34:14.264+0000][709.904s][info][gc,heap        ] GC(1335) DefNew: 80148K(88512K)->1270K(88512K) Eden: 78720K(78720K)->0K(78720K) From: 1428K(9792K)->1270K(9792K)
[2025-12-25T04:34:14.264+0000][709.904s][info][gc,heap        ] GC(1335) Tenured: 181415K(196608K)->181574K(196608K)
[2025-12-25T04:34:14.264+0000][709.904s][info][gc,metaspace   ] GC(1335) Metaspace: 97903K(99264K)->97903K(99264K) NonClass: 84867K(85440K)->84867K(85440K) Class: 13035K(13824K)->13035K(13824K)
[2025-12-25T04:34:14.264+0000][709.904s][info][gc             ] GC(1335) Pause Young (Allocation Failure) 255M->178M(278M) 6.763ms
[2025-12-25T04:34:14.265+0000][709.905s][info][gc,cpu         ] GC(1335) User=0.01s Sys=0.00s Real=0.01s
[2025-12-25T04:34:15.482+0000][711.122s][info][gc,start       ] GC(1336) Pause Young (Allocation Failure)
[2025-12-25T04:34:15.493+0000][711.133s][info][gc,heap        ] GC(1336) DefNew: 79990K(88512K)->342K(88512K) Eden: 78720K(78720K)->0K(78720K) From: 1270K(9792K)->342K(9792K)
[2025-12-25T04:34:15.493+0000][711.133s][info][gc,heap        ] GC(1336) Tenured: 181574K(196608K)->182502K(196608K)
[2025-12-25T04:34:15.493+0000][711.133s][info][gc,metaspace   ] GC(1336) Metaspace: 97903K(99264K)->97903K(99264K) NonClass: 84867K(85440K)->84867K(85440K) Class: 13035K(13824K)->13035K(13824K)
[2025-12-25T04:34:15.493+0000][711.133s][info][gc             ] GC(1336) Pause Young (Allocation Failure) 255M->178M(278M) 11.531ms
[2025-12-25T04:34:15.494+0000][711.134s][info][gc,cpu         ] GC(1336) User=0.01s Sys=0.01s Real=0.01s
[2025-12-25T04:34:16.707+0000][712.346s][info][gc,start       ] GC(1337) Pause Young (Allocation Failure)
[2025-12-25T04:34:16.709+0000][712.349s][info][gc,heap        ] GC(1337) DefNew: 79062K(88512K)->342K(88512K) Eden: 78720K(78720K)->0K(78720K) From: 342K(9792K)->342K(9792K)
[2025-12-25T04:34:16.709+0000][712.349s][info][gc,heap        ] GC(1337) Tenured: 182502K(196608K)->182503K(196608K)
[2025-12-25T04:34:16.709+0000][712.349s][info][gc,metaspace   ] GC(1337) Metaspace: 97903K(99264K)->97903K(99264K) NonClass: 84867K(85440K)->84867K(85440K) Class: 13035K(13824K)->13035K(13824K)
[2025-12-25T04:34:16.709+0000][712.349s][info][gc             ] GC(1337) Pause Young (Allocation Failure) 255M->178M(278M) 2.861ms
[2025-12-25T04:34:16.710+0000][712.349s][info][gc,cpu         ] GC(1337) User=0.01s Sys=0.00s Real=0.00s
[2025-12-25T04:34:17.816+0000][713.456s][info][gc,start       ] GC(1338) Pause Young (Allocation Failure)
[2025-12-25T04:34:17.819+0000][713.459s][info][gc,heap        ] GC(1338) DefNew: 79062K(88512K)->346K(88512K) Eden: 78720K(78720K)->0K(78720K) From: 342K(9792K)->346K(9792K)
[2025-12-25T04:34:17.819+0000][713.459s][info][gc,heap        ] GC(1338) Tenured: 182503K(196608K)->182504K(196608K)
[2025-12-25T04:34:17.819+0000][713.459s][info][gc,metaspace   ] GC(1338) Metaspace: 97912K(99264K)->97912K(99264K) NonClass: 84876K(85440K)->84876K(85440K) Class: 13035K(13824K)->13035K(13824K)
[2025-12-25T04:34:17.819+0000][713.459s][info][gc             ] GC(1338) Pause Young (Allocation Failure) 255M->178M(278M) 2.827ms
[2025-12-25T04:34:17.819+0000][713.459s][info][gc,cpu         ] GC(1338) User=0.01s Sys=0.00s Real=0.00s
[2025-12-25T04:34:18.992+0000][714.632s][info][gc,start       ] GC(1339) Pause Young (Allocation Failure)
[2025-12-25T04:34:18.994+0000][714.634s][info][gc,heap        ] GC(1339) DefNew: 79066K(88512K)->342K(88512K) Eden: 78720K(78720K)->0K(78720K) From: 346K(9792K)->342K(9792K)
[2025-12-25T04:34:18.994+0000][714.634s][info][gc,heap        ] GC(1339) Tenured: 182504K(196608K)->182504K(196608K)
[2025-12-25T04:34:18.994+0000][714.634s][info][gc,metaspace   ] GC(1339) Metaspace: 97912K(99264K)->97912K(99264K) NonClass: 84876K(85440K)->84876K(85440K) Class: 13035K(13824K)->13035K(13824K)
[2025-12-25T04:34:18.994+0000][714.634s][info][gc             ] GC(1339) Pause Young (Allocation Failure) 255M->178M(278M) 2.401ms
[2025-12-25T04:34:18.994+0000][714.634s][info][gc,cpu         ] GC(1339) User=0.00s Sys=0.00s Real=0.00s
[2025-12-25T04:34:20.209+0000][715.849s][info][gc,start       ] GC(1340) Pause Young (Allocation Failure)
[2025-12-25T04:34:20.212+0000][715.852s][info][gc,heap        ] GC(1340) DefNew: 79062K(88512K)->60K(88512K) Eden: 78720K(78720K)->0K(78720K) From: 342K(9792K)->60K(9792K)
[2025-12-25T04:34:20.213+0000][715.853s][info][gc,heap        ] GC(1340) Tenured: 182504K(196608K)->182786K(196608K)
[2025-12-25T04:34:20.213+0000][715.853s][info][gc,metaspace   ] GC(1340) Metaspace: 97912K(99264K)->97912K(99264K) NonClass: 84876K(85440K)->84876K(85440K) Class: 13035K(13824K)->13035K(13824K)
[2025-12-25T04:34:20.213+0000][715.853s][info][gc             ] GC(1340) Pause Young (Allocation Failure) 255M->178M(278M) 3.786ms
[2025-12-25T04:34:20.213+0000][715.853s][info][gc,cpu         ] GC(1340) User=0.00s Sys=0.00s Real=0.00s
[2025-12-25T04:34:21.500+0000][717.140s][info][gc,start       ] GC(1341) Pause Young (Allocation Failure)
[2025-12-25T04:34:21.508+0000][717.148s][info][gc,heap        ] GC(1341) DefNew: 78780K(88512K)->57K(88512K) Eden: 78720K(78720K)->0K(78720K) From: 60K(9792K)->57K(9792K)
[2025-12-25T04:34:21.508+0000][717.148s][info][gc,heap        ] GC(1341) Tenured: 182786K(196608K)->182787K(196608K)
[2025-12-25T04:34:21.508+0000][717.148s][info][gc,metaspace   ] GC(1341) Metaspace: 97912K(99264K)->97912K(99264K) NonClass: 84876K(85440K)->84876K(85440K) Class: 13035K(13824K)->13035K(13824K)
[2025-12-25T04:34:21.508+0000][717.148s][info][gc             ] GC(1341) Pause Young (Allocation Failure) 255M->178M(278M) 7.478ms
[2025-12-25T04:34:21.508+0000][717.148s][info][gc,cpu         ] GC(1341) User=0.01s Sys=0.00s Real=0.01s
[2025-12-25T04:34:22.602+0000][718.242s][info][gc,start       ] GC(1342) Pause Young (Allocation Failure)
[2025-12-25T04:34:22.604+0000][718.244s][info][gc,heap        ] GC(1342) DefNew: 78777K(88512K)->61K(88512K) Eden: 78720K(78720K)->0K(78720K) From: 57K(9792K)->61K(9792K)
[2025-12-25T04:34:22.605+0000][718.245s][info][gc,heap        ] GC(1342) Tenured: 182787K(196608K)->182788K(196608K)
[2025-12-25T04:34:22.605+0000][718.245s][info][gc,metaspace   ] GC(1342) Metaspace: 97915K(99264K)->97915K(99264K) NonClass: 84879K(85440K)->84879K(85440K) Class: 13035K(13824K)->13035K(13824K)
[2025-12-25T04:34:22.605+0000][718.245s][info][gc             ] GC(1342) Pause Young (Allocation Failure) 255M->178M(278M) 2.888ms
[2025-12-25T04:34:22.605+0000][718.245s][info][gc,cpu         ] GC(1342) User=0.01s Sys=0.00s Real=0.01s
[2025-12-25T04:34:23.813+0000][719.453s][info][gc,start       ] GC(1343) Pause Young (Allocation Failure)
[2025-12-25T04:34:23.815+0000][719.455s][info][gc,heap        ] GC(1343) DefNew: 78781K(88512K)->62K(88512K) Eden: 78720K(78720K)->0K(78720K) From: 61K(9792K)->62K(9792K)
[2025-12-25T04:34:23.816+0000][719.456s][info][gc,heap        ] GC(1343) Tenured: 182788K(196608K)->182789K(196608K)
[2025-12-25T04:34:23.816+0000][719.456s][info][gc,metaspace   ] GC(1343) Metaspace: 97915K(99264K)->97915K(99264K) NonClass: 84879K(85440K)->84879K(85440K) Class: 13035K(13824K)->13035K(13824K)
[2025-12-25T04:34:23.816+0000][719.456s][info][gc             ] GC(1343) Pause Young (Allocation Failure) 255M->178M(278M) 2.500ms
[2025-12-25T04:34:23.816+0000][719.456s][info][gc,cpu         ] GC(1343) User=0.00s Sys=0.00s Real=0.01s
[2025-12-25T04:34:24.976+0000][720.615s][info][gc,start       ] GC(1344) Pause Young (Allocation Failure)
[2025-12-25T04:34:24.979+0000][720.619s][info][gc,heap        ] GC(1344) DefNew: 78782K(88512K)->710K(88512K) Eden: 78720K(78720K)->0K(78720K) From: 62K(9792K)->710K(9792K)
[2025-12-25T04:34:24.979+0000][720.619s][info][gc,heap        ] GC(1344) Tenured: 182789K(196608K)->182789K(196608K)
[2025-12-25T04:34:24.979+0000][720.619s][info][gc,metaspace   ] GC(1344) Metaspace: 97915K(99264K)->97915K(99264K) NonClass: 84879K(85440K)->84879K(85440K) Class: 13035K(13824K)->13035K(13824K)
[2025-12-25T04:34:24.980+0000][720.620s][info][gc             ] GC(1344) Pause Young (Allocation Failure) 255M->179M(278M) 4.074ms
[2025-12-25T04:34:24.980+0000][720.620s][info][gc,cpu         ] GC(1344) User=0.00s Sys=0.00s Real=0.00s
[2025-12-25T04:34:26.181+0000][721.821s][info][gc,start       ] GC(1345) Pause Young (Allocation Failure)
[2025-12-25T04:34:26.184+0000][721.824s][info][gc,heap        ] GC(1345) DefNew: 79430K(88512K)->711K(88512K) Eden: 78720K(78720K)->0K(78720K) From: 710K(9792K)->711K(9792K)
[2025-12-25T04:34:26.184+0000][721.824s][info][gc,heap        ] GC(1345) Tenured: 182789K(196608K)->182790K(196608K)
[2025-12-25T04:34:26.184+0000][721.824s][info][gc,metaspace   ] GC(1345) Metaspace: 97915K(99264K)->97915K(99264K) NonClass: 84879K(85440K)->84879K(85440K) Class: 13035K(13824K)->13035K(13824K)
[2025-12-25T04:34:26.184+0000][721.824s][info][gc             ] GC(1345) Pause Young (Allocation Failure) 256M->179M(278M) 2.957ms
[2025-12-25T04:34:26.184+0000][721.824s][info][gc,cpu         ] GC(1345) User=0.01s Sys=0.00s Real=0.00s
[2025-12-25T04:34:26.261+0000][721.901s][info][gc,start       ] GC(1346) Pause Young (Allocation Failure)
[2025-12-25T04:34:26.263+0000][721.903s][info][gc,heap        ] GC(1346) DefNew: 79431K(88512K)->732K(88512K) Eden: 78720K(78720K)->0K(78720K) From: 711K(9792K)->732K(9792K)
[2025-12-25T04:34:26.263+0000][721.903s][info][gc,heap        ] GC(1346) Tenured: 182790K(196608K)->182798K(196608K)
[2025-12-25T04:34:26.263+0000][721.903s][info][gc,metaspace   ] GC(1346) Metaspace: 97920K(99264K)->97920K(99264K) NonClass: 84884K(85440K)->84884K(85440K) Class: 13035K(13824K)->13035K(13824K)
[2025-12-25T04:34:26.264+0000][721.904s][info][gc             ] GC(1346) Pause Young (Allocation Failure) 256M->179M(278M) 3.004ms
[2025-12-25T04:34:26.264+0000][721.904s][info][gc,cpu         ] GC(1346) User=0.01s Sys=0.00s Real=0.00s
[2025-12-25T04:34:26.837+0000][722.477s][info][gc,start       ] GC(1347) Pause Young (Allocation Failure)
[2025-12-25T04:34:26.841+0000][722.481s][info][gc,heap        ] GC(1347) DefNew: 79452K(88512K)->715K(88512K) Eden: 78720K(78720K)->0K(78720K) From: 732K(9792K)->715K(9792K)
[2025-12-25T04:34:26.841+0000][722.481s][info][gc,heap        ] GC(1347) Tenured: 182798K(196608K)->182798K(196608K)
[2025-12-25T04:34:26.842+0000][722.482s][info][gc,metaspace   ] GC(1347) Metaspace: 97926K(99264K)->97926K(99264K) NonClass: 84890K(85440K)->84890K(85440K) Class: 13035K(13824K)->13035K(13824K)
[2025-12-25T04:34:26.842+0000][722.482s][info][gc             ] GC(1347) Pause Young (Allocation Failure) 256M->179M(278M) 4.304ms
[2025-12-25T04:34:26.842+0000][722.482s][info][gc,cpu         ] GC(1347) User=0.00s Sys=0.00s Real=0.00s
[2025-12-25T04:34:27.902+0000][723.542s][info][gc,start       ] GC(1348) Pause Young (Allocation Failure)
[2025-12-25T04:34:27.908+0000][723.548s][info][gc,heap        ] GC(1348) DefNew: 79435K(88512K)->703K(88512K) Eden: 78720K(78720K)->0K(78720K) From: 715K(9792K)->703K(9792K)
[2025-12-25T04:34:27.908+0000][723.548s][info][gc,heap        ] GC(1348) Tenured: 182798K(196608K)->182803K(196608K)
[2025-12-25T04:34:27.908+0000][723.548s][info][gc,metaspace   ] GC(1348) Metaspace: 97926K(99264K)->97926K(99264K) NonClass: 84890K(85440K)->84890K(85440K) Class: 13035K(13824K)->13035K(13824K)
[2025-12-25T04:34:27.908+0000][723.548s][info][gc             ] GC(1348) Pause Young (Allocation Failure) 256M->179M(278M) 5.802ms
[2025-12-25T04:34:27.908+0000][723.548s][info][gc,cpu         ] GC(1348) User=0.00s Sys=0.00s Real=0.01s
[2025-12-25T04:34:29.108+0000][724.748s][info][gc,start       ] GC(1349) Pause Young (Allocation Failure)
[2025-12-25T04:34:29.116+0000][724.756s][info][gc,heap        ] GC(1349) DefNew: 79423K(88512K)->698K(88512K) Eden: 78720K(78720K)->0K(78720K) From: 703K(9792K)->698K(9792K)
[2025-12-25T04:34:29.116+0000][724.756s][info][gc,heap        ] GC(1349) Tenured: 182803K(196608K)->182804K(196608K)
[2025-12-25T04:34:29.116+0000][724.756s][info][gc,metaspace   ] GC(1349) Metaspace: 97926K(99264K)->97926K(99264K) NonClass: 84890K(85440K)->84890K(85440K) Class: 13035K(13824K)->13035K(13824K)
[2025-12-25T04:34:29.117+0000][724.757s][info][gc             ] GC(1349) Pause Young (Allocation Failure) 256M->179M(278M) 8.256ms
[2025-12-25T04:34:29.117+0000][724.757s][info][gc,cpu         ] GC(1349) User=0.01s Sys=0.00s Real=0.01s
[2025-12-25T04:34:30.514+0000][726.154s][info][gc,start       ] GC(1350) Pause Young (Allocation Failure)
[2025-12-25T04:34:30.518+0000][726.158s][info][gc,heap        ] GC(1350) DefNew: 79418K(88512K)->698K(88512K) Eden: 78720K(78720K)->0K(78720K) From: 698K(9792K)->698K(9792K)
[2025-12-25T04:34:30.518+0000][726.158s][info][gc,heap        ] GC(1350) Tenured: 182804K(196608K)->182805K(196608K)
[2025-12-25T04:34:30.518+0000][726.158s][info][gc,metaspace   ] GC(1350) Metaspace: 97926K(99264K)->97926K(99264K) NonClass: 84890K(85440K)->84890K(85440K) Class: 13035K(13824K)->13035K(13824K)
[2025-12-25T04:34:30.518+0000][726.158s][info][gc             ] GC(1350) Pause Young (Allocation Failure) 256M->179M(278M) 4.168ms
[2025-12-25T04:34:30.518+0000][726.158s][info][gc,cpu         ] GC(1350) User=0.00s Sys=0.00s Real=0.01s
[2025-12-25T04:34:31.720+0000][727.360s][info][gc,start       ] GC(1351) Pause Young (Allocation Failure)
[2025-12-25T04:34:31.723+0000][727.363s][info][gc,heap        ] GC(1351) DefNew: 79418K(88512K)->698K(88512K) Eden: 78720K(78720K)->0K(78720K) From: 698K(9792K)->698K(9792K)
[2025-12-25T04:34:31.723+0000][727.363s][info][gc,heap        ] GC(1351) Tenured: 182805K(196608K)->182806K(196608K)
[2025-12-25T04:34:31.723+0000][727.363s][info][gc,metaspace   ] GC(1351) Metaspace: 97926K(99264K)->97926K(99264K) NonClass: 84890K(85440K)->84890K(85440K) Class: 13035K(13824K)->13035K(13824K)
[2025-12-25T04:34:31.723+0000][727.363s][info][gc             ] GC(1351) Pause Young (Allocation Failure) 256M->179M(278M) 2.548ms
[2025-12-25T04:34:31.723+0000][727.363s][info][gc,cpu         ] GC(1351) User=0.00s Sys=0.00s Real=0.00s
[2025-12-25T04:34:32.861+0000][728.501s][info][gc,start       ] GC(1352) Pause Young (Allocation Failure)
[2025-12-25T04:34:32.868+0000][728.508s][info][gc,heap        ] GC(1352) DefNew: 79418K(88512K)->700K(88512K) Eden: 78720K(78720K)->0K(78720K) From: 698K(9792K)->700K(9792K)
[2025-12-25T04:34:32.869+0000][728.509s][info][gc,heap        ] GC(1352) Tenured: 182806K(196608K)->182806K(196608K)
[2025-12-25T04:34:32.869+0000][728.509s][info][gc,metaspace   ] GC(1352) Metaspace: 97926K(99264K)->97926K(99264K) NonClass: 84890K(85440K)->84890K(85440K) Class: 13035K(13824K)->13035K(13824K)
[2025-12-25T04:34:32.869+0000][728.509s][info][gc             ] GC(1352) Pause Young (Allocation Failure) 256M->179M(278M) 7.986ms
[2025-12-25T04:34:32.869+0000][728.509s][info][gc,cpu         ] GC(1352) User=0.01s Sys=0.00s Real=0.01s
[2025-12-25T04:34:34.119+0000][729.759s][info][gc,start       ] GC(1353) Pause Young (Allocation Failure)
[2025-12-25T04:34:34.124+0000][729.764s][info][gc,heap        ] GC(1353) DefNew: 79420K(88512K)->700K(88512K) Eden: 78720K(78720K)->0K(78720K) From: 700K(9792K)->700K(9792K)
[2025-12-25T04:34:34.127+0000][729.767s][info][gc,heap        ] GC(1353) Tenured: 182806K(196608K)->182808K(196608K)
[2025-12-25T04:34:34.128+0000][729.768s][info][gc,metaspace   ] GC(1353) Metaspace: 97926K(99264K)->97926K(99264K) NonClass: 84890K(85440K)->84890K(85440K) Class: 13035K(13824K)->13035K(13824K)
[2025-12-25T04:34:34.128+0000][729.768s][info][gc             ] GC(1353) Pause Young (Allocation Failure) 256M->179M(278M) 9.417ms
[2025-12-25T04:34:34.128+0000][729.768s][info][gc,cpu         ] GC(1353) User=0.01s Sys=0.00s Real=0.01s
[2025-12-25T04:34:35.798+0000][731.438s][info][gc,start       ] GC(1354) Pause Young (Allocation Failure)
[2025-12-25T04:34:35.824+0000][731.464s][info][gc,heap        ] GC(1354) DefNew: 79420K(88512K)->700K(88512K) Eden: 78720K(78720K)->0K(78720K) From: 700K(9792K)->700K(9792K)
[2025-12-25T04:34:35.824+0000][731.464s][info][gc,heap        ] GC(1354) Tenured: 182808K(196608K)->182809K(196608K)
[2025-12-25T04:34:35.825+0000][731.465s][info][gc,metaspace   ] GC(1354) Metaspace: 97926K(99264K)->97926K(99264K) NonClass: 84890K(85440K)->84890K(85440K) Class: 13035K(13824K)->13035K(13824K)
[2025-12-25T04:34:35.825+0000][731.465s][info][gc             ] GC(1354) Pause Young (Allocation Failure) 256M->179M(278M) 26.403ms
[2025-12-25T04:34:35.825+0000][731.465s][info][gc,cpu         ] GC(1354) User=0.02s Sys=0.00s Real=0.03s
[2025-12-25T04:34:37.241+0000][732.881s][info][gc,start       ] GC(1355) Pause Young (Allocation Failure)
[2025-12-25T04:34:37.244+0000][732.884s][info][gc,heap        ] GC(1355) DefNew: 79420K(88512K)->707K(88512K) Eden: 78720K(78720K)->0K(78720K) From: 700K(9792K)->707K(9792K)
[2025-12-25T04:34:37.244+0000][732.884s][info][gc,heap        ] GC(1355) Tenured: 182809K(196608K)->182810K(196608K)
[2025-12-25T04:34:37.244+0000][732.884s][info][gc,metaspace   ] GC(1355) Metaspace: 97926K(99264K)->97926K(99264K) NonClass: 84890K(85440K)->84890K(85440K) Class: 13035K(13824K)->13035K(13824K)
[2025-12-25T04:34:37.244+0000][732.884s][info][gc             ] GC(1355) Pause Young (Allocation Failure) 256M->179M(278M) 3.091ms
[2025-12-25T04:34:37.244+0000][732.884s][info][gc,cpu         ] GC(1355) User=0.00s Sys=0.00s Real=0.01s
[2025-12-25T04:34:38.632+0000][734.272s][info][gc,start       ] GC(1356) Pause Young (Allocation Failure)
[2025-12-25T04:34:38.635+0000][734.275s][info][gc,heap        ] GC(1356) DefNew: 79427K(88512K)->704K(88512K) Eden: 78720K(78720K)->0K(78720K) From: 707K(9792K)->704K(9792K)
[2025-12-25T04:34:38.635+0000][734.275s][info][gc,heap        ] GC(1356) Tenured: 182810K(196608K)->182811K(196608K)
[2025-12-25T04:34:38.636+0000][734.276s][info][gc,metaspace   ] GC(1356) Metaspace: 97926K(99264K)->97926K(99264K) NonClass: 84890K(85440K)->84890K(85440K) Class: 13035K(13824K)->13035K(13824K)
[2025-12-25T04:34:38.636+0000][734.276s][info][gc             ] GC(1356) Pause Young (Allocation Failure) 256M->179M(278M) 3.278ms
[2025-12-25T04:34:38.636+0000][734.276s][info][gc,cpu         ] GC(1356) User=0.00s Sys=0.00s Real=0.01s
[2025-12-25T04:34:39.973+0000][735.613s][info][gc,start       ] GC(1357) Pause Young (Allocation Failure)
[2025-12-25T04:34:39.981+0000][735.621s][info][gc,heap        ] GC(1357) DefNew: 79424K(88512K)->700K(88512K) Eden: 78720K(78720K)->0K(78720K) From: 704K(9792K)->700K(9792K)
[2025-12-25T04:34:39.981+0000][735.621s][info][gc,heap        ] GC(1357) Tenured: 182811K(196608K)->182811K(196608K)
[2025-12-25T04:34:39.981+0000][735.621s][info][gc,metaspace   ] GC(1357) Metaspace: 97926K(99264K)->97926K(99264K) NonClass: 84890K(85440K)->84890K(85440K) Class: 13035K(13824K)->13035K(13824K)
[2025-12-25T04:34:39.981+0000][735.621s][info][gc             ] GC(1357) Pause Young (Allocation Failure) 256M->179M(278M) 8.157ms
[2025-12-25T04:34:39.981+0000][735.621s][info][gc,cpu         ] GC(1357) User=0.01s Sys=0.00s Real=0.01s
[2025-12-25T04:34:41.182+0000][736.822s][info][gc,start       ] GC(1358) Pause Young (Allocation Failure)
[2025-12-25T04:34:41.185+0000][736.825s][info][gc,heap        ] GC(1358) DefNew: 79420K(88512K)->699K(88512K) Eden: 78720K(78720K)->0K(78720K) From: 700K(9792K)->699K(9792K)
[2025-12-25T04:34:41.185+0000][736.825s][info][gc,heap        ] GC(1358) Tenured: 182811K(196608K)->182812K(196608K)
[2025-12-25T04:34:41.185+0000][736.825s][info][gc,metaspace   ] GC(1358) Metaspace: 97926K(99264K)->97926K(99264K) NonClass: 84890K(85440K)->84890K(85440K) Class: 13035K(13824K)->13035K(13824K)
[2025-12-25T04:34:41.185+0000][736.825s][info][gc             ] GC(1358) Pause Young (Allocation Failure) 256M->179M(278M) 2.619ms
[2025-12-25T04:34:41.185+0000][736.825s][info][gc,cpu         ] GC(1358) User=0.01s Sys=0.00s Real=0.01s
[2025-12-25T04:34:41.266+0000][736.906s][info][gc,start       ] GC(1359) Pause Young (Allocation Failure)
[2025-12-25T04:34:41.270+0000][736.910s][info][gc,heap        ] GC(1359) DefNew: 79419K(88512K)->78K(88512K) Eden: 78720K(78720K)->0K(78720K) From: 699K(9792K)->78K(9792K)
[2025-12-25T04:34:41.270+0000][736.910s][info][gc,heap        ] GC(1359) Tenured: 182812K(196608K)->183462K(196608K)
[2025-12-25T04:34:41.270+0000][736.910s][info][gc,metaspace   ] GC(1359) Metaspace: 97926K(99264K)->97926K(99264K) NonClass: 84891K(85440K)->84891K(85440K) Class: 13035K(13824K)->13035K(13824K)
[2025-12-25T04:34:41.270+0000][736.910s][info][gc             ] GC(1359) Pause Young (Allocation Failure) 256M->179M(278M) 3.795ms
[2025-12-25T04:34:41.270+0000][736.910s][info][gc,cpu         ] GC(1359) User=0.00s Sys=0.00s Real=0.00s
[2025-12-25T04:34:41.780+0000][737.420s][info][gc,start       ] GC(1360) Pause Young (Allocation Failure)
[2025-12-25T04:34:41.784+0000][737.424s][info][gc,heap        ] GC(1360) DefNew: 78798K(88512K)->61K(88512K) Eden: 78720K(78720K)->0K(78720K) From: 78K(9792K)->61K(9792K)
[2025-12-25T04:34:41.784+0000][737.424s][info][gc,heap        ] GC(1360) Tenured: 183462K(196608K)->183463K(196608K)
[2025-12-25T04:34:41.784+0000][737.424s][info][gc,metaspace   ] GC(1360) Metaspace: 97926K(99264K)->97926K(99264K) NonClass: 84891K(85440K)->84891K(85440K) Class: 13035K(13824K)->13035K(13824K)
[2025-12-25T04:34:41.784+0000][737.424s][info][gc             ] GC(1360) Pause Young (Allocation Failure) 256M->179M(278M) 4.055ms
[2025-12-25T04:34:41.784+0000][737.424s][info][gc,cpu         ] GC(1360) User=0.00s Sys=0.00s Real=0.00s
[2025-12-25T04:34:42.983+0000][738.623s][info][gc,start       ] GC(1361) Pause Young (Allocation Failure)
[2025-12-25T04:34:42.986+0000][738.626s][info][gc,heap        ] GC(1361) DefNew: 78781K(88512K)->53K(88512K) Eden: 78720K(78720K)->0K(78720K) From: 61K(9792K)->53K(9792K)
[2025-12-25T04:34:42.986+0000][738.626s][info][gc,heap        ] GC(1361) Tenured: 183463K(196608K)->183463K(196608K)
[2025-12-25T04:34:42.986+0000][738.626s][info][gc,metaspace   ] GC(1361) Metaspace: 97926K(99264K)->97926K(99264K) NonClass: 84891K(85440K)->84891K(85440K) Class: 13035K(13824K)->13035K(13824K)
[2025-12-25T04:34:42.986+0000][738.626s][info][gc             ] GC(1361) Pause Young (Allocation Failure) 256M->179M(278M) 3.054ms
[2025-12-25T04:34:42.987+0000][738.627s][info][gc,cpu         ] GC(1361) User=0.00s Sys=0.01s Real=0.01s
[2025-12-25T04:34:44.265+0000][739.905s][info][gc,start       ] GC(1362) Pause Young (Allocation Failure)
[2025-12-25T04:34:44.271+0000][739.911s][info][gc,heap        ] GC(1362) DefNew: 78773K(88512K)->52K(88512K) Eden: 78720K(78720K)->0K(78720K) From: 53K(9792K)->52K(9792K)
[2025-12-25T04:34:44.271+0000][739.911s][info][gc,heap        ] GC(1362) Tenured: 183463K(196608K)->183464K(196608K)
[2025-12-25T04:34:44.271+0000][739.911s][info][gc,metaspace   ] GC(1362) Metaspace: 97926K(99264K)->97926K(99264K) NonClass: 84891K(85440K)->84891K(85440K) Class: 13035K(13824K)->13035K(13824K)
[2025-12-25T04:34:44.271+0000][739.911s][info][gc             ] GC(1362) Pause Young (Allocation Failure) 256M->179M(278M) 6.873ms
[2025-12-25T04:34:44.272+0000][739.912s][info][gc,cpu         ] GC(1362) User=0.01s Sys=0.00s Real=0.00s
[2025-12-25T04:34:45.625+0000][741.265s][info][gc,start       ] GC(1363) Pause Young (Allocation Failure)
[2025-12-25T04:34:45.638+0000][741.278s][info][gc,heap        ] GC(1363) DefNew: 78772K(88512K)->51K(88512K) Eden: 78720K(78720K)->0K(78720K) From: 52K(9792K)->51K(9792K)
[2025-12-25T04:34:45.638+0000][741.278s][info][gc,heap        ] GC(1363) Tenured: 183464K(196608K)->183465K(196608K)
[2025-12-25T04:34:45.638+0000][741.278s][info][gc,metaspace   ] GC(1363) Metaspace: 97926K(99264K)->97926K(99264K) NonClass: 84891K(85440K)->84891K(85440K) Class: 13035K(13824K)->13035K(13824K)
[2025-12-25T04:34:45.638+0000][741.278s][info][gc             ] GC(1363) Pause Young (Allocation Failure) 256M->179M(278M) 13.600ms
[2025-12-25T04:34:45.638+0000][741.278s][info][gc,cpu         ] GC(1363) User=0.01s Sys=0.00s Real=0.01s
[2025-12-25T04:34:46.849+0000][742.489s][info][gc,start       ] GC(1364) Pause Young (Allocation Failure)
[2025-12-25T04:34:46.851+0000][742.491s][info][gc,heap        ] GC(1364) DefNew: 78771K(88512K)->52K(88512K) Eden: 78720K(78720K)->0K(78720K) From: 51K(9792K)->52K(9792K)
[2025-12-25T04:34:46.851+0000][742.491s][info][gc,heap        ] GC(1364) Tenured: 183465K(196608K)->183466K(196608K)
[2025-12-25T04:34:46.851+0000][742.491s][info][gc,metaspace   ] GC(1364) Metaspace: 97926K(99264K)->97926K(99264K) NonClass: 84891K(85440K)->84891K(85440K) Class: 13035K(13824K)->13035K(13824K)
[2025-12-25T04:34:46.851+0000][742.491s][info][gc             ] GC(1364) Pause Young (Allocation Failure) 256M->179M(278M) 2.321ms
[2025-12-25T04:34:46.851+0000][742.491s][info][gc,cpu         ] GC(1364) User=0.01s Sys=0.00s Real=0.00s
[2025-12-25T04:34:47.962+0000][743.602s][info][gc,start       ] GC(1365) Pause Young (Allocation Failure)
[2025-12-25T04:34:47.965+0000][743.605s][info][gc,heap        ] GC(1365) DefNew: 78772K(88512K)->57K(88512K) Eden: 78720K(78720K)->0K(78720K) From: 52K(9792K)->57K(9792K)
[2025-12-25T04:34:47.965+0000][743.605s][info][gc,heap        ] GC(1365) Tenured: 183466K(196608K)->183467K(196608K)
[2025-12-25T04:34:47.965+0000][743.605s][info][gc,metaspace   ] GC(1365) Metaspace: 97927K(99264K)->97927K(99264K) NonClass: 84891K(85440K)->84891K(85440K) Class: 13035K(13824K)->13035K(13824K)
[2025-12-25T04:34:47.965+0000][743.605s][info][gc             ] GC(1365) Pause Young (Allocation Failure) 256M->179M(278M) 3.163ms
[2025-12-25T04:34:47.965+0000][743.605s][info][gc,cpu         ] GC(1365) User=0.00s Sys=0.00s Real=0.01s
[2025-12-25T04:34:49.164+0000][744.804s][info][gc,start       ] GC(1366) Pause Young (Allocation Failure)
[2025-12-25T04:34:49.167+0000][744.807s][info][gc,heap        ] GC(1366) DefNew: 78777K(88512K)->49K(88512K) Eden: 78720K(78720K)->0K(78720K) From: 57K(9792K)->49K(9792K)
[2025-12-25T04:34:49.169+0000][744.809s][info][gc,heap        ] GC(1366) Tenured: 183467K(196608K)->183468K(196608K)
[2025-12-25T04:34:49.170+0000][744.810s][info][gc,metaspace   ] GC(1366) Metaspace: 97927K(99264K)->97927K(99264K) NonClass: 84891K(85440K)->84891K(85440K) Class: 13035K(13824K)->13035K(13824K)
[2025-12-25T04:34:49.170+0000][744.810s][info][gc             ] GC(1366) Pause Young (Allocation Failure) 256M->179M(278M) 6.477ms
[2025-12-25T04:34:49.170+0000][744.810s][info][gc,cpu         ] GC(1366) User=0.01s Sys=0.00s Real=0.01s
[2025-12-25T04:34:50.350+0000][745.990s][info][gc,start       ] GC(1367) Pause Young (Allocation Failure)
[2025-12-25T04:34:50.352+0000][745.992s][info][gc,heap        ] GC(1367) DefNew: 78769K(88512K)->50K(88512K) Eden: 78720K(78720K)->0K(78720K) From: 49K(9792K)->50K(9792K)
[2025-12-25T04:34:50.352+0000][745.992s][info][gc,heap        ] GC(1367) Tenured: 183468K(196608K)->183468K(196608K)
[2025-12-25T04:34:50.352+0000][745.992s][info][gc,metaspace   ] GC(1367) Metaspace: 97927K(99264K)->97927K(99264K) NonClass: 84891K(85440K)->84891K(85440K) Class: 13035K(13824K)->13035K(13824K)
[2025-12-25T04:34:50.352+0000][745.992s][info][gc             ] GC(1367) Pause Young (Allocation Failure) 256M->179M(278M) 2.227ms
[2025-12-25T04:34:50.352+0000][745.992s][info][gc,cpu         ] GC(1367) User=0.00s Sys=0.00s Real=0.00s
[2025-12-25T04:34:51.534+0000][747.174s][info][gc,start       ] GC(1368) Pause Young (Allocation Failure)
[2025-12-25T04:34:51.540+0000][747.180s][info][gc,heap        ] GC(1368) DefNew: 78770K(88512K)->50K(88512K) Eden: 78720K(78720K)->0K(78720K) From: 50K(9792K)->50K(9792K)
[2025-12-25T04:34:51.540+0000][747.180s][info][gc,heap        ] GC(1368) Tenured: 183468K(196608K)->183469K(196608K)
[2025-12-25T04:34:51.540+0000][747.180s][info][gc,metaspace   ] GC(1368) Metaspace: 97927K(99264K)->97927K(99264K) NonClass: 84891K(85440K)->84891K(85440K) Class: 13035K(13824K)->13035K(13824K)
[2025-12-25T04:34:51.541+0000][747.181s][info][gc             ] GC(1368) Pause Young (Allocation Failure) 256M->179M(278M) 6.422ms
[2025-12-25T04:34:51.541+0000][747.181s][info][gc,cpu         ] GC(1368) User=0.00s Sys=0.00s Real=0.01s
[2025-12-25T04:34:52.628+0000][748.268s][info][gc,start       ] GC(1369) Pause Young (Allocation Failure)
[2025-12-25T04:34:52.631+0000][748.271s][info][gc,heap        ] GC(1369) DefNew: 78770K(88512K)->50K(88512K) Eden: 78720K(78720K)->0K(78720K) From: 50K(9792K)->50K(9792K)
[2025-12-25T04:34:52.631+0000][748.271s][info][gc,heap        ] GC(1369) Tenured: 183469K(196608K)->183470K(196608K)
[2025-12-25T04:34:52.631+0000][748.271s][info][gc,metaspace   ] GC(1369) Metaspace: 97927K(99264K)->97927K(99264K) NonClass: 84891K(85440K)->84891K(85440K) Class: 13035K(13824K)->13035K(13824K)
[2025-12-25T04:34:52.631+0000][748.271s][info][gc             ] GC(1369) Pause Young (Allocation Failure) 256M->179M(278M) 3.478ms
[2025-12-25T04:34:52.631+0000][748.271s][info][gc,cpu         ] GC(1369) User=0.01s Sys=0.00s Real=0.00s
[2025-12-25T04:34:53.855+0000][749.495s][info][gc,start       ] GC(1370) Pause Young (Allocation Failure)
[2025-12-25T04:34:53.857+0000][749.497s][info][gc,heap        ] GC(1370) DefNew: 78770K(88512K)->49K(88512K) Eden: 78720K(78720K)->0K(78720K) From: 50K(9792K)->49K(9792K)
[2025-12-25T04:34:53.858+0000][749.498s][info][gc,heap        ] GC(1370) Tenured: 183470K(196608K)->183473K(196608K)
[2025-12-25T04:34:53.858+0000][749.498s][info][gc,metaspace   ] GC(1370) Metaspace: 97927K(99264K)->97927K(99264K) NonClass: 84891K(85440K)->84891K(85440K) Class: 13035K(13824K)->13035K(13824K)
[2025-12-25T04:34:53.858+0000][749.498s][info][gc             ] GC(1370) Pause Young (Allocation Failure) 256M->179M(278M) 2.459ms
[2025-12-25T04:34:53.858+0000][749.498s][info][gc,cpu         ] GC(1370) User=0.00s Sys=0.00s Real=0.00s
[2025-12-25T04:34:55.103+0000][750.743s][info][gc,start       ] GC(1371) Pause Young (Allocation Failure)
[2025-12-25T04:34:55.104+0000][750.744s][info][gc,heap        ] GC(1371) DefNew: 78769K(88512K)->49K(88512K) Eden: 78720K(78720K)->0K(78720K) From: 49K(9792K)->49K(9792K)
[2025-12-25T04:34:55.104+0000][750.744s][info][gc,heap        ] GC(1371) Tenured: 183473K(196608K)->183474K(196608K)
[2025-12-25T04:34:55.105+0000][750.745s][info][gc,metaspace   ] GC(1371) Metaspace: 97927K(99264K)->97927K(99264K) NonClass: 84891K(85440K)->84891K(85440K) Class: 13035K(13824K)->13035K(13824K)
[2025-12-25T04:34:55.105+0000][750.745s][info][gc             ] GC(1371) Pause Young (Allocation Failure) 256M->179M(278M) 2.021ms
[2025-12-25T04:34:55.105+0000][750.745s][info][gc,cpu         ] GC(1371) User=0.00s Sys=0.00s Real=0.01s
[2025-12-25T04:34:56.250+0000][751.890s][info][gc,start       ] GC(1372) Pause Young (Allocation Failure)
[2025-12-25T04:34:56.254+0000][751.894s][info][gc,heap        ] GC(1372) DefNew: 78769K(88512K)->77K(88512K) Eden: 78720K(78720K)->0K(78720K) From: 49K(9792K)->77K(9792K)
[2025-12-25T04:34:56.254+0000][751.894s][info][gc,heap        ] GC(1372) Tenured: 183474K(196608K)->183475K(196608K)
[2025-12-25T04:34:56.254+0000][751.894s][info][gc,metaspace   ] GC(1372) Metaspace: 97931K(99264K)->97931K(99264K) NonClass: 84896K(85440K)->84896K(85440K) Class: 13035K(13824K)->13035K(13824K)
[2025-12-25T04:34:56.254+0000][751.894s][info][gc             ] GC(1372) Pause Young (Allocation Failure) 256M->179M(278M) 3.966ms
[2025-12-25T04:34:56.254+0000][751.894s][info][gc,cpu         ] GC(1372) User=0.01s Sys=0.00s Real=0.00s
[2025-12-25T04:34:56.270+0000][751.910s][info][gc,start       ] GC(1373) Pause Young (Allocation Failure)
[2025-12-25T04:34:56.272+0000][751.912s][info][gc,heap        ] GC(1373) DefNew: 78797K(88512K)->77K(88512K) Eden: 78720K(78720K)->0K(78720K) From: 77K(9792K)->77K(9792K)
[2025-12-25T04:34:56.272+0000][751.912s][info][gc,heap        ] GC(1373) Tenured: 183475K(196608K)->183475K(196608K)
[2025-12-25T04:34:56.272+0000][751.912s][info][gc,metaspace   ] GC(1373) Metaspace: 97931K(99264K)->97931K(99264K) NonClass: 84896K(85440K)->84896K(85440K) Class: 13035K(13824K)->13035K(13824K)
[2025-12-25T04:34:56.272+0000][751.912s][info][gc             ] GC(1373) Pause Young (Allocation Failure) 256M->179M(278M) 2.479ms
[2025-12-25T04:34:56.272+0000][751.912s][info][gc,cpu         ] GC(1373) User=0.00s Sys=0.00s Real=0.00s
[2025-12-25T04:34:56.918+0000][752.558s][info][gc,start       ] GC(1374) Pause Young (Allocation Failure)
[2025-12-25T04:34:56.920+0000][752.560s][info][gc,heap        ] GC(1374) DefNew: 78797K(88512K)->60K(88512K) Eden: 78720K(78720K)->0K(78720K) From: 77K(9792K)->60K(9792K)
[2025-12-25T04:34:56.920+0000][752.560s][info][gc,heap        ] GC(1374) Tenured: 183475K(196608K)->183476K(196608K)
[2025-12-25T04:34:56.920+0000][752.560s][info][gc,metaspace   ] GC(1374) Metaspace: 97931K(99264K)->97931K(99264K) NonClass: 84896K(85440K)->84896K(85440K) Class: 13035K(13824K)->13035K(13824K)
[2025-12-25T04:34:56.920+0000][752.560s][info][gc             ] GC(1374) Pause Young (Allocation Failure) 256M->179M(278M) 2.229ms
[2025-12-25T04:34:56.920+0000][752.560s][info][gc,cpu         ] GC(1374) User=0.00s Sys=0.00s Real=0.00s
[2025-12-25T04:34:57.635+0000][753.275s][info][gc,start       ] GC(1375) Pause Young (Allocation Failure)
[2025-12-25T04:34:57.644+0000][753.284s][info][gc,heap        ] GC(1375) DefNew: 78780K(88512K)->1327K(88512K) Eden: 78720K(78720K)->0K(78720K) From: 60K(9792K)->1327K(9792K)
[2025-12-25T04:34:57.644+0000][753.284s][info][gc,heap        ] GC(1375) Tenured: 183476K(196608K)->183476K(196608K)
[2025-12-25T04:34:57.645+0000][753.285s][info][gc,metaspace   ] GC(1375) Metaspace: 97931K(99264K)->97931K(99264K) NonClass: 84896K(85440K)->84896K(85440K) Class: 13035K(13824K)->13035K(13824K)
[2025-12-25T04:34:57.645+0000][753.285s][info][gc             ] GC(1375) Pause Young (Allocation Failure) 256M->180M(278M) 9.477ms
[2025-12-25T04:34:57.645+0000][753.285s][info][gc,cpu         ] GC(1375) User=0.01s Sys=0.00s Real=0.01s
[2025-12-25T04:34:57.891+0000][753.531s][info][gc,start       ] GC(1376) Pause Young (Allocation Failure)
[2025-12-25T04:34:57.897+0000][753.537s][info][gc,heap        ] GC(1376) DefNew: 80047K(88512K)->1859K(88512K) Eden: 78720K(78720K)->0K(78720K) From: 1327K(9792K)->1859K(9792K)
[2025-12-25T04:34:57.897+0000][753.537s][info][gc,heap        ] GC(1376) Tenured: 183476K(196608K)->183477K(196608K)
[2025-12-25T04:34:57.897+0000][753.537s][info][gc,metaspace   ] GC(1376) Metaspace: 97931K(99264K)->97931K(99264K) NonClass: 84896K(85440K)->84896K(85440K) Class: 13035K(13824K)->13035K(13824K)
[2025-12-25T04:34:57.898+0000][753.538s][info][gc             ] GC(1376) Pause Young (Allocation Failure) 257M->180M(278M) 6.799ms
[2025-12-25T04:34:57.898+0000][753.538s][info][gc,cpu         ] GC(1376) User=0.00s Sys=0.00s Real=0.01s
[2025-12-25T04:34:58.229+0000][753.869s][info][gc,start       ] GC(1377) Pause Young (Allocation Failure)
[2025-12-25T04:34:58.236+0000][753.876s][info][gc,heap        ] GC(1377) DefNew: 80579K(88512K)->2036K(88512K) Eden: 78720K(78720K)->0K(78720K) From: 1859K(9792K)->2036K(9792K)
[2025-12-25T04:34:58.236+0000][753.876s][info][gc,heap        ] GC(1377) Tenured: 183477K(196608K)->183478K(196608K)
[2025-12-25T04:34:58.238+0000][753.878s][info][gc,metaspace   ] GC(1377) Metaspace: 97931K(99264K)->97931K(99264K) NonClass: 84896K(85440K)->84896K(85440K) Class: 13035K(13824K)->13035K(13824K)
[2025-12-25T04:34:58.238+0000][753.878s][info][gc             ] GC(1377) Pause Young (Allocation Failure) 257M->181M(278M) 9.235ms
[2025-12-25T04:34:58.239+0000][753.879s][info][gc,cpu         ] GC(1377) User=0.01s Sys=0.00s Real=0.01s
[2025-12-25T04:34:58.572+0000][754.212s][info][gc,start       ] GC(1378) Pause Young (Allocation Failure)
[2025-12-25T04:34:58.578+0000][754.218s][info][gc,heap        ] GC(1378) DefNew: 80504K(88512K)->1861K(88512K) Eden: 78468K(78720K)->0K(78720K) From: 2036K(9792K)->1861K(9792K)
[2025-12-25T04:34:58.578+0000][754.218s][info][gc,heap        ] GC(1378) Tenured: 183478K(196608K)->183479K(196608K)
[2025-12-25T04:34:58.579+0000][754.219s][info][gc,metaspace   ] GC(1378) Metaspace: 97931K(99264K)->97931K(99264K) NonClass: 84896K(85440K)->84896K(85440K) Class: 13035K(13824K)->13035K(13824K)
[2025-12-25T04:34:58.580+0000][754.220s][info][gc             ] GC(1378) Pause Young (Allocation Failure) 257M->180M(278M) 7.162ms
[2025-12-25T04:34:58.580+0000][754.220s][info][gc,cpu         ] GC(1378) User=0.00s Sys=0.00s Real=0.01s
[2025-12-25T04:34:58.850+0000][754.490s][info][gc,start       ] GC(1379) Pause Young (Allocation Failure)
[2025-12-25T04:34:58.854+0000][754.494s][info][gc,heap        ] GC(1379) DefNew: 80581K(88512K)->2132K(88512K) Eden: 78720K(78720K)->0K(78720K) From: 1861K(9792K)->2132K(9792K)
[2025-12-25T04:34:58.855+0000][754.495s][info][gc,heap        ] GC(1379) Tenured: 183479K(196608K)->183480K(196608K)
[2025-12-25T04:34:58.855+0000][754.495s][info][gc,metaspace   ] GC(1379) Metaspace: 97931K(99264K)->97931K(99264K) NonClass: 84896K(85440K)->84896K(85440K) Class: 13035K(13824K)->13035K(13824K)
[2025-12-25T04:34:58.855+0000][754.495s][info][gc             ] GC(1379) Pause Young (Allocation Failure) 257M->181M(278M) 4.969ms
[2025-12-25T04:34:58.856+0000][754.496s][info][gc,cpu         ] GC(1379) User=0.00s Sys=0.00s Real=0.01s
[2025-12-25T04:34:59.071+0000][754.711s][info][gc,start       ] GC(1380) Pause Young (Allocation Failure)
[2025-12-25T04:34:59.078+0000][754.718s][info][gc,heap        ] GC(1380) DefNew: 80843K(88512K)->2067K(88512K) Eden: 78711K(78720K)->0K(78720K) From: 2132K(9792K)->2067K(9792K)
[2025-12-25T04:34:59.080+0000][754.720s][info][gc,heap        ] GC(1380) Tenured: 183480K(196608K)->183480K(196608K)
[2025-12-25T04:34:59.081+0000][754.721s][info][gc,metaspace   ] GC(1380) Metaspace: 97931K(99264K)->97931K(99264K) NonClass: 84896K(85440K)->84896K(85440K) Class: 13035K(13824K)->13035K(13824K)
[2025-12-25T04:34:59.082+0000][754.722s][info][gc             ] GC(1380) Pause Young (Allocation Failure) 258M->181M(278M) 11.063ms
[2025-12-25T04:34:59.083+0000][754.723s][info][gc,cpu         ] GC(1380) User=0.01s Sys=0.00s Real=0.01s
[2025-12-25T04:34:59.374+0000][755.014s][info][gc,start       ] GC(1381) Pause Young (Allocation Failure)
[2025-12-25T04:34:59.396+0000][755.036s][info][gc,heap        ] GC(1381) DefNew: 80787K(88512K)->2471K(88512K) Eden: 78720K(78720K)->0K(78720K) From: 2067K(9792K)->2471K(9792K)
[2025-12-25T04:34:59.396+0000][755.036s][info][gc,heap        ] GC(1381) Tenured: 183480K(196608K)->183481K(196608K)
[2025-12-25T04:34:59.397+0000][755.037s][info][gc,metaspace   ] GC(1381) Metaspace: 97931K(99264K)->97931K(99264K) NonClass: 84896K(85440K)->84896K(85440K) Class: 13035K(13824K)->13035K(13824K)
[2025-12-25T04:34:59.398+0000][755.038s][info][gc             ] GC(1381) Pause Young (Allocation Failure) 258M->181M(278M) 23.392ms
[2025-12-25T04:34:59.398+0000][755.038s][info][gc,cpu         ] GC(1381) User=0.01s Sys=0.00s Real=0.03s
[2025-12-25T04:34:59.666+0000][755.306s][info][gc,start       ] GC(1382) Pause Young (Allocation Failure)
[2025-12-25T04:34:59.676+0000][755.316s][info][gc,heap        ] GC(1382) DefNew: 81191K(88512K)->2382K(88512K) Eden: 78720K(78720K)->0K(78720K) From: 2471K(9792K)->2382K(9792K)
[2025-12-25T04:34:59.677+0000][755.317s][info][gc,heap        ] GC(1382) Tenured: 183481K(196608K)->183482K(196608K)
[2025-12-25T04:34:59.677+0000][755.317s][info][gc,metaspace   ] GC(1382) Metaspace: 97931K(99264K)->97931K(99264K) NonClass: 84896K(85440K)->84896K(85440K) Class: 13035K(13824K)->13035K(13824K)
[2025-12-25T04:34:59.678+0000][755.318s][info][gc             ] GC(1382) Pause Young (Allocation Failure) 258M->181M(278M) 12.228ms
[2025-12-25T04:34:59.678+0000][755.318s][info][gc,cpu         ] GC(1382) User=0.01s Sys=0.00s Real=0.01s
[2025-12-25T04:34:59.899+0000][755.539s][info][gc,start       ] GC(1383) Pause Young (Allocation Failure)
[2025-12-25T04:34:59.919+0000][755.559s][info][gc,heap        ] GC(1383) DefNew: 81102K(88512K)->2874K(88512K) Eden: 78720K(78720K)->0K(78720K) From: 2382K(9792K)->2874K(9792K)
[2025-12-25T04:34:59.920+0000][755.560s][info][gc,heap        ] GC(1383) Tenured: 183482K(196608K)->183482K(196608K)
[2025-12-25T04:34:59.921+0000][755.561s][info][gc,metaspace   ] GC(1383) Metaspace: 97931K(99264K)->97931K(99264K) NonClass: 84896K(85440K)->84896K(85440K) Class: 13035K(13824K)->13035K(13824K)
[2025-12-25T04:34:59.921+0000][755.561s][info][gc             ] GC(1383) Pause Young (Allocation Failure) 258M->181M(278M) 22.090ms
[2025-12-25T04:34:59.921+0000][755.561s][info][gc,cpu         ] GC(1383) User=0.01s Sys=0.00s Real=0.02s
[2025-12-25T04:35:00.062+0000][755.702s][info][gc,start       ] GC(1384) Pause Young (Allocation Failure)
[2025-12-25T04:35:00.074+0000][755.714s][info][gc,heap        ] GC(1384) DefNew: 81594K(88512K)->2190K(88512K) Eden: 78720K(78720K)->0K(78720K) From: 2874K(9792K)->2190K(9792K)
[2025-12-25T04:35:00.075+0000][755.715s][info][gc,heap        ] GC(1384) Tenured: 183482K(196608K)->183483K(196608K)
[2025-12-25T04:35:00.075+0000][755.715s][info][gc,metaspace   ] GC(1384) Metaspace: 97931K(99264K)->97931K(99264K) NonClass: 84896K(85440K)->84896K(85440K) Class: 13035K(13824K)->13035K(13824K)
[2025-12-25T04:35:00.076+0000][755.716s][info][gc             ] GC(1384) Pause Young (Allocation Failure) 258M->181M(278M) 13.746ms
[2025-12-25T04:35:00.076+0000][755.716s][info][gc,cpu         ] GC(1384) User=0.01s Sys=0.00s Real=0.02s
[2025-12-25T04:35:00.359+0000][755.999s][info][gc,start       ] GC(1385) Pause Young (Allocation Failure)
[2025-12-25T04:35:00.409+0000][756.049s][info][gc,heap        ] GC(1385) DefNew: 80910K(88512K)->2674K(88512K) Eden: 78720K(78720K)->0K(78720K) From: 2190K(9792K)->2674K(9792K)
[2025-12-25T04:35:00.413+0000][756.053s][info][gc,heap        ] GC(1385) Tenured: 183483K(196608K)->183484K(196608K)
[2025-12-25T04:35:00.413+0000][756.053s][info][gc,metaspace   ] GC(1385) Metaspace: 97931K(99264K)->97931K(99264K) NonClass: 84896K(85440K)->84896K(85440K) Class: 13035K(13824K)->13035K(13824K)
[2025-12-25T04:35:00.414+0000][756.054s][info][gc             ] GC(1385) Pause Young (Allocation Failure) 258M->181M(278M) 55.020ms
[2025-12-25T04:35:00.415+0000][756.055s][info][gc,cpu         ] GC(1385) User=0.02s Sys=0.00s Real=0.06s
[2025-12-25T04:35:00.595+0000][756.235s][info][gc,start       ] GC(1386) Pause Young (Allocation Failure)
[2025-12-25T04:35:00.600+0000][756.240s][info][gc,heap        ] GC(1386) DefNew: 81394K(88512K)->2786K(88512K) Eden: 78720K(78720K)->0K(78720K) From: 2674K(9792K)->2786K(9792K)
[2025-12-25T04:35:00.602+0000][756.242s][info][gc,heap        ] GC(1386) Tenured: 183484K(196608K)->183485K(196608K)
[2025-12-25T04:35:00.602+0000][756.242s][info][gc,metaspace   ] GC(1386) Metaspace: 97931K(99264K)->97931K(99264K) NonClass: 84896K(85440K)->84896K(85440K) Class: 13035K(13824K)->13035K(13824K)
[2025-12-25T04:35:00.602+0000][756.242s][info][gc             ] GC(1386) Pause Young (Allocation Failure) 258M->181M(278M) 7.807ms
[2025-12-25T04:35:00.603+0000][756.243s][info][gc,cpu         ] GC(1386) User=0.00s Sys=0.00s Real=0.00s
[2025-12-25T04:35:00.801+0000][756.441s][info][gc,start       ] GC(1387) Pause Young (Allocation Failure)
[2025-12-25T04:35:00.824+0000][756.464s][info][gc,heap        ] GC(1387) DefNew: 81506K(88512K)->2768K(88512K) Eden: 78720K(78720K)->0K(78720K) From: 2786K(9792K)->2768K(9792K)
[2025-12-25T04:35:00.827+0000][756.467s][info][gc,heap        ] GC(1387) Tenured: 183485K(196608K)->183486K(196608K)
[2025-12-25T04:35:00.827+0000][756.467s][info][gc,metaspace   ] GC(1387) Metaspace: 97931K(99264K)->97931K(99264K) NonClass: 84896K(85440K)->84896K(85440K) Class: 13035K(13824K)->13035K(13824K)
[2025-12-25T04:35:00.828+0000][756.468s][info][gc             ] GC(1387) Pause Young (Allocation Failure) 258M->181M(278M) 26.808ms
[2025-12-25T04:35:00.828+0000][756.468s][info][gc,cpu         ] GC(1387) User=0.01s Sys=0.00s Real=0.03s
[2025-12-25T04:35:01.022+0000][756.662s][info][gc,start       ] GC(1388) Pause Young (Allocation Failure)
[2025-12-25T04:35:01.026+0000][756.666s][info][gc,heap        ] GC(1388) DefNew: 81488K(88512K)->2638K(88512K) Eden: 78720K(78720K)->0K(78720K) From: 2768K(9792K)->2638K(9792K)
[2025-12-25T04:35:01.026+0000][756.666s][info][gc,heap        ] GC(1388) Tenured: 183486K(196608K)->183486K(196608K)
[2025-12-25T04:35:01.027+0000][756.666s][info][gc,metaspace   ] GC(1388) Metaspace: 97931K(99264K)->97931K(99264K) NonClass: 84896K(85440K)->84896K(85440K) Class: 13035K(13824K)->13035K(13824K)
[2025-12-25T04:35:01.027+0000][756.667s][info][gc             ] GC(1388) Pause Young (Allocation Failure) 258M->181M(278M) 5.489ms
[2025-12-25T04:35:01.028+0000][756.668s][info][gc,cpu         ] GC(1388) User=0.01s Sys=0.00s Real=0.01s
[2025-12-25T04:35:01.218+0000][756.858s][info][gc,start       ] GC(1389) Pause Young (Allocation Failure)
[2025-12-25T04:35:01.227+0000][756.867s][info][gc,heap        ] GC(1389) DefNew: 81358K(88512K)->3117K(88512K) Eden: 78720K(78720K)->0K(78720K) From: 2638K(9792K)->3117K(9792K)
[2025-12-25T04:35:01.227+0000][756.867s][info][gc,heap        ] GC(1389) Tenured: 183486K(196608K)->183487K(196608K)
[2025-12-25T04:35:01.228+0000][756.867s][info][gc,metaspace   ] GC(1389) Metaspace: 97931K(99264K)->97931K(99264K) NonClass: 84896K(85440K)->84896K(85440K) Class: 13035K(13824K)->13035K(13824K)
[2025-12-25T04:35:01.228+0000][756.868s][info][gc             ] GC(1389) Pause Young (Allocation Failure) 258M->182M(278M) 10.109ms
[2025-12-25T04:35:01.228+0000][756.868s][info][gc,cpu         ] GC(1389) User=0.00s Sys=0.00s Real=0.01s
[2025-12-25T04:35:01.560+0000][757.200s][info][gc,start       ] GC(1390) Pause Young (Allocation Failure)
[2025-12-25T04:35:01.579+0000][757.219s][info][gc,heap        ] GC(1390) DefNew: 81837K(88512K)->3107K(88512K) Eden: 78720K(78720K)->0K(78720K) From: 3117K(9792K)->3107K(9792K)
[2025-12-25T04:35:01.580+0000][757.220s][info][gc,heap        ] GC(1390) Tenured: 183487K(196608K)->184105K(196608K)
[2025-12-25T04:35:01.580+0000][757.220s][info][gc,metaspace   ] GC(1390) Metaspace: 97931K(99264K)->97931K(99264K) NonClass: 84896K(85440K)->84896K(85440K) Class: 13035K(13824K)->13035K(13824K)
[2025-12-25T04:35:01.581+0000][757.221s][info][gc             ] GC(1390) Pause Young (Allocation Failure) 259M->182M(278M) 20.418ms
[2025-12-25T04:35:01.583+0000][757.223s][info][gc,cpu         ] GC(1390) User=0.01s Sys=0.00s Real=0.02s
[2025-12-25T04:35:01.727+0000][757.367s][info][gc,start       ] GC(1391) Pause Young (Allocation Failure)
[2025-12-25T04:35:01.743+0000][757.383s][info][gc,heap        ] GC(1391) DefNew: 81827K(88512K)->2876K(88512K) Eden: 78720K(78720K)->0K(78720K) From: 3107K(9792K)->2876K(9792K)
[2025-12-25T04:35:01.744+0000][757.384s][info][gc,heap        ] GC(1391) Tenured: 184105K(196608K)->184105K(196608K)
[2025-12-25T04:35:01.744+0000][757.384s][info][gc,metaspace   ] GC(1391) Metaspace: 97931K(99264K)->97931K(99264K) NonClass: 84896K(85440K)->84896K(85440K) Class: 13035K(13824K)->13035K(13824K)
[2025-12-25T04:35:01.745+0000][757.385s][info][gc             ] GC(1391) Pause Young (Allocation Failure) 259M->182M(278M) 17.504ms
[2025-12-25T04:35:01.745+0000][757.385s][info][gc,cpu         ] GC(1391) User=0.00s Sys=0.00s Real=0.02s
[2025-12-25T04:35:01.921+0000][757.561s][info][gc,start       ] GC(1392) Pause Young (Allocation Failure)
[2025-12-25T04:35:01.927+0000][757.567s][info][gc,heap        ] GC(1392) DefNew: 81596K(88512K)->2760K(88512K) Eden: 78720K(78720K)->0K(78720K) From: 2876K(9792K)->2760K(9792K)
[2025-12-25T04:35:01.927+0000][757.567s][info][gc,heap        ] GC(1392) Tenured: 184105K(196608K)->184187K(196608K)
[2025-12-25T04:35:01.927+0000][757.567s][info][gc,metaspace   ] GC(1392) Metaspace: 97931K(99264K)->97931K(99264K) NonClass: 84896K(85440K)->84896K(85440K) Class: 13035K(13824K)->13035K(13824K)
[2025-12-25T04:35:01.927+0000][757.567s][info][gc             ] GC(1392) Pause Young (Allocation Failure) 259M->182M(278M) 6.262ms
[2025-12-25T04:35:01.927+0000][757.567s][info][gc,cpu         ] GC(1392) User=0.00s Sys=0.00s Real=0.01s
[2025-12-25T04:35:02.138+0000][757.778s][info][gc,start       ] GC(1393) Pause Young (Allocation Failure)
[2025-12-25T04:35:02.161+0000][757.801s][info][gc,heap        ] GC(1393) DefNew: 81480K(88512K)->2840K(88512K) Eden: 78720K(78720K)->0K(78720K) From: 2760K(9792K)->2840K(9792K)
[2025-12-25T04:35:02.162+0000][757.802s][info][gc,heap        ] GC(1393) Tenured: 184187K(196608K)->184188K(196608K)
[2025-12-25T04:35:02.164+0000][757.804s][info][gc,metaspace   ] GC(1393) Metaspace: 97931K(99264K)->97931K(99264K) NonClass: 84896K(85440K)->84896K(85440K) Class: 13035K(13824K)->13035K(13824K)
[2025-12-25T04:35:02.166+0000][757.806s][info][gc             ] GC(1393) Pause Young (Allocation Failure) 259M->182M(278M) 27.197ms
[2025-12-25T04:35:02.167+0000][757.807s][info][gc,cpu         ] GC(1393) User=0.01s Sys=0.00s Real=0.03s
[2025-12-25T04:35:02.405+0000][758.045s][info][gc,start       ] GC(1394) Pause Young (Allocation Failure)
[2025-12-25T04:35:02.429+0000][758.069s][info][gc,heap        ] GC(1394) DefNew: 81560K(88512K)->3358K(88512K) Eden: 78720K(78720K)->0K(78720K) From: 2840K(9792K)->3358K(9792K)
[2025-12-25T04:35:02.430+0000][758.070s][info][gc,heap        ] GC(1394) Tenured: 184188K(196608K)->184205K(196608K)
[2025-12-25T04:35:02.430+0000][758.070s][info][gc,metaspace   ] GC(1394) Metaspace: 97931K(99264K)->97931K(99264K) NonClass: 84896K(85440K)->84896K(85440K) Class: 13035K(13824K)->13035K(13824K)
[2025-12-25T04:35:02.431+0000][758.071s][info][gc             ] GC(1394) Pause Young (Allocation Failure) 259M->183M(278M) 26.005ms
[2025-12-25T04:35:02.431+0000][758.071s][info][gc,cpu         ] GC(1394) User=0.01s Sys=0.00s Real=0.02s
[2025-12-25T04:35:02.593+0000][758.233s][info][gc,start       ] GC(1395) Pause Young (Allocation Failure)
[2025-12-25T04:35:02.605+0000][758.245s][info][gc,heap        ] GC(1395) DefNew: 82078K(88512K)->2933K(88512K) Eden: 78720K(78720K)->0K(78720K) From: 3358K(9792K)->2933K(9792K)
[2025-12-25T04:35:02.605+0000][758.245s][info][gc,heap        ] GC(1395) Tenured: 184205K(196608K)->184243K(196608K)
[2025-12-25T04:35:02.608+0000][758.248s][info][gc,metaspace   ] GC(1395) Metaspace: 97931K(99264K)->97931K(99264K) NonClass: 84896K(85440K)->84896K(85440K) Class: 13035K(13824K)->13035K(13824K)
[2025-12-25T04:35:02.609+0000][758.249s][info][gc             ] GC(1395) Pause Young (Allocation Failure) 260M->182M(278M) 16.476ms
[2025-12-25T04:35:02.610+0000][758.250s][info][gc,cpu         ] GC(1395) User=0.01s Sys=0.00s Real=0.02s
[2025-12-25T04:35:02.769+0000][758.409s][info][gc,start       ] GC(1396) Pause Young (Allocation Failure)
[2025-12-25T04:35:02.784+0000][758.424s][info][gc,heap        ] GC(1396) DefNew: 81653K(88512K)->2880K(88512K) Eden: 78720K(78720K)->0K(78720K) From: 2933K(9792K)->2880K(9792K)
[2025-12-25T04:35:02.785+0000][758.425s][info][gc,heap        ] GC(1396) Tenured: 184243K(196608K)->184244K(196608K)
[2025-12-25T04:35:02.785+0000][758.425s][info][gc,metaspace   ] GC(1396) Metaspace: 97931K(99264K)->97931K(99264K) NonClass: 84896K(85440K)->84896K(85440K) Class: 13035K(13824K)->13035K(13824K)
[2025-12-25T04:35:02.786+0000][758.426s][info][gc             ] GC(1396) Pause Young (Allocation Failure) 259M->182M(278M) 17.289ms
[2025-12-25T04:35:02.787+0000][758.427s][info][gc,cpu         ] GC(1396) User=0.00s Sys=0.00s Real=0.02s
[2025-12-25T04:35:02.925+0000][758.565s][info][gc,start       ] GC(1397) Pause Young (Allocation Failure)
[2025-12-25T04:35:02.933+0000][758.573s][info][gc,heap        ] GC(1397) DefNew: 81600K(88512K)->2370K(88512K) Eden: 78720K(78720K)->0K(78720K) From: 2880K(9792K)->2370K(9792K)
[2025-12-25T04:35:02.933+0000][758.573s][info][gc,heap        ] GC(1397) Tenured: 184244K(196608K)->184395K(196608K)
[2025-12-25T04:35:02.934+0000][758.574s][info][gc,metaspace   ] GC(1397) Metaspace: 97931K(99264K)->97931K(99264K) NonClass: 84896K(85440K)->84896K(85440K) Class: 13035K(13824K)->13035K(13824K)
[2025-12-25T04:35:02.934+0000][758.574s][info][gc             ] GC(1397) Pause Young (Allocation Failure) 259M->182M(278M) 9.474ms
[2025-12-25T04:35:02.935+0000][758.575s][info][gc,cpu         ] GC(1397) User=0.01s Sys=0.00s Real=0.01s
[2025-12-25T04:35:03.080+0000][758.720s][info][gc,start       ] GC(1398) Pause Young (Allocation Failure)
[2025-12-25T04:35:03.093+0000][758.733s][info][gc,heap        ] GC(1398) DefNew: 81090K(88512K)->2543K(88512K) Eden: 78719K(78720K)->0K(78720K) From: 2370K(9792K)->2543K(9792K)
[2025-12-25T04:35:03.094+0000][758.734s][info][gc,heap        ] GC(1398) Tenured: 184395K(196608K)->184405K(196608K)
[2025-12-25T04:35:03.094+0000][758.734s][info][gc,metaspace   ] GC(1398) Metaspace: 97931K(99264K)->97931K(99264K) NonClass: 84896K(85440K)->84896K(85440K) Class: 13035K(13824K)->13035K(13824K)
[2025-12-25T04:35:03.094+0000][758.734s][info][gc             ] GC(1398) Pause Young (Allocation Failure) 259M->182M(278M) 14.844ms
[2025-12-25T04:35:03.094+0000][758.734s][info][gc,cpu         ] GC(1398) User=0.00s Sys=0.00s Real=0.01s
[2025-12-25T04:35:03.300+0000][758.940s][info][gc,start       ] GC(1399) Pause Young (Allocation Failure)
[2025-12-25T04:35:03.313+0000][758.953s][info][gc,heap        ] GC(1399) DefNew: 81263K(88512K)->2761K(88512K) Eden: 78720K(78720K)->0K(78720K) From: 2543K(9792K)->2761K(9792K)
[2025-12-25T04:35:03.314+0000][758.954s][info][gc,heap        ] GC(1399) Tenured: 184405K(196608K)->184406K(196608K)
[2025-12-25T04:35:03.316+0000][758.956s][info][gc,metaspace   ] GC(1399) Metaspace: 97931K(99264K)->97931K(99264K) NonClass: 84896K(85440K)->84896K(85440K) Class: 13035K(13824K)->13035K(13824K)
[2025-12-25T04:35:03.319+0000][758.959s][info][gc             ] GC(1399) Pause Young (Allocation Failure) 259M->182M(278M) 19.250ms
[2025-12-25T04:35:03.328+0000][758.968s][info][gc,cpu         ] GC(1399) User=0.01s Sys=0.00s Real=0.03s
[2025-12-25T04:35:03.603+0000][759.243s][info][gc,start       ] GC(1400) Pause Young (Allocation Failure)
[2025-12-25T04:35:03.610+0000][759.250s][info][gc,heap        ] GC(1400) DefNew: 81481K(88512K)->3117K(88512K) Eden: 78720K(78720K)->0K(78720K) From: 2761K(9792K)->3117K(9792K)
[2025-12-25T04:35:03.610+0000][759.250s][info][gc,heap        ] GC(1400) Tenured: 184406K(196608K)->184608K(196608K)
[2025-12-25T04:35:03.610+0000][759.250s][info][gc,metaspace   ] GC(1400) Metaspace: 97931K(99264K)->97931K(99264K) NonClass: 84896K(85440K)->84896K(85440K) Class: 13035K(13824K)->13035K(13824K)
[2025-12-25T04:35:03.611+0000][759.251s][info][gc             ] GC(1400) Pause Young (Allocation Failure) 259M->183M(278M) 7.509ms
[2025-12-25T04:35:03.611+0000][759.251s][info][gc,cpu         ] GC(1400) User=0.01s Sys=0.01s Real=0.01s
[2025-12-25T04:35:03.771+0000][759.411s][info][gc,start       ] GC(1401) Pause Young (Allocation Failure)
[2025-12-25T04:35:03.784+0000][759.424s][info][gc,heap        ] GC(1401) DefNew: 81837K(88512K)->2444K(88512K) Eden: 78720K(78720K)->0K(78720K) From: 3117K(9792K)->2444K(9792K)
[2025-12-25T04:35:03.787+0000][759.427s][info][gc,heap        ] GC(1401) Tenured: 184608K(196608K)->184708K(196608K)
[2025-12-25T04:35:03.787+0000][759.427s][info][gc,metaspace   ] GC(1401) Metaspace: 97931K(99264K)->97931K(99264K) NonClass: 84896K(85440K)->84896K(85440K) Class: 13035K(13824K)->13035K(13824K)
[2025-12-25T04:35:03.789+0000][759.429s][info][gc             ] GC(1401) Pause Young (Allocation Failure) 260M->182M(278M) 18.501ms
[2025-12-25T04:35:03.790+0000][759.430s][info][gc,cpu         ] GC(1401) User=0.01s Sys=0.00s Real=0.02s
[2025-12-25T04:35:03.954+0000][759.594s][info][gc,start       ] GC(1402) Pause Young (Allocation Failure)
[2025-12-25T04:35:03.968+0000][759.608s][info][gc,heap        ] GC(1402) DefNew: 81164K(88512K)->3155K(88512K) Eden: 78720K(78720K)->0K(78720K) From: 2444K(9792K)->3155K(9792K)
[2025-12-25T04:35:03.969+0000][759.609s][info][gc,heap        ] GC(1402) Tenured: 184708K(196608K)->184833K(196608K)
[2025-12-25T04:35:03.971+0000][759.611s][info][gc,metaspace   ] GC(1402) Metaspace: 97931K(99264K)->97931K(99264K) NonClass: 84896K(85440K)->84896K(85440K) Class: 13035K(13824K)->13035K(13824K)
[2025-12-25T04:35:03.971+0000][759.611s][info][gc             ] GC(1402) Pause Young (Allocation Failure) 259M->183M(278M) 17.236ms
[2025-12-25T04:35:03.972+0000][759.612s][info][gc,cpu         ] GC(1402) User=0.01s Sys=0.00s Real=0.02s
[2025-12-25T04:35:04.137+0000][759.777s][info][gc,start       ] GC(1403) Pause Young (Allocation Failure)
[2025-12-25T04:35:04.143+0000][759.783s][info][gc,heap        ] GC(1403) DefNew: 81875K(88512K)->1613K(88512K) Eden: 78720K(78720K)->0K(78720K) From: 3155K(9792K)->1613K(9792K)
[2025-12-25T04:35:04.147+0000][759.787s][info][gc,heap        ] GC(1403) Tenured: 184833K(196608K)->184833K(196608K)
[2025-12-25T04:35:04.147+0000][759.787s][info][gc,metaspace   ] GC(1403) Metaspace: 97931K(99264K)->97931K(99264K) NonClass: 84896K(85440K)->84896K(85440K) Class: 13035K(13824K)->13035K(13824K)
[2025-12-25T04:35:04.147+0000][759.787s][info][gc             ] GC(1403) Pause Young (Allocation Failure) 260M->182M(278M) 9.962ms
[2025-12-25T04:35:04.148+0000][759.788s][info][gc,cpu         ] GC(1403) User=0.01s Sys=0.00s Real=0.01s
[2025-12-25T04:35:04.312+0000][759.952s][info][gc,start       ] GC(1404) Pause Young (Allocation Failure)
[2025-12-25T04:35:04.320+0000][759.960s][info][gc,heap        ] GC(1404) DefNew: 80333K(88512K)->2380K(88512K) Eden: 78720K(78720K)->0K(78720K) From: 1613K(9792K)->2380K(9792K)
[2025-12-25T04:35:04.321+0000][759.961s][info][gc,heap        ] GC(1404) Tenured: 184833K(196608K)->184833K(196608K)
[2025-12-25T04:35:04.321+0000][759.961s][info][gc,metaspace   ] GC(1404) Metaspace: 97931K(99264K)->97931K(99264K) NonClass: 84896K(85440K)->84896K(85440K) Class: 13035K(13824K)->13035K(13824K)
[2025-12-25T04:35:04.321+0000][759.961s][info][gc             ] GC(1404) Pause Young (Allocation Failure) 258M->182M(278M) 9.659ms
[2025-12-25T04:35:04.322+0000][759.962s][info][gc,cpu         ] GC(1404) User=0.01s Sys=0.00s Real=0.01s
[2025-12-25T04:35:04.502+0000][760.142s][info][gc,start       ] GC(1405) Pause Young (Allocation Failure)
[2025-12-25T04:35:04.507+0000][760.147s][info][gc,heap        ] GC(1405) DefNew: 81100K(88512K)->2364K(88512K) Eden: 78720K(78720K)->0K(78720K) From: 2380K(9792K)->2364K(9792K)
[2025-12-25T04:35:04.509+0000][760.149s][info][gc,heap        ] GC(1405) Tenured: 184833K(196608K)->185258K(196608K)
[2025-12-25T04:35:04.510+0000][760.150s][info][gc,metaspace   ] GC(1405) Metaspace: 97931K(99264K)->97931K(99264K) NonClass: 84896K(85440K)->84896K(85440K) Class: 13035K(13824K)->13035K(13824K)
[2025-12-25T04:35:04.511+0000][760.151s][info][gc             ] GC(1405) Pause Young (Allocation Failure) 259M->183M(278M) 9.342ms
[2025-12-25T04:35:04.512+0000][760.152s][info][gc,cpu         ] GC(1405) User=0.01s Sys=0.00s Real=0.01s
[2025-12-25T04:35:04.658+0000][760.298s][info][gc,start       ] GC(1406) Pause Young (Allocation Failure)
[2025-12-25T04:35:04.668+0000][760.308s][info][gc,heap        ] GC(1406) DefNew: 81084K(88512K)->2031K(88512K) Eden: 78720K(78720K)->0K(78720K) From: 2364K(9792K)->2031K(9792K)
[2025-12-25T04:35:04.668+0000][760.308s][info][gc,heap        ] GC(1406) Tenured: 185258K(196608K)->185339K(196608K)
[2025-12-25T04:35:04.668+0000][760.308s][info][gc,metaspace   ] GC(1406) Metaspace: 97931K(99264K)->97931K(99264K) NonClass: 84896K(85440K)->84896K(85440K) Class: 13035K(13824K)->13035K(13824K)
[2025-12-25T04:35:04.669+0000][760.309s][info][gc             ] GC(1406) Pause Young (Allocation Failure) 260M->182M(278M) 10.778ms
[2025-12-25T04:35:04.669+0000][760.309s][info][gc,cpu         ] GC(1406) User=0.01s Sys=0.00s Real=0.01s
[2025-12-25T04:35:04.853+0000][760.493s][info][gc,start       ] GC(1407) Pause Young (Allocation Failure)
[2025-12-25T04:35:04.890+0000][760.530s][info][gc,heap        ] GC(1407) DefNew: 80751K(88512K)->1677K(88512K) Eden: 78720K(78720K)->0K(78720K) From: 2031K(9792K)->1677K(9792K)
[2025-12-25T04:35:04.893+0000][760.533s][info][gc,heap        ] GC(1407) Tenured: 185339K(196608K)->185355K(196608K)
[2025-12-25T04:35:04.894+0000][760.534s][info][gc,metaspace   ] GC(1407) Metaspace: 97931K(99264K)->97931K(99264K) NonClass: 84896K(85440K)->84896K(85440K) Class: 13035K(13824K)->13035K(13824K)
[2025-12-25T04:35:04.898+0000][760.538s][info][gc             ] GC(1407) Pause Young (Allocation Failure) 259M->182M(278M) 44.252ms
[2025-12-25T04:35:04.898+0000][760.538s][info][gc,cpu         ] GC(1407) User=0.01s Sys=0.00s Real=0.05s
[2025-12-25T04:35:05.958+0000][761.598s][info][gc,start       ] GC(1408) Pause Young (Allocation Failure)
[2025-12-25T04:35:06.024+0000][761.664s][info][gc,heap        ] GC(1408) DefNew: 80397K(88512K)->4311K(88512K) Eden: 78720K(78720K)->0K(78720K) From: 1677K(9792K)->4311K(9792K)
[2025-12-25T04:35:06.025+0000][761.665s][info][gc,heap        ] GC(1408) Tenured: 185355K(196608K)->185372K(196608K)
[2025-12-25T04:35:06.025+0000][761.665s][info][gc,metaspace   ] GC(1408) Metaspace: 97931K(99264K)->97931K(99264K) NonClass: 84896K(85440K)->84896K(85440K) Class: 13035K(13824K)->13035K(13824K)
[2025-12-25T04:35:06.025+0000][761.665s][info][gc             ] GC(1408) Pause Young (Allocation Failure) 259M->185M(278M) 67.402ms
[2025-12-25T04:35:06.026+0000][761.666s][info][gc,cpu         ] GC(1408) User=0.04s Sys=0.00s Real=0.07s
[2025-12-25T04:35:06.281+0000][761.921s][info][gc,start       ] GC(1409) Pause Young (Allocation Failure)
[2025-12-25T04:35:06.299+0000][761.939s][info][gc,heap        ] GC(1409) DefNew: 83031K(88512K)->1984K(88512K) Eden: 78720K(78720K)->0K(78720K) From: 4311K(9792K)->1984K(9792K)
[2025-12-25T04:35:06.299+0000][761.939s][info][gc,heap        ] GC(1409) Tenured: 185372K(196608K)->185372K(196608K)
[2025-12-25T04:35:06.300+0000][761.940s][info][gc,metaspace   ] GC(1409) Metaspace: 97931K(99264K)->97931K(99264K) NonClass: 84896K(85440K)->84896K(85440K) Class: 13035K(13824K)->13035K(13824K)
[2025-12-25T04:35:06.300+0000][761.940s][info][gc             ] GC(1409) Pause Young (Allocation Failure) 262M->182M(278M) 19.130ms
[2025-12-25T04:35:06.301+0000][761.941s][info][gc,cpu         ] GC(1409) User=0.01s Sys=0.00s Real=0.02s
[2025-12-25T04:35:06.498+0000][762.138s][info][gc,start       ] GC(1410) Pause Young (Allocation Failure)
[2025-12-25T04:35:06.503+0000][762.143s][info][gc,heap        ] GC(1410) DefNew: 80704K(88512K)->2151K(88512K) Eden: 78720K(78720K)->0K(78720K) From: 1984K(9792K)->2151K(9792K)
[2025-12-25T04:35:06.505+0000][762.145s][info][gc,heap        ] GC(1410) Tenured: 185372K(196608K)->185425K(196608K)
[2025-12-25T04:35:06.505+0000][762.145s][info][gc,metaspace   ] GC(1410) Metaspace: 97931K(99264K)->97931K(99264K) NonClass: 84896K(85440K)->84896K(85440K) Class: 13035K(13824K)->13035K(13824K)
[2025-12-25T04:35:06.506+0000][762.146s][info][gc             ] GC(1410) Pause Young (Allocation Failure) 259M->183M(278M) 8.006ms
[2025-12-25T04:35:06.507+0000][762.147s][info][gc,cpu         ] GC(1410) User=0.00s Sys=0.00s Real=0.01s
[2025-12-25T04:35:06.708+0000][762.348s][info][gc,start       ] GC(1411) Pause Young (Allocation Failure)
[2025-12-25T04:35:06.717+0000][762.357s][info][gc,heap        ] GC(1411) DefNew: 80871K(88512K)->2532K(88512K) Eden: 78720K(78720K)->0K(78720K) From: 2151K(9792K)->2532K(9792K)
[2025-12-25T04:35:06.717+0000][762.357s][info][gc,heap        ] GC(1411) Tenured: 185425K(196608K)->185443K(196608K)
[2025-12-25T04:35:06.718+0000][762.358s][info][gc,metaspace   ] GC(1411) Metaspace: 97931K(99264K)->97931K(99264K) NonClass: 84896K(85440K)->84896K(85440K) Class: 13035K(13824K)->13035K(13824K)
[2025-12-25T04:35:06.718+0000][762.358s][info][gc             ] GC(1411) Pause Young (Allocation Failure) 260M->183M(278M) 9.666ms
[2025-12-25T04:35:06.718+0000][762.358s][info][gc,cpu         ] GC(1411) User=0.01s Sys=0.00s Real=0.01s
[2025-12-25T04:35:06.924+0000][762.564s][info][gc,start       ] GC(1412) Pause Young (Allocation Failure)
[2025-12-25T04:35:06.936+0000][762.576s][info][gc,heap        ] GC(1412) DefNew: 81252K(88512K)->2780K(88512K) Eden: 78720K(78720K)->0K(78720K) From: 2532K(9792K)->2780K(9792K)
[2025-12-25T04:35:06.940+0000][762.580s][info][gc,heap        ] GC(1412) Tenured: 185443K(196608K)->185443K(196608K)
[2025-12-25T04:35:06.943+0000][762.583s][info][gc,metaspace   ] GC(1412) Metaspace: 97931K(99264K)->97931K(99264K) NonClass: 84896K(85440K)->84896K(85440K) Class: 13035K(13824K)->13035K(13824K)
[2025-12-25T04:35:06.944+0000][762.584s][info][gc             ] GC(1412) Pause Young (Allocation Failure) 260M->183M(278M) 19.916ms
[2025-12-25T04:35:06.945+0000][762.585s][info][gc,cpu         ] GC(1412) User=0.00s Sys=0.00s Real=0.03s
[2025-12-25T04:35:07.131+0000][762.771s][info][gc,start       ] GC(1413) Pause Young (Allocation Failure)
[2025-12-25T04:35:07.148+0000][762.788s][info][gc,heap        ] GC(1413) DefNew: 81458K(88512K)->3549K(88512K) Eden: 78678K(78720K)->0K(78720K) From: 2780K(9792K)->3549K(9792K)
[2025-12-25T04:35:07.149+0000][762.789s][info][gc,heap        ] GC(1413) Tenured: 185443K(196608K)->185443K(196608K)
[2025-12-25T04:35:07.150+0000][762.790s][info][gc,metaspace   ] GC(1413) Metaspace: 97932K(99264K)->97932K(99264K) NonClass: 84896K(85440K)->84896K(85440K) Class: 13035K(13824K)->13035K(13824K)
[2025-12-25T04:35:07.150+0000][762.790s][info][gc             ] GC(1413) Pause Young (Allocation Failure) 260M->184M(278M) 18.663ms
[2025-12-25T04:35:07.150+0000][762.790s][info][gc,cpu         ] GC(1413) User=0.01s Sys=0.00s Real=0.02s
[2025-12-25T04:35:07.340+0000][762.980s][info][gc,start       ] GC(1414) Pause Young (Allocation Failure)
[2025-12-25T04:35:07.346+0000][762.986s][info][gc,heap        ] GC(1414) DefNew: 82269K(88512K)->1939K(88512K) Eden: 78720K(78720K)->0K(78720K) From: 3549K(9792K)->1939K(9792K)
[2025-12-25T04:35:07.350+0000][762.990s][info][gc,heap        ] GC(1414) Tenured: 185443K(196608K)->185443K(196608K)
[2025-12-25T04:35:07.351+0000][762.991s][info][gc,metaspace   ] GC(1414) Metaspace: 97932K(99264K)->97932K(99264K) NonClass: 84896K(85440K)->84896K(85440K) Class: 13035K(13824K)->13035K(13824K)
[2025-12-25T04:35:07.352+0000][762.992s][info][gc             ] GC(1414) Pause Young (Allocation Failure) 261M->182M(278M) 11.869ms
[2025-12-25T04:35:07.353+0000][762.993s][info][gc,cpu         ] GC(1414) User=0.00s Sys=0.00s Real=0.01s
[2025-12-25T04:35:07.505+0000][763.145s][info][gc,start       ] GC(1415) Pause Young (Allocation Failure)
[2025-12-25T04:35:07.514+0000][763.154s][info][gc,heap        ] GC(1415) DefNew: 80659K(88512K)->2276K(88512K) Eden: 78720K(78720K)->0K(78720K) From: 1939K(9792K)->2276K(9792K)
[2025-12-25T04:35:07.515+0000][763.155s][info][gc,heap        ] GC(1415) Tenured: 185443K(196608K)->185485K(196608K)
[2025-12-25T04:35:07.515+0000][763.155s][info][gc,metaspace   ] GC(1415) Metaspace: 97932K(99264K)->97932K(99264K) NonClass: 84896K(85440K)->84896K(85440K) Class: 13035K(13824K)->13035K(13824K)
[2025-12-25T04:35:07.516+0000][763.156s][info][gc             ] GC(1415) Pause Young (Allocation Failure) 259M->183M(278M) 10.912ms
[2025-12-25T04:35:07.516+0000][763.156s][info][gc,cpu         ] GC(1415) User=0.00s Sys=0.00s Real=0.01s
[2025-12-25T04:35:07.682+0000][763.322s][info][gc,start       ] GC(1416) Pause Young (Allocation Failure)
[2025-12-25T04:35:07.688+0000][763.328s][info][gc,heap        ] GC(1416) DefNew: 80996K(88512K)->3155K(88512K) Eden: 78719K(78720K)->0K(78720K) From: 2276K(9792K)->3155K(9792K)
[2025-12-25T04:35:07.689+0000][763.329s][info][gc,heap        ] GC(1416) Tenured: 185485K(196608K)->185550K(196608K)
[2025-12-25T04:35:07.689+0000][763.329s][info][gc,metaspace   ] GC(1416) Metaspace: 97932K(99264K)->97932K(99264K) NonClass: 84896K(85440K)->84896K(85440K) Class: 13035K(13824K)->13035K(13824K)
[2025-12-25T04:35:07.689+0000][763.329s][info][gc             ] GC(1416) Pause Young (Allocation Failure) 260M->184M(278M) 7.132ms
[2025-12-25T04:35:07.690+0000][763.329s][info][gc,cpu         ] GC(1416) User=0.00s Sys=0.00s Real=0.01s
[2025-12-25T04:35:07.818+0000][763.458s][info][gc,start       ] GC(1417) Pause Young (Allocation Failure)
[2025-12-25T04:35:07.822+0000][763.462s][info][gc,heap        ] GC(1417) DefNew: 81875K(88512K)->2182K(88512K) Eden: 78720K(78720K)->0K(78720K) From: 3155K(9792K)->2182K(9792K)
[2025-12-25T04:35:07.827+0000][763.467s][info][gc,heap        ] GC(1417) Tenured: 185550K(196608K)->185551K(196608K)
[2025-12-25T04:35:07.829+0000][763.469s][info][gc,metaspace   ] GC(1417) Metaspace: 97932K(99264K)->97932K(99264K) NonClass: 84896K(85440K)->84896K(85440K) Class: 13035K(13824K)->13035K(13824K)
[2025-12-25T04:35:07.829+0000][763.469s][info][gc             ] GC(1417) Pause Young (Allocation Failure) 261M->183M(278M) 10.943ms
[2025-12-25T04:35:07.830+0000][763.470s][info][gc,cpu         ] GC(1417) User=0.00s Sys=0.00s Real=0.01s
[2025-12-25T04:35:07.952+0000][763.592s][info][gc,start       ] GC(1418) Pause Young (Allocation Failure)
[2025-12-25T04:35:07.958+0000][763.598s][info][gc,heap        ] GC(1418) DefNew: 80902K(88512K)->2239K(88512K) Eden: 78720K(78720K)->0K(78720K) From: 2182K(9792K)->2239K(9792K)
[2025-12-25T04:35:07.958+0000][763.598s][info][gc,heap        ] GC(1418) Tenured: 185551K(196608K)->185589K(196608K)
[2025-12-25T04:35:07.958+0000][763.598s][info][gc,metaspace   ] GC(1418) Metaspace: 97932K(99264K)->97932K(99264K) NonClass: 84896K(85440K)->84896K(85440K) Class: 13035K(13824K)->13035K(13824K)
[2025-12-25T04:35:07.958+0000][763.598s][info][gc             ] GC(1418) Pause Young (Allocation Failure) 260M->183M(278M) 6.529ms
[2025-12-25T04:35:07.959+0000][763.599s][info][gc,cpu         ] GC(1418) User=0.01s Sys=0.00s Real=0.01s
[2025-12-25T04:35:08.105+0000][763.745s][info][gc,start       ] GC(1419) Pause Young (Allocation Failure)
[2025-12-25T04:35:08.109+0000][763.749s][info][gc,heap        ] GC(1419) DefNew: 80959K(88512K)->2003K(88512K) Eden: 78720K(78720K)->0K(78720K) From: 2239K(9792K)->2003K(9792K)
[2025-12-25T04:35:08.110+0000][763.750s][info][gc,heap        ] GC(1419) Tenured: 185589K(196608K)->185596K(196608K)
[2025-12-25T04:35:08.110+0000][763.750s][info][gc,metaspace   ] GC(1419) Metaspace: 97932K(99264K)->97932K(99264K) NonClass: 84896K(85440K)->84896K(85440K) Class: 13035K(13824K)->13035K(13824K)
[2025-12-25T04:35:08.111+0000][763.751s][info][gc             ] GC(1419) Pause Young (Allocation Failure) 260M->183M(278M) 5.618ms
[2025-12-25T04:35:08.111+0000][763.751s][info][gc,cpu         ] GC(1419) User=0.00s Sys=0.00s Real=0.00s
[2025-12-25T04:35:08.239+0000][763.879s][info][gc,start       ] GC(1420) Pause Young (Allocation Failure)
[2025-12-25T04:35:08.244+0000][763.884s][info][gc,heap        ] GC(1420) DefNew: 80712K(88512K)->2485K(88512K) Eden: 78709K(78720K)->0K(78720K) From: 2003K(9792K)->2485K(9792K)
[2025-12-25T04:35:08.244+0000][763.884s][info][gc,heap        ] GC(1420) Tenured: 185596K(196608K)->185596K(196608K)
[2025-12-25T04:35:08.244+0000][763.884s][info][gc,metaspace   ] GC(1420) Metaspace: 97932K(99264K)->97932K(99264K) NonClass: 84896K(85440K)->84896K(85440K) Class: 13035K(13824K)->13035K(13824K)
[2025-12-25T04:35:08.244+0000][763.884s][info][gc             ] GC(1420) Pause Young (Allocation Failure) 260M->183M(278M) 4.774ms
[2025-12-25T04:35:08.244+0000][763.884s][info][gc,cpu         ] GC(1420) User=0.00s Sys=0.00s Real=0.00s
[2025-12-25T04:35:08.434+0000][764.074s][info][gc,start       ] GC(1421) Pause Young (Allocation Failure)
[2025-12-25T04:35:08.442+0000][764.082s][info][gc,heap        ] GC(1421) DefNew: 81205K(88512K)->2551K(88512K) Eden: 78720K(78720K)->0K(78720K) From: 2485K(9792K)->2551K(9792K)
[2025-12-25T04:35:08.443+0000][764.083s][info][gc,heap        ] GC(1421) Tenured: 185596K(196608K)->185597K(196608K)
[2025-12-25T04:35:08.443+0000][764.083s][info][gc,metaspace   ] GC(1421) Metaspace: 97932K(99264K)->97932K(99264K) NonClass: 84896K(85440K)->84896K(85440K) Class: 13035K(13824K)->13035K(13824K)
[2025-12-25T04:35:08.447+0000][764.087s][info][gc             ] GC(1421) Pause Young (Allocation Failure) 260M->183M(278M) 12.190ms
[2025-12-25T04:35:08.447+0000][764.087s][info][gc,cpu         ] GC(1421) User=0.01s Sys=0.00s Real=0.01s
[2025-12-25T04:35:08.591+0000][764.231s][info][gc,start       ] GC(1422) Pause Young (Allocation Failure)
[2025-12-25T04:35:08.597+0000][764.237s][info][gc,heap        ] GC(1422) DefNew: 81271K(88512K)->2061K(88512K) Eden: 78719K(78720K)->0K(78720K) From: 2551K(9792K)->2061K(9792K)
[2025-12-25T04:35:08.598+0000][764.238s][info][gc,heap        ] GC(1422) Tenured: 185597K(196608K)->185820K(196608K)
[2025-12-25T04:35:08.599+0000][764.239s][info][gc,metaspace   ] GC(1422) Metaspace: 97932K(99264K)->97932K(99264K) NonClass: 84896K(85440K)->84896K(85440K) Class: 13035K(13824K)->13035K(13824K)
[2025-12-25T04:35:08.599+0000][764.239s][info][gc             ] GC(1422) Pause Young (Allocation Failure) 260M->183M(278M) 8.791ms
[2025-12-25T04:35:08.600+0000][764.240s][info][gc,cpu         ] GC(1422) User=0.00s Sys=0.00s Real=0.01s
[2025-12-25T04:35:08.713+0000][764.353s][info][gc,start       ] GC(1423) Pause Young (Allocation Failure)
[2025-12-25T04:35:08.719+0000][764.359s][info][gc,heap        ] GC(1423) DefNew: 80781K(88512K)->2527K(88512K) Eden: 78720K(78720K)->0K(78720K) From: 2061K(9792K)->2527K(9792K)
[2025-12-25T04:35:08.720+0000][764.360s][info][gc,heap        ] GC(1423) Tenured: 185820K(196608K)->185901K(196608K)
[2025-12-25T04:35:08.720+0000][764.360s][info][gc,metaspace   ] GC(1423) Metaspace: 97932K(99264K)->97932K(99264K) NonClass: 84896K(85440K)->84896K(85440K) Class: 13035K(13824K)->13035K(13824K)
[2025-12-25T04:35:08.720+0000][764.360s][info][gc             ] GC(1423) Pause Young (Allocation Failure) 260M->184M(278M) 7.418ms
[2025-12-25T04:35:08.721+0000][764.361s][info][gc,cpu         ] GC(1423) User=0.00s Sys=0.00s Real=0.01s
[2025-12-25T04:35:08.882+0000][764.522s][info][gc,start       ] GC(1424) Pause Young (Allocation Failure)
[2025-12-25T04:35:08.890+0000][764.530s][info][gc,heap        ] GC(1424) DefNew: 81247K(88512K)->2404K(88512K) Eden: 78720K(78720K)->0K(78720K) From: 2527K(9792K)->2404K(9792K)
[2025-12-25T04:35:08.891+0000][764.531s][info][gc,heap        ] GC(1424) Tenured: 185901K(196608K)->185902K(196608K)
[2025-12-25T04:35:08.891+0000][764.531s][info][gc,metaspace   ] GC(1424) Metaspace: 97932K(99264K)->97932K(99264K) NonClass: 84896K(85440K)->84896K(85440K) Class: 13035K(13824K)->13035K(13824K)
[2025-12-25T04:35:08.891+0000][764.531s][info][gc             ] GC(1424) Pause Young (Allocation Failure) 260M->183M(278M) 9.864ms
[2025-12-25T04:35:08.892+0000][764.532s][info][gc,cpu         ] GC(1424) User=0.01s Sys=0.00s Real=0.01s
[2025-12-25T04:35:09.048+0000][764.688s][info][gc,start       ] GC(1425) Pause Young (Allocation Failure)
[2025-12-25T04:35:09.054+0000][764.694s][info][gc,heap        ] GC(1425) DefNew: 81124K(88512K)->1507K(88512K) Eden: 78720K(78720K)->0K(78720K) From: 2404K(9792K)->1507K(9792K)
[2025-12-25T04:35:09.074+0000][764.714s][info][gc,heap        ] GC(1425) Tenured: 185902K(196608K)->185939K(196608K)
[2025-12-25T04:35:09.075+0000][764.715s][info][gc,metaspace   ] GC(1425) Metaspace: 97932K(99264K)->97932K(99264K) NonClass: 84896K(85440K)->84896K(85440K) Class: 13035K(13824K)->13035K(13824K)
[2025-12-25T04:35:09.077+0000][764.717s][info][gc             ] GC(1425) Pause Young (Allocation Failure) 260M->183M(278M) 28.574ms
[2025-12-25T04:35:09.079+0000][764.719s][info][gc,cpu         ] GC(1425) User=0.00s Sys=0.00s Real=0.03s
[2025-12-25T04:35:09.289+0000][764.929s][info][gc,start       ] GC(1426) Pause Young (Allocation Failure)
[2025-12-25T04:35:09.299+0000][764.939s][info][gc,heap        ] GC(1426) DefNew: 80227K(88512K)->1763K(88512K) Eden: 78720K(78720K)->0K(78720K) From: 1507K(9792K)->1763K(9792K)
[2025-12-25T04:35:09.300+0000][764.940s][info][gc,heap        ] GC(1426) Tenured: 185939K(196608K)->185939K(196608K)
[2025-12-25T04:35:09.301+0000][764.941s][info][gc,metaspace   ] GC(1426) Metaspace: 97932K(99264K)->97932K(99264K) NonClass: 84896K(85440K)->84896K(85440K) Class: 13035K(13824K)->13035K(13824K)
[2025-12-25T04:35:09.302+0000][764.942s][info][gc             ] GC(1426) Pause Young (Allocation Failure) 259M->183M(278M) 13.060ms
[2025-12-25T04:35:09.302+0000][764.942s][info][gc,cpu         ] GC(1426) User=0.01s Sys=0.00s Real=0.01s
[2025-12-25T04:35:09.443+0000][765.083s][info][gc,start       ] GC(1427) Pause Young (Allocation Failure)
[2025-12-25T04:35:09.450+0000][765.090s][info][gc,heap        ] GC(1427) DefNew: 80483K(88512K)->1435K(88512K) Eden: 78720K(78720K)->0K(78720K) From: 1763K(9792K)->1435K(9792K)
[2025-12-25T04:35:09.454+0000][765.094s][info][gc,heap        ] GC(1427) Tenured: 185939K(196608K)->185939K(196608K)
[2025-12-25T04:35:09.455+0000][765.095s][info][gc,metaspace   ] GC(1427) Metaspace: 97932K(99264K)->97932K(99264K) NonClass: 84896K(85440K)->84896K(85440K) Class: 13035K(13824K)->13035K(13824K)
[2025-12-25T04:35:09.456+0000][765.096s][info][gc             ] GC(1427) Pause Young (Allocation Failure) 260M->182M(278M) 13.305ms
[2025-12-25T04:35:09.458+0000][765.098s][info][gc,cpu         ] GC(1427) User=0.01s Sys=0.00s Real=0.02s
[2025-12-25T04:35:09.607+0000][765.247s][info][gc,start       ] GC(1428) Pause Young (Allocation Failure)
[2025-12-25T04:35:09.621+0000][765.261s][info][gc,heap        ] GC(1428) DefNew: 80155K(88512K)->1345K(88512K) Eden: 78720K(78720K)->0K(78720K) From: 1435K(9792K)->1345K(9792K)
[2025-12-25T04:35:09.622+0000][765.262s][info][gc,heap        ] GC(1428) Tenured: 185939K(196608K)->185967K(196608K)
[2025-12-25T04:35:09.622+0000][765.262s][info][gc,metaspace   ] GC(1428) Metaspace: 97932K(99264K)->97932K(99264K) NonClass: 84896K(85440K)->84896K(85440K) Class: 13035K(13824K)->13035K(13824K)
[2025-12-25T04:35:09.622+0000][765.262s][info][gc             ] GC(1428) Pause Young (Allocation Failure) 259M->182M(278M) 15.400ms
[2025-12-25T04:35:09.622+0000][765.262s][info][gc,cpu         ] GC(1428) User=0.00s Sys=0.01s Real=0.01s
[2025-12-25T04:35:09.755+0000][765.395s][info][gc,start       ] GC(1429) Pause Young (Allocation Failure)
[2025-12-25T04:35:09.761+0000][765.401s][info][gc,heap        ] GC(1429) DefNew: 80063K(88512K)->1688K(88512K) Eden: 78717K(78720K)->0K(78720K) From: 1345K(9792K)->1688K(9792K)
[2025-12-25T04:35:09.761+0000][765.401s][info][gc,heap        ] GC(1429) Tenured: 185967K(196608K)->185967K(196608K)
[2025-12-25T04:35:09.765+0000][765.405s][info][gc,metaspace   ] GC(1429) Metaspace: 97932K(99264K)->97932K(99264K) NonClass: 84896K(85440K)->84896K(85440K) Class: 13035K(13824K)->13035K(13824K)
[2025-12-25T04:35:09.765+0000][765.405s][info][gc             ] GC(1429) Pause Young (Allocation Failure) 259M->183M(278M) 9.802ms
[2025-12-25T04:35:09.766+0000][765.406s][info][gc,cpu         ] GC(1429) User=0.01s Sys=0.00s Real=0.01s
[2025-12-25T04:35:10.025+0000][765.665s][info][gc,start       ] GC(1430) Pause Young (Allocation Failure)
[2025-12-25T04:35:10.034+0000][765.674s][info][gc,heap        ] GC(1430) DefNew: 80408K(88512K)->1316K(88512K) Eden: 78720K(78720K)->0K(78720K) From: 1688K(9792K)->1316K(9792K)
[2025-12-25T04:35:10.034+0000][765.674s][info][gc,heap        ] GC(1430) Tenured: 185967K(196608K)->186087K(196608K)
[2025-12-25T04:35:10.035+0000][765.675s][info][gc,metaspace   ] GC(1430) Metaspace: 97932K(99264K)->97932K(99264K) NonClass: 84896K(85440K)->84896K(85440K) Class: 13035K(13824K)->13035K(13824K)
[2025-12-25T04:35:10.035+0000][765.675s][info][gc             ] GC(1430) Pause Young (Allocation Failure) 260M->183M(278M) 10.642ms
[2025-12-25T04:35:10.038+0000][765.678s][info][gc,cpu         ] GC(1430) User=0.01s Sys=0.00s Real=0.01s
[2025-12-25T04:35:10.182+0000][765.822s][info][gc,start       ] GC(1431) Pause Young (Allocation Failure)
[2025-12-25T04:35:10.214+0000][765.854s][info][gc,heap        ] GC(1431) DefNew: 80036K(88512K)->2334K(88512K) Eden: 78720K(78720K)->0K(78720K) From: 1316K(9792K)->2334K(9792K)
[2025-12-25T04:35:10.214+0000][765.854s][info][gc,heap        ] GC(1431) Tenured: 186087K(196608K)->186094K(196608K)
[2025-12-25T04:35:10.218+0000][765.858s][info][gc,metaspace   ] GC(1431) Metaspace: 97932K(99264K)->97932K(99264K) NonClass: 84896K(85440K)->84896K(85440K) Class: 13035K(13824K)->13035K(13824K)
[2025-12-25T04:35:10.219+0000][765.858s][info][gc             ] GC(1431) Pause Young (Allocation Failure) 259M->184M(278M) 36.015ms
[2025-12-25T04:35:10.219+0000][765.859s][info][gc,cpu         ] GC(1431) User=0.00s Sys=0.00s Real=0.04s
[2025-12-25T04:35:10.457+0000][766.097s][info][gc,start       ] GC(1432) Pause Young (Allocation Failure)
[2025-12-25T04:35:10.478+0000][766.118s][info][gc,heap        ] GC(1432) DefNew: 81054K(88512K)->3322K(88512K) Eden: 78720K(78720K)->0K(78720K) From: 2334K(9792K)->3322K(9792K)
[2025-12-25T04:35:10.479+0000][766.119s][info][gc,heap        ] GC(1432) Tenured: 186094K(196608K)->186094K(196608K)
[2025-12-25T04:35:10.481+0000][766.121s][info][gc,metaspace   ] GC(1432) Metaspace: 97932K(99264K)->97932K(99264K) NonClass: 84896K(85440K)->84896K(85440K) Class: 13035K(13824K)->13035K(13824K)
[2025-12-25T04:35:10.481+0000][766.121s][info][gc             ] GC(1432) Pause Young (Allocation Failure) 260M->184M(278M) 23.564ms
[2025-12-25T04:35:10.481+0000][766.121s][info][gc,cpu         ] GC(1432) User=0.02s Sys=0.01s Real=0.02s
[2025-12-25T04:35:10.665+0000][766.305s][info][gc,start       ] GC(1433) Pause Young (Allocation Failure)
[2025-12-25T04:35:10.670+0000][766.310s][info][gc,heap        ] GC(1433) DefNew: 82042K(88512K)->2490K(88512K) Eden: 78720K(78720K)->0K(78720K) From: 3322K(9792K)->2490K(9792K)
[2025-12-25T04:35:10.670+0000][766.310s][info][gc,heap        ] GC(1433) Tenured: 186094K(196608K)->186094K(196608K)
[2025-12-25T04:35:10.670+0000][766.310s][info][gc,metaspace   ] GC(1433) Metaspace: 97932K(99264K)->97932K(99264K) NonClass: 84896K(85440K)->84896K(85440K) Class: 13035K(13824K)->13035K(13824K)
[2025-12-25T04:35:10.671+0000][766.311s][info][gc             ] GC(1433) Pause Young (Allocation Failure) 261M->184M(278M) 5.793ms
[2025-12-25T04:35:10.671+0000][766.311s][info][gc,cpu         ] GC(1433) User=0.00s Sys=0.00s Real=0.00s
[2025-12-25T04:35:10.850+0000][766.490s][info][gc,start       ] GC(1434) Pause Young (Allocation Failure)
[2025-12-25T04:35:10.856+0000][766.496s][info][gc,heap        ] GC(1434) DefNew: 81210K(88512K)->2928K(88512K) Eden: 78720K(78720K)->0K(78720K) From: 2490K(9792K)->2928K(9792K)
[2025-12-25T04:35:10.857+0000][766.497s][info][gc,heap        ] GC(1434) Tenured: 186094K(196608K)->186095K(196608K)
[2025-12-25T04:35:10.858+0000][766.498s][info][gc,metaspace   ] GC(1434) Metaspace: 97932K(99264K)->97932K(99264K) NonClass: 84896K(85440K)->84896K(85440K) Class: 13035K(13824K)->13035K(13824K)
[2025-12-25T04:35:10.858+0000][766.498s][info][gc             ] GC(1434) Pause Young (Allocation Failure) 261M->184M(278M) 8.504ms
[2025-12-25T04:35:10.858+0000][766.498s][info][gc,cpu         ] GC(1434) User=0.00s Sys=0.00s Real=0.01s
[2025-12-25T04:35:11.046+0000][766.686s][info][gc,start       ] GC(1435) Pause Young (Allocation Failure)
[2025-12-25T04:35:11.053+0000][766.693s][info][gc,heap        ] GC(1435) DefNew: 81648K(88512K)->3861K(88512K) Eden: 78720K(78720K)->0K(78720K) From: 2928K(9792K)->3861K(9792K)
[2025-12-25T04:35:11.055+0000][766.695s][info][gc,heap        ] GC(1435) Tenured: 186095K(196608K)->186102K(196608K)
[2025-12-25T04:35:11.056+0000][766.696s][info][gc,metaspace   ] GC(1435) Metaspace: 97932K(99264K)->97932K(99264K) NonClass: 84896K(85440K)->84896K(85440K) Class: 13035K(13824K)->13035K(13824K)
[2025-12-25T04:35:11.057+0000][766.697s][info][gc             ] GC(1435) Pause Young (Allocation Failure) 261M->185M(278M) 11.523ms
[2025-12-25T04:35:11.060+0000][766.700s][info][gc,cpu         ] GC(1435) User=0.00s Sys=0.00s Real=0.01s
[2025-12-25T04:35:11.213+0000][766.853s][info][gc,start       ] GC(1436) Pause Young (Allocation Failure)
[2025-12-25T04:35:11.220+0000][766.860s][info][gc,heap        ] GC(1436) DefNew: 82581K(88512K)->3743K(88512K) Eden: 78720K(78720K)->0K(78720K) From: 3861K(9792K)->3743K(9792K)
[2025-12-25T04:35:11.220+0000][766.860s][info][gc,heap        ] GC(1436) Tenured: 186102K(196608K)->186102K(196608K)
[2025-12-25T04:35:11.221+0000][766.861s][info][gc,metaspace   ] GC(1436) Metaspace: 97932K(99264K)->97932K(99264K) NonClass: 84896K(85440K)->84896K(85440K) Class: 13035K(13824K)->13035K(13824K)
[2025-12-25T04:35:11.221+0000][766.861s][info][gc             ] GC(1436) Pause Young (Allocation Failure) 262M->185M(278M) 8.077ms
[2025-12-25T04:35:11.221+0000][766.861s][info][gc,cpu         ] GC(1436) User=0.01s Sys=0.00s Real=0.01s
[2025-12-25T04:35:11.292+0000][766.932s][info][gc,start       ] GC(1437) Pause Young (Allocation Failure)
[2025-12-25T04:35:11.298+0000][766.938s][info][gc,heap        ] GC(1437) DefNew: 82463K(88512K)->2658K(88512K) Eden: 78720K(78720K)->0K(78720K) From: 3743K(9792K)->2658K(9792K)
[2025-12-25T04:35:11.299+0000][766.939s][info][gc,heap        ] GC(1437) Tenured: 186102K(196608K)->186102K(196608K)
[2025-12-25T04:35:11.299+0000][766.939s][info][gc,metaspace   ] GC(1437) Metaspace: 97943K(99264K)->97943K(99264K) NonClass: 84907K(85440K)->84907K(85440K) Class: 13035K(13824K)->13035K(13824K)
[2025-12-25T04:35:11.299+0000][766.939s][info][gc             ] GC(1437) Pause Young (Allocation Failure) 262M->184M(278M) 7.154ms
[2025-12-25T04:35:11.300+0000][766.940s][info][gc,cpu         ] GC(1437) User=0.00s Sys=0.00s Real=0.01s
[2025-12-25T04:35:11.354+0000][766.994s][info][gc,start       ] GC(1438) Pause Young (Allocation Failure)
[2025-12-25T04:35:11.368+0000][767.008s][info][gc,heap        ] GC(1438) DefNew: 81378K(88512K)->3060K(88512K) Eden: 78720K(78720K)->0K(78720K) From: 2658K(9792K)->3060K(9792K)
[2025-12-25T04:35:11.368+0000][767.008s][info][gc,heap        ] GC(1438) Tenured: 186102K(196608K)->186102K(196608K)
[2025-12-25T04:35:11.368+0000][767.008s][info][gc,metaspace   ] GC(1438) Metaspace: 97949K(99264K)->97949K(99264K) NonClass: 84914K(85440K)->84914K(85440K) Class: 13035K(13824K)->13035K(13824K)
[2025-12-25T04:35:11.368+0000][767.008s][info][gc             ] GC(1438) Pause Young (Allocation Failure) 261M->184M(278M) 13.861ms
[2025-12-25T04:35:11.368+0000][767.008s][info][gc,cpu         ] GC(1438) User=0.01s Sys=0.00s Real=0.02s
[2025-12-25T04:35:11.491+0000][767.131s][info][gc,start       ] GC(1439) Pause Young (Allocation Failure)
[2025-12-25T04:35:11.497+0000][767.137s][info][gc,heap        ] GC(1439) DefNew: 81780K(88512K)->2944K(88512K) Eden: 78720K(78720K)->0K(78720K) From: 3060K(9792K)->2944K(9792K)
[2025-12-25T04:35:11.502+0000][767.142s][info][gc,heap        ] GC(1439) Tenured: 186102K(196608K)->186102K(196608K)
[2025-12-25T04:35:11.503+0000][767.143s][info][gc,metaspace   ] GC(1439) Metaspace: 97951K(99264K)->97951K(99264K) NonClass: 84915K(85440K)->84915K(85440K) Class: 13035K(13824K)->13035K(13824K)
[2025-12-25T04:35:11.504+0000][767.144s][info][gc             ] GC(1439) Pause Young (Allocation Failure) 261M->184M(278M) 12.898ms
[2025-12-25T04:35:11.505+0000][767.145s][info][gc,cpu         ] GC(1439) User=0.00s Sys=0.00s Real=0.02s
[2025-12-25T04:35:11.679+0000][767.319s][info][gc,start       ] GC(1440) Pause Young (Allocation Failure)
[2025-12-25T04:35:11.684+0000][767.324s][info][gc,heap        ] GC(1440) DefNew: 81664K(88512K)->3335K(88512K) Eden: 78720K(78720K)->0K(78720K) From: 2944K(9792K)->3335K(9792K)
[2025-12-25T04:35:11.685+0000][767.325s][info][gc,heap        ] GC(1440) Tenured: 186102K(196608K)->186103K(196608K)
[2025-12-25T04:35:11.685+0000][767.325s][info][gc,metaspace   ] GC(1440) Metaspace: 97951K(99264K)->97951K(99264K) NonClass: 84915K(85440K)->84915K(85440K) Class: 13035K(13824K)->13035K(13824K)
[2025-12-25T04:35:11.685+0000][767.325s][info][gc             ] GC(1440) Pause Young (Allocation Failure) 261M->184M(278M) 6.323ms
[2025-12-25T04:35:11.686+0000][767.326s][info][gc,cpu         ] GC(1440) User=0.01s Sys=0.00s Real=0.01s
[2025-12-25T04:35:11.827+0000][767.467s][info][gc,start       ] GC(1441) Pause Young (Allocation Failure)
[2025-12-25T04:35:11.854+0000][767.494s][info][gc,heap        ] GC(1441) DefNew: 82055K(88512K)->3313K(88512K) Eden: 78720K(78720K)->0K(78720K) From: 3335K(9792K)->3313K(9792K)
[2025-12-25T04:35:11.855+0000][767.495s][info][gc,heap        ] GC(1441) Tenured: 186103K(196608K)->186103K(196608K)
[2025-12-25T04:35:11.856+0000][767.496s][info][gc,metaspace   ] GC(1441) Metaspace: 97951K(99264K)->97951K(99264K) NonClass: 84915K(85440K)->84915K(85440K) Class: 13035K(13824K)->13035K(13824K)
[2025-12-25T04:35:11.856+0000][767.496s][info][gc             ] GC(1441) Pause Young (Allocation Failure) 261M->184M(278M) 29.510ms
[2025-12-25T04:35:11.857+0000][767.497s][info][gc,cpu         ] GC(1441) User=0.01s Sys=0.01s Real=0.03s
[2025-12-25T04:35:11.977+0000][767.617s][info][gc,start       ] GC(1442) Pause Young (Allocation Failure)
[2025-12-25T04:35:11.983+0000][767.623s][info][gc,heap        ] GC(1442) DefNew: 82033K(88512K)->2504K(88512K) Eden: 78720K(78720K)->0K(78720K) From: 3313K(9792K)->2504K(9792K)
[2025-12-25T04:35:11.983+0000][767.623s][info][gc,heap        ] GC(1442) Tenured: 186103K(196608K)->186104K(196608K)
[2025-12-25T04:35:11.983+0000][767.623s][info][gc,metaspace   ] GC(1442) Metaspace: 97951K(99264K)->97951K(99264K) NonClass: 84915K(85440K)->84915K(85440K) Class: 13035K(13824K)->13035K(13824K)
[2025-12-25T04:35:11.984+0000][767.624s][info][gc             ] GC(1442) Pause Young (Allocation Failure) 261M->184M(278M) 6.912ms
[2025-12-25T04:35:11.984+0000][767.624s][info][gc,cpu         ] GC(1442) User=0.01s Sys=0.00s Real=0.00s
[2025-12-25T04:35:12.126+0000][767.766s][info][gc,start       ] GC(1443) Pause Young (Allocation Failure)
[2025-12-25T04:35:12.130+0000][767.770s][info][gc,heap        ] GC(1443) DefNew: 81224K(88512K)->2892K(88512K) Eden: 78720K(78720K)->0K(78720K) From: 2504K(9792K)->2892K(9792K)
[2025-12-25T04:35:12.132+0000][767.772s][info][gc,heap        ] GC(1443) Tenured: 186104K(196608K)->186104K(196608K)
[2025-12-25T04:35:12.132+0000][767.772s][info][gc,metaspace   ] GC(1443) Metaspace: 97951K(99264K)->97951K(99264K) NonClass: 84915K(85440K)->84915K(85440K) Class: 13035K(13824K)->13035K(13824K)
[2025-12-25T04:35:12.133+0000][767.773s][info][gc             ] GC(1443) Pause Young (Allocation Failure) 261M->184M(278M) 6.577ms
[2025-12-25T04:35:12.133+0000][767.773s][info][gc,cpu         ] GC(1443) User=0.00s Sys=0.00s Real=0.00s
[2025-12-25T04:35:12.253+0000][767.893s][info][gc,start       ] GC(1444) Pause Young (Allocation Failure)
[2025-12-25T04:35:12.256+0000][767.896s][info][gc,heap        ] GC(1444) DefNew: 81612K(88512K)->3223K(88512K) Eden: 78720K(78720K)->0K(78720K) From: 2892K(9792K)->3223K(9792K)
[2025-12-25T04:35:12.257+0000][767.897s][info][gc,heap        ] GC(1444) Tenured: 186104K(196608K)->186104K(196608K)
[2025-12-25T04:35:12.258+0000][767.897s][info][gc,metaspace   ] GC(1444) Metaspace: 97951K(99264K)->97951K(99264K) NonClass: 84915K(85440K)->84915K(85440K) Class: 13035K(13824K)->13035K(13824K)
[2025-12-25T04:35:12.258+0000][767.898s][info][gc             ] GC(1444) Pause Young (Allocation Failure) 261M->184M(278M) 5.052ms
[2025-12-25T04:35:12.258+0000][767.898s][info][gc,cpu         ] GC(1444) User=0.00s Sys=0.00s Real=0.01s
[2025-12-25T04:35:12.472+0000][768.112s][info][gc,start       ] GC(1445) Pause Young (Allocation Failure)
[2025-12-25T04:35:12.489+0000][768.129s][info][gc,heap        ] GC(1445) DefNew: 81943K(88512K)->2717K(88512K) Eden: 78720K(78720K)->0K(78720K) From: 3223K(9792K)->2717K(9792K)
[2025-12-25T04:35:12.490+0000][768.130s][info][gc,heap        ] GC(1445) Tenured: 186104K(196608K)->186104K(196608K)
[2025-12-25T04:35:12.490+0000][768.130s][info][gc,metaspace   ] GC(1445) Metaspace: 97951K(99264K)->97951K(99264K) NonClass: 84915K(85440K)->84915K(85440K) Class: 13035K(13824K)->13035K(13824K)
[2025-12-25T04:35:12.490+0000][768.130s][info][gc             ] GC(1445) Pause Young (Allocation Failure) 261M->184M(278M) 19.637ms
[2025-12-25T04:35:12.492+0000][768.132s][info][gc,cpu         ] GC(1445) User=0.01s Sys=0.00s Real=0.02s
[2025-12-25T04:35:12.780+0000][768.420s][info][gc,start       ] GC(1446) Pause Young (Allocation Failure)
[2025-12-25T04:35:12.809+0000][768.449s][info][gc,heap        ] GC(1446) DefNew: 81437K(88512K)->3732K(88512K) Eden: 78720K(78720K)->0K(78720K) From: 2717K(9792K)->3732K(9792K)
[2025-12-25T04:35:12.810+0000][768.450s][info][gc,heap        ] GC(1446) Tenured: 186104K(196608K)->186104K(196608K)
[2025-12-25T04:35:12.810+0000][768.450s][info][gc,metaspace   ] GC(1446) Metaspace: 97951K(99264K)->97951K(99264K) NonClass: 84915K(85440K)->84915K(85440K) Class: 13035K(13824K)->13035K(13824K)
[2025-12-25T04:35:12.810+0000][768.450s][info][gc             ] GC(1446) Pause Young (Allocation Failure) 261M->185M(278M) 30.347ms
[2025-12-25T04:35:12.810+0000][768.450s][info][gc,cpu         ] GC(1446) User=0.01s Sys=0.00s Real=0.03s
[2025-12-25T04:35:13.002+0000][768.642s][info][gc,start       ] GC(1447) Pause Young (Allocation Failure)
[2025-12-25T04:35:13.013+0000][768.653s][info][gc,heap        ] GC(1447) DefNew: 82452K(88512K)->2847K(88512K) Eden: 78720K(78720K)->0K(78720K) From: 3732K(9792K)->2847K(9792K)
[2025-12-25T04:35:13.013+0000][768.653s][info][gc,heap        ] GC(1447) Tenured: 186104K(196608K)->186168K(196608K)
[2025-12-25T04:35:13.014+0000][768.654s][info][gc,metaspace   ] GC(1447) Metaspace: 97951K(99264K)->97951K(99264K) NonClass: 84915K(85440K)->84915K(85440K) Class: 13035K(13824K)->13035K(13824K)
[2025-12-25T04:35:13.014+0000][768.654s][info][gc             ] GC(1447) Pause Young (Allocation Failure) 262M->184M(278M) 11.894ms
[2025-12-25T04:35:13.014+0000][768.654s][info][gc,cpu         ] GC(1447) User=0.00s Sys=0.00s Real=0.01s
[2025-12-25T04:35:13.131+0000][768.771s][info][gc,start       ] GC(1448) Pause Young (Allocation Failure)
[2025-12-25T04:35:13.136+0000][768.776s][info][gc,heap        ] GC(1448) DefNew: 81567K(88512K)->2718K(88512K) Eden: 78720K(78720K)->0K(78720K) From: 2847K(9792K)->2718K(9792K)
[2025-12-25T04:35:13.136+0000][768.776s][info][gc,heap        ] GC(1448) Tenured: 186168K(196608K)->186168K(196608K)
[2025-12-25T04:35:13.136+0000][768.776s][info][gc,metaspace   ] GC(1448) Metaspace: 97951K(99264K)->97951K(99264K) NonClass: 84915K(85440K)->84915K(85440K) Class: 13035K(13824K)->13035K(13824K)
[2025-12-25T04:35:13.136+0000][768.776s][info][gc             ] GC(1448) Pause Young (Allocation Failure) 261M->184M(278M) 5.686ms
[2025-12-25T04:35:13.136+0000][768.776s][info][gc,cpu         ] GC(1448) User=0.00s Sys=0.00s Real=0.01s
[2025-12-25T04:35:13.318+0000][768.958s][info][gc,start       ] GC(1449) Pause Young (Allocation Failure)
[2025-12-25T04:35:13.356+0000][768.996s][info][gc,heap        ] GC(1449) DefNew: 81438K(88512K)->2218K(88512K) Eden: 78720K(78720K)->0K(78720K) From: 2718K(9792K)->2218K(9792K)
[2025-12-25T04:35:13.357+0000][768.997s][info][gc,heap        ] GC(1449) Tenured: 186168K(196608K)->186168K(196608K)
[2025-12-25T04:35:13.358+0000][768.998s][info][gc,metaspace   ] GC(1449) Metaspace: 97951K(99264K)->97951K(99264K) NonClass: 84915K(85440K)->84915K(85440K) Class: 13035K(13824K)->13035K(13824K)
[2025-12-25T04:35:13.359+0000][768.999s][info][gc             ] GC(1449) Pause Young (Allocation Failure) 261M->183M(278M) 40.141ms
[2025-12-25T04:35:13.360+0000][769.000s][info][gc,cpu         ] GC(1449) User=0.01s Sys=0.00s Real=0.04s
[2025-12-25T04:35:13.534+0000][769.174s][info][gc,start       ] GC(1450) Pause Young (Allocation Failure)
[2025-12-25T04:35:13.540+0000][769.180s][info][gc,heap        ] GC(1450) DefNew: 80938K(88512K)->2975K(88512K) Eden: 78720K(78720K)->0K(78720K) From: 2218K(9792K)->2975K(9792K)
[2025-12-25T04:35:13.540+0000][769.180s][info][gc,heap        ] GC(1450) Tenured: 186168K(196608K)->186168K(196608K)
[2025-12-25T04:35:13.541+0000][769.181s][info][gc,metaspace   ] GC(1450) Metaspace: 97951K(99264K)->97951K(99264K) NonClass: 84915K(85440K)->84915K(85440K) Class: 13035K(13824K)->13035K(13824K)
[2025-12-25T04:35:13.541+0000][769.181s][info][gc             ] GC(1450) Pause Young (Allocation Failure) 260M->184M(278M) 7.604ms
[2025-12-25T04:35:13.543+0000][769.183s][info][gc,cpu         ] GC(1450) User=0.01s Sys=0.00s Real=0.01s
[2025-12-25T04:35:13.689+0000][769.329s][info][gc,start       ] GC(1451) Pause Young (Allocation Failure)
[2025-12-25T04:35:13.697+0000][769.337s][info][gc,heap        ] GC(1451) DefNew: 81695K(88512K)->2563K(88512K) Eden: 78720K(78720K)->0K(78720K) From: 2975K(9792K)->2563K(9792K)
[2025-12-25T04:35:13.698+0000][769.338s][info][gc,heap        ] GC(1451) Tenured: 186168K(196608K)->186168K(196608K)
[2025-12-25T04:35:13.699+0000][769.339s][info][gc,metaspace   ] GC(1451) Metaspace: 97951K(99264K)->97951K(99264K) NonClass: 84915K(85440K)->84915K(85440K) Class: 13035K(13824K)->13035K(13824K)
[2025-12-25T04:35:13.702+0000][769.342s][info][gc             ] GC(1451) Pause Young (Allocation Failure) 261M->184M(278M) 12.629ms
[2025-12-25T04:35:13.704+0000][769.344s][info][gc,cpu         ] GC(1451) User=0.00s Sys=0.00s Real=0.01s
[2025-12-25T04:35:13.831+0000][769.471s][info][gc,start       ] GC(1452) Pause Young (Allocation Failure)
[2025-12-25T04:35:13.843+0000][769.483s][info][gc,heap        ] GC(1452) DefNew: 81283K(88512K)->2779K(88512K) Eden: 78719K(78720K)->0K(78720K) From: 2563K(9792K)->2779K(9792K)
[2025-12-25T04:35:13.845+0000][769.485s][info][gc,heap        ] GC(1452) Tenured: 186168K(196608K)->186175K(196608K)
[2025-12-25T04:35:13.845+0000][769.485s][info][gc,metaspace   ] GC(1452) Metaspace: 97951K(99264K)->97951K(99264K) NonClass: 84915K(85440K)->84915K(85440K) Class: 13035K(13824K)->13035K(13824K)
[2025-12-25T04:35:13.845+0000][769.485s][info][gc             ] GC(1452) Pause Young (Allocation Failure) 261M->184M(278M) 13.909ms
[2025-12-25T04:35:13.845+0000][769.485s][info][gc,cpu         ] GC(1452) User=0.00s Sys=0.00s Real=0.02s
[2025-12-25T04:35:13.993+0000][769.633s][info][gc,start       ] GC(1453) Pause Young (Allocation Failure)
[2025-12-25T04:35:13.998+0000][769.638s][info][gc,heap        ] GC(1453) DefNew: 81499K(88512K)->3683K(88512K) Eden: 78720K(78720K)->0K(78720K) From: 2779K(9792K)->3683K(9792K)
[2025-12-25T04:35:13.998+0000][769.638s][info][gc,heap        ] GC(1453) Tenured: 186175K(196608K)->186176K(196608K)
[2025-12-25T04:35:13.998+0000][769.638s][info][gc,metaspace   ] GC(1453) Metaspace: 97951K(99264K)->97951K(99264K) NonClass: 84915K(85440K)->84915K(85440K) Class: 13035K(13824K)->13035K(13824K)
[2025-12-25T04:35:14.002+0000][769.642s][info][gc             ] GC(1453) Pause Young (Allocation Failure) 261M->185M(278M) 9.041ms
[2025-12-25T04:35:14.005+0000][769.645s][info][gc,cpu         ] GC(1453) User=0.01s Sys=0.01s Real=0.02s
[2025-12-25T04:35:14.188+0000][769.828s][info][gc,start       ] GC(1454) Pause Young (Allocation Failure)
[2025-12-25T04:35:14.211+0000][769.851s][info][gc,heap        ] GC(1454) DefNew: 82403K(88512K)->3477K(88512K) Eden: 78720K(78720K)->0K(78720K) From: 3683K(9792K)->3477K(9792K)
[2025-12-25T04:35:14.215+0000][769.855s][info][gc,heap        ] GC(1454) Tenured: 186176K(196608K)->186181K(196608K)
[2025-12-25T04:35:14.215+0000][769.855s][info][gc,metaspace   ] GC(1454) Metaspace: 97951K(99264K)->97951K(99264K) NonClass: 84915K(85440K)->84915K(85440K) Class: 13035K(13824K)->13035K(13824K)
[2025-12-25T04:35:14.215+0000][769.855s][info][gc             ] GC(1454) Pause Young (Allocation Failure) 262M->185M(278M) 27.172ms
[2025-12-25T04:35:14.219+0000][769.859s][info][gc,cpu         ] GC(1454) User=0.01s Sys=0.00s Real=0.03s
[2025-12-25T04:35:14.420+0000][770.060s][info][gc,start       ] GC(1455) Pause Young (Allocation Failure)
[2025-12-25T04:35:14.452+0000][770.092s][info][gc,heap        ] GC(1455) DefNew: 82197K(88512K)->3280K(88512K) Eden: 78720K(78720K)->0K(78720K) From: 3477K(9792K)->3280K(9792K)
[2025-12-25T04:35:14.458+0000][770.098s][info][gc,heap        ] GC(1455) Tenured: 186181K(196608K)->186181K(196608K)
[2025-12-25T04:35:14.458+0000][770.098s][info][gc,metaspace   ] GC(1455) Metaspace: 97951K(99264K)->97951K(99264K) NonClass: 84915K(85440K)->84915K(85440K) Class: 13035K(13824K)->13035K(13824K)
[2025-12-25T04:35:14.459+0000][770.099s][info][gc             ] GC(1455) Pause Young (Allocation Failure) 262M->185M(278M) 38.465ms
[2025-12-25T04:35:14.459+0000][770.099s][info][gc,cpu         ] GC(1455) User=0.01s Sys=0.00s Real=0.04s
[2025-12-25T04:35:14.711+0000][770.351s][info][gc,start       ] GC(1456) Pause Young (Allocation Failure)
[2025-12-25T04:35:14.740+0000][770.380s][info][gc,heap        ] GC(1456) DefNew: 82000K(88512K)->5340K(88512K) Eden: 78720K(78720K)->0K(78720K) From: 3280K(9792K)->5340K(9792K)
[2025-12-25T04:35:14.741+0000][770.381s][info][gc,heap        ] GC(1456) Tenured: 186181K(196608K)->186181K(196608K)
[2025-12-25T04:35:14.742+0000][770.382s][info][gc,metaspace   ] GC(1456) Metaspace: 97951K(99264K)->97951K(99264K) NonClass: 84915K(85440K)->84915K(85440K) Class: 13035K(13824K)->13035K(13824K)
[2025-12-25T04:35:14.742+0000][770.382s][info][gc             ] GC(1456) Pause Young (Allocation Failure) 261M->187M(278M) 30.894ms
[2025-12-25T04:35:14.744+0000][770.384s][info][gc,cpu         ] GC(1456) User=0.01s Sys=0.00s Real=0.03s
[2025-12-25T04:35:14.901+0000][770.541s][info][gc,start       ] GC(1457) Pause Young (Allocation Failure)
[2025-12-25T04:35:14.921+0000][770.561s][info][gc,heap        ] GC(1457) DefNew: 84060K(88512K)->1973K(88512K) Eden: 78720K(78720K)->0K(78720K) From: 5340K(9792K)->1973K(9792K)
[2025-12-25T04:35:14.921+0000][770.561s][info][gc,heap        ] GC(1457) Tenured: 186181K(196608K)->186628K(196608K)
[2025-12-25T04:35:14.922+0000][770.562s][info][gc,metaspace   ] GC(1457) Metaspace: 97951K(99264K)->97951K(99264K) NonClass: 84915K(85440K)->84915K(85440K) Class: 13035K(13824K)->13035K(13824K)
[2025-12-25T04:35:14.923+0000][770.563s][info][gc             ] GC(1457) Pause Young (Allocation Failure) 263M->184M(278M) 21.315ms
[2025-12-25T04:35:14.923+0000][770.563s][info][gc,cpu         ] GC(1457) User=0.00s Sys=0.00s Real=0.02s
[2025-12-25T04:35:15.088+0000][770.728s][info][gc,start       ] GC(1458) Pause Young (Allocation Failure)
[2025-12-25T04:35:15.105+0000][770.745s][info][gc,heap        ] GC(1458) DefNew: 80693K(88512K)->2444K(88512K) Eden: 78720K(78720K)->0K(78720K) From: 1973K(9792K)->2444K(9792K)
[2025-12-25T04:35:15.107+0000][770.747s][info][gc,heap        ] GC(1458) Tenured: 186628K(196608K)->186628K(196608K)
[2025-12-25T04:35:15.107+0000][770.747s][info][gc,metaspace   ] GC(1458) Metaspace: 97951K(99264K)->97951K(99264K) NonClass: 84915K(85440K)->84915K(85440K) Class: 13035K(13824K)->13035K(13824K)
[2025-12-25T04:35:15.107+0000][770.747s][info][gc             ] GC(1458) Pause Young (Allocation Failure) 261M->184M(278M) 19.078ms
[2025-12-25T04:35:15.108+0000][770.748s][info][gc,cpu         ] GC(1458) User=0.01s Sys=0.00s Real=0.02s
[2025-12-25T04:35:15.234+0000][770.874s][info][gc,start       ] GC(1459) Pause Young (Allocation Failure)
[2025-12-25T04:35:15.240+0000][770.880s][info][gc,heap        ] GC(1459) DefNew: 81164K(88512K)->2714K(88512K) Eden: 78720K(78720K)->0K(78720K) From: 2444K(9792K)->2714K(9792K)
[2025-12-25T04:35:15.242+0000][770.882s][info][gc,heap        ] GC(1459) Tenured: 186628K(196608K)->186628K(196608K)
[2025-12-25T04:35:15.243+0000][770.883s][info][gc,metaspace   ] GC(1459) Metaspace: 97951K(99264K)->97951K(99264K) NonClass: 84915K(85440K)->84915K(85440K) Class: 13035K(13824K)->13035K(13824K)
[2025-12-25T04:35:15.243+0000][770.883s][info][gc             ] GC(1459) Pause Young (Allocation Failure) 261M->184M(278M) 8.702ms
[2025-12-25T04:35:15.243+0000][770.883s][info][gc,cpu         ] GC(1459) User=0.01s Sys=0.00s Real=0.01s
[2025-12-25T04:35:15.412+0000][771.052s][info][gc,start       ] GC(1460) Pause Young (Allocation Failure)
[2025-12-25T04:35:15.438+0000][771.078s][info][gc,heap        ] GC(1460) DefNew: 81434K(88512K)->2301K(88512K) Eden: 78720K(78720K)->0K(78720K) From: 2714K(9792K)->2301K(9792K)
[2025-12-25T04:35:15.439+0000][771.079s][info][gc,heap        ] GC(1460) Tenured: 186628K(196608K)->186628K(196608K)
[2025-12-25T04:35:15.439+0000][771.079s][info][gc,metaspace   ] GC(1460) Metaspace: 97951K(99264K)->97951K(99264K) NonClass: 84915K(85440K)->84915K(85440K) Class: 13035K(13824K)->13035K(13824K)
[2025-12-25T04:35:15.440+0000][771.080s][info][gc             ] GC(1460) Pause Young (Allocation Failure) 261M->184M(278M) 27.562ms
[2025-12-25T04:35:15.441+0000][771.081s][info][gc,cpu         ] GC(1460) User=0.01s Sys=0.00s Real=0.03s
[2025-12-25T04:35:15.661+0000][771.301s][info][gc,start       ] GC(1461) Pause Young (Allocation Failure)
[2025-12-25T04:35:15.687+0000][771.327s][info][gc,heap        ] GC(1461) DefNew: 81021K(88512K)->3131K(88512K) Eden: 78720K(78720K)->0K(78720K) From: 2301K(9792K)->3131K(9792K)
[2025-12-25T04:35:15.687+0000][771.327s][info][gc,heap        ] GC(1461) Tenured: 186628K(196608K)->186628K(196608K)
[2025-12-25T04:35:15.688+0000][771.328s][info][gc,metaspace   ] GC(1461) Metaspace: 97951K(99264K)->97951K(99264K) NonClass: 84915K(85440K)->84915K(85440K) Class: 13035K(13824K)->13035K(13824K)
[2025-12-25T04:35:15.688+0000][771.328s][info][gc             ] GC(1461) Pause Young (Allocation Failure) 261M->185M(278M) 26.782ms
[2025-12-25T04:35:15.689+0000][771.329s][info][gc,cpu         ] GC(1461) User=0.02s Sys=0.00s Real=0.03s
[2025-12-25T04:35:15.884+0000][771.524s][info][gc,start       ] GC(1462) Pause Young (Allocation Failure)
[2025-12-25T04:35:15.898+0000][771.538s][info][gc,heap        ] GC(1462) DefNew: 81851K(88512K)->2511K(88512K) Eden: 78720K(78720K)->0K(78720K) From: 3131K(9792K)->2511K(9792K)
[2025-12-25T04:35:15.898+0000][771.538s][info][gc,heap        ] GC(1462) Tenured: 186628K(196608K)->186628K(196608K)
[2025-12-25T04:35:15.898+0000][771.538s][info][gc,metaspace   ] GC(1462) Metaspace: 97951K(99264K)->97951K(99264K) NonClass: 84915K(85440K)->84915K(85440K) Class: 13035K(13824K)->13035K(13824K)
[2025-12-25T04:35:15.898+0000][771.538s][info][gc             ] GC(1462) Pause Young (Allocation Failure) 262M->184M(278M) 14.634ms
[2025-12-25T04:35:15.899+0000][771.539s][info][gc,cpu         ] GC(1462) User=0.00s Sys=0.00s Real=0.02s
[2025-12-25T04:35:16.015+0000][771.655s][info][gc,start       ] GC(1463) Pause Young (Allocation Failure)
[2025-12-25T04:35:16.028+0000][771.668s][info][gc,heap        ] GC(1463) DefNew: 81231K(88512K)->2859K(88512K) Eden: 78719K(78720K)->0K(78720K) From: 2511K(9792K)->2859K(9792K)
[2025-12-25T04:35:16.031+0000][771.671s][info][gc,heap        ] GC(1463) Tenured: 186628K(196608K)->186628K(196608K)
[2025-12-25T04:35:16.031+0000][771.671s][info][gc,metaspace   ] GC(1463) Metaspace: 97951K(99264K)->97951K(99264K) NonClass: 84915K(85440K)->84915K(85440K) Class: 13035K(13824K)->13035K(13824K)
[2025-12-25T04:35:16.032+0000][771.672s][info][gc             ] GC(1463) Pause Young (Allocation Failure) 261M->185M(278M) 16.527ms
[2025-12-25T04:35:16.032+0000][771.672s][info][gc,cpu         ] GC(1463) User=0.01s Sys=0.00s Real=0.01s
[2025-12-25T04:35:16.200+0000][771.840s][info][gc,start       ] GC(1464) Pause Young (Allocation Failure)
[2025-12-25T04:35:16.204+0000][771.844s][info][gc,heap        ] GC(1464) DefNew: 81579K(88512K)->2557K(88512K) Eden: 78720K(78720K)->0K(78720K) From: 2859K(9792K)->2557K(9792K)
[2025-12-25T04:35:16.205+0000][771.845s][info][gc,heap        ] GC(1464) Tenured: 186628K(196608K)->186628K(196608K)
[2025-12-25T04:35:16.205+0000][771.845s][info][gc,metaspace   ] GC(1464) Metaspace: 97951K(99264K)->97951K(99264K) NonClass: 84915K(85440K)->84915K(85440K) Class: 13035K(13824K)->13035K(13824K)
[2025-12-25T04:35:16.205+0000][771.845s][info][gc             ] GC(1464) Pause Young (Allocation Failure) 261M->184M(278M) 5.234ms
[2025-12-25T04:35:16.207+0000][771.847s][info][gc,cpu         ] GC(1464) User=0.01s Sys=0.00s Real=0.01s
[2025-12-25T04:35:16.333+0000][771.973s][info][gc,start       ] GC(1465) Pause Young (Allocation Failure)
[2025-12-25T04:35:16.351+0000][771.991s][info][gc,heap        ] GC(1465) DefNew: 81277K(88512K)->3441K(88512K) Eden: 78720K(78720K)->0K(78720K) From: 2557K(9792K)->3441K(9792K)
[2025-12-25T04:35:16.356+0000][771.996s][info][gc,heap        ] GC(1465) Tenured: 186628K(196608K)->186628K(196608K)
[2025-12-25T04:35:16.356+0000][771.996s][info][gc,metaspace   ] GC(1465) Metaspace: 97951K(99264K)->97951K(99264K) NonClass: 84915K(85440K)->84915K(85440K) Class: 13035K(13824K)->13035K(13824K)
[2025-12-25T04:35:16.356+0000][771.996s][info][gc             ] GC(1465) Pause Young (Allocation Failure) 261M->185M(278M) 23.768ms
[2025-12-25T04:35:16.359+0000][771.999s][info][gc,cpu         ] GC(1465) User=0.01s Sys=0.00s Real=0.03s
[2025-12-25T04:35:16.521+0000][772.161s][info][gc,start       ] GC(1466) Pause Young (Allocation Failure)
[2025-12-25T04:35:16.533+0000][772.173s][info][gc,heap        ] GC(1466) DefNew: 82161K(88512K)->5326K(88512K) Eden: 78720K(78720K)->0K(78720K) From: 3441K(9792K)->5326K(9792K)
[2025-12-25T04:35:16.534+0000][772.174s][info][gc,heap        ] GC(1466) Tenured: 186628K(196608K)->186628K(196608K)
[2025-12-25T04:35:16.535+0000][772.175s][info][gc,metaspace   ] GC(1466) Metaspace: 97951K(99264K)->97951K(99264K) NonClass: 84915K(85440K)->84915K(85440K) Class: 13035K(13824K)->13035K(13824K)
[2025-12-25T04:35:16.536+0000][772.176s][info][gc             ] GC(1466) Pause Young (Allocation Failure) 262M->187M(278M) 14.194ms
[2025-12-25T04:35:16.537+0000][772.177s][info][gc,cpu         ] GC(1466) User=0.01s Sys=0.00s Real=0.02s
[2025-12-25T04:35:16.706+0000][772.346s][info][gc,start       ] GC(1467) Pause Young (Allocation Failure)
[2025-12-25T04:35:16.713+0000][772.353s][info][gc,heap        ] GC(1467) DefNew: 84046K(88512K)->2312K(88512K) Eden: 78720K(78720K)->0K(78720K) From: 5326K(9792K)->2312K(9792K)
[2025-12-25T04:35:16.714+0000][772.354s][info][gc,heap        ] GC(1467) Tenured: 186628K(196608K)->186782K(196608K)
[2025-12-25T04:35:16.714+0000][772.354s][info][gc,metaspace   ] GC(1467) Metaspace: 97951K(99264K)->97951K(99264K) NonClass: 84915K(85440K)->84915K(85440K) Class: 13035K(13824K)->13035K(13824K)
[2025-12-25T04:35:16.714+0000][772.354s][info][gc             ] GC(1467) Pause Young (Allocation Failure) 264M->184M(278M) 8.216ms
[2025-12-25T04:35:16.715+0000][772.355s][info][gc,cpu         ] GC(1467) User=0.01s Sys=0.00s Real=0.01s
[2025-12-25T04:35:16.853+0000][772.493s][info][gc,start       ] GC(1468) Pause Young (Allocation Failure)
[2025-12-25T04:35:16.859+0000][772.499s][info][gc,heap        ] GC(1468) DefNew: 81032K(88512K)->2856K(88512K) Eden: 78720K(78720K)->0K(78720K) From: 2312K(9792K)->2856K(9792K)
[2025-12-25T04:35:16.861+0000][772.501s][info][gc,heap        ] GC(1468) Tenured: 186782K(196608K)->186782K(196608K)
[2025-12-25T04:35:16.862+0000][772.502s][info][gc,metaspace   ] GC(1468) Metaspace: 97951K(99264K)->97951K(99264K) NonClass: 84915K(85440K)->84915K(85440K) Class: 13035K(13824K)->13035K(13824K)
[2025-12-25T04:35:16.862+0000][772.502s][info][gc             ] GC(1468) Pause Young (Allocation Failure) 261M->185M(278M) 8.668ms
[2025-12-25T04:35:16.862+0000][772.502s][info][gc,cpu         ] GC(1468) User=0.00s Sys=0.00s Real=0.01s
[2025-12-25T04:35:17.048+0000][772.688s][info][gc,start       ] GC(1469) Pause Young (Allocation Failure)
[2025-12-25T04:35:17.055+0000][772.695s][info][gc,heap        ] GC(1469) DefNew: 81576K(88512K)->2999K(88512K) Eden: 78720K(78720K)->0K(78720K) From: 2856K(9792K)->2999K(9792K)
[2025-12-25T04:35:17.055+0000][772.695s][info][gc,heap        ] GC(1469) Tenured: 186782K(196608K)->186782K(196608K)
[2025-12-25T04:35:17.056+0000][772.696s][info][gc,metaspace   ] GC(1469) Metaspace: 97951K(99264K)->97951K(99264K) NonClass: 84915K(85440K)->84915K(85440K) Class: 13035K(13824K)->13035K(13824K)
[2025-12-25T04:35:17.057+0000][772.697s][info][gc             ] GC(1469) Pause Young (Allocation Failure) 262M->185M(278M) 8.676ms
[2025-12-25T04:35:17.057+0000][772.697s][info][gc,cpu         ] GC(1469) User=0.01s Sys=0.00s Real=0.01s
[2025-12-25T04:35:17.284+0000][772.924s][info][gc,start       ] GC(1470) Pause Young (Allocation Failure)
[2025-12-25T04:35:17.290+0000][772.930s][info][gc,heap        ] GC(1470) DefNew: 81719K(88512K)->3430K(88512K) Eden: 78720K(78720K)->0K(78720K) From: 2999K(9792K)->3430K(9792K)
[2025-12-25T04:35:17.290+0000][772.930s][info][gc,heap        ] GC(1470) Tenured: 186782K(196608K)->186782K(196608K)
[2025-12-25T04:35:17.290+0000][772.930s][info][gc,metaspace   ] GC(1470) Metaspace: 97951K(99264K)->97951K(99264K) NonClass: 84915K(85440K)->84915K(85440K) Class: 13035K(13824K)->13035K(13824K)
[2025-12-25T04:35:17.290+0000][772.930s][info][gc             ] GC(1470) Pause Young (Allocation Failure) 262M->185M(278M) 6.354ms
[2025-12-25T04:35:17.291+0000][772.931s][info][gc,cpu         ] GC(1470) User=0.01s Sys=0.00s Real=0.01s
[2025-12-25T04:35:17.427+0000][773.067s][info][gc,start       ] GC(1471) Pause Young (Allocation Failure)
[2025-12-25T04:35:17.447+0000][773.087s][info][gc,heap        ] GC(1471) DefNew: 82150K(88512K)->3496K(88512K) Eden: 78720K(78720K)->0K(78720K) From: 3430K(9792K)->3496K(9792K)
[2025-12-25T04:35:17.448+0000][773.088s][info][gc,heap        ] GC(1471) Tenured: 186782K(196608K)->186782K(196608K)
[2025-12-25T04:35:17.449+0000][773.089s][info][gc,metaspace   ] GC(1471) Metaspace: 97951K(99264K)->97951K(99264K) NonClass: 84915K(85440K)->84915K(85440K) Class: 13035K(13824K)->13035K(13824K)
[2025-12-25T04:35:17.449+0000][773.089s][info][gc             ] GC(1471) Pause Young (Allocation Failure) 262M->185M(278M) 22.315ms
[2025-12-25T04:35:17.449+0000][773.089s][info][gc,cpu         ] GC(1471) User=0.00s Sys=0.00s Real=0.02s
[2025-12-25T04:35:17.556+0000][773.196s][info][gc,start       ] GC(1472) Pause Young (Allocation Failure)
[2025-12-25T04:35:17.565+0000][773.205s][info][gc,heap        ] GC(1472) DefNew: 82216K(88512K)->3745K(88512K) Eden: 78720K(78720K)->0K(78720K) From: 3496K(9792K)->3745K(9792K)
[2025-12-25T04:35:17.566+0000][773.206s][info][gc,heap        ] GC(1472) Tenured: 186782K(196608K)->186782K(196608K)
[2025-12-25T04:35:17.567+0000][773.207s][info][gc,metaspace   ] GC(1472) Metaspace: 97951K(99264K)->97951K(99264K) NonClass: 84915K(85440K)->84915K(85440K) Class: 13035K(13824K)->13035K(13824K)
[2025-12-25T04:35:17.567+0000][773.207s][info][gc             ] GC(1472) Pause Young (Allocation Failure) 262M->186M(278M) 11.285ms
[2025-12-25T04:35:17.568+0000][773.208s][info][gc,cpu         ] GC(1472) User=0.00s Sys=0.00s Real=0.01s
[2025-12-25T04:35:17.687+0000][773.327s][info][gc,start       ] GC(1473) Pause Young (Allocation Failure)
[2025-12-25T04:35:17.700+0000][773.340s][info][gc,heap        ] GC(1473) DefNew: 82465K(88512K)->3095K(88512K) Eden: 78720K(78720K)->0K(78720K) From: 3745K(9792K)->3095K(9792K)
[2025-12-25T04:35:17.700+0000][773.340s][info][gc,heap        ] GC(1473) Tenured: 186782K(196608K)->186804K(196608K)
[2025-12-25T04:35:17.700+0000][773.340s][info][gc,metaspace   ] GC(1473) Metaspace: 97951K(99264K)->97951K(99264K) NonClass: 84915K(85440K)->84915K(85440K) Class: 13035K(13824K)->13035K(13824K)
[2025-12-25T04:35:17.701+0000][773.340s][info][gc             ] GC(1473) Pause Young (Allocation Failure) 262M->185M(278M) 13.286ms
[2025-12-25T04:35:17.704+0000][773.344s][info][gc,cpu         ] GC(1473) User=0.00s Sys=0.00s Real=0.01s
[2025-12-25T04:35:17.883+0000][773.523s][info][gc,start       ] GC(1474) Pause Young (Allocation Failure)
[2025-12-25T04:35:17.888+0000][773.528s][info][gc,heap        ] GC(1474) DefNew: 81815K(88512K)->2841K(88512K) Eden: 78720K(78720K)->0K(78720K) From: 3095K(9792K)->2841K(9792K)
[2025-12-25T04:35:17.893+0000][773.533s][info][gc,heap        ] GC(1474) Tenured: 186804K(196608K)->186804K(196608K)
[2025-12-25T04:35:17.893+0000][773.533s][info][gc,metaspace   ] GC(1474) Metaspace: 97951K(99264K)->97951K(99264K) NonClass: 84915K(85440K)->84915K(85440K) Class: 13035K(13824K)->13035K(13824K)
[2025-12-25T04:35:17.893+0000][773.533s][info][gc             ] GC(1474) Pause Young (Allocation Failure) 262M->185M(278M) 10.781ms
[2025-12-25T04:35:17.894+0000][773.534s][info][gc,cpu         ] GC(1474) User=0.01s Sys=0.00s Real=0.01s
[2025-12-25T04:35:18.159+0000][773.799s][info][gc,start       ] GC(1475) Pause Young (Allocation Failure)
[2025-12-25T04:35:18.178+0000][773.818s][info][gc,heap        ] GC(1475) DefNew: 81561K(88512K)->3194K(88512K) Eden: 78720K(78720K)->0K(78720K) From: 2841K(9792K)->3194K(9792K)
[2025-12-25T04:35:18.181+0000][773.821s][info][gc,heap        ] GC(1475) Tenured: 186804K(196608K)->186978K(196608K)
[2025-12-25T04:35:18.181+0000][773.821s][info][gc,metaspace   ] GC(1475) Metaspace: 97951K(99264K)->97951K(99264K) NonClass: 84915K(85440K)->84915K(85440K) Class: 13035K(13824K)->13035K(13824K)
[2025-12-25T04:35:18.182+0000][773.822s][info][gc             ] GC(1475) Pause Young (Allocation Failure) 262M->185M(278M) 22.878ms
[2025-12-25T04:35:18.182+0000][773.822s][info][gc,cpu         ] GC(1475) User=0.01s Sys=0.00s Real=0.02s
[2025-12-25T04:35:18.406+0000][774.046s][info][gc,start       ] GC(1476) Pause Young (Allocation Failure)
[2025-12-25T04:35:18.417+0000][774.057s][info][gc,heap        ] GC(1476) DefNew: 81914K(88512K)->2560K(88512K) Eden: 78720K(78720K)->0K(78720K) From: 3194K(9792K)->2560K(9792K)
[2025-12-25T04:35:18.420+0000][774.060s][info][gc,heap        ] GC(1476) Tenured: 186978K(196608K)->186978K(196608K)
[2025-12-25T04:35:18.421+0000][774.061s][info][gc,metaspace   ] GC(1476) Metaspace: 97951K(99264K)->97951K(99264K) NonClass: 84915K(85440K)->84915K(85440K) Class: 13035K(13824K)->13035K(13824K)
[2025-12-25T04:35:18.423+0000][774.063s][info][gc             ] GC(1476) Pause Young (Allocation Failure) 262M->185M(278M) 16.738ms
[2025-12-25T04:35:18.424+0000][774.064s][info][gc,cpu         ] GC(1476) User=0.00s Sys=0.00s Real=0.01s
[2025-12-25T04:35:18.694+0000][774.334s][info][gc,start       ] GC(1477) Pause Young (Allocation Failure)
[2025-12-25T04:35:18.707+0000][774.347s][info][gc,heap        ] GC(1477) DefNew: 81280K(88512K)->3175K(88512K) Eden: 78720K(78720K)->0K(78720K) From: 2560K(9792K)->3175K(9792K)
[2025-12-25T04:35:18.708+0000][774.348s][info][gc,heap        ] GC(1477) Tenured: 186978K(196608K)->186978K(196608K)
[2025-12-25T04:35:18.708+0000][774.348s][info][gc,metaspace   ] GC(1477) Metaspace: 97951K(99264K)->97951K(99264K) NonClass: 84915K(85440K)->84915K(85440K) Class: 13035K(13824K)->13035K(13824K)
[2025-12-25T04:35:18.708+0000][774.348s][info][gc             ] GC(1477) Pause Young (Allocation Failure) 261M->185M(278M) 14.506ms
[2025-12-25T04:35:18.709+0000][774.349s][info][gc,cpu         ] GC(1477) User=0.01s Sys=0.00s Real=0.02s
[2025-12-25T04:35:18.905+0000][774.545s][info][gc,start       ] GC(1478) Pause Young (Allocation Failure)
[2025-12-25T04:35:18.919+0000][774.559s][info][gc,heap        ] GC(1478) DefNew: 81895K(88512K)->3161K(88512K) Eden: 78720K(78720K)->0K(78720K) From: 3175K(9792K)->3161K(9792K)
[2025-12-25T04:35:18.919+0000][774.559s][info][gc,heap        ] GC(1478) Tenured: 186978K(196608K)->186978K(196608K)
[2025-12-25T04:35:18.920+0000][774.560s][info][gc,metaspace   ] GC(1478) Metaspace: 97951K(99264K)->97951K(99264K) NonClass: 84915K(85440K)->84915K(85440K) Class: 13035K(13824K)->13035K(13824K)
[2025-12-25T04:35:18.921+0000][774.561s][info][gc             ] GC(1478) Pause Young (Allocation Failure) 262M->185M(278M) 16.642ms
[2025-12-25T04:35:18.922+0000][774.562s][info][gc,cpu         ] GC(1478) User=0.00s Sys=0.00s Real=0.01s
[2025-12-25T04:35:19.079+0000][774.719s][info][gc,start       ] GC(1479) Pause Young (Allocation Failure)
[2025-12-25T04:35:19.084+0000][774.724s][info][gc,heap        ] GC(1479) DefNew: 81881K(88512K)->2771K(88512K) Eden: 78720K(78720K)->0K(78720K) From: 3161K(9792K)->2771K(9792K)
[2025-12-25T04:35:19.084+0000][774.724s][info][gc,heap        ] GC(1479) Tenured: 186978K(196608K)->186978K(196608K)
[2025-12-25T04:35:19.084+0000][774.724s][info][gc,metaspace   ] GC(1479) Metaspace: 97951K(99264K)->97951K(99264K) NonClass: 84915K(85440K)->84915K(85440K) Class: 13035K(13824K)->13035K(13824K)
[2025-12-25T04:35:19.084+0000][774.724s][info][gc             ] GC(1479) Pause Young (Allocation Failure) 262M->185M(278M) 5.228ms
[2025-12-25T04:35:19.085+0000][774.725s][info][gc,cpu         ] GC(1479) User=0.01s Sys=0.00s Real=0.01s
[2025-12-25T04:35:19.238+0000][774.878s][info][gc,start       ] GC(1480) Pause Young (Allocation Failure)
[2025-12-25T04:35:19.248+0000][774.888s][info][gc,heap        ] GC(1480) DefNew: 81491K(88512K)->3488K(88512K) Eden: 78720K(78720K)->0K(78720K) From: 2771K(9792K)->3488K(9792K)
[2025-12-25T04:35:19.249+0000][774.889s][info][gc,heap        ] GC(1480) Tenured: 186978K(196608K)->186979K(196608K)
[2025-12-25T04:35:19.250+0000][774.890s][info][gc,metaspace   ] GC(1480) Metaspace: 97951K(99264K)->97951K(99264K) NonClass: 84915K(85440K)->84915K(85440K) Class: 13035K(13824K)->13035K(13824K)
[2025-12-25T04:35:19.251+0000][774.891s][info][gc             ] GC(1480) Pause Young (Allocation Failure) 262M->186M(278M) 12.726ms
[2025-12-25T04:35:19.252+0000][774.892s][info][gc,cpu         ] GC(1480) User=0.01s Sys=0.00s Real=0.01s
[2025-12-25T04:35:19.416+0000][775.056s][info][gc,start       ] GC(1481) Pause Young (Allocation Failure)
[2025-12-25T04:35:19.430+0000][775.070s][info][gc,heap        ] GC(1481) DefNew: 82208K(88512K)->3037K(88512K) Eden: 78720K(78720K)->0K(78720K) From: 3488K(9792K)->3037K(9792K)
[2025-12-25T04:35:19.433+0000][775.073s][info][gc,heap        ] GC(1481) Tenured: 186979K(196608K)->187039K(196608K)
[2025-12-25T04:35:19.433+0000][775.073s][info][gc,metaspace   ] GC(1481) Metaspace: 97951K(99264K)->97951K(99264K) NonClass: 84915K(85440K)->84915K(85440K) Class: 13035K(13824K)->13035K(13824K)
[2025-12-25T04:35:19.434+0000][775.074s][info][gc             ] GC(1481) Pause Young (Allocation Failure) 262M->185M(278M) 17.710ms
[2025-12-25T04:35:19.434+0000][775.074s][info][gc,cpu         ] GC(1481) User=0.01s Sys=0.00s Real=0.01s
[2025-12-25T04:35:19.650+0000][775.290s][info][gc,start       ] GC(1482) Pause Young (Allocation Failure)
[2025-12-25T04:35:19.666+0000][775.306s][info][gc,heap        ] GC(1482) DefNew: 81757K(88512K)->1978K(88512K) Eden: 78720K(78720K)->0K(78720K) From: 3037K(9792K)->1978K(9792K)
[2025-12-25T04:35:19.669+0000][775.309s][info][gc,heap        ] GC(1482) Tenured: 187039K(196608K)->187641K(196608K)
[2025-12-25T04:35:19.670+0000][775.310s][info][gc,metaspace   ] GC(1482) Metaspace: 97951K(99264K)->97951K(99264K) NonClass: 84915K(85440K)->84915K(85440K) Class: 13035K(13824K)->13035K(13824K)
[2025-12-25T04:35:19.670+0000][775.310s][info][gc             ] GC(1482) Pause Young (Allocation Failure) 262M->185M(278M) 19.921ms
[2025-12-25T04:35:19.671+0000][775.311s][info][gc,cpu         ] GC(1482) User=0.01s Sys=0.00s Real=0.02s
[2025-12-25T04:35:19.827+0000][775.467s][info][gc,start       ] GC(1483) Pause Young (Allocation Failure)
[2025-12-25T04:35:19.836+0000][775.476s][info][gc,heap        ] GC(1483) DefNew: 80698K(88512K)->2567K(88512K) Eden: 78720K(78720K)->0K(78720K) From: 1978K(9792K)->2567K(9792K)
[2025-12-25T04:35:19.836+0000][775.476s][info][gc,heap        ] GC(1483) Tenured: 187641K(196608K)->187649K(196608K)
[2025-12-25T04:35:19.837+0000][775.477s][info][gc,metaspace   ] GC(1483) Metaspace: 97951K(99264K)->97951K(99264K) NonClass: 84915K(85440K)->84915K(85440K) Class: 13035K(13824K)->13035K(13824K)
[2025-12-25T04:35:19.837+0000][775.477s][info][gc             ] GC(1483) Pause Young (Allocation Failure) 262M->185M(278M) 9.700ms
[2025-12-25T04:35:19.837+0000][775.477s][info][gc,cpu         ] GC(1483) User=0.00s Sys=0.00s Real=0.01s
[2025-12-25T04:35:20.020+0000][775.660s][info][gc,start       ] GC(1484) Pause Young (Allocation Failure)
[2025-12-25T04:35:20.050+0000][775.690s][info][gc,heap        ] GC(1484) DefNew: 81287K(88512K)->1910K(88512K) Eden: 78720K(78720K)->0K(78720K) From: 2567K(9792K)->1910K(9792K)
[2025-12-25T04:35:20.051+0000][775.691s][info][gc,heap        ] GC(1484) Tenured: 187649K(196608K)->187652K(196608K)
[2025-12-25T04:35:20.053+0000][775.693s][info][gc,metaspace   ] GC(1484) Metaspace: 97951K(99264K)->97951K(99264K) NonClass: 84915K(85440K)->84915K(85440K) Class: 13035K(13824K)->13035K(13824K)
[2025-12-25T04:35:20.055+0000][775.695s][info][gc             ] GC(1484) Pause Young (Allocation Failure) 262M->185M(278M) 34.748ms
[2025-12-25T04:35:20.058+0000][775.698s][info][gc,cpu         ] GC(1484) User=0.01s Sys=0.00s Real=0.04s
[2025-12-25T04:35:20.287+0000][775.927s][info][gc,start       ] GC(1485) Pause Young (Allocation Failure)
[2025-12-25T04:35:20.301+0000][775.941s][info][gc,heap        ] GC(1485) DefNew: 80630K(88512K)->2966K(88512K) Eden: 78720K(78720K)->0K(78720K) From: 1910K(9792K)->2966K(9792K)
[2025-12-25T04:35:20.311+0000][775.951s][info][gc,heap        ] GC(1485) Tenured: 187652K(196608K)->187662K(196608K)
[2025-12-25T04:35:20.312+0000][775.952s][info][gc,metaspace   ] GC(1485) Metaspace: 97951K(99264K)->97951K(99264K) NonClass: 84915K(85440K)->84915K(85440K) Class: 13035K(13824K)->13035K(13824K)
[2025-12-25T04:35:20.313+0000][775.953s][info][gc             ] GC(1485) Pause Young (Allocation Failure) 261M->186M(278M) 26.817ms
[2025-12-25T04:35:20.314+0000][775.954s][info][gc,cpu         ] GC(1485) User=0.01s Sys=0.00s Real=0.02s
[2025-12-25T04:35:20.463+0000][776.103s][info][gc,start       ] GC(1486) Pause Young (Allocation Failure)
[2025-12-25T04:35:20.492+0000][776.132s][info][gc,heap        ] GC(1486) DefNew: 81662K(88512K)->5003K(88512K) Eden: 78695K(78720K)->0K(78720K) From: 2966K(9792K)->5003K(9792K)
[2025-12-25T04:35:20.499+0000][776.139s][info][gc,heap        ] GC(1486) Tenured: 187662K(196608K)->187662K(196608K)
[2025-12-25T04:35:20.500+0000][776.140s][info][gc,metaspace   ] GC(1486) Metaspace: 97951K(99264K)->97951K(99264K) NonClass: 84915K(85440K)->84915K(85440K) Class: 13035K(13824K)->13035K(13824K)
[2025-12-25T04:35:20.500+0000][776.140s][info][gc             ] GC(1486) Pause Young (Allocation Failure) 263M->188M(278M) 37.499ms
[2025-12-25T04:35:20.501+0000][776.141s][info][gc,cpu         ] GC(1486) User=0.01s Sys=0.00s Real=0.04s
[2025-12-25T04:35:20.674+0000][776.314s][info][gc,start       ] GC(1487) Pause Young (Allocation Failure)
[2025-12-25T04:35:20.682+0000][776.322s][info][gc,heap        ] GC(1487) DefNew: 83723K(88512K)->3783K(88512K) Eden: 78720K(78720K)->0K(78720K) From: 5003K(9792K)->3783K(9792K)
[2025-12-25T04:35:20.683+0000][776.323s][info][gc,heap        ] GC(1487) Tenured: 187662K(196608K)->187663K(196608K)
[2025-12-25T04:35:20.683+0000][776.323s][info][gc,metaspace   ] GC(1487) Metaspace: 97951K(99264K)->97951K(99264K) NonClass: 84915K(85440K)->84915K(85440K) Class: 13035K(13824K)->13035K(13824K)
[2025-12-25T04:35:20.684+0000][776.324s][info][gc             ] GC(1487) Pause Young (Allocation Failure) 265M->186M(278M) 9.215ms
[2025-12-25T04:35:20.684+0000][776.324s][info][gc,cpu         ] GC(1487) User=0.00s Sys=0.00s Real=0.00s
[2025-12-25T04:35:20.839+0000][776.479s][info][gc,start       ] GC(1488) Pause Young (Allocation Failure)
[2025-12-25T04:35:20.843+0000][776.483s][info][gc,heap        ] GC(1488) DefNew: 82503K(88512K)->3193K(88512K) Eden: 78720K(78720K)->0K(78720K) From: 3783K(9792K)->3193K(9792K)
[2025-12-25T04:35:20.844+0000][776.484s][info][gc,heap        ] GC(1488) Tenured: 187663K(196608K)->187663K(196608K)
[2025-12-25T04:35:20.844+0000][776.484s][info][gc,metaspace   ] GC(1488) Metaspace: 97951K(99264K)->97951K(99264K) NonClass: 84915K(85440K)->84915K(85440K) Class: 13035K(13824K)->13035K(13824K)
[2025-12-25T04:35:20.844+0000][776.484s][info][gc             ] GC(1488) Pause Young (Allocation Failure) 263M->186M(278M) 4.998ms
[2025-12-25T04:35:20.845+0000][776.485s][info][gc,cpu         ] GC(1488) User=0.00s Sys=0.00s Real=0.01s
[2025-12-25T04:35:21.002+0000][776.642s][info][gc,start       ] GC(1489) Pause Young (Allocation Failure)
[2025-12-25T04:35:21.007+0000][776.647s][info][gc,heap        ] GC(1489) DefNew: 81913K(88512K)->3835K(88512K) Eden: 78720K(78720K)->0K(78720K) From: 3193K(9792K)->3835K(9792K)
[2025-12-25T04:35:21.007+0000][776.647s][info][gc,heap        ] GC(1489) Tenured: 187663K(196608K)->187663K(196608K)
[2025-12-25T04:35:21.007+0000][776.647s][info][gc,metaspace   ] GC(1489) Metaspace: 97951K(99264K)->97951K(99264K) NonClass: 84915K(85440K)->84915K(85440K) Class: 13035K(13824K)->13035K(13824K)
[2025-12-25T04:35:21.007+0000][776.647s][info][gc             ] GC(1489) Pause Young (Allocation Failure) 263M->187M(278M) 4.669ms
[2025-12-25T04:35:21.007+0000][776.647s][info][gc,cpu         ] GC(1489) User=0.00s Sys=0.00s Real=0.01s
[2025-12-25T04:35:21.133+0000][776.773s][info][gc,start       ] GC(1490) Pause Young (Allocation Failure)
[2025-12-25T04:35:21.140+0000][776.780s][info][gc,heap        ] GC(1490) DefNew: 82555K(88512K)->3199K(88512K) Eden: 78720K(78720K)->0K(78720K) From: 3835K(9792K)->3199K(9792K)
[2025-12-25T04:35:21.140+0000][776.780s][info][gc,heap        ] GC(1490) Tenured: 187663K(196608K)->187663K(196608K)
[2025-12-25T04:35:21.140+0000][776.780s][info][gc,metaspace   ] GC(1490) Metaspace: 97951K(99264K)->97951K(99264K) NonClass: 84915K(85440K)->84915K(85440K) Class: 13035K(13824K)->13035K(13824K)
[2025-12-25T04:35:21.140+0000][776.780s][info][gc             ] GC(1490) Pause Young (Allocation Failure) 263M->186M(278M) 6.923ms
[2025-12-25T04:35:21.140+0000][776.780s][info][gc,cpu         ] GC(1490) User=0.00s Sys=0.00s Real=0.01s
[2025-12-25T04:35:21.282+0000][776.922s][info][gc,start       ] GC(1491) Pause Young (Allocation Failure)
[2025-12-25T04:35:21.292+0000][776.932s][info][gc,heap        ] GC(1491) DefNew: 81919K(88512K)->3591K(88512K) Eden: 78720K(78720K)->0K(78720K) From: 3199K(9792K)->3591K(9792K)
[2025-12-25T04:35:21.292+0000][776.932s][info][gc,heap        ] GC(1491) Tenured: 187663K(196608K)->187663K(196608K)
[2025-12-25T04:35:21.292+0000][776.932s][info][gc,metaspace   ] GC(1491) Metaspace: 97951K(99264K)->97951K(99264K) NonClass: 84915K(85440K)->84915K(85440K) Class: 13035K(13824K)->13035K(13824K)
[2025-12-25T04:35:21.293+0000][776.933s][info][gc             ] GC(1491) Pause Young (Allocation Failure) 263M->186M(278M) 10.758ms
[2025-12-25T04:35:21.293+0000][776.933s][info][gc,cpu         ] GC(1491) User=0.01s Sys=0.00s Real=0.01s
[2025-12-25T04:35:21.426+0000][777.066s][info][gc,start       ] GC(1492) Pause Young (Allocation Failure)
[2025-12-25T04:35:21.434+0000][777.074s][info][gc,heap        ] GC(1492) DefNew: 82311K(88512K)->3726K(88512K) Eden: 78720K(78720K)->0K(78720K) From: 3591K(9792K)->3726K(9792K)
[2025-12-25T04:35:21.434+0000][777.074s][info][gc,heap        ] GC(1492) Tenured: 187663K(196608K)->187663K(196608K)
[2025-12-25T04:35:21.434+0000][777.074s][info][gc,metaspace   ] GC(1492) Metaspace: 97951K(99264K)->97951K(99264K) NonClass: 84915K(85440K)->84915K(85440K) Class: 13035K(13824K)->13035K(13824K)
[2025-12-25T04:35:21.434+0000][777.074s][info][gc             ] GC(1492) Pause Young (Allocation Failure) 263M->186M(278M) 8.133ms
[2025-12-25T04:35:21.435+0000][777.075s][info][gc,cpu         ] GC(1492) User=0.01s Sys=0.00s Real=0.01s
[2025-12-25T04:35:21.547+0000][777.187s][info][gc,start       ] GC(1493) Pause Young (Allocation Failure)
[2025-12-25T04:35:21.557+0000][777.197s][info][gc,heap        ] GC(1493) DefNew: 82446K(88512K)->3245K(88512K) Eden: 78720K(78720K)->0K(78720K) From: 3726K(9792K)->3245K(9792K)
[2025-12-25T04:35:21.559+0000][777.199s][info][gc,heap        ] GC(1493) Tenured: 187663K(196608K)->187663K(196608K)
[2025-12-25T04:35:21.559+0000][777.199s][info][gc,metaspace   ] GC(1493) Metaspace: 97951K(99264K)->97951K(99264K) NonClass: 84915K(85440K)->84915K(85440K) Class: 13035K(13824K)->13035K(13824K)
[2025-12-25T04:35:21.560+0000][777.200s][info][gc             ] GC(1493) Pause Young (Allocation Failure) 263M->186M(278M) 12.783ms
[2025-12-25T04:35:21.560+0000][777.200s][info][gc,cpu         ] GC(1493) User=0.01s Sys=0.00s Real=0.01s
[2025-12-25T04:35:21.706+0000][777.346s][info][gc,start       ] GC(1494) Pause Young (Allocation Failure)
[2025-12-25T04:35:21.718+0000][777.358s][info][gc,heap        ] GC(1494) DefNew: 81965K(88512K)->4436K(88512K) Eden: 78720K(78720K)->0K(78720K) From: 3245K(9792K)->4436K(9792K)
[2025-12-25T04:35:21.720+0000][777.360s][info][gc,heap        ] GC(1494) Tenured: 187663K(196608K)->187664K(196608K)
[2025-12-25T04:35:21.721+0000][777.361s][info][gc,metaspace   ] GC(1494) Metaspace: 97951K(99264K)->97951K(99264K) NonClass: 84915K(85440K)->84915K(85440K) Class: 13035K(13824K)->13035K(13824K)
[2025-12-25T04:35:21.721+0000][777.361s][info][gc             ] GC(1494) Pause Young (Allocation Failure) 263M->187M(278M) 14.485ms
[2025-12-25T04:35:21.721+0000][777.361s][info][gc,cpu         ] GC(1494) User=0.00s Sys=0.00s Real=0.01s
[2025-12-25T04:35:21.850+0000][777.490s][info][gc,start       ] GC(1495) Pause Young (Allocation Failure)
[2025-12-25T04:35:21.856+0000][777.496s][info][gc,heap        ] GC(1495) DefNew: 83097K(88512K)->3370K(88512K) Eden: 78661K(78720K)->0K(78720K) From: 4436K(9792K)->3370K(9792K)
[2025-12-25T04:35:21.856+0000][777.496s][info][gc,heap        ] GC(1495) Tenured: 187664K(196608K)->187664K(196608K)
[2025-12-25T04:35:21.857+0000][777.497s][info][gc,metaspace   ] GC(1495) Metaspace: 97951K(99264K)->97951K(99264K) NonClass: 84915K(85440K)->84915K(85440K) Class: 13035K(13824K)->13035K(13824K)
[2025-12-25T04:35:21.857+0000][777.497s][info][gc             ] GC(1495) Pause Young (Allocation Failure) 264M->186M(278M) 7.362ms
[2025-12-25T04:35:21.858+0000][777.498s][info][gc,cpu         ] GC(1495) User=0.00s Sys=0.00s Real=0.01s
[2025-12-25T04:35:22.015+0000][777.655s][info][gc,start       ] GC(1496) Pause Young (Allocation Failure)
[2025-12-25T04:35:22.026+0000][777.666s][info][gc,heap        ] GC(1496) DefNew: 82090K(88512K)->4510K(88512K) Eden: 78720K(78720K)->0K(78720K) From: 3370K(9792K)->4510K(9792K)
[2025-12-25T04:35:22.026+0000][777.666s][info][gc,heap        ] GC(1496) Tenured: 187664K(196608K)->187664K(196608K)
[2025-12-25T04:35:22.027+0000][777.667s][info][gc,metaspace   ] GC(1496) Metaspace: 97951K(99264K)->97951K(99264K) NonClass: 84915K(85440K)->84915K(85440K) Class: 13035K(13824K)->13035K(13824K)
[2025-12-25T04:35:22.027+0000][777.667s][info][gc             ] GC(1496) Pause Young (Allocation Failure) 263M->187M(278M) 11.594ms
[2025-12-25T04:35:22.027+0000][777.667s][info][gc,cpu         ] GC(1496) User=0.00s Sys=0.00s Real=0.01s
[2025-12-25T04:35:22.188+0000][777.828s][info][gc,start       ] GC(1497) Pause Young (Allocation Failure)
[2025-12-25T04:35:22.198+0000][777.838s][info][gc,heap        ] GC(1497) DefNew: 82849K(88512K)->3799K(88512K) Eden: 78339K(78720K)->0K(78720K) From: 4510K(9792K)->3799K(9792K)
[2025-12-25T04:35:22.202+0000][777.842s][info][gc,heap        ] GC(1497) Tenured: 187664K(196608K)->187664K(196608K)
[2025-12-25T04:35:22.202+0000][777.842s][info][gc,metaspace   ] GC(1497) Metaspace: 97991K(99264K)->97991K(99264K) NonClass: 84947K(85440K)->84947K(85440K) Class: 13043K(13824K)->13043K(13824K)
[2025-12-25T04:35:22.203+0000][777.843s][info][gc             ] GC(1497) Pause Young (Allocation Failure) 264M->186M(278M) 15.471ms
[2025-12-25T04:35:22.206+0000][777.845s][info][gc,cpu         ] GC(1497) User=0.01s Sys=0.00s Real=0.02s
[2025-12-25T04:35:22.466+0000][778.106s][info][gc,start       ] GC(1498) Pause Young (Allocation Failure)
[2025-12-25T04:35:22.486+0000][778.126s][info][gc,heap        ] GC(1498) DefNew: 82519K(88512K)->5216K(88512K) Eden: 78720K(78720K)->0K(78720K) From: 3799K(9792K)->5216K(9792K)
[2025-12-25T04:35:22.487+0000][778.127s][info][gc,heap        ] GC(1498) Tenured: 187664K(196608K)->187689K(196608K)
[2025-12-25T04:35:22.488+0000][778.128s][info][gc,metaspace   ] GC(1498) Metaspace: 97991K(99264K)->97991K(99264K) NonClass: 84947K(85440K)->84947K(85440K) Class: 13043K(13824K)->13043K(13824K)
[2025-12-25T04:35:22.488+0000][778.128s][info][gc             ] GC(1498) Pause Young (Allocation Failure) 263M->188M(278M) 22.183ms
[2025-12-25T04:35:22.491+0000][778.131s][info][gc,cpu         ] GC(1498) User=0.01s Sys=0.00s Real=0.02s
[2025-12-25T04:35:22.693+0000][778.333s][info][gc,start       ] GC(1499) Pause Young (Allocation Failure)
[2025-12-25T04:35:22.703+0000][778.343s][info][gc,heap        ] GC(1499) DefNew: 83936K(88512K)->3447K(88512K) Eden: 78720K(78720K)->0K(78720K) From: 5216K(9792K)->3447K(9792K)
[2025-12-25T04:35:22.708+0000][778.348s][info][gc,heap        ] GC(1499) Tenured: 187689K(196608K)->188444K(196608K)
[2025-12-25T04:35:22.709+0000][778.349s][info][gc,metaspace   ] GC(1499) Metaspace: 97991K(99264K)->97991K(99264K) NonClass: 84947K(85440K)->84947K(85440K) Class: 13043K(13824K)->13043K(13824K)
[2025-12-25T04:35:22.710+0000][778.350s][info][gc             ] GC(1499) Pause Young (Allocation Failure) 265M->187M(278M) 16.237ms
[2025-12-25T04:35:22.712+0000][778.352s][info][gc,cpu         ] GC(1499) User=0.00s Sys=0.00s Real=0.02s
[2025-12-25T04:35:22.843+0000][778.483s][info][gc,start       ] GC(1500) Pause Young (Allocation Failure)
[2025-12-25T04:35:22.853+0000][778.493s][info][gc,heap        ] GC(1500) DefNew: 82167K(88512K)->3217K(88512K) Eden: 78720K(78720K)->0K(78720K) From: 3447K(9792K)->3217K(9792K)
[2025-12-25T04:35:22.854+0000][778.494s][info][gc,heap        ] GC(1500) Tenured: 188444K(196608K)->188444K(196608K)
[2025-12-25T04:35:22.855+0000][778.495s][info][gc,metaspace   ] GC(1500) Metaspace: 97991K(99264K)->97991K(99264K) NonClass: 84947K(85440K)->84947K(85440K) Class: 13043K(13824K)->13043K(13824K)
[2025-12-25T04:35:22.856+0000][778.496s][info][gc             ] GC(1500) Pause Young (Allocation Failure) 264M->187M(278M) 13.002ms
[2025-12-25T04:35:22.856+0000][778.496s][info][gc,cpu         ] GC(1500) User=0.00s Sys=0.00s Real=0.02s
[2025-12-25T04:35:23.005+0000][778.645s][info][gc,start       ] GC(1501) Pause Young (Allocation Failure)
[2025-12-25T04:35:23.011+0000][778.651s][info][gc,heap        ] GC(1501) DefNew: 81937K(88512K)->2727K(88512K) Eden: 78720K(78720K)->0K(78720K) From: 3217K(9792K)->2727K(9792K)
[2025-12-25T04:35:23.012+0000][778.652s][info][gc,heap        ] GC(1501) Tenured: 188444K(196608K)->188452K(196608K)
[2025-12-25T04:35:23.013+0000][778.653s][info][gc,metaspace   ] GC(1501) Metaspace: 97991K(99264K)->97991K(99264K) NonClass: 84947K(85440K)->84947K(85440K) Class: 13043K(13824K)->13043K(13824K)
[2025-12-25T04:35:23.013+0000][778.653s][info][gc             ] GC(1501) Pause Young (Allocation Failure) 264M->186M(278M) 8.809ms
[2025-12-25T04:35:23.014+0000][778.654s][info][gc,cpu         ] GC(1501) User=0.01s Sys=0.00s Real=0.00s
[2025-12-25T04:35:23.148+0000][778.788s][info][gc,start       ] GC(1502) Pause Young (Allocation Failure)
[2025-12-25T04:35:23.162+0000][778.802s][info][gc,heap        ] GC(1502) DefNew: 81447K(88512K)->3075K(88512K) Eden: 78719K(78720K)->0K(78720K) From: 2727K(9792K)->3075K(9792K)
[2025-12-25T04:35:23.162+0000][778.802s][info][gc,heap        ] GC(1502) Tenured: 188452K(196608K)->188478K(196608K)
[2025-12-25T04:35:23.163+0000][778.803s][info][gc,metaspace   ] GC(1502) Metaspace: 97991K(99264K)->97991K(99264K) NonClass: 84947K(85440K)->84947K(85440K) Class: 13043K(13824K)->13043K(13824K)
[2025-12-25T04:35:23.164+0000][778.804s][info][gc             ] GC(1502) Pause Young (Allocation Failure) 263M->187M(278M) 15.959ms
[2025-12-25T04:35:23.165+0000][778.805s][info][gc,cpu         ] GC(1502) User=0.00s Sys=0.00s Real=0.02s
[2025-12-25T04:35:23.314+0000][778.954s][info][gc,start       ] GC(1503) Pause Young (Allocation Failure)
[2025-12-25T04:35:23.319+0000][778.959s][info][gc,heap        ] GC(1503) DefNew: 81795K(88512K)->2642K(88512K) Eden: 78720K(78720K)->0K(78720K) From: 3075K(9792K)->2642K(9792K)
[2025-12-25T04:35:23.320+0000][778.960s][info][gc,heap        ] GC(1503) Tenured: 188478K(196608K)->188702K(196608K)
[2025-12-25T04:35:23.321+0000][778.961s][info][gc,metaspace   ] GC(1503) Metaspace: 97991K(99264K)->97991K(99264K) NonClass: 84947K(85440K)->84947K(85440K) Class: 13043K(13824K)->13043K(13824K)
[2025-12-25T04:35:23.321+0000][778.961s][info][gc             ] GC(1503) Pause Young (Allocation Failure) 263M->186M(278M) 7.366ms
[2025-12-25T04:35:23.321+0000][778.961s][info][gc,cpu         ] GC(1503) User=0.01s Sys=0.00s Real=0.01s
[2025-12-25T04:35:23.450+0000][779.090s][info][gc,start       ] GC(1504) Pause Young (Allocation Failure)
[2025-12-25T04:35:23.460+0000][779.100s][info][gc,heap        ] GC(1504) DefNew: 81362K(88512K)->3481K(88512K) Eden: 78720K(78720K)->0K(78720K) From: 2642K(9792K)->3481K(9792K)
[2025-12-25T04:35:23.461+0000][779.101s][info][gc,heap        ] GC(1504) Tenured: 188702K(196608K)->188702K(196608K)
[2025-12-25T04:35:23.461+0000][779.101s][info][gc,metaspace   ] GC(1504) Metaspace: 97991K(99264K)->97991K(99264K) NonClass: 84947K(85440K)->84947K(85440K) Class: 13043K(13824K)->13043K(13824K)
[2025-12-25T04:35:23.465+0000][779.105s][info][gc             ] GC(1504) Pause Young (Allocation Failure) 263M->187M(278M) 15.218ms
[2025-12-25T04:35:23.465+0000][779.105s][info][gc,cpu         ] GC(1504) User=0.00s Sys=0.00s Real=0.02s
[2025-12-25T04:35:23.616+0000][779.256s][info][gc,start       ] GC(1505) Pause Young (Allocation Failure)
[2025-12-25T04:35:23.627+0000][779.267s][info][gc,heap        ] GC(1505) DefNew: 82201K(88512K)->3048K(88512K) Eden: 78719K(78720K)->0K(78720K) From: 3481K(9792K)->3048K(9792K)
[2025-12-25T04:35:23.628+0000][779.268s][info][gc,heap        ] GC(1505) Tenured: 188702K(196608K)->188702K(196608K)
[2025-12-25T04:35:23.629+0000][779.269s][info][gc,metaspace   ] GC(1505) Metaspace: 97991K(99264K)->97991K(99264K) NonClass: 84947K(85440K)->84947K(85440K) Class: 13043K(13824K)->13043K(13824K)
[2025-12-25T04:35:23.629+0000][779.269s][info][gc             ] GC(1505) Pause Young (Allocation Failure) 264M->187M(278M) 13.381ms
[2025-12-25T04:35:23.629+0000][779.269s][info][gc,cpu         ] GC(1505) User=0.00s Sys=0.01s Real=0.01s
[2025-12-25T04:35:23.794+0000][779.434s][info][gc,start       ] GC(1506) Pause Young (Allocation Failure)
[2025-12-25T04:35:23.802+0000][779.442s][info][gc,heap        ] GC(1506) DefNew: 81768K(88512K)->3593K(88512K) Eden: 78720K(78720K)->0K(78720K) From: 3048K(9792K)->3593K(9792K)
[2025-12-25T04:35:23.802+0000][779.442s][info][gc,heap        ] GC(1506) Tenured: 188702K(196608K)->188719K(196608K)
[2025-12-25T04:35:23.804+0000][779.444s][info][gc,metaspace   ] GC(1506) Metaspace: 97991K(99264K)->97991K(99264K) NonClass: 84947K(85440K)->84947K(85440K) Class: 13043K(13824K)->13043K(13824K)
[2025-12-25T04:35:23.804+0000][779.444s][info][gc             ] GC(1506) Pause Young (Allocation Failure) 264M->187M(278M) 9.734ms
[2025-12-25T04:35:23.805+0000][779.445s][info][gc,cpu         ] GC(1506) User=0.00s Sys=0.00s Real=0.01s
[2025-12-25T04:35:23.959+0000][779.599s][info][gc,start       ] GC(1507) Pause Young (Allocation Failure)
[2025-12-25T04:35:23.963+0000][779.603s][info][gc,heap        ] GC(1507) DefNew: 82313K(88512K)->2966K(88512K) Eden: 78720K(78720K)->0K(78720K) From: 3593K(9792K)->2966K(9792K)
[2025-12-25T04:35:23.964+0000][779.604s][info][gc,heap        ] GC(1507) Tenured: 188719K(196608K)->188719K(196608K)
[2025-12-25T04:35:23.965+0000][779.605s][info][gc,metaspace   ] GC(1507) Metaspace: 97991K(99264K)->97991K(99264K) NonClass: 84947K(85440K)->84947K(85440K) Class: 13043K(13824K)->13043K(13824K)
[2025-12-25T04:35:23.965+0000][779.605s][info][gc             ] GC(1507) Pause Young (Allocation Failure) 264M->187M(278M) 6.531ms
[2025-12-25T04:35:23.966+0000][779.606s][info][gc,cpu         ] GC(1507) User=0.00s Sys=0.00s Real=0.01s
[2025-12-25T04:35:24.095+0000][779.735s][info][gc,start       ] GC(1508) Pause Young (Allocation Failure)
[2025-12-25T04:35:24.102+0000][779.742s][info][gc,heap        ] GC(1508) DefNew: 81686K(88512K)->2985K(88512K) Eden: 78720K(78720K)->0K(78720K) From: 2966K(9792K)->2985K(9792K)
[2025-12-25T04:35:24.102+0000][779.742s][info][gc,heap        ] GC(1508) Tenured: 188719K(196608K)->188735K(196608K)
[2025-12-25T04:35:24.103+0000][779.743s][info][gc,metaspace   ] GC(1508) Metaspace: 97991K(99264K)->97991K(99264K) NonClass: 84947K(85440K)->84947K(85440K) Class: 13043K(13824K)->13043K(13824K)
[2025-12-25T04:35:24.103+0000][779.743s][info][gc             ] GC(1508) Pause Young (Allocation Failure) 264M->187M(278M) 8.060ms
[2025-12-25T04:35:24.104+0000][779.744s][info][gc,cpu         ] GC(1508) User=0.01s Sys=0.00s Real=0.00s
[2025-12-25T04:35:24.209+0000][779.849s][info][gc,start       ] GC(1509) Pause Young (Allocation Failure)
[2025-12-25T04:35:24.215+0000][779.855s][info][gc,heap        ] GC(1509) DefNew: 81705K(88512K)->2671K(88512K) Eden: 78720K(78720K)->0K(78720K) From: 2985K(9792K)->2671K(9792K)
[2025-12-25T04:35:24.215+0000][779.855s][info][gc,heap        ] GC(1509) Tenured: 188735K(196608K)->188735K(196608K)
[2025-12-25T04:35:24.216+0000][779.856s][info][gc,metaspace   ] GC(1509) Metaspace: 97991K(99264K)->97991K(99264K) NonClass: 84947K(85440K)->84947K(85440K) Class: 13043K(13824K)->13043K(13824K)
[2025-12-25T04:35:24.216+0000][779.856s][info][gc             ] GC(1509) Pause Young (Allocation Failure) 264M->186M(278M) 7.554ms
[2025-12-25T04:35:24.216+0000][779.856s][info][gc,cpu         ] GC(1509) User=0.00s Sys=0.00s Real=0.01s
[2025-12-25T04:35:24.351+0000][779.991s][info][gc,start       ] GC(1510) Pause Young (Allocation Failure)
[2025-12-25T04:35:24.356+0000][779.996s][info][gc,heap        ] GC(1510) DefNew: 81391K(88512K)->3725K(88512K) Eden: 78720K(78720K)->0K(78720K) From: 2671K(9792K)->3725K(9792K)
[2025-12-25T04:35:24.360+0000][780.000s][info][gc,heap        ] GC(1510) Tenured: 188735K(196608K)->188815K(196608K)
[2025-12-25T04:35:24.361+0000][780.001s][info][gc,metaspace   ] GC(1510) Metaspace: 97991K(99264K)->97991K(99264K) NonClass: 84947K(85440K)->84947K(85440K) Class: 13043K(13824K)->13043K(13824K)
[2025-12-25T04:35:24.361+0000][780.001s][info][gc             ] GC(1510) Pause Young (Allocation Failure) 263M->188M(278M) 10.290ms
[2025-12-25T04:35:24.362+0000][780.002s][info][gc,cpu         ] GC(1510) User=0.00s Sys=0.00s Real=0.01s
[2025-12-25T04:35:24.492+0000][780.132s][info][gc,start       ] GC(1511) Pause Young (Allocation Failure)
[2025-12-25T04:35:24.497+0000][780.137s][info][gc,heap        ] GC(1511) DefNew: 82445K(88512K)->3202K(88512K) Eden: 78720K(78720K)->0K(78720K) From: 3725K(9792K)->3202K(9792K)
[2025-12-25T04:35:24.498+0000][780.138s][info][gc,heap        ] GC(1511) Tenured: 188815K(196608K)->188815K(196608K)
[2025-12-25T04:35:24.498+0000][780.138s][info][gc,metaspace   ] GC(1511) Metaspace: 97991K(99264K)->97991K(99264K) NonClass: 84947K(85440K)->84947K(85440K) Class: 13043K(13824K)->13043K(13824K)
[2025-12-25T04:35:24.499+0000][780.139s][info][gc             ] GC(1511) Pause Young (Allocation Failure) 264M->187M(278M) 6.543ms
[2025-12-25T04:35:24.499+0000][780.139s][info][gc,cpu         ] GC(1511) User=0.00s Sys=0.00s Real=0.01s
[2025-12-25T04:35:24.659+0000][780.299s][info][gc,start       ] GC(1512) Pause Young (Allocation Failure)
[2025-12-25T04:35:24.673+0000][780.313s][info][gc,heap        ] GC(1512) DefNew: 81922K(88512K)->3014K(88512K) Eden: 78720K(78720K)->0K(78720K) From: 3202K(9792K)->3014K(9792K)
[2025-12-25T04:35:24.673+0000][780.313s][info][gc,heap        ] GC(1512) Tenured: 188815K(196608K)->188855K(196608K)
[2025-12-25T04:35:24.674+0000][780.313s][info][gc,metaspace   ] GC(1512) Metaspace: 97991K(99264K)->97991K(99264K) NonClass: 84947K(85440K)->84947K(85440K) Class: 13043K(13824K)->13043K(13824K)
[2025-12-25T04:35:24.674+0000][780.314s][info][gc             ] GC(1512) Pause Young (Allocation Failure) 264M->187M(278M) 15.194ms
[2025-12-25T04:35:24.674+0000][780.314s][info][gc,cpu         ] GC(1512) User=0.01s Sys=0.00s Real=0.01s
[2025-12-25T04:35:24.803+0000][780.443s][info][gc,start       ] GC(1513) Pause Young (Allocation Failure)
[2025-12-25T04:35:24.835+0000][780.475s][info][gc,heap        ] GC(1513) DefNew: 81734K(88512K)->5480K(88512K) Eden: 78720K(78720K)->0K(78720K) From: 3014K(9792K)->5480K(9792K)
[2025-12-25T04:35:24.837+0000][780.477s][info][gc,heap        ] GC(1513) Tenured: 188855K(196608K)->188872K(196608K)
[2025-12-25T04:35:24.838+0000][780.478s][info][gc,metaspace   ] GC(1513) Metaspace: 97994K(99264K)->97994K(99264K) NonClass: 84950K(85440K)->84950K(85440K) Class: 13043K(13824K)->13043K(13824K)
[2025-12-25T04:35:24.839+0000][780.479s][info][gc             ] GC(1513) Pause Young (Allocation Failure) 264M->189M(278M) 35.421ms
[2025-12-25T04:35:24.840+0000][780.480s][info][gc,cpu         ] GC(1513) User=0.02s Sys=0.00s Real=0.04s
[2025-12-25T04:35:24.973+0000][780.613s][info][gc,start       ] GC(1514) Pause Young (Allocation Failure)
[2025-12-25T04:35:24.981+0000][780.621s][info][gc,heap        ] GC(1514) DefNew: 84200K(88512K)->2233K(88512K) Eden: 78720K(78720K)->0K(78720K) From: 5480K(9792K)->2233K(9792K)
[2025-12-25T04:35:24.981+0000][780.621s][info][gc,heap        ] GC(1514) Tenured: 188872K(196608K)->189659K(196608K)
[2025-12-25T04:35:24.982+0000][780.622s][info][gc,metaspace   ] GC(1514) Metaspace: 97994K(99264K)->97994K(99264K) NonClass: 84950K(85440K)->84950K(85440K) Class: 13043K(13824K)->13043K(13824K)
[2025-12-25T04:35:24.983+0000][780.623s][info][gc             ] GC(1514) Pause Young (Allocation Failure) 266M->187M(278M) 9.724ms
[2025-12-25T04:35:24.983+0000][780.623s][info][gc,cpu         ] GC(1514) User=0.00s Sys=0.00s Real=0.01s
[2025-12-25T04:35:25.131+0000][780.771s][info][gc,start       ] GC(1515) Pause Young (Allocation Failure)
[2025-12-25T04:35:25.139+0000][780.779s][info][gc,heap        ] GC(1515) DefNew: 80953K(88512K)->2447K(88512K) Eden: 78720K(78720K)->0K(78720K) From: 2233K(9792K)->2447K(9792K)
[2025-12-25T04:35:25.140+0000][780.780s][info][gc,heap        ] GC(1515) Tenured: 189659K(196608K)->189659K(196608K)
[2025-12-25T04:35:25.145+0000][780.785s][info][gc,metaspace   ] GC(1515) Metaspace: 97994K(99264K)->97994K(99264K) NonClass: 84950K(85440K)->84950K(85440K) Class: 13043K(13824K)->13043K(13824K)
[2025-12-25T04:35:25.145+0000][780.785s][info][gc             ] GC(1515) Pause Young (Allocation Failure) 264M->187M(278M) 13.728ms
[2025-12-25T04:35:25.146+0000][780.786s][info][gc,cpu         ] GC(1515) User=0.01s Sys=0.00s Real=0.02s
[2025-12-25T04:35:25.324+0000][780.964s][info][gc,start       ] GC(1516) Pause Young (Allocation Failure)
[2025-12-25T04:35:25.335+0000][780.975s][info][gc,heap        ] GC(1516) DefNew: 81167K(88512K)->3401K(88512K) Eden: 78720K(78720K)->0K(78720K) From: 2447K(9792K)->3401K(9792K)
[2025-12-25T04:35:25.335+0000][780.975s][info][gc,heap        ] GC(1516) Tenured: 189659K(196608K)->189666K(196608K)
[2025-12-25T04:35:25.335+0000][780.975s][info][gc,metaspace   ] GC(1516) Metaspace: 97994K(99264K)->97994K(99264K) NonClass: 84950K(85440K)->84950K(85440K) Class: 13043K(13824K)->13043K(13824K)
[2025-12-25T04:35:25.335+0000][780.975s][info][gc             ] GC(1516) Pause Young (Allocation Failure) 264M->188M(278M) 11.878ms
[2025-12-25T04:35:25.336+0000][780.976s][info][gc,cpu         ] GC(1516) User=0.01s Sys=0.00s Real=0.02s
[2025-12-25T04:35:25.450+0000][781.090s][info][gc,start       ] GC(1517) Pause Young (Allocation Failure)
[2025-12-25T04:35:25.458+0000][781.098s][info][gc,heap        ] GC(1517) DefNew: 82121K(88512K)->3413K(88512K) Eden: 78720K(78720K)->0K(78720K) From: 3401K(9792K)->3413K(9792K)
[2025-12-25T04:35:25.459+0000][781.099s][info][gc,heap        ] GC(1517) Tenured: 189666K(196608K)->189666K(196608K)
[2025-12-25T04:35:25.459+0000][781.099s][info][gc,metaspace   ] GC(1517) Metaspace: 97994K(99264K)->97994K(99264K) NonClass: 84950K(85440K)->84950K(85440K) Class: 13043K(13824K)->13043K(13824K)
[2025-12-25T04:35:25.460+0000][781.100s][info][gc             ] GC(1517) Pause Young (Allocation Failure) 265M->188M(278M) 10.717ms
[2025-12-25T04:35:25.461+0000][781.101s][info][gc,cpu         ] GC(1517) User=0.00s Sys=0.00s Real=0.01s
[2025-12-25T04:35:25.617+0000][781.257s][info][gc,start       ] GC(1518) Pause Young (Allocation Failure)
[2025-12-25T04:35:25.622+0000][781.262s][info][gc,heap        ] GC(1518) DefNew: 82133K(88512K)->2856K(88512K) Eden: 78720K(78720K)->0K(78720K) From: 3413K(9792K)->2856K(9792K)
[2025-12-25T04:35:25.623+0000][781.263s][info][gc,heap        ] GC(1518) Tenured: 189666K(196608K)->189704K(196608K)
[2025-12-25T04:35:25.623+0000][781.263s][info][gc,metaspace   ] GC(1518) Metaspace: 97994K(99264K)->97994K(99264K) NonClass: 84950K(85440K)->84950K(85440K) Class: 13043K(13824K)->13043K(13824K)
[2025-12-25T04:35:25.623+0000][781.263s][info][gc             ] GC(1518) Pause Young (Allocation Failure) 265M->188M(278M) 5.450ms
[2025-12-25T04:35:25.623+0000][781.263s][info][gc,cpu         ] GC(1518) User=0.00s Sys=0.00s Real=0.00s
[2025-12-25T04:35:25.811+0000][781.451s][info][gc,start       ] GC(1519) Pause Young (Allocation Failure)
[2025-12-25T04:35:25.825+0000][781.465s][info][gc,heap        ] GC(1519) DefNew: 81576K(88512K)->2176K(88512K) Eden: 78720K(78720K)->0K(78720K) From: 2856K(9792K)->2176K(9792K)
[2025-12-25T04:35:25.825+0000][781.465s][info][gc,heap        ] GC(1519) Tenured: 189704K(196608K)->189704K(196608K)
[2025-12-25T04:35:25.826+0000][781.466s][info][gc,metaspace   ] GC(1519) Metaspace: 97994K(99264K)->97994K(99264K) NonClass: 84950K(85440K)->84950K(85440K) Class: 13043K(13824K)->13043K(13824K)
[2025-12-25T04:35:25.826+0000][781.466s][info][gc             ] GC(1519) Pause Young (Allocation Failure) 264M->187M(278M) 15.484ms
[2025-12-25T04:35:25.827+0000][781.467s][info][gc,cpu         ] GC(1519) User=0.00s Sys=0.00s Real=0.02s
[2025-12-25T04:35:25.996+0000][781.636s][info][gc,start       ] GC(1520) Pause Young (Allocation Failure)
[2025-12-25T04:35:26.008+0000][781.648s][info][gc,heap        ] GC(1520) DefNew: 80896K(88512K)->2685K(88512K) Eden: 78720K(78720K)->0K(78720K) From: 2176K(9792K)->2685K(9792K)
[2025-12-25T04:35:26.009+0000][781.649s][info][gc,heap        ] GC(1520) Tenured: 189704K(196608K)->189704K(196608K)
[2025-12-25T04:35:26.009+0000][781.649s][info][gc,metaspace   ] GC(1520) Metaspace: 97994K(99264K)->97994K(99264K) NonClass: 84950K(85440K)->84950K(85440K) Class: 13043K(13824K)->13043K(13824K)
[2025-12-25T04:35:26.010+0000][781.650s][info][gc             ] GC(1520) Pause Young (Allocation Failure) 264M->187M(278M) 13.989ms
[2025-12-25T04:35:26.010+0000][781.650s][info][gc,cpu         ] GC(1520) User=0.01s Sys=0.00s Real=0.01s
[2025-12-25T04:35:26.149+0000][781.789s][info][gc,start       ] GC(1521) Pause Young (Allocation Failure)
[2025-12-25T04:35:26.180+0000][781.820s][info][gc,heap        ] GC(1521) DefNew: 81405K(88512K)->3538K(88512K) Eden: 78720K(78720K)->0K(78720K) From: 2685K(9792K)->3538K(9792K)
[2025-12-25T04:35:26.181+0000][781.821s][info][gc,heap        ] GC(1521) Tenured: 189704K(196608K)->189711K(196608K)
[2025-12-25T04:35:26.181+0000][781.821s][info][gc,metaspace   ] GC(1521) Metaspace: 97994K(99264K)->97994K(99264K) NonClass: 84950K(85440K)->84950K(85440K) Class: 13043K(13824K)->13043K(13824K)
[2025-12-25T04:35:26.182+0000][781.822s][info][gc             ] GC(1521) Pause Young (Allocation Failure) 264M->188M(278M) 32.611ms
[2025-12-25T04:35:26.182+0000][781.822s][info][gc,cpu         ] GC(1521) User=0.01s Sys=0.00s Real=0.03s
[2025-12-25T04:35:26.273+0000][781.913s][info][gc,start       ] GC(1522) Pause Young (Allocation Failure)
[2025-12-25T04:35:26.288+0000][781.928s][info][gc,heap        ] GC(1522) DefNew: 82258K(88512K)->2861K(88512K) Eden: 78720K(78720K)->0K(78720K) From: 3538K(9792K)->2861K(9792K)
[2025-12-25T04:35:26.289+0000][781.929s][info][gc,heap        ] GC(1522) Tenured: 189711K(196608K)->189779K(196608K)
[2025-12-25T04:35:26.289+0000][781.929s][info][gc,metaspace   ] GC(1522) Metaspace: 97996K(99264K)->97996K(99264K) NonClass: 84953K(85440K)->84953K(85440K) Class: 13043K(13824K)->13043K(13824K)
[2025-12-25T04:35:26.289+0000][781.929s][info][gc             ] GC(1522) Pause Young (Allocation Failure) 265M->188M(278M) 16.195ms
[2025-12-25T04:35:26.289+0000][781.929s][info][gc,cpu         ] GC(1522) User=0.01s Sys=0.00s Real=0.02s
[2025-12-25T04:35:26.320+0000][781.960s][info][gc,start       ] GC(1523) Pause Young (Allocation Failure)
[2025-12-25T04:35:26.345+0000][781.985s][info][gc,heap        ] GC(1523) DefNew: 81581K(88512K)->2899K(88512K) Eden: 78720K(78720K)->0K(78720K) From: 2861K(9792K)->2899K(9792K)
[2025-12-25T04:35:26.358+0000][781.998s][info][gc,heap        ] GC(1523) Tenured: 189779K(196608K)->189779K(196608K)
[2025-12-25T04:35:26.360+0000][782.000s][info][gc,metaspace   ] GC(1523) Metaspace: 97997K(99264K)->97997K(99264K) NonClass: 84953K(85440K)->84953K(85440K) Class: 13043K(13824K)->13043K(13824K)
[2025-12-25T04:35:26.362+0000][782.002s][info][gc             ] GC(1523) Pause Young (Allocation Failure) 265M->188M(278M) 41.159ms
[2025-12-25T04:35:26.364+0000][782.004s][info][gc,cpu         ] GC(1523) User=0.02s Sys=0.00s Real=0.04s
[2025-12-25T04:35:26.571+0000][782.211s][info][gc,start       ] GC(1524) Pause Young (Allocation Failure)
[2025-12-25T04:35:26.628+0000][782.268s][info][gc,heap        ] GC(1524) DefNew: 81618K(88512K)->2829K(88512K) Eden: 78719K(78720K)->0K(78720K) From: 2899K(9792K)->2829K(9792K)
[2025-12-25T04:35:26.628+0000][782.268s][info][gc,heap        ] GC(1524) Tenured: 189779K(196608K)->189779K(196608K)
[2025-12-25T04:35:26.630+0000][782.270s][info][gc,metaspace   ] GC(1524) Metaspace: 97997K(99264K)->97997K(99264K) NonClass: 84953K(85440K)->84953K(85440K) Class: 13043K(13824K)->13043K(13824K)
[2025-12-25T04:35:26.630+0000][782.270s][info][gc             ] GC(1524) Pause Young (Allocation Failure) 265M->188M(278M) 59.209ms
[2025-12-25T04:35:26.633+0000][782.273s][info][gc,cpu         ] GC(1524) User=0.02s Sys=0.00s Real=0.06s
[2025-12-25T04:35:26.782+0000][782.422s][info][gc,start       ] GC(1525) Pause Young (Allocation Failure)
[2025-12-25T04:35:26.788+0000][782.428s][info][gc,heap        ] GC(1525) DefNew: 81549K(88512K)->3345K(88512K) Eden: 78720K(78720K)->0K(78720K) From: 2829K(9792K)->3345K(9792K)
[2025-12-25T04:35:26.788+0000][782.428s][info][gc,heap        ] GC(1525) Tenured: 189779K(196608K)->189787K(196608K)
[2025-12-25T04:35:26.789+0000][782.429s][info][gc,metaspace   ] GC(1525) Metaspace: 97997K(99264K)->97997K(99264K) NonClass: 84953K(85440K)->84953K(85440K) Class: 13043K(13824K)->13043K(13824K)
[2025-12-25T04:35:26.789+0000][782.429s][info][gc             ] GC(1525) Pause Young (Allocation Failure) 264M->188M(278M) 7.000ms
[2025-12-25T04:35:26.789+0000][782.429s][info][gc,cpu         ] GC(1525) User=0.00s Sys=0.00s Real=0.01s
[2025-12-25T04:35:26.977+0000][782.617s][info][gc,start       ] GC(1526) Pause Young (Allocation Failure)
[2025-12-25T04:35:27.009+0000][782.649s][info][gc,heap        ] GC(1526) DefNew: 82065K(88512K)->3752K(88512K) Eden: 78720K(78720K)->0K(78720K) From: 3345K(9792K)->3752K(9792K)
[2025-12-25T04:35:27.016+0000][782.656s][info][gc,heap        ] GC(1526) Tenured: 189787K(196608K)->189787K(196608K)
[2025-12-25T04:35:27.018+0000][782.658s][info][gc,metaspace   ] GC(1526) Metaspace: 97997K(99264K)->97997K(99264K) NonClass: 84953K(85440K)->84953K(85440K) Class: 13043K(13824K)->13043K(13824K)
[2025-12-25T04:35:27.019+0000][782.658s][info][gc             ] GC(1526) Pause Young (Allocation Failure) 265M->189M(278M) 41.465ms
[2025-12-25T04:35:27.019+0000][782.659s][info][gc,cpu         ] GC(1526) User=0.01s Sys=0.00s Real=0.04s
[2025-12-25T04:35:27.198+0000][782.838s][info][gc,start       ] GC(1527) Pause Young (Allocation Failure)
[2025-12-25T04:35:27.214+0000][782.854s][info][gc,heap        ] GC(1527) DefNew: 82472K(88512K)->4558K(88512K) Eden: 78720K(78720K)->0K(78720K) From: 3752K(9792K)->4558K(9792K)
[2025-12-25T04:35:27.215+0000][782.855s][info][gc,heap        ] GC(1527) Tenured: 189787K(196608K)->189893K(196608K)
[2025-12-25T04:35:27.216+0000][782.856s][info][gc,metaspace   ] GC(1527) Metaspace: 97998K(99264K)->97998K(99264K) NonClass: 84954K(85440K)->84954K(85440K) Class: 13043K(13824K)->13043K(13824K)
[2025-12-25T04:35:27.216+0000][782.856s][info][gc             ] GC(1527) Pause Young (Allocation Failure) 265M->189M(278M) 18.165ms
[2025-12-25T04:35:27.217+0000][782.857s][info][gc,cpu         ] GC(1527) User=0.01s Sys=0.00s Real=0.02s
[2025-12-25T04:35:27.354+0000][782.994s][info][gc,start       ] GC(1528) Pause Young (Allocation Failure)
[2025-12-25T04:35:27.386+0000][783.026s][info][gc,heap        ] GC(1528) DefNew: 83278K(88512K)->5368K(88512K) Eden: 78720K(78720K)->0K(78720K) From: 4558K(9792K)->5368K(9792K)
[2025-12-25T04:35:27.387+0000][783.027s][info][gc,heap        ] GC(1528) Tenured: 189893K(196608K)->190429K(196608K)
[2025-12-25T04:35:27.387+0000][783.027s][info][gc,metaspace   ] GC(1528) Metaspace: 97998K(99264K)->97998K(99264K) NonClass: 84954K(85440K)->84954K(85440K) Class: 13043K(13824K)->13043K(13824K)
[2025-12-25T04:35:27.387+0000][783.027s][info][gc             ] GC(1528) Pause Young (Allocation Failure) 266M->191M(278M) 32.839ms
[2025-12-25T04:35:27.388+0000][783.028s][info][gc,cpu         ] GC(1528) User=0.01s Sys=0.00s Real=0.03s
[2025-12-25T04:35:27.525+0000][783.165s][info][gc,start       ] GC(1529) Pause Young (Allocation Failure)
[2025-12-25T04:35:27.535+0000][783.175s][info][gc,heap        ] GC(1529) DefNew: 84088K(88512K)->4363K(88512K) Eden: 78720K(78720K)->0K(78720K) From: 5368K(9792K)->4363K(9792K)
[2025-12-25T04:35:27.535+0000][783.175s][info][gc,heap        ] GC(1529) Tenured: 190429K(196608K)->191333K(196608K)
[2025-12-25T04:35:27.535+0000][783.175s][info][gc,metaspace   ] GC(1529) Metaspace: 97998K(99264K)->97998K(99264K) NonClass: 84954K(85440K)->84954K(85440K) Class: 13043K(13824K)->13043K(13824K)
[2025-12-25T04:35:27.535+0000][783.175s][info][gc             ] GC(1529) Pause Young (Allocation Failure) 268M->191M(278M) 10.122ms
[2025-12-25T04:35:27.536+0000][783.176s][info][gc,cpu         ] GC(1529) User=0.01s Sys=0.00s Real=0.01s
[2025-12-25T04:35:27.659+0000][783.299s][info][gc,start       ] GC(1530) Pause Young (Allocation Failure)
[2025-12-25T04:35:27.671+0000][783.311s][info][gc,heap        ] GC(1530) DefNew: 83083K(88512K)->3381K(88512K) Eden: 78720K(78720K)->0K(78720K) From: 4363K(9792K)->3381K(9792K)
[2025-12-25T04:35:27.680+0000][783.320s][info][gc,heap        ] GC(1530) Tenured: 191333K(196608K)->191333K(196608K)
[2025-12-25T04:35:27.683+0000][783.323s][info][gc,metaspace   ] GC(1530) Metaspace: 97998K(99264K)->97998K(99264K) NonClass: 84954K(85440K)->84954K(85440K) Class: 13043K(13824K)->13043K(13824K)
[2025-12-25T04:35:27.683+0000][783.323s][info][gc             ] GC(1530) Pause Young (Allocation Failure) 267M->190M(278M) 24.088ms
[2025-12-25T04:35:27.683+0000][783.323s][info][gc,cpu         ] GC(1530) User=0.00s Sys=0.00s Real=0.02s
[2025-12-25T04:35:27.864+0000][783.504s][info][gc,start       ] GC(1531) Pause Young (Allocation Failure)
[2025-12-25T04:35:27.875+0000][783.515s][info][gc,heap        ] GC(1531) DefNew: 82101K(88512K)->3454K(88512K) Eden: 78720K(78720K)->0K(78720K) From: 3381K(9792K)->3454K(9792K)
[2025-12-25T04:35:27.876+0000][783.516s][info][gc,heap        ] GC(1531) Tenured: 191333K(196608K)->191333K(196608K)
[2025-12-25T04:35:27.876+0000][783.516s][info][gc,metaspace   ] GC(1531) Metaspace: 97998K(99264K)->97998K(99264K) NonClass: 84954K(85440K)->84954K(85440K) Class: 13043K(13824K)->13043K(13824K)
[2025-12-25T04:35:27.877+0000][783.517s][info][gc             ] GC(1531) Pause Young (Allocation Failure) 267M->190M(278M) 12.716ms
[2025-12-25T04:35:27.878+0000][783.518s][info][gc,cpu         ] GC(1531) User=0.01s Sys=0.00s Real=0.02s
[2025-12-25T04:35:27.979+0000][783.619s][info][gc,start       ] GC(1532) Pause Young (Allocation Failure)
[2025-12-25T04:35:27.988+0000][783.628s][info][gc,heap        ] GC(1532) DefNew: 82174K(88512K)->4611K(88512K) Eden: 78720K(78720K)->0K(78720K) From: 3454K(9792K)->4611K(9792K)
[2025-12-25T04:35:27.989+0000][783.629s][info][gc,heap        ] GC(1532) Tenured: 191333K(196608K)->191333K(196608K)
[2025-12-25T04:35:27.989+0000][783.629s][info][gc,metaspace   ] GC(1532) Metaspace: 97998K(99264K)->97998K(99264K) NonClass: 84954K(85440K)->84954K(85440K) Class: 13043K(13824K)->13043K(13824K)
[2025-12-25T04:35:27.989+0000][783.629s][info][gc             ] GC(1532) Pause Young (Allocation Failure) 267M->191M(278M) 10.694ms
[2025-12-25T04:35:27.990+0000][783.630s][info][gc,cpu         ] GC(1532) User=0.01s Sys=0.00s Real=0.01s
[2025-12-25T04:35:28.101+0000][783.741s][info][gc,start       ] GC(1533) Pause Young (Allocation Failure)
[2025-12-25T04:35:28.108+0000][783.748s][info][gc,heap        ] GC(1533) DefNew: 83296K(88512K)->2615K(88512K) Eden: 78685K(78720K)->0K(78720K) From: 4611K(9792K)->2615K(9792K)
[2025-12-25T04:35:28.110+0000][783.749s][info][gc,heap        ] GC(1533) Tenured: 191333K(196608K)->191333K(196608K)
[2025-12-25T04:35:28.110+0000][783.750s][info][gc,metaspace   ] GC(1533) Metaspace: 97998K(99264K)->97998K(99264K) NonClass: 84954K(85440K)->84954K(85440K) Class: 13043K(13824K)->13043K(13824K)
[2025-12-25T04:35:28.110+0000][783.750s][info][gc             ] GC(1533) Pause Young (Allocation Failure) 268M->189M(278M) 8.730ms
[2025-12-25T04:35:28.110+0000][783.750s][info][gc,cpu         ] GC(1533) User=0.00s Sys=0.00s Real=0.01s
[2025-12-25T04:35:28.219+0000][783.859s][info][gc,start       ] GC(1534) Pause Young (Allocation Failure)
[2025-12-25T04:35:28.230+0000][783.870s][info][gc,heap        ] GC(1534) DefNew: 81335K(88512K)->2590K(88512K) Eden: 78720K(78720K)->0K(78720K) From: 2615K(9792K)->2590K(9792K)
[2025-12-25T04:35:28.233+0000][783.873s][info][gc,heap        ] GC(1534) Tenured: 191333K(196608K)->191333K(196608K)
[2025-12-25T04:35:28.233+0000][783.873s][info][gc,metaspace   ] GC(1534) Metaspace: 97998K(99264K)->97998K(99264K) NonClass: 84954K(85440K)->84954K(85440K) Class: 13043K(13824K)->13043K(13824K)
[2025-12-25T04:35:28.234+0000][783.874s][info][gc             ] GC(1534) Pause Young (Allocation Failure) 266M->189M(278M) 14.922ms
[2025-12-25T04:35:28.234+0000][783.874s][info][gc,cpu         ] GC(1534) User=0.00s Sys=0.00s Real=0.02s
[2025-12-25T04:35:28.456+0000][784.096s][info][gc,start       ] GC(1535) Pause Young (Allocation Failure)
[2025-12-25T04:35:28.461+0000][784.101s][info][gc,heap        ] GC(1535) DefNew: 81310K(88512K)->3229K(88512K) Eden: 78720K(78720K)->0K(78720K) From: 2590K(9792K)->3229K(9792K)
[2025-12-25T04:35:28.462+0000][784.102s][info][gc,heap        ] GC(1535) Tenured: 191333K(196608K)->191333K(196608K)
[2025-12-25T04:35:28.462+0000][784.102s][info][gc,metaspace   ] GC(1535) Metaspace: 97998K(99264K)->97998K(99264K) NonClass: 84954K(85440K)->84954K(85440K) Class: 13043K(13824K)->13043K(13824K)
[2025-12-25T04:35:28.462+0000][784.102s][info][gc             ] GC(1535) Pause Young (Allocation Failure) 266M->190M(278M) 5.863ms
[2025-12-25T04:35:28.462+0000][784.102s][info][gc,cpu         ] GC(1535) User=0.00s Sys=0.00s Real=0.00s
[2025-12-25T04:35:28.597+0000][784.237s][info][gc,start       ] GC(1536) Pause Young (Allocation Failure)
[2025-12-25T04:35:28.603+0000][784.243s][info][gc,heap        ] GC(1536) DefNew: 81949K(88512K)->3193K(88512K) Eden: 78720K(78720K)->0K(78720K) From: 3229K(9792K)->3193K(9792K)
[2025-12-25T04:35:28.603+0000][784.243s][info][gc,heap        ] GC(1536) Tenured: 191333K(196608K)->191333K(196608K)
[2025-12-25T04:35:28.604+0000][784.244s][info][gc,metaspace   ] GC(1536) Metaspace: 97998K(99264K)->97998K(99264K) NonClass: 84954K(85440K)->84954K(85440K) Class: 13043K(13824K)->13043K(13824K)
[2025-12-25T04:35:28.604+0000][784.244s][info][gc             ] GC(1536) Pause Young (Allocation Failure) 266M->189M(278M) 6.983ms
[2025-12-25T04:35:28.604+0000][784.244s][info][gc,cpu         ] GC(1536) User=0.00s Sys=0.01s Real=0.00s
[2025-12-25T04:35:28.753+0000][784.393s][info][gc,start       ] GC(1537) Pause Young (Allocation Failure)
[2025-12-25T04:35:28.762+0000][784.401s][info][gc,heap        ] GC(1537) DefNew: 81913K(88512K)->2279K(88512K) Eden: 78720K(78720K)->0K(78720K) From: 3193K(9792K)->2279K(9792K)
[2025-12-25T04:35:28.762+0000][784.402s][info][gc,heap        ] GC(1537) Tenured: 191333K(196608K)->191333K(196608K)
[2025-12-25T04:35:28.762+0000][784.402s][info][gc,metaspace   ] GC(1537) Metaspace: 97998K(99264K)->97998K(99264K) NonClass: 84954K(85440K)->84954K(85440K) Class: 13043K(13824K)->13043K(13824K)
[2025-12-25T04:35:28.763+0000][784.403s][info][gc             ] GC(1537) Pause Young (Allocation Failure) 266M->189M(278M) 10.441ms
[2025-12-25T04:35:28.764+0000][784.404s][info][gc,cpu         ] GC(1537) User=0.00s Sys=0.00s Real=0.01s
[2025-12-25T04:35:28.928+0000][784.568s][info][gc,start       ] GC(1538) Pause Young (Allocation Failure)
[2025-12-25T04:35:28.932+0000][784.572s][info][gc,heap        ] GC(1538) DefNew: 80999K(88512K)->2507K(88512K) Eden: 78720K(78720K)->0K(78720K) From: 2279K(9792K)->2507K(9792K)
[2025-12-25T04:35:28.932+0000][784.572s][info][gc,heap        ] GC(1538) Tenured: 191333K(196608K)->191333K(196608K)
[2025-12-25T04:35:28.932+0000][784.572s][info][gc,metaspace   ] GC(1538) Metaspace: 97998K(99264K)->97998K(99264K) NonClass: 84954K(85440K)->84954K(85440K) Class: 13043K(13824K)->13043K(13824K)
[2025-12-25T04:35:28.933+0000][784.573s][info][gc             ] GC(1538) Pause Young (Allocation Failure) 265M->189M(278M) 4.816ms
[2025-12-25T04:35:28.933+0000][784.573s][info][gc,cpu         ] GC(1538) User=0.00s Sys=0.00s Real=0.00s
[2025-12-25T04:35:29.075+0000][784.715s][info][gc,start       ] GC(1539) Pause Young (Allocation Failure)
[2025-12-25T04:35:29.091+0000][784.731s][info][gc,heap        ] GC(1539) DefNew: 81227K(88512K)->2631K(88512K) Eden: 78720K(78720K)->0K(78720K) From: 2507K(9792K)->2631K(9792K)
[2025-12-25T04:35:29.091+0000][784.731s][info][gc,heap        ] GC(1539) Tenured: 191333K(196608K)->191333K(196608K)
[2025-12-25T04:35:29.092+0000][784.731s][info][gc,metaspace   ] GC(1539) Metaspace: 97998K(99264K)->97998K(99264K) NonClass: 84954K(85440K)->84954K(85440K) Class: 13043K(13824K)->13043K(13824K)
[2025-12-25T04:35:29.092+0000][784.732s][info][gc             ] GC(1539) Pause Young (Allocation Failure) 266M->189M(278M) 17.008ms
[2025-12-25T04:35:29.093+0000][784.733s][info][gc,cpu         ] GC(1539) User=0.01s Sys=0.00s Real=0.01s
[2025-12-25T04:35:29.293+0000][784.933s][info][gc,start       ] GC(1540) Pause Young (Allocation Failure)
[2025-12-25T04:35:29.321+0000][784.961s][info][gc,heap        ] GC(1540) DefNew: 81351K(88512K)->4184K(88512K) Eden: 78720K(78720K)->0K(78720K) From: 2631K(9792K)->4184K(9792K)
[2025-12-25T04:35:29.323+0000][784.963s][info][gc,heap        ] GC(1540) Tenured: 191333K(196608K)->191333K(196608K)
[2025-12-25T04:35:29.324+0000][784.964s][info][gc,metaspace   ] GC(1540) Metaspace: 97998K(99264K)->97998K(99264K) NonClass: 84954K(85440K)->84954K(85440K) Class: 13043K(13824K)->13043K(13824K)
[2025-12-25T04:35:29.325+0000][784.965s][info][gc             ] GC(1540) Pause Young (Allocation Failure) 266M->190M(278M) 31.535ms
[2025-12-25T04:35:29.325+0000][784.965s][info][gc,cpu         ] GC(1540) User=0.01s Sys=0.00s Real=0.04s
[2025-12-25T04:35:29.518+0000][785.158s][info][gc,start       ] GC(1541) Pause Young (Allocation Failure)
[2025-12-25T04:35:29.526+0000][785.166s][info][gc,heap        ] GC(1541) DefNew: 82904K(88512K)->3231K(88512K) Eden: 78720K(78720K)->0K(78720K) From: 4184K(9792K)->3231K(9792K)
[2025-12-25T04:35:29.527+0000][785.167s][info][gc,heap        ] GC(1541) Tenured: 191333K(196608K)->191333K(196608K)
[2025-12-25T04:35:29.528+0000][785.168s][info][gc,metaspace   ] GC(1541) Metaspace: 97998K(99264K)->97998K(99264K) NonClass: 84954K(85440K)->84954K(85440K) Class: 13043K(13824K)->13043K(13824K)
[2025-12-25T04:35:29.529+0000][785.169s][info][gc             ] GC(1541) Pause Young (Allocation Failure) 267M->190M(278M) 10.352ms
[2025-12-25T04:35:29.531+0000][785.171s][info][gc,cpu         ] GC(1541) User=0.00s Sys=0.00s Real=0.01s
[2025-12-25T04:35:29.700+0000][785.340s][info][gc,start       ] GC(1542) Pause Young (Allocation Failure)
[2025-12-25T04:35:29.710+0000][785.350s][info][gc,heap        ] GC(1542) DefNew: 81951K(88512K)->2441K(88512K) Eden: 78720K(78720K)->0K(78720K) From: 3231K(9792K)->2441K(9792K)
[2025-12-25T04:35:29.712+0000][785.352s][info][gc,heap        ] GC(1542) Tenured: 191333K(196608K)->191363K(196608K)
[2025-12-25T04:35:29.712+0000][785.352s][info][gc,metaspace   ] GC(1542) Metaspace: 97998K(99264K)->97998K(99264K) NonClass: 84954K(85440K)->84954K(85440K) Class: 13043K(13824K)->13043K(13824K)
[2025-12-25T04:35:29.714+0000][785.354s][info][gc             ] GC(1542) Pause Young (Allocation Failure) 266M->189M(278M) 14.060ms
[2025-12-25T04:35:29.717+0000][785.357s][info][gc,cpu         ] GC(1542) User=0.01s Sys=0.00s Real=0.02s
[2025-12-25T04:35:29.848+0000][785.488s][info][gc,start       ] GC(1543) Pause Young (Allocation Failure)
[2025-12-25T04:35:29.858+0000][785.498s][info][gc,heap        ] GC(1543) DefNew: 81161K(88512K)->2500K(88512K) Eden: 78720K(78720K)->0K(78720K) From: 2441K(9792K)->2500K(9792K)
[2025-12-25T04:35:29.859+0000][785.499s][info][gc,heap        ] GC(1543) Tenured: 191363K(196608K)->191412K(196608K)
[2025-12-25T04:35:29.859+0000][785.499s][info][gc,metaspace   ] GC(1543) Metaspace: 97998K(99264K)->97998K(99264K) NonClass: 84954K(85440K)->84954K(85440K) Class: 13043K(13824K)->13043K(13824K)
[2025-12-25T04:35:29.859+0000][785.499s][info][gc             ] GC(1543) Pause Young (Allocation Failure) 266M->189M(278M) 10.803ms
[2025-12-25T04:35:29.859+0000][785.499s][info][gc,cpu         ] GC(1543) User=0.01s Sys=0.00s Real=0.01s
[2025-12-25T04:35:30.016+0000][785.656s][info][gc,start       ] GC(1544) Pause Young (Allocation Failure)
[2025-12-25T04:35:30.023+0000][785.663s][info][gc,heap        ] GC(1544) DefNew: 81220K(88512K)->3092K(88512K) Eden: 78720K(78720K)->0K(78720K) From: 2500K(9792K)->3092K(9792K)
[2025-12-25T04:35:30.023+0000][785.663s][info][gc,heap        ] GC(1544) Tenured: 191412K(196608K)->191413K(196608K)
[2025-12-25T04:35:30.024+0000][785.664s][info][gc,metaspace   ] GC(1544) Metaspace: 97998K(99264K)->97998K(99264K) NonClass: 84954K(85440K)->84954K(85440K) Class: 13043K(13824K)->13043K(13824K)
[2025-12-25T04:35:30.024+0000][785.664s][info][gc             ] GC(1544) Pause Young (Allocation Failure) 266M->189M(278M) 8.199ms
[2025-12-25T04:35:30.025+0000][785.665s][info][gc,cpu         ] GC(1544) User=0.01s Sys=0.00s Real=0.01s
[2025-12-25T04:35:30.193+0000][785.833s][info][gc,start       ] GC(1545) Pause Young (Allocation Failure)
[2025-12-25T04:35:30.217+0000][785.857s][info][gc,heap        ] GC(1545) DefNew: 81812K(88512K)->3910K(88512K) Eden: 78720K(78720K)->0K(78720K) From: 3092K(9792K)->3910K(9792K)
[2025-12-25T04:35:30.217+0000][785.857s][info][gc,heap        ] GC(1545) Tenured: 191413K(196608K)->191438K(196608K)
[2025-12-25T04:35:30.217+0000][785.857s][info][gc,metaspace   ] GC(1545) Metaspace: 97998K(99264K)->97998K(99264K) NonClass: 84954K(85440K)->84954K(85440K) Class: 13043K(13824K)->13043K(13824K)
[2025-12-25T04:35:30.218+0000][785.858s][info][gc             ] GC(1545) Pause Young (Allocation Failure) 266M->190M(278M) 25.251ms
[2025-12-25T04:35:30.219+0000][785.859s][info][gc,cpu         ] GC(1545) User=0.00s Sys=0.00s Real=0.03s
[2025-12-25T04:35:30.376+0000][786.016s][info][gc,start       ] GC(1546) Pause Young (Allocation Failure)
[2025-12-25T04:35:30.384+0000][786.024s][info][gc,heap        ] GC(1546) DefNew: 82630K(88512K)->3590K(88512K) Eden: 78720K(78720K)->0K(78720K) From: 3910K(9792K)->3590K(9792K)
[2025-12-25T04:35:30.385+0000][786.025s][info][gc,heap        ] GC(1546) Tenured: 191438K(196608K)->191438K(196608K)
[2025-12-25T04:35:30.385+0000][786.025s][info][gc,metaspace   ] GC(1546) Metaspace: 97998K(99264K)->97998K(99264K) NonClass: 84954K(85440K)->84954K(85440K) Class: 13043K(13824K)->13043K(13824K)
[2025-12-25T04:35:30.385+0000][786.025s][info][gc             ] GC(1546) Pause Young (Allocation Failure) 267M->190M(278M) 9.656ms
[2025-12-25T04:35:30.386+0000][786.026s][info][gc,cpu         ] GC(1546) User=0.01s Sys=0.00s Real=0.01s
[2025-12-25T04:35:30.534+0000][786.174s][info][gc,start       ] GC(1547) Pause Young (Allocation Failure)
[2025-12-25T04:35:30.543+0000][786.183s][info][gc,heap        ] GC(1547) DefNew: 82310K(88512K)->4210K(88512K) Eden: 78720K(78720K)->0K(78720K) From: 3590K(9792K)->4210K(9792K)
[2025-12-25T04:35:30.544+0000][786.184s][info][gc,heap        ] GC(1547) Tenured: 191438K(196608K)->191486K(196608K)
[2025-12-25T04:35:30.545+0000][786.185s][info][gc,metaspace   ] GC(1547) Metaspace: 97998K(99264K)->97998K(99264K) NonClass: 84954K(85440K)->84954K(85440K) Class: 13043K(13824K)->13043K(13824K)
[2025-12-25T04:35:30.546+0000][786.186s][info][gc             ] GC(1547) Pause Young (Allocation Failure) 267M->191M(278M) 12.034ms
[2025-12-25T04:35:30.549+0000][786.189s][info][gc,cpu         ] GC(1547) User=0.00s Sys=0.00s Real=0.02s
[2025-12-25T04:35:30.717+0000][786.357s][info][gc,start       ] GC(1548) Pause Young (Allocation Failure)
[2025-12-25T04:35:30.728+0000][786.368s][info][gc,heap        ] GC(1548) DefNew: 82930K(88512K)->2739K(88512K) Eden: 78720K(78720K)->0K(78720K) From: 4210K(9792K)->2739K(9792K)
[2025-12-25T04:35:30.728+0000][786.368s][info][gc,heap        ] GC(1548) Tenured: 191486K(196608K)->191510K(196608K)
[2025-12-25T04:35:30.728+0000][786.368s][info][gc,metaspace   ] GC(1548) Metaspace: 97998K(99264K)->97998K(99264K) NonClass: 84954K(85440K)->84954K(85440K) Class: 13043K(13824K)->13043K(13824K)
[2025-12-25T04:35:30.729+0000][786.369s][info][gc             ] GC(1548) Pause Young (Allocation Failure) 267M->189M(278M) 11.407ms
[2025-12-25T04:35:30.730+0000][786.370s][info][gc,cpu         ] GC(1548) User=0.00s Sys=0.00s Real=0.01s
[2025-12-25T04:35:30.851+0000][786.491s][info][gc,start       ] GC(1549) Pause Young (Allocation Failure)
[2025-12-25T04:35:30.861+0000][786.501s][info][gc,heap        ] GC(1549) DefNew: 81459K(88512K)->3493K(88512K) Eden: 78720K(78720K)->0K(78720K) From: 2739K(9792K)->3493K(9792K)
[2025-12-25T04:35:30.862+0000][786.502s][info][gc,heap        ] GC(1549) Tenured: 191510K(196608K)->191550K(196608K)
[2025-12-25T04:35:30.862+0000][786.502s][info][gc,metaspace   ] GC(1549) Metaspace: 97998K(99264K)->97998K(99264K) NonClass: 84954K(85440K)->84954K(85440K) Class: 13043K(13824K)->13043K(13824K)
[2025-12-25T04:35:30.862+0000][786.502s][info][gc             ] GC(1549) Pause Young (Allocation Failure) 266M->190M(278M) 11.329ms
[2025-12-25T04:35:30.863+0000][786.503s][info][gc,cpu         ] GC(1549) User=0.01s Sys=0.00s Real=0.01s
[2025-12-25T04:35:30.988+0000][786.628s][info][gc,start       ] GC(1550) Pause Young (Allocation Failure)
[2025-12-25T04:35:30.993+0000][786.633s][info][gc,heap        ] GC(1550) DefNew: 82213K(88512K)->3246K(88512K) Eden: 78720K(78720K)->0K(78720K) From: 3493K(9792K)->3246K(9792K)
[2025-12-25T04:35:30.994+0000][786.634s][info][gc,heap        ] GC(1550) Tenured: 191550K(196608K)->191565K(196608K)
[2025-12-25T04:35:30.994+0000][786.634s][info][gc,metaspace   ] GC(1550) Metaspace: 97998K(99264K)->97998K(99264K) NonClass: 84954K(85440K)->84954K(85440K) Class: 13043K(13824K)->13043K(13824K)
[2025-12-25T04:35:30.994+0000][786.634s][info][gc             ] GC(1550) Pause Young (Allocation Failure) 267M->190M(278M) 6.375ms
[2025-12-25T04:35:30.994+0000][786.634s][info][gc,cpu         ] GC(1550) User=0.01s Sys=0.00s Real=0.01s
[2025-12-25T04:35:31.196+0000][786.836s][info][gc,start       ] GC(1551) Pause Young (Allocation Failure)
[2025-12-25T04:35:31.207+0000][786.847s][info][gc,heap        ] GC(1551) DefNew: 81966K(88512K)->4399K(88512K) Eden: 78720K(78720K)->0K(78720K) From: 3246K(9792K)->4399K(9792K)
[2025-12-25T04:35:31.207+0000][786.847s][info][gc,heap        ] GC(1551) Tenured: 191565K(196608K)->191565K(196608K)
[2025-12-25T04:35:31.208+0000][786.848s][info][gc,metaspace   ] GC(1551) Metaspace: 97998K(99264K)->97998K(99264K) NonClass: 84954K(85440K)->84954K(85440K) Class: 13043K(13824K)->13043K(13824K)
[2025-12-25T04:35:31.208+0000][786.848s][info][gc             ] GC(1551) Pause Young (Allocation Failure) 267M->191M(278M) 12.018ms
[2025-12-25T04:35:31.208+0000][786.848s][info][gc,cpu         ] GC(1551) User=0.01s Sys=0.00s Real=0.01s
[2025-12-25T04:35:31.354+0000][786.994s][info][gc,start       ] GC(1552) Pause Young (Allocation Failure)
[2025-12-25T04:35:31.360+0000][787.000s][info][gc,heap        ] GC(1552) DefNew: 83119K(88512K)->3196K(88512K) Eden: 78720K(78720K)->0K(78720K) From: 4399K(9792K)->3196K(9792K)
[2025-12-25T04:35:31.360+0000][787.000s][info][gc,heap        ] GC(1552) Tenured: 191565K(196608K)->191565K(196608K)
[2025-12-25T04:35:31.361+0000][787.001s][info][gc,metaspace   ] GC(1552) Metaspace: 97998K(99264K)->97998K(99264K) NonClass: 84954K(85440K)->84954K(85440K) Class: 13043K(13824K)->13043K(13824K)
[2025-12-25T04:35:31.362+0000][787.002s][info][gc             ] GC(1552) Pause Young (Allocation Failure) 268M->190M(278M) 7.372ms
[2025-12-25T04:35:31.362+0000][787.002s][info][gc,cpu         ] GC(1552) User=0.00s Sys=0.00s Real=0.00s
[2025-12-25T04:35:31.546+0000][787.186s][info][gc,start       ] GC(1553) Pause Young (Allocation Failure)
[2025-12-25T04:35:31.556+0000][787.196s][info][gc,heap        ] GC(1553) DefNew: 81916K(88512K)->4895K(88512K) Eden: 78720K(78720K)->0K(78720K) From: 3196K(9792K)->4895K(9792K)
[2025-12-25T04:35:31.557+0000][787.197s][info][gc,heap        ] GC(1553) Tenured: 191565K(196608K)->191565K(196608K)
[2025-12-25T04:35:31.557+0000][787.197s][info][gc,metaspace   ] GC(1553) Metaspace: 97998K(99264K)->97998K(99264K) NonClass: 84954K(85440K)->84954K(85440K) Class: 13043K(13824K)->13043K(13824K)
[2025-12-25T04:35:31.557+0000][787.197s][info][gc             ] GC(1553) Pause Young (Allocation Failure) 267M->191M(278M) 11.256ms
[2025-12-25T04:35:31.557+0000][787.197s][info][gc,cpu         ] GC(1553) User=0.01s Sys=0.01s Real=0.01s
[2025-12-25T04:35:31.731+0000][787.371s][info][gc,start       ] GC(1554) Pause Young (Allocation Failure)
[2025-12-25T04:35:31.738+0000][787.378s][info][gc,heap        ] GC(1554) DefNew: 83615K(88512K)->3885K(88512K) Eden: 78720K(78720K)->0K(78720K) From: 4895K(9792K)->3885K(9792K)
[2025-12-25T04:35:31.739+0000][787.379s][info][gc,heap        ] GC(1554) Tenured: 191565K(196608K)->191595K(196608K)
[2025-12-25T04:35:31.739+0000][787.379s][info][gc,metaspace   ] GC(1554) Metaspace: 97998K(99264K)->97998K(99264K) NonClass: 84954K(85440K)->84954K(85440K) Class: 13043K(13824K)->13043K(13824K)
[2025-12-25T04:35:31.739+0000][787.379s][info][gc             ] GC(1554) Pause Young (Allocation Failure) 268M->190M(278M) 8.594ms
[2025-12-25T04:35:31.740+0000][787.380s][info][gc,cpu         ] GC(1554) User=0.01s Sys=0.00s Real=0.01s
[2025-12-25T04:35:31.838+0000][787.478s][info][gc,start       ] GC(1555) Pause Young (Allocation Failure)
[2025-12-25T04:35:31.847+0000][787.487s][info][gc,heap        ] GC(1555) DefNew: 82605K(88512K)->3162K(88512K) Eden: 78720K(78720K)->0K(78720K) From: 3885K(9792K)->3162K(9792K)
[2025-12-25T04:35:31.847+0000][787.487s][info][gc,heap        ] GC(1555) Tenured: 191595K(196608K)->191626K(196608K)
[2025-12-25T04:35:31.847+0000][787.487s][info][gc,metaspace   ] GC(1555) Metaspace: 97998K(99264K)->97998K(99264K) NonClass: 84954K(85440K)->84954K(85440K) Class: 13043K(13824K)->13043K(13824K)
[2025-12-25T04:35:31.848+0000][787.488s][info][gc             ] GC(1555) Pause Young (Allocation Failure) 267M->190M(278M) 9.839ms
[2025-12-25T04:35:31.848+0000][787.488s][info][gc,cpu         ] GC(1555) User=0.00s Sys=0.00s Real=0.01s
[2025-12-25T04:35:32.059+0000][787.699s][info][gc,start       ] GC(1556) Pause Young (Allocation Failure)
[2025-12-25T04:35:32.074+0000][787.714s][info][gc,heap        ] GC(1556) DefNew: 81882K(88512K)->2952K(88512K) Eden: 78720K(78720K)->0K(78720K) From: 3162K(9792K)->2952K(9792K)
[2025-12-25T04:35:32.074+0000][787.714s][info][gc,heap        ] GC(1556) Tenured: 191626K(196608K)->191627K(196608K)
[2025-12-25T04:35:32.075+0000][787.715s][info][gc,metaspace   ] GC(1556) Metaspace: 97998K(99264K)->97998K(99264K) NonClass: 84954K(85440K)->84954K(85440K) Class: 13043K(13824K)->13043K(13824K)
[2025-12-25T04:35:32.075+0000][787.715s][info][gc             ] GC(1556) Pause Young (Allocation Failure) 267M->190M(278M) 16.345ms
[2025-12-25T04:35:32.075+0000][787.715s][info][gc,cpu         ] GC(1556) User=0.01s Sys=0.00s Real=0.02s
[2025-12-25T04:35:32.340+0000][787.980s][info][gc,start       ] GC(1557) Pause Young (Allocation Failure)
[2025-12-25T04:35:32.350+0000][787.990s][info][gc,heap        ] GC(1557) DefNew: 81672K(88512K)->2752K(88512K) Eden: 78720K(78720K)->0K(78720K) From: 2952K(9792K)->2752K(9792K)
[2025-12-25T04:35:32.352+0000][787.992s][info][gc,heap        ] GC(1557) Tenured: 191627K(196608K)->191627K(196608K)
[2025-12-25T04:35:32.354+0000][787.994s][info][gc,metaspace   ] GC(1557) Metaspace: 97998K(99264K)->97998K(99264K) NonClass: 84954K(85440K)->84954K(85440K) Class: 13043K(13824K)->13043K(13824K)
[2025-12-25T04:35:32.356+0000][787.996s][info][gc             ] GC(1557) Pause Young (Allocation Failure) 266M->189M(278M) 16.248ms
[2025-12-25T04:35:32.357+0000][787.997s][info][gc,cpu         ] GC(1557) User=0.00s Sys=0.00s Real=0.02s
[2025-12-25T04:35:32.557+0000][788.197s][info][gc,start       ] GC(1558) Pause Young (Allocation Failure)
[2025-12-25T04:35:32.579+0000][788.219s][info][gc,heap        ] GC(1558) DefNew: 81472K(88512K)->3091K(88512K) Eden: 78720K(78720K)->0K(78720K) From: 2752K(9792K)->3091K(9792K)
[2025-12-25T04:35:32.579+0000][788.219s][info][gc,heap        ] GC(1558) Tenured: 191627K(196608K)->191821K(196608K)
[2025-12-25T04:35:32.579+0000][788.219s][info][gc,metaspace   ] GC(1558) Metaspace: 97998K(99264K)->97998K(99264K) NonClass: 84954K(85440K)->84954K(85440K) Class: 13043K(13824K)->13043K(13824K)
[2025-12-25T04:35:32.580+0000][788.220s][info][gc             ] GC(1558) Pause Young (Allocation Failure) 266M->190M(278M) 22.304ms
[2025-12-25T04:35:32.580+0000][788.220s][info][gc,cpu         ] GC(1558) User=0.01s Sys=0.00s Real=0.02s
[2025-12-25T04:35:32.784+0000][788.424s][info][gc,start       ] GC(1559) Pause Young (Allocation Failure)
[2025-12-25T04:35:32.803+0000][788.443s][info][gc,heap        ] GC(1559) DefNew: 81811K(88512K)->3558K(88512K) Eden: 78720K(78720K)->0K(78720K) From: 3091K(9792K)->3558K(9792K)
[2025-12-25T04:35:32.806+0000][788.446s][info][gc,heap        ] GC(1559) Tenured: 191821K(196608K)->192159K(196608K)
[2025-12-25T04:35:32.806+0000][788.446s][info][gc,metaspace   ] GC(1559) Metaspace: 97998K(99264K)->97998K(99264K) NonClass: 84954K(85440K)->84954K(85440K) Class: 13043K(13824K)->13043K(13824K)
[2025-12-25T04:35:32.806+0000][788.446s][info][gc             ] GC(1559) Pause Young (Allocation Failure) 267M->191M(278M) 22.483ms
[2025-12-25T04:35:32.807+0000][788.447s][info][gc,cpu         ] GC(1559) User=0.01s Sys=0.00s Real=0.03s
[2025-12-25T04:35:32.935+0000][788.575s][info][gc,start       ] GC(1560) Pause Young (Allocation Failure)
[2025-12-25T04:35:32.953+0000][788.593s][info][gc,heap        ] GC(1560) DefNew: 82278K(88512K)->4512K(88512K) Eden: 78720K(78720K)->0K(78720K) From: 3558K(9792K)->4512K(9792K)
[2025-12-25T04:35:32.953+0000][788.593s][info][gc,heap        ] GC(1560) Tenured: 192159K(196608K)->192159K(196608K)
[2025-12-25T04:35:32.954+0000][788.594s][info][gc,metaspace   ] GC(1560) Metaspace: 97998K(99264K)->97998K(99264K) NonClass: 84954K(85440K)->84954K(85440K) Class: 13043K(13824K)->13043K(13824K)
[2025-12-25T04:35:32.954+0000][788.594s][info][gc             ] GC(1560) Pause Young (Allocation Failure) 268M->192M(278M) 18.557ms
[2025-12-25T04:35:32.954+0000][788.594s][info][gc,cpu         ] GC(1560) User=0.01s Sys=0.00s Real=0.01s
[2025-12-25T04:35:33.131+0000][788.771s][info][gc,start       ] GC(1561) Pause Young (Allocation Failure)
[2025-12-25T04:35:33.139+0000][788.779s][info][gc,heap        ] GC(1561) DefNew: 83232K(88512K)->3188K(88512K) Eden: 78720K(78720K)->0K(78720K) From: 4512K(9792K)->3188K(9792K)
[2025-12-25T04:35:33.140+0000][788.779s][info][gc,heap        ] GC(1561) Tenured: 192159K(196608K)->192159K(196608K)
[2025-12-25T04:35:33.140+0000][788.780s][info][gc,metaspace   ] GC(1561) Metaspace: 97998K(99264K)->97998K(99264K) NonClass: 84954K(85440K)->84954K(85440K) Class: 13043K(13824K)->13043K(13824K)
[2025-12-25T04:35:33.141+0000][788.781s][info][gc             ] GC(1561) Pause Young (Allocation Failure) 268M->190M(278M) 9.314ms
[2025-12-25T04:35:33.141+0000][788.781s][info][gc,cpu         ] GC(1561) User=0.00s Sys=0.00s Real=0.01s
[2025-12-25T04:35:33.397+0000][789.037s][info][gc,start       ] GC(1562) Pause Young (Allocation Failure)
[2025-12-25T04:35:33.414+0000][789.054s][info][gc,heap        ] GC(1562) DefNew: 81908K(88512K)->2564K(88512K) Eden: 78720K(78720K)->0K(78720K) From: 3188K(9792K)->2564K(9792K)
[2025-12-25T04:35:33.415+0000][789.055s][info][gc,heap        ] GC(1562) Tenured: 192159K(196608K)->192159K(196608K)
[2025-12-25T04:35:33.415+0000][789.055s][info][gc,metaspace   ] GC(1562) Metaspace: 97998K(99264K)->97998K(99264K) NonClass: 84954K(85440K)->84954K(85440K) Class: 13043K(13824K)->13043K(13824K)
[2025-12-25T04:35:33.416+0000][789.056s][info][gc             ] GC(1562) Pause Young (Allocation Failure) 267M->190M(278M) 18.172ms
[2025-12-25T04:35:33.416+0000][789.056s][info][gc,cpu         ] GC(1562) User=0.01s Sys=0.00s Real=0.02s
[2025-12-25T04:35:33.591+0000][789.231s][info][gc,start       ] GC(1563) Pause Young (Allocation Failure)
[2025-12-25T04:35:33.626+0000][789.266s][info][gc,heap        ] GC(1563) DefNew: 81284K(88512K)->3838K(88512K) Eden: 78720K(78720K)->0K(78720K) From: 2564K(9792K)->3838K(9792K)
[2025-12-25T04:35:33.633+0000][789.273s][info][gc,heap        ] GC(1563) Tenured: 192159K(196608K)->192159K(196608K)
[2025-12-25T04:35:33.634+0000][789.274s][info][gc,metaspace   ] GC(1563) Metaspace: 97998K(99264K)->97998K(99264K) NonClass: 84954K(85440K)->84954K(85440K) Class: 13043K(13824K)->13043K(13824K)
[2025-12-25T04:35:33.634+0000][789.274s][info][gc             ] GC(1563) Pause Young (Allocation Failure) 267M->191M(278M) 43.518ms
[2025-12-25T04:35:33.634+0000][789.274s][info][gc,cpu         ] GC(1563) User=0.01s Sys=0.00s Real=0.05s
[2025-12-25T04:35:33.789+0000][789.429s][info][gc,start       ] GC(1564) Pause Young (Allocation Failure)
[2025-12-25T04:35:33.795+0000][789.435s][info][gc,heap        ] GC(1564) DefNew: 82558K(88512K)->3462K(88512K) Eden: 78720K(78720K)->0K(78720K) From: 3838K(9792K)->3462K(9792K)
[2025-12-25T04:35:33.795+0000][789.435s][info][gc,heap        ] GC(1564) Tenured: 192159K(196608K)->192159K(196608K)
[2025-12-25T04:35:33.796+0000][789.436s][info][gc,metaspace   ] GC(1564) Metaspace: 97998K(99264K)->97998K(99264K) NonClass: 84954K(85440K)->84954K(85440K) Class: 13043K(13824K)->13043K(13824K)
[2025-12-25T04:35:33.796+0000][789.436s][info][gc             ] GC(1564) Pause Young (Allocation Failure) 268M->191M(278M) 6.884ms
[2025-12-25T04:35:33.796+0000][789.436s][info][gc,cpu         ] GC(1564) User=0.00s Sys=0.00s Real=0.01s
[2025-12-25T04:35:33.927+0000][789.567s][info][gc,start       ] GC(1565) Pause Young (Allocation Failure)
[2025-12-25T04:35:33.942+0000][789.582s][info][gc,heap        ] GC(1565) DefNew: 82182K(88512K)->3746K(88512K) Eden: 78720K(78720K)->0K(78720K) From: 3462K(9792K)->3746K(9792K)
[2025-12-25T04:35:33.946+0000][789.586s][info][gc,heap        ] GC(1565) Tenured: 192159K(196608K)->192159K(196608K)
[2025-12-25T04:35:33.946+0000][789.586s][info][gc,metaspace   ] GC(1565) Metaspace: 97998K(99264K)->97998K(99264K) NonClass: 84954K(85440K)->84954K(85440K) Class: 13043K(13824K)->13043K(13824K)
[2025-12-25T04:35:33.946+0000][789.586s][info][gc             ] GC(1565) Pause Young (Allocation Failure) 267M->191M(278M) 19.219ms
[2025-12-25T04:35:33.946+0000][789.586s][info][gc,cpu         ] GC(1565) User=0.00s Sys=0.00s Real=0.02s
[2025-12-25T04:35:34.131+0000][789.771s][info][gc,start       ] GC(1566) Pause Young (Allocation Failure)
[2025-12-25T04:35:34.148+0000][789.788s][info][gc,heap        ] GC(1566) DefNew: 82466K(88512K)->5024K(88512K) Eden: 78720K(78720K)->0K(78720K) From: 3746K(9792K)->5024K(9792K)
[2025-12-25T04:35:34.152+0000][789.792s][info][gc,heap        ] GC(1566) Tenured: 192159K(196608K)->192159K(196608K)
[2025-12-25T04:35:34.152+0000][789.792s][info][gc,metaspace   ] GC(1566) Metaspace: 97998K(99264K)->97998K(99264K) NonClass: 84954K(85440K)->84954K(85440K) Class: 13043K(13824K)->13043K(13824K)
[2025-12-25T04:35:34.152+0000][789.792s][info][gc             ] GC(1566) Pause Young (Allocation Failure) 268M->192M(278M) 21.031ms
[2025-12-25T04:35:34.153+0000][789.793s][info][gc,cpu         ] GC(1566) User=0.01s Sys=0.00s Real=0.02s
[2025-12-25T04:35:34.310+0000][789.950s][info][gc,start       ] GC(1567) Pause Young (Allocation Failure)
[2025-12-25T04:35:34.355+0000][789.995s][info][gc,heap        ] GC(1567) DefNew: 83744K(88512K)->3313K(88512K) Eden: 78720K(78720K)->0K(78720K) From: 5024K(9792K)->3313K(9792K)
[2025-12-25T04:35:34.356+0000][789.996s][info][gc,heap        ] GC(1567) Tenured: 192159K(196608K)->192491K(196608K)
[2025-12-25T04:35:34.356+0000][789.996s][info][gc,metaspace   ] GC(1567) Metaspace: 97998K(99264K)->97998K(99264K) NonClass: 84954K(85440K)->84954K(85440K) Class: 13043K(13824K)->13043K(13824K)
[2025-12-25T04:35:34.356+0000][789.996s][info][gc             ] GC(1567) Pause Young (Allocation Failure) 269M->191M(278M) 46.441ms
[2025-12-25T04:35:34.357+0000][789.997s][info][gc,cpu         ] GC(1567) User=0.04s Sys=0.00s Real=0.05s
[2025-12-25T04:35:34.500+0000][790.140s][info][gc,start       ] GC(1568) Pause Young (Allocation Failure)
[2025-12-25T04:35:34.512+0000][790.152s][info][gc,heap        ] GC(1568) DefNew: 82033K(88512K)->2791K(88512K) Eden: 78720K(78720K)->0K(78720K) From: 3313K(9792K)->2791K(9792K)
[2025-12-25T04:35:34.512+0000][790.152s][info][gc,heap        ] GC(1568) Tenured: 192491K(196608K)->192491K(196608K)
[2025-12-25T04:35:34.512+0000][790.152s][info][gc,metaspace   ] GC(1568) Metaspace: 97998K(99264K)->97998K(99264K) NonClass: 84954K(85440K)->84954K(85440K) Class: 13043K(13824K)->13043K(13824K)
[2025-12-25T04:35:34.513+0000][790.153s][info][gc             ] GC(1568) Pause Young (Allocation Failure) 268M->190M(278M) 12.977ms
[2025-12-25T04:35:34.513+0000][790.153s][info][gc,cpu         ] GC(1568) User=0.01s Sys=0.00s Real=0.01s
[2025-12-25T04:35:34.745+0000][790.384s][info][gc,start       ] GC(1569) Pause Young (Allocation Failure)
[2025-12-25T04:35:34.750+0000][790.390s][info][gc,heap        ] GC(1569) DefNew: 81511K(88512K)->2634K(88512K) Eden: 78720K(78720K)->0K(78720K) From: 2791K(9792K)->2634K(9792K)
[2025-12-25T04:35:34.750+0000][790.390s][info][gc,heap        ] GC(1569) Tenured: 192491K(196608K)->192491K(196608K)
[2025-12-25T04:35:34.751+0000][790.391s][info][gc,metaspace   ] GC(1569) Metaspace: 97998K(99264K)->97998K(99264K) NonClass: 84954K(85440K)->84954K(85440K) Class: 13043K(13824K)->13043K(13824K)
[2025-12-25T04:35:34.753+0000][790.393s][info][gc             ] GC(1569) Pause Young (Allocation Failure) 267M->190M(278M) 8.071ms
[2025-12-25T04:35:34.753+0000][790.393s][info][gc,cpu         ] GC(1569) User=0.00s Sys=0.00s Real=0.01s
[2025-12-25T04:35:34.879+0000][790.519s][info][gc,start       ] GC(1570) Pause Young (Allocation Failure)
[2025-12-25T04:35:34.912+0000][790.552s][info][gc,heap        ] GC(1570) DefNew: 81354K(88512K)->3110K(88512K) Eden: 78720K(78720K)->0K(78720K) From: 2634K(9792K)->3110K(9792K)
[2025-12-25T04:35:34.913+0000][790.553s][info][gc,heap        ] GC(1570) Tenured: 192491K(196608K)->192491K(196608K)
[2025-12-25T04:35:34.914+0000][790.554s][info][gc,metaspace   ] GC(1570) Metaspace: 97998K(99264K)->97998K(99264K) NonClass: 84954K(85440K)->84954K(85440K) Class: 13043K(13824K)->13043K(13824K)
[2025-12-25T04:35:34.915+0000][790.555s][info][gc             ] GC(1570) Pause Young (Allocation Failure) 267M->191M(278M) 36.080ms
[2025-12-25T04:35:34.915+0000][790.555s][info][gc,cpu         ] GC(1570) User=0.01s Sys=0.00s Real=0.04s
[2025-12-25T04:35:35.039+0000][790.679s][info][gc,start       ] GC(1571) Pause Young (Allocation Failure)
[2025-12-25T04:35:35.057+0000][790.697s][info][gc,heap        ] GC(1571) DefNew: 81830K(88512K)->3791K(88512K) Eden: 78720K(78720K)->0K(78720K) From: 3110K(9792K)->3791K(9792K)
[2025-12-25T04:35:35.057+0000][790.697s][info][gc,heap        ] GC(1571) Tenured: 192491K(196608K)->192491K(196608K)
[2025-12-25T04:35:35.057+0000][790.697s][info][gc,metaspace   ] GC(1571) Metaspace: 97998K(99264K)->97998K(99264K) NonClass: 84954K(85440K)->84954K(85440K) Class: 13043K(13824K)->13043K(13824K)
[2025-12-25T04:35:35.058+0000][790.698s][info][gc             ] GC(1571) Pause Young (Allocation Failure) 267M->191M(278M) 18.607ms
[2025-12-25T04:35:35.058+0000][790.698s][info][gc,cpu         ] GC(1571) User=0.01s Sys=0.00s Real=0.02s
[2025-12-25T04:35:35.212+0000][790.852s][info][gc,start       ] GC(1572) Pause Young (Allocation Failure)
[2025-12-25T04:35:35.236+0000][790.876s][info][gc,heap        ] GC(1572) DefNew: 82511K(88512K)->3035K(88512K) Eden: 78720K(78720K)->0K(78720K) From: 3791K(9792K)->3035K(9792K)
[2025-12-25T04:35:35.236+0000][790.876s][info][gc,heap        ] GC(1572) Tenured: 192491K(196608K)->192516K(196608K)
[2025-12-25T04:35:35.236+0000][790.876s][info][gc,metaspace   ] GC(1572) Metaspace: 97998K(99264K)->97998K(99264K) NonClass: 84954K(85440K)->84954K(85440K) Class: 13043K(13824K)->13043K(13824K)
[2025-12-25T04:35:35.236+0000][790.876s][info][gc             ] GC(1572) Pause Young (Allocation Failure) 268M->190M(278M) 24.702ms
[2025-12-25T04:35:35.237+0000][790.877s][info][gc,cpu         ] GC(1572) User=0.01s Sys=0.00s Real=0.03s
[2025-12-25T04:35:35.423+0000][791.063s][info][gc,start       ] GC(1573) Pause Young (Allocation Failure)
[2025-12-25T04:35:35.428+0000][791.068s][info][gc,heap        ] GC(1573) DefNew: 81755K(88512K)->3284K(88512K) Eden: 78720K(78720K)->0K(78720K) From: 3035K(9792K)->3284K(9792K)
[2025-12-25T04:35:35.429+0000][791.069s][info][gc,heap        ] GC(1573) Tenured: 192516K(196608K)->192516K(196608K)
[2025-12-25T04:35:35.429+0000][791.069s][info][gc,metaspace   ] GC(1573) Metaspace: 97998K(99264K)->97998K(99264K) NonClass: 84954K(85440K)->84954K(85440K) Class: 13043K(13824K)->13043K(13824K)
[2025-12-25T04:35:35.429+0000][791.069s][info][gc             ] GC(1573) Pause Young (Allocation Failure) 267M->191M(278M) 5.914ms
[2025-12-25T04:35:35.430+0000][791.070s][info][gc,cpu         ] GC(1573) User=0.01s Sys=0.00s Real=0.01s
[2025-12-25T04:35:35.570+0000][791.210s][info][gc,start       ] GC(1574) Pause Young (Allocation Failure)
[2025-12-25T04:35:35.591+0000][791.231s][info][gc,heap        ] GC(1574) DefNew: 82004K(88512K)->3340K(88512K) Eden: 78720K(78720K)->0K(78720K) From: 3284K(9792K)->3340K(9792K)
[2025-12-25T04:35:35.592+0000][791.232s][info][gc,heap        ] GC(1574) Tenured: 192516K(196608K)->192517K(196608K)
[2025-12-25T04:35:35.592+0000][791.232s][info][gc,metaspace   ] GC(1574) Metaspace: 97998K(99264K)->97998K(99264K) NonClass: 84954K(85440K)->84954K(85440K) Class: 13043K(13824K)->13043K(13824K)
[2025-12-25T04:35:35.592+0000][791.232s][info][gc             ] GC(1574) Pause Young (Allocation Failure) 268M->191M(278M) 21.684ms
[2025-12-25T04:35:35.592+0000][791.232s][info][gc,cpu         ] GC(1574) User=0.00s Sys=0.00s Real=0.02s
[2025-12-25T04:35:35.711+0000][791.351s][info][gc,start       ] GC(1575) Pause Young (Allocation Failure)
[2025-12-25T04:35:35.718+0000][791.358s][info][gc,heap        ] GC(1575) DefNew: 82053K(88512K)->3401K(88512K) Eden: 78712K(78720K)->0K(78720K) From: 3340K(9792K)->3401K(9792K)
[2025-12-25T04:35:35.718+0000][791.358s][info][gc,heap        ] GC(1575) Tenured: 192517K(196608K)->192517K(196608K)
[2025-12-25T04:35:35.719+0000][791.359s][info][gc,metaspace   ] GC(1575) Metaspace: 97998K(99264K)->97998K(99264K) NonClass: 84954K(85440K)->84954K(85440K) Class: 13043K(13824K)->13043K(13824K)
[2025-12-25T04:35:35.719+0000][791.359s][info][gc             ] GC(1575) Pause Young (Allocation Failure) 268M->191M(278M) 9.546ms
[2025-12-25T04:35:35.720+0000][791.360s][info][gc,cpu         ] GC(1575) User=0.01s Sys=0.00s Real=0.01s
[2025-12-25T04:35:35.914+0000][791.554s][info][gc,start       ] GC(1576) Pause Young (Allocation Failure)
[2025-12-25T04:35:35.918+0000][791.558s][info][gc,heap        ] GC(1576) DefNew: 82121K(88512K)->3345K(88512K) Eden: 78719K(78720K)->0K(78720K) From: 3401K(9792K)->3345K(9792K)
[2025-12-25T04:35:35.919+0000][791.559s][info][gc,heap        ] GC(1576) Tenured: 192517K(196608K)->192517K(196608K)
[2025-12-25T04:35:35.919+0000][791.559s][info][gc,metaspace   ] GC(1576) Metaspace: 97998K(99264K)->97998K(99264K) NonClass: 84954K(85440K)->84954K(85440K) Class: 13043K(13824K)->13043K(13824K)
[2025-12-25T04:35:35.920+0000][791.560s][info][gc             ] GC(1576) Pause Young (Allocation Failure) 268M->191M(278M) 5.722ms
[2025-12-25T04:35:35.920+0000][791.560s][info][gc,cpu         ] GC(1576) User=0.01s Sys=0.00s Real=0.01s
[2025-12-25T04:35:36.035+0000][791.675s][info][gc,start       ] GC(1577) Pause Young (Allocation Failure)
[2025-12-25T04:35:36.050+0000][791.690s][info][gc,heap        ] GC(1577) DefNew: 82065K(88512K)->3270K(88512K) Eden: 78720K(78720K)->0K(78720K) From: 3345K(9792K)->3270K(9792K)
[2025-12-25T04:35:36.050+0000][791.690s][info][gc,heap        ] GC(1577) Tenured: 192517K(196608K)->192524K(196608K)
[2025-12-25T04:35:36.059+0000][791.699s][info][gc,metaspace   ] GC(1577) Metaspace: 97998K(99264K)->97998K(99264K) NonClass: 84954K(85440K)->84954K(85440K) Class: 13043K(13824K)->13043K(13824K)
[2025-12-25T04:35:36.059+0000][791.699s][info][gc             ] GC(1577) Pause Young (Allocation Failure) 268M->191M(278M) 24.427ms
[2025-12-25T04:35:36.061+0000][791.701s][info][gc,cpu         ] GC(1577) User=0.01s Sys=0.01s Real=0.02s
[2025-12-25T04:35:36.251+0000][791.891s][info][gc,start       ] GC(1578) Pause Young (Allocation Failure)
[2025-12-25T04:35:36.259+0000][791.899s][info][gc,heap        ] GC(1578) DefNew: 81990K(88512K)->2877K(88512K) Eden: 78720K(78720K)->0K(78720K) From: 3270K(9792K)->2877K(9792K)
[2025-12-25T04:35:36.259+0000][791.899s][info][gc,heap        ] GC(1578) Tenured: 192524K(196608K)->192574K(196608K)
[2025-12-25T04:35:36.260+0000][791.900s][info][gc,metaspace   ] GC(1578) Metaspace: 97998K(99264K)->97998K(99264K) NonClass: 84954K(85440K)->84954K(85440K) Class: 13043K(13824K)->13043K(13824K)
[2025-12-25T04:35:36.260+0000][791.900s][info][gc             ] GC(1578) Pause Young (Allocation Failure) 268M->190M(278M) 9.803ms
[2025-12-25T04:35:36.265+0000][791.905s][info][gc,cpu         ] GC(1578) User=0.01s Sys=0.00s Real=0.02s
[2025-12-25T04:35:36.405+0000][792.045s][info][gc,start       ] GC(1579) Pause Young (Allocation Failure)
[2025-12-25T04:35:36.409+0000][792.049s][info][gc,heap        ] GC(1579) DefNew: 81597K(88512K)->2308K(88512K) Eden: 78720K(78720K)->0K(78720K) From: 2877K(9792K)->2308K(9792K)
[2025-12-25T04:35:36.409+0000][792.049s][info][gc,heap        ] GC(1579) Tenured: 192574K(196608K)->192674K(196608K)
[2025-12-25T04:35:36.409+0000][792.049s][info][gc,metaspace   ] GC(1579) Metaspace: 97998K(99264K)->97998K(99264K) NonClass: 84954K(85440K)->84954K(85440K) Class: 13043K(13824K)->13043K(13824K)
[2025-12-25T04:35:36.410+0000][792.050s][info][gc             ] GC(1579) Pause Young (Allocation Failure) 267M->190M(278M) 4.646ms
[2025-12-25T04:35:36.410+0000][792.050s][info][gc,cpu         ] GC(1579) User=0.00s Sys=0.00s Real=0.00s
[2025-12-25T04:35:36.533+0000][792.173s][info][gc,start       ] GC(1580) Pause Young (Allocation Failure)
[2025-12-25T04:35:36.536+0000][792.176s][info][gc,heap        ] GC(1580) DefNew: 81028K(88512K)->2692K(88512K) Eden: 78720K(78720K)->0K(78720K) From: 2308K(9792K)->2692K(9792K)
[2025-12-25T04:35:36.538+0000][792.178s][info][gc,heap        ] GC(1580) Tenured: 192674K(196608K)->192674K(196608K)
[2025-12-25T04:35:36.538+0000][792.178s][info][gc,metaspace   ] GC(1580) Metaspace: 97998K(99264K)->97998K(99264K) NonClass: 84954K(85440K)->84954K(85440K) Class: 13043K(13824K)->13043K(13824K)
[2025-12-25T04:35:36.539+0000][792.179s][info][gc             ] GC(1580) Pause Young (Allocation Failure) 267M->190M(278M) 6.656ms
[2025-12-25T04:35:36.542+0000][792.182s][info][gc,cpu         ] GC(1580) User=0.00s Sys=0.00s Real=0.01s
[2025-12-25T04:35:36.766+0000][792.406s][info][gc,start       ] GC(1581) Pause Young (Allocation Failure)
[2025-12-25T04:35:36.801+0000][792.440s][info][gc,heap        ] GC(1581) DefNew: 81412K(88512K)->3175K(88512K) Eden: 78720K(78720K)->0K(78720K) From: 2692K(9792K)->3175K(9792K)
[2025-12-25T04:35:36.801+0000][792.441s][info][gc,heap        ] GC(1581) Tenured: 192674K(196608K)->192674K(196608K)
[2025-12-25T04:35:36.801+0000][792.441s][info][gc,metaspace   ] GC(1581) Metaspace: 97998K(99264K)->97998K(99264K) NonClass: 84954K(85440K)->84954K(85440K) Class: 13043K(13824K)->13043K(13824K)
[2025-12-25T04:35:36.801+0000][792.441s][info][gc             ] GC(1581) Pause Young (Allocation Failure) 267M->191M(278M) 35.396ms
[2025-12-25T04:35:36.801+0000][792.441s][info][gc,cpu         ] GC(1581) User=0.01s Sys=0.00s Real=0.03s
[2025-12-25T04:35:36.924+0000][792.564s][info][gc,start       ] GC(1582) Pause Young (Allocation Failure)
[2025-12-25T04:35:36.937+0000][792.577s][info][gc,heap        ] GC(1582) DefNew: 81895K(88512K)->4563K(88512K) Eden: 78720K(78720K)->0K(78720K) From: 3175K(9792K)->4563K(9792K)
[2025-12-25T04:35:36.937+0000][792.577s][info][gc,heap        ] GC(1582) Tenured: 192674K(196608K)->192675K(196608K)
[2025-12-25T04:35:36.939+0000][792.579s][info][gc,metaspace   ] GC(1582) Metaspace: 97998K(99264K)->97998K(99264K) NonClass: 84954K(85440K)->84954K(85440K) Class: 13043K(13824K)->13043K(13824K)
[2025-12-25T04:35:36.943+0000][792.583s][info][gc             ] GC(1582) Pause Young (Allocation Failure) 268M->192M(278M) 19.149ms
[2025-12-25T04:35:36.944+0000][792.584s][info][gc,cpu         ] GC(1582) User=0.00s Sys=0.00s Real=0.02s
[2025-12-25T04:35:37.071+0000][792.711s][info][gc,start       ] GC(1583) Pause Young (Allocation Failure)
[2025-12-25T04:35:37.078+0000][792.718s][info][gc,heap        ] GC(1583) DefNew: 83283K(88512K)->3193K(88512K) Eden: 78720K(78720K)->0K(78720K) From: 4563K(9792K)->3193K(9792K)
[2025-12-25T04:35:37.079+0000][792.719s][info][gc,heap        ] GC(1583) Tenured: 192675K(196608K)->192675K(196608K)
[2025-12-25T04:35:37.079+0000][792.719s][info][gc,metaspace   ] GC(1583) Metaspace: 97998K(99264K)->97998K(99264K) NonClass: 84954K(85440K)->84954K(85440K) Class: 13043K(13824K)->13043K(13824K)
[2025-12-25T04:35:37.079+0000][792.719s][info][gc             ] GC(1583) Pause Young (Allocation Failure) 269M->191M(278M) 8.453ms
[2025-12-25T04:35:37.079+0000][792.719s][info][gc,cpu         ] GC(1583) User=0.00s Sys=0.00s Real=0.01s
[2025-12-25T04:35:37.221+0000][792.861s][info][gc,start       ] GC(1584) Pause Young (Allocation Failure)
[2025-12-25T04:35:37.237+0000][792.877s][info][gc,heap        ] GC(1584) DefNew: 81913K(88512K)->3916K(88512K) Eden: 78720K(78720K)->0K(78720K) From: 3193K(9792K)->3916K(9792K)
[2025-12-25T04:35:37.237+0000][792.877s][info][gc,heap        ] GC(1584) Tenured: 192675K(196608K)->192675K(196608K)
[2025-12-25T04:35:37.237+0000][792.877s][info][gc,metaspace   ] GC(1584) Metaspace: 97998K(99264K)->97998K(99264K) NonClass: 84954K(85440K)->84954K(85440K) Class: 13043K(13824K)->13043K(13824K)
[2025-12-25T04:35:37.239+0000][792.879s][info][gc             ] GC(1584) Pause Young (Allocation Failure) 268M->191M(278M) 17.807ms
[2025-12-25T04:35:37.239+0000][792.879s][info][gc,cpu         ] GC(1584) User=0.01s Sys=0.00s Real=0.02s
[2025-12-25T04:35:37.370+0000][793.010s][info][gc,start       ] GC(1585) Pause Young (Allocation Failure)
[2025-12-25T04:35:37.379+0000][793.019s][info][gc,heap        ] GC(1585) DefNew: 82616K(88512K)->2418K(88512K) Eden: 78699K(78720K)->0K(78720K) From: 3916K(9792K)->2418K(9792K)
[2025-12-25T04:35:37.380+0000][793.020s][info][gc,heap        ] GC(1585) Tenured: 192675K(196608K)->192675K(196608K)
[2025-12-25T04:35:37.381+0000][793.021s][info][gc,metaspace   ] GC(1585) Metaspace: 97998K(99264K)->97998K(99264K) NonClass: 84954K(85440K)->84954K(85440K) Class: 13043K(13824K)->13043K(13824K)
[2025-12-25T04:35:37.381+0000][793.021s][info][gc             ] GC(1585) Pause Young (Allocation Failure) 268M->190M(278M) 10.777ms
[2025-12-25T04:35:37.382+0000][793.022s][info][gc,cpu         ] GC(1585) User=0.01s Sys=0.01s Real=0.01s
[2025-12-25T04:35:37.513+0000][793.153s][info][gc,start       ] GC(1586) Pause Young (Allocation Failure)
[2025-12-25T04:35:37.523+0000][793.163s][info][gc,heap        ] GC(1586) DefNew: 81138K(88512K)->3128K(88512K) Eden: 78720K(78720K)->0K(78720K) From: 2418K(9792K)->3128K(9792K)
[2025-12-25T04:35:37.523+0000][793.163s][info][gc,heap        ] GC(1586) Tenured: 192675K(196608K)->192675K(196608K)
[2025-12-25T04:35:37.524+0000][793.164s][info][gc,metaspace   ] GC(1586) Metaspace: 97998K(99264K)->97998K(99264K) NonClass: 84954K(85440K)->84954K(85440K) Class: 13043K(13824K)->13043K(13824K)
[2025-12-25T04:35:37.524+0000][793.164s][info][gc             ] GC(1586) Pause Young (Allocation Failure) 267M->191M(278M) 10.810ms
[2025-12-25T04:35:37.524+0000][793.164s][info][gc,cpu         ] GC(1586) User=0.01s Sys=0.00s Real=0.01s
[2025-12-25T04:35:37.638+0000][793.278s][info][gc,start       ] GC(1587) Pause Young (Allocation Failure)
[2025-12-25T04:35:37.646+0000][793.286s][info][gc,heap        ] GC(1587) DefNew: 81848K(88512K)->3221K(88512K) Eden: 78719K(78720K)->0K(78720K) From: 3128K(9792K)->3221K(9792K)
[2025-12-25T04:35:37.655+0000][793.295s][info][gc,heap        ] GC(1587) Tenured: 192675K(196608K)->192675K(196608K)
[2025-12-25T04:35:37.657+0000][793.297s][info][gc,metaspace   ] GC(1587) Metaspace: 97998K(99264K)->97998K(99264K) NonClass: 84954K(85440K)->84954K(85440K) Class: 13043K(13824K)->13043K(13824K)
[2025-12-25T04:35:37.659+0000][793.299s][info][gc             ] GC(1587) Pause Young (Allocation Failure) 268M->191M(278M) 20.789ms
[2025-12-25T04:35:37.659+0000][793.299s][info][gc,cpu         ] GC(1587) User=0.01s Sys=0.01s Real=0.02s
[2025-12-25T04:35:37.763+0000][793.403s][info][gc,start       ] GC(1588) Pause Young (Allocation Failure)
[2025-12-25T04:35:37.787+0000][793.427s][info][gc,heap        ] GC(1588) DefNew: 81941K(88512K)->3769K(88512K) Eden: 78720K(78720K)->0K(78720K) From: 3221K(9792K)->3769K(9792K)
[2025-12-25T04:35:37.787+0000][793.427s][info][gc,heap        ] GC(1588) Tenured: 192675K(196608K)->192675K(196608K)
[2025-12-25T04:35:37.788+0000][793.428s][info][gc,metaspace   ] GC(1588) Metaspace: 97998K(99264K)->97998K(99264K) NonClass: 84954K(85440K)->84954K(85440K) Class: 13043K(13824K)->13043K(13824K)
[2025-12-25T04:35:37.788+0000][793.428s][info][gc             ] GC(1588) Pause Young (Allocation Failure) 268M->191M(278M) 25.043ms
[2025-12-25T04:35:37.789+0000][793.428s][info][gc,cpu         ] GC(1588) User=0.01s Sys=0.00s Real=0.03s
[2025-12-25T04:35:37.903+0000][793.543s][info][gc,start       ] GC(1589) Pause Young (Allocation Failure)
[2025-12-25T04:35:37.910+0000][793.550s][info][gc,heap        ] GC(1589) DefNew: 82489K(88512K)->3569K(88512K) Eden: 78720K(78720K)->0K(78720K) From: 3769K(9792K)->3569K(9792K)
[2025-12-25T04:35:37.910+0000][793.550s][info][gc,heap        ] GC(1589) Tenured: 192675K(196608K)->192749K(196608K)
[2025-12-25T04:35:37.910+0000][793.550s][info][gc,metaspace   ] GC(1589) Metaspace: 97998K(99264K)->97998K(99264K) NonClass: 84954K(85440K)->84954K(85440K) Class: 13043K(13824K)->13043K(13824K)
[2025-12-25T04:35:37.911+0000][793.551s][info][gc             ] GC(1589) Pause Young (Allocation Failure) 268M->191M(278M) 7.519ms
[2025-12-25T04:35:37.911+0000][793.551s][info][gc,cpu         ] GC(1589) User=0.00s Sys=0.00s Real=0.01s
[2025-12-25T04:35:38.019+0000][793.659s][info][gc,start       ] GC(1590) Pause Young (Allocation Failure)
[2025-12-25T04:35:38.031+0000][793.671s][info][gc,heap        ] GC(1590) DefNew: 82289K(88512K)->3698K(88512K) Eden: 78720K(78720K)->0K(78720K) From: 3569K(9792K)->3698K(9792K)
[2025-12-25T04:35:38.032+0000][793.672s][info][gc,heap        ] GC(1590) Tenured: 192749K(196608K)->193058K(196608K)
[2025-12-25T04:35:38.033+0000][793.673s][info][gc,metaspace   ] GC(1590) Metaspace: 97998K(99264K)->97998K(99264K) NonClass: 84954K(85440K)->84954K(85440K) Class: 13043K(13824K)->13043K(13824K)
[2025-12-25T04:35:38.039+0000][793.679s][info][gc             ] GC(1590) Pause Young (Allocation Failure) 268M->192M(278M) 20.427ms
[2025-12-25T04:35:38.039+0000][793.679s][info][gc,cpu         ] GC(1590) User=0.00s Sys=0.00s Real=0.02s
[2025-12-25T04:35:38.199+0000][793.839s][info][gc,start       ] GC(1591) Pause Young (Allocation Failure)
[2025-12-25T04:35:38.203+0000][793.843s][info][gc,heap        ] GC(1591) DefNew: 82418K(88512K)->2677K(88512K) Eden: 78720K(78720K)->0K(78720K) From: 3698K(9792K)->2677K(9792K)
[2025-12-25T04:35:38.203+0000][793.843s][info][gc,heap        ] GC(1591) Tenured: 193058K(196608K)->193058K(196608K)
[2025-12-25T04:35:38.204+0000][793.844s][info][gc,metaspace   ] GC(1591) Metaspace: 97998K(99264K)->97998K(99264K) NonClass: 84954K(85440K)->84954K(85440K) Class: 13043K(13824K)->13043K(13824K)
[2025-12-25T04:35:38.204+0000][793.844s][info][gc             ] GC(1591) Pause Young (Allocation Failure) 269M->191M(278M) 5.238ms
[2025-12-25T04:35:38.204+0000][793.844s][info][gc,cpu         ] GC(1591) User=0.01s Sys=0.00s Real=0.00s
[2025-12-25T04:35:38.317+0000][793.957s][info][gc,start       ] GC(1592) Pause Young (Allocation Failure)
[2025-12-25T04:35:38.326+0000][793.966s][info][gc,heap        ] GC(1592) DefNew: 81397K(88512K)->3328K(88512K) Eden: 78720K(78720K)->0K(78720K) From: 2677K(9792K)->3328K(9792K)
[2025-12-25T04:35:38.327+0000][793.967s][info][gc,heap        ] GC(1592) Tenured: 193058K(196608K)->193058K(196608K)
[2025-12-25T04:35:38.327+0000][793.967s][info][gc,metaspace   ] GC(1592) Metaspace: 97998K(99264K)->97998K(99264K) NonClass: 84954K(85440K)->84954K(85440K) Class: 13043K(13824K)->13043K(13824K)
[2025-12-25T04:35:38.327+0000][793.967s][info][gc             ] GC(1592) Pause Young (Allocation Failure) 268M->191M(278M) 10.164ms
[2025-12-25T04:35:38.327+0000][793.967s][info][gc,cpu         ] GC(1592) User=0.01s Sys=0.00s Real=0.01s
[2025-12-25T04:35:38.446+0000][794.085s][info][gc,start       ] GC(1593) Pause Young (Allocation Failure)
[2025-12-25T04:35:38.452+0000][794.092s][info][gc,heap        ] GC(1593) DefNew: 82048K(88512K)->3401K(88512K) Eden: 78720K(78720K)->0K(78720K) From: 3328K(9792K)->3401K(9792K)
[2025-12-25T04:35:38.454+0000][794.094s][info][gc,heap        ] GC(1593) Tenured: 193058K(196608K)->193058K(196608K)
[2025-12-25T04:35:38.455+0000][794.095s][info][gc,metaspace   ] GC(1593) Metaspace: 97998K(99264K)->97998K(99264K) NonClass: 84955K(85440K)->84955K(85440K) Class: 13043K(13824K)->13043K(13824K)
[2025-12-25T04:35:38.455+0000][794.095s][info][gc             ] GC(1593) Pause Young (Allocation Failure) 268M->191M(278M) 9.534ms
[2025-12-25T04:35:38.455+0000][794.095s][info][gc,cpu         ] GC(1593) User=0.01s Sys=0.00s Real=0.01s
[2025-12-25T04:35:38.581+0000][794.221s][info][gc,start       ] GC(1594) Pause Young (Allocation Failure)
[2025-12-25T04:35:38.591+0000][794.231s][info][gc,heap        ] GC(1594) DefNew: 82121K(88512K)->2962K(88512K) Eden: 78720K(78720K)->0K(78720K) From: 3401K(9792K)->2962K(9792K)
[2025-12-25T04:35:38.591+0000][794.231s][info][gc,heap        ] GC(1594) Tenured: 193058K(196608K)->193059K(196608K)
[2025-12-25T04:35:38.592+0000][794.232s][info][gc,metaspace   ] GC(1594) Metaspace: 97998K(99264K)->97998K(99264K) NonClass: 84955K(85440K)->84955K(85440K) Class: 13043K(13824K)->13043K(13824K)
[2025-12-25T04:35:38.592+0000][794.232s][info][gc             ] GC(1594) Pause Young (Allocation Failure) 268M->191M(278M) 10.898ms
[2025-12-25T04:35:38.593+0000][794.233s][info][gc,cpu         ] GC(1594) User=0.00s Sys=0.01s Real=0.01s
[2025-12-25T04:35:38.708+0000][794.348s][info][gc,start       ] GC(1595) Pause Young (Allocation Failure)
[2025-12-25T04:35:38.715+0000][794.355s][info][gc,heap        ] GC(1595) DefNew: 81682K(88512K)->3046K(88512K) Eden: 78720K(78720K)->0K(78720K) From: 2962K(9792K)->3046K(9792K)
[2025-12-25T04:35:38.715+0000][794.355s][info][gc,heap        ] GC(1595) Tenured: 193059K(196608K)->193059K(196608K)
[2025-12-25T04:35:38.716+0000][794.356s][info][gc,metaspace   ] GC(1595) Metaspace: 97998K(99264K)->97998K(99264K) NonClass: 84955K(85440K)->84955K(85440K) Class: 13043K(13824K)->13043K(13824K)
[2025-12-25T04:35:38.716+0000][794.356s][info][gc             ] GC(1595) Pause Young (Allocation Failure) 268M->191M(278M) 8.702ms
[2025-12-25T04:35:38.717+0000][794.357s][info][gc,cpu         ] GC(1595) User=0.01s Sys=0.00s Real=0.01s
[2025-12-25T04:35:38.857+0000][794.497s][info][gc,start       ] GC(1596) Pause Young (Allocation Failure)
[2025-12-25T04:35:38.880+0000][794.520s][info][gc,heap        ] GC(1596) DefNew: 81766K(88512K)->3531K(88512K) Eden: 78720K(78720K)->0K(78720K) From: 3046K(9792K)->3531K(9792K)
[2025-12-25T04:35:38.880+0000][794.520s][info][gc,heap        ] GC(1596) Tenured: 193059K(196608K)->193159K(196608K)
[2025-12-25T04:35:38.881+0000][794.521s][info][gc,metaspace   ] GC(1596) Metaspace: 97998K(99264K)->97998K(99264K) NonClass: 84955K(85440K)->84955K(85440K) Class: 13043K(13824K)->13043K(13824K)
[2025-12-25T04:35:38.881+0000][794.521s][info][gc             ] GC(1596) Pause Young (Allocation Failure) 268M->192M(278M) 23.920ms
[2025-12-25T04:35:38.882+0000][794.522s][info][gc,cpu         ] GC(1596) User=0.00s Sys=0.00s Real=0.02s
[2025-12-25T04:35:38.994+0000][794.634s][info][gc,start       ] GC(1597) Pause Young (Allocation Failure)
[2025-12-25T04:35:38.998+0000][794.638s][info][gc,heap        ] GC(1597) DefNew: 82251K(88512K)->3148K(88512K) Eden: 78719K(78720K)->0K(78720K) From: 3531K(9792K)->3148K(9792K)
[2025-12-25T04:35:38.998+0000][794.638s][info][gc,heap        ] GC(1597) Tenured: 193159K(196608K)->193159K(196608K)
[2025-12-25T04:35:38.999+0000][794.639s][info][gc,metaspace   ] GC(1597) Metaspace: 97998K(99264K)->97998K(99264K) NonClass: 84955K(85440K)->84955K(85440K) Class: 13043K(13824K)->13043K(13824K)
[2025-12-25T04:35:38.999+0000][794.639s][info][gc             ] GC(1597) Pause Young (Allocation Failure) 268M->191M(278M) 5.186ms
[2025-12-25T04:35:38.999+0000][794.639s][info][gc,cpu         ] GC(1597) User=0.00s Sys=0.01s Real=0.01s
[2025-12-25T04:35:39.115+0000][794.755s][info][gc,start       ] GC(1598) Pause Young (Allocation Failure)
[2025-12-25T04:35:39.120+0000][794.760s][info][gc,heap        ] GC(1598) DefNew: 81868K(88512K)->2862K(88512K) Eden: 78720K(78720K)->0K(78720K) From: 3148K(9792K)->2862K(9792K)
[2025-12-25T04:35:39.120+0000][794.760s][info][gc,heap        ] GC(1598) Tenured: 193159K(196608K)->193175K(196608K)
[2025-12-25T04:35:39.121+0000][794.761s][info][gc,metaspace   ] GC(1598) Metaspace: 97998K(99264K)->97998K(99264K) NonClass: 84955K(85440K)->84955K(85440K) Class: 13043K(13824K)->13043K(13824K)
[2025-12-25T04:35:39.121+0000][794.761s][info][gc             ] GC(1598) Pause Young (Allocation Failure) 268M->191M(278M) 5.879ms
[2025-12-25T04:35:39.121+0000][794.761s][info][gc,cpu         ] GC(1598) User=0.01s Sys=0.00s Real=0.00s
[2025-12-25T04:35:39.232+0000][794.872s][info][gc,start       ] GC(1599) Pause Young (Allocation Failure)
[2025-12-25T04:35:39.236+0000][794.876s][info][gc,heap        ] GC(1599) DefNew: 81582K(88512K)->3324K(88512K) Eden: 78720K(78720K)->0K(78720K) From: 2862K(9792K)->3324K(9792K)
[2025-12-25T04:35:39.237+0000][794.877s][info][gc,heap        ] GC(1599) Tenured: 193175K(196608K)->193337K(196608K)
[2025-12-25T04:35:39.237+0000][794.877s][info][gc,metaspace   ] GC(1599) Metaspace: 97998K(99264K)->97998K(99264K) NonClass: 84955K(85440K)->84955K(85440K) Class: 13043K(13824K)->13043K(13824K)
[2025-12-25T04:35:39.237+0000][794.877s][info][gc             ] GC(1599) Pause Young (Allocation Failure) 268M->192M(278M) 5.771ms
[2025-12-25T04:35:39.238+0000][794.878s][info][gc,cpu         ] GC(1599) User=0.00s Sys=0.00s Real=0.01s
[2025-12-25T04:35:39.339+0000][794.979s][info][gc,start       ] GC(1600) Pause Young (Allocation Failure)
[2025-12-25T04:35:39.343+0000][794.983s][info][gc,heap        ] GC(1600) DefNew: 82044K(88512K)->3086K(88512K) Eden: 78720K(78720K)->0K(78720K) From: 3324K(9792K)->3086K(9792K)
[2025-12-25T04:35:39.343+0000][794.983s][info][gc,heap        ] GC(1600) Tenured: 193337K(196608K)->193417K(196608K)
[2025-12-25T04:35:39.343+0000][794.983s][info][gc,metaspace   ] GC(1600) Metaspace: 97998K(99264K)->97998K(99264K) NonClass: 84955K(85440K)->84955K(85440K) Class: 13043K(13824K)->13043K(13824K)
[2025-12-25T04:35:39.343+0000][794.983s][info][gc             ] GC(1600) Pause Young (Allocation Failure) 268M->191M(278M) 4.509ms
[2025-12-25T04:35:39.344+0000][794.984s][info][gc,cpu         ] GC(1600) User=0.01s Sys=0.00s Real=0.00s
[2025-12-25T04:35:39.471+0000][795.111s][info][gc,start       ] GC(1601) Pause Young (Allocation Failure)
[2025-12-25T04:35:39.480+0000][795.120s][info][gc,heap        ] GC(1601) DefNew: 81806K(88512K)->2424K(88512K) Eden: 78720K(78720K)->0K(78720K) From: 3086K(9792K)->2424K(9792K)
[2025-12-25T04:35:39.480+0000][795.120s][info][gc,heap        ] GC(1601) Tenured: 193417K(196608K)->193417K(196608K)
[2025-12-25T04:35:39.481+0000][795.121s][info][gc,metaspace   ] GC(1601) Metaspace: 98000K(99264K)->98000K(99264K) NonClass: 84956K(85440K)->84956K(85440K) Class: 13044K(13824K)->13044K(13824K)
[2025-12-25T04:35:39.481+0000][795.121s][info][gc             ] GC(1601) Pause Young (Allocation Failure) 268M->191M(278M) 10.081ms
[2025-12-25T04:35:39.482+0000][795.122s][info][gc,cpu         ] GC(1601) User=0.00s Sys=0.00s Real=0.01s
[2025-12-25T04:35:39.601+0000][795.240s][info][gc,start       ] GC(1602) Pause Young (Allocation Failure)
[2025-12-25T04:35:39.634+0000][795.274s][info][gc,heap        ] GC(1602) DefNew: 81144K(88512K)->2824K(88512K) Eden: 78719K(78720K)->0K(78720K) From: 2424K(9792K)->2824K(9792K)
[2025-12-25T04:35:39.643+0000][795.283s][info][gc,heap        ] GC(1602) Tenured: 193417K(196608K)->193417K(196608K)
[2025-12-25T04:35:39.643+0000][795.283s][info][gc,metaspace   ] GC(1602) Metaspace: 98000K(99264K)->98000K(99264K) NonClass: 84956K(85440K)->84956K(85440K) Class: 13044K(13824K)->13044K(13824K)
[2025-12-25T04:35:39.644+0000][795.284s][info][gc             ] GC(1602) Pause Young (Allocation Failure) 268M->191M(278M) 43.013ms
[2025-12-25T04:35:39.644+0000][795.284s][info][gc,cpu         ] GC(1602) User=0.01s Sys=0.00s Real=0.04s
[2025-12-25T04:35:39.826+0000][795.466s][info][gc,start       ] GC(1603) Pause Young (Allocation Failure)
[2025-12-25T04:35:39.840+0000][795.480s][info][gc,heap        ] GC(1603) DefNew: 81544K(88512K)->2597K(88512K) Eden: 78720K(78720K)->0K(78720K) From: 2824K(9792K)->2597K(9792K)
[2025-12-25T04:35:39.840+0000][795.480s][info][gc,heap        ] GC(1603) Tenured: 193417K(196608K)->193418K(196608K)
[2025-12-25T04:35:39.841+0000][795.481s][info][gc,metaspace   ] GC(1603) Metaspace: 98000K(99264K)->98000K(99264K) NonClass: 84956K(85440K)->84956K(85440K) Class: 13044K(13824K)->13044K(13824K)
[2025-12-25T04:35:39.841+0000][795.481s][info][gc             ] GC(1603) Pause Young (Allocation Failure) 268M->191M(278M) 15.282ms
[2025-12-25T04:35:39.841+0000][795.481s][info][gc,cpu         ] GC(1603) User=0.00s Sys=0.00s Real=0.01s
[2025-12-25T04:35:39.981+0000][795.621s][info][gc,start       ] GC(1604) Pause Young (Allocation Failure)
[2025-12-25T04:35:39.994+0000][795.634s][info][gc,heap        ] GC(1604) DefNew: 81317K(88512K)->2642K(88512K) Eden: 78720K(78720K)->0K(78720K) From: 2597K(9792K)->2642K(9792K)
[2025-12-25T04:35:39.995+0000][795.635s][info][gc,heap        ] GC(1604) Tenured: 193418K(196608K)->193418K(196608K)
[2025-12-25T04:35:39.997+0000][795.637s][info][gc,metaspace   ] GC(1604) Metaspace: 98000K(99264K)->98000K(99264K) NonClass: 84956K(85440K)->84956K(85440K) Class: 13044K(13824K)->13044K(13824K)
[2025-12-25T04:35:39.997+0000][795.637s][info][gc             ] GC(1604) Pause Young (Allocation Failure) 268M->191M(278M) 16.324ms
[2025-12-25T04:35:39.999+0000][795.639s][info][gc,cpu         ] GC(1604) User=0.01s Sys=0.00s Real=0.02s
[2025-12-25T04:35:40.143+0000][795.783s][info][gc,start       ] GC(1605) Pause Young (Allocation Failure)
[2025-12-25T04:35:40.167+0000][795.807s][info][gc,heap        ] GC(1605) DefNew: 81362K(88512K)->3393K(88512K) Eden: 78720K(78720K)->0K(78720K) From: 2642K(9792K)->3393K(9792K)
[2025-12-25T04:35:40.170+0000][795.810s][info][gc,heap        ] GC(1605) Tenured: 193418K(196608K)->193418K(196608K)
[2025-12-25T04:35:40.175+0000][795.815s][info][gc,metaspace   ] GC(1605) Metaspace: 98000K(99264K)->98000K(99264K) NonClass: 84956K(85440K)->84956K(85440K) Class: 13044K(13824K)->13044K(13824K)
[2025-12-25T04:35:40.175+0000][795.815s][info][gc             ] GC(1605) Pause Young (Allocation Failure) 268M->192M(278M) 32.265ms
[2025-12-25T04:35:40.176+0000][795.816s][info][gc,cpu         ] GC(1605) User=0.00s Sys=0.00s Real=0.04s
[2025-12-25T04:35:40.309+0000][795.949s][info][gc,start       ] GC(1606) Pause Young (Allocation Failure)
[2025-12-25T04:35:40.320+0000][795.960s][info][gc,heap        ] GC(1606) DefNew: 82113K(88512K)->3689K(88512K) Eden: 78720K(78720K)->0K(78720K) From: 3393K(9792K)->3689K(9792K)
[2025-12-25T04:35:40.322+0000][795.962s][info][gc,heap        ] GC(1606) Tenured: 193418K(196608K)->193418K(196608K)
[2025-12-25T04:35:40.322+0000][795.962s][info][gc,metaspace   ] GC(1606) Metaspace: 98000K(99264K)->98000K(99264K) NonClass: 84956K(85440K)->84956K(85440K) Class: 13044K(13824K)->13044K(13824K)
[2025-12-25T04:35:40.323+0000][795.963s][info][gc             ] GC(1606) Pause Young (Allocation Failure) 269M->192M(278M) 13.593ms
[2025-12-25T04:35:40.323+0000][795.963s][info][gc,cpu         ] GC(1606) User=0.01s Sys=0.00s Real=0.01s
[2025-12-25T04:35:40.484+0000][796.124s][info][gc,start       ] GC(1607) Pause Young (Allocation Failure)
[2025-12-25T04:35:40.488+0000][796.128s][info][gc,heap        ] GC(1607) DefNew: 82409K(88512K)->2377K(88512K) Eden: 78720K(78720K)->0K(78720K) From: 3689K(9792K)->2377K(9792K)
[2025-12-25T04:35:40.489+0000][796.129s][info][gc,heap        ] GC(1607) Tenured: 193418K(196608K)->193440K(196608K)
[2025-12-25T04:35:40.489+0000][796.129s][info][gc,metaspace   ] GC(1607) Metaspace: 98000K(99264K)->98000K(99264K) NonClass: 84956K(85440K)->84956K(85440K) Class: 13044K(13824K)->13044K(13824K)
[2025-12-25T04:35:40.490+0000][796.130s][info][gc             ] GC(1607) Pause Young (Allocation Failure) 269M->191M(278M) 5.573ms
[2025-12-25T04:35:40.490+0000][796.130s][info][gc,cpu         ] GC(1607) User=0.01s Sys=0.00s Real=0.01s
[2025-12-25T04:35:40.620+0000][796.260s][info][gc,start       ] GC(1608) Pause Young (Allocation Failure)
[2025-12-25T04:35:40.625+0000][796.265s][info][gc,heap        ] GC(1608) DefNew: 81097K(88512K)->2617K(88512K) Eden: 78720K(78720K)->0K(78720K) From: 2377K(9792K)->2617K(9792K)
[2025-12-25T04:35:40.626+0000][796.266s][info][gc,heap        ] GC(1608) Tenured: 193440K(196608K)->193594K(196608K)
[2025-12-25T04:35:40.626+0000][796.266s][info][gc,metaspace   ] GC(1608) Metaspace: 98000K(99264K)->98000K(99264K) NonClass: 84956K(85440K)->84956K(85440K) Class: 13044K(13824K)->13044K(13824K)
[2025-12-25T04:35:40.627+0000][796.267s][info][gc             ] GC(1608) Pause Young (Allocation Failure) 268M->191M(278M) 6.438ms
[2025-12-25T04:35:40.627+0000][796.267s][info][gc,cpu         ] GC(1608) User=0.01s Sys=0.00s Real=0.01s
[2025-12-25T04:35:40.757+0000][796.397s][info][gc,start       ] GC(1609) Pause Young (Allocation Failure)
[2025-12-25T04:35:40.762+0000][796.402s][info][gc,heap        ] GC(1609) DefNew: 81337K(88512K)->2976K(88512K) Eden: 78720K(78720K)->0K(78720K) From: 2617K(9792K)->2976K(9792K)
[2025-12-25T04:35:40.763+0000][796.403s][info][gc,heap        ] GC(1609) Tenured: 193594K(196608K)->193594K(196608K)
[2025-12-25T04:35:40.767+0000][796.407s][info][gc,metaspace   ] GC(1609) Metaspace: 98000K(99264K)->98000K(99264K) NonClass: 84956K(85440K)->84956K(85440K) Class: 13044K(13824K)->13044K(13824K)
[2025-12-25T04:35:40.767+0000][796.407s][info][gc             ] GC(1609) Pause Young (Allocation Failure) 268M->191M(278M) 10.623ms
[2025-12-25T04:35:40.769+0000][796.409s][info][gc,cpu         ] GC(1609) User=0.00s Sys=0.00s Real=0.01s
[2025-12-25T04:35:40.855+0000][796.495s][info][gc,start       ] GC(1610) Pause Young (Allocation Failure)
[2025-12-25T04:35:40.868+0000][796.508s][info][gc,heap        ] GC(1610) DefNew: 81696K(88512K)->2908K(88512K) Eden: 78720K(78720K)->0K(78720K) From: 2976K(9792K)->2908K(9792K)
[2025-12-25T04:35:40.868+0000][796.508s][info][gc,heap        ] GC(1610) Tenured: 193594K(196608K)->193594K(196608K)
[2025-12-25T04:35:40.870+0000][796.510s][info][gc,metaspace   ] GC(1610) Metaspace: 98000K(99264K)->98000K(99264K) NonClass: 84956K(85440K)->84956K(85440K) Class: 13044K(13824K)->13044K(13824K)
[2025-12-25T04:35:40.870+0000][796.510s][info][gc             ] GC(1610) Pause Young (Allocation Failure) 268M->191M(278M) 14.302ms
[2025-12-25T04:35:40.870+0000][796.510s][info][gc,cpu         ] GC(1610) User=0.01s Sys=0.00s Real=0.01s
[2025-12-25T04:35:41.018+0000][796.658s][info][gc,start       ] GC(1611) Pause Young (Allocation Failure)
[2025-12-25T04:35:41.027+0000][796.667s][info][gc,heap        ] GC(1611) DefNew: 81628K(88512K)->1893K(88512K) Eden: 78720K(78720K)->0K(78720K) From: 2908K(9792K)->1893K(9792K)
[2025-12-25T04:35:41.028+0000][796.668s][info][gc,heap        ] GC(1611) Tenured: 193594K(196608K)->194225K(196608K)
[2025-12-25T04:35:41.028+0000][796.668s][info][gc,metaspace   ] GC(1611) Metaspace: 98000K(99264K)->98000K(99264K) NonClass: 84956K(85440K)->84956K(85440K) Class: 13044K(13824K)->13044K(13824K)
[2025-12-25T04:35:41.028+0000][796.668s][info][gc             ] GC(1611) Pause Young (Allocation Failure) 268M->191M(278M) 10.066ms
[2025-12-25T04:35:41.028+0000][796.668s][info][gc,cpu         ] GC(1611) User=0.00s Sys=0.00s Real=0.01s
[2025-12-25T04:35:41.126+0000][796.766s][info][gc,start       ] GC(1612) Pause Young (Allocation Failure)
[2025-12-25T04:35:41.140+0000][796.780s][info][gc,heap        ] GC(1612) DefNew: 80613K(88512K)->3116K(88512K) Eden: 78720K(78720K)->0K(78720K) From: 1893K(9792K)->3116K(9792K)
[2025-12-25T04:35:41.142+0000][796.782s][info][gc,heap        ] GC(1612) Tenured: 194225K(196608K)->194254K(196608K)
[2025-12-25T04:35:41.143+0000][796.783s][info][gc,metaspace   ] GC(1612) Metaspace: 98000K(99264K)->98000K(99264K) NonClass: 84956K(85440K)->84956K(85440K) Class: 13044K(13824K)->13044K(13824K)
[2025-12-25T04:35:41.143+0000][796.783s][info][gc             ] GC(1612) Pause Young (Allocation Failure) 268M->192M(278M) 17.247ms
[2025-12-25T04:35:41.144+0000][796.784s][info][gc,cpu         ] GC(1612) User=0.01s Sys=0.00s Real=0.01s
[2025-12-25T04:35:41.286+0000][796.926s][info][gc,start       ] GC(1613) Pause Young (Allocation Failure)
[2025-12-25T04:35:41.302+0000][796.942s][info][gc,heap        ] GC(1613) DefNew: 81836K(88512K)->3217K(88512K) Eden: 78720K(78720K)->0K(78720K) From: 3116K(9792K)->3217K(9792K)
[2025-12-25T04:35:41.303+0000][796.943s][info][gc,heap        ] GC(1613) Tenured: 194254K(196608K)->194254K(196608K)
[2025-12-25T04:35:41.304+0000][796.944s][info][gc,metaspace   ] GC(1613) Metaspace: 98000K(99264K)->98000K(99264K) NonClass: 84956K(85440K)->84956K(85440K) Class: 13044K(13824K)->13044K(13824K)
[2025-12-25T04:35:41.304+0000][796.944s][info][gc             ] GC(1613) Pause Young (Allocation Failure) 269M->192M(278M) 18.929ms
[2025-12-25T04:35:41.305+0000][796.945s][info][gc,cpu         ] GC(1613) User=0.00s Sys=0.00s Real=0.02s
[2025-12-25T04:35:41.464+0000][797.104s][info][gc,start       ] GC(1614) Pause Young (Allocation Failure)
[2025-12-25T04:35:41.478+0000][797.118s][info][gc,heap        ] GC(1614) DefNew: 81937K(88512K)->3642K(88512K) Eden: 78720K(78720K)->0K(78720K) From: 3217K(9792K)->3642K(9792K)
[2025-12-25T04:35:41.482+0000][797.122s][info][gc,heap        ] GC(1614) Tenured: 194254K(196608K)->194254K(196608K)
[2025-12-25T04:35:41.482+0000][797.122s][info][gc,metaspace   ] GC(1614) Metaspace: 98002K(99264K)->98002K(99264K) NonClass: 84958K(85440K)->84958K(85440K) Class: 13044K(13824K)->13044K(13824K)
[2025-12-25T04:35:41.483+0000][797.123s][info][gc             ] GC(1614) Pause Young (Allocation Failure) 269M->193M(278M) 19.056ms
[2025-12-25T04:35:41.483+0000][797.123s][info][gc,cpu         ] GC(1614) User=0.01s Sys=0.00s Real=0.02s
[2025-12-25T04:35:41.516+0000][797.156s][info][gc,start       ] GC(1615) Pause Young (Allocation Failure)
[2025-12-25T04:35:41.521+0000][797.161s][info][gc,heap        ] GC(1615) DefNew: 82362K(88512K)->3091K(88512K) Eden: 78720K(78720K)->0K(78720K) From: 3642K(9792K)->3091K(9792K)
[2025-12-25T04:35:41.521+0000][797.161s][info][gc,heap        ] GC(1615) Tenured: 194254K(196608K)->194255K(196608K)
[2025-12-25T04:35:41.521+0000][797.161s][info][gc,metaspace   ] GC(1615) Metaspace: 98003K(99264K)->98003K(99264K) NonClass: 84959K(85440K)->84959K(85440K) Class: 13044K(13824K)->13044K(13824K)
[2025-12-25T04:35:41.522+0000][797.162s][info][gc             ] GC(1615) Pause Young (Allocation Failure) 270M->192M(278M) 5.254ms
[2025-12-25T04:35:41.522+0000][797.162s][info][gc,cpu         ] GC(1615) User=0.01s Sys=0.00s Real=0.00s
[2025-12-25T04:35:41.648+0000][797.288s][info][gc,start       ] GC(1616) Pause Young (Allocation Failure)
[2025-12-25T04:35:41.660+0000][797.300s][info][gc,heap        ] GC(1616) DefNew: 81811K(88512K)->3833K(88512K) Eden: 78719K(78720K)->0K(78720K) From: 3091K(9792K)->3833K(9792K)
[2025-12-25T04:35:41.665+0000][797.305s][info][gc,heap        ] GC(1616) Tenured: 194255K(196608K)->194256K(196608K)
[2025-12-25T04:35:41.665+0000][797.305s][info][gc,metaspace   ] GC(1616) Metaspace: 98004K(99264K)->98004K(99264K) NonClass: 84959K(85440K)->84959K(85440K) Class: 13044K(13824K)->13044K(13824K)
[2025-12-25T04:35:41.665+0000][797.305s][info][gc             ] GC(1616) Pause Young (Allocation Failure) 269M->193M(278M) 16.933ms
[2025-12-25T04:35:41.667+0000][797.307s][info][gc,cpu         ] GC(1616) User=0.01s Sys=0.00s Real=0.02s
[2025-12-25T04:35:41.792+0000][797.432s][info][gc,start       ] GC(1617) Pause Young (Allocation Failure)
[2025-12-25T04:35:41.799+0000][797.439s][info][gc,heap        ] GC(1617) DefNew: 82549K(88512K)->3534K(88512K) Eden: 78716K(78720K)->0K(78720K) From: 3833K(9792K)->3534K(9792K)
[2025-12-25T04:35:41.802+0000][797.442s][info][gc,heap        ] GC(1617) Tenured: 194256K(196608K)->194256K(196608K)
[2025-12-25T04:35:41.807+0000][797.447s][info][gc,metaspace   ] GC(1617) Metaspace: 98004K(99264K)->98004K(99264K) NonClass: 84959K(85440K)->84959K(85440K) Class: 13044K(13824K)->13044K(13824K)
[2025-12-25T04:35:41.809+0000][797.449s][info][gc             ] GC(1617) Pause Young (Allocation Failure) 270M->193M(278M) 17.137ms
[2025-12-25T04:35:41.810+0000][797.450s][info][gc,cpu         ] GC(1617) User=0.01s Sys=0.00s Real=0.02s
[2025-12-25T04:35:41.942+0000][797.582s][info][gc,start       ] GC(1618) Pause Young (Allocation Failure)
[2025-12-25T04:35:41.951+0000][797.591s][info][gc,heap        ] GC(1618) DefNew: 82254K(88512K)->3491K(88512K) Eden: 78720K(78720K)->0K(78720K) From: 3534K(9792K)->3491K(9792K)
[2025-12-25T04:35:41.951+0000][797.591s][info][gc,heap        ] GC(1618) Tenured: 194256K(196608K)->194256K(196608K)
[2025-12-25T04:35:41.951+0000][797.591s][info][gc,metaspace   ] GC(1618) Metaspace: 98004K(99264K)->98004K(99264K) NonClass: 84959K(85440K)->84959K(85440K) Class: 13044K(13824K)->13044K(13824K)
[2025-12-25T04:35:41.951+0000][797.591s][info][gc             ] GC(1618) Pause Young (Allocation Failure) 270M->193M(278M) 9.014ms
[2025-12-25T04:35:41.952+0000][797.592s][info][gc,cpu         ] GC(1618) User=0.01s Sys=0.00s Real=0.01s
[2025-12-25T04:35:42.122+0000][797.762s][info][gc,start       ] GC(1619) Pause Young (Allocation Failure)
[2025-12-25T04:35:42.153+0000][797.793s][info][gc,heap        ] GC(1619) DefNew: 82211K(88512K)->4222K(88512K) Eden: 78720K(78720K)->0K(78720K) From: 3491K(9792K)->4222K(9792K)
[2025-12-25T04:35:42.153+0000][797.793s][info][gc,heap        ] GC(1619) Tenured: 194256K(196608K)->194281K(196608K)
[2025-12-25T04:35:42.153+0000][797.793s][info][gc,metaspace   ] GC(1619) Metaspace: 98005K(99264K)->98005K(99264K) NonClass: 84961K(85440K)->84961K(85440K) Class: 13044K(13824K)->13044K(13824K)
[2025-12-25T04:35:42.154+0000][797.794s][info][gc             ] GC(1619) Pause Young (Allocation Failure) 269M->193M(278M) 31.619ms
[2025-12-25T04:35:42.154+0000][797.794s][info][gc,cpu         ] GC(1619) User=0.02s Sys=0.00s Real=0.03s
[2025-12-25T04:35:42.334+0000][797.974s][info][gc,start       ] GC(1620) Pause Young (Allocation Failure)
[2025-12-25T04:35:42.342+0000][797.982s][info][gc,heap        ] GC(1620) DefNew: 82942K(88512K)->3538K(88512K) Eden: 78720K(78720K)->0K(78720K) From: 4222K(9792K)->3538K(9792K)
[2025-12-25T04:35:42.342+0000][797.982s][info][gc,heap        ] GC(1620) Tenured: 194281K(196608K)->194581K(196608K)
[2025-12-25T04:35:42.342+0000][797.982s][info][gc,metaspace   ] GC(1620) Metaspace: 98005K(99264K)->98005K(99264K) NonClass: 84961K(85440K)->84961K(85440K) Class: 13044K(13824K)->13044K(13824K)
[2025-12-25T04:35:42.343+0000][797.983s][info][gc             ] GC(1620) Pause Young (Allocation Failure) 270M->193M(278M) 8.544ms
[2025-12-25T04:35:42.343+0000][797.983s][info][gc,cpu         ] GC(1620) User=0.00s Sys=0.00s Real=0.01s
[2025-12-25T04:35:42.484+0000][798.124s][info][gc,start       ] GC(1621) Pause Young (Allocation Failure)
[2025-12-25T04:35:42.495+0000][798.135s][info][gc,heap        ] GC(1621) DefNew: 82258K(88512K)->2797K(88512K) Eden: 78720K(78720K)->0K(78720K) From: 3538K(9792K)->2797K(9792K)
[2025-12-25T04:35:42.497+0000][798.137s][info][gc,heap        ] GC(1621) Tenured: 194581K(196608K)->194581K(196608K)
[2025-12-25T04:35:42.499+0000][798.139s][info][gc,metaspace   ] GC(1621) Metaspace: 98005K(99264K)->98005K(99264K) NonClass: 84961K(85440K)->84961K(85440K) Class: 13044K(13824K)->13044K(13824K)
[2025-12-25T04:35:42.500+0000][798.140s][info][gc             ] GC(1621) Pause Young (Allocation Failure) 270M->192M(278M) 15.274ms
[2025-12-25T04:35:42.503+0000][798.143s][info][gc,cpu         ] GC(1621) User=0.00s Sys=0.00s Real=0.01s
[2025-12-25T04:35:42.717+0000][798.357s][info][gc,start       ] GC(1622) Pause Young (Allocation Failure)
[2025-12-25T04:35:42.728+0000][798.368s][info][gc,heap        ] GC(1622) DefNew: 81517K(88512K)->4266K(88512K) Eden: 78720K(78720K)->0K(78720K) From: 2797K(9792K)->4266K(9792K)
[2025-12-25T04:35:42.729+0000][798.369s][info][gc,heap        ] GC(1622) Tenured: 194581K(196608K)->194581K(196608K)
[2025-12-25T04:35:42.730+0000][798.370s][info][gc,metaspace   ] GC(1622) Metaspace: 98005K(99264K)->98005K(99264K) NonClass: 84961K(85440K)->84961K(85440K) Class: 13044K(13824K)->13044K(13824K)
[2025-12-25T04:35:42.731+0000][798.371s][info][gc             ] GC(1622) Pause Young (Allocation Failure) 269M->194M(278M) 14.183ms
[2025-12-25T04:35:42.731+0000][798.371s][info][gc,cpu         ] GC(1622) User=0.00s Sys=0.00s Real=0.01s
[2025-12-25T04:35:42.981+0000][798.621s][info][gc,start       ] GC(1623) Pause Young (Allocation Failure)
[2025-12-25T04:35:42.994+0000][798.634s][info][gc,heap        ] GC(1623) DefNew: 82986K(88512K)->3986K(88512K) Eden: 78720K(78720K)->0K(78720K) From: 4266K(9792K)->3986K(9792K)
[2025-12-25T04:35:42.997+0000][798.637s][info][gc,heap        ] GC(1623) Tenured: 194581K(196608K)->194581K(196608K)
[2025-12-25T04:35:42.997+0000][798.637s][info][gc,metaspace   ] GC(1623) Metaspace: 98005K(99264K)->98005K(99264K) NonClass: 84961K(85440K)->84961K(85440K) Class: 13044K(13824K)->13044K(13824K)
[2025-12-25T04:35:42.997+0000][798.637s][info][gc             ] GC(1623) Pause Young (Allocation Failure) 271M->193M(278M) 16.209ms
[2025-12-25T04:35:42.998+0000][798.638s][info][gc,cpu         ] GC(1623) User=0.01s Sys=0.00s Real=0.02s
[2025-12-25T04:35:43.156+0000][798.796s][info][gc,start       ] GC(1624) Pause Young (Allocation Failure)
[2025-12-25T04:35:43.194+0000][798.834s][info][gc,heap        ] GC(1624) DefNew: 82706K(88512K)->3361K(88512K) Eden: 78720K(78720K)->0K(78720K) From: 3986K(9792K)->3361K(9792K)
[2025-12-25T04:35:43.195+0000][798.835s][info][gc,heap        ] GC(1624) Tenured: 194581K(196608K)->194581K(196608K)
[2025-12-25T04:35:43.195+0000][798.835s][info][gc,metaspace   ] GC(1624) Metaspace: 98005K(99264K)->98005K(99264K) NonClass: 84961K(85440K)->84961K(85440K) Class: 13044K(13824K)->13044K(13824K)
[2025-12-25T04:35:43.196+0000][798.836s][info][gc             ] GC(1624) Pause Young (Allocation Failure) 270M->193M(278M) 39.928ms
[2025-12-25T04:35:43.196+0000][798.836s][info][gc,cpu         ] GC(1624) User=0.00s Sys=0.00s Real=0.04s
[2025-12-25T04:35:43.300+0000][798.940s][info][gc,start       ] GC(1625) Pause Young (Allocation Failure)
[2025-12-25T04:35:43.307+0000][798.947s][info][gc,heap        ] GC(1625) DefNew: 82081K(88512K)->4057K(88512K) Eden: 78720K(78720K)->0K(78720K) From: 3361K(9792K)->4057K(9792K)
[2025-12-25T04:35:43.309+0000][798.949s][info][gc,heap        ] GC(1625) Tenured: 194581K(196608K)->194582K(196608K)
[2025-12-25T04:35:43.310+0000][798.950s][info][gc,metaspace   ] GC(1625) Metaspace: 98005K(99264K)->98005K(99264K) NonClass: 84961K(85440K)->84961K(85440K) Class: 13044K(13824K)->13044K(13824K)
[2025-12-25T04:35:43.311+0000][798.951s][info][gc             ] GC(1625) Pause Young (Allocation Failure) 270M->193M(278M) 11.295ms
[2025-12-25T04:35:43.312+0000][798.952s][info][gc,cpu         ] GC(1625) User=0.01s Sys=0.00s Real=0.01s
[2025-12-25T04:35:43.474+0000][799.114s][info][gc,start       ] GC(1626) Pause Young (Allocation Failure)
[2025-12-25T04:35:43.490+0000][799.130s][info][gc,heap        ] GC(1626) DefNew: 82777K(88512K)->4515K(88512K) Eden: 78720K(78720K)->0K(78720K) From: 4057K(9792K)->4515K(9792K)
[2025-12-25T04:35:43.491+0000][799.130s][info][gc,heap        ] GC(1626) Tenured: 194582K(196608K)->194582K(196608K)
[2025-12-25T04:35:43.491+0000][799.131s][info][gc,metaspace   ] GC(1626) Metaspace: 98005K(99264K)->98005K(99264K) NonClass: 84961K(85440K)->84961K(85440K) Class: 13044K(13824K)->13044K(13824K)
[2025-12-25T04:35:43.491+0000][799.131s][info][gc             ] GC(1626) Pause Young (Allocation Failure) 270M->194M(278M) 17.087ms
[2025-12-25T04:35:43.491+0000][799.131s][info][gc,cpu         ] GC(1626) User=0.01s Sys=0.01s Real=0.02s
[2025-12-25T04:35:43.640+0000][799.280s][info][gc,start       ] GC(1627) Pause Young (Allocation Failure)
[2025-12-25T04:35:43.654+0000][799.294s][info][gc,heap        ] GC(1627) DefNew: 83189K(88512K)->4110K(88512K) Eden: 78674K(78720K)->0K(78720K) From: 4515K(9792K)->4110K(9792K)
[2025-12-25T04:35:43.655+0000][799.295s][info][gc,heap        ] GC(1627) Tenured: 194582K(196608K)->195234K(196608K)
[2025-12-25T04:35:43.655+0000][799.295s][info][gc,metaspace   ] GC(1627) Metaspace: 98005K(99264K)->98005K(99264K) NonClass: 84961K(85440K)->84961K(85440K) Class: 13044K(13824K)->13044K(13824K)
[2025-12-25T04:35:43.658+0000][799.298s][info][gc             ] GC(1627) Pause Young (Allocation Failure) 271M->194M(278M) 18.063ms
[2025-12-25T04:35:43.661+0000][799.301s][info][gc,cpu         ] GC(1627) User=0.01s Sys=0.00s Real=0.02s
[2025-12-25T04:35:43.857+0000][799.497s][info][gc,start       ] GC(1628) Pause Young (Allocation Failure)
[2025-12-25T04:35:43.888+0000][799.528s][info][gc,heap        ] GC(1628) DefNew: 82830K(88512K)->3885K(88512K) Eden: 78720K(78720K)->0K(78720K) From: 4110K(9792K)->3885K(9792K)
[2025-12-25T04:35:43.893+0000][799.533s][info][gc,heap        ] GC(1628) Tenured: 195234K(196608K)->195241K(196608K)
[2025-12-25T04:35:43.898+0000][799.538s][info][gc,metaspace   ] GC(1628) Metaspace: 98005K(99264K)->98005K(99264K) NonClass: 84961K(85440K)->84961K(85440K) Class: 13044K(13824K)->13044K(13824K)
[2025-12-25T04:35:43.901+0000][799.541s][info][gc             ] GC(1628) Pause Young (Allocation Failure) 271M->194M(278M) 43.783ms
[2025-12-25T04:35:43.905+0000][799.545s][info][gc,cpu         ] GC(1628) User=0.01s Sys=0.00s Real=0.05s
[2025-12-25T04:35:44.150+0000][799.790s][info][gc,start       ] GC(1629) Pause Young (Allocation Failure)
[2025-12-25T04:35:44.175+0000][799.815s][info][gc,heap        ] GC(1629) DefNew: 82605K(88512K)->3352K(88512K) Eden: 78720K(78720K)->0K(78720K) From: 3885K(9792K)->3352K(9792K)
[2025-12-25T04:35:44.176+0000][799.816s][info][gc,heap        ] GC(1629) Tenured: 195241K(196608K)->195241K(196608K)
[2025-12-25T04:35:44.176+0000][799.816s][info][gc,metaspace   ] GC(1629) Metaspace: 98005K(99264K)->98005K(99264K) NonClass: 84961K(85440K)->84961K(85440K) Class: 13044K(13824K)->13044K(13824K)
[2025-12-25T04:35:44.176+0000][799.816s][info][gc             ] GC(1629) Pause Young (Allocation Failure) 271M->193M(278M) 25.757ms
[2025-12-25T04:35:44.176+0000][799.816s][info][gc,cpu         ] GC(1629) User=0.01s Sys=0.00s Real=0.03s
[2025-12-25T04:35:44.308+0000][799.948s][info][gc,start       ] GC(1630) Pause Young (Allocation Failure)
[2025-12-25T04:35:44.317+0000][799.957s][info][gc,heap        ] GC(1630) DefNew: 82072K(88512K)->3264K(88512K) Eden: 78720K(78720K)->0K(78720K) From: 3352K(9792K)->3264K(9792K)
[2025-12-25T04:35:44.318+0000][799.958s][info][gc,heap        ] GC(1630) Tenured: 195241K(196608K)->195273K(196608K)
[2025-12-25T04:35:44.319+0000][799.959s][info][gc,metaspace   ] GC(1630) Metaspace: 98005K(99264K)->98005K(99264K) NonClass: 84961K(85440K)->84961K(85440K) Class: 13044K(13824K)->13044K(13824K)
[2025-12-25T04:35:44.320+0000][799.960s][info][gc             ] GC(1630) Pause Young (Allocation Failure) 270M->193M(278M) 11.545ms
[2025-12-25T04:35:44.320+0000][799.960s][info][gc,cpu         ] GC(1630) User=0.01s Sys=0.00s Real=0.01s
[2025-12-25T04:35:44.489+0000][800.129s][info][gc,start       ] GC(1631) Pause Young (Allocation Failure)
[2025-12-25T04:35:44.494+0000][800.134s][info][gc,heap        ] GC(1631) DefNew: 81984K(88512K)->2799K(88512K) Eden: 78720K(78720K)->0K(78720K) From: 3264K(9792K)->2799K(9792K)
[2025-12-25T04:35:44.494+0000][800.134s][info][gc,heap        ] GC(1631) Tenured: 195273K(196608K)->195440K(196608K)
[2025-12-25T04:35:44.495+0000][800.135s][info][gc,metaspace   ] GC(1631) Metaspace: 98005K(99264K)->98005K(99264K) NonClass: 84961K(85440K)->84961K(85440K) Class: 13044K(13824K)->13044K(13824K)
[2025-12-25T04:35:44.496+0000][800.136s][info][gc             ] GC(1631) Pause Young (Allocation Failure) 270M->193M(278M) 7.539ms
[2025-12-25T04:35:44.497+0000][800.137s][info][gc,cpu         ] GC(1631) User=0.00s Sys=0.00s Real=0.01s
[2025-12-25T04:35:44.768+0000][800.408s][info][gc,start       ] GC(1632) Pause Young (Allocation Failure)
[2025-12-25T04:35:44.853+0000][800.493s][info][gc,heap        ] GC(1632) DefNew: 81519K(88512K)->4232K(88512K) Eden: 78720K(78720K)->0K(78720K) From: 2799K(9792K)->4232K(9792K)
[2025-12-25T04:35:44.854+0000][800.494s][info][gc,heap        ] GC(1632) Tenured: 195440K(196608K)->195440K(196608K)
[2025-12-25T04:35:44.862+0000][800.502s][info][gc,metaspace   ] GC(1632) Metaspace: 98005K(99264K)->98005K(99264K) NonClass: 84961K(85440K)->84961K(85440K) Class: 13044K(13824K)->13044K(13824K)
[2025-12-25T04:35:44.869+0000][800.509s][info][gc             ] GC(1632) Pause Young (Allocation Failure) 270M->194M(278M) 101.260ms
[2025-12-25T04:35:44.871+0000][800.511s][info][gc,cpu         ] GC(1632) User=0.02s Sys=0.00s Real=0.10s
[2025-12-25T04:35:45.264+0000][800.904s][info][gc,start       ] GC(1633) Pause Young (Allocation Failure)
[2025-12-25T04:35:45.283+0000][800.923s][info][gc,heap        ] GC(1633) DefNew: 82952K(88512K)->4907K(88512K) Eden: 78720K(78720K)->0K(78720K) From: 4232K(9792K)->4907K(9792K)
[2025-12-25T04:35:45.284+0000][800.924s][info][gc,heap        ] GC(1633) Tenured: 195440K(196608K)->195440K(196608K)
[2025-12-25T04:35:45.284+0000][800.924s][info][gc,metaspace   ] GC(1633) Metaspace: 98005K(99264K)->98005K(99264K) NonClass: 84961K(85440K)->84961K(85440K) Class: 13044K(13824K)->13044K(13824K)
[2025-12-25T04:35:45.290+0000][800.930s][info][gc             ] GC(1633) Pause Young (Allocation Failure) 271M->195M(278M) 26.067ms
[2025-12-25T04:35:45.291+0000][800.931s][info][gc,cpu         ] GC(1633) User=0.01s Sys=0.00s Real=0.03s
[2025-12-25T04:35:45.688+0000][801.328s][info][gc,start       ] GC(1634) Pause Young (Allocation Failure)
[2025-12-25T04:35:45.737+0000][801.377s][info][gc,heap        ] GC(1634) DefNew: 83627K(88512K)->3778K(88512K) Eden: 78720K(78720K)->0K(78720K) From: 4907K(9792K)->3778K(9792K)
[2025-12-25T04:35:45.738+0000][801.378s][info][gc,heap        ] GC(1634) Tenured: 195440K(196608K)->195452K(196608K)
[2025-12-25T04:35:45.738+0000][801.378s][info][gc,metaspace   ] GC(1634) Metaspace: 98005K(99264K)->98005K(99264K) NonClass: 84961K(85440K)->84961K(85440K) Class: 13044K(13824K)->13044K(13824K)
[2025-12-25T04:35:45.738+0000][801.378s][info][gc             ] GC(1634) Pause Young (Allocation Failure) 272M->194M(278M) 50.696ms
[2025-12-25T04:35:45.739+0000][801.379s][info][gc,cpu         ] GC(1634) User=0.01s Sys=0.00s Real=0.05s
[2025-12-25T04:35:45.966+0000][801.606s][info][gc,start       ] GC(1635) Pause Young (Allocation Failure)
[2025-12-25T04:35:46.001+0000][801.641s][info][gc,heap        ] GC(1635) DefNew: 82498K(88512K)->6639K(88512K) Eden: 78720K(78720K)->0K(78720K) From: 3778K(9792K)->6639K(9792K)
[2025-12-25T04:35:46.002+0000][801.642s][info][gc,heap        ] GC(1635) Tenured: 195452K(196608K)->195460K(196608K)
[2025-12-25T04:35:46.002+0000][801.642s][info][gc,metaspace   ] GC(1635) Metaspace: 98005K(99264K)->98005K(99264K) NonClass: 84961K(85440K)->84961K(85440K) Class: 13044K(13824K)->13044K(13824K)
[2025-12-25T04:35:46.002+0000][801.642s][info][gc             ] GC(1635) Pause Young (Allocation Failure) 271M->197M(278M) 36.524ms
[2025-12-25T04:35:46.003+0000][801.643s][info][gc,cpu         ] GC(1635) User=0.01s Sys=0.00s Real=0.03s
[2025-12-25T04:35:46.265+0000][801.905s][info][gc,start       ] GC(1636) Pause Young (Allocation Failure)
[2025-12-25T04:35:46.327+0000][801.967s][info][gc,promotion   ] GC(1636) Promotion failed
[2025-12-25T04:35:46.335+0000][801.975s][info][gc             ] GC(1636) Pause Young (Allocation Failure) 274M->272M(278M) 70.578ms
[2025-12-25T04:35:46.339+0000][801.979s][info][gc,cpu         ] GC(1636) User=0.02s Sys=0.00s Real=0.07s
[2025-12-25T04:35:46.340+0000][801.980s][info][gc,start       ] GC(1637) Pause Full (Allocation Failure)
[2025-12-25T04:35:46.340+0000][801.980s][info][gc,phases,start] GC(1637) Phase 1: Mark live objects
[2025-12-25T04:35:46.687+0000][802.327s][info][gc,phases      ] GC(1637) Phase 1: Mark live objects 346.276ms
[2025-12-25T04:35:46.687+0000][802.327s][info][gc,phases,start] GC(1637) Phase 2: Compute new object addresses
[2025-12-25T04:35:46.947+0000][802.587s][info][gc,phases      ] GC(1637) Phase 2: Compute new object addresses 259.343ms
[2025-12-25T04:35:46.947+0000][802.587s][info][gc,phases,start] GC(1637) Phase 3: Adjust pointers
[2025-12-25T04:35:46.988+0000][802.628s][info][gc,phases      ] GC(1637) Phase 3: Adjust pointers 40.637ms
[2025-12-25T04:35:46.990+0000][802.630s][info][gc,phases,start] GC(1637) Phase 4: Move objects
[2025-12-25T04:35:47.010+0000][802.650s][info][gc,phases      ] GC(1637) Phase 4: Move objects 19.681ms
[2025-12-25T04:35:47.017+0000][802.657s][info][gc,heap        ] GC(1637) DefNew: 85359K(88512K)->0K(88512K) Eden: 78720K(78720K)->0K(78720K) From: 6639K(9792K)->0K(9792K)
[2025-12-25T04:35:47.020+0000][802.660s][info][gc,heap        ] GC(1637) Tenured: 195460K(196608K)->92526K(196608K)
[2025-12-25T04:35:47.021+0000][802.661s][info][gc,metaspace   ] GC(1637) Metaspace: 98005K(99264K)->97526K(99264K) NonClass: 84961K(85440K)->84569K(85440K) Class: 13044K(13824K)->12957K(13824K)
[2025-12-25T04:35:47.023+0000][802.663s][info][gc             ] GC(1637) Pause Full (Allocation Failure) 272M->90M(278M) 683.131ms
[2025-12-25T04:35:47.025+0000][802.665s][info][gc,cpu         ] GC(1637) User=0.61s Sys=0.00s Real=0.69s
[2025-12-25T04:35:47.207+0000][802.847s][info][gc,start       ] GC(1638) Pause Young (Allocation Failure)
[2025-12-25T04:35:47.258+0000][802.898s][info][gc,heap        ] GC(1638) DefNew: 78720K(88512K)->8021K(88512K) Eden: 78720K(78720K)->0K(78720K) From: 0K(9792K)->8021K(9792K)
[2025-12-25T04:35:47.259+0000][802.899s][info][gc,heap        ] GC(1638) Tenured: 92526K(196608K)->92526K(196608K)
[2025-12-25T04:35:47.260+0000][802.900s][info][gc,metaspace   ] GC(1638) Metaspace: 97567K(99264K)->97567K(99264K) NonClass: 84602K(85440K)->84602K(85440K) Class: 12965K(13824K)->12965K(13824K)
[2025-12-25T04:35:47.263+0000][802.903s][info][gc             ] GC(1638) Pause Young (Allocation Failure) 167M->98M(278M) 55.789ms
[2025-12-25T04:35:47.264+0000][802.904s][info][gc,cpu         ] GC(1638) User=0.02s Sys=0.00s Real=0.05s
[2025-12-25T04:35:47.446+0000][803.086s][info][gc,start       ] GC(1639) Pause Young (Allocation Failure)
[2025-12-25T04:35:47.469+0000][803.109s][info][gc,heap        ] GC(1639) DefNew: 86739K(88512K)->4456K(88512K) Eden: 78717K(78720K)->0K(78720K) From: 8021K(9792K)->4456K(9792K)
[2025-12-25T04:35:47.469+0000][803.109s][info][gc,heap        ] GC(1639) Tenured: 92526K(196608K)->96681K(196608K)
[2025-12-25T04:35:47.470+0000][803.110s][info][gc,metaspace   ] GC(1639) Metaspace: 97567K(99264K)->97567K(99264K) NonClass: 84602K(85440K)->84602K(85440K) Class: 12965K(13824K)->12965K(13824K)
[2025-12-25T04:35:47.470+0000][803.110s][info][gc             ] GC(1639) Pause Young (Allocation Failure) 175M->98M(278M) 24.544ms
[2025-12-25T04:35:47.471+0000][803.111s][info][gc,cpu         ] GC(1639) User=0.01s Sys=0.00s Real=0.02s
[2025-12-25T04:35:47.672+0000][803.312s][info][gc,start       ] GC(1640) Pause Young (Allocation Failure)
[2025-12-25T04:35:47.704+0000][803.344s][info][gc,heap        ] GC(1640) DefNew: 83176K(88512K)->4617K(88512K) Eden: 78720K(78720K)->0K(78720K) From: 4456K(9792K)->4617K(9792K)
[2025-12-25T04:35:47.705+0000][803.345s][info][gc,heap        ] GC(1640) Tenured: 96681K(196608K)->96681K(196608K)
[2025-12-25T04:35:47.705+0000][803.345s][info][gc,metaspace   ] GC(1640) Metaspace: 97567K(99264K)->97567K(99264K) NonClass: 84602K(85440K)->84602K(85440K) Class: 12965K(13824K)->12965K(13824K)
[2025-12-25T04:35:47.707+0000][803.347s][info][gc             ] GC(1640) Pause Young (Allocation Failure) 175M->98M(278M) 34.663ms
[2025-12-25T04:35:47.707+0000][803.347s][info][gc,cpu         ] GC(1640) User=0.01s Sys=0.00s Real=0.04s
[2025-12-25T04:35:47.841+0000][803.481s][info][gc,start       ] GC(1641) Pause Young (Allocation Failure)
[2025-12-25T04:35:47.870+0000][803.510s][info][gc,heap        ] GC(1641) DefNew: 83337K(88512K)->7223K(88512K) Eden: 78720K(78720K)->0K(78720K) From: 4617K(9792K)->7223K(9792K)
[2025-12-25T04:35:47.871+0000][803.511s][info][gc,heap        ] GC(1641) Tenured: 96681K(196608K)->96681K(196608K)
[2025-12-25T04:35:47.871+0000][803.511s][info][gc,metaspace   ] GC(1641) Metaspace: 97567K(99264K)->97567K(99264K) NonClass: 84602K(85440K)->84602K(85440K) Class: 12965K(13824K)->12965K(13824K)
[2025-12-25T04:35:47.872+0000][803.511s][info][gc             ] GC(1641) Pause Young (Allocation Failure) 175M->101M(278M) 30.026ms
[2025-12-25T04:35:47.872+0000][803.512s][info][gc,cpu         ] GC(1641) User=0.02s Sys=0.01s Real=0.03s
[2025-12-25T04:35:48.079+0000][803.719s][info][gc,start       ] GC(1642) Pause Young (Allocation Failure)
[2025-12-25T04:35:48.092+0000][803.732s][info][gc,heap        ] GC(1642) DefNew: 85943K(88512K)->2895K(88512K) Eden: 78720K(78720K)->0K(78720K) From: 7223K(9792K)->2895K(9792K)
[2025-12-25T04:35:48.093+0000][803.733s][info][gc,heap        ] GC(1642) Tenured: 96681K(196608K)->99399K(196608K)
[2025-12-25T04:35:48.094+0000][803.734s][info][gc,metaspace   ] GC(1642) Metaspace: 97567K(99264K)->97567K(99264K) NonClass: 84602K(85440K)->84602K(85440K) Class: 12965K(13824K)->12965K(13824K)
[2025-12-25T04:35:48.094+0000][803.734s][info][gc             ] GC(1642) Pause Young (Allocation Failure) 178M->99M(278M) 15.266ms
[2025-12-25T04:35:48.094+0000][803.734s][info][gc,cpu         ] GC(1642) User=0.01s Sys=0.00s Real=0.01s
[2025-12-25T04:35:48.271+0000][803.911s][info][gc,start       ] GC(1643) Pause Young (Allocation Failure)
[2025-12-25T04:35:48.312+0000][803.952s][info][gc,heap        ] GC(1643) DefNew: 81615K(88512K)->4683K(88512K) Eden: 78720K(78720K)->0K(78720K) From: 2895K(9792K)->4683K(9792K)
[2025-12-25T04:35:48.313+0000][803.953s][info][gc,heap        ] GC(1643) Tenured: 99399K(196608K)->99399K(196608K)
[2025-12-25T04:35:48.314+0000][803.954s][info][gc,metaspace   ] GC(1643) Metaspace: 97567K(99264K)->97567K(99264K) NonClass: 84602K(85440K)->84602K(85440K) Class: 12965K(13824K)->12965K(13824K)
[2025-12-25T04:35:48.318+0000][803.958s][info][gc             ] GC(1643) Pause Young (Allocation Failure) 176M->101M(278M) 47.221ms
[2025-12-25T04:35:48.319+0000][803.959s][info][gc,cpu         ] GC(1643) User=0.02s Sys=0.00s Real=0.05s
[2025-12-25T04:35:48.415+0000][804.055s][info][gc,start       ] GC(1644) Pause Young (Allocation Failure)
[2025-12-25T04:35:48.420+0000][804.060s][info][gc,heap        ] GC(1644) DefNew: 83403K(88512K)->2523K(88512K) Eden: 78720K(78720K)->0K(78720K) From: 4683K(9792K)->2523K(9792K)
[2025-12-25T04:35:48.421+0000][804.061s][info][gc,heap        ] GC(1644) Tenured: 99399K(196608K)->99399K(196608K)
[2025-12-25T04:35:48.423+0000][804.063s][info][gc,metaspace   ] GC(1644) Metaspace: 97567K(99264K)->97567K(99264K) NonClass: 84602K(85440K)->84602K(85440K) Class: 12965K(13824K)->12965K(13824K)
[2025-12-25T04:35:48.425+0000][804.065s][info][gc             ] GC(1644) Pause Young (Allocation Failure) 178M->99M(278M) 9.546ms
[2025-12-25T04:35:48.426+0000][804.066s][info][gc,cpu         ] GC(1644) User=0.00s Sys=0.00s Real=0.01s
[2025-12-25T04:35:48.533+0000][804.173s][info][gc,start       ] GC(1645) Pause Young (Allocation Failure)
[2025-12-25T04:35:48.549+0000][804.189s][info][gc,heap        ] GC(1645) DefNew: 81243K(88512K)->4530K(88512K) Eden: 78720K(78720K)->0K(78720K) From: 2523K(9792K)->4530K(9792K)
[2025-12-25T04:35:48.550+0000][804.190s][info][gc,heap        ] GC(1645) Tenured: 99399K(196608K)->99399K(196608K)
[2025-12-25T04:35:48.550+0000][804.190s][info][gc,metaspace   ] GC(1645) Metaspace: 97567K(99264K)->97567K(99264K) NonClass: 84602K(85440K)->84602K(85440K) Class: 12965K(13824K)->12965K(13824K)
[2025-12-25T04:35:48.551+0000][804.191s][info][gc             ] GC(1645) Pause Young (Allocation Failure) 176M->101M(278M) 17.964ms
[2025-12-25T04:35:48.551+0000][804.191s][info][gc,cpu         ] GC(1645) User=0.01s Sys=0.00s Real=0.02s
[2025-12-25T04:35:48.646+0000][804.286s][info][gc,start       ] GC(1646) Pause Young (Allocation Failure)
[2025-12-25T04:35:48.656+0000][804.296s][info][gc,heap        ] GC(1646) DefNew: 83250K(88512K)->4075K(88512K) Eden: 78720K(78720K)->0K(78720K) From: 4530K(9792K)->4075K(9792K)
[2025-12-25T04:35:48.657+0000][804.297s][info][gc,heap        ] GC(1646) Tenured: 99399K(196608K)->99399K(196608K)
[2025-12-25T04:35:48.657+0000][804.297s][info][gc,metaspace   ] GC(1646) Metaspace: 97567K(99264K)->97567K(99264K) NonClass: 84602K(85440K)->84602K(85440K) Class: 12965K(13824K)->12965K(13824K)
[2025-12-25T04:35:48.657+0000][804.297s][info][gc             ] GC(1646) Pause Young (Allocation Failure) 178M->101M(278M) 11.464ms
[2025-12-25T04:35:48.657+0000][804.297s][info][gc,cpu         ] GC(1646) User=0.01s Sys=0.00s Real=0.01s
[2025-12-25T04:35:48.782+0000][804.422s][info][gc,start       ] GC(1647) Pause Young (Allocation Failure)
[2025-12-25T04:35:48.786+0000][804.426s][info][gc,heap        ] GC(1647) DefNew: 82795K(88512K)->3831K(88512K) Eden: 78719K(78720K)->0K(78720K) From: 4075K(9792K)->3831K(9792K)
[2025-12-25T04:35:48.787+0000][804.426s][info][gc,heap        ] GC(1647) Tenured: 99399K(196608K)->99399K(196608K)
[2025-12-25T04:35:48.787+0000][804.427s][info][gc,metaspace   ] GC(1647) Metaspace: 97567K(99264K)->97567K(99264K) NonClass: 84602K(85440K)->84602K(85440K) Class: 12965K(13824K)->12965K(13824K)
[2025-12-25T04:35:48.787+0000][804.427s][info][gc             ] GC(1647) Pause Young (Allocation Failure) 177M->100M(278M) 4.552ms
[2025-12-25T04:35:48.787+0000][804.427s][info][gc,cpu         ] GC(1647) User=0.01s Sys=0.00s Real=0.01s
[2025-12-25T04:35:48.895+0000][804.535s][info][gc,start       ] GC(1648) Pause Young (Allocation Failure)
[2025-12-25T04:35:48.902+0000][804.542s][info][gc,heap        ] GC(1648) DefNew: 82551K(88512K)->4633K(88512K) Eden: 78720K(78720K)->0K(78720K) From: 3831K(9792K)->4633K(9792K)
[2025-12-25T04:35:48.903+0000][804.543s][info][gc,heap        ] GC(1648) Tenured: 99399K(196608K)->99399K(196608K)
[2025-12-25T04:35:48.903+0000][804.543s][info][gc,metaspace   ] GC(1648) Metaspace: 97567K(99264K)->97567K(99264K) NonClass: 84602K(85440K)->84602K(85440K) Class: 12965K(13824K)->12965K(13824K)
[2025-12-25T04:35:48.903+0000][804.543s][info][gc             ] GC(1648) Pause Young (Allocation Failure) 177M->101M(278M) 8.321ms
[2025-12-25T04:35:48.904+0000][804.544s][info][gc,cpu         ] GC(1648) User=0.00s Sys=0.00s Real=0.00s
[2025-12-25T04:35:49.012+0000][804.652s][info][gc,start       ] GC(1649) Pause Young (Allocation Failure)
[2025-12-25T04:35:49.020+0000][804.660s][info][gc,heap        ] GC(1649) DefNew: 83353K(88512K)->3233K(88512K) Eden: 78720K(78720K)->0K(78720K) From: 4633K(9792K)->3233K(9792K)
[2025-12-25T04:35:49.021+0000][804.661s][info][gc,heap        ] GC(1649) Tenured: 99399K(196608K)->99399K(196608K)
[2025-12-25T04:35:49.021+0000][804.661s][info][gc,metaspace   ] GC(1649) Metaspace: 97567K(99264K)->97567K(99264K) NonClass: 84602K(85440K)->84602K(85440K) Class: 12965K(13824K)->12965K(13824K)
[2025-12-25T04:35:49.021+0000][804.661s][info][gc             ] GC(1649) Pause Young (Allocation Failure) 178M->100M(278M) 9.332ms
[2025-12-25T04:35:49.021+0000][804.661s][info][gc,cpu         ] GC(1649) User=0.00s Sys=0.01s Real=0.01s
[2025-12-25T04:35:49.135+0000][804.775s][info][gc,start       ] GC(1650) Pause Young (Allocation Failure)
[2025-12-25T04:35:49.142+0000][804.782s][info][gc,heap        ] GC(1650) DefNew: 81953K(88512K)->3174K(88512K) Eden: 78720K(78720K)->0K(78720K) From: 3233K(9792K)->3174K(9792K)
[2025-12-25T04:35:49.143+0000][804.783s][info][gc,heap        ] GC(1650) Tenured: 99399K(196608K)->99399K(196608K)
[2025-12-25T04:35:49.143+0000][804.783s][info][gc,metaspace   ] GC(1650) Metaspace: 97567K(99264K)->97567K(99264K) NonClass: 84602K(85440K)->84602K(85440K) Class: 12965K(13824K)->12965K(13824K)
[2025-12-25T04:35:49.143+0000][804.783s][info][gc             ] GC(1650) Pause Young (Allocation Failure) 177M->100M(278M) 8.680ms
[2025-12-25T04:35:49.144+0000][804.784s][info][gc,cpu         ] GC(1650) User=0.00s Sys=0.00s Real=0.00s
[2025-12-25T04:35:49.247+0000][804.887s][info][gc,start       ] GC(1651) Pause Young (Allocation Failure)
[2025-12-25T04:35:49.252+0000][804.892s][info][gc,heap        ] GC(1651) DefNew: 81894K(88512K)->2884K(88512K) Eden: 78720K(78720K)->0K(78720K) From: 3174K(9792K)->2884K(9792K)
[2025-12-25T04:35:49.252+0000][804.892s][info][gc,heap        ] GC(1651) Tenured: 99399K(196608K)->99399K(196608K)
[2025-12-25T04:35:49.255+0000][804.895s][info][gc,metaspace   ] GC(1651) Metaspace: 97567K(99264K)->97567K(99264K) NonClass: 84602K(85440K)->84602K(85440K) Class: 12965K(13824K)->12965K(13824K)
[2025-12-25T04:35:49.255+0000][804.895s][info][gc             ] GC(1651) Pause Young (Allocation Failure) 177M->99M(278M) 7.970ms
[2025-12-25T04:35:49.255+0000][804.895s][info][gc,cpu         ] GC(1651) User=0.00s Sys=0.00s Real=0.01s
[2025-12-25T04:35:49.388+0000][805.028s][info][gc,start       ] GC(1652) Pause Young (Allocation Failure)
[2025-12-25T04:35:49.394+0000][805.034s][info][gc,heap        ] GC(1652) DefNew: 81604K(88512K)->3032K(88512K) Eden: 78720K(78720K)->0K(78720K) From: 2884K(9792K)->3032K(9792K)
[2025-12-25T04:35:49.394+0000][805.034s][info][gc,heap        ] GC(1652) Tenured: 99399K(196608K)->99399K(196608K)
[2025-12-25T04:35:49.394+0000][805.034s][info][gc,metaspace   ] GC(1652) Metaspace: 97567K(99264K)->97567K(99264K) NonClass: 84602K(85440K)->84602K(85440K) Class: 12965K(13824K)->12965K(13824K)
[2025-12-25T04:35:49.394+0000][805.034s][info][gc             ] GC(1652) Pause Young (Allocation Failure) 176M->100M(278M) 6.295ms
[2025-12-25T04:35:49.396+0000][805.036s][info][gc,cpu         ] GC(1652) User=0.01s Sys=0.00s Real=0.01s
[2025-12-25T04:35:49.573+0000][805.213s][info][gc,start       ] GC(1653) Pause Young (Allocation Failure)
[2025-12-25T04:35:49.586+0000][805.226s][info][gc,heap        ] GC(1653) DefNew: 81705K(88512K)->3634K(88512K) Eden: 78672K(78720K)->0K(78720K) From: 3032K(9792K)->3634K(9792K)
[2025-12-25T04:35:49.590+0000][805.230s][info][gc,heap        ] GC(1653) Tenured: 99399K(196608K)->99399K(196608K)
[2025-12-25T04:35:49.590+0000][805.230s][info][gc,metaspace   ] GC(1653) Metaspace: 97567K(99264K)->97567K(99264K) NonClass: 84602K(85440K)->84602K(85440K) Class: 12965K(13824K)->12965K(13824K)
[2025-12-25T04:35:49.590+0000][805.230s][info][gc             ] GC(1653) Pause Young (Allocation Failure) 176M->100M(278M) 17.283ms
[2025-12-25T04:35:49.591+0000][805.231s][info][gc,cpu         ] GC(1653) User=0.01s Sys=0.00s Real=0.02s
[2025-12-25T04:35:49.764+0000][805.404s][info][gc,start       ] GC(1654) Pause Young (Allocation Failure)
[2025-12-25T04:35:49.808+0000][805.448s][info][gc,heap        ] GC(1654) DefNew: 82354K(88512K)->5002K(88512K) Eden: 78720K(78720K)->0K(78720K) From: 3634K(9792K)->5002K(9792K)
[2025-12-25T04:35:49.811+0000][805.451s][info][gc,heap        ] GC(1654) Tenured: 99399K(196608K)->99399K(196608K)
[2025-12-25T04:35:49.813+0000][805.453s][info][gc,metaspace   ] GC(1654) Metaspace: 97567K(99264K)->97567K(99264K) NonClass: 84602K(85440K)->84602K(85440K) Class: 12965K(13824K)->12965K(13824K)
[2025-12-25T04:35:49.813+0000][805.453s][info][gc             ] GC(1654) Pause Young (Allocation Failure) 177M->101M(278M) 49.402ms
[2025-12-25T04:35:49.815+0000][805.455s][info][gc,cpu         ] GC(1654) User=0.01s Sys=0.00s Real=0.06s
[2025-12-25T04:35:49.987+0000][805.627s][info][gc,start       ] GC(1655) Pause Young (Allocation Failure)
[2025-12-25T04:35:50.001+0000][805.641s][info][gc,heap        ] GC(1655) DefNew: 83722K(88512K)->5166K(88512K) Eden: 78720K(78720K)->0K(78720K) From: 5002K(9792K)->5166K(9792K)
[2025-12-25T04:35:50.002+0000][805.642s][info][gc,heap        ] GC(1655) Tenured: 99399K(196608K)->99510K(196608K)
[2025-12-25T04:35:50.002+0000][805.642s][info][gc,metaspace   ] GC(1655) Metaspace: 97567K(99264K)->97567K(99264K) NonClass: 84602K(85440K)->84602K(85440K) Class: 12965K(13824K)->12965K(13824K)
[2025-12-25T04:35:50.006+0000][805.646s][info][gc             ] GC(1655) Pause Young (Allocation Failure) 178M->102M(278M) 19.841ms
[2025-12-25T04:35:50.008+0000][805.648s][info][gc,cpu         ] GC(1655) User=0.01s Sys=0.00s Real=0.02s
[2025-12-25T04:35:50.197+0000][805.837s][info][gc,start       ] GC(1656) Pause Young (Allocation Failure)
[2025-12-25T04:35:50.206+0000][805.846s][info][gc,heap        ] GC(1656) DefNew: 83886K(88512K)->2730K(88512K) Eden: 78720K(78720K)->0K(78720K) From: 5166K(9792K)->2730K(9792K)
[2025-12-25T04:35:50.206+0000][805.846s][info][gc,heap        ] GC(1656) Tenured: 99510K(196608K)->100936K(196608K)
[2025-12-25T04:35:50.206+0000][805.846s][info][gc,metaspace   ] GC(1656) Metaspace: 97567K(99264K)->97567K(99264K) NonClass: 84602K(85440K)->84602K(85440K) Class: 12965K(13824K)->12965K(13824K)
[2025-12-25T04:35:50.207+0000][805.847s][info][gc             ] GC(1656) Pause Young (Allocation Failure) 179M->101M(278M) 9.344ms
[2025-12-25T04:35:50.207+0000][805.847s][info][gc,cpu         ] GC(1656) User=0.01s Sys=0.00s Real=0.01s
[2025-12-25T04:35:50.334+0000][805.974s][info][gc,start       ] GC(1657) Pause Young (Allocation Failure)
[2025-12-25T04:35:50.342+0000][805.982s][info][gc,heap        ] GC(1657) DefNew: 81450K(88512K)->3814K(88512K) Eden: 78720K(78720K)->0K(78720K) From: 2730K(9792K)->3814K(9792K)
[2025-12-25T04:35:50.342+0000][805.982s][info][gc,heap        ] GC(1657) Tenured: 100936K(196608K)->100936K(196608K)
[2025-12-25T04:35:50.343+0000][805.983s][info][gc,metaspace   ] GC(1657) Metaspace: 97567K(99264K)->97567K(99264K) NonClass: 84602K(85440K)->84602K(85440K) Class: 12965K(13824K)->12965K(13824K)
[2025-12-25T04:35:50.344+0000][805.984s][info][gc             ] GC(1657) Pause Young (Allocation Failure) 178M->102M(278M) 9.530ms
[2025-12-25T04:35:50.346+0000][805.986s][info][gc,cpu         ] GC(1657) User=0.00s Sys=0.00s Real=0.02s
[2025-12-25T04:35:50.531+0000][806.171s][info][gc,start       ] GC(1658) Pause Young (Allocation Failure)
[2025-12-25T04:35:50.539+0000][806.179s][info][gc,heap        ] GC(1658) DefNew: 82534K(88512K)->4204K(88512K) Eden: 78720K(78720K)->0K(78720K) From: 3814K(9792K)->4204K(9792K)
[2025-12-25T04:35:50.540+0000][806.180s][info][gc,heap        ] GC(1658) Tenured: 100936K(196608K)->100936K(196608K)
[2025-12-25T04:35:50.541+0000][806.181s][info][gc,metaspace   ] GC(1658) Metaspace: 97567K(99264K)->97567K(99264K) NonClass: 84602K(85440K)->84602K(85440K) Class: 12965K(13824K)->12965K(13824K)
[2025-12-25T04:35:50.541+0000][806.181s][info][gc             ] GC(1658) Pause Young (Allocation Failure) 179M->102M(278M) 9.985ms
[2025-12-25T04:35:50.542+0000][806.182s][info][gc,cpu         ] GC(1658) User=0.01s Sys=0.00s Real=0.01s
[2025-12-25T04:35:50.652+0000][806.292s][info][gc,start       ] GC(1659) Pause Young (Allocation Failure)
[2025-12-25T04:35:50.668+0000][806.308s][info][gc,heap        ] GC(1659) DefNew: 82924K(88512K)->3927K(88512K) Eden: 78720K(78720K)->0K(78720K) From: 4204K(9792K)->3927K(9792K)
[2025-12-25T04:35:50.671+0000][806.311s][info][gc,heap        ] GC(1659) Tenured: 100936K(196608K)->100936K(196608K)
[2025-12-25T04:35:50.671+0000][806.311s][info][gc,metaspace   ] GC(1659) Metaspace: 97567K(99264K)->97567K(99264K) NonClass: 84602K(85440K)->84602K(85440K) Class: 12965K(13824K)->12965K(13824K)
[2025-12-25T04:35:50.673+0000][806.313s][info][gc             ] GC(1659) Pause Young (Allocation Failure) 179M->102M(278M) 21.275ms
[2025-12-25T04:35:50.674+0000][806.314s][info][gc,cpu         ] GC(1659) User=0.01s Sys=0.00s Real=0.02s
[2025-12-25T04:35:50.788+0000][806.428s][info][gc,start       ] GC(1660) Pause Young (Allocation Failure)
[2025-12-25T04:35:50.801+0000][806.441s][info][gc,heap        ] GC(1660) DefNew: 82647K(88512K)->4247K(88512K) Eden: 78720K(78720K)->0K(78720K) From: 3927K(9792K)->4247K(9792K)
[2025-12-25T04:35:50.805+0000][806.445s][info][gc,heap        ] GC(1660) Tenured: 100936K(196608K)->100936K(196608K)
[2025-12-25T04:35:50.805+0000][806.445s][info][gc,metaspace   ] GC(1660) Metaspace: 97567K(99264K)->97567K(99264K) NonClass: 84602K(85440K)->84602K(85440K) Class: 12965K(13824K)->12965K(13824K)
[2025-12-25T04:35:50.806+0000][806.446s][info][gc             ] GC(1660) Pause Young (Allocation Failure) 179M->102M(278M) 17.183ms
[2025-12-25T04:35:50.806+0000][806.446s][info][gc,cpu         ] GC(1660) User=0.00s Sys=0.00s Real=0.02s
[2025-12-25T04:35:50.927+0000][806.567s][info][gc,start       ] GC(1661) Pause Young (Allocation Failure)
[2025-12-25T04:35:50.945+0000][806.585s][info][gc,heap        ] GC(1661) DefNew: 82967K(88512K)->3711K(88512K) Eden: 78720K(78720K)->0K(78720K) From: 4247K(9792K)->3711K(9792K)
[2025-12-25T04:35:50.947+0000][806.587s][info][gc,heap        ] GC(1661) Tenured: 100936K(196608K)->100936K(196608K)
[2025-12-25T04:35:50.949+0000][806.589s][info][gc,metaspace   ] GC(1661) Metaspace: 97567K(99264K)->97567K(99264K) NonClass: 84602K(85440K)->84602K(85440K) Class: 12965K(13824K)->12965K(13824K)
[2025-12-25T04:35:50.949+0000][806.589s][info][gc             ] GC(1661) Pause Young (Allocation Failure) 179M->102M(278M) 22.022ms
[2025-12-25T04:35:50.949+0000][806.589s][info][gc,cpu         ] GC(1661) User=0.01s Sys=0.00s Real=0.02s
[2025-12-25T04:35:51.084+0000][806.724s][info][gc,start       ] GC(1662) Pause Young (Allocation Failure)
[2025-12-25T04:35:51.091+0000][806.731s][info][gc,heap        ] GC(1662) DefNew: 82431K(88512K)->2988K(88512K) Eden: 78720K(78720K)->0K(78720K) From: 3711K(9792K)->2988K(9792K)
[2025-12-25T04:35:51.091+0000][806.731s][info][gc,heap        ] GC(1662) Tenured: 100936K(196608K)->100936K(196608K)
[2025-12-25T04:35:51.091+0000][806.731s][info][gc,metaspace   ] GC(1662) Metaspace: 97567K(99264K)->97567K(99264K) NonClass: 84602K(85440K)->84602K(85440K) Class: 12965K(13824K)->12965K(13824K)
[2025-12-25T04:35:51.092+0000][806.732s][info][gc             ] GC(1662) Pause Young (Allocation Failure) 179M->101M(278M) 7.315ms
[2025-12-25T04:35:51.092+0000][806.732s][info][gc,cpu         ] GC(1662) User=0.00s Sys=0.00s Real=0.00s
[2025-12-25T04:35:51.250+0000][806.890s][info][gc,start       ] GC(1663) Pause Young (Allocation Failure)
[2025-12-25T04:35:51.256+0000][806.896s][info][gc,heap        ] GC(1663) DefNew: 81708K(88512K)->3508K(88512K) Eden: 78720K(78720K)->0K(78720K) From: 2988K(9792K)->3508K(9792K)
[2025-12-25T04:35:51.258+0000][806.898s][info][gc,heap        ] GC(1663) Tenured: 100936K(196608K)->100936K(196608K)
[2025-12-25T04:35:51.258+0000][806.898s][info][gc,metaspace   ] GC(1663) Metaspace: 97567K(99264K)->97567K(99264K) NonClass: 84602K(85440K)->84602K(85440K) Class: 12965K(13824K)->12965K(13824K)
[2025-12-25T04:35:51.259+0000][806.899s][info][gc             ] GC(1663) Pause Young (Allocation Failure) 178M->101M(278M) 9.109ms
[2025-12-25T04:35:51.260+0000][806.900s][info][gc,cpu         ] GC(1663) User=0.00s Sys=0.00s Real=0.01s
[2025-12-25T04:35:51.408+0000][807.048s][info][gc,start       ] GC(1664) Pause Young (Allocation Failure)
[2025-12-25T04:35:51.441+0000][807.081s][info][gc,heap        ] GC(1664) DefNew: 82228K(88512K)->4269K(88512K) Eden: 78720K(78720K)->0K(78720K) From: 3508K(9792K)->4269K(9792K)
[2025-12-25T04:35:51.446+0000][807.086s][info][gc,heap        ] GC(1664) Tenured: 100936K(196608K)->100936K(196608K)
[2025-12-25T04:35:51.451+0000][807.091s][info][gc,metaspace   ] GC(1664) Metaspace: 97567K(99264K)->97567K(99264K) NonClass: 84602K(85440K)->84602K(85440K) Class: 12965K(13824K)->12965K(13824K)
[2025-12-25T04:35:51.452+0000][807.092s][info][gc             ] GC(1664) Pause Young (Allocation Failure) 178M->102M(278M) 44.072ms
[2025-12-25T04:35:51.453+0000][807.093s][info][gc,cpu         ] GC(1664) User=0.01s Sys=0.00s Real=0.04s
[2025-12-25T04:35:51.694+0000][807.334s][info][gc,start       ] GC(1665) Pause Young (Allocation Failure)
[2025-12-25T04:35:51.713+0000][807.353s][info][gc,heap        ] GC(1665) DefNew: 82989K(88512K)->5651K(88512K) Eden: 78720K(78720K)->0K(78720K) From: 4269K(9792K)->5651K(9792K)
[2025-12-25T04:35:51.717+0000][807.357s][info][gc,heap        ] GC(1665) Tenured: 100936K(196608K)->100936K(196608K)
[2025-12-25T04:35:51.718+0000][807.358s][info][gc,metaspace   ] GC(1665) Metaspace: 97567K(99264K)->97567K(99264K) NonClass: 84602K(85440K)->84602K(85440K) Class: 12965K(13824K)->12965K(13824K)
[2025-12-25T04:35:51.718+0000][807.358s][info][gc             ] GC(1665) Pause Young (Allocation Failure) 179M->104M(278M) 24.999ms
[2025-12-25T04:35:51.719+0000][807.359s][info][gc,cpu         ] GC(1665) User=0.02s Sys=0.00s Real=0.03s
[2025-12-25T04:35:51.996+0000][807.636s][info][gc,start       ] GC(1666) Pause Young (Allocation Failure)
[2025-12-25T04:35:52.017+0000][807.657s][info][gc,heap        ] GC(1666) DefNew: 84371K(88512K)->2615K(88512K) Eden: 78720K(78720K)->0K(78720K) From: 5651K(9792K)->2615K(9792K)
[2025-12-25T04:35:52.018+0000][807.658s][info][gc,heap        ] GC(1666) Tenured: 100936K(196608K)->101989K(196608K)
[2025-12-25T04:35:52.020+0000][807.660s][info][gc,metaspace   ] GC(1666) Metaspace: 97567K(99264K)->97567K(99264K) NonClass: 84602K(85440K)->84602K(85440K) Class: 12965K(13824K)->12965K(13824K)
[2025-12-25T04:35:52.021+0000][807.661s][info][gc             ] GC(1666) Pause Young (Allocation Failure) 180M->102M(278M) 25.564ms
[2025-12-25T04:35:52.022+0000][807.662s][info][gc,cpu         ] GC(1666) User=0.01s Sys=0.00s Real=0.02s
[2025-12-25T04:35:52.330+0000][807.970s][info][gc,start       ] GC(1667) Pause Young (Allocation Failure)
[2025-12-25T04:35:52.370+0000][808.010s][info][gc,heap        ] GC(1667) DefNew: 81335K(88512K)->3299K(88512K) Eden: 78720K(78720K)->0K(78720K) From: 2615K(9792K)->3299K(9792K)
[2025-12-25T04:35:52.373+0000][808.013s][info][gc,heap        ] GC(1667) Tenured: 101989K(196608K)->101989K(196608K)
[2025-12-25T04:35:52.374+0000][808.014s][info][gc,metaspace   ] GC(1667) Metaspace: 97567K(99264K)->97567K(99264K) NonClass: 84602K(85440K)->84602K(85440K) Class: 12965K(13824K)->12965K(13824K)
[2025-12-25T04:35:52.375+0000][808.015s][info][gc             ] GC(1667) Pause Young (Allocation Failure) 179M->102M(278M) 44.574ms
[2025-12-25T04:35:52.375+0000][808.015s][info][gc,cpu         ] GC(1667) User=0.02s Sys=0.01s Real=0.05s
[2025-12-25T04:35:52.733+0000][808.373s][info][gc,start       ] GC(1668) Pause Young (Allocation Failure)
[2025-12-25T04:35:52.747+0000][808.387s][info][gc,heap        ] GC(1668) DefNew: 82019K(88512K)->3316K(88512K) Eden: 78720K(78720K)->0K(78720K) From: 3299K(9792K)->3316K(9792K)
[2025-12-25T04:35:52.748+0000][808.388s][info][gc,heap        ] GC(1668) Tenured: 101989K(196608K)->101989K(196608K)
[2025-12-25T04:35:52.749+0000][808.389s][info][gc,metaspace   ] GC(1668) Metaspace: 97567K(99264K)->97567K(99264K) NonClass: 84602K(85440K)->84602K(85440K) Class: 12965K(13824K)->12965K(13824K)
[2025-12-25T04:35:52.749+0000][808.389s][info][gc             ] GC(1668) Pause Young (Allocation Failure) 179M->102M(278M) 15.372ms
[2025-12-25T04:35:52.749+0000][808.389s][info][gc,cpu         ] GC(1668) User=0.02s Sys=0.01s Real=0.02s
[2025-12-25T04:35:52.995+0000][808.635s][info][gc,start       ] GC(1669) Pause Young (Allocation Failure)
[2025-12-25T04:35:53.067+0000][808.707s][info][gc,heap        ] GC(1669) DefNew: 82036K(88512K)->4951K(88512K) Eden: 78719K(78720K)->0K(78720K) From: 3316K(9792K)->4951K(9792K)
[2025-12-25T04:35:53.069+0000][808.709s][info][gc,heap        ] GC(1669) Tenured: 101989K(196608K)->101989K(196608K)
[2025-12-25T04:35:53.070+0000][808.710s][info][gc,metaspace   ] GC(1669) Metaspace: 97567K(99264K)->97567K(99264K) NonClass: 84602K(85440K)->84602K(85440K) Class: 12965K(13824K)->12965K(13824K)
[2025-12-25T04:35:53.072+0000][808.712s][info][gc             ] GC(1669) Pause Young (Allocation Failure) 179M->104M(278M) 76.882ms
[2025-12-25T04:35:53.073+0000][808.713s][info][gc,cpu         ] GC(1669) User=0.02s Sys=0.00s Real=0.07s
[2025-12-25T04:35:53.355+0000][808.995s][info][gc,start       ] GC(1670) Pause Young (Allocation Failure)
[2025-12-25T04:35:53.380+0000][809.020s][info][gc,heap        ] GC(1670) DefNew: 83671K(88512K)->4722K(88512K) Eden: 78720K(78720K)->0K(78720K) From: 4951K(9792K)->4722K(9792K)
[2025-12-25T04:35:53.381+0000][809.021s][info][gc,heap        ] GC(1670) Tenured: 101989K(196608K)->102110K(196608K)
[2025-12-25T04:35:53.383+0000][809.023s][info][gc,metaspace   ] GC(1670) Metaspace: 97567K(99264K)->97567K(99264K) NonClass: 84602K(85440K)->84602K(85440K) Class: 12965K(13824K)->12965K(13824K)
[2025-12-25T04:35:53.389+0000][809.029s][info][gc             ] GC(1670) Pause Young (Allocation Failure) 181M->104M(278M) 34.308ms
[2025-12-25T04:35:53.401+0000][809.041s][info][gc,cpu         ] GC(1670) User=0.02s Sys=0.00s Real=0.04s
[2025-12-25T04:35:53.519+0000][809.159s][info][gc,start       ] GC(1671) Pause Young (Allocation Failure)
[2025-12-25T04:35:53.563+0000][809.203s][info][gc,heap        ] GC(1671) DefNew: 83442K(88512K)->5431K(88512K) Eden: 78720K(78720K)->0K(78720K) From: 4722K(9792K)->5431K(9792K)
[2025-12-25T04:35:53.563+0000][809.203s][info][gc,heap        ] GC(1671) Tenured: 102110K(196608K)->102110K(196608K)
[2025-12-25T04:35:53.564+0000][809.204s][info][gc,metaspace   ] GC(1671) Metaspace: 97567K(99264K)->97567K(99264K) NonClass: 84602K(85440K)->84602K(85440K) Class: 12965K(13824K)->12965K(13824K)
[2025-12-25T04:35:53.564+0000][809.204s][info][gc             ] GC(1671) Pause Young (Allocation Failure) 181M->105M(278M) 44.713ms
[2025-12-25T04:35:53.564+0000][809.204s][info][gc,cpu         ] GC(1671) User=0.04s Sys=0.00s Real=0.04s
[2025-12-25T04:35:53.675+0000][809.315s][info][gc,start       ] GC(1672) Pause Young (Allocation Failure)
[2025-12-25T04:35:53.691+0000][809.331s][info][gc,heap        ] GC(1672) DefNew: 84146K(88512K)->4398K(88512K) Eden: 78715K(78720K)->0K(78720K) From: 5431K(9792K)->4398K(9792K)
[2025-12-25T04:35:53.694+0000][809.334s][info][gc,heap        ] GC(1672) Tenured: 102110K(196608K)->103223K(196608K)
[2025-12-25T04:35:53.699+0000][809.339s][info][gc,metaspace   ] GC(1672) Metaspace: 97567K(99264K)->97567K(99264K) NonClass: 84602K(85440K)->84602K(85440K) Class: 12965K(13824K)->12965K(13824K)
[2025-12-25T04:35:53.699+0000][809.339s][info][gc             ] GC(1672) Pause Young (Allocation Failure) 181M->105M(278M) 24.132ms
[2025-12-25T04:35:53.700+0000][809.340s][info][gc,cpu         ] GC(1672) User=0.01s Sys=0.00s Real=0.02s
[2025-12-25T04:35:53.894+0000][809.534s][info][gc,start       ] GC(1673) Pause Young (Allocation Failure)
[2025-12-25T04:35:53.905+0000][809.545s][info][gc,heap        ] GC(1673) DefNew: 83118K(88512K)->4667K(88512K) Eden: 78720K(78720K)->0K(78720K) From: 4398K(9792K)->4667K(9792K)
[2025-12-25T04:35:53.907+0000][809.547s][info][gc,heap        ] GC(1673) Tenured: 103223K(196608K)->103223K(196608K)
[2025-12-25T04:35:53.910+0000][809.550s][info][gc,metaspace   ] GC(1673) Metaspace: 97567K(99264K)->97567K(99264K) NonClass: 84602K(85440K)->84602K(85440K) Class: 12965K(13824K)->12965K(13824K)
[2025-12-25T04:35:53.912+0000][809.552s][info][gc             ] GC(1673) Pause Young (Allocation Failure) 181M->105M(278M) 18.572ms
[2025-12-25T04:35:53.914+0000][809.554s][info][gc,cpu         ] GC(1673) User=0.00s Sys=0.00s Real=0.02s
[2025-12-25T04:35:54.056+0000][809.696s][info][gc,start       ] GC(1674) Pause Young (Allocation Failure)
[2025-12-25T04:35:54.077+0000][809.717s][info][gc,heap        ] GC(1674) DefNew: 83387K(88512K)->4323K(88512K) Eden: 78720K(78720K)->0K(78720K) From: 4667K(9792K)->4323K(9792K)
[2025-12-25T04:35:54.079+0000][809.719s][info][gc,heap        ] GC(1674) Tenured: 103223K(196608K)->103223K(196608K)
[2025-12-25T04:35:54.079+0000][809.719s][info][gc,metaspace   ] GC(1674) Metaspace: 97567K(99264K)->97567K(99264K) NonClass: 84602K(85440K)->84602K(85440K) Class: 12965K(13824K)->12965K(13824K)
[2025-12-25T04:35:54.080+0000][809.720s][info][gc             ] GC(1674) Pause Young (Allocation Failure) 182M->105M(278M) 23.653ms
[2025-12-25T04:35:54.081+0000][809.721s][info][gc,cpu         ] GC(1674) User=0.01s Sys=0.00s Real=0.02s
[2025-12-25T04:35:54.253+0000][809.893s][info][gc,start       ] GC(1675) Pause Young (Allocation Failure)
[2025-12-25T04:35:54.282+0000][809.922s][info][gc,heap        ] GC(1675) DefNew: 83043K(88512K)->4667K(88512K) Eden: 78720K(78720K)->0K(78720K) From: 4323K(9792K)->4667K(9792K)
[2025-12-25T04:35:54.282+0000][809.922s][info][gc,heap        ] GC(1675) Tenured: 103223K(196608K)->103223K(196608K)
[2025-12-25T04:35:54.283+0000][809.923s][info][gc,metaspace   ] GC(1675) Metaspace: 97567K(99264K)->97567K(99264K) NonClass: 84602K(85440K)->84602K(85440K) Class: 12965K(13824K)->12965K(13824K)
[2025-12-25T04:35:54.284+0000][809.924s][info][gc             ] GC(1675) Pause Young (Allocation Failure) 181M->105M(278M) 30.832ms
[2025-12-25T04:35:54.286+0000][809.926s][info][gc,cpu         ] GC(1675) User=0.01s Sys=0.00s Real=0.04s
[2025-12-25T04:35:54.434+0000][810.074s][info][gc,start       ] GC(1676) Pause Young (Allocation Failure)
[2025-12-25T04:35:54.450+0000][810.090s][info][gc,heap        ] GC(1676) DefNew: 83387K(88512K)->3296K(88512K) Eden: 78720K(78720K)->0K(78720K) From: 4667K(9792K)->3296K(9792K)
[2025-12-25T04:35:54.452+0000][810.092s][info][gc,heap        ] GC(1676) Tenured: 103223K(196608K)->103223K(196608K)
[2025-12-25T04:35:54.452+0000][810.092s][info][gc,metaspace   ] GC(1676) Metaspace: 97567K(99264K)->97567K(99264K) NonClass: 84602K(85440K)->84602K(85440K) Class: 12965K(13824K)->12965K(13824K)
[2025-12-25T04:35:54.453+0000][810.093s][info][gc             ] GC(1676) Pause Young (Allocation Failure) 182M->104M(278M) 18.822ms
[2025-12-25T04:35:54.454+0000][810.094s][info][gc,cpu         ] GC(1676) User=0.00s Sys=0.00s Real=0.02s
[2025-12-25T04:35:54.623+0000][810.263s][info][gc,start       ] GC(1677) Pause Young (Allocation Failure)
[2025-12-25T04:35:54.629+0000][810.269s][info][gc,heap        ] GC(1677) DefNew: 82016K(88512K)->2657K(88512K) Eden: 78720K(78720K)->0K(78720K) From: 3296K(9792K)->2657K(9792K)
[2025-12-25T04:35:54.630+0000][810.270s][info][gc,heap        ] GC(1677) Tenured: 103223K(196608K)->103223K(196608K)
[2025-12-25T04:35:54.630+0000][810.270s][info][gc,metaspace   ] GC(1677) Metaspace: 97567K(99264K)->97567K(99264K) NonClass: 84602K(85440K)->84602K(85440K) Class: 12965K(13824K)->12965K(13824K)
[2025-12-25T04:35:54.630+0000][810.270s][info][gc             ] GC(1677) Pause Young (Allocation Failure) 180M->103M(278M) 6.573ms
[2025-12-25T04:35:54.630+0000][810.270s][info][gc,cpu         ] GC(1677) User=0.01s Sys=0.00s Real=0.01s
[2025-12-25T04:35:55.541+0000][811.181s][info][gc,start       ] GC(1678) Pause Young (Allocation Failure)
[2025-12-25T04:35:55.547+0000][811.187s][info][gc,heap        ] GC(1678) DefNew: 81377K(88512K)->2369K(88512K) Eden: 78720K(78720K)->0K(78720K) From: 2657K(9792K)->2369K(9792K)
[2025-12-25T04:35:55.547+0000][811.187s][info][gc,heap        ] GC(1678) Tenured: 103223K(196608K)->103223K(196608K)
[2025-12-25T04:35:55.547+0000][811.187s][info][gc,metaspace   ] GC(1678) Metaspace: 97567K(99264K)->97567K(99264K) NonClass: 84602K(85440K)->84602K(85440K) Class: 12965K(13824K)->12965K(13824K)
[2025-12-25T04:35:55.547+0000][811.187s][info][gc             ] GC(1678) Pause Young (Allocation Failure) 180M->103M(278M) 5.946ms
[2025-12-25T04:35:55.547+0000][811.187s][info][gc,cpu         ] GC(1678) User=0.01s Sys=0.00s Real=0.01s
[2025-12-25T04:35:56.256+0000][811.896s][info][gc,start       ] GC(1679) Pause Young (Allocation Failure)
[2025-12-25T04:35:56.259+0000][811.899s][info][gc,heap        ] GC(1679) DefNew: 81089K(88512K)->2397K(88512K) Eden: 78720K(78720K)->0K(78720K) From: 2369K(9792K)->2397K(9792K)
[2025-12-25T04:35:56.259+0000][811.899s][info][gc,heap        ] GC(1679) Tenured: 103223K(196608K)->103223K(196608K)
[2025-12-25T04:35:56.259+0000][811.899s][info][gc,metaspace   ] GC(1679) Metaspace: 97567K(99264K)->97567K(99264K) NonClass: 84602K(85440K)->84602K(85440K) Class: 12965K(13824K)->12965K(13824K)
[2025-12-25T04:35:56.259+0000][811.899s][info][gc             ] GC(1679) Pause Young (Allocation Failure) 179M->103M(278M) 3.448ms
[2025-12-25T04:35:56.260+0000][811.899s][info][gc,cpu         ] GC(1679) User=0.00s Sys=0.00s Real=0.00s
[2025-12-25T04:35:56.274+0000][811.914s][info][gc,start       ] GC(1680) Pause Young (Allocation Failure)
[2025-12-25T04:35:56.276+0000][811.916s][info][gc,heap        ] GC(1680) DefNew: 81117K(88512K)->2398K(88512K) Eden: 78720K(78720K)->0K(78720K) From: 2397K(9792K)->2398K(9792K)
[2025-12-25T04:35:56.276+0000][811.916s][info][gc,heap        ] GC(1680) Tenured: 103223K(196608K)->103223K(196608K)
[2025-12-25T04:35:56.276+0000][811.916s][info][gc,metaspace   ] GC(1680) Metaspace: 97567K(99264K)->97567K(99264K) NonClass: 84602K(85440K)->84602K(85440K) Class: 12965K(13824K)->12965K(13824K)
[2025-12-25T04:35:56.277+0000][811.916s][info][gc             ] GC(1680) Pause Young (Allocation Failure) 180M->103M(278M) 2.704ms
[2025-12-25T04:35:56.277+0000][811.917s][info][gc,cpu         ] GC(1680) User=0.00s Sys=0.00s Real=0.01s
[2025-12-25T04:35:57.212+0000][812.852s][info][gc,start       ] GC(1681) Pause Young (Allocation Failure)
[2025-12-25T04:35:57.215+0000][812.855s][info][gc,heap        ] GC(1681) DefNew: 81118K(88512K)->2394K(88512K) Eden: 78720K(78720K)->0K(78720K) From: 2398K(9792K)->2394K(9792K)
[2025-12-25T04:35:57.215+0000][812.855s][info][gc,heap        ] GC(1681) Tenured: 103223K(196608K)->103223K(196608K)
[2025-12-25T04:35:57.215+0000][812.855s][info][gc,metaspace   ] GC(1681) Metaspace: 97567K(99264K)->97567K(99264K) NonClass: 84602K(85440K)->84602K(85440K) Class: 12965K(13824K)->12965K(13824K)
[2025-12-25T04:35:57.215+0000][812.855s][info][gc             ] GC(1681) Pause Young (Allocation Failure) 180M->103M(278M) 3.604ms
[2025-12-25T04:35:57.215+0000][812.855s][info][gc,cpu         ] GC(1681) User=0.00s Sys=0.00s Real=0.01s
[2025-12-25T04:35:58.386+0000][814.026s][info][gc,start       ] GC(1682) Pause Young (Allocation Failure)
[2025-12-25T04:35:58.391+0000][814.031s][info][gc,heap        ] GC(1682) DefNew: 81114K(88512K)->2392K(88512K) Eden: 78720K(78720K)->0K(78720K) From: 2394K(9792K)->2392K(9792K)
[2025-12-25T04:35:58.391+0000][814.031s][info][gc,heap        ] GC(1682) Tenured: 103223K(196608K)->103223K(196608K)
[2025-12-25T04:35:58.391+0000][814.031s][info][gc,metaspace   ] GC(1682) Metaspace: 97567K(99264K)->97567K(99264K) NonClass: 84602K(85440K)->84602K(85440K) Class: 12965K(13824K)->12965K(13824K)
[2025-12-25T04:35:58.391+0000][814.031s][info][gc             ] GC(1682) Pause Young (Allocation Failure) 180M->103M(278M) 5.483ms
[2025-12-25T04:35:58.391+0000][814.031s][info][gc,cpu         ] GC(1682) User=0.00s Sys=0.00s Real=0.00s
[2025-12-25T04:35:59.760+0000][815.400s][info][gc,start       ] GC(1683) Pause Young (Allocation Failure)
[2025-12-25T04:35:59.764+0000][815.404s][info][gc,heap        ] GC(1683) DefNew: 81112K(88512K)->1750K(88512K) Eden: 78720K(78720K)->0K(78720K) From: 2392K(9792K)->1750K(9792K)
[2025-12-25T04:35:59.764+0000][815.404s][info][gc,heap        ] GC(1683) Tenured: 103223K(196608K)->103247K(196608K)
[2025-12-25T04:35:59.764+0000][815.404s][info][gc,metaspace   ] GC(1683) Metaspace: 97567K(99264K)->97567K(99264K) NonClass: 84602K(85440K)->84602K(85440K) Class: 12965K(13824K)->12965K(13824K)
[2025-12-25T04:35:59.764+0000][815.404s][info][gc             ] GC(1683) Pause Young (Allocation Failure) 180M->102M(278M) 4.279ms
[2025-12-25T04:35:59.764+0000][815.404s][info][gc,cpu         ] GC(1683) User=0.01s Sys=0.00s Real=0.00s
[2025-12-25T04:36:00.957+0000][816.597s][info][gc,start       ] GC(1684) Pause Young (Allocation Failure)
[2025-12-25T04:36:00.960+0000][816.600s][info][gc,heap        ] GC(1684) DefNew: 80470K(88512K)->1488K(88512K) Eden: 78720K(78720K)->0K(78720K) From: 1750K(9792K)->1488K(9792K)
[2025-12-25T04:36:00.960+0000][816.600s][info][gc,heap        ] GC(1684) Tenured: 103247K(196608K)->103509K(196608K)
[2025-12-25T04:36:00.961+0000][816.601s][info][gc,metaspace   ] GC(1684) Metaspace: 97567K(99264K)->97567K(99264K) NonClass: 84602K(85440K)->84602K(85440K) Class: 12965K(13824K)->12965K(13824K)
[2025-12-25T04:36:00.961+0000][816.601s][info][gc             ] GC(1684) Pause Young (Allocation Failure) 179M->102M(278M) 4.179ms
[2025-12-25T04:36:00.961+0000][816.601s][info][gc,cpu         ] GC(1684) User=0.00s Sys=0.00s Real=0.00s
[2025-12-25T04:36:02.044+0000][817.684s][info][gc,start       ] GC(1685) Pause Young (Allocation Failure)
[2025-12-25T04:36:02.049+0000][817.689s][info][gc,heap        ] GC(1685) DefNew: 80208K(88512K)->1373K(88512K) Eden: 78720K(78720K)->0K(78720K) From: 1488K(9792K)->1373K(9792K)
[2025-12-25T04:36:02.049+0000][817.689s][info][gc,heap        ] GC(1685) Tenured: 103509K(196608K)->103626K(196608K)
[2025-12-25T04:36:02.049+0000][817.689s][info][gc,metaspace   ] GC(1685) Metaspace: 97570K(99264K)->97570K(99264K) NonClass: 84604K(85440K)->84604K(85440K) Class: 12965K(13824K)->12965K(13824K)
[2025-12-25T04:36:02.049+0000][817.689s][info][gc             ] GC(1685) Pause Young (Allocation Failure) 179M->102M(278M) 5.259ms
[2025-12-25T04:36:02.049+0000][817.689s][info][gc,cpu         ] GC(1685) User=0.01s Sys=0.00s Real=0.01s
[2025-12-25T04:36:03.271+0000][818.911s][info][gc,start       ] GC(1686) Pause Young (Allocation Failure)
[2025-12-25T04:36:03.275+0000][818.915s][info][gc,heap        ] GC(1686) DefNew: 80093K(88512K)->1374K(88512K) Eden: 78720K(78720K)->0K(78720K) From: 1373K(9792K)->1374K(9792K)
[2025-12-25T04:36:03.275+0000][818.915s][info][gc,heap        ] GC(1686) Tenured: 103626K(196608K)->103628K(196608K)
[2025-12-25T04:36:03.275+0000][818.915s][info][gc,metaspace   ] GC(1686) Metaspace: 97570K(99264K)->97570K(99264K) NonClass: 84604K(85440K)->84604K(85440K) Class: 12965K(13824K)->12965K(13824K)
[2025-12-25T04:36:03.275+0000][818.915s][info][gc             ] GC(1686) Pause Young (Allocation Failure) 179M->102M(278M) 4.630ms
[2025-12-25T04:36:03.275+0000][818.915s][info][gc,cpu         ] GC(1686) User=0.01s Sys=0.00s Real=0.01s
[2025-12-25T04:36:04.462+0000][820.102s][info][gc,start       ] GC(1687) Pause Young (Allocation Failure)
[2025-12-25T04:36:04.466+0000][820.106s][info][gc,heap        ] GC(1687) DefNew: 80094K(88512K)->1372K(88512K) Eden: 78720K(78720K)->0K(78720K) From: 1374K(9792K)->1372K(9792K)
[2025-12-25T04:36:04.466+0000][820.106s][info][gc,heap        ] GC(1687) Tenured: 103628K(196608K)->103630K(196608K)
[2025-12-25T04:36:04.466+0000][820.106s][info][gc,metaspace   ] GC(1687) Metaspace: 97570K(99264K)->97570K(99264K) NonClass: 84604K(85440K)->84604K(85440K) Class: 12965K(13824K)->12965K(13824K)
[2025-12-25T04:36:04.467+0000][820.107s][info][gc             ] GC(1687) Pause Young (Allocation Failure) 179M->102M(278M) 4.771ms
[2025-12-25T04:36:04.467+0000][820.107s][info][gc,cpu         ] GC(1687) User=0.00s Sys=0.00s Real=0.01s
[2025-12-25T04:36:05.646+0000][821.286s][info][gc,start       ] GC(1688) Pause Young (Allocation Failure)
[2025-12-25T04:36:05.650+0000][821.290s][info][gc,heap        ] GC(1688) DefNew: 80092K(88512K)->1352K(88512K) Eden: 78720K(78720K)->0K(78720K) From: 1372K(9792K)->1352K(9792K)
[2025-12-25T04:36:05.650+0000][821.290s][info][gc,heap        ] GC(1688) Tenured: 103630K(196608K)->103648K(196608K)
[2025-12-25T04:36:05.650+0000][821.290s][info][gc,metaspace   ] GC(1688) Metaspace: 97570K(99264K)->97570K(99264K) NonClass: 84604K(85440K)->84604K(85440K) Class: 12965K(13824K)->12965K(13824K)
[2025-12-25T04:36:05.650+0000][821.290s][info][gc             ] GC(1688) Pause Young (Allocation Failure) 179M->102M(278M) 3.940ms
[2025-12-25T04:36:05.650+0000][821.290s][info][gc,cpu         ] GC(1688) User=0.01s Sys=0.00s Real=0.00s
[2025-12-25T04:36:06.910+0000][822.550s][info][gc,start       ] GC(1689) Pause Young (Allocation Failure)
[2025-12-25T04:36:06.915+0000][822.555s][info][gc,heap        ] GC(1689) DefNew: 80072K(88512K)->1341K(88512K) Eden: 78720K(78720K)->0K(78720K) From: 1352K(9792K)->1341K(9792K)
[2025-12-25T04:36:06.915+0000][822.555s][info][gc,heap        ] GC(1689) Tenured: 103648K(196608K)->103657K(196608K)
[2025-12-25T04:36:06.915+0000][822.555s][info][gc,metaspace   ] GC(1689) Metaspace: 97570K(99264K)->97570K(99264K) NonClass: 84604K(85440K)->84604K(85440K) Class: 12965K(13824K)->12965K(13824K)
[2025-12-25T04:36:06.916+0000][822.556s][info][gc             ] GC(1689) Pause Young (Allocation Failure) 179M->102M(278M) 6.089ms
[2025-12-25T04:36:06.916+0000][822.556s][info][gc,cpu         ] GC(1689) User=0.01s Sys=0.00s Real=0.01s
[2025-12-25T04:36:08.020+0000][823.660s][info][gc,start       ] GC(1690) Pause Young (Allocation Failure)
[2025-12-25T04:36:08.023+0000][823.663s][info][gc,heap        ] GC(1690) DefNew: 80061K(88512K)->1343K(88512K) Eden: 78720K(78720K)->0K(78720K) From: 1341K(9792K)->1343K(9792K)
[2025-12-25T04:36:08.023+0000][823.663s][info][gc,heap        ] GC(1690) Tenured: 103657K(196608K)->103658K(196608K)
[2025-12-25T04:36:08.023+0000][823.663s][info][gc,metaspace   ] GC(1690) Metaspace: 97570K(99264K)->97570K(99264K) NonClass: 84604K(85440K)->84604K(85440K) Class: 12965K(13824K)->12965K(13824K)
[2025-12-25T04:36:08.023+0000][823.663s][info][gc             ] GC(1690) Pause Young (Allocation Failure) 179M->102M(278M) 3.307ms
[2025-12-25T04:36:08.023+0000][823.663s][info][gc,cpu         ] GC(1690) User=0.01s Sys=0.00s Real=0.00s
[2025-12-25T04:36:09.213+0000][824.853s][info][gc,start       ] GC(1691) Pause Young (Allocation Failure)
[2025-12-25T04:36:09.216+0000][824.856s][info][gc,heap        ] GC(1691) DefNew: 80063K(88512K)->724K(88512K) Eden: 78720K(78720K)->0K(78720K) From: 1343K(9792K)->724K(9792K)
[2025-12-25T04:36:09.216+0000][824.856s][info][gc,heap        ] GC(1691) Tenured: 103658K(196608K)->104279K(196608K)
[2025-12-25T04:36:09.217+0000][824.857s][info][gc,metaspace   ] GC(1691) Metaspace: 97570K(99264K)->97570K(99264K) NonClass: 84604K(85440K)->84604K(85440K) Class: 12965K(13824K)->12965K(13824K)
[2025-12-25T04:36:09.217+0000][824.857s][info][gc             ] GC(1691) Pause Young (Allocation Failure) 179M->102M(278M) 4.008ms
[2025-12-25T04:36:09.217+0000][824.857s][info][gc,cpu         ] GC(1691) User=0.01s Sys=0.00s Real=0.01s
[2025-12-25T04:36:10.185+0000][825.825s][info][gc,start       ] GC(1692) Pause Young (Allocation Failure)
[2025-12-25T04:36:10.195+0000][825.835s][info][gc,heap        ] GC(1692) DefNew: 79444K(88512K)->1943K(88512K) Eden: 78719K(78720K)->0K(78720K) From: 724K(9792K)->1943K(9792K)
[2025-12-25T04:36:10.195+0000][825.835s][info][gc,heap        ] GC(1692) Tenured: 104279K(196608K)->104299K(196608K)
[2025-12-25T04:36:10.196+0000][825.836s][info][gc,metaspace   ] GC(1692) Metaspace: 98134K(99392K)->98134K(99392K) NonClass: 85064K(85568K)->85064K(85568K) Class: 13070K(13824K)->13070K(13824K)
[2025-12-25T04:36:10.196+0000][825.836s][info][gc             ] GC(1692) Pause Young (Allocation Failure) 179M->103M(278M) 10.278ms
[2025-12-25T04:36:10.196+0000][825.836s][info][gc,cpu         ] GC(1692) User=0.01s Sys=0.00s Real=0.01s
[2025-12-25T04:36:10.457+0000][826.097s][info][gc,heap,exit   ] Heap
[2025-12-25T04:36:10.457+0000][826.097s][info][gc,heap,exit   ]  def new generation   total 88512K, used 54369K [0x00000000ee000000, 0x00000000f4000000, 0x00000000f4000000)
[2025-12-25T04:36:10.457+0000][826.097s][info][gc,heap,exit   ]   eden space 78720K,  66% used [0x00000000ee000000, 0x00000000f1332858, 0x00000000f2ce0000)
[2025-12-25T04:36:10.457+0000][826.097s][info][gc,heap,exit   ]   from space 9792K,  19% used [0x00000000f3670000, 0x00000000f3855d10, 0x00000000f4000000)
[2025-12-25T04:36:10.457+0000][826.097s][info][gc,heap,exit   ]   to   space 9792K,   0% used [0x00000000f2ce0000, 0x00000000f2ce0000, 0x00000000f3670000)
[2025-12-25T04:36:10.457+0000][826.097s][info][gc,heap,exit   ]  tenured generation   total 196608K, used 104299K [0x00000000f4000000, 0x0000000100000000, 0x0000000100000000)
[2025-12-25T04:36:10.458+0000][826.098s][info][gc,heap,exit   ]    the space 196608K,  53% used [0x00000000f4000000, 0x00000000fa5dac38, 0x00000000fa5dae00, 0x0000000100000000)
[2025-12-25T04:36:10.458+0000][826.098s][info][gc,heap,exit   ]  Metaspace       used 99162K, committed 100032K, reserved 344064K
[2025-12-25T04:36:10.458+0000][826.098s][info][gc,heap,exit   ]   class space    used 13305K, committed 13824K, reserved 212992K
